10-16 16:57:11.383  5481  5633 I ViewRootImpl@8cf4809[MainActivity]: mWNT: t=0x7b120b6600 mBlastBufferQueue=0x7b6d750200 fn= 955 caller= android.view.ViewRootImpl.lambda$applyTransactionOnDraw$11$android-view-ViewRootImpl:12865 android.view.ViewRootImpl$$ExternalSyntheticLambda1.onFrameDraw:4 android.graphics.HardwareRenderer$FrameDrawingCallback.onFrameDraw:924 
10-16 16:57:11.387  5481  5481 I SurfaceView@f03d6a4: Changes: creating=false format=false size=false visible=false alpha=false hint=false mUseAlpha=false visible=false left=false top=true
10-16 16:57:11.388  5481  5481 I SurfaceView@f03d6a4: 251909796 Cur surface: Surface(name=null)/@0x3c43dd6
10-16 16:57:11.388  5481  5481 I SurfaceView@f03d6a4: applyTransactionOnVriDraw: vri = ViewRootImpl@8cf4809[MainActivity] fRS = false t = 0x7b120b6800 android.view.SurfaceView.performSurfaceTransaction:959 android.view.SurfaceView.updateSurface:1105 android.view.SurfaceView.lambda$new$0$android-view-SurfaceView:200 
10-16 16:57:11.388  5481  5481 I ViewRootImpl@8cf4809[MainActivity]: applyTransactionOnDraw: mRemoved = false isHardwareEnabled = true t = 0x7b120b6800android.view.SurfaceView.applyTransactionOnVriDraw:2048 android.view.SurfaceView.performSurfaceTransaction:959 android.view.SurfaceView.updateSurface:1105 android.view.SurfaceView.lambda$new$0$android-view-SurfaceView:200 android.view.SurfaceView$$ExternalSyntheticLambda5.onPreDraw:2 
10-16 16:57:11.388  5481  5481 I SurfaceView@f03d6a4: updateSurface: mVisible = true mSurface.isValid() = true
10-16 16:57:11.389  5481  5481 I SurfaceView@f03d6a4: updateSurface: mSurfaceCreated = true surfaceChanged = false visibleChanged = false
10-16 16:57:11.389  5481  5481 V SurfaceView@f03d6a4: Layout: x=0 y=-655 w=1080 h=525, frame=Rect(0, 0 - 1080, 525)
10-16 16:57:11.397  5481  5632 D SurfaceView@f03d6a4: updateSurfacePosition RenderWorker, frameNr = 956, position = [0, -683, 1080, -158] surfaceSize = 1080x525
10-16 16:57:11.397  5481  5632 I SurfaceView@f03d6a4: uSP: rtp = Rect(0, -683 - 1080, -158) rtsw = 1080 rtsh = 525
10-16 16:57:11.397  5481  5632 I SurfaceView@f03d6a4: onSSPAndSRT: pl = 0 pt = -683 sx = 1.0 sy = 1.0
10-16 16:57:11.397  5481  5632 I SurfaceView@f03d6a4: aOrMT: ViewRootImpl@8cf4809[MainActivity] t = android.view.SurfaceControl$Transaction@220fe5 fN = 956 android.view.SurfaceView.-$$Nest$mapplyOrMergeTransaction:0 android.view.SurfaceView$SurfaceViewPositionUpdateListener.positionChanged:1537 android.graphics.RenderNode$CompositePositionUpdateListener.positionChanged:373 
10-16 16:57:11.397  5481  5632 I ViewRootImpl@8cf4809[MainActivity]: mWNT: t=0x7b3649a100 mBlastBufferQueue=0x7b6d750200 fn= 956 caller= android.view.SurfaceView.applyOrMergeTransaction:1455 android.view.SurfaceView.-$$Nest$mapplyOrMergeTransaction:0 android.view.SurfaceView$SurfaceViewPositionUpdateListener.positionChanged:1537 
10-16 16:57:11.398  5481  5632 I ViewRootImpl@8cf4809[MainActivity]: mWNT: t=0x7b120b6800 mBlastBufferQueue=0x7b6d750200 fn= 956 caller= android.view.ViewRootImpl.lambda$applyTransactionOnDraw$11$android-view-ViewRootImpl:12865 android.view.ViewRootImpl$$ExternalSyntheticLambda1.onFrameDraw:4 android.graphics.HardwareRenderer$FrameDrawingCallback.onFrameDraw:924 
10-16 16:57:11.401  5481  5481 I SurfaceView@f03d6a4: Changes: creating=false format=false size=false visible=false alpha=false hint=false mUseAlpha=false visible=false left=false top=true
10-16 16:57:11.401  5481  5481 I SurfaceView@f03d6a4: 251909796 Cur surface: Surface(name=null)/@0x3c43dd6
10-16 16:57:11.401  5481  5481 I SurfaceView@f03d6a4: applyTransactionOnVriDraw: vri = ViewRootImpl@8cf4809[MainActivity] fRS = false t = 0x7b120b6900 android.view.SurfaceView.performSurfaceTransaction:959 android.view.SurfaceView.updateSurface:1105 android.view.SurfaceView.lambda$new$0$android-view-SurfaceView:200 
10-16 16:57:11.402  5481  5481 I ViewRootImpl@8cf4809[MainActivity]: applyTransactionOnDraw: mRemoved = false isHardwareEnabled = true t = 0x7b120b6900android.view.SurfaceView.applyTransactionOnVriDraw:2048 android.view.SurfaceView.performSurfaceTransaction:959 android.view.SurfaceView.updateSurface:1105 android.view.SurfaceView.lambda$new$0$android-view-SurfaceView:200 android.view.SurfaceView$$ExternalSyntheticLambda5.onPreDraw:2 
10-16 16:57:11.402  5481  5481 I SurfaceView@f03d6a4: updateSurface: mVisible = true mSurface.isValid() = true
10-16 16:57:11.402  5481  5481 I SurfaceView@f03d6a4: updateSurface: mSurfaceCreated = true surfaceChanged = false visibleChanged = false
10-16 16:57:11.402  5481  5481 V SurfaceView@f03d6a4: Layout: x=0 y=-683 w=1080 h=525, frame=Rect(0, 0 - 1080, 525)
10-16 16:57:11.413  5481  5633 D SurfaceView@f03d6a4: updateSurfacePosition RenderWorker, frameNr = 957, position = [0, -709, 1080, -184] surfaceSize = 1080x525
10-16 16:57:11.413  5481  5633 I SurfaceView@f03d6a4: uSP: rtp = Rect(0, -709 - 1080, -184) rtsw = 1080 rtsh = 525
10-16 16:57:11.413  5481  5633 I SurfaceView@f03d6a4: onSSPAndSRT: pl = 0 pt = -709 sx = 1.0 sy = 1.0
10-16 16:57:11.413  5481  5633 I SurfaceView@f03d6a4: aOrMT: ViewRootImpl@8cf4809[MainActivity] t = android.view.SurfaceControl$Transaction@220fe5 fN = 957 android.view.SurfaceView.-$$Nest$mapplyOrMergeTransaction:0 android.view.SurfaceView$SurfaceViewPositionUpdateListener.positionChanged:1537 android.graphics.RenderNode$CompositePositionUpdateListener.positionChanged:373 
10-16 16:57:11.413  5481  5633 I ViewRootImpl@8cf4809[MainActivity]: mWNT: t=0x7b3649a100 mBlastBufferQueue=0x7b6d750200 fn= 957 caller= android.view.SurfaceView.applyOrMergeTransaction:1455 android.view.SurfaceView.-$$Nest$mapplyOrMergeTransaction:0 android.view.SurfaceView$SurfaceViewPositionUpdateListener.positionChanged:1537 
10-16 16:57:11.413  5481  5633 I ViewRootImpl@8cf4809[MainActivity]: mWNT: t=0x7b120b6900 mBlastBufferQueue=0x7b6d750200 fn= 957 caller= android.view.ViewRootImpl.lambda$applyTransactionOnDraw$11$android-view-ViewRootImpl:12865 android.view.ViewRootImpl$$ExternalSyntheticLambda1.onFrameDraw:4 android.graphics.HardwareRenderer$FrameDrawingCallback.onFrameDraw:924 
10-16 16:57:11.417  5481  5481 I SurfaceView@f03d6a4: Changes: creating=false format=false size=false visible=false alpha=false hint=false mUseAlpha=false visible=false left=false top=true
10-16 16:57:11.418  5481  5481 I SurfaceView@f03d6a4: 251909796 Cur surface: Surface(name=null)/@0x3c43dd6
10-16 16:57:11.418  5481  5481 I SurfaceView@f03d6a4: applyTransactionOnVriDraw: vri = ViewRootImpl@8cf4809[MainActivity] fRS = false t = 0x7b120b6a00 android.view.SurfaceView.performSurfaceTransaction:959 android.view.SurfaceView.updateSurface:1105 android.view.SurfaceView.lambda$new$0$android-view-SurfaceView:200 
10-16 16:57:11.418  5481  5481 I ViewRootImpl@8cf4809[MainActivity]: applyTransactionOnDraw: mRemoved = false isHardwareEnabled = true t = 0x7b120b6a00android.view.SurfaceView.applyTransactionOnVriDraw:2048 android.view.SurfaceView.performSurfaceTransaction:959 android.view.SurfaceView.updateSurface:1105 android.view.SurfaceView.lambda$new$0$android-view-SurfaceView:200 android.view.SurfaceView$$ExternalSyntheticLambda5.onPreDraw:2 
10-16 16:57:11.418  5481  5481 I SurfaceView@f03d6a4: updateSurface: mVisible = true mSurface.isValid() = true
10-16 16:57:11.418  5481  5481 I SurfaceView@f03d6a4: updateSurface: mSurfaceCreated = true surfaceChanged = false visibleChanged = false
10-16 16:57:11.418  5481  5481 V SurfaceView@f03d6a4: Layout: x=0 y=-709 w=1080 h=525, frame=Rect(0, 0 - 1080, 525)
10-16 16:57:11.430  5481  5632 D SurfaceView@f03d6a4: updateSurfacePosition RenderWorker, frameNr = 958, position = [0, -734, 1080, -209] surfaceSize = 1080x525
10-16 16:57:11.430  5481  5632 I SurfaceView@f03d6a4: uSP: rtp = Rect(0, -734 - 1080, -209) rtsw = 1080 rtsh = 525
10-16 16:57:11.430  5481  5632 I SurfaceView@f03d6a4: onSSPAndSRT: pl = 0 pt = -734 sx = 1.0 sy = 1.0
10-16 16:57:11.430  5481  5632 I SurfaceView@f03d6a4: aOrMT: ViewRootImpl@8cf4809[MainActivity] t = android.view.SurfaceControl$Transaction@220fe5 fN = 958 android.view.SurfaceView.-$$Nest$mapplyOrMergeTransaction:0 android.view.SurfaceView$SurfaceViewPositionUpdateListener.positionChanged:1537 android.graphics.RenderNode$CompositePositionUpdateListener.positionChanged:373 
10-16 16:57:11.430  5481  5632 I ViewRootImpl@8cf4809[MainActivity]: mWNT: t=0x7b3649a100 mBlastBufferQueue=0x7b6d750200 fn= 958 caller= android.view.SurfaceView.applyOrMergeTransaction:1455 android.view.SurfaceView.-$$Nest$mapplyOrMergeTransaction:0 android.view.SurfaceView$SurfaceViewPositionUpdateListener.positionChanged:1537 
10-16 16:57:11.430  5481  5632 I ViewRootImpl@8cf4809[MainActivity]: mWNT: t=0x7b120b6a00 mBlastBufferQueue=0x7b6d750200 fn= 958 caller= android.view.ViewRootImpl.lambda$applyTransactionOnDraw$11$android-view-ViewRootImpl:12865 android.view.ViewRootImpl$$ExternalSyntheticLambda1.onFrameDraw:4 android.graphics.HardwareRenderer$FrameDrawingCallback.onFrameDraw:924 
10-16 16:57:11.434  5481  5481 I SurfaceView@f03d6a4: Changes: creating=false format=false size=false visible=false alpha=false hint=false mUseAlpha=false visible=false left=false top=true
10-16 16:57:11.434  5481  5481 I SurfaceView@f03d6a4: 251909796 Cur surface: Surface(name=null)/@0x3c43dd6
10-16 16:57:11.435  5481  5481 I SurfaceView@f03d6a4: applyTransactionOnVriDraw: vri = ViewRootImpl@8cf4809[MainActivity] fRS = false t = 0x7b120b6b00 android.view.SurfaceView.performSurfaceTransaction:959 android.view.SurfaceView.updateSurface:1105 android.view.SurfaceView.lambda$new$0$android-view-SurfaceView:200 
10-16 16:57:11.435  5481  5481 I ViewRootImpl@8cf4809[MainActivity]: applyTransactionOnDraw: mRemoved = false isHardwareEnabled = true t = 0x7b120b6b00android.view.SurfaceView.applyTransactionOnVriDraw:2048 android.view.SurfaceView.performSurfaceTransaction:959 android.view.SurfaceView.updateSurface:1105 android.view.SurfaceView.lambda$new$0$android-view-SurfaceView:200 android.view.SurfaceView$$ExternalSyntheticLambda5.onPreDraw:2 
10-16 16:57:11.435  5481  5481 I SurfaceView@f03d6a4: updateSurface: mVisible = true mSurface.isValid() = true
10-16 16:57:11.435  5481  5481 I SurfaceView@f03d6a4: updateSurface: mSurfaceCreated = true surfaceChanged = false visibleChanged = false
10-16 16:57:11.435  5481  5481 V SurfaceView@f03d6a4: Layout: x=0 y=-734 w=1080 h=525, frame=Rect(0, 0 - 1080, 525)
10-16 16:57:11.447  5481  5633 D SurfaceView@f03d6a4: updateSurfacePosition RenderWorker, frameNr = 959, position = [0, -757, 1080, -232] surfaceSize = 1080x525
10-16 16:57:11.447  5481  5633 I SurfaceView@f03d6a4: uSP: rtp = Rect(0, -757 - 1080, -232) rtsw = 1080 rtsh = 525
10-16 16:57:11.447  5481  5633 I SurfaceView@f03d6a4: onSSPAndSRT: pl = 0 pt = -757 sx = 1.0 sy = 1.0
10-16 16:57:11.448  5481  5633 I SurfaceView@f03d6a4: aOrMT: ViewRootImpl@8cf4809[MainActivity] t = android.view.SurfaceControl$Transaction@220fe5 fN = 959 android.view.SurfaceView.-$$Nest$mapplyOrMergeTransaction:0 android.view.SurfaceView$SurfaceViewPositionUpdateListener.positionChanged:1537 android.graphics.RenderNode$CompositePositionUpdateListener.positionChanged:373 
10-16 16:57:11.448  5481  5633 I ViewRootImpl@8cf4809[MainActivity]: mWNT: t=0x7b3649a100 mBlastBufferQueue=0x7b6d750200 fn= 959 caller= android.view.SurfaceView.applyOrMergeTransaction:1455 android.view.SurfaceView.-$$Nest$mapplyOrMergeTransaction:0 android.view.SurfaceView$SurfaceViewPositionUpdateListener.positionChanged:1537 
10-16 16:57:11.448  5481  5633 I ViewRootImpl@8cf4809[MainActivity]: mWNT: t=0x7b120b6b00 mBlastBufferQueue=0x7b6d750200 fn= 959 caller= android.view.ViewRootImpl.lambda$applyTransactionOnDraw$11$android-view-ViewRootImpl:12865 android.view.ViewRootImpl$$ExternalSyntheticLambda1.onFrameDraw:4 android.graphics.HardwareRenderer$FrameDrawingCallback.onFrameDraw:924 
10-16 16:57:11.451  5481  5481 I SurfaceView@f03d6a4: Changes: creating=false format=false size=false visible=false alpha=false hint=false mUseAlpha=false visible=false left=false top=true
10-16 16:57:11.451  5481  5481 I SurfaceView@f03d6a4: 251909796 Cur surface: Surface(name=null)/@0x3c43dd6
10-16 16:57:11.451  5481  5481 I SurfaceView@f03d6a4: applyTransactionOnVriDraw: vri = ViewRootImpl@8cf4809[MainActivity] fRS = false t = 0x7b120b6c00 android.view.SurfaceView.performSurfaceTransaction:959 android.view.SurfaceView.updateSurface:1105 android.view.SurfaceView.lambda$new$0$android-view-SurfaceView:200 
10-16 16:57:11.452  5481  5481 I ViewRootImpl@8cf4809[MainActivity]: applyTransactionOnDraw: mRemoved = false isHardwareEnabled = true t = 0x7b120b6c00android.view.SurfaceView.applyTransactionOnVriDraw:2048 android.view.SurfaceView.performSurfaceTransaction:959 android.view.SurfaceView.updateSurface:1105 android.view.SurfaceView.lambda$new$0$android-view-SurfaceView:200 android.view.SurfaceView$$ExternalSyntheticLambda5.onPreDraw:2 
10-16 16:57:11.452  5481  5481 I SurfaceView@f03d6a4: updateSurface: mVisible = true mSurface.isValid() = true
10-16 16:57:11.452  5481  5481 I SurfaceView@f03d6a4: updateSurface: mSurfaceCreated = true surfaceChanged = false visibleChanged = false
10-16 16:57:11.452  5481  5481 V SurfaceView@f03d6a4: Layout: x=0 y=-757 w=1080 h=525, frame=Rect(0, 0 - 1080, 525)
10-16 16:57:11.467  5481  5632 D SurfaceView@f03d6a4: updateSurfacePosition RenderWorker, frameNr = 960, position = [0, -781, 1080, -256] surfaceSize = 1080x525
10-16 16:57:11.467  5481  5632 I SurfaceView@f03d6a4: uSP: rtp = Rect(0, -781 - 1080, -256) rtsw = 1080 rtsh = 525
10-16 16:57:11.467  5481  5632 I SurfaceView@f03d6a4: onSSPAndSRT: pl = 0 pt = -781 sx = 1.0 sy = 1.0
10-16 16:57:11.468  5481  5632 I SurfaceView@f03d6a4: aOrMT: ViewRootImpl@8cf4809[MainActivity] t = android.view.SurfaceControl$Transaction@220fe5 fN = 960 android.view.SurfaceView.-$$Nest$mapplyOrMergeTransaction:0 android.view.SurfaceView$SurfaceViewPositionUpdateListener.positionChanged:1537 android.graphics.RenderNode$CompositePositionUpdateListener.positionChanged:373 
10-16 16:57:11.468  5481  5632 I ViewRootImpl@8cf4809[MainActivity]: mWNT: t=0x7b3649a100 mBlastBufferQueue=0x7b6d750200 fn= 960 caller= android.view.SurfaceView.applyOrMergeTransaction:1455 android.view.SurfaceView.-$$Nest$mapplyOrMergeTransaction:0 android.view.SurfaceView$SurfaceViewPositionUpdateListener.positionChanged:1537 
10-16 16:57:11.468  5481  5632 I ViewRootImpl@8cf4809[MainActivity]: mWNT: t=0x7b120b6c00 mBlastBufferQueue=0x7b6d750200 fn= 960 caller= android.view.ViewRootImpl.lambda$applyTransactionOnDraw$11$android-view-ViewRootImpl:12865 android.view.ViewRootImpl$$ExternalSyntheticLambda1.onFrameDraw:4 android.graphics.HardwareRenderer$FrameDrawingCallback.onFrameDraw:924 
10-16 16:57:11.468  5481  5481 I SurfaceView@f03d6a4: Changes: creating=false format=false size=false visible=false alpha=false hint=false mUseAlpha=false visible=false left=false top=true
10-16 16:57:11.468  5481  5481 I SurfaceView@f03d6a4: 251909796 Cur surface: Surface(name=null)/@0x3c43dd6
10-16 16:57:11.469  5481  5481 I SurfaceView@f03d6a4: applyTransactionOnVriDraw: vri = ViewRootImpl@8cf4809[MainActivity] fRS = false t = 0x7b6d74b600 android.view.SurfaceView.performSurfaceTransaction:959 android.view.SurfaceView.updateSurface:1105 android.view.SurfaceView.lambda$new$0$android-view-SurfaceView:200 
10-16 16:57:11.469  5481  5481 I ViewRootImpl@8cf4809[MainActivity]: applyTransactionOnDraw: mRemoved = false isHardwareEnabled = true t = 0x7b6d74b600android.view.SurfaceView.applyTransactionOnVriDraw:2048 android.view.SurfaceView.performSurfaceTransaction:959 android.view.SurfaceView.updateSurface:1105 android.view.SurfaceView.lambda$new$0$android-view-SurfaceView:200 android.view.SurfaceView$$ExternalSyntheticLambda5.onPreDraw:2 
10-16 16:57:11.469  5481  5481 I SurfaceView@f03d6a4: updateSurface: mVisible = true mSurface.isValid() = true
10-16 16:57:11.469  5481  5481 I SurfaceView@f03d6a4: updateSurface: mSurfaceCreated = true surfaceChanged = false visibleChanged = false
10-16 16:57:11.469  5481  5481 V SurfaceView@f03d6a4: Layout: x=0 y=-781 w=1080 h=525, frame=Rect(0, 0 - 1080, 525)
10-16 16:57:11.483  5481  5633 D SurfaceView@f03d6a4: updateSurfacePosition RenderWorker, frameNr = 961, position = [0, -803, 1080, -278] surfaceSize = 1080x525
10-16 16:57:11.483  5481  5633 I SurfaceView@f03d6a4: uSP: rtp = Rect(0, -803 - 1080, -278) rtsw = 1080 rtsh = 525
10-16 16:57:11.483  5481  5633 I SurfaceView@f03d6a4: onSSPAndSRT: pl = 0 pt = -803 sx = 1.0 sy = 1.0
10-16 16:57:11.483  5481  5633 I SurfaceView@f03d6a4: aOrMT: ViewRootImpl@8cf4809[MainActivity] t = android.view.SurfaceControl$Transaction@220fe5 fN = 961 android.view.SurfaceView.-$$Nest$mapplyOrMergeTransaction:0 android.view.SurfaceView$SurfaceViewPositionUpdateListener.positionChanged:1537 android.graphics.RenderNode$CompositePositionUpdateListener.positionChanged:373 
10-16 16:57:11.483  5481  5633 I ViewRootImpl@8cf4809[MainActivity]: mWNT: t=0x7b3649a100 mBlastBufferQueue=0x7b6d750200 fn= 961 caller= android.view.SurfaceView.applyOrMergeTransaction:1455 android.view.SurfaceView.-$$Nest$mapplyOrMergeTransaction:0 android.view.SurfaceView$SurfaceViewPositionUpdateListener.positionChanged:1537 
10-16 16:57:11.484  5481  5633 I ViewRootImpl@8cf4809[MainActivity]: mWNT: t=0x7b6d74b600 mBlastBufferQueue=0x7b6d750200 fn= 961 caller= android.view.ViewRootImpl.lambda$applyTransactionOnDraw$11$android-view-ViewRootImpl:12865 android.view.ViewRootImpl$$ExternalSyntheticLambda1.onFrameDraw:4 android.graphics.HardwareRenderer$FrameDrawingCallback.onFrameDraw:924 
10-16 16:57:11.484  5481  5481 I SurfaceView@f03d6a4: Changes: creating=false format=false size=false visible=false alpha=false hint=false mUseAlpha=false visible=false left=false top=true
10-16 16:57:11.484  5481  5481 I SurfaceView@f03d6a4: 251909796 Cur surface: Surface(name=null)/@0x3c43dd6
10-16 16:57:11.485  5481  5481 I SurfaceView@f03d6a4: applyTransactionOnVriDraw: vri = ViewRootImpl@8cf4809[MainActivity] fRS = false t = 0x7b3654ed00 android.view.SurfaceView.performSurfaceTransaction:959 android.view.SurfaceView.updateSurface:1105 android.view.SurfaceView.lambda$new$0$android-view-SurfaceView:200 
10-16 16:57:11.485  5481  5481 I ViewRootImpl@8cf4809[MainActivity]: applyTransactionOnDraw: mRemoved = false isHardwareEnabled = true t = 0x7b3654ed00android.view.SurfaceView.applyTransactionOnVriDraw:2048 android.view.SurfaceView.performSurfaceTransaction:959 android.view.SurfaceView.updateSurface:1105 android.view.SurfaceView.lambda$new$0$android-view-SurfaceView:200 android.view.SurfaceView$$ExternalSyntheticLambda5.onPreDraw:2 
10-16 16:57:11.485  5481  5481 I SurfaceView@f03d6a4: updateSurface: mVisible = true mSurface.isValid() = true
10-16 16:57:11.485  5481  5481 I SurfaceView@f03d6a4: updateSurface: mSurfaceCreated = true surfaceChanged = false visibleChanged = false
10-16 16:57:11.485  5481  5481 V SurfaceView@f03d6a4: Layout: x=0 y=-803 w=1080 h=525, frame=Rect(0, 0 - 1080, 525)
10-16 16:57:11.500  5481  5632 D SurfaceView@f03d6a4: updateSurfacePosition RenderWorker, frameNr = 962, position = [0, -822, 1080, -297] surfaceSize = 1080x525
10-16 16:57:11.501  5481  5632 I SurfaceView@f03d6a4: uSP: rtp = Rect(0, -822 - 1080, -297) rtsw = 1080 rtsh = 525
10-16 16:57:11.501  5481  5632 I SurfaceView@f03d6a4: onSSPAndSRT: pl = 0 pt = -822 sx = 1.0 sy = 1.0
10-16 16:57:11.501  5481  5632 I SurfaceView@f03d6a4: aOrMT: ViewRootImpl@8cf4809[MainActivity] t = android.view.SurfaceControl$Transaction@220fe5 fN = 962 android.view.SurfaceView.-$$Nest$mapplyOrMergeTransaction:0 android.view.SurfaceView$SurfaceViewPositionUpdateListener.positionChanged:1537 android.graphics.RenderNode$CompositePositionUpdateListener.positionChanged:373 
10-16 16:57:11.501  5481  5632 I ViewRootImpl@8cf4809[MainActivity]: mWNT: t=0x7b3649a100 mBlastBufferQueue=0x7b6d750200 fn= 962 caller= android.view.SurfaceView.applyOrMergeTransaction:1455 android.view.SurfaceView.-$$Nest$mapplyOrMergeTransaction:0 android.view.SurfaceView$SurfaceViewPositionUpdateListener.positionChanged:1537 
10-16 16:57:11.501  5481  5632 I ViewRootImpl@8cf4809[MainActivity]: mWNT: t=0x7b3654ed00 mBlastBufferQueue=0x7b6d750200 fn= 962 caller= android.view.ViewRootImpl.lambda$applyTransactionOnDraw$11$android-view-ViewRootImpl:12865 android.view.ViewRootImpl$$ExternalSyntheticLambda1.onFrameDraw:4 android.graphics.HardwareRenderer$FrameDrawingCallback.onFrameDraw:924 
10-16 16:57:11.501  5481  5481 I SurfaceView@f03d6a4: Changes: creating=false format=false size=false visible=false alpha=false hint=false mUseAlpha=false visible=false left=false top=true
10-16 16:57:11.501  5481  5481 I SurfaceView@f03d6a4: 251909796 Cur surface: Surface(name=null)/@0x3c43dd6
10-16 16:57:11.502  5481  5481 I SurfaceView@f03d6a4: applyTransactionOnVriDraw: vri = ViewRootImpl@8cf4809[MainActivity] fRS = false t = 0x7b120b6d00 android.view.SurfaceView.performSurfaceTransaction:959 android.view.SurfaceView.updateSurface:1105 android.view.SurfaceView.lambda$new$0$android-view-SurfaceView:200 
10-16 16:57:11.502  5481  5481 I ViewRootImpl@8cf4809[MainActivity]: applyTransactionOnDraw: mRemoved = false isHardwareEnabled = true t = 0x7b120b6d00android.view.SurfaceView.applyTransactionOnVriDraw:2048 android.view.SurfaceView.performSurfaceTransaction:959 android.view.SurfaceView.updateSurface:1105 android.view.SurfaceView.lambda$new$0$android-view-SurfaceView:200 android.view.SurfaceView$$ExternalSyntheticLambda5.onPreDraw:2 
10-16 16:57:11.502  5481  5481 I SurfaceView@f03d6a4: updateSurface: mVisible = true mSurface.isValid() = true
10-16 16:57:11.502  5481  5481 I SurfaceView@f03d6a4: updateSurface: mSurfaceCreated = true surfaceChanged = false visibleChanged = false
10-16 16:57:11.502  5481  5481 V SurfaceView@f03d6a4: Layout: x=0 y=-822 w=1080 h=525, frame=Rect(0, 0 - 1080, 525)
10-16 16:57:11.518  5481  5633 D SurfaceView@f03d6a4: updateSurfacePosition RenderWorker, frameNr = 963, position = [0, -842, 1080, -317] surfaceSize = 1080x525
10-16 16:57:11.518  5481  5633 I SurfaceView@f03d6a4: uSP: rtp = Rect(0, -842 - 1080, -317) rtsw = 1080 rtsh = 525
10-16 16:57:11.518  5481  5633 I SurfaceView@f03d6a4: onSSPAndSRT: pl = 0 pt = -842 sx = 1.0 sy = 1.0
10-16 16:57:11.519  5481  5633 I SurfaceView@f03d6a4: aOrMT: ViewRootImpl@8cf4809[MainActivity] t = android.view.SurfaceControl$Transaction@220fe5 fN = 963 android.view.SurfaceView.-$$Nest$mapplyOrMergeTransaction:0 android.view.SurfaceView$SurfaceViewPositionUpdateListener.positionChanged:1537 android.graphics.RenderNode$CompositePositionUpdateListener.positionChanged:373 
10-16 16:57:11.519  5481  5633 I ViewRootImpl@8cf4809[MainActivity]: mWNT: t=0x7b3649a100 mBlastBufferQueue=0x7b6d750200 fn= 963 caller= android.view.SurfaceView.applyOrMergeTransaction:1455 android.view.SurfaceView.-$$Nest$mapplyOrMergeTransaction:0 android.view.SurfaceView$SurfaceViewPositionUpdateListener.positionChanged:1537 
10-16 16:57:11.519  5481  5481 I ViewRootImpl@8cf4809[MainActivity]: ViewPostIme pointer 0
10-16 16:57:11.519  5481  5633 I ViewRootImpl@8cf4809[MainActivity]: mWNT: t=0x7b120b6d00 mBlastBufferQueue=0x7b6d750200 fn= 963 caller= android.view.ViewRootImpl.lambda$applyTransactionOnDraw$11$android-view-ViewRootImpl:12865 android.view.ViewRootImpl$$ExternalSyntheticLambda1.onFrameDraw:4 android.graphics.HardwareRenderer$FrameDrawingCallback.onFrameDraw:924 
10-16 16:57:11.520  5481  5481 I SurfaceView@f03d6a4: Changes: creating=false format=false size=false visible=false alpha=false hint=false mUseAlpha=false visible=false left=false top=true
10-16 16:57:11.520  5481  5481 I SurfaceView@f03d6a4: 251909796 Cur surface: Surface(name=null)/@0x3c43dd6
10-16 16:57:11.521  5481  5481 I SurfaceView@f03d6a4: applyTransactionOnVriDraw: vri = ViewRootImpl@8cf4809[MainActivity] fRS = false t = 0x7b120b6e00 android.view.SurfaceView.performSurfaceTransaction:959 android.view.SurfaceView.updateSurface:1105 android.view.SurfaceView.lambda$new$0$android-view-SurfaceView:200 
10-16 16:57:11.521  5481  5481 I ViewRootImpl@8cf4809[MainActivity]: applyTransactionOnDraw: mRemoved = false isHardwareEnabled = true t = 0x7b120b6e00android.view.SurfaceView.applyTransactionOnVriDraw:2048 android.view.SurfaceView.performSurfaceTransaction:959 android.view.SurfaceView.updateSurface:1105 android.view.SurfaceView.lambda$new$0$android-view-SurfaceView:200 android.view.SurfaceView$$ExternalSyntheticLambda5.onPreDraw:2 
10-16 16:57:11.521  5481  5481 I SurfaceView@f03d6a4: updateSurface: mVisible = true mSurface.isValid() = true
10-16 16:57:11.521  5481  5481 I SurfaceView@f03d6a4: updateSurface: mSurfaceCreated = true surfaceChanged = false visibleChanged = false
10-16 16:57:11.521  5481  5481 V SurfaceView@f03d6a4: Layout: x=0 y=-842 w=1080 h=525, frame=Rect(0, 0 - 1080, 525)
10-16 16:57:11.535  5481  5632 I ViewRootImpl@8cf4809[MainActivity]: mWNT: t=0x7b120b6e00 mBlastBufferQueue=0x7b6d750200 fn= 964 caller= android.view.ViewRootImpl.lambda$applyTransactionOnDraw$11$android-view-ViewRootImpl:12865 android.view.ViewRootImpl$$ExternalSyntheticLambda1.onFrameDraw:4 android.graphics.HardwareRenderer$FrameDrawingCallback.onFrameDraw:924 
10-16 16:57:11.552  5481  5481 I SurfaceView@f03d6a4: Changes: creating=false format=false size=false visible=false alpha=false hint=false mUseAlpha=false visible=false left=false top=true
10-16 16:57:11.552  5481  5481 I SurfaceView@f03d6a4: 251909796 Cur surface: Surface(name=null)/@0x3c43dd6
10-16 16:57:11.552  5481  5481 I SurfaceView@f03d6a4: applyTransactionOnVriDraw: vri = ViewRootImpl@8cf4809[MainActivity] fRS = false t = 0x7b120b6f00 android.view.SurfaceView.performSurfaceTransaction:959 android.view.SurfaceView.updateSurface:1105 android.view.SurfaceView.lambda$new$0$android-view-SurfaceView:200 
10-16 16:57:11.553  5481  5481 I ViewRootImpl@8cf4809[MainActivity]: applyTransactionOnDraw: mRemoved = false isHardwareEnabled = true t = 0x7b120b6f00android.view.SurfaceView.applyTransactionOnVriDraw:2048 android.view.SurfaceView.performSurfaceTransaction:959 android.view.SurfaceView.updateSurface:1105 android.view.SurfaceView.lambda$new$0$android-view-SurfaceView:200 android.view.SurfaceView$$ExternalSyntheticLambda5.onPreDraw:2 
10-16 16:57:11.553  5481  5481 I SurfaceView@f03d6a4: updateSurface: mVisible = true mSurface.isValid() = true
10-16 16:57:11.553  5481  5481 I SurfaceView@f03d6a4: updateSurface: mSurfaceCreated = true surfaceChanged = false visibleChanged = false
10-16 16:57:11.553  5481  5481 V SurfaceView@f03d6a4: Layout: x=0 y=-857 w=1080 h=525, frame=Rect(0, 0 - 1080, 525)
10-16 16:57:11.554  5481  5633 D SurfaceView@f03d6a4: updateSurfacePosition RenderWorker, frameNr = 965, position = [0, -857, 1080, -332] surfaceSize = 1080x525
10-16 16:57:11.554  5481  5633 I SurfaceView@f03d6a4: uSP: rtp = Rect(0, -857 - 1080, -332) rtsw = 1080 rtsh = 525
10-16 16:57:11.554  5481  5633 I SurfaceView@f03d6a4: onSSPAndSRT: pl = 0 pt = -857 sx = 1.0 sy = 1.0
10-16 16:57:11.555  5481  5633 I SurfaceView@f03d6a4: aOrMT: ViewRootImpl@8cf4809[MainActivity] t = android.view.SurfaceControl$Transaction@220fe5 fN = 965 android.view.SurfaceView.-$$Nest$mapplyOrMergeTransaction:0 android.view.SurfaceView$SurfaceViewPositionUpdateListener.positionChanged:1537 android.graphics.RenderNode$CompositePositionUpdateListener.positionChanged:373 
10-16 16:57:11.555  5481  5633 I ViewRootImpl@8cf4809[MainActivity]: mWNT: t=0x7b3649a100 mBlastBufferQueue=0x7b6d750200 fn= 965 caller= android.view.SurfaceView.applyOrMergeTransaction:1455 android.view.SurfaceView.-$$Nest$mapplyOrMergeTransaction:0 android.view.SurfaceView$SurfaceViewPositionUpdateListener.positionChanged:1537 
10-16 16:57:11.555  5481  5633 I ViewRootImpl@8cf4809[MainActivity]: mWNT: t=0x7b120b6f00 mBlastBufferQueue=0x7b6d750200 fn= 965 caller= android.view.ViewRootImpl.lambda$applyTransactionOnDraw$11$android-view-ViewRootImpl:12865 android.view.ViewRootImpl$$ExternalSyntheticLambda1.onFrameDraw:4 android.graphics.HardwareRenderer$FrameDrawingCallback.onFrameDraw:924 
10-16 16:57:11.568  5481  5481 I SurfaceView@f03d6a4: Changes: creating=false format=false size=false visible=false alpha=false hint=false mUseAlpha=false visible=false left=false top=true
10-16 16:57:11.568  5481  5481 I SurfaceView@f03d6a4: 251909796 Cur surface: Surface(name=null)/@0x3c43dd6
10-16 16:57:11.569  5481  5481 I SurfaceView@f03d6a4: applyTransactionOnVriDraw: vri = ViewRootImpl@8cf4809[MainActivity] fRS = false t = 0x7b11d72000 android.view.SurfaceView.performSurfaceTransaction:959 android.view.SurfaceView.updateSurface:1105 android.view.SurfaceView.lambda$new$0$android-view-SurfaceView:200 
10-16 16:57:11.569  5481  5481 I ViewRootImpl@8cf4809[MainActivity]: applyTransactionOnDraw: mRemoved = false isHardwareEnabled = true t = 0x7b11d72000android.view.SurfaceView.applyTransactionOnVriDraw:2048 android.view.SurfaceView.performSurfaceTransaction:959 android.view.SurfaceView.updateSurface:1105 android.view.SurfaceView.lambda$new$0$android-view-SurfaceView:200 android.view.SurfaceView$$ExternalSyntheticLambda5.onPreDraw:2 
10-16 16:57:11.569  5481  5481 I SurfaceView@f03d6a4: updateSurface: mVisible = true mSurface.isValid() = true
10-16 16:57:11.569  5481  5481 I SurfaceView@f03d6a4: updateSurface: mSurfaceCreated = true surfaceChanged = false visibleChanged = false
10-16 16:57:11.569  5481  5481 V SurfaceView@f03d6a4: Layout: x=0 y=-881 w=1080 h=525, frame=Rect(0, 0 - 1080, 525)
10-16 16:57:11.570  5481  5632 D SurfaceView@f03d6a4: updateSurfacePosition RenderWorker, frameNr = 966, position = [0, -881, 1080, -356] surfaceSize = 1080x525
10-16 16:57:11.570  5481  5632 I SurfaceView@f03d6a4: uSP: rtp = Rect(0, -881 - 1080, -356) rtsw = 1080 rtsh = 525
10-16 16:57:11.570  5481  5632 I SurfaceView@f03d6a4: onSSPAndSRT: pl = 0 pt = -881 sx = 1.0 sy = 1.0
10-16 16:57:11.571  5481  5632 I SurfaceView@f03d6a4: aOrMT: ViewRootImpl@8cf4809[MainActivity] t = android.view.SurfaceControl$Transaction@220fe5 fN = 966 android.view.SurfaceView.-$$Nest$mapplyOrMergeTransaction:0 android.view.SurfaceView$SurfaceViewPositionUpdateListener.positionChanged:1537 android.graphics.RenderNode$CompositePositionUpdateListener.positionChanged:373 
10-16 16:57:11.571  5481  5632 I ViewRootImpl@8cf4809[MainActivity]: mWNT: t=0x7b3649a100 mBlastBufferQueue=0x7b6d750200 fn= 966 caller= android.view.SurfaceView.applyOrMergeTransaction:1455 android.view.SurfaceView.-$$Nest$mapplyOrMergeTransaction:0 android.view.SurfaceView$SurfaceViewPositionUpdateListener.positionChanged:1537 
10-16 16:57:11.571  5481  5632 I ViewRootImpl@8cf4809[MainActivity]: mWNT: t=0x7b11d72000 mBlastBufferQueue=0x7b6d750200 fn= 966 caller= android.view.ViewRootImpl.lambda$applyTransactionOnDraw$11$android-view-ViewRootImpl:12865 android.view.ViewRootImpl$$ExternalSyntheticLambda1.onFrameDraw:4 android.graphics.HardwareRenderer$FrameDrawingCallback.onFrameDraw:924 
10-16 16:57:11.585  5481  5481 I SurfaceView@f03d6a4: Changes: creating=false format=false size=false visible=false alpha=false hint=false mUseAlpha=false visible=false left=false top=true
10-16 16:57:11.585  5481  5481 I SurfaceView@f03d6a4: 251909796 Cur surface: Surface(name=null)/@0x3c43dd6
10-16 16:57:11.585  5481  5481 I SurfaceView@f03d6a4: applyTransactionOnVriDraw: vri = ViewRootImpl@8cf4809[MainActivity] fRS = false t = 0x7b11d72100 android.view.SurfaceView.performSurfaceTransaction:959 android.view.SurfaceView.updateSurface:1105 android.view.SurfaceView.lambda$new$0$android-view-SurfaceView:200 
10-16 16:57:11.585  5481  5481 I ViewRootImpl@8cf4809[MainActivity]: applyTransactionOnDraw: mRemoved = false isHardwareEnabled = true t = 0x7b11d72100android.view.SurfaceView.applyTransactionOnVriDraw:2048 android.view.SurfaceView.performSurfaceTransaction:959 android.view.SurfaceView.updateSurface:1105 android.view.SurfaceView.lambda$new$0$android-view-SurfaceView:200 android.view.SurfaceView$$ExternalSyntheticLambda5.onPreDraw:2 
10-16 16:57:11.586  5481  5481 I SurfaceView@f03d6a4: updateSurface: mVisible = true mSurface.isValid() = true
10-16 16:57:11.586  5481  5481 I SurfaceView@f03d6a4: updateSurface: mSurfaceCreated = true surfaceChanged = false visibleChanged = false
10-16 16:57:11.586  5481  5481 V SurfaceView@f03d6a4: Layout: x=0 y=-904 w=1080 h=525, frame=Rect(0, 0 - 1080, 525)
10-16 16:57:11.587  5481  5633 D SurfaceView@f03d6a4: updateSurfacePosition RenderWorker, frameNr = 967, position = [0, -904, 1080, -379] surfaceSize = 1080x525
10-16 16:57:11.587  5481  5633 I SurfaceView@f03d6a4: uSP: rtp = Rect(0, -904 - 1080, -379) rtsw = 1080 rtsh = 525
10-16 16:57:11.587  5481  5633 I SurfaceView@f03d6a4: onSSPAndSRT: pl = 0 pt = -904 sx = 1.0 sy = 1.0
10-16 16:57:11.587  5481  5633 I SurfaceView@f03d6a4: aOrMT: ViewRootImpl@8cf4809[MainActivity] t = android.view.SurfaceControl$Transaction@220fe5 fN = 967 android.view.SurfaceView.-$$Nest$mapplyOrMergeTransaction:0 android.view.SurfaceView$SurfaceViewPositionUpdateListener.positionChanged:1537 android.graphics.RenderNode$CompositePositionUpdateListener.positionChanged:373 
10-16 16:57:11.587  5481  5633 I ViewRootImpl@8cf4809[MainActivity]: mWNT: t=0x7b3649a100 mBlastBufferQueue=0x7b6d750200 fn= 967 caller= android.view.SurfaceView.applyOrMergeTransaction:1455 android.view.SurfaceView.-$$Nest$mapplyOrMergeTransaction:0 android.view.SurfaceView$SurfaceViewPositionUpdateListener.positionChanged:1537 
10-16 16:57:11.587  5481  5633 I ViewRootImpl@8cf4809[MainActivity]: mWNT: t=0x7b11d72100 mBlastBufferQueue=0x7b6d750200 fn= 967 caller= android.view.ViewRootImpl.lambda$applyTransactionOnDraw$11$android-view-ViewRootImpl:12865 android.view.ViewRootImpl$$ExternalSyntheticLambda1.onFrameDraw:4 android.graphics.HardwareRenderer$FrameDrawingCallback.onFrameDraw:924 
10-16 16:57:11.601  5481  5481 I SurfaceView@f03d6a4: Changes: creating=false format=false size=false visible=false alpha=false hint=false mUseAlpha=false visible=false left=false top=true
10-16 16:57:11.602  5481  5481 I SurfaceView@f03d6a4: 251909796 Cur surface: Surface(name=null)/@0x3c43dd6
10-16 16:57:11.602  5481  5481 I SurfaceView@f03d6a4: applyTransactionOnVriDraw: vri = ViewRootImpl@8cf4809[MainActivity] fRS = false t = 0x7b11d72200 android.view.SurfaceView.performSurfaceTransaction:959 android.view.SurfaceView.updateSurface:1105 android.view.SurfaceView.lambda$new$0$android-view-SurfaceView:200 
10-16 16:57:11.603  5481  5481 I ViewRootImpl@8cf4809[MainActivity]: applyTransactionOnDraw: mRemoved = false isHardwareEnabled = true t = 0x7b11d72200android.view.SurfaceView.applyTransactionOnVriDraw:2048 android.view.SurfaceView.performSurfaceTransaction:959 android.view.SurfaceView.updateSurface:1105 android.view.SurfaceView.lambda$new$0$android-view-SurfaceView:200 android.view.SurfaceView$$ExternalSyntheticLambda5.onPreDraw:2 
10-16 16:57:11.603  5481  5481 I SurfaceView@f03d6a4: updateSurface: mVisible = true mSurface.isValid() = true
10-16 16:57:11.603  5481  5481 I SurfaceView@f03d6a4: updateSurface: mSurfaceCreated = true surfaceChanged = false visibleChanged = false
10-16 16:57:11.603  5481  5481 V SurfaceView@f03d6a4: Layout: x=0 y=-926 w=1080 h=525, frame=Rect(0, 0 - 1080, 525)
10-16 16:57:11.604  5481  5632 D SurfaceView@f03d6a4: updateSurfacePosition RenderWorker, frameNr = 968, position = [0, -926, 1080, -401] surfaceSize = 1080x525
10-16 16:57:11.604  5481  5632 I SurfaceView@f03d6a4: uSP: rtp = Rect(0, -926 - 1080, -401) rtsw = 1080 rtsh = 525
10-16 16:57:11.604  5481  5632 I SurfaceView@f03d6a4: onSSPAndSRT: pl = 0 pt = -926 sx = 1.0 sy = 1.0
10-16 16:57:11.604  5481  5632 I SurfaceView@f03d6a4: aOrMT: ViewRootImpl@8cf4809[MainActivity] t = android.view.SurfaceControl$Transaction@220fe5 fN = 968 android.view.SurfaceView.-$$Nest$mapplyOrMergeTransaction:0 android.view.SurfaceView$SurfaceViewPositionUpdateListener.positionChanged:1537 android.graphics.RenderNode$CompositePositionUpdateListener.positionChanged:373 
10-16 16:57:11.604  5481  5632 I ViewRootImpl@8cf4809[MainActivity]: mWNT: t=0x7b3649a100 mBlastBufferQueue=0x7b6d750200 fn= 968 caller= android.view.SurfaceView.applyOrMergeTransaction:1455 android.view.SurfaceView.-$$Nest$mapplyOrMergeTransaction:0 android.view.SurfaceView$SurfaceViewPositionUpdateListener.positionChanged:1537 
10-16 16:57:11.605  5481  5632 I ViewRootImpl@8cf4809[MainActivity]: mWNT: t=0x7b11d72200 mBlastBufferQueue=0x7b6d750200 fn= 968 caller= android.view.ViewRootImpl.lambda$applyTransactionOnDraw$11$android-view-ViewRootImpl:12865 android.view.ViewRootImpl$$ExternalSyntheticLambda1.onFrameDraw:4 android.graphics.HardwareRenderer$FrameDrawingCallback.onFrameDraw:924 
10-16 16:57:11.618  5481  5481 I SurfaceView@f03d6a4: Changes: creating=false format=false size=false visible=false alpha=false hint=false mUseAlpha=false visible=false left=false top=true
10-16 16:57:11.618  5481  5481 I SurfaceView@f03d6a4: 251909796 Cur surface: Surface(name=null)/@0x3c43dd6
10-16 16:57:11.619  5481  5481 I SurfaceView@f03d6a4: applyTransactionOnVriDraw: vri = ViewRootImpl@8cf4809[MainActivity] fRS = false t = 0x7b11d72300 android.view.SurfaceView.performSurfaceTransaction:959 android.view.SurfaceView.updateSurface:1105 android.view.SurfaceView.lambda$new$0$android-view-SurfaceView:200 
10-16 16:57:11.619  5481  5481 I ViewRootImpl@8cf4809[MainActivity]: applyTransactionOnDraw: mRemoved = false isHardwareEnabled = true t = 0x7b11d72300android.view.SurfaceView.applyTransactionOnVriDraw:2048 android.view.SurfaceView.performSurfaceTransaction:959 android.view.SurfaceView.updateSurface:1105 android.view.SurfaceView.lambda$new$0$android-view-SurfaceView:200 android.view.SurfaceView$$ExternalSyntheticLambda5.onPreDraw:2 
10-16 16:57:11.619  5481  5481 I SurfaceView@f03d6a4: updateSurface: mVisible = true mSurface.isValid() = true
10-16 16:57:11.619  5481  5481 I SurfaceView@f03d6a4: updateSurface: mSurfaceCreated = true surfaceChanged = false visibleChanged = false
10-16 16:57:11.619  5481  5481 V SurfaceView@f03d6a4: Layout: x=0 y=-946 w=1080 h=525, frame=Rect(0, 0 - 1080, 525)
10-16 16:57:11.621  5481  5633 D SurfaceView@f03d6a4: updateSurfacePosition RenderWorker, frameNr = 969, position = [0, -946, 1080, -421] surfaceSize = 1080x525
10-16 16:57:11.621  5481  5633 I SurfaceView@f03d6a4: uSP: rtp = Rect(0, -946 - 1080, -421) rtsw = 1080 rtsh = 525
10-16 16:57:11.621  5481  5633 I SurfaceView@f03d6a4: onSSPAndSRT: pl = 0 pt = -946 sx = 1.0 sy = 1.0
10-16 16:57:11.621  5481  5633 I SurfaceView@f03d6a4: aOrMT: ViewRootImpl@8cf4809[MainActivity] t = android.view.SurfaceControl$Transaction@220fe5 fN = 969 android.view.SurfaceView.-$$Nest$mapplyOrMergeTransaction:0 android.view.SurfaceView$SurfaceViewPositionUpdateListener.positionChanged:1537 android.graphics.RenderNode$CompositePositionUpdateListener.positionChanged:373 
10-16 16:57:11.621  5481  5633 I ViewRootImpl@8cf4809[MainActivity]: mWNT: t=0x7b3649a100 mBlastBufferQueue=0x7b6d750200 fn= 969 caller= android.view.SurfaceView.applyOrMergeTransaction:1455 android.view.SurfaceView.-$$Nest$mapplyOrMergeTransaction:0 android.view.SurfaceView$SurfaceViewPositionUpdateListener.positionChanged:1537 
10-16 16:57:11.621  5481  5633 I ViewRootImpl@8cf4809[MainActivity]: mWNT: t=0x7b11d72300 mBlastBufferQueue=0x7b6d750200 fn= 969 caller= android.view.ViewRootImpl.lambda$applyTransactionOnDraw$11$android-view-ViewRootImpl:12865 android.view.ViewRootImpl$$ExternalSyntheticLambda1.onFrameDraw:4 android.graphics.HardwareRenderer$FrameDrawingCallback.onFrameDraw:924 
10-16 16:57:11.635  5481  5481 I SurfaceView@f03d6a4: Changes: creating=false format=false size=false visible=false alpha=false hint=false mUseAlpha=false visible=false left=false top=true
10-16 16:57:11.635  5481  5481 I SurfaceView@f03d6a4: 251909796 Cur surface: Surface(name=null)/@0x3c43dd6
10-16 16:57:11.636  5481  5481 I SurfaceView@f03d6a4: applyTransactionOnVriDraw: vri = ViewRootImpl@8cf4809[MainActivity] fRS = false t = 0x7b11d72400 android.view.SurfaceView.performSurfaceTransaction:959 android.view.SurfaceView.updateSurface:1105 android.view.SurfaceView.lambda$new$0$android-view-SurfaceView:200 
10-16 16:57:11.636  5481  5481 I ViewRootImpl@8cf4809[MainActivity]: applyTransactionOnDraw: mRemoved = false isHardwareEnabled = true t = 0x7b11d72400android.view.SurfaceView.applyTransactionOnVriDraw:2048 android.view.SurfaceView.performSurfaceTransaction:959 android.view.SurfaceView.updateSurface:1105 android.view.SurfaceView.lambda$new$0$android-view-SurfaceView:200 android.view.SurfaceView$$ExternalSyntheticLambda5.onPreDraw:2 
10-16 16:57:11.636  5481  5481 I SurfaceView@f03d6a4: updateSurface: mVisible = true mSurface.isValid() = true
10-16 16:57:11.636  5481  5481 I SurfaceView@f03d6a4: updateSurface: mSurfaceCreated = true surfaceChanged = false visibleChanged = false
10-16 16:57:11.636  5481  5481 V SurfaceView@f03d6a4: Layout: x=0 y=-960 w=1080 h=525, frame=Rect(0, 0 - 1080, 525)
10-16 16:57:11.637  5481  5632 D SurfaceView@f03d6a4: updateSurfacePosition RenderWorker, frameNr = 970, position = [0, -960, 1080, -435] surfaceSize = 1080x525
10-16 16:57:11.637  5481  5632 I SurfaceView@f03d6a4: uSP: rtp = Rect(0, -960 - 1080, -435) rtsw = 1080 rtsh = 525
10-16 16:57:11.638  5481  5632 I SurfaceView@f03d6a4: onSSPAndSRT: pl = 0 pt = -960 sx = 1.0 sy = 1.0
10-16 16:57:11.638  5481  5632 I SurfaceView@f03d6a4: aOrMT: ViewRootImpl@8cf4809[MainActivity] t = android.view.SurfaceControl$Transaction@220fe5 fN = 970 android.view.SurfaceView.-$$Nest$mapplyOrMergeTransaction:0 android.view.SurfaceView$SurfaceViewPositionUpdateListener.positionChanged:1537 android.graphics.RenderNode$CompositePositionUpdateListener.positionChanged:373 
10-16 16:57:11.638  5481  5632 I ViewRootImpl@8cf4809[MainActivity]: mWNT: t=0x7b3649a100 mBlastBufferQueue=0x7b6d750200 fn= 970 caller= android.view.SurfaceView.applyOrMergeTransaction:1455 android.view.SurfaceView.-$$Nest$mapplyOrMergeTransaction:0 android.view.SurfaceView$SurfaceViewPositionUpdateListener.positionChanged:1537 
10-16 16:57:11.638  5481  5632 I ViewRootImpl@8cf4809[MainActivity]: mWNT: t=0x7b11d72400 mBlastBufferQueue=0x7b6d750200 fn= 970 caller= android.view.ViewRootImpl.lambda$applyTransactionOnDraw$11$android-view-ViewRootImpl:12865 android.view.ViewRootImpl$$ExternalSyntheticLambda1.onFrameDraw:4 android.graphics.HardwareRenderer$FrameDrawingCallback.onFrameDraw:924 
10-16 16:57:11.652  5481  5481 I SurfaceView@f03d6a4: Changes: creating=false format=false size=false visible=false alpha=false hint=false mUseAlpha=false visible=false left=false top=true
10-16 16:57:11.652  5481  5481 I SurfaceView@f03d6a4: 251909796 Cur surface: Surface(name=null)/@0x3c43dd6
10-16 16:57:11.652  5481  5481 I SurfaceView@f03d6a4: applyTransactionOnVriDraw: vri = ViewRootImpl@8cf4809[MainActivity] fRS = false t = 0x7b11d72500 android.view.SurfaceView.performSurfaceTransaction:959 android.view.SurfaceView.updateSurface:1105 android.view.SurfaceView.lambda$new$0$android-view-SurfaceView:200 
10-16 16:57:11.653  5481  5481 I ViewRootImpl@8cf4809[MainActivity]: applyTransactionOnDraw: mRemoved = false isHardwareEnabled = true t = 0x7b11d72500android.view.SurfaceView.applyTransactionOnVriDraw:2048 android.view.SurfaceView.performSurfaceTransaction:959 android.view.SurfaceView.updateSurface:1105 android.view.SurfaceView.lambda$new$0$android-view-SurfaceView:200 android.view.SurfaceView$$ExternalSyntheticLambda5.onPreDraw:2 
10-16 16:57:11.653  5481  5481 I SurfaceView@f03d6a4: updateSurface: mVisible = true mSurface.isValid() = true
10-16 16:57:11.653  5481  5481 I SurfaceView@f03d6a4: updateSurface: mSurfaceCreated = true surfaceChanged = false visibleChanged = false
10-16 16:57:11.653  5481  5481 V SurfaceView@f03d6a4: Layout: x=0 y=-970 w=1080 h=525, frame=Rect(0, 0 - 1080, 525)
10-16 16:57:11.654  5481  5633 D SurfaceView@f03d6a4: updateSurfacePosition RenderWorker, frameNr = 971, position = [0, -970, 1080, -445] surfaceSize = 1080x525
10-16 16:57:11.654  5481  5633 I SurfaceView@f03d6a4: uSP: rtp = Rect(0, -970 - 1080, -445) rtsw = 1080 rtsh = 525
10-16 16:57:11.654  5481  5633 I SurfaceView@f03d6a4: onSSPAndSRT: pl = 0 pt = -970 sx = 1.0 sy = 1.0
10-16 16:57:11.655  5481  5633 I SurfaceView@f03d6a4: aOrMT: ViewRootImpl@8cf4809[MainActivity] t = android.view.SurfaceControl$Transaction@220fe5 fN = 971 android.view.SurfaceView.-$$Nest$mapplyOrMergeTransaction:0 android.view.SurfaceView$SurfaceViewPositionUpdateListener.positionChanged:1537 android.graphics.RenderNode$CompositePositionUpdateListener.positionChanged:373 
10-16 16:57:11.655  5481  5633 I ViewRootImpl@8cf4809[MainActivity]: mWNT: t=0x7b3649a100 mBlastBufferQueue=0x7b6d750200 fn= 971 caller= android.view.SurfaceView.applyOrMergeTransaction:1455 android.view.SurfaceView.-$$Nest$mapplyOrMergeTransaction:0 android.view.SurfaceView$SurfaceViewPositionUpdateListener.positionChanged:1537 
10-16 16:57:11.655  5481  5633 I ViewRootImpl@8cf4809[MainActivity]: mWNT: t=0x7b11d72500 mBlastBufferQueue=0x7b6d750200 fn= 971 caller= android.view.ViewRootImpl.lambda$applyTransactionOnDraw$11$android-view-ViewRootImpl:12865 android.view.ViewRootImpl$$ExternalSyntheticLambda1.onFrameDraw:4 android.graphics.HardwareRenderer$FrameDrawingCallback.onFrameDraw:924 
10-16 16:57:11.668  5481  5481 I SurfaceView@f03d6a4: Changes: creating=false format=false size=false visible=false alpha=false hint=false mUseAlpha=false visible=false left=false top=true
10-16 16:57:11.668  5481  5481 I SurfaceView@f03d6a4: 251909796 Cur surface: Surface(name=null)/@0x3c43dd6
10-16 16:57:11.669  5481  5481 I SurfaceView@f03d6a4: applyTransactionOnVriDraw: vri = ViewRootImpl@8cf4809[MainActivity] fRS = false t = 0x7b11d72600 android.view.SurfaceView.performSurfaceTransaction:959 android.view.SurfaceView.updateSurface:1105 android.view.SurfaceView.lambda$new$0$android-view-SurfaceView:200 
10-16 16:57:11.669  5481  5481 I ViewRootImpl@8cf4809[MainActivity]: applyTransactionOnDraw: mRemoved = false isHardwareEnabled = true t = 0x7b11d72600android.view.SurfaceView.applyTransactionOnVriDraw:2048 android.view.SurfaceView.performSurfaceTransaction:959 android.view.SurfaceView.updateSurface:1105 android.view.SurfaceView.lambda$new$0$android-view-SurfaceView:200 android.view.SurfaceView$$ExternalSyntheticLambda5.onPreDraw:2 
10-16 16:57:11.669  5481  5481 I SurfaceView@f03d6a4: updateSurface: mVisible = true mSurface.isValid() = true
10-16 16:57:11.669  5481  5481 I SurfaceView@f03d6a4: updateSurface: mSurfaceCreated = true surfaceChanged = false visibleChanged = false
10-16 16:57:11.669  5481  5481 V SurfaceView@f03d6a4: Layout: x=0 y=-976 w=1080 h=525, frame=Rect(0, 0 - 1080, 525)
10-16 16:57:11.670  5481  5632 D SurfaceView@f03d6a4: updateSurfacePosition RenderWorker, frameNr = 972, position = [0, -976, 1080, -451] surfaceSize = 1080x525
10-16 16:57:11.670  5481  5632 I SurfaceView@f03d6a4: uSP: rtp = Rect(0, -976 - 1080, -451) rtsw = 1080 rtsh = 525
10-16 16:57:11.670  5481  5632 I SurfaceView@f03d6a4: onSSPAndSRT: pl = 0 pt = -976 sx = 1.0 sy = 1.0
10-16 16:57:11.671  5481  5632 I SurfaceView@f03d6a4: aOrMT: ViewRootImpl@8cf4809[MainActivity] t = android.view.SurfaceControl$Transaction@220fe5 fN = 972 android.view.SurfaceView.-$$Nest$mapplyOrMergeTransaction:0 android.view.SurfaceView$SurfaceViewPositionUpdateListener.positionChanged:1537 android.graphics.RenderNode$CompositePositionUpdateListener.positionChanged:373 
10-16 16:57:11.671  5481  5632 I ViewRootImpl@8cf4809[MainActivity]: mWNT: t=0x7b3649a100 mBlastBufferQueue=0x7b6d750200 fn= 972 caller= android.view.SurfaceView.applyOrMergeTransaction:1455 android.view.SurfaceView.-$$Nest$mapplyOrMergeTransaction:0 android.view.SurfaceView$SurfaceViewPositionUpdateListener.positionChanged:1537 
10-16 16:57:11.671  5481  5632 I ViewRootImpl@8cf4809[MainActivity]: mWNT: t=0x7b11d72600 mBlastBufferQueue=0x7b6d750200 fn= 972 caller= android.view.ViewRootImpl.lambda$applyTransactionOnDraw$11$android-view-ViewRootImpl:12865 android.view.ViewRootImpl$$ExternalSyntheticLambda1.onFrameDraw:4 android.graphics.HardwareRenderer$FrameDrawingCallback.onFrameDraw:924 
10-16 16:57:11.685  5481  5481 I SurfaceView@f03d6a4: Changes: creating=false format=false size=false visible=false alpha=false hint=false mUseAlpha=false visible=false left=false top=true
10-16 16:57:11.685  5481  5481 I SurfaceView@f03d6a4: 251909796 Cur surface: Surface(name=null)/@0x3c43dd6
10-16 16:57:11.685  5481  5481 I SurfaceView@f03d6a4: applyTransactionOnVriDraw: vri = ViewRootImpl@8cf4809[MainActivity] fRS = false t = 0x7b11d72900 android.view.SurfaceView.performSurfaceTransaction:959 android.view.SurfaceView.updateSurface:1105 android.view.SurfaceView.lambda$new$0$android-view-SurfaceView:200 
10-16 16:57:11.686  5481  5481 I ViewRootImpl@8cf4809[MainActivity]: applyTransactionOnDraw: mRemoved = false isHardwareEnabled = true t = 0x7b11d72900android.view.SurfaceView.applyTransactionOnVriDraw:2048 android.view.SurfaceView.performSurfaceTransaction:959 android.view.SurfaceView.updateSurface:1105 android.view.SurfaceView.lambda$new$0$android-view-SurfaceView:200 android.view.SurfaceView$$ExternalSyntheticLambda5.onPreDraw:2 
10-16 16:57:11.686  5481  5481 I SurfaceView@f03d6a4: updateSurface: mVisible = true mSurface.isValid() = true
10-16 16:57:11.686  5481  5481 I SurfaceView@f03d6a4: updateSurface: mSurfaceCreated = true surfaceChanged = false visibleChanged = false
10-16 16:57:11.686  5481  5481 V SurfaceView@f03d6a4: Layout: x=0 y=-979 w=1080 h=525, frame=Rect(0, 0 - 1080, 525)
10-16 16:57:11.687  5481  5633 D SurfaceView@f03d6a4: updateSurfacePosition RenderWorker, frameNr = 973, position = [0, -979, 1080, -454] surfaceSize = 1080x525
10-16 16:57:11.687  5481  5633 I SurfaceView@f03d6a4: uSP: rtp = Rect(0, -979 - 1080, -454) rtsw = 1080 rtsh = 525
10-16 16:57:11.687  5481  5633 I SurfaceView@f03d6a4: onSSPAndSRT: pl = 0 pt = -979 sx = 1.0 sy = 1.0
