--------- beginning of main
10-16 17:52:36.024 21495 21495 I ViewRootImpl@6dcaa2e[MainActivity]: MSG_WINDOW_FOCUS_CHANGED 1 0
10-16 17:52:36.024 21495 21495 I ViewRootImpl@6dcaa2e[MainActivity]: mThreadedRenderer.initializeIfNeeded()#2 mSurface={isValid=true 0x7b5b8ae000}
10-16 17:52:36.028 21495 21495 D InputMethodManager: startInputInner - Id : 0
10-16 17:52:36.028 21495 21495 I InputMethodManager: startInputInner - mService.startInputOrWindowGainedFocus
10-16 17:52:36.282 21495 21506 W st.cloudstream3: Cleared Reference was only reachable from finalizer (only reported once)
10-16 17:52:36.343 21495 21506 I st.cloudstream3: Background concurrent copying GC freed 18MB AllocSpace bytes, 69(3120KB) LOS objects, 49% free, 12MB/24MB, paused 1.002ms,73us total 189.632ms
10-16 17:52:36.350 21495 21519 D OpenGLRenderer: setSurface called with nullptr
10-16 17:52:36.350 21495 21507 D InputTransport: Input channel destroyed: 'ClientS', fd=128
10-16 17:52:37.062 21495 21495 I ViewRootImpl@6dcaa2e[MainActivity]: ViewPostIme pointer 0
10-16 17:52:37.187 21495 21495 D WindowOnBackDispatcher: onBackInvoked, viewRoot=ViewRootImpl@2b2cd3d[MainActivity], callback=androidx.activity.OnBackPressedDispatcher$Api33Impl$$ExternalSyntheticLambda0@5436a19
10-16 17:52:37.201 21495 21495 I IMM_LC  : hsifw() - flag : 0
10-16 17:52:37.201 21495 21495 I IMM_LC  : hsifw() - mService.hideSoftInput
10-16 17:52:37.211 21495 21495 D ScrollView: initGoToTop
10-16 17:52:37.247 21495 21495 E CoilImgLoader: Error loading image: coil3.request.NullRequestDataException: The request's data is null.
10-16 17:52:37.259 21495 21495 D ScrollView:  onsize change changed 
10-16 17:52:37.988 21495 21495 I ViewRootImpl@6dcaa2e[MainActivity]: ViewPostIme pointer 0
10-16 17:52:38.028 21495 21495 I ViewRootImpl@6dcaa2e[MainActivity]: ViewPostIme pointer 1
10-16 17:52:38.036 21495 21495 I NavComponent: Navigating to fragment: 2131361879
10-16 17:52:38.040 21495 21495 I IMM_LC  : hsifw() - flag : 0
10-16 17:52:38.040 21495 21495 I IMM_LC  : hsifw() - mService.hideSoftInput
10-16 17:52:38.873 21495 21495 I ViewRootImpl@6dcaa2e[MainActivity]: ViewPostIme pointer 0
10-16 17:52:38.921 21495 21495 I ViewRootImpl@6dcaa2e[MainActivity]: ViewPostIme pointer 1
10-16 17:52:38.946 21495 21495 I IMM_LC  : hsifw() - flag : 0
10-16 17:52:38.946 21495 21495 I IMM_LC  : hsifw() - mService.hideSoftInput
10-16 17:52:39.092 21495 21495 I PLG     : updatePluginList = https://raw.githubusercontent.com/adamwolker21/DZ/refs/heads/master/repo.json
10-16 17:52:39.092 21495 21495 I PLG     : getPlugins = https://raw.githubusercontent.com/adamwolker21/DZ/refs/heads/master/repo.json
10-16 17:52:39.285 21495 21546 D VotingApi: Requesting: https://counterapi.com/api/cs-raw.githubusercontent.com-adamwolker21-DZ/vote/6dc8375a9c21c941e4f4638f351ba59129efb002ec683156e6e11dbcbd8c1d5d?readOnly=true
10-16 17:52:39.981 21495 21495 I ViewRootImpl@6dcaa2e[MainActivity]: ViewPostIme pointer 0
10-16 17:52:40.004 21495 21495 I ViewRootImpl@6dcaa2e[MainActivity]: ViewPostIme pointer 1
10-16 17:52:40.024 21495 21553 I PLG     : handlePluginAction = https://raw.githubusercontent.com/adamwolker21/DZ/refs/heads/master/repo.json, (https://raw.githubusercontent.com/adamwolker21/DZ/refs/heads/master/repo.json, SitePlugin(url=https://raw.githubusercontent.com/adamwolker21/DZ/builds/Asiatv.one.cs3, status=1, version=1, apiVersion=1, name=Asiatv.one, internalName=Asiatv.one, authors=[adamwolker21], description=Asiatv.one, repositoryUrl=https://github.com/adamwolker21/DZ, tvTypes=[Movie, TvSeries], language=ar, iconUrl=https://asiatv.one/wp-content/uploads/2021/09/cropped-asiadrama-192x192.png.webp, fileSize=14720)), false
10-16 17:52:40.025 21495 21553 D PluginManager: Downloading plugin: https://raw.githubusercontent.com/adamwolker21/DZ/builds/Asiatv.one.cs3 to /data/user/0/com.lagradost.cloudstream3/files/Extensions/httpsraw.githubusercontent.comadamwolker21DZrefsheadsmasterrepo.json.-468825824/Asiatv.one.344131172.cs3
10-16 17:52:40.256 21495 21553 I PluginManager: Unloading plugin: /data/user/0/com.lagradost.cloudstream3/files/Extensions/httpsraw.githubusercontent.comadamwolker21DZrefsheadsmasterrepo.json.-468825824/Asiatv.one.344131172.cs3
10-16 17:52:40.256 21495 21553 W PluginManager: Couldn't find plugin /data/user/0/com.lagradost.cloudstream3/files/Extensions/httpsraw.githubusercontent.comadamwolker21DZrefsheadsmasterrepo.json.-468825824/Asiatv.one.344131172.cs3
10-16 17:52:40.257 21495 21553 I PluginManager: Loading plugin: PluginData(internalName=Asiatv.one, url=https://raw.githubusercontent.com/adamwolker21/DZ/builds/Asiatv.one.cs3, isOnline=true, filePath=/data/user/0/com.lagradost.cloudstream3/files/Extensions/httpsraw.githubusercontent.comadamwolker21DZrefsheadsmasterrepo.json.-468825824/Asiatv.one.344131172.cs3, version=-2147483648)
10-16 17:52:40.312 21495 21553 I PluginInstance: Adding AsiaTV (https://asiatv.one) MainAPI
10-16 17:52:40.312 21495 21553 I PluginManager: Loaded plugin Asiatv.one successfully
10-16 17:52:40.312 21495 21553 I PLG     : getPlugins = https://raw.githubusercontent.com/adamwolker21/DZ/refs/heads/master/repo.json
10-16 17:52:40.313 21495 21495 I COMPACT : showToast = Plugin Loaded
10-16 17:52:40.322 21495 21495 D CompatibilityChangeReporter: Compat change id reported: 147798919; UID 10526; state: ENABLED
10-16 17:52:40.322 21495 21495 E Toast   : setGravity() shouldn't be called on text toasts, the values won't be used
10-16 17:52:40.322 21495 21495 I Toast   : setView: it's a custom toast
10-16 17:52:40.329 21495 21495 V Toast   : show: caller = com.lagradost.cloudstream3.CommonActivity.showToast:175 
10-16 17:52:40.380 21495 21495 V Toast   : HANDLE SHOW: android.widget.Toast$TN@969a546 mView=null mNextView=androidx.cardview.widget.CardView{c7ae307 V.E..V... ......ID 0,0-0,0 #7f0a0557 app:id/toast_layout_root}
10-16 17:52:40.382 21495 21495 V ToastPresenter: sipHeight = -39
10-16 17:52:40.387 21495 21495 V ToastPresenter: yOffset = 13
10-16 17:52:40.395 21495 21519 D NativeCustomFrequencyManager: [NativeCFMS] BpCustomFrequencyManager::BpCustomFrequencyManager()
10-16 17:52:40.404 21495 21495 D InsetsController: onStateChanged: InsetsState: {mDisplayFrame=Rect(0, 0 - 1080, 2400), mDisplayCutout=DisplayCutout{insets=Rect(0, 88 - 0, 0) waterfall=Insets{left=0, top=0, right=0, bottom=0} boundingRect={Bounds=[Rect(0, 0 - 0, 0), Rect(512, 0 - 568, 88), Rect(0, 0 - 0, 0), Rect(0, 0 - 0, 0)]} cutoutPathParserInfo={CutoutPathParserInfo{displayWidth=1080 displayHeight=2400 physicalDisplayWidth=1080 physicalDisplayHeight=2400 density={2.625} cutoutSpec={M 0,0 M 0,12.25101276465640 a 10.60613009248640,10.60613009248640 0 1,0 0,21.21226018497290 a 10.60613009248640,10.60613009248640 0 1,0 0,-21.21226018497290 Z @dp} rotation={0} scale={1.0} physicalPixelDisplaySizeRatio={1.0}}}}, mRoundedCorners=RoundedCorners{[RoundedCorner{position=TopLeft, radius=84, center=Point(84, 84)}, RoundedCorner{position=TopRight, radius=84, center=Point(996, 84)}, RoundedCorner{position=BottomRight, radius=84, center=Point(996, 2316)}, RoundedCorner{position=BottomLeft, radius=84, center=Point(84, 2316)}]}  mRoundedCornerFrame=Rect(0, 0 - 0, 0), mPrivacyIndicatorBounds=PrivacyIndicatorBounds {static bounds=Rect(964, 0 - 1080, 87) rotation=0}, mSources= { InsetsSource: {mType=ITYPE_NAVIGATION_BAR, mFrame=[0,2361][1080,2400], mVisible=true, mInsetsRoundedCornerFrame=false}, InsetsSource: {mType=ITYPE_LEFT_GESTURES, mFrame=[0,0][130,2400], mVisible=true, mInsetsRoundedCornerFrame=false}, InsetsSource: {mType=ITYPE_RIGHT_GESTURES, mFrame=[950,0][1080,2400], mVisible=true, mInsetsRoundedCornerFrame=false}, InsetsSource: {mType=ITYPE_TOP_MANDATORY_GESTURES, mFrame=[0,0][1080,120], mVisible=true, mInsetsRoundedCornerFrame=false}, InsetsSource: {mType=ITYPE_BOTTOM_MANDATORY_GESTURES, mFrame=[0,2316][1080,2400], mVisible=true, mInsetsRoundedCornerFrame=false}, InsetsSource: {mType=ITYPE_LEFT_DISPLAY_CUTOUT, mFrame=[0,0][-100000,2400], mVisible=true, mInsetsRoundedCornerFrame=false}, InsetsSource: {mType=ITYPE_TOP_DISPLAY_CUTOUT, mFrame=[0,0][1080,88], mVisible=true, mInsetsRoundedCornerFrame=false}, InsetsSource: {mType=ITYPE_RIGHT_DISPLAY_CUTOUT, mFrame=[100000,0][1080,2400], mVisible=true, mInsetsRoundedCornerFrame=false}, InsetsSource: {mType=ITYPE_BOTTOM_DISPLAY_CUTOUT, mFrame=[0,100000][1080,2400], mVisible=true, mInsetsRoundedCornerFrame=false}, InsetsSource: {mType=ITYPE_BOTTOM_TAPPABLE_ELEMENT, mFrame=[0,0][0,0], mVisible=true, mInsetsRoundedCornerFrame=false} } host=Toast from=android.view.ViewRootImpl.setView:1732
10-16 17:52:40.406 21495 21495 I ViewRootImpl@fe8fc34[Toast]: setView = androidx.cardview.widget.CardView@c7ae307 TM=true
10-16 17:52:40.415 21495 21495 I ViewRootImpl@fe8fc34[Toast]: performTraversals params={(0,13)(wrapxwrap) gr=BOTTOM CENTER sim={adjust=resize} ty=TOAST fmt=TRANSLUCENT wanim=0x1030004 surfaceInsets=Rect(11, 11 - 11, 11)
10-16 17:52:40.415 21495 21495 I ViewRootImpl@fe8fc34[Toast]:   fl=1000098
10-16 17:52:40.415 21495 21495 I ViewRootImpl@fe8fc34[Toast]:   pfl=12000000
10-16 17:52:40.415 21495 21495 I ViewRootImpl@fe8fc34[Toast]:   bhv=DEFAULT
10-16 17:52:40.415 21495 21495 I ViewRootImpl@fe8fc34[Toast]:   fitTypes=STATUS_BARS NAVIGATION_BARS CAPTION_BAR
10-16 17:52:40.415 21495 21495 I ViewRootImpl@fe8fc34[Toast]:   fitIgnoreVis naviIconColor=0}
10-16 17:52:40.416 21495 21495 I ViewRootImpl@fe8fc34[Toast]: performTraversals mFirst=true windowShouldResize=false viewVisibilityChanged=false mForceNextWindowRelayout=false params={(0,13)(wrapxwrap) gr=BOTTOM CENTER sim={adjust=resize} ty=TOAST fmt=TRANSLUCENT wanim=0x1030004 surfaceInsets=Rect(11, 11 - 11, 11)
10-16 17:52:40.416 21495 21495 I ViewRootImpl@fe8fc34[Toast]:   fl=1000098
10-16 17:52:40.416 21495 21495 I ViewRootImpl@fe8fc34[Toast]:   pfl=12000000
10-16 17:52:40.416 21495 21495 I ViewRootImpl@fe8fc34[Toast]:   bhv=DEFAULT
10-16 17:52:40.416 21495 21495 I ViewRootImpl@fe8fc34[Toast]:   fitTypes=STATUS_BARS NAVIGATION_BARS CAPTION_BAR
10-16 17:52:40.416 21495 21495 I ViewRootImpl@fe8fc34[Toast]:   fitIgnoreVis naviIconColor=0}
10-16 17:52:40.428 21495 21495 I ViewRootImpl@fe8fc34[Toast]: updateBlastSurfaceIfNeeded mBlastBufferQueue=null isSameSurfaceControl=false
10-16 17:52:40.429 21495 21495 I BLASTBufferQueue: new BLASTBufferQueue, mName= ViewRootImpl@fe8fc34[Toast] mNativeObject= 0x7bdd5c3d00 sc.mNativeObject= 0x7b5b7e51e0 caller= android.view.ViewRootImpl.updateBlastSurfaceIfNeeded:2909 android.view.ViewRootImpl.relayoutWindow:9847 android.view.ViewRootImpl.performTraversals:3884 android.view.ViewRootImpl.doTraversal:3116 android.view.ViewRootImpl$TraversalRunnable.run:10885 android.view.Choreographer$CallbackRecord.run:1301 android.view.Choreographer$CallbackRecord.run:1309 android.view.Choreographer.doCallbacks:923 android.view.Choreographer.doFrame:852 android.view.Choreographer$FrameDisplayEventReceiver.run:1283 
10-16 17:52:40.429 21495 21495 I BLASTBufferQueue: update, w= 373 h= 178 mName = ViewRootImpl@fe8fc34[Toast] mNativeObject= 0x7bdd5c3d00 sc.mNativeObject= 0x7b5b7e51e0 format= -3 caller= android.graphics.BLASTBufferQueue.<init>:84 android.view.ViewRootImpl.updateBlastSurfaceIfNeeded:2909 android.view.ViewRootImpl.relayoutWindow:9847 android.view.ViewRootImpl.performTraversals:3884 android.view.ViewRootImpl.doTraversal:3116 android.view.ViewRootImpl$TraversalRunnable.run:10885 
10-16 17:52:40.430 21495 21495 I ViewRootImpl@fe8fc34[Toast]: Relayout returned: old=(0,88,1080,2361) new=(364,2192,715,2348) req=(351,156)0 dur=12 res=0x3 s={true 0x7b178b8000} ch=true seqId=0
10-16 17:52:40.431 21495 21495 I ViewRootImpl@fe8fc34[Toast]: mThreadedRenderer.initialize() mSurface={isValid=true 0x7b178b8000} hwInitialized=true
10-16 17:52:40.431 21495 21519 D OpenGLRenderer: eglCreateWindowSurface
10-16 17:52:40.432 21495 21495 I ViewRootImpl@fe8fc34[Toast]: reportNextDraw android.view.ViewRootImpl.performTraversals:4438 android.view.ViewRootImpl.doTraversal:3116 android.view.ViewRootImpl$TraversalRunnable.run:10885 android.view.Choreographer$CallbackRecord.run:1301 android.view.Choreographer$CallbackRecord.run:1309 
10-16 17:52:40.432 21495 21495 I ViewRootImpl@fe8fc34[Toast]: Setup new sync id=0
10-16 17:52:40.432 21495 21495 I ViewRootImpl@fe8fc34[Toast]: Setting syncFrameCallback
10-16 17:52:40.432 21495 21495 I ViewRootImpl@fe8fc34[Toast]: registerCallbacksForSync syncBuffer=false
10-16 17:52:40.434 21495 21574 I ViewRootImpl@fe8fc34[Toast]: Received frameDrawingCallback syncResult=0 frameNum=1.
10-16 17:52:40.435 21495 21574 I ViewRootImpl@fe8fc34[Toast]: Setting up sync and frameCommitCallback
10-16 17:52:40.437 21495 21519 I BLASTBufferQueue: [ViewRootImpl@fe8fc34[Toast]#2](f:0,a:0) onFrameAvailable the first frame is available
10-16 17:52:40.438 21495 21519 I ViewRootImpl@fe8fc34[Toast]: Received frameCommittedCallback lastAttemptedDrawFrameNum=1 didProduceBuffer=true
10-16 17:52:40.440 21495 21519 D OpenGLRenderer: CFMS:: SetUp Pid : 21495    Tid : 21519
10-16 17:52:40.443 21495 21495 I ViewRootImpl@fe8fc34[Toast]: onSyncComplete
10-16 17:52:40.444 21495 21495 I ViewRootImpl@fe8fc34[Toast]: setupSync seqId=0 mSyncId=0 fn=1 caller=android.view.ViewRootImpl$$ExternalSyntheticLambda11.accept:6 android.window.SurfaceSyncer.lambda$setupSync$1$android-window-SurfaceSyncer:128 android.window.SurfaceSyncer$$ExternalSyntheticLambda1.accept:8 android.window.SurfaceSyncer$SyncSet.checkIfSyncIsComplete:382 android.window.SurfaceSyncer$SyncSet.markSyncReady:359 android.window.SurfaceSyncer.markSyncReady:151 android.view.ViewRootImpl.performTraversals:4503 
10-16 17:52:40.444 21495 21495 I ViewRootImpl@fe8fc34[Toast]: reportDrawFinished seqId=0 mSyncId=-1 fn=1 mSurfaceChangedTransaction=0x7bdd529800
10-16 17:52:41.196 21495 21495 I ViewRootImpl@6dcaa2e[MainActivity]: ViewPostIme pointer 0
10-16 17:52:41.262 21495 21495 I ViewRootImpl@6dcaa2e[MainActivity]: ViewPostIme pointer 1
10-16 17:52:41.283 21495 21495 I IMM_LC  : hsifw() - flag : 0
10-16 17:52:41.283 21495 21495 I IMM_LC  : hsifw() - mService.hideSoftInput
10-16 17:52:42.342 21495 21519 D OpenGLRenderer: setSurface called with nullptr
10-16 17:52:42.342 21495 21519 D OpenGLRenderer: setSurface() destroyed EGLSurface
10-16 17:52:42.342 21495 21519 D OpenGLRenderer: destroyEglSurface
10-16 17:52:42.344 21495 21495 I ViewRootImpl@fe8fc34[Toast]: dispatchDetachedFromWindow
10-16 17:52:42.359 21495 21495 D InputTransport: Input channel destroyed: '27e0b38', fd=148
10-16 17:52:42.370 21495 21495 I ViewRootImpl@6dcaa2e[MainActivity]: ViewPostIme pointer 0
10-16 17:52:42.419 21495 21495 I ViewRootImpl@6dcaa2e[MainActivity]: ViewPostIme pointer 1
10-16 17:52:42.425 21495 21495 I Dialog  : mIsDeviceDefault = false, mIsSamsungBasicInteraction = false, isMetaDataInActivity = false
10-16 17:52:42.533 21495 21495 I DecorView: [INFO] isPopOver=false config=false
10-16 17:52:42.533 21495 21495 I DecorView: updateCaptionType: isFloating=false isApplication=true hasWindowDecorCaption=false this=DecorView@ae638dc[]
10-16 17:52:42.534 21495 21495 D DecorView: setCaptionType = 0, this = DecorView@ae638dc[]
10-16 17:52:42.535 21495 21495 I DecorView: getCurrentDensityDpi: from app context. densityDpi=420 msg=resources_loaded
10-16 17:52:42.535 21495 21495 I DecorView: setWindowBackground: isPopOver=false color=0 d=android.graphics.drawable.ColorDrawable@db5c0ba
10-16 17:52:42.540 21495 21519 D NativeCustomFrequencyManager: [NativeCFMS] BpCustomFrequencyManager::BpCustomFrequencyManager()
10-16 17:52:42.541 21495 21495 I DecorView: notifyKeepScreenOnChanged: keepScreenOn=false
10-16 17:52:42.550 21495 21495 D InsetsController: onStateChanged: InsetsState: {mDisplayFrame=Rect(0, 0 - 1080, 2400), mDisplayCutout=DisplayCutout{insets=Rect(0, 88 - 0, 0) waterfall=Insets{left=0, top=0, right=0, bottom=0} boundingRect={Bounds=[Rect(0, 0 - 0, 0), Rect(512, 0 - 568, 88), Rect(0, 0 - 0, 0), Rect(0, 0 - 0, 0)]} cutoutPathParserInfo={CutoutPathParserInfo{displayWidth=1080 displayHeight=2400 physicalDisplayWidth=1080 physicalDisplayHeight=2400 density={2.625} cutoutSpec={M 0,0 M 0,12.25101276465640 a 10.60613009248640,10.60613009248640 0 1,0 0,21.21226018497290 a 10.60613009248640,10.60613009248640 0 1,0 0,-21.21226018497290 Z @dp} rotation={0} scale={1.0} physicalPixelDisplaySizeRatio={1.0}}}}, mRoundedCorners=RoundedCorners{[RoundedCorner{position=TopLeft, radius=84, center=Point(84, 84)}, RoundedCorner{position=TopRight, radius=84, center=Point(996, 84)}, RoundedCorner{position=BottomRight, radius=84, center=Point(996, 2316)}, RoundedCorner{position=BottomLeft, radius=84, center=Point(84, 2316)}]}  mRoundedCornerFrame=Rect(0, 0 - 1080, 2400), mPrivacyIndicatorBounds=PrivacyIndicatorBounds {static bounds=Rect(964, 0 - 1080, 87) rotation=0}, mSources= { InsetsSource: {mType=ITYPE_STATUS_BAR, mFrame=[0,0][1080,88], mVisible=true, mInsetsRoundedCornerFrame=false}, InsetsSource: {mType=ITYPE_NAVIGATION_BAR, mFrame=[0,2361][1080,2400], mVisible=true, mInsetsRoundedCornerFrame=false}, InsetsSource: {mType=ITYPE_LEFT_GESTURES, mFrame=[0,0][130,2400], mVisible=true, mInsetsRoundedCornerFrame=false}, InsetsSource: {mType=ITYPE_RIGHT_GESTURES, mFrame=[950,0][1080,2400], mVisible=true, mInsetsRoundedCornerFrame=false}, InsetsSource: {mType=ITYPE_TOP_MANDATORY_GESTURES, mFrame=[0,0][1080,120], mVisible=true, mInsetsRoundedCornerFrame=false}, InsetsSource: {mType=ITYPE_BOTTOM_MANDATORY_GESTURES, mFrame=[0,2316][1080,2400], mVisible=true, mInsetsRoundedCornerFrame=false}, InsetsSource: {mType=ITYPE_LEFT_DISPLAY_CUTOUT, mFrame=[0,0][-100000,2400], mVisible=true, mInsetsRoundedCornerFrame=false}, InsetsSource: {mType=ITYPE_TOP_DISPLAY_CUTOUT, mFrame=[0,0][1080,88], mVisible=true, mInsetsRoundedCornerFrame=false}, InsetsSource: {mType=ITYPE_RIGHT_DISPLAY_CUTOUT, mFrame=[100000,0][1080,2400], mVisible=true, mInsetsRoundedCornerFrame=false}, InsetsSource: {mType=ITYPE_BOTTOM_DISPLAY_CUTOUT, mFrame=[0,100000][1080,2400], mVisible=true, mInsetsRoundedCornerFrame=false}, InsetsSource: {mType=ITYPE_TOP_TAPPABLE_ELEMENT, mFrame=[0,0][1080,88], mVisible=true, mInsetsRoundedCornerFrame=false}, InsetsSource: {mType=ITYPE_BOTTOM_TAPPABLE_ELEMENT, mFrame=[0,0][0,0], mVisible=true, mInsetsRoundedCornerFrame=false}, InsetsSource: {mType=ITYPE_IME, mFrame=[0,0][0,0], mVisibleFrame=[0,1409][1080,2400], mVisible=false, mInsetsRoundedCornerFrame=false} } host=com.lagradost.cloudstream3/com.lagradost.cloudstream3.MainActivity from=android.view.ViewRootImpl.setView:1732
10-16 17:52:42.551 21495 21495 I ViewRootImpl@3845ce3[MainActivity]: setView = com.android.internal.policy.DecorView@ae638dc TM=true
10-16 17:52:42.571 21495 21495 I ViewRootImpl@3845ce3[MainActivity]: performTraversals params={(0,0)(fillxfill) gr=CENTER sim={adjust=resize forwardNavigation} ty=APPLICATION fmt=TRANSPARENT wanim=0x7f14000b
10-16 17:52:42.571 21495 21495 I ViewRootImpl@3845ce3[MainActivity]:   fl=85810100
10-16 17:52:42.571 21495 21495 I ViewRootImpl@3845ce3[MainActivity]:   pfl=12020040
10-16 17:52:42.571 21495 21495 I ViewRootImpl@3845ce3[MainActivity]:   vsysui=500
10-16 17:52:42.571 21495 21495 I ViewRootImpl@3845ce3[MainActivity]:   bhv=DEFAULT
10-16 17:52:42.571 21495 21495 I ViewRootImpl@3845ce3[MainActivity]:   fitSides= naviIconColor=0}
10-16 17:52:42.571 21495 21495 I ViewRootImpl@3845ce3[MainActivity]: performTraversals mFirst=true windowShouldResize=true viewVisibilityChanged=false mForceNextWindowRelayout=false params={(0,0)(fillxfill) gr=CENTER sim={adjust=resize forwardNavigation} ty=APPLICATION fmt=TRANSPARENT wanim=0x7f14000b
10-16 17:52:42.571 21495 21495 I ViewRootImpl@3845ce3[MainActivity]:   fl=85810100
10-16 17:52:42.571 21495 21495 I ViewRootImpl@3845ce3[MainActivity]:   pfl=12020040
10-16 17:52:42.571 21495 21495 I ViewRootImpl@3845ce3[MainActivity]:   vsysui=500
10-16 17:52:42.571 21495 21495 I ViewRootImpl@3845ce3[MainActivity]:   bhv=DEFAULT
10-16 17:52:42.571 21495 21495 I ViewRootImpl@3845ce3[MainActivity]:   fitSides= naviIconColor=0}
10-16 17:52:42.588 21495 21495 I ViewRootImpl@3845ce3[MainActivity]: updateBlastSurfaceIfNeeded mBlastBufferQueue=null isSameSurfaceControl=false
10-16 17:52:42.589 21495 21495 I BLASTBufferQueue: new BLASTBufferQueue, mName= ViewRootImpl@3845ce3[MainActivity] mNativeObject= 0x7b5b7eff00 sc.mNativeObject= 0x7b44c5c5e0 caller= android.view.ViewRootImpl.updateBlastSurfaceIfNeeded:2909 android.view.ViewRootImpl.relayoutWindow:9847 android.view.ViewRootImpl.performTraversals:3884 android.view.ViewRootImpl.doTraversal:3116 android.view.ViewRootImpl$TraversalRunnable.run:10885 android.view.Choreographer$CallbackRecord.run:1301 android.view.Choreographer$CallbackRecord.run:1309 android.view.Choreographer.doCallbacks:923 android.view.Choreographer.doFrame:852 android.view.Choreographer$FrameDisplayEventReceiver.run:1283 
10-16 17:52:42.589 21495 21495 I BLASTBufferQueue: update, w= 1080 h= 2400 mName = ViewRootImpl@3845ce3[MainActivity] mNativeObject= 0x7b5b7eff00 sc.mNativeObject= 0x7b44c5c5e0 format= -2 caller= android.graphics.BLASTBufferQueue.<init>:84 android.view.ViewRootImpl.updateBlastSurfaceIfNeeded:2909 android.view.ViewRootImpl.relayoutWindow:9847 android.view.ViewRootImpl.performTraversals:3884 android.view.ViewRootImpl.doTraversal:3116 android.view.ViewRootImpl$TraversalRunnable.run:10885 
10-16 17:52:42.589 21495 21495 I ViewRootImpl@3845ce3[MainActivity]: Relayout returned: old=(0,0,1080,2400) new=(0,0,1080,2400) req=(1080,2400)0 dur=17 res=0x3 s={true 0x7b178b8000} ch=true seqId=0
10-16 17:52:42.590 21495 21495 I ViewRootImpl@3845ce3[MainActivity]: mThreadedRenderer.initialize() mSurface={isValid=true 0x7b178b8000} hwInitialized=true
10-16 17:52:42.591 21495 21519 D OpenGLRenderer: eglCreateWindowSurface
10-16 17:52:42.604 21495 21495 D AbsListView:  in onLayout changed 
10-16 17:52:42.606 21495 21495 I ViewRootImpl@3845ce3[MainActivity]: reportNextDraw android.view.ViewRootImpl.performTraversals:4438 android.view.ViewRootImpl.doTraversal:3116 android.view.ViewRootImpl$TraversalRunnable.run:10885 android.view.Choreographer$CallbackRecord.run:1301 android.view.Choreographer$CallbackRecord.run:1309 
10-16 17:52:42.606 21495 21495 I ViewRootImpl@3845ce3[MainActivity]: Setup new sync id=0
10-16 17:52:42.606 21495 21495 I ViewRootImpl@3845ce3[MainActivity]: Setting syncFrameCallback
10-16 17:52:42.606 21495 21495 I ViewRootImpl@3845ce3[MainActivity]: registerCallbacksForSync syncBuffer=false
10-16 17:52:42.617 21495 21575 I ViewRootImpl@3845ce3[MainActivity]: Received frameDrawingCallback syncResult=0 frameNum=1.
10-16 17:52:42.617 21495 21575 I ViewRootImpl@3845ce3[MainActivity]: Setting up sync and frameCommitCallback
10-16 17:52:42.637 21495 21519 I BLASTBufferQueue: [ViewRootImpl@3845ce3[MainActivity]#3](f:0,a:0) onFrameAvailable the first frame is available
10-16 17:52:42.638 21495 21519 I ViewRootImpl@3845ce3[MainActivity]: Received frameCommittedCallback lastAttemptedDrawFrameNum=1 didProduceBuffer=true
10-16 17:52:42.640 21495 21519 D OpenGLRenderer: CFMS:: SetUp Pid : 21495    Tid : 21519
10-16 17:52:42.644 21495 21495 I ViewRootImpl@3845ce3[MainActivity]: onSyncComplete
10-16 17:52:42.644 21495 21495 I ViewRootImpl@3845ce3[MainActivity]: setupSync seqId=0 mSyncId=0 fn=1 caller=android.view.ViewRootImpl$$ExternalSyntheticLambda11.accept:6 android.window.SurfaceSyncer.lambda$setupSync$1$android-window-SurfaceSyncer:128 android.window.SurfaceSyncer$$ExternalSyntheticLambda1.accept:8 android.window.SurfaceSyncer$SyncSet.checkIfSyncIsComplete:382 android.window.SurfaceSyncer$SyncSet.markSyncReady:359 android.window.SurfaceSyncer.markSyncReady:151 android.view.ViewRootImpl.performTraversals:4503 
10-16 17:52:42.652 21495 21495 I ViewRootImpl@3845ce3[MainActivity]: reportDrawFinished seqId=0 mSyncId=-1 fn=1 mSurfaceChangedTransaction=0x7bdd529d00
10-16 17:52:42.672 21495 21495 I ViewRootImpl@6dcaa2e[MainActivity]: MSG_WINDOW_FOCUS_CHANGED 0 0
10-16 17:52:42.718 21495 21495 I ViewRootImpl@3845ce3[MainActivity]: MSG_WINDOW_FOCUS_CHANGED 1 0
10-16 17:52:42.718 21495 21495 I ViewRootImpl@3845ce3[MainActivity]: mThreadedRenderer.initializeIfNeeded()#2 mSurface={isValid=true 0x7b178b8000}
10-16 17:52:42.721 21495 21495 D InputMethodManager: startInputInner - Id : 0
10-16 17:52:42.721 21495 21495 I InputMethodManager: startInputInner - mService.startInputOrWindowGainedFocus
10-16 17:52:43.338 21495 21495 I ViewRootImpl@3845ce3[MainActivity]: ViewPostIme pointer 0
10-16 17:52:43.386 21495 21495 I ViewRootImpl@3845ce3[MainActivity]: ViewPostIme pointer 1
10-16 17:52:43.388 21495 21495 D AbsListView: onTouchUp() mTouchMode : 0
10-16 17:52:43.465 21495 21495 I MSHandlerLifeCycle: removeMultiSplitHandler: no exist. decor=DecorView@ae638dc[MainActivity]
10-16 17:52:43.472 21495 21519 D OpenGLRenderer: setSurface called with nullptr
10-16 17:52:43.473 21495 21519 D OpenGLRenderer: setSurface() destroyed EGLSurface
10-16 17:52:43.473 21495 21519 D OpenGLRenderer: destroyEglSurface
10-16 17:52:43.475 21495 21519 D OpenGLRenderer: endAllActiveAnimators on 0x7b17aae300 (MaterialTextView) with handle 0x7b2d4eaee0
10-16 17:52:43.475 21495 21495 I ViewRootImpl@3845ce3[MainActivity]: dispatchDetachedFromWindow
10-16 17:52:43.500 21495 21495 D InputTransport: Input channel destroyed: 'd45d681', fd=148
10-16 17:52:43.506 21495 21495 D InsetsController: onStateChanged: InsetsState: {mDisplayFrame=Rect(0, 0 - 1080, 2400), mDisplayCutout=DisplayCutout{insets=Rect(0, 88 - 0, 0) waterfall=Insets{left=0, top=0, right=0, bottom=0} boundingRect={Bounds=[Rect(0, 0 - 0, 0), Rect(512, 0 - 568, 88), Rect(0, 0 - 0, 0), Rect(0, 0 - 0, 0)]} cutoutPathParserInfo={CutoutPathParserInfo{displayWidth=1080 displayHeight=2400 physicalDisplayWidth=1080 physicalDisplayHeight=2400 density={2.625} cutoutSpec={M 0,0 M 0,12.25101276465640 a 10.60613009248640,10.60613009248640 0 1,0 0,21.21226018497290 a 10.60613009248640,10.60613009248640 0 1,0 0,-21.21226018497290 Z @dp} rotation={0} scale={1.0} physicalPixelDisplaySizeRatio={1.0}}}}, mRoundedCorners=RoundedCorners{[RoundedCorner{position=TopLeft, radius=84, center=Point(84, 84)}, RoundedCorner{position=TopRight, radius=84, center=Point(996, 84)}, RoundedCorner{position=BottomRight, radius=84, center=Point(996, 2316)}, RoundedCorner{position=BottomLeft, radius=84, center=Point(84, 2316)}]}  mRoundedCornerFrame=Rect(0, 0 - 1080, 2400), mPrivacyIndicatorBounds=PrivacyIndicatorBounds {static bounds=Rect(964, 0 - 1080, 87) rotation=0}, mSources= { InsetsSource: {mType=ITYPE_STATUS_BAR, mFrame=[0,0][1080,88], mVisible=true, mInsetsRoundedCornerFrame=false}, InsetsSource: {mType=ITYPE_NAVIGATION_BAR, mFrame=[0,2361][1080,2400], mVisible=true, mInsetsRoundedCornerFrame=false}, InsetsSource: {mType=ITYPE_LEFT_GESTURES, mFrame=[0,0][130,2400], mVisible=true, mInsetsRoundedCornerFrame=false}, InsetsSource: {mType=ITYPE_RIGHT_GESTURES, mFrame=[950,0][1080,2400], mVisible=true, mInsetsRoundedCornerFrame=false}, InsetsSource: {mType=ITYPE_TOP_MANDATORY_GESTURES, mFrame=[0,0][1080,120], mVisible=true, mInsetsRoundedCornerFrame=false}, InsetsSource: {mType=ITYPE_BOTTOM_MANDATORY_GESTURES, mFrame=[0,2316][1080,2400], mVisible=true, mInsetsRoundedCornerFrame=false}, InsetsSource: {mType=ITYPE_LEFT_DISPLAY_CUTOUT, mFrame=[0,0][-100000,2400], mVisible=true, mInsetsRoundedCornerFrame=false}, InsetsSource: {mType=ITYPE_TOP_DISPLAY_CUTOUT, mFrame=[0,0][1080,88], mVisible=true, mInsetsRoundedCornerFrame=false}, InsetsSource: {mType=ITYPE_RIGHT_DISPLAY_CUTOUT, mFrame=[100000,0][1080,2400], mVisible=true, mInsetsRoundedCornerFrame=false}, InsetsSource: {mType=ITYPE_BOTTOM_DISPLAY_CUTOUT, mFrame=[0,100000][1080,2400], mVisible=true, mInsetsRoundedCornerFrame=false}, InsetsSource: {mType=ITYPE_TOP_TAPPABLE_ELEMENT, mFrame=[0,0][1080,88], mVisible=true, mInsetsRoundedCornerFrame=false}, InsetsSource: {mType=ITYPE_BOTTOM_TAPPABLE_ELEMENT, mFrame=[0,0][0,0], mVisible=true, mInsetsRoundedCornerFrame=false} } host=com.lagradost.cloudstream3/com.lagradost.cloudstream3.MainActivity from=android.view.ViewRootImpl$ViewRootHandler.handleMessageImpl:6740
10-16 17:52:43.545 21495 21495 I ViewRootImpl@6dcaa2e[MainActivity]: MSG_WINDOW_FOCUS_CHANGED 1 0
10-16 17:52:43.545 21495 21495 I ViewRootImpl@6dcaa2e[MainActivity]: mThreadedRenderer.initializeIfNeeded()#2 mSurface={isValid=true 0x7b5b8ae000}
10-16 17:52:43.552 21495 21495 D InputMethodManager: startInputInner - Id : 0
10-16 17:52:43.553 21495 21495 I InputMethodManager: startInputInner - mService.startInputOrWindowGainedFocus
10-16 17:52:44.285 21495 21506 I st.cloudstream3: Background concurrent copying GC freed 7451KB AllocSpace bytes, 27(1616KB) LOS objects, 49% free, 16MB/33MB, paused 479us,63us total 141.882ms
10-16 17:52:44.302 21495 21519 D OpenGLRenderer: setSurface called with nullptr
10-16 17:52:44.318 21495 21519 D OpenGLRenderer: setSurface called with nullptr
10-16 17:52:44.319 21495 21507 D InputTransport: Input channel destroyed: 'ClientS', fd=159
10-16 17:52:44.319 21495 21507 D InputTransport: Input channel destroyed: 'ClientS', fd=148
10-16 17:52:44.326 21495 21508 W System  : A resource failed to call close. 
10-16 17:52:45.047 21495 21506 I st.cloudstream3: Background concurrent copying GC freed 5940KB AllocSpace bytes, 110(13MB) LOS objects, 49% free, 15MB/30MB, paused 198us,86us total 147.749ms
10-16 17:52:47.922 21495 21495 I ViewRootImpl@6dcaa2e[MainActivity]: ViewPostIme pointer 0
10-16 17:52:48.103 21495 21495 I ViewRootImpl@6dcaa2e[MainActivity]: ViewPostIme pointer 1
10-16 17:52:48.483 21495 21495 I ViewRootImpl@6dcaa2e[MainActivity]: ViewPostIme pointer 0
10-16 17:52:48.707 21495 21495 I ViewRootImpl@6dcaa2e[MainActivity]: ViewPostIme pointer 1
10-16 17:52:48.982 21495 21495 I ViewRootImpl@6dcaa2e[MainActivity]: ViewPostIme pointer 0
10-16 17:52:49.054 21495 21495 I ViewRootImpl@6dcaa2e[MainActivity]: ViewPostIme pointer 1
10-16 17:52:49.370 21495 21495 I ViewRootImpl@6dcaa2e[MainActivity]: ViewPostIme pointer 0
10-16 17:52:49.768 21495 21495 I ViewRootImpl@6dcaa2e[MainActivity]: ViewPostIme pointer 1
10-16 17:52:50.064 21495 21495 I ViewRootImpl@6dcaa2e[MainActivity]: ViewPostIme pointer 0
10-16 17:52:50.462 21495 21495 I ViewRootImpl@6dcaa2e[MainActivity]: ViewPostIme pointer 1
10-16 17:52:51.059 21495 21495 I ViewRootImpl@6dcaa2e[MainActivity]: ViewPostIme pointer 0
10-16 17:52:51.188 21495 21495 I ViewRootImpl@6dcaa2e[MainActivity]: ViewPostIme pointer 1
10-16 17:52:52.422 21495 21495 I ViewRootImpl@6dcaa2e[MainActivity]: ViewPostIme pointer 0
10-16 17:52:52.470 21495 21495 I ViewRootImpl@6dcaa2e[MainActivity]: ViewPostIme pointer 1
10-16 17:52:52.628 21495 21495 I ViewRootImpl@6dcaa2e[MainActivity]: ViewPostIme pointer 0
10-16 17:52:52.686 21495 21495 I ViewRootImpl@6dcaa2e[MainActivity]: ViewPostIme pointer 1
10-16 17:52:52.705 21495 21495 I NavComponent: Navigating to fragment: 2131362274
10-16 17:52:52.715 21495 21495 I IMM_LC  : hsifw() - flag : 0
10-16 17:52:52.715 21495 21495 I IMM_LC  : hsifw() - mService.hideSoftInput
10-16 17:52:52.754 21495 21495 D ScrollView: initGoToTop
10-16 17:52:53.076 21495 21495 I SurfaceView@184d2cc: onWindowVisibilityChanged(0) true android.view.SurfaceView{184d2cc V.E..V... ......I. 0,0-0,0} of ViewRootImpl@6dcaa2e[MainActivity]
10-16 17:52:53.076 21495 21495 D SurfaceView@184d2cc: updateSurface: has no frame
10-16 17:52:53.099 21495 21495 I CS3ExoPlayer: SET STYLE = SaveCaptionStyle(foregroundColor=-1, backgroundColor=0, windowColor=0, edgeType=1, edgeColor=-16777216, typeface=null, typefaceFilePath=null, elevation=20, fixedTextSize=null, edgeSize=null, removeCaptions=false, removeBloat=true, upperCase=false, bold=false, italic=false, backgroundRadius=null)
10-16 17:52:53.182 21495 21506 I st.cloudstream3: Background concurrent copying GC freed 8492KB AllocSpace bytes, 25(3308KB) LOS objects, 49% free, 19MB/39MB, paused 384us,152us total 195.819ms
10-16 17:52:53.183 21495 21495 D VideoClickActionHolder: allVideoClickActions: [null:com.lagradost.cloudstream3.actions.temp.PlayInBrowserAction, null:com.lagradost.cloudstream3.actions.temp.CopyClipboardAction, null:com.lagradost.cloudstream3.actions.temp.ViewM3U8Action, null:com.lagradost.cloudstream3.actions.temp.VlcPackage, null:com.lagradost.cloudstream3.actions.temp.MpvPackage, null:com.lagradost.cloudstream3.actions.temp.NextPlayerPackage, null:com.lagradost.cloudstream3.actions.temp.JustPlayerPackage, null:com.lagradost.cloudstream3.actions.temp.fcast.FcastAction, null:com.lagradost.cloudstream3.actions.temp.LibreTorrentPackage, null:com.lagradost.cloudstream3.actions.temp.BiglyBTPackage, null:com.lagradost.cloudstream3.actions.temp.VlcNightlyPackage, null:com.lagradost.cloudstream3.actions.temp.WebVideoCastPackage, null:com.lagradost.cloudstream3.actions.temp.MpvYTDLPackage, null:com.lagradost.cloudstream3.actions.temp.MpvKtPackage, null:com.lagradost.cloudstream3.actions.temp.MpvKtPreviewPackage, null:com.lagradost.cloudstream3.actions.AlwaysAskAction]
10-16 17:52:53.184 21495 21495 I IMM_LC  : hsifw() - flag : 0
10-16 17:52:53.184 21495 21495 I IMM_LC  : hsifw() - mService.hideSoftInput
10-16 17:52:53.186 21495 21554 I SYNCVM  : addFromUrl = https://asiatv.one/drama/tempest-%d9%85%d8%b3%d9%84%d8%b3%d9%84-%d8%a7%d9%84%d8%b9%d8%a7%d8%b5%d9%81%d8%a9-%d8%aa%d9%82%d8%b1%d9%8a%d8%b1-%d8%ad%d9%84%d9%82%d8%a7%d8%aa-%d9%85%d8%aa%d8%b1%d8%ac%d9%85%d8%a9/
10-16 17:52:53.187 21495 21554 I SYNCUTIL: getIdsFromUrl https://asiatv.one/drama/tempest-%d9%85%d8%b3%d9%84%d8%b3%d9%84-%d8%a7%d9%84%d8%b9%d8%a7%d8%b5%d9%81%d8%a9-%d8%aa%d9%82%d8%b1%d9%8a%d8%b1-%d8%ad%d9%84%d9%82%d8%a7%d8%aa-%d9%85%d8%aa%d8%b1%d8%ac%d9%85%d8%a9/
10-16 17:52:53.202 21495 21495 I SurfaceView@184d2cc: onWindowVisibilityChanged(8) false android.view.SurfaceView{184d2cc V.E..V... ......I. 0,0-0,0} of ViewRootImpl@6dcaa2e[MainActivity]
10-16 17:52:53.202 21495 21495 D SurfaceView@184d2cc: updateSurface: has no frame
10-16 17:52:53.202 21495 21495 D SurfaceView@184d2cc: updateSurface: has no frame
10-16 17:52:53.202 21495 21495 I SurfaceView@184d2cc: onDetachedFromWindow: tryReleaseSurfaces()
10-16 17:52:53.202 21495 21495 I SurfaceView@184d2cc: releaseSurfaces: viewRoot = ViewRootImpl@6dcaa2e[MainActivity]
10-16 17:52:53.202 21495 21495 I SurfaceView@184d2cc: applyTransactionOnVriDraw: vri = ViewRootImpl@6dcaa2e[MainActivity] fRS = true t = 0x7bdd4a7c00 android.view.SurfaceView.releaseSurfaces:858 android.view.SurfaceView.onDetachedFromWindow:500 android.view.View.dispatchDetachedFromWindow:22538 
10-16 17:52:53.202 21495 21495 I SurfaceView@184d2cc: applyTransactionOnVriDraw: viewRoot.applyTransactionOnDrawFromReleaseSurfaces
10-16 17:52:53.202 21495 21495 I ViewRootImpl@6dcaa2e[MainActivity]: applyTransactionOnDraw: mRemoved = false isHardwareEnabled = true t = 0x7bdd4a7c00android.view.ViewRootImpl.applyTransactionOnDrawFromReleaseSurfaces:12850 android.view.SurfaceView.applyTransactionOnVriDraw:2046 android.view.SurfaceView.releaseSurfaces:858 android.view.SurfaceView.onDetachedFromWindow:500 android.view.View.dispatchDetachedFromWindow:22538 
10-16 17:52:53.204 21495 21495 I SurfaceView@184d2cc: onWindowVisibilityChanged(0) true android.view.SurfaceView{184d2cc V.E..V... ......I. 0,0-0,0} of ViewRootImpl@6dcaa2e[MainActivity]
10-16 17:52:53.204 21495 21495 D SurfaceView@184d2cc: updateSurface: has no frame
10-16 17:52:53.213 21495 21495 I DecorView: notifyKeepScreenOnChanged: keepScreenOn=false
10-16 17:52:53.226 21495 21495 I CS3ExoPlayer: reloadPlayer
10-16 17:52:53.226 21495 21495 I CS3ExoPlayer: releasePlayer
10-16 17:52:53.227 21495 21495 I CS3ExoPlayer: Handle event: PlayerAttachedEvent(player=null, source=Player)
10-16 17:52:53.228 21495 21495 I Choreographer: Skipped 30 frames!  The application may be doing too much work on its main thread.
10-16 17:52:53.233 21495 21495 I ViewRootImpl@6dcaa2e[MainActivity]: performTraversals params={(0,0)(fillxfill) sim={state=always_hidden adjust=resize} ty=BASE_APPLICATION wanim=0x1030309
10-16 17:52:53.233 21495 21495 I ViewRootImpl@6dcaa2e[MainActivity]:   fl=85810100
10-16 17:52:53.233 21495 21495 I ViewRootImpl@6dcaa2e[MainActivity]:   pfl=12020040
10-16 17:52:53.233 21495 21495 I ViewRootImpl@6dcaa2e[MainActivity]:   vsysui=500
10-16 17:52:53.233 21495 21495 I ViewRootImpl@6dcaa2e[MainActivity]:   bhv=DEFAULT
10-16 17:52:53.233 21495 21495 I ViewRootImpl@6dcaa2e[MainActivity]:   fitSides= naviIconColor=0}
10-16 17:52:53.233 21495 21495 I ViewRootImpl@6dcaa2e[MainActivity]: performTraversals mFirst=false windowShouldResize=false viewVisibilityChanged=false mForceNextWindowRelayout=false params={(0,0)(fillxfill) sim={state=always_hidden adjust=resize} ty=BASE_APPLICATION fmt=TRANSLUCENT wanim=0x1030309
10-16 17:52:53.233 21495 21495 I ViewRootImpl@6dcaa2e[MainActivity]:   fl=85810100
10-16 17:52:53.233 21495 21495 I ViewRootImpl@6dcaa2e[MainActivity]:   pfl=12020040
10-16 17:52:53.233 21495 21495 I ViewRootImpl@6dcaa2e[MainActivity]:   vsysui=500
10-16 17:52:53.233 21495 21495 I ViewRootImpl@6dcaa2e[MainActivity]:   bhv=DEFAULT
10-16 17:52:53.233 21495 21495 I ViewRootImpl@6dcaa2e[MainActivity]:   fitSides= naviIconColor=0}
10-16 17:52:53.241 21495 21495 I ViewRootImpl@6dcaa2e[MainActivity]: updateBlastSurfaceIfNeeded mBlastBufferQueue=0x7b5b836800 isSameSurfaceControl=true
10-16 17:52:53.241 21495 21495 I BLASTBufferQueue: update, w= 1080 h= 2400 mName = ViewRootImpl@6dcaa2e[MainActivity] mNativeObject= 0x7b5b836800 sc.mNativeObject= 0x7bdd3236e0 format= -3 caller= android.view.ViewRootImpl.updateBlastSurfaceIfNeeded:2898 android.view.ViewRootImpl.relayoutWindow:9847 android.view.ViewRootImpl.performTraversals:3884 android.view.ViewRootImpl.doTraversal:3116 android.view.ViewRootImpl$TraversalRunnable.run:10885 android.view.Choreographer$CallbackRecord.run:1301 
10-16 17:52:53.241 21495 21495 I ViewRootImpl@6dcaa2e[MainActivity]: Relayout returned: old=(0,0,1080,2400) new=(0,0,1080,2400) req=(1080,2400)0 dur=8 res=0x0 s={true 0x7b5b8ae000} ch=false seqId=0
10-16 17:52:53.243 21495 21495 W View    : requestLayout() improperly called by android.widget.FrameLayout{8aad45a I.E..V... ......I. 0,0-0,0 #7f0a04e7 app:id/start_panel} during layout: running second layout pass
10-16 17:52:53.243 21495 21495 W View    : requestLayout() improperly called by android.widget.FrameLayout{50c068b I.E..V... ......ID 1080,0-1080,2143 #7f0a0168 app:id/end_panel} during layout: running second layout pass
10-16 17:52:53.244 21495 21495 D SurfaceView@184d2cc: updateSurface: has no frame
10-16 17:52:53.249 21495 21574 I ViewRootImpl@6dcaa2e[MainActivity]: mWNT: t=0x7bdd4a7c00 mBlastBufferQueue=0x7b5b836800 fn= 735 caller= android.view.ViewRootImpl.lambda$applyTransactionOnDraw$11$android-view-ViewRootImpl:12865 android.view.ViewRootImpl$$ExternalSyntheticLambda1.onFrameDraw:4 android.graphics.HardwareRenderer$FrameDrawingCallback.onFrameDraw:924 
10-16 17:52:53.252 21495 21495 D SurfaceView@184d2cc: updateSurface: has no frame
10-16 17:52:53.271 21495 21495 D SurfaceView@184d2cc: updateSurface: has no frame
10-16 17:52:53.288 21495 21495 D SurfaceView@184d2cc: updateSurface: has no frame
10-16 17:52:53.308 21495 21495 D SurfaceView@184d2cc: updateSurface: has no frame
10-16 17:52:53.320 21495 21495 D SurfaceView@184d2cc: updateSurface: has no frame
10-16 17:52:53.339 21495 21495 D SurfaceView@184d2cc: updateSurface: has no frame
10-16 17:52:53.353 21495 21495 D SurfaceView@184d2cc: updateSurface: has no frame
10-16 17:52:53.353 21495 21555 I RVM2    : applyMeta
10-16 17:52:53.369 21495 21495 D SurfaceView@184d2cc: updateSurface: has no frame
10-16 17:52:53.388 21495 21495 D SurfaceView@184d2cc: updateSurface: has no frame
10-16 17:52:53.402 21495 21495 D SurfaceView@184d2cc: updateSurface: has no frame
10-16 17:52:53.419 21495 21495 D SurfaceView@184d2cc: updateSurface: has no frame
10-16 17:52:53.436 21495 21495 D SurfaceView@184d2cc: updateSurface: has no frame
10-16 17:52:53.453 21495 21495 D SurfaceView@184d2cc: updateSurface: has no frame
10-16 17:52:53.469 21495 21495 D SurfaceView@184d2cc: updateSurface: has no frame
10-16 17:52:53.486 21495 21495 D SurfaceView@184d2cc: updateSurface: has no frame
10-16 17:52:53.503 21495 21495 D SurfaceView@184d2cc: updateSurface: has no frame
10-16 17:52:53.519 21495 21495 D SurfaceView@184d2cc: updateSurface: has no frame
10-16 17:52:53.536 21495 21495 D SurfaceView@184d2cc: updateSurface: has no frame
10-16 17:52:53.553 21495 21495 D SurfaceView@184d2cc: updateSurface: has no frame
10-16 17:52:53.569 21495 21495 D SurfaceView@184d2cc: updateSurface: has no frame
10-16 17:52:53.586 21495 21495 D SurfaceView@184d2cc: updateSurface: has no frame
10-16 17:52:53.602 21495 21495 D SurfaceView@184d2cc: updateSurface: has no frame
10-16 17:52:53.619 21495 21495 D SurfaceView@184d2cc: updateSurface: has no frame
10-16 17:52:53.629 21495 21495 W PanelsChildGestureRegionObserver: failed to register view with ID 2131362800. already registered
10-16 17:52:53.632 21495 21495 E CoilImgLoader: Error loading image: coil3.request.NullRequestDataException: The request's data is null.
10-16 17:52:53.637 21495 21495 E CoilImgLoader: Error loading image: coil3.request.NullRequestDataException: The request's data is null.
10-16 17:52:53.689 21495 21544 I SYNCVM  : addFromUrl = https://asiatv.one/drama/tempest-%d9%85%d8%b3%d9%84%d8%b3%d9%84-%d8%a7%d9%84%d8%b9%d8%a7%d8%b5%d9%81%d8%a9-%d8%aa%d9%82%d8%b1%d9%8a%d8%b1-%d8%ad%d9%84%d9%82%d8%a7%d8%aa-%d9%85%d8%aa%d8%b1%d8%ac%d9%85%d8%a9/
10-16 17:52:53.690 21495 21544 I SYNCUTIL: getIdsFromUrl https://asiatv.one/drama/tempest-%d9%85%d8%b3%d9%84%d8%b3%d9%84-%d8%a7%d9%84%d8%b9%d8%a7%d8%b5%d9%81%d8%a9-%d8%aa%d9%82%d8%b1%d9%8a%d8%b1-%d8%ad%d9%84%d9%82%d8%a7%d8%aa-%d9%85%d8%aa%d8%b1%d8%ac%d9%85%d8%a9/
10-16 17:52:53.828 21495 21495 D SurfaceView@184d2cc: updateSurface: has no frame
10-16 17:52:53.830 21495 21495 I SurfaceView@184d2cc: Changes: creating=true format=true size=true visible=true alpha=false hint=false mUseAlpha=false visible=true left=true top=true
10-16 17:52:53.834 21495 21495 I BLASTBufferQueue: update, w= 1080 h= 525 mName = null mNativeObject= 0x7bdd313900 sc.mNativeObject= 0x7b677a8380 format= 4 caller= android.view.SurfaceView.createBlastSurfaceControls:1383 android.view.SurfaceView.updateSurface:1079 android.view.SurfaceView.lambda$new$0$android-view-SurfaceView:200 android.view.SurfaceView$$ExternalSyntheticLambda5.onPreDraw:2 android.view.ViewTreeObserver.dispatchOnPreDraw:1121 android.view.ViewRootImpl.performTraversals:4442 
10-16 17:52:53.834 21495 21495 I SurfaceView@184d2cc: 25481932 Cur surface: Surface(name=null)/@0x649305d
10-16 17:52:53.834 21495 21495 I SurfaceView@184d2cc: pST: sr = Rect(0, 218 - 1080, 743) sw = 1080 sh = 525
10-16 17:52:53.834 21495 21495 D SurfaceView@184d2cc: performSurfaceTransaction RenderWorker position = [0, 218, 1080, 743] surfaceSize = 1080x525
10-16 17:52:53.834 21495 21495 I SurfaceView@184d2cc: applyTransactionOnVriDraw: vri = ViewRootImpl@6dcaa2e[MainActivity] fRS = false t = 0x7b17979900 android.view.SurfaceView.performSurfaceTransaction:959 android.view.SurfaceView.updateSurface:1105 android.view.SurfaceView.lambda$new$0$android-view-SurfaceView:200 
10-16 17:52:53.834 21495 21495 I ViewRootImpl@6dcaa2e[MainActivity]: applyTransactionOnDraw: mRemoved = false isHardwareEnabled = true t = 0x7b17979900android.view.SurfaceView.applyTransactionOnVriDraw:2048 android.view.SurfaceView.performSurfaceTransaction:959 android.view.SurfaceView.updateSurface:1105 android.view.SurfaceView.lambda$new$0$android-view-SurfaceView:200 android.view.SurfaceView$$ExternalSyntheticLambda5.onPreDraw:2 
10-16 17:52:53.834 21495 21495 I SurfaceView@184d2cc: updateSurface: mVisible = true mSurface.isValid() = true
10-16 17:52:53.834 21495 21495 I SurfaceView@184d2cc: updateSurface: mSurfaceCreated = false surfaceChanged = true visibleChanged = true
10-16 17:52:53.835 21495 21495 I SurfaceView@184d2cc: visibleChanged -- surfaceCreated
10-16 17:52:53.835 21495 21495 I SurfaceView@184d2cc: surfaceCreated 0 #8 android.view.SurfaceView{184d2cc V.E..V... ......ID 0,0-1080,525}
10-16 17:52:53.835 21495 21495 I SurfaceView@184d2cc: surfaceChanged -- format=4 w=1080 h=525
10-16 17:52:53.835 21495 21495 I SurfaceView@184d2cc: surfaceChanged (1080,525) 0 #8 android.view.SurfaceView{184d2cc V.E..V... ......ID 0,0-1080,525}
10-16 17:52:53.835 21495 21495 I SurfaceView@184d2cc: surfaceRedrawNeeded
10-16 17:52:53.835 21495 21495 V SurfaceView@184d2cc: Layout: x=0 y=218 w=1080 h=525, frame=Rect(0, 0 - 1080, 525)
10-16 17:52:53.854 21495 21575 D SurfaceView@184d2cc: updateSurfacePosition RenderWorker, frameNr = 758, position = [0, 218, 1080, 743] surfaceSize = 1080x525
10-16 17:52:53.854 21495 21575 I SurfaceView@184d2cc: uSP: rtp = Rect(0, 218 - 1080, 743) rtsw = 1080 rtsh = 525
10-16 17:52:53.854 21495 21575 I SurfaceView@184d2cc: onSSPAndSRT: pl = 0 pt = 218 sx = 1.0 sy = 1.0
10-16 17:52:53.855 21495 21575 I SurfaceView@184d2cc: aOrMT: ViewRootImpl@6dcaa2e[MainActivity] t = android.view.SurfaceControl$Transaction@44988b8 fN = 758 android.view.SurfaceView.-$$Nest$mapplyOrMergeTransaction:0 android.view.SurfaceView$SurfaceViewPositionUpdateListener.positionChanged:1537 android.graphics.RenderNode$CompositePositionUpdateListener.positionChanged:373 
10-16 17:52:53.856 21495 21575 I ViewRootImpl@6dcaa2e[MainActivity]: mWNT: t=0x7b17979b00 mBlastBufferQueue=0x7b5b836800 fn= 758 caller= android.view.SurfaceView.applyOrMergeTransaction:1455 android.view.SurfaceView.-$$Nest$mapplyOrMergeTransaction:0 android.view.SurfaceView$SurfaceViewPositionUpdateListener.positionChanged:1537 
10-16 17:52:53.856 21495 21575 I ViewRootImpl@6dcaa2e[MainActivity]: mWNT: t=0x7b17979900 mBlastBufferQueue=0x7b5b836800 fn= 758 caller= android.view.ViewRootImpl.lambda$applyTransactionOnDraw$11$android-view-ViewRootImpl:12865 android.view.ViewRootImpl$$ExternalSyntheticLambda1.onFrameDraw:4 android.graphics.HardwareRenderer$FrameDrawingCallback.onFrameDraw:924 
10-16 17:52:53.905 21495 21495 I SurfaceView@184d2cc: finishedDrawing
10-16 17:52:54.526 21495 21495 I ViewRootImpl@6dcaa2e[MainActivity]: ViewPostIme pointer 0
10-16 17:52:54.574 21495 21495 I SurfaceView@184d2cc: Changes: creating=false format=false size=false visible=false alpha=false hint=false mUseAlpha=false visible=false left=false top=true
10-16 17:52:54.574 21495 21495 I SurfaceView@184d2cc: 25481932 Cur surface: Surface(name=null)/@0x649305d
10-16 17:52:54.575 21495 21495 I SurfaceView@184d2cc: applyTransactionOnVriDraw: vri = ViewRootImpl@6dcaa2e[MainActivity] fRS = false t = 0x7bdd4adf00 android.view.SurfaceView.performSurfaceTransaction:959 android.view.SurfaceView.updateSurface:1105 android.view.SurfaceView.lambda$new$0$android-view-SurfaceView:200 
10-16 17:52:54.575 21495 21495 I ViewRootImpl@6dcaa2e[MainActivity]: applyTransactionOnDraw: mRemoved = false isHardwareEnabled = true t = 0x7bdd4adf00android.view.SurfaceView.applyTransactionOnVriDraw:2048 android.view.SurfaceView.performSurfaceTransaction:959 android.view.SurfaceView.updateSurface:1105 android.view.SurfaceView.lambda$new$0$android-view-SurfaceView:200 android.view.SurfaceView$$ExternalSyntheticLambda5.onPreDraw:2 
10-16 17:52:54.575 21495 21495 I SurfaceView@184d2cc: updateSurface: mVisible = true mSurface.isValid() = true
10-16 17:52:54.575 21495 21495 I SurfaceView@184d2cc: updateSurface: mSurfaceCreated = true surfaceChanged = false visibleChanged = false
10-16 17:52:54.575 21495 21495 V SurfaceView@184d2cc: Layout: x=0 y=165 w=1080 h=525, frame=Rect(0, 0 - 1080, 525)
10-16 17:52:54.583 21495 21574 D SurfaceView@184d2cc: updateSurfacePosition RenderWorker, frameNr = 782, position = [0, 165, 1080, 690] surfaceSize = 1080x525
10-16 17:52:54.584 21495 21574 I SurfaceView@184d2cc: uSP: rtp = Rect(0, 165 - 1080, 690) rtsw = 1080 rtsh = 525
10-16 17:52:54.584 21495 21574 I SurfaceView@184d2cc: onSSPAndSRT: pl = 0 pt = 165 sx = 1.0 sy = 1.0
10-16 17:52:54.584 21495 21574 I SurfaceView@184d2cc: aOrMT: ViewRootImpl@6dcaa2e[MainActivity] t = android.view.SurfaceControl$Transaction@44988b8 fN = 782 android.view.SurfaceView.-$$Nest$mapplyOrMergeTransaction:0 android.view.SurfaceView$SurfaceViewPositionUpdateListener.positionChanged:1537 android.graphics.RenderNode$CompositePositionUpdateListener.positionChanged:373 
10-16 17:52:54.585 21495 21574 I ViewRootImpl@6dcaa2e[MainActivity]: mWNT: t=0x7b17979b00 mBlastBufferQueue=0x7b5b836800 fn= 782 caller= android.view.SurfaceView.applyOrMergeTransaction:1455 android.view.SurfaceView.-$$Nest$mapplyOrMergeTransaction:0 android.view.SurfaceView$SurfaceViewPositionUpdateListener.positionChanged:1537 
10-16 17:52:54.586 21495 21574 I ViewRootImpl@6dcaa2e[MainActivity]: mWNT: t=0x7bdd4adf00 mBlastBufferQueue=0x7b5b836800 fn= 782 caller= android.view.ViewRootImpl.lambda$applyTransactionOnDraw$11$android-view-ViewRootImpl:12865 android.view.ViewRootImpl$$ExternalSyntheticLambda1.onFrameDraw:4 android.graphics.HardwareRenderer$FrameDrawingCallback.onFrameDraw:924 
10-16 17:52:54.589 21495 21495 I SurfaceView@184d2cc: Changes: creating=false format=false size=false visible=false alpha=false hint=false mUseAlpha=false visible=false left=false top=true
10-16 17:52:54.589 21495 21495 I SurfaceView@184d2cc: 25481932 Cur surface: Surface(name=null)/@0x649305d
10-16 17:52:54.590 21495 21495 I SurfaceView@184d2cc: applyTransactionOnVriDraw: vri = ViewRootImpl@6dcaa2e[MainActivity] fRS = false t = 0x7bdd4b1100 android.view.SurfaceView.performSurfaceTransaction:959 android.view.SurfaceView.updateSurface:1105 android.view.SurfaceView.lambda$new$0$android-view-SurfaceView:200 
