--------- beginning of main
10-16 17:35:32.494 15475 15475 D InputTransport: Input channel destroyed: '64d96e5', fd=148
10-16 17:35:32.502 15475 15475 I ViewRootImpl@6dcaa2e[MainActivity]: MSG_WINDOW_FOCUS_CHANGED 1 0
10-16 17:35:32.503 15475 15475 I ViewRootImpl@6dcaa2e[MainActivity]: mThreadedRenderer.initializeIfNeeded()#2 mSurface={isValid=true 0x7b5d4bc800}
10-16 17:35:32.504 15475 15475 D InputMethodManager: startInputInner - Id : 0
10-16 17:35:32.504 15475 15475 I InputMethodManager: startInputInner - mService.startInputOrWindowGainedFocus
10-16 17:35:33.338 15475 15475 I ViewRootImpl@6dcaa2e[MainActivity]: ViewPostIme pointer 0
10-16 17:35:33.479 15475 15475 D WindowOnBackDispatcher: onBackInvoked, viewRoot=ViewRootImpl@67e9e94[MainActivity], callback=androidx.activity.OnBackPressedDispatcher$Api33Impl$$ExternalSyntheticLambda0@5436a19
10-16 17:35:33.492 15475 15475 I IMM_LC  : hsifw() - flag : 0
10-16 17:35:33.492 15475 15475 I IMM_LC  : hsifw() - mService.hideSoftInput
10-16 17:35:33.497 15475 15475 D ScrollView: initGoToTop
10-16 17:35:33.519 15475 15475 E CoilImgLoader: Error loading image: coil3.request.NullRequestDataException: The request's data is null.
10-16 17:35:33.530 15475 15475 D ScrollView:  onsize change changed 
10-16 17:35:34.312 15475 15475 I ViewRootImpl@6dcaa2e[MainActivity]: ViewPostIme pointer 0
10-16 17:35:34.378 15475 15475 I ViewRootImpl@6dcaa2e[MainActivity]: ViewPostIme pointer 1
10-16 17:35:34.397 15475 15475 I NavComponent: Navigating to fragment: 2131361879
10-16 17:35:34.401 15475 15475 I IMM_LC  : hsifw() - flag : 0
10-16 17:35:34.401 15475 15475 I IMM_LC  : hsifw() - mService.hideSoftInput
10-16 17:35:34.730 15475 15481 W st.cloudstream3: Cleared Reference was only reachable from finalizer (only reported once)
10-16 17:35:34.789 15475 15481 I st.cloudstream3: Background concurrent copying GC freed 18MB AllocSpace bytes, 70(3140KB) LOS objects, 49% free, 12MB/24MB, paused 335us,64us total 143.883ms
10-16 17:35:34.791 15475 15499 D OpenGLRenderer: setSurface called with nullptr
10-16 17:35:34.792 15475 15482 D InputTransport: Input channel destroyed: 'ClientS', fd=141
10-16 17:35:35.528 15475 15475 I ViewRootImpl@6dcaa2e[MainActivity]: ViewPostIme pointer 0
10-16 17:35:35.561 15475 15475 I ViewRootImpl@6dcaa2e[MainActivity]: ViewPostIme pointer 1
10-16 17:35:35.586 15475 15475 I IMM_LC  : hsifw() - flag : 0
10-16 17:35:35.586 15475 15475 I IMM_LC  : hsifw() - mService.hideSoftInput
10-16 17:35:35.697 15475 15475 I PLG     : updatePluginList = https://raw.githubusercontent.com/adamwolker21/DZ/refs/heads/master/repo.json
10-16 17:35:35.697 15475 15475 I PLG     : getPlugins = https://raw.githubusercontent.com/adamwolker21/DZ/refs/heads/master/repo.json
10-16 17:35:35.840 15475 15531 D VotingApi: Requesting: https://counterapi.com/api/cs-raw.githubusercontent.com-adamwolker21-DZ/vote/6dc8375a9c21c941e4f4638f351ba59129efb002ec683156e6e11dbcbd8c1d5d?readOnly=true
10-16 17:35:36.306 15475 15475 I ViewRootImpl@6dcaa2e[MainActivity]: ViewPostIme pointer 0
10-16 17:35:36.349 15475 15475 I ViewRootImpl@6dcaa2e[MainActivity]: ViewPostIme pointer 1
10-16 17:35:36.366 15475 15534 I PLG     : handlePluginAction = https://raw.githubusercontent.com/adamwolker21/DZ/refs/heads/master/repo.json, (https://raw.githubusercontent.com/adamwolker21/DZ/refs/heads/master/repo.json, SitePlugin(url=https://raw.githubusercontent.com/adamwolker21/DZ/builds/Asiatv.one.cs3, status=1, version=1, apiVersion=1, name=Asiatv.one, internalName=Asiatv.one, authors=[adamwolker21], description=Asiatv.one, repositoryUrl=https://github.com/adamwolker21/DZ, tvTypes=[Movie, TvSeries], language=ar, iconUrl=https://asiatv.one/wp-content/uploads/2021/09/cropped-asiadrama-192x192.png.webp, fileSize=14167)), false
10-16 17:35:36.368 15475 15534 D PluginManager: Downloading plugin: https://raw.githubusercontent.com/adamwolker21/DZ/builds/Asiatv.one.cs3 to /data/user/0/com.lagradost.cloudstream3/files/Extensions/httpsraw.githubusercontent.comadamwolker21DZrefsheadsmasterrepo.json.-468825824/Asiatv.one.344131172.cs3
10-16 17:35:36.426 15475 15534 I PluginManager: Unloading plugin: /data/user/0/com.lagradost.cloudstream3/files/Extensions/httpsraw.githubusercontent.comadamwolker21DZrefsheadsmasterrepo.json.-468825824/Asiatv.one.344131172.cs3
10-16 17:35:36.426 15475 15534 W PluginManager: Couldn't find plugin /data/user/0/com.lagradost.cloudstream3/files/Extensions/httpsraw.githubusercontent.comadamwolker21DZrefsheadsmasterrepo.json.-468825824/Asiatv.one.344131172.cs3
10-16 17:35:36.426 15475 15534 I PluginManager: Loading plugin: PluginData(internalName=Asiatv.one, url=https://raw.githubusercontent.com/adamwolker21/DZ/builds/Asiatv.one.cs3, isOnline=true, filePath=/data/user/0/com.lagradost.cloudstream3/files/Extensions/httpsraw.githubusercontent.comadamwolker21DZrefsheadsmasterrepo.json.-468825824/Asiatv.one.344131172.cs3, version=-2147483648)
10-16 17:35:36.474 15475 15534 I PluginInstance: Adding AsiaTV (https://asiatv.one) MainAPI
10-16 17:35:36.474 15475 15534 I PluginManager: Loaded plugin Asiatv.one successfully
10-16 17:35:36.475 15475 15534 I PLG     : getPlugins = https://raw.githubusercontent.com/adamwolker21/DZ/refs/heads/master/repo.json
10-16 17:35:36.476 15475 15475 I COMPACT : showToast = Plugin Loaded
10-16 17:35:36.485 15475 15475 D CompatibilityChangeReporter: Compat change id reported: 147798919; UID 10526; state: ENABLED
10-16 17:35:36.485 15475 15475 E Toast   : setGravity() shouldn't be called on text toasts, the values won't be used
10-16 17:35:36.485 15475 15475 I Toast   : setView: it's a custom toast
10-16 17:35:36.494 15475 15475 V Toast   : show: caller = com.lagradost.cloudstream3.CommonActivity.showToast:175 
10-16 17:35:36.558 15475 15475 V Toast   : HANDLE SHOW: android.widget.Toast$TN@5786f88 mView=null mNextView=androidx.cardview.widget.CardView{1731d21 V.E..V... ......ID 0,0-0,0 #7f0a0557 app:id/toast_layout_root}
10-16 17:35:36.559 15475 15475 V ToastPresenter: sipHeight = -39
10-16 17:35:36.562 15475 15475 V ToastPresenter: yOffset = 13
10-16 17:35:36.579 15475 15499 D NativeCustomFrequencyManager: [NativeCFMS] BpCustomFrequencyManager::BpCustomFrequencyManager()
10-16 17:35:36.590 15475 15475 D InsetsController: onStateChanged: InsetsState: {mDisplayFrame=Rect(0, 0 - 1080, 2400), mDisplayCutout=DisplayCutout{insets=Rect(0, 88 - 0, 0) waterfall=Insets{left=0, top=0, right=0, bottom=0} boundingRect={Bounds=[Rect(0, 0 - 0, 0), Rect(512, 0 - 568, 88), Rect(0, 0 - 0, 0), Rect(0, 0 - 0, 0)]} cutoutPathParserInfo={CutoutPathParserInfo{displayWidth=1080 displayHeight=2400 physicalDisplayWidth=1080 physicalDisplayHeight=2400 density={2.625} cutoutSpec={M 0,0 M 0,12.25101276465640 a 10.60613009248640,10.60613009248640 0 1,0 0,21.21226018497290 a 10.60613009248640,10.60613009248640 0 1,0 0,-21.21226018497290 Z @dp} rotation={0} scale={1.0} physicalPixelDisplaySizeRatio={1.0}}}}, mRoundedCorners=RoundedCorners{[RoundedCorner{position=TopLeft, radius=84, center=Point(84, 84)}, RoundedCorner{position=TopRight, radius=84, center=Point(996, 84)}, RoundedCorner{position=BottomRight, radius=84, center=Point(996, 2316)}, RoundedCorner{position=BottomLeft, radius=84, center=Point(84, 2316)}]}  mRoundedCornerFrame=Rect(0, 0 - 0, 0), mPrivacyIndicatorBounds=PrivacyIndicatorBounds {static bounds=Rect(964, 0 - 1080, 87) rotation=0}, mSources= { InsetsSource: {mType=ITYPE_NAVIGATION_BAR, mFrame=[0,2361][1080,2400], mVisible=true, mInsetsRoundedCornerFrame=false}, InsetsSource: {mType=ITYPE_LEFT_GESTURES, mFrame=[0,0][130,2400], mVisible=true, mInsetsRoundedCornerFrame=false}, InsetsSource: {mType=ITYPE_RIGHT_GESTURES, mFrame=[950,0][1080,2400], mVisible=true, mInsetsRoundedCornerFrame=false}, InsetsSource: {mType=ITYPE_TOP_MANDATORY_GESTURES, mFrame=[0,0][1080,120], mVisible=true, mInsetsRoundedCornerFrame=false}, InsetsSource: {mType=ITYPE_BOTTOM_MANDATORY_GESTURES, mFrame=[0,2316][1080,2400], mVisible=true, mInsetsRoundedCornerFrame=false}, InsetsSource: {mType=ITYPE_LEFT_DISPLAY_CUTOUT, mFrame=[0,0][-100000,2400], mVisible=true, mInsetsRoundedCornerFrame=false}, InsetsSource: {mType=ITYPE_TOP_DISPLAY_CUTOUT, mFrame=[0,0][1080,88], mVisible=true, mInsetsRoundedCornerFrame=false}, InsetsSource: {mType=ITYPE_RIGHT_DISPLAY_CUTOUT, mFrame=[100000,0][1080,2400], mVisible=true, mInsetsRoundedCornerFrame=false}, InsetsSource: {mType=ITYPE_BOTTOM_DISPLAY_CUTOUT, mFrame=[0,100000][1080,2400], mVisible=true, mInsetsRoundedCornerFrame=false}, InsetsSource: {mType=ITYPE_BOTTOM_TAPPABLE_ELEMENT, mFrame=[0,0][0,0], mVisible=true, mInsetsRoundedCornerFrame=false} } host=Toast from=android.view.ViewRootImpl.setView:1732
10-16 17:35:36.592 15475 15475 I ViewRootImpl@969a546[Toast]: setView = androidx.cardview.widget.CardView@1731d21 TM=true
10-16 17:35:36.611 15475 15475 I ViewRootImpl@969a546[Toast]: performTraversals params={(0,13)(wrapxwrap) gr=BOTTOM CENTER sim={adjust=resize} ty=TOAST fmt=TRANSLUCENT wanim=0x1030004 surfaceInsets=Rect(11, 11 - 11, 11)
10-16 17:35:36.611 15475 15475 I ViewRootImpl@969a546[Toast]:   fl=1000098
10-16 17:35:36.611 15475 15475 I ViewRootImpl@969a546[Toast]:   pfl=12000000
10-16 17:35:36.611 15475 15475 I ViewRootImpl@969a546[Toast]:   bhv=DEFAULT
10-16 17:35:36.611 15475 15475 I ViewRootImpl@969a546[Toast]:   fitTypes=STATUS_BARS NAVIGATION_BARS CAPTION_BAR
10-16 17:35:36.611 15475 15475 I ViewRootImpl@969a546[Toast]:   fitIgnoreVis naviIconColor=0}
10-16 17:35:36.613 15475 15475 I ViewRootImpl@969a546[Toast]: performTraversals mFirst=true windowShouldResize=false viewVisibilityChanged=false mForceNextWindowRelayout=false params={(0,13)(wrapxwrap) gr=BOTTOM CENTER sim={adjust=resize} ty=TOAST fmt=TRANSLUCENT wanim=0x1030004 surfaceInsets=Rect(11, 11 - 11, 11)
10-16 17:35:36.613 15475 15475 I ViewRootImpl@969a546[Toast]:   fl=1000098
10-16 17:35:36.613 15475 15475 I ViewRootImpl@969a546[Toast]:   pfl=12000000
10-16 17:35:36.613 15475 15475 I ViewRootImpl@969a546[Toast]:   bhv=DEFAULT
10-16 17:35:36.613 15475 15475 I ViewRootImpl@969a546[Toast]:   fitTypes=STATUS_BARS NAVIGATION_BARS CAPTION_BAR
10-16 17:35:36.613 15475 15475 I ViewRootImpl@969a546[Toast]:   fitIgnoreVis naviIconColor=0}
10-16 17:35:36.627 15475 15475 I ViewRootImpl@969a546[Toast]: updateBlastSurfaceIfNeeded mBlastBufferQueue=null isSameSurfaceControl=false
10-16 17:35:36.628 15475 15475 I BLASTBufferQueue: new BLASTBufferQueue, mName= ViewRootImpl@969a546[Toast] mNativeObject= 0x7bdd5a0700 sc.mNativeObject= 0x7bdd5c3880 caller= android.view.ViewRootImpl.updateBlastSurfaceIfNeeded:2909 android.view.ViewRootImpl.relayoutWindow:9847 android.view.ViewRootImpl.performTraversals:3884 android.view.ViewRootImpl.doTraversal:3116 android.view.ViewRootImpl$TraversalRunnable.run:10885 android.view.Choreographer$CallbackRecord.run:1301 android.view.Choreographer$CallbackRecord.run:1309 android.view.Choreographer.doCallbacks:923 android.view.Choreographer.doFrame:852 android.view.Choreographer$FrameDisplayEventReceiver.run:1283 
10-16 17:35:36.628 15475 15475 I BLASTBufferQueue: update, w= 373 h= 178 mName = ViewRootImpl@969a546[Toast] mNativeObject= 0x7bdd5a0700 sc.mNativeObject= 0x7bdd5c3880 format= -3 caller= android.graphics.BLASTBufferQueue.<init>:84 android.view.ViewRootImpl.updateBlastSurfaceIfNeeded:2909 android.view.ViewRootImpl.relayoutWindow:9847 android.view.ViewRootImpl.performTraversals:3884 android.view.ViewRootImpl.doTraversal:3116 android.view.ViewRootImpl$TraversalRunnable.run:10885 
10-16 17:35:36.629 15475 15475 I ViewRootImpl@969a546[Toast]: Relayout returned: old=(0,88,1080,2361) new=(364,2192,715,2348) req=(351,156)0 dur=13 res=0x3 s={true 0x7bdd494800} ch=true seqId=0
10-16 17:35:36.631 15475 15475 I ViewRootImpl@969a546[Toast]: mThreadedRenderer.initialize() mSurface={isValid=true 0x7bdd494800} hwInitialized=true
10-16 17:35:36.633 15475 15475 I ViewRootImpl@969a546[Toast]: reportNextDraw android.view.ViewRootImpl.performTraversals:4438 android.view.ViewRootImpl.doTraversal:3116 android.view.ViewRootImpl$TraversalRunnable.run:10885 android.view.Choreographer$CallbackRecord.run:1301 android.view.Choreographer$CallbackRecord.run:1309 
10-16 17:35:36.633 15475 15475 I ViewRootImpl@969a546[Toast]: Setup new sync id=0
10-16 17:35:36.633 15475 15475 I ViewRootImpl@969a546[Toast]: Setting syncFrameCallback
10-16 17:35:36.633 15475 15475 I ViewRootImpl@969a546[Toast]: registerCallbacksForSync syncBuffer=false
10-16 17:35:36.634 15475 15499 D OpenGLRenderer: eglCreateWindowSurface
10-16 17:35:36.648 15475 15554 I ViewRootImpl@969a546[Toast]: Received frameDrawingCallback syncResult=0 frameNum=1.
10-16 17:35:36.648 15475 15554 I ViewRootImpl@969a546[Toast]: Setting up sync and frameCommitCallback
10-16 17:35:36.649 15475 15499 I BLASTBufferQueue: [ViewRootImpl@969a546[Toast]#2](f:0,a:0) onFrameAvailable the first frame is available
10-16 17:35:36.650 15475 15499 I ViewRootImpl@969a546[Toast]: Received frameCommittedCallback lastAttemptedDrawFrameNum=1 didProduceBuffer=true
10-16 17:35:36.652 15475 15499 D OpenGLRenderer: CFMS:: SetUp Pid : 15475    Tid : 15499
10-16 17:35:36.654 15475 15475 I ViewRootImpl@969a546[Toast]: onSyncComplete
10-16 17:35:36.655 15475 15475 I ViewRootImpl@969a546[Toast]: setupSync seqId=0 mSyncId=0 fn=1 caller=android.view.ViewRootImpl$$ExternalSyntheticLambda11.accept:6 android.window.SurfaceSyncer.lambda$setupSync$1$android-window-SurfaceSyncer:128 android.window.SurfaceSyncer$$ExternalSyntheticLambda1.accept:8 android.window.SurfaceSyncer$SyncSet.checkIfSyncIsComplete:382 android.window.SurfaceSyncer$SyncSet.markSyncReady:359 android.window.SurfaceSyncer.markSyncReady:151 android.view.ViewRootImpl.performTraversals:4503 
10-16 17:35:36.655 15475 15475 I ViewRootImpl@969a546[Toast]: reportDrawFinished seqId=0 mSyncId=-1 fn=1 mSurfaceChangedTransaction=0x7bdd48c200
10-16 17:35:37.612 15475 15475 I ViewRootImpl@6dcaa2e[MainActivity]: ViewPostIme pointer 0
10-16 17:35:37.669 15475 15475 I ViewRootImpl@6dcaa2e[MainActivity]: ViewPostIme pointer 1
10-16 17:35:37.691 15475 15475 I IMM_LC  : hsifw() - flag : 0
10-16 17:35:37.691 15475 15475 I IMM_LC  : hsifw() - mService.hideSoftInput
10-16 17:35:38.505 15475 15499 D OpenGLRenderer: setSurface called with nullptr
10-16 17:35:38.505 15475 15499 D OpenGLRenderer: setSurface() destroyed EGLSurface
10-16 17:35:38.505 15475 15499 D OpenGLRenderer: destroyEglSurface
10-16 17:35:38.506 15475 15475 I ViewRootImpl@969a546[Toast]: dispatchDetachedFromWindow
10-16 17:35:38.522 15475 15475 D InputTransport: Input channel destroyed: 'ff10a0 ', fd=144
10-16 17:35:39.202 15475 15475 I ViewRootImpl@6dcaa2e[MainActivity]: ViewPostIme pointer 0
10-16 17:35:39.260 15475 15475 I ViewRootImpl@6dcaa2e[MainActivity]: ViewPostIme pointer 1
10-16 17:35:39.265 15475 15475 I Dialog  : mIsDeviceDefault = false, mIsSamsungBasicInteraction = false, isMetaDataInActivity = false
10-16 17:35:39.378 15475 15475 I DecorView: [INFO] isPopOver=false config=false
10-16 17:35:39.378 15475 15475 I DecorView: updateCaptionType: isFloating=false isApplication=true hasWindowDecorCaption=false this=DecorView@588856c[]
10-16 17:35:39.378 15475 15475 D DecorView: setCaptionType = 0, this = DecorView@588856c[]
10-16 17:35:39.380 15475 15475 I DecorView: getCurrentDensityDpi: from app context. densityDpi=420 msg=resources_loaded
10-16 17:35:39.380 15475 15475 I DecorView: setWindowBackground: isPopOver=false color=0 d=android.graphics.drawable.ColorDrawable@f75c7ca
10-16 17:35:39.385 15475 15499 D NativeCustomFrequencyManager: [NativeCFMS] BpCustomFrequencyManager::BpCustomFrequencyManager()
10-16 17:35:39.386 15475 15475 I DecorView: notifyKeepScreenOnChanged: keepScreenOn=false
10-16 17:35:39.396 15475 15475 D InsetsController: onStateChanged: InsetsState: {mDisplayFrame=Rect(0, 0 - 1080, 2400), mDisplayCutout=DisplayCutout{insets=Rect(0, 88 - 0, 0) waterfall=Insets{left=0, top=0, right=0, bottom=0} boundingRect={Bounds=[Rect(0, 0 - 0, 0), Rect(512, 0 - 568, 88), Rect(0, 0 - 0, 0), Rect(0, 0 - 0, 0)]} cutoutPathParserInfo={CutoutPathParserInfo{displayWidth=1080 displayHeight=2400 physicalDisplayWidth=1080 physicalDisplayHeight=2400 density={2.625} cutoutSpec={M 0,0 M 0,12.25101276465640 a 10.60613009248640,10.60613009248640 0 1,0 0,21.21226018497290 a 10.60613009248640,10.60613009248640 0 1,0 0,-21.21226018497290 Z @dp} rotation={0} scale={1.0} physicalPixelDisplaySizeRatio={1.0}}}}, mRoundedCorners=RoundedCorners{[RoundedCorner{position=TopLeft, radius=84, center=Point(84, 84)}, RoundedCorner{position=TopRight, radius=84, center=Point(996, 84)}, RoundedCorner{position=BottomRight, radius=84, center=Point(996, 2316)}, RoundedCorner{position=BottomLeft, radius=84, center=Point(84, 2316)}]}  mRoundedCornerFrame=Rect(0, 0 - 1080, 2400), mPrivacyIndicatorBounds=PrivacyIndicatorBounds {static bounds=Rect(964, 0 - 1080, 87) rotation=0}, mSources= { InsetsSource: {mType=ITYPE_STATUS_BAR, mFrame=[0,0][1080,88], mVisible=true, mInsetsRoundedCornerFrame=false}, InsetsSource: {mType=ITYPE_NAVIGATION_BAR, mFrame=[0,2361][1080,2400], mVisible=true, mInsetsRoundedCornerFrame=false}, InsetsSource: {mType=ITYPE_LEFT_GESTURES, mFrame=[0,0][130,2400], mVisible=true, mInsetsRoundedCornerFrame=false}, InsetsSource: {mType=ITYPE_RIGHT_GESTURES, mFrame=[950,0][1080,2400], mVisible=true, mInsetsRoundedCornerFrame=false}, InsetsSource: {mType=ITYPE_TOP_MANDATORY_GESTURES, mFrame=[0,0][1080,120], mVisible=true, mInsetsRoundedCornerFrame=false}, InsetsSource: {mType=ITYPE_BOTTOM_MANDATORY_GESTURES, mFrame=[0,2316][1080,2400], mVisible=true, mInsetsRoundedCornerFrame=false}, InsetsSource: {mType=ITYPE_LEFT_DISPLAY_CUTOUT, mFrame=[0,0][-100000,2400], mVisible=true, mInsetsRoundedCornerFrame=false}, InsetsSource: {mType=ITYPE_TOP_DISPLAY_CUTOUT, mFrame=[0,0][1080,88], mVisible=true, mInsetsRoundedCornerFrame=false}, InsetsSource: {mType=ITYPE_RIGHT_DISPLAY_CUTOUT, mFrame=[100000,0][1080,2400], mVisible=true, mInsetsRoundedCornerFrame=false}, InsetsSource: {mType=ITYPE_BOTTOM_DISPLAY_CUTOUT, mFrame=[0,100000][1080,2400], mVisible=true, mInsetsRoundedCornerFrame=false}, InsetsSource: {mType=ITYPE_TOP_TAPPABLE_ELEMENT, mFrame=[0,0][1080,88], mVisible=true, mInsetsRoundedCornerFrame=false}, InsetsSource: {mType=ITYPE_BOTTOM_TAPPABLE_ELEMENT, mFrame=[0,0][0,0], mVisible=true, mInsetsRoundedCornerFrame=false}, InsetsSource: {mType=ITYPE_IME, mFrame=[0,0][0,0], mVisibleFrame=[0,1409][1080,2400], mVisible=false, mInsetsRoundedCornerFrame=false} } host=com.lagradost.cloudstream3/com.lagradost.cloudstream3.MainActivity from=android.view.ViewRootImpl.setView:1732
10-16 17:35:39.397 15475 15475 I ViewRootImpl@4ea8b3[MainActivity]: setView = com.android.internal.policy.DecorView@588856c TM=true
10-16 17:35:39.416 15475 15475 I ViewRootImpl@4ea8b3[MainActivity]: performTraversals params={(0,0)(fillxfill) gr=CENTER sim={adjust=resize forwardNavigation} ty=APPLICATION fmt=TRANSPARENT wanim=0x7f14000b
10-16 17:35:39.416 15475 15475 I ViewRootImpl@4ea8b3[MainActivity]:   fl=85810100
10-16 17:35:39.416 15475 15475 I ViewRootImpl@4ea8b3[MainActivity]:   pfl=12020040
10-16 17:35:39.416 15475 15475 I ViewRootImpl@4ea8b3[MainActivity]:   vsysui=500
10-16 17:35:39.416 15475 15475 I ViewRootImpl@4ea8b3[MainActivity]:   bhv=DEFAULT
10-16 17:35:39.416 15475 15475 I ViewRootImpl@4ea8b3[MainActivity]:   fitSides= naviIconColor=0}
10-16 17:35:39.416 15475 15475 I ViewRootImpl@4ea8b3[MainActivity]: performTraversals mFirst=true windowShouldResize=true viewVisibilityChanged=false mForceNextWindowRelayout=false params={(0,0)(fillxfill) gr=CENTER sim={adjust=resize forwardNavigation} ty=APPLICATION fmt=TRANSPARENT wanim=0x7f14000b
10-16 17:35:39.416 15475 15475 I ViewRootImpl@4ea8b3[MainActivity]:   fl=85810100
10-16 17:35:39.416 15475 15475 I ViewRootImpl@4ea8b3[MainActivity]:   pfl=12020040
10-16 17:35:39.416 15475 15475 I ViewRootImpl@4ea8b3[MainActivity]:   vsysui=500
10-16 17:35:39.416 15475 15475 I ViewRootImpl@4ea8b3[MainActivity]:   bhv=DEFAULT
10-16 17:35:39.416 15475 15475 I ViewRootImpl@4ea8b3[MainActivity]:   fitSides= naviIconColor=0}
10-16 17:35:39.432 15475 15475 I ViewRootImpl@4ea8b3[MainActivity]: updateBlastSurfaceIfNeeded mBlastBufferQueue=null isSameSurfaceControl=false
10-16 17:35:39.433 15475 15475 I BLASTBufferQueue: new BLASTBufferQueue, mName= ViewRootImpl@4ea8b3[MainActivity] mNativeObject= 0x7b5d3f2300 sc.mNativeObject= 0x7b5d55e8e0 caller= android.view.ViewRootImpl.updateBlastSurfaceIfNeeded:2909 android.view.ViewRootImpl.relayoutWindow:9847 android.view.ViewRootImpl.performTraversals:3884 android.view.ViewRootImpl.doTraversal:3116 android.view.ViewRootImpl$TraversalRunnable.run:10885 android.view.Choreographer$CallbackRecord.run:1301 android.view.Choreographer$CallbackRecord.run:1309 android.view.Choreographer.doCallbacks:923 android.view.Choreographer.doFrame:852 android.view.Choreographer$FrameDisplayEventReceiver.run:1283 
10-16 17:35:39.433 15475 15475 I BLASTBufferQueue: update, w= 1080 h= 2400 mName = ViewRootImpl@4ea8b3[MainActivity] mNativeObject= 0x7b5d3f2300 sc.mNativeObject= 0x7b5d55e8e0 format= -2 caller= android.graphics.BLASTBufferQueue.<init>:84 android.view.ViewRootImpl.updateBlastSurfaceIfNeeded:2909 android.view.ViewRootImpl.relayoutWindow:9847 android.view.ViewRootImpl.performTraversals:3884 android.view.ViewRootImpl.doTraversal:3116 android.view.ViewRootImpl$TraversalRunnable.run:10885 
10-16 17:35:39.433 15475 15475 I ViewRootImpl@4ea8b3[MainActivity]: Relayout returned: old=(0,0,1080,2400) new=(0,0,1080,2400) req=(1080,2400)0 dur=16 res=0x3 s={true 0x7bdd494800} ch=true seqId=0
10-16 17:35:39.434 15475 15475 I ViewRootImpl@4ea8b3[MainActivity]: mThreadedRenderer.initialize() mSurface={isValid=true 0x7bdd494800} hwInitialized=true
10-16 17:35:39.435 15475 15499 D OpenGLRenderer: eglCreateWindowSurface
10-16 17:35:39.449 15475 15475 D AbsListView:  in onLayout changed 
10-16 17:35:39.450 15475 15475 I ViewRootImpl@4ea8b3[MainActivity]: reportNextDraw android.view.ViewRootImpl.performTraversals:4438 android.view.ViewRootImpl.doTraversal:3116 android.view.ViewRootImpl$TraversalRunnable.run:10885 android.view.Choreographer$CallbackRecord.run:1301 android.view.Choreographer$CallbackRecord.run:1309 
10-16 17:35:39.450 15475 15475 I ViewRootImpl@4ea8b3[MainActivity]: Setup new sync id=0
10-16 17:35:39.450 15475 15475 I ViewRootImpl@4ea8b3[MainActivity]: Setting syncFrameCallback
10-16 17:35:39.451 15475 15475 I ViewRootImpl@4ea8b3[MainActivity]: registerCallbacksForSync syncBuffer=false
10-16 17:35:39.459 15475 15555 I ViewRootImpl@4ea8b3[MainActivity]: Received frameDrawingCallback syncResult=0 frameNum=1.
10-16 17:35:39.459 15475 15555 I ViewRootImpl@4ea8b3[MainActivity]: Setting up sync and frameCommitCallback
10-16 17:35:39.484 15475 15499 I BLASTBufferQueue: [ViewRootImpl@4ea8b3[MainActivity]#3](f:0,a:0) onFrameAvailable the first frame is available
10-16 17:35:39.485 15475 15499 I ViewRootImpl@4ea8b3[MainActivity]: Received frameCommittedCallback lastAttemptedDrawFrameNum=1 didProduceBuffer=true
10-16 17:35:39.487 15475 15499 D OpenGLRenderer: CFMS:: SetUp Pid : 15475    Tid : 15499
10-16 17:35:39.490 15475 15475 I ViewRootImpl@4ea8b3[MainActivity]: onSyncComplete
10-16 17:35:39.491 15475 15475 I ViewRootImpl@4ea8b3[MainActivity]: setupSync seqId=0 mSyncId=0 fn=1 caller=android.view.ViewRootImpl$$ExternalSyntheticLambda11.accept:6 android.window.SurfaceSyncer.lambda$setupSync$1$android-window-SurfaceSyncer:128 android.window.SurfaceSyncer$$ExternalSyntheticLambda1.accept:8 android.window.SurfaceSyncer$SyncSet.checkIfSyncIsComplete:382 android.window.SurfaceSyncer$SyncSet.markSyncReady:359 android.window.SurfaceSyncer.markSyncReady:151 android.view.ViewRootImpl.performTraversals:4503 
10-16 17:35:39.497 15475 15475 I ViewRootImpl@4ea8b3[MainActivity]: reportDrawFinished seqId=0 mSyncId=-1 fn=1 mSurfaceChangedTransaction=0x7bdd4f0800
10-16 17:35:39.515 15475 15475 I ViewRootImpl@6dcaa2e[MainActivity]: MSG_WINDOW_FOCUS_CHANGED 0 0
10-16 17:35:39.560 15475 15475 I ViewRootImpl@4ea8b3[MainActivity]: MSG_WINDOW_FOCUS_CHANGED 1 0
10-16 17:35:39.560 15475 15475 I ViewRootImpl@4ea8b3[MainActivity]: mThreadedRenderer.initializeIfNeeded()#2 mSurface={isValid=true 0x7bdd494800}
10-16 17:35:39.564 15475 15475 D InputMethodManager: startInputInner - Id : 0
10-16 17:35:39.564 15475 15475 I InputMethodManager: startInputInner - mService.startInputOrWindowGainedFocus
10-16 17:35:40.260 15475 15475 I ViewRootImpl@4ea8b3[MainActivity]: ViewPostIme pointer 0
10-16 17:35:40.316 15475 15475 I ViewRootImpl@4ea8b3[MainActivity]: ViewPostIme pointer 1
10-16 17:35:40.317 15475 15475 D AbsListView: onTouchUp() mTouchMode : 0
10-16 17:35:40.393 15475 15475 I MSHandlerLifeCycle: removeMultiSplitHandler: no exist. decor=DecorView@588856c[MainActivity]
10-16 17:35:40.398 15475 15499 D OpenGLRenderer: setSurface called with nullptr
10-16 17:35:40.399 15475 15499 D OpenGLRenderer: setSurface() destroyed EGLSurface
10-16 17:35:40.399 15475 15499 D OpenGLRenderer: destroyEglSurface
10-16 17:35:40.401 15475 15499 D OpenGLRenderer: endAllActiveAnimators on 0x7b1b1e6300 (MaterialTextView) with handle 0x7b418364a0
10-16 17:35:40.402 15475 15475 I ViewRootImpl@4ea8b3[MainActivity]: dispatchDetachedFromWindow
10-16 17:35:40.428 15475 15475 D InputTransport: Input channel destroyed: 'b914afc', fd=168
10-16 17:35:40.435 15475 15475 D InsetsController: onStateChanged: InsetsState: {mDisplayFrame=Rect(0, 0 - 1080, 2400), mDisplayCutout=DisplayCutout{insets=Rect(0, 88 - 0, 0) waterfall=Insets{left=0, top=0, right=0, bottom=0} boundingRect={Bounds=[Rect(0, 0 - 0, 0), Rect(512, 0 - 568, 88), Rect(0, 0 - 0, 0), Rect(0, 0 - 0, 0)]} cutoutPathParserInfo={CutoutPathParserInfo{displayWidth=1080 displayHeight=2400 physicalDisplayWidth=1080 physicalDisplayHeight=2400 density={2.625} cutoutSpec={M 0,0 M 0,12.25101276465640 a 10.60613009248640,10.60613009248640 0 1,0 0,21.21226018497290 a 10.60613009248640,10.60613009248640 0 1,0 0,-21.21226018497290 Z @dp} rotation={0} scale={1.0} physicalPixelDisplaySizeRatio={1.0}}}}, mRoundedCorners=RoundedCorners{[RoundedCorner{position=TopLeft, radius=84, center=Point(84, 84)}, RoundedCorner{position=TopRight, radius=84, center=Point(996, 84)}, RoundedCorner{position=BottomRight, radius=84, center=Point(996, 2316)}, RoundedCorner{position=BottomLeft, radius=84, center=Point(84, 2316)}]}  mRoundedCornerFrame=Rect(0, 0 - 1080, 2400), mPrivacyIndicatorBounds=PrivacyIndicatorBounds {static bounds=Rect(964, 0 - 1080, 87) rotation=0}, mSources= { InsetsSource: {mType=ITYPE_STATUS_BAR, mFrame=[0,0][1080,88], mVisible=true, mInsetsRoundedCornerFrame=false}, InsetsSource: {mType=ITYPE_NAVIGATION_BAR, mFrame=[0,2361][1080,2400], mVisible=true, mInsetsRoundedCornerFrame=false}, InsetsSource: {mType=ITYPE_LEFT_GESTURES, mFrame=[0,0][130,2400], mVisible=true, mInsetsRoundedCornerFrame=false}, InsetsSource: {mType=ITYPE_RIGHT_GESTURES, mFrame=[950,0][1080,2400], mVisible=true, mInsetsRoundedCornerFrame=false}, InsetsSource: {mType=ITYPE_TOP_MANDATORY_GESTURES, mFrame=[0,0][1080,120], mVisible=true, mInsetsRoundedCornerFrame=false}, InsetsSource: {mType=ITYPE_BOTTOM_MANDATORY_GESTURES, mFrame=[0,2316][1080,2400], mVisible=true, mInsetsRoundedCornerFrame=false}, InsetsSource: {mType=ITYPE_LEFT_DISPLAY_CUTOUT, mFrame=[0,0][-100000,2400], mVisible=true, mInsetsRoundedCornerFrame=false}, InsetsSource: {mType=ITYPE_TOP_DISPLAY_CUTOUT, mFrame=[0,0][1080,88], mVisible=true, mInsetsRoundedCornerFrame=false}, InsetsSource: {mType=ITYPE_RIGHT_DISPLAY_CUTOUT, mFrame=[100000,0][1080,2400], mVisible=true, mInsetsRoundedCornerFrame=false}, InsetsSource: {mType=ITYPE_BOTTOM_DISPLAY_CUTOUT, mFrame=[0,100000][1080,2400], mVisible=true, mInsetsRoundedCornerFrame=false}, InsetsSource: {mType=ITYPE_TOP_TAPPABLE_ELEMENT, mFrame=[0,0][1080,88], mVisible=true, mInsetsRoundedCornerFrame=false}, InsetsSource: {mType=ITYPE_BOTTOM_TAPPABLE_ELEMENT, mFrame=[0,0][0,0], mVisible=true, mInsetsRoundedCornerFrame=false} } host=com.lagradost.cloudstream3/com.lagradost.cloudstream3.MainActivity from=android.view.ViewRootImpl$ViewRootHandler.handleMessageImpl:6740
10-16 17:35:40.471 15475 15475 I ViewRootImpl@6dcaa2e[MainActivity]: MSG_WINDOW_FOCUS_CHANGED 1 0
10-16 17:35:40.471 15475 15475 I ViewRootImpl@6dcaa2e[MainActivity]: mThreadedRenderer.initializeIfNeeded()#2 mSurface={isValid=true 0x7b5d4bc800}
10-16 17:35:40.479 15475 15475 D InputMethodManager: startInputInner - Id : 0
10-16 17:35:40.479 15475 15475 I InputMethodManager: startInputInner - mService.startInputOrWindowGainedFocus
10-16 17:35:41.127 15475 15481 I st.cloudstream3: Background concurrent copying GC freed 6728KB AllocSpace bytes, 33(2464KB) LOS objects, 47% free, 27MB/51MB, paused 868us,299us total 188.395ms
10-16 17:35:41.144 15475 15499 D OpenGLRenderer: setSurface called with nullptr
10-16 17:35:41.162 15475 15499 D OpenGLRenderer: setSurface called with nullptr
10-16 17:35:41.163 15475 15482 D InputTransport: Input channel destroyed: 'ClientS', fd=170
10-16 17:35:41.163 15475 15482 D InputTransport: Input channel destroyed: 'ClientS', fd=156
10-16 17:35:41.168 15475 15483 W System  : A resource failed to call close. 
10-16 17:35:41.169 15475 15483 W System  : A resource failed to call close. 
10-16 17:35:44.153 15475 15475 I ViewRootImpl@6dcaa2e[MainActivity]: ViewPostIme pointer 0
10-16 17:35:44.385 15475 15475 I ViewRootImpl@6dcaa2e[MainActivity]: ViewPostIme pointer 1
10-16 17:35:45.268 15475 15475 I ViewRootImpl@6dcaa2e[MainActivity]: ViewPostIme pointer 0
10-16 17:35:45.558 15475 15475 I ViewRootImpl@6dcaa2e[MainActivity]: ViewPostIme pointer 1
10-16 17:35:46.177 15475 15475 I ViewRootImpl@6dcaa2e[MainActivity]: ViewPostIme pointer 0
10-16 17:35:46.367 15475 15475 I ViewRootImpl@6dcaa2e[MainActivity]: ViewPostIme pointer 1
10-16 17:35:46.618 15475 15475 I ViewRootImpl@6dcaa2e[MainActivity]: ViewPostIme pointer 0
10-16 17:35:46.902 15475 15475 I ViewRootImpl@6dcaa2e[MainActivity]: ViewPostIme pointer 1
10-16 17:35:47.481 15475 15475 I ViewRootImpl@6dcaa2e[MainActivity]: ViewPostIme pointer 0
10-16 17:35:47.707 15475 15475 I ViewRootImpl@6dcaa2e[MainActivity]: ViewPostIme pointer 1
10-16 17:35:47.944 15475 15475 I ViewRootImpl@6dcaa2e[MainActivity]: ViewPostIme pointer 0
10-16 17:35:48.208 15475 15475 I ViewRootImpl@6dcaa2e[MainActivity]: ViewPostIme pointer 1
10-16 17:35:48.523 15475 15475 I ViewRootImpl@6dcaa2e[MainActivity]: ViewPostIme pointer 0
10-16 17:35:48.864 15475 15475 I ViewRootImpl@6dcaa2e[MainActivity]: ViewPostIme pointer 1
10-16 17:35:49.375 15475 15475 I ViewRootImpl@6dcaa2e[MainActivity]: ViewPostIme pointer 0
10-16 17:35:49.474 15475 15475 I ViewRootImpl@6dcaa2e[MainActivity]: ViewPostIme pointer 1
10-16 17:35:50.359 15475 15475 I ViewRootImpl@6dcaa2e[MainActivity]: ViewPostIme pointer 0
10-16 17:35:50.425 15475 15475 I ViewRootImpl@6dcaa2e[MainActivity]: ViewPostIme pointer 1
10-16 17:35:50.436 15475 15475 I NavComponent: Navigating to fragment: 2131362274
10-16 17:35:50.445 15475 15475 I IMM_LC  : hsifw() - flag : 0
10-16 17:35:50.445 15475 15475 I IMM_LC  : hsifw() - mService.hideSoftInput
10-16 17:35:50.484 15475 15475 D ScrollView: initGoToTop
10-16 17:35:50.798 15475 15475 I SurfaceView@777fedf: onWindowVisibilityChanged(0) true android.view.SurfaceView{777fedf V.E..V... ......I. 0,0-0,0} of ViewRootImpl@6dcaa2e[MainActivity]
10-16 17:35:50.798 15475 15475 D SurfaceView@777fedf: updateSurface: has no frame
10-16 17:35:50.805 15475 15475 I CS3ExoPlayer: SET STYLE = SaveCaptionStyle(foregroundColor=-1, backgroundColor=0, windowColor=0, edgeType=1, edgeColor=-16777216, typeface=null, typefaceFilePath=null, elevation=20, fixedTextSize=null, edgeSize=null, removeCaptions=false, removeBloat=true, upperCase=false, bold=false, italic=false, backgroundRadius=null)
10-16 17:35:50.820 15475 15475 D VideoClickActionHolder: allVideoClickActions: [null:com.lagradost.cloudstream3.actions.temp.PlayInBrowserAction, null:com.lagradost.cloudstream3.actions.temp.CopyClipboardAction, null:com.lagradost.cloudstream3.actions.temp.ViewM3U8Action, null:com.lagradost.cloudstream3.actions.temp.VlcPackage, null:com.lagradost.cloudstream3.actions.temp.MpvPackage, null:com.lagradost.cloudstream3.actions.temp.NextPlayerPackage, null:com.lagradost.cloudstream3.actions.temp.JustPlayerPackage, null:com.lagradost.cloudstream3.actions.temp.fcast.FcastAction, null:com.lagradost.cloudstream3.actions.temp.LibreTorrentPackage, null:com.lagradost.cloudstream3.actions.temp.BiglyBTPackage, null:com.lagradost.cloudstream3.actions.temp.VlcNightlyPackage, null:com.lagradost.cloudstream3.actions.temp.WebVideoCastPackage, null:com.lagradost.cloudstream3.actions.temp.MpvYTDLPackage, null:com.lagradost.cloudstream3.actions.temp.MpvKtPackage, null:com.lagradost.cloudstream3.actions.temp.MpvKtPreviewPackage, null:com.lagradost.cloudstream3.actions.AlwaysAskAction]
10-16 17:35:50.821 15475 15475 I IMM_LC  : hsifw() - flag : 0
10-16 17:35:50.821 15475 15475 I IMM_LC  : hsifw() - mService.hideSoftInput
10-16 17:35:50.823 15475 15528 I SYNCVM  : addFromUrl = https://asiatv.one/drama/tempest-%d9%85%d8%b3%d9%84%d8%b3%d9%84-%d8%a7%d9%84%d8%b9%d8%a7%d8%b5%d9%81%d8%a9-%d8%aa%d9%82%d8%b1%d9%8a%d8%b1-%d8%ad%d9%84%d9%82%d8%a7%d8%aa-%d9%85%d8%aa%d8%b1%d8%ac%d9%85%d8%a9/
10-16 17:35:50.824 15475 15528 I SYNCUTIL: getIdsFromUrl https://asiatv.one/drama/tempest-%d9%85%d8%b3%d9%84%d8%b3%d9%84-%d8%a7%d9%84%d8%b9%d8%a7%d8%b5%d9%81%d8%a9-%d8%aa%d9%82%d8%b1%d9%8a%d8%b1-%d8%ad%d9%84%d9%82%d8%a7%d8%aa-%d9%85%d8%aa%d8%b1%d8%ac%d9%85%d8%a9/
10-16 17:35:50.837 15475 15475 I SurfaceView@777fedf: onWindowVisibilityChanged(8) false android.view.SurfaceView{777fedf V.E..V... ......I. 0,0-0,0} of ViewRootImpl@6dcaa2e[MainActivity]
10-16 17:35:50.837 15475 15475 D SurfaceView@777fedf: updateSurface: has no frame
10-16 17:35:50.837 15475 15475 D SurfaceView@777fedf: updateSurface: has no frame
10-16 17:35:50.837 15475 15475 I SurfaceView@777fedf: onDetachedFromWindow: tryReleaseSurfaces()
10-16 17:35:50.838 15475 15475 I SurfaceView@777fedf: releaseSurfaces: viewRoot = ViewRootImpl@6dcaa2e[MainActivity]
10-16 17:35:50.838 15475 15475 I SurfaceView@777fedf: applyTransactionOnVriDraw: vri = ViewRootImpl@6dcaa2e[MainActivity] fRS = true t = 0x7b68fb1900 android.view.SurfaceView.releaseSurfaces:858 android.view.SurfaceView.onDetachedFromWindow:500 android.view.View.dispatchDetachedFromWindow:22538 
10-16 17:35:50.838 15475 15475 I SurfaceView@777fedf: applyTransactionOnVriDraw: viewRoot.applyTransactionOnDrawFromReleaseSurfaces
10-16 17:35:50.838 15475 15475 I ViewRootImpl@6dcaa2e[MainActivity]: applyTransactionOnDraw: mRemoved = false isHardwareEnabled = true t = 0x7b68fb1900android.view.ViewRootImpl.applyTransactionOnDrawFromReleaseSurfaces:12850 android.view.SurfaceView.applyTransactionOnVriDraw:2046 android.view.SurfaceView.releaseSurfaces:858 android.view.SurfaceView.onDetachedFromWindow:500 android.view.View.dispatchDetachedFromWindow:22538 
10-16 17:35:50.840 15475 15475 I SurfaceView@777fedf: onWindowVisibilityChanged(0) true android.view.SurfaceView{777fedf V.E..V... ......I. 0,0-0,0} of ViewRootImpl@6dcaa2e[MainActivity]
10-16 17:35:50.840 15475 15475 D SurfaceView@777fedf: updateSurface: has no frame
10-16 17:35:50.848 15475 15475 I DecorView: notifyKeepScreenOnChanged: keepScreenOn=false
10-16 17:35:50.867 15475 15475 I CS3ExoPlayer: reloadPlayer
10-16 17:35:50.867 15475 15475 I CS3ExoPlayer: releasePlayer
10-16 17:35:50.868 15475 15475 I CS3ExoPlayer: Handle event: PlayerAttachedEvent(player=null, source=Player)
10-16 17:35:50.874 15475 15475 I ViewRootImpl@6dcaa2e[MainActivity]: performTraversals params={(0,0)(fillxfill) sim={state=always_hidden adjust=resize} ty=BASE_APPLICATION wanim=0x1030309
10-16 17:35:50.874 15475 15475 I ViewRootImpl@6dcaa2e[MainActivity]:   fl=85810100
10-16 17:35:50.874 15475 15475 I ViewRootImpl@6dcaa2e[MainActivity]:   pfl=12020040
10-16 17:35:50.874 15475 15475 I ViewRootImpl@6dcaa2e[MainActivity]:   vsysui=500
10-16 17:35:50.874 15475 15475 I ViewRootImpl@6dcaa2e[MainActivity]:   bhv=DEFAULT
10-16 17:35:50.874 15475 15475 I ViewRootImpl@6dcaa2e[MainActivity]:   fitSides= naviIconColor=0}
10-16 17:35:50.874 15475 15475 I ViewRootImpl@6dcaa2e[MainActivity]: performTraversals mFirst=false windowShouldResize=false viewVisibilityChanged=false mForceNextWindowRelayout=false params={(0,0)(fillxfill) sim={state=always_hidden adjust=resize} ty=BASE_APPLICATION fmt=TRANSLUCENT wanim=0x1030309
10-16 17:35:50.874 15475 15475 I ViewRootImpl@6dcaa2e[MainActivity]:   fl=85810100
10-16 17:35:50.874 15475 15475 I ViewRootImpl@6dcaa2e[MainActivity]:   pfl=12020040
10-16 17:35:50.874 15475 15475 I ViewRootImpl@6dcaa2e[MainActivity]:   vsysui=500
10-16 17:35:50.874 15475 15475 I ViewRootImpl@6dcaa2e[MainActivity]:   bhv=DEFAULT
10-16 17:35:50.874 15475 15475 I ViewRootImpl@6dcaa2e[MainActivity]:   fitSides= naviIconColor=0}
10-16 17:35:50.882 15475 15475 I ViewRootImpl@6dcaa2e[MainActivity]: updateBlastSurfaceIfNeeded mBlastBufferQueue=0x7b5d441400 isSameSurfaceControl=true
10-16 17:35:50.882 15475 15475 I BLASTBufferQueue: update, w= 1080 h= 2400 mName = ViewRootImpl@6dcaa2e[MainActivity] mNativeObject= 0x7b5d441400 sc.mNativeObject= 0x7b68f77620 format= -3 caller= android.view.ViewRootImpl.updateBlastSurfaceIfNeeded:2898 android.view.ViewRootImpl.relayoutWindow:9847 android.view.ViewRootImpl.performTraversals:3884 android.view.ViewRootImpl.doTraversal:3116 android.view.ViewRootImpl$TraversalRunnable.run:10885 android.view.Choreographer$CallbackRecord.run:1301 
10-16 17:35:50.882 15475 15475 I ViewRootImpl@6dcaa2e[MainActivity]: Relayout returned: old=(0,0,1080,2400) new=(0,0,1080,2400) req=(1080,2400)0 dur=8 res=0x0 s={true 0x7b5d4bc800} ch=false seqId=0
10-16 17:35:50.884 15475 15475 W View    : requestLayout() improperly called by android.widget.FrameLayout{a6e7dc I.E..V... ......I. 0,0-0,0 #7f0a04e7 app:id/start_panel} during layout: running second layout pass
10-16 17:35:50.884 15475 15475 W View    : requestLayout() improperly called by android.widget.FrameLayout{1ddf0e5 I.E..V... ......ID 1080,0-1080,2143 #7f0a0168 app:id/end_panel} during layout: running second layout pass
10-16 17:35:50.886 15475 15475 D SurfaceView@777fedf: updateSurface: has no frame
10-16 17:35:50.891 15475 15554 I ViewRootImpl@6dcaa2e[MainActivity]: mWNT: t=0x7b68fb1900 mBlastBufferQueue=0x7b5d441400 fn= 694 caller= android.view.ViewRootImpl.lambda$applyTransactionOnDraw$11$android-view-ViewRootImpl:12865 android.view.ViewRootImpl$$ExternalSyntheticLambda1.onFrameDraw:4 android.graphics.HardwareRenderer$FrameDrawingCallback.onFrameDraw:924 
10-16 17:35:50.894 15475 15475 D SurfaceView@777fedf: updateSurface: has no frame
10-16 17:35:50.913 15475 15475 D SurfaceView@777fedf: updateSurface: has no frame
10-16 17:35:50.938 15475 15475 D SurfaceView@777fedf: updateSurface: has no frame
10-16 17:35:50.964 15475 15475 D SurfaceView@777fedf: updateSurface: has no frame
10-16 17:35:50.977 15475 15475 D SurfaceView@777fedf: updateSurface: has no frame
10-16 17:35:50.988 15475 15475 D SurfaceView@777fedf: updateSurface: has no frame
10-16 17:35:50.999 15475 15475 D SurfaceView@777fedf: updateSurface: has no frame
10-16 17:35:51.015 15475 15475 D SurfaceView@777fedf: updateSurface: has no frame
10-16 17:35:51.016 15475 15533 I RVM2    : applyMeta
10-16 17:35:51.032 15475 15475 D SurfaceView@777fedf: updateSurface: has no frame
10-16 17:35:51.051 15475 15475 D SurfaceView@777fedf: updateSurface: has no frame
10-16 17:35:51.066 15475 15475 D SurfaceView@777fedf: updateSurface: has no frame
10-16 17:35:51.082 15475 15475 D SurfaceView@777fedf: updateSurface: has no frame
10-16 17:35:51.099 15475 15475 D SurfaceView@777fedf: updateSurface: has no frame
10-16 17:35:51.116 15475 15475 D SurfaceView@777fedf: updateSurface: has no frame
10-16 17:35:51.134 15475 15475 D SurfaceView@777fedf: updateSurface: has no frame
10-16 17:35:51.149 15475 15475 D SurfaceView@777fedf: updateSurface: has no frame
10-16 17:35:51.166 15475 15475 D SurfaceView@777fedf: updateSurface: has no frame
10-16 17:35:51.182 15475 15475 D SurfaceView@777fedf: updateSurface: has no frame
10-16 17:35:51.199 15475 15475 D SurfaceView@777fedf: updateSurface: has no frame
10-16 17:35:51.216 15475 15475 D SurfaceView@777fedf: updateSurface: has no frame
10-16 17:35:51.233 15475 15475 D SurfaceView@777fedf: updateSurface: has no frame
10-16 17:35:51.251 15475 15475 D SurfaceView@777fedf: updateSurface: has no frame
10-16 17:35:51.270 15475 15475 D SurfaceView@777fedf: updateSurface: has no frame
10-16 17:35:51.287 15475 15475 D SurfaceView@777fedf: updateSurface: has no frame
10-16 17:35:51.291 15475 15481 I st.cloudstream3: Background concurrent copying GC freed 12MB AllocSpace bytes, 148(18MB) LOS objects, 49% free, 21MB/42MB, paused 462us,130us total 160.743ms
10-16 17:35:51.299 15475 15475 D SurfaceView@777fedf: updateSurface: has no frame
10-16 17:35:51.316 15475 15475 D SurfaceView@777fedf: updateSurface: has no frame
10-16 17:35:51.332 15475 15475 D SurfaceView@777fedf: updateSurface: has no frame
10-16 17:35:51.349 15475 15475 D SurfaceView@777fedf: updateSurface: has no frame
10-16 17:35:51.362 15475 15475 W PanelsChildGestureRegionObserver: failed to register view with ID 2131362800. already registered
10-16 17:35:51.365 15475 15475 E CoilImgLoader: Error loading image: coil3.request.NullRequestDataException: The request's data is null.
10-16 17:35:51.370 15475 15475 E CoilImgLoader: Error loading image: coil3.request.NullRequestDataException: The request's data is null.
10-16 17:35:51.422 15475 15528 I SYNCVM  : addFromUrl = https://asiatv.one/drama/tempest-%d9%85%d8%b3%d9%84%d8%b3%d9%84-%d8%a7%d9%84%d8%b9%d8%a7%d8%b5%d9%81%d8%a9-%d8%aa%d9%82%d8%b1%d9%8a%d8%b1-%d8%ad%d9%84%d9%82%d8%a7%d8%aa-%d9%85%d8%aa%d8%b1%d8%ac%d9%85%d8%a9/
10-16 17:35:51.423 15475 15528 I SYNCUTIL: getIdsFromUrl https://asiatv.one/drama/tempest-%d9%85%d8%b3%d9%84%d8%b3%d9%84-%d8%a7%d9%84%d8%b9%d8%a7%d8%b5%d9%81%d8%a9-%d8%aa%d9%82%d8%b1%d9%8a%d8%b1-%d8%ad%d9%84%d9%82%d8%a7%d8%aa-%d9%85%d8%aa%d8%b1%d8%ac%d9%85%d8%a9/
10-16 17:35:51.563 15475 15475 D SurfaceView@777fedf: updateSurface: has no frame
10-16 17:35:51.565 15475 15475 I SurfaceView@777fedf: Changes: creating=true format=true size=true visible=true alpha=false hint=false mUseAlpha=false visible=true left=true top=true
10-16 17:35:51.569 15475 15475 I BLASTBufferQueue: update, w= 1080 h= 525 mName = null mNativeObject= 0x7bdd313600 sc.mNativeObject= 0x7b68e311a0 format= 4 caller= android.view.SurfaceView.createBlastSurfaceControls:1383 android.view.SurfaceView.updateSurface:1079 android.view.SurfaceView.lambda$new$0$android-view-SurfaceView:200 android.view.SurfaceView$$ExternalSyntheticLambda5.onPreDraw:2 android.view.ViewTreeObserver.dispatchOnPreDraw:1121 android.view.ViewRootImpl.performTraversals:4442 
10-16 17:35:51.569 15475 15475 I SurfaceView@777fedf: 125304543 Cur surface: Surface(name=null)/@0x6f99cda
10-16 17:35:51.569 15475 15475 I SurfaceView@777fedf: pST: sr = Rect(0, 218 - 1080, 743) sw = 1080 sh = 525
10-16 17:35:51.569 15475 15475 D SurfaceView@777fedf: performSurfaceTransaction RenderWorker position = [0, 218, 1080, 743] surfaceSize = 1080x525
10-16 17:35:51.569 15475 15475 I SurfaceView@777fedf: applyTransactionOnVriDraw: vri = ViewRootImpl@6dcaa2e[MainActivity] fRS = false t = 0x7b68ac6800 android.view.SurfaceView.performSurfaceTransaction:959 android.view.SurfaceView.updateSurface:1105 android.view.SurfaceView.lambda$new$0$android-view-SurfaceView:200 
10-16 17:35:51.569 15475 15475 I ViewRootImpl@6dcaa2e[MainActivity]: applyTransactionOnDraw: mRemoved = false isHardwareEnabled = true t = 0x7b68ac6800android.view.SurfaceView.applyTransactionOnVriDraw:2048 android.view.SurfaceView.performSurfaceTransaction:959 android.view.SurfaceView.updateSurface:1105 android.view.SurfaceView.lambda$new$0$android-view-SurfaceView:200 android.view.SurfaceView$$ExternalSyntheticLambda5.onPreDraw:2 
10-16 17:35:51.569 15475 15475 I SurfaceView@777fedf: updateSurface: mVisible = true mSurface.isValid() = true
10-16 17:35:51.569 15475 15475 I SurfaceView@777fedf: updateSurface: mSurfaceCreated = false surfaceChanged = true visibleChanged = true
10-16 17:35:51.569 15475 15475 I SurfaceView@777fedf: visibleChanged -- surfaceCreated
10-16 17:35:51.569 15475 15475 I SurfaceView@777fedf: surfaceCreated 0 #8 android.view.SurfaceView{777fedf V.E..V... ......ID 0,0-1080,525}
10-16 17:35:51.570 15475 15475 I SurfaceView@777fedf: surfaceChanged -- format=4 w=1080 h=525
10-16 17:35:51.570 15475 15475 I SurfaceView@777fedf: surfaceChanged (1080,525) 0 #8 android.view.SurfaceView{777fedf V.E..V... ......ID 0,0-1080,525}
10-16 17:35:51.570 15475 15475 I SurfaceView@777fedf: surfaceRedrawNeeded
10-16 17:35:51.570 15475 15475 V SurfaceView@777fedf: Layout: x=0 y=218 w=1080 h=525, frame=Rect(0, 0 - 1080, 525)
10-16 17:35:51.587 15475 15555 D SurfaceView@777fedf: updateSurfacePosition RenderWorker, frameNr = 722, position = [0, 218, 1080, 743] surfaceSize = 1080x525
10-16 17:35:51.588 15475 15555 I SurfaceView@777fedf: uSP: rtp = Rect(0, 218 - 1080, 743) rtsw = 1080 rtsh = 525
10-16 17:35:51.588 15475 15555 I SurfaceView@777fedf: onSSPAndSRT: pl = 0 pt = 218 sx = 1.0 sy = 1.0
10-16 17:35:51.588 15475 15555 I SurfaceView@777fedf: aOrMT: ViewRootImpl@6dcaa2e[MainActivity] t = android.view.SurfaceControl$Transaction@97c9439 fN = 722 android.view.SurfaceView.-$$Nest$mapplyOrMergeTransaction:0 android.view.SurfaceView$SurfaceViewPositionUpdateListener.positionChanged:1537 android.graphics.RenderNode$CompositePositionUpdateListener.positionChanged:373 
10-16 17:35:51.588 15475 15555 I ViewRootImpl@6dcaa2e[MainActivity]: mWNT: t=0x7b68ac6900 mBlastBufferQueue=0x7b5d441400 fn= 722 caller= android.view.SurfaceView.applyOrMergeTransaction:1455 android.view.SurfaceView.-$$Nest$mapplyOrMergeTransaction:0 android.view.SurfaceView$SurfaceViewPositionUpdateListener.positionChanged:1537 
10-16 17:35:51.589 15475 15555 I ViewRootImpl@6dcaa2e[MainActivity]: mWNT: t=0x7b68ac6800 mBlastBufferQueue=0x7b5d441400 fn= 722 caller= android.view.ViewRootImpl.lambda$applyTransactionOnDraw$11$android-view-ViewRootImpl:12865 android.view.ViewRootImpl$$ExternalSyntheticLambda1.onFrameDraw:4 android.graphics.HardwareRenderer$FrameDrawingCallback.onFrameDraw:924 
10-16 17:35:51.638 15475 15475 I SurfaceView@777fedf: finishedDrawing
10-16 17:35:52.334 15475 15475 I ViewRootImpl@6dcaa2e[MainActivity]: ViewPostIme pointer 0
10-16 17:35:52.370 15475 15475 I SurfaceView@777fedf: Changes: creating=false format=false size=false visible=false alpha=false hint=false mUseAlpha=false visible=false left=false top=true
10-16 17:35:52.370 15475 15475 I SurfaceView@777fedf: 125304543 Cur surface: Surface(name=null)/@0x6f99cda
10-16 17:35:52.371 15475 15475 I SurfaceView@777fedf: applyTransactionOnVriDraw: vri = ViewRootImpl@6dcaa2e[MainActivity] fRS = false t = 0x7b68c4dd00 android.view.SurfaceView.performSurfaceTransaction:959 android.view.SurfaceView.updateSurface:1105 android.view.SurfaceView.lambda$new$0$android-view-SurfaceView:200 
10-16 17:35:52.371 15475 15475 I ViewRootImpl@6dcaa2e[MainActivity]: applyTransactionOnDraw: mRemoved = false isHardwareEnabled = true t = 0x7b68c4dd00android.view.SurfaceView.applyTransactionOnVriDraw:2048 android.view.SurfaceView.performSurfaceTransaction:959 android.view.SurfaceView.updateSurface:1105 android.view.SurfaceView.lambda$new$0$android-view-SurfaceView:200 android.view.SurfaceView$$ExternalSyntheticLambda5.onPreDraw:2 
10-16 17:35:52.371 15475 15475 I SurfaceView@777fedf: updateSurface: mVisible = true mSurface.isValid() = true
10-16 17:35:52.371 15475 15475 I SurfaceView@777fedf: updateSurface: mSurfaceCreated = true surfaceChanged = false visibleChanged = false
10-16 17:35:52.371 15475 15475 V SurfaceView@777fedf: Layout: x=0 y=158 w=1080 h=525, frame=Rect(0, 0 - 1080, 525)
10-16 17:35:52.383 15475 15554 D SurfaceView@777fedf: updateSurfacePosition RenderWorker, frameNr = 750, position = [0, 158, 1080, 683] surfaceSize = 1080x525
10-16 17:35:52.383 15475 15554 I SurfaceView@777fedf: uSP: rtp = Rect(0, 158 - 1080, 683) rtsw = 1080 rtsh = 525
10-16 17:35:52.383 15475 15554 I SurfaceView@777fedf: onSSPAndSRT: pl = 0 pt = 158 sx = 1.0 sy = 1.0
10-16 17:35:52.383 15475 15554 I SurfaceView@777fedf: aOrMT: ViewRootImpl@6dcaa2e[MainActivity] t = android.view.SurfaceControl$Transaction@97c9439 fN = 750 android.view.SurfaceView.-$$Nest$mapplyOrMergeTransaction:0 android.view.SurfaceView$SurfaceViewPositionUpdateListener.positionChanged:1537 android.graphics.RenderNode$CompositePositionUpdateListener.positionChanged:373 
10-16 17:35:52.384 15475 15554 I ViewRootImpl@6dcaa2e[MainActivity]: mWNT: t=0x7b68ac6900 mBlastBufferQueue=0x7b5d441400 fn= 750 caller= android.view.SurfaceView.applyOrMergeTransaction:1455 android.view.SurfaceView.-$$Nest$mapplyOrMergeTransaction:0 android.view.SurfaceView$SurfaceViewPositionUpdateListener.positionChanged:1537 
10-16 17:35:52.384 15475 15555 I ViewRootImpl@6dcaa2e[MainActivity]: mWNT: t=0x7b68c4dd00 mBlastBufferQueue=0x7b5d441400 fn= 750 caller= android.view.ViewRootImpl.lambda$applyTransactionOnDraw$11$android-view-ViewRootImpl:12865 android.view.ViewRootImpl$$ExternalSyntheticLambda1.onFrameDraw:4 android.graphics.HardwareRenderer$FrameDrawingCallback.onFrameDraw:924 
10-16 17:35:52.387 15475 15475 I SurfaceView@777fedf: Changes: creating=false format=false size=false visible=false alpha=false hint=false mUseAlpha=false visible=false left=false top=true
10-16 17:35:52.387 15475 15475 I SurfaceView@777fedf: 125304543 Cur surface: Surface(name=null)/@0x6f99cda
10-16 17:35:52.388 15475 15475 I SurfaceView@777fedf: applyTransactionOnVriDraw: vri = ViewRootImpl@6dcaa2e[MainActivity] fRS = false t = 0x7b68c4d500 android.view.SurfaceView.performSurfaceTransaction:959 android.view.SurfaceView.updateSurface:1105 android.view.SurfaceView.lambda$new$0$android-view-SurfaceView:200 
