10-16 16:57:11.088  5481  5633 I ViewRootImpl@8cf4809[MainActivity]: mWNT: t=0x7b365cef00 mBlastBufferQueue=0x7b6d750200 fn= 937 caller= android.view.ViewRootImpl.lambda$applyTransactionOnDraw$11$android-view-ViewRootImpl:12865 android.view.ViewRootImpl$$ExternalSyntheticLambda1.onFrameDraw:4 android.graphics.HardwareRenderer$FrameDrawingCallback.onFrameDraw:924 
10-16 16:57:11.091  5481  5481 I SurfaceView@f03d6a4: Changes: creating=false format=false size=false visible=false alpha=false hint=false mUseAlpha=false visible=false left=false top=true
10-16 16:57:11.092  5481  5481 I SurfaceView@f03d6a4: 251909796 Cur surface: Surface(name=null)/@0x3c43dd6
10-16 16:57:11.092  5481  5481 I SurfaceView@f03d6a4: applyTransactionOnVriDraw: vri = ViewRootImpl@8cf4809[MainActivity] fRS = false t = 0x7b3670d000 android.view.SurfaceView.performSurfaceTransaction:959 android.view.SurfaceView.updateSurface:1105 android.view.SurfaceView.lambda$new$0$android-view-SurfaceView:200 
10-16 16:57:11.092  5481  5481 I ViewRootImpl@8cf4809[MainActivity]: applyTransactionOnDraw: mRemoved = false isHardwareEnabled = true t = 0x7b3670d000android.view.SurfaceView.applyTransactionOnVriDraw:2048 android.view.SurfaceView.performSurfaceTransaction:959 android.view.SurfaceView.updateSurface:1105 android.view.SurfaceView.lambda$new$0$android-view-SurfaceView:200 android.view.SurfaceView$$ExternalSyntheticLambda5.onPreDraw:2 
10-16 16:57:11.093  5481  5481 I SurfaceView@f03d6a4: updateSurface: mVisible = true mSurface.isValid() = true
10-16 16:57:11.093  5481  5481 I SurfaceView@f03d6a4: updateSurface: mSurfaceCreated = true surfaceChanged = false visibleChanged = false
10-16 16:57:11.093  5481  5481 V SurfaceView@f03d6a4: Layout: x=0 y=-8 w=1080 h=525, frame=Rect(0, 0 - 1080, 525)
10-16 16:57:11.099  5481  5632 D SurfaceView@f03d6a4: updateSurfacePosition RenderWorker, frameNr = 938, position = [0, -8, 1080, 517] surfaceSize = 1080x525
10-16 16:57:11.099  5481  5632 I SurfaceView@f03d6a4: uSP: rtp = Rect(0, -8 - 1080, 517) rtsw = 1080 rtsh = 525
10-16 16:57:11.099  5481  5632 I SurfaceView@f03d6a4: onSSPAndSRT: pl = 0 pt = -8 sx = 1.0 sy = 1.0
10-16 16:57:11.100  5481  5632 I SurfaceView@f03d6a4: aOrMT: ViewRootImpl@8cf4809[MainActivity] t = android.view.SurfaceControl$Transaction@220fe5 fN = 938 android.view.SurfaceView.-$$Nest$mapplyOrMergeTransaction:0 android.view.SurfaceView$SurfaceViewPositionUpdateListener.positionChanged:1537 android.graphics.RenderNode$CompositePositionUpdateListener.positionChanged:373 
10-16 16:57:11.101  5481  5632 I ViewRootImpl@8cf4809[MainActivity]: mWNT: t=0x7b3649a100 mBlastBufferQueue=0x7b6d750200 fn= 938 caller= android.view.SurfaceView.applyOrMergeTransaction:1455 android.view.SurfaceView.-$$Nest$mapplyOrMergeTransaction:0 android.view.SurfaceView$SurfaceViewPositionUpdateListener.positionChanged:1537 
10-16 16:57:11.102  5481  5632 I ViewRootImpl@8cf4809[MainActivity]: mWNT: t=0x7b3670d000 mBlastBufferQueue=0x7b6d750200 fn= 938 caller= android.view.ViewRootImpl.lambda$applyTransactionOnDraw$11$android-view-ViewRootImpl:12865 android.view.ViewRootImpl$$ExternalSyntheticLambda1.onFrameDraw:4 android.graphics.HardwareRenderer$FrameDrawingCallback.onFrameDraw:924 
10-16 16:57:11.104  5481  5481 I SurfaceView@f03d6a4: Changes: creating=false format=false size=false visible=false alpha=false hint=false mUseAlpha=false visible=false left=false top=true
10-16 16:57:11.105  5481  5481 I SurfaceView@f03d6a4: 251909796 Cur surface: Surface(name=null)/@0x3c43dd6
10-16 16:57:11.105  5481  5481 I SurfaceView@f03d6a4: applyTransactionOnVriDraw: vri = ViewRootImpl@8cf4809[MainActivity] fRS = false t = 0x7b3670d200 android.view.SurfaceView.performSurfaceTransaction:959 android.view.SurfaceView.updateSurface:1105 android.view.SurfaceView.lambda$new$0$android-view-SurfaceView:200 
10-16 16:57:11.105  5481  5481 I ViewRootImpl@8cf4809[MainActivity]: applyTransactionOnDraw: mRemoved = false isHardwareEnabled = true t = 0x7b3670d200android.view.SurfaceView.applyTransactionOnVriDraw:2048 android.view.SurfaceView.performSurfaceTransaction:959 android.view.SurfaceView.updateSurface:1105 android.view.SurfaceView.lambda$new$0$android-view-SurfaceView:200 android.view.SurfaceView$$ExternalSyntheticLambda5.onPreDraw:2 
10-16 16:57:11.105  5481  5481 I SurfaceView@f03d6a4: updateSurface: mVisible = true mSurface.isValid() = true
10-16 16:57:11.105  5481  5481 I SurfaceView@f03d6a4: updateSurface: mSurfaceCreated = true surfaceChanged = false visibleChanged = false
10-16 16:57:11.105  5481  5481 V SurfaceView@f03d6a4: Layout: x=0 y=-53 w=1080 h=525, frame=Rect(0, 0 - 1080, 525)
10-16 16:57:11.115  5481  5633 D SurfaceView@f03d6a4: updateSurfacePosition RenderWorker, frameNr = 939, position = [0, -53, 1080, 472] surfaceSize = 1080x525
10-16 16:57:11.115  5481  5633 I SurfaceView@f03d6a4: uSP: rtp = Rect(0, -53 - 1080, 472) rtsw = 1080 rtsh = 525
10-16 16:57:11.115  5481  5633 I SurfaceView@f03d6a4: onSSPAndSRT: pl = 0 pt = -53 sx = 1.0 sy = 1.0
10-16 16:57:11.116  5481  5633 I SurfaceView@f03d6a4: aOrMT: ViewRootImpl@8cf4809[MainActivity] t = android.view.SurfaceControl$Transaction@220fe5 fN = 939 android.view.SurfaceView.-$$Nest$mapplyOrMergeTransaction:0 android.view.SurfaceView$SurfaceViewPositionUpdateListener.positionChanged:1537 android.graphics.RenderNode$CompositePositionUpdateListener.positionChanged:373 
10-16 16:57:11.116  5481  5633 I ViewRootImpl@8cf4809[MainActivity]: mWNT: t=0x7b3649a100 mBlastBufferQueue=0x7b6d750200 fn= 939 caller= android.view.SurfaceView.applyOrMergeTransaction:1455 android.view.SurfaceView.-$$Nest$mapplyOrMergeTransaction:0 android.view.SurfaceView$SurfaceViewPositionUpdateListener.positionChanged:1537 
10-16 16:57:11.117  5481  5633 I ViewRootImpl@8cf4809[MainActivity]: mWNT: t=0x7b3670d200 mBlastBufferQueue=0x7b6d750200 fn= 939 caller= android.view.ViewRootImpl.lambda$applyTransactionOnDraw$11$android-view-ViewRootImpl:12865 android.view.ViewRootImpl$$ExternalSyntheticLambda1.onFrameDraw:4 android.graphics.HardwareRenderer$FrameDrawingCallback.onFrameDraw:924 
10-16 16:57:11.118  5481  5481 I ViewRootImpl@8cf4809[MainActivity]: ViewPostIme pointer 1
10-16 16:57:11.121  5481  5481 I SurfaceView@f03d6a4: Changes: creating=false format=false size=false visible=false alpha=false hint=false mUseAlpha=false visible=false left=false top=true
10-16 16:57:11.121  5481  5481 I SurfaceView@f03d6a4: 251909796 Cur surface: Surface(name=null)/@0x3c43dd6
10-16 16:57:11.122  5481  5481 I SurfaceView@f03d6a4: applyTransactionOnVriDraw: vri = ViewRootImpl@8cf4809[MainActivity] fRS = false t = 0x7b3670d600 android.view.SurfaceView.performSurfaceTransaction:959 android.view.SurfaceView.updateSurface:1105 android.view.SurfaceView.lambda$new$0$android-view-SurfaceView:200 
10-16 16:57:11.122  5481  5481 I ViewRootImpl@8cf4809[MainActivity]: applyTransactionOnDraw: mRemoved = false isHardwareEnabled = true t = 0x7b3670d600android.view.SurfaceView.applyTransactionOnVriDraw:2048 android.view.SurfaceView.performSurfaceTransaction:959 android.view.SurfaceView.updateSurface:1105 android.view.SurfaceView.lambda$new$0$android-view-SurfaceView:200 android.view.SurfaceView$$ExternalSyntheticLambda5.onPreDraw:2 
10-16 16:57:11.122  5481  5481 I SurfaceView@f03d6a4: updateSurface: mVisible = true mSurface.isValid() = true
10-16 16:57:11.122  5481  5481 I SurfaceView@f03d6a4: updateSurface: mSurfaceCreated = true surfaceChanged = false visibleChanged = false
10-16 16:57:11.122  5481  5481 V SurfaceView@f03d6a4: Layout: x=0 y=-81 w=1080 h=525, frame=Rect(0, 0 - 1080, 525)
10-16 16:57:11.133  5481  5632 D SurfaceView@f03d6a4: updateSurfacePosition RenderWorker, frameNr = 940, position = [0, -81, 1080, 444] surfaceSize = 1080x525
10-16 16:57:11.133  5481  5632 I SurfaceView@f03d6a4: uSP: rtp = Rect(0, -81 - 1080, 444) rtsw = 1080 rtsh = 525
10-16 16:57:11.133  5481  5632 I SurfaceView@f03d6a4: onSSPAndSRT: pl = 0 pt = -81 sx = 1.0 sy = 1.0
10-16 16:57:11.133  5481  5632 I SurfaceView@f03d6a4: aOrMT: ViewRootImpl@8cf4809[MainActivity] t = android.view.SurfaceControl$Transaction@220fe5 fN = 940 android.view.SurfaceView.-$$Nest$mapplyOrMergeTransaction:0 android.view.SurfaceView$SurfaceViewPositionUpdateListener.positionChanged:1537 android.graphics.RenderNode$CompositePositionUpdateListener.positionChanged:373 
10-16 16:57:11.133  5481  5632 I ViewRootImpl@8cf4809[MainActivity]: mWNT: t=0x7b3649a100 mBlastBufferQueue=0x7b6d750200 fn= 940 caller= android.view.SurfaceView.applyOrMergeTransaction:1455 android.view.SurfaceView.-$$Nest$mapplyOrMergeTransaction:0 android.view.SurfaceView$SurfaceViewPositionUpdateListener.positionChanged:1537 
10-16 16:57:11.133  5481  5632 I ViewRootImpl@8cf4809[MainActivity]: mWNT: t=0x7b3670d600 mBlastBufferQueue=0x7b6d750200 fn= 940 caller= android.view.ViewRootImpl.lambda$applyTransactionOnDraw$11$android-view-ViewRootImpl:12865 android.view.ViewRootImpl$$ExternalSyntheticLambda1.onFrameDraw:4 android.graphics.HardwareRenderer$FrameDrawingCallback.onFrameDraw:924 
10-16 16:57:11.149  5481  5633 D SurfaceView@f03d6a4: updateSurfacePosition RenderWorker, frameNr = 941, position = [0, -105, 1080, 420] surfaceSize = 1080x525
10-16 16:57:11.149  5481  5633 I SurfaceView@f03d6a4: uSP: rtp = Rect(0, -105 - 1080, 420) rtsw = 1080 rtsh = 525
10-16 16:57:11.149  5481  5633 I SurfaceView@f03d6a4: onSSPAndSRT: pl = 0 pt = -105 sx = 1.0 sy = 1.0
10-16 16:57:11.150  5481  5633 I SurfaceView@f03d6a4: aOrMT: ViewRootImpl@8cf4809[MainActivity] t = android.view.SurfaceControl$Transaction@220fe5 fN = 941 android.view.SurfaceView.-$$Nest$mapplyOrMergeTransaction:0 android.view.SurfaceView$SurfaceViewPositionUpdateListener.positionChanged:1537 android.graphics.RenderNode$CompositePositionUpdateListener.positionChanged:373 
10-16 16:57:11.150  5481  5633 I ViewRootImpl@8cf4809[MainActivity]: mWNT: t=0x7b3649a100 mBlastBufferQueue=0x7b6d750200 fn= 941 caller= android.view.SurfaceView.applyOrMergeTransaction:1455 android.view.SurfaceView.-$$Nest$mapplyOrMergeTransaction:0 android.view.SurfaceView$SurfaceViewPositionUpdateListener.positionChanged:1537 
10-16 16:57:11.153  5481  5481 I SurfaceView@f03d6a4: Changes: creating=false format=false size=false visible=false alpha=false hint=false mUseAlpha=false visible=false left=false top=true
10-16 16:57:11.153  5481  5481 I SurfaceView@f03d6a4: 251909796 Cur surface: Surface(name=null)/@0x3c43dd6
10-16 16:57:11.153  5481  5481 I SurfaceView@f03d6a4: applyTransactionOnVriDraw: vri = ViewRootImpl@8cf4809[MainActivity] fRS = false t = 0x7b3670db00 android.view.SurfaceView.performSurfaceTransaction:959 android.view.SurfaceView.updateSurface:1105 android.view.SurfaceView.lambda$new$0$android-view-SurfaceView:200 
10-16 16:57:11.153  5481  5481 I ViewRootImpl@8cf4809[MainActivity]: applyTransactionOnDraw: mRemoved = false isHardwareEnabled = true t = 0x7b3670db00android.view.SurfaceView.applyTransactionOnVriDraw:2048 android.view.SurfaceView.performSurfaceTransaction:959 android.view.SurfaceView.updateSurface:1105 android.view.SurfaceView.lambda$new$0$android-view-SurfaceView:200 android.view.SurfaceView$$ExternalSyntheticLambda5.onPreDraw:2 
10-16 16:57:11.153  5481  5481 I SurfaceView@f03d6a4: updateSurface: mVisible = true mSurface.isValid() = true
10-16 16:57:11.153  5481  5481 I SurfaceView@f03d6a4: updateSurface: mSurfaceCreated = true surfaceChanged = false visibleChanged = false
10-16 16:57:11.153  5481  5481 V SurfaceView@f03d6a4: Layout: x=0 y=-105 w=1080 h=525, frame=Rect(0, 0 - 1080, 525)
10-16 16:57:11.162  5481  5632 D SurfaceView@f03d6a4: updateSurfacePosition RenderWorker, frameNr = 942, position = [0, -142, 1080, 383] surfaceSize = 1080x525
10-16 16:57:11.162  5481  5632 I SurfaceView@f03d6a4: uSP: rtp = Rect(0, -142 - 1080, 383) rtsw = 1080 rtsh = 525
10-16 16:57:11.162  5481  5632 I SurfaceView@f03d6a4: onSSPAndSRT: pl = 0 pt = -142 sx = 1.0 sy = 1.0
10-16 16:57:11.162  5481  5632 I SurfaceView@f03d6a4: aOrMT: ViewRootImpl@8cf4809[MainActivity] t = android.view.SurfaceControl$Transaction@220fe5 fN = 942 android.view.SurfaceView.-$$Nest$mapplyOrMergeTransaction:0 android.view.SurfaceView$SurfaceViewPositionUpdateListener.positionChanged:1537 android.graphics.RenderNode$CompositePositionUpdateListener.positionChanged:373 
10-16 16:57:11.162  5481  5632 I ViewRootImpl@8cf4809[MainActivity]: mWNT: t=0x7b3649a100 mBlastBufferQueue=0x7b6d750200 fn= 942 caller= android.view.SurfaceView.applyOrMergeTransaction:1455 android.view.SurfaceView.-$$Nest$mapplyOrMergeTransaction:0 android.view.SurfaceView$SurfaceViewPositionUpdateListener.positionChanged:1537 
10-16 16:57:11.162  5481  5632 I ViewRootImpl@8cf4809[MainActivity]: mWNT: t=0x7b3670db00 mBlastBufferQueue=0x7b6d750200 fn= 942 caller= android.view.ViewRootImpl.lambda$applyTransactionOnDraw$11$android-view-ViewRootImpl:12865 android.view.ViewRootImpl$$ExternalSyntheticLambda1.onFrameDraw:4 android.graphics.HardwareRenderer$FrameDrawingCallback.onFrameDraw:924 
10-16 16:57:11.170  5481  5481 I SurfaceView@f03d6a4: Changes: creating=false format=false size=false visible=false alpha=false hint=false mUseAlpha=false visible=false left=false top=true
10-16 16:57:11.170  5481  5481 I SurfaceView@f03d6a4: 251909796 Cur surface: Surface(name=null)/@0x3c43dd6
10-16 16:57:11.171  5481  5481 I SurfaceView@f03d6a4: applyTransactionOnVriDraw: vri = ViewRootImpl@8cf4809[MainActivity] fRS = false t = 0x7b3670dc00 android.view.SurfaceView.performSurfaceTransaction:959 android.view.SurfaceView.updateSurface:1105 android.view.SurfaceView.lambda$new$0$android-view-SurfaceView:200 
10-16 16:57:11.171  5481  5481 I ViewRootImpl@8cf4809[MainActivity]: applyTransactionOnDraw: mRemoved = false isHardwareEnabled = true t = 0x7b3670dc00android.view.SurfaceView.applyTransactionOnVriDraw:2048 android.view.SurfaceView.performSurfaceTransaction:959 android.view.SurfaceView.updateSurface:1105 android.view.SurfaceView.lambda$new$0$android-view-SurfaceView:200 android.view.SurfaceView$$ExternalSyntheticLambda5.onPreDraw:2 
10-16 16:57:11.171  5481  5481 I SurfaceView@f03d6a4: updateSurface: mVisible = true mSurface.isValid() = true
10-16 16:57:11.171  5481  5481 I SurfaceView@f03d6a4: updateSurface: mSurfaceCreated = true surfaceChanged = false visibleChanged = false
10-16 16:57:11.171  5481  5481 V SurfaceView@f03d6a4: Layout: x=0 y=-142 w=1080 h=525, frame=Rect(0, 0 - 1080, 525)
10-16 16:57:11.181  5481  5633 D SurfaceView@f03d6a4: updateSurfacePosition RenderWorker, frameNr = 943, position = [0, -186, 1080, 339] surfaceSize = 1080x525
10-16 16:57:11.181  5481  5633 I SurfaceView@f03d6a4: uSP: rtp = Rect(0, -186 - 1080, 339) rtsw = 1080 rtsh = 525
10-16 16:57:11.181  5481  5633 I SurfaceView@f03d6a4: onSSPAndSRT: pl = 0 pt = -186 sx = 1.0 sy = 1.0
10-16 16:57:11.181  5481  5633 I SurfaceView@f03d6a4: aOrMT: ViewRootImpl@8cf4809[MainActivity] t = android.view.SurfaceControl$Transaction@220fe5 fN = 943 android.view.SurfaceView.-$$Nest$mapplyOrMergeTransaction:0 android.view.SurfaceView$SurfaceViewPositionUpdateListener.positionChanged:1537 android.graphics.RenderNode$CompositePositionUpdateListener.positionChanged:373 
10-16 16:57:11.181  5481  5633 I ViewRootImpl@8cf4809[MainActivity]: mWNT: t=0x7b3649a100 mBlastBufferQueue=0x7b6d750200 fn= 943 caller= android.view.SurfaceView.applyOrMergeTransaction:1455 android.view.SurfaceView.-$$Nest$mapplyOrMergeTransaction:0 android.view.SurfaceView$SurfaceViewPositionUpdateListener.positionChanged:1537 
10-16 16:57:11.181  5481  5633 I ViewRootImpl@8cf4809[MainActivity]: mWNT: t=0x7b3670dc00 mBlastBufferQueue=0x7b6d750200 fn= 943 caller= android.view.ViewRootImpl.lambda$applyTransactionOnDraw$11$android-view-ViewRootImpl:12865 android.view.ViewRootImpl$$ExternalSyntheticLambda1.onFrameDraw:4 android.graphics.HardwareRenderer$FrameDrawingCallback.onFrameDraw:924 
10-16 16:57:11.186  5481  5481 I SurfaceView@f03d6a4: Changes: creating=false format=false size=false visible=false alpha=false hint=false mUseAlpha=false visible=false left=false top=true
10-16 16:57:11.187  5481  5481 I SurfaceView@f03d6a4: 251909796 Cur surface: Surface(name=null)/@0x3c43dd6
10-16 16:57:11.187  5481  5481 I SurfaceView@f03d6a4: applyTransactionOnVriDraw: vri = ViewRootImpl@8cf4809[MainActivity] fRS = false t = 0x7b367a6100 android.view.SurfaceView.performSurfaceTransaction:959 android.view.SurfaceView.updateSurface:1105 android.view.SurfaceView.lambda$new$0$android-view-SurfaceView:200 
10-16 16:57:11.187  5481  5481 I ViewRootImpl@8cf4809[MainActivity]: applyTransactionOnDraw: mRemoved = false isHardwareEnabled = true t = 0x7b367a6100android.view.SurfaceView.applyTransactionOnVriDraw:2048 android.view.SurfaceView.performSurfaceTransaction:959 android.view.SurfaceView.updateSurface:1105 android.view.SurfaceView.lambda$new$0$android-view-SurfaceView:200 android.view.SurfaceView$$ExternalSyntheticLambda5.onPreDraw:2 
10-16 16:57:11.187  5481  5481 I SurfaceView@f03d6a4: updateSurface: mVisible = true mSurface.isValid() = true
10-16 16:57:11.187  5481  5481 I SurfaceView@f03d6a4: updateSurface: mSurfaceCreated = true surfaceChanged = false visibleChanged = false
10-16 16:57:11.188  5481  5481 V SurfaceView@f03d6a4: Layout: x=0 y=-186 w=1080 h=525, frame=Rect(0, 0 - 1080, 525)
10-16 16:57:11.201  5481  5632 D SurfaceView@f03d6a4: updateSurfacePosition RenderWorker, frameNr = 944, position = [0, -234, 1080, 291] surfaceSize = 1080x525
10-16 16:57:11.201  5481  5632 I SurfaceView@f03d6a4: uSP: rtp = Rect(0, -234 - 1080, 291) rtsw = 1080 rtsh = 525
10-16 16:57:11.201  5481  5632 I SurfaceView@f03d6a4: onSSPAndSRT: pl = 0 pt = -234 sx = 1.0 sy = 1.0
10-16 16:57:11.202  5481  5632 I SurfaceView@f03d6a4: aOrMT: ViewRootImpl@8cf4809[MainActivity] t = android.view.SurfaceControl$Transaction@220fe5 fN = 944 android.view.SurfaceView.-$$Nest$mapplyOrMergeTransaction:0 android.view.SurfaceView$SurfaceViewPositionUpdateListener.positionChanged:1537 android.graphics.RenderNode$CompositePositionUpdateListener.positionChanged:373 
10-16 16:57:11.202  5481  5632 I ViewRootImpl@8cf4809[MainActivity]: mWNT: t=0x7b3649a100 mBlastBufferQueue=0x7b6d750200 fn= 944 caller= android.view.SurfaceView.applyOrMergeTransaction:1455 android.view.SurfaceView.-$$Nest$mapplyOrMergeTransaction:0 android.view.SurfaceView$SurfaceViewPositionUpdateListener.positionChanged:1537 
10-16 16:57:11.203  5481  5632 I ViewRootImpl@8cf4809[MainActivity]: mWNT: t=0x7b367a6100 mBlastBufferQueue=0x7b6d750200 fn= 944 caller= android.view.ViewRootImpl.lambda$applyTransactionOnDraw$11$android-view-ViewRootImpl:12865 android.view.ViewRootImpl$$ExternalSyntheticLambda1.onFrameDraw:4 android.graphics.HardwareRenderer$FrameDrawingCallback.onFrameDraw:924 
10-16 16:57:11.204  5481  5481 I SurfaceView@f03d6a4: Changes: creating=false format=false size=false visible=false alpha=false hint=false mUseAlpha=false visible=false left=false top=true
10-16 16:57:11.204  5481  5481 I SurfaceView@f03d6a4: 251909796 Cur surface: Surface(name=null)/@0x3c43dd6
10-16 16:57:11.205  5481  5481 I SurfaceView@f03d6a4: applyTransactionOnVriDraw: vri = ViewRootImpl@8cf4809[MainActivity] fRS = false t = 0x7b367a6300 android.view.SurfaceView.performSurfaceTransaction:959 android.view.SurfaceView.updateSurface:1105 android.view.SurfaceView.lambda$new$0$android-view-SurfaceView:200 
10-16 16:57:11.205  5481  5481 I ViewRootImpl@8cf4809[MainActivity]: applyTransactionOnDraw: mRemoved = false isHardwareEnabled = true t = 0x7b367a6300android.view.SurfaceView.applyTransactionOnVriDraw:2048 android.view.SurfaceView.performSurfaceTransaction:959 android.view.SurfaceView.updateSurface:1105 android.view.SurfaceView.lambda$new$0$android-view-SurfaceView:200 android.view.SurfaceView$$ExternalSyntheticLambda5.onPreDraw:2 
10-16 16:57:11.205  5481  5481 I SurfaceView@f03d6a4: updateSurface: mVisible = true mSurface.isValid() = true
10-16 16:57:11.205  5481  5481 I SurfaceView@f03d6a4: updateSurface: mSurfaceCreated = true surfaceChanged = false visibleChanged = false
10-16 16:57:11.205  5481  5481 V SurfaceView@f03d6a4: Layout: x=0 y=-234 w=1080 h=525, frame=Rect(0, 0 - 1080, 525)
10-16 16:57:11.215  5481  5633 D SurfaceView@f03d6a4: updateSurfacePosition RenderWorker, frameNr = 945, position = [0, -279, 1080, 246] surfaceSize = 1080x525
10-16 16:57:11.216  5481  5633 I SurfaceView@f03d6a4: uSP: rtp = Rect(0, -279 - 1080, 246) rtsw = 1080 rtsh = 525
10-16 16:57:11.216  5481  5633 I SurfaceView@f03d6a4: onSSPAndSRT: pl = 0 pt = -279 sx = 1.0 sy = 1.0
10-16 16:57:11.216  5481  5633 I SurfaceView@f03d6a4: aOrMT: ViewRootImpl@8cf4809[MainActivity] t = android.view.SurfaceControl$Transaction@220fe5 fN = 945 android.view.SurfaceView.-$$Nest$mapplyOrMergeTransaction:0 android.view.SurfaceView$SurfaceViewPositionUpdateListener.positionChanged:1537 android.graphics.RenderNode$CompositePositionUpdateListener.positionChanged:373 
10-16 16:57:11.216  5481  5633 I ViewRootImpl@8cf4809[MainActivity]: mWNT: t=0x7b3649a100 mBlastBufferQueue=0x7b6d750200 fn= 945 caller= android.view.SurfaceView.applyOrMergeTransaction:1455 android.view.SurfaceView.-$$Nest$mapplyOrMergeTransaction:0 android.view.SurfaceView$SurfaceViewPositionUpdateListener.positionChanged:1537 
10-16 16:57:11.216  5481  5633 I ViewRootImpl@8cf4809[MainActivity]: mWNT: t=0x7b367a6300 mBlastBufferQueue=0x7b6d750200 fn= 945 caller= android.view.ViewRootImpl.lambda$applyTransactionOnDraw$11$android-view-ViewRootImpl:12865 android.view.ViewRootImpl$$ExternalSyntheticLambda1.onFrameDraw:4 android.graphics.HardwareRenderer$FrameDrawingCallback.onFrameDraw:924 
10-16 16:57:11.220  5481  5481 I SurfaceView@f03d6a4: Changes: creating=false format=false size=false visible=false alpha=false hint=false mUseAlpha=false visible=false left=false top=true
10-16 16:57:11.220  5481  5481 I SurfaceView@f03d6a4: 251909796 Cur surface: Surface(name=null)/@0x3c43dd6
10-16 16:57:11.221  5481  5481 I SurfaceView@f03d6a4: applyTransactionOnVriDraw: vri = ViewRootImpl@8cf4809[MainActivity] fRS = false t = 0x7b367a6500 android.view.SurfaceView.performSurfaceTransaction:959 android.view.SurfaceView.updateSurface:1105 android.view.SurfaceView.lambda$new$0$android-view-SurfaceView:200 
10-16 16:57:11.221  5481  5481 I ViewRootImpl@8cf4809[MainActivity]: applyTransactionOnDraw: mRemoved = false isHardwareEnabled = true t = 0x7b367a6500android.view.SurfaceView.applyTransactionOnVriDraw:2048 android.view.SurfaceView.performSurfaceTransaction:959 android.view.SurfaceView.updateSurface:1105 android.view.SurfaceView.lambda$new$0$android-view-SurfaceView:200 android.view.SurfaceView$$ExternalSyntheticLambda5.onPreDraw:2 
10-16 16:57:11.221  5481  5481 I SurfaceView@f03d6a4: updateSurface: mVisible = true mSurface.isValid() = true
10-16 16:57:11.221  5481  5481 I SurfaceView@f03d6a4: updateSurface: mSurfaceCreated = true surfaceChanged = false visibleChanged = false
10-16 16:57:11.221  5481  5481 V SurfaceView@f03d6a4: Layout: x=0 y=-279 w=1080 h=525, frame=Rect(0, 0 - 1080, 525)
10-16 16:57:11.231  5481  5632 D SurfaceView@f03d6a4: updateSurfacePosition RenderWorker, frameNr = 946, position = [0, -324, 1080, 201] surfaceSize = 1080x525
10-16 16:57:11.231  5481  5632 I SurfaceView@f03d6a4: uSP: rtp = Rect(0, -324 - 1080, 201) rtsw = 1080 rtsh = 525
10-16 16:57:11.231  5481  5632 I SurfaceView@f03d6a4: onSSPAndSRT: pl = 0 pt = -324 sx = 1.0 sy = 1.0
10-16 16:57:11.231  5481  5632 I SurfaceView@f03d6a4: aOrMT: ViewRootImpl@8cf4809[MainActivity] t = android.view.SurfaceControl$Transaction@220fe5 fN = 946 android.view.SurfaceView.-$$Nest$mapplyOrMergeTransaction:0 android.view.SurfaceView$SurfaceViewPositionUpdateListener.positionChanged:1537 android.graphics.RenderNode$CompositePositionUpdateListener.positionChanged:373 
10-16 16:57:11.231  5481  5632 I ViewRootImpl@8cf4809[MainActivity]: mWNT: t=0x7b3649a100 mBlastBufferQueue=0x7b6d750200 fn= 946 caller= android.view.SurfaceView.applyOrMergeTransaction:1455 android.view.SurfaceView.-$$Nest$mapplyOrMergeTransaction:0 android.view.SurfaceView$SurfaceViewPositionUpdateListener.positionChanged:1537 
10-16 16:57:11.231  5481  5632 I ViewRootImpl@8cf4809[MainActivity]: mWNT: t=0x7b367a6500 mBlastBufferQueue=0x7b6d750200 fn= 946 caller= android.view.ViewRootImpl.lambda$applyTransactionOnDraw$11$android-view-ViewRootImpl:12865 android.view.ViewRootImpl$$ExternalSyntheticLambda1.onFrameDraw:4 android.graphics.HardwareRenderer$FrameDrawingCallback.onFrameDraw:924 
10-16 16:57:11.236  5481  5481 I SurfaceView@f03d6a4: Changes: creating=false format=false size=false visible=false alpha=false hint=false mUseAlpha=false visible=false left=false top=true
10-16 16:57:11.236  5481  5481 I SurfaceView@f03d6a4: 251909796 Cur surface: Surface(name=null)/@0x3c43dd6
10-16 16:57:11.236  5481  5481 I SurfaceView@f03d6a4: applyTransactionOnVriDraw: vri = ViewRootImpl@8cf4809[MainActivity] fRS = false t = 0x7b368b4200 android.view.SurfaceView.performSurfaceTransaction:959 android.view.SurfaceView.updateSurface:1105 android.view.SurfaceView.lambda$new$0$android-view-SurfaceView:200 
10-16 16:57:11.236  5481  5481 I ViewRootImpl@8cf4809[MainActivity]: applyTransactionOnDraw: mRemoved = false isHardwareEnabled = true t = 0x7b368b4200android.view.SurfaceView.applyTransactionOnVriDraw:2048 android.view.SurfaceView.performSurfaceTransaction:959 android.view.SurfaceView.updateSurface:1105 android.view.SurfaceView.lambda$new$0$android-view-SurfaceView:200 android.view.SurfaceView$$ExternalSyntheticLambda5.onPreDraw:2 
10-16 16:57:11.236  5481  5481 I SurfaceView@f03d6a4: updateSurface: mVisible = true mSurface.isValid() = true
10-16 16:57:11.236  5481  5481 I SurfaceView@f03d6a4: updateSurface: mSurfaceCreated = true surfaceChanged = false visibleChanged = false
10-16 16:57:11.236  5481  5481 V SurfaceView@f03d6a4: Layout: x=0 y=-324 w=1080 h=525, frame=Rect(0, 0 - 1080, 525)
10-16 16:57:11.246  5481  5633 D SurfaceView@f03d6a4: updateSurfacePosition RenderWorker, frameNr = 947, position = [0, -369, 1080, 156] surfaceSize = 1080x525
10-16 16:57:11.246  5481  5633 I SurfaceView@f03d6a4: uSP: rtp = Rect(0, -369 - 1080, 156) rtsw = 1080 rtsh = 525
10-16 16:57:11.246  5481  5633 I SurfaceView@f03d6a4: onSSPAndSRT: pl = 0 pt = -369 sx = 1.0 sy = 1.0
10-16 16:57:11.246  5481  5633 I SurfaceView@f03d6a4: aOrMT: ViewRootImpl@8cf4809[MainActivity] t = android.view.SurfaceControl$Transaction@220fe5 fN = 947 android.view.SurfaceView.-$$Nest$mapplyOrMergeTransaction:0 android.view.SurfaceView$SurfaceViewPositionUpdateListener.positionChanged:1537 android.graphics.RenderNode$CompositePositionUpdateListener.positionChanged:373 
10-16 16:57:11.246  5481  5633 I ViewRootImpl@8cf4809[MainActivity]: mWNT: t=0x7b3649a100 mBlastBufferQueue=0x7b6d750200 fn= 947 caller= android.view.SurfaceView.applyOrMergeTransaction:1455 android.view.SurfaceView.-$$Nest$mapplyOrMergeTransaction:0 android.view.SurfaceView$SurfaceViewPositionUpdateListener.positionChanged:1537 
10-16 16:57:11.246  5481  5633 I ViewRootImpl@8cf4809[MainActivity]: mWNT: t=0x7b368b4200 mBlastBufferQueue=0x7b6d750200 fn= 947 caller= android.view.ViewRootImpl.lambda$applyTransactionOnDraw$11$android-view-ViewRootImpl:12865 android.view.ViewRootImpl$$ExternalSyntheticLambda1.onFrameDraw:4 android.graphics.HardwareRenderer$FrameDrawingCallback.onFrameDraw:924 
10-16 16:57:11.252  5481  5481 I SurfaceView@f03d6a4: Changes: creating=false format=false size=false visible=false alpha=false hint=false mUseAlpha=false visible=false left=false top=true
10-16 16:57:11.252  5481  5481 I SurfaceView@f03d6a4: 251909796 Cur surface: Surface(name=null)/@0x3c43dd6
10-16 16:57:11.253  5481  5481 I SurfaceView@f03d6a4: applyTransactionOnVriDraw: vri = ViewRootImpl@8cf4809[MainActivity] fRS = false t = 0x7b368b4300 android.view.SurfaceView.performSurfaceTransaction:959 android.view.SurfaceView.updateSurface:1105 android.view.SurfaceView.lambda$new$0$android-view-SurfaceView:200 
10-16 16:57:11.253  5481  5481 I ViewRootImpl@8cf4809[MainActivity]: applyTransactionOnDraw: mRemoved = false isHardwareEnabled = true t = 0x7b368b4300android.view.SurfaceView.applyTransactionOnVriDraw:2048 android.view.SurfaceView.performSurfaceTransaction:959 android.view.SurfaceView.updateSurface:1105 android.view.SurfaceView.lambda$new$0$android-view-SurfaceView:200 android.view.SurfaceView$$ExternalSyntheticLambda5.onPreDraw:2 
10-16 16:57:11.253  5481  5481 I SurfaceView@f03d6a4: updateSurface: mVisible = true mSurface.isValid() = true
10-16 16:57:11.253  5481  5481 I SurfaceView@f03d6a4: updateSurface: mSurfaceCreated = true surfaceChanged = false visibleChanged = false
10-16 16:57:11.253  5481  5481 V SurfaceView@f03d6a4: Layout: x=0 y=-369 w=1080 h=525, frame=Rect(0, 0 - 1080, 525)
10-16 16:57:11.262  5481  5632 D SurfaceView@f03d6a4: updateSurfacePosition RenderWorker, frameNr = 948, position = [0, -410, 1080, 115] surfaceSize = 1080x525
10-16 16:57:11.262  5481  5632 I SurfaceView@f03d6a4: uSP: rtp = Rect(0, -410 - 1080, 115) rtsw = 1080 rtsh = 525
10-16 16:57:11.262  5481  5632 I SurfaceView@f03d6a4: onSSPAndSRT: pl = 0 pt = -410 sx = 1.0 sy = 1.0
10-16 16:57:11.262  5481  5632 I SurfaceView@f03d6a4: aOrMT: ViewRootImpl@8cf4809[MainActivity] t = android.view.SurfaceControl$Transaction@220fe5 fN = 948 android.view.SurfaceView.-$$Nest$mapplyOrMergeTransaction:0 android.view.SurfaceView$SurfaceViewPositionUpdateListener.positionChanged:1537 android.graphics.RenderNode$CompositePositionUpdateListener.positionChanged:373 
10-16 16:57:11.262  5481  5632 I ViewRootImpl@8cf4809[MainActivity]: mWNT: t=0x7b3649a100 mBlastBufferQueue=0x7b6d750200 fn= 948 caller= android.view.SurfaceView.applyOrMergeTransaction:1455 android.view.SurfaceView.-$$Nest$mapplyOrMergeTransaction:0 android.view.SurfaceView$SurfaceViewPositionUpdateListener.positionChanged:1537 
10-16 16:57:11.262  5481  5632 I ViewRootImpl@8cf4809[MainActivity]: mWNT: t=0x7b368b4300 mBlastBufferQueue=0x7b6d750200 fn= 948 caller= android.view.ViewRootImpl.lambda$applyTransactionOnDraw$11$android-view-ViewRootImpl:12865 android.view.ViewRootImpl$$ExternalSyntheticLambda1.onFrameDraw:4 android.graphics.HardwareRenderer$FrameDrawingCallback.onFrameDraw:924 
10-16 16:57:11.269  5481  5481 I SurfaceView@f03d6a4: Changes: creating=false format=false size=false visible=false alpha=false hint=false mUseAlpha=false visible=false left=false top=true
10-16 16:57:11.269  5481  5481 I SurfaceView@f03d6a4: 251909796 Cur surface: Surface(name=null)/@0x3c43dd6
10-16 16:57:11.269  5481  5481 I SurfaceView@f03d6a4: applyTransactionOnVriDraw: vri = ViewRootImpl@8cf4809[MainActivity] fRS = false t = 0x7b368b4400 android.view.SurfaceView.performSurfaceTransaction:959 android.view.SurfaceView.updateSurface:1105 android.view.SurfaceView.lambda$new$0$android-view-SurfaceView:200 
10-16 16:57:11.269  5481  5481 I ViewRootImpl@8cf4809[MainActivity]: applyTransactionOnDraw: mRemoved = false isHardwareEnabled = true t = 0x7b368b4400android.view.SurfaceView.applyTransactionOnVriDraw:2048 android.view.SurfaceView.performSurfaceTransaction:959 android.view.SurfaceView.updateSurface:1105 android.view.SurfaceView.lambda$new$0$android-view-SurfaceView:200 android.view.SurfaceView$$ExternalSyntheticLambda5.onPreDraw:2 
10-16 16:57:11.270  5481  5481 I SurfaceView@f03d6a4: updateSurface: mVisible = true mSurface.isValid() = true
10-16 16:57:11.270  5481  5481 I SurfaceView@f03d6a4: updateSurface: mSurfaceCreated = true surfaceChanged = false visibleChanged = false
10-16 16:57:11.270  5481  5481 V SurfaceView@f03d6a4: Layout: x=0 y=-410 w=1080 h=525, frame=Rect(0, 0 - 1080, 525)
10-16 16:57:11.278  5481  5633 D SurfaceView@f03d6a4: updateSurfacePosition RenderWorker, frameNr = 949, position = [0, -451, 1080, 74] surfaceSize = 1080x525
10-16 16:57:11.279  5481  5633 I SurfaceView@f03d6a4: uSP: rtp = Rect(0, -451 - 1080, 74) rtsw = 1080 rtsh = 525
10-16 16:57:11.279  5481  5633 I SurfaceView@f03d6a4: onSSPAndSRT: pl = 0 pt = -451 sx = 1.0 sy = 1.0
10-16 16:57:11.279  5481  5633 I SurfaceView@f03d6a4: aOrMT: ViewRootImpl@8cf4809[MainActivity] t = android.view.SurfaceControl$Transaction@220fe5 fN = 949 android.view.SurfaceView.-$$Nest$mapplyOrMergeTransaction:0 android.view.SurfaceView$SurfaceViewPositionUpdateListener.positionChanged:1537 android.graphics.RenderNode$CompositePositionUpdateListener.positionChanged:373 
10-16 16:57:11.279  5481  5633 I ViewRootImpl@8cf4809[MainActivity]: mWNT: t=0x7b3649a100 mBlastBufferQueue=0x7b6d750200 fn= 949 caller= android.view.SurfaceView.applyOrMergeTransaction:1455 android.view.SurfaceView.-$$Nest$mapplyOrMergeTransaction:0 android.view.SurfaceView$SurfaceViewPositionUpdateListener.positionChanged:1537 
10-16 16:57:11.279  5481  5633 I ViewRootImpl@8cf4809[MainActivity]: mWNT: t=0x7b368b4400 mBlastBufferQueue=0x7b6d750200 fn= 949 caller= android.view.ViewRootImpl.lambda$applyTransactionOnDraw$11$android-view-ViewRootImpl:12865 android.view.ViewRootImpl$$ExternalSyntheticLambda1.onFrameDraw:4 android.graphics.HardwareRenderer$FrameDrawingCallback.onFrameDraw:924 
10-16 16:57:11.286  5481  5481 I SurfaceView@f03d6a4: Changes: creating=false format=false size=false visible=false alpha=false hint=false mUseAlpha=false visible=false left=false top=true
10-16 16:57:11.286  5481  5481 I SurfaceView@f03d6a4: 251909796 Cur surface: Surface(name=null)/@0x3c43dd6
10-16 16:57:11.286  5481  5481 I SurfaceView@f03d6a4: applyTransactionOnVriDraw: vri = ViewRootImpl@8cf4809[MainActivity] fRS = false t = 0x7b368b4a00 android.view.SurfaceView.performSurfaceTransaction:959 android.view.SurfaceView.updateSurface:1105 android.view.SurfaceView.lambda$new$0$android-view-SurfaceView:200 
10-16 16:57:11.286  5481  5481 I ViewRootImpl@8cf4809[MainActivity]: applyTransactionOnDraw: mRemoved = false isHardwareEnabled = true t = 0x7b368b4a00android.view.SurfaceView.applyTransactionOnVriDraw:2048 android.view.SurfaceView.performSurfaceTransaction:959 android.view.SurfaceView.updateSurface:1105 android.view.SurfaceView.lambda$new$0$android-view-SurfaceView:200 android.view.SurfaceView$$ExternalSyntheticLambda5.onPreDraw:2 
10-16 16:57:11.287  5481  5481 I SurfaceView@f03d6a4: updateSurface: mVisible = true mSurface.isValid() = true
10-16 16:57:11.287  5481  5481 I SurfaceView@f03d6a4: updateSurface: mSurfaceCreated = true surfaceChanged = false visibleChanged = false
10-16 16:57:11.287  5481  5481 V SurfaceView@f03d6a4: Layout: x=0 y=-451 w=1080 h=525, frame=Rect(0, 0 - 1080, 525)
10-16 16:57:11.296  5481  5632 D SurfaceView@f03d6a4: updateSurfacePosition RenderWorker, frameNr = 950, position = [0, -491, 1080, 34] surfaceSize = 1080x525
10-16 16:57:11.297  5481  5632 I SurfaceView@f03d6a4: uSP: rtp = Rect(0, -491 - 1080, 34) rtsw = 1080 rtsh = 525
10-16 16:57:11.297  5481  5632 I SurfaceView@f03d6a4: onSSPAndSRT: pl = 0 pt = -491 sx = 1.0 sy = 1.0
10-16 16:57:11.297  5481  5632 I SurfaceView@f03d6a4: aOrMT: ViewRootImpl@8cf4809[MainActivity] t = android.view.SurfaceControl$Transaction@220fe5 fN = 950 android.view.SurfaceView.-$$Nest$mapplyOrMergeTransaction:0 android.view.SurfaceView$SurfaceViewPositionUpdateListener.positionChanged:1537 android.graphics.RenderNode$CompositePositionUpdateListener.positionChanged:373 
10-16 16:57:11.297  5481  5632 I ViewRootImpl@8cf4809[MainActivity]: mWNT: t=0x7b3649a100 mBlastBufferQueue=0x7b6d750200 fn= 950 caller= android.view.SurfaceView.applyOrMergeTransaction:1455 android.view.SurfaceView.-$$Nest$mapplyOrMergeTransaction:0 android.view.SurfaceView$SurfaceViewPositionUpdateListener.positionChanged:1537 
10-16 16:57:11.297  5481  5632 I ViewRootImpl@8cf4809[MainActivity]: mWNT: t=0x7b368b4a00 mBlastBufferQueue=0x7b6d750200 fn= 950 caller= android.view.ViewRootImpl.lambda$applyTransactionOnDraw$11$android-view-ViewRootImpl:12865 android.view.ViewRootImpl$$ExternalSyntheticLambda1.onFrameDraw:4 android.graphics.HardwareRenderer$FrameDrawingCallback.onFrameDraw:924 
10-16 16:57:11.303  5481  5481 I SurfaceView@f03d6a4: Changes: creating=false format=false size=false visible=false alpha=false hint=false mUseAlpha=false visible=false left=false top=true
10-16 16:57:11.303  5481  5481 I SurfaceView@f03d6a4: 251909796 Cur surface: Surface(name=null)/@0x3c43dd6
10-16 16:57:11.304  5481  5481 I SurfaceView@f03d6a4: applyTransactionOnVriDraw: vri = ViewRootImpl@8cf4809[MainActivity] fRS = false t = 0x7b11b2dd00 android.view.SurfaceView.performSurfaceTransaction:959 android.view.SurfaceView.updateSurface:1105 android.view.SurfaceView.lambda$new$0$android-view-SurfaceView:200 
10-16 16:57:11.304  5481  5481 I ViewRootImpl@8cf4809[MainActivity]: applyTransactionOnDraw: mRemoved = false isHardwareEnabled = true t = 0x7b11b2dd00android.view.SurfaceView.applyTransactionOnVriDraw:2048 android.view.SurfaceView.performSurfaceTransaction:959 android.view.SurfaceView.updateSurface:1105 android.view.SurfaceView.lambda$new$0$android-view-SurfaceView:200 android.view.SurfaceView$$ExternalSyntheticLambda5.onPreDraw:2 
10-16 16:57:11.304  5481  5481 I SurfaceView@f03d6a4: updateSurface: mVisible = true mSurface.isValid() = true
10-16 16:57:11.304  5481  5481 I SurfaceView@f03d6a4: updateSurface: mSurfaceCreated = true surfaceChanged = false visibleChanged = false
10-16 16:57:11.304  5481  5481 V SurfaceView@f03d6a4: Layout: x=0 y=-491 w=1080 h=525, frame=Rect(0, 0 - 1080, 525)
10-16 16:57:11.319  5481  5633 D SurfaceView@f03d6a4: updateSurfacePosition RenderWorker, frameNr = 951, position = [0, -526, 1080, -1] surfaceSize = 1080x525
10-16 16:57:11.319  5481  5633 I SurfaceView@f03d6a4: uSP: rtp = Rect(0, -526 - 1080, -1) rtsw = 1080 rtsh = 525
10-16 16:57:11.319  5481  5633 I SurfaceView@f03d6a4: onSSPAndSRT: pl = 0 pt = -526 sx = 1.0 sy = 1.0
10-16 16:57:11.319  5481  5633 I SurfaceView@f03d6a4: aOrMT: ViewRootImpl@8cf4809[MainActivity] t = android.view.SurfaceControl$Transaction@220fe5 fN = 951 android.view.SurfaceView.-$$Nest$mapplyOrMergeTransaction:0 android.view.SurfaceView$SurfaceViewPositionUpdateListener.positionChanged:1537 android.graphics.RenderNode$CompositePositionUpdateListener.positionChanged:373 
10-16 16:57:11.319  5481  5633 I ViewRootImpl@8cf4809[MainActivity]: mWNT: t=0x7b3649a100 mBlastBufferQueue=0x7b6d750200 fn= 951 caller= android.view.SurfaceView.applyOrMergeTransaction:1455 android.view.SurfaceView.-$$Nest$mapplyOrMergeTransaction:0 android.view.SurfaceView$SurfaceViewPositionUpdateListener.positionChanged:1537 
10-16 16:57:11.319  5481  5633 I ViewRootImpl@8cf4809[MainActivity]: mWNT: t=0x7b11b2dd00 mBlastBufferQueue=0x7b6d750200 fn= 951 caller= android.view.ViewRootImpl.lambda$applyTransactionOnDraw$11$android-view-ViewRootImpl:12865 android.view.ViewRootImpl$$ExternalSyntheticLambda1.onFrameDraw:4 android.graphics.HardwareRenderer$FrameDrawingCallback.onFrameDraw:924 
10-16 16:57:11.321  5481  5481 I SurfaceView@f03d6a4: Changes: creating=false format=false size=false visible=false alpha=false hint=false mUseAlpha=false visible=false left=false top=true
10-16 16:57:11.321  5481  5481 I SurfaceView@f03d6a4: 251909796 Cur surface: Surface(name=null)/@0x3c43dd6
10-16 16:57:11.322  5481  5481 I SurfaceView@f03d6a4: applyTransactionOnVriDraw: vri = ViewRootImpl@8cf4809[MainActivity] fRS = false t = 0x7b11b2de00 android.view.SurfaceView.performSurfaceTransaction:959 android.view.SurfaceView.updateSurface:1105 android.view.SurfaceView.lambda$new$0$android-view-SurfaceView:200 
10-16 16:57:11.322  5481  5481 I ViewRootImpl@8cf4809[MainActivity]: applyTransactionOnDraw: mRemoved = false isHardwareEnabled = true t = 0x7b11b2de00android.view.SurfaceView.applyTransactionOnVriDraw:2048 android.view.SurfaceView.performSurfaceTransaction:959 android.view.SurfaceView.updateSurface:1105 android.view.SurfaceView.lambda$new$0$android-view-SurfaceView:200 android.view.SurfaceView$$ExternalSyntheticLambda5.onPreDraw:2 
10-16 16:57:11.322  5481  5481 I SurfaceView@f03d6a4: updateSurface: mVisible = true mSurface.isValid() = true
10-16 16:57:11.322  5481  5481 I SurfaceView@f03d6a4: updateSurface: mSurfaceCreated = true surfaceChanged = false visibleChanged = false
10-16 16:57:11.322  5481  5481 V SurfaceView@f03d6a4: Layout: x=0 y=-526 w=1080 h=525, frame=Rect(0, 0 - 1080, 525)
10-16 16:57:11.332  5481  5632 D SurfaceView@f03d6a4: updateSurfacePosition RenderWorker, frameNr = 952, position = [0, -561, 1080, -36] surfaceSize = 1080x525
10-16 16:57:11.332  5481  5632 I SurfaceView@f03d6a4: uSP: rtp = Rect(0, -561 - 1080, -36) rtsw = 1080 rtsh = 525
10-16 16:57:11.332  5481  5632 I SurfaceView@f03d6a4: onSSPAndSRT: pl = 0 pt = -561 sx = 1.0 sy = 1.0
10-16 16:57:11.332  5481  5632 I SurfaceView@f03d6a4: aOrMT: ViewRootImpl@8cf4809[MainActivity] t = android.view.SurfaceControl$Transaction@220fe5 fN = 952 android.view.SurfaceView.-$$Nest$mapplyOrMergeTransaction:0 android.view.SurfaceView$SurfaceViewPositionUpdateListener.positionChanged:1537 android.graphics.RenderNode$CompositePositionUpdateListener.positionChanged:373 
10-16 16:57:11.332  5481  5632 I ViewRootImpl@8cf4809[MainActivity]: mWNT: t=0x7b3649a100 mBlastBufferQueue=0x7b6d750200 fn= 952 caller= android.view.SurfaceView.applyOrMergeTransaction:1455 android.view.SurfaceView.-$$Nest$mapplyOrMergeTransaction:0 android.view.SurfaceView$SurfaceViewPositionUpdateListener.positionChanged:1537 
10-16 16:57:11.332  5481  5632 I ViewRootImpl@8cf4809[MainActivity]: mWNT: t=0x7b11b2de00 mBlastBufferQueue=0x7b6d750200 fn= 952 caller= android.view.ViewRootImpl.lambda$applyTransactionOnDraw$11$android-view-ViewRootImpl:12865 android.view.ViewRootImpl$$ExternalSyntheticLambda1.onFrameDraw:4 android.graphics.HardwareRenderer$FrameDrawingCallback.onFrameDraw:924 
10-16 16:57:11.336  5481  5481 I SurfaceView@f03d6a4: Changes: creating=false format=false size=false visible=false alpha=false hint=false mUseAlpha=false visible=false left=false top=true
10-16 16:57:11.336  5481  5481 I SurfaceView@f03d6a4: 251909796 Cur surface: Surface(name=null)/@0x3c43dd6
10-16 16:57:11.337  5481  5481 I SurfaceView@f03d6a4: applyTransactionOnVriDraw: vri = ViewRootImpl@8cf4809[MainActivity] fRS = false t = 0x7b120b6400 android.view.SurfaceView.performSurfaceTransaction:959 android.view.SurfaceView.updateSurface:1105 android.view.SurfaceView.lambda$new$0$android-view-SurfaceView:200 
10-16 16:57:11.337  5481  5481 I ViewRootImpl@8cf4809[MainActivity]: applyTransactionOnDraw: mRemoved = false isHardwareEnabled = true t = 0x7b120b6400android.view.SurfaceView.applyTransactionOnVriDraw:2048 android.view.SurfaceView.performSurfaceTransaction:959 android.view.SurfaceView.updateSurface:1105 android.view.SurfaceView.lambda$new$0$android-view-SurfaceView:200 android.view.SurfaceView$$ExternalSyntheticLambda5.onPreDraw:2 
10-16 16:57:11.337  5481  5481 I SurfaceView@f03d6a4: updateSurface: mVisible = true mSurface.isValid() = true
10-16 16:57:11.337  5481  5481 I SurfaceView@f03d6a4: updateSurface: mSurfaceCreated = true surfaceChanged = false visibleChanged = false
10-16 16:57:11.337  5481  5481 V SurfaceView@f03d6a4: Layout: x=0 y=-561 w=1080 h=525, frame=Rect(0, 0 - 1080, 525)
10-16 16:57:11.348  5481  5633 D SurfaceView@f03d6a4: updateSurfacePosition RenderWorker, frameNr = 953, position = [0, -595, 1080, -70] surfaceSize = 1080x525
10-16 16:57:11.348  5481  5633 I SurfaceView@f03d6a4: uSP: rtp = Rect(0, -595 - 1080, -70) rtsw = 1080 rtsh = 525
10-16 16:57:11.348  5481  5633 I SurfaceView@f03d6a4: onSSPAndSRT: pl = 0 pt = -595 sx = 1.0 sy = 1.0
10-16 16:57:11.348  5481  5633 I SurfaceView@f03d6a4: aOrMT: ViewRootImpl@8cf4809[MainActivity] t = android.view.SurfaceControl$Transaction@220fe5 fN = 953 android.view.SurfaceView.-$$Nest$mapplyOrMergeTransaction:0 android.view.SurfaceView$SurfaceViewPositionUpdateListener.positionChanged:1537 android.graphics.RenderNode$CompositePositionUpdateListener.positionChanged:373 
10-16 16:57:11.349  5481  5633 I ViewRootImpl@8cf4809[MainActivity]: mWNT: t=0x7b3649a100 mBlastBufferQueue=0x7b6d750200 fn= 953 caller= android.view.SurfaceView.applyOrMergeTransaction:1455 android.view.SurfaceView.-$$Nest$mapplyOrMergeTransaction:0 android.view.SurfaceView$SurfaceViewPositionUpdateListener.positionChanged:1537 
10-16 16:57:11.349  5481  5633 I ViewRootImpl@8cf4809[MainActivity]: mWNT: t=0x7b120b6400 mBlastBufferQueue=0x7b6d750200 fn= 953 caller= android.view.ViewRootImpl.lambda$applyTransactionOnDraw$11$android-view-ViewRootImpl:12865 android.view.ViewRootImpl$$ExternalSyntheticLambda1.onFrameDraw:4 android.graphics.HardwareRenderer$FrameDrawingCallback.onFrameDraw:924 
10-16 16:57:11.353  5481  5481 I SurfaceView@f03d6a4: Changes: creating=false format=false size=false visible=false alpha=false hint=false mUseAlpha=false visible=false left=false top=true
10-16 16:57:11.353  5481  5481 I SurfaceView@f03d6a4: 251909796 Cur surface: Surface(name=null)/@0x3c43dd6
10-16 16:57:11.354  5481  5481 I SurfaceView@f03d6a4: applyTransactionOnVriDraw: vri = ViewRootImpl@8cf4809[MainActivity] fRS = false t = 0x7b120b6500 android.view.SurfaceView.performSurfaceTransaction:959 android.view.SurfaceView.updateSurface:1105 android.view.SurfaceView.lambda$new$0$android-view-SurfaceView:200 
10-16 16:57:11.354  5481  5481 I ViewRootImpl@8cf4809[MainActivity]: applyTransactionOnDraw: mRemoved = false isHardwareEnabled = true t = 0x7b120b6500android.view.SurfaceView.applyTransactionOnVriDraw:2048 android.view.SurfaceView.performSurfaceTransaction:959 android.view.SurfaceView.updateSurface:1105 android.view.SurfaceView.lambda$new$0$android-view-SurfaceView:200 android.view.SurfaceView$$ExternalSyntheticLambda5.onPreDraw:2 
10-16 16:57:11.354  5481  5481 I SurfaceView@f03d6a4: updateSurface: mVisible = true mSurface.isValid() = true
10-16 16:57:11.354  5481  5481 I SurfaceView@f03d6a4: updateSurface: mSurfaceCreated = true surfaceChanged = false visibleChanged = false
10-16 16:57:11.354  5481  5481 V SurfaceView@f03d6a4: Layout: x=0 y=-595 w=1080 h=525, frame=Rect(0, 0 - 1080, 525)
10-16 16:57:11.368  5481  5632 D SurfaceView@f03d6a4: updateSurfacePosition RenderWorker, frameNr = 954, position = [0, -625, 1080, -100] surfaceSize = 1080x525
10-16 16:57:11.368  5481  5632 I SurfaceView@f03d6a4: uSP: rtp = Rect(0, -625 - 1080, -100) rtsw = 1080 rtsh = 525
10-16 16:57:11.368  5481  5632 I SurfaceView@f03d6a4: onSSPAndSRT: pl = 0 pt = -625 sx = 1.0 sy = 1.0
10-16 16:57:11.369  5481  5632 I SurfaceView@f03d6a4: aOrMT: ViewRootImpl@8cf4809[MainActivity] t = android.view.SurfaceControl$Transaction@220fe5 fN = 954 android.view.SurfaceView.-$$Nest$mapplyOrMergeTransaction:0 android.view.SurfaceView$SurfaceViewPositionUpdateListener.positionChanged:1537 android.graphics.RenderNode$CompositePositionUpdateListener.positionChanged:373 
10-16 16:57:11.369  5481  5632 I ViewRootImpl@8cf4809[MainActivity]: mWNT: t=0x7b3649a100 mBlastBufferQueue=0x7b6d750200 fn= 954 caller= android.view.SurfaceView.applyOrMergeTransaction:1455 android.view.SurfaceView.-$$Nest$mapplyOrMergeTransaction:0 android.view.SurfaceView$SurfaceViewPositionUpdateListener.positionChanged:1537 
10-16 16:57:11.369  5481  5632 I ViewRootImpl@8cf4809[MainActivity]: mWNT: t=0x7b120b6500 mBlastBufferQueue=0x7b6d750200 fn= 954 caller= android.view.ViewRootImpl.lambda$applyTransactionOnDraw$11$android-view-ViewRootImpl:12865 android.view.ViewRootImpl$$ExternalSyntheticLambda1.onFrameDraw:4 android.graphics.HardwareRenderer$FrameDrawingCallback.onFrameDraw:924 
10-16 16:57:11.372  5481  5481 I SurfaceView@f03d6a4: Changes: creating=false format=false size=false visible=false alpha=false hint=false mUseAlpha=false visible=false left=false top=true
10-16 16:57:11.372  5481  5481 I SurfaceView@f03d6a4: 251909796 Cur surface: Surface(name=null)/@0x3c43dd6
10-16 16:57:11.372  5481  5481 I SurfaceView@f03d6a4: applyTransactionOnVriDraw: vri = ViewRootImpl@8cf4809[MainActivity] fRS = false t = 0x7b120b6600 android.view.SurfaceView.performSurfaceTransaction:959 android.view.SurfaceView.updateSurface:1105 android.view.SurfaceView.lambda$new$0$android-view-SurfaceView:200 
10-16 16:57:11.373  5481  5481 I ViewRootImpl@8cf4809[MainActivity]: applyTransactionOnDraw: mRemoved = false isHardwareEnabled = true t = 0x7b120b6600android.view.SurfaceView.applyTransactionOnVriDraw:2048 android.view.SurfaceView.performSurfaceTransaction:959 android.view.SurfaceView.updateSurface:1105 android.view.SurfaceView.lambda$new$0$android-view-SurfaceView:200 android.view.SurfaceView$$ExternalSyntheticLambda5.onPreDraw:2 
10-16 16:57:11.373  5481  5481 I SurfaceView@f03d6a4: updateSurface: mVisible = true mSurface.isValid() = true
10-16 16:57:11.373  5481  5481 I SurfaceView@f03d6a4: updateSurface: mSurfaceCreated = true surfaceChanged = false visibleChanged = false
10-16 16:57:11.373  5481  5481 V SurfaceView@f03d6a4: Layout: x=0 y=-625 w=1080 h=525, frame=Rect(0, 0 - 1080, 525)
10-16 16:57:11.382  5481  5633 D SurfaceView@f03d6a4: updateSurfacePosition RenderWorker, frameNr = 955, position = [0, -655, 1080, -130] surfaceSize = 1080x525
10-16 16:57:11.382  5481  5633 I SurfaceView@f03d6a4: uSP: rtp = Rect(0, -655 - 1080, -130) rtsw = 1080 rtsh = 525
10-16 16:57:11.382  5481  5633 I SurfaceView@f03d6a4: onSSPAndSRT: pl = 0 pt = -655 sx = 1.0 sy = 1.0
10-16 16:57:11.382  5481  5633 I SurfaceView@f03d6a4: aOrMT: ViewRootImpl@8cf4809[MainActivity] t = android.view.SurfaceControl$Transaction@220fe5 fN = 955 android.view.SurfaceView.-$$Nest$mapplyOrMergeTransaction:0 android.view.SurfaceView$SurfaceViewPositionUpdateListener.positionChanged:1537 android.graphics.RenderNode$CompositePositionUpdateListener.positionChanged:373 
10-16 16:57:11.383  5481  5633 I ViewRootImpl@8cf4809[MainActivity]: mWNT: t=0x7b3649a100 mBlastBufferQueue=0x7b6d750200 fn= 955 caller= android.view.SurfaceView.applyOrMergeTransaction:1455 android.view.SurfaceView.-$$Nest$mapplyOrMergeTransaction:0 android.view.SurfaceView$SurfaceViewPositionUpdateListener.positionChanged:1537 
