--------- beginning of main
10-16 16:56:48.727  5481  5481 D InputTransport: Input channel destroyed: '7b0ea9e', fd=156
10-16 16:56:48.752  5481  5481 I ViewRootImpl@8cf4809[MainActivity]: MSG_WINDOW_FOCUS_CHANGED 1 0
10-16 16:56:48.752  5481  5481 I ViewRootImpl@8cf4809[MainActivity]: mThreadedRenderer.initializeIfNeeded()#2 mSurface={isValid=true 0x7b38472000}
10-16 16:56:48.756  5481  5481 D InputMethodManager: startInputInner - Id : 0
10-16 16:56:48.756  5481  5481 I InputMethodManager: startInputInner - mService.startInputOrWindowGainedFocus
10-16 16:56:49.410  5481  5481 I ViewRootImpl@8cf4809[MainActivity]: ViewPostIme pointer 0
10-16 16:56:49.528  5481  5481 D WindowOnBackDispatcher: onBackInvoked, viewRoot=ViewRootImpl@680ad98[MainActivity], callback=androidx.activity.OnBackPressedDispatcher$Api33Impl$$ExternalSyntheticLambda0@6bce9c3
10-16 16:56:49.535  5481  5481 I IMM_LC  : hsifw() - flag : 0
10-16 16:56:49.535  5481  5481 I IMM_LC  : hsifw() - mService.hideSoftInput
10-16 16:56:49.543  5481  5481 D ScrollView: initGoToTop
10-16 16:56:49.580  5481  5481 E CoilImgLoader: Error loading image: coil3.request.NullRequestDataException: The request's data is null.
10-16 16:56:49.593  5481  5481 D ScrollView:  onsize change changed 
10-16 16:56:50.499  5481  5481 I ViewRootImpl@8cf4809[MainActivity]: ViewPostIme pointer 0
10-16 16:56:50.532  5481  5481 I ViewRootImpl@8cf4809[MainActivity]: ViewPostIme pointer 1
10-16 16:56:50.550  5481  5481 I NavComponent: Navigating to fragment: 2131361879
10-16 16:56:50.554  5481  5481 I IMM_LC  : hsifw() - flag : 0
10-16 16:56:50.554  5481  5481 I IMM_LC  : hsifw() - mService.hideSoftInput
10-16 16:56:51.442  5481  5481 I ViewRootImpl@8cf4809[MainActivity]: ViewPostIme pointer 0
10-16 16:56:51.482  5481  5481 I ViewRootImpl@8cf4809[MainActivity]: ViewPostIme pointer 1
10-16 16:56:51.510  5481  5481 I IMM_LC  : hsifw() - flag : 0
10-16 16:56:51.510  5481  5481 I IMM_LC  : hsifw() - mService.hideSoftInput
10-16 16:56:51.656  5481  5481 I PLG     : updatePluginList = https://raw.githubusercontent.com/adamwolker21/DZ/refs/heads/master/repo.json
10-16 16:56:51.656  5481  5481 I PLG     : getPlugins = https://raw.githubusercontent.com/adamwolker21/DZ/refs/heads/master/repo.json
10-16 16:56:51.856  5481  5506 W st.cloudstream3: Missing inline cache for java.lang.Object com.fasterxml.jackson.module.kotlin.KotlinValueInstantiator.createFromObjectWith(com.fasterxml.jackson.databind.DeserializationContext, com.fasterxml.jackson.databind.deser.SettableBeanProperty[], com.fasterxml.jackson.databind.deser.impl.PropertyValueBuffer)
10-16 16:56:51.857  5481  5506 W st.cloudstream3: Missing inline cache for java.lang.Object com.fasterxml.jackson.module.kotlin.KotlinValueInstantiator.createFromObjectWith(com.fasterxml.jackson.databind.DeserializationContext, com.fasterxml.jackson.databind.deser.SettableBeanProperty[], com.fasterxml.jackson.databind.deser.impl.PropertyValueBuffer)
10-16 16:56:51.974  5481  5589 D VotingApi: Requesting: https://counterapi.com/api/cs-raw.githubusercontent.com-adamwolker21-DZ/vote/6dc8375a9c21c941e4f4638f351ba59129efb002ec683156e6e11dbcbd8c1d5d?readOnly=true
10-16 16:56:52.656  5481  5481 I ViewRootImpl@8cf4809[MainActivity]: ViewPostIme pointer 0
10-16 16:56:52.711  5481  5481 I ViewRootImpl@8cf4809[MainActivity]: ViewPostIme pointer 1
10-16 16:56:52.719  5481  5595 I PLG     : handlePluginAction = https://raw.githubusercontent.com/adamwolker21/DZ/refs/heads/master/repo.json, (https://raw.githubusercontent.com/adamwolker21/DZ/refs/heads/master/repo.json, SitePlugin(url=https://raw.githubusercontent.com/adamwolker21/DZ/builds/Asiatv.one.cs3, status=1, version=1, apiVersion=1, name=Asiatv.one, internalName=Asiatv.one, authors=[adamwolker21], description=Asiatv.one, repositoryUrl=https://github.com/adamwolker21/DZ, tvTypes=[Movie, TvSeries], language=ar, iconUrl=https://asiatv.one/wp-content/uploads/2021/09/cropped-asiadrama-192x192.png.webp, fileSize=13760)), false
10-16 16:56:52.720  5481  5595 D PluginManager: Downloading plugin: https://raw.githubusercontent.com/adamwolker21/DZ/builds/Asiatv.one.cs3 to /data/user/0/com.lagradost.cloudstream3/files/Extensions/httpsraw.githubusercontent.comadamwolker21DZrefsheadsmasterrepo.json.-468825824/Asiatv.one.344131172.cs3
10-16 16:56:52.940  5481  5595 I PluginManager: Unloading plugin: /data/user/0/com.lagradost.cloudstream3/files/Extensions/httpsraw.githubusercontent.comadamwolker21DZrefsheadsmasterrepo.json.-468825824/Asiatv.one.344131172.cs3
10-16 16:56:52.940  5481  5595 W PluginManager: Couldn't find plugin /data/user/0/com.lagradost.cloudstream3/files/Extensions/httpsraw.githubusercontent.comadamwolker21DZrefsheadsmasterrepo.json.-468825824/Asiatv.one.344131172.cs3
10-16 16:56:52.941  5481  5595 I PluginManager: Loading plugin: PluginData(internalName=Asiatv.one, url=https://raw.githubusercontent.com/adamwolker21/DZ/builds/Asiatv.one.cs3, isOnline=true, filePath=/data/user/0/com.lagradost.cloudstream3/files/Extensions/httpsraw.githubusercontent.comadamwolker21DZrefsheadsmasterrepo.json.-468825824/Asiatv.one.344131172.cs3, version=-2147483648)
10-16 16:56:52.995  5481  5595 I PluginInstance: Adding AsiaTV (https://asiatv.one) MainAPI
10-16 16:56:52.995  5481  5595 I PluginManager: Loaded plugin Asiatv.one successfully
10-16 16:56:52.996  5481  5595 I PLG     : getPlugins = https://raw.githubusercontent.com/adamwolker21/DZ/refs/heads/master/repo.json
10-16 16:56:52.996  5481  5481 I COMPACT : showToast = Plugin Loaded
10-16 16:56:53.003  5481  5481 D CompatibilityChangeReporter: Compat change id reported: 147798919; UID 10526; state: ENABLED
10-16 16:56:53.003  5481  5481 E Toast   : setGravity() shouldn't be called on text toasts, the values won't be used
10-16 16:56:53.003  5481  5481 I Toast   : setView: it's a custom toast
10-16 16:56:53.011  5481  5481 V Toast   : show: caller = com.lagradost.cloudstream3.CommonActivity.showToast:175 
10-16 16:56:53.023  5481  5481 V Toast   : HANDLE SHOW: android.widget.Toast$TN@4d19c1c mView=null mNextView=androidx.cardview.widget.CardView{4783025 V.E..V... ......ID 0,0-0,0 #7f0a0557 app:id/toast_layout_root}
10-16 16:56:53.025  5481  5481 V ToastPresenter: sipHeight = -39
10-16 16:56:53.027  5481  5481 V ToastPresenter: yOffset = 13
10-16 16:56:53.031  5481  5548 D NativeCustomFrequencyManager: [NativeCFMS] BpCustomFrequencyManager::BpCustomFrequencyManager()
10-16 16:56:53.042  5481  5481 D InsetsController: onStateChanged: InsetsState: {mDisplayFrame=Rect(0, 0 - 1080, 2400), mDisplayCutout=DisplayCutout{insets=Rect(0, 88 - 0, 0) waterfall=Insets{left=0, top=0, right=0, bottom=0} boundingRect={Bounds=[Rect(0, 0 - 0, 0), Rect(512, 0 - 568, 88), Rect(0, 0 - 0, 0), Rect(0, 0 - 0, 0)]} cutoutPathParserInfo={CutoutPathParserInfo{displayWidth=1080 displayHeight=2400 physicalDisplayWidth=1080 physicalDisplayHeight=2400 density={2.625} cutoutSpec={M 0,0 M 0,12.25101276465640 a 10.60613009248640,10.60613009248640 0 1,0 0,21.21226018497290 a 10.60613009248640,10.60613009248640 0 1,0 0,-21.21226018497290 Z @dp} rotation={0} scale={1.0} physicalPixelDisplaySizeRatio={1.0}}}}, mRoundedCorners=RoundedCorners{[RoundedCorner{position=TopLeft, radius=84, center=Point(84, 84)}, RoundedCorner{position=TopRight, radius=84, center=Point(996, 84)}, RoundedCorner{position=BottomRight, radius=84, center=Point(996, 2316)}, RoundedCorner{position=BottomLeft, radius=84, center=Point(84, 2316)}]}  mRoundedCornerFrame=Rect(0, 0 - 0, 0), mPrivacyIndicatorBounds=PrivacyIndicatorBounds {static bounds=Rect(964, 0 - 1080, 87) rotation=0}, mSources= { InsetsSource: {mType=ITYPE_NAVIGATION_BAR, mFrame=[0,2361][1080,2400], mVisible=true, mInsetsRoundedCornerFrame=false}, InsetsSource: {mType=ITYPE_LEFT_GESTURES, mFrame=[0,0][130,2400], mVisible=true, mInsetsRoundedCornerFrame=false}, InsetsSource: {mType=ITYPE_RIGHT_GESTURES, mFrame=[950,0][1080,2400], mVisible=true, mInsetsRoundedCornerFrame=false}, InsetsSource: {mType=ITYPE_TOP_MANDATORY_GESTURES, mFrame=[0,0][1080,120], mVisible=true, mInsetsRoundedCornerFrame=false}, InsetsSource: {mType=ITYPE_BOTTOM_MANDATORY_GESTURES, mFrame=[0,2316][1080,2400], mVisible=true, mInsetsRoundedCornerFrame=false}, InsetsSource: {mType=ITYPE_LEFT_DISPLAY_CUTOUT, mFrame=[0,0][-100000,2400], mVisible=true, mInsetsRoundedCornerFrame=false}, InsetsSource: {mType=ITYPE_TOP_DISPLAY_CUTOUT, mFrame=[0,0][1080,88], mVisible=true, mInsetsRoundedCornerFrame=false}, InsetsSource: {mType=ITYPE_RIGHT_DISPLAY_CUTOUT, mFrame=[100000,0][1080,2400], mVisible=true, mInsetsRoundedCornerFrame=false}, InsetsSource: {mType=ITYPE_BOTTOM_DISPLAY_CUTOUT, mFrame=[0,100000][1080,2400], mVisible=true, mInsetsRoundedCornerFrame=false}, InsetsSource: {mType=ITYPE_BOTTOM_TAPPABLE_ELEMENT, mFrame=[0,0][0,0], mVisible=true, mInsetsRoundedCornerFrame=false} } host=Toast from=android.view.ViewRootImpl.setView:1732
10-16 16:56:53.044  5481  5481 I ViewRootImpl@775f5fa[Toast]: setView = androidx.cardview.widget.CardView@4783025 TM=true
10-16 16:56:53.093  5481  5481 I ViewRootImpl@775f5fa[Toast]: performTraversals params={(0,13)(wrapxwrap) gr=BOTTOM CENTER sim={adjust=resize} ty=TOAST fmt=TRANSLUCENT wanim=0x1030004 surfaceInsets=Rect(11, 11 - 11, 11)
10-16 16:56:53.093  5481  5481 I ViewRootImpl@775f5fa[Toast]:   fl=1000098
10-16 16:56:53.093  5481  5481 I ViewRootImpl@775f5fa[Toast]:   pfl=12000000
10-16 16:56:53.093  5481  5481 I ViewRootImpl@775f5fa[Toast]:   bhv=DEFAULT
10-16 16:56:53.093  5481  5481 I ViewRootImpl@775f5fa[Toast]:   fitTypes=STATUS_BARS NAVIGATION_BARS CAPTION_BAR
10-16 16:56:53.093  5481  5481 I ViewRootImpl@775f5fa[Toast]:   fitIgnoreVis naviIconColor=0}
10-16 16:56:53.095  5481  5481 I ViewRootImpl@775f5fa[Toast]: performTraversals mFirst=true windowShouldResize=false viewVisibilityChanged=false mForceNextWindowRelayout=false params={(0,13)(wrapxwrap) gr=BOTTOM CENTER sim={adjust=resize} ty=TOAST fmt=TRANSLUCENT wanim=0x1030004 surfaceInsets=Rect(11, 11 - 11, 11)
10-16 16:56:53.095  5481  5481 I ViewRootImpl@775f5fa[Toast]:   fl=1000098
10-16 16:56:53.095  5481  5481 I ViewRootImpl@775f5fa[Toast]:   pfl=12000000
10-16 16:56:53.095  5481  5481 I ViewRootImpl@775f5fa[Toast]:   bhv=DEFAULT
10-16 16:56:53.095  5481  5481 I ViewRootImpl@775f5fa[Toast]:   fitTypes=STATUS_BARS NAVIGATION_BARS CAPTION_BAR
10-16 16:56:53.095  5481  5481 I ViewRootImpl@775f5fa[Toast]:   fitIgnoreVis naviIconColor=0}
10-16 16:56:53.112  5481  5481 I ViewRootImpl@775f5fa[Toast]: updateBlastSurfaceIfNeeded mBlastBufferQueue=null isSameSurfaceControl=false
10-16 16:56:53.114  5481  5481 I BLASTBufferQueue: new BLASTBufferQueue, mName= ViewRootImpl@775f5fa[Toast] mNativeObject= 0x7b367c8a00 sc.mNativeObject= 0x7b38529fc0 caller= android.view.ViewRootImpl.updateBlastSurfaceIfNeeded:2909 android.view.ViewRootImpl.relayoutWindow:9847 android.view.ViewRootImpl.performTraversals:3884 android.view.ViewRootImpl.doTraversal:3116 android.view.ViewRootImpl$TraversalRunnable.run:10885 android.view.Choreographer$CallbackRecord.run:1301 android.view.Choreographer$CallbackRecord.run:1309 android.view.Choreographer.doCallbacks:923 android.view.Choreographer.doFrame:852 android.view.Choreographer$FrameDisplayEventReceiver.run:1283 
10-16 16:56:53.114  5481  5481 I BLASTBufferQueue: update, w= 373 h= 178 mName = ViewRootImpl@775f5fa[Toast] mNativeObject= 0x7b367c8a00 sc.mNativeObject= 0x7b38529fc0 format= -3 caller= android.graphics.BLASTBufferQueue.<init>:84 android.view.ViewRootImpl.updateBlastSurfaceIfNeeded:2909 android.view.ViewRootImpl.relayoutWindow:9847 android.view.ViewRootImpl.performTraversals:3884 android.view.ViewRootImpl.doTraversal:3116 android.view.ViewRootImpl$TraversalRunnable.run:10885 
10-16 16:56:53.115  5481  5481 I ViewRootImpl@775f5fa[Toast]: Relayout returned: old=(0,88,1080,2361) new=(364,2192,715,2348) req=(351,156)0 dur=17 res=0x3 s={true 0x7b36a0d000} ch=true seqId=0
10-16 16:56:53.116  5481  5481 I ViewRootImpl@775f5fa[Toast]: mThreadedRenderer.initialize() mSurface={isValid=true 0x7b36a0d000} hwInitialized=true
10-16 16:56:53.117  5481  5548 D OpenGLRenderer: eglCreateWindowSurface
10-16 16:56:53.118  5481  5481 I ViewRootImpl@775f5fa[Toast]: reportNextDraw android.view.ViewRootImpl.performTraversals:4438 android.view.ViewRootImpl.doTraversal:3116 android.view.ViewRootImpl$TraversalRunnable.run:10885 android.view.Choreographer$CallbackRecord.run:1301 android.view.Choreographer$CallbackRecord.run:1309 
10-16 16:56:53.118  5481  5481 I ViewRootImpl@775f5fa[Toast]: Setup new sync id=0
10-16 16:56:53.118  5481  5481 I ViewRootImpl@775f5fa[Toast]: Setting syncFrameCallback
10-16 16:56:53.118  5481  5481 I ViewRootImpl@775f5fa[Toast]: registerCallbacksForSync syncBuffer=false
10-16 16:56:53.120  5481  5633 I ViewRootImpl@775f5fa[Toast]: Received frameDrawingCallback syncResult=0 frameNum=1.
10-16 16:56:53.120  5481  5633 I ViewRootImpl@775f5fa[Toast]: Setting up sync and frameCommitCallback
10-16 16:56:53.123  5481  5548 I BLASTBufferQueue: [ViewRootImpl@775f5fa[Toast]#4](f:0,a:0) onFrameAvailable the first frame is available
10-16 16:56:53.124  5481  5548 I ViewRootImpl@775f5fa[Toast]: Received frameCommittedCallback lastAttemptedDrawFrameNum=1 didProduceBuffer=true
10-16 16:56:53.126  5481  5548 D OpenGLRenderer: CFMS:: SetUp Pid : 5481    Tid : 5548
10-16 16:56:53.131  5481  5481 I ViewRootImpl@775f5fa[Toast]: onSyncComplete
10-16 16:56:53.131  5481  5481 I ViewRootImpl@775f5fa[Toast]: setupSync seqId=0 mSyncId=0 fn=1 caller=android.view.ViewRootImpl$$ExternalSyntheticLambda11.accept:6 android.window.SurfaceSyncer.lambda$setupSync$1$android-window-SurfaceSyncer:128 android.window.SurfaceSyncer$$ExternalSyntheticLambda1.accept:8 android.window.SurfaceSyncer$SyncSet.checkIfSyncIsComplete:382 android.window.SurfaceSyncer$SyncSet.markSyncReady:359 android.window.SurfaceSyncer.markSyncReady:151 android.view.ViewRootImpl.performTraversals:4503 
10-16 16:56:53.132  5481  5481 I ViewRootImpl@775f5fa[Toast]: reportDrawFinished seqId=0 mSyncId=-1 fn=1 mSurfaceChangedTransaction=0x7bdd5cfa00
10-16 16:56:54.407  5481  5481 I ViewRootImpl@8cf4809[MainActivity]: ViewPostIme pointer 0
10-16 16:56:54.442  5481  5481 I ViewRootImpl@8cf4809[MainActivity]: ViewPostIme pointer 1
10-16 16:56:54.475  5481  5481 I IMM_LC  : hsifw() - flag : 0
10-16 16:56:54.475  5481  5481 I IMM_LC  : hsifw() - mService.hideSoftInput
10-16 16:56:54.663  5481  5509 I st.cloudstream3: Background concurrent copying GC freed 10040KB AllocSpace bytes, 53(1464KB) LOS objects, 50% free, 18MB/36MB, paused 362us,62us total 183.072ms
10-16 16:56:54.668  5481  5548 D OpenGLRenderer: setSurface called with nullptr
10-16 16:56:54.669  5481  5518 D InputTransport: Input channel destroyed: 'ClientS', fd=130
10-16 16:56:54.670  5481  5548 D OpenGLRenderer: setSurface called with nullptr
10-16 16:56:54.671  5481  5518 D InputTransport: Input channel destroyed: 'ClientS', fd=132
10-16 16:56:54.674  5481  5531 W System  : A resource failed to call close. 
10-16 16:56:55.023  5481  5548 D OpenGLRenderer: setSurface called with nullptr
10-16 16:56:55.023  5481  5548 D OpenGLRenderer: setSurface() destroyed EGLSurface
10-16 16:56:55.023  5481  5548 D OpenGLRenderer: destroyEglSurface
10-16 16:56:55.024  5481  5481 I ViewRootImpl@775f5fa[Toast]: dispatchDetachedFromWindow
10-16 16:56:55.034  5481  5481 D InputTransport: Input channel destroyed: '42a99f3', fd=183
10-16 16:56:55.964  5481  5509 I st.cloudstream3: Background concurrent copying GC freed 6663KB AllocSpace bytes, 97(12MB) LOS objects, 49% free, 19MB/39MB, paused 268us,75us total 147.300ms
10-16 16:56:55.984  5481  5548 D OpenGLRenderer: setSurface called with nullptr
10-16 16:56:59.979  5481  5481 I ViewRootImpl@8cf4809[MainActivity]: ViewPostIme pointer 0
10-16 16:57:00.273  5481  5481 I ViewRootImpl@8cf4809[MainActivity]: ViewPostIme pointer 1
10-16 16:57:01.847  5481  5481 I ViewRootImpl@8cf4809[MainActivity]: ViewPostIme pointer 0
10-16 16:57:02.085  5481  5481 I ViewRootImpl@8cf4809[MainActivity]: ViewPostIme pointer 1
10-16 16:57:02.688  5481  5481 I ViewRootImpl@8cf4809[MainActivity]: ViewPostIme pointer 0
10-16 16:57:02.944  5481  5481 I ViewRootImpl@8cf4809[MainActivity]: ViewPostIme pointer 1
10-16 16:57:03.168  5481  5481 I ViewRootImpl@8cf4809[MainActivity]: ViewPostIme pointer 0
10-16 16:57:03.408  5481  5481 I ViewRootImpl@8cf4809[MainActivity]: ViewPostIme pointer 1
10-16 16:57:03.679  5481  5481 I ViewRootImpl@8cf4809[MainActivity]: ViewPostIme pointer 0
10-16 16:57:03.935  5481  5481 I ViewRootImpl@8cf4809[MainActivity]: ViewPostIme pointer 1
10-16 16:57:04.249  5481  5481 I ViewRootImpl@8cf4809[MainActivity]: ViewPostIme pointer 0
10-16 16:57:04.434  5481  5481 I ViewRootImpl@8cf4809[MainActivity]: ViewPostIme pointer 1
10-16 16:57:04.734  5481  5481 I ViewRootImpl@8cf4809[MainActivity]: ViewPostIme pointer 0
10-16 16:57:05.037  5481  5481 I ViewRootImpl@8cf4809[MainActivity]: ViewPostIme pointer 1
10-16 16:57:05.718  5481  5481 I ViewRootImpl@8cf4809[MainActivity]: ViewPostIme pointer 0
10-16 16:57:05.888  5481  5481 I ViewRootImpl@8cf4809[MainActivity]: ViewPostIme pointer 1
10-16 16:57:07.488  5481  5481 I ViewRootImpl@8cf4809[MainActivity]: ViewPostIme pointer 0
10-16 16:57:07.553  5481  5481 I ViewRootImpl@8cf4809[MainActivity]: ViewPostIme pointer 1
10-16 16:57:07.909  5481  5481 I ViewRootImpl@8cf4809[MainActivity]: ViewPostIme pointer 0
10-16 16:57:07.975  5481  5481 I ViewRootImpl@8cf4809[MainActivity]: ViewPostIme pointer 1
10-16 16:57:07.991  5481  5481 I NavComponent: Navigating to fragment: 2131362274
10-16 16:57:08.008  5481  5481 I IMM_LC  : hsifw() - flag : 0
10-16 16:57:08.008  5481  5481 I IMM_LC  : hsifw() - mService.hideSoftInput
10-16 16:57:08.093  5481  5481 D ScrollView: initGoToTop
10-16 16:57:08.374  5481  5481 I SurfaceView@f03d6a4: onWindowVisibilityChanged(0) true android.view.SurfaceView{f03d6a4 V.E..V... ......I. 0,0-0,0} of ViewRootImpl@8cf4809[MainActivity]
10-16 16:57:08.374  5481  5481 D SurfaceView@f03d6a4: updateSurface: has no frame
10-16 16:57:08.381  5481  5481 I CS3ExoPlayer: SET STYLE = SaveCaptionStyle(foregroundColor=-1, backgroundColor=0, windowColor=0, edgeType=1, edgeColor=-16777216, typeface=null, typefaceFilePath=null, elevation=20, fixedTextSize=null, edgeSize=null, removeCaptions=false, removeBloat=true, upperCase=false, bold=false, italic=false, backgroundRadius=null)
10-16 16:57:08.396  5481  5481 D VideoClickActionHolder: allVideoClickActions: [null:com.lagradost.cloudstream3.actions.temp.PlayInBrowserAction, null:com.lagradost.cloudstream3.actions.temp.CopyClipboardAction, null:com.lagradost.cloudstream3.actions.temp.ViewM3U8Action, null:com.lagradost.cloudstream3.actions.temp.VlcPackage, null:com.lagradost.cloudstream3.actions.temp.MpvPackage, null:com.lagradost.cloudstream3.actions.temp.NextPlayerPackage, null:com.lagradost.cloudstream3.actions.temp.JustPlayerPackage, null:com.lagradost.cloudstream3.actions.temp.fcast.FcastAction, null:com.lagradost.cloudstream3.actions.temp.LibreTorrentPackage, null:com.lagradost.cloudstream3.actions.temp.BiglyBTPackage, null:com.lagradost.cloudstream3.actions.temp.VlcNightlyPackage, null:com.lagradost.cloudstream3.actions.temp.WebVideoCastPackage, null:com.lagradost.cloudstream3.actions.temp.MpvYTDLPackage, null:com.lagradost.cloudstream3.actions.temp.MpvKtPackage, null:com.lagradost.cloudstream3.actions.temp.MpvKtPreviewPackage, null:com.lagradost.cloudstream3.actions.AlwaysAskAction]
10-16 16:57:08.396  5481  5481 I IMM_LC  : hsifw() - flag : 0
10-16 16:57:08.396  5481  5481 I IMM_LC  : hsifw() - mService.hideSoftInput
10-16 16:57:08.398  5481  5595 I SYNCVM  : addFromUrl = https://asiatv.one/drama/tempest-%d9%85%d8%b3%d9%84%d8%b3%d9%84-%d8%a7%d9%84%d8%b9%d8%a7%d8%b5%d9%81%d8%a9-%d8%aa%d9%82%d8%b1%d9%8a%d8%b1-%d8%ad%d9%84%d9%82%d8%a7%d8%aa-%d9%85%d8%aa%d8%b1%d8%ac%d9%85%d8%a9/
10-16 16:57:08.400  5481  5595 I SYNCUTIL: getIdsFromUrl https://asiatv.one/drama/tempest-%d9%85%d8%b3%d9%84%d8%b3%d9%84-%d8%a7%d9%84%d8%b9%d8%a7%d8%b5%d9%81%d8%a9-%d8%aa%d9%82%d8%b1%d9%8a%d8%b1-%d8%ad%d9%84%d9%82%d8%a7%d8%aa-%d9%85%d8%aa%d8%b1%d8%ac%d9%85%d8%a9/
10-16 16:57:08.418  5481  5481 I SurfaceView@f03d6a4: onWindowVisibilityChanged(8) false android.view.SurfaceView{f03d6a4 V.E..V... ......I. 0,0-0,0} of ViewRootImpl@8cf4809[MainActivity]
10-16 16:57:08.418  5481  5481 D SurfaceView@f03d6a4: updateSurface: has no frame
10-16 16:57:08.418  5481  5481 D SurfaceView@f03d6a4: updateSurface: has no frame
10-16 16:57:08.418  5481  5481 I SurfaceView@f03d6a4: onDetachedFromWindow: tryReleaseSurfaces()
10-16 16:57:08.418  5481  5481 I SurfaceView@f03d6a4: releaseSurfaces: viewRoot = ViewRootImpl@8cf4809[MainActivity]
10-16 16:57:08.418  5481  5481 I SurfaceView@f03d6a4: applyTransactionOnVriDraw: vri = ViewRootImpl@8cf4809[MainActivity] fRS = true t = 0x7b11b2db00 android.view.SurfaceView.releaseSurfaces:858 android.view.SurfaceView.onDetachedFromWindow:500 android.view.View.dispatchDetachedFromWindow:22538 
10-16 16:57:08.418  5481  5481 I SurfaceView@f03d6a4: applyTransactionOnVriDraw: viewRoot.applyTransactionOnDrawFromReleaseSurfaces
10-16 16:57:08.418  5481  5481 I ViewRootImpl@8cf4809[MainActivity]: applyTransactionOnDraw: mRemoved = false isHardwareEnabled = true t = 0x7b11b2db00android.view.ViewRootImpl.applyTransactionOnDrawFromReleaseSurfaces:12850 android.view.SurfaceView.applyTransactionOnVriDraw:2046 android.view.SurfaceView.releaseSurfaces:858 android.view.SurfaceView.onDetachedFromWindow:500 android.view.View.dispatchDetachedFromWindow:22538 
10-16 16:57:08.420  5481  5481 I SurfaceView@f03d6a4: onWindowVisibilityChanged(0) true android.view.SurfaceView{f03d6a4 V.E..V... ......I. 0,0-0,0} of ViewRootImpl@8cf4809[MainActivity]
10-16 16:57:08.420  5481  5481 D SurfaceView@f03d6a4: updateSurface: has no frame
10-16 16:57:08.427  5481  5481 I DecorView: notifyKeepScreenOnChanged: keepScreenOn=false
10-16 16:57:08.440  5481  5481 I CS3ExoPlayer: reloadPlayer
10-16 16:57:08.440  5481  5481 I CS3ExoPlayer: releasePlayer
10-16 16:57:08.440  5481  5481 I CS3ExoPlayer: Handle event: PlayerAttachedEvent(player=null, source=Player)
10-16 16:57:08.451  5481  5481 I ViewRootImpl@8cf4809[MainActivity]: performTraversals params={(0,0)(fillxfill) sim={state=always_hidden adjust=resize} ty=BASE_APPLICATION wanim=0x1030309
10-16 16:57:08.451  5481  5481 I ViewRootImpl@8cf4809[MainActivity]:   fl=85810100
10-16 16:57:08.451  5481  5481 I ViewRootImpl@8cf4809[MainActivity]:   pfl=12020040
10-16 16:57:08.451  5481  5481 I ViewRootImpl@8cf4809[MainActivity]:   vsysui=500
10-16 16:57:08.451  5481  5481 I ViewRootImpl@8cf4809[MainActivity]:   bhv=DEFAULT
10-16 16:57:08.451  5481  5481 I ViewRootImpl@8cf4809[MainActivity]:   fitSides= naviIconColor=0}
10-16 16:57:08.452  5481  5481 I ViewRootImpl@8cf4809[MainActivity]: performTraversals mFirst=false windowShouldResize=false viewVisibilityChanged=false mForceNextWindowRelayout=false params={(0,0)(fillxfill) sim={state=always_hidden adjust=resize} ty=BASE_APPLICATION fmt=TRANSLUCENT wanim=0x1030309
10-16 16:57:08.452  5481  5481 I ViewRootImpl@8cf4809[MainActivity]:   fl=85810100
10-16 16:57:08.452  5481  5481 I ViewRootImpl@8cf4809[MainActivity]:   pfl=12020040
10-16 16:57:08.452  5481  5481 I ViewRootImpl@8cf4809[MainActivity]:   vsysui=500
10-16 16:57:08.452  5481  5481 I ViewRootImpl@8cf4809[MainActivity]:   bhv=DEFAULT
10-16 16:57:08.452  5481  5481 I ViewRootImpl@8cf4809[MainActivity]:   fitSides= naviIconColor=0}
10-16 16:57:08.460  5481  5481 I ViewRootImpl@8cf4809[MainActivity]: updateBlastSurfaceIfNeeded mBlastBufferQueue=0x7b6d750200 isSameSurfaceControl=true
10-16 16:57:08.460  5481  5481 I BLASTBufferQueue: update, w= 1080 h= 2400 mName = ViewRootImpl@8cf4809[MainActivity] mNativeObject= 0x7b6d750200 sc.mNativeObject= 0x7b11fe2ac0 format= -3 caller= android.view.ViewRootImpl.updateBlastSurfaceIfNeeded:2898 android.view.ViewRootImpl.relayoutWindow:9847 android.view.ViewRootImpl.performTraversals:3884 android.view.ViewRootImpl.doTraversal:3116 android.view.ViewRootImpl$TraversalRunnable.run:10885 android.view.Choreographer$CallbackRecord.run:1301 
10-16 16:57:08.460  5481  5481 I ViewRootImpl@8cf4809[MainActivity]: Relayout returned: old=(0,0,1080,2400) new=(0,0,1080,2400) req=(1080,2400)0 dur=8 res=0x0 s={true 0x7b38472000} ch=false seqId=0
10-16 16:57:08.463  5481  5481 W View    : requestLayout() improperly called by android.widget.FrameLayout{4edcca7 I.E..V... ......I. 0,0-0,0 #7f0a04e7 app:id/start_panel} during layout: running second layout pass
10-16 16:57:08.463  5481  5481 W View    : requestLayout() improperly called by android.widget.FrameLayout{dc53554 I.E..V... ......ID 1080,0-1080,2143 #7f0a0168 app:id/end_panel} during layout: running second layout pass
10-16 16:57:08.465  5481  5481 D SurfaceView@f03d6a4: updateSurface: has no frame
10-16 16:57:08.471  5481  5632 I ViewRootImpl@8cf4809[MainActivity]: mWNT: t=0x7b11b2db00 mBlastBufferQueue=0x7b6d750200 fn= 869 caller= android.view.ViewRootImpl.lambda$applyTransactionOnDraw$11$android-view-ViewRootImpl:12865 android.view.ViewRootImpl$$ExternalSyntheticLambda1.onFrameDraw:4 android.graphics.HardwareRenderer$FrameDrawingCallback.onFrameDraw:924 
10-16 16:57:08.476  5481  5481 D SurfaceView@f03d6a4: updateSurface: has no frame
10-16 16:57:08.498  5481  5481 D SurfaceView@f03d6a4: updateSurface: has no frame
10-16 16:57:08.516  5481  5481 D SurfaceView@f03d6a4: updateSurface: has no frame
10-16 16:57:08.536  5481  5481 D SurfaceView@f03d6a4: updateSurface: has no frame
10-16 16:57:08.558  5481  5481 D SurfaceView@f03d6a4: updateSurface: has no frame
10-16 16:57:08.580  5481  5481 D SurfaceView@f03d6a4: updateSurface: has no frame
10-16 16:57:08.595  5481  5481 D SurfaceView@f03d6a4: updateSurface: has no frame
10-16 16:57:08.607  5481  5509 I st.cloudstream3: Background concurrent copying GC freed 10MB AllocSpace bytes, 59(6044KB) LOS objects, 49% free, 22MB/44MB, paused 222us,67us total 166.119ms
10-16 16:57:08.624  5481  5481 D SurfaceView@f03d6a4: updateSurface: has no frame
10-16 16:57:08.635  5481  5481 D SurfaceView@f03d6a4: updateSurface: has no frame
10-16 16:57:08.652  5481  5481 D SurfaceView@f03d6a4: updateSurface: has no frame
10-16 16:57:08.669  5481  5481 D SurfaceView@f03d6a4: updateSurface: has no frame
10-16 16:57:08.685  5481  5481 D SurfaceView@f03d6a4: updateSurface: has no frame
10-16 16:57:08.702  5481  5481 D SurfaceView@f03d6a4: updateSurface: has no frame
10-16 16:57:08.719  5481  5481 D SurfaceView@f03d6a4: updateSurface: has no frame
10-16 16:57:08.736  5481  5481 D SurfaceView@f03d6a4: updateSurface: has no frame
10-16 16:57:08.752  5481  5481 D SurfaceView@f03d6a4: updateSurface: has no frame
10-16 16:57:08.769  5481  5481 D SurfaceView@f03d6a4: updateSurface: has no frame
10-16 16:57:08.776  5481  5588 I RVM2    : applyMeta
10-16 16:57:08.785  5481  5481 D SurfaceView@f03d6a4: updateSurface: has no frame
10-16 16:57:08.802  5481  5481 D SurfaceView@f03d6a4: updateSurface: has no frame
10-16 16:57:08.819  5481  5481 D SurfaceView@f03d6a4: updateSurface: has no frame
10-16 16:57:08.836  5481  5481 D SurfaceView@f03d6a4: updateSurface: has no frame
10-16 16:57:08.852  5481  5481 D SurfaceView@f03d6a4: updateSurface: has no frame
10-16 16:57:08.869  5481  5481 D SurfaceView@f03d6a4: updateSurface: has no frame
10-16 16:57:08.885  5481  5481 D SurfaceView@f03d6a4: updateSurface: has no frame
10-16 16:57:08.902  5481  5481 D SurfaceView@f03d6a4: updateSurface: has no frame
10-16 16:57:08.918  5481  5481 D SurfaceView@f03d6a4: updateSurface: has no frame
10-16 16:57:08.935  5481  5481 D SurfaceView@f03d6a4: updateSurface: has no frame
10-16 16:57:08.952  5481  5481 D SurfaceView@f03d6a4: updateSurface: has no frame
10-16 16:57:08.964  5481  5481 W PanelsChildGestureRegionObserver: failed to register view with ID 2131362800. already registered
10-16 16:57:08.967  5481  5481 E CoilImgLoader: Error loading image: coil3.request.NullRequestDataException: The request's data is null.
10-16 16:57:08.971  5481  5481 E CoilImgLoader: Error loading image: coil3.request.NullRequestDataException: The request's data is null.
10-16 16:57:09.025  5481  5599 I SYNCVM  : addFromUrl = https://asiatv.one/drama/tempest-%d9%85%d8%b3%d9%84%d8%b3%d9%84-%d8%a7%d9%84%d8%b9%d8%a7%d8%b5%d9%81%d8%a9-%d8%aa%d9%82%d8%b1%d9%8a%d8%b1-%d8%ad%d9%84%d9%82%d8%a7%d8%aa-%d9%85%d8%aa%d8%b1%d8%ac%d9%85%d8%a9/
10-16 16:57:09.025  5481  5599 I SYNCUTIL: getIdsFromUrl https://asiatv.one/drama/tempest-%d9%85%d8%b3%d9%84%d8%b3%d9%84-%d8%a7%d9%84%d8%b9%d8%a7%d8%b5%d9%81%d8%a9-%d8%aa%d9%82%d8%b1%d9%8a%d8%b1-%d8%ad%d9%84%d9%82%d8%a7%d8%aa-%d9%85%d8%aa%d8%b1%d8%ac%d9%85%d8%a9/
10-16 16:57:09.167  5481  5481 D SurfaceView@f03d6a4: updateSurface: has no frame
10-16 16:57:09.170  5481  5481 I SurfaceView@f03d6a4: Changes: creating=true format=true size=true visible=true alpha=false hint=false mUseAlpha=false visible=true left=true top=true
10-16 16:57:09.173  5481  5481 I BLASTBufferQueue: update, w= 1080 h= 525 mName = null mNativeObject= 0x7b4116cc00 sc.mNativeObject= 0x7b11f16640 format= 4 caller= android.view.SurfaceView.createBlastSurfaceControls:1383 android.view.SurfaceView.updateSurface:1079 android.view.SurfaceView.lambda$new$0$android-view-SurfaceView:200 android.view.SurfaceView$$ExternalSyntheticLambda5.onPreDraw:2 android.view.ViewTreeObserver.dispatchOnPreDraw:1121 android.view.ViewRootImpl.performTraversals:4442 
10-16 16:57:09.173  5481  5481 I SurfaceView@f03d6a4: 251909796 Cur surface: Surface(name=null)/@0x3c43dd6
10-16 16:57:09.173  5481  5481 I SurfaceView@f03d6a4: pST: sr = Rect(0, 218 - 1080, 743) sw = 1080 sh = 525
10-16 16:57:09.173  5481  5481 D SurfaceView@f03d6a4: performSurfaceTransaction RenderWorker position = [0, 218, 1080, 743] surfaceSize = 1080x525
10-16 16:57:09.173  5481  5481 I SurfaceView@f03d6a4: applyTransactionOnVriDraw: vri = ViewRootImpl@8cf4809[MainActivity] fRS = false t = 0x7b36379e00 android.view.SurfaceView.performSurfaceTransaction:959 android.view.SurfaceView.updateSurface:1105 android.view.SurfaceView.lambda$new$0$android-view-SurfaceView:200 
10-16 16:57:09.173  5481  5481 I ViewRootImpl@8cf4809[MainActivity]: applyTransactionOnDraw: mRemoved = false isHardwareEnabled = true t = 0x7b36379e00android.view.SurfaceView.applyTransactionOnVriDraw:2048 android.view.SurfaceView.performSurfaceTransaction:959 android.view.SurfaceView.updateSurface:1105 android.view.SurfaceView.lambda$new$0$android-view-SurfaceView:200 android.view.SurfaceView$$ExternalSyntheticLambda5.onPreDraw:2 
10-16 16:57:09.173  5481  5481 I SurfaceView@f03d6a4: updateSurface: mVisible = true mSurface.isValid() = true
10-16 16:57:09.173  5481  5481 I SurfaceView@f03d6a4: updateSurface: mSurfaceCreated = false surfaceChanged = true visibleChanged = true
10-16 16:57:09.174  5481  5481 I SurfaceView@f03d6a4: visibleChanged -- surfaceCreated
10-16 16:57:09.174  5481  5481 I SurfaceView@f03d6a4: surfaceCreated 0 #8 android.view.SurfaceView{f03d6a4 V.E..V... ......ID 0,0-1080,525}
10-16 16:57:09.174  5481  5481 I SurfaceView@f03d6a4: surfaceChanged -- format=4 w=1080 h=525
10-16 16:57:09.174  5481  5481 I SurfaceView@f03d6a4: surfaceChanged (1080,525) 0 #8 android.view.SurfaceView{f03d6a4 V.E..V... ......ID 0,0-1080,525}
10-16 16:57:09.174  5481  5481 I SurfaceView@f03d6a4: surfaceRedrawNeeded
10-16 16:57:09.174  5481  5481 V SurfaceView@f03d6a4: Layout: x=0 y=218 w=1080 h=525, frame=Rect(0, 0 - 1080, 525)
10-16 16:57:09.192  5481  5633 D SurfaceView@f03d6a4: updateSurfacePosition RenderWorker, frameNr = 898, position = [0, 218, 1080, 743] surfaceSize = 1080x525
10-16 16:57:09.192  5481  5633 I SurfaceView@f03d6a4: uSP: rtp = Rect(0, 218 - 1080, 743) rtsw = 1080 rtsh = 525
10-16 16:57:09.192  5481  5633 I SurfaceView@f03d6a4: onSSPAndSRT: pl = 0 pt = 218 sx = 1.0 sy = 1.0
10-16 16:57:09.193  5481  5633 I SurfaceView@f03d6a4: aOrMT: ViewRootImpl@8cf4809[MainActivity] t = android.view.SurfaceControl$Transaction@220fe5 fN = 898 android.view.SurfaceView.-$$Nest$mapplyOrMergeTransaction:0 android.view.SurfaceView$SurfaceViewPositionUpdateListener.positionChanged:1537 android.graphics.RenderNode$CompositePositionUpdateListener.positionChanged:373 
10-16 16:57:09.193  5481  5633 I ViewRootImpl@8cf4809[MainActivity]: mWNT: t=0x7b3649a100 mBlastBufferQueue=0x7b6d750200 fn= 898 caller= android.view.SurfaceView.applyOrMergeTransaction:1455 android.view.SurfaceView.-$$Nest$mapplyOrMergeTransaction:0 android.view.SurfaceView$SurfaceViewPositionUpdateListener.positionChanged:1537 
10-16 16:57:09.193  5481  5633 I ViewRootImpl@8cf4809[MainActivity]: mWNT: t=0x7b36379e00 mBlastBufferQueue=0x7b6d750200 fn= 898 caller= android.view.ViewRootImpl.lambda$applyTransactionOnDraw$11$android-view-ViewRootImpl:12865 android.view.ViewRootImpl$$ExternalSyntheticLambda1.onFrameDraw:4 android.graphics.HardwareRenderer$FrameDrawingCallback.onFrameDraw:924 
10-16 16:57:09.234  5481  5481 I SurfaceView@f03d6a4: finishedDrawing
10-16 16:57:10.929  5481  5481 I ViewRootImpl@8cf4809[MainActivity]: ViewPostIme pointer 0
10-16 16:57:10.995  5481  5481 I SurfaceView@f03d6a4: Changes: creating=false format=false size=false visible=false alpha=false hint=false mUseAlpha=false visible=false left=false top=true
10-16 16:57:10.995  5481  5481 I SurfaceView@f03d6a4: 251909796 Cur surface: Surface(name=null)/@0x3c43dd6
10-16 16:57:10.996  5481  5481 I SurfaceView@f03d6a4: applyTransactionOnVriDraw: vri = ViewRootImpl@8cf4809[MainActivity] fRS = false t = 0x7b3649a900 android.view.SurfaceView.performSurfaceTransaction:959 android.view.SurfaceView.updateSurface:1105 android.view.SurfaceView.lambda$new$0$android-view-SurfaceView:200 
10-16 16:57:10.997  5481  5481 I ViewRootImpl@8cf4809[MainActivity]: applyTransactionOnDraw: mRemoved = false isHardwareEnabled = true t = 0x7b3649a900android.view.SurfaceView.applyTransactionOnVriDraw:2048 android.view.SurfaceView.performSurfaceTransaction:959 android.view.SurfaceView.updateSurface:1105 android.view.SurfaceView.lambda$new$0$android-view-SurfaceView:200 android.view.SurfaceView$$ExternalSyntheticLambda5.onPreDraw:2 
10-16 16:57:10.997  5481  5481 I SurfaceView@f03d6a4: updateSurface: mVisible = true mSurface.isValid() = true
10-16 16:57:10.997  5481  5481 I SurfaceView@f03d6a4: updateSurface: mSurfaceCreated = true surfaceChanged = false visibleChanged = false
10-16 16:57:10.997  5481  5481 V SurfaceView@f03d6a4: Layout: x=0 y=206 w=1080 h=525, frame=Rect(0, 0 - 1080, 525)
10-16 16:57:11.001  5481  5632 D SurfaceView@f03d6a4: updateSurfacePosition RenderWorker, frameNr = 932, position = [0, 206, 1080, 731] surfaceSize = 1080x525
10-16 16:57:11.001  5481  5632 I SurfaceView@f03d6a4: uSP: rtp = Rect(0, 206 - 1080, 731) rtsw = 1080 rtsh = 525
10-16 16:57:11.001  5481  5632 I SurfaceView@f03d6a4: onSSPAndSRT: pl = 0 pt = 206 sx = 1.0 sy = 1.0
10-16 16:57:11.002  5481  5632 I SurfaceView@f03d6a4: aOrMT: ViewRootImpl@8cf4809[MainActivity] t = android.view.SurfaceControl$Transaction@220fe5 fN = 932 android.view.SurfaceView.-$$Nest$mapplyOrMergeTransaction:0 android.view.SurfaceView$SurfaceViewPositionUpdateListener.positionChanged:1537 android.graphics.RenderNode$CompositePositionUpdateListener.positionChanged:373 
10-16 16:57:11.002  5481  5632 I ViewRootImpl@8cf4809[MainActivity]: mWNT: t=0x7b3649a100 mBlastBufferQueue=0x7b6d750200 fn= 932 caller= android.view.SurfaceView.applyOrMergeTransaction:1455 android.view.SurfaceView.-$$Nest$mapplyOrMergeTransaction:0 android.view.SurfaceView$SurfaceViewPositionUpdateListener.positionChanged:1537 
10-16 16:57:11.004  5481  5632 I ViewRootImpl@8cf4809[MainActivity]: mWNT: t=0x7b3649a900 mBlastBufferQueue=0x7b6d750200 fn= 932 caller= android.view.ViewRootImpl.lambda$applyTransactionOnDraw$11$android-view-ViewRootImpl:12865 android.view.ViewRootImpl$$ExternalSyntheticLambda1.onFrameDraw:4 android.graphics.HardwareRenderer$FrameDrawingCallback.onFrameDraw:924 
10-16 16:57:11.009  5481  5481 I SurfaceView@f03d6a4: Changes: creating=false format=false size=false visible=false alpha=false hint=false mUseAlpha=false visible=false left=false top=true
10-16 16:57:11.009  5481  5481 I SurfaceView@f03d6a4: 251909796 Cur surface: Surface(name=null)/@0x3c43dd6
10-16 16:57:11.010  5481  5481 I SurfaceView@f03d6a4: applyTransactionOnVriDraw: vri = ViewRootImpl@8cf4809[MainActivity] fRS = false t = 0x7b364a4200 android.view.SurfaceView.performSurfaceTransaction:959 android.view.SurfaceView.updateSurface:1105 android.view.SurfaceView.lambda$new$0$android-view-SurfaceView:200 
10-16 16:57:11.011  5481  5481 I ViewRootImpl@8cf4809[MainActivity]: applyTransactionOnDraw: mRemoved = false isHardwareEnabled = true t = 0x7b364a4200android.view.SurfaceView.applyTransactionOnVriDraw:2048 android.view.SurfaceView.performSurfaceTransaction:959 android.view.SurfaceView.updateSurface:1105 android.view.SurfaceView.lambda$new$0$android-view-SurfaceView:200 android.view.SurfaceView$$ExternalSyntheticLambda5.onPreDraw:2 
10-16 16:57:11.011  5481  5481 I SurfaceView@f03d6a4: updateSurface: mVisible = true mSurface.isValid() = true
10-16 16:57:11.011  5481  5481 I SurfaceView@f03d6a4: updateSurface: mSurfaceCreated = true surfaceChanged = false visibleChanged = false
10-16 16:57:11.011  5481  5481 V SurfaceView@f03d6a4: Layout: x=0 y=178 w=1080 h=525, frame=Rect(0, 0 - 1080, 525)
10-16 16:57:11.022  5481  5633 D SurfaceView@f03d6a4: updateSurfacePosition RenderWorker, frameNr = 933, position = [0, 178, 1080, 703] surfaceSize = 1080x525
10-16 16:57:11.022  5481  5633 I SurfaceView@f03d6a4: uSP: rtp = Rect(0, 178 - 1080, 703) rtsw = 1080 rtsh = 525
10-16 16:57:11.022  5481  5633 I SurfaceView@f03d6a4: onSSPAndSRT: pl = 0 pt = 178 sx = 1.0 sy = 1.0
10-16 16:57:11.022  5481  5633 I SurfaceView@f03d6a4: aOrMT: ViewRootImpl@8cf4809[MainActivity] t = android.view.SurfaceControl$Transaction@220fe5 fN = 933 android.view.SurfaceView.-$$Nest$mapplyOrMergeTransaction:0 android.view.SurfaceView$SurfaceViewPositionUpdateListener.positionChanged:1537 android.graphics.RenderNode$CompositePositionUpdateListener.positionChanged:373 
10-16 16:57:11.023  5481  5633 I ViewRootImpl@8cf4809[MainActivity]: mWNT: t=0x7b3649a100 mBlastBufferQueue=0x7b6d750200 fn= 933 caller= android.view.SurfaceView.applyOrMergeTransaction:1455 android.view.SurfaceView.-$$Nest$mapplyOrMergeTransaction:0 android.view.SurfaceView$SurfaceViewPositionUpdateListener.positionChanged:1537 
10-16 16:57:11.023  5481  5633 I ViewRootImpl@8cf4809[MainActivity]: mWNT: t=0x7b364a4200 mBlastBufferQueue=0x7b6d750200 fn= 933 caller= android.view.ViewRootImpl.lambda$applyTransactionOnDraw$11$android-view-ViewRootImpl:12865 android.view.ViewRootImpl$$ExternalSyntheticLambda1.onFrameDraw:4 android.graphics.HardwareRenderer$FrameDrawingCallback.onFrameDraw:924 
10-16 16:57:11.029  5481  5481 I SurfaceView@f03d6a4: Changes: creating=false format=false size=false visible=false alpha=false hint=false mUseAlpha=false visible=false left=false top=true
10-16 16:57:11.029  5481  5481 I SurfaceView@f03d6a4: 251909796 Cur surface: Surface(name=null)/@0x3c43dd6
10-16 16:57:11.030  5481  5481 I SurfaceView@f03d6a4: applyTransactionOnVriDraw: vri = ViewRootImpl@8cf4809[MainActivity] fRS = false t = 0x7b365ce900 android.view.SurfaceView.performSurfaceTransaction:959 android.view.SurfaceView.updateSurface:1105 android.view.SurfaceView.lambda$new$0$android-view-SurfaceView:200 
10-16 16:57:11.030  5481  5481 I ViewRootImpl@8cf4809[MainActivity]: applyTransactionOnDraw: mRemoved = false isHardwareEnabled = true t = 0x7b365ce900android.view.SurfaceView.applyTransactionOnVriDraw:2048 android.view.SurfaceView.performSurfaceTransaction:959 android.view.SurfaceView.updateSurface:1105 android.view.SurfaceView.lambda$new$0$android-view-SurfaceView:200 android.view.SurfaceView$$ExternalSyntheticLambda5.onPreDraw:2 
10-16 16:57:11.030  5481  5481 I SurfaceView@f03d6a4: updateSurface: mVisible = true mSurface.isValid() = true
10-16 16:57:11.031  5481  5481 I SurfaceView@f03d6a4: updateSurface: mSurfaceCreated = true surfaceChanged = false visibleChanged = false
10-16 16:57:11.031  5481  5481 V SurfaceView@f03d6a4: Layout: x=0 y=148 w=1080 h=525, frame=Rect(0, 0 - 1080, 525)
10-16 16:57:11.042  5481  5632 D SurfaceView@f03d6a4: updateSurfacePosition RenderWorker, frameNr = 934, position = [0, 148, 1080, 673] surfaceSize = 1080x525
10-16 16:57:11.042  5481  5632 I SurfaceView@f03d6a4: uSP: rtp = Rect(0, 148 - 1080, 673) rtsw = 1080 rtsh = 525
10-16 16:57:11.042  5481  5632 I SurfaceView@f03d6a4: onSSPAndSRT: pl = 0 pt = 148 sx = 1.0 sy = 1.0
10-16 16:57:11.043  5481  5632 I SurfaceView@f03d6a4: aOrMT: ViewRootImpl@8cf4809[MainActivity] t = android.view.SurfaceControl$Transaction@220fe5 fN = 934 android.view.SurfaceView.-$$Nest$mapplyOrMergeTransaction:0 android.view.SurfaceView$SurfaceViewPositionUpdateListener.positionChanged:1537 android.graphics.RenderNode$CompositePositionUpdateListener.positionChanged:373 
10-16 16:57:11.043  5481  5632 I ViewRootImpl@8cf4809[MainActivity]: mWNT: t=0x7b3649a100 mBlastBufferQueue=0x7b6d750200 fn= 934 caller= android.view.SurfaceView.applyOrMergeTransaction:1455 android.view.SurfaceView.-$$Nest$mapplyOrMergeTransaction:0 android.view.SurfaceView$SurfaceViewPositionUpdateListener.positionChanged:1537 
10-16 16:57:11.044  5481  5632 I ViewRootImpl@8cf4809[MainActivity]: mWNT: t=0x7b365ce900 mBlastBufferQueue=0x7b6d750200 fn= 934 caller= android.view.ViewRootImpl.lambda$applyTransactionOnDraw$11$android-view-ViewRootImpl:12865 android.view.ViewRootImpl$$ExternalSyntheticLambda1.onFrameDraw:4 android.graphics.HardwareRenderer$FrameDrawingCallback.onFrameDraw:924 
10-16 16:57:11.050  5481  5481 I SurfaceView@f03d6a4: Changes: creating=false format=false size=false visible=false alpha=false hint=false mUseAlpha=false visible=false left=false top=true
10-16 16:57:11.051  5481  5481 I SurfaceView@f03d6a4: 251909796 Cur surface: Surface(name=null)/@0x3c43dd6
10-16 16:57:11.051  5481  5481 I SurfaceView@f03d6a4: applyTransactionOnVriDraw: vri = ViewRootImpl@8cf4809[MainActivity] fRS = false t = 0x7b365ceb00 android.view.SurfaceView.performSurfaceTransaction:959 android.view.SurfaceView.updateSurface:1105 android.view.SurfaceView.lambda$new$0$android-view-SurfaceView:200 
10-16 16:57:11.052  5481  5481 I ViewRootImpl@8cf4809[MainActivity]: applyTransactionOnDraw: mRemoved = false isHardwareEnabled = true t = 0x7b365ceb00android.view.SurfaceView.applyTransactionOnVriDraw:2048 android.view.SurfaceView.performSurfaceTransaction:959 android.view.SurfaceView.updateSurface:1105 android.view.SurfaceView.lambda$new$0$android-view-SurfaceView:200 android.view.SurfaceView$$ExternalSyntheticLambda5.onPreDraw:2 
10-16 16:57:11.052  5481  5481 I SurfaceView@f03d6a4: updateSurface: mVisible = true mSurface.isValid() = true
10-16 16:57:11.052  5481  5481 I SurfaceView@f03d6a4: updateSurface: mSurfaceCreated = true surfaceChanged = false visibleChanged = false
10-16 16:57:11.052  5481  5481 V SurfaceView@f03d6a4: Layout: x=0 y=116 w=1080 h=525, frame=Rect(0, 0 - 1080, 525)
10-16 16:57:11.063  5481  5633 D SurfaceView@f03d6a4: updateSurfacePosition RenderWorker, frameNr = 935, position = [0, 116, 1080, 641] surfaceSize = 1080x525
10-16 16:57:11.063  5481  5633 I SurfaceView@f03d6a4: uSP: rtp = Rect(0, 116 - 1080, 641) rtsw = 1080 rtsh = 525
10-16 16:57:11.063  5481  5633 I SurfaceView@f03d6a4: onSSPAndSRT: pl = 0 pt = 116 sx = 1.0 sy = 1.0
10-16 16:57:11.064  5481  5633 I SurfaceView@f03d6a4: aOrMT: ViewRootImpl@8cf4809[MainActivity] t = android.view.SurfaceControl$Transaction@220fe5 fN = 935 android.view.SurfaceView.-$$Nest$mapplyOrMergeTransaction:0 android.view.SurfaceView$SurfaceViewPositionUpdateListener.positionChanged:1537 android.graphics.RenderNode$CompositePositionUpdateListener.positionChanged:373 
10-16 16:57:11.064  5481  5633 I ViewRootImpl@8cf4809[MainActivity]: mWNT: t=0x7b3649a100 mBlastBufferQueue=0x7b6d750200 fn= 935 caller= android.view.SurfaceView.applyOrMergeTransaction:1455 android.view.SurfaceView.-$$Nest$mapplyOrMergeTransaction:0 android.view.SurfaceView$SurfaceViewPositionUpdateListener.positionChanged:1537 
10-16 16:57:11.065  5481  5633 I ViewRootImpl@8cf4809[MainActivity]: mWNT: t=0x7b365ceb00 mBlastBufferQueue=0x7b6d750200 fn= 935 caller= android.view.ViewRootImpl.lambda$applyTransactionOnDraw$11$android-view-ViewRootImpl:12865 android.view.ViewRootImpl$$ExternalSyntheticLambda1.onFrameDraw:4 android.graphics.HardwareRenderer$FrameDrawingCallback.onFrameDraw:924 
10-16 16:57:11.067  5481  5481 I SurfaceView@f03d6a4: Changes: creating=false format=false size=false visible=false alpha=false hint=false mUseAlpha=false visible=false left=false top=true
10-16 16:57:11.067  5481  5481 I SurfaceView@f03d6a4: 251909796 Cur surface: Surface(name=null)/@0x3c43dd6
10-16 16:57:11.068  5481  5481 I SurfaceView@f03d6a4: applyTransactionOnVriDraw: vri = ViewRootImpl@8cf4809[MainActivity] fRS = false t = 0x7b365ced00 android.view.SurfaceView.performSurfaceTransaction:959 android.view.SurfaceView.updateSurface:1105 android.view.SurfaceView.lambda$new$0$android-view-SurfaceView:200 
10-16 16:57:11.068  5481  5481 I ViewRootImpl@8cf4809[MainActivity]: applyTransactionOnDraw: mRemoved = false isHardwareEnabled = true t = 0x7b365ced00android.view.SurfaceView.applyTransactionOnVriDraw:2048 android.view.SurfaceView.performSurfaceTransaction:959 android.view.SurfaceView.updateSurface:1105 android.view.SurfaceView.lambda$new$0$android-view-SurfaceView:200 android.view.SurfaceView$$ExternalSyntheticLambda5.onPreDraw:2 
10-16 16:57:11.068  5481  5481 I SurfaceView@f03d6a4: updateSurface: mVisible = true mSurface.isValid() = true
10-16 16:57:11.068  5481  5481 I SurfaceView@f03d6a4: updateSurface: mSurfaceCreated = true surfaceChanged = false visibleChanged = false
10-16 16:57:11.068  5481  5481 V SurfaceView@f03d6a4: Layout: x=0 y=79 w=1080 h=525, frame=Rect(0, 0 - 1080, 525)
10-16 16:57:11.075  5481  5632 D SurfaceView@f03d6a4: updateSurfacePosition RenderWorker, frameNr = 936, position = [0, 79, 1080, 604] surfaceSize = 1080x525
10-16 16:57:11.075  5481  5632 I SurfaceView@f03d6a4: uSP: rtp = Rect(0, 79 - 1080, 604) rtsw = 1080 rtsh = 525
10-16 16:57:11.075  5481  5632 I SurfaceView@f03d6a4: onSSPAndSRT: pl = 0 pt = 79 sx = 1.0 sy = 1.0
10-16 16:57:11.076  5481  5632 I SurfaceView@f03d6a4: aOrMT: ViewRootImpl@8cf4809[MainActivity] t = android.view.SurfaceControl$Transaction@220fe5 fN = 936 android.view.SurfaceView.-$$Nest$mapplyOrMergeTransaction:0 android.view.SurfaceView$SurfaceViewPositionUpdateListener.positionChanged:1537 android.graphics.RenderNode$CompositePositionUpdateListener.positionChanged:373 
10-16 16:57:11.076  5481  5632 I ViewRootImpl@8cf4809[MainActivity]: mWNT: t=0x7b3649a100 mBlastBufferQueue=0x7b6d750200 fn= 936 caller= android.view.SurfaceView.applyOrMergeTransaction:1455 android.view.SurfaceView.-$$Nest$mapplyOrMergeTransaction:0 android.view.SurfaceView$SurfaceViewPositionUpdateListener.positionChanged:1537 
10-16 16:57:11.077  5481  5632 I ViewRootImpl@8cf4809[MainActivity]: mWNT: t=0x7b365ced00 mBlastBufferQueue=0x7b6d750200 fn= 936 caller= android.view.ViewRootImpl.lambda$applyTransactionOnDraw$11$android-view-ViewRootImpl:12865 android.view.ViewRootImpl$$ExternalSyntheticLambda1.onFrameDraw:4 android.graphics.HardwareRenderer$FrameDrawingCallback.onFrameDraw:924 
10-16 16:57:11.080  5481  5481 I SurfaceView@f03d6a4: Changes: creating=false format=false size=false visible=false alpha=false hint=false mUseAlpha=false visible=false left=false top=true
10-16 16:57:11.080  5481  5481 I SurfaceView@f03d6a4: 251909796 Cur surface: Surface(name=null)/@0x3c43dd6
10-16 16:57:11.081  5481  5481 I SurfaceView@f03d6a4: applyTransactionOnVriDraw: vri = ViewRootImpl@8cf4809[MainActivity] fRS = false t = 0x7b365cef00 android.view.SurfaceView.performSurfaceTransaction:959 android.view.SurfaceView.updateSurface:1105 android.view.SurfaceView.lambda$new$0$android-view-SurfaceView:200 
10-16 16:57:11.081  5481  5481 I ViewRootImpl@8cf4809[MainActivity]: applyTransactionOnDraw: mRemoved = false isHardwareEnabled = true t = 0x7b365cef00android.view.SurfaceView.applyTransactionOnVriDraw:2048 android.view.SurfaceView.performSurfaceTransaction:959 android.view.SurfaceView.updateSurface:1105 android.view.SurfaceView.lambda$new$0$android-view-SurfaceView:200 android.view.SurfaceView$$ExternalSyntheticLambda5.onPreDraw:2 
10-16 16:57:11.081  5481  5481 I SurfaceView@f03d6a4: updateSurface: mVisible = true mSurface.isValid() = true
10-16 16:57:11.082  5481  5481 I SurfaceView@f03d6a4: updateSurface: mSurfaceCreated = true surfaceChanged = false visibleChanged = false
10-16 16:57:11.082  5481  5481 V SurfaceView@f03d6a4: Layout: x=0 y=38 w=1080 h=525, frame=Rect(0, 0 - 1080, 525)
10-16 16:57:11.086  5481  5633 D SurfaceView@f03d6a4: updateSurfacePosition RenderWorker, frameNr = 937, position = [0, 38, 1080, 563] surfaceSize = 1080x525
10-16 16:57:11.087  5481  5633 I SurfaceView@f03d6a4: uSP: rtp = Rect(0, 38 - 1080, 563) rtsw = 1080 rtsh = 525
10-16 16:57:11.087  5481  5633 I SurfaceView@f03d6a4: onSSPAndSRT: pl = 0 pt = 38 sx = 1.0 sy = 1.0
10-16 16:57:11.087  5481  5633 I SurfaceView@f03d6a4: aOrMT: ViewRootImpl@8cf4809[MainActivity] t = android.view.SurfaceControl$Transaction@220fe5 fN = 937 android.view.SurfaceView.-$$Nest$mapplyOrMergeTransaction:0 android.view.SurfaceView$SurfaceViewPositionUpdateListener.positionChanged:1537 android.graphics.RenderNode$CompositePositionUpdateListener.positionChanged:373 
10-16 16:57:11.088  5481  5633 I ViewRootImpl@8cf4809[MainActivity]: mWNT: t=0x7b3649a100 mBlastBufferQueue=0x7b6d750200 fn= 937 caller= android.view.SurfaceView.applyOrMergeTransaction:1455 android.view.SurfaceView.-$$Nest$mapplyOrMergeTransaction:0 android.view.SurfaceView$SurfaceViewPositionUpdateListener.positionChanged:1537 
