10-16 17:52:55.330 21495 21574 I ViewRootImpl@6dcaa2e[MainActivity]: mWNT: t=0x7b17979b00 mBlastBufferQueue=0x7b5b836800 fn= 827 caller= android.view.SurfaceView.applyOrMergeTransaction:1455 android.view.SurfaceView.-$$Nest$mapplyOrMergeTransaction:0 android.view.SurfaceView$SurfaceViewPositionUpdateListener.positionChanged:1537 
10-16 17:52:55.330 21495 21574 I ViewRootImpl@6dcaa2e[MainActivity]: mWNT: t=0x7bdd54b700 mBlastBufferQueue=0x7b5b836800 fn= 827 caller= android.view.ViewRootImpl.lambda$applyTransactionOnDraw$11$android-view-ViewRootImpl:12865 android.view.ViewRootImpl$$ExternalSyntheticLambda1.onFrameDraw:4 android.graphics.HardwareRenderer$FrameDrawingCallback.onFrameDraw:924 
10-16 17:52:55.338 21495 21495 I SurfaceView@184d2cc: Changes: creating=false format=false size=false visible=false alpha=false hint=false mUseAlpha=false visible=false left=false top=true
10-16 17:52:55.338 21495 21495 I SurfaceView@184d2cc: 25481932 Cur surface: Surface(name=null)/@0x649305d
10-16 17:52:55.338 21495 21495 I SurfaceView@184d2cc: applyTransactionOnVriDraw: vri = ViewRootImpl@6dcaa2e[MainActivity] fRS = false t = 0x7bdd54b800 android.view.SurfaceView.performSurfaceTransaction:959 android.view.SurfaceView.updateSurface:1105 android.view.SurfaceView.lambda$new$0$android-view-SurfaceView:200 
10-16 17:52:55.339 21495 21495 I ViewRootImpl@6dcaa2e[MainActivity]: applyTransactionOnDraw: mRemoved = false isHardwareEnabled = true t = 0x7bdd54b800android.view.SurfaceView.applyTransactionOnVriDraw:2048 android.view.SurfaceView.performSurfaceTransaction:959 android.view.SurfaceView.updateSurface:1105 android.view.SurfaceView.lambda$new$0$android-view-SurfaceView:200 android.view.SurfaceView$$ExternalSyntheticLambda5.onPreDraw:2 
10-16 17:52:55.339 21495 21495 I SurfaceView@184d2cc: updateSurface: mVisible = true mSurface.isValid() = true
10-16 17:52:55.339 21495 21495 I SurfaceView@184d2cc: updateSurface: mSurfaceCreated = true surfaceChanged = false visibleChanged = false
10-16 17:52:55.339 21495 21495 V SurfaceView@184d2cc: Layout: x=0 y=-1450 w=1080 h=525, frame=Rect(0, 0 - 1080, 525)
10-16 17:52:55.344 21495 21575 D SurfaceView@184d2cc: updateSurfacePosition RenderWorker, frameNr = 828, position = [0, -1450, 1080, -925] surfaceSize = 1080x525
10-16 17:52:55.344 21495 21575 I SurfaceView@184d2cc: uSP: rtp = Rect(0, -1450 - 1080, -925) rtsw = 1080 rtsh = 525
10-16 17:52:55.345 21495 21575 I SurfaceView@184d2cc: onSSPAndSRT: pl = 0 pt = -1450 sx = 1.0 sy = 1.0
10-16 17:52:55.345 21495 21575 I SurfaceView@184d2cc: aOrMT: ViewRootImpl@6dcaa2e[MainActivity] t = android.view.SurfaceControl$Transaction@44988b8 fN = 828 android.view.SurfaceView.-$$Nest$mapplyOrMergeTransaction:0 android.view.SurfaceView$SurfaceViewPositionUpdateListener.positionChanged:1537 android.graphics.RenderNode$CompositePositionUpdateListener.positionChanged:373 
10-16 17:52:55.345 21495 21575 I ViewRootImpl@6dcaa2e[MainActivity]: mWNT: t=0x7b17979b00 mBlastBufferQueue=0x7b5b836800 fn= 828 caller= android.view.SurfaceView.applyOrMergeTransaction:1455 android.view.SurfaceView.-$$Nest$mapplyOrMergeTransaction:0 android.view.SurfaceView$SurfaceViewPositionUpdateListener.positionChanged:1537 
10-16 17:52:55.345 21495 21575 I ViewRootImpl@6dcaa2e[MainActivity]: mWNT: t=0x7bdd54b800 mBlastBufferQueue=0x7b5b836800 fn= 828 caller= android.view.ViewRootImpl.lambda$applyTransactionOnDraw$11$android-view-ViewRootImpl:12865 android.view.ViewRootImpl$$ExternalSyntheticLambda1.onFrameDraw:4 android.graphics.HardwareRenderer$FrameDrawingCallback.onFrameDraw:924 
10-16 17:52:55.354 21495 21495 I SurfaceView@184d2cc: Changes: creating=false format=false size=false visible=false alpha=false hint=false mUseAlpha=false visible=false left=false top=true
10-16 17:52:55.355 21495 21495 I SurfaceView@184d2cc: 25481932 Cur surface: Surface(name=null)/@0x649305d
10-16 17:52:55.355 21495 21495 I SurfaceView@184d2cc: applyTransactionOnVriDraw: vri = ViewRootImpl@6dcaa2e[MainActivity] fRS = false t = 0x7bdd54ba00 android.view.SurfaceView.performSurfaceTransaction:959 android.view.SurfaceView.updateSurface:1105 android.view.SurfaceView.lambda$new$0$android-view-SurfaceView:200 
10-16 17:52:55.355 21495 21495 I ViewRootImpl@6dcaa2e[MainActivity]: applyTransactionOnDraw: mRemoved = false isHardwareEnabled = true t = 0x7bdd54ba00android.view.SurfaceView.applyTransactionOnVriDraw:2048 android.view.SurfaceView.performSurfaceTransaction:959 android.view.SurfaceView.updateSurface:1105 android.view.SurfaceView.lambda$new$0$android-view-SurfaceView:200 android.view.SurfaceView$$ExternalSyntheticLambda5.onPreDraw:2 
10-16 17:52:55.356 21495 21495 I SurfaceView@184d2cc: updateSurface: mVisible = true mSurface.isValid() = true
10-16 17:52:55.356 21495 21495 I SurfaceView@184d2cc: updateSurface: mSurfaceCreated = true surfaceChanged = false visibleChanged = false
10-16 17:52:55.356 21495 21495 V SurfaceView@184d2cc: Layout: x=0 y=-1414 w=1080 h=525, frame=Rect(0, 0 - 1080, 525)
10-16 17:52:55.363 21495 21574 D SurfaceView@184d2cc: updateSurfacePosition RenderWorker, frameNr = 829, position = [0, -1414, 1080, -889] surfaceSize = 1080x525
10-16 17:52:55.363 21495 21574 I SurfaceView@184d2cc: uSP: rtp = Rect(0, -1414 - 1080, -889) rtsw = 1080 rtsh = 525
10-16 17:52:55.363 21495 21574 I SurfaceView@184d2cc: onSSPAndSRT: pl = 0 pt = -1414 sx = 1.0 sy = 1.0
10-16 17:52:55.363 21495 21574 I SurfaceView@184d2cc: aOrMT: ViewRootImpl@6dcaa2e[MainActivity] t = android.view.SurfaceControl$Transaction@44988b8 fN = 829 android.view.SurfaceView.-$$Nest$mapplyOrMergeTransaction:0 android.view.SurfaceView$SurfaceViewPositionUpdateListener.positionChanged:1537 android.graphics.RenderNode$CompositePositionUpdateListener.positionChanged:373 
10-16 17:52:55.363 21495 21574 I ViewRootImpl@6dcaa2e[MainActivity]: mWNT: t=0x7b17979b00 mBlastBufferQueue=0x7b5b836800 fn= 829 caller= android.view.SurfaceView.applyOrMergeTransaction:1455 android.view.SurfaceView.-$$Nest$mapplyOrMergeTransaction:0 android.view.SurfaceView$SurfaceViewPositionUpdateListener.positionChanged:1537 
10-16 17:52:55.363 21495 21574 I ViewRootImpl@6dcaa2e[MainActivity]: mWNT: t=0x7bdd54ba00 mBlastBufferQueue=0x7b5b836800 fn= 829 caller= android.view.ViewRootImpl.lambda$applyTransactionOnDraw$11$android-view-ViewRootImpl:12865 android.view.ViewRootImpl$$ExternalSyntheticLambda1.onFrameDraw:4 android.graphics.HardwareRenderer$FrameDrawingCallback.onFrameDraw:924 
10-16 17:52:55.371 21495 21495 I SurfaceView@184d2cc: Changes: creating=false format=false size=false visible=false alpha=false hint=false mUseAlpha=false visible=false left=false top=true
10-16 17:52:55.371 21495 21495 I SurfaceView@184d2cc: 25481932 Cur surface: Surface(name=null)/@0x649305d
10-16 17:52:55.371 21495 21495 I SurfaceView@184d2cc: applyTransactionOnVriDraw: vri = ViewRootImpl@6dcaa2e[MainActivity] fRS = false t = 0x7bdd54bb00 android.view.SurfaceView.performSurfaceTransaction:959 android.view.SurfaceView.updateSurface:1105 android.view.SurfaceView.lambda$new$0$android-view-SurfaceView:200 
10-16 17:52:55.372 21495 21495 I ViewRootImpl@6dcaa2e[MainActivity]: applyTransactionOnDraw: mRemoved = false isHardwareEnabled = true t = 0x7bdd54bb00android.view.SurfaceView.applyTransactionOnVriDraw:2048 android.view.SurfaceView.performSurfaceTransaction:959 android.view.SurfaceView.updateSurface:1105 android.view.SurfaceView.lambda$new$0$android-view-SurfaceView:200 android.view.SurfaceView$$ExternalSyntheticLambda5.onPreDraw:2 
10-16 17:52:55.372 21495 21495 I SurfaceView@184d2cc: updateSurface: mVisible = true mSurface.isValid() = true
10-16 17:52:55.372 21495 21495 I SurfaceView@184d2cc: updateSurface: mSurfaceCreated = true surfaceChanged = false visibleChanged = false
10-16 17:52:55.372 21495 21495 V SurfaceView@184d2cc: Layout: x=0 y=-1382 w=1080 h=525, frame=Rect(0, 0 - 1080, 525)
10-16 17:52:55.381 21495 21575 D SurfaceView@184d2cc: updateSurfacePosition RenderWorker, frameNr = 830, position = [0, -1382, 1080, -857] surfaceSize = 1080x525
10-16 17:52:55.381 21495 21575 I SurfaceView@184d2cc: uSP: rtp = Rect(0, -1382 - 1080, -857) rtsw = 1080 rtsh = 525
10-16 17:52:55.381 21495 21575 I SurfaceView@184d2cc: onSSPAndSRT: pl = 0 pt = -1382 sx = 1.0 sy = 1.0
10-16 17:52:55.381 21495 21575 I SurfaceView@184d2cc: aOrMT: ViewRootImpl@6dcaa2e[MainActivity] t = android.view.SurfaceControl$Transaction@44988b8 fN = 830 android.view.SurfaceView.-$$Nest$mapplyOrMergeTransaction:0 android.view.SurfaceView$SurfaceViewPositionUpdateListener.positionChanged:1537 android.graphics.RenderNode$CompositePositionUpdateListener.positionChanged:373 
10-16 17:52:55.382 21495 21575 I ViewRootImpl@6dcaa2e[MainActivity]: mWNT: t=0x7b17979b00 mBlastBufferQueue=0x7b5b836800 fn= 830 caller= android.view.SurfaceView.applyOrMergeTransaction:1455 android.view.SurfaceView.-$$Nest$mapplyOrMergeTransaction:0 android.view.SurfaceView$SurfaceViewPositionUpdateListener.positionChanged:1537 
10-16 17:52:55.382 21495 21575 I ViewRootImpl@6dcaa2e[MainActivity]: mWNT: t=0x7bdd54bb00 mBlastBufferQueue=0x7b5b836800 fn= 830 caller= android.view.ViewRootImpl.lambda$applyTransactionOnDraw$11$android-view-ViewRootImpl:12865 android.view.ViewRootImpl$$ExternalSyntheticLambda1.onFrameDraw:4 android.graphics.HardwareRenderer$FrameDrawingCallback.onFrameDraw:924 
10-16 17:52:55.388 21495 21495 I SurfaceView@184d2cc: Changes: creating=false format=false size=false visible=false alpha=false hint=false mUseAlpha=false visible=false left=false top=true
10-16 17:52:55.388 21495 21495 I SurfaceView@184d2cc: 25481932 Cur surface: Surface(name=null)/@0x649305d
10-16 17:52:55.389 21495 21495 I SurfaceView@184d2cc: applyTransactionOnVriDraw: vri = ViewRootImpl@6dcaa2e[MainActivity] fRS = false t = 0x7bdd54bc00 android.view.SurfaceView.performSurfaceTransaction:959 android.view.SurfaceView.updateSurface:1105 android.view.SurfaceView.lambda$new$0$android-view-SurfaceView:200 
10-16 17:52:55.389 21495 21495 I ViewRootImpl@6dcaa2e[MainActivity]: applyTransactionOnDraw: mRemoved = false isHardwareEnabled = true t = 0x7bdd54bc00android.view.SurfaceView.applyTransactionOnVriDraw:2048 android.view.SurfaceView.performSurfaceTransaction:959 android.view.SurfaceView.updateSurface:1105 android.view.SurfaceView.lambda$new$0$android-view-SurfaceView:200 android.view.SurfaceView$$ExternalSyntheticLambda5.onPreDraw:2 
10-16 17:52:55.389 21495 21495 I SurfaceView@184d2cc: updateSurface: mVisible = true mSurface.isValid() = true
10-16 17:52:55.389 21495 21495 I SurfaceView@184d2cc: updateSurface: mSurfaceCreated = true surfaceChanged = false visibleChanged = false
10-16 17:52:55.389 21495 21495 V SurfaceView@184d2cc: Layout: x=0 y=-1366 w=1080 h=525, frame=Rect(0, 0 - 1080, 525)
10-16 17:52:55.398 21495 21574 D SurfaceView@184d2cc: updateSurfacePosition RenderWorker, frameNr = 831, position = [0, -1366, 1080, -841] surfaceSize = 1080x525
10-16 17:52:55.398 21495 21574 I SurfaceView@184d2cc: uSP: rtp = Rect(0, -1366 - 1080, -841) rtsw = 1080 rtsh = 525
10-16 17:52:55.398 21495 21574 I SurfaceView@184d2cc: onSSPAndSRT: pl = 0 pt = -1366 sx = 1.0 sy = 1.0
10-16 17:52:55.398 21495 21574 I SurfaceView@184d2cc: aOrMT: ViewRootImpl@6dcaa2e[MainActivity] t = android.view.SurfaceControl$Transaction@44988b8 fN = 831 android.view.SurfaceView.-$$Nest$mapplyOrMergeTransaction:0 android.view.SurfaceView$SurfaceViewPositionUpdateListener.positionChanged:1537 android.graphics.RenderNode$CompositePositionUpdateListener.positionChanged:373 
10-16 17:52:55.398 21495 21574 I ViewRootImpl@6dcaa2e[MainActivity]: mWNT: t=0x7b17979b00 mBlastBufferQueue=0x7b5b836800 fn= 831 caller= android.view.SurfaceView.applyOrMergeTransaction:1455 android.view.SurfaceView.-$$Nest$mapplyOrMergeTransaction:0 android.view.SurfaceView$SurfaceViewPositionUpdateListener.positionChanged:1537 
10-16 17:52:55.399 21495 21574 I ViewRootImpl@6dcaa2e[MainActivity]: mWNT: t=0x7bdd54bc00 mBlastBufferQueue=0x7b5b836800 fn= 831 caller= android.view.ViewRootImpl.lambda$applyTransactionOnDraw$11$android-view-ViewRootImpl:12865 android.view.ViewRootImpl$$ExternalSyntheticLambda1.onFrameDraw:4 android.graphics.HardwareRenderer$FrameDrawingCallback.onFrameDraw:924 
10-16 17:52:55.404 21495 21495 I SurfaceView@184d2cc: Changes: creating=false format=false size=false visible=false alpha=false hint=false mUseAlpha=false visible=false left=false top=true
10-16 17:52:55.405 21495 21495 I SurfaceView@184d2cc: 25481932 Cur surface: Surface(name=null)/@0x649305d
10-16 17:52:55.405 21495 21495 I SurfaceView@184d2cc: applyTransactionOnVriDraw: vri = ViewRootImpl@6dcaa2e[MainActivity] fRS = false t = 0x7bdd54bd00 android.view.SurfaceView.performSurfaceTransaction:959 android.view.SurfaceView.updateSurface:1105 android.view.SurfaceView.lambda$new$0$android-view-SurfaceView:200 
10-16 17:52:55.406 21495 21495 I ViewRootImpl@6dcaa2e[MainActivity]: applyTransactionOnDraw: mRemoved = false isHardwareEnabled = true t = 0x7bdd54bd00android.view.SurfaceView.applyTransactionOnVriDraw:2048 android.view.SurfaceView.performSurfaceTransaction:959 android.view.SurfaceView.updateSurface:1105 android.view.SurfaceView.lambda$new$0$android-view-SurfaceView:200 android.view.SurfaceView$$ExternalSyntheticLambda5.onPreDraw:2 
10-16 17:52:55.406 21495 21495 I SurfaceView@184d2cc: updateSurface: mVisible = true mSurface.isValid() = true
10-16 17:52:55.406 21495 21495 I SurfaceView@184d2cc: updateSurface: mSurfaceCreated = true surfaceChanged = false visibleChanged = false
10-16 17:52:55.406 21495 21495 V SurfaceView@184d2cc: Layout: x=0 y=-1349 w=1080 h=525, frame=Rect(0, 0 - 1080, 525)
10-16 17:52:55.414 21495 21575 D SurfaceView@184d2cc: updateSurfacePosition RenderWorker, frameNr = 832, position = [0, -1349, 1080, -824] surfaceSize = 1080x525
10-16 17:52:55.414 21495 21575 I SurfaceView@184d2cc: uSP: rtp = Rect(0, -1349 - 1080, -824) rtsw = 1080 rtsh = 525
10-16 17:52:55.414 21495 21575 I SurfaceView@184d2cc: onSSPAndSRT: pl = 0 pt = -1349 sx = 1.0 sy = 1.0
10-16 17:52:55.414 21495 21575 I SurfaceView@184d2cc: aOrMT: ViewRootImpl@6dcaa2e[MainActivity] t = android.view.SurfaceControl$Transaction@44988b8 fN = 832 android.view.SurfaceView.-$$Nest$mapplyOrMergeTransaction:0 android.view.SurfaceView$SurfaceViewPositionUpdateListener.positionChanged:1537 android.graphics.RenderNode$CompositePositionUpdateListener.positionChanged:373 
10-16 17:52:55.415 21495 21575 I ViewRootImpl@6dcaa2e[MainActivity]: mWNT: t=0x7b17979b00 mBlastBufferQueue=0x7b5b836800 fn= 832 caller= android.view.SurfaceView.applyOrMergeTransaction:1455 android.view.SurfaceView.-$$Nest$mapplyOrMergeTransaction:0 android.view.SurfaceView$SurfaceViewPositionUpdateListener.positionChanged:1537 
10-16 17:52:55.415 21495 21575 I ViewRootImpl@6dcaa2e[MainActivity]: mWNT: t=0x7bdd54bd00 mBlastBufferQueue=0x7b5b836800 fn= 832 caller= android.view.ViewRootImpl.lambda$applyTransactionOnDraw$11$android-view-ViewRootImpl:12865 android.view.ViewRootImpl$$ExternalSyntheticLambda1.onFrameDraw:4 android.graphics.HardwareRenderer$FrameDrawingCallback.onFrameDraw:924 
10-16 17:52:55.420 21495 21495 I SurfaceView@184d2cc: Changes: creating=false format=false size=false visible=false alpha=false hint=false mUseAlpha=false visible=false left=false top=true
10-16 17:52:55.421 21495 21495 I SurfaceView@184d2cc: 25481932 Cur surface: Surface(name=null)/@0x649305d
10-16 17:52:55.421 21495 21495 I SurfaceView@184d2cc: applyTransactionOnVriDraw: vri = ViewRootImpl@6dcaa2e[MainActivity] fRS = false t = 0x7bdd54be00 android.view.SurfaceView.performSurfaceTransaction:959 android.view.SurfaceView.updateSurface:1105 android.view.SurfaceView.lambda$new$0$android-view-SurfaceView:200 
10-16 17:52:55.421 21495 21495 I ViewRootImpl@6dcaa2e[MainActivity]: applyTransactionOnDraw: mRemoved = false isHardwareEnabled = true t = 0x7bdd54be00android.view.SurfaceView.applyTransactionOnVriDraw:2048 android.view.SurfaceView.performSurfaceTransaction:959 android.view.SurfaceView.updateSurface:1105 android.view.SurfaceView.lambda$new$0$android-view-SurfaceView:200 android.view.SurfaceView$$ExternalSyntheticLambda5.onPreDraw:2 
10-16 17:52:55.421 21495 21495 I SurfaceView@184d2cc: updateSurface: mVisible = true mSurface.isValid() = true
10-16 17:52:55.421 21495 21495 I SurfaceView@184d2cc: updateSurface: mSurfaceCreated = true surfaceChanged = false visibleChanged = false
10-16 17:52:55.422 21495 21495 V SurfaceView@184d2cc: Layout: x=0 y=-1336 w=1080 h=525, frame=Rect(0, 0 - 1080, 525)
10-16 17:52:55.429 21495 21574 D SurfaceView@184d2cc: updateSurfacePosition RenderWorker, frameNr = 833, position = [0, -1336, 1080, -811] surfaceSize = 1080x525
10-16 17:52:55.429 21495 21574 I SurfaceView@184d2cc: uSP: rtp = Rect(0, -1336 - 1080, -811) rtsw = 1080 rtsh = 525
10-16 17:52:55.429 21495 21574 I SurfaceView@184d2cc: onSSPAndSRT: pl = 0 pt = -1336 sx = 1.0 sy = 1.0
10-16 17:52:55.429 21495 21574 I SurfaceView@184d2cc: aOrMT: ViewRootImpl@6dcaa2e[MainActivity] t = android.view.SurfaceControl$Transaction@44988b8 fN = 833 android.view.SurfaceView.-$$Nest$mapplyOrMergeTransaction:0 android.view.SurfaceView$SurfaceViewPositionUpdateListener.positionChanged:1537 android.graphics.RenderNode$CompositePositionUpdateListener.positionChanged:373 
10-16 17:52:55.429 21495 21574 I ViewRootImpl@6dcaa2e[MainActivity]: mWNT: t=0x7b17979b00 mBlastBufferQueue=0x7b5b836800 fn= 833 caller= android.view.SurfaceView.applyOrMergeTransaction:1455 android.view.SurfaceView.-$$Nest$mapplyOrMergeTransaction:0 android.view.SurfaceView$SurfaceViewPositionUpdateListener.positionChanged:1537 
10-16 17:52:55.430 21495 21574 I ViewRootImpl@6dcaa2e[MainActivity]: mWNT: t=0x7bdd54be00 mBlastBufferQueue=0x7b5b836800 fn= 833 caller= android.view.ViewRootImpl.lambda$applyTransactionOnDraw$11$android-view-ViewRootImpl:12865 android.view.ViewRootImpl$$ExternalSyntheticLambda1.onFrameDraw:4 android.graphics.HardwareRenderer$FrameDrawingCallback.onFrameDraw:924 
10-16 17:52:55.437 21495 21495 I SurfaceView@184d2cc: Changes: creating=false format=false size=false visible=false alpha=false hint=false mUseAlpha=false visible=false left=false top=true
10-16 17:52:55.438 21495 21495 I SurfaceView@184d2cc: 25481932 Cur surface: Surface(name=null)/@0x649305d
10-16 17:52:55.438 21495 21495 I SurfaceView@184d2cc: applyTransactionOnVriDraw: vri = ViewRootImpl@6dcaa2e[MainActivity] fRS = false t = 0x7bdd54bf00 android.view.SurfaceView.performSurfaceTransaction:959 android.view.SurfaceView.updateSurface:1105 android.view.SurfaceView.lambda$new$0$android-view-SurfaceView:200 
10-16 17:52:55.438 21495 21495 I ViewRootImpl@6dcaa2e[MainActivity]: applyTransactionOnDraw: mRemoved = false isHardwareEnabled = true t = 0x7bdd54bf00android.view.SurfaceView.applyTransactionOnVriDraw:2048 android.view.SurfaceView.performSurfaceTransaction:959 android.view.SurfaceView.updateSurface:1105 android.view.SurfaceView.lambda$new$0$android-view-SurfaceView:200 android.view.SurfaceView$$ExternalSyntheticLambda5.onPreDraw:2 
10-16 17:52:55.438 21495 21495 I SurfaceView@184d2cc: updateSurface: mVisible = true mSurface.isValid() = true
10-16 17:52:55.439 21495 21495 I SurfaceView@184d2cc: updateSurface: mSurfaceCreated = true surfaceChanged = false visibleChanged = false
10-16 17:52:55.439 21495 21495 V SurfaceView@184d2cc: Layout: x=0 y=-1320 w=1080 h=525, frame=Rect(0, 0 - 1080, 525)
10-16 17:52:55.448 21495 21575 D SurfaceView@184d2cc: updateSurfacePosition RenderWorker, frameNr = 834, position = [0, -1320, 1080, -795] surfaceSize = 1080x525
10-16 17:52:55.448 21495 21575 I SurfaceView@184d2cc: uSP: rtp = Rect(0, -1320 - 1080, -795) rtsw = 1080 rtsh = 525
10-16 17:52:55.448 21495 21575 I SurfaceView@184d2cc: onSSPAndSRT: pl = 0 pt = -1320 sx = 1.0 sy = 1.0
10-16 17:52:55.449 21495 21575 I SurfaceView@184d2cc: aOrMT: ViewRootImpl@6dcaa2e[MainActivity] t = android.view.SurfaceControl$Transaction@44988b8 fN = 834 android.view.SurfaceView.-$$Nest$mapplyOrMergeTransaction:0 android.view.SurfaceView$SurfaceViewPositionUpdateListener.positionChanged:1537 android.graphics.RenderNode$CompositePositionUpdateListener.positionChanged:373 
10-16 17:52:55.449 21495 21575 I ViewRootImpl@6dcaa2e[MainActivity]: mWNT: t=0x7b17979b00 mBlastBufferQueue=0x7b5b836800 fn= 834 caller= android.view.SurfaceView.applyOrMergeTransaction:1455 android.view.SurfaceView.-$$Nest$mapplyOrMergeTransaction:0 android.view.SurfaceView$SurfaceViewPositionUpdateListener.positionChanged:1537 
10-16 17:52:55.449 21495 21575 I ViewRootImpl@6dcaa2e[MainActivity]: mWNT: t=0x7bdd54bf00 mBlastBufferQueue=0x7b5b836800 fn= 834 caller= android.view.ViewRootImpl.lambda$applyTransactionOnDraw$11$android-view-ViewRootImpl:12865 android.view.ViewRootImpl$$ExternalSyntheticLambda1.onFrameDraw:4 android.graphics.HardwareRenderer$FrameDrawingCallback.onFrameDraw:924 
10-16 17:52:55.455 21495 21495 I SurfaceView@184d2cc: Changes: creating=false format=false size=false visible=false alpha=false hint=false mUseAlpha=false visible=false left=false top=true
10-16 17:52:55.455 21495 21495 I SurfaceView@184d2cc: 25481932 Cur surface: Surface(name=null)/@0x649305d
10-16 17:52:55.455 21495 21495 I SurfaceView@184d2cc: applyTransactionOnVriDraw: vri = ViewRootImpl@6dcaa2e[MainActivity] fRS = false t = 0x7bdd487000 android.view.SurfaceView.performSurfaceTransaction:959 android.view.SurfaceView.updateSurface:1105 android.view.SurfaceView.lambda$new$0$android-view-SurfaceView:200 
10-16 17:52:55.456 21495 21495 I ViewRootImpl@6dcaa2e[MainActivity]: applyTransactionOnDraw: mRemoved = false isHardwareEnabled = true t = 0x7bdd487000android.view.SurfaceView.applyTransactionOnVriDraw:2048 android.view.SurfaceView.performSurfaceTransaction:959 android.view.SurfaceView.updateSurface:1105 android.view.SurfaceView.lambda$new$0$android-view-SurfaceView:200 android.view.SurfaceView$$ExternalSyntheticLambda5.onPreDraw:2 
10-16 17:52:55.456 21495 21495 I SurfaceView@184d2cc: updateSurface: mVisible = true mSurface.isValid() = true
10-16 17:52:55.456 21495 21495 I SurfaceView@184d2cc: updateSurface: mSurfaceCreated = true surfaceChanged = false visibleChanged = false
10-16 17:52:55.456 21495 21495 V SurfaceView@184d2cc: Layout: x=0 y=-1307 w=1080 h=525, frame=Rect(0, 0 - 1080, 525)
10-16 17:52:55.467 21495 21574 D SurfaceView@184d2cc: updateSurfacePosition RenderWorker, frameNr = 835, position = [0, -1307, 1080, -782] surfaceSize = 1080x525
10-16 17:52:55.467 21495 21574 I SurfaceView@184d2cc: uSP: rtp = Rect(0, -1307 - 1080, -782) rtsw = 1080 rtsh = 525
10-16 17:52:55.467 21495 21574 I SurfaceView@184d2cc: onSSPAndSRT: pl = 0 pt = -1307 sx = 1.0 sy = 1.0
10-16 17:52:55.467 21495 21574 I SurfaceView@184d2cc: aOrMT: ViewRootImpl@6dcaa2e[MainActivity] t = android.view.SurfaceControl$Transaction@44988b8 fN = 835 android.view.SurfaceView.-$$Nest$mapplyOrMergeTransaction:0 android.view.SurfaceView$SurfaceViewPositionUpdateListener.positionChanged:1537 android.graphics.RenderNode$CompositePositionUpdateListener.positionChanged:373 
10-16 17:52:55.467 21495 21495 I ViewRootImpl@6dcaa2e[MainActivity]: ViewPostIme pointer 1
10-16 17:52:55.467 21495 21574 I ViewRootImpl@6dcaa2e[MainActivity]: mWNT: t=0x7b17979b00 mBlastBufferQueue=0x7b5b836800 fn= 835 caller= android.view.SurfaceView.applyOrMergeTransaction:1455 android.view.SurfaceView.-$$Nest$mapplyOrMergeTransaction:0 android.view.SurfaceView$SurfaceViewPositionUpdateListener.positionChanged:1537 
10-16 17:52:55.468 21495 21574 I ViewRootImpl@6dcaa2e[MainActivity]: mWNT: t=0x7bdd487000 mBlastBufferQueue=0x7b5b836800 fn= 835 caller= android.view.ViewRootImpl.lambda$applyTransactionOnDraw$11$android-view-ViewRootImpl:12865 android.view.ViewRootImpl$$ExternalSyntheticLambda1.onFrameDraw:4 android.graphics.HardwareRenderer$FrameDrawingCallback.onFrameDraw:924 
10-16 17:52:55.496 21495 21575 D SurfaceView@184d2cc: updateSurfacePosition RenderWorker, frameNr = 837, position = [0, -1303, 1080, -778] surfaceSize = 1080x525
10-16 17:52:55.496 21495 21575 I SurfaceView@184d2cc: uSP: rtp = Rect(0, -1303 - 1080, -778) rtsw = 1080 rtsh = 525
10-16 17:52:55.496 21495 21575 I SurfaceView@184d2cc: onSSPAndSRT: pl = 0 pt = -1303 sx = 1.0 sy = 1.0
10-16 17:52:55.496 21495 21575 I SurfaceView@184d2cc: aOrMT: ViewRootImpl@6dcaa2e[MainActivity] t = android.view.SurfaceControl$Transaction@44988b8 fN = 837 android.view.SurfaceView.-$$Nest$mapplyOrMergeTransaction:0 android.view.SurfaceView$SurfaceViewPositionUpdateListener.positionChanged:1537 android.graphics.RenderNode$CompositePositionUpdateListener.positionChanged:373 
10-16 17:52:55.496 21495 21575 I ViewRootImpl@6dcaa2e[MainActivity]: mWNT: t=0x7b17979b00 mBlastBufferQueue=0x7b5b836800 fn= 837 caller= android.view.SurfaceView.applyOrMergeTransaction:1455 android.view.SurfaceView.-$$Nest$mapplyOrMergeTransaction:0 android.view.SurfaceView$SurfaceViewPositionUpdateListener.positionChanged:1537 
10-16 17:52:55.504 21495 21495 I SurfaceView@184d2cc: Changes: creating=false format=false size=false visible=false alpha=false hint=false mUseAlpha=false visible=false left=false top=true
10-16 17:52:55.504 21495 21495 I SurfaceView@184d2cc: 25481932 Cur surface: Surface(name=null)/@0x649305d
10-16 17:52:55.505 21495 21495 I SurfaceView@184d2cc: applyTransactionOnVriDraw: vri = ViewRootImpl@6dcaa2e[MainActivity] fRS = false t = 0x7bdd487100 android.view.SurfaceView.performSurfaceTransaction:959 android.view.SurfaceView.updateSurface:1105 android.view.SurfaceView.lambda$new$0$android-view-SurfaceView:200 
10-16 17:52:55.505 21495 21495 I ViewRootImpl@6dcaa2e[MainActivity]: applyTransactionOnDraw: mRemoved = false isHardwareEnabled = true t = 0x7bdd487100android.view.SurfaceView.applyTransactionOnVriDraw:2048 android.view.SurfaceView.performSurfaceTransaction:959 android.view.SurfaceView.updateSurface:1105 android.view.SurfaceView.lambda$new$0$android-view-SurfaceView:200 android.view.SurfaceView$$ExternalSyntheticLambda5.onPreDraw:2 
10-16 17:52:55.505 21495 21495 I SurfaceView@184d2cc: updateSurface: mVisible = true mSurface.isValid() = true
10-16 17:52:55.505 21495 21495 I SurfaceView@184d2cc: updateSurface: mSurfaceCreated = true surfaceChanged = false visibleChanged = false
10-16 17:52:55.505 21495 21495 V SurfaceView@184d2cc: Layout: x=0 y=-1303 w=1080 h=525, frame=Rect(0, 0 - 1080, 525)
10-16 17:52:55.517 21495 21574 D SurfaceView@184d2cc: updateSurfacePosition RenderWorker, frameNr = 838, position = [0, -1295, 1080, -770] surfaceSize = 1080x525
10-16 17:52:55.517 21495 21574 I SurfaceView@184d2cc: uSP: rtp = Rect(0, -1295 - 1080, -770) rtsw = 1080 rtsh = 525
10-16 17:52:55.517 21495 21574 I SurfaceView@184d2cc: onSSPAndSRT: pl = 0 pt = -1295 sx = 1.0 sy = 1.0
10-16 17:52:55.517 21495 21574 I SurfaceView@184d2cc: aOrMT: ViewRootImpl@6dcaa2e[MainActivity] t = android.view.SurfaceControl$Transaction@44988b8 fN = 838 android.view.SurfaceView.-$$Nest$mapplyOrMergeTransaction:0 android.view.SurfaceView$SurfaceViewPositionUpdateListener.positionChanged:1537 android.graphics.RenderNode$CompositePositionUpdateListener.positionChanged:373 
10-16 17:52:55.517 21495 21574 I ViewRootImpl@6dcaa2e[MainActivity]: mWNT: t=0x7b17979b00 mBlastBufferQueue=0x7b5b836800 fn= 838 caller= android.view.SurfaceView.applyOrMergeTransaction:1455 android.view.SurfaceView.-$$Nest$mapplyOrMergeTransaction:0 android.view.SurfaceView$SurfaceViewPositionUpdateListener.positionChanged:1537 
10-16 17:52:55.518 21495 21574 I ViewRootImpl@6dcaa2e[MainActivity]: mWNT: t=0x7bdd487100 mBlastBufferQueue=0x7b5b836800 fn= 838 caller= android.view.ViewRootImpl.lambda$applyTransactionOnDraw$11$android-view-ViewRootImpl:12865 android.view.ViewRootImpl$$ExternalSyntheticLambda1.onFrameDraw:4 android.graphics.HardwareRenderer$FrameDrawingCallback.onFrameDraw:924 
10-16 17:52:55.521 21495 21495 I SurfaceView@184d2cc: Changes: creating=false format=false size=false visible=false alpha=false hint=false mUseAlpha=false visible=false left=false top=true
10-16 17:52:55.521 21495 21495 I SurfaceView@184d2cc: 25481932 Cur surface: Surface(name=null)/@0x649305d
10-16 17:52:55.521 21495 21495 I SurfaceView@184d2cc: applyTransactionOnVriDraw: vri = ViewRootImpl@6dcaa2e[MainActivity] fRS = false t = 0x7bdd487200 android.view.SurfaceView.performSurfaceTransaction:959 android.view.SurfaceView.updateSurface:1105 android.view.SurfaceView.lambda$new$0$android-view-SurfaceView:200 
10-16 17:52:55.522 21495 21495 I ViewRootImpl@6dcaa2e[MainActivity]: applyTransactionOnDraw: mRemoved = false isHardwareEnabled = true t = 0x7bdd487200android.view.SurfaceView.applyTransactionOnVriDraw:2048 android.view.SurfaceView.performSurfaceTransaction:959 android.view.SurfaceView.updateSurface:1105 android.view.SurfaceView.lambda$new$0$android-view-SurfaceView:200 android.view.SurfaceView$$ExternalSyntheticLambda5.onPreDraw:2 
10-16 17:52:55.522 21495 21495 I SurfaceView@184d2cc: updateSurface: mVisible = true mSurface.isValid() = true
10-16 17:52:55.522 21495 21495 I SurfaceView@184d2cc: updateSurface: mSurfaceCreated = true surfaceChanged = false visibleChanged = false
10-16 17:52:55.522 21495 21495 V SurfaceView@184d2cc: Layout: x=0 y=-1295 w=1080 h=525, frame=Rect(0, 0 - 1080, 525)
10-16 17:52:55.531 21495 21575 D SurfaceView@184d2cc: updateSurfacePosition RenderWorker, frameNr = 839, position = [0, -1287, 1080, -762] surfaceSize = 1080x525
10-16 17:52:55.532 21495 21575 I SurfaceView@184d2cc: uSP: rtp = Rect(0, -1287 - 1080, -762) rtsw = 1080 rtsh = 525
10-16 17:52:55.532 21495 21575 I SurfaceView@184d2cc: onSSPAndSRT: pl = 0 pt = -1287 sx = 1.0 sy = 1.0
10-16 17:52:55.532 21495 21575 I SurfaceView@184d2cc: aOrMT: ViewRootImpl@6dcaa2e[MainActivity] t = android.view.SurfaceControl$Transaction@44988b8 fN = 839 android.view.SurfaceView.-$$Nest$mapplyOrMergeTransaction:0 android.view.SurfaceView$SurfaceViewPositionUpdateListener.positionChanged:1537 android.graphics.RenderNode$CompositePositionUpdateListener.positionChanged:373 
10-16 17:52:55.532 21495 21575 I ViewRootImpl@6dcaa2e[MainActivity]: mWNT: t=0x7b17979b00 mBlastBufferQueue=0x7b5b836800 fn= 839 caller= android.view.SurfaceView.applyOrMergeTransaction:1455 android.view.SurfaceView.-$$Nest$mapplyOrMergeTransaction:0 android.view.SurfaceView$SurfaceViewPositionUpdateListener.positionChanged:1537 
10-16 17:52:55.532 21495 21575 I ViewRootImpl@6dcaa2e[MainActivity]: mWNT: t=0x7bdd487200 mBlastBufferQueue=0x7b5b836800 fn= 839 caller= android.view.ViewRootImpl.lambda$applyTransactionOnDraw$11$android-view-ViewRootImpl:12865 android.view.ViewRootImpl$$ExternalSyntheticLambda1.onFrameDraw:4 android.graphics.HardwareRenderer$FrameDrawingCallback.onFrameDraw:924 
10-16 17:52:55.537 21495 21495 I SurfaceView@184d2cc: Changes: creating=false format=false size=false visible=false alpha=false hint=false mUseAlpha=false visible=false left=false top=true
10-16 17:52:55.537 21495 21495 I SurfaceView@184d2cc: 25481932 Cur surface: Surface(name=null)/@0x649305d
10-16 17:52:55.538 21495 21495 I SurfaceView@184d2cc: applyTransactionOnVriDraw: vri = ViewRootImpl@6dcaa2e[MainActivity] fRS = false t = 0x7bdd487300 android.view.SurfaceView.performSurfaceTransaction:959 android.view.SurfaceView.updateSurface:1105 android.view.SurfaceView.lambda$new$0$android-view-SurfaceView:200 
10-16 17:52:55.538 21495 21495 I ViewRootImpl@6dcaa2e[MainActivity]: applyTransactionOnDraw: mRemoved = false isHardwareEnabled = true t = 0x7bdd487300android.view.SurfaceView.applyTransactionOnVriDraw:2048 android.view.SurfaceView.performSurfaceTransaction:959 android.view.SurfaceView.updateSurface:1105 android.view.SurfaceView.lambda$new$0$android-view-SurfaceView:200 android.view.SurfaceView$$ExternalSyntheticLambda5.onPreDraw:2 
10-16 17:52:55.538 21495 21495 I SurfaceView@184d2cc: updateSurface: mVisible = true mSurface.isValid() = true
10-16 17:52:55.538 21495 21495 I SurfaceView@184d2cc: updateSurface: mSurfaceCreated = true surfaceChanged = false visibleChanged = false
10-16 17:52:55.538 21495 21495 V SurfaceView@184d2cc: Layout: x=0 y=-1287 w=1080 h=525, frame=Rect(0, 0 - 1080, 525)
10-16 17:52:55.550 21495 21574 D SurfaceView@184d2cc: updateSurfacePosition RenderWorker, frameNr = 840, position = [0, -1279, 1080, -754] surfaceSize = 1080x525
10-16 17:52:55.550 21495 21574 I SurfaceView@184d2cc: uSP: rtp = Rect(0, -1279 - 1080, -754) rtsw = 1080 rtsh = 525
10-16 17:52:55.550 21495 21574 I SurfaceView@184d2cc: onSSPAndSRT: pl = 0 pt = -1279 sx = 1.0 sy = 1.0
10-16 17:52:55.550 21495 21574 I SurfaceView@184d2cc: aOrMT: ViewRootImpl@6dcaa2e[MainActivity] t = android.view.SurfaceControl$Transaction@44988b8 fN = 840 android.view.SurfaceView.-$$Nest$mapplyOrMergeTransaction:0 android.view.SurfaceView$SurfaceViewPositionUpdateListener.positionChanged:1537 android.graphics.RenderNode$CompositePositionUpdateListener.positionChanged:373 
10-16 17:52:55.551 21495 21574 I ViewRootImpl@6dcaa2e[MainActivity]: mWNT: t=0x7b17979b00 mBlastBufferQueue=0x7b5b836800 fn= 840 caller= android.view.SurfaceView.applyOrMergeTransaction:1455 android.view.SurfaceView.-$$Nest$mapplyOrMergeTransaction:0 android.view.SurfaceView$SurfaceViewPositionUpdateListener.positionChanged:1537 
10-16 17:52:55.551 21495 21574 I ViewRootImpl@6dcaa2e[MainActivity]: mWNT: t=0x7bdd487300 mBlastBufferQueue=0x7b5b836800 fn= 840 caller= android.view.ViewRootImpl.lambda$applyTransactionOnDraw$11$android-view-ViewRootImpl:12865 android.view.ViewRootImpl$$ExternalSyntheticLambda1.onFrameDraw:4 android.graphics.HardwareRenderer$FrameDrawingCallback.onFrameDraw:924 
10-16 17:52:55.554 21495 21495 I SurfaceView@184d2cc: Changes: creating=false format=false size=false visible=false alpha=false hint=false mUseAlpha=false visible=false left=false top=true
10-16 17:52:55.554 21495 21495 I SurfaceView@184d2cc: 25481932 Cur surface: Surface(name=null)/@0x649305d
10-16 17:52:55.554 21495 21495 I SurfaceView@184d2cc: applyTransactionOnVriDraw: vri = ViewRootImpl@6dcaa2e[MainActivity] fRS = false t = 0x7bdd487400 android.view.SurfaceView.performSurfaceTransaction:959 android.view.SurfaceView.updateSurface:1105 android.view.SurfaceView.lambda$new$0$android-view-SurfaceView:200 
10-16 17:52:55.555 21495 21495 I ViewRootImpl@6dcaa2e[MainActivity]: applyTransactionOnDraw: mRemoved = false isHardwareEnabled = true t = 0x7bdd487400android.view.SurfaceView.applyTransactionOnVriDraw:2048 android.view.SurfaceView.performSurfaceTransaction:959 android.view.SurfaceView.updateSurface:1105 android.view.SurfaceView.lambda$new$0$android-view-SurfaceView:200 android.view.SurfaceView$$ExternalSyntheticLambda5.onPreDraw:2 
10-16 17:52:55.555 21495 21495 I SurfaceView@184d2cc: updateSurface: mVisible = true mSurface.isValid() = true
10-16 17:52:55.555 21495 21495 I SurfaceView@184d2cc: updateSurface: mSurfaceCreated = true surfaceChanged = false visibleChanged = false
10-16 17:52:55.555 21495 21495 V SurfaceView@184d2cc: Layout: x=0 y=-1279 w=1080 h=525, frame=Rect(0, 0 - 1080, 525)
10-16 17:52:55.564 21495 21575 D SurfaceView@184d2cc: updateSurfacePosition RenderWorker, frameNr = 841, position = [0, -1271, 1080, -746] surfaceSize = 1080x525
10-16 17:52:55.564 21495 21575 I SurfaceView@184d2cc: uSP: rtp = Rect(0, -1271 - 1080, -746) rtsw = 1080 rtsh = 525
10-16 17:52:55.564 21495 21575 I SurfaceView@184d2cc: onSSPAndSRT: pl = 0 pt = -1271 sx = 1.0 sy = 1.0
10-16 17:52:55.565 21495 21575 I SurfaceView@184d2cc: aOrMT: ViewRootImpl@6dcaa2e[MainActivity] t = android.view.SurfaceControl$Transaction@44988b8 fN = 841 android.view.SurfaceView.-$$Nest$mapplyOrMergeTransaction:0 android.view.SurfaceView$SurfaceViewPositionUpdateListener.positionChanged:1537 android.graphics.RenderNode$CompositePositionUpdateListener.positionChanged:373 
10-16 17:52:55.565 21495 21575 I ViewRootImpl@6dcaa2e[MainActivity]: mWNT: t=0x7b17979b00 mBlastBufferQueue=0x7b5b836800 fn= 841 caller= android.view.SurfaceView.applyOrMergeTransaction:1455 android.view.SurfaceView.-$$Nest$mapplyOrMergeTransaction:0 android.view.SurfaceView$SurfaceViewPositionUpdateListener.positionChanged:1537 
10-16 17:52:55.565 21495 21575 I ViewRootImpl@6dcaa2e[MainActivity]: mWNT: t=0x7bdd487400 mBlastBufferQueue=0x7b5b836800 fn= 841 caller= android.view.ViewRootImpl.lambda$applyTransactionOnDraw$11$android-view-ViewRootImpl:12865 android.view.ViewRootImpl$$ExternalSyntheticLambda1.onFrameDraw:4 android.graphics.HardwareRenderer$FrameDrawingCallback.onFrameDraw:924 
10-16 17:52:55.570 21495 21495 I SurfaceView@184d2cc: Changes: creating=false format=false size=false visible=false alpha=false hint=false mUseAlpha=false visible=false left=false top=true
10-16 17:52:55.571 21495 21495 I SurfaceView@184d2cc: 25481932 Cur surface: Surface(name=null)/@0x649305d
10-16 17:52:55.571 21495 21495 I SurfaceView@184d2cc: applyTransactionOnVriDraw: vri = ViewRootImpl@6dcaa2e[MainActivity] fRS = false t = 0x7bdd487500 android.view.SurfaceView.performSurfaceTransaction:959 android.view.SurfaceView.updateSurface:1105 android.view.SurfaceView.lambda$new$0$android-view-SurfaceView:200 
10-16 17:52:55.571 21495 21495 I ViewRootImpl@6dcaa2e[MainActivity]: applyTransactionOnDraw: mRemoved = false isHardwareEnabled = true t = 0x7bdd487500android.view.SurfaceView.applyTransactionOnVriDraw:2048 android.view.SurfaceView.performSurfaceTransaction:959 android.view.SurfaceView.updateSurface:1105 android.view.SurfaceView.lambda$new$0$android-view-SurfaceView:200 android.view.SurfaceView$$ExternalSyntheticLambda5.onPreDraw:2 
10-16 17:52:55.572 21495 21495 I SurfaceView@184d2cc: updateSurface: mVisible = true mSurface.isValid() = true
10-16 17:52:55.572 21495 21495 I SurfaceView@184d2cc: updateSurface: mSurfaceCreated = true surfaceChanged = false visibleChanged = false
10-16 17:52:55.572 21495 21495 V SurfaceView@184d2cc: Layout: x=0 y=-1271 w=1080 h=525, frame=Rect(0, 0 - 1080, 525)
10-16 17:52:55.583 21495 21574 D SurfaceView@184d2cc: updateSurfacePosition RenderWorker, frameNr = 842, position = [0, -1264, 1080, -739] surfaceSize = 1080x525
10-16 17:52:55.583 21495 21574 I SurfaceView@184d2cc: uSP: rtp = Rect(0, -1264 - 1080, -739) rtsw = 1080 rtsh = 525
10-16 17:52:55.583 21495 21574 I SurfaceView@184d2cc: onSSPAndSRT: pl = 0 pt = -1264 sx = 1.0 sy = 1.0
10-16 17:52:55.584 21495 21574 I SurfaceView@184d2cc: aOrMT: ViewRootImpl@6dcaa2e[MainActivity] t = android.view.SurfaceControl$Transaction@44988b8 fN = 842 android.view.SurfaceView.-$$Nest$mapplyOrMergeTransaction:0 android.view.SurfaceView$SurfaceViewPositionUpdateListener.positionChanged:1537 android.graphics.RenderNode$CompositePositionUpdateListener.positionChanged:373 
10-16 17:52:55.584 21495 21574 I ViewRootImpl@6dcaa2e[MainActivity]: mWNT: t=0x7b17979b00 mBlastBufferQueue=0x7b5b836800 fn= 842 caller= android.view.SurfaceView.applyOrMergeTransaction:1455 android.view.SurfaceView.-$$Nest$mapplyOrMergeTransaction:0 android.view.SurfaceView$SurfaceViewPositionUpdateListener.positionChanged:1537 
10-16 17:52:55.584 21495 21574 I ViewRootImpl@6dcaa2e[MainActivity]: mWNT: t=0x7bdd487500 mBlastBufferQueue=0x7b5b836800 fn= 842 caller= android.view.ViewRootImpl.lambda$applyTransactionOnDraw$11$android-view-ViewRootImpl:12865 android.view.ViewRootImpl$$ExternalSyntheticLambda1.onFrameDraw:4 android.graphics.HardwareRenderer$FrameDrawingCallback.onFrameDraw:924 
10-16 17:52:55.587 21495 21495 I SurfaceView@184d2cc: Changes: creating=false format=false size=false visible=false alpha=false hint=false mUseAlpha=false visible=false left=false top=true
10-16 17:52:55.587 21495 21495 I SurfaceView@184d2cc: 25481932 Cur surface: Surface(name=null)/@0x649305d
10-16 17:52:55.588 21495 21495 I SurfaceView@184d2cc: applyTransactionOnVriDraw: vri = ViewRootImpl@6dcaa2e[MainActivity] fRS = false t = 0x7bdd487600 android.view.SurfaceView.performSurfaceTransaction:959 android.view.SurfaceView.updateSurface:1105 android.view.SurfaceView.lambda$new$0$android-view-SurfaceView:200 
10-16 17:52:55.588 21495 21495 I ViewRootImpl@6dcaa2e[MainActivity]: applyTransactionOnDraw: mRemoved = false isHardwareEnabled = true t = 0x7bdd487600android.view.SurfaceView.applyTransactionOnVriDraw:2048 android.view.SurfaceView.performSurfaceTransaction:959 android.view.SurfaceView.updateSurface:1105 android.view.SurfaceView.lambda$new$0$android-view-SurfaceView:200 android.view.SurfaceView$$ExternalSyntheticLambda5.onPreDraw:2 
10-16 17:52:55.588 21495 21495 I SurfaceView@184d2cc: updateSurface: mVisible = true mSurface.isValid() = true
10-16 17:52:55.588 21495 21495 I SurfaceView@184d2cc: updateSurface: mSurfaceCreated = true surfaceChanged = false visibleChanged = false
10-16 17:52:55.588 21495 21495 V SurfaceView@184d2cc: Layout: x=0 y=-1264 w=1080 h=525, frame=Rect(0, 0 - 1080, 525)
10-16 17:52:55.599 21495 21575 D SurfaceView@184d2cc: updateSurfacePosition RenderWorker, frameNr = 843, position = [0, -1258, 1080, -733] surfaceSize = 1080x525
10-16 17:52:55.599 21495 21575 I SurfaceView@184d2cc: uSP: rtp = Rect(0, -1258 - 1080, -733) rtsw = 1080 rtsh = 525
10-16 17:52:55.599 21495 21575 I SurfaceView@184d2cc: onSSPAndSRT: pl = 0 pt = -1258 sx = 1.0 sy = 1.0
10-16 17:52:55.599 21495 21575 I SurfaceView@184d2cc: aOrMT: ViewRootImpl@6dcaa2e[MainActivity] t = android.view.SurfaceControl$Transaction@44988b8 fN = 843 android.view.SurfaceView.-$$Nest$mapplyOrMergeTransaction:0 android.view.SurfaceView$SurfaceViewPositionUpdateListener.positionChanged:1537 android.graphics.RenderNode$CompositePositionUpdateListener.positionChanged:373 
10-16 17:52:55.599 21495 21575 I ViewRootImpl@6dcaa2e[MainActivity]: mWNT: t=0x7b17979b00 mBlastBufferQueue=0x7b5b836800 fn= 843 caller= android.view.SurfaceView.applyOrMergeTransaction:1455 android.view.SurfaceView.-$$Nest$mapplyOrMergeTransaction:0 android.view.SurfaceView$SurfaceViewPositionUpdateListener.positionChanged:1537 
10-16 17:52:55.600 21495 21575 I ViewRootImpl@6dcaa2e[MainActivity]: mWNT: t=0x7bdd487600 mBlastBufferQueue=0x7b5b836800 fn= 843 caller= android.view.ViewRootImpl.lambda$applyTransactionOnDraw$11$android-view-ViewRootImpl:12865 android.view.ViewRootImpl$$ExternalSyntheticLambda1.onFrameDraw:4 android.graphics.HardwareRenderer$FrameDrawingCallback.onFrameDraw:924 
10-16 17:52:55.603 21495 21495 I SurfaceView@184d2cc: Changes: creating=false format=false size=false visible=false alpha=false hint=false mUseAlpha=false visible=false left=false top=true
10-16 17:52:55.604 21495 21495 I SurfaceView@184d2cc: 25481932 Cur surface: Surface(name=null)/@0x649305d
10-16 17:52:55.604 21495 21495 I SurfaceView@184d2cc: applyTransactionOnVriDraw: vri = ViewRootImpl@6dcaa2e[MainActivity] fRS = false t = 0x7bdd487700 android.view.SurfaceView.performSurfaceTransaction:959 android.view.SurfaceView.updateSurface:1105 android.view.SurfaceView.lambda$new$0$android-view-SurfaceView:200 
10-16 17:52:55.604 21495 21495 I ViewRootImpl@6dcaa2e[MainActivity]: applyTransactionOnDraw: mRemoved = false isHardwareEnabled = true t = 0x7bdd487700android.view.SurfaceView.applyTransactionOnVriDraw:2048 android.view.SurfaceView.performSurfaceTransaction:959 android.view.SurfaceView.updateSurface:1105 android.view.SurfaceView.lambda$new$0$android-view-SurfaceView:200 android.view.SurfaceView$$ExternalSyntheticLambda5.onPreDraw:2 
10-16 17:52:55.604 21495 21495 I SurfaceView@184d2cc: updateSurface: mVisible = true mSurface.isValid() = true
10-16 17:52:55.604 21495 21495 I SurfaceView@184d2cc: updateSurface: mSurfaceCreated = true surfaceChanged = false visibleChanged = false
10-16 17:52:55.604 21495 21495 V SurfaceView@184d2cc: Layout: x=0 y=-1258 w=1080 h=525, frame=Rect(0, 0 - 1080, 525)
10-16 17:52:55.612 21495 21574 D SurfaceView@184d2cc: updateSurfacePosition RenderWorker, frameNr = 844, position = [0, -1253, 1080, -728] surfaceSize = 1080x525
10-16 17:52:55.612 21495 21574 I SurfaceView@184d2cc: uSP: rtp = Rect(0, -1253 - 1080, -728) rtsw = 1080 rtsh = 525
10-16 17:52:55.612 21495 21574 I SurfaceView@184d2cc: onSSPAndSRT: pl = 0 pt = -1253 sx = 1.0 sy = 1.0
10-16 17:52:55.612 21495 21574 I SurfaceView@184d2cc: aOrMT: ViewRootImpl@6dcaa2e[MainActivity] t = android.view.SurfaceControl$Transaction@44988b8 fN = 844 android.view.SurfaceView.-$$Nest$mapplyOrMergeTransaction:0 android.view.SurfaceView$SurfaceViewPositionUpdateListener.positionChanged:1537 android.graphics.RenderNode$CompositePositionUpdateListener.positionChanged:373 
10-16 17:52:55.613 21495 21574 I ViewRootImpl@6dcaa2e[MainActivity]: mWNT: t=0x7b17979b00 mBlastBufferQueue=0x7b5b836800 fn= 844 caller= android.view.SurfaceView.applyOrMergeTransaction:1455 android.view.SurfaceView.-$$Nest$mapplyOrMergeTransaction:0 android.view.SurfaceView$SurfaceViewPositionUpdateListener.positionChanged:1537 
10-16 17:52:55.613 21495 21574 I ViewRootImpl@6dcaa2e[MainActivity]: mWNT: t=0x7bdd487700 mBlastBufferQueue=0x7b5b836800 fn= 844 caller= android.view.ViewRootImpl.lambda$applyTransactionOnDraw$11$android-view-ViewRootImpl:12865 android.view.ViewRootImpl$$ExternalSyntheticLambda1.onFrameDraw:4 android.graphics.HardwareRenderer$FrameDrawingCallback.onFrameDraw:924 
10-16 17:52:55.620 21495 21495 I SurfaceView@184d2cc: Changes: creating=false format=false size=false visible=false alpha=false hint=false mUseAlpha=false visible=false left=false top=true
10-16 17:52:55.621 21495 21495 I SurfaceView@184d2cc: 25481932 Cur surface: Surface(name=null)/@0x649305d
10-16 17:52:55.621 21495 21495 I SurfaceView@184d2cc: applyTransactionOnVriDraw: vri = ViewRootImpl@6dcaa2e[MainActivity] fRS = false t = 0x7bdd487800 android.view.SurfaceView.performSurfaceTransaction:959 android.view.SurfaceView.updateSurface:1105 android.view.SurfaceView.lambda$new$0$android-view-SurfaceView:200 
10-16 17:52:55.621 21495 21495 I ViewRootImpl@6dcaa2e[MainActivity]: applyTransactionOnDraw: mRemoved = false isHardwareEnabled = true t = 0x7bdd487800android.view.SurfaceView.applyTransactionOnVriDraw:2048 android.view.SurfaceView.performSurfaceTransaction:959 android.view.SurfaceView.updateSurface:1105 android.view.SurfaceView.lambda$new$0$android-view-SurfaceView:200 android.view.SurfaceView$$ExternalSyntheticLambda5.onPreDraw:2 
10-16 17:52:55.621 21495 21495 I SurfaceView@184d2cc: updateSurface: mVisible = true mSurface.isValid() = true
10-16 17:52:55.622 21495 21495 I SurfaceView@184d2cc: updateSurface: mSurfaceCreated = true surfaceChanged = false visibleChanged = false
10-16 17:52:55.622 21495 21495 V SurfaceView@184d2cc: Layout: x=0 y=-1253 w=1080 h=525, frame=Rect(0, 0 - 1080, 525)
10-16 17:52:55.633 21495 21575 D SurfaceView@184d2cc: updateSurfacePosition RenderWorker, frameNr = 845, position = [0, -1248, 1080, -723] surfaceSize = 1080x525
10-16 17:52:55.633 21495 21575 I SurfaceView@184d2cc: uSP: rtp = Rect(0, -1248 - 1080, -723) rtsw = 1080 rtsh = 525
10-16 17:52:55.633 21495 21575 I SurfaceView@184d2cc: onSSPAndSRT: pl = 0 pt = -1248 sx = 1.0 sy = 1.0
10-16 17:52:55.633 21495 21575 I SurfaceView@184d2cc: aOrMT: ViewRootImpl@6dcaa2e[MainActivity] t = android.view.SurfaceControl$Transaction@44988b8 fN = 845 android.view.SurfaceView.-$$Nest$mapplyOrMergeTransaction:0 android.view.SurfaceView$SurfaceViewPositionUpdateListener.positionChanged:1537 android.graphics.RenderNode$CompositePositionUpdateListener.positionChanged:373 
10-16 17:52:55.633 21495 21575 I ViewRootImpl@6dcaa2e[MainActivity]: mWNT: t=0x7b17979b00 mBlastBufferQueue=0x7b5b836800 fn= 845 caller= android.view.SurfaceView.applyOrMergeTransaction:1455 android.view.SurfaceView.-$$Nest$mapplyOrMergeTransaction:0 android.view.SurfaceView$SurfaceViewPositionUpdateListener.positionChanged:1537 
10-16 17:52:55.634 21495 21575 I ViewRootImpl@6dcaa2e[MainActivity]: mWNT: t=0x7bdd487800 mBlastBufferQueue=0x7b5b836800 fn= 845 caller= android.view.ViewRootImpl.lambda$applyTransactionOnDraw$11$android-view-ViewRootImpl:12865 android.view.ViewRootImpl$$ExternalSyntheticLambda1.onFrameDraw:4 android.graphics.HardwareRenderer$FrameDrawingCallback.onFrameDraw:924 
10-16 17:52:55.637 21495 21495 I SurfaceView@184d2cc: Changes: creating=false format=false size=false visible=false alpha=false hint=false mUseAlpha=false visible=false left=false top=true
10-16 17:52:55.637 21495 21495 I SurfaceView@184d2cc: 25481932 Cur surface: Surface(name=null)/@0x649305d
10-16 17:52:55.637 21495 21495 I SurfaceView@184d2cc: applyTransactionOnVriDraw: vri = ViewRootImpl@6dcaa2e[MainActivity] fRS = false t = 0x7bdd487900 android.view.SurfaceView.performSurfaceTransaction:959 android.view.SurfaceView.updateSurface:1105 android.view.SurfaceView.lambda$new$0$android-view-SurfaceView:200 
10-16 17:52:55.638 21495 21495 I ViewRootImpl@6dcaa2e[MainActivity]: applyTransactionOnDraw: mRemoved = false isHardwareEnabled = true t = 0x7bdd487900android.view.SurfaceView.applyTransactionOnVriDraw:2048 android.view.SurfaceView.performSurfaceTransaction:959 android.view.SurfaceView.updateSurface:1105 android.view.SurfaceView.lambda$new$0$android-view-SurfaceView:200 android.view.SurfaceView$$ExternalSyntheticLambda5.onPreDraw:2 
10-16 17:52:55.638 21495 21495 I SurfaceView@184d2cc: updateSurface: mVisible = true mSurface.isValid() = true
10-16 17:52:55.638 21495 21495 I SurfaceView@184d2cc: updateSurface: mSurfaceCreated = true surfaceChanged = false visibleChanged = false
10-16 17:52:55.638 21495 21495 V SurfaceView@184d2cc: Layout: x=0 y=-1248 w=1080 h=525, frame=Rect(0, 0 - 1080, 525)
10-16 17:52:55.649 21495 21574 D SurfaceView@184d2cc: updateSurfacePosition RenderWorker, frameNr = 846, position = [0, -1244, 1080, -719] surfaceSize = 1080x525
10-16 17:52:55.650 21495 21574 I SurfaceView@184d2cc: uSP: rtp = Rect(0, -1244 - 1080, -719) rtsw = 1080 rtsh = 525
10-16 17:52:55.650 21495 21574 I SurfaceView@184d2cc: onSSPAndSRT: pl = 0 pt = -1244 sx = 1.0 sy = 1.0
