10-16 17:35:52.388 15475 15475 I ViewRootImpl@6dcaa2e[MainActivity]: applyTransactionOnDraw: mRemoved = false isHardwareEnabled = true t = 0x7b68c4d500android.view.SurfaceView.applyTransactionOnVriDraw:2048 android.view.SurfaceView.performSurfaceTransaction:959 android.view.SurfaceView.updateSurface:1105 android.view.SurfaceView.lambda$new$0$android-view-SurfaceView:200 android.view.SurfaceView$$ExternalSyntheticLambda5.onPreDraw:2 
10-16 17:35:52.388 15475 15475 I SurfaceView@777fedf: updateSurface: mVisible = true mSurface.isValid() = true
10-16 17:35:52.388 15475 15475 I SurfaceView@777fedf: updateSurface: mSurfaceCreated = true surfaceChanged = false visibleChanged = false
10-16 17:35:52.388 15475 15475 V SurfaceView@777fedf: Layout: x=0 y=79 w=1080 h=525, frame=Rect(0, 0 - 1080, 525)
10-16 17:35:52.407 15475 15554 D SurfaceView@777fedf: updateSurfacePosition RenderWorker, frameNr = 751, position = [0, 79, 1080, 604] surfaceSize = 1080x525
10-16 17:35:52.407 15475 15554 I SurfaceView@777fedf: uSP: rtp = Rect(0, 79 - 1080, 604) rtsw = 1080 rtsh = 525
10-16 17:35:52.407 15475 15554 I SurfaceView@777fedf: onSSPAndSRT: pl = 0 pt = 79 sx = 1.0 sy = 1.0
10-16 17:35:52.408 15475 15554 I SurfaceView@777fedf: aOrMT: ViewRootImpl@6dcaa2e[MainActivity] t = android.view.SurfaceControl$Transaction@97c9439 fN = 751 android.view.SurfaceView.-$$Nest$mapplyOrMergeTransaction:0 android.view.SurfaceView$SurfaceViewPositionUpdateListener.positionChanged:1537 android.graphics.RenderNode$CompositePositionUpdateListener.positionChanged:373 
10-16 17:35:52.409 15475 15554 I ViewRootImpl@6dcaa2e[MainActivity]: mWNT: t=0x7b68ac6900 mBlastBufferQueue=0x7b5d441400 fn= 751 caller= android.view.SurfaceView.applyOrMergeTransaction:1455 android.view.SurfaceView.-$$Nest$mapplyOrMergeTransaction:0 android.view.SurfaceView$SurfaceViewPositionUpdateListener.positionChanged:1537 
10-16 17:35:52.410 15475 15554 I ViewRootImpl@6dcaa2e[MainActivity]: mWNT: t=0x7b68c4d500 mBlastBufferQueue=0x7b5d441400 fn= 751 caller= android.view.ViewRootImpl.lambda$applyTransactionOnDraw$11$android-view-ViewRootImpl:12865 android.view.ViewRootImpl$$ExternalSyntheticLambda1.onFrameDraw:4 android.graphics.HardwareRenderer$FrameDrawingCallback.onFrameDraw:924 
10-16 17:35:52.413 15475 15475 I SurfaceView@777fedf: Changes: creating=false format=false size=false visible=false alpha=false hint=false mUseAlpha=false visible=false left=false top=true
10-16 17:35:52.414 15475 15475 I SurfaceView@777fedf: 125304543 Cur surface: Surface(name=null)/@0x6f99cda
10-16 17:35:52.414 15475 15475 I SurfaceView@777fedf: applyTransactionOnVriDraw: vri = ViewRootImpl@6dcaa2e[MainActivity] fRS = false t = 0x7b68c4d700 android.view.SurfaceView.performSurfaceTransaction:959 android.view.SurfaceView.updateSurface:1105 android.view.SurfaceView.lambda$new$0$android-view-SurfaceView:200 
10-16 17:35:52.415 15475 15475 I ViewRootImpl@6dcaa2e[MainActivity]: applyTransactionOnDraw: mRemoved = false isHardwareEnabled = true t = 0x7b68c4d700android.view.SurfaceView.applyTransactionOnVriDraw:2048 android.view.SurfaceView.performSurfaceTransaction:959 android.view.SurfaceView.updateSurface:1105 android.view.SurfaceView.lambda$new$0$android-view-SurfaceView:200 android.view.SurfaceView$$ExternalSyntheticLambda5.onPreDraw:2 
10-16 17:35:52.415 15475 15475 I SurfaceView@777fedf: updateSurface: mVisible = true mSurface.isValid() = true
10-16 17:35:52.415 15475 15475 I SurfaceView@777fedf: updateSurface: mSurfaceCreated = true surfaceChanged = false visibleChanged = false
10-16 17:35:52.415 15475 15475 V SurfaceView@777fedf: Layout: x=0 y=-17 w=1080 h=525, frame=Rect(0, 0 - 1080, 525)
10-16 17:35:52.427 15475 15555 D SurfaceView@777fedf: updateSurfacePosition RenderWorker, frameNr = 752, position = [0, -17, 1080, 508] surfaceSize = 1080x525
10-16 17:35:52.427 15475 15555 I SurfaceView@777fedf: uSP: rtp = Rect(0, -17 - 1080, 508) rtsw = 1080 rtsh = 525
10-16 17:35:52.428 15475 15555 I SurfaceView@777fedf: onSSPAndSRT: pl = 0 pt = -17 sx = 1.0 sy = 1.0
10-16 17:35:52.428 15475 15555 I SurfaceView@777fedf: aOrMT: ViewRootImpl@6dcaa2e[MainActivity] t = android.view.SurfaceControl$Transaction@97c9439 fN = 752 android.view.SurfaceView.-$$Nest$mapplyOrMergeTransaction:0 android.view.SurfaceView$SurfaceViewPositionUpdateListener.positionChanged:1537 android.graphics.RenderNode$CompositePositionUpdateListener.positionChanged:373 
10-16 17:35:52.428 15475 15555 I ViewRootImpl@6dcaa2e[MainActivity]: mWNT: t=0x7b68ac6900 mBlastBufferQueue=0x7b5d441400 fn= 752 caller= android.view.SurfaceView.applyOrMergeTransaction:1455 android.view.SurfaceView.-$$Nest$mapplyOrMergeTransaction:0 android.view.SurfaceView$SurfaceViewPositionUpdateListener.positionChanged:1537 
10-16 17:35:52.429 15475 15555 I ViewRootImpl@6dcaa2e[MainActivity]: mWNT: t=0x7b68c4d700 mBlastBufferQueue=0x7b5d441400 fn= 752 caller= android.view.ViewRootImpl.lambda$applyTransactionOnDraw$11$android-view-ViewRootImpl:12865 android.view.ViewRootImpl$$ExternalSyntheticLambda1.onFrameDraw:4 android.graphics.HardwareRenderer$FrameDrawingCallback.onFrameDraw:924 
10-16 17:35:52.432 15475 15475 I SurfaceView@777fedf: Changes: creating=false format=false size=false visible=false alpha=false hint=false mUseAlpha=false visible=false left=false top=true
10-16 17:35:52.432 15475 15475 I SurfaceView@777fedf: 125304543 Cur surface: Surface(name=null)/@0x6f99cda
10-16 17:35:52.432 15475 15475 I SurfaceView@777fedf: applyTransactionOnVriDraw: vri = ViewRootImpl@6dcaa2e[MainActivity] fRS = false t = 0x7b68c4e400 android.view.SurfaceView.performSurfaceTransaction:959 android.view.SurfaceView.updateSurface:1105 android.view.SurfaceView.lambda$new$0$android-view-SurfaceView:200 
10-16 17:35:52.433 15475 15475 I ViewRootImpl@6dcaa2e[MainActivity]: applyTransactionOnDraw: mRemoved = false isHardwareEnabled = true t = 0x7b68c4e400android.view.SurfaceView.applyTransactionOnVriDraw:2048 android.view.SurfaceView.performSurfaceTransaction:959 android.view.SurfaceView.updateSurface:1105 android.view.SurfaceView.lambda$new$0$android-view-SurfaceView:200 android.view.SurfaceView$$ExternalSyntheticLambda5.onPreDraw:2 
10-16 17:35:52.433 15475 15475 I SurfaceView@777fedf: updateSurface: mVisible = true mSurface.isValid() = true
10-16 17:35:52.433 15475 15475 I SurfaceView@777fedf: updateSurface: mSurfaceCreated = true surfaceChanged = false visibleChanged = false
10-16 17:35:52.433 15475 15475 V SurfaceView@777fedf: Layout: x=0 y=-111 w=1080 h=525, frame=Rect(0, 0 - 1080, 525)
10-16 17:35:52.440 15475 15554 D SurfaceView@777fedf: updateSurfacePosition RenderWorker, frameNr = 753, position = [0, -111, 1080, 414] surfaceSize = 1080x525
10-16 17:35:52.440 15475 15554 I SurfaceView@777fedf: uSP: rtp = Rect(0, -111 - 1080, 414) rtsw = 1080 rtsh = 525
10-16 17:35:52.440 15475 15554 I SurfaceView@777fedf: onSSPAndSRT: pl = 0 pt = -111 sx = 1.0 sy = 1.0
10-16 17:35:52.440 15475 15554 I SurfaceView@777fedf: aOrMT: ViewRootImpl@6dcaa2e[MainActivity] t = android.view.SurfaceControl$Transaction@97c9439 fN = 753 android.view.SurfaceView.-$$Nest$mapplyOrMergeTransaction:0 android.view.SurfaceView$SurfaceViewPositionUpdateListener.positionChanged:1537 android.graphics.RenderNode$CompositePositionUpdateListener.positionChanged:373 
10-16 17:35:52.440 15475 15554 I ViewRootImpl@6dcaa2e[MainActivity]: mWNT: t=0x7b68ac6900 mBlastBufferQueue=0x7b5d441400 fn= 753 caller= android.view.SurfaceView.applyOrMergeTransaction:1455 android.view.SurfaceView.-$$Nest$mapplyOrMergeTransaction:0 android.view.SurfaceView$SurfaceViewPositionUpdateListener.positionChanged:1537 
10-16 17:35:52.441 15475 15554 I ViewRootImpl@6dcaa2e[MainActivity]: mWNT: t=0x7b68c4e400 mBlastBufferQueue=0x7b5d441400 fn= 753 caller= android.view.ViewRootImpl.lambda$applyTransactionOnDraw$11$android-view-ViewRootImpl:12865 android.view.ViewRootImpl$$ExternalSyntheticLambda1.onFrameDraw:4 android.graphics.HardwareRenderer$FrameDrawingCallback.onFrameDraw:924 
10-16 17:35:52.443 15475 15475 I SurfaceView@777fedf: Changes: creating=false format=false size=false visible=false alpha=false hint=false mUseAlpha=false visible=false left=false top=true
10-16 17:35:52.443 15475 15475 I SurfaceView@777fedf: 125304543 Cur surface: Surface(name=null)/@0x6f99cda
10-16 17:35:52.443 15475 15475 I SurfaceView@777fedf: applyTransactionOnVriDraw: vri = ViewRootImpl@6dcaa2e[MainActivity] fRS = false t = 0x7b68c4e600 android.view.SurfaceView.performSurfaceTransaction:959 android.view.SurfaceView.updateSurface:1105 android.view.SurfaceView.lambda$new$0$android-view-SurfaceView:200 
10-16 17:35:52.444 15475 15475 I ViewRootImpl@6dcaa2e[MainActivity]: applyTransactionOnDraw: mRemoved = false isHardwareEnabled = true t = 0x7b68c4e600android.view.SurfaceView.applyTransactionOnVriDraw:2048 android.view.SurfaceView.performSurfaceTransaction:959 android.view.SurfaceView.updateSurface:1105 android.view.SurfaceView.lambda$new$0$android-view-SurfaceView:200 android.view.SurfaceView$$ExternalSyntheticLambda5.onPreDraw:2 
10-16 17:35:52.444 15475 15475 I SurfaceView@777fedf: updateSurface: mVisible = true mSurface.isValid() = true
10-16 17:35:52.444 15475 15475 I SurfaceView@777fedf: updateSurface: mSurfaceCreated = true surfaceChanged = false visibleChanged = false
10-16 17:35:52.444 15475 15475 V SurfaceView@777fedf: Layout: x=0 y=-199 w=1080 h=525, frame=Rect(0, 0 - 1080, 525)
10-16 17:35:52.447 15475 15555 D SurfaceView@777fedf: updateSurfacePosition RenderWorker, frameNr = 754, position = [0, -199, 1080, 326] surfaceSize = 1080x525
10-16 17:35:52.448 15475 15555 I SurfaceView@777fedf: uSP: rtp = Rect(0, -199 - 1080, 326) rtsw = 1080 rtsh = 525
10-16 17:35:52.448 15475 15555 I SurfaceView@777fedf: onSSPAndSRT: pl = 0 pt = -199 sx = 1.0 sy = 1.0
10-16 17:35:52.449 15475 15555 I SurfaceView@777fedf: aOrMT: ViewRootImpl@6dcaa2e[MainActivity] t = android.view.SurfaceControl$Transaction@97c9439 fN = 754 android.view.SurfaceView.-$$Nest$mapplyOrMergeTransaction:0 android.view.SurfaceView$SurfaceViewPositionUpdateListener.positionChanged:1537 android.graphics.RenderNode$CompositePositionUpdateListener.positionChanged:373 
10-16 17:35:52.449 15475 15555 I ViewRootImpl@6dcaa2e[MainActivity]: mWNT: t=0x7b68ac6900 mBlastBufferQueue=0x7b5d441400 fn= 754 caller= android.view.SurfaceView.applyOrMergeTransaction:1455 android.view.SurfaceView.-$$Nest$mapplyOrMergeTransaction:0 android.view.SurfaceView$SurfaceViewPositionUpdateListener.positionChanged:1537 
10-16 17:35:52.449 15475 15555 I ViewRootImpl@6dcaa2e[MainActivity]: mWNT: t=0x7b68c4e600 mBlastBufferQueue=0x7b5d441400 fn= 754 caller= android.view.ViewRootImpl.lambda$applyTransactionOnDraw$11$android-view-ViewRootImpl:12865 android.view.ViewRootImpl$$ExternalSyntheticLambda1.onFrameDraw:4 android.graphics.HardwareRenderer$FrameDrawingCallback.onFrameDraw:924 
10-16 17:35:52.451 15475 15475 I SurfaceView@777fedf: Changes: creating=false format=false size=false visible=false alpha=false hint=false mUseAlpha=false visible=false left=false top=true
10-16 17:35:52.451 15475 15475 I SurfaceView@777fedf: 125304543 Cur surface: Surface(name=null)/@0x6f99cda
10-16 17:35:52.451 15475 15475 I SurfaceView@777fedf: applyTransactionOnVriDraw: vri = ViewRootImpl@6dcaa2e[MainActivity] fRS = false t = 0x7b68c4e800 android.view.SurfaceView.performSurfaceTransaction:959 android.view.SurfaceView.updateSurface:1105 android.view.SurfaceView.lambda$new$0$android-view-SurfaceView:200 
10-16 17:35:52.451 15475 15475 I ViewRootImpl@6dcaa2e[MainActivity]: applyTransactionOnDraw: mRemoved = false isHardwareEnabled = true t = 0x7b68c4e800android.view.SurfaceView.applyTransactionOnVriDraw:2048 android.view.SurfaceView.performSurfaceTransaction:959 android.view.SurfaceView.updateSurface:1105 android.view.SurfaceView.lambda$new$0$android-view-SurfaceView:200 android.view.SurfaceView$$ExternalSyntheticLambda5.onPreDraw:2 
10-16 17:35:52.451 15475 15475 I SurfaceView@777fedf: updateSurface: mVisible = true mSurface.isValid() = true
10-16 17:35:52.451 15475 15475 I SurfaceView@777fedf: updateSurface: mSurfaceCreated = true surfaceChanged = false visibleChanged = false
10-16 17:35:52.451 15475 15475 V SurfaceView@777fedf: Layout: x=0 y=-280 w=1080 h=525, frame=Rect(0, 0 - 1080, 525)
10-16 17:35:52.459 15475 15554 D SurfaceView@777fedf: updateSurfacePosition RenderWorker, frameNr = 755, position = [0, -280, 1080, 245] surfaceSize = 1080x525
10-16 17:35:52.459 15475 15554 I SurfaceView@777fedf: uSP: rtp = Rect(0, -280 - 1080, 245) rtsw = 1080 rtsh = 525
10-16 17:35:52.460 15475 15554 I SurfaceView@777fedf: onSSPAndSRT: pl = 0 pt = -280 sx = 1.0 sy = 1.0
10-16 17:35:52.460 15475 15554 I SurfaceView@777fedf: aOrMT: ViewRootImpl@6dcaa2e[MainActivity] t = android.view.SurfaceControl$Transaction@97c9439 fN = 755 android.view.SurfaceView.-$$Nest$mapplyOrMergeTransaction:0 android.view.SurfaceView$SurfaceViewPositionUpdateListener.positionChanged:1537 android.graphics.RenderNode$CompositePositionUpdateListener.positionChanged:373 
10-16 17:35:52.460 15475 15554 I ViewRootImpl@6dcaa2e[MainActivity]: mWNT: t=0x7b68ac6900 mBlastBufferQueue=0x7b5d441400 fn= 755 caller= android.view.SurfaceView.applyOrMergeTransaction:1455 android.view.SurfaceView.-$$Nest$mapplyOrMergeTransaction:0 android.view.SurfaceView$SurfaceViewPositionUpdateListener.positionChanged:1537 
10-16 17:35:52.461 15475 15554 I ViewRootImpl@6dcaa2e[MainActivity]: mWNT: t=0x7b68c4e800 mBlastBufferQueue=0x7b5d441400 fn= 755 caller= android.view.ViewRootImpl.lambda$applyTransactionOnDraw$11$android-view-ViewRootImpl:12865 android.view.ViewRootImpl$$ExternalSyntheticLambda1.onFrameDraw:4 android.graphics.HardwareRenderer$FrameDrawingCallback.onFrameDraw:924 
10-16 17:35:52.466 15475 15475 I SurfaceView@777fedf: Changes: creating=false format=false size=false visible=false alpha=false hint=false mUseAlpha=false visible=false left=false top=true
10-16 17:35:52.466 15475 15475 I SurfaceView@777fedf: 125304543 Cur surface: Surface(name=null)/@0x6f99cda
10-16 17:35:52.467 15475 15475 I SurfaceView@777fedf: applyTransactionOnVriDraw: vri = ViewRootImpl@6dcaa2e[MainActivity] fRS = false t = 0x7b68c4eb00 android.view.SurfaceView.performSurfaceTransaction:959 android.view.SurfaceView.updateSurface:1105 android.view.SurfaceView.lambda$new$0$android-view-SurfaceView:200 
10-16 17:35:52.467 15475 15475 I ViewRootImpl@6dcaa2e[MainActivity]: applyTransactionOnDraw: mRemoved = false isHardwareEnabled = true t = 0x7b68c4eb00android.view.SurfaceView.applyTransactionOnVriDraw:2048 android.view.SurfaceView.performSurfaceTransaction:959 android.view.SurfaceView.updateSurface:1105 android.view.SurfaceView.lambda$new$0$android-view-SurfaceView:200 android.view.SurfaceView$$ExternalSyntheticLambda5.onPreDraw:2 
10-16 17:35:52.467 15475 15475 I SurfaceView@777fedf: updateSurface: mVisible = true mSurface.isValid() = true
10-16 17:35:52.467 15475 15475 I SurfaceView@777fedf: updateSurface: mSurfaceCreated = true surfaceChanged = false visibleChanged = false
10-16 17:35:52.467 15475 15475 V SurfaceView@777fedf: Layout: x=0 y=-350 w=1080 h=525, frame=Rect(0, 0 - 1080, 525)
10-16 17:35:52.475 15475 15555 D SurfaceView@777fedf: updateSurfacePosition RenderWorker, frameNr = 756, position = [0, -350, 1080, 175] surfaceSize = 1080x525
10-16 17:35:52.475 15475 15555 I SurfaceView@777fedf: uSP: rtp = Rect(0, -350 - 1080, 175) rtsw = 1080 rtsh = 525
10-16 17:35:52.475 15475 15555 I SurfaceView@777fedf: onSSPAndSRT: pl = 0 pt = -350 sx = 1.0 sy = 1.0
10-16 17:35:52.475 15475 15555 I SurfaceView@777fedf: aOrMT: ViewRootImpl@6dcaa2e[MainActivity] t = android.view.SurfaceControl$Transaction@97c9439 fN = 756 android.view.SurfaceView.-$$Nest$mapplyOrMergeTransaction:0 android.view.SurfaceView$SurfaceViewPositionUpdateListener.positionChanged:1537 android.graphics.RenderNode$CompositePositionUpdateListener.positionChanged:373 
10-16 17:35:52.475 15475 15555 I ViewRootImpl@6dcaa2e[MainActivity]: mWNT: t=0x7b68ac6900 mBlastBufferQueue=0x7b5d441400 fn= 756 caller= android.view.SurfaceView.applyOrMergeTransaction:1455 android.view.SurfaceView.-$$Nest$mapplyOrMergeTransaction:0 android.view.SurfaceView$SurfaceViewPositionUpdateListener.positionChanged:1537 
10-16 17:35:52.475 15475 15555 I ViewRootImpl@6dcaa2e[MainActivity]: mWNT: t=0x7b68c4eb00 mBlastBufferQueue=0x7b5d441400 fn= 756 caller= android.view.ViewRootImpl.lambda$applyTransactionOnDraw$11$android-view-ViewRootImpl:12865 android.view.ViewRootImpl$$ExternalSyntheticLambda1.onFrameDraw:4 android.graphics.HardwareRenderer$FrameDrawingCallback.onFrameDraw:924 
10-16 17:35:52.483 15475 15475 I SurfaceView@777fedf: Changes: creating=false format=false size=false visible=false alpha=false hint=false mUseAlpha=false visible=false left=false top=true
10-16 17:35:52.483 15475 15475 I SurfaceView@777fedf: 125304543 Cur surface: Surface(name=null)/@0x6f99cda
10-16 17:35:52.483 15475 15475 I SurfaceView@777fedf: applyTransactionOnVriDraw: vri = ViewRootImpl@6dcaa2e[MainActivity] fRS = false t = 0x7b68c55100 android.view.SurfaceView.performSurfaceTransaction:959 android.view.SurfaceView.updateSurface:1105 android.view.SurfaceView.lambda$new$0$android-view-SurfaceView:200 
10-16 17:35:52.483 15475 15475 I ViewRootImpl@6dcaa2e[MainActivity]: applyTransactionOnDraw: mRemoved = false isHardwareEnabled = true t = 0x7b68c55100android.view.SurfaceView.applyTransactionOnVriDraw:2048 android.view.SurfaceView.performSurfaceTransaction:959 android.view.SurfaceView.updateSurface:1105 android.view.SurfaceView.lambda$new$0$android-view-SurfaceView:200 android.view.SurfaceView$$ExternalSyntheticLambda5.onPreDraw:2 
10-16 17:35:52.483 15475 15475 I SurfaceView@777fedf: updateSurface: mVisible = true mSurface.isValid() = true
10-16 17:35:52.483 15475 15475 I SurfaceView@777fedf: updateSurface: mSurfaceCreated = true surfaceChanged = false visibleChanged = false
10-16 17:35:52.483 15475 15475 V SurfaceView@777fedf: Layout: x=0 y=-404 w=1080 h=525, frame=Rect(0, 0 - 1080, 525)
10-16 17:35:52.492 15475 15554 D SurfaceView@777fedf: updateSurfacePosition RenderWorker, frameNr = 757, position = [0, -404, 1080, 121] surfaceSize = 1080x525
10-16 17:35:52.492 15475 15554 I SurfaceView@777fedf: uSP: rtp = Rect(0, -404 - 1080, 121) rtsw = 1080 rtsh = 525
10-16 17:35:52.492 15475 15554 I SurfaceView@777fedf: onSSPAndSRT: pl = 0 pt = -404 sx = 1.0 sy = 1.0
10-16 17:35:52.492 15475 15554 I SurfaceView@777fedf: aOrMT: ViewRootImpl@6dcaa2e[MainActivity] t = android.view.SurfaceControl$Transaction@97c9439 fN = 757 android.view.SurfaceView.-$$Nest$mapplyOrMergeTransaction:0 android.view.SurfaceView$SurfaceViewPositionUpdateListener.positionChanged:1537 android.graphics.RenderNode$CompositePositionUpdateListener.positionChanged:373 
10-16 17:35:52.493 15475 15554 I ViewRootImpl@6dcaa2e[MainActivity]: mWNT: t=0x7b68ac6900 mBlastBufferQueue=0x7b5d441400 fn= 757 caller= android.view.SurfaceView.applyOrMergeTransaction:1455 android.view.SurfaceView.-$$Nest$mapplyOrMergeTransaction:0 android.view.SurfaceView$SurfaceViewPositionUpdateListener.positionChanged:1537 
10-16 17:35:52.493 15475 15554 I ViewRootImpl@6dcaa2e[MainActivity]: mWNT: t=0x7b68c55100 mBlastBufferQueue=0x7b5d441400 fn= 757 caller= android.view.ViewRootImpl.lambda$applyTransactionOnDraw$11$android-view-ViewRootImpl:12865 android.view.ViewRootImpl$$ExternalSyntheticLambda1.onFrameDraw:4 android.graphics.HardwareRenderer$FrameDrawingCallback.onFrameDraw:924 
10-16 17:35:52.499 15475 15475 I SurfaceView@777fedf: Changes: creating=false format=false size=false visible=false alpha=false hint=false mUseAlpha=false visible=false left=false top=true
10-16 17:35:52.499 15475 15475 I SurfaceView@777fedf: 125304543 Cur surface: Surface(name=null)/@0x6f99cda
10-16 17:35:52.500 15475 15475 I SurfaceView@777fedf: applyTransactionOnVriDraw: vri = ViewRootImpl@6dcaa2e[MainActivity] fRS = false t = 0x7b68c55300 android.view.SurfaceView.performSurfaceTransaction:959 android.view.SurfaceView.updateSurface:1105 android.view.SurfaceView.lambda$new$0$android-view-SurfaceView:200 
10-16 17:35:52.500 15475 15475 I ViewRootImpl@6dcaa2e[MainActivity]: applyTransactionOnDraw: mRemoved = false isHardwareEnabled = true t = 0x7b68c55300android.view.SurfaceView.applyTransactionOnVriDraw:2048 android.view.SurfaceView.performSurfaceTransaction:959 android.view.SurfaceView.updateSurface:1105 android.view.SurfaceView.lambda$new$0$android-view-SurfaceView:200 android.view.SurfaceView$$ExternalSyntheticLambda5.onPreDraw:2 
10-16 17:35:52.500 15475 15475 I SurfaceView@777fedf: updateSurface: mVisible = true mSurface.isValid() = true
10-16 17:35:52.500 15475 15475 I SurfaceView@777fedf: updateSurface: mSurfaceCreated = true surfaceChanged = false visibleChanged = false
10-16 17:35:52.500 15475 15475 V SurfaceView@777fedf: Layout: x=0 y=-440 w=1080 h=525, frame=Rect(0, 0 - 1080, 525)
10-16 17:35:52.508 15475 15555 D SurfaceView@777fedf: updateSurfacePosition RenderWorker, frameNr = 758, position = [0, -440, 1080, 85] surfaceSize = 1080x525
10-16 17:35:52.508 15475 15555 I SurfaceView@777fedf: uSP: rtp = Rect(0, -440 - 1080, 85) rtsw = 1080 rtsh = 525
10-16 17:35:52.508 15475 15555 I SurfaceView@777fedf: onSSPAndSRT: pl = 0 pt = -440 sx = 1.0 sy = 1.0
10-16 17:35:52.508 15475 15555 I SurfaceView@777fedf: aOrMT: ViewRootImpl@6dcaa2e[MainActivity] t = android.view.SurfaceControl$Transaction@97c9439 fN = 758 android.view.SurfaceView.-$$Nest$mapplyOrMergeTransaction:0 android.view.SurfaceView$SurfaceViewPositionUpdateListener.positionChanged:1537 android.graphics.RenderNode$CompositePositionUpdateListener.positionChanged:373 
10-16 17:35:52.508 15475 15555 I ViewRootImpl@6dcaa2e[MainActivity]: mWNT: t=0x7b68ac6900 mBlastBufferQueue=0x7b5d441400 fn= 758 caller= android.view.SurfaceView.applyOrMergeTransaction:1455 android.view.SurfaceView.-$$Nest$mapplyOrMergeTransaction:0 android.view.SurfaceView$SurfaceViewPositionUpdateListener.positionChanged:1537 
10-16 17:35:52.508 15475 15555 I ViewRootImpl@6dcaa2e[MainActivity]: mWNT: t=0x7b68c55300 mBlastBufferQueue=0x7b5d441400 fn= 758 caller= android.view.ViewRootImpl.lambda$applyTransactionOnDraw$11$android-view-ViewRootImpl:12865 android.view.ViewRootImpl$$ExternalSyntheticLambda1.onFrameDraw:4 android.graphics.HardwareRenderer$FrameDrawingCallback.onFrameDraw:924 
10-16 17:35:52.516 15475 15475 I SurfaceView@777fedf: Changes: creating=false format=false size=false visible=false alpha=false hint=false mUseAlpha=false visible=false left=false top=true
10-16 17:35:52.516 15475 15475 I SurfaceView@777fedf: 125304543 Cur surface: Surface(name=null)/@0x6f99cda
10-16 17:35:52.516 15475 15475 I SurfaceView@777fedf: applyTransactionOnVriDraw: vri = ViewRootImpl@6dcaa2e[MainActivity] fRS = false t = 0x7b68c55500 android.view.SurfaceView.performSurfaceTransaction:959 android.view.SurfaceView.updateSurface:1105 android.view.SurfaceView.lambda$new$0$android-view-SurfaceView:200 
10-16 17:35:52.516 15475 15475 I ViewRootImpl@6dcaa2e[MainActivity]: applyTransactionOnDraw: mRemoved = false isHardwareEnabled = true t = 0x7b68c55500android.view.SurfaceView.applyTransactionOnVriDraw:2048 android.view.SurfaceView.performSurfaceTransaction:959 android.view.SurfaceView.updateSurface:1105 android.view.SurfaceView.lambda$new$0$android-view-SurfaceView:200 android.view.SurfaceView$$ExternalSyntheticLambda5.onPreDraw:2 
10-16 17:35:52.516 15475 15475 I SurfaceView@777fedf: updateSurface: mVisible = true mSurface.isValid() = true
10-16 17:35:52.516 15475 15475 I SurfaceView@777fedf: updateSurface: mSurfaceCreated = true surfaceChanged = false visibleChanged = false
10-16 17:35:52.516 15475 15475 V SurfaceView@777fedf: Layout: x=0 y=-458 w=1080 h=525, frame=Rect(0, 0 - 1080, 525)
10-16 17:35:52.524 15475 15554 D SurfaceView@777fedf: updateSurfacePosition RenderWorker, frameNr = 759, position = [0, -458, 1080, 67] surfaceSize = 1080x525
10-16 17:35:52.524 15475 15554 I SurfaceView@777fedf: uSP: rtp = Rect(0, -458 - 1080, 67) rtsw = 1080 rtsh = 525
10-16 17:35:52.524 15475 15554 I SurfaceView@777fedf: onSSPAndSRT: pl = 0 pt = -458 sx = 1.0 sy = 1.0
10-16 17:35:52.524 15475 15554 I SurfaceView@777fedf: aOrMT: ViewRootImpl@6dcaa2e[MainActivity] t = android.view.SurfaceControl$Transaction@97c9439 fN = 759 android.view.SurfaceView.-$$Nest$mapplyOrMergeTransaction:0 android.view.SurfaceView$SurfaceViewPositionUpdateListener.positionChanged:1537 android.graphics.RenderNode$CompositePositionUpdateListener.positionChanged:373 
10-16 17:35:52.525 15475 15554 I ViewRootImpl@6dcaa2e[MainActivity]: mWNT: t=0x7b68ac6900 mBlastBufferQueue=0x7b5d441400 fn= 759 caller= android.view.SurfaceView.applyOrMergeTransaction:1455 android.view.SurfaceView.-$$Nest$mapplyOrMergeTransaction:0 android.view.SurfaceView$SurfaceViewPositionUpdateListener.positionChanged:1537 
10-16 17:35:52.525 15475 15554 I ViewRootImpl@6dcaa2e[MainActivity]: mWNT: t=0x7b68c55500 mBlastBufferQueue=0x7b5d441400 fn= 759 caller= android.view.ViewRootImpl.lambda$applyTransactionOnDraw$11$android-view-ViewRootImpl:12865 android.view.ViewRootImpl$$ExternalSyntheticLambda1.onFrameDraw:4 android.graphics.HardwareRenderer$FrameDrawingCallback.onFrameDraw:924 
10-16 17:35:52.532 15475 15475 I SurfaceView@777fedf: Changes: creating=false format=false size=false visible=false alpha=false hint=false mUseAlpha=false visible=false left=false top=true
10-16 17:35:52.533 15475 15475 I SurfaceView@777fedf: 125304543 Cur surface: Surface(name=null)/@0x6f99cda
10-16 17:35:52.533 15475 15475 I SurfaceView@777fedf: applyTransactionOnVriDraw: vri = ViewRootImpl@6dcaa2e[MainActivity] fRS = false t = 0x7b68c55700 android.view.SurfaceView.performSurfaceTransaction:959 android.view.SurfaceView.updateSurface:1105 android.view.SurfaceView.lambda$new$0$android-view-SurfaceView:200 
10-16 17:35:52.533 15475 15475 I ViewRootImpl@6dcaa2e[MainActivity]: applyTransactionOnDraw: mRemoved = false isHardwareEnabled = true t = 0x7b68c55700android.view.SurfaceView.applyTransactionOnVriDraw:2048 android.view.SurfaceView.performSurfaceTransaction:959 android.view.SurfaceView.updateSurface:1105 android.view.SurfaceView.lambda$new$0$android-view-SurfaceView:200 android.view.SurfaceView$$ExternalSyntheticLambda5.onPreDraw:2 
10-16 17:35:52.533 15475 15475 I SurfaceView@777fedf: updateSurface: mVisible = true mSurface.isValid() = true
10-16 17:35:52.533 15475 15475 I SurfaceView@777fedf: updateSurface: mSurfaceCreated = true surfaceChanged = false visibleChanged = false
10-16 17:35:52.533 15475 15475 V SurfaceView@777fedf: Layout: x=0 y=-473 w=1080 h=525, frame=Rect(0, 0 - 1080, 525)
10-16 17:35:52.542 15475 15555 D SurfaceView@777fedf: updateSurfacePosition RenderWorker, frameNr = 760, position = [0, -473, 1080, 52] surfaceSize = 1080x525
10-16 17:35:52.542 15475 15555 I SurfaceView@777fedf: uSP: rtp = Rect(0, -473 - 1080, 52) rtsw = 1080 rtsh = 525
10-16 17:35:52.542 15475 15555 I SurfaceView@777fedf: onSSPAndSRT: pl = 0 pt = -473 sx = 1.0 sy = 1.0
10-16 17:35:52.542 15475 15555 I SurfaceView@777fedf: aOrMT: ViewRootImpl@6dcaa2e[MainActivity] t = android.view.SurfaceControl$Transaction@97c9439 fN = 760 android.view.SurfaceView.-$$Nest$mapplyOrMergeTransaction:0 android.view.SurfaceView$SurfaceViewPositionUpdateListener.positionChanged:1537 android.graphics.RenderNode$CompositePositionUpdateListener.positionChanged:373 
10-16 17:35:52.542 15475 15555 I ViewRootImpl@6dcaa2e[MainActivity]: mWNT: t=0x7b68ac6900 mBlastBufferQueue=0x7b5d441400 fn= 760 caller= android.view.SurfaceView.applyOrMergeTransaction:1455 android.view.SurfaceView.-$$Nest$mapplyOrMergeTransaction:0 android.view.SurfaceView$SurfaceViewPositionUpdateListener.positionChanged:1537 
10-16 17:35:52.543 15475 15555 I ViewRootImpl@6dcaa2e[MainActivity]: mWNT: t=0x7b68c55700 mBlastBufferQueue=0x7b5d441400 fn= 760 caller= android.view.ViewRootImpl.lambda$applyTransactionOnDraw$11$android-view-ViewRootImpl:12865 android.view.ViewRootImpl$$ExternalSyntheticLambda1.onFrameDraw:4 android.graphics.HardwareRenderer$FrameDrawingCallback.onFrameDraw:924 
10-16 17:35:52.549 15475 15475 I SurfaceView@777fedf: Changes: creating=false format=false size=false visible=false alpha=false hint=false mUseAlpha=false visible=false left=false top=true
10-16 17:35:52.550 15475 15475 I SurfaceView@777fedf: 125304543 Cur surface: Surface(name=null)/@0x6f99cda
10-16 17:35:52.550 15475 15475 I SurfaceView@777fedf: applyTransactionOnVriDraw: vri = ViewRootImpl@6dcaa2e[MainActivity] fRS = false t = 0x7b68c55900 android.view.SurfaceView.performSurfaceTransaction:959 android.view.SurfaceView.updateSurface:1105 android.view.SurfaceView.lambda$new$0$android-view-SurfaceView:200 
10-16 17:35:52.550 15475 15475 I ViewRootImpl@6dcaa2e[MainActivity]: applyTransactionOnDraw: mRemoved = false isHardwareEnabled = true t = 0x7b68c55900android.view.SurfaceView.applyTransactionOnVriDraw:2048 android.view.SurfaceView.performSurfaceTransaction:959 android.view.SurfaceView.updateSurface:1105 android.view.SurfaceView.lambda$new$0$android-view-SurfaceView:200 android.view.SurfaceView$$ExternalSyntheticLambda5.onPreDraw:2 
10-16 17:35:52.550 15475 15475 I SurfaceView@777fedf: updateSurface: mVisible = true mSurface.isValid() = true
10-16 17:35:52.550 15475 15475 I SurfaceView@777fedf: updateSurface: mSurfaceCreated = true surfaceChanged = false visibleChanged = false
10-16 17:35:52.550 15475 15475 V SurfaceView@777fedf: Layout: x=0 y=-483 w=1080 h=525, frame=Rect(0, 0 - 1080, 525)
10-16 17:35:52.558 15475 15554 D SurfaceView@777fedf: updateSurfacePosition RenderWorker, frameNr = 761, position = [0, -483, 1080, 42] surfaceSize = 1080x525
10-16 17:35:52.558 15475 15554 I SurfaceView@777fedf: uSP: rtp = Rect(0, -483 - 1080, 42) rtsw = 1080 rtsh = 525
10-16 17:35:52.558 15475 15554 I SurfaceView@777fedf: onSSPAndSRT: pl = 0 pt = -483 sx = 1.0 sy = 1.0
10-16 17:35:52.559 15475 15554 I SurfaceView@777fedf: aOrMT: ViewRootImpl@6dcaa2e[MainActivity] t = android.view.SurfaceControl$Transaction@97c9439 fN = 761 android.view.SurfaceView.-$$Nest$mapplyOrMergeTransaction:0 android.view.SurfaceView$SurfaceViewPositionUpdateListener.positionChanged:1537 android.graphics.RenderNode$CompositePositionUpdateListener.positionChanged:373 
10-16 17:35:52.559 15475 15554 I ViewRootImpl@6dcaa2e[MainActivity]: mWNT: t=0x7b68ac6900 mBlastBufferQueue=0x7b5d441400 fn= 761 caller= android.view.SurfaceView.applyOrMergeTransaction:1455 android.view.SurfaceView.-$$Nest$mapplyOrMergeTransaction:0 android.view.SurfaceView$SurfaceViewPositionUpdateListener.positionChanged:1537 
10-16 17:35:52.559 15475 15554 I ViewRootImpl@6dcaa2e[MainActivity]: mWNT: t=0x7b68c55900 mBlastBufferQueue=0x7b5d441400 fn= 761 caller= android.view.ViewRootImpl.lambda$applyTransactionOnDraw$11$android-view-ViewRootImpl:12865 android.view.ViewRootImpl$$ExternalSyntheticLambda1.onFrameDraw:4 android.graphics.HardwareRenderer$FrameDrawingCallback.onFrameDraw:924 
10-16 17:35:52.566 15475 15475 I SurfaceView@777fedf: Changes: creating=false format=false size=false visible=false alpha=false hint=false mUseAlpha=false visible=false left=false top=true
10-16 17:35:52.566 15475 15475 I SurfaceView@777fedf: 125304543 Cur surface: Surface(name=null)/@0x6f99cda
10-16 17:35:52.566 15475 15475 I SurfaceView@777fedf: applyTransactionOnVriDraw: vri = ViewRootImpl@6dcaa2e[MainActivity] fRS = false t = 0x7b68c55c00 android.view.SurfaceView.performSurfaceTransaction:959 android.view.SurfaceView.updateSurface:1105 android.view.SurfaceView.lambda$new$0$android-view-SurfaceView:200 
10-16 17:35:52.567 15475 15475 I ViewRootImpl@6dcaa2e[MainActivity]: applyTransactionOnDraw: mRemoved = false isHardwareEnabled = true t = 0x7b68c55c00android.view.SurfaceView.applyTransactionOnVriDraw:2048 android.view.SurfaceView.performSurfaceTransaction:959 android.view.SurfaceView.updateSurface:1105 android.view.SurfaceView.lambda$new$0$android-view-SurfaceView:200 android.view.SurfaceView$$ExternalSyntheticLambda5.onPreDraw:2 
10-16 17:35:52.567 15475 15475 I SurfaceView@777fedf: updateSurface: mVisible = true mSurface.isValid() = true
10-16 17:35:52.567 15475 15475 I SurfaceView@777fedf: updateSurface: mSurfaceCreated = true surfaceChanged = false visibleChanged = false
10-16 17:35:52.567 15475 15475 V SurfaceView@777fedf: Layout: x=0 y=-491 w=1080 h=525, frame=Rect(0, 0 - 1080, 525)
10-16 17:35:52.575 15475 15555 D SurfaceView@777fedf: updateSurfacePosition RenderWorker, frameNr = 762, position = [0, -491, 1080, 34] surfaceSize = 1080x525
10-16 17:35:52.575 15475 15555 I SurfaceView@777fedf: uSP: rtp = Rect(0, -491 - 1080, 34) rtsw = 1080 rtsh = 525
10-16 17:35:52.575 15475 15555 I SurfaceView@777fedf: onSSPAndSRT: pl = 0 pt = -491 sx = 1.0 sy = 1.0
10-16 17:35:52.575 15475 15555 I SurfaceView@777fedf: aOrMT: ViewRootImpl@6dcaa2e[MainActivity] t = android.view.SurfaceControl$Transaction@97c9439 fN = 762 android.view.SurfaceView.-$$Nest$mapplyOrMergeTransaction:0 android.view.SurfaceView$SurfaceViewPositionUpdateListener.positionChanged:1537 android.graphics.RenderNode$CompositePositionUpdateListener.positionChanged:373 
10-16 17:35:52.576 15475 15555 I ViewRootImpl@6dcaa2e[MainActivity]: mWNT: t=0x7b68ac6900 mBlastBufferQueue=0x7b5d441400 fn= 762 caller= android.view.SurfaceView.applyOrMergeTransaction:1455 android.view.SurfaceView.-$$Nest$mapplyOrMergeTransaction:0 android.view.SurfaceView$SurfaceViewPositionUpdateListener.positionChanged:1537 
10-16 17:35:52.576 15475 15555 I ViewRootImpl@6dcaa2e[MainActivity]: mWNT: t=0x7b68c55c00 mBlastBufferQueue=0x7b5d441400 fn= 762 caller= android.view.ViewRootImpl.lambda$applyTransactionOnDraw$11$android-view-ViewRootImpl:12865 android.view.ViewRootImpl$$ExternalSyntheticLambda1.onFrameDraw:4 android.graphics.HardwareRenderer$FrameDrawingCallback.onFrameDraw:924 
10-16 17:35:52.583 15475 15475 I SurfaceView@777fedf: Changes: creating=false format=false size=false visible=false alpha=false hint=false mUseAlpha=false visible=false left=false top=true
10-16 17:35:52.583 15475 15475 I SurfaceView@777fedf: 125304543 Cur surface: Surface(name=null)/@0x6f99cda
10-16 17:35:52.583 15475 15475 I SurfaceView@777fedf: applyTransactionOnVriDraw: vri = ViewRootImpl@6dcaa2e[MainActivity] fRS = false t = 0x7b68c55e00 android.view.SurfaceView.performSurfaceTransaction:959 android.view.SurfaceView.updateSurface:1105 android.view.SurfaceView.lambda$new$0$android-view-SurfaceView:200 
10-16 17:35:52.584 15475 15475 I ViewRootImpl@6dcaa2e[MainActivity]: applyTransactionOnDraw: mRemoved = false isHardwareEnabled = true t = 0x7b68c55e00android.view.SurfaceView.applyTransactionOnVriDraw:2048 android.view.SurfaceView.performSurfaceTransaction:959 android.view.SurfaceView.updateSurface:1105 android.view.SurfaceView.lambda$new$0$android-view-SurfaceView:200 android.view.SurfaceView$$ExternalSyntheticLambda5.onPreDraw:2 
10-16 17:35:52.584 15475 15475 I SurfaceView@777fedf: updateSurface: mVisible = true mSurface.isValid() = true
10-16 17:35:52.584 15475 15475 I SurfaceView@777fedf: updateSurface: mSurfaceCreated = true surfaceChanged = false visibleChanged = false
10-16 17:35:52.584 15475 15475 V SurfaceView@777fedf: Layout: x=0 y=-498 w=1080 h=525, frame=Rect(0, 0 - 1080, 525)
10-16 17:35:52.595 15475 15554 D SurfaceView@777fedf: updateSurfacePosition RenderWorker, frameNr = 763, position = [0, -498, 1080, 27] surfaceSize = 1080x525
10-16 17:35:52.595 15475 15554 I SurfaceView@777fedf: uSP: rtp = Rect(0, -498 - 1080, 27) rtsw = 1080 rtsh = 525
10-16 17:35:52.595 15475 15554 I SurfaceView@777fedf: onSSPAndSRT: pl = 0 pt = -498 sx = 1.0 sy = 1.0
10-16 17:35:52.595 15475 15554 I SurfaceView@777fedf: aOrMT: ViewRootImpl@6dcaa2e[MainActivity] t = android.view.SurfaceControl$Transaction@97c9439 fN = 763 android.view.SurfaceView.-$$Nest$mapplyOrMergeTransaction:0 android.view.SurfaceView$SurfaceViewPositionUpdateListener.positionChanged:1537 android.graphics.RenderNode$CompositePositionUpdateListener.positionChanged:373 
10-16 17:35:52.596 15475 15554 I ViewRootImpl@6dcaa2e[MainActivity]: mWNT: t=0x7b68ac6900 mBlastBufferQueue=0x7b5d441400 fn= 763 caller= android.view.SurfaceView.applyOrMergeTransaction:1455 android.view.SurfaceView.-$$Nest$mapplyOrMergeTransaction:0 android.view.SurfaceView$SurfaceViewPositionUpdateListener.positionChanged:1537 
10-16 17:35:52.596 15475 15554 I ViewRootImpl@6dcaa2e[MainActivity]: mWNT: t=0x7b68c55e00 mBlastBufferQueue=0x7b5d441400 fn= 763 caller= android.view.ViewRootImpl.lambda$applyTransactionOnDraw$11$android-view-ViewRootImpl:12865 android.view.ViewRootImpl$$ExternalSyntheticLambda1.onFrameDraw:4 android.graphics.HardwareRenderer$FrameDrawingCallback.onFrameDraw:924 
10-16 17:35:52.599 15475 15475 I SurfaceView@777fedf: Changes: creating=false format=false size=false visible=false alpha=false hint=false mUseAlpha=false visible=false left=false top=true
10-16 17:35:52.600 15475 15475 I SurfaceView@777fedf: 125304543 Cur surface: Surface(name=null)/@0x6f99cda
10-16 17:35:52.600 15475 15475 I SurfaceView@777fedf: applyTransactionOnVriDraw: vri = ViewRootImpl@6dcaa2e[MainActivity] fRS = false t = 0x7b68cb1000 android.view.SurfaceView.performSurfaceTransaction:959 android.view.SurfaceView.updateSurface:1105 android.view.SurfaceView.lambda$new$0$android-view-SurfaceView:200 
10-16 17:35:52.600 15475 15475 I ViewRootImpl@6dcaa2e[MainActivity]: applyTransactionOnDraw: mRemoved = false isHardwareEnabled = true t = 0x7b68cb1000android.view.SurfaceView.applyTransactionOnVriDraw:2048 android.view.SurfaceView.performSurfaceTransaction:959 android.view.SurfaceView.updateSurface:1105 android.view.SurfaceView.lambda$new$0$android-view-SurfaceView:200 android.view.SurfaceView$$ExternalSyntheticLambda5.onPreDraw:2 
10-16 17:35:52.600 15475 15475 I SurfaceView@777fedf: updateSurface: mVisible = true mSurface.isValid() = true
10-16 17:35:52.600 15475 15475 I SurfaceView@777fedf: updateSurface: mSurfaceCreated = true surfaceChanged = false visibleChanged = false
10-16 17:35:52.600 15475 15475 V SurfaceView@777fedf: Layout: x=0 y=-504 w=1080 h=525, frame=Rect(0, 0 - 1080, 525)
10-16 17:35:52.609 15475 15555 D SurfaceView@777fedf: updateSurfacePosition RenderWorker, frameNr = 764, position = [0, -504, 1080, 21] surfaceSize = 1080x525
10-16 17:35:52.609 15475 15555 I SurfaceView@777fedf: uSP: rtp = Rect(0, -504 - 1080, 21) rtsw = 1080 rtsh = 525
10-16 17:35:52.609 15475 15555 I SurfaceView@777fedf: onSSPAndSRT: pl = 0 pt = -504 sx = 1.0 sy = 1.0
10-16 17:35:52.610 15475 15555 I SurfaceView@777fedf: aOrMT: ViewRootImpl@6dcaa2e[MainActivity] t = android.view.SurfaceControl$Transaction@97c9439 fN = 764 android.view.SurfaceView.-$$Nest$mapplyOrMergeTransaction:0 android.view.SurfaceView$SurfaceViewPositionUpdateListener.positionChanged:1537 android.graphics.RenderNode$CompositePositionUpdateListener.positionChanged:373 
10-16 17:35:52.610 15475 15555 I ViewRootImpl@6dcaa2e[MainActivity]: mWNT: t=0x7b68ac6900 mBlastBufferQueue=0x7b5d441400 fn= 764 caller= android.view.SurfaceView.applyOrMergeTransaction:1455 android.view.SurfaceView.-$$Nest$mapplyOrMergeTransaction:0 android.view.SurfaceView$SurfaceViewPositionUpdateListener.positionChanged:1537 
10-16 17:35:52.611 15475 15555 I ViewRootImpl@6dcaa2e[MainActivity]: mWNT: t=0x7b68cb1000 mBlastBufferQueue=0x7b5d441400 fn= 764 caller= android.view.ViewRootImpl.lambda$applyTransactionOnDraw$11$android-view-ViewRootImpl:12865 android.view.ViewRootImpl$$ExternalSyntheticLambda1.onFrameDraw:4 android.graphics.HardwareRenderer$FrameDrawingCallback.onFrameDraw:924 
10-16 17:35:52.617 15475 15475 I SurfaceView@777fedf: Changes: creating=false format=false size=false visible=false alpha=false hint=false mUseAlpha=false visible=false left=false top=true
10-16 17:35:52.617 15475 15475 I SurfaceView@777fedf: 125304543 Cur surface: Surface(name=null)/@0x6f99cda
10-16 17:35:52.617 15475 15475 I SurfaceView@777fedf: applyTransactionOnVriDraw: vri = ViewRootImpl@6dcaa2e[MainActivity] fRS = false t = 0x7b68cb1200 android.view.SurfaceView.performSurfaceTransaction:959 android.view.SurfaceView.updateSurface:1105 android.view.SurfaceView.lambda$new$0$android-view-SurfaceView:200 
10-16 17:35:52.617 15475 15475 I ViewRootImpl@6dcaa2e[MainActivity]: applyTransactionOnDraw: mRemoved = false isHardwareEnabled = true t = 0x7b68cb1200android.view.SurfaceView.applyTransactionOnVriDraw:2048 android.view.SurfaceView.performSurfaceTransaction:959 android.view.SurfaceView.updateSurface:1105 android.view.SurfaceView.lambda$new$0$android-view-SurfaceView:200 android.view.SurfaceView$$ExternalSyntheticLambda5.onPreDraw:2 
10-16 17:35:52.617 15475 15475 I SurfaceView@777fedf: updateSurface: mVisible = true mSurface.isValid() = true
10-16 17:35:52.617 15475 15475 I SurfaceView@777fedf: updateSurface: mSurfaceCreated = true surfaceChanged = false visibleChanged = false
10-16 17:35:52.617 15475 15475 V SurfaceView@777fedf: Layout: x=0 y=-507 w=1080 h=525, frame=Rect(0, 0 - 1080, 525)
10-16 17:35:52.626 15475 15554 D SurfaceView@777fedf: updateSurfacePosition RenderWorker, frameNr = 765, position = [0, -507, 1080, 18] surfaceSize = 1080x525
10-16 17:35:52.626 15475 15554 I SurfaceView@777fedf: uSP: rtp = Rect(0, -507 - 1080, 18) rtsw = 1080 rtsh = 525
10-16 17:35:52.626 15475 15554 I SurfaceView@777fedf: onSSPAndSRT: pl = 0 pt = -507 sx = 1.0 sy = 1.0
10-16 17:35:52.627 15475 15554 I SurfaceView@777fedf: aOrMT: ViewRootImpl@6dcaa2e[MainActivity] t = android.view.SurfaceControl$Transaction@97c9439 fN = 765 android.view.SurfaceView.-$$Nest$mapplyOrMergeTransaction:0 android.view.SurfaceView$SurfaceViewPositionUpdateListener.positionChanged:1537 android.graphics.RenderNode$CompositePositionUpdateListener.positionChanged:373 
10-16 17:35:52.627 15475 15554 I ViewRootImpl@6dcaa2e[MainActivity]: mWNT: t=0x7b68ac6900 mBlastBufferQueue=0x7b5d441400 fn= 765 caller= android.view.SurfaceView.applyOrMergeTransaction:1455 android.view.SurfaceView.-$$Nest$mapplyOrMergeTransaction:0 android.view.SurfaceView$SurfaceViewPositionUpdateListener.positionChanged:1537 
10-16 17:35:52.627 15475 15475 I ViewRootImpl@6dcaa2e[MainActivity]: ViewPostIme pointer 1
10-16 17:35:52.628 15475 15554 I ViewRootImpl@6dcaa2e[MainActivity]: mWNT: t=0x7b68cb1200 mBlastBufferQueue=0x7b5d441400 fn= 765 caller= android.view.ViewRootImpl.lambda$applyTransactionOnDraw$11$android-view-ViewRootImpl:12865 android.view.ViewRootImpl$$ExternalSyntheticLambda1.onFrameDraw:4 android.graphics.HardwareRenderer$FrameDrawingCallback.onFrameDraw:924 
10-16 17:35:52.660 15475 15555 D SurfaceView@777fedf: updateSurfacePosition RenderWorker, frameNr = 767, position = [0, -508, 1080, 17] surfaceSize = 1080x525
10-16 17:35:52.660 15475 15555 I SurfaceView@777fedf: uSP: rtp = Rect(0, -508 - 1080, 17) rtsw = 1080 rtsh = 525
10-16 17:35:52.660 15475 15555 I SurfaceView@777fedf: onSSPAndSRT: pl = 0 pt = -508 sx = 1.0 sy = 1.0
10-16 17:35:52.661 15475 15555 I SurfaceView@777fedf: aOrMT: ViewRootImpl@6dcaa2e[MainActivity] t = android.view.SurfaceControl$Transaction@97c9439 fN = 767 android.view.SurfaceView.-$$Nest$mapplyOrMergeTransaction:0 android.view.SurfaceView$SurfaceViewPositionUpdateListener.positionChanged:1537 android.graphics.RenderNode$CompositePositionUpdateListener.positionChanged:373 
10-16 17:35:52.661 15475 15555 I ViewRootImpl@6dcaa2e[MainActivity]: mWNT: t=0x7b68ac6900 mBlastBufferQueue=0x7b5d441400 fn= 767 caller= android.view.SurfaceView.applyOrMergeTransaction:1455 android.view.SurfaceView.-$$Nest$mapplyOrMergeTransaction:0 android.view.SurfaceView$SurfaceViewPositionUpdateListener.positionChanged:1537 
10-16 17:35:52.667 15475 15475 I SurfaceView@777fedf: Changes: creating=false format=false size=false visible=false alpha=false hint=false mUseAlpha=false visible=false left=false top=true
10-16 17:35:52.667 15475 15475 I SurfaceView@777fedf: 125304543 Cur surface: Surface(name=null)/@0x6f99cda
10-16 17:35:52.667 15475 15475 I SurfaceView@777fedf: applyTransactionOnVriDraw: vri = ViewRootImpl@6dcaa2e[MainActivity] fRS = false t = 0x7b68cb1400 android.view.SurfaceView.performSurfaceTransaction:959 android.view.SurfaceView.updateSurface:1105 android.view.SurfaceView.lambda$new$0$android-view-SurfaceView:200 
10-16 17:35:52.668 15475 15475 I ViewRootImpl@6dcaa2e[MainActivity]: applyTransactionOnDraw: mRemoved = false isHardwareEnabled = true t = 0x7b68cb1400android.view.SurfaceView.applyTransactionOnVriDraw:2048 android.view.SurfaceView.performSurfaceTransaction:959 android.view.SurfaceView.updateSurface:1105 android.view.SurfaceView.lambda$new$0$android-view-SurfaceView:200 android.view.SurfaceView$$ExternalSyntheticLambda5.onPreDraw:2 
10-16 17:35:52.668 15475 15475 I SurfaceView@777fedf: updateSurface: mVisible = true mSurface.isValid() = true
10-16 17:35:52.668 15475 15475 I SurfaceView@777fedf: updateSurface: mSurfaceCreated = true surfaceChanged = false visibleChanged = false
10-16 17:35:52.668 15475 15475 V SurfaceView@777fedf: Layout: x=0 y=-508 w=1080 h=525, frame=Rect(0, 0 - 1080, 525)
10-16 17:35:52.679 15475 15554 D SurfaceView@777fedf: updateSurfacePosition RenderWorker, frameNr = 768, position = [0, -510, 1080, 15] surfaceSize = 1080x525
10-16 17:35:52.679 15475 15554 I SurfaceView@777fedf: uSP: rtp = Rect(0, -510 - 1080, 15) rtsw = 1080 rtsh = 525
10-16 17:35:52.679 15475 15554 I SurfaceView@777fedf: onSSPAndSRT: pl = 0 pt = -510 sx = 1.0 sy = 1.0
10-16 17:35:52.679 15475 15554 I SurfaceView@777fedf: aOrMT: ViewRootImpl@6dcaa2e[MainActivity] t = android.view.SurfaceControl$Transaction@97c9439 fN = 768 android.view.SurfaceView.-$$Nest$mapplyOrMergeTransaction:0 android.view.SurfaceView$SurfaceViewPositionUpdateListener.positionChanged:1537 android.graphics.RenderNode$CompositePositionUpdateListener.positionChanged:373 
10-16 17:35:52.680 15475 15554 I ViewRootImpl@6dcaa2e[MainActivity]: mWNT: t=0x7b68ac6900 mBlastBufferQueue=0x7b5d441400 fn= 768 caller= android.view.SurfaceView.applyOrMergeTransaction:1455 android.view.SurfaceView.-$$Nest$mapplyOrMergeTransaction:0 android.view.SurfaceView$SurfaceViewPositionUpdateListener.positionChanged:1537 
10-16 17:35:52.680 15475 15554 I ViewRootImpl@6dcaa2e[MainActivity]: mWNT: t=0x7b68cb1400 mBlastBufferQueue=0x7b5d441400 fn= 768 caller= android.view.ViewRootImpl.lambda$applyTransactionOnDraw$11$android-view-ViewRootImpl:12865 android.view.ViewRootImpl$$ExternalSyntheticLambda1.onFrameDraw:4 android.graphics.HardwareRenderer$FrameDrawingCallback.onFrameDraw:924 
10-16 17:35:52.684 15475 15475 I SurfaceView@777fedf: Changes: creating=false format=false size=false visible=false alpha=false hint=false mUseAlpha=false visible=false left=false top=true
10-16 17:35:52.684 15475 15475 I SurfaceView@777fedf: 125304543 Cur surface: Surface(name=null)/@0x6f99cda
10-16 17:35:52.684 15475 15475 I SurfaceView@777fedf: applyTransactionOnVriDraw: vri = ViewRootImpl@6dcaa2e[MainActivity] fRS = false t = 0x7b68cb1700 android.view.SurfaceView.performSurfaceTransaction:959 android.view.SurfaceView.updateSurface:1105 android.view.SurfaceView.lambda$new$0$android-view-SurfaceView:200 
10-16 17:35:52.685 15475 15475 I ViewRootImpl@6dcaa2e[MainActivity]: applyTransactionOnDraw: mRemoved = false isHardwareEnabled = true t = 0x7b68cb1700android.view.SurfaceView.applyTransactionOnVriDraw:2048 android.view.SurfaceView.performSurfaceTransaction:959 android.view.SurfaceView.updateSurface:1105 android.view.SurfaceView.lambda$new$0$android-view-SurfaceView:200 android.view.SurfaceView$$ExternalSyntheticLambda5.onPreDraw:2 
10-16 17:35:52.685 15475 15475 I SurfaceView@777fedf: updateSurface: mVisible = true mSurface.isValid() = true
10-16 17:35:52.685 15475 15475 I SurfaceView@777fedf: updateSurface: mSurfaceCreated = true surfaceChanged = false visibleChanged = false
10-16 17:35:52.685 15475 15475 V SurfaceView@777fedf: Layout: x=0 y=-510 w=1080 h=525, frame=Rect(0, 0 - 1080, 525)
10-16 17:35:52.692 15475 15555 D SurfaceView@777fedf: updateSurfacePosition RenderWorker, frameNr = 769, position = [0, -511, 1080, 14] surfaceSize = 1080x525
10-16 17:35:52.693 15475 15555 I SurfaceView@777fedf: uSP: rtp = Rect(0, -511 - 1080, 14) rtsw = 1080 rtsh = 525
10-16 17:35:52.693 15475 15555 I SurfaceView@777fedf: onSSPAndSRT: pl = 0 pt = -511 sx = 1.0 sy = 1.0
10-16 17:35:52.693 15475 15555 I SurfaceView@777fedf: aOrMT: ViewRootImpl@6dcaa2e[MainActivity] t = android.view.SurfaceControl$Transaction@97c9439 fN = 769 android.view.SurfaceView.-$$Nest$mapplyOrMergeTransaction:0 android.view.SurfaceView$SurfaceViewPositionUpdateListener.positionChanged:1537 android.graphics.RenderNode$CompositePositionUpdateListener.positionChanged:373 
10-16 17:35:52.693 15475 15555 I ViewRootImpl@6dcaa2e[MainActivity]: mWNT: t=0x7b68ac6900 mBlastBufferQueue=0x7b5d441400 fn= 769 caller= android.view.SurfaceView.applyOrMergeTransaction:1455 android.view.SurfaceView.-$$Nest$mapplyOrMergeTransaction:0 android.view.SurfaceView$SurfaceViewPositionUpdateListener.positionChanged:1537 
10-16 17:35:52.693 15475 15555 I ViewRootImpl@6dcaa2e[MainActivity]: mWNT: t=0x7b68cb1700 mBlastBufferQueue=0x7b5d441400 fn= 769 caller= android.view.ViewRootImpl.lambda$applyTransactionOnDraw$11$android-view-ViewRootImpl:12865 android.view.ViewRootImpl$$ExternalSyntheticLambda1.onFrameDraw:4 android.graphics.HardwareRenderer$FrameDrawingCallback.onFrameDraw:924 
10-16 17:35:52.700 15475 15475 I SurfaceView@777fedf: Changes: creating=false format=false size=false visible=false alpha=false hint=false mUseAlpha=false visible=false left=false top=true
10-16 17:35:52.700 15475 15475 I SurfaceView@777fedf: 125304543 Cur surface: Surface(name=null)/@0x6f99cda
10-16 17:35:52.701 15475 15475 I SurfaceView@777fedf: applyTransactionOnVriDraw: vri = ViewRootImpl@6dcaa2e[MainActivity] fRS = false t = 0x7b68cb1800 android.view.SurfaceView.performSurfaceTransaction:959 android.view.SurfaceView.updateSurface:1105 android.view.SurfaceView.lambda$new$0$android-view-SurfaceView:200 
