10-16 17:15:41.960 10523 10602 I ViewRootImpl@562a9cf[MainActivity]: mWNT: t=0x7b1a6f2d00 mBlastBufferQueue=0x7b5c134500 fn= 825 caller= android.view.ViewRootImpl.lambda$applyTransactionOnDraw$11$android-view-ViewRootImpl:12865 android.view.ViewRootImpl$$ExternalSyntheticLambda1.onFrameDraw:4 android.graphics.HardwareRenderer$FrameDrawingCallback.onFrameDraw:924 
10-16 17:15:41.963 10523 10523 I SurfaceView@11e9862: Changes: creating=false format=false size=false visible=false alpha=false hint=false mUseAlpha=false visible=false left=false top=true
10-16 17:15:41.964 10523 10523 I SurfaceView@11e9862: 18782306 Cur surface: Surface(name=null)/@0x7ae34fe
10-16 17:15:41.964 10523 10523 I SurfaceView@11e9862: applyTransactionOnVriDraw: vri = ViewRootImpl@562a9cf[MainActivity] fRS = false t = 0x7b1a6f2f00 android.view.SurfaceView.performSurfaceTransaction:959 android.view.SurfaceView.updateSurface:1105 android.view.SurfaceView.lambda$new$0$android-view-SurfaceView:200 
10-16 17:15:41.964 10523 10523 I ViewRootImpl@562a9cf[MainActivity]: applyTransactionOnDraw: mRemoved = false isHardwareEnabled = true t = 0x7b1a6f2f00android.view.SurfaceView.applyTransactionOnVriDraw:2048 android.view.SurfaceView.performSurfaceTransaction:959 android.view.SurfaceView.updateSurface:1105 android.view.SurfaceView.lambda$new$0$android-view-SurfaceView:200 android.view.SurfaceView$$ExternalSyntheticLambda5.onPreDraw:2 
10-16 17:15:41.964 10523 10523 I SurfaceView@11e9862: updateSurface: mVisible = true mSurface.isValid() = true
10-16 17:15:41.964 10523 10523 I SurfaceView@11e9862: updateSurface: mSurfaceCreated = true surfaceChanged = false visibleChanged = false
10-16 17:15:41.964 10523 10523 V SurfaceView@11e9862: Layout: x=0 y=-198 w=1080 h=525, frame=Rect(0, 0 - 1080, 525)
10-16 17:15:41.971 10523 10603 D SurfaceView@11e9862: updateSurfacePosition RenderWorker, frameNr = 826, position = [0, -198, 1080, 327] surfaceSize = 1080x525
10-16 17:15:41.971 10523 10603 I SurfaceView@11e9862: uSP: rtp = Rect(0, -198 - 1080, 327) rtsw = 1080 rtsh = 525
10-16 17:15:41.971 10523 10603 I SurfaceView@11e9862: onSSPAndSRT: pl = 0 pt = -198 sx = 1.0 sy = 1.0
10-16 17:15:41.972 10523 10603 I SurfaceView@11e9862: aOrMT: ViewRootImpl@562a9cf[MainActivity] t = android.view.SurfaceControl$Transaction@a8e8962 fN = 826 android.view.SurfaceView.-$$Nest$mapplyOrMergeTransaction:0 android.view.SurfaceView$SurfaceViewPositionUpdateListener.positionChanged:1537 android.graphics.RenderNode$CompositePositionUpdateListener.positionChanged:373 
10-16 17:15:41.972 10523 10603 I ViewRootImpl@562a9cf[MainActivity]: mWNT: t=0x7b1a5b9500 mBlastBufferQueue=0x7b5c134500 fn= 826 caller= android.view.SurfaceView.applyOrMergeTransaction:1455 android.view.SurfaceView.-$$Nest$mapplyOrMergeTransaction:0 android.view.SurfaceView$SurfaceViewPositionUpdateListener.positionChanged:1537 
10-16 17:15:41.973 10523 10603 I ViewRootImpl@562a9cf[MainActivity]: mWNT: t=0x7b1a6f2f00 mBlastBufferQueue=0x7b5c134500 fn= 826 caller= android.view.ViewRootImpl.lambda$applyTransactionOnDraw$11$android-view-ViewRootImpl:12865 android.view.ViewRootImpl$$ExternalSyntheticLambda1.onFrameDraw:4 android.graphics.HardwareRenderer$FrameDrawingCallback.onFrameDraw:924 
10-16 17:15:41.975 10523 10523 I SurfaceView@11e9862: Changes: creating=false format=false size=false visible=false alpha=false hint=false mUseAlpha=false visible=false left=false top=true
10-16 17:15:41.975 10523 10523 I SurfaceView@11e9862: 18782306 Cur surface: Surface(name=null)/@0x7ae34fe
10-16 17:15:41.976 10523 10523 I SurfaceView@11e9862: applyTransactionOnVriDraw: vri = ViewRootImpl@562a9cf[MainActivity] fRS = false t = 0x7b1a70d100 android.view.SurfaceView.performSurfaceTransaction:959 android.view.SurfaceView.updateSurface:1105 android.view.SurfaceView.lambda$new$0$android-view-SurfaceView:200 
10-16 17:15:41.976 10523 10523 I ViewRootImpl@562a9cf[MainActivity]: applyTransactionOnDraw: mRemoved = false isHardwareEnabled = true t = 0x7b1a70d100android.view.SurfaceView.applyTransactionOnVriDraw:2048 android.view.SurfaceView.performSurfaceTransaction:959 android.view.SurfaceView.updateSurface:1105 android.view.SurfaceView.lambda$new$0$android-view-SurfaceView:200 android.view.SurfaceView$$ExternalSyntheticLambda5.onPreDraw:2 
10-16 17:15:41.976 10523 10523 I SurfaceView@11e9862: updateSurface: mVisible = true mSurface.isValid() = true
10-16 17:15:41.976 10523 10523 I SurfaceView@11e9862: updateSurface: mSurfaceCreated = true surfaceChanged = false visibleChanged = false
10-16 17:15:41.976 10523 10523 V SurfaceView@11e9862: Layout: x=0 y=-245 w=1080 h=525, frame=Rect(0, 0 - 1080, 525)
10-16 17:15:41.988 10523 10602 D SurfaceView@11e9862: updateSurfacePosition RenderWorker, frameNr = 827, position = [0, -245, 1080, 280] surfaceSize = 1080x525
10-16 17:15:41.989 10523 10602 I SurfaceView@11e9862: uSP: rtp = Rect(0, -245 - 1080, 280) rtsw = 1080 rtsh = 525
10-16 17:15:41.989 10523 10602 I SurfaceView@11e9862: onSSPAndSRT: pl = 0 pt = -245 sx = 1.0 sy = 1.0
10-16 17:15:41.989 10523 10602 I SurfaceView@11e9862: aOrMT: ViewRootImpl@562a9cf[MainActivity] t = android.view.SurfaceControl$Transaction@a8e8962 fN = 827 android.view.SurfaceView.-$$Nest$mapplyOrMergeTransaction:0 android.view.SurfaceView$SurfaceViewPositionUpdateListener.positionChanged:1537 android.graphics.RenderNode$CompositePositionUpdateListener.positionChanged:373 
10-16 17:15:41.990 10523 10602 I ViewRootImpl@562a9cf[MainActivity]: mWNT: t=0x7b1a5b9500 mBlastBufferQueue=0x7b5c134500 fn= 827 caller= android.view.SurfaceView.applyOrMergeTransaction:1455 android.view.SurfaceView.-$$Nest$mapplyOrMergeTransaction:0 android.view.SurfaceView$SurfaceViewPositionUpdateListener.positionChanged:1537 
10-16 17:15:41.991 10523 10602 I ViewRootImpl@562a9cf[MainActivity]: mWNT: t=0x7b1a70d100 mBlastBufferQueue=0x7b5c134500 fn= 827 caller= android.view.ViewRootImpl.lambda$applyTransactionOnDraw$11$android-view-ViewRootImpl:12865 android.view.ViewRootImpl$$ExternalSyntheticLambda1.onFrameDraw:4 android.graphics.HardwareRenderer$FrameDrawingCallback.onFrameDraw:924 
10-16 17:15:41.993 10523 10523 I SurfaceView@11e9862: Changes: creating=false format=false size=false visible=false alpha=false hint=false mUseAlpha=false visible=false left=false top=true
10-16 17:15:41.993 10523 10523 I SurfaceView@11e9862: 18782306 Cur surface: Surface(name=null)/@0x7ae34fe
10-16 17:15:41.993 10523 10523 I SurfaceView@11e9862: applyTransactionOnVriDraw: vri = ViewRootImpl@562a9cf[MainActivity] fRS = false t = 0x7b1a70d300 android.view.SurfaceView.performSurfaceTransaction:959 android.view.SurfaceView.updateSurface:1105 android.view.SurfaceView.lambda$new$0$android-view-SurfaceView:200 
10-16 17:15:41.994 10523 10523 I ViewRootImpl@562a9cf[MainActivity]: applyTransactionOnDraw: mRemoved = false isHardwareEnabled = true t = 0x7b1a70d300android.view.SurfaceView.applyTransactionOnVriDraw:2048 android.view.SurfaceView.performSurfaceTransaction:959 android.view.SurfaceView.updateSurface:1105 android.view.SurfaceView.lambda$new$0$android-view-SurfaceView:200 android.view.SurfaceView$$ExternalSyntheticLambda5.onPreDraw:2 
10-16 17:15:41.994 10523 10523 I SurfaceView@11e9862: updateSurface: mVisible = true mSurface.isValid() = true
10-16 17:15:41.994 10523 10523 I SurfaceView@11e9862: updateSurface: mSurfaceCreated = true surfaceChanged = false visibleChanged = false
10-16 17:15:41.994 10523 10523 V SurfaceView@11e9862: Layout: x=0 y=-285 w=1080 h=525, frame=Rect(0, 0 - 1080, 525)
10-16 17:15:42.005 10523 10603 D SurfaceView@11e9862: updateSurfacePosition RenderWorker, frameNr = 828, position = [0, -285, 1080, 240] surfaceSize = 1080x525
10-16 17:15:42.005 10523 10603 I SurfaceView@11e9862: uSP: rtp = Rect(0, -285 - 1080, 240) rtsw = 1080 rtsh = 525
10-16 17:15:42.005 10523 10603 I SurfaceView@11e9862: onSSPAndSRT: pl = 0 pt = -285 sx = 1.0 sy = 1.0
10-16 17:15:42.006 10523 10603 I SurfaceView@11e9862: aOrMT: ViewRootImpl@562a9cf[MainActivity] t = android.view.SurfaceControl$Transaction@a8e8962 fN = 828 android.view.SurfaceView.-$$Nest$mapplyOrMergeTransaction:0 android.view.SurfaceView$SurfaceViewPositionUpdateListener.positionChanged:1537 android.graphics.RenderNode$CompositePositionUpdateListener.positionChanged:373 
10-16 17:15:42.007 10523 10603 I ViewRootImpl@562a9cf[MainActivity]: mWNT: t=0x7b1a5b9500 mBlastBufferQueue=0x7b5c134500 fn= 828 caller= android.view.SurfaceView.applyOrMergeTransaction:1455 android.view.SurfaceView.-$$Nest$mapplyOrMergeTransaction:0 android.view.SurfaceView$SurfaceViewPositionUpdateListener.positionChanged:1537 
10-16 17:15:42.007 10523 10603 I ViewRootImpl@562a9cf[MainActivity]: mWNT: t=0x7b1a70d300 mBlastBufferQueue=0x7b5c134500 fn= 828 caller= android.view.ViewRootImpl.lambda$applyTransactionOnDraw$11$android-view-ViewRootImpl:12865 android.view.ViewRootImpl$$ExternalSyntheticLambda1.onFrameDraw:4 android.graphics.HardwareRenderer$FrameDrawingCallback.onFrameDraw:924 
10-16 17:15:42.009 10523 10523 I SurfaceView@11e9862: Changes: creating=false format=false size=false visible=false alpha=false hint=false mUseAlpha=false visible=false left=false top=true
10-16 17:15:42.009 10523 10523 I SurfaceView@11e9862: 18782306 Cur surface: Surface(name=null)/@0x7ae34fe
10-16 17:15:42.010 10523 10523 I SurfaceView@11e9862: applyTransactionOnVriDraw: vri = ViewRootImpl@562a9cf[MainActivity] fRS = false t = 0x7b1a70d500 android.view.SurfaceView.performSurfaceTransaction:959 android.view.SurfaceView.updateSurface:1105 android.view.SurfaceView.lambda$new$0$android-view-SurfaceView:200 
10-16 17:15:42.010 10523 10523 I ViewRootImpl@562a9cf[MainActivity]: applyTransactionOnDraw: mRemoved = false isHardwareEnabled = true t = 0x7b1a70d500android.view.SurfaceView.applyTransactionOnVriDraw:2048 android.view.SurfaceView.performSurfaceTransaction:959 android.view.SurfaceView.updateSurface:1105 android.view.SurfaceView.lambda$new$0$android-view-SurfaceView:200 android.view.SurfaceView$$ExternalSyntheticLambda5.onPreDraw:2 
10-16 17:15:42.010 10523 10523 I SurfaceView@11e9862: updateSurface: mVisible = true mSurface.isValid() = true
10-16 17:15:42.010 10523 10523 I SurfaceView@11e9862: updateSurface: mSurfaceCreated = true surfaceChanged = false visibleChanged = false
10-16 17:15:42.010 10523 10523 V SurfaceView@11e9862: Layout: x=0 y=-320 w=1080 h=525, frame=Rect(0, 0 - 1080, 525)
10-16 17:15:42.023 10523 10602 D SurfaceView@11e9862: updateSurfacePosition RenderWorker, frameNr = 829, position = [0, -320, 1080, 205] surfaceSize = 1080x525
10-16 17:15:42.023 10523 10602 I SurfaceView@11e9862: uSP: rtp = Rect(0, -320 - 1080, 205) rtsw = 1080 rtsh = 525
10-16 17:15:42.023 10523 10602 I SurfaceView@11e9862: onSSPAndSRT: pl = 0 pt = -320 sx = 1.0 sy = 1.0
10-16 17:15:42.023 10523 10602 I SurfaceView@11e9862: aOrMT: ViewRootImpl@562a9cf[MainActivity] t = android.view.SurfaceControl$Transaction@a8e8962 fN = 829 android.view.SurfaceView.-$$Nest$mapplyOrMergeTransaction:0 android.view.SurfaceView$SurfaceViewPositionUpdateListener.positionChanged:1537 android.graphics.RenderNode$CompositePositionUpdateListener.positionChanged:373 
10-16 17:15:42.024 10523 10602 I ViewRootImpl@562a9cf[MainActivity]: mWNT: t=0x7b1a5b9500 mBlastBufferQueue=0x7b5c134500 fn= 829 caller= android.view.SurfaceView.applyOrMergeTransaction:1455 android.view.SurfaceView.-$$Nest$mapplyOrMergeTransaction:0 android.view.SurfaceView$SurfaceViewPositionUpdateListener.positionChanged:1537 
10-16 17:15:42.024 10523 10602 I ViewRootImpl@562a9cf[MainActivity]: mWNT: t=0x7b1a70d500 mBlastBufferQueue=0x7b5c134500 fn= 829 caller= android.view.ViewRootImpl.lambda$applyTransactionOnDraw$11$android-view-ViewRootImpl:12865 android.view.ViewRootImpl$$ExternalSyntheticLambda1.onFrameDraw:4 android.graphics.HardwareRenderer$FrameDrawingCallback.onFrameDraw:924 
10-16 17:15:42.027 10523 10523 I SurfaceView@11e9862: Changes: creating=false format=false size=false visible=false alpha=false hint=false mUseAlpha=false visible=false left=false top=true
10-16 17:15:42.027 10523 10523 I SurfaceView@11e9862: 18782306 Cur surface: Surface(name=null)/@0x7ae34fe
10-16 17:15:42.028 10523 10523 I SurfaceView@11e9862: applyTransactionOnVriDraw: vri = ViewRootImpl@562a9cf[MainActivity] fRS = false t = 0x7b1a70d600 android.view.SurfaceView.performSurfaceTransaction:959 android.view.SurfaceView.updateSurface:1105 android.view.SurfaceView.lambda$new$0$android-view-SurfaceView:200 
10-16 17:15:42.028 10523 10523 I ViewRootImpl@562a9cf[MainActivity]: applyTransactionOnDraw: mRemoved = false isHardwareEnabled = true t = 0x7b1a70d600android.view.SurfaceView.applyTransactionOnVriDraw:2048 android.view.SurfaceView.performSurfaceTransaction:959 android.view.SurfaceView.updateSurface:1105 android.view.SurfaceView.lambda$new$0$android-view-SurfaceView:200 android.view.SurfaceView$$ExternalSyntheticLambda5.onPreDraw:2 
10-16 17:15:42.028 10523 10523 I SurfaceView@11e9862: updateSurface: mVisible = true mSurface.isValid() = true
10-16 17:15:42.028 10523 10523 I SurfaceView@11e9862: updateSurface: mSurfaceCreated = true surfaceChanged = false visibleChanged = false
10-16 17:15:42.028 10523 10523 V SurfaceView@11e9862: Layout: x=0 y=-351 w=1080 h=525, frame=Rect(0, 0 - 1080, 525)
10-16 17:15:42.040 10523 10603 D SurfaceView@11e9862: updateSurfacePosition RenderWorker, frameNr = 830, position = [0, -351, 1080, 174] surfaceSize = 1080x525
10-16 17:15:42.040 10523 10603 I SurfaceView@11e9862: uSP: rtp = Rect(0, -351 - 1080, 174) rtsw = 1080 rtsh = 525
10-16 17:15:42.040 10523 10603 I SurfaceView@11e9862: onSSPAndSRT: pl = 0 pt = -351 sx = 1.0 sy = 1.0
10-16 17:15:42.040 10523 10603 I SurfaceView@11e9862: aOrMT: ViewRootImpl@562a9cf[MainActivity] t = android.view.SurfaceControl$Transaction@a8e8962 fN = 830 android.view.SurfaceView.-$$Nest$mapplyOrMergeTransaction:0 android.view.SurfaceView$SurfaceViewPositionUpdateListener.positionChanged:1537 android.graphics.RenderNode$CompositePositionUpdateListener.positionChanged:373 
10-16 17:15:42.041 10523 10603 I ViewRootImpl@562a9cf[MainActivity]: mWNT: t=0x7b1a5b9500 mBlastBufferQueue=0x7b5c134500 fn= 830 caller= android.view.SurfaceView.applyOrMergeTransaction:1455 android.view.SurfaceView.-$$Nest$mapplyOrMergeTransaction:0 android.view.SurfaceView$SurfaceViewPositionUpdateListener.positionChanged:1537 
10-16 17:15:42.041 10523 10603 I ViewRootImpl@562a9cf[MainActivity]: mWNT: t=0x7b1a70d600 mBlastBufferQueue=0x7b5c134500 fn= 830 caller= android.view.ViewRootImpl.lambda$applyTransactionOnDraw$11$android-view-ViewRootImpl:12865 android.view.ViewRootImpl$$ExternalSyntheticLambda1.onFrameDraw:4 android.graphics.HardwareRenderer$FrameDrawingCallback.onFrameDraw:924 
10-16 17:15:42.044 10523 10523 I SurfaceView@11e9862: Changes: creating=false format=false size=false visible=false alpha=false hint=false mUseAlpha=false visible=false left=false top=true
10-16 17:15:42.044 10523 10523 I SurfaceView@11e9862: 18782306 Cur surface: Surface(name=null)/@0x7ae34fe
10-16 17:15:42.044 10523 10523 I SurfaceView@11e9862: applyTransactionOnVriDraw: vri = ViewRootImpl@562a9cf[MainActivity] fRS = false t = 0x7b1a70d700 android.view.SurfaceView.performSurfaceTransaction:959 android.view.SurfaceView.updateSurface:1105 android.view.SurfaceView.lambda$new$0$android-view-SurfaceView:200 
10-16 17:15:42.044 10523 10523 I ViewRootImpl@562a9cf[MainActivity]: applyTransactionOnDraw: mRemoved = false isHardwareEnabled = true t = 0x7b1a70d700android.view.SurfaceView.applyTransactionOnVriDraw:2048 android.view.SurfaceView.performSurfaceTransaction:959 android.view.SurfaceView.updateSurface:1105 android.view.SurfaceView.lambda$new$0$android-view-SurfaceView:200 android.view.SurfaceView$$ExternalSyntheticLambda5.onPreDraw:2 
10-16 17:15:42.045 10523 10523 I SurfaceView@11e9862: updateSurface: mVisible = true mSurface.isValid() = true
10-16 17:15:42.045 10523 10523 I SurfaceView@11e9862: updateSurface: mSurfaceCreated = true surfaceChanged = false visibleChanged = false
10-16 17:15:42.045 10523 10523 V SurfaceView@11e9862: Layout: x=0 y=-378 w=1080 h=525, frame=Rect(0, 0 - 1080, 525)
10-16 17:15:42.055 10523 10602 D SurfaceView@11e9862: updateSurfacePosition RenderWorker, frameNr = 831, position = [0, -378, 1080, 147] surfaceSize = 1080x525
10-16 17:15:42.055 10523 10602 I SurfaceView@11e9862: uSP: rtp = Rect(0, -378 - 1080, 147) rtsw = 1080 rtsh = 525
10-16 17:15:42.055 10523 10602 I SurfaceView@11e9862: onSSPAndSRT: pl = 0 pt = -378 sx = 1.0 sy = 1.0
10-16 17:15:42.056 10523 10602 I SurfaceView@11e9862: aOrMT: ViewRootImpl@562a9cf[MainActivity] t = android.view.SurfaceControl$Transaction@a8e8962 fN = 831 android.view.SurfaceView.-$$Nest$mapplyOrMergeTransaction:0 android.view.SurfaceView$SurfaceViewPositionUpdateListener.positionChanged:1537 android.graphics.RenderNode$CompositePositionUpdateListener.positionChanged:373 
10-16 17:15:42.057 10523 10602 I ViewRootImpl@562a9cf[MainActivity]: mWNT: t=0x7b1a5b9500 mBlastBufferQueue=0x7b5c134500 fn= 831 caller= android.view.SurfaceView.applyOrMergeTransaction:1455 android.view.SurfaceView.-$$Nest$mapplyOrMergeTransaction:0 android.view.SurfaceView$SurfaceViewPositionUpdateListener.positionChanged:1537 
10-16 17:15:42.057 10523 10602 I ViewRootImpl@562a9cf[MainActivity]: mWNT: t=0x7b1a70d700 mBlastBufferQueue=0x7b5c134500 fn= 831 caller= android.view.ViewRootImpl.lambda$applyTransactionOnDraw$11$android-view-ViewRootImpl:12865 android.view.ViewRootImpl$$ExternalSyntheticLambda1.onFrameDraw:4 android.graphics.HardwareRenderer$FrameDrawingCallback.onFrameDraw:924 
10-16 17:15:42.060 10523 10523 I SurfaceView@11e9862: Changes: creating=false format=false size=false visible=false alpha=false hint=false mUseAlpha=false visible=false left=false top=true
10-16 17:15:42.060 10523 10523 I SurfaceView@11e9862: 18782306 Cur surface: Surface(name=null)/@0x7ae34fe
10-16 17:15:42.061 10523 10523 I SurfaceView@11e9862: applyTransactionOnVriDraw: vri = ViewRootImpl@562a9cf[MainActivity] fRS = false t = 0x7b1a70d800 android.view.SurfaceView.performSurfaceTransaction:959 android.view.SurfaceView.updateSurface:1105 android.view.SurfaceView.lambda$new$0$android-view-SurfaceView:200 
10-16 17:15:42.061 10523 10523 I ViewRootImpl@562a9cf[MainActivity]: applyTransactionOnDraw: mRemoved = false isHardwareEnabled = true t = 0x7b1a70d800android.view.SurfaceView.applyTransactionOnVriDraw:2048 android.view.SurfaceView.performSurfaceTransaction:959 android.view.SurfaceView.updateSurface:1105 android.view.SurfaceView.lambda$new$0$android-view-SurfaceView:200 android.view.SurfaceView$$ExternalSyntheticLambda5.onPreDraw:2 
10-16 17:15:42.061 10523 10523 I SurfaceView@11e9862: updateSurface: mVisible = true mSurface.isValid() = true
10-16 17:15:42.061 10523 10523 I SurfaceView@11e9862: updateSurface: mSurfaceCreated = true surfaceChanged = false visibleChanged = false
10-16 17:15:42.061 10523 10523 V SurfaceView@11e9862: Layout: x=0 y=-401 w=1080 h=525, frame=Rect(0, 0 - 1080, 525)
10-16 17:15:42.070 10523 10603 D SurfaceView@11e9862: updateSurfacePosition RenderWorker, frameNr = 832, position = [0, -401, 1080, 124] surfaceSize = 1080x525
10-16 17:15:42.070 10523 10603 I SurfaceView@11e9862: uSP: rtp = Rect(0, -401 - 1080, 124) rtsw = 1080 rtsh = 525
10-16 17:15:42.070 10523 10603 I SurfaceView@11e9862: onSSPAndSRT: pl = 0 pt = -401 sx = 1.0 sy = 1.0
10-16 17:15:42.071 10523 10603 I SurfaceView@11e9862: aOrMT: ViewRootImpl@562a9cf[MainActivity] t = android.view.SurfaceControl$Transaction@a8e8962 fN = 832 android.view.SurfaceView.-$$Nest$mapplyOrMergeTransaction:0 android.view.SurfaceView$SurfaceViewPositionUpdateListener.positionChanged:1537 android.graphics.RenderNode$CompositePositionUpdateListener.positionChanged:373 
10-16 17:15:42.071 10523 10603 I ViewRootImpl@562a9cf[MainActivity]: mWNT: t=0x7b1a5b9500 mBlastBufferQueue=0x7b5c134500 fn= 832 caller= android.view.SurfaceView.applyOrMergeTransaction:1455 android.view.SurfaceView.-$$Nest$mapplyOrMergeTransaction:0 android.view.SurfaceView$SurfaceViewPositionUpdateListener.positionChanged:1537 
10-16 17:15:42.072 10523 10603 I ViewRootImpl@562a9cf[MainActivity]: mWNT: t=0x7b1a70d800 mBlastBufferQueue=0x7b5c134500 fn= 832 caller= android.view.ViewRootImpl.lambda$applyTransactionOnDraw$11$android-view-ViewRootImpl:12865 android.view.ViewRootImpl$$ExternalSyntheticLambda1.onFrameDraw:4 android.graphics.HardwareRenderer$FrameDrawingCallback.onFrameDraw:924 
10-16 17:15:42.074 10523 10523 I SurfaceView@11e9862: Changes: creating=false format=false size=false visible=false alpha=false hint=false mUseAlpha=false visible=false left=false top=true
10-16 17:15:42.074 10523 10523 I SurfaceView@11e9862: 18782306 Cur surface: Surface(name=null)/@0x7ae34fe
10-16 17:15:42.075 10523 10523 I SurfaceView@11e9862: applyTransactionOnVriDraw: vri = ViewRootImpl@562a9cf[MainActivity] fRS = false t = 0x7b1a70d900 android.view.SurfaceView.performSurfaceTransaction:959 android.view.SurfaceView.updateSurface:1105 android.view.SurfaceView.lambda$new$0$android-view-SurfaceView:200 
10-16 17:15:42.075 10523 10523 I ViewRootImpl@562a9cf[MainActivity]: applyTransactionOnDraw: mRemoved = false isHardwareEnabled = true t = 0x7b1a70d900android.view.SurfaceView.applyTransactionOnVriDraw:2048 android.view.SurfaceView.performSurfaceTransaction:959 android.view.SurfaceView.updateSurface:1105 android.view.SurfaceView.lambda$new$0$android-view-SurfaceView:200 android.view.SurfaceView$$ExternalSyntheticLambda5.onPreDraw:2 
10-16 17:15:42.075 10523 10523 I SurfaceView@11e9862: updateSurface: mVisible = true mSurface.isValid() = true
10-16 17:15:42.075 10523 10523 I SurfaceView@11e9862: updateSurface: mSurfaceCreated = true surfaceChanged = false visibleChanged = false
10-16 17:15:42.075 10523 10523 V SurfaceView@11e9862: Layout: x=0 y=-418 w=1080 h=525, frame=Rect(0, 0 - 1080, 525)
10-16 17:15:42.084 10523 10602 D SurfaceView@11e9862: updateSurfacePosition RenderWorker, frameNr = 833, position = [0, -418, 1080, 107] surfaceSize = 1080x525
10-16 17:15:42.084 10523 10602 I SurfaceView@11e9862: uSP: rtp = Rect(0, -418 - 1080, 107) rtsw = 1080 rtsh = 525
10-16 17:15:42.084 10523 10602 I SurfaceView@11e9862: onSSPAndSRT: pl = 0 pt = -418 sx = 1.0 sy = 1.0
10-16 17:15:42.085 10523 10602 I SurfaceView@11e9862: aOrMT: ViewRootImpl@562a9cf[MainActivity] t = android.view.SurfaceControl$Transaction@a8e8962 fN = 833 android.view.SurfaceView.-$$Nest$mapplyOrMergeTransaction:0 android.view.SurfaceView$SurfaceViewPositionUpdateListener.positionChanged:1537 android.graphics.RenderNode$CompositePositionUpdateListener.positionChanged:373 
10-16 17:15:42.085 10523 10602 I ViewRootImpl@562a9cf[MainActivity]: mWNT: t=0x7b1a5b9500 mBlastBufferQueue=0x7b5c134500 fn= 833 caller= android.view.SurfaceView.applyOrMergeTransaction:1455 android.view.SurfaceView.-$$Nest$mapplyOrMergeTransaction:0 android.view.SurfaceView$SurfaceViewPositionUpdateListener.positionChanged:1537 
10-16 17:15:42.085 10523 10602 I ViewRootImpl@562a9cf[MainActivity]: mWNT: t=0x7b1a70d900 mBlastBufferQueue=0x7b5c134500 fn= 833 caller= android.view.ViewRootImpl.lambda$applyTransactionOnDraw$11$android-view-ViewRootImpl:12865 android.view.ViewRootImpl$$ExternalSyntheticLambda1.onFrameDraw:4 android.graphics.HardwareRenderer$FrameDrawingCallback.onFrameDraw:924 
10-16 17:15:42.091 10523 10523 I SurfaceView@11e9862: Changes: creating=false format=false size=false visible=false alpha=false hint=false mUseAlpha=false visible=false left=false top=true
10-16 17:15:42.091 10523 10523 I SurfaceView@11e9862: 18782306 Cur surface: Surface(name=null)/@0x7ae34fe
10-16 17:15:42.092 10523 10523 I SurfaceView@11e9862: applyTransactionOnVriDraw: vri = ViewRootImpl@562a9cf[MainActivity] fRS = false t = 0x7b1a70da00 android.view.SurfaceView.performSurfaceTransaction:959 android.view.SurfaceView.updateSurface:1105 android.view.SurfaceView.lambda$new$0$android-view-SurfaceView:200 
10-16 17:15:42.092 10523 10523 I ViewRootImpl@562a9cf[MainActivity]: applyTransactionOnDraw: mRemoved = false isHardwareEnabled = true t = 0x7b1a70da00android.view.SurfaceView.applyTransactionOnVriDraw:2048 android.view.SurfaceView.performSurfaceTransaction:959 android.view.SurfaceView.updateSurface:1105 android.view.SurfaceView.lambda$new$0$android-view-SurfaceView:200 android.view.SurfaceView$$ExternalSyntheticLambda5.onPreDraw:2 
10-16 17:15:42.092 10523 10523 I SurfaceView@11e9862: updateSurface: mVisible = true mSurface.isValid() = true
10-16 17:15:42.092 10523 10523 I SurfaceView@11e9862: updateSurface: mSurfaceCreated = true surfaceChanged = false visibleChanged = false
10-16 17:15:42.092 10523 10523 V SurfaceView@11e9862: Layout: x=0 y=-427 w=1080 h=525, frame=Rect(0, 0 - 1080, 525)
10-16 17:15:42.101 10523 10603 D SurfaceView@11e9862: updateSurfacePosition RenderWorker, frameNr = 834, position = [0, -427, 1080, 98] surfaceSize = 1080x525
10-16 17:15:42.101 10523 10603 I SurfaceView@11e9862: uSP: rtp = Rect(0, -427 - 1080, 98) rtsw = 1080 rtsh = 525
10-16 17:15:42.101 10523 10603 I SurfaceView@11e9862: onSSPAndSRT: pl = 0 pt = -427 sx = 1.0 sy = 1.0
10-16 17:15:42.101 10523 10603 I SurfaceView@11e9862: aOrMT: ViewRootImpl@562a9cf[MainActivity] t = android.view.SurfaceControl$Transaction@a8e8962 fN = 834 android.view.SurfaceView.-$$Nest$mapplyOrMergeTransaction:0 android.view.SurfaceView$SurfaceViewPositionUpdateListener.positionChanged:1537 android.graphics.RenderNode$CompositePositionUpdateListener.positionChanged:373 
10-16 17:15:42.102 10523 10603 I ViewRootImpl@562a9cf[MainActivity]: mWNT: t=0x7b1a5b9500 mBlastBufferQueue=0x7b5c134500 fn= 834 caller= android.view.SurfaceView.applyOrMergeTransaction:1455 android.view.SurfaceView.-$$Nest$mapplyOrMergeTransaction:0 android.view.SurfaceView$SurfaceViewPositionUpdateListener.positionChanged:1537 
10-16 17:15:42.102 10523 10603 I ViewRootImpl@562a9cf[MainActivity]: mWNT: t=0x7b1a70da00 mBlastBufferQueue=0x7b5c134500 fn= 834 caller= android.view.ViewRootImpl.lambda$applyTransactionOnDraw$11$android-view-ViewRootImpl:12865 android.view.ViewRootImpl$$ExternalSyntheticLambda1.onFrameDraw:4 android.graphics.HardwareRenderer$FrameDrawingCallback.onFrameDraw:924 
10-16 17:15:42.108 10523 10523 I SurfaceView@11e9862: Changes: creating=false format=false size=false visible=false alpha=false hint=false mUseAlpha=false visible=false left=false top=true
10-16 17:15:42.108 10523 10523 I SurfaceView@11e9862: 18782306 Cur surface: Surface(name=null)/@0x7ae34fe
10-16 17:15:42.108 10523 10523 I SurfaceView@11e9862: applyTransactionOnVriDraw: vri = ViewRootImpl@562a9cf[MainActivity] fRS = false t = 0x7b1a70db00 android.view.SurfaceView.performSurfaceTransaction:959 android.view.SurfaceView.updateSurface:1105 android.view.SurfaceView.lambda$new$0$android-view-SurfaceView:200 
10-16 17:15:42.108 10523 10523 I ViewRootImpl@562a9cf[MainActivity]: applyTransactionOnDraw: mRemoved = false isHardwareEnabled = true t = 0x7b1a70db00android.view.SurfaceView.applyTransactionOnVriDraw:2048 android.view.SurfaceView.performSurfaceTransaction:959 android.view.SurfaceView.updateSurface:1105 android.view.SurfaceView.lambda$new$0$android-view-SurfaceView:200 android.view.SurfaceView$$ExternalSyntheticLambda5.onPreDraw:2 
10-16 17:15:42.108 10523 10523 I SurfaceView@11e9862: updateSurface: mVisible = true mSurface.isValid() = true
10-16 17:15:42.108 10523 10523 I SurfaceView@11e9862: updateSurface: mSurfaceCreated = true surfaceChanged = false visibleChanged = false
10-16 17:15:42.108 10523 10523 V SurfaceView@11e9862: Layout: x=0 y=-431 w=1080 h=525, frame=Rect(0, 0 - 1080, 525)
10-16 17:15:42.118 10523 10602 D SurfaceView@11e9862: updateSurfacePosition RenderWorker, frameNr = 835, position = [0, -431, 1080, 94] surfaceSize = 1080x525
10-16 17:15:42.118 10523 10602 I SurfaceView@11e9862: uSP: rtp = Rect(0, -431 - 1080, 94) rtsw = 1080 rtsh = 525
10-16 17:15:42.118 10523 10602 I SurfaceView@11e9862: onSSPAndSRT: pl = 0 pt = -431 sx = 1.0 sy = 1.0
10-16 17:15:42.118 10523 10602 I SurfaceView@11e9862: aOrMT: ViewRootImpl@562a9cf[MainActivity] t = android.view.SurfaceControl$Transaction@a8e8962 fN = 835 android.view.SurfaceView.-$$Nest$mapplyOrMergeTransaction:0 android.view.SurfaceView$SurfaceViewPositionUpdateListener.positionChanged:1537 android.graphics.RenderNode$CompositePositionUpdateListener.positionChanged:373 
10-16 17:15:42.118 10523 10523 I ViewRootImpl@562a9cf[MainActivity]: ViewPostIme pointer 1
10-16 17:15:42.118 10523 10602 I ViewRootImpl@562a9cf[MainActivity]: mWNT: t=0x7b1a5b9500 mBlastBufferQueue=0x7b5c134500 fn= 835 caller= android.view.SurfaceView.applyOrMergeTransaction:1455 android.view.SurfaceView.-$$Nest$mapplyOrMergeTransaction:0 android.view.SurfaceView$SurfaceViewPositionUpdateListener.positionChanged:1537 
10-16 17:15:42.119 10523 10602 I ViewRootImpl@562a9cf[MainActivity]: mWNT: t=0x7b1a70db00 mBlastBufferQueue=0x7b5c134500 fn= 835 caller= android.view.ViewRootImpl.lambda$applyTransactionOnDraw$11$android-view-ViewRootImpl:12865 android.view.ViewRootImpl$$ExternalSyntheticLambda1.onFrameDraw:4 android.graphics.HardwareRenderer$FrameDrawingCallback.onFrameDraw:924 
10-16 17:15:42.134 10523 10603 D SurfaceView@11e9862: updateSurfacePosition RenderWorker, frameNr = 836, position = [0, -432, 1080, 93] surfaceSize = 1080x525
10-16 17:15:42.134 10523 10603 I SurfaceView@11e9862: uSP: rtp = Rect(0, -432 - 1080, 93) rtsw = 1080 rtsh = 525
10-16 17:15:42.134 10523 10603 I SurfaceView@11e9862: onSSPAndSRT: pl = 0 pt = -432 sx = 1.0 sy = 1.0
10-16 17:15:42.134 10523 10603 I SurfaceView@11e9862: aOrMT: ViewRootImpl@562a9cf[MainActivity] t = android.view.SurfaceControl$Transaction@a8e8962 fN = 836 android.view.SurfaceView.-$$Nest$mapplyOrMergeTransaction:0 android.view.SurfaceView$SurfaceViewPositionUpdateListener.positionChanged:1537 android.graphics.RenderNode$CompositePositionUpdateListener.positionChanged:373 
10-16 17:15:42.134 10523 10603 I ViewRootImpl@562a9cf[MainActivity]: mWNT: t=0x7b1a5b9500 mBlastBufferQueue=0x7b5c134500 fn= 836 caller= android.view.SurfaceView.applyOrMergeTransaction:1455 android.view.SurfaceView.-$$Nest$mapplyOrMergeTransaction:0 android.view.SurfaceView$SurfaceViewPositionUpdateListener.positionChanged:1537 
10-16 17:15:42.141 10523 10523 I SurfaceView@11e9862: Changes: creating=false format=false size=false visible=false alpha=false hint=false mUseAlpha=false visible=false left=false top=true
10-16 17:15:42.142 10523 10523 I SurfaceView@11e9862: 18782306 Cur surface: Surface(name=null)/@0x7ae34fe
10-16 17:15:42.142 10523 10523 I SurfaceView@11e9862: applyTransactionOnVriDraw: vri = ViewRootImpl@562a9cf[MainActivity] fRS = false t = 0x7b1a6dec00 android.view.SurfaceView.performSurfaceTransaction:959 android.view.SurfaceView.updateSurface:1105 android.view.SurfaceView.lambda$new$0$android-view-SurfaceView:200 
10-16 17:15:42.142 10523 10523 I ViewRootImpl@562a9cf[MainActivity]: applyTransactionOnDraw: mRemoved = false isHardwareEnabled = true t = 0x7b1a6dec00android.view.SurfaceView.applyTransactionOnVriDraw:2048 android.view.SurfaceView.performSurfaceTransaction:959 android.view.SurfaceView.updateSurface:1105 android.view.SurfaceView.lambda$new$0$android-view-SurfaceView:200 android.view.SurfaceView$$ExternalSyntheticLambda5.onPreDraw:2 
10-16 17:15:42.142 10523 10523 I SurfaceView@11e9862: updateSurface: mVisible = true mSurface.isValid() = true
10-16 17:15:42.142 10523 10523 I SurfaceView@11e9862: updateSurface: mSurfaceCreated = true surfaceChanged = false visibleChanged = false
10-16 17:15:42.142 10523 10523 V SurfaceView@11e9862: Layout: x=0 y=-432 w=1080 h=525, frame=Rect(0, 0 - 1080, 525)
10-16 17:15:42.151 10523 10602 D SurfaceView@11e9862: updateSurfacePosition RenderWorker, frameNr = 837, position = [0, -434, 1080, 91] surfaceSize = 1080x525
10-16 17:15:42.151 10523 10602 I SurfaceView@11e9862: uSP: rtp = Rect(0, -434 - 1080, 91) rtsw = 1080 rtsh = 525
10-16 17:15:42.152 10523 10602 I SurfaceView@11e9862: onSSPAndSRT: pl = 0 pt = -434 sx = 1.0 sy = 1.0
10-16 17:15:42.152 10523 10602 I SurfaceView@11e9862: aOrMT: ViewRootImpl@562a9cf[MainActivity] t = android.view.SurfaceControl$Transaction@a8e8962 fN = 837 android.view.SurfaceView.-$$Nest$mapplyOrMergeTransaction:0 android.view.SurfaceView$SurfaceViewPositionUpdateListener.positionChanged:1537 android.graphics.RenderNode$CompositePositionUpdateListener.positionChanged:373 
10-16 17:15:42.152 10523 10602 I ViewRootImpl@562a9cf[MainActivity]: mWNT: t=0x7b1a5b9500 mBlastBufferQueue=0x7b5c134500 fn= 837 caller= android.view.SurfaceView.applyOrMergeTransaction:1455 android.view.SurfaceView.-$$Nest$mapplyOrMergeTransaction:0 android.view.SurfaceView$SurfaceViewPositionUpdateListener.positionChanged:1537 
10-16 17:15:42.152 10523 10602 I ViewRootImpl@562a9cf[MainActivity]: mWNT: t=0x7b1a6dec00 mBlastBufferQueue=0x7b5c134500 fn= 837 caller= android.view.ViewRootImpl.lambda$applyTransactionOnDraw$11$android-view-ViewRootImpl:12865 android.view.ViewRootImpl$$ExternalSyntheticLambda1.onFrameDraw:4 android.graphics.HardwareRenderer$FrameDrawingCallback.onFrameDraw:924 
10-16 17:15:42.158 10523 10523 I SurfaceView@11e9862: Changes: creating=false format=false size=false visible=false alpha=false hint=false mUseAlpha=false visible=false left=false top=true
10-16 17:15:42.158 10523 10523 I SurfaceView@11e9862: 18782306 Cur surface: Surface(name=null)/@0x7ae34fe
10-16 17:15:42.159 10523 10523 I SurfaceView@11e9862: applyTransactionOnVriDraw: vri = ViewRootImpl@562a9cf[MainActivity] fRS = false t = 0x7b1a70dc00 android.view.SurfaceView.performSurfaceTransaction:959 android.view.SurfaceView.updateSurface:1105 android.view.SurfaceView.lambda$new$0$android-view-SurfaceView:200 
10-16 17:15:42.159 10523 10523 I ViewRootImpl@562a9cf[MainActivity]: applyTransactionOnDraw: mRemoved = false isHardwareEnabled = true t = 0x7b1a70dc00android.view.SurfaceView.applyTransactionOnVriDraw:2048 android.view.SurfaceView.performSurfaceTransaction:959 android.view.SurfaceView.updateSurface:1105 android.view.SurfaceView.lambda$new$0$android-view-SurfaceView:200 android.view.SurfaceView$$ExternalSyntheticLambda5.onPreDraw:2 
10-16 17:15:42.159 10523 10523 I SurfaceView@11e9862: updateSurface: mVisible = true mSurface.isValid() = true
10-16 17:15:42.159 10523 10523 I SurfaceView@11e9862: updateSurface: mSurfaceCreated = true surfaceChanged = false visibleChanged = false
10-16 17:15:42.159 10523 10523 V SurfaceView@11e9862: Layout: x=0 y=-434 w=1080 h=525, frame=Rect(0, 0 - 1080, 525)
10-16 17:15:42.169 10523 10603 D SurfaceView@11e9862: updateSurfacePosition RenderWorker, frameNr = 838, position = [0, -437, 1080, 88] surfaceSize = 1080x525
10-16 17:15:42.169 10523 10603 I SurfaceView@11e9862: uSP: rtp = Rect(0, -437 - 1080, 88) rtsw = 1080 rtsh = 525
10-16 17:15:42.169 10523 10603 I SurfaceView@11e9862: onSSPAndSRT: pl = 0 pt = -437 sx = 1.0 sy = 1.0
10-16 17:15:42.170 10523 10603 I SurfaceView@11e9862: aOrMT: ViewRootImpl@562a9cf[MainActivity] t = android.view.SurfaceControl$Transaction@a8e8962 fN = 838 android.view.SurfaceView.-$$Nest$mapplyOrMergeTransaction:0 android.view.SurfaceView$SurfaceViewPositionUpdateListener.positionChanged:1537 android.graphics.RenderNode$CompositePositionUpdateListener.positionChanged:373 
10-16 17:15:42.170 10523 10603 I ViewRootImpl@562a9cf[MainActivity]: mWNT: t=0x7b1a5b9500 mBlastBufferQueue=0x7b5c134500 fn= 838 caller= android.view.SurfaceView.applyOrMergeTransaction:1455 android.view.SurfaceView.-$$Nest$mapplyOrMergeTransaction:0 android.view.SurfaceView$SurfaceViewPositionUpdateListener.positionChanged:1537 
10-16 17:15:42.170 10523 10603 I ViewRootImpl@562a9cf[MainActivity]: mWNT: t=0x7b1a70dc00 mBlastBufferQueue=0x7b5c134500 fn= 838 caller= android.view.ViewRootImpl.lambda$applyTransactionOnDraw$11$android-view-ViewRootImpl:12865 android.view.ViewRootImpl$$ExternalSyntheticLambda1.onFrameDraw:4 android.graphics.HardwareRenderer$FrameDrawingCallback.onFrameDraw:924 
10-16 17:15:42.175 10523 10523 I SurfaceView@11e9862: Changes: creating=false format=false size=false visible=false alpha=false hint=false mUseAlpha=false visible=false left=false top=true
10-16 17:15:42.175 10523 10523 I SurfaceView@11e9862: 18782306 Cur surface: Surface(name=null)/@0x7ae34fe
10-16 17:15:42.175 10523 10523 I SurfaceView@11e9862: applyTransactionOnVriDraw: vri = ViewRootImpl@562a9cf[MainActivity] fRS = false t = 0x7b1a70de00 android.view.SurfaceView.performSurfaceTransaction:959 android.view.SurfaceView.updateSurface:1105 android.view.SurfaceView.lambda$new$0$android-view-SurfaceView:200 
10-16 17:15:42.176 10523 10523 I ViewRootImpl@562a9cf[MainActivity]: applyTransactionOnDraw: mRemoved = false isHardwareEnabled = true t = 0x7b1a70de00android.view.SurfaceView.applyTransactionOnVriDraw:2048 android.view.SurfaceView.performSurfaceTransaction:959 android.view.SurfaceView.updateSurface:1105 android.view.SurfaceView.lambda$new$0$android-view-SurfaceView:200 android.view.SurfaceView$$ExternalSyntheticLambda5.onPreDraw:2 
10-16 17:15:42.176 10523 10523 I SurfaceView@11e9862: updateSurface: mVisible = true mSurface.isValid() = true
10-16 17:15:42.176 10523 10523 I SurfaceView@11e9862: updateSurface: mSurfaceCreated = true surfaceChanged = false visibleChanged = false
10-16 17:15:42.176 10523 10523 V SurfaceView@11e9862: Layout: x=0 y=-437 w=1080 h=525, frame=Rect(0, 0 - 1080, 525)
10-16 17:15:42.185 10523 10602 D SurfaceView@11e9862: updateSurfacePosition RenderWorker, frameNr = 839, position = [0, -439, 1080, 86] surfaceSize = 1080x525
10-16 17:15:42.186 10523 10602 I SurfaceView@11e9862: uSP: rtp = Rect(0, -439 - 1080, 86) rtsw = 1080 rtsh = 525
10-16 17:15:42.186 10523 10602 I SurfaceView@11e9862: onSSPAndSRT: pl = 0 pt = -439 sx = 1.0 sy = 1.0
10-16 17:15:42.186 10523 10602 I SurfaceView@11e9862: aOrMT: ViewRootImpl@562a9cf[MainActivity] t = android.view.SurfaceControl$Transaction@a8e8962 fN = 839 android.view.SurfaceView.-$$Nest$mapplyOrMergeTransaction:0 android.view.SurfaceView$SurfaceViewPositionUpdateListener.positionChanged:1537 android.graphics.RenderNode$CompositePositionUpdateListener.positionChanged:373 
10-16 17:15:42.186 10523 10602 I ViewRootImpl@562a9cf[MainActivity]: mWNT: t=0x7b1a5b9500 mBlastBufferQueue=0x7b5c134500 fn= 839 caller= android.view.SurfaceView.applyOrMergeTransaction:1455 android.view.SurfaceView.-$$Nest$mapplyOrMergeTransaction:0 android.view.SurfaceView$SurfaceViewPositionUpdateListener.positionChanged:1537 
10-16 17:15:42.186 10523 10602 I ViewRootImpl@562a9cf[MainActivity]: mWNT: t=0x7b1a70de00 mBlastBufferQueue=0x7b5c134500 fn= 839 caller= android.view.ViewRootImpl.lambda$applyTransactionOnDraw$11$android-view-ViewRootImpl:12865 android.view.ViewRootImpl$$ExternalSyntheticLambda1.onFrameDraw:4 android.graphics.HardwareRenderer$FrameDrawingCallback.onFrameDraw:924 
10-16 17:15:42.192 10523 10523 I SurfaceView@11e9862: Changes: creating=false format=false size=false visible=false alpha=false hint=false mUseAlpha=false visible=false left=false top=true
10-16 17:15:42.192 10523 10523 I SurfaceView@11e9862: 18782306 Cur surface: Surface(name=null)/@0x7ae34fe
10-16 17:15:42.193 10523 10523 I SurfaceView@11e9862: applyTransactionOnVriDraw: vri = ViewRootImpl@562a9cf[MainActivity] fRS = false t = 0x7b1a70df00 android.view.SurfaceView.performSurfaceTransaction:959 android.view.SurfaceView.updateSurface:1105 android.view.SurfaceView.lambda$new$0$android-view-SurfaceView:200 
10-16 17:15:42.193 10523 10523 I ViewRootImpl@562a9cf[MainActivity]: applyTransactionOnDraw: mRemoved = false isHardwareEnabled = true t = 0x7b1a70df00android.view.SurfaceView.applyTransactionOnVriDraw:2048 android.view.SurfaceView.performSurfaceTransaction:959 android.view.SurfaceView.updateSurface:1105 android.view.SurfaceView.lambda$new$0$android-view-SurfaceView:200 android.view.SurfaceView$$ExternalSyntheticLambda5.onPreDraw:2 
10-16 17:15:42.193 10523 10523 I SurfaceView@11e9862: updateSurface: mVisible = true mSurface.isValid() = true
10-16 17:15:42.193 10523 10523 I SurfaceView@11e9862: updateSurface: mSurfaceCreated = true surfaceChanged = false visibleChanged = false
10-16 17:15:42.193 10523 10523 V SurfaceView@11e9862: Layout: x=0 y=-439 w=1080 h=525, frame=Rect(0, 0 - 1080, 525)
10-16 17:15:42.205 10523 10603 D SurfaceView@11e9862: updateSurfacePosition RenderWorker, frameNr = 840, position = [0, -442, 1080, 83] surfaceSize = 1080x525
10-16 17:15:42.205 10523 10603 I SurfaceView@11e9862: uSP: rtp = Rect(0, -442 - 1080, 83) rtsw = 1080 rtsh = 525
10-16 17:15:42.205 10523 10603 I SurfaceView@11e9862: onSSPAndSRT: pl = 0 pt = -442 sx = 1.0 sy = 1.0
10-16 17:15:42.206 10523 10603 I SurfaceView@11e9862: aOrMT: ViewRootImpl@562a9cf[MainActivity] t = android.view.SurfaceControl$Transaction@a8e8962 fN = 840 android.view.SurfaceView.-$$Nest$mapplyOrMergeTransaction:0 android.view.SurfaceView$SurfaceViewPositionUpdateListener.positionChanged:1537 android.graphics.RenderNode$CompositePositionUpdateListener.positionChanged:373 
10-16 17:15:42.206 10523 10603 I ViewRootImpl@562a9cf[MainActivity]: mWNT: t=0x7b1a5b9500 mBlastBufferQueue=0x7b5c134500 fn= 840 caller= android.view.SurfaceView.applyOrMergeTransaction:1455 android.view.SurfaceView.-$$Nest$mapplyOrMergeTransaction:0 android.view.SurfaceView$SurfaceViewPositionUpdateListener.positionChanged:1537 
10-16 17:15:42.206 10523 10603 I ViewRootImpl@562a9cf[MainActivity]: mWNT: t=0x7b1a70df00 mBlastBufferQueue=0x7b5c134500 fn= 840 caller= android.view.ViewRootImpl.lambda$applyTransactionOnDraw$11$android-view-ViewRootImpl:12865 android.view.ViewRootImpl$$ExternalSyntheticLambda1.onFrameDraw:4 android.graphics.HardwareRenderer$FrameDrawingCallback.onFrameDraw:924 
10-16 17:15:42.209 10523 10523 I SurfaceView@11e9862: Changes: creating=false format=false size=false visible=false alpha=false hint=false mUseAlpha=false visible=false left=false top=true
10-16 17:15:42.209 10523 10523 I SurfaceView@11e9862: 18782306 Cur surface: Surface(name=null)/@0x7ae34fe
10-16 17:15:42.209 10523 10523 I SurfaceView@11e9862: applyTransactionOnVriDraw: vri = ViewRootImpl@562a9cf[MainActivity] fRS = false t = 0x7b1a797200 android.view.SurfaceView.performSurfaceTransaction:959 android.view.SurfaceView.updateSurface:1105 android.view.SurfaceView.lambda$new$0$android-view-SurfaceView:200 
10-16 17:15:42.210 10523 10523 I ViewRootImpl@562a9cf[MainActivity]: applyTransactionOnDraw: mRemoved = false isHardwareEnabled = true t = 0x7b1a797200android.view.SurfaceView.applyTransactionOnVriDraw:2048 android.view.SurfaceView.performSurfaceTransaction:959 android.view.SurfaceView.updateSurface:1105 android.view.SurfaceView.lambda$new$0$android-view-SurfaceView:200 android.view.SurfaceView$$ExternalSyntheticLambda5.onPreDraw:2 
10-16 17:15:42.210 10523 10523 I SurfaceView@11e9862: updateSurface: mVisible = true mSurface.isValid() = true
10-16 17:15:42.210 10523 10523 I SurfaceView@11e9862: updateSurface: mSurfaceCreated = true surfaceChanged = false visibleChanged = false
10-16 17:15:42.210 10523 10523 V SurfaceView@11e9862: Layout: x=0 y=-442 w=1080 h=525, frame=Rect(0, 0 - 1080, 525)
10-16 17:15:42.219 10523 10602 D SurfaceView@11e9862: updateSurfacePosition RenderWorker, frameNr = 841, position = [0, -444, 1080, 81] surfaceSize = 1080x525
10-16 17:15:42.219 10523 10602 I SurfaceView@11e9862: uSP: rtp = Rect(0, -444 - 1080, 81) rtsw = 1080 rtsh = 525
10-16 17:15:42.219 10523 10602 I SurfaceView@11e9862: onSSPAndSRT: pl = 0 pt = -444 sx = 1.0 sy = 1.0
10-16 17:15:42.220 10523 10602 I SurfaceView@11e9862: aOrMT: ViewRootImpl@562a9cf[MainActivity] t = android.view.SurfaceControl$Transaction@a8e8962 fN = 841 android.view.SurfaceView.-$$Nest$mapplyOrMergeTransaction:0 android.view.SurfaceView$SurfaceViewPositionUpdateListener.positionChanged:1537 android.graphics.RenderNode$CompositePositionUpdateListener.positionChanged:373 
10-16 17:15:42.220 10523 10602 I ViewRootImpl@562a9cf[MainActivity]: mWNT: t=0x7b1a5b9500 mBlastBufferQueue=0x7b5c134500 fn= 841 caller= android.view.SurfaceView.applyOrMergeTransaction:1455 android.view.SurfaceView.-$$Nest$mapplyOrMergeTransaction:0 android.view.SurfaceView$SurfaceViewPositionUpdateListener.positionChanged:1537 
10-16 17:15:42.220 10523 10602 I ViewRootImpl@562a9cf[MainActivity]: mWNT: t=0x7b1a797200 mBlastBufferQueue=0x7b5c134500 fn= 841 caller= android.view.ViewRootImpl.lambda$applyTransactionOnDraw$11$android-view-ViewRootImpl:12865 android.view.ViewRootImpl$$ExternalSyntheticLambda1.onFrameDraw:4 android.graphics.HardwareRenderer$FrameDrawingCallback.onFrameDraw:924 
10-16 17:15:42.225 10523 10523 I SurfaceView@11e9862: Changes: creating=false format=false size=false visible=false alpha=false hint=false mUseAlpha=false visible=false left=false top=true
10-16 17:15:42.225 10523 10523 I SurfaceView@11e9862: 18782306 Cur surface: Surface(name=null)/@0x7ae34fe
10-16 17:15:42.226 10523 10523 I SurfaceView@11e9862: applyTransactionOnVriDraw: vri = ViewRootImpl@562a9cf[MainActivity] fRS = false t = 0x7b1a797400 android.view.SurfaceView.performSurfaceTransaction:959 android.view.SurfaceView.updateSurface:1105 android.view.SurfaceView.lambda$new$0$android-view-SurfaceView:200 
10-16 17:15:42.226 10523 10523 I ViewRootImpl@562a9cf[MainActivity]: applyTransactionOnDraw: mRemoved = false isHardwareEnabled = true t = 0x7b1a797400android.view.SurfaceView.applyTransactionOnVriDraw:2048 android.view.SurfaceView.performSurfaceTransaction:959 android.view.SurfaceView.updateSurface:1105 android.view.SurfaceView.lambda$new$0$android-view-SurfaceView:200 android.view.SurfaceView$$ExternalSyntheticLambda5.onPreDraw:2 
10-16 17:15:42.226 10523 10523 I SurfaceView@11e9862: updateSurface: mVisible = true mSurface.isValid() = true
10-16 17:15:42.226 10523 10523 I SurfaceView@11e9862: updateSurface: mSurfaceCreated = true surfaceChanged = false visibleChanged = false
10-16 17:15:42.226 10523 10523 V SurfaceView@11e9862: Layout: x=0 y=-444 w=1080 h=525, frame=Rect(0, 0 - 1080, 525)
10-16 17:15:42.237 10523 10603 D SurfaceView@11e9862: updateSurfacePosition RenderWorker, frameNr = 842, position = [0, -445, 1080, 80] surfaceSize = 1080x525
10-16 17:15:42.237 10523 10603 I SurfaceView@11e9862: uSP: rtp = Rect(0, -445 - 1080, 80) rtsw = 1080 rtsh = 525
10-16 17:15:42.237 10523 10603 I SurfaceView@11e9862: onSSPAndSRT: pl = 0 pt = -445 sx = 1.0 sy = 1.0
10-16 17:15:42.237 10523 10603 I SurfaceView@11e9862: aOrMT: ViewRootImpl@562a9cf[MainActivity] t = android.view.SurfaceControl$Transaction@a8e8962 fN = 842 android.view.SurfaceView.-$$Nest$mapplyOrMergeTransaction:0 android.view.SurfaceView$SurfaceViewPositionUpdateListener.positionChanged:1537 android.graphics.RenderNode$CompositePositionUpdateListener.positionChanged:373 
10-16 17:15:42.237 10523 10603 I ViewRootImpl@562a9cf[MainActivity]: mWNT: t=0x7b1a5b9500 mBlastBufferQueue=0x7b5c134500 fn= 842 caller= android.view.SurfaceView.applyOrMergeTransaction:1455 android.view.SurfaceView.-$$Nest$mapplyOrMergeTransaction:0 android.view.SurfaceView$SurfaceViewPositionUpdateListener.positionChanged:1537 
10-16 17:15:42.238 10523 10603 I ViewRootImpl@562a9cf[MainActivity]: mWNT: t=0x7b1a797400 mBlastBufferQueue=0x7b5c134500 fn= 842 caller= android.view.ViewRootImpl.lambda$applyTransactionOnDraw$11$android-view-ViewRootImpl:12865 android.view.ViewRootImpl$$ExternalSyntheticLambda1.onFrameDraw:4 android.graphics.HardwareRenderer$FrameDrawingCallback.onFrameDraw:924 
10-16 17:15:42.241 10523 10523 I SurfaceView@11e9862: Changes: creating=false format=false size=false visible=false alpha=false hint=false mUseAlpha=false visible=false left=false top=true
10-16 17:15:42.241 10523 10523 I SurfaceView@11e9862: 18782306 Cur surface: Surface(name=null)/@0x7ae34fe
10-16 17:15:42.242 10523 10523 I SurfaceView@11e9862: applyTransactionOnVriDraw: vri = ViewRootImpl@562a9cf[MainActivity] fRS = false t = 0x7b1a797600 android.view.SurfaceView.performSurfaceTransaction:959 android.view.SurfaceView.updateSurface:1105 android.view.SurfaceView.lambda$new$0$android-view-SurfaceView:200 
10-16 17:15:42.242 10523 10523 I ViewRootImpl@562a9cf[MainActivity]: applyTransactionOnDraw: mRemoved = false isHardwareEnabled = true t = 0x7b1a797600android.view.SurfaceView.applyTransactionOnVriDraw:2048 android.view.SurfaceView.performSurfaceTransaction:959 android.view.SurfaceView.updateSurface:1105 android.view.SurfaceView.lambda$new$0$android-view-SurfaceView:200 android.view.SurfaceView$$ExternalSyntheticLambda5.onPreDraw:2 
10-16 17:15:42.242 10523 10523 I SurfaceView@11e9862: updateSurface: mVisible = true mSurface.isValid() = true
10-16 17:15:42.242 10523 10523 I SurfaceView@11e9862: updateSurface: mSurfaceCreated = true surfaceChanged = false visibleChanged = false
10-16 17:15:42.242 10523 10523 V SurfaceView@11e9862: Layout: x=0 y=-445 w=1080 h=525, frame=Rect(0, 0 - 1080, 525)
10-16 17:15:42.254 10523 10602 D SurfaceView@11e9862: updateSurfacePosition RenderWorker, frameNr = 843, position = [0, -447, 1080, 78] surfaceSize = 1080x525
10-16 17:15:42.254 10523 10602 I SurfaceView@11e9862: uSP: rtp = Rect(0, -447 - 1080, 78) rtsw = 1080 rtsh = 525
10-16 17:15:42.255 10523 10602 I SurfaceView@11e9862: onSSPAndSRT: pl = 0 pt = -447 sx = 1.0 sy = 1.0
10-16 17:15:42.255 10523 10602 I SurfaceView@11e9862: aOrMT: ViewRootImpl@562a9cf[MainActivity] t = android.view.SurfaceControl$Transaction@a8e8962 fN = 843 android.view.SurfaceView.-$$Nest$mapplyOrMergeTransaction:0 android.view.SurfaceView$SurfaceViewPositionUpdateListener.positionChanged:1537 android.graphics.RenderNode$CompositePositionUpdateListener.positionChanged:373 
10-16 17:15:42.255 10523 10602 I ViewRootImpl@562a9cf[MainActivity]: mWNT: t=0x7b1a5b9500 mBlastBufferQueue=0x7b5c134500 fn= 843 caller= android.view.SurfaceView.applyOrMergeTransaction:1455 android.view.SurfaceView.-$$Nest$mapplyOrMergeTransaction:0 android.view.SurfaceView$SurfaceViewPositionUpdateListener.positionChanged:1537 
