10-16 17:36:01.831 15475 15475 I ViewRootImpl@6dcaa2e[MainActivity]: applyTransactionOnDraw: mRemoved = false isHardwareEnabled = true t = 0x7b46873800android.view.SurfaceView.applyTransactionOnVriDraw:2048 android.view.SurfaceView.performSurfaceTransaction:959 android.view.SurfaceView.updateSurface:1105 android.view.SurfaceView.lambda$new$0$android-view-SurfaceView:200 android.view.SurfaceView$$ExternalSyntheticLambda5.onPreDraw:2 
10-16 17:36:01.831 15475 15475 I SurfaceView@5b4a218: updateSurface: mVisible = true mSurface.isValid() = true
10-16 17:36:01.831 15475 15475 I SurfaceView@5b4a218: updateSurface: mSurfaceCreated = true surfaceChanged = false visibleChanged = false
10-16 17:36:01.831 15475 15475 V SurfaceView@5b4a218: Layout: x=0 y=-391 w=1080 h=525, frame=Rect(0, 0 - 1080, 525)
10-16 17:36:01.838 15475 15554 D SurfaceView@5b4a218: updateSurfacePosition RenderWorker, frameNr = 884, position = [0, -391, 1080, 134] surfaceSize = 1080x525
10-16 17:36:01.839 15475 15554 I SurfaceView@5b4a218: uSP: rtp = Rect(0, -391 - 1080, 134) rtsw = 1080 rtsh = 525
10-16 17:36:01.839 15475 15554 I SurfaceView@5b4a218: onSSPAndSRT: pl = 0 pt = -391 sx = 1.0 sy = 1.0
10-16 17:36:01.839 15475 15554 I SurfaceView@5b4a218: aOrMT: ViewRootImpl@6dcaa2e[MainActivity] t = android.view.SurfaceControl$Transaction@de873cf fN = 884 android.view.SurfaceView.-$$Nest$mapplyOrMergeTransaction:0 android.view.SurfaceView$SurfaceViewPositionUpdateListener.positionChanged:1537 android.graphics.RenderNode$CompositePositionUpdateListener.positionChanged:373 
10-16 17:36:01.839 15475 15554 I ViewRootImpl@6dcaa2e[MainActivity]: mWNT: t=0x7bed808900 mBlastBufferQueue=0x7b5d441400 fn= 884 caller= android.view.SurfaceView.applyOrMergeTransaction:1455 android.view.SurfaceView.-$$Nest$mapplyOrMergeTransaction:0 android.view.SurfaceView$SurfaceViewPositionUpdateListener.positionChanged:1537 
10-16 17:36:01.840 15475 15554 I ViewRootImpl@6dcaa2e[MainActivity]: mWNT: t=0x7b46873800 mBlastBufferQueue=0x7b5d441400 fn= 884 caller= android.view.ViewRootImpl.lambda$applyTransactionOnDraw$11$android-view-ViewRootImpl:12865 android.view.ViewRootImpl$$ExternalSyntheticLambda1.onFrameDraw:4 android.graphics.HardwareRenderer$FrameDrawingCallback.onFrameDraw:924 
10-16 17:36:01.844 15475 15475 I SurfaceView@5b4a218: Changes: creating=false format=false size=false visible=false alpha=false hint=false mUseAlpha=false visible=false left=false top=true
10-16 17:36:01.844 15475 15475 I SurfaceView@5b4a218: 95724056 Cur surface: Surface(name=null)/@0xead9ffb
10-16 17:36:01.844 15475 15475 I SurfaceView@5b4a218: applyTransactionOnVriDraw: vri = ViewRootImpl@6dcaa2e[MainActivity] fRS = false t = 0x7b46873a00 android.view.SurfaceView.performSurfaceTransaction:959 android.view.SurfaceView.updateSurface:1105 android.view.SurfaceView.lambda$new$0$android-view-SurfaceView:200 
10-16 17:36:01.845 15475 15475 I ViewRootImpl@6dcaa2e[MainActivity]: applyTransactionOnDraw: mRemoved = false isHardwareEnabled = true t = 0x7b46873a00android.view.SurfaceView.applyTransactionOnVriDraw:2048 android.view.SurfaceView.performSurfaceTransaction:959 android.view.SurfaceView.updateSurface:1105 android.view.SurfaceView.lambda$new$0$android-view-SurfaceView:200 android.view.SurfaceView$$ExternalSyntheticLambda5.onPreDraw:2 
10-16 17:36:01.845 15475 15475 I SurfaceView@5b4a218: updateSurface: mVisible = true mSurface.isValid() = true
10-16 17:36:01.845 15475 15475 I SurfaceView@5b4a218: updateSurface: mSurfaceCreated = true surfaceChanged = false visibleChanged = false
10-16 17:36:01.845 15475 15475 V SurfaceView@5b4a218: Layout: x=0 y=-447 w=1080 h=525, frame=Rect(0, 0 - 1080, 525)
10-16 17:36:01.853 15475 15555 D SurfaceView@5b4a218: updateSurfacePosition RenderWorker, frameNr = 885, position = [0, -447, 1080, 78] surfaceSize = 1080x525
10-16 17:36:01.853 15475 15555 I SurfaceView@5b4a218: uSP: rtp = Rect(0, -447 - 1080, 78) rtsw = 1080 rtsh = 525
10-16 17:36:01.853 15475 15555 I SurfaceView@5b4a218: onSSPAndSRT: pl = 0 pt = -447 sx = 1.0 sy = 1.0
10-16 17:36:01.853 15475 15555 I SurfaceView@5b4a218: aOrMT: ViewRootImpl@6dcaa2e[MainActivity] t = android.view.SurfaceControl$Transaction@de873cf fN = 885 android.view.SurfaceView.-$$Nest$mapplyOrMergeTransaction:0 android.view.SurfaceView$SurfaceViewPositionUpdateListener.positionChanged:1537 android.graphics.RenderNode$CompositePositionUpdateListener.positionChanged:373 
10-16 17:36:01.854 15475 15555 I ViewRootImpl@6dcaa2e[MainActivity]: mWNT: t=0x7bed808900 mBlastBufferQueue=0x7b5d441400 fn= 885 caller= android.view.SurfaceView.applyOrMergeTransaction:1455 android.view.SurfaceView.-$$Nest$mapplyOrMergeTransaction:0 android.view.SurfaceView$SurfaceViewPositionUpdateListener.positionChanged:1537 
10-16 17:36:01.854 15475 15555 I ViewRootImpl@6dcaa2e[MainActivity]: mWNT: t=0x7b46873a00 mBlastBufferQueue=0x7b5d441400 fn= 885 caller= android.view.ViewRootImpl.lambda$applyTransactionOnDraw$11$android-view-ViewRootImpl:12865 android.view.ViewRootImpl$$ExternalSyntheticLambda1.onFrameDraw:4 android.graphics.HardwareRenderer$FrameDrawingCallback.onFrameDraw:924 
10-16 17:36:01.861 15475 15475 I SurfaceView@5b4a218: Changes: creating=false format=false size=false visible=false alpha=false hint=false mUseAlpha=false visible=false left=false top=true
10-16 17:36:01.861 15475 15475 I SurfaceView@5b4a218: 95724056 Cur surface: Surface(name=null)/@0xead9ffb
10-16 17:36:01.861 15475 15475 I SurfaceView@5b4a218: applyTransactionOnVriDraw: vri = ViewRootImpl@6dcaa2e[MainActivity] fRS = false t = 0x7b46873b00 android.view.SurfaceView.performSurfaceTransaction:959 android.view.SurfaceView.updateSurface:1105 android.view.SurfaceView.lambda$new$0$android-view-SurfaceView:200 
10-16 17:36:01.861 15475 15475 I ViewRootImpl@6dcaa2e[MainActivity]: applyTransactionOnDraw: mRemoved = false isHardwareEnabled = true t = 0x7b46873b00android.view.SurfaceView.applyTransactionOnVriDraw:2048 android.view.SurfaceView.performSurfaceTransaction:959 android.view.SurfaceView.updateSurface:1105 android.view.SurfaceView.lambda$new$0$android-view-SurfaceView:200 android.view.SurfaceView$$ExternalSyntheticLambda5.onPreDraw:2 
10-16 17:36:01.861 15475 15475 I SurfaceView@5b4a218: updateSurface: mVisible = true mSurface.isValid() = true
10-16 17:36:01.861 15475 15475 I SurfaceView@5b4a218: updateSurface: mSurfaceCreated = true surfaceChanged = false visibleChanged = false
10-16 17:36:01.861 15475 15475 V SurfaceView@5b4a218: Layout: x=0 y=-486 w=1080 h=525, frame=Rect(0, 0 - 1080, 525)
10-16 17:36:01.870 15475 15554 D SurfaceView@5b4a218: updateSurfacePosition RenderWorker, frameNr = 886, position = [0, -486, 1080, 39] surfaceSize = 1080x525
10-16 17:36:01.870 15475 15554 I SurfaceView@5b4a218: uSP: rtp = Rect(0, -486 - 1080, 39) rtsw = 1080 rtsh = 525
10-16 17:36:01.870 15475 15554 I SurfaceView@5b4a218: onSSPAndSRT: pl = 0 pt = -486 sx = 1.0 sy = 1.0
10-16 17:36:01.870 15475 15554 I SurfaceView@5b4a218: aOrMT: ViewRootImpl@6dcaa2e[MainActivity] t = android.view.SurfaceControl$Transaction@de873cf fN = 886 android.view.SurfaceView.-$$Nest$mapplyOrMergeTransaction:0 android.view.SurfaceView$SurfaceViewPositionUpdateListener.positionChanged:1537 android.graphics.RenderNode$CompositePositionUpdateListener.positionChanged:373 
10-16 17:36:01.870 15475 15554 I ViewRootImpl@6dcaa2e[MainActivity]: mWNT: t=0x7bed808900 mBlastBufferQueue=0x7b5d441400 fn= 886 caller= android.view.SurfaceView.applyOrMergeTransaction:1455 android.view.SurfaceView.-$$Nest$mapplyOrMergeTransaction:0 android.view.SurfaceView$SurfaceViewPositionUpdateListener.positionChanged:1537 
10-16 17:36:01.871 15475 15554 I ViewRootImpl@6dcaa2e[MainActivity]: mWNT: t=0x7b46873b00 mBlastBufferQueue=0x7b5d441400 fn= 886 caller= android.view.ViewRootImpl.lambda$applyTransactionOnDraw$11$android-view-ViewRootImpl:12865 android.view.ViewRootImpl$$ExternalSyntheticLambda1.onFrameDraw:4 android.graphics.HardwareRenderer$FrameDrawingCallback.onFrameDraw:924 
10-16 17:36:01.879 15475 15475 I SurfaceView@5b4a218: Changes: creating=false format=false size=false visible=false alpha=false hint=false mUseAlpha=false visible=false left=false top=true
10-16 17:36:01.879 15475 15475 I SurfaceView@5b4a218: 95724056 Cur surface: Surface(name=null)/@0xead9ffb
10-16 17:36:01.880 15475 15475 I SurfaceView@5b4a218: applyTransactionOnVriDraw: vri = ViewRootImpl@6dcaa2e[MainActivity] fRS = false t = 0x7b46873c00 android.view.SurfaceView.performSurfaceTransaction:959 android.view.SurfaceView.updateSurface:1105 android.view.SurfaceView.lambda$new$0$android-view-SurfaceView:200 
10-16 17:36:01.880 15475 15475 I ViewRootImpl@6dcaa2e[MainActivity]: applyTransactionOnDraw: mRemoved = false isHardwareEnabled = true t = 0x7b46873c00android.view.SurfaceView.applyTransactionOnVriDraw:2048 android.view.SurfaceView.performSurfaceTransaction:959 android.view.SurfaceView.updateSurface:1105 android.view.SurfaceView.lambda$new$0$android-view-SurfaceView:200 android.view.SurfaceView$$ExternalSyntheticLambda5.onPreDraw:2 
10-16 17:36:01.880 15475 15475 I SurfaceView@5b4a218: updateSurface: mVisible = true mSurface.isValid() = true
10-16 17:36:01.880 15475 15475 I SurfaceView@5b4a218: updateSurface: mSurfaceCreated = true surfaceChanged = false visibleChanged = false
10-16 17:36:01.881 15475 15475 V SurfaceView@5b4a218: Layout: x=0 y=-507 w=1080 h=525, frame=Rect(0, 0 - 1080, 525)
10-16 17:36:01.897 15475 15555 D SurfaceView@5b4a218: updateSurfacePosition RenderWorker, frameNr = 887, position = [0, -507, 1080, 18] surfaceSize = 1080x525
10-16 17:36:01.898 15475 15555 I SurfaceView@5b4a218: uSP: rtp = Rect(0, -507 - 1080, 18) rtsw = 1080 rtsh = 525
10-16 17:36:01.898 15475 15555 I SurfaceView@5b4a218: onSSPAndSRT: pl = 0 pt = -507 sx = 1.0 sy = 1.0
10-16 17:36:01.898 15475 15555 I SurfaceView@5b4a218: aOrMT: ViewRootImpl@6dcaa2e[MainActivity] t = android.view.SurfaceControl$Transaction@de873cf fN = 887 android.view.SurfaceView.-$$Nest$mapplyOrMergeTransaction:0 android.view.SurfaceView$SurfaceViewPositionUpdateListener.positionChanged:1537 android.graphics.RenderNode$CompositePositionUpdateListener.positionChanged:373 
10-16 17:36:01.898 15475 15554 I ViewRootImpl@6dcaa2e[MainActivity]: mWNT: t=0x7b46873c00 mBlastBufferQueue=0x7b5d441400 fn= 887 caller= android.view.ViewRootImpl.lambda$applyTransactionOnDraw$11$android-view-ViewRootImpl:12865 android.view.ViewRootImpl$$ExternalSyntheticLambda1.onFrameDraw:4 android.graphics.HardwareRenderer$FrameDrawingCallback.onFrameDraw:924 
10-16 17:36:01.899 15475 15555 I ViewRootImpl@6dcaa2e[MainActivity]: mWNT: t=0x7bed808900 mBlastBufferQueue=0x7b5d441400 fn= 887 caller= android.view.SurfaceView.applyOrMergeTransaction:1455 android.view.SurfaceView.-$$Nest$mapplyOrMergeTransaction:0 android.view.SurfaceView$SurfaceViewPositionUpdateListener.positionChanged:1537 
10-16 17:36:01.900 15475 15475 I SurfaceView@5b4a218: Changes: creating=false format=false size=false visible=false alpha=false hint=false mUseAlpha=false visible=false left=false top=true
10-16 17:36:01.900 15475 15475 I SurfaceView@5b4a218: 95724056 Cur surface: Surface(name=null)/@0xead9ffb
10-16 17:36:01.901 15475 15475 I SurfaceView@5b4a218: applyTransactionOnVriDraw: vri = ViewRootImpl@6dcaa2e[MainActivity] fRS = false t = 0x7b46873e00 android.view.SurfaceView.performSurfaceTransaction:959 android.view.SurfaceView.updateSurface:1105 android.view.SurfaceView.lambda$new$0$android-view-SurfaceView:200 
10-16 17:36:01.901 15475 15475 I ViewRootImpl@6dcaa2e[MainActivity]: applyTransactionOnDraw: mRemoved = false isHardwareEnabled = true t = 0x7b46873e00android.view.SurfaceView.applyTransactionOnVriDraw:2048 android.view.SurfaceView.performSurfaceTransaction:959 android.view.SurfaceView.updateSurface:1105 android.view.SurfaceView.lambda$new$0$android-view-SurfaceView:200 android.view.SurfaceView$$ExternalSyntheticLambda5.onPreDraw:2 
10-16 17:36:01.901 15475 15475 I SurfaceView@5b4a218: updateSurface: mVisible = true mSurface.isValid() = true
10-16 17:36:01.901 15475 15475 I SurfaceView@5b4a218: updateSurface: mSurfaceCreated = true surfaceChanged = false visibleChanged = false
10-16 17:36:01.901 15475 15475 V SurfaceView@5b4a218: Layout: x=0 y=-522 w=1080 h=525, frame=Rect(0, 0 - 1080, 525)
10-16 17:36:01.917 15475 15554 D SurfaceView@5b4a218: updateSurfacePosition RenderWorker, frameNr = 888, position = [0, -522, 1080, 3] surfaceSize = 1080x525
10-16 17:36:01.917 15475 15554 I SurfaceView@5b4a218: uSP: rtp = Rect(0, -522 - 1080, 3) rtsw = 1080 rtsh = 525
10-16 17:36:01.917 15475 15554 I SurfaceView@5b4a218: onSSPAndSRT: pl = 0 pt = -522 sx = 1.0 sy = 1.0
10-16 17:36:01.918 15475 15554 I SurfaceView@5b4a218: aOrMT: ViewRootImpl@6dcaa2e[MainActivity] t = android.view.SurfaceControl$Transaction@de873cf fN = 888 android.view.SurfaceView.-$$Nest$mapplyOrMergeTransaction:0 android.view.SurfaceView$SurfaceViewPositionUpdateListener.positionChanged:1537 android.graphics.RenderNode$CompositePositionUpdateListener.positionChanged:373 
10-16 17:36:01.920 15475 15554 I ViewRootImpl@6dcaa2e[MainActivity]: mWNT: t=0x7bed808900 mBlastBufferQueue=0x7b5d441400 fn= 888 caller= android.view.SurfaceView.applyOrMergeTransaction:1455 android.view.SurfaceView.-$$Nest$mapplyOrMergeTransaction:0 android.view.SurfaceView$SurfaceViewPositionUpdateListener.positionChanged:1537 
10-16 17:36:01.920 15475 15475 I SurfaceView@5b4a218: Changes: creating=false format=false size=false visible=false alpha=false hint=false mUseAlpha=false visible=false left=false top=true
10-16 17:36:01.920 15475 15475 I SurfaceView@5b4a218: 95724056 Cur surface: Surface(name=null)/@0xead9ffb
10-16 17:36:01.921 15475 15475 I SurfaceView@5b4a218: applyTransactionOnVriDraw: vri = ViewRootImpl@6dcaa2e[MainActivity] fRS = false t = 0x7b46892100 android.view.SurfaceView.performSurfaceTransaction:959 android.view.SurfaceView.updateSurface:1105 android.view.SurfaceView.lambda$new$0$android-view-SurfaceView:200 
10-16 17:36:01.921 15475 15554 I ViewRootImpl@6dcaa2e[MainActivity]: mWNT: t=0x7b46873e00 mBlastBufferQueue=0x7b5d441400 fn= 888 caller= android.view.ViewRootImpl.lambda$applyTransactionOnDraw$11$android-view-ViewRootImpl:12865 android.view.ViewRootImpl$$ExternalSyntheticLambda1.onFrameDraw:4 android.graphics.HardwareRenderer$FrameDrawingCallback.onFrameDraw:924 
10-16 17:36:01.921 15475 15475 I ViewRootImpl@6dcaa2e[MainActivity]: applyTransactionOnDraw: mRemoved = false isHardwareEnabled = true t = 0x7b46892100android.view.SurfaceView.applyTransactionOnVriDraw:2048 android.view.SurfaceView.performSurfaceTransaction:959 android.view.SurfaceView.updateSurface:1105 android.view.SurfaceView.lambda$new$0$android-view-SurfaceView:200 android.view.SurfaceView$$ExternalSyntheticLambda5.onPreDraw:2 
10-16 17:36:01.922 15475 15475 I SurfaceView@5b4a218: updateSurface: mVisible = true mSurface.isValid() = true
10-16 17:36:01.922 15475 15475 I SurfaceView@5b4a218: updateSurface: mSurfaceCreated = true surfaceChanged = false visibleChanged = false
10-16 17:36:01.922 15475 15475 V SurfaceView@5b4a218: Layout: x=0 y=-533 w=1080 h=525, frame=Rect(0, 0 - 1080, 525)
10-16 17:36:01.933 15475 15555 D SurfaceView@5b4a218: updateSurfacePosition RenderWorker, frameNr = 889, position = [0, -533, 1080, -8] surfaceSize = 1080x525
10-16 17:36:01.933 15475 15555 I SurfaceView@5b4a218: uSP: rtp = Rect(0, -533 - 1080, -8) rtsw = 1080 rtsh = 525
10-16 17:36:01.933 15475 15555 I SurfaceView@5b4a218: onSSPAndSRT: pl = 0 pt = -533 sx = 1.0 sy = 1.0
10-16 17:36:01.934 15475 15555 I SurfaceView@5b4a218: aOrMT: ViewRootImpl@6dcaa2e[MainActivity] t = android.view.SurfaceControl$Transaction@de873cf fN = 889 android.view.SurfaceView.-$$Nest$mapplyOrMergeTransaction:0 android.view.SurfaceView$SurfaceViewPositionUpdateListener.positionChanged:1537 android.graphics.RenderNode$CompositePositionUpdateListener.positionChanged:373 
10-16 17:36:01.935 15475 15555 I ViewRootImpl@6dcaa2e[MainActivity]: mWNT: t=0x7bed808900 mBlastBufferQueue=0x7b5d441400 fn= 889 caller= android.view.SurfaceView.applyOrMergeTransaction:1455 android.view.SurfaceView.-$$Nest$mapplyOrMergeTransaction:0 android.view.SurfaceView$SurfaceViewPositionUpdateListener.positionChanged:1537 
10-16 17:36:01.936 15475 15555 I ViewRootImpl@6dcaa2e[MainActivity]: mWNT: t=0x7b46892100 mBlastBufferQueue=0x7b5d441400 fn= 889 caller= android.view.ViewRootImpl.lambda$applyTransactionOnDraw$11$android-view-ViewRootImpl:12865 android.view.ViewRootImpl$$ExternalSyntheticLambda1.onFrameDraw:4 android.graphics.HardwareRenderer$FrameDrawingCallback.onFrameDraw:924 
10-16 17:36:01.937 15475 15475 I SurfaceView@5b4a218: Changes: creating=false format=false size=false visible=false alpha=false hint=false mUseAlpha=false visible=false left=false top=true
10-16 17:36:01.937 15475 15475 I SurfaceView@5b4a218: 95724056 Cur surface: Surface(name=null)/@0xead9ffb
10-16 17:36:01.937 15475 15475 I SurfaceView@5b4a218: applyTransactionOnVriDraw: vri = ViewRootImpl@6dcaa2e[MainActivity] fRS = false t = 0x7b46892200 android.view.SurfaceView.performSurfaceTransaction:959 android.view.SurfaceView.updateSurface:1105 android.view.SurfaceView.lambda$new$0$android-view-SurfaceView:200 
10-16 17:36:01.938 15475 15475 I ViewRootImpl@6dcaa2e[MainActivity]: applyTransactionOnDraw: mRemoved = false isHardwareEnabled = true t = 0x7b46892200android.view.SurfaceView.applyTransactionOnVriDraw:2048 android.view.SurfaceView.performSurfaceTransaction:959 android.view.SurfaceView.updateSurface:1105 android.view.SurfaceView.lambda$new$0$android-view-SurfaceView:200 android.view.SurfaceView$$ExternalSyntheticLambda5.onPreDraw:2 
10-16 17:36:01.938 15475 15475 I SurfaceView@5b4a218: updateSurface: mVisible = true mSurface.isValid() = true
10-16 17:36:01.938 15475 15475 I SurfaceView@5b4a218: updateSurface: mSurfaceCreated = true surfaceChanged = false visibleChanged = false
10-16 17:36:01.938 15475 15475 V SurfaceView@5b4a218: Layout: x=0 y=-541 w=1080 h=525, frame=Rect(0, 0 - 1080, 525)
10-16 17:36:01.946 15475 15554 D SurfaceView@5b4a218: updateSurfacePosition RenderWorker, frameNr = 890, position = [0, -541, 1080, -16] surfaceSize = 1080x525
10-16 17:36:01.946 15475 15554 I SurfaceView@5b4a218: uSP: rtp = Rect(0, -541 - 1080, -16) rtsw = 1080 rtsh = 525
10-16 17:36:01.946 15475 15554 I SurfaceView@5b4a218: onSSPAndSRT: pl = 0 pt = -541 sx = 1.0 sy = 1.0
10-16 17:36:01.946 15475 15554 I SurfaceView@5b4a218: aOrMT: ViewRootImpl@6dcaa2e[MainActivity] t = android.view.SurfaceControl$Transaction@de873cf fN = 890 android.view.SurfaceView.-$$Nest$mapplyOrMergeTransaction:0 android.view.SurfaceView$SurfaceViewPositionUpdateListener.positionChanged:1537 android.graphics.RenderNode$CompositePositionUpdateListener.positionChanged:373 
10-16 17:36:01.946 15475 15554 I ViewRootImpl@6dcaa2e[MainActivity]: mWNT: t=0x7bed808900 mBlastBufferQueue=0x7b5d441400 fn= 890 caller= android.view.SurfaceView.applyOrMergeTransaction:1455 android.view.SurfaceView.-$$Nest$mapplyOrMergeTransaction:0 android.view.SurfaceView$SurfaceViewPositionUpdateListener.positionChanged:1537 
10-16 17:36:01.946 15475 15554 I ViewRootImpl@6dcaa2e[MainActivity]: mWNT: t=0x7b46892200 mBlastBufferQueue=0x7b5d441400 fn= 890 caller= android.view.ViewRootImpl.lambda$applyTransactionOnDraw$11$android-view-ViewRootImpl:12865 android.view.ViewRootImpl$$ExternalSyntheticLambda1.onFrameDraw:4 android.graphics.HardwareRenderer$FrameDrawingCallback.onFrameDraw:924 
10-16 17:36:01.948 15475 15475 I SurfaceView@5b4a218: Changes: creating=false format=false size=false visible=false alpha=false hint=false mUseAlpha=false visible=false left=false top=true
10-16 17:36:01.948 15475 15475 I SurfaceView@5b4a218: 95724056 Cur surface: Surface(name=null)/@0xead9ffb
10-16 17:36:01.949 15475 15475 I SurfaceView@5b4a218: applyTransactionOnVriDraw: vri = ViewRootImpl@6dcaa2e[MainActivity] fRS = false t = 0x7b46892300 android.view.SurfaceView.performSurfaceTransaction:959 android.view.SurfaceView.updateSurface:1105 android.view.SurfaceView.lambda$new$0$android-view-SurfaceView:200 
10-16 17:36:01.949 15475 15475 I ViewRootImpl@6dcaa2e[MainActivity]: applyTransactionOnDraw: mRemoved = false isHardwareEnabled = true t = 0x7b46892300android.view.SurfaceView.applyTransactionOnVriDraw:2048 android.view.SurfaceView.performSurfaceTransaction:959 android.view.SurfaceView.updateSurface:1105 android.view.SurfaceView.lambda$new$0$android-view-SurfaceView:200 android.view.SurfaceView$$ExternalSyntheticLambda5.onPreDraw:2 
10-16 17:36:01.949 15475 15475 I SurfaceView@5b4a218: updateSurface: mVisible = true mSurface.isValid() = true
10-16 17:36:01.949 15475 15475 I SurfaceView@5b4a218: updateSurface: mSurfaceCreated = true surfaceChanged = false visibleChanged = false
10-16 17:36:01.949 15475 15475 V SurfaceView@5b4a218: Layout: x=0 y=-546 w=1080 h=525, frame=Rect(0, 0 - 1080, 525)
10-16 17:36:01.953 15475 15555 D SurfaceView@5b4a218: updateSurfacePosition RenderWorker, frameNr = 891, position = [0, -546, 1080, -21] surfaceSize = 1080x525
10-16 17:36:01.953 15475 15555 I SurfaceView@5b4a218: uSP: rtp = Rect(0, -546 - 1080, -21) rtsw = 1080 rtsh = 525
10-16 17:36:01.953 15475 15555 I SurfaceView@5b4a218: onSSPAndSRT: pl = 0 pt = -546 sx = 1.0 sy = 1.0
10-16 17:36:01.953 15475 15555 I SurfaceView@5b4a218: aOrMT: ViewRootImpl@6dcaa2e[MainActivity] t = android.view.SurfaceControl$Transaction@de873cf fN = 891 android.view.SurfaceView.-$$Nest$mapplyOrMergeTransaction:0 android.view.SurfaceView$SurfaceViewPositionUpdateListener.positionChanged:1537 android.graphics.RenderNode$CompositePositionUpdateListener.positionChanged:373 
10-16 17:36:01.953 15475 15555 I ViewRootImpl@6dcaa2e[MainActivity]: mWNT: t=0x7bed808900 mBlastBufferQueue=0x7b5d441400 fn= 891 caller= android.view.SurfaceView.applyOrMergeTransaction:1455 android.view.SurfaceView.-$$Nest$mapplyOrMergeTransaction:0 android.view.SurfaceView$SurfaceViewPositionUpdateListener.positionChanged:1537 
10-16 17:36:01.954 15475 15555 I ViewRootImpl@6dcaa2e[MainActivity]: mWNT: t=0x7b46892300 mBlastBufferQueue=0x7b5d441400 fn= 891 caller= android.view.ViewRootImpl.lambda$applyTransactionOnDraw$11$android-view-ViewRootImpl:12865 android.view.ViewRootImpl$$ExternalSyntheticLambda1.onFrameDraw:4 android.graphics.HardwareRenderer$FrameDrawingCallback.onFrameDraw:924 
10-16 17:36:01.961 15475 15475 I SurfaceView@5b4a218: Changes: creating=false format=false size=false visible=false alpha=false hint=false mUseAlpha=false visible=false left=false top=true
10-16 17:36:01.961 15475 15475 I SurfaceView@5b4a218: 95724056 Cur surface: Surface(name=null)/@0xead9ffb
10-16 17:36:01.961 15475 15475 I SurfaceView@5b4a218: applyTransactionOnVriDraw: vri = ViewRootImpl@6dcaa2e[MainActivity] fRS = false t = 0x7b46892400 android.view.SurfaceView.performSurfaceTransaction:959 android.view.SurfaceView.updateSurface:1105 android.view.SurfaceView.lambda$new$0$android-view-SurfaceView:200 
10-16 17:36:01.962 15475 15475 I ViewRootImpl@6dcaa2e[MainActivity]: applyTransactionOnDraw: mRemoved = false isHardwareEnabled = true t = 0x7b46892400android.view.SurfaceView.applyTransactionOnVriDraw:2048 android.view.SurfaceView.performSurfaceTransaction:959 android.view.SurfaceView.updateSurface:1105 android.view.SurfaceView.lambda$new$0$android-view-SurfaceView:200 android.view.SurfaceView$$ExternalSyntheticLambda5.onPreDraw:2 
10-16 17:36:01.962 15475 15475 I SurfaceView@5b4a218: updateSurface: mVisible = true mSurface.isValid() = true
10-16 17:36:01.962 15475 15475 I SurfaceView@5b4a218: updateSurface: mSurfaceCreated = true surfaceChanged = false visibleChanged = false
10-16 17:36:01.962 15475 15475 V SurfaceView@5b4a218: Layout: x=0 y=-549 w=1080 h=525, frame=Rect(0, 0 - 1080, 525)
10-16 17:36:01.969 15475 15554 D SurfaceView@5b4a218: updateSurfacePosition RenderWorker, frameNr = 892, position = [0, -549, 1080, -24] surfaceSize = 1080x525
10-16 17:36:01.969 15475 15554 I SurfaceView@5b4a218: uSP: rtp = Rect(0, -549 - 1080, -24) rtsw = 1080 rtsh = 525
10-16 17:36:01.969 15475 15554 I SurfaceView@5b4a218: onSSPAndSRT: pl = 0 pt = -549 sx = 1.0 sy = 1.0
10-16 17:36:01.969 15475 15554 I SurfaceView@5b4a218: aOrMT: ViewRootImpl@6dcaa2e[MainActivity] t = android.view.SurfaceControl$Transaction@de873cf fN = 892 android.view.SurfaceView.-$$Nest$mapplyOrMergeTransaction:0 android.view.SurfaceView$SurfaceViewPositionUpdateListener.positionChanged:1537 android.graphics.RenderNode$CompositePositionUpdateListener.positionChanged:373 
10-16 17:36:01.970 15475 15554 I ViewRootImpl@6dcaa2e[MainActivity]: mWNT: t=0x7bed808900 mBlastBufferQueue=0x7b5d441400 fn= 892 caller= android.view.SurfaceView.applyOrMergeTransaction:1455 android.view.SurfaceView.-$$Nest$mapplyOrMergeTransaction:0 android.view.SurfaceView$SurfaceViewPositionUpdateListener.positionChanged:1537 
10-16 17:36:01.970 15475 15554 I ViewRootImpl@6dcaa2e[MainActivity]: mWNT: t=0x7b46892400 mBlastBufferQueue=0x7b5d441400 fn= 892 caller= android.view.ViewRootImpl.lambda$applyTransactionOnDraw$11$android-view-ViewRootImpl:12865 android.view.ViewRootImpl$$ExternalSyntheticLambda1.onFrameDraw:4 android.graphics.HardwareRenderer$FrameDrawingCallback.onFrameDraw:924 
10-16 17:36:01.987 15475 15475 I ViewRootImpl@6dcaa2e[MainActivity]: ViewPostIme pointer 1
10-16 17:36:02.464 15475 15475 I ViewRootImpl@6dcaa2e[MainActivity]: ViewPostIme pointer 0
10-16 17:36:03.001 15475 15475 I Dialog  : mIsDeviceDefault = false, mIsSamsungBasicInteraction = false, isMetaDataInActivity = false
10-16 17:36:03.039 15475 15475 I DecorView: [INFO] isPopOver=false config=false
10-16 17:36:03.039 15475 15475 I DecorView: updateCaptionType: isFloating=false isApplication=true hasWindowDecorCaption=false this=DecorView@f5d68f[]
10-16 17:36:03.039 15475 15475 D DecorView: setCaptionType = 0, this = DecorView@f5d68f[]
10-16 17:36:03.043 15475 15475 I DecorView: getCurrentDensityDpi: from app context. densityDpi=420 msg=resources_loaded
10-16 17:36:03.043 15475 15475 I DecorView: setWindowBackground: isPopOver=false color=0 d=android.graphics.drawable.ColorDrawable@411d25
10-16 17:36:03.055 15475 15499 D NativeCustomFrequencyManager: [NativeCFMS] BpCustomFrequencyManager::BpCustomFrequencyManager()
10-16 17:36:03.055 15475 15475 I DecorView: notifyKeepScreenOnChanged: keepScreenOn=false
10-16 17:36:03.073 15475 15475 D InsetsController: onStateChanged: InsetsState: {mDisplayFrame=Rect(0, 0 - 1080, 2400), mDisplayCutout=DisplayCutout{insets=Rect(0, 88 - 0, 0) waterfall=Insets{left=0, top=0, right=0, bottom=0} boundingRect={Bounds=[Rect(0, 0 - 0, 0), Rect(512, 0 - 568, 88), Rect(0, 0 - 0, 0), Rect(0, 0 - 0, 0)]} cutoutPathParserInfo={CutoutPathParserInfo{displayWidth=1080 displayHeight=2400 physicalDisplayWidth=1080 physicalDisplayHeight=2400 density={2.625} cutoutSpec={M 0,0 M 0,12.25101276465640 a 10.60613009248640,10.60613009248640 0 1,0 0,21.21226018497290 a 10.60613009248640,10.60613009248640 0 1,0 0,-21.21226018497290 Z @dp} rotation={0} scale={1.0} physicalPixelDisplaySizeRatio={1.0}}}}, mRoundedCorners=RoundedCorners{[RoundedCorner{position=TopLeft, radius=84, center=Point(84, 84)}, RoundedCorner{position=TopRight, radius=84, center=Point(996, 84)}, RoundedCorner{position=BottomRight, radius=84, center=Point(996, 2316)}, RoundedCorner{position=BottomLeft, radius=84, center=Point(84, 2316)}]}  mRoundedCornerFrame=Rect(0, 0 - 1080, 2400), mPrivacyIndicatorBounds=PrivacyIndicatorBounds {static bounds=Rect(964, 0 - 1080, 87) rotation=0}, mSources= { InsetsSource: {mType=ITYPE_STATUS_BAR, mFrame=[0,0][1080,88], mVisible=true, mInsetsRoundedCornerFrame=false}, InsetsSource: {mType=ITYPE_NAVIGATION_BAR, mFrame=[0,2361][1080,2400], mVisible=true, mInsetsRoundedCornerFrame=false}, InsetsSource: {mType=ITYPE_LEFT_GESTURES, mFrame=[0,0][130,2400], mVisible=true, mInsetsRoundedCornerFrame=false}, InsetsSource: {mType=ITYPE_RIGHT_GESTURES, mFrame=[950,0][1080,2400], mVisible=true, mInsetsRoundedCornerFrame=false}, InsetsSource: {mType=ITYPE_TOP_MANDATORY_GESTURES, mFrame=[0,0][1080,120], mVisible=true, mInsetsRoundedCornerFrame=false}, InsetsSource: {mType=ITYPE_BOTTOM_MANDATORY_GESTURES, mFrame=[0,2316][1080,2400], mVisible=true, mInsetsRoundedCornerFrame=false}, InsetsSource: {mType=ITYPE_LEFT_DISPLAY_CUTOUT, mFrame=[0,0][-100000,2400], mVisible=true, mInsetsRoundedCornerFrame=false}, InsetsSource: {mType=ITYPE_TOP_DISPLAY_CUTOUT, mFrame=[0,0][1080,88], mVisible=true, mInsetsRoundedCornerFrame=false}, InsetsSource: {mType=ITYPE_RIGHT_DISPLAY_CUTOUT, mFrame=[100000,0][1080,2400], mVisible=true, mInsetsRoundedCornerFrame=false}, InsetsSource: {mType=ITYPE_BOTTOM_DISPLAY_CUTOUT, mFrame=[0,100000][1080,2400], mVisible=true, mInsetsRoundedCornerFrame=false}, InsetsSource: {mType=ITYPE_TOP_TAPPABLE_ELEMENT, mFrame=[0,0][1080,88], mVisible=true, mInsetsRoundedCornerFrame=false}, InsetsSource: {mType=ITYPE_BOTTOM_TAPPABLE_ELEMENT, mFrame=[0,0][0,0], mVisible=true, mInsetsRoundedCornerFrame=false}, InsetsSource: {mType=ITYPE_IME, mFrame=[0,0][0,0], mVisibleFrame=[0,1409][1080,2400], mVisible=false, mInsetsRoundedCornerFrame=false} } host=com.lagradost.cloudstream3/com.lagradost.cloudstream3.MainActivity from=android.view.ViewRootImpl.setView:1732
10-16 17:36:03.075 15475 15475 I ViewRootImpl@4805352[MainActivity]: setView = com.android.internal.policy.DecorView@f5d68f TM=true
10-16 17:36:03.099 15475 15475 I ViewRootImpl@4805352[MainActivity]: performTraversals params={(0,0)(fillxfill) gr=CENTER sim={adjust=resize forwardNavigation} ty=APPLICATION fmt=TRANSPARENT wanim=0x7f14000b
10-16 17:36:03.099 15475 15475 I ViewRootImpl@4805352[MainActivity]:   fl=85810100
10-16 17:36:03.099 15475 15475 I ViewRootImpl@4805352[MainActivity]:   pfl=12020040
10-16 17:36:03.099 15475 15475 I ViewRootImpl@4805352[MainActivity]:   vsysui=500
10-16 17:36:03.099 15475 15475 I ViewRootImpl@4805352[MainActivity]:   bhv=DEFAULT
10-16 17:36:03.099 15475 15475 I ViewRootImpl@4805352[MainActivity]:   fitSides= naviIconColor=0}
10-16 17:36:03.100 15475 15475 I ViewRootImpl@4805352[MainActivity]: performTraversals mFirst=true windowShouldResize=true viewVisibilityChanged=false mForceNextWindowRelayout=false params={(0,0)(fillxfill) gr=CENTER sim={adjust=resize forwardNavigation} ty=APPLICATION fmt=TRANSPARENT wanim=0x7f14000b
10-16 17:36:03.100 15475 15475 I ViewRootImpl@4805352[MainActivity]:   fl=85810100
10-16 17:36:03.100 15475 15475 I ViewRootImpl@4805352[MainActivity]:   pfl=12020040
10-16 17:36:03.100 15475 15475 I ViewRootImpl@4805352[MainActivity]:   vsysui=500
10-16 17:36:03.100 15475 15475 I ViewRootImpl@4805352[MainActivity]:   bhv=DEFAULT
10-16 17:36:03.100 15475 15475 I ViewRootImpl@4805352[MainActivity]:   fitSides= naviIconColor=0}
10-16 17:36:03.115 15475 15475 I ViewRootImpl@4805352[MainActivity]: updateBlastSurfaceIfNeeded mBlastBufferQueue=null isSameSurfaceControl=false
10-16 17:36:03.116 15475 15475 I BLASTBufferQueue: new BLASTBufferQueue, mName= ViewRootImpl@4805352[MainActivity] mNativeObject= 0x7bdd315a00 sc.mNativeObject= 0x7b1b1d3c20 caller= android.view.ViewRootImpl.updateBlastSurfaceIfNeeded:2909 android.view.ViewRootImpl.relayoutWindow:9847 android.view.ViewRootImpl.performTraversals:3884 android.view.ViewRootImpl.doTraversal:3116 android.view.ViewRootImpl$TraversalRunnable.run:10885 android.view.Choreographer$CallbackRecord.run:1301 android.view.Choreographer$CallbackRecord.run:1309 android.view.Choreographer.doCallbacks:923 android.view.Choreographer.doFrame:852 android.view.Choreographer$FrameDisplayEventReceiver.run:1283 
10-16 17:36:03.117 15475 15475 I BLASTBufferQueue: update, w= 1080 h= 2400 mName = ViewRootImpl@4805352[MainActivity] mNativeObject= 0x7bdd315a00 sc.mNativeObject= 0x7b1b1d3c20 format= -2 caller= android.graphics.BLASTBufferQueue.<init>:84 android.view.ViewRootImpl.updateBlastSurfaceIfNeeded:2909 android.view.ViewRootImpl.relayoutWindow:9847 android.view.ViewRootImpl.performTraversals:3884 android.view.ViewRootImpl.doTraversal:3116 android.view.ViewRootImpl$TraversalRunnable.run:10885 
10-16 17:36:03.118 15475 15475 I ViewRootImpl@4805352[MainActivity]: Relayout returned: old=(0,0,1080,2400) new=(0,0,1080,2400) req=(1080,2400)0 dur=15 res=0x3 s={true 0x7bdd35e800} ch=true seqId=0
10-16 17:36:03.119 15475 15475 I ViewRootImpl@4805352[MainActivity]: mThreadedRenderer.initialize() mSurface={isValid=true 0x7bdd35e800} hwInitialized=true
10-16 17:36:03.120 15475 15499 D OpenGLRenderer: eglCreateWindowSurface
10-16 17:36:03.150 15475 15475 D AbsListView:  in onLayout changed 
10-16 17:36:03.152 15475 15475 I ViewRootImpl@4805352[MainActivity]: reportNextDraw android.view.ViewRootImpl.performTraversals:4438 android.view.ViewRootImpl.doTraversal:3116 android.view.ViewRootImpl$TraversalRunnable.run:10885 android.view.Choreographer$CallbackRecord.run:1301 android.view.Choreographer$CallbackRecord.run:1309 
10-16 17:36:03.152 15475 15475 I ViewRootImpl@4805352[MainActivity]: Setup new sync id=0
10-16 17:36:03.152 15475 15475 I ViewRootImpl@4805352[MainActivity]: Setting syncFrameCallback
10-16 17:36:03.152 15475 15475 I ViewRootImpl@4805352[MainActivity]: registerCallbacksForSync syncBuffer=false
10-16 17:36:03.156 15475 15555 I ViewRootImpl@4805352[MainActivity]: Received frameDrawingCallback syncResult=0 frameNum=1.
10-16 17:36:03.156 15475 15555 I ViewRootImpl@4805352[MainActivity]: Setting up sync and frameCommitCallback
10-16 17:36:03.164 15475 15499 I BLASTBufferQueue: [ViewRootImpl@4805352[MainActivity]#9](f:0,a:0) onFrameAvailable the first frame is available
10-16 17:36:03.165 15475 15499 I ViewRootImpl@4805352[MainActivity]: Received frameCommittedCallback lastAttemptedDrawFrameNum=1 didProduceBuffer=true
10-16 17:36:03.168 15475 15499 D OpenGLRenderer: CFMS:: SetUp Pid : 15475    Tid : 15499
10-16 17:36:03.173 15475 15475 I ViewRootImpl@4805352[MainActivity]: onSyncComplete
10-16 17:36:03.173 15475 15475 I ViewRootImpl@4805352[MainActivity]: setupSync seqId=0 mSyncId=0 fn=1 caller=android.view.ViewRootImpl$$ExternalSyntheticLambda11.accept:6 android.window.SurfaceSyncer.lambda$setupSync$1$android-window-SurfaceSyncer:128 android.window.SurfaceSyncer$$ExternalSyntheticLambda1.accept:8 android.window.SurfaceSyncer$SyncSet.checkIfSyncIsComplete:382 android.window.SurfaceSyncer$SyncSet.markSyncReady:359 android.window.SurfaceSyncer.markSyncReady:151 android.view.ViewRootImpl.performTraversals:4503 
10-16 17:36:03.183 15475 15475 I ViewRootImpl@6dcaa2e[MainActivity]: ViewPostIme pointer 1
10-16 17:36:03.184 15475 15475 I ViewRootImpl@4805352[MainActivity]: reportDrawFinished seqId=0 mSyncId=-1 fn=1 mSurfaceChangedTransaction=0x7b46892600
10-16 17:36:03.198 15475 15475 I ViewRootImpl@6dcaa2e[MainActivity]: MSG_WINDOW_FOCUS_CHANGED 0 0
10-16 17:36:03.245 15475 15475 I ViewRootImpl@4805352[MainActivity]: MSG_WINDOW_FOCUS_CHANGED 1 0
10-16 17:36:03.245 15475 15475 I ViewRootImpl@4805352[MainActivity]: mThreadedRenderer.initializeIfNeeded()#2 mSurface={isValid=true 0x7bdd35e800}
10-16 17:36:03.247 15475 15475 D InputMethodManager: startInputInner - Id : 0
10-16 17:36:03.247 15475 15475 I InputMethodManager: startInputInner - mService.startInputOrWindowGainedFocus
10-16 17:36:03.895 15475 15475 I ViewRootImpl@4805352[MainActivity]: ViewPostIme pointer 0
10-16 17:36:03.960 15475 15475 I ViewRootImpl@4805352[MainActivity]: ViewPostIme pointer 1
10-16 17:36:03.961 15475 15475 D AbsListView: onTouchUp() mTouchMode : 0
10-16 17:36:04.036 15475 15529 D AsiaTVLogs: loadLinks started for: https://asiatv.one/episodes/queen-mantis-%d8%ad1-%d9%85%d8%b3%d9%84%d8%b3%d9%84-%d8%a7%d9%84%d9%85%d9%84%d9%83%d8%a9-%d8%a7%d9%84%d8%b3%d8%b1%d8%b9%d9%88%d9%81-%d8%a7%d9%84%d8%ad%d9%84%d9%82%d8%a9-1-%d9%85%d8%aa%d8%b1%d8%ac/
10-16 17:36:04.036 15475 15475 I MSHandlerLifeCycle: removeMultiSplitHandler: no exist. decor=DecorView@f5d68f[MainActivity]
10-16 17:36:04.037 15475 15499 D OpenGLRenderer: setSurface called with nullptr
10-16 17:36:04.037 15475 15499 D OpenGLRenderer: setSurface() destroyed EGLSurface
10-16 17:36:04.037 15475 15499 D OpenGLRenderer: destroyEglSurface
10-16 17:36:04.039 15475 15499 D OpenGLRenderer: endAllActiveAnimators on 0x7b1b051400 (MaterialTextView) with handle 0x7b41919700
10-16 17:36:04.039 15475 15475 I ViewRootImpl@4805352[MainActivity]: dispatchDetachedFromWindow
10-16 17:36:04.062 15475 15475 D InputTransport: Input channel destroyed: 'cb3657 ', fd=149
10-16 17:36:04.064 15475 15475 I Dialog  : mIsDeviceDefault = false, mIsSamsungBasicInteraction = false, isMetaDataInActivity = false
10-16 17:36:04.121 15475 15475 I DecorView: [INFO] isPopOver=false config=false
10-16 17:36:04.121 15475 15475 I DecorView: updateCaptionType: isFloating=false isApplication=true hasWindowDecorCaption=false this=DecorView@840958c[]
10-16 17:36:04.121 15475 15475 D DecorView: setCaptionType = 0, this = DecorView@840958c[]
10-16 17:36:04.122 15475 15475 I DecorView: getCurrentDensityDpi: from app context. densityDpi=420 msg=resources_loaded
10-16 17:36:04.123 15475 15475 I DecorView: setWindowBackground: isPopOver=false color=0 d=android.graphics.drawable.ColorDrawable@ae7a4ea
10-16 17:36:04.129 15475 15499 D NativeCustomFrequencyManager: [NativeCFMS] BpCustomFrequencyManager::BpCustomFrequencyManager()
10-16 17:36:04.130 15475 15475 I DecorView: notifyKeepScreenOnChanged: keepScreenOn=false
10-16 17:36:04.141 15475 15475 D InsetsController: onStateChanged: InsetsState: {mDisplayFrame=Rect(0, 0 - 1080, 2400), mDisplayCutout=DisplayCutout{insets=Rect(0, 88 - 0, 0) waterfall=Insets{left=0, top=0, right=0, bottom=0} boundingRect={Bounds=[Rect(0, 0 - 0, 0), Rect(512, 0 - 568, 88), Rect(0, 0 - 0, 0), Rect(0, 0 - 0, 0)]} cutoutPathParserInfo={CutoutPathParserInfo{displayWidth=1080 displayHeight=2400 physicalDisplayWidth=1080 physicalDisplayHeight=2400 density={2.625} cutoutSpec={M 0,0 M 0,12.25101276465640 a 10.60613009248640,10.60613009248640 0 1,0 0,21.21226018497290 a 10.60613009248640,10.60613009248640 0 1,0 0,-21.21226018497290 Z @dp} rotation={0} scale={1.0} physicalPixelDisplaySizeRatio={1.0}}}}, mRoundedCorners=RoundedCorners{[RoundedCorner{position=TopLeft, radius=84, center=Point(84, 84)}, RoundedCorner{position=TopRight, radius=84, center=Point(996, 84)}, RoundedCorner{position=BottomRight, radius=84, center=Point(996, 2316)}, RoundedCorner{position=BottomLeft, radius=84, center=Point(84, 2316)}]}  mRoundedCornerFrame=Rect(0, 0 - 1080, 2400), mPrivacyIndicatorBounds=PrivacyIndicatorBounds {static bounds=Rect(964, 0 - 1080, 87) rotation=0}, mSources= { InsetsSource: {mType=ITYPE_STATUS_BAR, mFrame=[0,0][1080,88], mVisible=true, mInsetsRoundedCornerFrame=false}, InsetsSource: {mType=ITYPE_NAVIGATION_BAR, mFrame=[0,2361][1080,2400], mVisible=true, mInsetsRoundedCornerFrame=false}, InsetsSource: {mType=ITYPE_LEFT_GESTURES, mFrame=[0,0][130,2400], mVisible=true, mInsetsRoundedCornerFrame=false}, InsetsSource: {mType=ITYPE_RIGHT_GESTURES, mFrame=[950,0][1080,2400], mVisible=true, mInsetsRoundedCornerFrame=false}, InsetsSource: {mType=ITYPE_TOP_MANDATORY_GESTURES, mFrame=[0,0][1080,120], mVisible=true, mInsetsRoundedCornerFrame=false}, InsetsSource: {mType=ITYPE_BOTTOM_MANDATORY_GESTURES, mFrame=[0,2316][1080,2400], mVisible=true, mInsetsRoundedCornerFrame=false}, InsetsSource: {mType=ITYPE_LEFT_DISPLAY_CUTOUT, mFrame=[0,0][-100000,2400], mVisible=true, mInsetsRoundedCornerFrame=false}, InsetsSource: {mType=ITYPE_TOP_DISPLAY_CUTOUT, mFrame=[0,0][1080,88], mVisible=true, mInsetsRoundedCornerFrame=false}, InsetsSource: {mType=ITYPE_RIGHT_DISPLAY_CUTOUT, mFrame=[100000,0][1080,2400], mVisible=true, mInsetsRoundedCornerFrame=false}, InsetsSource: {mType=ITYPE_BOTTOM_DISPLAY_CUTOUT, mFrame=[0,100000][1080,2400], mVisible=true, mInsetsRoundedCornerFrame=false}, InsetsSource: {mType=ITYPE_TOP_TAPPABLE_ELEMENT, mFrame=[0,0][1080,88], mVisible=true, mInsetsRoundedCornerFrame=false}, InsetsSource: {mType=ITYPE_BOTTOM_TAPPABLE_ELEMENT, mFrame=[0,0][0,0], mVisible=true, mInsetsRoundedCornerFrame=false}, InsetsSource: {mType=ITYPE_IME, mFrame=[0,0][0,0], mVisibleFrame=[0,1409][1080,2400], mVisible=false, mInsetsRoundedCornerFrame=false} } host=com.lagradost.cloudstream3/com.lagradost.cloudstream3.MainActivity from=android.view.ViewRootImpl.setView:1732
10-16 17:36:04.142 15475 15475 I ViewRootImpl@24bc353[MainActivity]: setView = com.android.internal.policy.DecorView@840958c TM=true
10-16 17:36:04.150 15475 15475 I ViewRootImpl@24bc353[MainActivity]: performTraversals params={(0,0)(fillxfill) gr=CENTER sim={adjust=resize forwardNavigation} ty=APPLICATION fmt=TRANSPARENT wanim=0x7f14000b
10-16 17:36:04.150 15475 15475 I ViewRootImpl@24bc353[MainActivity]:   fl=85810100
10-16 17:36:04.150 15475 15475 I ViewRootImpl@24bc353[MainActivity]:   pfl=12020040
10-16 17:36:04.150 15475 15475 I ViewRootImpl@24bc353[MainActivity]:   vsysui=500
10-16 17:36:04.150 15475 15475 I ViewRootImpl@24bc353[MainActivity]:   bhv=DEFAULT
10-16 17:36:04.150 15475 15475 I ViewRootImpl@24bc353[MainActivity]:   fitSides= naviIconColor=0}
10-16 17:36:04.151 15475 15475 I ViewRootImpl@24bc353[MainActivity]: performTraversals mFirst=true windowShouldResize=true viewVisibilityChanged=false mForceNextWindowRelayout=false params={(0,0)(fillxfill) gr=CENTER sim={adjust=resize forwardNavigation} ty=APPLICATION fmt=TRANSPARENT wanim=0x7f14000b
10-16 17:36:04.151 15475 15475 I ViewRootImpl@24bc353[MainActivity]:   fl=85810100
10-16 17:36:04.151 15475 15475 I ViewRootImpl@24bc353[MainActivity]:   pfl=12020040
10-16 17:36:04.151 15475 15475 I ViewRootImpl@24bc353[MainActivity]:   vsysui=500
10-16 17:36:04.151 15475 15475 I ViewRootImpl@24bc353[MainActivity]:   bhv=DEFAULT
10-16 17:36:04.151 15475 15475 I ViewRootImpl@24bc353[MainActivity]:   fitSides= naviIconColor=0}
10-16 17:36:04.160 15475 15475 I ViewRootImpl@24bc353[MainActivity]: updateBlastSurfaceIfNeeded mBlastBufferQueue=null isSameSurfaceControl=false
10-16 17:36:04.160 15475 15475 I BLASTBufferQueue: new BLASTBufferQueue, mName= ViewRootImpl@24bc353[MainActivity] mNativeObject= 0x7bdd5a0400 sc.mNativeObject= 0x7b5d630d00 caller= android.view.ViewRootImpl.updateBlastSurfaceIfNeeded:2909 android.view.ViewRootImpl.relayoutWindow:9847 android.view.ViewRootImpl.performTraversals:3884 android.view.ViewRootImpl.doTraversal:3116 android.view.ViewRootImpl$TraversalRunnable.run:10885 android.view.Choreographer$CallbackRecord.run:1301 android.view.Choreographer$CallbackRecord.run:1309 android.view.Choreographer.doCallbacks:923 android.view.Choreographer.doFrame:852 android.view.Choreographer$FrameDisplayEventReceiver.run:1283 
10-16 17:36:04.161 15475 15475 I BLASTBufferQueue: update, w= 1080 h= 2400 mName = ViewRootImpl@24bc353[MainActivity] mNativeObject= 0x7bdd5a0400 sc.mNativeObject= 0x7b5d630d00 format= -2 caller= android.graphics.BLASTBufferQueue.<init>:84 android.view.ViewRootImpl.updateBlastSurfaceIfNeeded:2909 android.view.ViewRootImpl.relayoutWindow:9847 android.view.ViewRootImpl.performTraversals:3884 android.view.ViewRootImpl.doTraversal:3116 android.view.ViewRootImpl$TraversalRunnable.run:10885 
10-16 17:36:04.161 15475 15475 I ViewRootImpl@24bc353[MainActivity]: Relayout returned: old=(0,0,1080,2400) new=(0,0,1080,2400) req=(1080,2400)0 dur=9 res=0x3 s={true 0x7bdd35e800} ch=true seqId=0
10-16 17:36:04.162 15475 15475 I ViewRootImpl@24bc353[MainActivity]: mThreadedRenderer.initialize() mSurface={isValid=true 0x7bdd35e800} hwInitialized=true
10-16 17:36:04.163 15475 15499 D OpenGLRenderer: eglCreateWindowSurface
10-16 17:36:04.164 15475 15475 I ViewRootImpl@24bc353[MainActivity]: reportNextDraw android.view.ViewRootImpl.performTraversals:4438 android.view.ViewRootImpl.doTraversal:3116 android.view.ViewRootImpl$TraversalRunnable.run:10885 android.view.Choreographer$CallbackRecord.run:1301 android.view.Choreographer$CallbackRecord.run:1309 
10-16 17:36:04.164 15475 15475 I ViewRootImpl@24bc353[MainActivity]: Setup new sync id=0
10-16 17:36:04.165 15475 15475 I ViewRootImpl@24bc353[MainActivity]: Setting syncFrameCallback
10-16 17:36:04.165 15475 15475 I ViewRootImpl@24bc353[MainActivity]: registerCallbacksForSync syncBuffer=false
10-16 17:36:04.166 15475 15554 I ViewRootImpl@24bc353[MainActivity]: Received frameDrawingCallback syncResult=0 frameNum=1.
10-16 17:36:04.167 15475 15554 I ViewRootImpl@24bc353[MainActivity]: Setting up sync and frameCommitCallback
10-16 17:36:04.174 15475 15499 I BLASTBufferQueue: [ViewRootImpl@24bc353[MainActivity]#10](f:0,a:0) onFrameAvailable the first frame is available
10-16 17:36:04.175 15475 15499 I ViewRootImpl@24bc353[MainActivity]: Received frameCommittedCallback lastAttemptedDrawFrameNum=1 didProduceBuffer=true
10-16 17:36:04.179 15475 15499 D OpenGLRenderer: CFMS:: SetUp Pid : 15475    Tid : 15499
10-16 17:36:04.182 15475 15475 I ViewRootImpl@24bc353[MainActivity]: onSyncComplete
10-16 17:36:04.183 15475 15475 I ViewRootImpl@24bc353[MainActivity]: setupSync seqId=0 mSyncId=0 fn=1 caller=android.view.ViewRootImpl$$ExternalSyntheticLambda11.accept:6 android.window.SurfaceSyncer.lambda$setupSync$1$android-window-SurfaceSyncer:128 android.window.SurfaceSyncer$$ExternalSyntheticLambda1.accept:8 android.window.SurfaceSyncer$SyncSet.checkIfSyncIsComplete:382 android.window.SurfaceSyncer$SyncSet.markSyncReady:359 android.window.SurfaceSyncer.markSyncReady:151 android.view.ViewRootImpl.performTraversals:4503 
10-16 17:36:04.183 15475 15475 I ViewRootImpl@24bc353[MainActivity]: reportDrawFinished seqId=0 mSyncId=-1 fn=1 mSurfaceChangedTransaction=0x7b30eb2c00
10-16 17:36:04.186 15475 15475 D InsetsController: onStateChanged: InsetsState: {mDisplayFrame=Rect(0, 0 - 1080, 2400), mDisplayCutout=DisplayCutout{insets=Rect(0, 88 - 0, 0) waterfall=Insets{left=0, top=0, right=0, bottom=0} boundingRect={Bounds=[Rect(0, 0 - 0, 0), Rect(512, 0 - 568, 88), Rect(0, 0 - 0, 0), Rect(0, 0 - 0, 0)]} cutoutPathParserInfo={CutoutPathParserInfo{displayWidth=1080 displayHeight=2400 physicalDisplayWidth=1080 physicalDisplayHeight=2400 density={2.625} cutoutSpec={M 0,0 M 0,12.25101276465640 a 10.60613009248640,10.60613009248640 0 1,0 0,21.21226018497290 a 10.60613009248640,10.60613009248640 0 1,0 0,-21.21226018497290 Z @dp} rotation={0} scale={1.0} physicalPixelDisplaySizeRatio={1.0}}}}, mRoundedCorners=RoundedCorners{[RoundedCorner{position=TopLeft, radius=84, center=Point(84, 84)}, RoundedCorner{position=TopRight, radius=84, center=Point(996, 84)}, RoundedCorner{position=BottomRight, radius=84, center=Point(996, 2316)}, RoundedCorner{position=BottomLeft, radius=84, center=Point(84, 2316)}]}  mRoundedCornerFrame=Rect(0, 0 - 1080, 2400), mPrivacyIndicatorBounds=PrivacyIndicatorBounds {static bounds=Rect(964, 0 - 1080, 87) rotation=0}, mSources= { InsetsSource: {mType=ITYPE_STATUS_BAR, mFrame=[0,0][1080,88], mVisible=true, mInsetsRoundedCornerFrame=false}, InsetsSource: {mType=ITYPE_NAVIGATION_BAR, mFrame=[0,2361][1080,2400], mVisible=true, mInsetsRoundedCornerFrame=false}, InsetsSource: {mType=ITYPE_LEFT_GESTURES, mFrame=[0,0][130,2400], mVisible=true, mInsetsRoundedCornerFrame=false}, InsetsSource: {mType=ITYPE_RIGHT_GESTURES, mFrame=[950,0][1080,2400], mVisible=true, mInsetsRoundedCornerFrame=false}, InsetsSource: {mType=ITYPE_TOP_MANDATORY_GESTURES, mFrame=[0,0][1080,120], mVisible=true, mInsetsRoundedCornerFrame=false}, InsetsSource: {mType=ITYPE_BOTTOM_MANDATORY_GESTURES, mFrame=[0,2316][1080,2400], mVisible=true, mInsetsRoundedCornerFrame=false}, InsetsSource: {mType=ITYPE_LEFT_DISPLAY_CUTOUT, mFrame=[0,0][-100000,2400], mVisible=true, mInsetsRoundedCornerFrame=false}, InsetsSource: {mType=ITYPE_TOP_DISPLAY_CUTOUT, mFrame=[0,0][1080,88], mVisible=true, mInsetsRoundedCornerFrame=false}, InsetsSource: {mType=ITYPE_RIGHT_DISPLAY_CUTOUT, mFrame=[100000,0][1080,2400], mVisible=true, mInsetsRoundedCornerFrame=false}, InsetsSource: {mType=ITYPE_BOTTOM_DISPLAY_CUTOUT, mFrame=[0,100000][1080,2400], mVisible=true, mInsetsRoundedCornerFrame=false}, InsetsSource: {mType=ITYPE_TOP_TAPPABLE_ELEMENT, mFrame=[0,0][1080,88], mVisible=true, mInsetsRoundedCornerFrame=false}, InsetsSource: {mType=ITYPE_BOTTOM_TAPPABLE_ELEMENT, mFrame=[0,0][0,0], mVisible=true, mInsetsRoundedCornerFrame=false} } host=com.lagradost.cloudstream3/com.lagradost.cloudstream3.MainActivity from=android.view.ViewRootImpl$ViewRootHandler.handleMessageImpl:6740
10-16 17:36:04.187 15475 15475 I ViewRootImpl@6dcaa2e[MainActivity]: MSG_WINDOW_FOCUS_CHANGED 0 0
10-16 17:36:04.205 15475 15475 I ViewRootImpl@6dcaa2e[MainActivity]: MSG_WINDOW_FOCUS_CHANGED 0 0
10-16 17:36:04.245 15475 15475 I ViewRootImpl@24bc353[MainActivity]: MSG_WINDOW_FOCUS_CHANGED 1 0
10-16 17:36:04.245 15475 15475 I ViewRootImpl@24bc353[MainActivity]: mThreadedRenderer.initializeIfNeeded()#2 mSurface={isValid=true 0x7bdd35e800}
10-16 17:36:04.246 15475 15475 D InputMethodManager: startInputInner - Id : 0
10-16 17:36:04.246 15475 15475 I InputMethodManager: startInputInner - mService.startInputOrWindowGainedFocus
10-16 17:36:04.405 15475 15529 D AsiaTVLogs: Found 'epwatch' value: 98328
10-16 17:36:05.640 15475 15529 D AsiaTVLogs: Successfully landed on watch page: https://asiawiki.me/radio-romance-2018-%d8%b1%d8%a7%d8%af%d9%8a%d9%80%d9%80%d9%88-%d8%a7%d9%84%d8%b1%d9%88%d9%85%d8%a7%d9%86%d9%80%d9%80%d9%80%d8%b3%d9%8a%d8%a9-2018-%d8%aa%d9%82%d8%b1%d9%8a%d8%b1/
10-16 17:36:05.644 15475 15529 E AsiaTVLogs: No links were loaded from any server.
10-16 17:36:05.647 15475 15475 I MSHandlerLifeCycle: removeMultiSplitHandler: no exist. decor=DecorView@840958c[MainActivity]
10-16 17:36:05.650 15475 15499 D OpenGLRenderer: setSurface called with nullptr
10-16 17:36:05.650 15475 15499 D OpenGLRenderer: setSurface() destroyed EGLSurface
10-16 17:36:05.650 15475 15499 D OpenGLRenderer: destroyEglSurface
10-16 17:36:05.659 15475 15475 I ViewRootImpl@24bc353[MainActivity]: dispatchDetachedFromWindow
10-16 17:36:05.679 15475 15475 D InputTransport: Input channel destroyed: 'a77aa55', fd=149
10-16 17:36:05.682 15475 15475 I Dialog  : mIsDeviceDefault = false, mIsSamsungBasicInteraction = false, isMetaDataInActivity = false
