--------- beginning of main
10-16 17:15:24.535 10523 10523 D InputTransport: Input channel destroyed: '1d6c5aa', fd=161
10-16 17:15:24.572 10523 10523 I ViewRootImpl@562a9cf[MainActivity]: MSG_WINDOW_FOCUS_CHANGED 1 0
10-16 17:15:24.572 10523 10523 I ViewRootImpl@562a9cf[MainActivity]: mThreadedRenderer.initializeIfNeeded()#2 mSurface={isValid=true 0x7b5bed3800}
10-16 17:15:24.576 10523 10523 D InputMethodManager: startInputInner - Id : 0
10-16 17:15:24.576 10523 10523 I InputMethodManager: startInputInner - mService.startInputOrWindowGainedFocus
10-16 17:15:25.240 10523 10523 I ViewRootImpl@562a9cf[MainActivity]: ViewPostIme pointer 0
10-16 17:15:25.347 10523 10523 D WindowOnBackDispatcher: onBackInvoked, viewRoot=ViewRootImpl@9f6abe8[MainActivity], callback=androidx.activity.OnBackPressedDispatcher$Api33Impl$$ExternalSyntheticLambda0@5dfade
10-16 17:15:25.354 10523 10523 I IMM_LC  : hsifw() - flag : 0
10-16 17:15:25.354 10523 10523 I IMM_LC  : hsifw() - mService.hideSoftInput
10-16 17:15:25.363 10523 10523 D ScrollView: initGoToTop
10-16 17:15:25.404 10523 10523 E CoilImgLoader: Error loading image: coil3.request.NullRequestDataException: The request's data is null.
10-16 17:15:25.419 10523 10523 D ScrollView:  onsize change changed 
10-16 17:15:25.700 10523 10534 W st.cloudstream3: Cleared Reference was only reachable from finalizer (only reported once)
10-16 17:15:25.808 10523 10534 I st.cloudstream3: Background concurrent copying GC freed 18MB AllocSpace bytes, 69(3120KB) LOS objects, 49% free, 12MB/24MB, paused 523us,75us total 220.857ms
10-16 17:15:25.810 10523 10546 D OpenGLRenderer: setSurface called with nullptr
10-16 17:15:25.811 10523 10535 D InputTransport: Input channel destroyed: 'ClientS', fd=148
10-16 17:15:26.149 10523 10523 I ViewRootImpl@562a9cf[MainActivity]: ViewPostIme pointer 0
10-16 17:15:26.198 10523 10523 I ViewRootImpl@562a9cf[MainActivity]: ViewPostIme pointer 1
10-16 17:15:26.203 10523 10523 I NavComponent: Navigating to fragment: 2131361879
10-16 17:15:26.207 10523 10523 I IMM_LC  : hsifw() - flag : 0
10-16 17:15:26.207 10523 10523 I IMM_LC  : hsifw() - mService.hideSoftInput
10-16 17:15:26.952 10523 10523 I ViewRootImpl@562a9cf[MainActivity]: ViewPostIme pointer 0
10-16 17:15:26.992 10523 10523 I ViewRootImpl@562a9cf[MainActivity]: ViewPostIme pointer 1
10-16 17:15:27.012 10523 10523 I IMM_LC  : hsifw() - flag : 0
10-16 17:15:27.012 10523 10523 I IMM_LC  : hsifw() - mService.hideSoftInput
10-16 17:15:27.132 10523 10523 I PLG     : updatePluginList = https://raw.githubusercontent.com/adamwolker21/DZ/refs/heads/master/repo.json
10-16 17:15:27.132 10523 10523 I PLG     : getPlugins = https://raw.githubusercontent.com/adamwolker21/DZ/refs/heads/master/repo.json
10-16 17:15:27.299 10523 10570 D VotingApi: Requesting: https://counterapi.com/api/cs-raw.githubusercontent.com-adamwolker21-DZ/vote/6dc8375a9c21c941e4f4638f351ba59129efb002ec683156e6e11dbcbd8c1d5d?readOnly=true
10-16 17:15:28.105 10523 10523 I ViewRootImpl@562a9cf[MainActivity]: ViewPostIme pointer 0
10-16 17:15:28.151 10523 10523 I ViewRootImpl@562a9cf[MainActivity]: ViewPostIme pointer 1
10-16 17:15:28.160 10523 10571 I PLG     : handlePluginAction = https://raw.githubusercontent.com/adamwolker21/DZ/refs/heads/master/repo.json, (https://raw.githubusercontent.com/adamwolker21/DZ/refs/heads/master/repo.json, SitePlugin(url=https://raw.githubusercontent.com/adamwolker21/DZ/builds/Asiatv.one.cs3, status=1, version=1, apiVersion=1, name=Asiatv.one, internalName=Asiatv.one, authors=[adamwolker21], description=Asiatv.one, repositoryUrl=https://github.com/adamwolker21/DZ, tvTypes=[Movie, TvSeries], language=ar, iconUrl=https://asiatv.one/wp-content/uploads/2021/09/cropped-asiadrama-192x192.png.webp, fileSize=14417)), false
10-16 17:15:28.162 10523 10571 D PluginManager: Downloading plugin: https://raw.githubusercontent.com/adamwolker21/DZ/builds/Asiatv.one.cs3 to /data/user/0/com.lagradost.cloudstream3/files/Extensions/httpsraw.githubusercontent.comadamwolker21DZrefsheadsmasterrepo.json.-468825824/Asiatv.one.344131172.cs3
10-16 17:15:28.400 10523 10571 I PluginManager: Unloading plugin: /data/user/0/com.lagradost.cloudstream3/files/Extensions/httpsraw.githubusercontent.comadamwolker21DZrefsheadsmasterrepo.json.-468825824/Asiatv.one.344131172.cs3
10-16 17:15:28.400 10523 10571 W PluginManager: Couldn't find plugin /data/user/0/com.lagradost.cloudstream3/files/Extensions/httpsraw.githubusercontent.comadamwolker21DZrefsheadsmasterrepo.json.-468825824/Asiatv.one.344131172.cs3
10-16 17:15:28.401 10523 10571 I PluginManager: Loading plugin: PluginData(internalName=Asiatv.one, url=https://raw.githubusercontent.com/adamwolker21/DZ/builds/Asiatv.one.cs3, isOnline=true, filePath=/data/user/0/com.lagradost.cloudstream3/files/Extensions/httpsraw.githubusercontent.comadamwolker21DZrefsheadsmasterrepo.json.-468825824/Asiatv.one.344131172.cs3, version=-2147483648)
10-16 17:15:28.451 10523 10571 I PluginInstance: Adding AsiaTV (https://asiatv.one) MainAPI
10-16 17:15:28.451 10523 10571 I PluginManager: Loaded plugin Asiatv.one successfully
10-16 17:15:28.452 10523 10571 I PLG     : getPlugins = https://raw.githubusercontent.com/adamwolker21/DZ/refs/heads/master/repo.json
10-16 17:15:28.452 10523 10523 I COMPACT : showToast = Plugin Loaded
10-16 17:15:28.460 10523 10523 D CompatibilityChangeReporter: Compat change id reported: 147798919; UID 10526; state: ENABLED
10-16 17:15:28.461 10523 10523 E Toast   : setGravity() shouldn't be called on text toasts, the values won't be used
10-16 17:15:28.461 10523 10523 I Toast   : setView: it's a custom toast
10-16 17:15:28.468 10523 10523 V Toast   : show: caller = com.lagradost.cloudstream3.CommonActivity.showToast:175 
10-16 17:15:28.527 10523 10523 V Toast   : HANDLE SHOW: android.widget.Toast$TN@aab2cb3 mView=null mNextView=androidx.cardview.widget.CardView{7f2c270 V.E..V... ......ID 0,0-0,0 #7f0a0557 app:id/toast_layout_root}
10-16 17:15:28.528 10523 10523 V ToastPresenter: sipHeight = -39
10-16 17:15:28.530 10523 10523 V ToastPresenter: yOffset = 13
10-16 17:15:28.532 10523 10546 D NativeCustomFrequencyManager: [NativeCFMS] BpCustomFrequencyManager::BpCustomFrequencyManager()
10-16 17:15:28.542 10523 10523 D InsetsController: onStateChanged: InsetsState: {mDisplayFrame=Rect(0, 0 - 1080, 2400), mDisplayCutout=DisplayCutout{insets=Rect(0, 88 - 0, 0) waterfall=Insets{left=0, top=0, right=0, bottom=0} boundingRect={Bounds=[Rect(0, 0 - 0, 0), Rect(512, 0 - 568, 88), Rect(0, 0 - 0, 0), Rect(0, 0 - 0, 0)]} cutoutPathParserInfo={CutoutPathParserInfo{displayWidth=1080 displayHeight=2400 physicalDisplayWidth=1080 physicalDisplayHeight=2400 density={2.625} cutoutSpec={M 0,0 M 0,12.25101276465640 a 10.60613009248640,10.60613009248640 0 1,0 0,21.21226018497290 a 10.60613009248640,10.60613009248640 0 1,0 0,-21.21226018497290 Z @dp} rotation={0} scale={1.0} physicalPixelDisplaySizeRatio={1.0}}}}, mRoundedCorners=RoundedCorners{[RoundedCorner{position=TopLeft, radius=84, center=Point(84, 84)}, RoundedCorner{position=TopRight, radius=84, center=Point(996, 84)}, RoundedCorner{position=BottomRight, radius=84, center=Point(996, 2316)}, RoundedCorner{position=BottomLeft, radius=84, center=Point(84, 2316)}]}  mRoundedCornerFrame=Rect(0, 0 - 0, 0), mPrivacyIndicatorBounds=PrivacyIndicatorBounds {static bounds=Rect(964, 0 - 1080, 87) rotation=0}, mSources= { InsetsSource: {mType=ITYPE_NAVIGATION_BAR, mFrame=[0,2361][1080,2400], mVisible=true, mInsetsRoundedCornerFrame=false}, InsetsSource: {mType=ITYPE_LEFT_GESTURES, mFrame=[0,0][130,2400], mVisible=true, mInsetsRoundedCornerFrame=false}, InsetsSource: {mType=ITYPE_RIGHT_GESTURES, mFrame=[950,0][1080,2400], mVisible=true, mInsetsRoundedCornerFrame=false}, InsetsSource: {mType=ITYPE_TOP_MANDATORY_GESTURES, mFrame=[0,0][1080,120], mVisible=true, mInsetsRoundedCornerFrame=false}, InsetsSource: {mType=ITYPE_BOTTOM_MANDATORY_GESTURES, mFrame=[0,2316][1080,2400], mVisible=true, mInsetsRoundedCornerFrame=false}, InsetsSource: {mType=ITYPE_LEFT_DISPLAY_CUTOUT, mFrame=[0,0][-100000,2400], mVisible=true, mInsetsRoundedCornerFrame=false}, InsetsSource: {mType=ITYPE_TOP_DISPLAY_CUTOUT, mFrame=[0,0][1080,88], mVisible=true, mInsetsRoundedCornerFrame=false}, InsetsSource: {mType=ITYPE_RIGHT_DISPLAY_CUTOUT, mFrame=[100000,0][1080,2400], mVisible=true, mInsetsRoundedCornerFrame=false}, InsetsSource: {mType=ITYPE_BOTTOM_DISPLAY_CUTOUT, mFrame=[0,100000][1080,2400], mVisible=true, mInsetsRoundedCornerFrame=false}, InsetsSource: {mType=ITYPE_BOTTOM_TAPPABLE_ELEMENT, mFrame=[0,0][0,0], mVisible=true, mInsetsRoundedCornerFrame=false} } host=Toast from=android.view.ViewRootImpl.setView:1732
10-16 17:15:28.543 10523 10523 I ViewRootImpl@c3b19e9[Toast]: setView = androidx.cardview.widget.CardView@7f2c270 TM=true
10-16 17:15:28.549 10523 10523 I ViewRootImpl@c3b19e9[Toast]: performTraversals params={(0,13)(wrapxwrap) gr=BOTTOM CENTER sim={adjust=resize} ty=TOAST fmt=TRANSLUCENT wanim=0x1030004 surfaceInsets=Rect(11, 11 - 11, 11)
10-16 17:15:28.549 10523 10523 I ViewRootImpl@c3b19e9[Toast]:   fl=1000098
10-16 17:15:28.549 10523 10523 I ViewRootImpl@c3b19e9[Toast]:   pfl=12000000
10-16 17:15:28.549 10523 10523 I ViewRootImpl@c3b19e9[Toast]:   bhv=DEFAULT
10-16 17:15:28.549 10523 10523 I ViewRootImpl@c3b19e9[Toast]:   fitTypes=STATUS_BARS NAVIGATION_BARS CAPTION_BAR
10-16 17:15:28.549 10523 10523 I ViewRootImpl@c3b19e9[Toast]:   fitIgnoreVis naviIconColor=0}
10-16 17:15:28.550 10523 10523 I ViewRootImpl@c3b19e9[Toast]: performTraversals mFirst=true windowShouldResize=false viewVisibilityChanged=false mForceNextWindowRelayout=false params={(0,13)(wrapxwrap) gr=BOTTOM CENTER sim={adjust=resize} ty=TOAST fmt=TRANSLUCENT wanim=0x1030004 surfaceInsets=Rect(11, 11 - 11, 11)
10-16 17:15:28.550 10523 10523 I ViewRootImpl@c3b19e9[Toast]:   fl=1000098
10-16 17:15:28.550 10523 10523 I ViewRootImpl@c3b19e9[Toast]:   pfl=12000000
10-16 17:15:28.550 10523 10523 I ViewRootImpl@c3b19e9[Toast]:   bhv=DEFAULT
10-16 17:15:28.550 10523 10523 I ViewRootImpl@c3b19e9[Toast]:   fitTypes=STATUS_BARS NAVIGATION_BARS CAPTION_BAR
10-16 17:15:28.550 10523 10523 I ViewRootImpl@c3b19e9[Toast]:   fitIgnoreVis naviIconColor=0}
10-16 17:15:28.565 10523 10523 I ViewRootImpl@c3b19e9[Toast]: updateBlastSurfaceIfNeeded mBlastBufferQueue=null isSameSurfaceControl=false
10-16 17:15:28.565 10523 10523 I BLASTBufferQueue: new BLASTBufferQueue, mName= ViewRootImpl@c3b19e9[Toast] mNativeObject= 0x7b5c134800 sc.mNativeObject= 0x7b6a982580 caller= android.view.ViewRootImpl.updateBlastSurfaceIfNeeded:2909 android.view.ViewRootImpl.relayoutWindow:9847 android.view.ViewRootImpl.performTraversals:3884 android.view.ViewRootImpl.doTraversal:3116 android.view.ViewRootImpl$TraversalRunnable.run:10885 android.view.Choreographer$CallbackRecord.run:1301 android.view.Choreographer$CallbackRecord.run:1309 android.view.Choreographer.doCallbacks:923 android.view.Choreographer.doFrame:852 android.view.Choreographer$FrameDisplayEventReceiver.run:1283 
10-16 17:15:28.565 10523 10523 I BLASTBufferQueue: update, w= 373 h= 178 mName = ViewRootImpl@c3b19e9[Toast] mNativeObject= 0x7b5c134800 sc.mNativeObject= 0x7b6a982580 format= -3 caller= android.graphics.BLASTBufferQueue.<init>:84 android.view.ViewRootImpl.updateBlastSurfaceIfNeeded:2909 android.view.ViewRootImpl.relayoutWindow:9847 android.view.ViewRootImpl.performTraversals:3884 android.view.ViewRootImpl.doTraversal:3116 android.view.ViewRootImpl$TraversalRunnable.run:10885 
10-16 17:15:28.566 10523 10523 I ViewRootImpl@c3b19e9[Toast]: Relayout returned: old=(0,88,1080,2361) new=(364,2192,715,2348) req=(351,156)0 dur=15 res=0x3 s={true 0x7b387ef800} ch=true seqId=0
10-16 17:15:28.568 10523 10523 I ViewRootImpl@c3b19e9[Toast]: mThreadedRenderer.initialize() mSurface={isValid=true 0x7b387ef800} hwInitialized=true
10-16 17:15:28.569 10523 10546 D OpenGLRenderer: eglCreateWindowSurface
10-16 17:15:28.573 10523 10523 I ViewRootImpl@c3b19e9[Toast]: reportNextDraw android.view.ViewRootImpl.performTraversals:4438 android.view.ViewRootImpl.doTraversal:3116 android.view.ViewRootImpl$TraversalRunnable.run:10885 android.view.Choreographer$CallbackRecord.run:1301 android.view.Choreographer$CallbackRecord.run:1309 
10-16 17:15:28.573 10523 10523 I ViewRootImpl@c3b19e9[Toast]: Setup new sync id=0
10-16 17:15:28.573 10523 10523 I ViewRootImpl@c3b19e9[Toast]: Setting syncFrameCallback
10-16 17:15:28.573 10523 10523 I ViewRootImpl@c3b19e9[Toast]: registerCallbacksForSync syncBuffer=false
10-16 17:15:28.574 10523 10602 I ViewRootImpl@c3b19e9[Toast]: Received frameDrawingCallback syncResult=0 frameNum=1.
10-16 17:15:28.575 10523 10602 I ViewRootImpl@c3b19e9[Toast]: Setting up sync and frameCommitCallback
10-16 17:15:28.578 10523 10546 I BLASTBufferQueue: [ViewRootImpl@c3b19e9[Toast]#2](f:0,a:0) onFrameAvailable the first frame is available
10-16 17:15:28.579 10523 10546 I ViewRootImpl@c3b19e9[Toast]: Received frameCommittedCallback lastAttemptedDrawFrameNum=1 didProduceBuffer=true
10-16 17:15:28.581 10523 10546 D OpenGLRenderer: CFMS:: SetUp Pid : 10523    Tid : 10546
10-16 17:15:28.584 10523 10523 I ViewRootImpl@c3b19e9[Toast]: onSyncComplete
10-16 17:15:28.584 10523 10523 I ViewRootImpl@c3b19e9[Toast]: setupSync seqId=0 mSyncId=0 fn=1 caller=android.view.ViewRootImpl$$ExternalSyntheticLambda11.accept:6 android.window.SurfaceSyncer.lambda$setupSync$1$android-window-SurfaceSyncer:128 android.window.SurfaceSyncer$$ExternalSyntheticLambda1.accept:8 android.window.SurfaceSyncer$SyncSet.checkIfSyncIsComplete:382 android.window.SurfaceSyncer$SyncSet.markSyncReady:359 android.window.SurfaceSyncer.markSyncReady:151 android.view.ViewRootImpl.performTraversals:4503 
10-16 17:15:28.584 10523 10523 I ViewRootImpl@c3b19e9[Toast]: reportDrawFinished seqId=0 mSyncId=-1 fn=1 mSurfaceChangedTransaction=0x7b6aa08700
10-16 17:15:29.534 10523 10523 I ViewRootImpl@562a9cf[MainActivity]: ViewPostIme pointer 0
10-16 17:15:29.583 10523 10523 I ViewRootImpl@562a9cf[MainActivity]: ViewPostIme pointer 1
10-16 17:15:29.614 10523 10523 I IMM_LC  : hsifw() - flag : 0
10-16 17:15:29.615 10523 10523 I IMM_LC  : hsifw() - mService.hideSoftInput
10-16 17:15:30.339 10523 10534 I st.cloudstream3: Background concurrent copying GC freed 6798KB AllocSpace bytes, 35(2724KB) LOS objects, 50% free, 16MB/33MB, paused 210us,230us total 148.184ms
10-16 17:15:30.365 10523 10536 W System  : A resource failed to call close. 
10-16 17:15:30.479 10523 10546 D OpenGLRenderer: setSurface called with nullptr
10-16 17:15:30.479 10523 10546 D OpenGLRenderer: setSurface() destroyed EGLSurface
10-16 17:15:30.479 10523 10546 D OpenGLRenderer: destroyEglSurface
10-16 17:15:30.480 10523 10523 I ViewRootImpl@c3b19e9[Toast]: dispatchDetachedFromWindow
10-16 17:15:30.489 10523 10523 D InputTransport: Input channel destroyed: 'eb137ae', fd=147
10-16 17:15:32.370 10523 10534 I st.cloudstream3: Background concurrent copying GC freed 5482KB AllocSpace bytes, 117(14MB) LOS objects, 49% free, 15MB/30MB, paused 605us,110us total 157.437ms
10-16 17:15:32.371 10523 10546 D OpenGLRenderer: setSurface called with nullptr
10-16 17:15:33.222 10523 10523 I ViewRootImpl@562a9cf[MainActivity]: ViewPostIme pointer 0
10-16 17:15:33.411 10523 10523 I ViewRootImpl@562a9cf[MainActivity]: ViewPostIme pointer 1
10-16 17:15:33.707 10523 10523 I ViewRootImpl@562a9cf[MainActivity]: ViewPostIme pointer 0
10-16 17:15:33.986 10523 10523 I ViewRootImpl@562a9cf[MainActivity]: ViewPostIme pointer 1
10-16 17:15:35.034 10523 10523 I ViewRootImpl@562a9cf[MainActivity]: ViewPostIme pointer 0
10-16 17:15:35.265 10523 10523 I ViewRootImpl@562a9cf[MainActivity]: ViewPostIme pointer 1
10-16 17:15:35.584 10523 10523 I ViewRootImpl@562a9cf[MainActivity]: ViewPostIme pointer 0
10-16 17:15:35.794 10523 10523 I ViewRootImpl@562a9cf[MainActivity]: ViewPostIme pointer 1
10-16 17:15:37.028 10523 10523 I ViewRootImpl@562a9cf[MainActivity]: ViewPostIme pointer 0
10-16 17:15:37.186 10523 10523 I ViewRootImpl@562a9cf[MainActivity]: ViewPostIme pointer 1
10-16 17:15:38.234 10523 10523 I ViewRootImpl@562a9cf[MainActivity]: ViewPostIme pointer 0
10-16 17:15:38.383 10523 10523 I ViewRootImpl@562a9cf[MainActivity]: ViewPostIme pointer 1
10-16 17:15:39.045 10523 10523 I ViewRootImpl@562a9cf[MainActivity]: ViewPostIme pointer 0
10-16 17:15:39.111 10523 10523 I ViewRootImpl@562a9cf[MainActivity]: ViewPostIme pointer 1
10-16 17:15:39.335 10523 10523 I ViewRootImpl@562a9cf[MainActivity]: ViewPostIme pointer 0
10-16 17:15:39.401 10523 10523 I ViewRootImpl@562a9cf[MainActivity]: ViewPostIme pointer 1
10-16 17:15:39.410 10523 10523 I NavComponent: Navigating to fragment: 2131362274
10-16 17:15:39.419 10523 10523 I IMM_LC  : hsifw() - flag : 0
10-16 17:15:39.419 10523 10523 I IMM_LC  : hsifw() - mService.hideSoftInput
10-16 17:15:39.460 10523 10523 D ScrollView: initGoToTop
10-16 17:15:39.820 10523 10523 I SurfaceView@11e9862: onWindowVisibilityChanged(0) true android.view.SurfaceView{11e9862 V.E..V... ......I. 0,0-0,0} of ViewRootImpl@562a9cf[MainActivity]
10-16 17:15:39.820 10523 10523 D SurfaceView@11e9862: updateSurface: has no frame
10-16 17:15:39.830 10523 10523 I CS3ExoPlayer: SET STYLE = SaveCaptionStyle(foregroundColor=-1, backgroundColor=0, windowColor=0, edgeType=1, edgeColor=-16777216, typeface=null, typefaceFilePath=null, elevation=20, fixedTextSize=null, edgeSize=null, removeCaptions=false, removeBloat=true, upperCase=false, bold=false, italic=false, backgroundRadius=null)
10-16 17:15:39.848 10523 10523 D VideoClickActionHolder: allVideoClickActions: [null:com.lagradost.cloudstream3.actions.temp.PlayInBrowserAction, null:com.lagradost.cloudstream3.actions.temp.CopyClipboardAction, null:com.lagradost.cloudstream3.actions.temp.ViewM3U8Action, null:com.lagradost.cloudstream3.actions.temp.VlcPackage, null:com.lagradost.cloudstream3.actions.temp.MpvPackage, null:com.lagradost.cloudstream3.actions.temp.NextPlayerPackage, null:com.lagradost.cloudstream3.actions.temp.JustPlayerPackage, null:com.lagradost.cloudstream3.actions.temp.fcast.FcastAction, null:com.lagradost.cloudstream3.actions.temp.LibreTorrentPackage, null:com.lagradost.cloudstream3.actions.temp.BiglyBTPackage, null:com.lagradost.cloudstream3.actions.temp.VlcNightlyPackage, null:com.lagradost.cloudstream3.actions.temp.WebVideoCastPackage, null:com.lagradost.cloudstream3.actions.temp.MpvYTDLPackage, null:com.lagradost.cloudstream3.actions.temp.MpvKtPackage, null:com.lagradost.cloudstream3.actions.temp.MpvKtPreviewPackage, null:com.lagradost.cloudstream3.actions.AlwaysAskAction]
10-16 17:15:39.849 10523 10523 I IMM_LC  : hsifw() - flag : 0
10-16 17:15:39.849 10523 10523 I IMM_LC  : hsifw() - mService.hideSoftInput
10-16 17:15:39.852 10523 10578 I SYNCVM  : addFromUrl = https://asiatv.one/drama/tempest-%d9%85%d8%b3%d9%84%d8%b3%d9%84-%d8%a7%d9%84%d8%b9%d8%a7%d8%b5%d9%81%d8%a9-%d8%aa%d9%82%d8%b1%d9%8a%d8%b1-%d8%ad%d9%84%d9%82%d8%a7%d8%aa-%d9%85%d8%aa%d8%b1%d8%ac%d9%85%d8%a9/
10-16 17:15:39.853 10523 10578 I SYNCUTIL: getIdsFromUrl https://asiatv.one/drama/tempest-%d9%85%d8%b3%d9%84%d8%b3%d9%84-%d8%a7%d9%84%d8%b9%d8%a7%d8%b5%d9%81%d8%a9-%d8%aa%d9%82%d8%b1%d9%8a%d8%b1-%d8%ad%d9%84%d9%82%d8%a7%d8%aa-%d9%85%d8%aa%d8%b1%d8%ac%d9%85%d8%a9/
10-16 17:15:39.872 10523 10523 I SurfaceView@11e9862: onWindowVisibilityChanged(8) false android.view.SurfaceView{11e9862 V.E..V... ......I. 0,0-0,0} of ViewRootImpl@562a9cf[MainActivity]
10-16 17:15:39.872 10523 10523 D SurfaceView@11e9862: updateSurface: has no frame
10-16 17:15:39.872 10523 10523 D SurfaceView@11e9862: updateSurface: has no frame
10-16 17:15:39.872 10523 10523 I SurfaceView@11e9862: onDetachedFromWindow: tryReleaseSurfaces()
10-16 17:15:39.872 10523 10523 I SurfaceView@11e9862: releaseSurfaces: viewRoot = ViewRootImpl@562a9cf[MainActivity]
10-16 17:15:39.872 10523 10523 I SurfaceView@11e9862: applyTransactionOnVriDraw: vri = ViewRootImpl@562a9cf[MainActivity] fRS = true t = 0x7b0d900900 android.view.SurfaceView.releaseSurfaces:858 android.view.SurfaceView.onDetachedFromWindow:500 android.view.View.dispatchDetachedFromWindow:22538 
10-16 17:15:39.872 10523 10523 I SurfaceView@11e9862: applyTransactionOnVriDraw: viewRoot.applyTransactionOnDrawFromReleaseSurfaces
10-16 17:15:39.872 10523 10523 I ViewRootImpl@562a9cf[MainActivity]: applyTransactionOnDraw: mRemoved = false isHardwareEnabled = true t = 0x7b0d900900android.view.ViewRootImpl.applyTransactionOnDrawFromReleaseSurfaces:12850 android.view.SurfaceView.applyTransactionOnVriDraw:2046 android.view.SurfaceView.releaseSurfaces:858 android.view.SurfaceView.onDetachedFromWindow:500 android.view.View.dispatchDetachedFromWindow:22538 
10-16 17:15:39.875 10523 10523 I SurfaceView@11e9862: onWindowVisibilityChanged(0) true android.view.SurfaceView{11e9862 V.E..V... ......I. 0,0-0,0} of ViewRootImpl@562a9cf[MainActivity]
10-16 17:15:39.875 10523 10523 D SurfaceView@11e9862: updateSurface: has no frame
10-16 17:15:39.880 10523 10523 I DecorView: notifyKeepScreenOnChanged: keepScreenOn=false
10-16 17:15:39.895 10523 10523 I CS3ExoPlayer: reloadPlayer
10-16 17:15:39.895 10523 10523 I CS3ExoPlayer: releasePlayer
10-16 17:15:39.896 10523 10523 I CS3ExoPlayer: Handle event: PlayerAttachedEvent(player=null, source=Player)
10-16 17:15:39.903 10523 10523 I ViewRootImpl@562a9cf[MainActivity]: performTraversals params={(0,0)(fillxfill) sim={state=always_hidden adjust=resize} ty=BASE_APPLICATION wanim=0x1030309
10-16 17:15:39.903 10523 10523 I ViewRootImpl@562a9cf[MainActivity]:   fl=85810100
10-16 17:15:39.903 10523 10523 I ViewRootImpl@562a9cf[MainActivity]:   pfl=12020040
10-16 17:15:39.903 10523 10523 I ViewRootImpl@562a9cf[MainActivity]:   vsysui=500
10-16 17:15:39.903 10523 10523 I ViewRootImpl@562a9cf[MainActivity]:   bhv=DEFAULT
10-16 17:15:39.903 10523 10523 I ViewRootImpl@562a9cf[MainActivity]:   fitSides= naviIconColor=0}
10-16 17:15:39.903 10523 10523 I ViewRootImpl@562a9cf[MainActivity]: performTraversals mFirst=false windowShouldResize=false viewVisibilityChanged=false mForceNextWindowRelayout=false params={(0,0)(fillxfill) sim={state=always_hidden adjust=resize} ty=BASE_APPLICATION fmt=TRANSLUCENT wanim=0x1030309
10-16 17:15:39.903 10523 10523 I ViewRootImpl@562a9cf[MainActivity]:   fl=85810100
10-16 17:15:39.903 10523 10523 I ViewRootImpl@562a9cf[MainActivity]:   pfl=12020040
10-16 17:15:39.903 10523 10523 I ViewRootImpl@562a9cf[MainActivity]:   vsysui=500
10-16 17:15:39.903 10523 10523 I ViewRootImpl@562a9cf[MainActivity]:   bhv=DEFAULT
10-16 17:15:39.903 10523 10523 I ViewRootImpl@562a9cf[MainActivity]:   fitSides= naviIconColor=0}
10-16 17:15:39.911 10523 10523 I ViewRootImpl@562a9cf[MainActivity]: updateBlastSurfaceIfNeeded mBlastBufferQueue=0x7b5c134500 isSameSurfaceControl=true
10-16 17:15:39.912 10523 10523 I BLASTBufferQueue: update, w= 1080 h= 2400 mName = ViewRootImpl@562a9cf[MainActivity] mNativeObject= 0x7b5c134500 sc.mNativeObject= 0x7b0de2fde0 format= -3 caller= android.view.ViewRootImpl.updateBlastSurfaceIfNeeded:2898 android.view.ViewRootImpl.relayoutWindow:9847 android.view.ViewRootImpl.performTraversals:3884 android.view.ViewRootImpl.doTraversal:3116 android.view.ViewRootImpl$TraversalRunnable.run:10885 android.view.Choreographer$CallbackRecord.run:1301 
10-16 17:15:39.912 10523 10523 I ViewRootImpl@562a9cf[MainActivity]: Relayout returned: old=(0,0,1080,2400) new=(0,0,1080,2400) req=(1080,2400)0 dur=8 res=0x0 s={true 0x7b5bed3800} ch=false seqId=0
10-16 17:15:39.914 10523 10523 W View    : requestLayout() improperly called by android.widget.FrameLayout{c262863 I.E..V... ......I. 0,0-0,0 #7f0a04e7 app:id/start_panel} during layout: running second layout pass
10-16 17:15:39.914 10523 10523 W View    : requestLayout() improperly called by android.widget.FrameLayout{c1f8c60 I.E..V... ......ID 1080,0-1080,2143 #7f0a0168 app:id/end_panel} during layout: running second layout pass
10-16 17:15:39.915 10523 10523 D SurfaceView@11e9862: updateSurface: has no frame
10-16 17:15:39.920 10523 10603 I ViewRootImpl@562a9cf[MainActivity]: mWNT: t=0x7b0d900900 mBlastBufferQueue=0x7b5c134500 fn= 750 caller= android.view.ViewRootImpl.lambda$applyTransactionOnDraw$11$android-view-ViewRootImpl:12865 android.view.ViewRootImpl$$ExternalSyntheticLambda1.onFrameDraw:4 android.graphics.HardwareRenderer$FrameDrawingCallback.onFrameDraw:924 
10-16 17:15:39.925 10523 10523 D SurfaceView@11e9862: updateSurface: has no frame
10-16 17:15:39.947 10523 10523 D SurfaceView@11e9862: updateSurface: has no frame
10-16 17:15:39.969 10523 10523 D SurfaceView@11e9862: updateSurface: has no frame
10-16 17:15:39.996 10523 10523 D SurfaceView@11e9862: updateSurface: has no frame
10-16 17:15:40.010 10523 10523 D SurfaceView@11e9862: updateSurface: has no frame
10-16 17:15:40.024 10523 10523 D SurfaceView@11e9862: updateSurface: has no frame
10-16 17:15:40.041 10523 10523 D SurfaceView@11e9862: updateSurface: has no frame
10-16 17:15:40.063 10523 10523 D SurfaceView@11e9862: updateSurface: has no frame
10-16 17:15:40.075 10523 10523 D SurfaceView@11e9862: updateSurface: has no frame
10-16 17:15:40.092 10523 10523 D SurfaceView@11e9862: updateSurface: has no frame
10-16 17:15:40.109 10523 10523 D SurfaceView@11e9862: updateSurface: has no frame
10-16 17:15:40.125 10523 10523 D SurfaceView@11e9862: updateSurface: has no frame
10-16 17:15:40.141 10523 10523 D SurfaceView@11e9862: updateSurface: has no frame
10-16 17:15:40.152 10523 10574 I RVM2    : applyMeta
10-16 17:15:40.158 10523 10523 D SurfaceView@11e9862: updateSurface: has no frame
10-16 17:15:40.175 10523 10523 D SurfaceView@11e9862: updateSurface: has no frame
10-16 17:15:40.191 10523 10523 D SurfaceView@11e9862: updateSurface: has no frame
10-16 17:15:40.209 10523 10523 D SurfaceView@11e9862: updateSurface: has no frame
10-16 17:15:40.228 10523 10523 D SurfaceView@11e9862: updateSurface: has no frame
10-16 17:15:40.245 10523 10523 D SurfaceView@11e9862: updateSurface: has no frame
10-16 17:15:40.261 10523 10523 D SurfaceView@11e9862: updateSurface: has no frame
10-16 17:15:40.270 10523 10534 I st.cloudstream3: Background concurrent copying GC freed 9358KB AllocSpace bytes, 24(2456KB) LOS objects, 49% free, 20MB/41MB, paused 440us,88us total 180.055ms
10-16 17:15:40.274 10523 10523 D SurfaceView@11e9862: updateSurface: has no frame
10-16 17:15:40.291 10523 10523 D SurfaceView@11e9862: updateSurface: has no frame
10-16 17:15:40.308 10523 10523 D SurfaceView@11e9862: updateSurface: has no frame
10-16 17:15:40.324 10523 10523 D SurfaceView@11e9862: updateSurface: has no frame
10-16 17:15:40.341 10523 10523 D SurfaceView@11e9862: updateSurface: has no frame
10-16 17:15:40.358 10523 10523 D SurfaceView@11e9862: updateSurface: has no frame
10-16 17:15:40.374 10523 10523 D SurfaceView@11e9862: updateSurface: has no frame
10-16 17:15:40.391 10523 10523 D SurfaceView@11e9862: updateSurface: has no frame
10-16 17:15:40.407 10523 10523 D SurfaceView@11e9862: updateSurface: has no frame
10-16 17:15:40.424 10523 10523 D SurfaceView@11e9862: updateSurface: has no frame
10-16 17:15:40.441 10523 10523 D SurfaceView@11e9862: updateSurface: has no frame
10-16 17:15:40.457 10523 10523 D SurfaceView@11e9862: updateSurface: has no frame
10-16 17:15:40.474 10523 10523 D SurfaceView@11e9862: updateSurface: has no frame
10-16 17:15:40.491 10523 10523 D SurfaceView@11e9862: updateSurface: has no frame
10-16 17:15:40.507 10523 10523 D SurfaceView@11e9862: updateSurface: has no frame
10-16 17:15:40.524 10523 10523 D SurfaceView@11e9862: updateSurface: has no frame
10-16 17:15:40.537 10523 10523 W PanelsChildGestureRegionObserver: failed to register view with ID 2131362800. already registered
10-16 17:15:40.541 10523 10523 E CoilImgLoader: Error loading image: coil3.request.NullRequestDataException: The request's data is null.
10-16 17:15:40.547 10523 10523 E CoilImgLoader: Error loading image: coil3.request.NullRequestDataException: The request's data is null.
10-16 17:15:40.606 10523 10580 I SYNCVM  : addFromUrl = https://asiatv.one/drama/tempest-%d9%85%d8%b3%d9%84%d8%b3%d9%84-%d8%a7%d9%84%d8%b9%d8%a7%d8%b5%d9%81%d8%a9-%d8%aa%d9%82%d8%b1%d9%8a%d8%b1-%d8%ad%d9%84%d9%82%d8%a7%d8%aa-%d9%85%d8%aa%d8%b1%d8%ac%d9%85%d8%a9/
10-16 17:15:40.606 10523 10580 I SYNCUTIL: getIdsFromUrl https://asiatv.one/drama/tempest-%d9%85%d8%b3%d9%84%d8%b3%d9%84-%d8%a7%d9%84%d8%b9%d8%a7%d8%b5%d9%81%d8%a9-%d8%aa%d9%82%d8%b1%d9%8a%d8%b1-%d8%ad%d9%84%d9%82%d8%a7%d8%aa-%d9%85%d8%aa%d8%b1%d8%ac%d9%85%d8%a9/
10-16 17:15:40.782 10523 10523 D SurfaceView@11e9862: updateSurface: has no frame
10-16 17:15:40.786 10523 10523 I SurfaceView@11e9862: Changes: creating=true format=true size=true visible=true alpha=false hint=false mUseAlpha=false visible=true left=true top=true
10-16 17:15:40.789 10523 10523 I BLASTBufferQueue: update, w= 1080 h= 525 mName = null mNativeObject= 0x7b6aa37100 sc.mNativeObject= 0x7b0dc0b4e0 format= 4 caller= android.view.SurfaceView.createBlastSurfaceControls:1383 android.view.SurfaceView.updateSurface:1079 android.view.SurfaceView.lambda$new$0$android-view-SurfaceView:200 android.view.SurfaceView$$ExternalSyntheticLambda5.onPreDraw:2 android.view.ViewTreeObserver.dispatchOnPreDraw:1121 android.view.ViewRootImpl.performTraversals:4442 
10-16 17:15:40.790 10523 10523 I SurfaceView@11e9862: 18782306 Cur surface: Surface(name=null)/@0x7ae34fe
10-16 17:15:40.790 10523 10523 I SurfaceView@11e9862: pST: sr = Rect(0, 218 - 1080, 743) sw = 1080 sh = 525
10-16 17:15:40.790 10523 10523 D SurfaceView@11e9862: performSurfaceTransaction RenderWorker position = [0, 218, 1080, 743] surfaceSize = 1080x525
10-16 17:15:40.790 10523 10523 I SurfaceView@11e9862: applyTransactionOnVriDraw: vri = ViewRootImpl@562a9cf[MainActivity] fRS = false t = 0x7b1a5b9300 android.view.SurfaceView.performSurfaceTransaction:959 android.view.SurfaceView.updateSurface:1105 android.view.SurfaceView.lambda$new$0$android-view-SurfaceView:200 
10-16 17:15:40.790 10523 10523 I ViewRootImpl@562a9cf[MainActivity]: applyTransactionOnDraw: mRemoved = false isHardwareEnabled = true t = 0x7b1a5b9300android.view.SurfaceView.applyTransactionOnVriDraw:2048 android.view.SurfaceView.performSurfaceTransaction:959 android.view.SurfaceView.updateSurface:1105 android.view.SurfaceView.lambda$new$0$android-view-SurfaceView:200 android.view.SurfaceView$$ExternalSyntheticLambda5.onPreDraw:2 
10-16 17:15:40.790 10523 10523 I SurfaceView@11e9862: updateSurface: mVisible = true mSurface.isValid() = true
10-16 17:15:40.790 10523 10523 I SurfaceView@11e9862: updateSurface: mSurfaceCreated = false surfaceChanged = true visibleChanged = true
10-16 17:15:40.790 10523 10523 I SurfaceView@11e9862: visibleChanged -- surfaceCreated
10-16 17:15:40.790 10523 10523 I SurfaceView@11e9862: surfaceCreated 0 #8 android.view.SurfaceView{11e9862 V.E..V... ......ID 0,0-1080,525}
10-16 17:15:40.790 10523 10523 I SurfaceView@11e9862: surfaceChanged -- format=4 w=1080 h=525
10-16 17:15:40.790 10523 10523 I SurfaceView@11e9862: surfaceChanged (1080,525) 0 #8 android.view.SurfaceView{11e9862 V.E..V... ......ID 0,0-1080,525}
10-16 17:15:40.790 10523 10523 I SurfaceView@11e9862: surfaceRedrawNeeded
10-16 17:15:40.791 10523 10523 V SurfaceView@11e9862: Layout: x=0 y=218 w=1080 h=525, frame=Rect(0, 0 - 1080, 525)
10-16 17:15:40.815 10523 10602 D SurfaceView@11e9862: updateSurfacePosition RenderWorker, frameNr = 786, position = [0, 218, 1080, 743] surfaceSize = 1080x525
10-16 17:15:40.815 10523 10602 I SurfaceView@11e9862: uSP: rtp = Rect(0, 218 - 1080, 743) rtsw = 1080 rtsh = 525
10-16 17:15:40.815 10523 10602 I SurfaceView@11e9862: onSSPAndSRT: pl = 0 pt = 218 sx = 1.0 sy = 1.0
10-16 17:15:40.816 10523 10602 I SurfaceView@11e9862: aOrMT: ViewRootImpl@562a9cf[MainActivity] t = android.view.SurfaceControl$Transaction@a8e8962 fN = 786 android.view.SurfaceView.-$$Nest$mapplyOrMergeTransaction:0 android.view.SurfaceView$SurfaceViewPositionUpdateListener.positionChanged:1537 android.graphics.RenderNode$CompositePositionUpdateListener.positionChanged:373 
10-16 17:15:40.816 10523 10602 I ViewRootImpl@562a9cf[MainActivity]: mWNT: t=0x7b1a5b9500 mBlastBufferQueue=0x7b5c134500 fn= 786 caller= android.view.SurfaceView.applyOrMergeTransaction:1455 android.view.SurfaceView.-$$Nest$mapplyOrMergeTransaction:0 android.view.SurfaceView$SurfaceViewPositionUpdateListener.positionChanged:1537 
10-16 17:15:40.816 10523 10602 I ViewRootImpl@562a9cf[MainActivity]: mWNT: t=0x7b1a5b9300 mBlastBufferQueue=0x7b5c134500 fn= 786 caller= android.view.ViewRootImpl.lambda$applyTransactionOnDraw$11$android-view-ViewRootImpl:12865 android.view.ViewRootImpl$$ExternalSyntheticLambda1.onFrameDraw:4 android.graphics.HardwareRenderer$FrameDrawingCallback.onFrameDraw:924 
10-16 17:15:40.864 10523 10523 I SurfaceView@11e9862: finishedDrawing
10-16 17:15:41.831 10523 10523 I ViewRootImpl@562a9cf[MainActivity]: ViewPostIme pointer 0
10-16 17:15:41.867 10523 10523 I SurfaceView@11e9862: Changes: creating=false format=false size=false visible=false alpha=false hint=false mUseAlpha=false visible=false left=false top=true
10-16 17:15:41.867 10523 10523 I SurfaceView@11e9862: 18782306 Cur surface: Surface(name=null)/@0x7ae34fe
10-16 17:15:41.868 10523 10523 I SurfaceView@11e9862: applyTransactionOnVriDraw: vri = ViewRootImpl@562a9cf[MainActivity] fRS = false t = 0x7b1a65e400 android.view.SurfaceView.performSurfaceTransaction:959 android.view.SurfaceView.updateSurface:1105 android.view.SurfaceView.lambda$new$0$android-view-SurfaceView:200 
10-16 17:15:41.869 10523 10523 I ViewRootImpl@562a9cf[MainActivity]: applyTransactionOnDraw: mRemoved = false isHardwareEnabled = true t = 0x7b1a65e400android.view.SurfaceView.applyTransactionOnVriDraw:2048 android.view.SurfaceView.performSurfaceTransaction:959 android.view.SurfaceView.updateSurface:1105 android.view.SurfaceView.lambda$new$0$android-view-SurfaceView:200 android.view.SurfaceView$$ExternalSyntheticLambda5.onPreDraw:2 
10-16 17:15:41.870 10523 10523 I SurfaceView@11e9862: updateSurface: mVisible = true mSurface.isValid() = true
10-16 17:15:41.870 10523 10523 I SurfaceView@11e9862: updateSurface: mSurfaceCreated = true surfaceChanged = false visibleChanged = false
10-16 17:15:41.870 10523 10523 V SurfaceView@11e9862: Layout: x=0 y=204 w=1080 h=525, frame=Rect(0, 0 - 1080, 525)
10-16 17:15:41.874 10523 10603 D SurfaceView@11e9862: updateSurfacePosition RenderWorker, frameNr = 820, position = [0, 204, 1080, 729] surfaceSize = 1080x525
10-16 17:15:41.874 10523 10603 I SurfaceView@11e9862: uSP: rtp = Rect(0, 204 - 1080, 729) rtsw = 1080 rtsh = 525
10-16 17:15:41.874 10523 10603 I SurfaceView@11e9862: onSSPAndSRT: pl = 0 pt = 204 sx = 1.0 sy = 1.0
10-16 17:15:41.875 10523 10603 I SurfaceView@11e9862: aOrMT: ViewRootImpl@562a9cf[MainActivity] t = android.view.SurfaceControl$Transaction@a8e8962 fN = 820 android.view.SurfaceView.-$$Nest$mapplyOrMergeTransaction:0 android.view.SurfaceView$SurfaceViewPositionUpdateListener.positionChanged:1537 android.graphics.RenderNode$CompositePositionUpdateListener.positionChanged:373 
10-16 17:15:41.875 10523 10603 I ViewRootImpl@562a9cf[MainActivity]: mWNT: t=0x7b1a5b9500 mBlastBufferQueue=0x7b5c134500 fn= 820 caller= android.view.SurfaceView.applyOrMergeTransaction:1455 android.view.SurfaceView.-$$Nest$mapplyOrMergeTransaction:0 android.view.SurfaceView$SurfaceViewPositionUpdateListener.positionChanged:1537 
10-16 17:15:41.876 10523 10603 I ViewRootImpl@562a9cf[MainActivity]: mWNT: t=0x7b1a65e400 mBlastBufferQueue=0x7b5c134500 fn= 820 caller= android.view.ViewRootImpl.lambda$applyTransactionOnDraw$11$android-view-ViewRootImpl:12865 android.view.ViewRootImpl$$ExternalSyntheticLambda1.onFrameDraw:4 android.graphics.HardwareRenderer$FrameDrawingCallback.onFrameDraw:924 
10-16 17:15:41.882 10523 10523 I SurfaceView@11e9862: Changes: creating=false format=false size=false visible=false alpha=false hint=false mUseAlpha=false visible=false left=false top=true
10-16 17:15:41.882 10523 10523 I SurfaceView@11e9862: 18782306 Cur surface: Surface(name=null)/@0x7ae34fe
10-16 17:15:41.883 10523 10523 I SurfaceView@11e9862: applyTransactionOnVriDraw: vri = ViewRootImpl@562a9cf[MainActivity] fRS = false t = 0x7b1a65e100 android.view.SurfaceView.performSurfaceTransaction:959 android.view.SurfaceView.updateSurface:1105 android.view.SurfaceView.lambda$new$0$android-view-SurfaceView:200 
10-16 17:15:41.884 10523 10523 I ViewRootImpl@562a9cf[MainActivity]: applyTransactionOnDraw: mRemoved = false isHardwareEnabled = true t = 0x7b1a65e100android.view.SurfaceView.applyTransactionOnVriDraw:2048 android.view.SurfaceView.performSurfaceTransaction:959 android.view.SurfaceView.updateSurface:1105 android.view.SurfaceView.lambda$new$0$android-view-SurfaceView:200 android.view.SurfaceView$$ExternalSyntheticLambda5.onPreDraw:2 
10-16 17:15:41.884 10523 10523 I SurfaceView@11e9862: updateSurface: mVisible = true mSurface.isValid() = true
10-16 17:15:41.884 10523 10523 I SurfaceView@11e9862: updateSurface: mSurfaceCreated = true surfaceChanged = false visibleChanged = false
10-16 17:15:41.884 10523 10523 V SurfaceView@11e9862: Layout: x=0 y=140 w=1080 h=525, frame=Rect(0, 0 - 1080, 525)
10-16 17:15:41.895 10523 10602 D SurfaceView@11e9862: updateSurfacePosition RenderWorker, frameNr = 821, position = [0, 140, 1080, 665] surfaceSize = 1080x525
10-16 17:15:41.895 10523 10602 I SurfaceView@11e9862: uSP: rtp = Rect(0, 140 - 1080, 665) rtsw = 1080 rtsh = 525
10-16 17:15:41.895 10523 10602 I SurfaceView@11e9862: onSSPAndSRT: pl = 0 pt = 140 sx = 1.0 sy = 1.0
10-16 17:15:41.896 10523 10602 I SurfaceView@11e9862: aOrMT: ViewRootImpl@562a9cf[MainActivity] t = android.view.SurfaceControl$Transaction@a8e8962 fN = 821 android.view.SurfaceView.-$$Nest$mapplyOrMergeTransaction:0 android.view.SurfaceView$SurfaceViewPositionUpdateListener.positionChanged:1537 android.graphics.RenderNode$CompositePositionUpdateListener.positionChanged:373 
10-16 17:15:41.896 10523 10602 I ViewRootImpl@562a9cf[MainActivity]: mWNT: t=0x7b1a5b9500 mBlastBufferQueue=0x7b5c134500 fn= 821 caller= android.view.SurfaceView.applyOrMergeTransaction:1455 android.view.SurfaceView.-$$Nest$mapplyOrMergeTransaction:0 android.view.SurfaceView$SurfaceViewPositionUpdateListener.positionChanged:1537 
10-16 17:15:41.896 10523 10602 I ViewRootImpl@562a9cf[MainActivity]: mWNT: t=0x7b1a65e100 mBlastBufferQueue=0x7b5c134500 fn= 821 caller= android.view.ViewRootImpl.lambda$applyTransactionOnDraw$11$android-view-ViewRootImpl:12865 android.view.ViewRootImpl$$ExternalSyntheticLambda1.onFrameDraw:4 android.graphics.HardwareRenderer$FrameDrawingCallback.onFrameDraw:924 
10-16 17:15:41.903 10523 10523 I SurfaceView@11e9862: Changes: creating=false format=false size=false visible=false alpha=false hint=false mUseAlpha=false visible=false left=false top=true
10-16 17:15:41.903 10523 10523 I SurfaceView@11e9862: 18782306 Cur surface: Surface(name=null)/@0x7ae34fe
10-16 17:15:41.904 10523 10523 I SurfaceView@11e9862: applyTransactionOnVriDraw: vri = ViewRootImpl@562a9cf[MainActivity] fRS = false t = 0x7b1a6f2700 android.view.SurfaceView.performSurfaceTransaction:959 android.view.SurfaceView.updateSurface:1105 android.view.SurfaceView.lambda$new$0$android-view-SurfaceView:200 
10-16 17:15:41.905 10523 10523 I ViewRootImpl@562a9cf[MainActivity]: applyTransactionOnDraw: mRemoved = false isHardwareEnabled = true t = 0x7b1a6f2700android.view.SurfaceView.applyTransactionOnVriDraw:2048 android.view.SurfaceView.performSurfaceTransaction:959 android.view.SurfaceView.updateSurface:1105 android.view.SurfaceView.lambda$new$0$android-view-SurfaceView:200 android.view.SurfaceView$$ExternalSyntheticLambda5.onPreDraw:2 
10-16 17:15:41.905 10523 10523 I SurfaceView@11e9862: updateSurface: mVisible = true mSurface.isValid() = true
10-16 17:15:41.905 10523 10523 I SurfaceView@11e9862: updateSurface: mSurfaceCreated = true surfaceChanged = false visibleChanged = false
10-16 17:15:41.905 10523 10523 V SurfaceView@11e9862: Layout: x=0 y=66 w=1080 h=525, frame=Rect(0, 0 - 1080, 525)
10-16 17:15:41.917 10523 10603 D SurfaceView@11e9862: updateSurfacePosition RenderWorker, frameNr = 822, position = [0, 66, 1080, 591] surfaceSize = 1080x525
10-16 17:15:41.918 10523 10603 I SurfaceView@11e9862: uSP: rtp = Rect(0, 66 - 1080, 591) rtsw = 1080 rtsh = 525
10-16 17:15:41.918 10523 10603 I SurfaceView@11e9862: onSSPAndSRT: pl = 0 pt = 66 sx = 1.0 sy = 1.0
10-16 17:15:41.918 10523 10603 I SurfaceView@11e9862: aOrMT: ViewRootImpl@562a9cf[MainActivity] t = android.view.SurfaceControl$Transaction@a8e8962 fN = 822 android.view.SurfaceView.-$$Nest$mapplyOrMergeTransaction:0 android.view.SurfaceView$SurfaceViewPositionUpdateListener.positionChanged:1537 android.graphics.RenderNode$CompositePositionUpdateListener.positionChanged:373 
10-16 17:15:41.918 10523 10603 I ViewRootImpl@562a9cf[MainActivity]: mWNT: t=0x7b1a5b9500 mBlastBufferQueue=0x7b5c134500 fn= 822 caller= android.view.SurfaceView.applyOrMergeTransaction:1455 android.view.SurfaceView.-$$Nest$mapplyOrMergeTransaction:0 android.view.SurfaceView$SurfaceViewPositionUpdateListener.positionChanged:1537 
10-16 17:15:41.919 10523 10603 I ViewRootImpl@562a9cf[MainActivity]: mWNT: t=0x7b1a6f2700 mBlastBufferQueue=0x7b5c134500 fn= 822 caller= android.view.ViewRootImpl.lambda$applyTransactionOnDraw$11$android-view-ViewRootImpl:12865 android.view.ViewRootImpl$$ExternalSyntheticLambda1.onFrameDraw:4 android.graphics.HardwareRenderer$FrameDrawingCallback.onFrameDraw:924 
10-16 17:15:41.925 10523 10523 I SurfaceView@11e9862: Changes: creating=false format=false size=false visible=false alpha=false hint=false mUseAlpha=false visible=false left=false top=true
10-16 17:15:41.925 10523 10523 I SurfaceView@11e9862: 18782306 Cur surface: Surface(name=null)/@0x7ae34fe
10-16 17:15:41.926 10523 10523 I SurfaceView@11e9862: applyTransactionOnVriDraw: vri = ViewRootImpl@562a9cf[MainActivity] fRS = false t = 0x7b1a6f2900 android.view.SurfaceView.performSurfaceTransaction:959 android.view.SurfaceView.updateSurface:1105 android.view.SurfaceView.lambda$new$0$android-view-SurfaceView:200 
10-16 17:15:41.927 10523 10523 I ViewRootImpl@562a9cf[MainActivity]: applyTransactionOnDraw: mRemoved = false isHardwareEnabled = true t = 0x7b1a6f2900android.view.SurfaceView.applyTransactionOnVriDraw:2048 android.view.SurfaceView.performSurfaceTransaction:959 android.view.SurfaceView.updateSurface:1105 android.view.SurfaceView.lambda$new$0$android-view-SurfaceView:200 android.view.SurfaceView$$ExternalSyntheticLambda5.onPreDraw:2 
10-16 17:15:41.927 10523 10523 I SurfaceView@11e9862: updateSurface: mVisible = true mSurface.isValid() = true
10-16 17:15:41.927 10523 10523 I SurfaceView@11e9862: updateSurface: mSurfaceCreated = true surfaceChanged = false visibleChanged = false
10-16 17:15:41.927 10523 10523 V SurfaceView@11e9862: Layout: x=0 y=-14 w=1080 h=525, frame=Rect(0, 0 - 1080, 525)
10-16 17:15:41.935 10523 10602 D SurfaceView@11e9862: updateSurfacePosition RenderWorker, frameNr = 823, position = [0, -14, 1080, 511] surfaceSize = 1080x525
10-16 17:15:41.935 10523 10602 I SurfaceView@11e9862: uSP: rtp = Rect(0, -14 - 1080, 511) rtsw = 1080 rtsh = 525
10-16 17:15:41.935 10523 10602 I SurfaceView@11e9862: onSSPAndSRT: pl = 0 pt = -14 sx = 1.0 sy = 1.0
10-16 17:15:41.935 10523 10602 I SurfaceView@11e9862: aOrMT: ViewRootImpl@562a9cf[MainActivity] t = android.view.SurfaceControl$Transaction@a8e8962 fN = 823 android.view.SurfaceView.-$$Nest$mapplyOrMergeTransaction:0 android.view.SurfaceView$SurfaceViewPositionUpdateListener.positionChanged:1537 android.graphics.RenderNode$CompositePositionUpdateListener.positionChanged:373 
10-16 17:15:41.936 10523 10602 I ViewRootImpl@562a9cf[MainActivity]: mWNT: t=0x7b1a5b9500 mBlastBufferQueue=0x7b5c134500 fn= 823 caller= android.view.SurfaceView.applyOrMergeTransaction:1455 android.view.SurfaceView.-$$Nest$mapplyOrMergeTransaction:0 android.view.SurfaceView$SurfaceViewPositionUpdateListener.positionChanged:1537 
10-16 17:15:41.936 10523 10602 I ViewRootImpl@562a9cf[MainActivity]: mWNT: t=0x7b1a6f2900 mBlastBufferQueue=0x7b5c134500 fn= 823 caller= android.view.ViewRootImpl.lambda$applyTransactionOnDraw$11$android-view-ViewRootImpl:12865 android.view.ViewRootImpl$$ExternalSyntheticLambda1.onFrameDraw:4 android.graphics.HardwareRenderer$FrameDrawingCallback.onFrameDraw:924 
10-16 17:15:41.941 10523 10523 I SurfaceView@11e9862: Changes: creating=false format=false size=false visible=false alpha=false hint=false mUseAlpha=false visible=false left=false top=true
10-16 17:15:41.942 10523 10523 I SurfaceView@11e9862: 18782306 Cur surface: Surface(name=null)/@0x7ae34fe
10-16 17:15:41.942 10523 10523 I SurfaceView@11e9862: applyTransactionOnVriDraw: vri = ViewRootImpl@562a9cf[MainActivity] fRS = false t = 0x7b1a6f2b00 android.view.SurfaceView.performSurfaceTransaction:959 android.view.SurfaceView.updateSurface:1105 android.view.SurfaceView.lambda$new$0$android-view-SurfaceView:200 
10-16 17:15:41.942 10523 10523 I ViewRootImpl@562a9cf[MainActivity]: applyTransactionOnDraw: mRemoved = false isHardwareEnabled = true t = 0x7b1a6f2b00android.view.SurfaceView.applyTransactionOnVriDraw:2048 android.view.SurfaceView.performSurfaceTransaction:959 android.view.SurfaceView.updateSurface:1105 android.view.SurfaceView.lambda$new$0$android-view-SurfaceView:200 android.view.SurfaceView$$ExternalSyntheticLambda5.onPreDraw:2 
10-16 17:15:41.943 10523 10523 I SurfaceView@11e9862: updateSurface: mVisible = true mSurface.isValid() = true
10-16 17:15:41.943 10523 10523 I SurfaceView@11e9862: updateSurface: mSurfaceCreated = true surfaceChanged = false visibleChanged = false
10-16 17:15:41.943 10523 10523 V SurfaceView@11e9862: Layout: x=0 y=-82 w=1080 h=525, frame=Rect(0, 0 - 1080, 525)
10-16 17:15:41.948 10523 10603 D SurfaceView@11e9862: updateSurfacePosition RenderWorker, frameNr = 824, position = [0, -82, 1080, 443] surfaceSize = 1080x525
10-16 17:15:41.948 10523 10603 I SurfaceView@11e9862: uSP: rtp = Rect(0, -82 - 1080, 443) rtsw = 1080 rtsh = 525
10-16 17:15:41.948 10523 10603 I SurfaceView@11e9862: onSSPAndSRT: pl = 0 pt = -82 sx = 1.0 sy = 1.0
10-16 17:15:41.948 10523 10603 I SurfaceView@11e9862: aOrMT: ViewRootImpl@562a9cf[MainActivity] t = android.view.SurfaceControl$Transaction@a8e8962 fN = 824 android.view.SurfaceView.-$$Nest$mapplyOrMergeTransaction:0 android.view.SurfaceView$SurfaceViewPositionUpdateListener.positionChanged:1537 android.graphics.RenderNode$CompositePositionUpdateListener.positionChanged:373 
10-16 17:15:41.949 10523 10603 I ViewRootImpl@562a9cf[MainActivity]: mWNT: t=0x7b1a5b9500 mBlastBufferQueue=0x7b5c134500 fn= 824 caller= android.view.SurfaceView.applyOrMergeTransaction:1455 android.view.SurfaceView.-$$Nest$mapplyOrMergeTransaction:0 android.view.SurfaceView$SurfaceViewPositionUpdateListener.positionChanged:1537 
10-16 17:15:41.949 10523 10603 I ViewRootImpl@562a9cf[MainActivity]: mWNT: t=0x7b1a6f2b00 mBlastBufferQueue=0x7b5c134500 fn= 824 caller= android.view.ViewRootImpl.lambda$applyTransactionOnDraw$11$android-view-ViewRootImpl:12865 android.view.ViewRootImpl$$ExternalSyntheticLambda1.onFrameDraw:4 android.graphics.HardwareRenderer$FrameDrawingCallback.onFrameDraw:924 
10-16 17:15:41.952 10523 10523 I SurfaceView@11e9862: Changes: creating=false format=false size=false visible=false alpha=false hint=false mUseAlpha=false visible=false left=false top=true
10-16 17:15:41.952 10523 10523 I SurfaceView@11e9862: 18782306 Cur surface: Surface(name=null)/@0x7ae34fe
10-16 17:15:41.953 10523 10523 I SurfaceView@11e9862: applyTransactionOnVriDraw: vri = ViewRootImpl@562a9cf[MainActivity] fRS = false t = 0x7b1a6f2d00 android.view.SurfaceView.performSurfaceTransaction:959 android.view.SurfaceView.updateSurface:1105 android.view.SurfaceView.lambda$new$0$android-view-SurfaceView:200 
10-16 17:15:41.953 10523 10523 I ViewRootImpl@562a9cf[MainActivity]: applyTransactionOnDraw: mRemoved = false isHardwareEnabled = true t = 0x7b1a6f2d00android.view.SurfaceView.applyTransactionOnVriDraw:2048 android.view.SurfaceView.performSurfaceTransaction:959 android.view.SurfaceView.updateSurface:1105 android.view.SurfaceView.lambda$new$0$android-view-SurfaceView:200 android.view.SurfaceView$$ExternalSyntheticLambda5.onPreDraw:2 
10-16 17:15:41.953 10523 10523 I SurfaceView@11e9862: updateSurface: mVisible = true mSurface.isValid() = true
10-16 17:15:41.953 10523 10523 I SurfaceView@11e9862: updateSurface: mSurfaceCreated = true surfaceChanged = false visibleChanged = false
10-16 17:15:41.954 10523 10523 V SurfaceView@11e9862: Layout: x=0 y=-144 w=1080 h=525, frame=Rect(0, 0 - 1080, 525)
10-16 17:15:41.958 10523 10602 D SurfaceView@11e9862: updateSurfacePosition RenderWorker, frameNr = 825, position = [0, -144, 1080, 381] surfaceSize = 1080x525
10-16 17:15:41.959 10523 10602 I SurfaceView@11e9862: uSP: rtp = Rect(0, -144 - 1080, 381) rtsw = 1080 rtsh = 525
10-16 17:15:41.959 10523 10602 I SurfaceView@11e9862: onSSPAndSRT: pl = 0 pt = -144 sx = 1.0 sy = 1.0
10-16 17:15:41.959 10523 10602 I SurfaceView@11e9862: aOrMT: ViewRootImpl@562a9cf[MainActivity] t = android.view.SurfaceControl$Transaction@a8e8962 fN = 825 android.view.SurfaceView.-$$Nest$mapplyOrMergeTransaction:0 android.view.SurfaceView$SurfaceViewPositionUpdateListener.positionChanged:1537 android.graphics.RenderNode$CompositePositionUpdateListener.positionChanged:373 
10-16 17:15:41.960 10523 10602 I ViewRootImpl@562a9cf[MainActivity]: mWNT: t=0x7b1a5b9500 mBlastBufferQueue=0x7b5c134500 fn= 825 caller= android.view.SurfaceView.applyOrMergeTransaction:1455 android.view.SurfaceView.-$$Nest$mapplyOrMergeTransaction:0 android.view.SurfaceView$SurfaceViewPositionUpdateListener.positionChanged:1537 
