10-16 17:52:54.590 21495 21495 I ViewRootImpl@6dcaa2e[MainActivity]: applyTransactionOnDraw: mRemoved = false isHardwareEnabled = true t = 0x7bdd4b1100android.view.SurfaceView.applyTransactionOnVriDraw:2048 android.view.SurfaceView.performSurfaceTransaction:959 android.view.SurfaceView.updateSurface:1105 android.view.SurfaceView.lambda$new$0$android-view-SurfaceView:200 android.view.SurfaceView$$ExternalSyntheticLambda5.onPreDraw:2 
10-16 17:52:54.590 21495 21495 I SurfaceView@184d2cc: updateSurface: mVisible = true mSurface.isValid() = true
10-16 17:52:54.590 21495 21495 I SurfaceView@184d2cc: updateSurface: mSurfaceCreated = true surfaceChanged = false visibleChanged = false
10-16 17:52:54.590 21495 21495 V SurfaceView@184d2cc: Layout: x=0 y=98 w=1080 h=525, frame=Rect(0, 0 - 1080, 525)
10-16 17:52:54.602 21495 21575 D SurfaceView@184d2cc: updateSurfacePosition RenderWorker, frameNr = 783, position = [0, 98, 1080, 623] surfaceSize = 1080x525
10-16 17:52:54.603 21495 21575 I SurfaceView@184d2cc: uSP: rtp = Rect(0, 98 - 1080, 623) rtsw = 1080 rtsh = 525
10-16 17:52:54.603 21495 21575 I SurfaceView@184d2cc: onSSPAndSRT: pl = 0 pt = 98 sx = 1.0 sy = 1.0
10-16 17:52:54.603 21495 21575 I SurfaceView@184d2cc: aOrMT: ViewRootImpl@6dcaa2e[MainActivity] t = android.view.SurfaceControl$Transaction@44988b8 fN = 783 android.view.SurfaceView.-$$Nest$mapplyOrMergeTransaction:0 android.view.SurfaceView$SurfaceViewPositionUpdateListener.positionChanged:1537 android.graphics.RenderNode$CompositePositionUpdateListener.positionChanged:373 
10-16 17:52:54.604 21495 21575 I ViewRootImpl@6dcaa2e[MainActivity]: mWNT: t=0x7b17979b00 mBlastBufferQueue=0x7b5b836800 fn= 783 caller= android.view.SurfaceView.applyOrMergeTransaction:1455 android.view.SurfaceView.-$$Nest$mapplyOrMergeTransaction:0 android.view.SurfaceView$SurfaceViewPositionUpdateListener.positionChanged:1537 
10-16 17:52:54.604 21495 21575 I ViewRootImpl@6dcaa2e[MainActivity]: mWNT: t=0x7bdd4b1100 mBlastBufferQueue=0x7b5b836800 fn= 783 caller= android.view.ViewRootImpl.lambda$applyTransactionOnDraw$11$android-view-ViewRootImpl:12865 android.view.ViewRootImpl$$ExternalSyntheticLambda1.onFrameDraw:4 android.graphics.HardwareRenderer$FrameDrawingCallback.onFrameDraw:924 
10-16 17:52:54.607 21495 21495 I SurfaceView@184d2cc: Changes: creating=false format=false size=false visible=false alpha=false hint=false mUseAlpha=false visible=false left=false top=true
10-16 17:52:54.607 21495 21495 I SurfaceView@184d2cc: 25481932 Cur surface: Surface(name=null)/@0x649305d
10-16 17:52:54.608 21495 21495 I SurfaceView@184d2cc: applyTransactionOnVriDraw: vri = ViewRootImpl@6dcaa2e[MainActivity] fRS = false t = 0x7bdd4b1300 android.view.SurfaceView.performSurfaceTransaction:959 android.view.SurfaceView.updateSurface:1105 android.view.SurfaceView.lambda$new$0$android-view-SurfaceView:200 
10-16 17:52:54.608 21495 21495 I ViewRootImpl@6dcaa2e[MainActivity]: applyTransactionOnDraw: mRemoved = false isHardwareEnabled = true t = 0x7bdd4b1300android.view.SurfaceView.applyTransactionOnVriDraw:2048 android.view.SurfaceView.performSurfaceTransaction:959 android.view.SurfaceView.updateSurface:1105 android.view.SurfaceView.lambda$new$0$android-view-SurfaceView:200 android.view.SurfaceView$$ExternalSyntheticLambda5.onPreDraw:2 
10-16 17:52:54.608 21495 21495 I SurfaceView@184d2cc: updateSurface: mVisible = true mSurface.isValid() = true
10-16 17:52:54.608 21495 21495 I SurfaceView@184d2cc: updateSurface: mSurfaceCreated = true surfaceChanged = false visibleChanged = false
10-16 17:52:54.609 21495 21495 V SurfaceView@184d2cc: Layout: x=0 y=23 w=1080 h=525, frame=Rect(0, 0 - 1080, 525)
10-16 17:52:54.625 21495 21574 D SurfaceView@184d2cc: updateSurfacePosition RenderWorker, frameNr = 784, position = [0, 23, 1080, 548] surfaceSize = 1080x525
10-16 17:52:54.625 21495 21574 I SurfaceView@184d2cc: uSP: rtp = Rect(0, 23 - 1080, 548) rtsw = 1080 rtsh = 525
10-16 17:52:54.625 21495 21574 I SurfaceView@184d2cc: onSSPAndSRT: pl = 0 pt = 23 sx = 1.0 sy = 1.0
10-16 17:52:54.625 21495 21574 I SurfaceView@184d2cc: aOrMT: ViewRootImpl@6dcaa2e[MainActivity] t = android.view.SurfaceControl$Transaction@44988b8 fN = 784 android.view.SurfaceView.-$$Nest$mapplyOrMergeTransaction:0 android.view.SurfaceView$SurfaceViewPositionUpdateListener.positionChanged:1537 android.graphics.RenderNode$CompositePositionUpdateListener.positionChanged:373 
10-16 17:52:54.626 21495 21574 I ViewRootImpl@6dcaa2e[MainActivity]: mWNT: t=0x7b17979b00 mBlastBufferQueue=0x7b5b836800 fn= 784 caller= android.view.SurfaceView.applyOrMergeTransaction:1455 android.view.SurfaceView.-$$Nest$mapplyOrMergeTransaction:0 android.view.SurfaceView$SurfaceViewPositionUpdateListener.positionChanged:1537 
10-16 17:52:54.626 21495 21574 I ViewRootImpl@6dcaa2e[MainActivity]: mWNT: t=0x7bdd4b1300 mBlastBufferQueue=0x7b5b836800 fn= 784 caller= android.view.ViewRootImpl.lambda$applyTransactionOnDraw$11$android-view-ViewRootImpl:12865 android.view.ViewRootImpl$$ExternalSyntheticLambda1.onFrameDraw:4 android.graphics.HardwareRenderer$FrameDrawingCallback.onFrameDraw:924 
10-16 17:52:54.629 21495 21495 I SurfaceView@184d2cc: Changes: creating=false format=false size=false visible=false alpha=false hint=false mUseAlpha=false visible=false left=false top=true
10-16 17:52:54.629 21495 21495 I SurfaceView@184d2cc: 25481932 Cur surface: Surface(name=null)/@0x649305d
10-16 17:52:54.630 21495 21495 I SurfaceView@184d2cc: applyTransactionOnVriDraw: vri = ViewRootImpl@6dcaa2e[MainActivity] fRS = false t = 0x7b44e8a600 android.view.SurfaceView.performSurfaceTransaction:959 android.view.SurfaceView.updateSurface:1105 android.view.SurfaceView.lambda$new$0$android-view-SurfaceView:200 
10-16 17:52:54.630 21495 21495 I ViewRootImpl@6dcaa2e[MainActivity]: applyTransactionOnDraw: mRemoved = false isHardwareEnabled = true t = 0x7b44e8a600android.view.SurfaceView.applyTransactionOnVriDraw:2048 android.view.SurfaceView.performSurfaceTransaction:959 android.view.SurfaceView.updateSurface:1105 android.view.SurfaceView.lambda$new$0$android-view-SurfaceView:200 android.view.SurfaceView$$ExternalSyntheticLambda5.onPreDraw:2 
10-16 17:52:54.630 21495 21495 I SurfaceView@184d2cc: updateSurface: mVisible = true mSurface.isValid() = true
10-16 17:52:54.630 21495 21495 I SurfaceView@184d2cc: updateSurface: mSurfaceCreated = true surfaceChanged = false visibleChanged = false
10-16 17:52:54.630 21495 21495 V SurfaceView@184d2cc: Layout: x=0 y=-52 w=1080 h=525, frame=Rect(0, 0 - 1080, 525)
10-16 17:52:54.641 21495 21575 D SurfaceView@184d2cc: updateSurfacePosition RenderWorker, frameNr = 785, position = [0, -52, 1080, 473] surfaceSize = 1080x525
10-16 17:52:54.641 21495 21575 I SurfaceView@184d2cc: uSP: rtp = Rect(0, -52 - 1080, 473) rtsw = 1080 rtsh = 525
10-16 17:52:54.641 21495 21575 I SurfaceView@184d2cc: onSSPAndSRT: pl = 0 pt = -52 sx = 1.0 sy = 1.0
10-16 17:52:54.642 21495 21575 I SurfaceView@184d2cc: aOrMT: ViewRootImpl@6dcaa2e[MainActivity] t = android.view.SurfaceControl$Transaction@44988b8 fN = 785 android.view.SurfaceView.-$$Nest$mapplyOrMergeTransaction:0 android.view.SurfaceView$SurfaceViewPositionUpdateListener.positionChanged:1537 android.graphics.RenderNode$CompositePositionUpdateListener.positionChanged:373 
10-16 17:52:54.642 21495 21575 I ViewRootImpl@6dcaa2e[MainActivity]: mWNT: t=0x7b17979b00 mBlastBufferQueue=0x7b5b836800 fn= 785 caller= android.view.SurfaceView.applyOrMergeTransaction:1455 android.view.SurfaceView.-$$Nest$mapplyOrMergeTransaction:0 android.view.SurfaceView$SurfaceViewPositionUpdateListener.positionChanged:1537 
10-16 17:52:54.642 21495 21575 I ViewRootImpl@6dcaa2e[MainActivity]: mWNT: t=0x7b44e8a600 mBlastBufferQueue=0x7b5b836800 fn= 785 caller= android.view.ViewRootImpl.lambda$applyTransactionOnDraw$11$android-view-ViewRootImpl:12865 android.view.ViewRootImpl$$ExternalSyntheticLambda1.onFrameDraw:4 android.graphics.HardwareRenderer$FrameDrawingCallback.onFrameDraw:924 
10-16 17:52:54.644 21495 21495 I SurfaceView@184d2cc: Changes: creating=false format=false size=false visible=false alpha=false hint=false mUseAlpha=false visible=false left=false top=true
10-16 17:52:54.644 21495 21495 I SurfaceView@184d2cc: 25481932 Cur surface: Surface(name=null)/@0x649305d
10-16 17:52:54.645 21495 21495 I SurfaceView@184d2cc: applyTransactionOnVriDraw: vri = ViewRootImpl@6dcaa2e[MainActivity] fRS = false t = 0x7b17a46500 android.view.SurfaceView.performSurfaceTransaction:959 android.view.SurfaceView.updateSurface:1105 android.view.SurfaceView.lambda$new$0$android-view-SurfaceView:200 
10-16 17:52:54.645 21495 21495 I ViewRootImpl@6dcaa2e[MainActivity]: applyTransactionOnDraw: mRemoved = false isHardwareEnabled = true t = 0x7b17a46500android.view.SurfaceView.applyTransactionOnVriDraw:2048 android.view.SurfaceView.performSurfaceTransaction:959 android.view.SurfaceView.updateSurface:1105 android.view.SurfaceView.lambda$new$0$android-view-SurfaceView:200 android.view.SurfaceView$$ExternalSyntheticLambda5.onPreDraw:2 
10-16 17:52:54.645 21495 21495 I SurfaceView@184d2cc: updateSurface: mVisible = true mSurface.isValid() = true
10-16 17:52:54.645 21495 21495 I SurfaceView@184d2cc: updateSurface: mSurfaceCreated = true surfaceChanged = false visibleChanged = false
10-16 17:52:54.645 21495 21495 V SurfaceView@184d2cc: Layout: x=0 y=-123 w=1080 h=525, frame=Rect(0, 0 - 1080, 525)
10-16 17:52:54.655 21495 21574 D SurfaceView@184d2cc: updateSurfacePosition RenderWorker, frameNr = 786, position = [0, -123, 1080, 402] surfaceSize = 1080x525
10-16 17:52:54.655 21495 21574 I SurfaceView@184d2cc: uSP: rtp = Rect(0, -123 - 1080, 402) rtsw = 1080 rtsh = 525
10-16 17:52:54.655 21495 21574 I SurfaceView@184d2cc: onSSPAndSRT: pl = 0 pt = -123 sx = 1.0 sy = 1.0
10-16 17:52:54.656 21495 21574 I SurfaceView@184d2cc: aOrMT: ViewRootImpl@6dcaa2e[MainActivity] t = android.view.SurfaceControl$Transaction@44988b8 fN = 786 android.view.SurfaceView.-$$Nest$mapplyOrMergeTransaction:0 android.view.SurfaceView$SurfaceViewPositionUpdateListener.positionChanged:1537 android.graphics.RenderNode$CompositePositionUpdateListener.positionChanged:373 
10-16 17:52:54.656 21495 21495 I ViewRootImpl@6dcaa2e[MainActivity]: ViewPostIme pointer 1
10-16 17:52:54.656 21495 21574 I ViewRootImpl@6dcaa2e[MainActivity]: mWNT: t=0x7b17979b00 mBlastBufferQueue=0x7b5b836800 fn= 786 caller= android.view.SurfaceView.applyOrMergeTransaction:1455 android.view.SurfaceView.-$$Nest$mapplyOrMergeTransaction:0 android.view.SurfaceView$SurfaceViewPositionUpdateListener.positionChanged:1537 
10-16 17:52:54.657 21495 21574 I ViewRootImpl@6dcaa2e[MainActivity]: mWNT: t=0x7b17a46500 mBlastBufferQueue=0x7b5b836800 fn= 786 caller= android.view.ViewRootImpl.lambda$applyTransactionOnDraw$11$android-view-ViewRootImpl:12865 android.view.ViewRootImpl$$ExternalSyntheticLambda1.onFrameDraw:4 android.graphics.HardwareRenderer$FrameDrawingCallback.onFrameDraw:924 
10-16 17:52:54.659 21495 21495 I SurfaceView@184d2cc: Changes: creating=false format=false size=false visible=false alpha=false hint=false mUseAlpha=false visible=false left=false top=true
10-16 17:52:54.659 21495 21495 I SurfaceView@184d2cc: 25481932 Cur surface: Surface(name=null)/@0x649305d
10-16 17:52:54.660 21495 21495 I SurfaceView@184d2cc: applyTransactionOnVriDraw: vri = ViewRootImpl@6dcaa2e[MainActivity] fRS = false t = 0x7b17a46800 android.view.SurfaceView.performSurfaceTransaction:959 android.view.SurfaceView.updateSurface:1105 android.view.SurfaceView.lambda$new$0$android-view-SurfaceView:200 
10-16 17:52:54.660 21495 21495 I ViewRootImpl@6dcaa2e[MainActivity]: applyTransactionOnDraw: mRemoved = false isHardwareEnabled = true t = 0x7b17a46800android.view.SurfaceView.applyTransactionOnVriDraw:2048 android.view.SurfaceView.performSurfaceTransaction:959 android.view.SurfaceView.updateSurface:1105 android.view.SurfaceView.lambda$new$0$android-view-SurfaceView:200 android.view.SurfaceView$$ExternalSyntheticLambda5.onPreDraw:2 
10-16 17:52:54.660 21495 21495 I SurfaceView@184d2cc: updateSurface: mVisible = true mSurface.isValid() = true
10-16 17:52:54.660 21495 21495 I SurfaceView@184d2cc: updateSurface: mSurfaceCreated = true surfaceChanged = false visibleChanged = false
10-16 17:52:54.660 21495 21495 V SurfaceView@184d2cc: Layout: x=0 y=-134 w=1080 h=525, frame=Rect(0, 0 - 1080, 525)
10-16 17:52:54.666 21495 21575 D SurfaceView@184d2cc: updateSurfacePosition RenderWorker, frameNr = 787, position = [0, -134, 1080, 391] surfaceSize = 1080x525
10-16 17:52:54.667 21495 21575 I SurfaceView@184d2cc: uSP: rtp = Rect(0, -134 - 1080, 391) rtsw = 1080 rtsh = 525
10-16 17:52:54.667 21495 21575 I SurfaceView@184d2cc: onSSPAndSRT: pl = 0 pt = -134 sx = 1.0 sy = 1.0
10-16 17:52:54.667 21495 21575 I SurfaceView@184d2cc: aOrMT: ViewRootImpl@6dcaa2e[MainActivity] t = android.view.SurfaceControl$Transaction@44988b8 fN = 787 android.view.SurfaceView.-$$Nest$mapplyOrMergeTransaction:0 android.view.SurfaceView$SurfaceViewPositionUpdateListener.positionChanged:1537 android.graphics.RenderNode$CompositePositionUpdateListener.positionChanged:373 
10-16 17:52:54.667 21495 21575 I ViewRootImpl@6dcaa2e[MainActivity]: mWNT: t=0x7b17979b00 mBlastBufferQueue=0x7b5b836800 fn= 787 caller= android.view.SurfaceView.applyOrMergeTransaction:1455 android.view.SurfaceView.-$$Nest$mapplyOrMergeTransaction:0 android.view.SurfaceView$SurfaceViewPositionUpdateListener.positionChanged:1537 
10-16 17:52:54.667 21495 21575 I ViewRootImpl@6dcaa2e[MainActivity]: mWNT: t=0x7b17a46800 mBlastBufferQueue=0x7b5b836800 fn= 787 caller= android.view.ViewRootImpl.lambda$applyTransactionOnDraw$11$android-view-ViewRootImpl:12865 android.view.ViewRootImpl$$ExternalSyntheticLambda1.onFrameDraw:4 android.graphics.HardwareRenderer$FrameDrawingCallback.onFrameDraw:924 
10-16 17:52:54.677 21495 21574 D SurfaceView@184d2cc: updateSurfacePosition RenderWorker, frameNr = 788, position = [0, -159, 1080, 366] surfaceSize = 1080x525
10-16 17:52:54.677 21495 21574 I SurfaceView@184d2cc: uSP: rtp = Rect(0, -159 - 1080, 366) rtsw = 1080 rtsh = 525
10-16 17:52:54.678 21495 21574 I SurfaceView@184d2cc: onSSPAndSRT: pl = 0 pt = -159 sx = 1.0 sy = 1.0
10-16 17:52:54.678 21495 21574 I SurfaceView@184d2cc: aOrMT: ViewRootImpl@6dcaa2e[MainActivity] t = android.view.SurfaceControl$Transaction@44988b8 fN = 788 android.view.SurfaceView.-$$Nest$mapplyOrMergeTransaction:0 android.view.SurfaceView$SurfaceViewPositionUpdateListener.positionChanged:1537 android.graphics.RenderNode$CompositePositionUpdateListener.positionChanged:373 
10-16 17:52:54.678 21495 21574 I ViewRootImpl@6dcaa2e[MainActivity]: mWNT: t=0x7b17979b00 mBlastBufferQueue=0x7b5b836800 fn= 788 caller= android.view.SurfaceView.applyOrMergeTransaction:1455 android.view.SurfaceView.-$$Nest$mapplyOrMergeTransaction:0 android.view.SurfaceView$SurfaceViewPositionUpdateListener.positionChanged:1537 
10-16 17:52:54.686 21495 21495 I SurfaceView@184d2cc: Changes: creating=false format=false size=false visible=false alpha=false hint=false mUseAlpha=false visible=false left=false top=true
10-16 17:52:54.686 21495 21495 I SurfaceView@184d2cc: 25481932 Cur surface: Surface(name=null)/@0x649305d
10-16 17:52:54.687 21495 21495 I SurfaceView@184d2cc: applyTransactionOnVriDraw: vri = ViewRootImpl@6dcaa2e[MainActivity] fRS = false t = 0x7b17a46900 android.view.SurfaceView.performSurfaceTransaction:959 android.view.SurfaceView.updateSurface:1105 android.view.SurfaceView.lambda$new$0$android-view-SurfaceView:200 
10-16 17:52:54.687 21495 21495 I ViewRootImpl@6dcaa2e[MainActivity]: applyTransactionOnDraw: mRemoved = false isHardwareEnabled = true t = 0x7b17a46900android.view.SurfaceView.applyTransactionOnVriDraw:2048 android.view.SurfaceView.performSurfaceTransaction:959 android.view.SurfaceView.updateSurface:1105 android.view.SurfaceView.lambda$new$0$android-view-SurfaceView:200 android.view.SurfaceView$$ExternalSyntheticLambda5.onPreDraw:2 
10-16 17:52:54.687 21495 21495 I SurfaceView@184d2cc: updateSurface: mVisible = true mSurface.isValid() = true
10-16 17:52:54.687 21495 21495 I SurfaceView@184d2cc: updateSurface: mSurfaceCreated = true surfaceChanged = false visibleChanged = false
10-16 17:52:54.687 21495 21495 V SurfaceView@184d2cc: Layout: x=0 y=-159 w=1080 h=525, frame=Rect(0, 0 - 1080, 525)
10-16 17:52:54.695 21495 21575 D SurfaceView@184d2cc: updateSurfacePosition RenderWorker, frameNr = 789, position = [0, -214, 1080, 311] surfaceSize = 1080x525
10-16 17:52:54.695 21495 21575 I SurfaceView@184d2cc: uSP: rtp = Rect(0, -214 - 1080, 311) rtsw = 1080 rtsh = 525
10-16 17:52:54.695 21495 21575 I SurfaceView@184d2cc: onSSPAndSRT: pl = 0 pt = -214 sx = 1.0 sy = 1.0
10-16 17:52:54.695 21495 21575 I SurfaceView@184d2cc: aOrMT: ViewRootImpl@6dcaa2e[MainActivity] t = android.view.SurfaceControl$Transaction@44988b8 fN = 789 android.view.SurfaceView.-$$Nest$mapplyOrMergeTransaction:0 android.view.SurfaceView$SurfaceViewPositionUpdateListener.positionChanged:1537 android.graphics.RenderNode$CompositePositionUpdateListener.positionChanged:373 
10-16 17:52:54.695 21495 21575 I ViewRootImpl@6dcaa2e[MainActivity]: mWNT: t=0x7b17979b00 mBlastBufferQueue=0x7b5b836800 fn= 789 caller= android.view.SurfaceView.applyOrMergeTransaction:1455 android.view.SurfaceView.-$$Nest$mapplyOrMergeTransaction:0 android.view.SurfaceView$SurfaceViewPositionUpdateListener.positionChanged:1537 
10-16 17:52:54.695 21495 21575 I ViewRootImpl@6dcaa2e[MainActivity]: mWNT: t=0x7b17a46900 mBlastBufferQueue=0x7b5b836800 fn= 789 caller= android.view.ViewRootImpl.lambda$applyTransactionOnDraw$11$android-view-ViewRootImpl:12865 android.view.ViewRootImpl$$ExternalSyntheticLambda1.onFrameDraw:4 android.graphics.HardwareRenderer$FrameDrawingCallback.onFrameDraw:924 
10-16 17:52:54.703 21495 21495 I SurfaceView@184d2cc: Changes: creating=false format=false size=false visible=false alpha=false hint=false mUseAlpha=false visible=false left=false top=true
10-16 17:52:54.703 21495 21495 I SurfaceView@184d2cc: 25481932 Cur surface: Surface(name=null)/@0x649305d
10-16 17:52:54.703 21495 21495 I SurfaceView@184d2cc: applyTransactionOnVriDraw: vri = ViewRootImpl@6dcaa2e[MainActivity] fRS = false t = 0x7b17a46a00 android.view.SurfaceView.performSurfaceTransaction:959 android.view.SurfaceView.updateSurface:1105 android.view.SurfaceView.lambda$new$0$android-view-SurfaceView:200 
10-16 17:52:54.703 21495 21495 I ViewRootImpl@6dcaa2e[MainActivity]: applyTransactionOnDraw: mRemoved = false isHardwareEnabled = true t = 0x7b17a46a00android.view.SurfaceView.applyTransactionOnVriDraw:2048 android.view.SurfaceView.performSurfaceTransaction:959 android.view.SurfaceView.updateSurface:1105 android.view.SurfaceView.lambda$new$0$android-view-SurfaceView:200 android.view.SurfaceView$$ExternalSyntheticLambda5.onPreDraw:2 
10-16 17:52:54.703 21495 21495 I SurfaceView@184d2cc: updateSurface: mVisible = true mSurface.isValid() = true
10-16 17:52:54.703 21495 21495 I SurfaceView@184d2cc: updateSurface: mSurfaceCreated = true surfaceChanged = false visibleChanged = false
10-16 17:52:54.703 21495 21495 V SurfaceView@184d2cc: Layout: x=0 y=-214 w=1080 h=525, frame=Rect(0, 0 - 1080, 525)
10-16 17:52:54.712 21495 21574 D SurfaceView@184d2cc: updateSurfacePosition RenderWorker, frameNr = 790, position = [0, -284, 1080, 241] surfaceSize = 1080x525
10-16 17:52:54.712 21495 21574 I SurfaceView@184d2cc: uSP: rtp = Rect(0, -284 - 1080, 241) rtsw = 1080 rtsh = 525
10-16 17:52:54.712 21495 21574 I SurfaceView@184d2cc: onSSPAndSRT: pl = 0 pt = -284 sx = 1.0 sy = 1.0
10-16 17:52:54.712 21495 21574 I SurfaceView@184d2cc: aOrMT: ViewRootImpl@6dcaa2e[MainActivity] t = android.view.SurfaceControl$Transaction@44988b8 fN = 790 android.view.SurfaceView.-$$Nest$mapplyOrMergeTransaction:0 android.view.SurfaceView$SurfaceViewPositionUpdateListener.positionChanged:1537 android.graphics.RenderNode$CompositePositionUpdateListener.positionChanged:373 
10-16 17:52:54.713 21495 21574 I ViewRootImpl@6dcaa2e[MainActivity]: mWNT: t=0x7b17979b00 mBlastBufferQueue=0x7b5b836800 fn= 790 caller= android.view.SurfaceView.applyOrMergeTransaction:1455 android.view.SurfaceView.-$$Nest$mapplyOrMergeTransaction:0 android.view.SurfaceView$SurfaceViewPositionUpdateListener.positionChanged:1537 
10-16 17:52:54.713 21495 21574 I ViewRootImpl@6dcaa2e[MainActivity]: mWNT: t=0x7b17a46a00 mBlastBufferQueue=0x7b5b836800 fn= 790 caller= android.view.ViewRootImpl.lambda$applyTransactionOnDraw$11$android-view-ViewRootImpl:12865 android.view.ViewRootImpl$$ExternalSyntheticLambda1.onFrameDraw:4 android.graphics.HardwareRenderer$FrameDrawingCallback.onFrameDraw:924 
10-16 17:52:54.720 21495 21495 I SurfaceView@184d2cc: Changes: creating=false format=false size=false visible=false alpha=false hint=false mUseAlpha=false visible=false left=false top=true
10-16 17:52:54.720 21495 21495 I SurfaceView@184d2cc: 25481932 Cur surface: Surface(name=null)/@0x649305d
10-16 17:52:54.721 21495 21495 I SurfaceView@184d2cc: applyTransactionOnVriDraw: vri = ViewRootImpl@6dcaa2e[MainActivity] fRS = false t = 0x7b17a46c00 android.view.SurfaceView.performSurfaceTransaction:959 android.view.SurfaceView.updateSurface:1105 android.view.SurfaceView.lambda$new$0$android-view-SurfaceView:200 
10-16 17:52:54.721 21495 21495 I ViewRootImpl@6dcaa2e[MainActivity]: applyTransactionOnDraw: mRemoved = false isHardwareEnabled = true t = 0x7b17a46c00android.view.SurfaceView.applyTransactionOnVriDraw:2048 android.view.SurfaceView.performSurfaceTransaction:959 android.view.SurfaceView.updateSurface:1105 android.view.SurfaceView.lambda$new$0$android-view-SurfaceView:200 android.view.SurfaceView$$ExternalSyntheticLambda5.onPreDraw:2 
10-16 17:52:54.721 21495 21495 I SurfaceView@184d2cc: updateSurface: mVisible = true mSurface.isValid() = true
10-16 17:52:54.721 21495 21495 I SurfaceView@184d2cc: updateSurface: mSurfaceCreated = true surfaceChanged = false visibleChanged = false
10-16 17:52:54.721 21495 21495 V SurfaceView@184d2cc: Layout: x=0 y=-284 w=1080 h=525, frame=Rect(0, 0 - 1080, 525)
10-16 17:52:54.728 21495 21575 D SurfaceView@184d2cc: updateSurfacePosition RenderWorker, frameNr = 791, position = [0, -357, 1080, 168] surfaceSize = 1080x525
10-16 17:52:54.728 21495 21575 I SurfaceView@184d2cc: uSP: rtp = Rect(0, -357 - 1080, 168) rtsw = 1080 rtsh = 525
10-16 17:52:54.728 21495 21575 I SurfaceView@184d2cc: onSSPAndSRT: pl = 0 pt = -357 sx = 1.0 sy = 1.0
10-16 17:52:54.729 21495 21575 I SurfaceView@184d2cc: aOrMT: ViewRootImpl@6dcaa2e[MainActivity] t = android.view.SurfaceControl$Transaction@44988b8 fN = 791 android.view.SurfaceView.-$$Nest$mapplyOrMergeTransaction:0 android.view.SurfaceView$SurfaceViewPositionUpdateListener.positionChanged:1537 android.graphics.RenderNode$CompositePositionUpdateListener.positionChanged:373 
10-16 17:52:54.729 21495 21575 I ViewRootImpl@6dcaa2e[MainActivity]: mWNT: t=0x7b17979b00 mBlastBufferQueue=0x7b5b836800 fn= 791 caller= android.view.SurfaceView.applyOrMergeTransaction:1455 android.view.SurfaceView.-$$Nest$mapplyOrMergeTransaction:0 android.view.SurfaceView$SurfaceViewPositionUpdateListener.positionChanged:1537 
10-16 17:52:54.729 21495 21575 I ViewRootImpl@6dcaa2e[MainActivity]: mWNT: t=0x7b17a46c00 mBlastBufferQueue=0x7b5b836800 fn= 791 caller= android.view.ViewRootImpl.lambda$applyTransactionOnDraw$11$android-view-ViewRootImpl:12865 android.view.ViewRootImpl$$ExternalSyntheticLambda1.onFrameDraw:4 android.graphics.HardwareRenderer$FrameDrawingCallback.onFrameDraw:924 
10-16 17:52:54.737 21495 21495 I SurfaceView@184d2cc: Changes: creating=false format=false size=false visible=false alpha=false hint=false mUseAlpha=false visible=false left=false top=true
10-16 17:52:54.737 21495 21495 I SurfaceView@184d2cc: 25481932 Cur surface: Surface(name=null)/@0x649305d
10-16 17:52:54.737 21495 21495 I SurfaceView@184d2cc: applyTransactionOnVriDraw: vri = ViewRootImpl@6dcaa2e[MainActivity] fRS = false t = 0x7b17a46e00 android.view.SurfaceView.performSurfaceTransaction:959 android.view.SurfaceView.updateSurface:1105 android.view.SurfaceView.lambda$new$0$android-view-SurfaceView:200 
10-16 17:52:54.737 21495 21495 I ViewRootImpl@6dcaa2e[MainActivity]: applyTransactionOnDraw: mRemoved = false isHardwareEnabled = true t = 0x7b17a46e00android.view.SurfaceView.applyTransactionOnVriDraw:2048 android.view.SurfaceView.performSurfaceTransaction:959 android.view.SurfaceView.updateSurface:1105 android.view.SurfaceView.lambda$new$0$android-view-SurfaceView:200 android.view.SurfaceView$$ExternalSyntheticLambda5.onPreDraw:2 
10-16 17:52:54.738 21495 21495 I SurfaceView@184d2cc: updateSurface: mVisible = true mSurface.isValid() = true
10-16 17:52:54.738 21495 21495 I SurfaceView@184d2cc: updateSurface: mSurfaceCreated = true surfaceChanged = false visibleChanged = false
10-16 17:52:54.738 21495 21495 V SurfaceView@184d2cc: Layout: x=0 y=-357 w=1080 h=525, frame=Rect(0, 0 - 1080, 525)
10-16 17:52:54.747 21495 21574 D SurfaceView@184d2cc: updateSurfacePosition RenderWorker, frameNr = 792, position = [0, -435, 1080, 90] surfaceSize = 1080x525
10-16 17:52:54.747 21495 21574 I SurfaceView@184d2cc: uSP: rtp = Rect(0, -435 - 1080, 90) rtsw = 1080 rtsh = 525
10-16 17:52:54.747 21495 21574 I SurfaceView@184d2cc: onSSPAndSRT: pl = 0 pt = -435 sx = 1.0 sy = 1.0
10-16 17:52:54.747 21495 21574 I SurfaceView@184d2cc: aOrMT: ViewRootImpl@6dcaa2e[MainActivity] t = android.view.SurfaceControl$Transaction@44988b8 fN = 792 android.view.SurfaceView.-$$Nest$mapplyOrMergeTransaction:0 android.view.SurfaceView$SurfaceViewPositionUpdateListener.positionChanged:1537 android.graphics.RenderNode$CompositePositionUpdateListener.positionChanged:373 
10-16 17:52:54.747 21495 21574 I ViewRootImpl@6dcaa2e[MainActivity]: mWNT: t=0x7b17979b00 mBlastBufferQueue=0x7b5b836800 fn= 792 caller= android.view.SurfaceView.applyOrMergeTransaction:1455 android.view.SurfaceView.-$$Nest$mapplyOrMergeTransaction:0 android.view.SurfaceView$SurfaceViewPositionUpdateListener.positionChanged:1537 
10-16 17:52:54.748 21495 21574 I ViewRootImpl@6dcaa2e[MainActivity]: mWNT: t=0x7b17a46e00 mBlastBufferQueue=0x7b5b836800 fn= 792 caller= android.view.ViewRootImpl.lambda$applyTransactionOnDraw$11$android-view-ViewRootImpl:12865 android.view.ViewRootImpl$$ExternalSyntheticLambda1.onFrameDraw:4 android.graphics.HardwareRenderer$FrameDrawingCallback.onFrameDraw:924 
10-16 17:52:54.754 21495 21495 I SurfaceView@184d2cc: Changes: creating=false format=false size=false visible=false alpha=false hint=false mUseAlpha=false visible=false left=false top=true
10-16 17:52:54.754 21495 21495 I SurfaceView@184d2cc: 25481932 Cur surface: Surface(name=null)/@0x649305d
10-16 17:52:54.754 21495 21495 I SurfaceView@184d2cc: applyTransactionOnVriDraw: vri = ViewRootImpl@6dcaa2e[MainActivity] fRS = false t = 0x7b17aab000 android.view.SurfaceView.performSurfaceTransaction:959 android.view.SurfaceView.updateSurface:1105 android.view.SurfaceView.lambda$new$0$android-view-SurfaceView:200 
10-16 17:52:54.755 21495 21495 I ViewRootImpl@6dcaa2e[MainActivity]: applyTransactionOnDraw: mRemoved = false isHardwareEnabled = true t = 0x7b17aab000android.view.SurfaceView.applyTransactionOnVriDraw:2048 android.view.SurfaceView.performSurfaceTransaction:959 android.view.SurfaceView.updateSurface:1105 android.view.SurfaceView.lambda$new$0$android-view-SurfaceView:200 android.view.SurfaceView$$ExternalSyntheticLambda5.onPreDraw:2 
10-16 17:52:54.755 21495 21495 I SurfaceView@184d2cc: updateSurface: mVisible = true mSurface.isValid() = true
10-16 17:52:54.755 21495 21495 I SurfaceView@184d2cc: updateSurface: mSurfaceCreated = true surfaceChanged = false visibleChanged = false
10-16 17:52:54.755 21495 21495 V SurfaceView@184d2cc: Layout: x=0 y=-435 w=1080 h=525, frame=Rect(0, 0 - 1080, 525)
10-16 17:52:54.764 21495 21575 D SurfaceView@184d2cc: updateSurfacePosition RenderWorker, frameNr = 793, position = [0, -511, 1080, 14] surfaceSize = 1080x525
10-16 17:52:54.764 21495 21575 I SurfaceView@184d2cc: uSP: rtp = Rect(0, -511 - 1080, 14) rtsw = 1080 rtsh = 525
10-16 17:52:54.764 21495 21575 I SurfaceView@184d2cc: onSSPAndSRT: pl = 0 pt = -511 sx = 1.0 sy = 1.0
10-16 17:52:54.764 21495 21575 I SurfaceView@184d2cc: aOrMT: ViewRootImpl@6dcaa2e[MainActivity] t = android.view.SurfaceControl$Transaction@44988b8 fN = 793 android.view.SurfaceView.-$$Nest$mapplyOrMergeTransaction:0 android.view.SurfaceView$SurfaceViewPositionUpdateListener.positionChanged:1537 android.graphics.RenderNode$CompositePositionUpdateListener.positionChanged:373 
10-16 17:52:54.765 21495 21575 I ViewRootImpl@6dcaa2e[MainActivity]: mWNT: t=0x7b17979b00 mBlastBufferQueue=0x7b5b836800 fn= 793 caller= android.view.SurfaceView.applyOrMergeTransaction:1455 android.view.SurfaceView.-$$Nest$mapplyOrMergeTransaction:0 android.view.SurfaceView$SurfaceViewPositionUpdateListener.positionChanged:1537 
10-16 17:52:54.765 21495 21575 I ViewRootImpl@6dcaa2e[MainActivity]: mWNT: t=0x7b17aab000 mBlastBufferQueue=0x7b5b836800 fn= 793 caller= android.view.ViewRootImpl.lambda$applyTransactionOnDraw$11$android-view-ViewRootImpl:12865 android.view.ViewRootImpl$$ExternalSyntheticLambda1.onFrameDraw:4 android.graphics.HardwareRenderer$FrameDrawingCallback.onFrameDraw:924 
10-16 17:52:54.769 21495 21495 I SurfaceView@184d2cc: Changes: creating=false format=false size=false visible=false alpha=false hint=false mUseAlpha=false visible=false left=false top=true
10-16 17:52:54.770 21495 21495 I SurfaceView@184d2cc: 25481932 Cur surface: Surface(name=null)/@0x649305d
10-16 17:52:54.770 21495 21495 I SurfaceView@184d2cc: applyTransactionOnVriDraw: vri = ViewRootImpl@6dcaa2e[MainActivity] fRS = false t = 0x7b17aab200 android.view.SurfaceView.performSurfaceTransaction:959 android.view.SurfaceView.updateSurface:1105 android.view.SurfaceView.lambda$new$0$android-view-SurfaceView:200 
10-16 17:52:54.770 21495 21495 I ViewRootImpl@6dcaa2e[MainActivity]: applyTransactionOnDraw: mRemoved = false isHardwareEnabled = true t = 0x7b17aab200android.view.SurfaceView.applyTransactionOnVriDraw:2048 android.view.SurfaceView.performSurfaceTransaction:959 android.view.SurfaceView.updateSurface:1105 android.view.SurfaceView.lambda$new$0$android-view-SurfaceView:200 android.view.SurfaceView$$ExternalSyntheticLambda5.onPreDraw:2 
10-16 17:52:54.770 21495 21495 I SurfaceView@184d2cc: updateSurface: mVisible = true mSurface.isValid() = true
10-16 17:52:54.770 21495 21495 I SurfaceView@184d2cc: updateSurface: mSurfaceCreated = true surfaceChanged = false visibleChanged = false
10-16 17:52:54.770 21495 21495 V SurfaceView@184d2cc: Layout: x=0 y=-511 w=1080 h=525, frame=Rect(0, 0 - 1080, 525)
10-16 17:52:54.779 21495 21574 D SurfaceView@184d2cc: updateSurfacePosition RenderWorker, frameNr = 794, position = [0, -590, 1080, -65] surfaceSize = 1080x525
10-16 17:52:54.779 21495 21574 I SurfaceView@184d2cc: uSP: rtp = Rect(0, -590 - 1080, -65) rtsw = 1080 rtsh = 525
10-16 17:52:54.779 21495 21574 I SurfaceView@184d2cc: onSSPAndSRT: pl = 0 pt = -590 sx = 1.0 sy = 1.0
10-16 17:52:54.779 21495 21574 I SurfaceView@184d2cc: aOrMT: ViewRootImpl@6dcaa2e[MainActivity] t = android.view.SurfaceControl$Transaction@44988b8 fN = 794 android.view.SurfaceView.-$$Nest$mapplyOrMergeTransaction:0 android.view.SurfaceView$SurfaceViewPositionUpdateListener.positionChanged:1537 android.graphics.RenderNode$CompositePositionUpdateListener.positionChanged:373 
10-16 17:52:54.779 21495 21574 I ViewRootImpl@6dcaa2e[MainActivity]: mWNT: t=0x7b17979b00 mBlastBufferQueue=0x7b5b836800 fn= 794 caller= android.view.SurfaceView.applyOrMergeTransaction:1455 android.view.SurfaceView.-$$Nest$mapplyOrMergeTransaction:0 android.view.SurfaceView$SurfaceViewPositionUpdateListener.positionChanged:1537 
10-16 17:52:54.779 21495 21574 I ViewRootImpl@6dcaa2e[MainActivity]: mWNT: t=0x7b17aab200 mBlastBufferQueue=0x7b5b836800 fn= 794 caller= android.view.ViewRootImpl.lambda$applyTransactionOnDraw$11$android-view-ViewRootImpl:12865 android.view.ViewRootImpl$$ExternalSyntheticLambda1.onFrameDraw:4 android.graphics.HardwareRenderer$FrameDrawingCallback.onFrameDraw:924 
10-16 17:52:54.786 21495 21495 I SurfaceView@184d2cc: Changes: creating=false format=false size=false visible=false alpha=false hint=false mUseAlpha=false visible=false left=false top=true
10-16 17:52:54.786 21495 21495 I SurfaceView@184d2cc: 25481932 Cur surface: Surface(name=null)/@0x649305d
10-16 17:52:54.786 21495 21495 I SurfaceView@184d2cc: applyTransactionOnVriDraw: vri = ViewRootImpl@6dcaa2e[MainActivity] fRS = false t = 0x7b17aab300 android.view.SurfaceView.performSurfaceTransaction:959 android.view.SurfaceView.updateSurface:1105 android.view.SurfaceView.lambda$new$0$android-view-SurfaceView:200 
10-16 17:52:54.787 21495 21495 I ViewRootImpl@6dcaa2e[MainActivity]: applyTransactionOnDraw: mRemoved = false isHardwareEnabled = true t = 0x7b17aab300android.view.SurfaceView.applyTransactionOnVriDraw:2048 android.view.SurfaceView.performSurfaceTransaction:959 android.view.SurfaceView.updateSurface:1105 android.view.SurfaceView.lambda$new$0$android-view-SurfaceView:200 android.view.SurfaceView$$ExternalSyntheticLambda5.onPreDraw:2 
10-16 17:52:54.787 21495 21495 I SurfaceView@184d2cc: updateSurface: mVisible = true mSurface.isValid() = true
10-16 17:52:54.787 21495 21495 I SurfaceView@184d2cc: updateSurface: mSurfaceCreated = true surfaceChanged = false visibleChanged = false
10-16 17:52:54.787 21495 21495 V SurfaceView@184d2cc: Layout: x=0 y=-590 w=1080 h=525, frame=Rect(0, 0 - 1080, 525)
10-16 17:52:54.795 21495 21575 D SurfaceView@184d2cc: updateSurfacePosition RenderWorker, frameNr = 795, position = [0, -666, 1080, -141] surfaceSize = 1080x525
10-16 17:52:54.795 21495 21575 I SurfaceView@184d2cc: uSP: rtp = Rect(0, -666 - 1080, -141) rtsw = 1080 rtsh = 525
10-16 17:52:54.795 21495 21575 I SurfaceView@184d2cc: onSSPAndSRT: pl = 0 pt = -666 sx = 1.0 sy = 1.0
10-16 17:52:54.795 21495 21575 I SurfaceView@184d2cc: aOrMT: ViewRootImpl@6dcaa2e[MainActivity] t = android.view.SurfaceControl$Transaction@44988b8 fN = 795 android.view.SurfaceView.-$$Nest$mapplyOrMergeTransaction:0 android.view.SurfaceView$SurfaceViewPositionUpdateListener.positionChanged:1537 android.graphics.RenderNode$CompositePositionUpdateListener.positionChanged:373 
10-16 17:52:54.795 21495 21575 I ViewRootImpl@6dcaa2e[MainActivity]: mWNT: t=0x7b17979b00 mBlastBufferQueue=0x7b5b836800 fn= 795 caller= android.view.SurfaceView.applyOrMergeTransaction:1455 android.view.SurfaceView.-$$Nest$mapplyOrMergeTransaction:0 android.view.SurfaceView$SurfaceViewPositionUpdateListener.positionChanged:1537 
10-16 17:52:54.795 21495 21575 I ViewRootImpl@6dcaa2e[MainActivity]: mWNT: t=0x7b17aab300 mBlastBufferQueue=0x7b5b836800 fn= 795 caller= android.view.ViewRootImpl.lambda$applyTransactionOnDraw$11$android-view-ViewRootImpl:12865 android.view.ViewRootImpl$$ExternalSyntheticLambda1.onFrameDraw:4 android.graphics.HardwareRenderer$FrameDrawingCallback.onFrameDraw:924 
10-16 17:52:54.803 21495 21495 I SurfaceView@184d2cc: Changes: creating=false format=false size=false visible=false alpha=false hint=false mUseAlpha=false visible=false left=false top=true
10-16 17:52:54.803 21495 21495 I SurfaceView@184d2cc: 25481932 Cur surface: Surface(name=null)/@0x649305d
10-16 17:52:54.803 21495 21495 I SurfaceView@184d2cc: applyTransactionOnVriDraw: vri = ViewRootImpl@6dcaa2e[MainActivity] fRS = false t = 0x7b17c1f600 android.view.SurfaceView.performSurfaceTransaction:959 android.view.SurfaceView.updateSurface:1105 android.view.SurfaceView.lambda$new$0$android-view-SurfaceView:200 
10-16 17:52:54.803 21495 21495 I ViewRootImpl@6dcaa2e[MainActivity]: applyTransactionOnDraw: mRemoved = false isHardwareEnabled = true t = 0x7b17c1f600android.view.SurfaceView.applyTransactionOnVriDraw:2048 android.view.SurfaceView.performSurfaceTransaction:959 android.view.SurfaceView.updateSurface:1105 android.view.SurfaceView.lambda$new$0$android-view-SurfaceView:200 android.view.SurfaceView$$ExternalSyntheticLambda5.onPreDraw:2 
10-16 17:52:54.803 21495 21495 I SurfaceView@184d2cc: updateSurface: mVisible = true mSurface.isValid() = true
10-16 17:52:54.803 21495 21495 I SurfaceView@184d2cc: updateSurface: mSurfaceCreated = true surfaceChanged = false visibleChanged = false
10-16 17:52:54.803 21495 21495 V SurfaceView@184d2cc: Layout: x=0 y=-666 w=1080 h=525, frame=Rect(0, 0 - 1080, 525)
10-16 17:52:54.813 21495 21574 D SurfaceView@184d2cc: updateSurfacePosition RenderWorker, frameNr = 796, position = [0, -735, 1080, -210] surfaceSize = 1080x525
10-16 17:52:54.813 21495 21574 I SurfaceView@184d2cc: uSP: rtp = Rect(0, -735 - 1080, -210) rtsw = 1080 rtsh = 525
10-16 17:52:54.813 21495 21574 I SurfaceView@184d2cc: onSSPAndSRT: pl = 0 pt = -735 sx = 1.0 sy = 1.0
10-16 17:52:54.813 21495 21574 I SurfaceView@184d2cc: aOrMT: ViewRootImpl@6dcaa2e[MainActivity] t = android.view.SurfaceControl$Transaction@44988b8 fN = 796 android.view.SurfaceView.-$$Nest$mapplyOrMergeTransaction:0 android.view.SurfaceView$SurfaceViewPositionUpdateListener.positionChanged:1537 android.graphics.RenderNode$CompositePositionUpdateListener.positionChanged:373 
10-16 17:52:54.814 21495 21574 I ViewRootImpl@6dcaa2e[MainActivity]: mWNT: t=0x7b17979b00 mBlastBufferQueue=0x7b5b836800 fn= 796 caller= android.view.SurfaceView.applyOrMergeTransaction:1455 android.view.SurfaceView.-$$Nest$mapplyOrMergeTransaction:0 android.view.SurfaceView$SurfaceViewPositionUpdateListener.positionChanged:1537 
10-16 17:52:54.814 21495 21574 I ViewRootImpl@6dcaa2e[MainActivity]: mWNT: t=0x7b17c1f600 mBlastBufferQueue=0x7b5b836800 fn= 796 caller= android.view.ViewRootImpl.lambda$applyTransactionOnDraw$11$android-view-ViewRootImpl:12865 android.view.ViewRootImpl$$ExternalSyntheticLambda1.onFrameDraw:4 android.graphics.HardwareRenderer$FrameDrawingCallback.onFrameDraw:924 
10-16 17:52:54.820 21495 21495 I SurfaceView@184d2cc: Changes: creating=false format=false size=false visible=false alpha=false hint=false mUseAlpha=false visible=false left=false top=true
10-16 17:52:54.820 21495 21495 I SurfaceView@184d2cc: 25481932 Cur surface: Surface(name=null)/@0x649305d
10-16 17:52:54.820 21495 21495 I SurfaceView@184d2cc: applyTransactionOnVriDraw: vri = ViewRootImpl@6dcaa2e[MainActivity] fRS = false t = 0x7b17c1f700 android.view.SurfaceView.performSurfaceTransaction:959 android.view.SurfaceView.updateSurface:1105 android.view.SurfaceView.lambda$new$0$android-view-SurfaceView:200 
10-16 17:52:54.820 21495 21495 I ViewRootImpl@6dcaa2e[MainActivity]: applyTransactionOnDraw: mRemoved = false isHardwareEnabled = true t = 0x7b17c1f700android.view.SurfaceView.applyTransactionOnVriDraw:2048 android.view.SurfaceView.performSurfaceTransaction:959 android.view.SurfaceView.updateSurface:1105 android.view.SurfaceView.lambda$new$0$android-view-SurfaceView:200 android.view.SurfaceView$$ExternalSyntheticLambda5.onPreDraw:2 
10-16 17:52:54.820 21495 21495 I SurfaceView@184d2cc: updateSurface: mVisible = true mSurface.isValid() = true
10-16 17:52:54.820 21495 21495 I SurfaceView@184d2cc: updateSurface: mSurfaceCreated = true surfaceChanged = false visibleChanged = false
10-16 17:52:54.820 21495 21495 V SurfaceView@184d2cc: Layout: x=0 y=-735 w=1080 h=525, frame=Rect(0, 0 - 1080, 525)
10-16 17:52:54.835 21495 21575 D SurfaceView@184d2cc: updateSurfacePosition RenderWorker, frameNr = 797, position = [0, -806, 1080, -281] surfaceSize = 1080x525
10-16 17:52:54.835 21495 21575 I SurfaceView@184d2cc: uSP: rtp = Rect(0, -806 - 1080, -281) rtsw = 1080 rtsh = 525
10-16 17:52:54.835 21495 21575 I SurfaceView@184d2cc: onSSPAndSRT: pl = 0 pt = -806 sx = 1.0 sy = 1.0
10-16 17:52:54.835 21495 21575 I SurfaceView@184d2cc: aOrMT: ViewRootImpl@6dcaa2e[MainActivity] t = android.view.SurfaceControl$Transaction@44988b8 fN = 797 android.view.SurfaceView.-$$Nest$mapplyOrMergeTransaction:0 android.view.SurfaceView$SurfaceViewPositionUpdateListener.positionChanged:1537 android.graphics.RenderNode$CompositePositionUpdateListener.positionChanged:373 
10-16 17:52:54.835 21495 21575 I ViewRootImpl@6dcaa2e[MainActivity]: mWNT: t=0x7b17979b00 mBlastBufferQueue=0x7b5b836800 fn= 797 caller= android.view.SurfaceView.applyOrMergeTransaction:1455 android.view.SurfaceView.-$$Nest$mapplyOrMergeTransaction:0 android.view.SurfaceView$SurfaceViewPositionUpdateListener.positionChanged:1537 
10-16 17:52:54.835 21495 21575 I ViewRootImpl@6dcaa2e[MainActivity]: mWNT: t=0x7b17c1f700 mBlastBufferQueue=0x7b5b836800 fn= 797 caller= android.view.ViewRootImpl.lambda$applyTransactionOnDraw$11$android-view-ViewRootImpl:12865 android.view.ViewRootImpl$$ExternalSyntheticLambda1.onFrameDraw:4 android.graphics.HardwareRenderer$FrameDrawingCallback.onFrameDraw:924 
10-16 17:52:54.838 21495 21495 I SurfaceView@184d2cc: Changes: creating=false format=false size=false visible=false alpha=false hint=false mUseAlpha=false visible=false left=false top=true
10-16 17:52:54.838 21495 21495 I SurfaceView@184d2cc: 25481932 Cur surface: Surface(name=null)/@0x649305d
10-16 17:52:54.838 21495 21495 I SurfaceView@184d2cc: applyTransactionOnVriDraw: vri = ViewRootImpl@6dcaa2e[MainActivity] fRS = false t = 0x7b17c1f800 android.view.SurfaceView.performSurfaceTransaction:959 android.view.SurfaceView.updateSurface:1105 android.view.SurfaceView.lambda$new$0$android-view-SurfaceView:200 
10-16 17:52:54.839 21495 21495 I ViewRootImpl@6dcaa2e[MainActivity]: applyTransactionOnDraw: mRemoved = false isHardwareEnabled = true t = 0x7b17c1f800android.view.SurfaceView.applyTransactionOnVriDraw:2048 android.view.SurfaceView.performSurfaceTransaction:959 android.view.SurfaceView.updateSurface:1105 android.view.SurfaceView.lambda$new$0$android-view-SurfaceView:200 android.view.SurfaceView$$ExternalSyntheticLambda5.onPreDraw:2 
10-16 17:52:54.839 21495 21495 I SurfaceView@184d2cc: updateSurface: mVisible = true mSurface.isValid() = true
10-16 17:52:54.839 21495 21495 I SurfaceView@184d2cc: updateSurface: mSurfaceCreated = true surfaceChanged = false visibleChanged = false
10-16 17:52:54.839 21495 21495 V SurfaceView@184d2cc: Layout: x=0 y=-806 w=1080 h=525, frame=Rect(0, 0 - 1080, 525)
10-16 17:52:54.847 21495 21574 D SurfaceView@184d2cc: updateSurfacePosition RenderWorker, frameNr = 798, position = [0, -870, 1080, -345] surfaceSize = 1080x525
10-16 17:52:54.847 21495 21574 I SurfaceView@184d2cc: uSP: rtp = Rect(0, -870 - 1080, -345) rtsw = 1080 rtsh = 525
10-16 17:52:54.847 21495 21574 I SurfaceView@184d2cc: onSSPAndSRT: pl = 0 pt = -870 sx = 1.0 sy = 1.0
10-16 17:52:54.847 21495 21574 I SurfaceView@184d2cc: aOrMT: ViewRootImpl@6dcaa2e[MainActivity] t = android.view.SurfaceControl$Transaction@44988b8 fN = 798 android.view.SurfaceView.-$$Nest$mapplyOrMergeTransaction:0 android.view.SurfaceView$SurfaceViewPositionUpdateListener.positionChanged:1537 android.graphics.RenderNode$CompositePositionUpdateListener.positionChanged:373 
10-16 17:52:54.848 21495 21574 I ViewRootImpl@6dcaa2e[MainActivity]: mWNT: t=0x7b17979b00 mBlastBufferQueue=0x7b5b836800 fn= 798 caller= android.view.SurfaceView.applyOrMergeTransaction:1455 android.view.SurfaceView.-$$Nest$mapplyOrMergeTransaction:0 android.view.SurfaceView$SurfaceViewPositionUpdateListener.positionChanged:1537 
10-16 17:52:54.848 21495 21574 I ViewRootImpl@6dcaa2e[MainActivity]: mWNT: t=0x7b17c1f800 mBlastBufferQueue=0x7b5b836800 fn= 798 caller= android.view.ViewRootImpl.lambda$applyTransactionOnDraw$11$android-view-ViewRootImpl:12865 android.view.ViewRootImpl$$ExternalSyntheticLambda1.onFrameDraw:4 android.graphics.HardwareRenderer$FrameDrawingCallback.onFrameDraw:924 
10-16 17:52:54.854 21495 21495 I SurfaceView@184d2cc: Changes: creating=false format=false size=false visible=false alpha=false hint=false mUseAlpha=false visible=false left=false top=true
10-16 17:52:54.854 21495 21495 I SurfaceView@184d2cc: 25481932 Cur surface: Surface(name=null)/@0x649305d
10-16 17:52:54.855 21495 21495 I SurfaceView@184d2cc: applyTransactionOnVriDraw: vri = ViewRootImpl@6dcaa2e[MainActivity] fRS = false t = 0x7b17c1f900 android.view.SurfaceView.performSurfaceTransaction:959 android.view.SurfaceView.updateSurface:1105 android.view.SurfaceView.lambda$new$0$android-view-SurfaceView:200 
10-16 17:52:54.855 21495 21495 I ViewRootImpl@6dcaa2e[MainActivity]: applyTransactionOnDraw: mRemoved = false isHardwareEnabled = true t = 0x7b17c1f900android.view.SurfaceView.applyTransactionOnVriDraw:2048 android.view.SurfaceView.performSurfaceTransaction:959 android.view.SurfaceView.updateSurface:1105 android.view.SurfaceView.lambda$new$0$android-view-SurfaceView:200 android.view.SurfaceView$$ExternalSyntheticLambda5.onPreDraw:2 
10-16 17:52:54.855 21495 21495 I SurfaceView@184d2cc: updateSurface: mVisible = true mSurface.isValid() = true
10-16 17:52:54.855 21495 21495 I SurfaceView@184d2cc: updateSurface: mSurfaceCreated = true surfaceChanged = false visibleChanged = false
10-16 17:52:54.855 21495 21495 V SurfaceView@184d2cc: Layout: x=0 y=-870 w=1080 h=525, frame=Rect(0, 0 - 1080, 525)
10-16 17:52:54.863 21495 21575 D SurfaceView@184d2cc: updateSurfacePosition RenderWorker, frameNr = 799, position = [0, -935, 1080, -410] surfaceSize = 1080x525
10-16 17:52:54.863 21495 21575 I SurfaceView@184d2cc: uSP: rtp = Rect(0, -935 - 1080, -410) rtsw = 1080 rtsh = 525
10-16 17:52:54.863 21495 21575 I SurfaceView@184d2cc: onSSPAndSRT: pl = 0 pt = -935 sx = 1.0 sy = 1.0
10-16 17:52:54.863 21495 21575 I SurfaceView@184d2cc: aOrMT: ViewRootImpl@6dcaa2e[MainActivity] t = android.view.SurfaceControl$Transaction@44988b8 fN = 799 android.view.SurfaceView.-$$Nest$mapplyOrMergeTransaction:0 android.view.SurfaceView$SurfaceViewPositionUpdateListener.positionChanged:1537 android.graphics.RenderNode$CompositePositionUpdateListener.positionChanged:373 
10-16 17:52:54.863 21495 21575 I ViewRootImpl@6dcaa2e[MainActivity]: mWNT: t=0x7b17979b00 mBlastBufferQueue=0x7b5b836800 fn= 799 caller= android.view.SurfaceView.applyOrMergeTransaction:1455 android.view.SurfaceView.-$$Nest$mapplyOrMergeTransaction:0 android.view.SurfaceView$SurfaceViewPositionUpdateListener.positionChanged:1537 
10-16 17:52:54.863 21495 21575 I ViewRootImpl@6dcaa2e[MainActivity]: mWNT: t=0x7b17c1f900 mBlastBufferQueue=0x7b5b836800 fn= 799 caller= android.view.ViewRootImpl.lambda$applyTransactionOnDraw$11$android-view-ViewRootImpl:12865 android.view.ViewRootImpl$$ExternalSyntheticLambda1.onFrameDraw:4 android.graphics.HardwareRenderer$FrameDrawingCallback.onFrameDraw:924 
10-16 17:52:54.870 21495 21495 I SurfaceView@184d2cc: Changes: creating=false format=false size=false visible=false alpha=false hint=false mUseAlpha=false visible=false left=false top=true
10-16 17:52:54.870 21495 21495 I SurfaceView@184d2cc: 25481932 Cur surface: Surface(name=null)/@0x649305d
10-16 17:52:54.871 21495 21495 I SurfaceView@184d2cc: applyTransactionOnVriDraw: vri = ViewRootImpl@6dcaa2e[MainActivity] fRS = false t = 0x7b17c1fa00 android.view.SurfaceView.performSurfaceTransaction:959 android.view.SurfaceView.updateSurface:1105 android.view.SurfaceView.lambda$new$0$android-view-SurfaceView:200 
10-16 17:52:54.871 21495 21495 I ViewRootImpl@6dcaa2e[MainActivity]: applyTransactionOnDraw: mRemoved = false isHardwareEnabled = true t = 0x7b17c1fa00android.view.SurfaceView.applyTransactionOnVriDraw:2048 android.view.SurfaceView.performSurfaceTransaction:959 android.view.SurfaceView.updateSurface:1105 android.view.SurfaceView.lambda$new$0$android-view-SurfaceView:200 android.view.SurfaceView$$ExternalSyntheticLambda5.onPreDraw:2 
10-16 17:52:54.871 21495 21495 I SurfaceView@184d2cc: updateSurface: mVisible = true mSurface.isValid() = true
10-16 17:52:54.871 21495 21495 I SurfaceView@184d2cc: updateSurface: mSurfaceCreated = true surfaceChanged = false visibleChanged = false
10-16 17:52:54.871 21495 21495 V SurfaceView@184d2cc: Layout: x=0 y=-935 w=1080 h=525, frame=Rect(0, 0 - 1080, 525)
10-16 17:52:54.883 21495 21574 D SurfaceView@184d2cc: updateSurfacePosition RenderWorker, frameNr = 800, position = [0, -998, 1080, -473] surfaceSize = 1080x525
10-16 17:52:54.883 21495 21574 I SurfaceView@184d2cc: uSP: rtp = Rect(0, -998 - 1080, -473) rtsw = 1080 rtsh = 525
10-16 17:52:54.884 21495 21574 I SurfaceView@184d2cc: onSSPAndSRT: pl = 0 pt = -998 sx = 1.0 sy = 1.0
10-16 17:52:54.884 21495 21574 I SurfaceView@184d2cc: aOrMT: ViewRootImpl@6dcaa2e[MainActivity] t = android.view.SurfaceControl$Transaction@44988b8 fN = 800 android.view.SurfaceView.-$$Nest$mapplyOrMergeTransaction:0 android.view.SurfaceView$SurfaceViewPositionUpdateListener.positionChanged:1537 android.graphics.RenderNode$CompositePositionUpdateListener.positionChanged:373 
10-16 17:52:54.884 21495 21574 I ViewRootImpl@6dcaa2e[MainActivity]: mWNT: t=0x7b17979b00 mBlastBufferQueue=0x7b5b836800 fn= 800 caller= android.view.SurfaceView.applyOrMergeTransaction:1455 android.view.SurfaceView.-$$Nest$mapplyOrMergeTransaction:0 android.view.SurfaceView$SurfaceViewPositionUpdateListener.positionChanged:1537 
10-16 17:52:54.884 21495 21574 I ViewRootImpl@6dcaa2e[MainActivity]: mWNT: t=0x7b17c1fa00 mBlastBufferQueue=0x7b5b836800 fn= 800 caller= android.view.ViewRootImpl.lambda$applyTransactionOnDraw$11$android-view-ViewRootImpl:12865 android.view.ViewRootImpl$$ExternalSyntheticLambda1.onFrameDraw:4 android.graphics.HardwareRenderer$FrameDrawingCallback.onFrameDraw:924 
10-16 17:52:54.887 21495 21495 I SurfaceView@184d2cc: Changes: creating=false format=false size=false visible=false alpha=false hint=false mUseAlpha=false visible=false left=false top=true
10-16 17:52:54.887 21495 21495 I SurfaceView@184d2cc: 25481932 Cur surface: Surface(name=null)/@0x649305d
10-16 17:52:54.888 21495 21495 I SurfaceView@184d2cc: applyTransactionOnVriDraw: vri = ViewRootImpl@6dcaa2e[MainActivity] fRS = false t = 0x7b17c1fc00 android.view.SurfaceView.performSurfaceTransaction:959 android.view.SurfaceView.updateSurface:1105 android.view.SurfaceView.lambda$new$0$android-view-SurfaceView:200 
