10-16 16:57:23.928  5481  5481 I ViewRootImpl@8cf4809[MainActivity]: applyTransactionOnDraw: mRemoved = false isHardwareEnabled = true t = 0x7b389d6e00android.view.SurfaceView.applyTransactionOnVriDraw:2048 android.view.SurfaceView.performSurfaceTransaction:959 android.view.SurfaceView.updateSurface:1105 android.view.SurfaceView.lambda$new$0$android-view-SurfaceView:200 android.view.SurfaceView$$ExternalSyntheticLambda5.onPreDraw:2 
10-16 16:57:23.928  5481  5481 I SurfaceView@28d9a7b: updateSurface: mVisible = true mSurface.isValid() = true
10-16 16:57:23.928  5481  5481 I SurfaceView@28d9a7b: updateSurface: mSurfaceCreated = true surfaceChanged = false visibleChanged = false
10-16 16:57:23.928  5481  5481 V SurfaceView@28d9a7b: Layout: x=0 y=-613 w=1080 h=525, frame=Rect(0, 0 - 1080, 525)
10-16 16:57:23.930  5481  5633 D SurfaceView@28d9a7b: updateSurfacePosition RenderWorker, frameNr = 1144, position = [0, -625, 1080, -100] surfaceSize = 1080x525
10-16 16:57:23.930  5481  5633 I SurfaceView@28d9a7b: uSP: rtp = Rect(0, -625 - 1080, -100) rtsw = 1080 rtsh = 525
10-16 16:57:23.930  5481  5633 I SurfaceView@28d9a7b: onSSPAndSRT: pl = 0 pt = -625 sx = 1.0 sy = 1.0
10-16 16:57:23.931  5481  5633 I SurfaceView@28d9a7b: aOrMT: ViewRootImpl@8cf4809[MainActivity] t = android.view.SurfaceControl$Transaction@69773d0 fN = 1144 android.view.SurfaceView.-$$Nest$mapplyOrMergeTransaction:0 android.view.SurfaceView$SurfaceViewPositionUpdateListener.positionChanged:1537 android.graphics.RenderNode$CompositePositionUpdateListener.positionChanged:373 
10-16 16:57:23.931  5481  5633 I ViewRootImpl@8cf4809[MainActivity]: mWNT: t=0x7b388d9100 mBlastBufferQueue=0x7b6d750200 fn= 1144 caller= android.view.SurfaceView.applyOrMergeTransaction:1455 android.view.SurfaceView.-$$Nest$mapplyOrMergeTransaction:0 android.view.SurfaceView$SurfaceViewPositionUpdateListener.positionChanged:1537 
10-16 16:57:23.931  5481  5633 I ViewRootImpl@8cf4809[MainActivity]: mWNT: t=0x7b389d6e00 mBlastBufferQueue=0x7b6d750200 fn= 1144 caller= android.view.ViewRootImpl.lambda$applyTransactionOnDraw$11$android-view-ViewRootImpl:12865 android.view.ViewRootImpl$$ExternalSyntheticLambda1.onFrameDraw:4 android.graphics.HardwareRenderer$FrameDrawingCallback.onFrameDraw:924 
10-16 16:57:23.941  5481  5481 I SurfaceView@28d9a7b: Changes: creating=false format=false size=false visible=false alpha=false hint=false mUseAlpha=false visible=false left=false top=true
10-16 16:57:23.942  5481  5481 I SurfaceView@28d9a7b: 42834555 Cur surface: Surface(name=null)/@0x739bef6
10-16 16:57:23.942  5481  5481 I SurfaceView@28d9a7b: applyTransactionOnVriDraw: vri = ViewRootImpl@8cf4809[MainActivity] fRS = false t = 0x7b41153e00 android.view.SurfaceView.performSurfaceTransaction:959 android.view.SurfaceView.updateSurface:1105 android.view.SurfaceView.lambda$new$0$android-view-SurfaceView:200 
10-16 16:57:23.942  5481  5481 I ViewRootImpl@8cf4809[MainActivity]: applyTransactionOnDraw: mRemoved = false isHardwareEnabled = true t = 0x7b41153e00android.view.SurfaceView.applyTransactionOnVriDraw:2048 android.view.SurfaceView.performSurfaceTransaction:959 android.view.SurfaceView.updateSurface:1105 android.view.SurfaceView.lambda$new$0$android-view-SurfaceView:200 android.view.SurfaceView$$ExternalSyntheticLambda5.onPreDraw:2 
10-16 16:57:23.942  5481  5481 I SurfaceView@28d9a7b: updateSurface: mVisible = true mSurface.isValid() = true
10-16 16:57:23.942  5481  5481 I SurfaceView@28d9a7b: updateSurface: mSurfaceCreated = true surfaceChanged = false visibleChanged = false
10-16 16:57:23.942  5481  5481 V SurfaceView@28d9a7b: Layout: x=0 y=-625 w=1080 h=525, frame=Rect(0, 0 - 1080, 525)
10-16 16:57:23.944  5481  5632 D SurfaceView@28d9a7b: updateSurfacePosition RenderWorker, frameNr = 1145, position = [0, -635, 1080, -110] surfaceSize = 1080x525
10-16 16:57:23.944  5481  5632 I SurfaceView@28d9a7b: uSP: rtp = Rect(0, -635 - 1080, -110) rtsw = 1080 rtsh = 525
10-16 16:57:23.944  5481  5632 I SurfaceView@28d9a7b: onSSPAndSRT: pl = 0 pt = -635 sx = 1.0 sy = 1.0
10-16 16:57:23.944  5481  5632 I SurfaceView@28d9a7b: aOrMT: ViewRootImpl@8cf4809[MainActivity] t = android.view.SurfaceControl$Transaction@69773d0 fN = 1145 android.view.SurfaceView.-$$Nest$mapplyOrMergeTransaction:0 android.view.SurfaceView$SurfaceViewPositionUpdateListener.positionChanged:1537 android.graphics.RenderNode$CompositePositionUpdateListener.positionChanged:373 
10-16 16:57:23.944  5481  5632 I ViewRootImpl@8cf4809[MainActivity]: mWNT: t=0x7b388d9100 mBlastBufferQueue=0x7b6d750200 fn= 1145 caller= android.view.SurfaceView.applyOrMergeTransaction:1455 android.view.SurfaceView.-$$Nest$mapplyOrMergeTransaction:0 android.view.SurfaceView$SurfaceViewPositionUpdateListener.positionChanged:1537 
10-16 16:57:23.945  5481  5632 I ViewRootImpl@8cf4809[MainActivity]: mWNT: t=0x7b41153e00 mBlastBufferQueue=0x7b6d750200 fn= 1145 caller= android.view.ViewRootImpl.lambda$applyTransactionOnDraw$11$android-view-ViewRootImpl:12865 android.view.ViewRootImpl$$ExternalSyntheticLambda1.onFrameDraw:4 android.graphics.HardwareRenderer$FrameDrawingCallback.onFrameDraw:924 
10-16 16:57:23.958  5481  5481 I SurfaceView@28d9a7b: Changes: creating=false format=false size=false visible=false alpha=false hint=false mUseAlpha=false visible=false left=false top=true
10-16 16:57:23.958  5481  5481 I SurfaceView@28d9a7b: 42834555 Cur surface: Surface(name=null)/@0x739bef6
10-16 16:57:23.959  5481  5481 I SurfaceView@28d9a7b: applyTransactionOnVriDraw: vri = ViewRootImpl@8cf4809[MainActivity] fRS = false t = 0x7b41153f00 android.view.SurfaceView.performSurfaceTransaction:959 android.view.SurfaceView.updateSurface:1105 android.view.SurfaceView.lambda$new$0$android-view-SurfaceView:200 
10-16 16:57:23.959  5481  5481 I ViewRootImpl@8cf4809[MainActivity]: applyTransactionOnDraw: mRemoved = false isHardwareEnabled = true t = 0x7b41153f00android.view.SurfaceView.applyTransactionOnVriDraw:2048 android.view.SurfaceView.performSurfaceTransaction:959 android.view.SurfaceView.updateSurface:1105 android.view.SurfaceView.lambda$new$0$android-view-SurfaceView:200 android.view.SurfaceView$$ExternalSyntheticLambda5.onPreDraw:2 
10-16 16:57:23.959  5481  5481 I SurfaceView@28d9a7b: updateSurface: mVisible = true mSurface.isValid() = true
10-16 16:57:23.959  5481  5481 I SurfaceView@28d9a7b: updateSurface: mSurfaceCreated = true surfaceChanged = false visibleChanged = false
10-16 16:57:23.959  5481  5481 V SurfaceView@28d9a7b: Layout: x=0 y=-635 w=1080 h=525, frame=Rect(0, 0 - 1080, 525)
10-16 16:57:23.960  5481  5633 D SurfaceView@28d9a7b: updateSurfacePosition RenderWorker, frameNr = 1146, position = [0, -644, 1080, -119] surfaceSize = 1080x525
10-16 16:57:23.960  5481  5633 I SurfaceView@28d9a7b: uSP: rtp = Rect(0, -644 - 1080, -119) rtsw = 1080 rtsh = 525
10-16 16:57:23.960  5481  5633 I SurfaceView@28d9a7b: onSSPAndSRT: pl = 0 pt = -644 sx = 1.0 sy = 1.0
10-16 16:57:23.960  5481  5633 I SurfaceView@28d9a7b: aOrMT: ViewRootImpl@8cf4809[MainActivity] t = android.view.SurfaceControl$Transaction@69773d0 fN = 1146 android.view.SurfaceView.-$$Nest$mapplyOrMergeTransaction:0 android.view.SurfaceView$SurfaceViewPositionUpdateListener.positionChanged:1537 android.graphics.RenderNode$CompositePositionUpdateListener.positionChanged:373 
10-16 16:57:23.961  5481  5633 I ViewRootImpl@8cf4809[MainActivity]: mWNT: t=0x7b388d9100 mBlastBufferQueue=0x7b6d750200 fn= 1146 caller= android.view.SurfaceView.applyOrMergeTransaction:1455 android.view.SurfaceView.-$$Nest$mapplyOrMergeTransaction:0 android.view.SurfaceView$SurfaceViewPositionUpdateListener.positionChanged:1537 
10-16 16:57:23.961  5481  5633 I ViewRootImpl@8cf4809[MainActivity]: mWNT: t=0x7b41153f00 mBlastBufferQueue=0x7b6d750200 fn= 1146 caller= android.view.ViewRootImpl.lambda$applyTransactionOnDraw$11$android-view-ViewRootImpl:12865 android.view.ViewRootImpl$$ExternalSyntheticLambda1.onFrameDraw:4 android.graphics.HardwareRenderer$FrameDrawingCallback.onFrameDraw:924 
10-16 16:57:23.975  5481  5481 I SurfaceView@28d9a7b: Changes: creating=false format=false size=false visible=false alpha=false hint=false mUseAlpha=false visible=false left=false top=true
10-16 16:57:23.975  5481  5481 I SurfaceView@28d9a7b: 42834555 Cur surface: Surface(name=null)/@0x739bef6
10-16 16:57:23.975  5481  5481 I SurfaceView@28d9a7b: applyTransactionOnVriDraw: vri = ViewRootImpl@8cf4809[MainActivity] fRS = false t = 0x7b41154000 android.view.SurfaceView.performSurfaceTransaction:959 android.view.SurfaceView.updateSurface:1105 android.view.SurfaceView.lambda$new$0$android-view-SurfaceView:200 
10-16 16:57:23.975  5481  5481 I ViewRootImpl@8cf4809[MainActivity]: applyTransactionOnDraw: mRemoved = false isHardwareEnabled = true t = 0x7b41154000android.view.SurfaceView.applyTransactionOnVriDraw:2048 android.view.SurfaceView.performSurfaceTransaction:959 android.view.SurfaceView.updateSurface:1105 android.view.SurfaceView.lambda$new$0$android-view-SurfaceView:200 android.view.SurfaceView$$ExternalSyntheticLambda5.onPreDraw:2 
10-16 16:57:23.975  5481  5481 I SurfaceView@28d9a7b: updateSurface: mVisible = true mSurface.isValid() = true
10-16 16:57:23.975  5481  5481 I SurfaceView@28d9a7b: updateSurface: mSurfaceCreated = true surfaceChanged = false visibleChanged = false
10-16 16:57:23.975  5481  5481 V SurfaceView@28d9a7b: Layout: x=0 y=-644 w=1080 h=525, frame=Rect(0, 0 - 1080, 525)
10-16 16:57:23.976  5481  5632 D SurfaceView@28d9a7b: updateSurfacePosition RenderWorker, frameNr = 1147, position = [0, -654, 1080, -129] surfaceSize = 1080x525
10-16 16:57:23.977  5481  5632 I SurfaceView@28d9a7b: uSP: rtp = Rect(0, -654 - 1080, -129) rtsw = 1080 rtsh = 525
10-16 16:57:23.977  5481  5632 I SurfaceView@28d9a7b: onSSPAndSRT: pl = 0 pt = -654 sx = 1.0 sy = 1.0
10-16 16:57:23.977  5481  5632 I SurfaceView@28d9a7b: aOrMT: ViewRootImpl@8cf4809[MainActivity] t = android.view.SurfaceControl$Transaction@69773d0 fN = 1147 android.view.SurfaceView.-$$Nest$mapplyOrMergeTransaction:0 android.view.SurfaceView$SurfaceViewPositionUpdateListener.positionChanged:1537 android.graphics.RenderNode$CompositePositionUpdateListener.positionChanged:373 
10-16 16:57:23.977  5481  5632 I ViewRootImpl@8cf4809[MainActivity]: mWNT: t=0x7b388d9100 mBlastBufferQueue=0x7b6d750200 fn= 1147 caller= android.view.SurfaceView.applyOrMergeTransaction:1455 android.view.SurfaceView.-$$Nest$mapplyOrMergeTransaction:0 android.view.SurfaceView$SurfaceViewPositionUpdateListener.positionChanged:1537 
10-16 16:57:23.977  5481  5632 I ViewRootImpl@8cf4809[MainActivity]: mWNT: t=0x7b41154000 mBlastBufferQueue=0x7b6d750200 fn= 1147 caller= android.view.ViewRootImpl.lambda$applyTransactionOnDraw$11$android-view-ViewRootImpl:12865 android.view.ViewRootImpl$$ExternalSyntheticLambda1.onFrameDraw:4 android.graphics.HardwareRenderer$FrameDrawingCallback.onFrameDraw:924 
10-16 16:57:23.991  5481  5481 I SurfaceView@28d9a7b: Changes: creating=false format=false size=false visible=false alpha=false hint=false mUseAlpha=false visible=false left=false top=true
10-16 16:57:23.991  5481  5481 I SurfaceView@28d9a7b: 42834555 Cur surface: Surface(name=null)/@0x739bef6
10-16 16:57:23.992  5481  5481 I SurfaceView@28d9a7b: applyTransactionOnVriDraw: vri = ViewRootImpl@8cf4809[MainActivity] fRS = false t = 0x7b41154200 android.view.SurfaceView.performSurfaceTransaction:959 android.view.SurfaceView.updateSurface:1105 android.view.SurfaceView.lambda$new$0$android-view-SurfaceView:200 
10-16 16:57:23.992  5481  5481 I ViewRootImpl@8cf4809[MainActivity]: applyTransactionOnDraw: mRemoved = false isHardwareEnabled = true t = 0x7b41154200android.view.SurfaceView.applyTransactionOnVriDraw:2048 android.view.SurfaceView.performSurfaceTransaction:959 android.view.SurfaceView.updateSurface:1105 android.view.SurfaceView.lambda$new$0$android-view-SurfaceView:200 android.view.SurfaceView$$ExternalSyntheticLambda5.onPreDraw:2 
10-16 16:57:23.992  5481  5481 I SurfaceView@28d9a7b: updateSurface: mVisible = true mSurface.isValid() = true
10-16 16:57:23.992  5481  5481 I SurfaceView@28d9a7b: updateSurface: mSurfaceCreated = true surfaceChanged = false visibleChanged = false
10-16 16:57:23.992  5481  5481 V SurfaceView@28d9a7b: Layout: x=0 y=-654 w=1080 h=525, frame=Rect(0, 0 - 1080, 525)
10-16 16:57:23.993  5481  5633 D SurfaceView@28d9a7b: updateSurfacePosition RenderWorker, frameNr = 1148, position = [0, -661, 1080, -136] surfaceSize = 1080x525
10-16 16:57:23.993  5481  5633 I SurfaceView@28d9a7b: uSP: rtp = Rect(0, -661 - 1080, -136) rtsw = 1080 rtsh = 525
10-16 16:57:23.994  5481  5633 I SurfaceView@28d9a7b: onSSPAndSRT: pl = 0 pt = -661 sx = 1.0 sy = 1.0
10-16 16:57:23.994  5481  5633 I SurfaceView@28d9a7b: aOrMT: ViewRootImpl@8cf4809[MainActivity] t = android.view.SurfaceControl$Transaction@69773d0 fN = 1148 android.view.SurfaceView.-$$Nest$mapplyOrMergeTransaction:0 android.view.SurfaceView$SurfaceViewPositionUpdateListener.positionChanged:1537 android.graphics.RenderNode$CompositePositionUpdateListener.positionChanged:373 
10-16 16:57:23.994  5481  5633 I ViewRootImpl@8cf4809[MainActivity]: mWNT: t=0x7b388d9100 mBlastBufferQueue=0x7b6d750200 fn= 1148 caller= android.view.SurfaceView.applyOrMergeTransaction:1455 android.view.SurfaceView.-$$Nest$mapplyOrMergeTransaction:0 android.view.SurfaceView$SurfaceViewPositionUpdateListener.positionChanged:1537 
10-16 16:57:23.994  5481  5633 I ViewRootImpl@8cf4809[MainActivity]: mWNT: t=0x7b41154200 mBlastBufferQueue=0x7b6d750200 fn= 1148 caller= android.view.ViewRootImpl.lambda$applyTransactionOnDraw$11$android-view-ViewRootImpl:12865 android.view.ViewRootImpl$$ExternalSyntheticLambda1.onFrameDraw:4 android.graphics.HardwareRenderer$FrameDrawingCallback.onFrameDraw:924 
10-16 16:57:24.008  5481  5481 I SurfaceView@28d9a7b: Changes: creating=false format=false size=false visible=false alpha=false hint=false mUseAlpha=false visible=false left=false top=true
10-16 16:57:24.008  5481  5481 I SurfaceView@28d9a7b: 42834555 Cur surface: Surface(name=null)/@0x739bef6
10-16 16:57:24.008  5481  5481 I SurfaceView@28d9a7b: applyTransactionOnVriDraw: vri = ViewRootImpl@8cf4809[MainActivity] fRS = false t = 0x7b41154300 android.view.SurfaceView.performSurfaceTransaction:959 android.view.SurfaceView.updateSurface:1105 android.view.SurfaceView.lambda$new$0$android-view-SurfaceView:200 
10-16 16:57:24.008  5481  5481 I ViewRootImpl@8cf4809[MainActivity]: applyTransactionOnDraw: mRemoved = false isHardwareEnabled = true t = 0x7b41154300android.view.SurfaceView.applyTransactionOnVriDraw:2048 android.view.SurfaceView.performSurfaceTransaction:959 android.view.SurfaceView.updateSurface:1105 android.view.SurfaceView.lambda$new$0$android-view-SurfaceView:200 android.view.SurfaceView$$ExternalSyntheticLambda5.onPreDraw:2 
10-16 16:57:24.008  5481  5481 I SurfaceView@28d9a7b: updateSurface: mVisible = true mSurface.isValid() = true
10-16 16:57:24.009  5481  5481 I SurfaceView@28d9a7b: updateSurface: mSurfaceCreated = true surfaceChanged = false visibleChanged = false
10-16 16:57:24.009  5481  5481 V SurfaceView@28d9a7b: Layout: x=0 y=-661 w=1080 h=525, frame=Rect(0, 0 - 1080, 525)
10-16 16:57:24.010  5481  5632 D SurfaceView@28d9a7b: updateSurfacePosition RenderWorker, frameNr = 1149, position = [0, -669, 1080, -144] surfaceSize = 1080x525
10-16 16:57:24.010  5481  5632 I SurfaceView@28d9a7b: uSP: rtp = Rect(0, -669 - 1080, -144) rtsw = 1080 rtsh = 525
10-16 16:57:24.010  5481  5632 I SurfaceView@28d9a7b: onSSPAndSRT: pl = 0 pt = -669 sx = 1.0 sy = 1.0
10-16 16:57:24.010  5481  5632 I SurfaceView@28d9a7b: aOrMT: ViewRootImpl@8cf4809[MainActivity] t = android.view.SurfaceControl$Transaction@69773d0 fN = 1149 android.view.SurfaceView.-$$Nest$mapplyOrMergeTransaction:0 android.view.SurfaceView$SurfaceViewPositionUpdateListener.positionChanged:1537 android.graphics.RenderNode$CompositePositionUpdateListener.positionChanged:373 
10-16 16:57:24.010  5481  5632 I ViewRootImpl@8cf4809[MainActivity]: mWNT: t=0x7b388d9100 mBlastBufferQueue=0x7b6d750200 fn= 1149 caller= android.view.SurfaceView.applyOrMergeTransaction:1455 android.view.SurfaceView.-$$Nest$mapplyOrMergeTransaction:0 android.view.SurfaceView$SurfaceViewPositionUpdateListener.positionChanged:1537 
10-16 16:57:24.011  5481  5632 I ViewRootImpl@8cf4809[MainActivity]: mWNT: t=0x7b41154300 mBlastBufferQueue=0x7b6d750200 fn= 1149 caller= android.view.ViewRootImpl.lambda$applyTransactionOnDraw$11$android-view-ViewRootImpl:12865 android.view.ViewRootImpl$$ExternalSyntheticLambda1.onFrameDraw:4 android.graphics.HardwareRenderer$FrameDrawingCallback.onFrameDraw:924 
10-16 16:57:24.024  5481  5481 I SurfaceView@28d9a7b: Changes: creating=false format=false size=false visible=false alpha=false hint=false mUseAlpha=false visible=false left=false top=true
10-16 16:57:24.025  5481  5481 I SurfaceView@28d9a7b: 42834555 Cur surface: Surface(name=null)/@0x739bef6
10-16 16:57:24.025  5481  5481 I SurfaceView@28d9a7b: applyTransactionOnVriDraw: vri = ViewRootImpl@8cf4809[MainActivity] fRS = false t = 0x7b41154400 android.view.SurfaceView.performSurfaceTransaction:959 android.view.SurfaceView.updateSurface:1105 android.view.SurfaceView.lambda$new$0$android-view-SurfaceView:200 
10-16 16:57:24.025  5481  5481 I ViewRootImpl@8cf4809[MainActivity]: applyTransactionOnDraw: mRemoved = false isHardwareEnabled = true t = 0x7b41154400android.view.SurfaceView.applyTransactionOnVriDraw:2048 android.view.SurfaceView.performSurfaceTransaction:959 android.view.SurfaceView.updateSurface:1105 android.view.SurfaceView.lambda$new$0$android-view-SurfaceView:200 android.view.SurfaceView$$ExternalSyntheticLambda5.onPreDraw:2 
10-16 16:57:24.025  5481  5481 I SurfaceView@28d9a7b: updateSurface: mVisible = true mSurface.isValid() = true
10-16 16:57:24.025  5481  5481 I SurfaceView@28d9a7b: updateSurface: mSurfaceCreated = true surfaceChanged = false visibleChanged = false
10-16 16:57:24.025  5481  5481 V SurfaceView@28d9a7b: Layout: x=0 y=-669 w=1080 h=525, frame=Rect(0, 0 - 1080, 525)
10-16 16:57:24.027  5481  5633 D SurfaceView@28d9a7b: updateSurfacePosition RenderWorker, frameNr = 1150, position = [0, -677, 1080, -152] surfaceSize = 1080x525
10-16 16:57:24.027  5481  5633 I SurfaceView@28d9a7b: uSP: rtp = Rect(0, -677 - 1080, -152) rtsw = 1080 rtsh = 525
10-16 16:57:24.027  5481  5633 I SurfaceView@28d9a7b: onSSPAndSRT: pl = 0 pt = -677 sx = 1.0 sy = 1.0
10-16 16:57:24.027  5481  5633 I SurfaceView@28d9a7b: aOrMT: ViewRootImpl@8cf4809[MainActivity] t = android.view.SurfaceControl$Transaction@69773d0 fN = 1150 android.view.SurfaceView.-$$Nest$mapplyOrMergeTransaction:0 android.view.SurfaceView$SurfaceViewPositionUpdateListener.positionChanged:1537 android.graphics.RenderNode$CompositePositionUpdateListener.positionChanged:373 
10-16 16:57:24.027  5481  5633 I ViewRootImpl@8cf4809[MainActivity]: mWNT: t=0x7b388d9100 mBlastBufferQueue=0x7b6d750200 fn= 1150 caller= android.view.SurfaceView.applyOrMergeTransaction:1455 android.view.SurfaceView.-$$Nest$mapplyOrMergeTransaction:0 android.view.SurfaceView$SurfaceViewPositionUpdateListener.positionChanged:1537 
10-16 16:57:24.027  5481  5633 I ViewRootImpl@8cf4809[MainActivity]: mWNT: t=0x7b41154400 mBlastBufferQueue=0x7b6d750200 fn= 1150 caller= android.view.ViewRootImpl.lambda$applyTransactionOnDraw$11$android-view-ViewRootImpl:12865 android.view.ViewRootImpl$$ExternalSyntheticLambda1.onFrameDraw:4 android.graphics.HardwareRenderer$FrameDrawingCallback.onFrameDraw:924 
10-16 16:57:24.041  5481  5481 I SurfaceView@28d9a7b: Changes: creating=false format=false size=false visible=false alpha=false hint=false mUseAlpha=false visible=false left=false top=true
10-16 16:57:24.041  5481  5481 I SurfaceView@28d9a7b: 42834555 Cur surface: Surface(name=null)/@0x739bef6
10-16 16:57:24.042  5481  5481 I SurfaceView@28d9a7b: applyTransactionOnVriDraw: vri = ViewRootImpl@8cf4809[MainActivity] fRS = false t = 0x7b4115b900 android.view.SurfaceView.performSurfaceTransaction:959 android.view.SurfaceView.updateSurface:1105 android.view.SurfaceView.lambda$new$0$android-view-SurfaceView:200 
10-16 16:57:24.042  5481  5481 I ViewRootImpl@8cf4809[MainActivity]: applyTransactionOnDraw: mRemoved = false isHardwareEnabled = true t = 0x7b4115b900android.view.SurfaceView.applyTransactionOnVriDraw:2048 android.view.SurfaceView.performSurfaceTransaction:959 android.view.SurfaceView.updateSurface:1105 android.view.SurfaceView.lambda$new$0$android-view-SurfaceView:200 android.view.SurfaceView$$ExternalSyntheticLambda5.onPreDraw:2 
10-16 16:57:24.042  5481  5481 I SurfaceView@28d9a7b: updateSurface: mVisible = true mSurface.isValid() = true
10-16 16:57:24.042  5481  5481 I SurfaceView@28d9a7b: updateSurface: mSurfaceCreated = true surfaceChanged = false visibleChanged = false
10-16 16:57:24.042  5481  5481 V SurfaceView@28d9a7b: Layout: x=0 y=-677 w=1080 h=525, frame=Rect(0, 0 - 1080, 525)
10-16 16:57:24.043  5481  5632 D SurfaceView@28d9a7b: updateSurfacePosition RenderWorker, frameNr = 1151, position = [0, -683, 1080, -158] surfaceSize = 1080x525
10-16 16:57:24.043  5481  5632 I SurfaceView@28d9a7b: uSP: rtp = Rect(0, -683 - 1080, -158) rtsw = 1080 rtsh = 525
10-16 16:57:24.043  5481  5632 I SurfaceView@28d9a7b: onSSPAndSRT: pl = 0 pt = -683 sx = 1.0 sy = 1.0
10-16 16:57:24.044  5481  5632 I SurfaceView@28d9a7b: aOrMT: ViewRootImpl@8cf4809[MainActivity] t = android.view.SurfaceControl$Transaction@69773d0 fN = 1151 android.view.SurfaceView.-$$Nest$mapplyOrMergeTransaction:0 android.view.SurfaceView$SurfaceViewPositionUpdateListener.positionChanged:1537 android.graphics.RenderNode$CompositePositionUpdateListener.positionChanged:373 
10-16 16:57:24.044  5481  5632 I ViewRootImpl@8cf4809[MainActivity]: mWNT: t=0x7b388d9100 mBlastBufferQueue=0x7b6d750200 fn= 1151 caller= android.view.SurfaceView.applyOrMergeTransaction:1455 android.view.SurfaceView.-$$Nest$mapplyOrMergeTransaction:0 android.view.SurfaceView$SurfaceViewPositionUpdateListener.positionChanged:1537 
10-16 16:57:24.044  5481  5632 I ViewRootImpl@8cf4809[MainActivity]: mWNT: t=0x7b4115b900 mBlastBufferQueue=0x7b6d750200 fn= 1151 caller= android.view.ViewRootImpl.lambda$applyTransactionOnDraw$11$android-view-ViewRootImpl:12865 android.view.ViewRootImpl$$ExternalSyntheticLambda1.onFrameDraw:4 android.graphics.HardwareRenderer$FrameDrawingCallback.onFrameDraw:924 
10-16 16:57:24.058  5481  5481 I SurfaceView@28d9a7b: Changes: creating=false format=false size=false visible=false alpha=false hint=false mUseAlpha=false visible=false left=false top=true
10-16 16:57:24.058  5481  5481 I SurfaceView@28d9a7b: 42834555 Cur surface: Surface(name=null)/@0x739bef6
10-16 16:57:24.058  5481  5481 I SurfaceView@28d9a7b: applyTransactionOnVriDraw: vri = ViewRootImpl@8cf4809[MainActivity] fRS = false t = 0x7b4115ba00 android.view.SurfaceView.performSurfaceTransaction:959 android.view.SurfaceView.updateSurface:1105 android.view.SurfaceView.lambda$new$0$android-view-SurfaceView:200 
10-16 16:57:24.059  5481  5481 I ViewRootImpl@8cf4809[MainActivity]: applyTransactionOnDraw: mRemoved = false isHardwareEnabled = true t = 0x7b4115ba00android.view.SurfaceView.applyTransactionOnVriDraw:2048 android.view.SurfaceView.performSurfaceTransaction:959 android.view.SurfaceView.updateSurface:1105 android.view.SurfaceView.lambda$new$0$android-view-SurfaceView:200 android.view.SurfaceView$$ExternalSyntheticLambda5.onPreDraw:2 
10-16 16:57:24.059  5481  5481 I SurfaceView@28d9a7b: updateSurface: mVisible = true mSurface.isValid() = true
10-16 16:57:24.059  5481  5481 I SurfaceView@28d9a7b: updateSurface: mSurfaceCreated = true surfaceChanged = false visibleChanged = false
10-16 16:57:24.059  5481  5481 V SurfaceView@28d9a7b: Layout: x=0 y=-683 w=1080 h=525, frame=Rect(0, 0 - 1080, 525)
10-16 16:57:24.060  5481  5633 D SurfaceView@28d9a7b: updateSurfacePosition RenderWorker, frameNr = 1152, position = [0, -690, 1080, -165] surfaceSize = 1080x525
10-16 16:57:24.060  5481  5633 I SurfaceView@28d9a7b: uSP: rtp = Rect(0, -690 - 1080, -165) rtsw = 1080 rtsh = 525
10-16 16:57:24.060  5481  5633 I SurfaceView@28d9a7b: onSSPAndSRT: pl = 0 pt = -690 sx = 1.0 sy = 1.0
10-16 16:57:24.060  5481  5633 I SurfaceView@28d9a7b: aOrMT: ViewRootImpl@8cf4809[MainActivity] t = android.view.SurfaceControl$Transaction@69773d0 fN = 1152 android.view.SurfaceView.-$$Nest$mapplyOrMergeTransaction:0 android.view.SurfaceView$SurfaceViewPositionUpdateListener.positionChanged:1537 android.graphics.RenderNode$CompositePositionUpdateListener.positionChanged:373 
10-16 16:57:24.060  5481  5633 I ViewRootImpl@8cf4809[MainActivity]: mWNT: t=0x7b388d9100 mBlastBufferQueue=0x7b6d750200 fn= 1152 caller= android.view.SurfaceView.applyOrMergeTransaction:1455 android.view.SurfaceView.-$$Nest$mapplyOrMergeTransaction:0 android.view.SurfaceView$SurfaceViewPositionUpdateListener.positionChanged:1537 
10-16 16:57:24.061  5481  5633 I ViewRootImpl@8cf4809[MainActivity]: mWNT: t=0x7b4115ba00 mBlastBufferQueue=0x7b6d750200 fn= 1152 caller= android.view.ViewRootImpl.lambda$applyTransactionOnDraw$11$android-view-ViewRootImpl:12865 android.view.ViewRootImpl$$ExternalSyntheticLambda1.onFrameDraw:4 android.graphics.HardwareRenderer$FrameDrawingCallback.onFrameDraw:924 
10-16 16:57:24.074  5481  5481 I SurfaceView@28d9a7b: Changes: creating=false format=false size=false visible=false alpha=false hint=false mUseAlpha=false visible=false left=false top=true
10-16 16:57:24.074  5481  5481 I SurfaceView@28d9a7b: 42834555 Cur surface: Surface(name=null)/@0x739bef6
10-16 16:57:24.075  5481  5481 I SurfaceView@28d9a7b: applyTransactionOnVriDraw: vri = ViewRootImpl@8cf4809[MainActivity] fRS = false t = 0x7b4115be00 android.view.SurfaceView.performSurfaceTransaction:959 android.view.SurfaceView.updateSurface:1105 android.view.SurfaceView.lambda$new$0$android-view-SurfaceView:200 
10-16 16:57:24.075  5481  5481 I ViewRootImpl@8cf4809[MainActivity]: applyTransactionOnDraw: mRemoved = false isHardwareEnabled = true t = 0x7b4115be00android.view.SurfaceView.applyTransactionOnVriDraw:2048 android.view.SurfaceView.performSurfaceTransaction:959 android.view.SurfaceView.updateSurface:1105 android.view.SurfaceView.lambda$new$0$android-view-SurfaceView:200 android.view.SurfaceView$$ExternalSyntheticLambda5.onPreDraw:2 
10-16 16:57:24.075  5481  5481 I SurfaceView@28d9a7b: updateSurface: mVisible = true mSurface.isValid() = true
10-16 16:57:24.075  5481  5481 I SurfaceView@28d9a7b: updateSurface: mSurfaceCreated = true surfaceChanged = false visibleChanged = false
10-16 16:57:24.075  5481  5481 V SurfaceView@28d9a7b: Layout: x=0 y=-690 w=1080 h=525, frame=Rect(0, 0 - 1080, 525)
10-16 16:57:24.076  5481  5632 D SurfaceView@28d9a7b: updateSurfacePosition RenderWorker, frameNr = 1153, position = [0, -696, 1080, -171] surfaceSize = 1080x525
10-16 16:57:24.077  5481  5632 I SurfaceView@28d9a7b: uSP: rtp = Rect(0, -696 - 1080, -171) rtsw = 1080 rtsh = 525
10-16 16:57:24.077  5481  5632 I SurfaceView@28d9a7b: onSSPAndSRT: pl = 0 pt = -696 sx = 1.0 sy = 1.0
10-16 16:57:24.077  5481  5632 I SurfaceView@28d9a7b: aOrMT: ViewRootImpl@8cf4809[MainActivity] t = android.view.SurfaceControl$Transaction@69773d0 fN = 1153 android.view.SurfaceView.-$$Nest$mapplyOrMergeTransaction:0 android.view.SurfaceView$SurfaceViewPositionUpdateListener.positionChanged:1537 android.graphics.RenderNode$CompositePositionUpdateListener.positionChanged:373 
10-16 16:57:24.077  5481  5632 I ViewRootImpl@8cf4809[MainActivity]: mWNT: t=0x7b388d9100 mBlastBufferQueue=0x7b6d750200 fn= 1153 caller= android.view.SurfaceView.applyOrMergeTransaction:1455 android.view.SurfaceView.-$$Nest$mapplyOrMergeTransaction:0 android.view.SurfaceView$SurfaceViewPositionUpdateListener.positionChanged:1537 
10-16 16:57:24.077  5481  5632 I ViewRootImpl@8cf4809[MainActivity]: mWNT: t=0x7b4115be00 mBlastBufferQueue=0x7b6d750200 fn= 1153 caller= android.view.ViewRootImpl.lambda$applyTransactionOnDraw$11$android-view-ViewRootImpl:12865 android.view.ViewRootImpl$$ExternalSyntheticLambda1.onFrameDraw:4 android.graphics.HardwareRenderer$FrameDrawingCallback.onFrameDraw:924 
10-16 16:57:24.091  5481  5481 I SurfaceView@28d9a7b: Changes: creating=false format=false size=false visible=false alpha=false hint=false mUseAlpha=false visible=false left=false top=true
10-16 16:57:24.091  5481  5481 I SurfaceView@28d9a7b: 42834555 Cur surface: Surface(name=null)/@0x739bef6
10-16 16:57:24.091  5481  5481 I SurfaceView@28d9a7b: applyTransactionOnVriDraw: vri = ViewRootImpl@8cf4809[MainActivity] fRS = false t = 0x7b4115bf00 android.view.SurfaceView.performSurfaceTransaction:959 android.view.SurfaceView.updateSurface:1105 android.view.SurfaceView.lambda$new$0$android-view-SurfaceView:200 
10-16 16:57:24.092  5481  5481 I ViewRootImpl@8cf4809[MainActivity]: applyTransactionOnDraw: mRemoved = false isHardwareEnabled = true t = 0x7b4115bf00android.view.SurfaceView.applyTransactionOnVriDraw:2048 android.view.SurfaceView.performSurfaceTransaction:959 android.view.SurfaceView.updateSurface:1105 android.view.SurfaceView.lambda$new$0$android-view-SurfaceView:200 android.view.SurfaceView$$ExternalSyntheticLambda5.onPreDraw:2 
10-16 16:57:24.092  5481  5481 I SurfaceView@28d9a7b: updateSurface: mVisible = true mSurface.isValid() = true
10-16 16:57:24.092  5481  5481 I SurfaceView@28d9a7b: updateSurface: mSurfaceCreated = true surfaceChanged = false visibleChanged = false
10-16 16:57:24.092  5481  5481 V SurfaceView@28d9a7b: Layout: x=0 y=-696 w=1080 h=525, frame=Rect(0, 0 - 1080, 525)
10-16 16:57:24.093  5481  5633 D SurfaceView@28d9a7b: updateSurfacePosition RenderWorker, frameNr = 1154, position = [0, -701, 1080, -176] surfaceSize = 1080x525
10-16 16:57:24.093  5481  5633 I SurfaceView@28d9a7b: uSP: rtp = Rect(0, -701 - 1080, -176) rtsw = 1080 rtsh = 525
10-16 16:57:24.093  5481  5633 I SurfaceView@28d9a7b: onSSPAndSRT: pl = 0 pt = -701 sx = 1.0 sy = 1.0
10-16 16:57:24.093  5481  5633 I SurfaceView@28d9a7b: aOrMT: ViewRootImpl@8cf4809[MainActivity] t = android.view.SurfaceControl$Transaction@69773d0 fN = 1154 android.view.SurfaceView.-$$Nest$mapplyOrMergeTransaction:0 android.view.SurfaceView$SurfaceViewPositionUpdateListener.positionChanged:1537 android.graphics.RenderNode$CompositePositionUpdateListener.positionChanged:373 
10-16 16:57:24.094  5481  5633 I ViewRootImpl@8cf4809[MainActivity]: mWNT: t=0x7b388d9100 mBlastBufferQueue=0x7b6d750200 fn= 1154 caller= android.view.SurfaceView.applyOrMergeTransaction:1455 android.view.SurfaceView.-$$Nest$mapplyOrMergeTransaction:0 android.view.SurfaceView$SurfaceViewPositionUpdateListener.positionChanged:1537 
10-16 16:57:24.094  5481  5633 I ViewRootImpl@8cf4809[MainActivity]: mWNT: t=0x7b4115bf00 mBlastBufferQueue=0x7b6d750200 fn= 1154 caller= android.view.ViewRootImpl.lambda$applyTransactionOnDraw$11$android-view-ViewRootImpl:12865 android.view.ViewRootImpl$$ExternalSyntheticLambda1.onFrameDraw:4 android.graphics.HardwareRenderer$FrameDrawingCallback.onFrameDraw:924 
10-16 16:57:24.108  5481  5481 I SurfaceView@28d9a7b: Changes: creating=false format=false size=false visible=false alpha=false hint=false mUseAlpha=false visible=false left=false top=true
10-16 16:57:24.108  5481  5481 I SurfaceView@28d9a7b: 42834555 Cur surface: Surface(name=null)/@0x739bef6
10-16 16:57:24.108  5481  5481 I SurfaceView@28d9a7b: applyTransactionOnVriDraw: vri = ViewRootImpl@8cf4809[MainActivity] fRS = false t = 0x7b412e1000 android.view.SurfaceView.performSurfaceTransaction:959 android.view.SurfaceView.updateSurface:1105 android.view.SurfaceView.lambda$new$0$android-view-SurfaceView:200 
10-16 16:57:24.108  5481  5481 I ViewRootImpl@8cf4809[MainActivity]: applyTransactionOnDraw: mRemoved = false isHardwareEnabled = true t = 0x7b412e1000android.view.SurfaceView.applyTransactionOnVriDraw:2048 android.view.SurfaceView.performSurfaceTransaction:959 android.view.SurfaceView.updateSurface:1105 android.view.SurfaceView.lambda$new$0$android-view-SurfaceView:200 android.view.SurfaceView$$ExternalSyntheticLambda5.onPreDraw:2 
10-16 16:57:24.109  5481  5481 I SurfaceView@28d9a7b: updateSurface: mVisible = true mSurface.isValid() = true
10-16 16:57:24.109  5481  5481 I SurfaceView@28d9a7b: updateSurface: mSurfaceCreated = true surfaceChanged = false visibleChanged = false
10-16 16:57:24.109  5481  5481 V SurfaceView@28d9a7b: Layout: x=0 y=-701 w=1080 h=525, frame=Rect(0, 0 - 1080, 525)
10-16 16:57:24.110  5481  5632 D SurfaceView@28d9a7b: updateSurfacePosition RenderWorker, frameNr = 1155, position = [0, -707, 1080, -182] surfaceSize = 1080x525
10-16 16:57:24.110  5481  5632 I SurfaceView@28d9a7b: uSP: rtp = Rect(0, -707 - 1080, -182) rtsw = 1080 rtsh = 525
10-16 16:57:24.110  5481  5632 I SurfaceView@28d9a7b: onSSPAndSRT: pl = 0 pt = -707 sx = 1.0 sy = 1.0
10-16 16:57:24.110  5481  5632 I SurfaceView@28d9a7b: aOrMT: ViewRootImpl@8cf4809[MainActivity] t = android.view.SurfaceControl$Transaction@69773d0 fN = 1155 android.view.SurfaceView.-$$Nest$mapplyOrMergeTransaction:0 android.view.SurfaceView$SurfaceViewPositionUpdateListener.positionChanged:1537 android.graphics.RenderNode$CompositePositionUpdateListener.positionChanged:373 
10-16 16:57:24.110  5481  5632 I ViewRootImpl@8cf4809[MainActivity]: mWNT: t=0x7b388d9100 mBlastBufferQueue=0x7b6d750200 fn= 1155 caller= android.view.SurfaceView.applyOrMergeTransaction:1455 android.view.SurfaceView.-$$Nest$mapplyOrMergeTransaction:0 android.view.SurfaceView$SurfaceViewPositionUpdateListener.positionChanged:1537 
10-16 16:57:24.111  5481  5632 I ViewRootImpl@8cf4809[MainActivity]: mWNT: t=0x7b412e1000 mBlastBufferQueue=0x7b6d750200 fn= 1155 caller= android.view.ViewRootImpl.lambda$applyTransactionOnDraw$11$android-view-ViewRootImpl:12865 android.view.ViewRootImpl$$ExternalSyntheticLambda1.onFrameDraw:4 android.graphics.HardwareRenderer$FrameDrawingCallback.onFrameDraw:924 
10-16 16:57:24.124  5481  5481 I SurfaceView@28d9a7b: Changes: creating=false format=false size=false visible=false alpha=false hint=false mUseAlpha=false visible=false left=false top=true
10-16 16:57:24.124  5481  5481 I SurfaceView@28d9a7b: 42834555 Cur surface: Surface(name=null)/@0x739bef6
10-16 16:57:24.125  5481  5481 I SurfaceView@28d9a7b: applyTransactionOnVriDraw: vri = ViewRootImpl@8cf4809[MainActivity] fRS = false t = 0x7b412e1100 android.view.SurfaceView.performSurfaceTransaction:959 android.view.SurfaceView.updateSurface:1105 android.view.SurfaceView.lambda$new$0$android-view-SurfaceView:200 
10-16 16:57:24.125  5481  5481 I ViewRootImpl@8cf4809[MainActivity]: applyTransactionOnDraw: mRemoved = false isHardwareEnabled = true t = 0x7b412e1100android.view.SurfaceView.applyTransactionOnVriDraw:2048 android.view.SurfaceView.performSurfaceTransaction:959 android.view.SurfaceView.updateSurface:1105 android.view.SurfaceView.lambda$new$0$android-view-SurfaceView:200 android.view.SurfaceView$$ExternalSyntheticLambda5.onPreDraw:2 
10-16 16:57:24.125  5481  5481 I SurfaceView@28d9a7b: updateSurface: mVisible = true mSurface.isValid() = true
10-16 16:57:24.125  5481  5481 I SurfaceView@28d9a7b: updateSurface: mSurfaceCreated = true surfaceChanged = false visibleChanged = false
10-16 16:57:24.125  5481  5481 V SurfaceView@28d9a7b: Layout: x=0 y=-707 w=1080 h=525, frame=Rect(0, 0 - 1080, 525)
10-16 16:57:24.126  5481  5633 D SurfaceView@28d9a7b: updateSurfacePosition RenderWorker, frameNr = 1156, position = [0, -712, 1080, -187] surfaceSize = 1080x525
10-16 16:57:24.126  5481  5633 I SurfaceView@28d9a7b: uSP: rtp = Rect(0, -712 - 1080, -187) rtsw = 1080 rtsh = 525
10-16 16:57:24.127  5481  5633 I SurfaceView@28d9a7b: onSSPAndSRT: pl = 0 pt = -712 sx = 1.0 sy = 1.0
10-16 16:57:24.127  5481  5633 I SurfaceView@28d9a7b: aOrMT: ViewRootImpl@8cf4809[MainActivity] t = android.view.SurfaceControl$Transaction@69773d0 fN = 1156 android.view.SurfaceView.-$$Nest$mapplyOrMergeTransaction:0 android.view.SurfaceView$SurfaceViewPositionUpdateListener.positionChanged:1537 android.graphics.RenderNode$CompositePositionUpdateListener.positionChanged:373 
10-16 16:57:24.127  5481  5633 I ViewRootImpl@8cf4809[MainActivity]: mWNT: t=0x7b388d9100 mBlastBufferQueue=0x7b6d750200 fn= 1156 caller= android.view.SurfaceView.applyOrMergeTransaction:1455 android.view.SurfaceView.-$$Nest$mapplyOrMergeTransaction:0 android.view.SurfaceView$SurfaceViewPositionUpdateListener.positionChanged:1537 
10-16 16:57:24.127  5481  5633 I ViewRootImpl@8cf4809[MainActivity]: mWNT: t=0x7b412e1100 mBlastBufferQueue=0x7b6d750200 fn= 1156 caller= android.view.ViewRootImpl.lambda$applyTransactionOnDraw$11$android-view-ViewRootImpl:12865 android.view.ViewRootImpl$$ExternalSyntheticLambda1.onFrameDraw:4 android.graphics.HardwareRenderer$FrameDrawingCallback.onFrameDraw:924 
10-16 16:57:24.141  5481  5481 I SurfaceView@28d9a7b: Changes: creating=false format=false size=false visible=false alpha=false hint=false mUseAlpha=false visible=false left=false top=true
10-16 16:57:24.141  5481  5481 I SurfaceView@28d9a7b: 42834555 Cur surface: Surface(name=null)/@0x739bef6
10-16 16:57:24.141  5481  5481 I SurfaceView@28d9a7b: applyTransactionOnVriDraw: vri = ViewRootImpl@8cf4809[MainActivity] fRS = false t = 0x7b412e1300 android.view.SurfaceView.performSurfaceTransaction:959 android.view.SurfaceView.updateSurface:1105 android.view.SurfaceView.lambda$new$0$android-view-SurfaceView:200 
10-16 16:57:24.142  5481  5481 I ViewRootImpl@8cf4809[MainActivity]: applyTransactionOnDraw: mRemoved = false isHardwareEnabled = true t = 0x7b412e1300android.view.SurfaceView.applyTransactionOnVriDraw:2048 android.view.SurfaceView.performSurfaceTransaction:959 android.view.SurfaceView.updateSurface:1105 android.view.SurfaceView.lambda$new$0$android-view-SurfaceView:200 android.view.SurfaceView$$ExternalSyntheticLambda5.onPreDraw:2 
10-16 16:57:24.142  5481  5481 I SurfaceView@28d9a7b: updateSurface: mVisible = true mSurface.isValid() = true
10-16 16:57:24.142  5481  5481 I SurfaceView@28d9a7b: updateSurface: mSurfaceCreated = true surfaceChanged = false visibleChanged = false
10-16 16:57:24.142  5481  5481 V SurfaceView@28d9a7b: Layout: x=0 y=-712 w=1080 h=525, frame=Rect(0, 0 - 1080, 525)
10-16 16:57:24.143  5481  5632 D SurfaceView@28d9a7b: updateSurfacePosition RenderWorker, frameNr = 1157, position = [0, -716, 1080, -191] surfaceSize = 1080x525
10-16 16:57:24.143  5481  5632 I SurfaceView@28d9a7b: uSP: rtp = Rect(0, -716 - 1080, -191) rtsw = 1080 rtsh = 525
10-16 16:57:24.143  5481  5632 I SurfaceView@28d9a7b: onSSPAndSRT: pl = 0 pt = -716 sx = 1.0 sy = 1.0
10-16 16:57:24.143  5481  5632 I SurfaceView@28d9a7b: aOrMT: ViewRootImpl@8cf4809[MainActivity] t = android.view.SurfaceControl$Transaction@69773d0 fN = 1157 android.view.SurfaceView.-$$Nest$mapplyOrMergeTransaction:0 android.view.SurfaceView$SurfaceViewPositionUpdateListener.positionChanged:1537 android.graphics.RenderNode$CompositePositionUpdateListener.positionChanged:373 
10-16 16:57:24.144  5481  5632 I ViewRootImpl@8cf4809[MainActivity]: mWNT: t=0x7b388d9100 mBlastBufferQueue=0x7b6d750200 fn= 1157 caller= android.view.SurfaceView.applyOrMergeTransaction:1455 android.view.SurfaceView.-$$Nest$mapplyOrMergeTransaction:0 android.view.SurfaceView$SurfaceViewPositionUpdateListener.positionChanged:1537 
10-16 16:57:24.144  5481  5632 I ViewRootImpl@8cf4809[MainActivity]: mWNT: t=0x7b412e1300 mBlastBufferQueue=0x7b6d750200 fn= 1157 caller= android.view.ViewRootImpl.lambda$applyTransactionOnDraw$11$android-view-ViewRootImpl:12865 android.view.ViewRootImpl$$ExternalSyntheticLambda1.onFrameDraw:4 android.graphics.HardwareRenderer$FrameDrawingCallback.onFrameDraw:924 
10-16 16:57:24.157  5481  5481 I SurfaceView@28d9a7b: Changes: creating=false format=false size=false visible=false alpha=false hint=false mUseAlpha=false visible=false left=false top=true
10-16 16:57:24.158  5481  5481 I SurfaceView@28d9a7b: 42834555 Cur surface: Surface(name=null)/@0x739bef6
10-16 16:57:24.158  5481  5481 I SurfaceView@28d9a7b: applyTransactionOnVriDraw: vri = ViewRootImpl@8cf4809[MainActivity] fRS = false t = 0x7b5eb6fb00 android.view.SurfaceView.performSurfaceTransaction:959 android.view.SurfaceView.updateSurface:1105 android.view.SurfaceView.lambda$new$0$android-view-SurfaceView:200 
10-16 16:57:24.158  5481  5481 I ViewRootImpl@8cf4809[MainActivity]: applyTransactionOnDraw: mRemoved = false isHardwareEnabled = true t = 0x7b5eb6fb00android.view.SurfaceView.applyTransactionOnVriDraw:2048 android.view.SurfaceView.performSurfaceTransaction:959 android.view.SurfaceView.updateSurface:1105 android.view.SurfaceView.lambda$new$0$android-view-SurfaceView:200 android.view.SurfaceView$$ExternalSyntheticLambda5.onPreDraw:2 
10-16 16:57:24.158  5481  5481 I SurfaceView@28d9a7b: updateSurface: mVisible = true mSurface.isValid() = true
10-16 16:57:24.158  5481  5481 I SurfaceView@28d9a7b: updateSurface: mSurfaceCreated = true surfaceChanged = false visibleChanged = false
10-16 16:57:24.158  5481  5481 V SurfaceView@28d9a7b: Layout: x=0 y=-716 w=1080 h=525, frame=Rect(0, 0 - 1080, 525)
10-16 16:57:24.159  5481  5633 D SurfaceView@28d9a7b: updateSurfacePosition RenderWorker, frameNr = 1158, position = [0, -721, 1080, -196] surfaceSize = 1080x525
10-16 16:57:24.159  5481  5633 I SurfaceView@28d9a7b: uSP: rtp = Rect(0, -721 - 1080, -196) rtsw = 1080 rtsh = 525
10-16 16:57:24.160  5481  5633 I SurfaceView@28d9a7b: onSSPAndSRT: pl = 0 pt = -721 sx = 1.0 sy = 1.0
10-16 16:57:24.160  5481  5633 I SurfaceView@28d9a7b: aOrMT: ViewRootImpl@8cf4809[MainActivity] t = android.view.SurfaceControl$Transaction@69773d0 fN = 1158 android.view.SurfaceView.-$$Nest$mapplyOrMergeTransaction:0 android.view.SurfaceView$SurfaceViewPositionUpdateListener.positionChanged:1537 android.graphics.RenderNode$CompositePositionUpdateListener.positionChanged:373 
10-16 16:57:24.160  5481  5633 I ViewRootImpl@8cf4809[MainActivity]: mWNT: t=0x7b388d9100 mBlastBufferQueue=0x7b6d750200 fn= 1158 caller= android.view.SurfaceView.applyOrMergeTransaction:1455 android.view.SurfaceView.-$$Nest$mapplyOrMergeTransaction:0 android.view.SurfaceView$SurfaceViewPositionUpdateListener.positionChanged:1537 
10-16 16:57:24.160  5481  5633 I ViewRootImpl@8cf4809[MainActivity]: mWNT: t=0x7b5eb6fb00 mBlastBufferQueue=0x7b6d750200 fn= 1158 caller= android.view.ViewRootImpl.lambda$applyTransactionOnDraw$11$android-view-ViewRootImpl:12865 android.view.ViewRootImpl$$ExternalSyntheticLambda1.onFrameDraw:4 android.graphics.HardwareRenderer$FrameDrawingCallback.onFrameDraw:924 
10-16 16:57:24.174  5481  5481 I SurfaceView@28d9a7b: Changes: creating=false format=false size=false visible=false alpha=false hint=false mUseAlpha=false visible=false left=false top=true
10-16 16:57:24.175  5481  5481 I SurfaceView@28d9a7b: 42834555 Cur surface: Surface(name=null)/@0x739bef6
10-16 16:57:24.175  5481  5481 I SurfaceView@28d9a7b: applyTransactionOnVriDraw: vri = ViewRootImpl@8cf4809[MainActivity] fRS = false t = 0x7b412e1500 android.view.SurfaceView.performSurfaceTransaction:959 android.view.SurfaceView.updateSurface:1105 android.view.SurfaceView.lambda$new$0$android-view-SurfaceView:200 
10-16 16:57:24.175  5481  5481 I ViewRootImpl@8cf4809[MainActivity]: applyTransactionOnDraw: mRemoved = false isHardwareEnabled = true t = 0x7b412e1500android.view.SurfaceView.applyTransactionOnVriDraw:2048 android.view.SurfaceView.performSurfaceTransaction:959 android.view.SurfaceView.updateSurface:1105 android.view.SurfaceView.lambda$new$0$android-view-SurfaceView:200 android.view.SurfaceView$$ExternalSyntheticLambda5.onPreDraw:2 
10-16 16:57:24.175  5481  5481 I SurfaceView@28d9a7b: updateSurface: mVisible = true mSurface.isValid() = true
10-16 16:57:24.175  5481  5481 I SurfaceView@28d9a7b: updateSurface: mSurfaceCreated = true surfaceChanged = false visibleChanged = false
10-16 16:57:24.175  5481  5481 V SurfaceView@28d9a7b: Layout: x=0 y=-721 w=1080 h=525, frame=Rect(0, 0 - 1080, 525)
10-16 16:57:24.176  5481  5632 D SurfaceView@28d9a7b: updateSurfacePosition RenderWorker, frameNr = 1159, position = [0, -725, 1080, -200] surfaceSize = 1080x525
10-16 16:57:24.177  5481  5632 I SurfaceView@28d9a7b: uSP: rtp = Rect(0, -725 - 1080, -200) rtsw = 1080 rtsh = 525
10-16 16:57:24.177  5481  5632 I SurfaceView@28d9a7b: onSSPAndSRT: pl = 0 pt = -725 sx = 1.0 sy = 1.0
10-16 16:57:24.177  5481  5632 I SurfaceView@28d9a7b: aOrMT: ViewRootImpl@8cf4809[MainActivity] t = android.view.SurfaceControl$Transaction@69773d0 fN = 1159 android.view.SurfaceView.-$$Nest$mapplyOrMergeTransaction:0 android.view.SurfaceView$SurfaceViewPositionUpdateListener.positionChanged:1537 android.graphics.RenderNode$CompositePositionUpdateListener.positionChanged:373 
10-16 16:57:24.177  5481  5632 I ViewRootImpl@8cf4809[MainActivity]: mWNT: t=0x7b388d9100 mBlastBufferQueue=0x7b6d750200 fn= 1159 caller= android.view.SurfaceView.applyOrMergeTransaction:1455 android.view.SurfaceView.-$$Nest$mapplyOrMergeTransaction:0 android.view.SurfaceView$SurfaceViewPositionUpdateListener.positionChanged:1537 
10-16 16:57:24.177  5481  5632 I ViewRootImpl@8cf4809[MainActivity]: mWNT: t=0x7b412e1500 mBlastBufferQueue=0x7b6d750200 fn= 1159 caller= android.view.ViewRootImpl.lambda$applyTransactionOnDraw$11$android-view-ViewRootImpl:12865 android.view.ViewRootImpl$$ExternalSyntheticLambda1.onFrameDraw:4 android.graphics.HardwareRenderer$FrameDrawingCallback.onFrameDraw:924 
10-16 16:57:24.191  5481  5481 I SurfaceView@28d9a7b: Changes: creating=false format=false size=false visible=false alpha=false hint=false mUseAlpha=false visible=false left=false top=true
10-16 16:57:24.191  5481  5481 I SurfaceView@28d9a7b: 42834555 Cur surface: Surface(name=null)/@0x739bef6
10-16 16:57:24.192  5481  5481 I SurfaceView@28d9a7b: applyTransactionOnVriDraw: vri = ViewRootImpl@8cf4809[MainActivity] fRS = false t = 0x7b412e1600 android.view.SurfaceView.performSurfaceTransaction:959 android.view.SurfaceView.updateSurface:1105 android.view.SurfaceView.lambda$new$0$android-view-SurfaceView:200 
10-16 16:57:24.192  5481  5481 I ViewRootImpl@8cf4809[MainActivity]: applyTransactionOnDraw: mRemoved = false isHardwareEnabled = true t = 0x7b412e1600android.view.SurfaceView.applyTransactionOnVriDraw:2048 android.view.SurfaceView.performSurfaceTransaction:959 android.view.SurfaceView.updateSurface:1105 android.view.SurfaceView.lambda$new$0$android-view-SurfaceView:200 android.view.SurfaceView$$ExternalSyntheticLambda5.onPreDraw:2 
10-16 16:57:24.192  5481  5481 I SurfaceView@28d9a7b: updateSurface: mVisible = true mSurface.isValid() = true
10-16 16:57:24.192  5481  5481 I SurfaceView@28d9a7b: updateSurface: mSurfaceCreated = true surfaceChanged = false visibleChanged = false
10-16 16:57:24.192  5481  5481 V SurfaceView@28d9a7b: Layout: x=0 y=-725 w=1080 h=525, frame=Rect(0, 0 - 1080, 525)
10-16 16:57:24.193  5481  5633 D SurfaceView@28d9a7b: updateSurfacePosition RenderWorker, frameNr = 1160, position = [0, -729, 1080, -204] surfaceSize = 1080x525
10-16 16:57:24.193  5481  5633 I SurfaceView@28d9a7b: uSP: rtp = Rect(0, -729 - 1080, -204) rtsw = 1080 rtsh = 525
10-16 16:57:24.193  5481  5633 I SurfaceView@28d9a7b: onSSPAndSRT: pl = 0 pt = -729 sx = 1.0 sy = 1.0
10-16 16:57:24.194  5481  5633 I SurfaceView@28d9a7b: aOrMT: ViewRootImpl@8cf4809[MainActivity] t = android.view.SurfaceControl$Transaction@69773d0 fN = 1160 android.view.SurfaceView.-$$Nest$mapplyOrMergeTransaction:0 android.view.SurfaceView$SurfaceViewPositionUpdateListener.positionChanged:1537 android.graphics.RenderNode$CompositePositionUpdateListener.positionChanged:373 
10-16 16:57:24.194  5481  5633 I ViewRootImpl@8cf4809[MainActivity]: mWNT: t=0x7b388d9100 mBlastBufferQueue=0x7b6d750200 fn= 1160 caller= android.view.SurfaceView.applyOrMergeTransaction:1455 android.view.SurfaceView.-$$Nest$mapplyOrMergeTransaction:0 android.view.SurfaceView$SurfaceViewPositionUpdateListener.positionChanged:1537 
10-16 16:57:24.194  5481  5633 I ViewRootImpl@8cf4809[MainActivity]: mWNT: t=0x7b412e1600 mBlastBufferQueue=0x7b6d750200 fn= 1160 caller= android.view.ViewRootImpl.lambda$applyTransactionOnDraw$11$android-view-ViewRootImpl:12865 android.view.ViewRootImpl$$ExternalSyntheticLambda1.onFrameDraw:4 android.graphics.HardwareRenderer$FrameDrawingCallback.onFrameDraw:924 
10-16 16:57:24.208  5481  5481 I SurfaceView@28d9a7b: Changes: creating=false format=false size=false visible=false alpha=false hint=false mUseAlpha=false visible=false left=false top=true
10-16 16:57:24.208  5481  5481 I SurfaceView@28d9a7b: 42834555 Cur surface: Surface(name=null)/@0x739bef6
10-16 16:57:24.208  5481  5481 I SurfaceView@28d9a7b: applyTransactionOnVriDraw: vri = ViewRootImpl@8cf4809[MainActivity] fRS = false t = 0x7b412e1800 android.view.SurfaceView.performSurfaceTransaction:959 android.view.SurfaceView.updateSurface:1105 android.view.SurfaceView.lambda$new$0$android-view-SurfaceView:200 
10-16 16:57:24.209  5481  5481 I ViewRootImpl@8cf4809[MainActivity]: applyTransactionOnDraw: mRemoved = false isHardwareEnabled = true t = 0x7b412e1800android.view.SurfaceView.applyTransactionOnVriDraw:2048 android.view.SurfaceView.performSurfaceTransaction:959 android.view.SurfaceView.updateSurface:1105 android.view.SurfaceView.lambda$new$0$android-view-SurfaceView:200 android.view.SurfaceView$$ExternalSyntheticLambda5.onPreDraw:2 
10-16 16:57:24.209  5481  5481 I SurfaceView@28d9a7b: updateSurface: mVisible = true mSurface.isValid() = true
10-16 16:57:24.209  5481  5481 I SurfaceView@28d9a7b: updateSurface: mSurfaceCreated = true surfaceChanged = false visibleChanged = false
10-16 16:57:24.209  5481  5481 V SurfaceView@28d9a7b: Layout: x=0 y=-729 w=1080 h=525, frame=Rect(0, 0 - 1080, 525)
10-16 16:57:24.210  5481  5632 D SurfaceView@28d9a7b: updateSurfacePosition RenderWorker, frameNr = 1161, position = [0, -732, 1080, -207] surfaceSize = 1080x525
10-16 16:57:24.210  5481  5632 I SurfaceView@28d9a7b: uSP: rtp = Rect(0, -732 - 1080, -207) rtsw = 1080 rtsh = 525
