10-16 17:52:54.888 21495 21495 I ViewRootImpl@6dcaa2e[MainActivity]: applyTransactionOnDraw: mRemoved = false isHardwareEnabled = true t = 0x7b17c1fc00android.view.SurfaceView.applyTransactionOnVriDraw:2048 android.view.SurfaceView.performSurfaceTransaction:959 android.view.SurfaceView.updateSurface:1105 android.view.SurfaceView.lambda$new$0$android-view-SurfaceView:200 android.view.SurfaceView$$ExternalSyntheticLambda5.onPreDraw:2 
10-16 17:52:54.888 21495 21495 I SurfaceView@184d2cc: updateSurface: mVisible = true mSurface.isValid() = true
10-16 17:52:54.888 21495 21495 I SurfaceView@184d2cc: updateSurface: mSurfaceCreated = true surfaceChanged = false visibleChanged = false
10-16 17:52:54.888 21495 21495 V SurfaceView@184d2cc: Layout: x=0 y=-998 w=1080 h=525, frame=Rect(0, 0 - 1080, 525)
10-16 17:52:54.898 21495 21575 D SurfaceView@184d2cc: updateSurfacePosition RenderWorker, frameNr = 801, position = [0, -1054, 1080, -529] surfaceSize = 1080x525
10-16 17:52:54.898 21495 21575 I SurfaceView@184d2cc: uSP: rtp = Rect(0, -1054 - 1080, -529) rtsw = 1080 rtsh = 525
10-16 17:52:54.898 21495 21575 I SurfaceView@184d2cc: onSSPAndSRT: pl = 0 pt = -1054 sx = 1.0 sy = 1.0
10-16 17:52:54.899 21495 21575 I SurfaceView@184d2cc: aOrMT: ViewRootImpl@6dcaa2e[MainActivity] t = android.view.SurfaceControl$Transaction@44988b8 fN = 801 android.view.SurfaceView.-$$Nest$mapplyOrMergeTransaction:0 android.view.SurfaceView$SurfaceViewPositionUpdateListener.positionChanged:1537 android.graphics.RenderNode$CompositePositionUpdateListener.positionChanged:373 
10-16 17:52:54.899 21495 21575 I ViewRootImpl@6dcaa2e[MainActivity]: mWNT: t=0x7b17979b00 mBlastBufferQueue=0x7b5b836800 fn= 801 caller= android.view.SurfaceView.applyOrMergeTransaction:1455 android.view.SurfaceView.-$$Nest$mapplyOrMergeTransaction:0 android.view.SurfaceView$SurfaceViewPositionUpdateListener.positionChanged:1537 
10-16 17:52:54.899 21495 21575 I ViewRootImpl@6dcaa2e[MainActivity]: mWNT: t=0x7b17c1fc00 mBlastBufferQueue=0x7b5b836800 fn= 801 caller= android.view.ViewRootImpl.lambda$applyTransactionOnDraw$11$android-view-ViewRootImpl:12865 android.view.ViewRootImpl$$ExternalSyntheticLambda1.onFrameDraw:4 android.graphics.HardwareRenderer$FrameDrawingCallback.onFrameDraw:924 
10-16 17:52:54.904 21495 21495 I SurfaceView@184d2cc: Changes: creating=false format=false size=false visible=false alpha=false hint=false mUseAlpha=false visible=false left=false top=true
10-16 17:52:54.904 21495 21495 I SurfaceView@184d2cc: 25481932 Cur surface: Surface(name=null)/@0x649305d
10-16 17:52:54.904 21495 21495 I SurfaceView@184d2cc: applyTransactionOnVriDraw: vri = ViewRootImpl@6dcaa2e[MainActivity] fRS = false t = 0x7b17c1fd00 android.view.SurfaceView.performSurfaceTransaction:959 android.view.SurfaceView.updateSurface:1105 android.view.SurfaceView.lambda$new$0$android-view-SurfaceView:200 
10-16 17:52:54.905 21495 21495 I ViewRootImpl@6dcaa2e[MainActivity]: applyTransactionOnDraw: mRemoved = false isHardwareEnabled = true t = 0x7b17c1fd00android.view.SurfaceView.applyTransactionOnVriDraw:2048 android.view.SurfaceView.performSurfaceTransaction:959 android.view.SurfaceView.updateSurface:1105 android.view.SurfaceView.lambda$new$0$android-view-SurfaceView:200 android.view.SurfaceView$$ExternalSyntheticLambda5.onPreDraw:2 
10-16 17:52:54.905 21495 21495 I SurfaceView@184d2cc: updateSurface: mVisible = true mSurface.isValid() = true
10-16 17:52:54.905 21495 21495 I SurfaceView@184d2cc: updateSurface: mSurfaceCreated = true surfaceChanged = false visibleChanged = false
10-16 17:52:54.905 21495 21495 V SurfaceView@184d2cc: Layout: x=0 y=-1054 w=1080 h=525, frame=Rect(0, 0 - 1080, 525)
10-16 17:52:54.915 21495 21574 D SurfaceView@184d2cc: updateSurfacePosition RenderWorker, frameNr = 802, position = [0, -1112, 1080, -587] surfaceSize = 1080x525
10-16 17:52:54.915 21495 21574 I SurfaceView@184d2cc: uSP: rtp = Rect(0, -1112 - 1080, -587) rtsw = 1080 rtsh = 525
10-16 17:52:54.915 21495 21574 I SurfaceView@184d2cc: onSSPAndSRT: pl = 0 pt = -1112 sx = 1.0 sy = 1.0
10-16 17:52:54.915 21495 21574 I SurfaceView@184d2cc: aOrMT: ViewRootImpl@6dcaa2e[MainActivity] t = android.view.SurfaceControl$Transaction@44988b8 fN = 802 android.view.SurfaceView.-$$Nest$mapplyOrMergeTransaction:0 android.view.SurfaceView$SurfaceViewPositionUpdateListener.positionChanged:1537 android.graphics.RenderNode$CompositePositionUpdateListener.positionChanged:373 
10-16 17:52:54.915 21495 21574 I ViewRootImpl@6dcaa2e[MainActivity]: mWNT: t=0x7b17979b00 mBlastBufferQueue=0x7b5b836800 fn= 802 caller= android.view.SurfaceView.applyOrMergeTransaction:1455 android.view.SurfaceView.-$$Nest$mapplyOrMergeTransaction:0 android.view.SurfaceView$SurfaceViewPositionUpdateListener.positionChanged:1537 
10-16 17:52:54.915 21495 21574 I ViewRootImpl@6dcaa2e[MainActivity]: mWNT: t=0x7b17c1fd00 mBlastBufferQueue=0x7b5b836800 fn= 802 caller= android.view.ViewRootImpl.lambda$applyTransactionOnDraw$11$android-view-ViewRootImpl:12865 android.view.ViewRootImpl$$ExternalSyntheticLambda1.onFrameDraw:4 android.graphics.HardwareRenderer$FrameDrawingCallback.onFrameDraw:924 
10-16 17:52:54.920 21495 21495 I SurfaceView@184d2cc: Changes: creating=false format=false size=false visible=false alpha=false hint=false mUseAlpha=false visible=false left=false top=true
10-16 17:52:54.921 21495 21495 I SurfaceView@184d2cc: 25481932 Cur surface: Surface(name=null)/@0x649305d
10-16 17:52:54.921 21495 21495 I SurfaceView@184d2cc: applyTransactionOnVriDraw: vri = ViewRootImpl@6dcaa2e[MainActivity] fRS = false t = 0x7b17c1ff00 android.view.SurfaceView.performSurfaceTransaction:959 android.view.SurfaceView.updateSurface:1105 android.view.SurfaceView.lambda$new$0$android-view-SurfaceView:200 
10-16 17:52:54.921 21495 21495 I ViewRootImpl@6dcaa2e[MainActivity]: applyTransactionOnDraw: mRemoved = false isHardwareEnabled = true t = 0x7b17c1ff00android.view.SurfaceView.applyTransactionOnVriDraw:2048 android.view.SurfaceView.performSurfaceTransaction:959 android.view.SurfaceView.updateSurface:1105 android.view.SurfaceView.lambda$new$0$android-view-SurfaceView:200 android.view.SurfaceView$$ExternalSyntheticLambda5.onPreDraw:2 
10-16 17:52:54.921 21495 21495 I SurfaceView@184d2cc: updateSurface: mVisible = true mSurface.isValid() = true
10-16 17:52:54.921 21495 21495 I SurfaceView@184d2cc: updateSurface: mSurfaceCreated = true surfaceChanged = false visibleChanged = false
10-16 17:52:54.921 21495 21495 V SurfaceView@184d2cc: Layout: x=0 y=-1112 w=1080 h=525, frame=Rect(0, 0 - 1080, 525)
10-16 17:52:54.932 21495 21575 D SurfaceView@184d2cc: updateSurfacePosition RenderWorker, frameNr = 803, position = [0, -1166, 1080, -641] surfaceSize = 1080x525
10-16 17:52:54.932 21495 21575 I SurfaceView@184d2cc: uSP: rtp = Rect(0, -1166 - 1080, -641) rtsw = 1080 rtsh = 525
10-16 17:52:54.932 21495 21575 I SurfaceView@184d2cc: onSSPAndSRT: pl = 0 pt = -1166 sx = 1.0 sy = 1.0
10-16 17:52:54.932 21495 21575 I SurfaceView@184d2cc: aOrMT: ViewRootImpl@6dcaa2e[MainActivity] t = android.view.SurfaceControl$Transaction@44988b8 fN = 803 android.view.SurfaceView.-$$Nest$mapplyOrMergeTransaction:0 android.view.SurfaceView$SurfaceViewPositionUpdateListener.positionChanged:1537 android.graphics.RenderNode$CompositePositionUpdateListener.positionChanged:373 
10-16 17:52:54.932 21495 21575 I ViewRootImpl@6dcaa2e[MainActivity]: mWNT: t=0x7b17979b00 mBlastBufferQueue=0x7b5b836800 fn= 803 caller= android.view.SurfaceView.applyOrMergeTransaction:1455 android.view.SurfaceView.-$$Nest$mapplyOrMergeTransaction:0 android.view.SurfaceView$SurfaceViewPositionUpdateListener.positionChanged:1537 
10-16 17:52:54.932 21495 21575 I ViewRootImpl@6dcaa2e[MainActivity]: mWNT: t=0x7b17c1ff00 mBlastBufferQueue=0x7b5b836800 fn= 803 caller= android.view.ViewRootImpl.lambda$applyTransactionOnDraw$11$android-view-ViewRootImpl:12865 android.view.ViewRootImpl$$ExternalSyntheticLambda1.onFrameDraw:4 android.graphics.HardwareRenderer$FrameDrawingCallback.onFrameDraw:924 
10-16 17:52:54.937 21495 21495 I SurfaceView@184d2cc: Changes: creating=false format=false size=false visible=false alpha=false hint=false mUseAlpha=false visible=false left=false top=true
10-16 17:52:54.937 21495 21495 I SurfaceView@184d2cc: 25481932 Cur surface: Surface(name=null)/@0x649305d
10-16 17:52:54.938 21495 21495 I SurfaceView@184d2cc: applyTransactionOnVriDraw: vri = ViewRootImpl@6dcaa2e[MainActivity] fRS = false t = 0x7b17d87b00 android.view.SurfaceView.performSurfaceTransaction:959 android.view.SurfaceView.updateSurface:1105 android.view.SurfaceView.lambda$new$0$android-view-SurfaceView:200 
10-16 17:52:54.938 21495 21495 I ViewRootImpl@6dcaa2e[MainActivity]: applyTransactionOnDraw: mRemoved = false isHardwareEnabled = true t = 0x7b17d87b00android.view.SurfaceView.applyTransactionOnVriDraw:2048 android.view.SurfaceView.performSurfaceTransaction:959 android.view.SurfaceView.updateSurface:1105 android.view.SurfaceView.lambda$new$0$android-view-SurfaceView:200 android.view.SurfaceView$$ExternalSyntheticLambda5.onPreDraw:2 
10-16 17:52:54.938 21495 21495 I SurfaceView@184d2cc: updateSurface: mVisible = true mSurface.isValid() = true
10-16 17:52:54.938 21495 21495 I SurfaceView@184d2cc: updateSurface: mSurfaceCreated = true surfaceChanged = false visibleChanged = false
10-16 17:52:54.938 21495 21495 V SurfaceView@184d2cc: Layout: x=0 y=-1166 w=1080 h=525, frame=Rect(0, 0 - 1080, 525)
10-16 17:52:54.947 21495 21574 D SurfaceView@184d2cc: updateSurfacePosition RenderWorker, frameNr = 804, position = [0, -1216, 1080, -691] surfaceSize = 1080x525
10-16 17:52:54.947 21495 21574 I SurfaceView@184d2cc: uSP: rtp = Rect(0, -1216 - 1080, -691) rtsw = 1080 rtsh = 525
10-16 17:52:54.947 21495 21574 I SurfaceView@184d2cc: onSSPAndSRT: pl = 0 pt = -1216 sx = 1.0 sy = 1.0
10-16 17:52:54.947 21495 21574 I SurfaceView@184d2cc: aOrMT: ViewRootImpl@6dcaa2e[MainActivity] t = android.view.SurfaceControl$Transaction@44988b8 fN = 804 android.view.SurfaceView.-$$Nest$mapplyOrMergeTransaction:0 android.view.SurfaceView$SurfaceViewPositionUpdateListener.positionChanged:1537 android.graphics.RenderNode$CompositePositionUpdateListener.positionChanged:373 
10-16 17:52:54.947 21495 21574 I ViewRootImpl@6dcaa2e[MainActivity]: mWNT: t=0x7b17979b00 mBlastBufferQueue=0x7b5b836800 fn= 804 caller= android.view.SurfaceView.applyOrMergeTransaction:1455 android.view.SurfaceView.-$$Nest$mapplyOrMergeTransaction:0 android.view.SurfaceView$SurfaceViewPositionUpdateListener.positionChanged:1537 
10-16 17:52:54.947 21495 21574 I ViewRootImpl@6dcaa2e[MainActivity]: mWNT: t=0x7b17d87b00 mBlastBufferQueue=0x7b5b836800 fn= 804 caller= android.view.ViewRootImpl.lambda$applyTransactionOnDraw$11$android-view-ViewRootImpl:12865 android.view.ViewRootImpl$$ExternalSyntheticLambda1.onFrameDraw:4 android.graphics.HardwareRenderer$FrameDrawingCallback.onFrameDraw:924 
10-16 17:52:54.954 21495 21495 I SurfaceView@184d2cc: Changes: creating=false format=false size=false visible=false alpha=false hint=false mUseAlpha=false visible=false left=false top=true
10-16 17:52:54.954 21495 21495 I SurfaceView@184d2cc: 25481932 Cur surface: Surface(name=null)/@0x649305d
10-16 17:52:54.954 21495 21495 I SurfaceView@184d2cc: applyTransactionOnVriDraw: vri = ViewRootImpl@6dcaa2e[MainActivity] fRS = false t = 0x7b17d87d00 android.view.SurfaceView.performSurfaceTransaction:959 android.view.SurfaceView.updateSurface:1105 android.view.SurfaceView.lambda$new$0$android-view-SurfaceView:200 
10-16 17:52:54.955 21495 21495 I ViewRootImpl@6dcaa2e[MainActivity]: applyTransactionOnDraw: mRemoved = false isHardwareEnabled = true t = 0x7b17d87d00android.view.SurfaceView.applyTransactionOnVriDraw:2048 android.view.SurfaceView.performSurfaceTransaction:959 android.view.SurfaceView.updateSurface:1105 android.view.SurfaceView.lambda$new$0$android-view-SurfaceView:200 android.view.SurfaceView$$ExternalSyntheticLambda5.onPreDraw:2 
10-16 17:52:54.955 21495 21495 I SurfaceView@184d2cc: updateSurface: mVisible = true mSurface.isValid() = true
10-16 17:52:54.955 21495 21495 I SurfaceView@184d2cc: updateSurface: mSurfaceCreated = true surfaceChanged = false visibleChanged = false
10-16 17:52:54.955 21495 21495 V SurfaceView@184d2cc: Layout: x=0 y=-1216 w=1080 h=525, frame=Rect(0, 0 - 1080, 525)
10-16 17:52:54.964 21495 21575 D SurfaceView@184d2cc: updateSurfacePosition RenderWorker, frameNr = 805, position = [0, -1266, 1080, -741] surfaceSize = 1080x525
10-16 17:52:54.964 21495 21575 I SurfaceView@184d2cc: uSP: rtp = Rect(0, -1266 - 1080, -741) rtsw = 1080 rtsh = 525
10-16 17:52:54.964 21495 21575 I SurfaceView@184d2cc: onSSPAndSRT: pl = 0 pt = -1266 sx = 1.0 sy = 1.0
10-16 17:52:54.964 21495 21575 I SurfaceView@184d2cc: aOrMT: ViewRootImpl@6dcaa2e[MainActivity] t = android.view.SurfaceControl$Transaction@44988b8 fN = 805 android.view.SurfaceView.-$$Nest$mapplyOrMergeTransaction:0 android.view.SurfaceView$SurfaceViewPositionUpdateListener.positionChanged:1537 android.graphics.RenderNode$CompositePositionUpdateListener.positionChanged:373 
10-16 17:52:54.964 21495 21575 I ViewRootImpl@6dcaa2e[MainActivity]: mWNT: t=0x7b17979b00 mBlastBufferQueue=0x7b5b836800 fn= 805 caller= android.view.SurfaceView.applyOrMergeTransaction:1455 android.view.SurfaceView.-$$Nest$mapplyOrMergeTransaction:0 android.view.SurfaceView$SurfaceViewPositionUpdateListener.positionChanged:1537 
10-16 17:52:54.964 21495 21575 I ViewRootImpl@6dcaa2e[MainActivity]: mWNT: t=0x7b17d87d00 mBlastBufferQueue=0x7b5b836800 fn= 805 caller= android.view.ViewRootImpl.lambda$applyTransactionOnDraw$11$android-view-ViewRootImpl:12865 android.view.ViewRootImpl$$ExternalSyntheticLambda1.onFrameDraw:4 android.graphics.HardwareRenderer$FrameDrawingCallback.onFrameDraw:924 
10-16 17:52:54.971 21495 21495 I SurfaceView@184d2cc: Changes: creating=false format=false size=false visible=false alpha=false hint=false mUseAlpha=false visible=false left=false top=true
10-16 17:52:54.972 21495 21495 I SurfaceView@184d2cc: 25481932 Cur surface: Surface(name=null)/@0x649305d
10-16 17:52:54.972 21495 21495 I SurfaceView@184d2cc: applyTransactionOnVriDraw: vri = ViewRootImpl@6dcaa2e[MainActivity] fRS = false t = 0x7b17d87f00 android.view.SurfaceView.performSurfaceTransaction:959 android.view.SurfaceView.updateSurface:1105 android.view.SurfaceView.lambda$new$0$android-view-SurfaceView:200 
10-16 17:52:54.972 21495 21495 I ViewRootImpl@6dcaa2e[MainActivity]: applyTransactionOnDraw: mRemoved = false isHardwareEnabled = true t = 0x7b17d87f00android.view.SurfaceView.applyTransactionOnVriDraw:2048 android.view.SurfaceView.performSurfaceTransaction:959 android.view.SurfaceView.updateSurface:1105 android.view.SurfaceView.lambda$new$0$android-view-SurfaceView:200 android.view.SurfaceView$$ExternalSyntheticLambda5.onPreDraw:2 
10-16 17:52:54.973 21495 21495 I SurfaceView@184d2cc: updateSurface: mVisible = true mSurface.isValid() = true
10-16 17:52:54.973 21495 21495 I SurfaceView@184d2cc: updateSurface: mSurfaceCreated = true surfaceChanged = false visibleChanged = false
10-16 17:52:54.973 21495 21495 V SurfaceView@184d2cc: Layout: x=0 y=-1266 w=1080 h=525, frame=Rect(0, 0 - 1080, 525)
10-16 17:52:54.983 21495 21574 D SurfaceView@184d2cc: updateSurfacePosition RenderWorker, frameNr = 806, position = [0, -1314, 1080, -789] surfaceSize = 1080x525
10-16 17:52:54.983 21495 21574 I SurfaceView@184d2cc: uSP: rtp = Rect(0, -1314 - 1080, -789) rtsw = 1080 rtsh = 525
10-16 17:52:54.983 21495 21574 I SurfaceView@184d2cc: onSSPAndSRT: pl = 0 pt = -1314 sx = 1.0 sy = 1.0
10-16 17:52:54.983 21495 21574 I SurfaceView@184d2cc: aOrMT: ViewRootImpl@6dcaa2e[MainActivity] t = android.view.SurfaceControl$Transaction@44988b8 fN = 806 android.view.SurfaceView.-$$Nest$mapplyOrMergeTransaction:0 android.view.SurfaceView$SurfaceViewPositionUpdateListener.positionChanged:1537 android.graphics.RenderNode$CompositePositionUpdateListener.positionChanged:373 
10-16 17:52:54.983 21495 21574 I ViewRootImpl@6dcaa2e[MainActivity]: mWNT: t=0x7b17979b00 mBlastBufferQueue=0x7b5b836800 fn= 806 caller= android.view.SurfaceView.applyOrMergeTransaction:1455 android.view.SurfaceView.-$$Nest$mapplyOrMergeTransaction:0 android.view.SurfaceView$SurfaceViewPositionUpdateListener.positionChanged:1537 
10-16 17:52:54.983 21495 21574 I ViewRootImpl@6dcaa2e[MainActivity]: mWNT: t=0x7b17d87f00 mBlastBufferQueue=0x7b5b836800 fn= 806 caller= android.view.ViewRootImpl.lambda$applyTransactionOnDraw$11$android-view-ViewRootImpl:12865 android.view.ViewRootImpl$$ExternalSyntheticLambda1.onFrameDraw:4 android.graphics.HardwareRenderer$FrameDrawingCallback.onFrameDraw:924 
10-16 17:52:54.985 21495 21495 I SurfaceView@184d2cc: Changes: creating=false format=false size=false visible=false alpha=false hint=false mUseAlpha=false visible=false left=false top=true
10-16 17:52:54.985 21495 21495 I SurfaceView@184d2cc: 25481932 Cur surface: Surface(name=null)/@0x649305d
10-16 17:52:54.985 21495 21495 I SurfaceView@184d2cc: applyTransactionOnVriDraw: vri = ViewRootImpl@6dcaa2e[MainActivity] fRS = false t = 0x7bdd54b000 android.view.SurfaceView.performSurfaceTransaction:959 android.view.SurfaceView.updateSurface:1105 android.view.SurfaceView.lambda$new$0$android-view-SurfaceView:200 
10-16 17:52:54.986 21495 21495 I ViewRootImpl@6dcaa2e[MainActivity]: applyTransactionOnDraw: mRemoved = false isHardwareEnabled = true t = 0x7bdd54b000android.view.SurfaceView.applyTransactionOnVriDraw:2048 android.view.SurfaceView.performSurfaceTransaction:959 android.view.SurfaceView.updateSurface:1105 android.view.SurfaceView.lambda$new$0$android-view-SurfaceView:200 android.view.SurfaceView$$ExternalSyntheticLambda5.onPreDraw:2 
10-16 17:52:54.986 21495 21495 I SurfaceView@184d2cc: updateSurface: mVisible = true mSurface.isValid() = true
10-16 17:52:54.986 21495 21495 I SurfaceView@184d2cc: updateSurface: mSurfaceCreated = true surfaceChanged = false visibleChanged = false
10-16 17:52:54.986 21495 21495 V SurfaceView@184d2cc: Layout: x=0 y=-1314 w=1080 h=525, frame=Rect(0, 0 - 1080, 525)
10-16 17:52:54.995 21495 21575 D SurfaceView@184d2cc: updateSurfacePosition RenderWorker, frameNr = 807, position = [0, -1357, 1080, -832] surfaceSize = 1080x525
10-16 17:52:54.995 21495 21575 I SurfaceView@184d2cc: uSP: rtp = Rect(0, -1357 - 1080, -832) rtsw = 1080 rtsh = 525
10-16 17:52:54.995 21495 21575 I SurfaceView@184d2cc: onSSPAndSRT: pl = 0 pt = -1357 sx = 1.0 sy = 1.0
10-16 17:52:54.996 21495 21575 I SurfaceView@184d2cc: aOrMT: ViewRootImpl@6dcaa2e[MainActivity] t = android.view.SurfaceControl$Transaction@44988b8 fN = 807 android.view.SurfaceView.-$$Nest$mapplyOrMergeTransaction:0 android.view.SurfaceView$SurfaceViewPositionUpdateListener.positionChanged:1537 android.graphics.RenderNode$CompositePositionUpdateListener.positionChanged:373 
10-16 17:52:54.996 21495 21575 I ViewRootImpl@6dcaa2e[MainActivity]: mWNT: t=0x7b17979b00 mBlastBufferQueue=0x7b5b836800 fn= 807 caller= android.view.SurfaceView.applyOrMergeTransaction:1455 android.view.SurfaceView.-$$Nest$mapplyOrMergeTransaction:0 android.view.SurfaceView$SurfaceViewPositionUpdateListener.positionChanged:1537 
10-16 17:52:54.996 21495 21575 I ViewRootImpl@6dcaa2e[MainActivity]: mWNT: t=0x7bdd54b000 mBlastBufferQueue=0x7b5b836800 fn= 807 caller= android.view.ViewRootImpl.lambda$applyTransactionOnDraw$11$android-view-ViewRootImpl:12865 android.view.ViewRootImpl$$ExternalSyntheticLambda1.onFrameDraw:4 android.graphics.HardwareRenderer$FrameDrawingCallback.onFrameDraw:924 
10-16 17:52:55.001 21495 21495 I SurfaceView@184d2cc: Changes: creating=false format=false size=false visible=false alpha=false hint=false mUseAlpha=false visible=false left=false top=true
10-16 17:52:55.001 21495 21495 I SurfaceView@184d2cc: 25481932 Cur surface: Surface(name=null)/@0x649305d
10-16 17:52:55.002 21495 21495 I SurfaceView@184d2cc: applyTransactionOnVriDraw: vri = ViewRootImpl@6dcaa2e[MainActivity] fRS = false t = 0x7bdd54b100 android.view.SurfaceView.performSurfaceTransaction:959 android.view.SurfaceView.updateSurface:1105 android.view.SurfaceView.lambda$new$0$android-view-SurfaceView:200 
10-16 17:52:55.002 21495 21495 I ViewRootImpl@6dcaa2e[MainActivity]: applyTransactionOnDraw: mRemoved = false isHardwareEnabled = true t = 0x7bdd54b100android.view.SurfaceView.applyTransactionOnVriDraw:2048 android.view.SurfaceView.performSurfaceTransaction:959 android.view.SurfaceView.updateSurface:1105 android.view.SurfaceView.lambda$new$0$android-view-SurfaceView:200 android.view.SurfaceView$$ExternalSyntheticLambda5.onPreDraw:2 
10-16 17:52:55.002 21495 21495 I SurfaceView@184d2cc: updateSurface: mVisible = true mSurface.isValid() = true
10-16 17:52:55.002 21495 21495 I SurfaceView@184d2cc: updateSurface: mSurfaceCreated = true surfaceChanged = false visibleChanged = false
10-16 17:52:55.002 21495 21495 V SurfaceView@184d2cc: Layout: x=0 y=-1357 w=1080 h=525, frame=Rect(0, 0 - 1080, 525)
10-16 17:52:55.014 21495 21574 D SurfaceView@184d2cc: updateSurfacePosition RenderWorker, frameNr = 808, position = [0, -1401, 1080, -876] surfaceSize = 1080x525
10-16 17:52:55.014 21495 21574 I SurfaceView@184d2cc: uSP: rtp = Rect(0, -1401 - 1080, -876) rtsw = 1080 rtsh = 525
10-16 17:52:55.014 21495 21574 I SurfaceView@184d2cc: onSSPAndSRT: pl = 0 pt = -1401 sx = 1.0 sy = 1.0
10-16 17:52:55.014 21495 21574 I SurfaceView@184d2cc: aOrMT: ViewRootImpl@6dcaa2e[MainActivity] t = android.view.SurfaceControl$Transaction@44988b8 fN = 808 android.view.SurfaceView.-$$Nest$mapplyOrMergeTransaction:0 android.view.SurfaceView$SurfaceViewPositionUpdateListener.positionChanged:1537 android.graphics.RenderNode$CompositePositionUpdateListener.positionChanged:373 
10-16 17:52:55.015 21495 21574 I ViewRootImpl@6dcaa2e[MainActivity]: mWNT: t=0x7b17979b00 mBlastBufferQueue=0x7b5b836800 fn= 808 caller= android.view.SurfaceView.applyOrMergeTransaction:1455 android.view.SurfaceView.-$$Nest$mapplyOrMergeTransaction:0 android.view.SurfaceView$SurfaceViewPositionUpdateListener.positionChanged:1537 
10-16 17:52:55.015 21495 21574 I ViewRootImpl@6dcaa2e[MainActivity]: mWNT: t=0x7bdd54b100 mBlastBufferQueue=0x7b5b836800 fn= 808 caller= android.view.ViewRootImpl.lambda$applyTransactionOnDraw$11$android-view-ViewRootImpl:12865 android.view.ViewRootImpl$$ExternalSyntheticLambda1.onFrameDraw:4 android.graphics.HardwareRenderer$FrameDrawingCallback.onFrameDraw:924 
10-16 17:52:55.018 21495 21495 I SurfaceView@184d2cc: Changes: creating=false format=false size=false visible=false alpha=false hint=false mUseAlpha=false visible=false left=false top=true
10-16 17:52:55.018 21495 21495 I SurfaceView@184d2cc: 25481932 Cur surface: Surface(name=null)/@0x649305d
10-16 17:52:55.018 21495 21495 I SurfaceView@184d2cc: applyTransactionOnVriDraw: vri = ViewRootImpl@6dcaa2e[MainActivity] fRS = false t = 0x7bdd54b200 android.view.SurfaceView.performSurfaceTransaction:959 android.view.SurfaceView.updateSurface:1105 android.view.SurfaceView.lambda$new$0$android-view-SurfaceView:200 
10-16 17:52:55.019 21495 21495 I ViewRootImpl@6dcaa2e[MainActivity]: applyTransactionOnDraw: mRemoved = false isHardwareEnabled = true t = 0x7bdd54b200android.view.SurfaceView.applyTransactionOnVriDraw:2048 android.view.SurfaceView.performSurfaceTransaction:959 android.view.SurfaceView.updateSurface:1105 android.view.SurfaceView.lambda$new$0$android-view-SurfaceView:200 android.view.SurfaceView$$ExternalSyntheticLambda5.onPreDraw:2 
10-16 17:52:55.019 21495 21495 I SurfaceView@184d2cc: updateSurface: mVisible = true mSurface.isValid() = true
10-16 17:52:55.019 21495 21495 I SurfaceView@184d2cc: updateSurface: mSurfaceCreated = true surfaceChanged = false visibleChanged = false
10-16 17:52:55.019 21495 21495 V SurfaceView@184d2cc: Layout: x=0 y=-1401 w=1080 h=525, frame=Rect(0, 0 - 1080, 525)
10-16 17:52:55.030 21495 21575 D SurfaceView@184d2cc: updateSurfacePosition RenderWorker, frameNr = 809, position = [0, -1444, 1080, -919] surfaceSize = 1080x525
10-16 17:52:55.030 21495 21575 I SurfaceView@184d2cc: uSP: rtp = Rect(0, -1444 - 1080, -919) rtsw = 1080 rtsh = 525
10-16 17:52:55.030 21495 21575 I SurfaceView@184d2cc: onSSPAndSRT: pl = 0 pt = -1444 sx = 1.0 sy = 1.0
10-16 17:52:55.030 21495 21575 I SurfaceView@184d2cc: aOrMT: ViewRootImpl@6dcaa2e[MainActivity] t = android.view.SurfaceControl$Transaction@44988b8 fN = 809 android.view.SurfaceView.-$$Nest$mapplyOrMergeTransaction:0 android.view.SurfaceView$SurfaceViewPositionUpdateListener.positionChanged:1537 android.graphics.RenderNode$CompositePositionUpdateListener.positionChanged:373 
10-16 17:52:55.030 21495 21575 I ViewRootImpl@6dcaa2e[MainActivity]: mWNT: t=0x7b17979b00 mBlastBufferQueue=0x7b5b836800 fn= 809 caller= android.view.SurfaceView.applyOrMergeTransaction:1455 android.view.SurfaceView.-$$Nest$mapplyOrMergeTransaction:0 android.view.SurfaceView$SurfaceViewPositionUpdateListener.positionChanged:1537 
10-16 17:52:55.031 21495 21575 I ViewRootImpl@6dcaa2e[MainActivity]: mWNT: t=0x7bdd54b200 mBlastBufferQueue=0x7b5b836800 fn= 809 caller= android.view.ViewRootImpl.lambda$applyTransactionOnDraw$11$android-view-ViewRootImpl:12865 android.view.ViewRootImpl$$ExternalSyntheticLambda1.onFrameDraw:4 android.graphics.HardwareRenderer$FrameDrawingCallback.onFrameDraw:924 
10-16 17:52:55.034 21495 21495 I SurfaceView@184d2cc: Changes: creating=false format=false size=false visible=false alpha=false hint=false mUseAlpha=false visible=false left=false top=true
10-16 17:52:55.035 21495 21495 I SurfaceView@184d2cc: 25481932 Cur surface: Surface(name=null)/@0x649305d
10-16 17:52:55.035 21495 21495 I SurfaceView@184d2cc: applyTransactionOnVriDraw: vri = ViewRootImpl@6dcaa2e[MainActivity] fRS = false t = 0x7bdd54b300 android.view.SurfaceView.performSurfaceTransaction:959 android.view.SurfaceView.updateSurface:1105 android.view.SurfaceView.lambda$new$0$android-view-SurfaceView:200 
10-16 17:52:55.035 21495 21495 I ViewRootImpl@6dcaa2e[MainActivity]: applyTransactionOnDraw: mRemoved = false isHardwareEnabled = true t = 0x7bdd54b300android.view.SurfaceView.applyTransactionOnVriDraw:2048 android.view.SurfaceView.performSurfaceTransaction:959 android.view.SurfaceView.updateSurface:1105 android.view.SurfaceView.lambda$new$0$android-view-SurfaceView:200 android.view.SurfaceView$$ExternalSyntheticLambda5.onPreDraw:2 
10-16 17:52:55.035 21495 21495 I SurfaceView@184d2cc: updateSurface: mVisible = true mSurface.isValid() = true
10-16 17:52:55.035 21495 21495 I SurfaceView@184d2cc: updateSurface: mSurfaceCreated = true surfaceChanged = false visibleChanged = false
10-16 17:52:55.036 21495 21495 V SurfaceView@184d2cc: Layout: x=0 y=-1444 w=1080 h=525, frame=Rect(0, 0 - 1080, 525)
10-16 17:52:55.046 21495 21574 D SurfaceView@184d2cc: updateSurfacePosition RenderWorker, frameNr = 810, position = [0, -1482, 1080, -957] surfaceSize = 1080x525
10-16 17:52:55.046 21495 21574 I SurfaceView@184d2cc: uSP: rtp = Rect(0, -1482 - 1080, -957) rtsw = 1080 rtsh = 525
10-16 17:52:55.046 21495 21574 I SurfaceView@184d2cc: onSSPAndSRT: pl = 0 pt = -1482 sx = 1.0 sy = 1.0
10-16 17:52:55.047 21495 21574 I SurfaceView@184d2cc: aOrMT: ViewRootImpl@6dcaa2e[MainActivity] t = android.view.SurfaceControl$Transaction@44988b8 fN = 810 android.view.SurfaceView.-$$Nest$mapplyOrMergeTransaction:0 android.view.SurfaceView$SurfaceViewPositionUpdateListener.positionChanged:1537 android.graphics.RenderNode$CompositePositionUpdateListener.positionChanged:373 
10-16 17:52:55.047 21495 21574 I ViewRootImpl@6dcaa2e[MainActivity]: mWNT: t=0x7b17979b00 mBlastBufferQueue=0x7b5b836800 fn= 810 caller= android.view.SurfaceView.applyOrMergeTransaction:1455 android.view.SurfaceView.-$$Nest$mapplyOrMergeTransaction:0 android.view.SurfaceView$SurfaceViewPositionUpdateListener.positionChanged:1537 
10-16 17:52:55.047 21495 21574 I ViewRootImpl@6dcaa2e[MainActivity]: mWNT: t=0x7bdd54b300 mBlastBufferQueue=0x7b5b836800 fn= 810 caller= android.view.ViewRootImpl.lambda$applyTransactionOnDraw$11$android-view-ViewRootImpl:12865 android.view.ViewRootImpl$$ExternalSyntheticLambda1.onFrameDraw:4 android.graphics.HardwareRenderer$FrameDrawingCallback.onFrameDraw:924 
10-16 17:52:55.051 21495 21495 I SurfaceView@184d2cc: Changes: creating=false format=false size=false visible=false alpha=false hint=false mUseAlpha=false visible=false left=false top=true
10-16 17:52:55.051 21495 21495 I SurfaceView@184d2cc: 25481932 Cur surface: Surface(name=null)/@0x649305d
10-16 17:52:55.052 21495 21495 I SurfaceView@184d2cc: applyTransactionOnVriDraw: vri = ViewRootImpl@6dcaa2e[MainActivity] fRS = false t = 0x7bdd54b400 android.view.SurfaceView.performSurfaceTransaction:959 android.view.SurfaceView.updateSurface:1105 android.view.SurfaceView.lambda$new$0$android-view-SurfaceView:200 
10-16 17:52:55.052 21495 21495 I ViewRootImpl@6dcaa2e[MainActivity]: applyTransactionOnDraw: mRemoved = false isHardwareEnabled = true t = 0x7bdd54b400android.view.SurfaceView.applyTransactionOnVriDraw:2048 android.view.SurfaceView.performSurfaceTransaction:959 android.view.SurfaceView.updateSurface:1105 android.view.SurfaceView.lambda$new$0$android-view-SurfaceView:200 android.view.SurfaceView$$ExternalSyntheticLambda5.onPreDraw:2 
10-16 17:52:55.052 21495 21495 I SurfaceView@184d2cc: updateSurface: mVisible = true mSurface.isValid() = true
10-16 17:52:55.052 21495 21495 I SurfaceView@184d2cc: updateSurface: mSurfaceCreated = true surfaceChanged = false visibleChanged = false
10-16 17:52:55.052 21495 21495 V SurfaceView@184d2cc: Layout: x=0 y=-1482 w=1080 h=525, frame=Rect(0, 0 - 1080, 525)
10-16 17:52:55.062 21495 21575 D SurfaceView@184d2cc: updateSurfacePosition RenderWorker, frameNr = 811, position = [0, -1518, 1080, -993] surfaceSize = 1080x525
10-16 17:52:55.063 21495 21575 I SurfaceView@184d2cc: uSP: rtp = Rect(0, -1518 - 1080, -993) rtsw = 1080 rtsh = 525
10-16 17:52:55.063 21495 21575 I SurfaceView@184d2cc: onSSPAndSRT: pl = 0 pt = -1518 sx = 1.0 sy = 1.0
10-16 17:52:55.063 21495 21575 I SurfaceView@184d2cc: aOrMT: ViewRootImpl@6dcaa2e[MainActivity] t = android.view.SurfaceControl$Transaction@44988b8 fN = 811 android.view.SurfaceView.-$$Nest$mapplyOrMergeTransaction:0 android.view.SurfaceView$SurfaceViewPositionUpdateListener.positionChanged:1537 android.graphics.RenderNode$CompositePositionUpdateListener.positionChanged:373 
10-16 17:52:55.063 21495 21575 I ViewRootImpl@6dcaa2e[MainActivity]: mWNT: t=0x7b17979b00 mBlastBufferQueue=0x7b5b836800 fn= 811 caller= android.view.SurfaceView.applyOrMergeTransaction:1455 android.view.SurfaceView.-$$Nest$mapplyOrMergeTransaction:0 android.view.SurfaceView$SurfaceViewPositionUpdateListener.positionChanged:1537 
10-16 17:52:55.063 21495 21575 I ViewRootImpl@6dcaa2e[MainActivity]: mWNT: t=0x7bdd54b400 mBlastBufferQueue=0x7b5b836800 fn= 811 caller= android.view.ViewRootImpl.lambda$applyTransactionOnDraw$11$android-view-ViewRootImpl:12865 android.view.ViewRootImpl$$ExternalSyntheticLambda1.onFrameDraw:4 android.graphics.HardwareRenderer$FrameDrawingCallback.onFrameDraw:924 
10-16 17:52:55.068 21495 21495 I SurfaceView@184d2cc: Changes: creating=false format=false size=false visible=false alpha=false hint=false mUseAlpha=false visible=false left=false top=true
10-16 17:52:55.068 21495 21495 I SurfaceView@184d2cc: 25481932 Cur surface: Surface(name=null)/@0x649305d
10-16 17:52:55.069 21495 21495 I SurfaceView@184d2cc: applyTransactionOnVriDraw: vri = ViewRootImpl@6dcaa2e[MainActivity] fRS = false t = 0x7bdd54b500 android.view.SurfaceView.performSurfaceTransaction:959 android.view.SurfaceView.updateSurface:1105 android.view.SurfaceView.lambda$new$0$android-view-SurfaceView:200 
10-16 17:52:55.069 21495 21495 I ViewRootImpl@6dcaa2e[MainActivity]: applyTransactionOnDraw: mRemoved = false isHardwareEnabled = true t = 0x7bdd54b500android.view.SurfaceView.applyTransactionOnVriDraw:2048 android.view.SurfaceView.performSurfaceTransaction:959 android.view.SurfaceView.updateSurface:1105 android.view.SurfaceView.lambda$new$0$android-view-SurfaceView:200 android.view.SurfaceView$$ExternalSyntheticLambda5.onPreDraw:2 
10-16 17:52:55.069 21495 21495 I SurfaceView@184d2cc: updateSurface: mVisible = true mSurface.isValid() = true
10-16 17:52:55.069 21495 21495 I SurfaceView@184d2cc: updateSurface: mSurfaceCreated = true surfaceChanged = false visibleChanged = false
10-16 17:52:55.069 21495 21495 V SurfaceView@184d2cc: Layout: x=0 y=-1518 w=1080 h=525, frame=Rect(0, 0 - 1080, 525)
10-16 17:52:55.080 21495 21574 D SurfaceView@184d2cc: updateSurfacePosition RenderWorker, frameNr = 812, position = [0, -1531, 1080, -999] surfaceSize = 1080x525
10-16 17:52:55.080 21495 21574 I SurfaceView@184d2cc: uSP: rtp = Rect(0, -1531 - 1080, -999) rtsw = 1080 rtsh = 525
10-16 17:52:55.080 21495 21574 I SurfaceView@184d2cc: onSSPAndSRT: pl = 0 pt = -1531 sx = 1.0 sy = 1.0133333
10-16 17:52:55.081 21495 21574 I SurfaceView@184d2cc: aOrMT: ViewRootImpl@6dcaa2e[MainActivity] t = android.view.SurfaceControl$Transaction@44988b8 fN = 812 android.view.SurfaceView.-$$Nest$mapplyOrMergeTransaction:0 android.view.SurfaceView$SurfaceViewPositionUpdateListener.positionChanged:1537 android.graphics.RenderNode$CompositePositionUpdateListener.positionChanged:373 
10-16 17:52:55.081 21495 21574 I ViewRootImpl@6dcaa2e[MainActivity]: mWNT: t=0x7b17979b00 mBlastBufferQueue=0x7b5b836800 fn= 812 caller= android.view.SurfaceView.applyOrMergeTransaction:1455 android.view.SurfaceView.-$$Nest$mapplyOrMergeTransaction:0 android.view.SurfaceView$SurfaceViewPositionUpdateListener.positionChanged:1537 
10-16 17:52:55.081 21495 21574 I ViewRootImpl@6dcaa2e[MainActivity]: mWNT: t=0x7bdd54b500 mBlastBufferQueue=0x7b5b836800 fn= 812 caller= android.view.ViewRootImpl.lambda$applyTransactionOnDraw$11$android-view-ViewRootImpl:12865 android.view.ViewRootImpl$$ExternalSyntheticLambda1.onFrameDraw:4 android.graphics.HardwareRenderer$FrameDrawingCallback.onFrameDraw:924 
10-16 17:52:55.103 21495 21575 D SurfaceView@184d2cc: updateSurfacePosition RenderWorker, frameNr = 813, position = [0, -1535, 1080, -1001] surfaceSize = 1080x525
10-16 17:52:55.103 21495 21575 I SurfaceView@184d2cc: uSP: rtp = Rect(0, -1535 - 1080, -1001) rtsw = 1080 rtsh = 525
10-16 17:52:55.103 21495 21575 I SurfaceView@184d2cc: onSSPAndSRT: pl = 0 pt = -1535 sx = 1.0 sy = 1.0171429
10-16 17:52:55.103 21495 21575 I SurfaceView@184d2cc: aOrMT: ViewRootImpl@6dcaa2e[MainActivity] t = android.view.SurfaceControl$Transaction@44988b8 fN = 813 android.view.SurfaceView.-$$Nest$mapplyOrMergeTransaction:0 android.view.SurfaceView$SurfaceViewPositionUpdateListener.positionChanged:1537 android.graphics.RenderNode$CompositePositionUpdateListener.positionChanged:373 
10-16 17:52:55.104 21495 21575 I ViewRootImpl@6dcaa2e[MainActivity]: mWNT: t=0x7b17979b00 mBlastBufferQueue=0x7b5b836800 fn= 813 caller= android.view.SurfaceView.applyOrMergeTransaction:1455 android.view.SurfaceView.-$$Nest$mapplyOrMergeTransaction:0 android.view.SurfaceView$SurfaceViewPositionUpdateListener.positionChanged:1537 
10-16 17:52:55.130 21495 21574 D SurfaceView@184d2cc: updateSurfacePosition RenderWorker, frameNr = 815, position = [0, -1533, 1080, -1000] surfaceSize = 1080x525
10-16 17:52:55.130 21495 21574 I SurfaceView@184d2cc: uSP: rtp = Rect(0, -1533 - 1080, -1000) rtsw = 1080 rtsh = 525
10-16 17:52:55.130 21495 21574 I SurfaceView@184d2cc: onSSPAndSRT: pl = 0 pt = -1533 sx = 1.0 sy = 1.015238
10-16 17:52:55.130 21495 21574 I SurfaceView@184d2cc: aOrMT: ViewRootImpl@6dcaa2e[MainActivity] t = android.view.SurfaceControl$Transaction@44988b8 fN = 815 android.view.SurfaceView.-$$Nest$mapplyOrMergeTransaction:0 android.view.SurfaceView$SurfaceViewPositionUpdateListener.positionChanged:1537 android.graphics.RenderNode$CompositePositionUpdateListener.positionChanged:373 
10-16 17:52:55.130 21495 21574 I ViewRootImpl@6dcaa2e[MainActivity]: mWNT: t=0x7b17979b00 mBlastBufferQueue=0x7b5b836800 fn= 815 caller= android.view.SurfaceView.applyOrMergeTransaction:1455 android.view.SurfaceView.-$$Nest$mapplyOrMergeTransaction:0 android.view.SurfaceView$SurfaceViewPositionUpdateListener.positionChanged:1537 
10-16 17:52:55.146 21495 21575 D SurfaceView@184d2cc: updateSurfacePosition RenderWorker, frameNr = 816, position = [0, -1531, 1080, -999] surfaceSize = 1080x525
10-16 17:52:55.146 21495 21575 I SurfaceView@184d2cc: uSP: rtp = Rect(0, -1531 - 1080, -999) rtsw = 1080 rtsh = 525
10-16 17:52:55.146 21495 21575 I SurfaceView@184d2cc: onSSPAndSRT: pl = 0 pt = -1531 sx = 1.0 sy = 1.0133333
10-16 17:52:55.147 21495 21575 I SurfaceView@184d2cc: aOrMT: ViewRootImpl@6dcaa2e[MainActivity] t = android.view.SurfaceControl$Transaction@44988b8 fN = 816 android.view.SurfaceView.-$$Nest$mapplyOrMergeTransaction:0 android.view.SurfaceView$SurfaceViewPositionUpdateListener.positionChanged:1537 android.graphics.RenderNode$CompositePositionUpdateListener.positionChanged:373 
10-16 17:52:55.147 21495 21575 I ViewRootImpl@6dcaa2e[MainActivity]: mWNT: t=0x7b17979b00 mBlastBufferQueue=0x7b5b836800 fn= 816 caller= android.view.SurfaceView.applyOrMergeTransaction:1455 android.view.SurfaceView.-$$Nest$mapplyOrMergeTransaction:0 android.view.SurfaceView$SurfaceViewPositionUpdateListener.positionChanged:1537 
10-16 17:52:55.162 21495 21574 D SurfaceView@184d2cc: updateSurfacePosition RenderWorker, frameNr = 817, position = [0, -1528, 1080, -998] surfaceSize = 1080x525
10-16 17:52:55.162 21495 21574 I SurfaceView@184d2cc: uSP: rtp = Rect(0, -1528 - 1080, -998) rtsw = 1080 rtsh = 525
10-16 17:52:55.162 21495 21574 I SurfaceView@184d2cc: onSSPAndSRT: pl = 0 pt = -1528 sx = 1.0 sy = 1.0095239
10-16 17:52:55.162 21495 21574 I SurfaceView@184d2cc: aOrMT: ViewRootImpl@6dcaa2e[MainActivity] t = android.view.SurfaceControl$Transaction@44988b8 fN = 817 android.view.SurfaceView.-$$Nest$mapplyOrMergeTransaction:0 android.view.SurfaceView$SurfaceViewPositionUpdateListener.positionChanged:1537 android.graphics.RenderNode$CompositePositionUpdateListener.positionChanged:373 
10-16 17:52:55.163 21495 21574 I ViewRootImpl@6dcaa2e[MainActivity]: mWNT: t=0x7b17979b00 mBlastBufferQueue=0x7b5b836800 fn= 817 caller= android.view.SurfaceView.applyOrMergeTransaction:1455 android.view.SurfaceView.-$$Nest$mapplyOrMergeTransaction:0 android.view.SurfaceView$SurfaceViewPositionUpdateListener.positionChanged:1537 
10-16 17:52:55.180 21495 21575 D SurfaceView@184d2cc: updateSurfacePosition RenderWorker, frameNr = 818, position = [0, -1526, 1080, -997] surfaceSize = 1080x525
10-16 17:52:55.180 21495 21575 I SurfaceView@184d2cc: uSP: rtp = Rect(0, -1526 - 1080, -997) rtsw = 1080 rtsh = 525
10-16 17:52:55.180 21495 21575 I SurfaceView@184d2cc: onSSPAndSRT: pl = 0 pt = -1526 sx = 1.0 sy = 1.007619
10-16 17:52:55.180 21495 21575 I SurfaceView@184d2cc: aOrMT: ViewRootImpl@6dcaa2e[MainActivity] t = android.view.SurfaceControl$Transaction@44988b8 fN = 818 android.view.SurfaceView.-$$Nest$mapplyOrMergeTransaction:0 android.view.SurfaceView$SurfaceViewPositionUpdateListener.positionChanged:1537 android.graphics.RenderNode$CompositePositionUpdateListener.positionChanged:373 
10-16 17:52:55.180 21495 21575 I ViewRootImpl@6dcaa2e[MainActivity]: mWNT: t=0x7b17979b00 mBlastBufferQueue=0x7b5b836800 fn= 818 caller= android.view.SurfaceView.applyOrMergeTransaction:1455 android.view.SurfaceView.-$$Nest$mapplyOrMergeTransaction:0 android.view.SurfaceView$SurfaceViewPositionUpdateListener.positionChanged:1537 
10-16 17:52:55.197 21495 21574 D SurfaceView@184d2cc: updateSurfacePosition RenderWorker, frameNr = 819, position = [0, -1524, 1080, -996] surfaceSize = 1080x525
10-16 17:52:55.197 21495 21574 I SurfaceView@184d2cc: uSP: rtp = Rect(0, -1524 - 1080, -996) rtsw = 1080 rtsh = 525
10-16 17:52:55.197 21495 21574 I SurfaceView@184d2cc: onSSPAndSRT: pl = 0 pt = -1524 sx = 1.0 sy = 1.0057143
10-16 17:52:55.197 21495 21574 I SurfaceView@184d2cc: aOrMT: ViewRootImpl@6dcaa2e[MainActivity] t = android.view.SurfaceControl$Transaction@44988b8 fN = 819 android.view.SurfaceView.-$$Nest$mapplyOrMergeTransaction:0 android.view.SurfaceView$SurfaceViewPositionUpdateListener.positionChanged:1537 android.graphics.RenderNode$CompositePositionUpdateListener.positionChanged:373 
10-16 17:52:55.197 21495 21574 I ViewRootImpl@6dcaa2e[MainActivity]: mWNT: t=0x7b17979b00 mBlastBufferQueue=0x7b5b836800 fn= 819 caller= android.view.SurfaceView.applyOrMergeTransaction:1455 android.view.SurfaceView.-$$Nest$mapplyOrMergeTransaction:0 android.view.SurfaceView$SurfaceViewPositionUpdateListener.positionChanged:1537 
10-16 17:52:55.214 21495 21575 D SurfaceView@184d2cc: updateSurfacePosition RenderWorker, frameNr = 820, position = [0, -1523, 1080, -995] surfaceSize = 1080x525
10-16 17:52:55.214 21495 21575 I SurfaceView@184d2cc: uSP: rtp = Rect(0, -1523 - 1080, -995) rtsw = 1080 rtsh = 525
10-16 17:52:55.214 21495 21575 I SurfaceView@184d2cc: onSSPAndSRT: pl = 0 pt = -1523 sx = 1.0 sy = 1.0057143
10-16 17:52:55.214 21495 21575 I SurfaceView@184d2cc: aOrMT: ViewRootImpl@6dcaa2e[MainActivity] t = android.view.SurfaceControl$Transaction@44988b8 fN = 820 android.view.SurfaceView.-$$Nest$mapplyOrMergeTransaction:0 android.view.SurfaceView$SurfaceViewPositionUpdateListener.positionChanged:1537 android.graphics.RenderNode$CompositePositionUpdateListener.positionChanged:373 
10-16 17:52:55.214 21495 21575 I ViewRootImpl@6dcaa2e[MainActivity]: mWNT: t=0x7b17979b00 mBlastBufferQueue=0x7b5b836800 fn= 820 caller= android.view.SurfaceView.applyOrMergeTransaction:1455 android.view.SurfaceView.-$$Nest$mapplyOrMergeTransaction:0 android.view.SurfaceView$SurfaceViewPositionUpdateListener.positionChanged:1537 
10-16 17:52:55.231 21495 21574 D SurfaceView@184d2cc: updateSurfacePosition RenderWorker, frameNr = 821, position = [0, -1521, 1080, -994] surfaceSize = 1080x525
10-16 17:52:55.231 21495 21574 I SurfaceView@184d2cc: uSP: rtp = Rect(0, -1521 - 1080, -994) rtsw = 1080 rtsh = 525
10-16 17:52:55.231 21495 21574 I SurfaceView@184d2cc: onSSPAndSRT: pl = 0 pt = -1521 sx = 1.0 sy = 1.0038096
10-16 17:52:55.231 21495 21574 I SurfaceView@184d2cc: aOrMT: ViewRootImpl@6dcaa2e[MainActivity] t = android.view.SurfaceControl$Transaction@44988b8 fN = 821 android.view.SurfaceView.-$$Nest$mapplyOrMergeTransaction:0 android.view.SurfaceView$SurfaceViewPositionUpdateListener.positionChanged:1537 android.graphics.RenderNode$CompositePositionUpdateListener.positionChanged:373 
10-16 17:52:55.231 21495 21574 I ViewRootImpl@6dcaa2e[MainActivity]: mWNT: t=0x7b17979b00 mBlastBufferQueue=0x7b5b836800 fn= 821 caller= android.view.SurfaceView.applyOrMergeTransaction:1455 android.view.SurfaceView.-$$Nest$mapplyOrMergeTransaction:0 android.view.SurfaceView$SurfaceViewPositionUpdateListener.positionChanged:1537 
10-16 17:52:55.263 21495 21575 D SurfaceView@184d2cc: updateSurfacePosition RenderWorker, frameNr = 823, position = [0, -1520, 1080, -994] surfaceSize = 1080x525
10-16 17:52:55.263 21495 21575 I SurfaceView@184d2cc: uSP: rtp = Rect(0, -1520 - 1080, -994) rtsw = 1080 rtsh = 525
10-16 17:52:55.263 21495 21575 I SurfaceView@184d2cc: onSSPAndSRT: pl = 0 pt = -1520 sx = 1.0 sy = 1.0019047
10-16 17:52:55.264 21495 21575 I SurfaceView@184d2cc: aOrMT: ViewRootImpl@6dcaa2e[MainActivity] t = android.view.SurfaceControl$Transaction@44988b8 fN = 823 android.view.SurfaceView.-$$Nest$mapplyOrMergeTransaction:0 android.view.SurfaceView$SurfaceViewPositionUpdateListener.positionChanged:1537 android.graphics.RenderNode$CompositePositionUpdateListener.positionChanged:373 
10-16 17:52:55.264 21495 21575 I ViewRootImpl@6dcaa2e[MainActivity]: mWNT: t=0x7b17979b00 mBlastBufferQueue=0x7b5b836800 fn= 823 caller= android.view.SurfaceView.applyOrMergeTransaction:1455 android.view.SurfaceView.-$$Nest$mapplyOrMergeTransaction:0 android.view.SurfaceView$SurfaceViewPositionUpdateListener.positionChanged:1537 
10-16 17:52:55.280 21495 21574 D SurfaceView@184d2cc: updateSurfacePosition RenderWorker, frameNr = 824, position = [0, -1519, 1080, -993] surfaceSize = 1080x525
10-16 17:52:55.280 21495 21574 I SurfaceView@184d2cc: uSP: rtp = Rect(0, -1519 - 1080, -993) rtsw = 1080 rtsh = 525
10-16 17:52:55.280 21495 21574 I SurfaceView@184d2cc: onSSPAndSRT: pl = 0 pt = -1519 sx = 1.0 sy = 1.0019047
10-16 17:52:55.281 21495 21574 I SurfaceView@184d2cc: aOrMT: ViewRootImpl@6dcaa2e[MainActivity] t = android.view.SurfaceControl$Transaction@44988b8 fN = 824 android.view.SurfaceView.-$$Nest$mapplyOrMergeTransaction:0 android.view.SurfaceView$SurfaceViewPositionUpdateListener.positionChanged:1537 android.graphics.RenderNode$CompositePositionUpdateListener.positionChanged:373 
10-16 17:52:55.281 21495 21574 I ViewRootImpl@6dcaa2e[MainActivity]: mWNT: t=0x7b17979b00 mBlastBufferQueue=0x7b5b836800 fn= 824 caller= android.view.SurfaceView.applyOrMergeTransaction:1455 android.view.SurfaceView.-$$Nest$mapplyOrMergeTransaction:0 android.view.SurfaceView$SurfaceViewPositionUpdateListener.positionChanged:1537 
10-16 17:52:55.281 21495 21495 I ViewRootImpl@6dcaa2e[MainActivity]: ViewPostIme pointer 0
10-16 17:52:55.301 21495 21495 I SurfaceView@184d2cc: Changes: creating=false format=false size=false visible=false alpha=false hint=false mUseAlpha=false visible=false left=false top=true
10-16 17:52:55.301 21495 21495 I SurfaceView@184d2cc: 25481932 Cur surface: Surface(name=null)/@0x649305d
10-16 17:52:55.302 21495 21495 I SurfaceView@184d2cc: applyTransactionOnVriDraw: vri = ViewRootImpl@6dcaa2e[MainActivity] fRS = false t = 0x7bdd54b600 android.view.SurfaceView.performSurfaceTransaction:959 android.view.SurfaceView.updateSurface:1105 android.view.SurfaceView.lambda$new$0$android-view-SurfaceView:200 
10-16 17:52:55.302 21495 21495 I ViewRootImpl@6dcaa2e[MainActivity]: applyTransactionOnDraw: mRemoved = false isHardwareEnabled = true t = 0x7bdd54b600android.view.SurfaceView.applyTransactionOnVriDraw:2048 android.view.SurfaceView.performSurfaceTransaction:959 android.view.SurfaceView.updateSurface:1105 android.view.SurfaceView.lambda$new$0$android-view-SurfaceView:200 android.view.SurfaceView$$ExternalSyntheticLambda5.onPreDraw:2 
10-16 17:52:55.302 21495 21495 I SurfaceView@184d2cc: updateSurface: mVisible = true mSurface.isValid() = true
10-16 17:52:55.302 21495 21495 I SurfaceView@184d2cc: updateSurface: mSurfaceCreated = true surfaceChanged = false visibleChanged = false
10-16 17:52:55.302 21495 21495 V SurfaceView@184d2cc: Layout: x=0 y=-1515 w=1080 h=525, frame=Rect(0, 0 - 1080, 525)
10-16 17:52:55.311 21495 21575 D SurfaceView@184d2cc: updateSurfacePosition RenderWorker, frameNr = 826, position = [0, -1515, 1080, -990] surfaceSize = 1080x525
10-16 17:52:55.311 21495 21575 I SurfaceView@184d2cc: uSP: rtp = Rect(0, -1515 - 1080, -990) rtsw = 1080 rtsh = 525
10-16 17:52:55.311 21495 21575 I SurfaceView@184d2cc: onSSPAndSRT: pl = 0 pt = -1515 sx = 1.0 sy = 1.0
10-16 17:52:55.311 21495 21575 I SurfaceView@184d2cc: aOrMT: ViewRootImpl@6dcaa2e[MainActivity] t = android.view.SurfaceControl$Transaction@44988b8 fN = 826 android.view.SurfaceView.-$$Nest$mapplyOrMergeTransaction:0 android.view.SurfaceView$SurfaceViewPositionUpdateListener.positionChanged:1537 android.graphics.RenderNode$CompositePositionUpdateListener.positionChanged:373 
10-16 17:52:55.311 21495 21575 I ViewRootImpl@6dcaa2e[MainActivity]: mWNT: t=0x7b17979b00 mBlastBufferQueue=0x7b5b836800 fn= 826 caller= android.view.SurfaceView.applyOrMergeTransaction:1455 android.view.SurfaceView.-$$Nest$mapplyOrMergeTransaction:0 android.view.SurfaceView$SurfaceViewPositionUpdateListener.positionChanged:1537 
10-16 17:52:55.311 21495 21575 I ViewRootImpl@6dcaa2e[MainActivity]: mWNT: t=0x7bdd54b600 mBlastBufferQueue=0x7b5b836800 fn= 826 caller= android.view.ViewRootImpl.lambda$applyTransactionOnDraw$11$android-view-ViewRootImpl:12865 android.view.ViewRootImpl$$ExternalSyntheticLambda1.onFrameDraw:4 android.graphics.HardwareRenderer$FrameDrawingCallback.onFrameDraw:924 
10-16 17:52:55.321 21495 21495 I SurfaceView@184d2cc: Changes: creating=false format=false size=false visible=false alpha=false hint=false mUseAlpha=false visible=false left=false top=true
10-16 17:52:55.321 21495 21495 I SurfaceView@184d2cc: 25481932 Cur surface: Surface(name=null)/@0x649305d
10-16 17:52:55.321 21495 21495 I SurfaceView@184d2cc: applyTransactionOnVriDraw: vri = ViewRootImpl@6dcaa2e[MainActivity] fRS = false t = 0x7bdd54b700 android.view.SurfaceView.performSurfaceTransaction:959 android.view.SurfaceView.updateSurface:1105 android.view.SurfaceView.lambda$new$0$android-view-SurfaceView:200 
10-16 17:52:55.322 21495 21495 I ViewRootImpl@6dcaa2e[MainActivity]: applyTransactionOnDraw: mRemoved = false isHardwareEnabled = true t = 0x7bdd54b700android.view.SurfaceView.applyTransactionOnVriDraw:2048 android.view.SurfaceView.performSurfaceTransaction:959 android.view.SurfaceView.updateSurface:1105 android.view.SurfaceView.lambda$new$0$android-view-SurfaceView:200 android.view.SurfaceView$$ExternalSyntheticLambda5.onPreDraw:2 
10-16 17:52:55.322 21495 21495 I SurfaceView@184d2cc: updateSurface: mVisible = true mSurface.isValid() = true
10-16 17:52:55.322 21495 21495 I SurfaceView@184d2cc: updateSurface: mSurfaceCreated = true surfaceChanged = false visibleChanged = false
10-16 17:52:55.322 21495 21495 V SurfaceView@184d2cc: Layout: x=0 y=-1487 w=1080 h=525, frame=Rect(0, 0 - 1080, 525)
10-16 17:52:55.329 21495 21574 D SurfaceView@184d2cc: updateSurfacePosition RenderWorker, frameNr = 827, position = [0, -1487, 1080, -962] surfaceSize = 1080x525
10-16 17:52:55.330 21495 21574 I SurfaceView@184d2cc: uSP: rtp = Rect(0, -1487 - 1080, -962) rtsw = 1080 rtsh = 525
10-16 17:52:55.330 21495 21574 I SurfaceView@184d2cc: onSSPAndSRT: pl = 0 pt = -1487 sx = 1.0 sy = 1.0
10-16 17:52:55.330 21495 21574 I SurfaceView@184d2cc: aOrMT: ViewRootImpl@6dcaa2e[MainActivity] t = android.view.SurfaceControl$Transaction@44988b8 fN = 827 android.view.SurfaceView.-$$Nest$mapplyOrMergeTransaction:0 android.view.SurfaceView$SurfaceViewPositionUpdateListener.positionChanged:1537 android.graphics.RenderNode$CompositePositionUpdateListener.positionChanged:373 
