10-16 17:35:56.566 15475 15475 I ViewRootImpl@756cb8f[MainActivity]: mThreadedRenderer.initializeIfNeeded()#2 mSurface={isValid=true 0x7bdd48f800}
10-16 17:35:56.567 15475 15475 D InputMethodManager: startInputInner - Id : 0
10-16 17:35:56.567 15475 15475 I InputMethodManager: startInputInner - mService.startInputOrWindowGainedFocus
10-16 17:35:57.683 15475 15475 I ViewRootImpl@756cb8f[MainActivity]: ViewPostIme pointer 0
10-16 17:35:57.739 15475 15475 I ViewRootImpl@756cb8f[MainActivity]: ViewPostIme pointer 1
10-16 17:35:57.745 15475 15475 I MSHandlerLifeCycle: removeMultiSplitHandler: no exist. decor=DecorView@96700d8[MainActivity]
10-16 17:35:57.746 15475 15499 D OpenGLRenderer: setSurface called with nullptr
10-16 17:35:57.746 15475 15499 D OpenGLRenderer: setSurface() destroyed EGLSurface
10-16 17:35:57.746 15475 15499 D OpenGLRenderer: destroyEglSurface
10-16 17:35:57.748 15475 15475 I ViewRootImpl@756cb8f[MainActivity]: dispatchDetachedFromWindow
10-16 17:35:57.776 15475 15475 D InputTransport: Input channel destroyed: '5da084c', fd=141
10-16 17:35:57.783 15475 15475 D InsetsController: onStateChanged: InsetsState: {mDisplayFrame=Rect(0, 0 - 1080, 2400), mDisplayCutout=DisplayCutout{insets=Rect(0, 88 - 0, 0) waterfall=Insets{left=0, top=0, right=0, bottom=0} boundingRect={Bounds=[Rect(0, 0 - 0, 0), Rect(512, 0 - 568, 88), Rect(0, 0 - 0, 0), Rect(0, 0 - 0, 0)]} cutoutPathParserInfo={CutoutPathParserInfo{displayWidth=1080 displayHeight=2400 physicalDisplayWidth=1080 physicalDisplayHeight=2400 density={2.625} cutoutSpec={M 0,0 M 0,12.25101276465640 a 10.60613009248640,10.60613009248640 0 1,0 0,21.21226018497290 a 10.60613009248640,10.60613009248640 0 1,0 0,-21.21226018497290 Z @dp} rotation={0} scale={1.0} physicalPixelDisplaySizeRatio={1.0}}}}, mRoundedCorners=RoundedCorners{[RoundedCorner{position=TopLeft, radius=84, center=Point(84, 84)}, RoundedCorner{position=TopRight, radius=84, center=Point(996, 84)}, RoundedCorner{position=BottomRight, radius=84, center=Point(996, 2316)}, RoundedCorner{position=BottomLeft, radius=84, center=Point(84, 2316)}]}  mRoundedCornerFrame=Rect(0, 0 - 1080, 2400), mPrivacyIndicatorBounds=PrivacyIndicatorBounds {static bounds=Rect(964, 0 - 1080, 87) rotation=0}, mSources= { InsetsSource: {mType=ITYPE_STATUS_BAR, mFrame=[0,0][1080,88], mVisible=true, mInsetsRoundedCornerFrame=false}, InsetsSource: {mType=ITYPE_NAVIGATION_BAR, mFrame=[0,2361][1080,2400], mVisible=true, mInsetsRoundedCornerFrame=false}, InsetsSource: {mType=ITYPE_LEFT_GESTURES, mFrame=[0,0][130,2400], mVisible=true, mInsetsRoundedCornerFrame=false}, InsetsSource: {mType=ITYPE_RIGHT_GESTURES, mFrame=[950,0][1080,2400], mVisible=true, mInsetsRoundedCornerFrame=false}, InsetsSource: {mType=ITYPE_TOP_MANDATORY_GESTURES, mFrame=[0,0][1080,120], mVisible=true, mInsetsRoundedCornerFrame=false}, InsetsSource: {mType=ITYPE_BOTTOM_MANDATORY_GESTURES, mFrame=[0,2316][1080,2400], mVisible=true, mInsetsRoundedCornerFrame=false}, InsetsSource: {mType=ITYPE_LEFT_DISPLAY_CUTOUT, mFrame=[0,0][-100000,2400], mVisible=true, mInsetsRoundedCornerFrame=false}, InsetsSource: {mType=ITYPE_TOP_DISPLAY_CUTOUT, mFrame=[0,0][1080,88], mVisible=true, mInsetsRoundedCornerFrame=false}, InsetsSource: {mType=ITYPE_RIGHT_DISPLAY_CUTOUT, mFrame=[100000,0][1080,2400], mVisible=true, mInsetsRoundedCornerFrame=false}, InsetsSource: {mType=ITYPE_BOTTOM_DISPLAY_CUTOUT, mFrame=[0,100000][1080,2400], mVisible=true, mInsetsRoundedCornerFrame=false}, InsetsSource: {mType=ITYPE_TOP_TAPPABLE_ELEMENT, mFrame=[0,0][1080,88], mVisible=true, mInsetsRoundedCornerFrame=false}, InsetsSource: {mType=ITYPE_BOTTOM_TAPPABLE_ELEMENT, mFrame=[0,0][0,0], mVisible=true, mInsetsRoundedCornerFrame=false} } host=com.lagradost.cloudstream3/com.lagradost.cloudstream3.MainActivity from=android.view.ViewRootImpl$ViewRootHandler.handleMessageImpl:6740
10-16 17:35:57.816 15475 15475 I ViewRootImpl@6dcaa2e[MainActivity]: MSG_WINDOW_FOCUS_CHANGED 1 0
10-16 17:35:57.816 15475 15475 I ViewRootImpl@6dcaa2e[MainActivity]: mThreadedRenderer.initializeIfNeeded()#2 mSurface={isValid=true 0x7b5d4bc800}
10-16 17:35:57.837 15475 15475 D InputMethodManager: startInputInner - Id : 0
10-16 17:35:57.837 15475 15475 I InputMethodManager: startInputInner - mService.startInputOrWindowGainedFocus
10-16 17:35:58.261 15475 15475 I ViewRootImpl@6dcaa2e[MainActivity]: ViewPostIme pointer 0
10-16 17:35:58.384 15475 15475 D WindowOnBackDispatcher: onBackInvoked, viewRoot=ViewRootImpl@756cb8f[MainActivity], callback=androidx.activity.OnBackPressedDispatcher$Api33Impl$$ExternalSyntheticLambda0@5436a19
10-16 17:35:58.397 15475 15475 I IMM_LC  : hsifw() - flag : 0
10-16 17:35:58.397 15475 15475 I IMM_LC  : hsifw() - mService.hideSoftInput
10-16 17:35:58.403 15475 15475 I CS3ExoPlayer: onStop
10-16 17:35:58.403 15475 15475 I CS3ExoPlayer: saveData
10-16 17:35:58.404 15475 15475 I CS3ExoPlayer: handleEvent Pause
10-16 17:35:58.778 15475 15555 D SurfaceView@777fedf: updateSurfacePosition RenderWorker, frameNr = 823, position = [54, -345, 1026, 128] surfaceSize = 1080x525
10-16 17:35:58.778 15475 15555 I SurfaceView@777fedf: uSP: rtp = Rect(54, -345 - 1026, 128) rtsw = 1080 rtsh = 525
10-16 17:35:58.778 15475 15555 I SurfaceView@777fedf: onSSPAndSRT: pl = 54 pt = -345 sx = 0.9 sy = 0.9009524
10-16 17:35:58.778 15475 15555 I SurfaceView@777fedf: aOrMT: ViewRootImpl@6dcaa2e[MainActivity] t = android.view.SurfaceControl$Transaction@97c9439 fN = 823 android.view.SurfaceView.-$$Nest$mapplyOrMergeTransaction:0 android.view.SurfaceView$SurfaceViewPositionUpdateListener.positionChanged:1537 android.graphics.RenderNode$CompositePositionUpdateListener.positionChanged:373 
10-16 17:35:58.778 15475 15555 I ViewRootImpl@6dcaa2e[MainActivity]: mWNT: t=0x7b68ac6900 mBlastBufferQueue=0x7b5d441400 fn= 823 caller= android.view.SurfaceView.applyOrMergeTransaction:1455 android.view.SurfaceView.-$$Nest$mapplyOrMergeTransaction:0 android.view.SurfaceView$SurfaceViewPositionUpdateListener.positionChanged:1537 
10-16 17:35:58.779 15475 15475 I SurfaceView@777fedf: onWindowVisibilityChanged(8) false android.view.SurfaceView{777fedf V.E..V... ........ 0,0-1080,525} of ViewRootImpl@6dcaa2e[MainActivity]
10-16 17:35:58.779 15475 15475 I SurfaceView@777fedf: Changes: creating=false format=false size=false visible=true alpha=false hint=false mUseAlpha=false visible=true left=false top=false
10-16 17:35:58.779 15475 15475 I SurfaceView@777fedf: 125304543 Cur surface: Surface(name=null)/@0x6f99cda
10-16 17:35:58.779 15475 15475 I SurfaceView@777fedf: applyTransactionOnVriDraw: vri = ViewRootImpl@6dcaa2e[MainActivity] fRS = false t = 0x7b128f3f00 android.view.SurfaceView.performSurfaceTransaction:959 android.view.SurfaceView.updateSurface:1105 android.view.SurfaceView.onWindowVisibilityChanged:371 
10-16 17:35:58.779 15475 15475 I ViewRootImpl@6dcaa2e[MainActivity]: applyTransactionOnDraw: mRemoved = false isHardwareEnabled = true t = 0x7b128f3f00android.view.SurfaceView.applyTransactionOnVriDraw:2048 android.view.SurfaceView.performSurfaceTransaction:959 android.view.SurfaceView.updateSurface:1105 android.view.SurfaceView.onWindowVisibilityChanged:371 android.view.View.dispatchDetachedFromWindow:22529 
10-16 17:35:58.779 15475 15475 I SurfaceView@777fedf: surfaceDestroyed
10-16 17:35:58.779 15475 15475 I SurfaceView@777fedf: surfaceDestroyed callback.size 0 #2 android.view.SurfaceView{777fedf V.E..V... ........ 0,0-1080,525}
10-16 17:35:58.779 15475 15475 I SurfaceView@777fedf: updateSurface: mVisible = false mSurface.isValid() = true
10-16 17:35:58.780 15475 15475 I SurfaceView@777fedf: releaseSurfaces: viewRoot = ViewRootImpl@6dcaa2e[MainActivity]
10-16 17:35:58.780 15475 15475 I SurfaceView@777fedf: applyTransactionOnVriDraw: vri = ViewRootImpl@6dcaa2e[MainActivity] fRS = true t = 0x7b1298d200 android.view.SurfaceView.releaseSurfaces:858 android.view.SurfaceView.updateSurface:1172 android.view.SurfaceView.onWindowVisibilityChanged:371 
10-16 17:35:58.780 15475 15475 I SurfaceView@777fedf: applyTransactionOnVriDraw: viewRoot.applyTransactionOnDrawFromReleaseSurfaces
10-16 17:35:58.780 15475 15475 I ViewRootImpl@6dcaa2e[MainActivity]: applyTransactionOnDraw: mRemoved = false isHardwareEnabled = true t = 0x7b1298d200android.view.ViewRootImpl.applyTransactionOnDrawFromReleaseSurfaces:12850 android.view.SurfaceView.applyTransactionOnVriDraw:2046 android.view.SurfaceView.releaseSurfaces:858 android.view.SurfaceView.updateSurface:1172 android.view.SurfaceView.onWindowVisibilityChanged:371 
10-16 17:35:58.780 15475 15475 V SurfaceView@777fedf: Layout: x=0 y=-514 w=1080 h=525, frame=Rect(0, 0 - 1080, 525)
10-16 17:35:58.780 15475 15475 I SurfaceView@777fedf: onDetachedFromWindow: tryReleaseSurfaces()
10-16 17:35:58.780 15475 15475 I SurfaceView@777fedf: releaseSurfaces: viewRoot = ViewRootImpl@6dcaa2e[MainActivity]
10-16 17:35:58.780 15475 15475 I SurfaceView@777fedf: applyTransactionOnVriDraw: vri = ViewRootImpl@6dcaa2e[MainActivity] fRS = true t = 0x7b1298d300 android.view.SurfaceView.releaseSurfaces:858 android.view.SurfaceView.onDetachedFromWindow:500 android.view.View.dispatchDetachedFromWindow:22538 
10-16 17:35:58.780 15475 15475 I SurfaceView@777fedf: applyTransactionOnVriDraw: viewRoot.applyTransactionOnDrawFromReleaseSurfaces
10-16 17:35:58.780 15475 15475 I ViewRootImpl@6dcaa2e[MainActivity]: applyTransactionOnDraw: mRemoved = false isHardwareEnabled = true t = 0x7b1298d300android.view.ViewRootImpl.applyTransactionOnDrawFromReleaseSurfaces:12850 android.view.SurfaceView.applyTransactionOnVriDraw:2046 android.view.SurfaceView.releaseSurfaces:858 android.view.SurfaceView.onDetachedFromWindow:500 android.view.View.dispatchDetachedFromWindow:22538 
10-16 17:35:58.790 15475 15475 I DecorView: notifyKeepScreenOnChanged: keepScreenOn=false
10-16 17:35:58.791 15475 15475 I CS3ExoPlayer: releasePlayer
10-16 17:35:58.791 15475 15475 I CS3ExoPlayer: Handle event: PlayerAttachedEvent(player=null, source=Player)
10-16 17:35:58.792 15475 15475 I DecorView: notifyKeepScreenOnChanged: keepScreenOn=false
10-16 17:35:58.794 15475 15475 I ViewRootImpl@6dcaa2e[MainActivity]: performTraversals params={(0,0)(fillxfill) sim={state=always_hidden adjust=resize} ty=BASE_APPLICATION wanim=0x1030309
10-16 17:35:58.794 15475 15475 I ViewRootImpl@6dcaa2e[MainActivity]:   fl=85810100
10-16 17:35:58.794 15475 15475 I ViewRootImpl@6dcaa2e[MainActivity]:   pfl=12020040
10-16 17:35:58.794 15475 15475 I ViewRootImpl@6dcaa2e[MainActivity]:   vsysui=500
10-16 17:35:58.794 15475 15475 I ViewRootImpl@6dcaa2e[MainActivity]:   bhv=DEFAULT
10-16 17:35:58.794 15475 15475 I ViewRootImpl@6dcaa2e[MainActivity]:   fitSides= naviIconColor=0}
10-16 17:35:58.794 15475 15475 I ViewRootImpl@6dcaa2e[MainActivity]: performTraversals mFirst=false windowShouldResize=false viewVisibilityChanged=false mForceNextWindowRelayout=false params={(0,0)(fillxfill) sim={state=always_hidden adjust=resize} ty=BASE_APPLICATION fmt=TRANSLUCENT wanim=0x1030309
10-16 17:35:58.794 15475 15475 I ViewRootImpl@6dcaa2e[MainActivity]:   fl=85810100
10-16 17:35:58.794 15475 15475 I ViewRootImpl@6dcaa2e[MainActivity]:   pfl=12020040
10-16 17:35:58.794 15475 15475 I ViewRootImpl@6dcaa2e[MainActivity]:   vsysui=500
10-16 17:35:58.794 15475 15475 I ViewRootImpl@6dcaa2e[MainActivity]:   bhv=DEFAULT
10-16 17:35:58.794 15475 15475 I ViewRootImpl@6dcaa2e[MainActivity]:   fitSides= naviIconColor=0}
10-16 17:35:58.798 15475 15475 I ViewRootImpl@6dcaa2e[MainActivity]: updateBlastSurfaceIfNeeded mBlastBufferQueue=0x7b5d441400 isSameSurfaceControl=true
10-16 17:35:58.798 15475 15475 I BLASTBufferQueue: update, w= 1080 h= 2400 mName = ViewRootImpl@6dcaa2e[MainActivity] mNativeObject= 0x7b5d441400 sc.mNativeObject= 0x7b12918340 format= -3 caller= android.view.ViewRootImpl.updateBlastSurfaceIfNeeded:2898 android.view.ViewRootImpl.relayoutWindow:9847 android.view.ViewRootImpl.performTraversals:3884 android.view.ViewRootImpl.doTraversal:3116 android.view.ViewRootImpl$TraversalRunnable.run:10885 android.view.Choreographer$CallbackRecord.run:1301 
10-16 17:35:58.799 15475 15475 I ViewRootImpl@6dcaa2e[MainActivity]: Relayout returned: old=(0,0,1080,2400) new=(0,0,1080,2400) req=(1080,2400)0 dur=4 res=0x0 s={true 0x7b5d4bc800} ch=false seqId=0
10-16 17:35:58.799 15475 15475 I ViewRootImpl@6dcaa2e[MainActivity]: updateBoundsLayer: t = android.view.SurfaceControl$Transaction@f8ffe36 sc = Surface(name=Bounds for - com.lagradost.cloudstream3/com.lagradost.cloudstream3.MainActivity@0)/@0x387e137 frame = 824
10-16 17:35:58.799 15475 15475 I ViewRootImpl@6dcaa2e[MainActivity]: mWNT: t=0x7b5d5bd700 mBlastBufferQueue=0x7b5d441400 fn= 824 caller= android.view.ViewRootImpl.prepareSurfaces:2985 android.view.ViewRootImpl.performTraversals:4233 android.view.ViewRootImpl.doTraversal:3116 
10-16 17:35:58.800 15475 15499 D SurfaceView@777fedf: windowPositionLost, frameNr = 824
10-16 17:35:58.801 15475 15554 I ViewRootImpl@6dcaa2e[MainActivity]: mWNT: t=0x7b128f3f00 mBlastBufferQueue=0x7b5d441400 fn= 824 caller= android.view.ViewRootImpl.lambda$applyTransactionOnDraw$11$android-view-ViewRootImpl:12865 android.view.ViewRootImpl$$ExternalSyntheticLambda1.onFrameDraw:4 android.graphics.HardwareRenderer$FrameDrawingCallback.onFrameDraw:924 
10-16 17:35:58.801 15475 15554 I ViewRootImpl@6dcaa2e[MainActivity]: mWNT: t=0x7b1298d200 mBlastBufferQueue=0x7b5d441400 fn= 824 caller= android.view.ViewRootImpl.lambda$applyTransactionOnDraw$11$android-view-ViewRootImpl:12865 android.view.ViewRootImpl$$ExternalSyntheticLambda1.onFrameDraw:4 android.graphics.HardwareRenderer$FrameDrawingCallback.onFrameDraw:924 
10-16 17:35:58.801 15475 15554 I ViewRootImpl@6dcaa2e[MainActivity]: mWNT: t=0x7b1298d300 mBlastBufferQueue=0x7b5d441400 fn= 824 caller= android.view.ViewRootImpl.lambda$applyTransactionOnDraw$11$android-view-ViewRootImpl:12865 android.view.ViewRootImpl$$ExternalSyntheticLambda1.onFrameDraw:4 android.graphics.HardwareRenderer$FrameDrawingCallback.onFrameDraw:924 
10-16 17:36:00.088 15475 15475 I ViewRootImpl@6dcaa2e[MainActivity]: ViewPostIme pointer 0
10-16 17:36:00.154 15475 15475 I ViewRootImpl@6dcaa2e[MainActivity]: ViewPostIme pointer 1
10-16 17:36:00.161 15475 15475 I NavComponent: Navigating to fragment: 2131362274
10-16 17:36:00.167 15475 15475 I IMM_LC  : hsifw() - flag : 0
10-16 17:36:00.167 15475 15475 I IMM_LC  : hsifw() - mService.hideSoftInput
10-16 17:36:00.205 15475 15475 D ScrollView: initGoToTop
10-16 17:36:00.491 15475 15475 I SurfaceView@5b4a218: onWindowVisibilityChanged(0) true android.view.SurfaceView{5b4a218 V.E..V... ......I. 0,0-0,0} of ViewRootImpl@6dcaa2e[MainActivity]
10-16 17:36:00.491 15475 15475 D SurfaceView@5b4a218: updateSurface: has no frame
10-16 17:36:00.500 15475 15475 I CS3ExoPlayer: SET STYLE = SaveCaptionStyle(foregroundColor=-1, backgroundColor=0, windowColor=0, edgeType=1, edgeColor=-16777216, typeface=null, typefaceFilePath=null, elevation=20, fixedTextSize=null, edgeSize=null, removeCaptions=false, removeBloat=true, upperCase=false, bold=false, italic=false, backgroundRadius=null)
10-16 17:36:00.509 15475 15475 I IMM_LC  : hsifw() - flag : 0
10-16 17:36:00.509 15475 15475 I IMM_LC  : hsifw() - mService.hideSoftInput
10-16 17:36:00.511 15475 15525 I SYNCVM  : addFromUrl = https://asiatv.one/drama/queen-mantis-%d9%85%d8%b3%d9%84%d8%b3%d9%84-%d8%a7%d9%84%d9%85%d9%84%d9%83%d8%a9-%d8%a7%d9%84%d8%b3%d8%b1%d8%b9%d9%88%d9%81-%d8%aa%d9%82%d8%b1%d9%8a%d8%b1-%d8%ad%d9%84%d9%82%d8%a7%d8%aa-%d9%85/
10-16 17:36:00.512 15475 15525 I SYNCUTIL: getIdsFromUrl https://asiatv.one/drama/queen-mantis-%d9%85%d8%b3%d9%84%d8%b3%d9%84-%d8%a7%d9%84%d9%85%d9%84%d9%83%d8%a9-%d8%a7%d9%84%d8%b3%d8%b1%d8%b9%d9%88%d9%81-%d8%aa%d9%82%d8%b1%d9%8a%d8%b1-%d8%ad%d9%84%d9%82%d8%a7%d8%aa-%d9%85/
10-16 17:36:00.526 15475 15475 I SurfaceView@5b4a218: onWindowVisibilityChanged(8) false android.view.SurfaceView{5b4a218 V.E..V... ......I. 0,0-0,0} of ViewRootImpl@6dcaa2e[MainActivity]
10-16 17:36:00.526 15475 15475 D SurfaceView@5b4a218: updateSurface: has no frame
10-16 17:36:00.526 15475 15475 D SurfaceView@5b4a218: updateSurface: has no frame
10-16 17:36:00.527 15475 15475 I SurfaceView@5b4a218: onDetachedFromWindow: tryReleaseSurfaces()
10-16 17:36:00.527 15475 15475 I SurfaceView@5b4a218: releaseSurfaces: viewRoot = ViewRootImpl@6dcaa2e[MainActivity]
10-16 17:36:00.527 15475 15475 I SurfaceView@5b4a218: applyTransactionOnVriDraw: vri = ViewRootImpl@6dcaa2e[MainActivity] fRS = true t = 0x7b1ae8f100 android.view.SurfaceView.releaseSurfaces:858 android.view.SurfaceView.onDetachedFromWindow:500 android.view.View.dispatchDetachedFromWindow:22538 
10-16 17:36:00.527 15475 15475 I SurfaceView@5b4a218: applyTransactionOnVriDraw: viewRoot.applyTransactionOnDrawFromReleaseSurfaces
10-16 17:36:00.527 15475 15475 I ViewRootImpl@6dcaa2e[MainActivity]: applyTransactionOnDraw: mRemoved = false isHardwareEnabled = true t = 0x7b1ae8f100android.view.ViewRootImpl.applyTransactionOnDrawFromReleaseSurfaces:12850 android.view.SurfaceView.applyTransactionOnVriDraw:2046 android.view.SurfaceView.releaseSurfaces:858 android.view.SurfaceView.onDetachedFromWindow:500 android.view.View.dispatchDetachedFromWindow:22538 
10-16 17:36:00.529 15475 15475 I SurfaceView@5b4a218: onWindowVisibilityChanged(0) true android.view.SurfaceView{5b4a218 V.E..V... ......I. 0,0-0,0} of ViewRootImpl@6dcaa2e[MainActivity]
10-16 17:36:00.529 15475 15475 D SurfaceView@5b4a218: updateSurface: has no frame
10-16 17:36:00.533 15475 15475 I DecorView: notifyKeepScreenOnChanged: keepScreenOn=false
10-16 17:36:00.544 15475 15475 I CS3ExoPlayer: reloadPlayer
10-16 17:36:00.544 15475 15475 I CS3ExoPlayer: releasePlayer
10-16 17:36:00.544 15475 15475 I CS3ExoPlayer: Handle event: PlayerAttachedEvent(player=null, source=Player)
10-16 17:36:00.550 15475 15475 I ViewRootImpl@6dcaa2e[MainActivity]: performTraversals params={(0,0)(fillxfill) sim={state=always_hidden adjust=resize} ty=BASE_APPLICATION wanim=0x1030309
10-16 17:36:00.550 15475 15475 I ViewRootImpl@6dcaa2e[MainActivity]:   fl=85810100
10-16 17:36:00.550 15475 15475 I ViewRootImpl@6dcaa2e[MainActivity]:   pfl=12020040
10-16 17:36:00.550 15475 15475 I ViewRootImpl@6dcaa2e[MainActivity]:   vsysui=500
10-16 17:36:00.550 15475 15475 I ViewRootImpl@6dcaa2e[MainActivity]:   bhv=DEFAULT
10-16 17:36:00.550 15475 15475 I ViewRootImpl@6dcaa2e[MainActivity]:   fitSides= naviIconColor=0}
10-16 17:36:00.551 15475 15475 I ViewRootImpl@6dcaa2e[MainActivity]: performTraversals mFirst=false windowShouldResize=false viewVisibilityChanged=false mForceNextWindowRelayout=false params={(0,0)(fillxfill) sim={state=always_hidden adjust=resize} ty=BASE_APPLICATION fmt=TRANSLUCENT wanim=0x1030309
10-16 17:36:00.551 15475 15475 I ViewRootImpl@6dcaa2e[MainActivity]:   fl=85810100
10-16 17:36:00.551 15475 15475 I ViewRootImpl@6dcaa2e[MainActivity]:   pfl=12020040
10-16 17:36:00.551 15475 15475 I ViewRootImpl@6dcaa2e[MainActivity]:   vsysui=500
10-16 17:36:00.551 15475 15475 I ViewRootImpl@6dcaa2e[MainActivity]:   bhv=DEFAULT
10-16 17:36:00.551 15475 15475 I ViewRootImpl@6dcaa2e[MainActivity]:   fitSides= naviIconColor=0}
10-16 17:36:00.558 15475 15475 I ViewRootImpl@6dcaa2e[MainActivity]: updateBlastSurfaceIfNeeded mBlastBufferQueue=0x7b5d441400 isSameSurfaceControl=true
10-16 17:36:00.559 15475 15475 I BLASTBufferQueue: update, w= 1080 h= 2400 mName = ViewRootImpl@6dcaa2e[MainActivity] mNativeObject= 0x7b5d441400 sc.mNativeObject= 0x7af4041760 format= -3 caller= android.view.ViewRootImpl.updateBlastSurfaceIfNeeded:2898 android.view.ViewRootImpl.relayoutWindow:9847 android.view.ViewRootImpl.performTraversals:3884 android.view.ViewRootImpl.doTraversal:3116 android.view.ViewRootImpl$TraversalRunnable.run:10885 android.view.Choreographer$CallbackRecord.run:1301 
10-16 17:36:00.559 15475 15475 I ViewRootImpl@6dcaa2e[MainActivity]: Relayout returned: old=(0,0,1080,2400) new=(0,0,1080,2400) req=(1080,2400)0 dur=7 res=0x0 s={true 0x7b5d4bc800} ch=false seqId=0
10-16 17:36:00.559 15475 15475 I ViewRootImpl@6dcaa2e[MainActivity]: updateBoundsLayer: t = android.view.SurfaceControl$Transaction@f8ffe36 sc = Surface(name=Bounds for - com.lagradost.cloudstream3/com.lagradost.cloudstream3.MainActivity@0)/@0x387e137 frame = 840
10-16 17:36:00.559 15475 15475 I ViewRootImpl@6dcaa2e[MainActivity]: mWNT: t=0x7b5d5bd700 mBlastBufferQueue=0x7b5d441400 fn= 840 caller= android.view.ViewRootImpl.prepareSurfaces:2985 android.view.ViewRootImpl.performTraversals:4233 android.view.ViewRootImpl.doTraversal:3116 
10-16 17:36:00.560 15475 15475 W View    : requestLayout() improperly called by android.widget.FrameLayout{98ed68d I.E..V... ......I. 0,0-0,0 #7f0a04e7 app:id/start_panel} during layout: running second layout pass
10-16 17:36:00.560 15475 15475 W View    : requestLayout() improperly called by android.widget.FrameLayout{53e8042 I.E..V... ......ID 1080,0-1080,2143 #7f0a0168 app:id/end_panel} during layout: running second layout pass
10-16 17:36:00.562 15475 15475 D SurfaceView@5b4a218: updateSurface: has no frame
10-16 17:36:00.567 15475 15555 I ViewRootImpl@6dcaa2e[MainActivity]: mWNT: t=0x7b1ae8f100 mBlastBufferQueue=0x7b5d441400 fn= 840 caller= android.view.ViewRootImpl.lambda$applyTransactionOnDraw$11$android-view-ViewRootImpl:12865 android.view.ViewRootImpl$$ExternalSyntheticLambda1.onFrameDraw:4 android.graphics.HardwareRenderer$FrameDrawingCallback.onFrameDraw:924 
10-16 17:36:00.570 15475 15475 D SurfaceView@5b4a218: updateSurface: has no frame
10-16 17:36:00.583 15475 15475 D SurfaceView@5b4a218: updateSurface: has no frame
10-16 17:36:00.598 15475 15475 D SurfaceView@5b4a218: updateSurface: has no frame
10-16 17:36:00.626 15475 15475 D SurfaceView@5b4a218: updateSurface: has no frame
10-16 17:36:00.644 15475 15475 D SurfaceView@5b4a218: updateSurface: has no frame
10-16 17:36:00.652 15475 15481 I st.cloudstream3: Background concurrent copying GC freed 12MB AllocSpace bytes, 36(4184KB) LOS objects, 47% free, 26MB/50MB, paused 140us,67us total 173.248ms
10-16 17:36:00.659 15475 15475 D SurfaceView@5b4a218: updateSurface: has no frame
10-16 17:36:00.666 15475 15499 D OpenGLRenderer: setSurface called with nullptr
10-16 17:36:00.667 15475 15482 D InputTransport: Input channel destroyed: 'ClientS', fd=149
10-16 17:36:00.676 15475 15475 D SurfaceView@5b4a218: updateSurface: has no frame
10-16 17:36:00.684 15475 15499 D OpenGLRenderer: setSurface called with nullptr
10-16 17:36:00.684 15475 15482 D InputTransport: Input channel destroyed: 'ClientS', fd=303
10-16 17:36:00.693 15475 15475 D SurfaceView@5b4a218: updateSurface: has no frame
10-16 17:36:00.701 15475 15499 D OpenGLRenderer: setSurface called with nullptr
10-16 17:36:00.701 15475 15482 D InputTransport: Input channel destroyed: 'ClientS', fd=293
10-16 17:36:00.702 15475 15482 D InputTransport: Input channel destroyed: 'ClientS', fd=173
10-16 17:36:00.702 15475 15482 D InputTransport: Input channel destroyed: 'ClientS', fd=141
10-16 17:36:00.720 15475 15475 D SurfaceView@5b4a218: updateSurface: has no frame
10-16 17:36:00.737 15475 15475 D SurfaceView@5b4a218: updateSurface: has no frame
10-16 17:36:00.756 15475 15475 D SurfaceView@5b4a218: updateSurface: has no frame
10-16 17:36:00.759 15475 15475 D SurfaceView@5b4a218: updateSurface: has no frame
10-16 17:36:00.778 15475 15475 D SurfaceView@5b4a218: updateSurface: has no frame
10-16 17:36:00.795 15475 15475 D SurfaceView@5b4a218: updateSurface: has no frame
10-16 17:36:00.809 15475 15475 D SurfaceView@5b4a218: updateSurface: has no frame
10-16 17:36:00.826 15475 15475 D SurfaceView@5b4a218: updateSurface: has no frame
10-16 17:36:00.836 15475 15527 I RVM2    : applyMeta
10-16 17:36:00.842 15475 15475 W PanelsChildGestureRegionObserver: failed to register view with ID 2131362800. already registered
10-16 17:36:00.845 15475 15475 E CoilImgLoader: Error loading image: coil3.request.NullRequestDataException: The request's data is null.
10-16 17:36:00.849 15475 15475 E CoilImgLoader: Error loading image: coil3.request.NullRequestDataException: The request's data is null.
10-16 17:36:00.907 15475 15530 I SYNCVM  : addFromUrl = https://asiatv.one/drama/queen-mantis-%d9%85%d8%b3%d9%84%d8%b3%d9%84-%d8%a7%d9%84%d9%85%d9%84%d9%83%d8%a9-%d8%a7%d9%84%d8%b3%d8%b1%d8%b9%d9%88%d9%81-%d8%aa%d9%82%d8%b1%d9%8a%d8%b1-%d8%ad%d9%84%d9%82%d8%a7%d8%aa-%d9%85/
10-16 17:36:00.907 15475 15530 I SYNCUTIL: getIdsFromUrl https://asiatv.one/drama/queen-mantis-%d9%85%d8%b3%d9%84%d8%b3%d9%84-%d8%a7%d9%84%d9%85%d9%84%d9%83%d8%a9-%d8%a7%d9%84%d8%b3%d8%b1%d8%b9%d9%88%d9%81-%d8%aa%d9%82%d8%b1%d9%8a%d8%b1-%d8%ad%d9%84%d9%82%d8%a7%d8%aa-%d9%85/
10-16 17:36:00.954 15475 15475 D SurfaceView@5b4a218: updateSurface: has no frame
10-16 17:36:00.956 15475 15475 I SurfaceView@5b4a218: Changes: creating=true format=true size=true visible=true alpha=false hint=false mUseAlpha=false visible=true left=true top=true
10-16 17:36:00.957 15475 15475 I BLASTBufferQueue: update, w= 1080 h= 525 mName = null mNativeObject= 0x7bdd59f500 sc.mNativeObject= 0x7bdd4e5920 format= 4 caller= android.view.SurfaceView.createBlastSurfaceControls:1383 android.view.SurfaceView.updateSurface:1079 android.view.SurfaceView.lambda$new$0$android-view-SurfaceView:200 android.view.SurfaceView$$ExternalSyntheticLambda5.onPreDraw:2 android.view.ViewTreeObserver.dispatchOnPreDraw:1121 android.view.ViewRootImpl.performTraversals:4442 
10-16 17:36:00.957 15475 15475 I SurfaceView@5b4a218: 95724056 Cur surface: Surface(name=null)/@0xead9ffb
10-16 17:36:00.958 15475 15475 I SurfaceView@5b4a218: pST: sr = Rect(0, 218 - 1080, 743) sw = 1080 sh = 525
10-16 17:36:00.958 15475 15475 D SurfaceView@5b4a218: performSurfaceTransaction RenderWorker position = [0, 218, 1080, 743] surfaceSize = 1080x525
10-16 17:36:00.958 15475 15475 I SurfaceView@5b4a218: applyTransactionOnVriDraw: vri = ViewRootImpl@6dcaa2e[MainActivity] fRS = false t = 0x7bed84b900 android.view.SurfaceView.performSurfaceTransaction:959 android.view.SurfaceView.updateSurface:1105 android.view.SurfaceView.lambda$new$0$android-view-SurfaceView:200 
10-16 17:36:00.958 15475 15475 I ViewRootImpl@6dcaa2e[MainActivity]: applyTransactionOnDraw: mRemoved = false isHardwareEnabled = true t = 0x7bed84b900android.view.SurfaceView.applyTransactionOnVriDraw:2048 android.view.SurfaceView.performSurfaceTransaction:959 android.view.SurfaceView.updateSurface:1105 android.view.SurfaceView.lambda$new$0$android-view-SurfaceView:200 android.view.SurfaceView$$ExternalSyntheticLambda5.onPreDraw:2 
10-16 17:36:00.958 15475 15475 I SurfaceView@5b4a218: updateSurface: mVisible = true mSurface.isValid() = true
10-16 17:36:00.958 15475 15475 I SurfaceView@5b4a218: updateSurface: mSurfaceCreated = false surfaceChanged = true visibleChanged = true
10-16 17:36:00.958 15475 15475 I SurfaceView@5b4a218: visibleChanged -- surfaceCreated
10-16 17:36:00.958 15475 15475 I SurfaceView@5b4a218: surfaceCreated 0 #8 android.view.SurfaceView{5b4a218 V.E..V... ......ID 0,0-1080,525}
10-16 17:36:00.958 15475 15475 I SurfaceView@5b4a218: surfaceChanged -- format=4 w=1080 h=525
10-16 17:36:00.958 15475 15475 I SurfaceView@5b4a218: surfaceChanged (1080,525) 0 #8 android.view.SurfaceView{5b4a218 V.E..V... ......ID 0,0-1080,525}
10-16 17:36:00.958 15475 15475 I SurfaceView@5b4a218: surfaceRedrawNeeded
10-16 17:36:00.959 15475 15475 V SurfaceView@5b4a218: Layout: x=0 y=218 w=1080 h=525, frame=Rect(0, 0 - 1080, 525)
10-16 17:36:00.975 15475 15554 D SurfaceView@5b4a218: updateSurfacePosition RenderWorker, frameNr = 857, position = [0, 218, 1080, 743] surfaceSize = 1080x525
10-16 17:36:00.975 15475 15554 I SurfaceView@5b4a218: uSP: rtp = Rect(0, 218 - 1080, 743) rtsw = 1080 rtsh = 525
10-16 17:36:00.975 15475 15554 I SurfaceView@5b4a218: onSSPAndSRT: pl = 0 pt = 218 sx = 1.0 sy = 1.0
10-16 17:36:00.975 15475 15554 I SurfaceView@5b4a218: aOrMT: ViewRootImpl@6dcaa2e[MainActivity] t = android.view.SurfaceControl$Transaction@de873cf fN = 857 android.view.SurfaceView.-$$Nest$mapplyOrMergeTransaction:0 android.view.SurfaceView$SurfaceViewPositionUpdateListener.positionChanged:1537 android.graphics.RenderNode$CompositePositionUpdateListener.positionChanged:373 
10-16 17:36:00.975 15475 15554 I ViewRootImpl@6dcaa2e[MainActivity]: mWNT: t=0x7bed808900 mBlastBufferQueue=0x7b5d441400 fn= 857 caller= android.view.SurfaceView.applyOrMergeTransaction:1455 android.view.SurfaceView.-$$Nest$mapplyOrMergeTransaction:0 android.view.SurfaceView$SurfaceViewPositionUpdateListener.positionChanged:1537 
10-16 17:36:00.976 15475 15554 I ViewRootImpl@6dcaa2e[MainActivity]: mWNT: t=0x7bed84b900 mBlastBufferQueue=0x7b5d441400 fn= 857 caller= android.view.ViewRootImpl.lambda$applyTransactionOnDraw$11$android-view-ViewRootImpl:12865 android.view.ViewRootImpl$$ExternalSyntheticLambda1.onFrameDraw:4 android.graphics.HardwareRenderer$FrameDrawingCallback.onFrameDraw:924 
10-16 17:36:01.078 15475 15475 I SurfaceView@5b4a218: finishedDrawing
10-16 17:36:01.672 15475 15475 I ViewRootImpl@6dcaa2e[MainActivity]: ViewPostIme pointer 0
10-16 17:36:01.723 15475 15475 I SurfaceView@5b4a218: Changes: creating=false format=false size=false visible=false alpha=false hint=false mUseAlpha=false visible=false left=false top=true
10-16 17:36:01.723 15475 15475 I SurfaceView@5b4a218: 95724056 Cur surface: Surface(name=null)/@0xead9ffb
10-16 17:36:01.724 15475 15475 I SurfaceView@5b4a218: applyTransactionOnVriDraw: vri = ViewRootImpl@6dcaa2e[MainActivity] fRS = false t = 0x7b46873300 android.view.SurfaceView.performSurfaceTransaction:959 android.view.SurfaceView.updateSurface:1105 android.view.SurfaceView.lambda$new$0$android-view-SurfaceView:200 
10-16 17:36:01.725 15475 15475 I ViewRootImpl@6dcaa2e[MainActivity]: applyTransactionOnDraw: mRemoved = false isHardwareEnabled = true t = 0x7b46873300android.view.SurfaceView.applyTransactionOnVriDraw:2048 android.view.SurfaceView.performSurfaceTransaction:959 android.view.SurfaceView.updateSurface:1105 android.view.SurfaceView.lambda$new$0$android-view-SurfaceView:200 android.view.SurfaceView$$ExternalSyntheticLambda5.onPreDraw:2 
10-16 17:36:01.725 15475 15475 I SurfaceView@5b4a218: updateSurface: mVisible = true mSurface.isValid() = true
10-16 17:36:01.725 15475 15475 I SurfaceView@5b4a218: updateSurface: mSurfaceCreated = true surfaceChanged = false visibleChanged = false
10-16 17:36:01.725 15475 15475 V SurfaceView@5b4a218: Layout: x=0 y=177 w=1080 h=525, frame=Rect(0, 0 - 1080, 525)
10-16 17:36:01.735 15475 15555 D SurfaceView@5b4a218: updateSurfacePosition RenderWorker, frameNr = 877, position = [0, 177, 1080, 702] surfaceSize = 1080x525
10-16 17:36:01.735 15475 15555 I SurfaceView@5b4a218: uSP: rtp = Rect(0, 177 - 1080, 702) rtsw = 1080 rtsh = 525
10-16 17:36:01.735 15475 15555 I SurfaceView@5b4a218: onSSPAndSRT: pl = 0 pt = 177 sx = 1.0 sy = 1.0
10-16 17:36:01.735 15475 15555 I SurfaceView@5b4a218: aOrMT: ViewRootImpl@6dcaa2e[MainActivity] t = android.view.SurfaceControl$Transaction@de873cf fN = 877 android.view.SurfaceView.-$$Nest$mapplyOrMergeTransaction:0 android.view.SurfaceView$SurfaceViewPositionUpdateListener.positionChanged:1537 android.graphics.RenderNode$CompositePositionUpdateListener.positionChanged:373 
10-16 17:36:01.736 15475 15555 I ViewRootImpl@6dcaa2e[MainActivity]: mWNT: t=0x7bed808900 mBlastBufferQueue=0x7b5d441400 fn= 877 caller= android.view.SurfaceView.applyOrMergeTransaction:1455 android.view.SurfaceView.-$$Nest$mapplyOrMergeTransaction:0 android.view.SurfaceView$SurfaceViewPositionUpdateListener.positionChanged:1537 
10-16 17:36:01.736 15475 15555 I ViewRootImpl@6dcaa2e[MainActivity]: mWNT: t=0x7b46873300 mBlastBufferQueue=0x7b5d441400 fn= 877 caller= android.view.ViewRootImpl.lambda$applyTransactionOnDraw$11$android-view-ViewRootImpl:12865 android.view.ViewRootImpl$$ExternalSyntheticLambda1.onFrameDraw:4 android.graphics.HardwareRenderer$FrameDrawingCallback.onFrameDraw:924 
10-16 17:36:01.739 15475 15475 I SurfaceView@5b4a218: Changes: creating=false format=false size=false visible=false alpha=false hint=false mUseAlpha=false visible=false left=false top=true
10-16 17:36:01.739 15475 15475 I SurfaceView@5b4a218: 95724056 Cur surface: Surface(name=null)/@0xead9ffb
10-16 17:36:01.740 15475 15475 I SurfaceView@5b4a218: applyTransactionOnVriDraw: vri = ViewRootImpl@6dcaa2e[MainActivity] fRS = false t = 0x7b46873500 android.view.SurfaceView.performSurfaceTransaction:959 android.view.SurfaceView.updateSurface:1105 android.view.SurfaceView.lambda$new$0$android-view-SurfaceView:200 
10-16 17:36:01.740 15475 15475 I ViewRootImpl@6dcaa2e[MainActivity]: applyTransactionOnDraw: mRemoved = false isHardwareEnabled = true t = 0x7b46873500android.view.SurfaceView.applyTransactionOnVriDraw:2048 android.view.SurfaceView.performSurfaceTransaction:959 android.view.SurfaceView.updateSurface:1105 android.view.SurfaceView.lambda$new$0$android-view-SurfaceView:200 android.view.SurfaceView$$ExternalSyntheticLambda5.onPreDraw:2 
10-16 17:36:01.740 15475 15475 I SurfaceView@5b4a218: updateSurface: mVisible = true mSurface.isValid() = true
10-16 17:36:01.740 15475 15475 I SurfaceView@5b4a218: updateSurface: mSurfaceCreated = true surfaceChanged = false visibleChanged = false
10-16 17:36:01.740 15475 15475 V SurfaceView@5b4a218: Layout: x=0 y=113 w=1080 h=525, frame=Rect(0, 0 - 1080, 525)
10-16 17:36:01.753 15475 15554 D SurfaceView@5b4a218: updateSurfacePosition RenderWorker, frameNr = 878, position = [0, 113, 1080, 638] surfaceSize = 1080x525
10-16 17:36:01.753 15475 15554 I SurfaceView@5b4a218: uSP: rtp = Rect(0, 113 - 1080, 638) rtsw = 1080 rtsh = 525
10-16 17:36:01.753 15475 15554 I SurfaceView@5b4a218: onSSPAndSRT: pl = 0 pt = 113 sx = 1.0 sy = 1.0
10-16 17:36:01.754 15475 15554 I SurfaceView@5b4a218: aOrMT: ViewRootImpl@6dcaa2e[MainActivity] t = android.view.SurfaceControl$Transaction@de873cf fN = 878 android.view.SurfaceView.-$$Nest$mapplyOrMergeTransaction:0 android.view.SurfaceView$SurfaceViewPositionUpdateListener.positionChanged:1537 android.graphics.RenderNode$CompositePositionUpdateListener.positionChanged:373 
10-16 17:36:01.754 15475 15554 I ViewRootImpl@6dcaa2e[MainActivity]: mWNT: t=0x7bed808900 mBlastBufferQueue=0x7b5d441400 fn= 878 caller= android.view.SurfaceView.applyOrMergeTransaction:1455 android.view.SurfaceView.-$$Nest$mapplyOrMergeTransaction:0 android.view.SurfaceView$SurfaceViewPositionUpdateListener.positionChanged:1537 
10-16 17:36:01.755 15475 15554 I ViewRootImpl@6dcaa2e[MainActivity]: mWNT: t=0x7b46873500 mBlastBufferQueue=0x7b5d441400 fn= 878 caller= android.view.ViewRootImpl.lambda$applyTransactionOnDraw$11$android-view-ViewRootImpl:12865 android.view.ViewRootImpl$$ExternalSyntheticLambda1.onFrameDraw:4 android.graphics.HardwareRenderer$FrameDrawingCallback.onFrameDraw:924 
10-16 17:36:01.758 15475 15475 I SurfaceView@5b4a218: Changes: creating=false format=false size=false visible=false alpha=false hint=false mUseAlpha=false visible=false left=false top=true
10-16 17:36:01.758 15475 15475 I SurfaceView@5b4a218: 95724056 Cur surface: Surface(name=null)/@0xead9ffb
10-16 17:36:01.759 15475 15475 I SurfaceView@5b4a218: applyTransactionOnVriDraw: vri = ViewRootImpl@6dcaa2e[MainActivity] fRS = false t = 0x7bed808400 android.view.SurfaceView.performSurfaceTransaction:959 android.view.SurfaceView.updateSurface:1105 android.view.SurfaceView.lambda$new$0$android-view-SurfaceView:200 
10-16 17:36:01.759 15475 15475 I ViewRootImpl@6dcaa2e[MainActivity]: applyTransactionOnDraw: mRemoved = false isHardwareEnabled = true t = 0x7bed808400android.view.SurfaceView.applyTransactionOnVriDraw:2048 android.view.SurfaceView.performSurfaceTransaction:959 android.view.SurfaceView.updateSurface:1105 android.view.SurfaceView.lambda$new$0$android-view-SurfaceView:200 android.view.SurfaceView$$ExternalSyntheticLambda5.onPreDraw:2 
10-16 17:36:01.759 15475 15475 I SurfaceView@5b4a218: updateSurface: mVisible = true mSurface.isValid() = true
10-16 17:36:01.759 15475 15475 I SurfaceView@5b4a218: updateSurface: mSurfaceCreated = true surfaceChanged = false visibleChanged = false
10-16 17:36:01.759 15475 15475 V SurfaceView@5b4a218: Layout: x=0 y=32 w=1080 h=525, frame=Rect(0, 0 - 1080, 525)
10-16 17:36:01.772 15475 15555 D SurfaceView@5b4a218: updateSurfacePosition RenderWorker, frameNr = 879, position = [0, 32, 1080, 557] surfaceSize = 1080x525
10-16 17:36:01.772 15475 15555 I SurfaceView@5b4a218: uSP: rtp = Rect(0, 32 - 1080, 557) rtsw = 1080 rtsh = 525
10-16 17:36:01.772 15475 15555 I SurfaceView@5b4a218: onSSPAndSRT: pl = 0 pt = 32 sx = 1.0 sy = 1.0
10-16 17:36:01.772 15475 15555 I SurfaceView@5b4a218: aOrMT: ViewRootImpl@6dcaa2e[MainActivity] t = android.view.SurfaceControl$Transaction@de873cf fN = 879 android.view.SurfaceView.-$$Nest$mapplyOrMergeTransaction:0 android.view.SurfaceView$SurfaceViewPositionUpdateListener.positionChanged:1537 android.graphics.RenderNode$CompositePositionUpdateListener.positionChanged:373 
10-16 17:36:01.773 15475 15555 I ViewRootImpl@6dcaa2e[MainActivity]: mWNT: t=0x7bed808900 mBlastBufferQueue=0x7b5d441400 fn= 879 caller= android.view.SurfaceView.applyOrMergeTransaction:1455 android.view.SurfaceView.-$$Nest$mapplyOrMergeTransaction:0 android.view.SurfaceView$SurfaceViewPositionUpdateListener.positionChanged:1537 
10-16 17:36:01.773 15475 15555 I ViewRootImpl@6dcaa2e[MainActivity]: mWNT: t=0x7bed808400 mBlastBufferQueue=0x7b5d441400 fn= 879 caller= android.view.ViewRootImpl.lambda$applyTransactionOnDraw$11$android-view-ViewRootImpl:12865 android.view.ViewRootImpl$$ExternalSyntheticLambda1.onFrameDraw:4 android.graphics.HardwareRenderer$FrameDrawingCallback.onFrameDraw:924 
10-16 17:36:01.776 15475 15475 I SurfaceView@5b4a218: Changes: creating=false format=false size=false visible=false alpha=false hint=false mUseAlpha=false visible=false left=false top=true
10-16 17:36:01.776 15475 15475 I SurfaceView@5b4a218: 95724056 Cur surface: Surface(name=null)/@0xead9ffb
10-16 17:36:01.777 15475 15475 I SurfaceView@5b4a218: applyTransactionOnVriDraw: vri = ViewRootImpl@6dcaa2e[MainActivity] fRS = false t = 0x7bed808a00 android.view.SurfaceView.performSurfaceTransaction:959 android.view.SurfaceView.updateSurface:1105 android.view.SurfaceView.lambda$new$0$android-view-SurfaceView:200 
10-16 17:36:01.777 15475 15475 I ViewRootImpl@6dcaa2e[MainActivity]: applyTransactionOnDraw: mRemoved = false isHardwareEnabled = true t = 0x7bed808a00android.view.SurfaceView.applyTransactionOnVriDraw:2048 android.view.SurfaceView.performSurfaceTransaction:959 android.view.SurfaceView.updateSurface:1105 android.view.SurfaceView.lambda$new$0$android-view-SurfaceView:200 android.view.SurfaceView$$ExternalSyntheticLambda5.onPreDraw:2 
10-16 17:36:01.777 15475 15475 I SurfaceView@5b4a218: updateSurface: mVisible = true mSurface.isValid() = true
10-16 17:36:01.777 15475 15475 I SurfaceView@5b4a218: updateSurface: mSurfaceCreated = true surfaceChanged = false visibleChanged = false
10-16 17:36:01.777 15475 15475 V SurfaceView@5b4a218: Layout: x=0 y=-62 w=1080 h=525, frame=Rect(0, 0 - 1080, 525)
10-16 17:36:01.787 15475 15554 D SurfaceView@5b4a218: updateSurfacePosition RenderWorker, frameNr = 880, position = [0, -62, 1080, 463] surfaceSize = 1080x525
10-16 17:36:01.787 15475 15554 I SurfaceView@5b4a218: uSP: rtp = Rect(0, -62 - 1080, 463) rtsw = 1080 rtsh = 525
10-16 17:36:01.787 15475 15554 I SurfaceView@5b4a218: onSSPAndSRT: pl = 0 pt = -62 sx = 1.0 sy = 1.0
10-16 17:36:01.788 15475 15554 I SurfaceView@5b4a218: aOrMT: ViewRootImpl@6dcaa2e[MainActivity] t = android.view.SurfaceControl$Transaction@de873cf fN = 880 android.view.SurfaceView.-$$Nest$mapplyOrMergeTransaction:0 android.view.SurfaceView$SurfaceViewPositionUpdateListener.positionChanged:1537 android.graphics.RenderNode$CompositePositionUpdateListener.positionChanged:373 
10-16 17:36:01.788 15475 15554 I ViewRootImpl@6dcaa2e[MainActivity]: mWNT: t=0x7bed808900 mBlastBufferQueue=0x7b5d441400 fn= 880 caller= android.view.SurfaceView.applyOrMergeTransaction:1455 android.view.SurfaceView.-$$Nest$mapplyOrMergeTransaction:0 android.view.SurfaceView$SurfaceViewPositionUpdateListener.positionChanged:1537 
10-16 17:36:01.789 15475 15554 I ViewRootImpl@6dcaa2e[MainActivity]: mWNT: t=0x7bed808a00 mBlastBufferQueue=0x7b5d441400 fn= 880 caller= android.view.ViewRootImpl.lambda$applyTransactionOnDraw$11$android-view-ViewRootImpl:12865 android.view.ViewRootImpl$$ExternalSyntheticLambda1.onFrameDraw:4 android.graphics.HardwareRenderer$FrameDrawingCallback.onFrameDraw:924 
10-16 17:36:01.791 15475 15475 I SurfaceView@5b4a218: Changes: creating=false format=false size=false visible=false alpha=false hint=false mUseAlpha=false visible=false left=false top=true
10-16 17:36:01.791 15475 15475 I SurfaceView@5b4a218: 95724056 Cur surface: Surface(name=null)/@0xead9ffb
10-16 17:36:01.792 15475 15475 I SurfaceView@5b4a218: applyTransactionOnVriDraw: vri = ViewRootImpl@6dcaa2e[MainActivity] fRS = false t = 0x7bed808c00 android.view.SurfaceView.performSurfaceTransaction:959 android.view.SurfaceView.updateSurface:1105 android.view.SurfaceView.lambda$new$0$android-view-SurfaceView:200 
10-16 17:36:01.792 15475 15475 I ViewRootImpl@6dcaa2e[MainActivity]: applyTransactionOnDraw: mRemoved = false isHardwareEnabled = true t = 0x7bed808c00android.view.SurfaceView.applyTransactionOnVriDraw:2048 android.view.SurfaceView.performSurfaceTransaction:959 android.view.SurfaceView.updateSurface:1105 android.view.SurfaceView.lambda$new$0$android-view-SurfaceView:200 android.view.SurfaceView$$ExternalSyntheticLambda5.onPreDraw:2 
10-16 17:36:01.792 15475 15475 I SurfaceView@5b4a218: updateSurface: mVisible = true mSurface.isValid() = true
10-16 17:36:01.792 15475 15475 I SurfaceView@5b4a218: updateSurface: mSurfaceCreated = true surfaceChanged = false visibleChanged = false
10-16 17:36:01.792 15475 15475 V SurfaceView@5b4a218: Layout: x=0 y=-157 w=1080 h=525, frame=Rect(0, 0 - 1080, 525)
10-16 17:36:01.802 15475 15555 D SurfaceView@5b4a218: updateSurfacePosition RenderWorker, frameNr = 881, position = [0, -157, 1080, 368] surfaceSize = 1080x525
10-16 17:36:01.802 15475 15555 I SurfaceView@5b4a218: uSP: rtp = Rect(0, -157 - 1080, 368) rtsw = 1080 rtsh = 525
10-16 17:36:01.802 15475 15555 I SurfaceView@5b4a218: onSSPAndSRT: pl = 0 pt = -157 sx = 1.0 sy = 1.0
10-16 17:36:01.803 15475 15555 I SurfaceView@5b4a218: aOrMT: ViewRootImpl@6dcaa2e[MainActivity] t = android.view.SurfaceControl$Transaction@de873cf fN = 881 android.view.SurfaceView.-$$Nest$mapplyOrMergeTransaction:0 android.view.SurfaceView$SurfaceViewPositionUpdateListener.positionChanged:1537 android.graphics.RenderNode$CompositePositionUpdateListener.positionChanged:373 
10-16 17:36:01.803 15475 15555 I ViewRootImpl@6dcaa2e[MainActivity]: mWNT: t=0x7bed808900 mBlastBufferQueue=0x7b5d441400 fn= 881 caller= android.view.SurfaceView.applyOrMergeTransaction:1455 android.view.SurfaceView.-$$Nest$mapplyOrMergeTransaction:0 android.view.SurfaceView$SurfaceViewPositionUpdateListener.positionChanged:1537 
10-16 17:36:01.804 15475 15555 I ViewRootImpl@6dcaa2e[MainActivity]: mWNT: t=0x7bed808c00 mBlastBufferQueue=0x7b5d441400 fn= 881 caller= android.view.ViewRootImpl.lambda$applyTransactionOnDraw$11$android-view-ViewRootImpl:12865 android.view.ViewRootImpl$$ExternalSyntheticLambda1.onFrameDraw:4 android.graphics.HardwareRenderer$FrameDrawingCallback.onFrameDraw:924 
10-16 17:36:01.805 15475 15475 I SurfaceView@5b4a218: Changes: creating=false format=false size=false visible=false alpha=false hint=false mUseAlpha=false visible=false left=false top=true
10-16 17:36:01.806 15475 15475 I SurfaceView@5b4a218: 95724056 Cur surface: Surface(name=null)/@0xead9ffb
10-16 17:36:01.806 15475 15475 I SurfaceView@5b4a218: applyTransactionOnVriDraw: vri = ViewRootImpl@6dcaa2e[MainActivity] fRS = false t = 0x7bed808e00 android.view.SurfaceView.performSurfaceTransaction:959 android.view.SurfaceView.updateSurface:1105 android.view.SurfaceView.lambda$new$0$android-view-SurfaceView:200 
10-16 17:36:01.806 15475 15475 I ViewRootImpl@6dcaa2e[MainActivity]: applyTransactionOnDraw: mRemoved = false isHardwareEnabled = true t = 0x7bed808e00android.view.SurfaceView.applyTransactionOnVriDraw:2048 android.view.SurfaceView.performSurfaceTransaction:959 android.view.SurfaceView.updateSurface:1105 android.view.SurfaceView.lambda$new$0$android-view-SurfaceView:200 android.view.SurfaceView$$ExternalSyntheticLambda5.onPreDraw:2 
10-16 17:36:01.806 15475 15475 I SurfaceView@5b4a218: updateSurface: mVisible = true mSurface.isValid() = true
10-16 17:36:01.806 15475 15475 I SurfaceView@5b4a218: updateSurface: mSurfaceCreated = true surfaceChanged = false visibleChanged = false
10-16 17:36:01.806 15475 15475 V SurfaceView@5b4a218: Layout: x=0 y=-247 w=1080 h=525, frame=Rect(0, 0 - 1080, 525)
10-16 17:36:01.815 15475 15554 D SurfaceView@5b4a218: updateSurfacePosition RenderWorker, frameNr = 882, position = [0, -247, 1080, 278] surfaceSize = 1080x525
10-16 17:36:01.815 15475 15554 I SurfaceView@5b4a218: uSP: rtp = Rect(0, -247 - 1080, 278) rtsw = 1080 rtsh = 525
10-16 17:36:01.815 15475 15554 I SurfaceView@5b4a218: onSSPAndSRT: pl = 0 pt = -247 sx = 1.0 sy = 1.0
10-16 17:36:01.816 15475 15554 I SurfaceView@5b4a218: aOrMT: ViewRootImpl@6dcaa2e[MainActivity] t = android.view.SurfaceControl$Transaction@de873cf fN = 882 android.view.SurfaceView.-$$Nest$mapplyOrMergeTransaction:0 android.view.SurfaceView$SurfaceViewPositionUpdateListener.positionChanged:1537 android.graphics.RenderNode$CompositePositionUpdateListener.positionChanged:373 
10-16 17:36:01.816 15475 15554 I ViewRootImpl@6dcaa2e[MainActivity]: mWNT: t=0x7bed808900 mBlastBufferQueue=0x7b5d441400 fn= 882 caller= android.view.SurfaceView.applyOrMergeTransaction:1455 android.view.SurfaceView.-$$Nest$mapplyOrMergeTransaction:0 android.view.SurfaceView$SurfaceViewPositionUpdateListener.positionChanged:1537 
10-16 17:36:01.817 15475 15554 I ViewRootImpl@6dcaa2e[MainActivity]: mWNT: t=0x7bed808e00 mBlastBufferQueue=0x7b5d441400 fn= 882 caller= android.view.ViewRootImpl.lambda$applyTransactionOnDraw$11$android-view-ViewRootImpl:12865 android.view.ViewRootImpl$$ExternalSyntheticLambda1.onFrameDraw:4 android.graphics.HardwareRenderer$FrameDrawingCallback.onFrameDraw:924 
10-16 17:36:01.819 15475 15475 I SurfaceView@5b4a218: Changes: creating=false format=false size=false visible=false alpha=false hint=false mUseAlpha=false visible=false left=false top=true
10-16 17:36:01.819 15475 15475 I SurfaceView@5b4a218: 95724056 Cur surface: Surface(name=null)/@0xead9ffb
10-16 17:36:01.820 15475 15475 I SurfaceView@5b4a218: applyTransactionOnVriDraw: vri = ViewRootImpl@6dcaa2e[MainActivity] fRS = false t = 0x7b46873700 android.view.SurfaceView.performSurfaceTransaction:959 android.view.SurfaceView.updateSurface:1105 android.view.SurfaceView.lambda$new$0$android-view-SurfaceView:200 
10-16 17:36:01.820 15475 15475 I ViewRootImpl@6dcaa2e[MainActivity]: applyTransactionOnDraw: mRemoved = false isHardwareEnabled = true t = 0x7b46873700android.view.SurfaceView.applyTransactionOnVriDraw:2048 android.view.SurfaceView.performSurfaceTransaction:959 android.view.SurfaceView.updateSurface:1105 android.view.SurfaceView.lambda$new$0$android-view-SurfaceView:200 android.view.SurfaceView$$ExternalSyntheticLambda5.onPreDraw:2 
10-16 17:36:01.820 15475 15475 I SurfaceView@5b4a218: updateSurface: mVisible = true mSurface.isValid() = true
10-16 17:36:01.820 15475 15475 I SurfaceView@5b4a218: updateSurface: mSurfaceCreated = true surfaceChanged = false visibleChanged = false
10-16 17:36:01.820 15475 15475 V SurfaceView@5b4a218: Layout: x=0 y=-325 w=1080 h=525, frame=Rect(0, 0 - 1080, 525)
10-16 17:36:01.828 15475 15555 D SurfaceView@5b4a218: updateSurfacePosition RenderWorker, frameNr = 883, position = [0, -325, 1080, 200] surfaceSize = 1080x525
10-16 17:36:01.828 15475 15555 I SurfaceView@5b4a218: uSP: rtp = Rect(0, -325 - 1080, 200) rtsw = 1080 rtsh = 525
10-16 17:36:01.828 15475 15555 I SurfaceView@5b4a218: onSSPAndSRT: pl = 0 pt = -325 sx = 1.0 sy = 1.0
10-16 17:36:01.828 15475 15555 I SurfaceView@5b4a218: aOrMT: ViewRootImpl@6dcaa2e[MainActivity] t = android.view.SurfaceControl$Transaction@de873cf fN = 883 android.view.SurfaceView.-$$Nest$mapplyOrMergeTransaction:0 android.view.SurfaceView$SurfaceViewPositionUpdateListener.positionChanged:1537 android.graphics.RenderNode$CompositePositionUpdateListener.positionChanged:373 
10-16 17:36:01.829 15475 15555 I ViewRootImpl@6dcaa2e[MainActivity]: mWNT: t=0x7bed808900 mBlastBufferQueue=0x7b5d441400 fn= 883 caller= android.view.SurfaceView.applyOrMergeTransaction:1455 android.view.SurfaceView.-$$Nest$mapplyOrMergeTransaction:0 android.view.SurfaceView$SurfaceViewPositionUpdateListener.positionChanged:1537 
10-16 17:36:01.829 15475 15555 I ViewRootImpl@6dcaa2e[MainActivity]: mWNT: t=0x7b46873700 mBlastBufferQueue=0x7b5d441400 fn= 883 caller= android.view.ViewRootImpl.lambda$applyTransactionOnDraw$11$android-view-ViewRootImpl:12865 android.view.ViewRootImpl$$ExternalSyntheticLambda1.onFrameDraw:4 android.graphics.HardwareRenderer$FrameDrawingCallback.onFrameDraw:924 
10-16 17:36:01.830 15475 15475 I SurfaceView@5b4a218: Changes: creating=false format=false size=false visible=false alpha=false hint=false mUseAlpha=false visible=false left=false top=true
10-16 17:36:01.831 15475 15475 I SurfaceView@5b4a218: 95724056 Cur surface: Surface(name=null)/@0xead9ffb
10-16 17:36:01.831 15475 15475 I SurfaceView@5b4a218: applyTransactionOnVriDraw: vri = ViewRootImpl@6dcaa2e[MainActivity] fRS = false t = 0x7b46873800 android.view.SurfaceView.performSurfaceTransaction:959 android.view.SurfaceView.updateSurface:1105 android.view.SurfaceView.lambda$new$0$android-view-SurfaceView:200 
