--------- beginning of main
10-13 03:32:58.172 25840 25840 D InputTransport: Input channel destroyed: 'b32e463', fd=157
10-13 03:32:58.210 25840 25840 I ViewRootImpl@61e4548[MainActivity]: MSG_WINDOW_FOCUS_CHANGED 1 0
10-13 03:32:58.210 25840 25840 I ViewRootImpl@61e4548[MainActivity]: mThreadedRenderer.initializeIfNeeded()#2 mSurface={isValid=true 0x7b5e52c800}
10-13 03:32:58.212 25840 25840 D InputMethodManager: startInputInner - Id : 0
10-13 03:32:58.212 25840 25840 I InputMethodManager: startInputInner - mService.startInputOrWindowGainedFocus
10-13 03:32:58.847 25840 25840 I ViewRootImpl@61e4548[MainActivity]: ViewPostIme pointer 0
10-13 03:32:58.996 25840 25840 I ViewRootImpl@61e4548[MainActivity]: MSG_WINDOW_FOCUS_CHANGED 0 0
10-13 03:32:59.609 25840 25840 I ViewRootImpl@61e4548[MainActivity]: handleAppVisibility mAppVisible = true visible = false
10-13 03:32:59.629 25840 25864 D OpenGLRenderer: setSurface called with nullptr
10-13 03:32:59.630 25840 25864 D OpenGLRenderer: setSurface() destroyed EGLSurface
10-13 03:32:59.630 25840 25864 D OpenGLRenderer: destroyEglSurface
10-13 03:32:59.646 25840 25840 I ViewRootImpl@61e4548[MainActivity]: performTraversals mFirst=false windowShouldResize=false viewVisibilityChanged=true mForceNextWindowRelayout=false params=null
10-13 03:32:59.661 25840 25840 I ViewRootImpl@61e4548[MainActivity]: Relayout returned: old=(0,0,1080,2400) new=(0,0,1080,2400) req=(1080,2400)8 dur=10 res=0x2 s={false 0x0} ch=true seqId=0
10-13 03:32:59.670 25840 25840 I ViewRootImpl@61e4548[MainActivity]: stopped(true) old = false
10-13 03:32:59.670 25840 25840 I ViewRootImpl@61e4548[MainActivity]: WindowStopped on com.lagradost.cloudstream3/com.lagradost.cloudstream3.MainActivity set to true
10-13 03:32:59.710 25840 25840 I MSHandlerLifeCycle: removeMultiSplitHandler: no exist. decor=DecorView@f9fca81[MainActivity]
10-13 03:32:59.711 25840 25840 D InputTransport: Input channel destroyed: 'ClientS', fd=125
10-13 03:32:59.714 25840 25840 I ViewRootImpl@61e4548[MainActivity]: performTraversals mFirst=false windowShouldResize=false viewVisibilityChanged=false mForceNextWindowRelayout=false params={(0,0)(fillxfill) sim={state=always_hidden adjust=pan} ty=BASE_APPLICATION fmt=TRANSLUCENT wanim=0x1030309
10-13 03:32:59.714 25840 25840 I ViewRootImpl@61e4548[MainActivity]:   fl=85810100
10-13 03:32:59.714 25840 25840 I ViewRootImpl@61e4548[MainActivity]:   pfl=12020040
10-13 03:32:59.714 25840 25840 I ViewRootImpl@61e4548[MainActivity]:   vsysui=500
10-13 03:32:59.714 25840 25840 I ViewRootImpl@61e4548[MainActivity]:   bhv=DEFAULT
10-13 03:32:59.714 25840 25840 I ViewRootImpl@61e4548[MainActivity]:   fitSides= naviIconColor=0}
10-13 03:32:59.722 25840 25840 I ViewRootImpl@61e4548[MainActivity]: Relayout returned: old=(0,0,1080,2400) new=(0,0,1080,2400) req=(1080,2400)8 dur=6 res=0x2 s={false 0x0} ch=false seqId=0
10-13 03:33:00.625 25840 25840 I ViewRootImpl@61e4548[MainActivity]: handleAppVisibility mAppVisible = false visible = true
10-13 03:33:00.632 25840 25840 I ViewRootImpl@61e4548[MainActivity]: stopped(false) old = true
10-13 03:33:00.632 25840 25840 I ViewRootImpl@61e4548[MainActivity]: WindowStopped on com.lagradost.cloudstream3/com.lagradost.cloudstream3.MainActivity set to false
10-13 03:33:00.656 25840 25840 I MSHandlerLifeCycle: removeMultiSplitHandler: no exist. decor=DecorView@f9fca81[MainActivity]
10-13 03:33:00.657 25840 25840 I ViewRootImpl@61e4548[MainActivity]: stopped(false) old = false
10-13 03:33:00.663 25840 25840 I DecorView: notifyKeepScreenOnChanged: keepScreenOn=false
10-13 03:33:00.664 25840 25840 I MSHandlerLifeCycle: removeMultiSplitHandler: no exist. decor=DecorView@f9fca81[MainActivity]
10-13 03:33:00.670 25840 25840 I ViewRootImpl@61e4548[MainActivity]: performTraversals params={(0,0)(fillxfill) sim={state=always_hidden adjust=resize forwardNavigation} ty=BASE_APPLICATION fmt=TRANSLUCENT wanim=0x1030309
10-13 03:33:00.670 25840 25840 I ViewRootImpl@61e4548[MainActivity]:   fl=85810100
10-13 03:33:00.670 25840 25840 I ViewRootImpl@61e4548[MainActivity]:   pfl=12020040
10-13 03:33:00.670 25840 25840 I ViewRootImpl@61e4548[MainActivity]:   vsysui=500
10-13 03:33:00.670 25840 25840 I ViewRootImpl@61e4548[MainActivity]:   bhv=DEFAULT
10-13 03:33:00.670 25840 25840 I ViewRootImpl@61e4548[MainActivity]:   fitSides= naviIconColor=0}
10-13 03:33:00.672 25840 25840 I ViewRootImpl@61e4548[MainActivity]: performTraversals mFirst=false windowShouldResize=false viewVisibilityChanged=true mForceNextWindowRelayout=false params={(0,0)(fillxfill) sim={state=always_hidden adjust=resize forwardNavigation} ty=BASE_APPLICATION fmt=TRANSLUCENT wanim=0x1030309
10-13 03:33:00.672 25840 25840 I ViewRootImpl@61e4548[MainActivity]:   fl=85810100
10-13 03:33:00.672 25840 25840 I ViewRootImpl@61e4548[MainActivity]:   pfl=12020040
10-13 03:33:00.672 25840 25840 I ViewRootImpl@61e4548[MainActivity]:   vsysui=500
10-13 03:33:00.672 25840 25840 I ViewRootImpl@61e4548[MainActivity]:   bhv=DEFAULT
10-13 03:33:00.672 25840 25840 I ViewRootImpl@61e4548[MainActivity]:   fitSides= naviIconColor=0}
10-13 03:33:00.685 25840 25840 I ViewRootImpl@61e4548[MainActivity]: updateBlastSurfaceIfNeeded mBlastBufferQueue=null isSameSurfaceControl=false
10-13 03:33:00.686 25840 25840 I BLASTBufferQueue: new BLASTBufferQueue, mName= ViewRootImpl@61e4548[MainActivity] mNativeObject= 0x7b44800c00 sc.mNativeObject= 0x7b6cd3cb80 caller= android.view.ViewRootImpl.updateBlastSurfaceIfNeeded:2909 android.view.ViewRootImpl.relayoutWindow:9847 android.view.ViewRootImpl.performTraversals:3884 android.view.ViewRootImpl.doTraversal:3116 android.view.ViewRootImpl$TraversalRunnable.run:10885 android.view.Choreographer$CallbackRecord.run:1301 android.view.Choreographer$CallbackRecord.run:1309 android.view.Choreographer.doCallbacks:923 android.view.Choreographer.doFrame:852 android.view.Choreographer$FrameDisplayEventReceiver.run:1283 
10-13 03:33:00.686 25840 25840 I BLASTBufferQueue: update, w= 1080 h= 2400 mName = ViewRootImpl@61e4548[MainActivity] mNativeObject= 0x7b44800c00 sc.mNativeObject= 0x7b6cd3cb80 format= -3 caller= android.graphics.BLASTBufferQueue.<init>:84 android.view.ViewRootImpl.updateBlastSurfaceIfNeeded:2909 android.view.ViewRootImpl.relayoutWindow:9847 android.view.ViewRootImpl.performTraversals:3884 android.view.ViewRootImpl.doTraversal:3116 android.view.ViewRootImpl$TraversalRunnable.run:10885 
10-13 03:33:00.686 25840 25840 I ViewRootImpl@61e4548[MainActivity]: Relayout returned: old=(0,0,1080,2400) new=(0,0,1080,2400) req=(1080,2400)0 dur=11 res=0x3 s={true 0x7b5e52c800} ch=true seqId=0
10-13 03:33:00.687 25840 25840 I ViewRootImpl@61e4548[MainActivity]: mThreadedRenderer.initialize() mSurface={isValid=true 0x7b5e52c800} hwInitialized=true
10-13 03:33:00.687 25840 25864 D OpenGLRenderer: eglCreateWindowSurface
10-13 03:33:00.687 25840 25840 I ViewRootImpl@61e4548[MainActivity]: reportNextDraw android.view.ViewRootImpl.performTraversals:4438 android.view.ViewRootImpl.doTraversal:3116 android.view.ViewRootImpl$TraversalRunnable.run:10885 android.view.Choreographer$CallbackRecord.run:1301 android.view.Choreographer$CallbackRecord.run:1309 
10-13 03:33:00.688 25840 25840 I ViewRootImpl@61e4548[MainActivity]: Setup new sync id=2
10-13 03:33:00.688 25840 25840 I ViewRootImpl@61e4548[MainActivity]: Setting syncFrameCallback
10-13 03:33:00.688 25840 25840 I ViewRootImpl@61e4548[MainActivity]: registerCallbacksForSync syncBuffer=false
10-13 03:33:00.696 25840 25928 I ViewRootImpl@61e4548[MainActivity]: Received frameDrawingCallback syncResult=0 frameNum=1.
10-13 03:33:00.696 25840 25928 I ViewRootImpl@61e4548[MainActivity]: Setting up sync and frameCommitCallback
10-13 03:33:00.703 25840 25864 I BLASTBufferQueue: [ViewRootImpl@61e4548[MainActivity]#14](f:0,a:0) onFrameAvailable the first frame is available
10-13 03:33:00.703 25840 25864 I ViewRootImpl@61e4548[MainActivity]: Received frameCommittedCallback lastAttemptedDrawFrameNum=1 didProduceBuffer=true
10-13 03:33:00.704 25840 25840 I ViewRootImpl@61e4548[MainActivity]: onSyncComplete
10-13 03:33:00.704 25840 25840 I ViewRootImpl@61e4548[MainActivity]: setupSync seqId=0 mSyncId=2 fn=1 caller=android.view.ViewRootImpl$$ExternalSyntheticLambda11.accept:6 android.window.SurfaceSyncer.lambda$setupSync$1$android-window-SurfaceSyncer:128 android.window.SurfaceSyncer$$ExternalSyntheticLambda1.accept:8 android.window.SurfaceSyncer$SyncSet.checkIfSyncIsComplete:382 android.window.SurfaceSyncer$SyncSet.markSyncReady:359 android.window.SurfaceSyncer.markSyncReady:151 android.view.ViewRootImpl.performTraversals:4503 
10-13 03:33:00.704 25840 25840 I ViewRootImpl@61e4548[MainActivity]: reportDrawFinished seqId=0 mSyncId=-1 fn=1 mSurfaceChangedTransaction=0x7b44769100
10-13 03:33:00.726 25840 25840 I ViewRootImpl@61e4548[MainActivity]: MSG_WINDOW_FOCUS_CHANGED 1 0
10-13 03:33:00.726 25840 25840 I ViewRootImpl@61e4548[MainActivity]: mThreadedRenderer.initializeIfNeeded()#2 mSurface={isValid=true 0x7b5e52c800}
10-13 03:33:00.727 25840 25840 D InputMethodManager: startInputInner - Id : 0
10-13 03:33:00.727 25840 25840 I InputMethodManager: startInputInner - mService.startInputOrWindowGainedFocus
10-13 03:33:02.433 25840 25840 I ViewRootImpl@61e4548[MainActivity]: ViewPostIme pointer 0
10-13 03:33:02.474 25840 25840 I ViewRootImpl@61e4548[MainActivity]: ViewPostIme pointer 1
10-13 03:33:02.493 25840 25840 I COMPACT : showToast = Starting plugin update process!
10-13 03:33:02.502 25840 25895 I PluginManager: Loading plugin: PluginData(internalName=EgyDead, url=https://raw.githubusercontent.com/adamwolker21/DZ/builds/EgyDead.cs3, isOnline=true, filePath=/data/user/0/com.lagradost.cloudstream3/files/Extensions/httpsraw.githubusercontent.comadamwolker21DZrefsheadsmasterrepo.json.-468825824/EgyDead.-124080901.cs3, version=1)
10-13 03:33:02.503 25840 25840 E Toast   : setGravity() shouldn't be called on text toasts, the values won't be used
10-13 03:33:02.503 25840 25840 I Toast   : setView: it's a custom toast
10-13 03:33:02.514 25840 25840 V Toast   : show: caller = com.lagradost.cloudstream3.CommonActivity.showToast:175 
10-13 03:33:02.524 25840 25895 I PluginManager: Plugin with name EgyDead already exists
10-13 03:33:02.529 25840 25840 V Toast   : HANDLE SHOW: android.widget.Toast$TN@87790a3 mView=null mNextView=androidx.cardview.widget.CardView{a0c6fa0 V.E..V... ......ID 0,0-0,0 #7f0a0557 app:id/toast_layout_root}
10-13 03:33:02.531 25840 25840 V ToastPresenter: sipHeight = -39
10-13 03:33:02.533 25840 25840 V ToastPresenter: yOffset = 13
10-13 03:33:02.537 25840 25864 D NativeCustomFrequencyManager: [NativeCFMS] BpCustomFrequencyManager::BpCustomFrequencyManager()
10-13 03:33:02.552 25840 25840 D InsetsController: onStateChanged: InsetsState: {mDisplayFrame=Rect(0, 0 - 1080, 2400), mDisplayCutout=DisplayCutout{insets=Rect(0, 88 - 0, 0) waterfall=Insets{left=0, top=0, right=0, bottom=0} boundingRect={Bounds=[Rect(0, 0 - 0, 0), Rect(512, 0 - 568, 88), Rect(0, 0 - 0, 0), Rect(0, 0 - 0, 0)]} cutoutPathParserInfo={CutoutPathParserInfo{displayWidth=1080 displayHeight=2400 physicalDisplayWidth=1080 physicalDisplayHeight=2400 density={2.625} cutoutSpec={M 0,0 M 0,12.25101276465640 a 10.60613009248640,10.60613009248640 0 1,0 0,21.21226018497290 a 10.60613009248640,10.60613009248640 0 1,0 0,-21.21226018497290 Z @dp} rotation={0} scale={1.0} physicalPixelDisplaySizeRatio={1.0}}}}, mRoundedCorners=RoundedCorners{[RoundedCorner{position=TopLeft, radius=84, center=Point(84, 84)}, RoundedCorner{position=TopRight, radius=84, center=Point(996, 84)}, RoundedCorner{position=BottomRight, radius=84, center=Point(996, 2316)}, RoundedCorner{position=BottomLeft, radius=84, center=Point(84, 2316)}]}  mRoundedCornerFrame=Rect(0, 0 - 0, 0), mPrivacyIndicatorBounds=PrivacyIndicatorBounds {static bounds=Rect(964, 0 - 1080, 87) rotation=0}, mSources= { InsetsSource: {mType=ITYPE_NAVIGATION_BAR, mFrame=[0,2361][1080,2400], mVisible=true, mInsetsRoundedCornerFrame=false}, InsetsSource: {mType=ITYPE_LEFT_GESTURES, mFrame=[0,0][130,2400], mVisible=true, mInsetsRoundedCornerFrame=false}, InsetsSource: {mType=ITYPE_RIGHT_GESTURES, mFrame=[950,0][1080,2400], mVisible=true, mInsetsRoundedCornerFrame=false}, InsetsSource: {mType=ITYPE_TOP_MANDATORY_GESTURES, mFrame=[0,0][1080,120], mVisible=true, mInsetsRoundedCornerFrame=false}, InsetsSource: {mType=ITYPE_BOTTOM_MANDATORY_GESTURES, mFrame=[0,2316][1080,2400], mVisible=true, mInsetsRoundedCornerFrame=false}, InsetsSource: {mType=ITYPE_LEFT_DISPLAY_CUTOUT, mFrame=[0,0][-100000,2400], mVisible=true, mInsetsRoundedCornerFrame=false}, InsetsSource: {mType=ITYPE_TOP_DISPLAY_CUTOUT, mFrame=[0,0][1080,88], mVisible=true, mInsetsRoundedCornerFrame=false}, InsetsSource: {mType=ITYPE_RIGHT_DISPLAY_CUTOUT, mFrame=[100000,0][1080,2400], mVisible=true, mInsetsRoundedCornerFrame=false}, InsetsSource: {mType=ITYPE_BOTTOM_DISPLAY_CUTOUT, mFrame=[0,100000][1080,2400], mVisible=true, mInsetsRoundedCornerFrame=false}, InsetsSource: {mType=ITYPE_BOTTOM_TAPPABLE_ELEMENT, mFrame=[0,0][0,0], mVisible=true, mInsetsRoundedCornerFrame=false} } host=Toast from=android.view.ViewRootImpl.setView:1732
10-13 03:33:02.555 25840 25840 I ViewRootImpl@15c1f1e[Toast]: setView = androidx.cardview.widget.CardView@a0c6fa0 TM=true
10-13 03:33:02.567 25840 25840 I ViewRootImpl@15c1f1e[Toast]: performTraversals params={(0,13)(wrapxwrap) gr=BOTTOM CENTER sim={adjust=resize} ty=TOAST fmt=TRANSLUCENT wanim=0x1030004 surfaceInsets=Rect(11, 11 - 11, 11)
10-13 03:33:02.567 25840 25840 I ViewRootImpl@15c1f1e[Toast]:   fl=1000098
10-13 03:33:02.567 25840 25840 I ViewRootImpl@15c1f1e[Toast]:   pfl=12000000
10-13 03:33:02.567 25840 25840 I ViewRootImpl@15c1f1e[Toast]:   bhv=DEFAULT
10-13 03:33:02.567 25840 25840 I ViewRootImpl@15c1f1e[Toast]:   fitTypes=STATUS_BARS NAVIGATION_BARS CAPTION_BAR
10-13 03:33:02.567 25840 25840 I ViewRootImpl@15c1f1e[Toast]:   fitIgnoreVis naviIconColor=0}
10-13 03:33:02.568 25840 25840 I ViewRootImpl@15c1f1e[Toast]: performTraversals mFirst=true windowShouldResize=false viewVisibilityChanged=false mForceNextWindowRelayout=false params={(0,13)(wrapxwrap) gr=BOTTOM CENTER sim={adjust=resize} ty=TOAST fmt=TRANSLUCENT wanim=0x1030004 surfaceInsets=Rect(11, 11 - 11, 11)
10-13 03:33:02.568 25840 25840 I ViewRootImpl@15c1f1e[Toast]:   fl=1000098
10-13 03:33:02.568 25840 25840 I ViewRootImpl@15c1f1e[Toast]:   pfl=12000000
10-13 03:33:02.568 25840 25840 I ViewRootImpl@15c1f1e[Toast]:   bhv=DEFAULT
10-13 03:33:02.568 25840 25840 I ViewRootImpl@15c1f1e[Toast]:   fitTypes=STATUS_BARS NAVIGATION_BARS CAPTION_BAR
10-13 03:33:02.568 25840 25840 I ViewRootImpl@15c1f1e[Toast]:   fitIgnoreVis naviIconColor=0}
10-13 03:33:02.585 25840 25840 I ViewRootImpl@15c1f1e[Toast]: updateBlastSurfaceIfNeeded mBlastBufferQueue=null isSameSurfaceControl=false
10-13 03:33:02.587 25840 25840 I BLASTBufferQueue: new BLASTBufferQueue, mName= ViewRootImpl@15c1f1e[Toast] mNativeObject= 0x7b5e4b4900 sc.mNativeObject= 0x7b5e42a080 caller= android.view.ViewRootImpl.updateBlastSurfaceIfNeeded:2909 android.view.ViewRootImpl.relayoutWindow:9847 android.view.ViewRootImpl.performTraversals:3884 android.view.ViewRootImpl.doTraversal:3116 android.view.ViewRootImpl$TraversalRunnable.run:10885 android.view.Choreographer$CallbackRecord.run:1301 android.view.Choreographer$CallbackRecord.run:1309 android.view.Choreographer.doCallbacks:923 android.view.Choreographer.doFrame:852 android.view.Choreographer$FrameDisplayEventReceiver.run:1283 
10-13 03:33:02.587 25840 25840 I BLASTBufferQueue: update, w= 667 h= 178 mName = ViewRootImpl@15c1f1e[Toast] mNativeObject= 0x7b5e4b4900 sc.mNativeObject= 0x7b5e42a080 format= -3 caller= android.graphics.BLASTBufferQueue.<init>:84 android.view.ViewRootImpl.updateBlastSurfaceIfNeeded:2909 android.view.ViewRootImpl.relayoutWindow:9847 android.view.ViewRootImpl.performTraversals:3884 android.view.ViewRootImpl.doTraversal:3116 android.view.ViewRootImpl$TraversalRunnable.run:10885 
10-13 03:33:02.588 25840 25840 I ViewRootImpl@15c1f1e[Toast]: Relayout returned: old=(0,88,1080,2361) new=(217,2192,862,2348) req=(645,156)0 dur=17 res=0x3 s={true 0x7b6cb1d000} ch=true seqId=0
10-13 03:33:02.592 25840 25840 I ViewRootImpl@15c1f1e[Toast]: mThreadedRenderer.initialize() mSurface={isValid=true 0x7b6cb1d000} hwInitialized=true
10-13 03:33:02.594 25840 25840 I ViewRootImpl@15c1f1e[Toast]: reportNextDraw android.view.ViewRootImpl.performTraversals:4438 android.view.ViewRootImpl.doTraversal:3116 android.view.ViewRootImpl$TraversalRunnable.run:10885 android.view.Choreographer$CallbackRecord.run:1301 android.view.Choreographer$CallbackRecord.run:1309 
10-13 03:33:02.594 25840 25840 I ViewRootImpl@15c1f1e[Toast]: Setup new sync id=0
10-13 03:33:02.594 25840 25840 I ViewRootImpl@15c1f1e[Toast]: Setting syncFrameCallback
10-13 03:33:02.594 25840 25840 I ViewRootImpl@15c1f1e[Toast]: registerCallbacksForSync syncBuffer=false
10-13 03:33:02.597 25840 25864 D OpenGLRenderer: eglCreateWindowSurface
10-13 03:33:02.599 25840 25929 I ViewRootImpl@15c1f1e[Toast]: Received frameDrawingCallback syncResult=0 frameNum=1.
10-13 03:33:02.599 25840 25929 I ViewRootImpl@15c1f1e[Toast]: Setting up sync and frameCommitCallback
10-13 03:33:02.608 25840 25864 I BLASTBufferQueue: [ViewRootImpl@15c1f1e[Toast]#15](f:0,a:0) onFrameAvailable the first frame is available
10-13 03:33:02.609 25840 25864 I ViewRootImpl@15c1f1e[Toast]: Received frameCommittedCallback lastAttemptedDrawFrameNum=1 didProduceBuffer=true
10-13 03:33:02.611 25840 25864 D OpenGLRenderer: CFMS:: SetUp Pid : 25840    Tid : 25864
10-13 03:33:02.614 25840 25840 I ViewRootImpl@15c1f1e[Toast]: onSyncComplete
10-13 03:33:02.615 25840 25840 I ViewRootImpl@15c1f1e[Toast]: setupSync seqId=0 mSyncId=0 fn=1 caller=android.view.ViewRootImpl$$ExternalSyntheticLambda11.accept:6 android.window.SurfaceSyncer.lambda$setupSync$1$android-window-SurfaceSyncer:128 android.window.SurfaceSyncer$$ExternalSyntheticLambda1.accept:8 android.window.SurfaceSyncer$SyncSet.checkIfSyncIsComplete:382 android.window.SurfaceSyncer$SyncSet.markSyncReady:359 android.window.SurfaceSyncer.markSyncReady:151 android.view.ViewRootImpl.performTraversals:4503 
10-13 03:33:02.616 25840 25840 I ViewRootImpl@15c1f1e[Toast]: reportDrawFinished seqId=0 mSyncId=-1 fn=1 mSurfaceChangedTransaction=0x7bed828300
10-13 03:33:03.134 25840 25890 D PluginManager: Downloading plugin: https://raw.githubusercontent.com/adamwolker21/DZ/builds/EgyDead.cs3 to /data/user/0/com.lagradost.cloudstream3/files/Extensions/httpsraw.githubusercontent.comadamwolker21DZrefsheadsmasterrepo.json.-468825824/EgyDead.-124080901.cs3
10-13 03:33:03.374 25840 25890 I PluginManager: Unloading plugin: /data/user/0/com.lagradost.cloudstream3/files/Extensions/httpsraw.githubusercontent.comadamwolker21DZrefsheadsmasterrepo.json.-468825824/EgyDead.-124080901.cs3
10-13 03:33:03.378 25840 25890 I PluginManager: Loading plugin: PluginData(internalName=EgyDead, url=https://raw.githubusercontent.com/adamwolker21/DZ/builds/EgyDead.cs3, isOnline=true, filePath=/data/user/0/com.lagradost.cloudstream3/files/Extensions/httpsraw.githubusercontent.comadamwolker21DZrefsheadsmasterrepo.json.-468825824/EgyDead.-124080901.cs3, version=-2147483648)
10-13 03:33:03.397 25840 25890 I PluginInstance: Adding EgyDead (https://tv6.egydead.live) MainAPI
10-13 03:33:03.398 25840 25890 I PluginManager: Loaded plugin EgyDead successfully
10-13 03:33:03.401 25840 25840 I COMPACT : showToast = Successfully updated 1 plugin(s)!
10-13 03:33:03.403 25840 25890 I PluginManager: Plugin update done!
10-13 03:33:03.407 25840 25840 E Toast   : setGravity() shouldn't be called on text toasts, the values won't be used
10-13 03:33:03.407 25840 25840 I Toast   : setView: it's a custom toast
10-13 03:33:03.411 25840 25840 V Toast   : show: caller = com.lagradost.cloudstream3.CommonActivity.showToast:175 
10-13 03:33:03.442 25840 25864 D OpenGLRenderer: setSurface called with nullptr
10-13 03:33:03.442 25840 25864 D OpenGLRenderer: setSurface() destroyed EGLSurface
10-13 03:33:03.443 25840 25864 D OpenGLRenderer: destroyEglSurface
10-13 03:33:03.445 25840 25840 I ViewRootImpl@15c1f1e[Toast]: dispatchDetachedFromWindow
10-13 03:33:03.459 25840 25840 D InputTransport: Input channel destroyed: '6533e3 ', fd=170
10-13 03:33:03.479 25840 25840 V Toast   : HANDLE SHOW: android.widget.Toast$TN@1c7d371 mView=null mNextView=androidx.cardview.widget.CardView{ee7a556 V.E..V... ......ID 0,0-0,0 #7f0a0557 app:id/toast_layout_root}
10-13 03:33:03.481 25840 25840 V ToastPresenter: sipHeight = -39
10-13 03:33:03.482 25840 25840 V ToastPresenter: yOffset = 13
10-13 03:33:03.486 25840 25864 D NativeCustomFrequencyManager: [NativeCFMS] BpCustomFrequencyManager::BpCustomFrequencyManager()
10-13 03:33:03.500 25840 25840 D InsetsController: onStateChanged: InsetsState: {mDisplayFrame=Rect(0, 0 - 1080, 2400), mDisplayCutout=DisplayCutout{insets=Rect(0, 88 - 0, 0) waterfall=Insets{left=0, top=0, right=0, bottom=0} boundingRect={Bounds=[Rect(0, 0 - 0, 0), Rect(512, 0 - 568, 88), Rect(0, 0 - 0, 0), Rect(0, 0 - 0, 0)]} cutoutPathParserInfo={CutoutPathParserInfo{displayWidth=1080 displayHeight=2400 physicalDisplayWidth=1080 physicalDisplayHeight=2400 density={2.625} cutoutSpec={M 0,0 M 0,12.25101276465640 a 10.60613009248640,10.60613009248640 0 1,0 0,21.21226018497290 a 10.60613009248640,10.60613009248640 0 1,0 0,-21.21226018497290 Z @dp} rotation={0} scale={1.0} physicalPixelDisplaySizeRatio={1.0}}}}, mRoundedCorners=RoundedCorners{[RoundedCorner{position=TopLeft, radius=84, center=Point(84, 84)}, RoundedCorner{position=TopRight, radius=84, center=Point(996, 84)}, RoundedCorner{position=BottomRight, radius=84, center=Point(996, 2316)}, RoundedCorner{position=BottomLeft, radius=84, center=Point(84, 2316)}]}  mRoundedCornerFrame=Rect(0, 0 - 0, 0), mPrivacyIndicatorBounds=PrivacyIndicatorBounds {static bounds=Rect(964, 0 - 1080, 87) rotation=0}, mSources= { InsetsSource: {mType=ITYPE_NAVIGATION_BAR, mFrame=[0,2361][1080,2400], mVisible=true, mInsetsRoundedCornerFrame=false}, InsetsSource: {mType=ITYPE_LEFT_GESTURES, mFrame=[0,0][130,2400], mVisible=true, mInsetsRoundedCornerFrame=false}, InsetsSource: {mType=ITYPE_RIGHT_GESTURES, mFrame=[950,0][1080,2400], mVisible=true, mInsetsRoundedCornerFrame=false}, InsetsSource: {mType=ITYPE_TOP_MANDATORY_GESTURES, mFrame=[0,0][1080,120], mVisible=true, mInsetsRoundedCornerFrame=false}, InsetsSource: {mType=ITYPE_BOTTOM_MANDATORY_GESTURES, mFrame=[0,2316][1080,2400], mVisible=true, mInsetsRoundedCornerFrame=false}, InsetsSource: {mType=ITYPE_LEFT_DISPLAY_CUTOUT, mFrame=[0,0][-100000,2400], mVisible=true, mInsetsRoundedCornerFrame=false}, InsetsSource: {mType=ITYPE_TOP_DISPLAY_CUTOUT, mFrame=[0,0][1080,88], mVisible=true, mInsetsRoundedCornerFrame=false}, InsetsSource: {mType=ITYPE_RIGHT_DISPLAY_CUTOUT, mFrame=[100000,0][1080,2400], mVisible=true, mInsetsRoundedCornerFrame=false}, InsetsSource: {mType=ITYPE_BOTTOM_DISPLAY_CUTOUT, mFrame=[0,100000][1080,2400], mVisible=true, mInsetsRoundedCornerFrame=false}, InsetsSource: {mType=ITYPE_BOTTOM_TAPPABLE_ELEMENT, mFrame=[0,0][0,0], mVisible=true, mInsetsRoundedCornerFrame=false} } host=Toast from=android.view.ViewRootImpl.setView:1732
10-13 03:33:03.501 25840 25840 I ViewRootImpl@385c9d7[Toast]: setView = androidx.cardview.widget.CardView@ee7a556 TM=true
10-13 03:33:03.513 25840 25840 I ViewRootImpl@385c9d7[Toast]: performTraversals params={(0,13)(wrapxwrap) gr=BOTTOM CENTER sim={adjust=resize} ty=TOAST fmt=TRANSLUCENT wanim=0x1030004 surfaceInsets=Rect(11, 11 - 11, 11)
10-13 03:33:03.513 25840 25840 I ViewRootImpl@385c9d7[Toast]:   fl=1000098
10-13 03:33:03.513 25840 25840 I ViewRootImpl@385c9d7[Toast]:   pfl=12000000
10-13 03:33:03.513 25840 25840 I ViewRootImpl@385c9d7[Toast]:   bhv=DEFAULT
10-13 03:33:03.513 25840 25840 I ViewRootImpl@385c9d7[Toast]:   fitTypes=STATUS_BARS NAVIGATION_BARS CAPTION_BAR
10-13 03:33:03.513 25840 25840 I ViewRootImpl@385c9d7[Toast]:   fitIgnoreVis naviIconColor=0}
10-13 03:33:03.515 25840 25840 I ViewRootImpl@385c9d7[Toast]: performTraversals mFirst=true windowShouldResize=false viewVisibilityChanged=false mForceNextWindowRelayout=false params={(0,13)(wrapxwrap) gr=BOTTOM CENTER sim={adjust=resize} ty=TOAST fmt=TRANSLUCENT wanim=0x1030004 surfaceInsets=Rect(11, 11 - 11, 11)
10-13 03:33:03.515 25840 25840 I ViewRootImpl@385c9d7[Toast]:   fl=1000098
10-13 03:33:03.515 25840 25840 I ViewRootImpl@385c9d7[Toast]:   pfl=12000000
10-13 03:33:03.515 25840 25840 I ViewRootImpl@385c9d7[Toast]:   bhv=DEFAULT
10-13 03:33:03.515 25840 25840 I ViewRootImpl@385c9d7[Toast]:   fitTypes=STATUS_BARS NAVIGATION_BARS CAPTION_BAR
10-13 03:33:03.515 25840 25840 I ViewRootImpl@385c9d7[Toast]:   fitIgnoreVis naviIconColor=0}
10-13 03:33:03.531 25840 25840 I ViewRootImpl@385c9d7[Toast]: updateBlastSurfaceIfNeeded mBlastBufferQueue=null isSameSurfaceControl=false
10-13 03:33:03.532 25840 25840 I BLASTBufferQueue: new BLASTBufferQueue, mName= ViewRootImpl@385c9d7[Toast] mNativeObject= 0x7b5e4b5800 sc.mNativeObject= 0x7bdd3005a0 caller= android.view.ViewRootImpl.updateBlastSurfaceIfNeeded:2909 android.view.ViewRootImpl.relayoutWindow:9847 android.view.ViewRootImpl.performTraversals:3884 android.view.ViewRootImpl.doTraversal:3116 android.view.ViewRootImpl$TraversalRunnable.run:10885 android.view.Choreographer$CallbackRecord.run:1301 android.view.Choreographer$CallbackRecord.run:1309 android.view.Choreographer.doCallbacks:923 android.view.Choreographer.doFrame:852 android.view.Choreographer$FrameDisplayEventReceiver.run:1283 
10-13 03:33:03.533 25840 25840 I BLASTBufferQueue: update, w= 690 h= 178 mName = ViewRootImpl@385c9d7[Toast] mNativeObject= 0x7b5e4b5800 sc.mNativeObject= 0x7bdd3005a0 format= -3 caller= android.graphics.BLASTBufferQueue.<init>:84 android.view.ViewRootImpl.updateBlastSurfaceIfNeeded:2909 android.view.ViewRootImpl.relayoutWindow:9847 android.view.ViewRootImpl.performTraversals:3884 android.view.ViewRootImpl.doTraversal:3116 android.view.ViewRootImpl$TraversalRunnable.run:10885 
10-13 03:33:03.534 25840 25840 I ViewRootImpl@385c9d7[Toast]: Relayout returned: old=(0,88,1080,2361) new=(206,2192,874,2348) req=(668,156)0 dur=15 res=0x3 s={true 0x7b6cb1d000} ch=true seqId=0
10-13 03:33:03.536 25840 25840 I ViewRootImpl@385c9d7[Toast]: mThreadedRenderer.initialize() mSurface={isValid=true 0x7b6cb1d000} hwInitialized=true
10-13 03:33:03.537 25840 25864 D OpenGLRenderer: eglCreateWindowSurface
10-13 03:33:03.539 25840 25840 I ViewRootImpl@385c9d7[Toast]: reportNextDraw android.view.ViewRootImpl.performTraversals:4438 android.view.ViewRootImpl.doTraversal:3116 android.view.ViewRootImpl$TraversalRunnable.run:10885 android.view.Choreographer$CallbackRecord.run:1301 android.view.Choreographer$CallbackRecord.run:1309 
10-13 03:33:03.540 25840 25840 I ViewRootImpl@385c9d7[Toast]: Setup new sync id=0
10-13 03:33:03.540 25840 25840 I ViewRootImpl@385c9d7[Toast]: Setting syncFrameCallback
10-13 03:33:03.540 25840 25840 I ViewRootImpl@385c9d7[Toast]: registerCallbacksForSync syncBuffer=false
10-13 03:33:03.543 25840 25928 I ViewRootImpl@385c9d7[Toast]: Received frameDrawingCallback syncResult=0 frameNum=1.
10-13 03:33:03.543 25840 25928 I ViewRootImpl@385c9d7[Toast]: Setting up sync and frameCommitCallback
10-13 03:33:03.546 25840 25864 I BLASTBufferQueue: [ViewRootImpl@385c9d7[Toast]#16](f:0,a:0) onFrameAvailable the first frame is available
10-13 03:33:03.548 25840 25864 I ViewRootImpl@385c9d7[Toast]: Received frameCommittedCallback lastAttemptedDrawFrameNum=1 didProduceBuffer=true
10-13 03:33:03.549 25840 25864 D OpenGLRenderer: CFMS:: SetUp Pid : 25840    Tid : 25864
10-13 03:33:03.554 25840 25840 I ViewRootImpl@385c9d7[Toast]: onSyncComplete
10-13 03:33:03.555 25840 25840 I ViewRootImpl@385c9d7[Toast]: setupSync seqId=0 mSyncId=0 fn=1 caller=android.view.ViewRootImpl$$ExternalSyntheticLambda11.accept:6 android.window.SurfaceSyncer.lambda$setupSync$1$android-window-SurfaceSyncer:128 android.window.SurfaceSyncer$$ExternalSyntheticLambda1.accept:8 android.window.SurfaceSyncer$SyncSet.checkIfSyncIsComplete:382 android.window.SurfaceSyncer$SyncSet.markSyncReady:359 android.window.SurfaceSyncer.markSyncReady:151 android.view.ViewRootImpl.performTraversals:4503 
10-13 03:33:03.555 25840 25840 I ViewRootImpl@385c9d7[Toast]: reportDrawFinished seqId=0 mSyncId=-1 fn=1 mSurfaceChangedTransaction=0x7bed829700
10-13 03:33:04.038 25840 25840 I ViewRootImpl@61e4548[MainActivity]: ViewPostIme pointer 0
10-13 03:33:04.225 25840 25840 I ViewRootImpl@61e4548[MainActivity]: MSG_WINDOW_FOCUS_CHANGED 0 0
10-13 03:33:04.849 25840 25840 I ViewRootImpl@61e4548[MainActivity]: handleAppVisibility mAppVisible = true visible = false
10-13 03:33:04.856 25840 25864 D OpenGLRenderer: setSurface called with nullptr
10-13 03:33:04.856 25840 25864 D OpenGLRenderer: setSurface() destroyed EGLSurface
10-13 03:33:04.856 25840 25864 D OpenGLRenderer: destroyEglSurface
10-13 03:33:04.858 25840 25840 I ViewRootImpl@61e4548[MainActivity]: performTraversals mFirst=false windowShouldResize=false viewVisibilityChanged=true mForceNextWindowRelayout=false params=null
10-13 03:33:04.867 25840 25840 I ViewRootImpl@61e4548[MainActivity]: Relayout returned: old=(0,0,1080,2400) new=(0,0,1080,2400) req=(1080,2400)8 dur=8 res=0x2 s={false 0x0} ch=true seqId=0
10-13 03:33:04.888 25840 25840 D InputTransport: Input channel destroyed: 'ClientS', fd=120
10-13 03:33:04.898 25840 25840 I ViewRootImpl@61e4548[MainActivity]: stopped(true) old = false
10-13 03:33:04.898 25840 25840 I ViewRootImpl@61e4548[MainActivity]: WindowStopped on com.lagradost.cloudstream3/com.lagradost.cloudstream3.MainActivity set to true
10-13 03:33:04.923 25840 25840 I MSHandlerLifeCycle: removeMultiSplitHandler: no exist. decor=DecorView@f9fca81[MainActivity]
10-13 03:33:04.936 25840 25840 I ViewRootImpl@61e4548[MainActivity]: performTraversals mFirst=false windowShouldResize=false viewVisibilityChanged=false mForceNextWindowRelayout=false params={(0,0)(fillxfill) sim={state=always_hidden adjust=pan} ty=BASE_APPLICATION fmt=TRANSLUCENT wanim=0x1030309
10-13 03:33:04.936 25840 25840 I ViewRootImpl@61e4548[MainActivity]:   fl=85810100
10-13 03:33:04.936 25840 25840 I ViewRootImpl@61e4548[MainActivity]:   pfl=12020040
10-13 03:33:04.936 25840 25840 I ViewRootImpl@61e4548[MainActivity]:   vsysui=500
10-13 03:33:04.936 25840 25840 I ViewRootImpl@61e4548[MainActivity]:   bhv=DEFAULT
10-13 03:33:04.936 25840 25840 I ViewRootImpl@61e4548[MainActivity]:   fitSides= naviIconColor=0}
10-13 03:33:04.945 25840 25840 I ViewRootImpl@61e4548[MainActivity]: Relayout returned: old=(0,0,1080,2400) new=(0,0,1080,2400) req=(1080,2400)8 dur=9 res=0x2 s={false 0x0} ch=false seqId=0
10-13 03:33:06.013 25840 25840 D MAINACT : Deleted temporary file: /data/user/0/com.lagradost.cloudstream3/cache/exoplayer
10-13 03:33:06.670 25840 25840 I MSHandlerLifeCycle: removeMultiSplitHandler: no exist. decor=DecorView@f9fca81[MainActivity]
10-13 03:33:06.670 25840 25864 D OpenGLRenderer: setSurface called with nullptr
10-13 03:33:06.670 25840 25840 I ViewRootImpl@61e4548[MainActivity]: dispatchDetachedFromWindow
10-13 03:33:06.675 25840 25840 D InputTransport: Input channel destroyed: '72435a9', fd=128
10-13 03:33:06.980 25840 25864 D OpenGLRenderer: setSurface called with nullptr
10-13 03:33:06.981 25840 25864 D OpenGLRenderer: setSurface() destroyed EGLSurface
10-13 03:33:06.981 25840 25864 D OpenGLRenderer: destroyEglSurface
10-13 03:33:06.982 25840 25840 I ViewRootImpl@385c9d7[Toast]: dispatchDetachedFromWindow
10-13 03:33:10.268 28754 28754 I st.cloudstream3: Using CollectorTypeCC GC.
10-13 03:33:10.292 28754 28754 D nativeloader: Load libframework-connectivity-tiramisu-jni.so using APEX ns com_android_tethering for caller /apex/com.android.tethering/javalib/framework-connectivity-t.jar: ok
10-13 03:33:10.297 28754 28754 D ActivityThread: setConscryptValidator
10-13 03:33:10.298 28754 28754 D ActivityThread: setConscryptValidator - put
10-13 03:33:10.341 28754 28754 D CompatibilityChangeReporter: Compat change id reported: 171979766; UID 10523; state: ENABLED
10-13 03:33:10.384 28754 28754 D nativeloader: Configuring clns-4 for other apk /data/app/~~X_Ckha-AUADMdm5I5WWHYg==/com.lagradost.cloudstream3-gV0Clum_p4x0OvCWiSyt1A==/base.apk. target_sdk_version=35, uses_libraries=, library_path=/data/app/~~X_Ckha-AUADMdm5I5WWHYg==/com.lagradost.cloudstream3-gV0Clum_p4x0OvCWiSyt1A==/lib/arm64:/data/app/~~X_Ckha-AUADMdm5I5WWHYg==/com.lagradost.cloudstream3-gV0Clum_p4x0OvCWiSyt1A==/base.apk!/lib/arm64-v8a, permitted_path=/data:/mnt/expand:/data/user/0/com.lagradost.cloudstream3
10-13 03:33:10.394 28754 28754 D nativeloader: Load libframework-connectivity-jni.so using APEX ns com_android_tethering for caller /apex/com.android.tethering/javalib/framework-connectivity.jar: ok
10-13 03:33:10.401 28754 28754 V GraphicsEnvironment: ANGLE Developer option for 'com.lagradost.cloudstream3' set to: 'default'
10-13 03:33:10.402 28754 28754 V GraphicsEnvironment: ANGLE GameManagerService for com.lagradost.cloudstream3: false
10-13 03:33:10.402 28754 28754 V GraphicsEnvironment: Neither updatable production driver nor prerelease driver is supported.
10-13 03:33:10.407 28754 28754 D NetworkSecurityConfig: No Network Security Config specified, using platform default
10-13 03:33:10.410 28754 28754 D NetworkSecurityConfig: No Network Security Config specified, using platform default
10-13 03:33:10.422 28754 28754 I ACRA    : ACRA is enabled for com.lagradost.cloudstream3, initializing...
10-13 03:33:10.474 28754 28754 D WM-WrkMgrInitializer: Initializing WorkManager with default configuration.
10-13 03:33:10.479 28754 28754 D WM-PackageManagerHelper: Skipping component enablement for androidx.work.impl.background.systemjob.SystemJobService
10-13 03:33:10.479 28754 28754 D WM-Schedulers: Created SystemJobScheduler and enabled SystemJobService
10-13 03:33:10.481 28754 28775 D WM-ForceStopRunnable: The default process name was not specified.
10-13 03:33:10.482 28754 28775 D WM-ForceStopRunnable: Performing cleanup operations.
10-13 03:33:10.500 28754 28776 D OpenGLRenderer: RenderThread::requireGlContext()
10-13 03:33:10.514 28754 28775 D CompatibilityChangeReporter: Compat change id reported: 160794467; UID 10523; state: ENABLED
10-13 03:33:10.521 28754 28775 D WM-ForceStopRunnable: Application was force-stopped, rescheduling.
10-13 03:33:10.524 28754 28776 D OpenGLRenderer: RenderThread::setGrContext()
10-13 03:33:10.550 28754 28791 D WM-PackageManagerHelper: Skipping component enablement for androidx.work.impl.background.systemalarm.RescheduleReceiver
10-13 03:33:10.709 28754 28754 I NavComponent: Navigating to Activity: MainActivity
10-13 03:33:10.726 28754 28754 I DecorView: [INFO] isPopOver=false config=true
10-13 03:33:10.726 28754 28754 I DecorView: updateCaptionType: isFloating=false isApplication=true hasWindowDecorCaption=false this=DecorView@ac8bd5c[]
10-13 03:33:10.726 28754 28754 D DecorView: setCaptionType = 0, this = DecorView@ac8bd5c[]
10-13 03:33:10.728 28754 28754 I DecorView: getCurrentDensityDpi: from real metrics. densityDpi=420 msg=resources_loaded
10-13 03:33:10.728 28754 28754 I DecorView: setWindowBackground: isPopOver=false color=ff000000 d=android.graphics.drawable.ColorDrawable@e53193a
10-13 03:33:10.745 28754 28754 D AppCompatDelegate: Checking for metadata for AppLocalesMetadataHolderService : Service not found
10-13 03:33:10.756 28754 28754 D nativeloader: Load /data/app/~~X_Ckha-AUADMdm5I5WWHYg==/com.lagradost.cloudstream3-gV0Clum_p4x0OvCWiSyt1A==/lib/arm64/libconscrypt_jni.so using class loader ns clns-4 (caller=/data/app/~~X_Ckha-AUADMdm5I5WWHYg==/com.lagradost.cloudstream3-gV0Clum_p4x0OvCWiSyt1A==/base.apk!classes6.dex): ok
10-13 03:33:10.757 28754 28754 V NativeCrypto: Registering org/conscrypt/NativeCrypto's 288 native methods...
10-13 03:33:10.787 28754 28754 W st.cloudstream3: ClassLoaderContext classpath size mismatch. expected=1, found=0 (DLC[];PCL[base.apk*208585056]{PCL[/system/framework/org.apache.http.legacy.jar*3951777099]#PCL[/system/framework/com.android.media.remotedisplay.jar*3743104114]#PCL[/system/framework/com.android.location.provider.jar*3175360614]#PCL[/system_ext/framework/org.carconnectivity.android.digitalkey.timesync.jar*1887653037]#PCL[/system/framework/org.apache.http.legacy.jar*3951777099]} | DLC[];PCL[])
10-13 03:33:10.790 28754 28754 I DynamiteModule: Considering local module com.google.android.gms.cast.framework.dynamite:0 and remote module com.google.android.gms.cast.framework.dynamite:253931000
10-13 03:33:10.790 28754 28754 I DynamiteModule: Selected remote version of com.google.android.gms.cast.framework.dynamite, version >= 253931000
10-13 03:33:10.790 28754 28754 V DynamiteModule: Dynamite loader version >= 2, using loadModule2NoCrashUtils
10-13 03:33:10.798 28754 28754 W System  : ClassLoader referenced unknown path: 
10-13 03:33:10.798 28754 28754 D nativeloader: Configuring clns-5 for other apk . target_sdk_version=36, uses_libraries=, library_path=/data/app/~~njuf49usrsqTAMWRgIFKoQ==/com.google.android.gms-noUdtixqsBc9AXQicem4nw==/lib/arm64:/data/app/~~njuf49usrsqTAMWRgIFKoQ==/com.google.android.gms-noUdtixqsBc9AXQicem4nw==/base.apk!/lib/arm64-v8a, permitted_path=/data:/mnt/expand:/data/user/0/com.google.android.gms
10-13 03:33:10.809 28754 28754 W st.cloudstream3: ClassLoaderContext classpath element checksum mismatch. expected=208585056, found=992675313 (DLC[];PCL[base.apk*208585056]{PCL[/system/framework/org.apache.http.legacy.jar*3951777099]#PCL[/system/framework/com.android.media.remotedisplay.jar*3743104114]#PCL[/system/framework/com.android.location.provider.jar*3175360614]#PCL[/system_ext/framework/org.carconnectivity.android.digitalkey.timesync.jar*1887653037]#PCL[/system/framework/org.apache.http.legacy.jar*3951777099]} | DLC[];PCL[/data/app/~~X_Ckha-AUADMdm5I5WWHYg==/com.lagradost.cloudstream3-gV0Clum_p4x0OvCWiSyt1A==/base.apk*992675313])
10-13 03:33:10.829 28754 28754 I CastDynamiteModuleImpl: sm created by ClassLoader dalvik.system.DelegateLastClassLoader[DexPathList[[zip file "/data/app/~~njuf49usrsqTAMWRgIFKoQ==/com.google.android.gms-noUdtixqsBc9AXQicem4nw==/split_DynamiteModulesC_installtime.apk"],nativeLibraryDirectories=[/data/app/~~njuf49usrsqTAMWRgIFKoQ==/com.google.android.gms-noUdtixqsBc9AXQicem4nw==/split_DynamiteModulesC_installtime.apk!/lib/arm64-v8a, /system/lib64, /system/system_ext/lib64]]].
10-13 03:33:10.842 28754 28754 V MediaRouter: Audio routes updated: AudioRoutesInfo{ type=HEADSET }, a2dp=false
10-13 03:33:10.842 28754 28754 V MediaRouter: Selecting route: RouteInfo{ name=Headphones, description=null, status=null, category=RouteCategory{ name=System types=ROUTE_TYPE_LIVE_AUDIO ROUTE_TYPE_LIVE_VIDEO  groupable=false }, supportedTypes=ROUTE_TYPE_LIVE_AUDIO ROUTE_TYPE_LIVE_VIDEO , presentationDisplay=null }
10-13 03:33:10.842 28754 28754 I MediaRouter: Skip setBluetoothA2dpOn(): types=1, isPlaybackActive()=false, BT route=null
10-13 03:33:10.845 28754 28754 I MediaRouter: Found default route: MediaRouter.RouteInfo{ uniqueId=DEFAULT_ROUTE, name=Headphones, description=null, iconUri=null, enabled=true, connectionState=0, canDisconnect=false, playbackType=0, playbackStream=3, deviceType=0, volumeHandling=1, volume=6, volumeMax=15, presentationDisplayId=-1, extras=null, settingsIntent=null, providerPackageName=android }
10-13 03:33:10.845 28754 28754 I MediaRouter: Unselecting the current route because it is no longer selectable: null
10-13 03:33:10.850 28754 28754 D ConnectivityManager: StackLog: [android.net.ConnectivityManager.sendRequestForNetwork(ConnectivityManager.java:4736)] [android.net.ConnectivityManager.sendRequestForNetwork(ConnectivityManager.java:4904)] [android.net.ConnectivityManager.registerNetworkCallback(ConnectivityManager.java:5321)] [android.net.ConnectivityManager.registerNetworkCallback(ConnectivityManager.java:5291)] [com.google.android.gms.internal.cast.zzdd.zza(com.google.android.gms:play-services-cast@@21.4.0:6)] [com.google.android.gms.internal.cast.zzcy.<init>(com.google.android.gms:play-services-cast@@21.4.0:4)] [com.google.android.gms.cast.framework.CastContext.<init>(com.google.android.gms:play-services-cast-framework@@21.4.0:16)] [com.google.android.gms.cast.framework.CastContext.zzb(com.google.android.gms:play-services-cast-framework@@21.4.0:2)] [com.google.android.gms.cast.framework.zzi.call(Unknown Source:10)] [com.google.android.gms.tasks.zzz.run(com.google.android.gms:play-services-tasks@@18.1.0:1)] [com.lagradost.cloudstream3.utils.AppContextUtils.isCastApiAvailable$lambda$46$lambda$45(AppContextUtils.kt:880)] [com.lagradost.cloudstream3.utils.AppContextUtils.$r8$lambda$rF7IOGTTD7S6DKwGZTSRD2Waht4(Unknown Source:0)] [com.lagradost.cloudstream3.utils.AppContextUtils$$ExternalSyntheticLambda17.execute(D8$$SyntheticClass:0)] [com.google.android.gms.tasks.Tasks.call(com.google.android.gms:play-services-tasks@@18.1.0:5)] [com.google.android.gms.cast.framework.CastContext.getSharedInstance(com.google.android.gms:play-services-cast-framework@@21.4.0:20)] [com.lagradost.cloudstream3.utils.AppContextUtils.isCastApiAvailable(AppContextUtils.kt:880)] [com.lagradost.cloudstream3.MainActivity.onCreate(MainActivity.kt:1132)] [android.app.Activity.performCreate(Activity.java:8591)] [android.app.Activity.performCreate(Activity.java:8570)] [android.app.Instrumentation.callActivityOnCreate(Instrumentation.java:1384)] [android.app.ActivityThread.performLaunchActivity(ActivityThread.java:4150)] [android.app.ActivityThread.handleLaunchActivity(ActivityThread.java:4325)] [android.app.servertransaction.LaunchActivityItem.execute(LaunchActivityItem.java:101)] [android.app.servertransaction.TransactionExecutor.executeCallbacks(TransactionExecutor.java:135)] [android.app.servertransaction.TransactionExecutor.execute(TransactionExecutor.java:95)] [android.app.ActivityThread$H.handleMessage(ActivityThread.java:2574)]
10-13 03:33:10.866 28754 28754 D CompatibilityChangeReporter: Compat change id reported: 210923482; UID 10523; state: ENABLED
10-13 03:33:10.971 28754 28754 I DecorView: [INFO] isPopOver=false config=true
10-13 03:33:10.971 28754 28754 I DecorView: updateCaptionType: isFloating=false isApplication=true hasWindowDecorCaption=false this=DecorView@dd31fb2[]
10-13 03:33:10.971 28754 28754 D DecorView: setCaptionType = 0, this = DecorView@dd31fb2[]
10-13 03:33:10.972 28754 28754 I DecorView: getCurrentDensityDpi: from real metrics. densityDpi=420 msg=resources_loaded
10-13 03:33:10.972 28754 28754 I DecorView: setWindowBackground: isPopOver=false color=ff000000 d=android.graphics.drawable.ColorDrawable@3292a80
10-13 03:33:10.988 28754 28754 I IMM_LC  : hsifw() - flag : 0
10-13 03:33:10.988 28754 28754 I IMM_LC  : hsifw() ignore mServedView == null or mServedView.getWindowToken() != windowToken, mServedView :0
10-13 03:33:10.993 28754 28806 D CompatibilityChangeReporter: Compat change id reported: 270306772; UID 10523; state: ENABLED
10-13 03:33:10.995 28754 28806 D CompatibilityChangeReporter: Compat change id reported: 235355681; UID 10523; state: ENABLED
10-13 03:33:11.005 28754 28799 D DiscoveryListener: Discovery started: _fcast._tcp
10-13 03:33:11.046 28754 28800 I PluginManager: Loading plugin: PluginData(internalName=EgyDead, url=https://raw.githubusercontent.com/adamwolker21/DZ/builds/EgyDead.cs3, isOnline=true, filePath=/data/user/0/com.lagradost.cloudstream3/files/Extensions/httpsraw.githubusercontent.comadamwolker21DZrefsheadsmasterrepo.json.-468825824/EgyDead.-124080901.cs3, version=1)
10-13 03:33:11.053 28754 28754 I System.out: Loaded everything
10-13 03:33:11.058 28754 28754 I AppVisibilityProxy: onAppEnteredForeground
10-13 03:33:11.088 28754 28800 I PluginInstance: Adding EgyDead (https://tv6.egydead.live) MainAPI
10-13 03:33:11.088 28754 28800 I PluginManager: Loaded plugin EgyDead successfully
10-13 03:33:11.091 28754 28809 I PluginManager: Loading plugin: PluginData(internalName=EgyDead, url=https://raw.githubusercontent.com/adamwolker21/DZ/builds/EgyDead.cs3, isOnline=true, filePath=/data/user/0/com.lagradost.cloudstream3/files/Extensions/httpsraw.githubusercontent.comadamwolker21DZrefsheadsmasterrepo.json.-468825824/EgyDead.-124080901.cs3, version=1)
10-13 03:33:11.099 28754 28809 I PluginManager: Plugin with name EgyDead already exists
10-13 03:33:11.102 28754 28800 W PluginManager: Failed to create local directories
10-13 03:33:11.156 28754 28805 I WebViewFactory: Loading com.google.android.webview version 141.0.7390.43 (code 739004333)
10-13 03:33:11.159 28754 28754 I MSHandlerLifeCycle: check: return. pkg=com.lagradost.cloudstream3 parent=null callers=com.android.internal.policy.DecorView.setVisibility:4412 android.app.ActivityThread.handleResumeActivity:5476 android.app.servertransaction.ResumeActivityItem.execute:54 android.app.servertransaction.ActivityTransactionItem.execute:45 android.app.servertransaction.TransactionExecutor.executeLifecycleState:176 
10-13 03:33:11.159 28754 28754 I MSHandlerLifeCycle: removeMultiSplitHandler: no exist. decor=DecorView@dd31fb2[]
10-13 03:33:11.160 28754 28805 W st.cloudstream3: Failed to find entry 'classes.dex': Entry not found
10-13 03:33:11.161 28754 28805 D nativeloader: Configuring clns-6 for other apk /data/app/~~KzgKvUv1JwmzxHei_tsHXQ==/com.google.android.trichromelibrary_739004333-NHJfK8xUfQ5oC0LHEjEvPw==/base.apk. target_sdk_version=36, uses_libraries=ALL, library_path=/data/app/~~Z7EoFjMbPG94A6o-3Nb5UQ==/com.google.android.webview-eZKrupClwVmgDmxWAn78Ag==/lib/arm64:/data/app/~~Z7EoFjMbPG94A6o-3Nb5UQ==/com.google.android.webview-eZKrupClwVmgDmxWAn78Ag==/base.apk!/lib/arm64-v8a:/data/app/~~KzgKvUv1JwmzxHei_tsHXQ==/com.google.android.trichromelibrary_739004333-NHJfK8xUfQ5oC0LHEjEvPw==/base.apk!/lib/arm64-v8a, permitted_path=/data:/mnt/expand
10-13 03:33:11.161 28754 28805 D nativeloader: Extending system_exposed_libraries: libhumantracking.arcsoft.so:libPortraitDistortionCorrection.arcsoft.so:libPortraitDistortionCorrectionCali.arcsoft.so:libface_landmark.arcsoft.so:libFacialStickerEngine.arcsoft.so:libveengine.arcsoft.so:liblow_light_hdr.arcsoft.so:libhigh_dynamic_range.arcsoft.so:libFacialAttributeDetection.arcsoft.so:libBeauty_v4.camera.samsung.so:libexifa.camera.samsung.so:libjpega.camera.samsung.so:libOpenCv.camera.samsung.so:libImageScreener.camera.samsung.so:libMyFilter.camera.samsung.so:libtensorflowLite.myfilter.camera.samsung.so:libtensorflowlite_inference_api.myfilter.camera.samsung.so:libEventFinder.camera.samsung.so:libHIDTSnapJNI.camera.samsung.so:libSmartScan.camera.samsung.so:libRectify.camera.samsung.so:libDocRectifyWrapper.camera.samsung.so:libUltraWideDistortionCorrection.camera.samsung.so:libWideDistortionCorrection.camera.samsung.so:libHpr_RecGAE_cvFeature_v1.0.camera.samsung.so:libHprFace_GAE_api.camera.samsung.so:libFace_Landmark_API.camera.samsung.so:libHprFace_GAE_jn
10-13 03:33:11.166 28754 28776 D NativeCustomFrequencyManager: [NativeCFMS] BpCustomFrequencyManager::BpCustomFrequencyManager()
10-13 03:33:11.168 28754 28805 D nativeloader: Configuring clns-7 for other apk /data/app/~~Z7EoFjMbPG94A6o-3Nb5UQ==/com.google.android.webview-eZKrupClwVmgDmxWAn78Ag==/base.apk. target_sdk_version=36, uses_libraries=, library_path=/data/app/~~Z7EoFjMbPG94A6o-3Nb5UQ==/com.google.android.webview-eZKrupClwVmgDmxWAn78Ag==/lib/arm64:/data/app/~~Z7EoFjMbPG94A6o-3Nb5UQ==/com.google.android.webview-eZKrupClwVmgDmxWAn78Ag==/base.apk!/lib/arm64-v8a:/data/app/~~KzgKvUv1JwmzxHei_tsHXQ==/com.google.android.trichromelibrary_739004333-NHJfK8xUfQ5oC0LHEjEvPw==/base.apk!/lib/arm64-v8a, permitted_path=/data:/mnt/expand
10-13 03:33:11.171 28754 28754 I DecorView: notifyKeepScreenOnChanged: keepScreenOn=false
