10-13 03:33:26.441 28754 28754 I ViewRootImpl@bf68bc4[MainActivity]:   pfl=12020040
10-13 03:33:26.441 28754 28754 I ViewRootImpl@bf68bc4[MainActivity]:   vsysui=500
10-13 03:33:26.441 28754 28754 I ViewRootImpl@bf68bc4[MainActivity]:   bhv=DEFAULT
10-13 03:33:26.441 28754 28754 I ViewRootImpl@bf68bc4[MainActivity]:   fitSides= naviIconColor=0}
10-13 03:33:26.442 28754 28754 I ViewRootImpl@bf68bc4[MainActivity]: performTraversals mFirst=false windowShouldResize=false viewVisibilityChanged=false mForceNextWindowRelayout=false params={(0,0)(fillxfill) sim={state=always_hidden adjust=resize} ty=BASE_APPLICATION fmt=TRANSLUCENT wanim=0x1030309
10-13 03:33:26.442 28754 28754 I ViewRootImpl@bf68bc4[MainActivity]:   fl=85810100
10-13 03:33:26.442 28754 28754 I ViewRootImpl@bf68bc4[MainActivity]:   pfl=12020040
10-13 03:33:26.442 28754 28754 I ViewRootImpl@bf68bc4[MainActivity]:   vsysui=500
10-13 03:33:26.442 28754 28754 I ViewRootImpl@bf68bc4[MainActivity]:   bhv=DEFAULT
10-13 03:33:26.442 28754 28754 I ViewRootImpl@bf68bc4[MainActivity]:   fitSides= naviIconColor=0}
10-13 03:33:26.447 28754 28754 I ViewRootImpl@bf68bc4[MainActivity]: updateBlastSurfaceIfNeeded mBlastBufferQueue=0x7b45b90500 isSameSurfaceControl=true
10-13 03:33:26.447 28754 28754 I BLASTBufferQueue: update, w= 1080 h= 2400 mName = ViewRootImpl@bf68bc4[MainActivity] mNativeObject= 0x7b45b90500 sc.mNativeObject= 0x7ae7e2e740 format= -3 caller= android.view.ViewRootImpl.updateBlastSurfaceIfNeeded:2898 android.view.ViewRootImpl.relayoutWindow:9847 android.view.ViewRootImpl.performTraversals:3884 android.view.ViewRootImpl.doTraversal:3116 android.view.ViewRootImpl$TraversalRunnable.run:10885 android.view.Choreographer$CallbackRecord.run:1301 
10-13 03:33:26.448 28754 28754 I ViewRootImpl@bf68bc4[MainActivity]: Relayout returned: old=(0,0,1080,2400) new=(0,0,1080,2400) req=(1080,2400)0 dur=5 res=0x0 s={true 0x7b60444000} ch=false seqId=0
10-13 03:33:26.448 28754 28754 I ViewRootImpl@bf68bc4[MainActivity]: updateBoundsLayer: t = android.view.SurfaceControl$Transaction@e0b00f1 sc = Surface(name=Bounds for - com.lagradost.cloudstream3/com.lagradost.cloudstream3.MainActivity@0)/@0x5f04d6 frame = 266
10-13 03:33:26.448 28754 28754 I ViewRootImpl@bf68bc4[MainActivity]: mWNT: t=0x7b60537d00 mBlastBufferQueue=0x7b45b90500 fn= 266 caller= android.view.ViewRootImpl.prepareSurfaces:2985 android.view.ViewRootImpl.performTraversals:4233 android.view.ViewRootImpl.doTraversal:3116 
10-13 03:33:26.449 28754 28754 W View    : requestLayout() improperly called by android.widget.FrameLayout{c950fa9 I.E...... ......I. 0,0-0,0 #7f0a04e7 app:id/start_panel} during layout: running second layout pass
10-13 03:33:26.449 28754 28754 W View    : requestLayout() improperly called by android.widget.FrameLayout{bf3592e I.E...... ......ID 1080,0-1080,2143 #7f0a0168 app:id/end_panel} during layout: running second layout pass
10-13 03:33:26.451 28754 28754 D SurfaceView@aab55cd: updateSurface: has no frame
10-13 03:33:26.456 28754 28858 I ViewRootImpl@bf68bc4[MainActivity]: mWNT: t=0x7b15e9f100 mBlastBufferQueue=0x7b45b90500 fn= 266 caller= android.view.ViewRootImpl.lambda$applyTransactionOnDraw$11$android-view-ViewRootImpl:12865 android.view.ViewRootImpl$$ExternalSyntheticLambda1.onFrameDraw:4 android.graphics.HardwareRenderer$FrameDrawingCallback.onFrameDraw:924 
10-13 03:33:26.459 28754 28754 D SurfaceView@aab55cd: updateSurface: has no frame
10-13 03:33:26.479 28754 28754 D SurfaceView@aab55cd: updateSurface: has no frame
10-13 03:33:26.498 28754 28754 D SurfaceView@aab55cd: updateSurface: has no frame
10-13 03:33:26.515 28754 28754 D SurfaceView@aab55cd: updateSurface: has no frame
10-13 03:33:26.534 28754 28754 D SurfaceView@aab55cd: updateSurface: has no frame
10-13 03:33:26.548 28754 28754 D SurfaceView@aab55cd: updateSurface: has no frame
10-13 03:33:26.565 28754 28754 D SurfaceView@aab55cd: updateSurface: has no frame
10-13 03:33:26.582 28754 28754 D SurfaceView@aab55cd: updateSurface: has no frame
10-13 03:33:26.598 28754 28754 D SurfaceView@aab55cd: updateSurface: has no frame
10-13 03:33:26.631 28754 28754 D SurfaceView@aab55cd: updateSurface: has no frame
10-13 03:33:26.648 28754 28754 D SurfaceView@aab55cd: updateSurface: has no frame
10-13 03:33:26.665 28754 28754 D SurfaceView@aab55cd: updateSurface: has no frame
10-13 03:33:26.681 28754 28754 D SurfaceView@aab55cd: updateSurface: has no frame
10-13 03:33:26.698 28754 28754 D SurfaceView@aab55cd: updateSurface: has no frame
10-13 03:33:26.715 28754 28754 D SurfaceView@aab55cd: updateSurface: has no frame
10-13 03:33:26.732 28754 28754 D SurfaceView@aab55cd: updateSurface: has no frame
10-13 03:33:26.748 28754 28754 D SurfaceView@aab55cd: updateSurface: has no frame
10-13 03:33:26.765 28754 28754 D SurfaceView@aab55cd: updateSurface: has no frame
10-13 03:33:26.782 28754 28754 D SurfaceView@aab55cd: updateSurface: has no frame
10-13 03:33:26.798 28754 28754 D SurfaceView@aab55cd: updateSurface: has no frame
10-13 03:33:26.799 28754 28802 I RVM2    : applyMeta
10-13 03:33:26.804 28754 28754 W PanelsChildGestureRegionObserver: failed to register view with ID 2131362800. already registered
10-13 03:33:26.808 28754 28754 E CoilImgLoader: Error loading image: coil3.request.NullRequestDataException: The request's data is null.
10-13 03:33:26.813 28754 28754 E CoilImgLoader: Error loading image: coil3.request.NullRequestDataException: The request's data is null.
10-13 03:33:26.856 28754 28802 I SYNCVM  : addFromUrl = https://tv6.egydead.live/%d9%85%d8%b4%d8%a7%d9%87%d8%af%d8%a9-%d9%81%d9%8a%d9%84%d9%85-sons-of-the-neon-night-2025-%d9%85%d8%aa%d8%b1%d8%ac%d9%85/
10-13 03:33:26.856 28754 28802 I SYNCUTIL: getIdsFromUrl https://tv6.egydead.live/%d9%85%d8%b4%d8%a7%d9%87%d8%af%d8%a9-%d9%81%d9%8a%d9%84%d9%85-sons-of-the-neon-night-2025-%d9%85%d8%aa%d8%b1%d8%ac%d9%85/
10-13 03:33:26.870 28754 28754 I ViewRootImpl@bf68bc4[MainActivity]: performTraversals mFirst=false windowShouldResize=false viewVisibilityChanged=false mForceNextWindowRelayout=false params={(0,0)(fillxfill) sim={state=always_hidden adjust=pan} ty=BASE_APPLICATION fmt=TRANSLUCENT wanim=0x1030309
10-13 03:33:26.870 28754 28754 I ViewRootImpl@bf68bc4[MainActivity]:   fl=85810100
10-13 03:33:26.870 28754 28754 I ViewRootImpl@bf68bc4[MainActivity]:   pfl=12020040
10-13 03:33:26.870 28754 28754 I ViewRootImpl@bf68bc4[MainActivity]:   vsysui=500
10-13 03:33:26.870 28754 28754 I ViewRootImpl@bf68bc4[MainActivity]:   bhv=DEFAULT
10-13 03:33:26.870 28754 28754 I ViewRootImpl@bf68bc4[MainActivity]:   fitSides= naviIconColor=0}
10-13 03:33:26.879 28754 28754 I ViewRootImpl@bf68bc4[MainActivity]: updateBlastSurfaceIfNeeded mBlastBufferQueue=0x7b45b90500 isSameSurfaceControl=true
10-13 03:33:26.879 28754 28754 I BLASTBufferQueue: update, w= 1080 h= 2400 mName = ViewRootImpl@bf68bc4[MainActivity] mNativeObject= 0x7b45b90500 sc.mNativeObject= 0x7ae7f3c480 format= -3 caller= android.view.ViewRootImpl.updateBlastSurfaceIfNeeded:2898 android.view.ViewRootImpl.relayoutWindow:9847 android.view.ViewRootImpl.performTraversals:3884 android.view.ViewRootImpl.doTraversal:3116 android.view.ViewRootImpl$TraversalRunnable.run:10885 android.view.Choreographer$CallbackRecord.run:1301 
10-13 03:33:26.879 28754 28754 I ViewRootImpl@bf68bc4[MainActivity]: Relayout returned: old=(0,0,1080,2400) new=(0,0,1080,2400) req=(1080,2400)0 dur=9 res=0x0 s={true 0x7b60444000} ch=false seqId=0
10-13 03:33:26.880 28754 28754 D SurfaceView@aab55cd: updateSurface: has no frame
10-13 03:33:26.881 28754 28754 I SurfaceView@aab55cd: Changes: creating=true format=true size=true visible=true alpha=false hint=false mUseAlpha=false visible=true left=true top=true
10-13 03:33:26.883 28754 28754 I BLASTBufferQueue: update, w= 1080 h= 525 mName = null mNativeObject= 0x7b6027b100 sc.mNativeObject= 0x7ae7f3c700 format= 4 caller= android.view.SurfaceView.createBlastSurfaceControls:1383 android.view.SurfaceView.updateSurface:1079 android.view.SurfaceView.lambda$new$0$android-view-SurfaceView:200 android.view.SurfaceView$$ExternalSyntheticLambda5.onPreDraw:2 android.view.ViewTreeObserver.dispatchOnPreDraw:1121 android.view.ViewRootImpl.performTraversals:4442 
10-13 03:33:26.884 28754 28754 I SurfaceView@aab55cd: 179000781 Cur surface: Surface(name=null)/@0x538bce8
10-13 03:33:26.884 28754 28754 I SurfaceView@aab55cd: pST: sr = Rect(0, 218 - 1080, 743) sw = 1080 sh = 525
10-13 03:33:26.884 28754 28754 D SurfaceView@aab55cd: performSurfaceTransaction RenderWorker position = [0, 218, 1080, 743] surfaceSize = 1080x525
10-13 03:33:26.884 28754 28754 I SurfaceView@aab55cd: applyTransactionOnVriDraw: vri = ViewRootImpl@bf68bc4[MainActivity] fRS = false t = 0x7b45ab7100 android.view.SurfaceView.performSurfaceTransaction:959 android.view.SurfaceView.updateSurface:1105 android.view.SurfaceView.lambda$new$0$android-view-SurfaceView:200 
10-13 03:33:26.884 28754 28754 I ViewRootImpl@bf68bc4[MainActivity]: applyTransactionOnDraw: mRemoved = false isHardwareEnabled = true t = 0x7b45ab7100android.view.SurfaceView.applyTransactionOnVriDraw:2048 android.view.SurfaceView.performSurfaceTransaction:959 android.view.SurfaceView.updateSurface:1105 android.view.SurfaceView.lambda$new$0$android-view-SurfaceView:200 android.view.SurfaceView$$ExternalSyntheticLambda5.onPreDraw:2 
10-13 03:33:26.884 28754 28754 I SurfaceView@aab55cd: updateSurface: mVisible = true mSurface.isValid() = true
10-13 03:33:26.884 28754 28754 I SurfaceView@aab55cd: updateSurface: mSurfaceCreated = false surfaceChanged = true visibleChanged = true
10-13 03:33:26.884 28754 28754 I SurfaceView@aab55cd: visibleChanged -- surfaceCreated
10-13 03:33:26.884 28754 28754 I SurfaceView@aab55cd: surfaceCreated 0 #8 android.view.SurfaceView{aab55cd V.E...... ......ID 0,0-1080,525}
10-13 03:33:26.884 28754 28754 I SurfaceView@aab55cd: surfaceChanged -- format=4 w=1080 h=525
10-13 03:33:26.884 28754 28754 I SurfaceView@aab55cd: surfaceChanged (1080,525) 0 #8 android.view.SurfaceView{aab55cd V.E...... ......ID 0,0-1080,525}
10-13 03:33:26.884 28754 28754 I SurfaceView@aab55cd: surfaceRedrawNeeded
10-13 03:33:26.885 28754 28754 V SurfaceView@aab55cd: Layout: x=0 y=218 w=1080 h=525, frame=Rect(0, 0 - 1080, 525)
10-13 03:33:26.901 28754 28859 D SurfaceView@aab55cd: updateSurfacePosition RenderWorker, frameNr = 287, position = [0, 218, 1080, 743] surfaceSize = 1080x525
10-13 03:33:26.901 28754 28859 I SurfaceView@aab55cd: uSP: rtp = Rect(0, 218 - 1080, 743) rtsw = 1080 rtsh = 525
10-13 03:33:26.901 28754 28859 I SurfaceView@aab55cd: onSSPAndSRT: pl = 0 pt = 218 sx = 1.0 sy = 1.0
10-13 03:33:26.902 28754 28859 I SurfaceView@aab55cd: aOrMT: ViewRootImpl@bf68bc4[MainActivity] t = android.view.SurfaceControl$Transaction@738da3d fN = 287 android.view.SurfaceView.-$$Nest$mapplyOrMergeTransaction:0 android.view.SurfaceView$SurfaceViewPositionUpdateListener.positionChanged:1537 android.graphics.RenderNode$CompositePositionUpdateListener.positionChanged:373 
10-13 03:33:26.902 28754 28859 I ViewRootImpl@bf68bc4[MainActivity]: mWNT: t=0x7b45ab7a00 mBlastBufferQueue=0x7b45b90500 fn= 287 caller= android.view.SurfaceView.applyOrMergeTransaction:1455 android.view.SurfaceView.-$$Nest$mapplyOrMergeTransaction:0 android.view.SurfaceView$SurfaceViewPositionUpdateListener.positionChanged:1537 
10-13 03:33:26.903 28754 28859 I ViewRootImpl@bf68bc4[MainActivity]: mWNT: t=0x7b45ab7100 mBlastBufferQueue=0x7b45b90500 fn= 287 caller= android.view.ViewRootImpl.lambda$applyTransactionOnDraw$11$android-view-ViewRootImpl:12865 android.view.ViewRootImpl$$ExternalSyntheticLambda1.onFrameDraw:4 android.graphics.HardwareRenderer$FrameDrawingCallback.onFrameDraw:924 
10-13 03:33:26.922 28754 28754 I SurfaceView@aab55cd: finishedDrawing
10-13 03:33:28.348 28754 28754 I ViewRootImpl@bf68bc4[MainActivity]: ViewPostIme pointer 0
10-13 03:33:28.486 28754 28754 D WindowOnBackDispatcher: onBackInvoked, viewRoot=ViewRootImpl@c214865[MainActivity], callback=androidx.activity.OnBackPressedDispatcher$Api33Impl$$ExternalSyntheticLambda0@c178ed5
10-13 03:33:28.501 28754 28754 I IMM_LC  : hsifw() - flag : 0
10-13 03:33:28.501 28754 28754 I IMM_LC  : hsifw() - mService.hideSoftInput
10-13 03:33:28.507 28754 28754 I CS3ExoPlayer: onStop
10-13 03:33:28.507 28754 28754 I CS3ExoPlayer: saveData
10-13 03:33:28.508 28754 28754 I CS3ExoPlayer: handleEvent Pause
10-13 03:33:28.843 28754 28754 I ViewRootImpl@bf68bc4[MainActivity]: performTraversals mFirst=false windowShouldResize=false viewVisibilityChanged=false mForceNextWindowRelayout=false params={(0,0)(fillxfill) sim={state=always_hidden adjust=resize} ty=BASE_APPLICATION fmt=TRANSLUCENT wanim=0x1030309
10-13 03:33:28.843 28754 28754 I ViewRootImpl@bf68bc4[MainActivity]:   fl=85810100
10-13 03:33:28.843 28754 28754 I ViewRootImpl@bf68bc4[MainActivity]:   pfl=12020040
10-13 03:33:28.843 28754 28754 I ViewRootImpl@bf68bc4[MainActivity]:   vsysui=500
10-13 03:33:28.843 28754 28754 I ViewRootImpl@bf68bc4[MainActivity]:   bhv=DEFAULT
10-13 03:33:28.843 28754 28754 I ViewRootImpl@bf68bc4[MainActivity]:   fitSides= naviIconColor=0}
10-13 03:33:28.848 28754 28754 I ViewRootImpl@bf68bc4[MainActivity]: updateBlastSurfaceIfNeeded mBlastBufferQueue=0x7b45b90500 isSameSurfaceControl=true
10-13 03:33:28.849 28754 28754 I BLASTBufferQueue: update, w= 1080 h= 2400 mName = ViewRootImpl@bf68bc4[MainActivity] mNativeObject= 0x7b45b90500 sc.mNativeObject= 0x7ae84408c0 format= -3 caller= android.view.ViewRootImpl.updateBlastSurfaceIfNeeded:2898 android.view.ViewRootImpl.relayoutWindow:9847 android.view.ViewRootImpl.performTraversals:3884 android.view.ViewRootImpl.doTraversal:3116 android.view.ViewRootImpl$TraversalRunnable.run:10885 android.view.Choreographer$CallbackRecord.run:1301 
10-13 03:33:28.849 28754 28754 I ViewRootImpl@bf68bc4[MainActivity]: Relayout returned: old=(0,0,1080,2400) new=(0,0,1080,2400) req=(1080,2400)0 dur=5 res=0x0 s={true 0x7b60444000} ch=false seqId=0
10-13 03:33:28.896 28754 28858 D SurfaceView@aab55cd: updateSurfacePosition RenderWorker, frameNr = 307, position = [54, 314, 1026, 787] surfaceSize = 1080x525
10-13 03:33:28.896 28754 28858 I SurfaceView@aab55cd: uSP: rtp = Rect(54, 314 - 1026, 787) rtsw = 1080 rtsh = 525
10-13 03:33:28.896 28754 28858 I SurfaceView@aab55cd: onSSPAndSRT: pl = 54 pt = 314 sx = 0.9 sy = 0.9009524
10-13 03:33:28.896 28754 28858 I SurfaceView@aab55cd: aOrMT: ViewRootImpl@bf68bc4[MainActivity] t = android.view.SurfaceControl$Transaction@738da3d fN = 307 android.view.SurfaceView.-$$Nest$mapplyOrMergeTransaction:0 android.view.SurfaceView$SurfaceViewPositionUpdateListener.positionChanged:1537 android.graphics.RenderNode$CompositePositionUpdateListener.positionChanged:373 
10-13 03:33:28.896 28754 28858 I ViewRootImpl@bf68bc4[MainActivity]: mWNT: t=0x7b45ab7a00 mBlastBufferQueue=0x7b45b90500 fn= 307 caller= android.view.SurfaceView.applyOrMergeTransaction:1455 android.view.SurfaceView.-$$Nest$mapplyOrMergeTransaction:0 android.view.SurfaceView$SurfaceViewPositionUpdateListener.positionChanged:1537 
10-13 03:33:28.897 28754 28754 I SurfaceView@aab55cd: onWindowVisibilityChanged(8) false android.view.SurfaceView{aab55cd V.E...... ........ 0,0-1080,525} of ViewRootImpl@bf68bc4[MainActivity]
10-13 03:33:28.897 28754 28754 I SurfaceView@aab55cd: Changes: creating=false format=false size=false visible=true alpha=false hint=false mUseAlpha=false visible=true left=false top=false
10-13 03:33:28.897 28754 28754 I SurfaceView@aab55cd: 179000781 Cur surface: Surface(name=null)/@0x538bce8
10-13 03:33:28.898 28754 28754 I SurfaceView@aab55cd: applyTransactionOnVriDraw: vri = ViewRootImpl@bf68bc4[MainActivity] fRS = false t = 0x7ae7faa400 android.view.SurfaceView.performSurfaceTransaction:959 android.view.SurfaceView.updateSurface:1105 android.view.SurfaceView.onWindowVisibilityChanged:371 
10-13 03:33:28.898 28754 28754 I ViewRootImpl@bf68bc4[MainActivity]: applyTransactionOnDraw: mRemoved = false isHardwareEnabled = true t = 0x7ae7faa400android.view.SurfaceView.applyTransactionOnVriDraw:2048 android.view.SurfaceView.performSurfaceTransaction:959 android.view.SurfaceView.updateSurface:1105 android.view.SurfaceView.onWindowVisibilityChanged:371 android.view.View.dispatchDetachedFromWindow:22529 
10-13 03:33:28.898 28754 28754 I SurfaceView@aab55cd: surfaceDestroyed
10-13 03:33:28.898 28754 28754 I SurfaceView@aab55cd: surfaceDestroyed callback.size 0 #2 android.view.SurfaceView{aab55cd V.E...... ........ 0,0-1080,525}
10-13 03:33:28.898 28754 28754 I SurfaceView@aab55cd: updateSurface: mVisible = false mSurface.isValid() = true
10-13 03:33:28.898 28754 28754 I SurfaceView@aab55cd: releaseSurfaces: viewRoot = ViewRootImpl@bf68bc4[MainActivity]
10-13 03:33:28.899 28754 28754 I SurfaceView@aab55cd: applyTransactionOnVriDraw: vri = ViewRootImpl@bf68bc4[MainActivity] fRS = true t = 0x7ae7faa500 android.view.SurfaceView.releaseSurfaces:858 android.view.SurfaceView.updateSurface:1172 android.view.SurfaceView.onWindowVisibilityChanged:371 
10-13 03:33:28.899 28754 28754 I SurfaceView@aab55cd: applyTransactionOnVriDraw: viewRoot.applyTransactionOnDrawFromReleaseSurfaces
10-13 03:33:28.899 28754 28754 I ViewRootImpl@bf68bc4[MainActivity]: applyTransactionOnDraw: mRemoved = false isHardwareEnabled = true t = 0x7ae7faa500android.view.ViewRootImpl.applyTransactionOnDrawFromReleaseSurfaces:12850 android.view.SurfaceView.applyTransactionOnVriDraw:2046 android.view.SurfaceView.releaseSurfaces:858 android.view.SurfaceView.updateSurface:1172 android.view.SurfaceView.onWindowVisibilityChanged:371 
10-13 03:33:28.899 28754 28754 V SurfaceView@aab55cd: Layout: x=0 y=218 w=1080 h=525, frame=Rect(0, 0 - 1080, 525)
10-13 03:33:28.899 28754 28754 I SurfaceView@aab55cd: onDetachedFromWindow: tryReleaseSurfaces()
10-13 03:33:28.899 28754 28754 I SurfaceView@aab55cd: releaseSurfaces: viewRoot = ViewRootImpl@bf68bc4[MainActivity]
10-13 03:33:28.899 28754 28754 I SurfaceView@aab55cd: applyTransactionOnVriDraw: vri = ViewRootImpl@bf68bc4[MainActivity] fRS = true t = 0x7ae7faa600 android.view.SurfaceView.releaseSurfaces:858 android.view.SurfaceView.onDetachedFromWindow:500 android.view.View.dispatchDetachedFromWindow:22538 
10-13 03:33:28.899 28754 28754 I SurfaceView@aab55cd: applyTransactionOnVriDraw: viewRoot.applyTransactionOnDrawFromReleaseSurfaces
10-13 03:33:28.899 28754 28754 I ViewRootImpl@bf68bc4[MainActivity]: applyTransactionOnDraw: mRemoved = false isHardwareEnabled = true t = 0x7ae7faa600android.view.ViewRootImpl.applyTransactionOnDrawFromReleaseSurfaces:12850 android.view.SurfaceView.applyTransactionOnVriDraw:2046 android.view.SurfaceView.releaseSurfaces:858 android.view.SurfaceView.onDetachedFromWindow:500 android.view.View.dispatchDetachedFromWindow:22538 
10-13 03:33:28.909 28754 28754 I DecorView: notifyKeepScreenOnChanged: keepScreenOn=false
10-13 03:33:28.910 28754 28754 I CS3ExoPlayer: releasePlayer
10-13 03:33:28.911 28754 28754 I CS3ExoPlayer: Handle event: PlayerAttachedEvent(player=null, source=Player)
10-13 03:33:28.911 28754 28754 I DecorView: notifyKeepScreenOnChanged: keepScreenOn=false
10-13 03:33:28.913 28754 28754 I ViewRootImpl@bf68bc4[MainActivity]: performTraversals params={(0,0)(fillxfill) sim={state=always_hidden adjust=resize} ty=BASE_APPLICATION wanim=0x1030309
10-13 03:33:28.913 28754 28754 I ViewRootImpl@bf68bc4[MainActivity]:   fl=85810100
10-13 03:33:28.913 28754 28754 I ViewRootImpl@bf68bc4[MainActivity]:   pfl=12020040
10-13 03:33:28.913 28754 28754 I ViewRootImpl@bf68bc4[MainActivity]:   vsysui=500
10-13 03:33:28.913 28754 28754 I ViewRootImpl@bf68bc4[MainActivity]:   bhv=DEFAULT
10-13 03:33:28.913 28754 28754 I ViewRootImpl@bf68bc4[MainActivity]:   fitSides= naviIconColor=0}
10-13 03:33:28.914 28754 28754 I ViewRootImpl@bf68bc4[MainActivity]: performTraversals mFirst=false windowShouldResize=false viewVisibilityChanged=false mForceNextWindowRelayout=false params={(0,0)(fillxfill) sim={state=always_hidden adjust=resize} ty=BASE_APPLICATION fmt=TRANSLUCENT wanim=0x1030309
10-13 03:33:28.914 28754 28754 I ViewRootImpl@bf68bc4[MainActivity]:   fl=85810100
10-13 03:33:28.914 28754 28754 I ViewRootImpl@bf68bc4[MainActivity]:   pfl=12020040
10-13 03:33:28.914 28754 28754 I ViewRootImpl@bf68bc4[MainActivity]:   vsysui=500
10-13 03:33:28.914 28754 28754 I ViewRootImpl@bf68bc4[MainActivity]:   bhv=DEFAULT
10-13 03:33:28.914 28754 28754 I ViewRootImpl@bf68bc4[MainActivity]:   fitSides= naviIconColor=0}
10-13 03:33:28.919 28754 28754 I ViewRootImpl@bf68bc4[MainActivity]: updateBlastSurfaceIfNeeded mBlastBufferQueue=0x7b45b90500 isSameSurfaceControl=true
10-13 03:33:28.919 28754 28754 I BLASTBufferQueue: update, w= 1080 h= 2400 mName = ViewRootImpl@bf68bc4[MainActivity] mNativeObject= 0x7b45b90500 sc.mNativeObject= 0x7ae8443340 format= -3 caller= android.view.ViewRootImpl.updateBlastSurfaceIfNeeded:2898 android.view.ViewRootImpl.relayoutWindow:9847 android.view.ViewRootImpl.performTraversals:3884 android.view.ViewRootImpl.doTraversal:3116 android.view.ViewRootImpl$TraversalRunnable.run:10885 android.view.Choreographer$CallbackRecord.run:1301 
10-13 03:33:28.919 28754 28754 I ViewRootImpl@bf68bc4[MainActivity]: Relayout returned: old=(0,0,1080,2400) new=(0,0,1080,2400) req=(1080,2400)0 dur=5 res=0x0 s={true 0x7b60444000} ch=false seqId=0
10-13 03:33:28.919 28754 28754 I ViewRootImpl@bf68bc4[MainActivity]: updateBoundsLayer: t = android.view.SurfaceControl$Transaction@e0b00f1 sc = Surface(name=Bounds for - com.lagradost.cloudstream3/com.lagradost.cloudstream3.MainActivity@0)/@0x5f04d6 frame = 308
10-13 03:33:28.920 28754 28754 I ViewRootImpl@bf68bc4[MainActivity]: mWNT: t=0x7b60537d00 mBlastBufferQueue=0x7b45b90500 fn= 308 caller= android.view.ViewRootImpl.prepareSurfaces:2985 android.view.ViewRootImpl.performTraversals:4233 android.view.ViewRootImpl.doTraversal:3116 
10-13 03:33:28.921 28754 28776 D SurfaceView@aab55cd: windowPositionLost, frameNr = 308
10-13 03:33:28.921 28754 28859 I ViewRootImpl@bf68bc4[MainActivity]: mWNT: t=0x7ae7faa400 mBlastBufferQueue=0x7b45b90500 fn= 308 caller= android.view.ViewRootImpl.lambda$applyTransactionOnDraw$11$android-view-ViewRootImpl:12865 android.view.ViewRootImpl$$ExternalSyntheticLambda1.onFrameDraw:4 android.graphics.HardwareRenderer$FrameDrawingCallback.onFrameDraw:924 
10-13 03:33:28.922 28754 28859 I ViewRootImpl@bf68bc4[MainActivity]: mWNT: t=0x7ae7faa500 mBlastBufferQueue=0x7b45b90500 fn= 308 caller= android.view.ViewRootImpl.lambda$applyTransactionOnDraw$11$android-view-ViewRootImpl:12865 android.view.ViewRootImpl$$ExternalSyntheticLambda1.onFrameDraw:4 android.graphics.HardwareRenderer$FrameDrawingCallback.onFrameDraw:924 
10-13 03:33:28.922 28754 28859 I ViewRootImpl@bf68bc4[MainActivity]: mWNT: t=0x7ae7faa600 mBlastBufferQueue=0x7b45b90500 fn= 308 caller= android.view.ViewRootImpl.lambda$applyTransactionOnDraw$11$android-view-ViewRootImpl:12865 android.view.ViewRootImpl$$ExternalSyntheticLambda1.onFrameDraw:4 android.graphics.HardwareRenderer$FrameDrawingCallback.onFrameDraw:924 
10-13 03:33:29.389 28754 28754 I ViewRootImpl@bf68bc4[MainActivity]: ViewPostIme pointer 0
10-13 03:33:29.479 28754 28754 I ViewRootImpl@bf68bc4[MainActivity]: ViewPostIme pointer 1
10-13 03:33:29.502 28754 28754 I IMM_LC  : hsifw() - flag : 0
10-13 03:33:29.503 28754 28754 I IMM_LC  : hsifw() - mService.hideSoftInput
10-13 03:33:29.533 28754 28754 D ScrollView: initGoToTop
10-13 03:33:29.566 28754 28754 E CoilImgLoader: Error loading image: coil3.request.NullRequestDataException: The request's data is null.
10-13 03:33:29.584 28754 28754 D ScrollView:  onsize change changed 
10-13 03:33:30.448 28754 28754 I ViewRootImpl@bf68bc4[MainActivity]: ViewPostIme pointer 0
10-13 03:33:30.513 28754 28754 I ViewRootImpl@bf68bc4[MainActivity]: ViewPostIme pointer 1
10-13 03:33:30.538 28754 28754 I NavComponent: Navigating to fragment: 2131361879
10-13 03:33:30.563 28754 28754 I IMM_LC  : hsifw() - flag : 0
10-13 03:33:30.563 28754 28754 I IMM_LC  : hsifw() - mService.hideSoftInput
10-13 03:33:31.341 28754 28754 I ViewRootImpl@bf68bc4[MainActivity]: ViewPostIme pointer 0
10-13 03:33:31.433 28754 28754 D WindowOnBackDispatcher: onBackInvoked, viewRoot=ViewRootImpl@c214865[MainActivity], callback=androidx.activity.OnBackPressedDispatcher$Api33Impl$$ExternalSyntheticLambda0@c178ed5
10-13 03:33:31.443 28754 28754 I IMM_LC  : hsifw() - flag : 0
10-13 03:33:31.443 28754 28754 I IMM_LC  : hsifw() - mService.hideSoftInput
10-13 03:33:31.452 28754 28754 D ScrollView: initGoToTop
10-13 03:33:31.490 28754 28754 E CoilImgLoader: Error loading image: coil3.request.NullRequestDataException: The request's data is null.
10-13 03:33:31.509 28754 28754 D ScrollView:  onsize change changed 
10-13 03:33:32.142 28754 28754 I ViewRootImpl@bf68bc4[MainActivity]: ViewPostIme pointer 0
10-13 03:33:32.200 28754 28754 I ViewRootImpl@bf68bc4[MainActivity]: ViewPostIme pointer 1
10-13 03:33:32.212 28754 28754 I NavComponent: Navigating to fragment: 2131361884
10-13 03:33:32.217 28754 28754 I IMM_LC  : hsifw() - flag : 0
10-13 03:33:32.217 28754 28754 I IMM_LC  : hsifw() - mService.hideSoftInput
10-13 03:33:33.252 28754 28754 I ViewRootImpl@bf68bc4[MainActivity]: ViewPostIme pointer 0
10-13 03:33:33.329 28754 28754 I ViewRootImpl@bf68bc4[MainActivity]: ViewPostIme pointer 1
10-13 03:33:34.070 28754 28754 I ViewRootImpl@bf68bc4[MainActivity]: ViewPostIme pointer 0
10-13 03:33:34.127 28754 28754 I ViewRootImpl@bf68bc4[MainActivity]: ViewPostIme pointer 1
10-13 03:33:34.169 28754 28754 I Dialog  : mIsDeviceDefault = false, mIsSamsungBasicInteraction = false, isMetaDataInActivity = false
10-13 03:33:34.176 28754 28754 I DecorView: [INFO] isPopOver=false config=false
10-13 03:33:34.176 28754 28754 I DecorView: updateCaptionType: isFloating=true isApplication=true hasWindowDecorCaption=false this=DecorView@2a2c7[]
10-13 03:33:34.176 28754 28754 D DecorView: setCaptionType = 0, this = DecorView@2a2c7[]
10-13 03:33:34.178 28754 28754 I DecorView: setWindowBackground: isPopOver=false color=ff010101 d=android.graphics.drawable.InsetDrawable@aca901d
10-13 03:33:34.203 28754 28754 D ScrollView: initGoToTop
10-13 03:33:34.220 28754 28776 D NativeCustomFrequencyManager: [NativeCFMS] BpCustomFrequencyManager::BpCustomFrequencyManager()
10-13 03:33:34.220 28754 28754 I DecorView: onImmersiveModeChanged: isStatusBarHidden=true
10-13 03:33:34.233 28754 28754 D InsetsController: onStateChanged: InsetsState: {mDisplayFrame=Rect(0, 0 - 1080, 2400), mDisplayCutout=DisplayCutout{insets=Rect(0, 88 - 0, 0) waterfall=Insets{left=0, top=0, right=0, bottom=0} boundingRect={Bounds=[Rect(0, 0 - 0, 0), Rect(512, 0 - 568, 88), Rect(0, 0 - 0, 0), Rect(0, 0 - 0, 0)]} cutoutPathParserInfo={CutoutPathParserInfo{displayWidth=1080 displayHeight=2400 physicalDisplayWidth=1080 physicalDisplayHeight=2400 density={2.625} cutoutSpec={M 0,0 M 0,12.25101276465640 a 10.60613009248640,10.60613009248640 0 1,0 0,21.21226018497290 a 10.60613009248640,10.60613009248640 0 1,0 0,-21.21226018497290 Z @dp} rotation={0} scale={1.0} physicalPixelDisplaySizeRatio={1.0}}}}, mRoundedCorners=RoundedCorners{[RoundedCorner{position=TopLeft, radius=84, center=Point(84, 84)}, RoundedCorner{position=TopRight, radius=84, center=Point(996, 84)}, RoundedCorner{position=BottomRight, radius=84, center=Point(996, 2316)}, RoundedCorner{position=BottomLeft, radius=84, center=Point(84, 2316)}]}  mRoundedCornerFrame=Rect(0, 0 - 1080, 2400), mPrivacyIndicatorBounds=PrivacyIndicatorBounds {static bounds=Rect(964, 0 - 1080, 87) rotation=0}, mSources= { InsetsSource: {mType=ITYPE_STATUS_BAR, mFrame=[0,0][1080,88], mVisible=true, mInsetsRoundedCornerFrame=false}, InsetsSource: {mType=ITYPE_NAVIGATION_BAR, mFrame=[0,2361][1080,2400], mVisible=true, mInsetsRoundedCornerFrame=false}, InsetsSource: {mType=ITYPE_LEFT_GESTURES, mFrame=[0,0][130,2400], mVisible=true, mInsetsRoundedCornerFrame=false}, InsetsSource: {mType=ITYPE_RIGHT_GESTURES, mFrame=[950,0][1080,2400], mVisible=true, mInsetsRoundedCornerFrame=false}, InsetsSource: {mType=ITYPE_TOP_MANDATORY_GESTURES, mFrame=[0,0][1080,120], mVisible=true, mInsetsRoundedCornerFrame=false}, InsetsSource: {mType=ITYPE_BOTTOM_MANDATORY_GESTURES, mFrame=[0,2316][1080,2400], mVisible=true, mInsetsRoundedCornerFrame=false}, InsetsSource: {mType=ITYPE_LEFT_DISPLAY_CUTOUT, mFrame=[0,0][-100000,2400], mVisible=true, mInsetsRoundedCornerFrame=false}, InsetsSource: {mType=ITYPE_TOP_DISPLAY_CUTOUT, mFrame=[0,0][1080,88], mVisible=true, mInsetsRoundedCornerFrame=false}, InsetsSource: {mType=ITYPE_RIGHT_DISPLAY_CUTOUT, mFrame=[100000,0][1080,2400], mVisible=true, mInsetsRoundedCornerFrame=false}, InsetsSource: {mType=ITYPE_BOTTOM_DISPLAY_CUTOUT, mFrame=[0,100000][1080,2400], mVisible=true, mInsetsRoundedCornerFrame=false}, InsetsSource: {mType=ITYPE_TOP_TAPPABLE_ELEMENT, mFrame=[0,0][1080,88], mVisible=true, mInsetsRoundedCornerFrame=false}, InsetsSource: {mType=ITYPE_BOTTOM_TAPPABLE_ELEMENT, mFrame=[0,0][0,0], mVisible=true, mInsetsRoundedCornerFrame=false} } host=com.lagradost.cloudstream3/com.lagradost.cloudstream3.MainActivity from=android.view.ViewRootImpl.setView:1732
10-13 03:33:34.234 28754 28754 I ViewRootImpl@8449990[MainActivity]: setView = com.android.internal.policy.DecorView@2a2c7 TM=true
