10-16 00:41:19.839 27266 27353 I SurfaceView@d232ec3: aOrMT: ViewRootImpl@48d3b3a[MainActivity] t = android.view.SurfaceControl$Transaction@d7d8175 fN = 125 android.view.SurfaceView.-$$Nest$mapplyOrMergeTransaction:0 android.view.SurfaceView$SurfaceViewPositionUpdateListener.positionChanged:1537 android.graphics.RenderNode$CompositePositionUpdateListener.positionChanged:373 
10-16 00:41:19.839 27266 27353 I ViewRootImpl@48d3b3a[MainActivity]: mWNT: t=0x7adbf81400 mBlastBufferQueue=0x7b47381500 fn= 125 caller= android.view.SurfaceView.applyOrMergeTransaction:1455 android.view.SurfaceView.-$$Nest$mapplyOrMergeTransaction:0 android.view.SurfaceView$SurfaceViewPositionUpdateListener.positionChanged:1537 
10-16 00:41:19.839 27266 27353 I ViewRootImpl@48d3b3a[MainActivity]: mWNT: t=0x7b281a2300 mBlastBufferQueue=0x7b47381500 fn= 125 caller= android.view.ViewRootImpl.lambda$applyTransactionOnDraw$11$android-view-ViewRootImpl:12865 android.view.ViewRootImpl$$ExternalSyntheticLambda1.onFrameDraw:4 android.graphics.HardwareRenderer$FrameDrawingCallback.onFrameDraw:924 
10-16 00:41:19.846 27266 27266 I SurfaceView@d232ec3: Changes: creating=false format=false size=false visible=false alpha=false hint=false mUseAlpha=false visible=false left=false top=true
10-16 00:41:19.846 27266 27266 I SurfaceView@d232ec3: 220409539 Cur surface: Surface(name=null)/@0xb6866fe
10-16 00:41:19.846 27266 27266 I SurfaceView@d232ec3: applyTransactionOnVriDraw: vri = ViewRootImpl@48d3b3a[MainActivity] fRS = false t = 0x7b281a2400 android.view.SurfaceView.performSurfaceTransaction:959 android.view.SurfaceView.updateSurface:1105 android.view.SurfaceView.lambda$new$0$android-view-SurfaceView:200 
10-16 00:41:19.847 27266 27266 I ViewRootImpl@48d3b3a[MainActivity]: applyTransactionOnDraw: mRemoved = false isHardwareEnabled = true t = 0x7b281a2400android.view.SurfaceView.applyTransactionOnVriDraw:2048 android.view.SurfaceView.performSurfaceTransaction:959 android.view.SurfaceView.updateSurface:1105 android.view.SurfaceView.lambda$new$0$android-view-SurfaceView:200 android.view.SurfaceView$$ExternalSyntheticLambda5.onPreDraw:2 
10-16 00:41:19.847 27266 27266 I SurfaceView@d232ec3: updateSurface: mVisible = true mSurface.isValid() = true
10-16 00:41:19.847 27266 27266 I SurfaceView@d232ec3: updateSurface: mSurfaceCreated = true surfaceChanged = false visibleChanged = false
10-16 00:41:19.847 27266 27266 V SurfaceView@d232ec3: Layout: x=0 y=-445 w=1080 h=525, frame=Rect(0, 0 - 1080, 525)
10-16 00:41:19.856 27266 27354 D SurfaceView@d232ec3: updateSurfacePosition RenderWorker, frameNr = 126, position = [0, -501, 1080, 24] surfaceSize = 1080x525
10-16 00:41:19.856 27266 27354 I SurfaceView@d232ec3: uSP: rtp = Rect(0, -501 - 1080, 24) rtsw = 1080 rtsh = 525
10-16 00:41:19.857 27266 27354 I SurfaceView@d232ec3: onSSPAndSRT: pl = 0 pt = -501 sx = 1.0 sy = 1.0
10-16 00:41:19.857 27266 27354 I SurfaceView@d232ec3: aOrMT: ViewRootImpl@48d3b3a[MainActivity] t = android.view.SurfaceControl$Transaction@d7d8175 fN = 126 android.view.SurfaceView.-$$Nest$mapplyOrMergeTransaction:0 android.view.SurfaceView$SurfaceViewPositionUpdateListener.positionChanged:1537 android.graphics.RenderNode$CompositePositionUpdateListener.positionChanged:373 
10-16 00:41:19.857 27266 27354 I ViewRootImpl@48d3b3a[MainActivity]: mWNT: t=0x7adbf81400 mBlastBufferQueue=0x7b47381500 fn= 126 caller= android.view.SurfaceView.applyOrMergeTransaction:1455 android.view.SurfaceView.-$$Nest$mapplyOrMergeTransaction:0 android.view.SurfaceView$SurfaceViewPositionUpdateListener.positionChanged:1537 
10-16 00:41:19.857 27266 27354 I ViewRootImpl@48d3b3a[MainActivity]: mWNT: t=0x7b281a2400 mBlastBufferQueue=0x7b47381500 fn= 126 caller= android.view.ViewRootImpl.lambda$applyTransactionOnDraw$11$android-view-ViewRootImpl:12865 android.view.ViewRootImpl$$ExternalSyntheticLambda1.onFrameDraw:4 android.graphics.HardwareRenderer$FrameDrawingCallback.onFrameDraw:924 
10-16 00:41:19.863 27266 27266 I SurfaceView@d232ec3: Changes: creating=false format=false size=false visible=false alpha=false hint=false mUseAlpha=false visible=false left=false top=true
10-16 00:41:19.863 27266 27266 I SurfaceView@d232ec3: 220409539 Cur surface: Surface(name=null)/@0xb6866fe
10-16 00:41:19.863 27266 27266 I SurfaceView@d232ec3: applyTransactionOnVriDraw: vri = ViewRootImpl@48d3b3a[MainActivity] fRS = false t = 0x7b281a2500 android.view.SurfaceView.performSurfaceTransaction:959 android.view.SurfaceView.updateSurface:1105 android.view.SurfaceView.lambda$new$0$android-view-SurfaceView:200 
10-16 00:41:19.863 27266 27266 I ViewRootImpl@48d3b3a[MainActivity]: applyTransactionOnDraw: mRemoved = false isHardwareEnabled = true t = 0x7b281a2500android.view.SurfaceView.applyTransactionOnVriDraw:2048 android.view.SurfaceView.performSurfaceTransaction:959 android.view.SurfaceView.updateSurface:1105 android.view.SurfaceView.lambda$new$0$android-view-SurfaceView:200 android.view.SurfaceView$$ExternalSyntheticLambda5.onPreDraw:2 
10-16 00:41:19.863 27266 27266 I SurfaceView@d232ec3: updateSurface: mVisible = true mSurface.isValid() = true
10-16 00:41:19.863 27266 27266 I SurfaceView@d232ec3: updateSurface: mSurfaceCreated = true surfaceChanged = false visibleChanged = false
10-16 00:41:19.863 27266 27266 V SurfaceView@d232ec3: Layout: x=0 y=-501 w=1080 h=525, frame=Rect(0, 0 - 1080, 525)
10-16 00:41:19.876 27266 27353 D SurfaceView@d232ec3: updateSurfacePosition RenderWorker, frameNr = 127, position = [0, -552, 1080, -27] surfaceSize = 1080x525
10-16 00:41:19.876 27266 27353 I SurfaceView@d232ec3: uSP: rtp = Rect(0, -552 - 1080, -27) rtsw = 1080 rtsh = 525
10-16 00:41:19.876 27266 27353 I SurfaceView@d232ec3: onSSPAndSRT: pl = 0 pt = -552 sx = 1.0 sy = 1.0
10-16 00:41:19.876 27266 27353 I SurfaceView@d232ec3: aOrMT: ViewRootImpl@48d3b3a[MainActivity] t = android.view.SurfaceControl$Transaction@d7d8175 fN = 127 android.view.SurfaceView.-$$Nest$mapplyOrMergeTransaction:0 android.view.SurfaceView$SurfaceViewPositionUpdateListener.positionChanged:1537 android.graphics.RenderNode$CompositePositionUpdateListener.positionChanged:373 
10-16 00:41:19.876 27266 27353 I ViewRootImpl@48d3b3a[MainActivity]: mWNT: t=0x7adbf81400 mBlastBufferQueue=0x7b47381500 fn= 127 caller= android.view.SurfaceView.applyOrMergeTransaction:1455 android.view.SurfaceView.-$$Nest$mapplyOrMergeTransaction:0 android.view.SurfaceView$SurfaceViewPositionUpdateListener.positionChanged:1537 
10-16 00:41:19.876 27266 27353 I ViewRootImpl@48d3b3a[MainActivity]: mWNT: t=0x7b281a2500 mBlastBufferQueue=0x7b47381500 fn= 127 caller= android.view.ViewRootImpl.lambda$applyTransactionOnDraw$11$android-view-ViewRootImpl:12865 android.view.ViewRootImpl$$ExternalSyntheticLambda1.onFrameDraw:4 android.graphics.HardwareRenderer$FrameDrawingCallback.onFrameDraw:924 
10-16 00:41:19.879 27266 27266 I SurfaceView@d232ec3: Changes: creating=false format=false size=false visible=false alpha=false hint=false mUseAlpha=false visible=false left=false top=true
10-16 00:41:19.880 27266 27266 I SurfaceView@d232ec3: 220409539 Cur surface: Surface(name=null)/@0xb6866fe
10-16 00:41:19.880 27266 27266 I SurfaceView@d232ec3: applyTransactionOnVriDraw: vri = ViewRootImpl@48d3b3a[MainActivity] fRS = false t = 0x7b281a2600 android.view.SurfaceView.performSurfaceTransaction:959 android.view.SurfaceView.updateSurface:1105 android.view.SurfaceView.lambda$new$0$android-view-SurfaceView:200 
10-16 00:41:19.880 27266 27266 I ViewRootImpl@48d3b3a[MainActivity]: applyTransactionOnDraw: mRemoved = false isHardwareEnabled = true t = 0x7b281a2600android.view.SurfaceView.applyTransactionOnVriDraw:2048 android.view.SurfaceView.performSurfaceTransaction:959 android.view.SurfaceView.updateSurface:1105 android.view.SurfaceView.lambda$new$0$android-view-SurfaceView:200 android.view.SurfaceView$$ExternalSyntheticLambda5.onPreDraw:2 
10-16 00:41:19.880 27266 27266 I SurfaceView@d232ec3: updateSurface: mVisible = true mSurface.isValid() = true
10-16 00:41:19.880 27266 27266 I SurfaceView@d232ec3: updateSurface: mSurfaceCreated = true surfaceChanged = false visibleChanged = false
10-16 00:41:19.880 27266 27266 V SurfaceView@d232ec3: Layout: x=0 y=-552 w=1080 h=525, frame=Rect(0, 0 - 1080, 525)
10-16 00:41:19.889 27266 27354 D SurfaceView@d232ec3: updateSurfacePosition RenderWorker, frameNr = 128, position = [0, -604, 1080, -79] surfaceSize = 1080x525
10-16 00:41:19.889 27266 27354 I SurfaceView@d232ec3: uSP: rtp = Rect(0, -604 - 1080, -79) rtsw = 1080 rtsh = 525
10-16 00:41:19.889 27266 27354 I SurfaceView@d232ec3: onSSPAndSRT: pl = 0 pt = -604 sx = 1.0 sy = 1.0
10-16 00:41:19.890 27266 27354 I SurfaceView@d232ec3: aOrMT: ViewRootImpl@48d3b3a[MainActivity] t = android.view.SurfaceControl$Transaction@d7d8175 fN = 128 android.view.SurfaceView.-$$Nest$mapplyOrMergeTransaction:0 android.view.SurfaceView$SurfaceViewPositionUpdateListener.positionChanged:1537 android.graphics.RenderNode$CompositePositionUpdateListener.positionChanged:373 
10-16 00:41:19.890 27266 27354 I ViewRootImpl@48d3b3a[MainActivity]: mWNT: t=0x7adbf81400 mBlastBufferQueue=0x7b47381500 fn= 128 caller= android.view.SurfaceView.applyOrMergeTransaction:1455 android.view.SurfaceView.-$$Nest$mapplyOrMergeTransaction:0 android.view.SurfaceView$SurfaceViewPositionUpdateListener.positionChanged:1537 
10-16 00:41:19.890 27266 27354 I ViewRootImpl@48d3b3a[MainActivity]: mWNT: t=0x7b281a2600 mBlastBufferQueue=0x7b47381500 fn= 128 caller= android.view.ViewRootImpl.lambda$applyTransactionOnDraw$11$android-view-ViewRootImpl:12865 android.view.ViewRootImpl$$ExternalSyntheticLambda1.onFrameDraw:4 android.graphics.HardwareRenderer$FrameDrawingCallback.onFrameDraw:924 
10-16 00:41:19.896 27266 27266 I SurfaceView@d232ec3: Changes: creating=false format=false size=false visible=false alpha=false hint=false mUseAlpha=false visible=false left=false top=true
10-16 00:41:19.896 27266 27266 I SurfaceView@d232ec3: 220409539 Cur surface: Surface(name=null)/@0xb6866fe
10-16 00:41:19.897 27266 27266 I SurfaceView@d232ec3: applyTransactionOnVriDraw: vri = ViewRootImpl@48d3b3a[MainActivity] fRS = false t = 0x7b281a2700 android.view.SurfaceView.performSurfaceTransaction:959 android.view.SurfaceView.updateSurface:1105 android.view.SurfaceView.lambda$new$0$android-view-SurfaceView:200 
10-16 00:41:19.897 27266 27266 I ViewRootImpl@48d3b3a[MainActivity]: applyTransactionOnDraw: mRemoved = false isHardwareEnabled = true t = 0x7b281a2700android.view.SurfaceView.applyTransactionOnVriDraw:2048 android.view.SurfaceView.performSurfaceTransaction:959 android.view.SurfaceView.updateSurface:1105 android.view.SurfaceView.lambda$new$0$android-view-SurfaceView:200 android.view.SurfaceView$$ExternalSyntheticLambda5.onPreDraw:2 
10-16 00:41:19.897 27266 27266 I SurfaceView@d232ec3: updateSurface: mVisible = true mSurface.isValid() = true
10-16 00:41:19.897 27266 27266 I SurfaceView@d232ec3: updateSurface: mSurfaceCreated = true surfaceChanged = false visibleChanged = false
10-16 00:41:19.897 27266 27266 V SurfaceView@d232ec3: Layout: x=0 y=-604 w=1080 h=525, frame=Rect(0, 0 - 1080, 525)
10-16 00:41:19.909 27266 27353 D SurfaceView@d232ec3: updateSurfacePosition RenderWorker, frameNr = 129, position = [0, -654, 1080, -129] surfaceSize = 1080x525
10-16 00:41:19.909 27266 27353 I SurfaceView@d232ec3: uSP: rtp = Rect(0, -654 - 1080, -129) rtsw = 1080 rtsh = 525
10-16 00:41:19.909 27266 27353 I SurfaceView@d232ec3: onSSPAndSRT: pl = 0 pt = -654 sx = 1.0 sy = 1.0
10-16 00:41:19.910 27266 27353 I SurfaceView@d232ec3: aOrMT: ViewRootImpl@48d3b3a[MainActivity] t = android.view.SurfaceControl$Transaction@d7d8175 fN = 129 android.view.SurfaceView.-$$Nest$mapplyOrMergeTransaction:0 android.view.SurfaceView$SurfaceViewPositionUpdateListener.positionChanged:1537 android.graphics.RenderNode$CompositePositionUpdateListener.positionChanged:373 
10-16 00:41:19.910 27266 27353 I ViewRootImpl@48d3b3a[MainActivity]: mWNT: t=0x7adbf81400 mBlastBufferQueue=0x7b47381500 fn= 129 caller= android.view.SurfaceView.applyOrMergeTransaction:1455 android.view.SurfaceView.-$$Nest$mapplyOrMergeTransaction:0 android.view.SurfaceView$SurfaceViewPositionUpdateListener.positionChanged:1537 
10-16 00:41:19.910 27266 27353 I ViewRootImpl@48d3b3a[MainActivity]: mWNT: t=0x7b281a2700 mBlastBufferQueue=0x7b47381500 fn= 129 caller= android.view.ViewRootImpl.lambda$applyTransactionOnDraw$11$android-view-ViewRootImpl:12865 android.view.ViewRootImpl$$ExternalSyntheticLambda1.onFrameDraw:4 android.graphics.HardwareRenderer$FrameDrawingCallback.onFrameDraw:924 
10-16 00:41:19.913 27266 27266 I SurfaceView@d232ec3: Changes: creating=false format=false size=false visible=false alpha=false hint=false mUseAlpha=false visible=false left=false top=true
10-16 00:41:19.913 27266 27266 I SurfaceView@d232ec3: 220409539 Cur surface: Surface(name=null)/@0xb6866fe
10-16 00:41:19.913 27266 27266 I SurfaceView@d232ec3: applyTransactionOnVriDraw: vri = ViewRootImpl@48d3b3a[MainActivity] fRS = false t = 0x7b281a2800 android.view.SurfaceView.performSurfaceTransaction:959 android.view.SurfaceView.updateSurface:1105 android.view.SurfaceView.lambda$new$0$android-view-SurfaceView:200 
10-16 00:41:19.913 27266 27266 I ViewRootImpl@48d3b3a[MainActivity]: applyTransactionOnDraw: mRemoved = false isHardwareEnabled = true t = 0x7b281a2800android.view.SurfaceView.applyTransactionOnVriDraw:2048 android.view.SurfaceView.performSurfaceTransaction:959 android.view.SurfaceView.updateSurface:1105 android.view.SurfaceView.lambda$new$0$android-view-SurfaceView:200 android.view.SurfaceView$$ExternalSyntheticLambda5.onPreDraw:2 
10-16 00:41:19.913 27266 27266 I SurfaceView@d232ec3: updateSurface: mVisible = true mSurface.isValid() = true
10-16 00:41:19.914 27266 27266 I SurfaceView@d232ec3: updateSurface: mSurfaceCreated = true surfaceChanged = false visibleChanged = false
10-16 00:41:19.914 27266 27266 V SurfaceView@d232ec3: Layout: x=0 y=-654 w=1080 h=525, frame=Rect(0, 0 - 1080, 525)
10-16 00:41:19.923 27266 27354 D SurfaceView@d232ec3: updateSurfacePosition RenderWorker, frameNr = 130, position = [0, -698, 1080, -173] surfaceSize = 1080x525
10-16 00:41:19.923 27266 27354 I SurfaceView@d232ec3: uSP: rtp = Rect(0, -698 - 1080, -173) rtsw = 1080 rtsh = 525
10-16 00:41:19.923 27266 27354 I SurfaceView@d232ec3: onSSPAndSRT: pl = 0 pt = -698 sx = 1.0 sy = 1.0
10-16 00:41:19.923 27266 27354 I SurfaceView@d232ec3: aOrMT: ViewRootImpl@48d3b3a[MainActivity] t = android.view.SurfaceControl$Transaction@d7d8175 fN = 130 android.view.SurfaceView.-$$Nest$mapplyOrMergeTransaction:0 android.view.SurfaceView$SurfaceViewPositionUpdateListener.positionChanged:1537 android.graphics.RenderNode$CompositePositionUpdateListener.positionChanged:373 
10-16 00:41:19.923 27266 27354 I ViewRootImpl@48d3b3a[MainActivity]: mWNT: t=0x7adbf81400 mBlastBufferQueue=0x7b47381500 fn= 130 caller= android.view.SurfaceView.applyOrMergeTransaction:1455 android.view.SurfaceView.-$$Nest$mapplyOrMergeTransaction:0 android.view.SurfaceView$SurfaceViewPositionUpdateListener.positionChanged:1537 
10-16 00:41:19.923 27266 27354 I ViewRootImpl@48d3b3a[MainActivity]: mWNT: t=0x7b281a2800 mBlastBufferQueue=0x7b47381500 fn= 130 caller= android.view.ViewRootImpl.lambda$applyTransactionOnDraw$11$android-view-ViewRootImpl:12865 android.view.ViewRootImpl$$ExternalSyntheticLambda1.onFrameDraw:4 android.graphics.HardwareRenderer$FrameDrawingCallback.onFrameDraw:924 
10-16 00:41:19.930 27266 27266 I SurfaceView@d232ec3: Changes: creating=false format=false size=false visible=false alpha=false hint=false mUseAlpha=false visible=false left=false top=true
10-16 00:41:19.930 27266 27266 I SurfaceView@d232ec3: 220409539 Cur surface: Surface(name=null)/@0xb6866fe
10-16 00:41:19.931 27266 27266 I SurfaceView@d232ec3: applyTransactionOnVriDraw: vri = ViewRootImpl@48d3b3a[MainActivity] fRS = false t = 0x7b281a2a00 android.view.SurfaceView.performSurfaceTransaction:959 android.view.SurfaceView.updateSurface:1105 android.view.SurfaceView.lambda$new$0$android-view-SurfaceView:200 
10-16 00:41:19.931 27266 27266 I ViewRootImpl@48d3b3a[MainActivity]: applyTransactionOnDraw: mRemoved = false isHardwareEnabled = true t = 0x7b281a2a00android.view.SurfaceView.applyTransactionOnVriDraw:2048 android.view.SurfaceView.performSurfaceTransaction:959 android.view.SurfaceView.updateSurface:1105 android.view.SurfaceView.lambda$new$0$android-view-SurfaceView:200 android.view.SurfaceView$$ExternalSyntheticLambda5.onPreDraw:2 
10-16 00:41:19.931 27266 27266 I SurfaceView@d232ec3: updateSurface: mVisible = true mSurface.isValid() = true
10-16 00:41:19.931 27266 27266 I SurfaceView@d232ec3: updateSurface: mSurfaceCreated = true surfaceChanged = false visibleChanged = false
10-16 00:41:19.931 27266 27266 V SurfaceView@d232ec3: Layout: x=0 y=-698 w=1080 h=525, frame=Rect(0, 0 - 1080, 525)
10-16 00:41:19.941 27266 27353 D SurfaceView@d232ec3: updateSurfacePosition RenderWorker, frameNr = 131, position = [0, -743, 1080, -218] surfaceSize = 1080x525
10-16 00:41:19.941 27266 27353 I SurfaceView@d232ec3: uSP: rtp = Rect(0, -743 - 1080, -218) rtsw = 1080 rtsh = 525
10-16 00:41:19.941 27266 27353 I SurfaceView@d232ec3: onSSPAndSRT: pl = 0 pt = -743 sx = 1.0 sy = 1.0
10-16 00:41:19.941 27266 27353 I SurfaceView@d232ec3: aOrMT: ViewRootImpl@48d3b3a[MainActivity] t = android.view.SurfaceControl$Transaction@d7d8175 fN = 131 android.view.SurfaceView.-$$Nest$mapplyOrMergeTransaction:0 android.view.SurfaceView$SurfaceViewPositionUpdateListener.positionChanged:1537 android.graphics.RenderNode$CompositePositionUpdateListener.positionChanged:373 
10-16 00:41:19.941 27266 27353 I ViewRootImpl@48d3b3a[MainActivity]: mWNT: t=0x7adbf81400 mBlastBufferQueue=0x7b47381500 fn= 131 caller= android.view.SurfaceView.applyOrMergeTransaction:1455 android.view.SurfaceView.-$$Nest$mapplyOrMergeTransaction:0 android.view.SurfaceView$SurfaceViewPositionUpdateListener.positionChanged:1537 
10-16 00:41:19.941 27266 27353 I ViewRootImpl@48d3b3a[MainActivity]: mWNT: t=0x7b281a2a00 mBlastBufferQueue=0x7b47381500 fn= 131 caller= android.view.ViewRootImpl.lambda$applyTransactionOnDraw$11$android-view-ViewRootImpl:12865 android.view.ViewRootImpl$$ExternalSyntheticLambda1.onFrameDraw:4 android.graphics.HardwareRenderer$FrameDrawingCallback.onFrameDraw:924 
10-16 00:41:19.946 27266 27266 I SurfaceView@d232ec3: Changes: creating=false format=false size=false visible=false alpha=false hint=false mUseAlpha=false visible=false left=false top=true
10-16 00:41:19.947 27266 27266 I SurfaceView@d232ec3: 220409539 Cur surface: Surface(name=null)/@0xb6866fe
10-16 00:41:19.947 27266 27266 I SurfaceView@d232ec3: applyTransactionOnVriDraw: vri = ViewRootImpl@48d3b3a[MainActivity] fRS = false t = 0x7b281a2b00 android.view.SurfaceView.performSurfaceTransaction:959 android.view.SurfaceView.updateSurface:1105 android.view.SurfaceView.lambda$new$0$android-view-SurfaceView:200 
10-16 00:41:19.947 27266 27266 I ViewRootImpl@48d3b3a[MainActivity]: applyTransactionOnDraw: mRemoved = false isHardwareEnabled = true t = 0x7b281a2b00android.view.SurfaceView.applyTransactionOnVriDraw:2048 android.view.SurfaceView.performSurfaceTransaction:959 android.view.SurfaceView.updateSurface:1105 android.view.SurfaceView.lambda$new$0$android-view-SurfaceView:200 android.view.SurfaceView$$ExternalSyntheticLambda5.onPreDraw:2 
10-16 00:41:19.947 27266 27266 I SurfaceView@d232ec3: updateSurface: mVisible = true mSurface.isValid() = true
10-16 00:41:19.947 27266 27266 I SurfaceView@d232ec3: updateSurface: mSurfaceCreated = true surfaceChanged = false visibleChanged = false
10-16 00:41:19.947 27266 27266 V SurfaceView@d232ec3: Layout: x=0 y=-743 w=1080 h=525, frame=Rect(0, 0 - 1080, 525)
10-16 00:41:19.957 27266 27354 D SurfaceView@d232ec3: updateSurfacePosition RenderWorker, frameNr = 132, position = [0, -786, 1080, -261] surfaceSize = 1080x525
10-16 00:41:19.958 27266 27354 I SurfaceView@d232ec3: uSP: rtp = Rect(0, -786 - 1080, -261) rtsw = 1080 rtsh = 525
10-16 00:41:19.958 27266 27354 I SurfaceView@d232ec3: onSSPAndSRT: pl = 0 pt = -786 sx = 1.0 sy = 1.0
10-16 00:41:19.958 27266 27354 I SurfaceView@d232ec3: aOrMT: ViewRootImpl@48d3b3a[MainActivity] t = android.view.SurfaceControl$Transaction@d7d8175 fN = 132 android.view.SurfaceView.-$$Nest$mapplyOrMergeTransaction:0 android.view.SurfaceView$SurfaceViewPositionUpdateListener.positionChanged:1537 android.graphics.RenderNode$CompositePositionUpdateListener.positionChanged:373 
10-16 00:41:19.958 27266 27354 I ViewRootImpl@48d3b3a[MainActivity]: mWNT: t=0x7adbf81400 mBlastBufferQueue=0x7b47381500 fn= 132 caller= android.view.SurfaceView.applyOrMergeTransaction:1455 android.view.SurfaceView.-$$Nest$mapplyOrMergeTransaction:0 android.view.SurfaceView$SurfaceViewPositionUpdateListener.positionChanged:1537 
10-16 00:41:19.958 27266 27354 I ViewRootImpl@48d3b3a[MainActivity]: mWNT: t=0x7b281a2b00 mBlastBufferQueue=0x7b47381500 fn= 132 caller= android.view.ViewRootImpl.lambda$applyTransactionOnDraw$11$android-view-ViewRootImpl:12865 android.view.ViewRootImpl$$ExternalSyntheticLambda1.onFrameDraw:4 android.graphics.HardwareRenderer$FrameDrawingCallback.onFrameDraw:924 
10-16 00:41:19.963 27266 27266 I SurfaceView@d232ec3: Changes: creating=false format=false size=false visible=false alpha=false hint=false mUseAlpha=false visible=false left=false top=true
10-16 00:41:19.964 27266 27266 I SurfaceView@d232ec3: 220409539 Cur surface: Surface(name=null)/@0xb6866fe
10-16 00:41:19.964 27266 27266 I SurfaceView@d232ec3: applyTransactionOnVriDraw: vri = ViewRootImpl@48d3b3a[MainActivity] fRS = false t = 0x7b281a2d00 android.view.SurfaceView.performSurfaceTransaction:959 android.view.SurfaceView.updateSurface:1105 android.view.SurfaceView.lambda$new$0$android-view-SurfaceView:200 
10-16 00:41:19.964 27266 27266 I ViewRootImpl@48d3b3a[MainActivity]: applyTransactionOnDraw: mRemoved = false isHardwareEnabled = true t = 0x7b281a2d00android.view.SurfaceView.applyTransactionOnVriDraw:2048 android.view.SurfaceView.performSurfaceTransaction:959 android.view.SurfaceView.updateSurface:1105 android.view.SurfaceView.lambda$new$0$android-view-SurfaceView:200 android.view.SurfaceView$$ExternalSyntheticLambda5.onPreDraw:2 
10-16 00:41:19.964 27266 27266 I SurfaceView@d232ec3: updateSurface: mVisible = true mSurface.isValid() = true
10-16 00:41:19.964 27266 27266 I SurfaceView@d232ec3: updateSurface: mSurfaceCreated = true surfaceChanged = false visibleChanged = false
10-16 00:41:19.964 27266 27266 V SurfaceView@d232ec3: Layout: x=0 y=-786 w=1080 h=525, frame=Rect(0, 0 - 1080, 525)
10-16 00:41:19.974 27266 27353 D SurfaceView@d232ec3: updateSurfacePosition RenderWorker, frameNr = 133, position = [0, -824, 1080, -299] surfaceSize = 1080x525
10-16 00:41:19.974 27266 27353 I SurfaceView@d232ec3: uSP: rtp = Rect(0, -824 - 1080, -299) rtsw = 1080 rtsh = 525
10-16 00:41:19.974 27266 27353 I SurfaceView@d232ec3: onSSPAndSRT: pl = 0 pt = -824 sx = 1.0 sy = 1.0
10-16 00:41:19.975 27266 27353 I SurfaceView@d232ec3: aOrMT: ViewRootImpl@48d3b3a[MainActivity] t = android.view.SurfaceControl$Transaction@d7d8175 fN = 133 android.view.SurfaceView.-$$Nest$mapplyOrMergeTransaction:0 android.view.SurfaceView$SurfaceViewPositionUpdateListener.positionChanged:1537 android.graphics.RenderNode$CompositePositionUpdateListener.positionChanged:373 
10-16 00:41:19.975 27266 27353 I ViewRootImpl@48d3b3a[MainActivity]: mWNT: t=0x7adbf81400 mBlastBufferQueue=0x7b47381500 fn= 133 caller= android.view.SurfaceView.applyOrMergeTransaction:1455 android.view.SurfaceView.-$$Nest$mapplyOrMergeTransaction:0 android.view.SurfaceView$SurfaceViewPositionUpdateListener.positionChanged:1537 
10-16 00:41:19.975 27266 27353 I ViewRootImpl@48d3b3a[MainActivity]: mWNT: t=0x7b281a2d00 mBlastBufferQueue=0x7b47381500 fn= 133 caller= android.view.ViewRootImpl.lambda$applyTransactionOnDraw$11$android-view-ViewRootImpl:12865 android.view.ViewRootImpl$$ExternalSyntheticLambda1.onFrameDraw:4 android.graphics.HardwareRenderer$FrameDrawingCallback.onFrameDraw:924 
10-16 00:41:19.980 27266 27266 I SurfaceView@d232ec3: Changes: creating=false format=false size=false visible=false alpha=false hint=false mUseAlpha=false visible=false left=false top=true
10-16 00:41:19.980 27266 27266 I SurfaceView@d232ec3: 220409539 Cur surface: Surface(name=null)/@0xb6866fe
10-16 00:41:19.980 27266 27266 I SurfaceView@d232ec3: applyTransactionOnVriDraw: vri = ViewRootImpl@48d3b3a[MainActivity] fRS = false t = 0x7b281a2e00 android.view.SurfaceView.performSurfaceTransaction:959 android.view.SurfaceView.updateSurface:1105 android.view.SurfaceView.lambda$new$0$android-view-SurfaceView:200 
10-16 00:41:19.981 27266 27266 I ViewRootImpl@48d3b3a[MainActivity]: applyTransactionOnDraw: mRemoved = false isHardwareEnabled = true t = 0x7b281a2e00android.view.SurfaceView.applyTransactionOnVriDraw:2048 android.view.SurfaceView.performSurfaceTransaction:959 android.view.SurfaceView.updateSurface:1105 android.view.SurfaceView.lambda$new$0$android-view-SurfaceView:200 android.view.SurfaceView$$ExternalSyntheticLambda5.onPreDraw:2 
10-16 00:41:19.981 27266 27266 I SurfaceView@d232ec3: updateSurface: mVisible = true mSurface.isValid() = true
10-16 00:41:19.981 27266 27266 I SurfaceView@d232ec3: updateSurface: mSurfaceCreated = true surfaceChanged = false visibleChanged = false
10-16 00:41:19.981 27266 27266 V SurfaceView@d232ec3: Layout: x=0 y=-824 w=1080 h=525, frame=Rect(0, 0 - 1080, 525)
10-16 00:41:19.990 27266 27354 D SurfaceView@d232ec3: updateSurfacePosition RenderWorker, frameNr = 134, position = [0, -863, 1080, -338] surfaceSize = 1080x525
10-16 00:41:19.991 27266 27354 I SurfaceView@d232ec3: uSP: rtp = Rect(0, -863 - 1080, -338) rtsw = 1080 rtsh = 525
10-16 00:41:19.991 27266 27354 I SurfaceView@d232ec3: onSSPAndSRT: pl = 0 pt = -863 sx = 1.0 sy = 1.0
10-16 00:41:19.991 27266 27354 I SurfaceView@d232ec3: aOrMT: ViewRootImpl@48d3b3a[MainActivity] t = android.view.SurfaceControl$Transaction@d7d8175 fN = 134 android.view.SurfaceView.-$$Nest$mapplyOrMergeTransaction:0 android.view.SurfaceView$SurfaceViewPositionUpdateListener.positionChanged:1537 android.graphics.RenderNode$CompositePositionUpdateListener.positionChanged:373 
10-16 00:41:19.991 27266 27354 I ViewRootImpl@48d3b3a[MainActivity]: mWNT: t=0x7adbf81400 mBlastBufferQueue=0x7b47381500 fn= 134 caller= android.view.SurfaceView.applyOrMergeTransaction:1455 android.view.SurfaceView.-$$Nest$mapplyOrMergeTransaction:0 android.view.SurfaceView$SurfaceViewPositionUpdateListener.positionChanged:1537 
10-16 00:41:19.991 27266 27354 I ViewRootImpl@48d3b3a[MainActivity]: mWNT: t=0x7b281a2e00 mBlastBufferQueue=0x7b47381500 fn= 134 caller= android.view.ViewRootImpl.lambda$applyTransactionOnDraw$11$android-view-ViewRootImpl:12865 android.view.ViewRootImpl$$ExternalSyntheticLambda1.onFrameDraw:4 android.graphics.HardwareRenderer$FrameDrawingCallback.onFrameDraw:924 
10-16 00:41:19.997 27266 27266 I SurfaceView@d232ec3: Changes: creating=false format=false size=false visible=false alpha=false hint=false mUseAlpha=false visible=false left=false top=true
10-16 00:41:19.997 27266 27266 I SurfaceView@d232ec3: 220409539 Cur surface: Surface(name=null)/@0xb6866fe
10-16 00:41:19.997 27266 27266 I SurfaceView@d232ec3: applyTransactionOnVriDraw: vri = ViewRootImpl@48d3b3a[MainActivity] fRS = false t = 0x7b281a2f00 android.view.SurfaceView.performSurfaceTransaction:959 android.view.SurfaceView.updateSurface:1105 android.view.SurfaceView.lambda$new$0$android-view-SurfaceView:200 
10-16 00:41:19.998 27266 27266 I ViewRootImpl@48d3b3a[MainActivity]: applyTransactionOnDraw: mRemoved = false isHardwareEnabled = true t = 0x7b281a2f00android.view.SurfaceView.applyTransactionOnVriDraw:2048 android.view.SurfaceView.performSurfaceTransaction:959 android.view.SurfaceView.updateSurface:1105 android.view.SurfaceView.lambda$new$0$android-view-SurfaceView:200 android.view.SurfaceView$$ExternalSyntheticLambda5.onPreDraw:2 
10-16 00:41:19.998 27266 27266 I SurfaceView@d232ec3: updateSurface: mVisible = true mSurface.isValid() = true
10-16 00:41:19.998 27266 27266 I SurfaceView@d232ec3: updateSurface: mSurfaceCreated = true surfaceChanged = false visibleChanged = false
10-16 00:41:19.998 27266 27266 V SurfaceView@d232ec3: Layout: x=0 y=-863 w=1080 h=525, frame=Rect(0, 0 - 1080, 525)
10-16 00:41:20.009 27266 27353 D SurfaceView@d232ec3: updateSurfacePosition RenderWorker, frameNr = 135, position = [0, -900, 1080, -375] surfaceSize = 1080x525
10-16 00:41:20.009 27266 27353 I SurfaceView@d232ec3: uSP: rtp = Rect(0, -900 - 1080, -375) rtsw = 1080 rtsh = 525
10-16 00:41:20.009 27266 27353 I SurfaceView@d232ec3: onSSPAndSRT: pl = 0 pt = -900 sx = 1.0 sy = 1.0
10-16 00:41:20.009 27266 27353 I SurfaceView@d232ec3: aOrMT: ViewRootImpl@48d3b3a[MainActivity] t = android.view.SurfaceControl$Transaction@d7d8175 fN = 135 android.view.SurfaceView.-$$Nest$mapplyOrMergeTransaction:0 android.view.SurfaceView$SurfaceViewPositionUpdateListener.positionChanged:1537 android.graphics.RenderNode$CompositePositionUpdateListener.positionChanged:373 
10-16 00:41:20.009 27266 27353 I ViewRootImpl@48d3b3a[MainActivity]: mWNT: t=0x7adbf81400 mBlastBufferQueue=0x7b47381500 fn= 135 caller= android.view.SurfaceView.applyOrMergeTransaction:1455 android.view.SurfaceView.-$$Nest$mapplyOrMergeTransaction:0 android.view.SurfaceView$SurfaceViewPositionUpdateListener.positionChanged:1537 
10-16 00:41:20.009 27266 27353 I ViewRootImpl@48d3b3a[MainActivity]: mWNT: t=0x7b281a2f00 mBlastBufferQueue=0x7b47381500 fn= 135 caller= android.view.ViewRootImpl.lambda$applyTransactionOnDraw$11$android-view-ViewRootImpl:12865 android.view.ViewRootImpl$$ExternalSyntheticLambda1.onFrameDraw:4 android.graphics.HardwareRenderer$FrameDrawingCallback.onFrameDraw:924 
10-16 00:41:20.013 27266 27266 I SurfaceView@d232ec3: Changes: creating=false format=false size=false visible=false alpha=false hint=false mUseAlpha=false visible=false left=false top=true
10-16 00:41:20.013 27266 27266 I SurfaceView@d232ec3: 220409539 Cur surface: Surface(name=null)/@0xb6866fe
10-16 00:41:20.014 27266 27266 I SurfaceView@d232ec3: applyTransactionOnVriDraw: vri = ViewRootImpl@48d3b3a[MainActivity] fRS = false t = 0x7b47484000 android.view.SurfaceView.performSurfaceTransaction:959 android.view.SurfaceView.updateSurface:1105 android.view.SurfaceView.lambda$new$0$android-view-SurfaceView:200 
10-16 00:41:20.014 27266 27266 I ViewRootImpl@48d3b3a[MainActivity]: applyTransactionOnDraw: mRemoved = false isHardwareEnabled = true t = 0x7b47484000android.view.SurfaceView.applyTransactionOnVriDraw:2048 android.view.SurfaceView.performSurfaceTransaction:959 android.view.SurfaceView.updateSurface:1105 android.view.SurfaceView.lambda$new$0$android-view-SurfaceView:200 android.view.SurfaceView$$ExternalSyntheticLambda5.onPreDraw:2 
10-16 00:41:20.014 27266 27266 I SurfaceView@d232ec3: updateSurface: mVisible = true mSurface.isValid() = true
10-16 00:41:20.014 27266 27266 I SurfaceView@d232ec3: updateSurface: mSurfaceCreated = true surfaceChanged = false visibleChanged = false
10-16 00:41:20.014 27266 27266 V SurfaceView@d232ec3: Layout: x=0 y=-900 w=1080 h=525, frame=Rect(0, 0 - 1080, 525)
10-16 00:41:20.024 27266 27354 D SurfaceView@d232ec3: updateSurfacePosition RenderWorker, frameNr = 136, position = [0, -933, 1080, -408] surfaceSize = 1080x525
10-16 00:41:20.024 27266 27354 I SurfaceView@d232ec3: uSP: rtp = Rect(0, -933 - 1080, -408) rtsw = 1080 rtsh = 525
10-16 00:41:20.024 27266 27354 I SurfaceView@d232ec3: onSSPAndSRT: pl = 0 pt = -933 sx = 1.0 sy = 1.0
10-16 00:41:20.025 27266 27354 I SurfaceView@d232ec3: aOrMT: ViewRootImpl@48d3b3a[MainActivity] t = android.view.SurfaceControl$Transaction@d7d8175 fN = 136 android.view.SurfaceView.-$$Nest$mapplyOrMergeTransaction:0 android.view.SurfaceView$SurfaceViewPositionUpdateListener.positionChanged:1537 android.graphics.RenderNode$CompositePositionUpdateListener.positionChanged:373 
10-16 00:41:20.025 27266 27354 I ViewRootImpl@48d3b3a[MainActivity]: mWNT: t=0x7adbf81400 mBlastBufferQueue=0x7b47381500 fn= 136 caller= android.view.SurfaceView.applyOrMergeTransaction:1455 android.view.SurfaceView.-$$Nest$mapplyOrMergeTransaction:0 android.view.SurfaceView$SurfaceViewPositionUpdateListener.positionChanged:1537 
10-16 00:41:20.025 27266 27354 I ViewRootImpl@48d3b3a[MainActivity]: mWNT: t=0x7b47484000 mBlastBufferQueue=0x7b47381500 fn= 136 caller= android.view.ViewRootImpl.lambda$applyTransactionOnDraw$11$android-view-ViewRootImpl:12865 android.view.ViewRootImpl$$ExternalSyntheticLambda1.onFrameDraw:4 android.graphics.HardwareRenderer$FrameDrawingCallback.onFrameDraw:924 
10-16 00:41:20.030 27266 27266 I SurfaceView@d232ec3: Changes: creating=false format=false size=false visible=false alpha=false hint=false mUseAlpha=false visible=false left=false top=true
10-16 00:41:20.030 27266 27266 I SurfaceView@d232ec3: 220409539 Cur surface: Surface(name=null)/@0xb6866fe
10-16 00:41:20.031 27266 27266 I SurfaceView@d232ec3: applyTransactionOnVriDraw: vri = ViewRootImpl@48d3b3a[MainActivity] fRS = false t = 0x7b47484100 android.view.SurfaceView.performSurfaceTransaction:959 android.view.SurfaceView.updateSurface:1105 android.view.SurfaceView.lambda$new$0$android-view-SurfaceView:200 
10-16 00:41:20.031 27266 27266 I ViewRootImpl@48d3b3a[MainActivity]: applyTransactionOnDraw: mRemoved = false isHardwareEnabled = true t = 0x7b47484100android.view.SurfaceView.applyTransactionOnVriDraw:2048 android.view.SurfaceView.performSurfaceTransaction:959 android.view.SurfaceView.updateSurface:1105 android.view.SurfaceView.lambda$new$0$android-view-SurfaceView:200 android.view.SurfaceView$$ExternalSyntheticLambda5.onPreDraw:2 
10-16 00:41:20.031 27266 27266 I SurfaceView@d232ec3: updateSurface: mVisible = true mSurface.isValid() = true
10-16 00:41:20.031 27266 27266 I SurfaceView@d232ec3: updateSurface: mSurfaceCreated = true surfaceChanged = false visibleChanged = false
10-16 00:41:20.031 27266 27266 V SurfaceView@d232ec3: Layout: x=0 y=-933 w=1080 h=525, frame=Rect(0, 0 - 1080, 525)
10-16 00:41:20.039 27266 27353 D SurfaceView@d232ec3: updateSurfacePosition RenderWorker, frameNr = 137, position = [0, -967, 1080, -442] surfaceSize = 1080x525
10-16 00:41:20.039 27266 27353 I SurfaceView@d232ec3: uSP: rtp = Rect(0, -967 - 1080, -442) rtsw = 1080 rtsh = 525
10-16 00:41:20.039 27266 27353 I SurfaceView@d232ec3: onSSPAndSRT: pl = 0 pt = -967 sx = 1.0 sy = 1.0
10-16 00:41:20.039 27266 27353 I SurfaceView@d232ec3: aOrMT: ViewRootImpl@48d3b3a[MainActivity] t = android.view.SurfaceControl$Transaction@d7d8175 fN = 137 android.view.SurfaceView.-$$Nest$mapplyOrMergeTransaction:0 android.view.SurfaceView$SurfaceViewPositionUpdateListener.positionChanged:1537 android.graphics.RenderNode$CompositePositionUpdateListener.positionChanged:373 
10-16 00:41:20.040 27266 27353 I ViewRootImpl@48d3b3a[MainActivity]: mWNT: t=0x7adbf81400 mBlastBufferQueue=0x7b47381500 fn= 137 caller= android.view.SurfaceView.applyOrMergeTransaction:1455 android.view.SurfaceView.-$$Nest$mapplyOrMergeTransaction:0 android.view.SurfaceView$SurfaceViewPositionUpdateListener.positionChanged:1537 
10-16 00:41:20.040 27266 27353 I ViewRootImpl@48d3b3a[MainActivity]: mWNT: t=0x7b47484100 mBlastBufferQueue=0x7b47381500 fn= 137 caller= android.view.ViewRootImpl.lambda$applyTransactionOnDraw$11$android-view-ViewRootImpl:12865 android.view.ViewRootImpl$$ExternalSyntheticLambda1.onFrameDraw:4 android.graphics.HardwareRenderer$FrameDrawingCallback.onFrameDraw:924 
10-16 00:41:20.044 27266 27266 I SurfaceView@d232ec3: Changes: creating=false format=false size=false visible=false alpha=false hint=false mUseAlpha=false visible=false left=false top=true
10-16 00:41:20.045 27266 27266 I SurfaceView@d232ec3: 220409539 Cur surface: Surface(name=null)/@0xb6866fe
10-16 00:41:20.045 27266 27266 I SurfaceView@d232ec3: applyTransactionOnVriDraw: vri = ViewRootImpl@48d3b3a[MainActivity] fRS = false t = 0x7b47484200 android.view.SurfaceView.performSurfaceTransaction:959 android.view.SurfaceView.updateSurface:1105 android.view.SurfaceView.lambda$new$0$android-view-SurfaceView:200 
10-16 00:41:20.045 27266 27266 I ViewRootImpl@48d3b3a[MainActivity]: applyTransactionOnDraw: mRemoved = false isHardwareEnabled = true t = 0x7b47484200android.view.SurfaceView.applyTransactionOnVriDraw:2048 android.view.SurfaceView.performSurfaceTransaction:959 android.view.SurfaceView.updateSurface:1105 android.view.SurfaceView.lambda$new$0$android-view-SurfaceView:200 android.view.SurfaceView$$ExternalSyntheticLambda5.onPreDraw:2 
10-16 00:41:20.045 27266 27266 I SurfaceView@d232ec3: updateSurface: mVisible = true mSurface.isValid() = true
10-16 00:41:20.045 27266 27266 I SurfaceView@d232ec3: updateSurface: mSurfaceCreated = true surfaceChanged = false visibleChanged = false
10-16 00:41:20.045 27266 27266 V SurfaceView@d232ec3: Layout: x=0 y=-967 w=1080 h=525, frame=Rect(0, 0 - 1080, 525)
10-16 00:41:20.057 27266 27354 D SurfaceView@d232ec3: updateSurfacePosition RenderWorker, frameNr = 138, position = [0, -999, 1080, -474] surfaceSize = 1080x525
10-16 00:41:20.057 27266 27354 I SurfaceView@d232ec3: uSP: rtp = Rect(0, -999 - 1080, -474) rtsw = 1080 rtsh = 525
10-16 00:41:20.057 27266 27354 I SurfaceView@d232ec3: onSSPAndSRT: pl = 0 pt = -999 sx = 1.0 sy = 1.0
10-16 00:41:20.057 27266 27354 I SurfaceView@d232ec3: aOrMT: ViewRootImpl@48d3b3a[MainActivity] t = android.view.SurfaceControl$Transaction@d7d8175 fN = 138 android.view.SurfaceView.-$$Nest$mapplyOrMergeTransaction:0 android.view.SurfaceView$SurfaceViewPositionUpdateListener.positionChanged:1537 android.graphics.RenderNode$CompositePositionUpdateListener.positionChanged:373 
10-16 00:41:20.057 27266 27354 I ViewRootImpl@48d3b3a[MainActivity]: mWNT: t=0x7adbf81400 mBlastBufferQueue=0x7b47381500 fn= 138 caller= android.view.SurfaceView.applyOrMergeTransaction:1455 android.view.SurfaceView.-$$Nest$mapplyOrMergeTransaction:0 android.view.SurfaceView$SurfaceViewPositionUpdateListener.positionChanged:1537 
10-16 00:41:20.057 27266 27354 I ViewRootImpl@48d3b3a[MainActivity]: mWNT: t=0x7b47484200 mBlastBufferQueue=0x7b47381500 fn= 138 caller= android.view.ViewRootImpl.lambda$applyTransactionOnDraw$11$android-view-ViewRootImpl:12865 android.view.ViewRootImpl$$ExternalSyntheticLambda1.onFrameDraw:4 android.graphics.HardwareRenderer$FrameDrawingCallback.onFrameDraw:924 
10-16 00:41:20.061 27266 27266 I SurfaceView@d232ec3: Changes: creating=false format=false size=false visible=false alpha=false hint=false mUseAlpha=false visible=false left=false top=true
10-16 00:41:20.061 27266 27266 I SurfaceView@d232ec3: 220409539 Cur surface: Surface(name=null)/@0xb6866fe
10-16 00:41:20.062 27266 27266 I SurfaceView@d232ec3: applyTransactionOnVriDraw: vri = ViewRootImpl@48d3b3a[MainActivity] fRS = false t = 0x7b47484300 android.view.SurfaceView.performSurfaceTransaction:959 android.view.SurfaceView.updateSurface:1105 android.view.SurfaceView.lambda$new$0$android-view-SurfaceView:200 
10-16 00:41:20.062 27266 27266 I ViewRootImpl@48d3b3a[MainActivity]: applyTransactionOnDraw: mRemoved = false isHardwareEnabled = true t = 0x7b47484300android.view.SurfaceView.applyTransactionOnVriDraw:2048 android.view.SurfaceView.performSurfaceTransaction:959 android.view.SurfaceView.updateSurface:1105 android.view.SurfaceView.lambda$new$0$android-view-SurfaceView:200 android.view.SurfaceView$$ExternalSyntheticLambda5.onPreDraw:2 
10-16 00:41:20.062 27266 27266 I SurfaceView@d232ec3: updateSurface: mVisible = true mSurface.isValid() = true
10-16 00:41:20.062 27266 27266 I SurfaceView@d232ec3: updateSurface: mSurfaceCreated = true surfaceChanged = false visibleChanged = false
10-16 00:41:20.062 27266 27266 V SurfaceView@d232ec3: Layout: x=0 y=-999 w=1080 h=525, frame=Rect(0, 0 - 1080, 525)
10-16 00:41:20.075 27266 27353 D SurfaceView@d232ec3: updateSurfacePosition RenderWorker, frameNr = 139, position = [0, -1028, 1080, -503] surfaceSize = 1080x525
10-16 00:41:20.075 27266 27353 I SurfaceView@d232ec3: uSP: rtp = Rect(0, -1028 - 1080, -503) rtsw = 1080 rtsh = 525
10-16 00:41:20.075 27266 27353 I SurfaceView@d232ec3: onSSPAndSRT: pl = 0 pt = -1028 sx = 1.0 sy = 1.0
10-16 00:41:20.076 27266 27353 I SurfaceView@d232ec3: aOrMT: ViewRootImpl@48d3b3a[MainActivity] t = android.view.SurfaceControl$Transaction@d7d8175 fN = 139 android.view.SurfaceView.-$$Nest$mapplyOrMergeTransaction:0 android.view.SurfaceView$SurfaceViewPositionUpdateListener.positionChanged:1537 android.graphics.RenderNode$CompositePositionUpdateListener.positionChanged:373 
10-16 00:41:20.076 27266 27353 I ViewRootImpl@48d3b3a[MainActivity]: mWNT: t=0x7adbf81400 mBlastBufferQueue=0x7b47381500 fn= 139 caller= android.view.SurfaceView.applyOrMergeTransaction:1455 android.view.SurfaceView.-$$Nest$mapplyOrMergeTransaction:0 android.view.SurfaceView$SurfaceViewPositionUpdateListener.positionChanged:1537 
10-16 00:41:20.076 27266 27353 I ViewRootImpl@48d3b3a[MainActivity]: mWNT: t=0x7b47484300 mBlastBufferQueue=0x7b47381500 fn= 139 caller= android.view.ViewRootImpl.lambda$applyTransactionOnDraw$11$android-view-ViewRootImpl:12865 android.view.ViewRootImpl$$ExternalSyntheticLambda1.onFrameDraw:4 android.graphics.HardwareRenderer$FrameDrawingCallback.onFrameDraw:924 
10-16 00:41:20.078 27266 27266 I SurfaceView@d232ec3: Changes: creating=false format=false size=false visible=false alpha=false hint=false mUseAlpha=false visible=false left=false top=true
10-16 00:41:20.078 27266 27266 I SurfaceView@d232ec3: 220409539 Cur surface: Surface(name=null)/@0xb6866fe
10-16 00:41:20.078 27266 27266 I SurfaceView@d232ec3: applyTransactionOnVriDraw: vri = ViewRootImpl@48d3b3a[MainActivity] fRS = false t = 0x7b47484400 android.view.SurfaceView.performSurfaceTransaction:959 android.view.SurfaceView.updateSurface:1105 android.view.SurfaceView.lambda$new$0$android-view-SurfaceView:200 
10-16 00:41:20.079 27266 27266 I ViewRootImpl@48d3b3a[MainActivity]: applyTransactionOnDraw: mRemoved = false isHardwareEnabled = true t = 0x7b47484400android.view.SurfaceView.applyTransactionOnVriDraw:2048 android.view.SurfaceView.performSurfaceTransaction:959 android.view.SurfaceView.updateSurface:1105 android.view.SurfaceView.lambda$new$0$android-view-SurfaceView:200 android.view.SurfaceView$$ExternalSyntheticLambda5.onPreDraw:2 
10-16 00:41:20.079 27266 27266 I SurfaceView@d232ec3: updateSurface: mVisible = true mSurface.isValid() = true
10-16 00:41:20.079 27266 27266 I SurfaceView@d232ec3: updateSurface: mSurfaceCreated = true surfaceChanged = false visibleChanged = false
10-16 00:41:20.079 27266 27266 V SurfaceView@d232ec3: Layout: x=0 y=-1028 w=1080 h=525, frame=Rect(0, 0 - 1080, 525)
10-16 00:41:20.091 27266 27354 D SurfaceView@d232ec3: updateSurfacePosition RenderWorker, frameNr = 140, position = [0, -1058, 1080, -533] surfaceSize = 1080x525
10-16 00:41:20.091 27266 27354 I SurfaceView@d232ec3: uSP: rtp = Rect(0, -1058 - 1080, -533) rtsw = 1080 rtsh = 525
10-16 00:41:20.091 27266 27354 I SurfaceView@d232ec3: onSSPAndSRT: pl = 0 pt = -1058 sx = 1.0 sy = 1.0
10-16 00:41:20.091 27266 27354 I SurfaceView@d232ec3: aOrMT: ViewRootImpl@48d3b3a[MainActivity] t = android.view.SurfaceControl$Transaction@d7d8175 fN = 140 android.view.SurfaceView.-$$Nest$mapplyOrMergeTransaction:0 android.view.SurfaceView$SurfaceViewPositionUpdateListener.positionChanged:1537 android.graphics.RenderNode$CompositePositionUpdateListener.positionChanged:373 
10-16 00:41:20.091 27266 27354 I ViewRootImpl@48d3b3a[MainActivity]: mWNT: t=0x7adbf81400 mBlastBufferQueue=0x7b47381500 fn= 140 caller= android.view.SurfaceView.applyOrMergeTransaction:1455 android.view.SurfaceView.-$$Nest$mapplyOrMergeTransaction:0 android.view.SurfaceView$SurfaceViewPositionUpdateListener.positionChanged:1537 
10-16 00:41:20.091 27266 27354 I ViewRootImpl@48d3b3a[MainActivity]: mWNT: t=0x7b47484400 mBlastBufferQueue=0x7b47381500 fn= 140 caller= android.view.ViewRootImpl.lambda$applyTransactionOnDraw$11$android-view-ViewRootImpl:12865 android.view.ViewRootImpl$$ExternalSyntheticLambda1.onFrameDraw:4 android.graphics.HardwareRenderer$FrameDrawingCallback.onFrameDraw:924 
10-16 00:41:20.094 27266 27266 I SurfaceView@d232ec3: Changes: creating=false format=false size=false visible=false alpha=false hint=false mUseAlpha=false visible=false left=false top=true
10-16 00:41:20.095 27266 27266 I SurfaceView@d232ec3: 220409539 Cur surface: Surface(name=null)/@0xb6866fe
10-16 00:41:20.095 27266 27266 I SurfaceView@d232ec3: applyTransactionOnVriDraw: vri = ViewRootImpl@48d3b3a[MainActivity] fRS = false t = 0x7b47484500 android.view.SurfaceView.performSurfaceTransaction:959 android.view.SurfaceView.updateSurface:1105 android.view.SurfaceView.lambda$new$0$android-view-SurfaceView:200 
10-16 00:41:20.095 27266 27266 I ViewRootImpl@48d3b3a[MainActivity]: applyTransactionOnDraw: mRemoved = false isHardwareEnabled = true t = 0x7b47484500android.view.SurfaceView.applyTransactionOnVriDraw:2048 android.view.SurfaceView.performSurfaceTransaction:959 android.view.SurfaceView.updateSurface:1105 android.view.SurfaceView.lambda$new$0$android-view-SurfaceView:200 android.view.SurfaceView$$ExternalSyntheticLambda5.onPreDraw:2 
10-16 00:41:20.095 27266 27266 I SurfaceView@d232ec3: updateSurface: mVisible = true mSurface.isValid() = true
10-16 00:41:20.096 27266 27266 I SurfaceView@d232ec3: updateSurface: mSurfaceCreated = true surfaceChanged = false visibleChanged = false
10-16 00:41:20.096 27266 27266 V SurfaceView@d232ec3: Layout: x=0 y=-1058 w=1080 h=525, frame=Rect(0, 0 - 1080, 525)
10-16 00:41:20.107 27266 27353 D SurfaceView@d232ec3: updateSurfacePosition RenderWorker, frameNr = 141, position = [0, -1086, 1080, -561] surfaceSize = 1080x525
10-16 00:41:20.107 27266 27353 I SurfaceView@d232ec3: uSP: rtp = Rect(0, -1086 - 1080, -561) rtsw = 1080 rtsh = 525
10-16 00:41:20.107 27266 27353 I SurfaceView@d232ec3: onSSPAndSRT: pl = 0 pt = -1086 sx = 1.0 sy = 1.0
10-16 00:41:20.107 27266 27353 I SurfaceView@d232ec3: aOrMT: ViewRootImpl@48d3b3a[MainActivity] t = android.view.SurfaceControl$Transaction@d7d8175 fN = 141 android.view.SurfaceView.-$$Nest$mapplyOrMergeTransaction:0 android.view.SurfaceView$SurfaceViewPositionUpdateListener.positionChanged:1537 android.graphics.RenderNode$CompositePositionUpdateListener.positionChanged:373 
10-16 00:41:20.107 27266 27353 I ViewRootImpl@48d3b3a[MainActivity]: mWNT: t=0x7adbf81400 mBlastBufferQueue=0x7b47381500 fn= 141 caller= android.view.SurfaceView.applyOrMergeTransaction:1455 android.view.SurfaceView.-$$Nest$mapplyOrMergeTransaction:0 android.view.SurfaceView$SurfaceViewPositionUpdateListener.positionChanged:1537 
10-16 00:41:20.108 27266 27353 I ViewRootImpl@48d3b3a[MainActivity]: mWNT: t=0x7b47484500 mBlastBufferQueue=0x7b47381500 fn= 141 caller= android.view.ViewRootImpl.lambda$applyTransactionOnDraw$11$android-view-ViewRootImpl:12865 android.view.ViewRootImpl$$ExternalSyntheticLambda1.onFrameDraw:4 android.graphics.HardwareRenderer$FrameDrawingCallback.onFrameDraw:924 
10-16 00:41:20.111 27266 27266 I SurfaceView@d232ec3: Changes: creating=false format=false size=false visible=false alpha=false hint=false mUseAlpha=false visible=false left=false top=true
10-16 00:41:20.111 27266 27266 I SurfaceView@d232ec3: 220409539 Cur surface: Surface(name=null)/@0xb6866fe
10-16 00:41:20.112 27266 27266 I SurfaceView@d232ec3: applyTransactionOnVriDraw: vri = ViewRootImpl@48d3b3a[MainActivity] fRS = false t = 0x7b47484600 android.view.SurfaceView.performSurfaceTransaction:959 android.view.SurfaceView.updateSurface:1105 android.view.SurfaceView.lambda$new$0$android-view-SurfaceView:200 
10-16 00:41:20.112 27266 27266 I ViewRootImpl@48d3b3a[MainActivity]: applyTransactionOnDraw: mRemoved = false isHardwareEnabled = true t = 0x7b47484600android.view.SurfaceView.applyTransactionOnVriDraw:2048 android.view.SurfaceView.performSurfaceTransaction:959 android.view.SurfaceView.updateSurface:1105 android.view.SurfaceView.lambda$new$0$android-view-SurfaceView:200 android.view.SurfaceView$$ExternalSyntheticLambda5.onPreDraw:2 
10-16 00:41:20.112 27266 27266 I SurfaceView@d232ec3: updateSurface: mVisible = true mSurface.isValid() = true
10-16 00:41:20.112 27266 27266 I SurfaceView@d232ec3: updateSurface: mSurfaceCreated = true surfaceChanged = false visibleChanged = false
10-16 00:41:20.112 27266 27266 V SurfaceView@d232ec3: Layout: x=0 y=-1086 w=1080 h=525, frame=Rect(0, 0 - 1080, 525)
10-16 00:41:20.124 27266 27354 D SurfaceView@d232ec3: updateSurfacePosition RenderWorker, frameNr = 142, position = [0, -1111, 1080, -586] surfaceSize = 1080x525
10-16 00:41:20.124 27266 27354 I SurfaceView@d232ec3: uSP: rtp = Rect(0, -1111 - 1080, -586) rtsw = 1080 rtsh = 525
10-16 00:41:20.124 27266 27354 I SurfaceView@d232ec3: onSSPAndSRT: pl = 0 pt = -1111 sx = 1.0 sy = 1.0
10-16 00:41:20.124 27266 27354 I SurfaceView@d232ec3: aOrMT: ViewRootImpl@48d3b3a[MainActivity] t = android.view.SurfaceControl$Transaction@d7d8175 fN = 142 android.view.SurfaceView.-$$Nest$mapplyOrMergeTransaction:0 android.view.SurfaceView$SurfaceViewPositionUpdateListener.positionChanged:1537 android.graphics.RenderNode$CompositePositionUpdateListener.positionChanged:373 
10-16 00:41:20.124 27266 27354 I ViewRootImpl@48d3b3a[MainActivity]: mWNT: t=0x7adbf81400 mBlastBufferQueue=0x7b47381500 fn= 142 caller= android.view.SurfaceView.applyOrMergeTransaction:1455 android.view.SurfaceView.-$$Nest$mapplyOrMergeTransaction:0 android.view.SurfaceView$SurfaceViewPositionUpdateListener.positionChanged:1537 
10-16 00:41:20.124 27266 27354 I ViewRootImpl@48d3b3a[MainActivity]: mWNT: t=0x7b47484600 mBlastBufferQueue=0x7b47381500 fn= 142 caller= android.view.ViewRootImpl.lambda$applyTransactionOnDraw$11$android-view-ViewRootImpl:12865 android.view.ViewRootImpl$$ExternalSyntheticLambda1.onFrameDraw:4 android.graphics.HardwareRenderer$FrameDrawingCallback.onFrameDraw:924 
