10-16 01:00:25.131   572   572 V SurfaceView@42898ba: Layout: x=0 y=-1815 w=1080 h=525, frame=Rect(0, 0 - 1080, 525)
10-16 01:00:25.133   572   648 D SurfaceView@42898ba: updateSurfacePosition RenderWorker, frameNr = 748, position = [0, -1815, 1080, -1290] surfaceSize = 1080x525
10-16 01:00:25.133   572   648 I SurfaceView@42898ba: uSP: rtp = Rect(0, -1815 - 1080, -1290) rtsw = 1080 rtsh = 525
10-16 01:00:25.133   572   648 I SurfaceView@42898ba: onSSPAndSRT: pl = 0 pt = -1815 sx = 1.0 sy = 1.0
10-16 01:00:25.134   572   648 I SurfaceView@42898ba: aOrMT: ViewRootImpl@48d3b3a[MainActivity] t = android.view.SurfaceControl$Transaction@1c342f2 fN = 748 android.view.SurfaceView.-$$Nest$mapplyOrMergeTransaction:0 android.view.SurfaceView$SurfaceViewPositionUpdateListener.positionChanged:1537 android.graphics.RenderNode$CompositePositionUpdateListener.positionChanged:373 
10-16 01:00:25.134   572   648 I ViewRootImpl@48d3b3a[MainActivity]: mWNT: t=0x7b14b00a00 mBlastBufferQueue=0x7b5c2d1100 fn= 748 caller= android.view.SurfaceView.applyOrMergeTransaction:1455 android.view.SurfaceView.-$$Nest$mapplyOrMergeTransaction:0 android.view.SurfaceView$SurfaceViewPositionUpdateListener.positionChanged:1537 
10-16 01:00:25.134   572   648 I ViewRootImpl@48d3b3a[MainActivity]: mWNT: t=0x7b5c3baf00 mBlastBufferQueue=0x7b5c2d1100 fn= 748 caller= android.view.ViewRootImpl.lambda$applyTransactionOnDraw$11$android-view-ViewRootImpl:12865 android.view.ViewRootImpl$$ExternalSyntheticLambda1.onFrameDraw:4 android.graphics.HardwareRenderer$FrameDrawingCallback.onFrameDraw:924 
10-16 01:00:25.145   572   572 I SurfaceView@42898ba: Changes: creating=false format=false size=false visible=false alpha=false hint=false mUseAlpha=false visible=false left=false top=true
10-16 01:00:25.145   572   572 I SurfaceView@42898ba: 69769402 Cur surface: Surface(name=null)/@0xcc36ec1
10-16 01:00:25.146   572   572 I SurfaceView@42898ba: applyTransactionOnVriDraw: vri = ViewRootImpl@48d3b3a[MainActivity] fRS = false t = 0x7b32b41400 android.view.SurfaceView.performSurfaceTransaction:959 android.view.SurfaceView.updateSurface:1105 android.view.SurfaceView.lambda$new$0$android-view-SurfaceView:200 
10-16 01:00:25.146   572   572 I ViewRootImpl@48d3b3a[MainActivity]: applyTransactionOnDraw: mRemoved = false isHardwareEnabled = true t = 0x7b32b41400android.view.SurfaceView.applyTransactionOnVriDraw:2048 android.view.SurfaceView.performSurfaceTransaction:959 android.view.SurfaceView.updateSurface:1105 android.view.SurfaceView.lambda$new$0$android-view-SurfaceView:200 android.view.SurfaceView$$ExternalSyntheticLambda5.onPreDraw:2 
10-16 01:00:25.146   572   572 I SurfaceView@42898ba: updateSurface: mVisible = true mSurface.isValid() = true
10-16 01:00:25.146   572   572 I SurfaceView@42898ba: updateSurface: mSurfaceCreated = true surfaceChanged = false visibleChanged = false
10-16 01:00:25.146   572   572 V SurfaceView@42898ba: Layout: x=0 y=-1697 w=1080 h=525, frame=Rect(0, 0 - 1080, 525)
10-16 01:00:25.151   572   647 D SurfaceView@42898ba: updateSurfacePosition RenderWorker, frameNr = 749, position = [0, -1697, 1080, -1172] surfaceSize = 1080x525
10-16 01:00:25.151   572   647 I SurfaceView@42898ba: uSP: rtp = Rect(0, -1697 - 1080, -1172) rtsw = 1080 rtsh = 525
10-16 01:00:25.151   572   647 I SurfaceView@42898ba: onSSPAndSRT: pl = 0 pt = -1697 sx = 1.0 sy = 1.0
10-16 01:00:25.152   572   647 I SurfaceView@42898ba: aOrMT: ViewRootImpl@48d3b3a[MainActivity] t = android.view.SurfaceControl$Transaction@1c342f2 fN = 749 android.view.SurfaceView.-$$Nest$mapplyOrMergeTransaction:0 android.view.SurfaceView$SurfaceViewPositionUpdateListener.positionChanged:1537 android.graphics.RenderNode$CompositePositionUpdateListener.positionChanged:373 
10-16 01:00:25.152   572   647 I ViewRootImpl@48d3b3a[MainActivity]: mWNT: t=0x7b14b00a00 mBlastBufferQueue=0x7b5c2d1100 fn= 749 caller= android.view.SurfaceView.applyOrMergeTransaction:1455 android.view.SurfaceView.-$$Nest$mapplyOrMergeTransaction:0 android.view.SurfaceView$SurfaceViewPositionUpdateListener.positionChanged:1537 
10-16 01:00:25.152   572   647 I ViewRootImpl@48d3b3a[MainActivity]: mWNT: t=0x7b32b41400 mBlastBufferQueue=0x7b5c2d1100 fn= 749 caller= android.view.ViewRootImpl.lambda$applyTransactionOnDraw$11$android-view-ViewRootImpl:12865 android.view.ViewRootImpl$$ExternalSyntheticLambda1.onFrameDraw:4 android.graphics.HardwareRenderer$FrameDrawingCallback.onFrameDraw:924 
10-16 01:00:25.152   572   572 I ViewRootImpl@48d3b3a[MainActivity]: ViewPostIme pointer 1
10-16 01:00:25.161   572   572 I SurfaceView@42898ba: Changes: creating=false format=false size=false visible=false alpha=false hint=false mUseAlpha=false visible=false left=false top=true
10-16 01:00:25.161   572   572 I SurfaceView@42898ba: 69769402 Cur surface: Surface(name=null)/@0xcc36ec1
10-16 01:00:25.161   572   572 I SurfaceView@42898ba: applyTransactionOnVriDraw: vri = ViewRootImpl@48d3b3a[MainActivity] fRS = false t = 0x7b32bb9000 android.view.SurfaceView.performSurfaceTransaction:959 android.view.SurfaceView.updateSurface:1105 android.view.SurfaceView.lambda$new$0$android-view-SurfaceView:200 
10-16 01:00:25.161   572   572 I ViewRootImpl@48d3b3a[MainActivity]: applyTransactionOnDraw: mRemoved = false isHardwareEnabled = true t = 0x7b32bb9000android.view.SurfaceView.applyTransactionOnVriDraw:2048 android.view.SurfaceView.performSurfaceTransaction:959 android.view.SurfaceView.updateSurface:1105 android.view.SurfaceView.lambda$new$0$android-view-SurfaceView:200 android.view.SurfaceView$$ExternalSyntheticLambda5.onPreDraw:2 
10-16 01:00:25.161   572   572 I SurfaceView@42898ba: updateSurface: mVisible = true mSurface.isValid() = true
10-16 01:00:25.161   572   572 I SurfaceView@42898ba: updateSurface: mSurfaceCreated = true surfaceChanged = false visibleChanged = false
10-16 01:00:25.162   572   572 V SurfaceView@42898ba: Layout: x=0 y=-1665 w=1080 h=525, frame=Rect(0, 0 - 1080, 525)
10-16 01:00:25.164   572   648 D SurfaceView@42898ba: updateSurfacePosition RenderWorker, frameNr = 750, position = [0, -1665, 1080, -1140] surfaceSize = 1080x525
10-16 01:00:25.164   572   648 I SurfaceView@42898ba: uSP: rtp = Rect(0, -1665 - 1080, -1140) rtsw = 1080 rtsh = 525
10-16 01:00:25.164   572   648 I SurfaceView@42898ba: onSSPAndSRT: pl = 0 pt = -1665 sx = 1.0 sy = 1.0
10-16 01:00:25.165   572   648 I SurfaceView@42898ba: aOrMT: ViewRootImpl@48d3b3a[MainActivity] t = android.view.SurfaceControl$Transaction@1c342f2 fN = 750 android.view.SurfaceView.-$$Nest$mapplyOrMergeTransaction:0 android.view.SurfaceView$SurfaceViewPositionUpdateListener.positionChanged:1537 android.graphics.RenderNode$CompositePositionUpdateListener.positionChanged:373 
10-16 01:00:25.165   572   648 I ViewRootImpl@48d3b3a[MainActivity]: mWNT: t=0x7b14b00a00 mBlastBufferQueue=0x7b5c2d1100 fn= 750 caller= android.view.SurfaceView.applyOrMergeTransaction:1455 android.view.SurfaceView.-$$Nest$mapplyOrMergeTransaction:0 android.view.SurfaceView$SurfaceViewPositionUpdateListener.positionChanged:1537 
10-16 01:00:25.165   572   648 I ViewRootImpl@48d3b3a[MainActivity]: mWNT: t=0x7b32bb9000 mBlastBufferQueue=0x7b5c2d1100 fn= 750 caller= android.view.ViewRootImpl.lambda$applyTransactionOnDraw$11$android-view-ViewRootImpl:12865 android.view.ViewRootImpl$$ExternalSyntheticLambda1.onFrameDraw:4 android.graphics.HardwareRenderer$FrameDrawingCallback.onFrameDraw:924 
10-16 01:00:25.176   572   572 I SurfaceView@42898ba: Changes: creating=false format=false size=false visible=false alpha=false hint=false mUseAlpha=false visible=false left=false top=true
10-16 01:00:25.177   572   572 I SurfaceView@42898ba: 69769402 Cur surface: Surface(name=null)/@0xcc36ec1
10-16 01:00:25.177   572   572 I SurfaceView@42898ba: applyTransactionOnVriDraw: vri = ViewRootImpl@48d3b3a[MainActivity] fRS = false t = 0x7b32bb9100 android.view.SurfaceView.performSurfaceTransaction:959 android.view.SurfaceView.updateSurface:1105 android.view.SurfaceView.lambda$new$0$android-view-SurfaceView:200 
10-16 01:00:25.177   572   572 I ViewRootImpl@48d3b3a[MainActivity]: applyTransactionOnDraw: mRemoved = false isHardwareEnabled = true t = 0x7b32bb9100android.view.SurfaceView.applyTransactionOnVriDraw:2048 android.view.SurfaceView.performSurfaceTransaction:959 android.view.SurfaceView.updateSurface:1105 android.view.SurfaceView.lambda$new$0$android-view-SurfaceView:200 android.view.SurfaceView$$ExternalSyntheticLambda5.onPreDraw:2 
10-16 01:00:25.177   572   572 I SurfaceView@42898ba: updateSurface: mVisible = true mSurface.isValid() = true
10-16 01:00:25.177   572   572 I SurfaceView@42898ba: updateSurface: mSurfaceCreated = true surfaceChanged = false visibleChanged = false
10-16 01:00:25.177   572   572 V SurfaceView@42898ba: Layout: x=0 y=-1600 w=1080 h=525, frame=Rect(0, 0 - 1080, 525)
10-16 01:00:25.180   572   647 I ViewRootImpl@48d3b3a[MainActivity]: mWNT: t=0x7b32bb9100 mBlastBufferQueue=0x7b5c2d1100 fn= 751 caller= android.view.ViewRootImpl.lambda$applyTransactionOnDraw$11$android-view-ViewRootImpl:12865 android.view.ViewRootImpl$$ExternalSyntheticLambda1.onFrameDraw:4 android.graphics.HardwareRenderer$FrameDrawingCallback.onFrameDraw:924 
10-16 01:00:25.193   572   572 I SurfaceView@42898ba: Changes: creating=false format=false size=false visible=false alpha=false hint=false mUseAlpha=false visible=false left=false top=true
10-16 01:00:25.193   572   572 I SurfaceView@42898ba: 69769402 Cur surface: Surface(name=null)/@0xcc36ec1
10-16 01:00:25.194   572   572 I SurfaceView@42898ba: applyTransactionOnVriDraw: vri = ViewRootImpl@48d3b3a[MainActivity] fRS = false t = 0x7b328d8e00 android.view.SurfaceView.performSurfaceTransaction:959 android.view.SurfaceView.updateSurface:1105 android.view.SurfaceView.lambda$new$0$android-view-SurfaceView:200 
10-16 01:00:25.194   572   572 I ViewRootImpl@48d3b3a[MainActivity]: applyTransactionOnDraw: mRemoved = false isHardwareEnabled = true t = 0x7b328d8e00android.view.SurfaceView.applyTransactionOnVriDraw:2048 android.view.SurfaceView.performSurfaceTransaction:959 android.view.SurfaceView.updateSurface:1105 android.view.SurfaceView.lambda$new$0$android-view-SurfaceView:200 android.view.SurfaceView$$ExternalSyntheticLambda5.onPreDraw:2 
10-16 01:00:25.194   572   572 I SurfaceView@42898ba: updateSurface: mVisible = true mSurface.isValid() = true
10-16 01:00:25.194   572   572 I SurfaceView@42898ba: updateSurface: mSurfaceCreated = true surfaceChanged = false visibleChanged = false
10-16 01:00:25.194   572   572 V SurfaceView@42898ba: Layout: x=0 y=-1496 w=1080 h=525, frame=Rect(0, 0 - 1080, 525)
10-16 01:00:25.197   572   648 D SurfaceView@42898ba: updateSurfacePosition RenderWorker, frameNr = 752, position = [0, -1496, 1080, -971] surfaceSize = 1080x525
10-16 01:00:25.197   572   648 I SurfaceView@42898ba: uSP: rtp = Rect(0, -1496 - 1080, -971) rtsw = 1080 rtsh = 525
10-16 01:00:25.197   572   648 I SurfaceView@42898ba: onSSPAndSRT: pl = 0 pt = -1496 sx = 1.0 sy = 1.0
10-16 01:00:25.197   572   648 I SurfaceView@42898ba: aOrMT: ViewRootImpl@48d3b3a[MainActivity] t = android.view.SurfaceControl$Transaction@1c342f2 fN = 752 android.view.SurfaceView.-$$Nest$mapplyOrMergeTransaction:0 android.view.SurfaceView$SurfaceViewPositionUpdateListener.positionChanged:1537 android.graphics.RenderNode$CompositePositionUpdateListener.positionChanged:373 
10-16 01:00:25.197   572   648 I ViewRootImpl@48d3b3a[MainActivity]: mWNT: t=0x7b14b00a00 mBlastBufferQueue=0x7b5c2d1100 fn= 752 caller= android.view.SurfaceView.applyOrMergeTransaction:1455 android.view.SurfaceView.-$$Nest$mapplyOrMergeTransaction:0 android.view.SurfaceView$SurfaceViewPositionUpdateListener.positionChanged:1537 
10-16 01:00:25.197   572   648 I ViewRootImpl@48d3b3a[MainActivity]: mWNT: t=0x7b328d8e00 mBlastBufferQueue=0x7b5c2d1100 fn= 752 caller= android.view.ViewRootImpl.lambda$applyTransactionOnDraw$11$android-view-ViewRootImpl:12865 android.view.ViewRootImpl$$ExternalSyntheticLambda1.onFrameDraw:4 android.graphics.HardwareRenderer$FrameDrawingCallback.onFrameDraw:924 
10-16 01:00:25.211   572   572 I SurfaceView@42898ba: Changes: creating=false format=false size=false visible=false alpha=false hint=false mUseAlpha=false visible=false left=false top=true
10-16 01:00:25.211   572   572 I SurfaceView@42898ba: 69769402 Cur surface: Surface(name=null)/@0xcc36ec1
10-16 01:00:25.211   572   572 I SurfaceView@42898ba: applyTransactionOnVriDraw: vri = ViewRootImpl@48d3b3a[MainActivity] fRS = false t = 0x7b32bb9200 android.view.SurfaceView.performSurfaceTransaction:959 android.view.SurfaceView.updateSurface:1105 android.view.SurfaceView.lambda$new$0$android-view-SurfaceView:200 
10-16 01:00:25.212   572   572 I ViewRootImpl@48d3b3a[MainActivity]: applyTransactionOnDraw: mRemoved = false isHardwareEnabled = true t = 0x7b32bb9200android.view.SurfaceView.applyTransactionOnVriDraw:2048 android.view.SurfaceView.performSurfaceTransaction:959 android.view.SurfaceView.updateSurface:1105 android.view.SurfaceView.lambda$new$0$android-view-SurfaceView:200 android.view.SurfaceView$$ExternalSyntheticLambda5.onPreDraw:2 
10-16 01:00:25.212   572   572 I SurfaceView@42898ba: updateSurface: mVisible = true mSurface.isValid() = true
10-16 01:00:25.212   572   572 I SurfaceView@42898ba: updateSurface: mSurfaceCreated = true surfaceChanged = false visibleChanged = false
10-16 01:00:25.212   572   572 V SurfaceView@42898ba: Layout: x=0 y=-1384 w=1080 h=525, frame=Rect(0, 0 - 1080, 525)
10-16 01:00:25.216   572   647 D SurfaceView@42898ba: updateSurfacePosition RenderWorker, frameNr = 753, position = [0, -1384, 1080, -859] surfaceSize = 1080x525
10-16 01:00:25.216   572   647 I SurfaceView@42898ba: uSP: rtp = Rect(0, -1384 - 1080, -859) rtsw = 1080 rtsh = 525
10-16 01:00:25.216   572   647 I SurfaceView@42898ba: onSSPAndSRT: pl = 0 pt = -1384 sx = 1.0 sy = 1.0
10-16 01:00:25.216   572   647 I SurfaceView@42898ba: aOrMT: ViewRootImpl@48d3b3a[MainActivity] t = android.view.SurfaceControl$Transaction@1c342f2 fN = 753 android.view.SurfaceView.-$$Nest$mapplyOrMergeTransaction:0 android.view.SurfaceView$SurfaceViewPositionUpdateListener.positionChanged:1537 android.graphics.RenderNode$CompositePositionUpdateListener.positionChanged:373 
10-16 01:00:25.216   572   647 I ViewRootImpl@48d3b3a[MainActivity]: mWNT: t=0x7b14b00a00 mBlastBufferQueue=0x7b5c2d1100 fn= 753 caller= android.view.SurfaceView.applyOrMergeTransaction:1455 android.view.SurfaceView.-$$Nest$mapplyOrMergeTransaction:0 android.view.SurfaceView$SurfaceViewPositionUpdateListener.positionChanged:1537 
10-16 01:00:25.216   572   647 I ViewRootImpl@48d3b3a[MainActivity]: mWNT: t=0x7b32bb9200 mBlastBufferQueue=0x7b5c2d1100 fn= 753 caller= android.view.ViewRootImpl.lambda$applyTransactionOnDraw$11$android-view-ViewRootImpl:12865 android.view.ViewRootImpl$$ExternalSyntheticLambda1.onFrameDraw:4 android.graphics.HardwareRenderer$FrameDrawingCallback.onFrameDraw:924 
10-16 01:00:25.227   572   572 I SurfaceView@42898ba: Changes: creating=false format=false size=false visible=false alpha=false hint=false mUseAlpha=false visible=false left=false top=true
10-16 01:00:25.227   572   572 I SurfaceView@42898ba: 69769402 Cur surface: Surface(name=null)/@0xcc36ec1
10-16 01:00:25.227   572   572 I SurfaceView@42898ba: applyTransactionOnVriDraw: vri = ViewRootImpl@48d3b3a[MainActivity] fRS = false t = 0x7b32bb9300 android.view.SurfaceView.performSurfaceTransaction:959 android.view.SurfaceView.updateSurface:1105 android.view.SurfaceView.lambda$new$0$android-view-SurfaceView:200 
10-16 01:00:25.228   572   572 I ViewRootImpl@48d3b3a[MainActivity]: applyTransactionOnDraw: mRemoved = false isHardwareEnabled = true t = 0x7b32bb9300android.view.SurfaceView.applyTransactionOnVriDraw:2048 android.view.SurfaceView.performSurfaceTransaction:959 android.view.SurfaceView.updateSurface:1105 android.view.SurfaceView.lambda$new$0$android-view-SurfaceView:200 android.view.SurfaceView$$ExternalSyntheticLambda5.onPreDraw:2 
10-16 01:00:25.228   572   572 I SurfaceView@42898ba: updateSurface: mVisible = true mSurface.isValid() = true
10-16 01:00:25.228   572   572 I SurfaceView@42898ba: updateSurface: mSurfaceCreated = true surfaceChanged = false visibleChanged = false
10-16 01:00:25.228   572   572 V SurfaceView@42898ba: Layout: x=0 y=-1257 w=1080 h=525, frame=Rect(0, 0 - 1080, 525)
10-16 01:00:25.231   572   648 D SurfaceView@42898ba: updateSurfacePosition RenderWorker, frameNr = 754, position = [0, -1257, 1080, -732] surfaceSize = 1080x525
10-16 01:00:25.231   572   648 I SurfaceView@42898ba: uSP: rtp = Rect(0, -1257 - 1080, -732) rtsw = 1080 rtsh = 525
10-16 01:00:25.231   572   648 I SurfaceView@42898ba: onSSPAndSRT: pl = 0 pt = -1257 sx = 1.0 sy = 1.0
10-16 01:00:25.231   572   648 I SurfaceView@42898ba: aOrMT: ViewRootImpl@48d3b3a[MainActivity] t = android.view.SurfaceControl$Transaction@1c342f2 fN = 754 android.view.SurfaceView.-$$Nest$mapplyOrMergeTransaction:0 android.view.SurfaceView$SurfaceViewPositionUpdateListener.positionChanged:1537 android.graphics.RenderNode$CompositePositionUpdateListener.positionChanged:373 
10-16 01:00:25.231   572   648 I ViewRootImpl@48d3b3a[MainActivity]: mWNT: t=0x7b14b00a00 mBlastBufferQueue=0x7b5c2d1100 fn= 754 caller= android.view.SurfaceView.applyOrMergeTransaction:1455 android.view.SurfaceView.-$$Nest$mapplyOrMergeTransaction:0 android.view.SurfaceView$SurfaceViewPositionUpdateListener.positionChanged:1537 
10-16 01:00:25.231   572   648 I ViewRootImpl@48d3b3a[MainActivity]: mWNT: t=0x7b32bb9300 mBlastBufferQueue=0x7b5c2d1100 fn= 754 caller= android.view.ViewRootImpl.lambda$applyTransactionOnDraw$11$android-view-ViewRootImpl:12865 android.view.ViewRootImpl$$ExternalSyntheticLambda1.onFrameDraw:4 android.graphics.HardwareRenderer$FrameDrawingCallback.onFrameDraw:924 
10-16 01:00:25.244   572   572 I SurfaceView@42898ba: Changes: creating=false format=false size=false visible=false alpha=false hint=false mUseAlpha=false visible=false left=false top=true
10-16 01:00:25.244   572   572 I SurfaceView@42898ba: 69769402 Cur surface: Surface(name=null)/@0xcc36ec1
10-16 01:00:25.245   572   572 I SurfaceView@42898ba: applyTransactionOnVriDraw: vri = ViewRootImpl@48d3b3a[MainActivity] fRS = false t = 0x7b32bb9400 android.view.SurfaceView.performSurfaceTransaction:959 android.view.SurfaceView.updateSurface:1105 android.view.SurfaceView.lambda$new$0$android-view-SurfaceView:200 
10-16 01:00:25.245   572   572 I ViewRootImpl@48d3b3a[MainActivity]: applyTransactionOnDraw: mRemoved = false isHardwareEnabled = true t = 0x7b32bb9400android.view.SurfaceView.applyTransactionOnVriDraw:2048 android.view.SurfaceView.performSurfaceTransaction:959 android.view.SurfaceView.updateSurface:1105 android.view.SurfaceView.lambda$new$0$android-view-SurfaceView:200 android.view.SurfaceView$$ExternalSyntheticLambda5.onPreDraw:2 
10-16 01:00:25.245   572   572 I SurfaceView@42898ba: updateSurface: mVisible = true mSurface.isValid() = true
10-16 01:00:25.245   572   572 I SurfaceView@42898ba: updateSurface: mSurfaceCreated = true surfaceChanged = false visibleChanged = false
10-16 01:00:25.245   572   572 V SurfaceView@42898ba: Layout: x=0 y=-1132 w=1080 h=525, frame=Rect(0, 0 - 1080, 525)
10-16 01:00:25.248   572   647 D SurfaceView@42898ba: updateSurfacePosition RenderWorker, frameNr = 755, position = [0, -1132, 1080, -607] surfaceSize = 1080x525
10-16 01:00:25.248   572   647 I SurfaceView@42898ba: uSP: rtp = Rect(0, -1132 - 1080, -607) rtsw = 1080 rtsh = 525
10-16 01:00:25.248   572   647 I SurfaceView@42898ba: onSSPAndSRT: pl = 0 pt = -1132 sx = 1.0 sy = 1.0
10-16 01:00:25.248   572   647 I SurfaceView@42898ba: aOrMT: ViewRootImpl@48d3b3a[MainActivity] t = android.view.SurfaceControl$Transaction@1c342f2 fN = 755 android.view.SurfaceView.-$$Nest$mapplyOrMergeTransaction:0 android.view.SurfaceView$SurfaceViewPositionUpdateListener.positionChanged:1537 android.graphics.RenderNode$CompositePositionUpdateListener.positionChanged:373 
10-16 01:00:25.249   572   647 I ViewRootImpl@48d3b3a[MainActivity]: mWNT: t=0x7b14b00a00 mBlastBufferQueue=0x7b5c2d1100 fn= 755 caller= android.view.SurfaceView.applyOrMergeTransaction:1455 android.view.SurfaceView.-$$Nest$mapplyOrMergeTransaction:0 android.view.SurfaceView$SurfaceViewPositionUpdateListener.positionChanged:1537 
10-16 01:00:25.249   572   647 I ViewRootImpl@48d3b3a[MainActivity]: mWNT: t=0x7b32bb9400 mBlastBufferQueue=0x7b5c2d1100 fn= 755 caller= android.view.ViewRootImpl.lambda$applyTransactionOnDraw$11$android-view-ViewRootImpl:12865 android.view.ViewRootImpl$$ExternalSyntheticLambda1.onFrameDraw:4 android.graphics.HardwareRenderer$FrameDrawingCallback.onFrameDraw:924 
10-16 01:00:25.261   572   572 I SurfaceView@42898ba: Changes: creating=false format=false size=false visible=false alpha=false hint=false mUseAlpha=false visible=false left=false top=true
10-16 01:00:25.261   572   572 I SurfaceView@42898ba: 69769402 Cur surface: Surface(name=null)/@0xcc36ec1
10-16 01:00:25.261   572   572 I SurfaceView@42898ba: applyTransactionOnVriDraw: vri = ViewRootImpl@48d3b3a[MainActivity] fRS = false t = 0x7b32bb9500 android.view.SurfaceView.performSurfaceTransaction:959 android.view.SurfaceView.updateSurface:1105 android.view.SurfaceView.lambda$new$0$android-view-SurfaceView:200 
10-16 01:00:25.262   572   572 I ViewRootImpl@48d3b3a[MainActivity]: applyTransactionOnDraw: mRemoved = false isHardwareEnabled = true t = 0x7b32bb9500android.view.SurfaceView.applyTransactionOnVriDraw:2048 android.view.SurfaceView.performSurfaceTransaction:959 android.view.SurfaceView.updateSurface:1105 android.view.SurfaceView.lambda$new$0$android-view-SurfaceView:200 android.view.SurfaceView$$ExternalSyntheticLambda5.onPreDraw:2 
10-16 01:00:25.262   572   572 I SurfaceView@42898ba: updateSurface: mVisible = true mSurface.isValid() = true
10-16 01:00:25.262   572   572 I SurfaceView@42898ba: updateSurface: mSurfaceCreated = true surfaceChanged = false visibleChanged = false
10-16 01:00:25.262   572   572 V SurfaceView@42898ba: Layout: x=0 y=-1010 w=1080 h=525, frame=Rect(0, 0 - 1080, 525)
10-16 01:00:25.265   572   648 D SurfaceView@42898ba: updateSurfacePosition RenderWorker, frameNr = 756, position = [0, -1010, 1080, -485] surfaceSize = 1080x525
10-16 01:00:25.265   572   648 I SurfaceView@42898ba: uSP: rtp = Rect(0, -1010 - 1080, -485) rtsw = 1080 rtsh = 525
10-16 01:00:25.265   572   648 I SurfaceView@42898ba: onSSPAndSRT: pl = 0 pt = -1010 sx = 1.0 sy = 1.0
10-16 01:00:25.265   572   648 I SurfaceView@42898ba: aOrMT: ViewRootImpl@48d3b3a[MainActivity] t = android.view.SurfaceControl$Transaction@1c342f2 fN = 756 android.view.SurfaceView.-$$Nest$mapplyOrMergeTransaction:0 android.view.SurfaceView$SurfaceViewPositionUpdateListener.positionChanged:1537 android.graphics.RenderNode$CompositePositionUpdateListener.positionChanged:373 
10-16 01:00:25.265   572   648 I ViewRootImpl@48d3b3a[MainActivity]: mWNT: t=0x7b14b00a00 mBlastBufferQueue=0x7b5c2d1100 fn= 756 caller= android.view.SurfaceView.applyOrMergeTransaction:1455 android.view.SurfaceView.-$$Nest$mapplyOrMergeTransaction:0 android.view.SurfaceView$SurfaceViewPositionUpdateListener.positionChanged:1537 
10-16 01:00:25.266   572   648 I ViewRootImpl@48d3b3a[MainActivity]: mWNT: t=0x7b32bb9500 mBlastBufferQueue=0x7b5c2d1100 fn= 756 caller= android.view.ViewRootImpl.lambda$applyTransactionOnDraw$11$android-view-ViewRootImpl:12865 android.view.ViewRootImpl$$ExternalSyntheticLambda1.onFrameDraw:4 android.graphics.HardwareRenderer$FrameDrawingCallback.onFrameDraw:924 
10-16 01:00:25.278   572   572 I SurfaceView@42898ba: Changes: creating=false format=false size=false visible=false alpha=false hint=false mUseAlpha=false visible=false left=false top=true
10-16 01:00:25.278   572   572 I SurfaceView@42898ba: 69769402 Cur surface: Surface(name=null)/@0xcc36ec1
10-16 01:00:25.278   572   572 I SurfaceView@42898ba: applyTransactionOnVriDraw: vri = ViewRootImpl@48d3b3a[MainActivity] fRS = false t = 0x7b32bb9600 android.view.SurfaceView.performSurfaceTransaction:959 android.view.SurfaceView.updateSurface:1105 android.view.SurfaceView.lambda$new$0$android-view-SurfaceView:200 
10-16 01:00:25.279   572   572 I ViewRootImpl@48d3b3a[MainActivity]: applyTransactionOnDraw: mRemoved = false isHardwareEnabled = true t = 0x7b32bb9600android.view.SurfaceView.applyTransactionOnVriDraw:2048 android.view.SurfaceView.performSurfaceTransaction:959 android.view.SurfaceView.updateSurface:1105 android.view.SurfaceView.lambda$new$0$android-view-SurfaceView:200 android.view.SurfaceView$$ExternalSyntheticLambda5.onPreDraw:2 
10-16 01:00:25.279   572   572 I SurfaceView@42898ba: updateSurface: mVisible = true mSurface.isValid() = true
10-16 01:00:25.279   572   572 I SurfaceView@42898ba: updateSurface: mSurfaceCreated = true surfaceChanged = false visibleChanged = false
10-16 01:00:25.279   572   572 V SurfaceView@42898ba: Layout: x=0 y=-882 w=1080 h=525, frame=Rect(0, 0 - 1080, 525)
10-16 01:00:25.283   572   647 D SurfaceView@42898ba: updateSurfacePosition RenderWorker, frameNr = 757, position = [0, -882, 1080, -357] surfaceSize = 1080x525
10-16 01:00:25.283   572   647 I SurfaceView@42898ba: uSP: rtp = Rect(0, -882 - 1080, -357) rtsw = 1080 rtsh = 525
10-16 01:00:25.283   572   647 I SurfaceView@42898ba: onSSPAndSRT: pl = 0 pt = -882 sx = 1.0 sy = 1.0
10-16 01:00:25.283   572   647 I SurfaceView@42898ba: aOrMT: ViewRootImpl@48d3b3a[MainActivity] t = android.view.SurfaceControl$Transaction@1c342f2 fN = 757 android.view.SurfaceView.-$$Nest$mapplyOrMergeTransaction:0 android.view.SurfaceView$SurfaceViewPositionUpdateListener.positionChanged:1537 android.graphics.RenderNode$CompositePositionUpdateListener.positionChanged:373 
10-16 01:00:25.283   572   647 I ViewRootImpl@48d3b3a[MainActivity]: mWNT: t=0x7b14b00a00 mBlastBufferQueue=0x7b5c2d1100 fn= 757 caller= android.view.SurfaceView.applyOrMergeTransaction:1455 android.view.SurfaceView.-$$Nest$mapplyOrMergeTransaction:0 android.view.SurfaceView$SurfaceViewPositionUpdateListener.positionChanged:1537 
10-16 01:00:25.283   572   647 I ViewRootImpl@48d3b3a[MainActivity]: mWNT: t=0x7b32bb9600 mBlastBufferQueue=0x7b5c2d1100 fn= 757 caller= android.view.ViewRootImpl.lambda$applyTransactionOnDraw$11$android-view-ViewRootImpl:12865 android.view.ViewRootImpl$$ExternalSyntheticLambda1.onFrameDraw:4 android.graphics.HardwareRenderer$FrameDrawingCallback.onFrameDraw:924 
10-16 01:00:25.294   572   572 I SurfaceView@42898ba: Changes: creating=false format=false size=false visible=false alpha=false hint=false mUseAlpha=false visible=false left=false top=true
10-16 01:00:25.294   572   572 I SurfaceView@42898ba: 69769402 Cur surface: Surface(name=null)/@0xcc36ec1
10-16 01:00:25.295   572   572 I SurfaceView@42898ba: applyTransactionOnVriDraw: vri = ViewRootImpl@48d3b3a[MainActivity] fRS = false t = 0x7b32bb9700 android.view.SurfaceView.performSurfaceTransaction:959 android.view.SurfaceView.updateSurface:1105 android.view.SurfaceView.lambda$new$0$android-view-SurfaceView:200 
10-16 01:00:25.295   572   572 I ViewRootImpl@48d3b3a[MainActivity]: applyTransactionOnDraw: mRemoved = false isHardwareEnabled = true t = 0x7b32bb9700android.view.SurfaceView.applyTransactionOnVriDraw:2048 android.view.SurfaceView.performSurfaceTransaction:959 android.view.SurfaceView.updateSurface:1105 android.view.SurfaceView.lambda$new$0$android-view-SurfaceView:200 android.view.SurfaceView$$ExternalSyntheticLambda5.onPreDraw:2 
10-16 01:00:25.295   572   572 I SurfaceView@42898ba: updateSurface: mVisible = true mSurface.isValid() = true
10-16 01:00:25.295   572   572 I SurfaceView@42898ba: updateSurface: mSurfaceCreated = true surfaceChanged = false visibleChanged = false
10-16 01:00:25.295   572   572 V SurfaceView@42898ba: Layout: x=0 y=-758 w=1080 h=525, frame=Rect(0, 0 - 1080, 525)
10-16 01:00:25.299   572   648 D SurfaceView@42898ba: updateSurfacePosition RenderWorker, frameNr = 758, position = [0, -758, 1080, -233] surfaceSize = 1080x525
10-16 01:00:25.299   572   648 I SurfaceView@42898ba: uSP: rtp = Rect(0, -758 - 1080, -233) rtsw = 1080 rtsh = 525
10-16 01:00:25.299   572   648 I SurfaceView@42898ba: onSSPAndSRT: pl = 0 pt = -758 sx = 1.0 sy = 1.0
10-16 01:00:25.300   572   648 I SurfaceView@42898ba: aOrMT: ViewRootImpl@48d3b3a[MainActivity] t = android.view.SurfaceControl$Transaction@1c342f2 fN = 758 android.view.SurfaceView.-$$Nest$mapplyOrMergeTransaction:0 android.view.SurfaceView$SurfaceViewPositionUpdateListener.positionChanged:1537 android.graphics.RenderNode$CompositePositionUpdateListener.positionChanged:373 
10-16 01:00:25.300   572   648 I ViewRootImpl@48d3b3a[MainActivity]: mWNT: t=0x7b14b00a00 mBlastBufferQueue=0x7b5c2d1100 fn= 758 caller= android.view.SurfaceView.applyOrMergeTransaction:1455 android.view.SurfaceView.-$$Nest$mapplyOrMergeTransaction:0 android.view.SurfaceView$SurfaceViewPositionUpdateListener.positionChanged:1537 
10-16 01:00:25.300   572   648 I ViewRootImpl@48d3b3a[MainActivity]: mWNT: t=0x7b32bb9700 mBlastBufferQueue=0x7b5c2d1100 fn= 758 caller= android.view.ViewRootImpl.lambda$applyTransactionOnDraw$11$android-view-ViewRootImpl:12865 android.view.ViewRootImpl$$ExternalSyntheticLambda1.onFrameDraw:4 android.graphics.HardwareRenderer$FrameDrawingCallback.onFrameDraw:924 
10-16 01:00:25.311   572   572 I SurfaceView@42898ba: Changes: creating=false format=false size=false visible=false alpha=false hint=false mUseAlpha=false visible=false left=false top=true
10-16 01:00:25.311   572   572 I SurfaceView@42898ba: 69769402 Cur surface: Surface(name=null)/@0xcc36ec1
10-16 01:00:25.312   572   572 I SurfaceView@42898ba: applyTransactionOnVriDraw: vri = ViewRootImpl@48d3b3a[MainActivity] fRS = false t = 0x7b32bb9800 android.view.SurfaceView.performSurfaceTransaction:959 android.view.SurfaceView.updateSurface:1105 android.view.SurfaceView.lambda$new$0$android-view-SurfaceView:200 
10-16 01:00:25.312   572   572 I ViewRootImpl@48d3b3a[MainActivity]: applyTransactionOnDraw: mRemoved = false isHardwareEnabled = true t = 0x7b32bb9800android.view.SurfaceView.applyTransactionOnVriDraw:2048 android.view.SurfaceView.performSurfaceTransaction:959 android.view.SurfaceView.updateSurface:1105 android.view.SurfaceView.lambda$new$0$android-view-SurfaceView:200 android.view.SurfaceView$$ExternalSyntheticLambda5.onPreDraw:2 
10-16 01:00:25.312   572   572 I SurfaceView@42898ba: updateSurface: mVisible = true mSurface.isValid() = true
10-16 01:00:25.312   572   572 I SurfaceView@42898ba: updateSurface: mSurfaceCreated = true surfaceChanged = false visibleChanged = false
10-16 01:00:25.312   572   572 V SurfaceView@42898ba: Layout: x=0 y=-645 w=1080 h=525, frame=Rect(0, 0 - 1080, 525)
10-16 01:00:25.316   572   647 D SurfaceView@42898ba: updateSurfacePosition RenderWorker, frameNr = 759, position = [0, -645, 1080, -120] surfaceSize = 1080x525
10-16 01:00:25.316   572   647 I SurfaceView@42898ba: uSP: rtp = Rect(0, -645 - 1080, -120) rtsw = 1080 rtsh = 525
10-16 01:00:25.316   572   647 I SurfaceView@42898ba: onSSPAndSRT: pl = 0 pt = -645 sx = 1.0 sy = 1.0
10-16 01:00:25.316   572   647 I SurfaceView@42898ba: aOrMT: ViewRootImpl@48d3b3a[MainActivity] t = android.view.SurfaceControl$Transaction@1c342f2 fN = 759 android.view.SurfaceView.-$$Nest$mapplyOrMergeTransaction:0 android.view.SurfaceView$SurfaceViewPositionUpdateListener.positionChanged:1537 android.graphics.RenderNode$CompositePositionUpdateListener.positionChanged:373 
10-16 01:00:25.317   572   647 I ViewRootImpl@48d3b3a[MainActivity]: mWNT: t=0x7b14b00a00 mBlastBufferQueue=0x7b5c2d1100 fn= 759 caller= android.view.SurfaceView.applyOrMergeTransaction:1455 android.view.SurfaceView.-$$Nest$mapplyOrMergeTransaction:0 android.view.SurfaceView$SurfaceViewPositionUpdateListener.positionChanged:1537 
10-16 01:00:25.317   572   647 I ViewRootImpl@48d3b3a[MainActivity]: mWNT: t=0x7b32bb9800 mBlastBufferQueue=0x7b5c2d1100 fn= 759 caller= android.view.ViewRootImpl.lambda$applyTransactionOnDraw$11$android-view-ViewRootImpl:12865 android.view.ViewRootImpl$$ExternalSyntheticLambda1.onFrameDraw:4 android.graphics.HardwareRenderer$FrameDrawingCallback.onFrameDraw:924 
10-16 01:00:25.328   572   572 I SurfaceView@42898ba: Changes: creating=false format=false size=false visible=false alpha=false hint=false mUseAlpha=false visible=false left=false top=true
10-16 01:00:25.328   572   572 I SurfaceView@42898ba: 69769402 Cur surface: Surface(name=null)/@0xcc36ec1
10-16 01:00:25.328   572   572 I SurfaceView@42898ba: applyTransactionOnVriDraw: vri = ViewRootImpl@48d3b3a[MainActivity] fRS = false t = 0x7b32bb9900 android.view.SurfaceView.performSurfaceTransaction:959 android.view.SurfaceView.updateSurface:1105 android.view.SurfaceView.lambda$new$0$android-view-SurfaceView:200 
10-16 01:00:25.329   572   572 I ViewRootImpl@48d3b3a[MainActivity]: applyTransactionOnDraw: mRemoved = false isHardwareEnabled = true t = 0x7b32bb9900android.view.SurfaceView.applyTransactionOnVriDraw:2048 android.view.SurfaceView.performSurfaceTransaction:959 android.view.SurfaceView.updateSurface:1105 android.view.SurfaceView.lambda$new$0$android-view-SurfaceView:200 android.view.SurfaceView$$ExternalSyntheticLambda5.onPreDraw:2 
10-16 01:00:25.329   572   572 I SurfaceView@42898ba: updateSurface: mVisible = true mSurface.isValid() = true
10-16 01:00:25.329   572   572 I SurfaceView@42898ba: updateSurface: mSurfaceCreated = true surfaceChanged = false visibleChanged = false
10-16 01:00:25.329   572   572 V SurfaceView@42898ba: Layout: x=0 y=-528 w=1080 h=525, frame=Rect(0, 0 - 1080, 525)
10-16 01:00:25.333   572   648 D SurfaceView@42898ba: updateSurfacePosition RenderWorker, frameNr = 760, position = [0, -528, 1080, -3] surfaceSize = 1080x525
10-16 01:00:25.333   572   648 I SurfaceView@42898ba: uSP: rtp = Rect(0, -528 - 1080, -3) rtsw = 1080 rtsh = 525
10-16 01:00:25.333   572   648 I SurfaceView@42898ba: onSSPAndSRT: pl = 0 pt = -528 sx = 1.0 sy = 1.0
10-16 01:00:25.333   572   648 I SurfaceView@42898ba: aOrMT: ViewRootImpl@48d3b3a[MainActivity] t = android.view.SurfaceControl$Transaction@1c342f2 fN = 760 android.view.SurfaceView.-$$Nest$mapplyOrMergeTransaction:0 android.view.SurfaceView$SurfaceViewPositionUpdateListener.positionChanged:1537 android.graphics.RenderNode$CompositePositionUpdateListener.positionChanged:373 
10-16 01:00:25.334   572   648 I ViewRootImpl@48d3b3a[MainActivity]: mWNT: t=0x7b14b00a00 mBlastBufferQueue=0x7b5c2d1100 fn= 760 caller= android.view.SurfaceView.applyOrMergeTransaction:1455 android.view.SurfaceView.-$$Nest$mapplyOrMergeTransaction:0 android.view.SurfaceView$SurfaceViewPositionUpdateListener.positionChanged:1537 
10-16 01:00:25.334   572   648 I ViewRootImpl@48d3b3a[MainActivity]: mWNT: t=0x7b32bb9900 mBlastBufferQueue=0x7b5c2d1100 fn= 760 caller= android.view.ViewRootImpl.lambda$applyTransactionOnDraw$11$android-view-ViewRootImpl:12865 android.view.ViewRootImpl$$ExternalSyntheticLambda1.onFrameDraw:4 android.graphics.HardwareRenderer$FrameDrawingCallback.onFrameDraw:924 
10-16 01:00:25.344   572   572 I SurfaceView@42898ba: Changes: creating=false format=false size=false visible=false alpha=false hint=false mUseAlpha=false visible=false left=false top=true
10-16 01:00:25.344   572   572 I SurfaceView@42898ba: 69769402 Cur surface: Surface(name=null)/@0xcc36ec1
10-16 01:00:25.345   572   572 I SurfaceView@42898ba: applyTransactionOnVriDraw: vri = ViewRootImpl@48d3b3a[MainActivity] fRS = false t = 0x7b32bb9a00 android.view.SurfaceView.performSurfaceTransaction:959 android.view.SurfaceView.updateSurface:1105 android.view.SurfaceView.lambda$new$0$android-view-SurfaceView:200 
10-16 01:00:25.345   572   572 I ViewRootImpl@48d3b3a[MainActivity]: applyTransactionOnDraw: mRemoved = false isHardwareEnabled = true t = 0x7b32bb9a00android.view.SurfaceView.applyTransactionOnVriDraw:2048 android.view.SurfaceView.performSurfaceTransaction:959 android.view.SurfaceView.updateSurface:1105 android.view.SurfaceView.lambda$new$0$android-view-SurfaceView:200 android.view.SurfaceView$$ExternalSyntheticLambda5.onPreDraw:2 
10-16 01:00:25.345   572   572 I SurfaceView@42898ba: updateSurface: mVisible = true mSurface.isValid() = true
10-16 01:00:25.345   572   572 I SurfaceView@42898ba: updateSurface: mSurfaceCreated = true surfaceChanged = false visibleChanged = false
10-16 01:00:25.345   572   572 V SurfaceView@42898ba: Layout: x=0 y=-415 w=1080 h=525, frame=Rect(0, 0 - 1080, 525)
10-16 01:00:25.349   572   647 D SurfaceView@42898ba: updateSurfacePosition RenderWorker, frameNr = 761, position = [0, -415, 1080, 110] surfaceSize = 1080x525
10-16 01:00:25.349   572   647 I SurfaceView@42898ba: uSP: rtp = Rect(0, -415 - 1080, 110) rtsw = 1080 rtsh = 525
10-16 01:00:25.349   572   647 I SurfaceView@42898ba: onSSPAndSRT: pl = 0 pt = -415 sx = 1.0 sy = 1.0
10-16 01:00:25.350   572   647 I SurfaceView@42898ba: aOrMT: ViewRootImpl@48d3b3a[MainActivity] t = android.view.SurfaceControl$Transaction@1c342f2 fN = 761 android.view.SurfaceView.-$$Nest$mapplyOrMergeTransaction:0 android.view.SurfaceView$SurfaceViewPositionUpdateListener.positionChanged:1537 android.graphics.RenderNode$CompositePositionUpdateListener.positionChanged:373 
10-16 01:00:25.350   572   647 I ViewRootImpl@48d3b3a[MainActivity]: mWNT: t=0x7b14b00a00 mBlastBufferQueue=0x7b5c2d1100 fn= 761 caller= android.view.SurfaceView.applyOrMergeTransaction:1455 android.view.SurfaceView.-$$Nest$mapplyOrMergeTransaction:0 android.view.SurfaceView$SurfaceViewPositionUpdateListener.positionChanged:1537 
10-16 01:00:25.350   572   647 I ViewRootImpl@48d3b3a[MainActivity]: mWNT: t=0x7b32bb9a00 mBlastBufferQueue=0x7b5c2d1100 fn= 761 caller= android.view.ViewRootImpl.lambda$applyTransactionOnDraw$11$android-view-ViewRootImpl:12865 android.view.ViewRootImpl$$ExternalSyntheticLambda1.onFrameDraw:4 android.graphics.HardwareRenderer$FrameDrawingCallback.onFrameDraw:924 
10-16 01:00:25.361   572   572 I SurfaceView@42898ba: Changes: creating=false format=false size=false visible=false alpha=false hint=false mUseAlpha=false visible=false left=false top=true
10-16 01:00:25.361   572   572 I SurfaceView@42898ba: 69769402 Cur surface: Surface(name=null)/@0xcc36ec1
10-16 01:00:25.362   572   572 I SurfaceView@42898ba: applyTransactionOnVriDraw: vri = ViewRootImpl@48d3b3a[MainActivity] fRS = false t = 0x7b32bb9b00 android.view.SurfaceView.performSurfaceTransaction:959 android.view.SurfaceView.updateSurface:1105 android.view.SurfaceView.lambda$new$0$android-view-SurfaceView:200 
10-16 01:00:25.362   572   572 I ViewRootImpl@48d3b3a[MainActivity]: applyTransactionOnDraw: mRemoved = false isHardwareEnabled = true t = 0x7b32bb9b00android.view.SurfaceView.applyTransactionOnVriDraw:2048 android.view.SurfaceView.performSurfaceTransaction:959 android.view.SurfaceView.updateSurface:1105 android.view.SurfaceView.lambda$new$0$android-view-SurfaceView:200 android.view.SurfaceView$$ExternalSyntheticLambda5.onPreDraw:2 
10-16 01:00:25.362   572   572 I SurfaceView@42898ba: updateSurface: mVisible = true mSurface.isValid() = true
10-16 01:00:25.362   572   572 I SurfaceView@42898ba: updateSurface: mSurfaceCreated = true surfaceChanged = false visibleChanged = false
10-16 01:00:25.362   572   572 V SurfaceView@42898ba: Layout: x=0 y=-312 w=1080 h=525, frame=Rect(0, 0 - 1080, 525)
10-16 01:00:25.366   572   648 D SurfaceView@42898ba: updateSurfacePosition RenderWorker, frameNr = 762, position = [0, -312, 1080, 213] surfaceSize = 1080x525
10-16 01:00:25.366   572   648 I SurfaceView@42898ba: uSP: rtp = Rect(0, -312 - 1080, 213) rtsw = 1080 rtsh = 525
10-16 01:00:25.366   572   648 I SurfaceView@42898ba: onSSPAndSRT: pl = 0 pt = -312 sx = 1.0 sy = 1.0
10-16 01:00:25.366   572   648 I SurfaceView@42898ba: aOrMT: ViewRootImpl@48d3b3a[MainActivity] t = android.view.SurfaceControl$Transaction@1c342f2 fN = 762 android.view.SurfaceView.-$$Nest$mapplyOrMergeTransaction:0 android.view.SurfaceView$SurfaceViewPositionUpdateListener.positionChanged:1537 android.graphics.RenderNode$CompositePositionUpdateListener.positionChanged:373 
10-16 01:00:25.366   572   648 I ViewRootImpl@48d3b3a[MainActivity]: mWNT: t=0x7b14b00a00 mBlastBufferQueue=0x7b5c2d1100 fn= 762 caller= android.view.SurfaceView.applyOrMergeTransaction:1455 android.view.SurfaceView.-$$Nest$mapplyOrMergeTransaction:0 android.view.SurfaceView$SurfaceViewPositionUpdateListener.positionChanged:1537 
10-16 01:00:25.367   572   648 I ViewRootImpl@48d3b3a[MainActivity]: mWNT: t=0x7b32bb9b00 mBlastBufferQueue=0x7b5c2d1100 fn= 762 caller= android.view.ViewRootImpl.lambda$applyTransactionOnDraw$11$android-view-ViewRootImpl:12865 android.view.ViewRootImpl$$ExternalSyntheticLambda1.onFrameDraw:4 android.graphics.HardwareRenderer$FrameDrawingCallback.onFrameDraw:924 
10-16 01:00:25.378   572   572 I SurfaceView@42898ba: Changes: creating=false format=false size=false visible=false alpha=false hint=false mUseAlpha=false visible=false left=false top=true
10-16 01:00:25.378   572   572 I SurfaceView@42898ba: 69769402 Cur surface: Surface(name=null)/@0xcc36ec1
10-16 01:00:25.378   572   572 I SurfaceView@42898ba: applyTransactionOnVriDraw: vri = ViewRootImpl@48d3b3a[MainActivity] fRS = false t = 0x7b32bb9c00 android.view.SurfaceView.performSurfaceTransaction:959 android.view.SurfaceView.updateSurface:1105 android.view.SurfaceView.lambda$new$0$android-view-SurfaceView:200 
10-16 01:00:25.378   572   572 I ViewRootImpl@48d3b3a[MainActivity]: applyTransactionOnDraw: mRemoved = false isHardwareEnabled = true t = 0x7b32bb9c00android.view.SurfaceView.applyTransactionOnVriDraw:2048 android.view.SurfaceView.performSurfaceTransaction:959 android.view.SurfaceView.updateSurface:1105 android.view.SurfaceView.lambda$new$0$android-view-SurfaceView:200 android.view.SurfaceView$$ExternalSyntheticLambda5.onPreDraw:2 
10-16 01:00:25.378   572   572 I SurfaceView@42898ba: updateSurface: mVisible = true mSurface.isValid() = true
10-16 01:00:25.379   572   572 I SurfaceView@42898ba: updateSurface: mSurfaceCreated = true surfaceChanged = false visibleChanged = false
10-16 01:00:25.379   572   572 V SurfaceView@42898ba: Layout: x=0 y=-207 w=1080 h=525, frame=Rect(0, 0 - 1080, 525)
10-16 01:00:25.382   572   647 D SurfaceView@42898ba: updateSurfacePosition RenderWorker, frameNr = 763, position = [0, -207, 1080, 318] surfaceSize = 1080x525
10-16 01:00:25.383   572   647 I SurfaceView@42898ba: uSP: rtp = Rect(0, -207 - 1080, 318) rtsw = 1080 rtsh = 525
10-16 01:00:25.383   572   647 I SurfaceView@42898ba: onSSPAndSRT: pl = 0 pt = -207 sx = 1.0 sy = 1.0
10-16 01:00:25.383   572   647 I SurfaceView@42898ba: aOrMT: ViewRootImpl@48d3b3a[MainActivity] t = android.view.SurfaceControl$Transaction@1c342f2 fN = 763 android.view.SurfaceView.-$$Nest$mapplyOrMergeTransaction:0 android.view.SurfaceView$SurfaceViewPositionUpdateListener.positionChanged:1537 android.graphics.RenderNode$CompositePositionUpdateListener.positionChanged:373 
10-16 01:00:25.383   572   647 I ViewRootImpl@48d3b3a[MainActivity]: mWNT: t=0x7b14b00a00 mBlastBufferQueue=0x7b5c2d1100 fn= 763 caller= android.view.SurfaceView.applyOrMergeTransaction:1455 android.view.SurfaceView.-$$Nest$mapplyOrMergeTransaction:0 android.view.SurfaceView$SurfaceViewPositionUpdateListener.positionChanged:1537 
10-16 01:00:25.383   572   647 I ViewRootImpl@48d3b3a[MainActivity]: mWNT: t=0x7b32bb9c00 mBlastBufferQueue=0x7b5c2d1100 fn= 763 caller= android.view.ViewRootImpl.lambda$applyTransactionOnDraw$11$android-view-ViewRootImpl:12865 android.view.ViewRootImpl$$ExternalSyntheticLambda1.onFrameDraw:4 android.graphics.HardwareRenderer$FrameDrawingCallback.onFrameDraw:924 
10-16 01:00:25.395   572   572 I SurfaceView@42898ba: Changes: creating=false format=false size=false visible=false alpha=false hint=false mUseAlpha=false visible=false left=false top=true
10-16 01:00:25.395   572   572 I SurfaceView@42898ba: 69769402 Cur surface: Surface(name=null)/@0xcc36ec1
10-16 01:00:25.395   572   572 I SurfaceView@42898ba: applyTransactionOnVriDraw: vri = ViewRootImpl@48d3b3a[MainActivity] fRS = false t = 0x7b32bb9d00 android.view.SurfaceView.performSurfaceTransaction:959 android.view.SurfaceView.updateSurface:1105 android.view.SurfaceView.lambda$new$0$android-view-SurfaceView:200 
10-16 01:00:25.395   572   572 I ViewRootImpl@48d3b3a[MainActivity]: applyTransactionOnDraw: mRemoved = false isHardwareEnabled = true t = 0x7b32bb9d00android.view.SurfaceView.applyTransactionOnVriDraw:2048 android.view.SurfaceView.performSurfaceTransaction:959 android.view.SurfaceView.updateSurface:1105 android.view.SurfaceView.lambda$new$0$android-view-SurfaceView:200 android.view.SurfaceView$$ExternalSyntheticLambda5.onPreDraw:2 
10-16 01:00:25.396   572   572 I SurfaceView@42898ba: updateSurface: mVisible = true mSurface.isValid() = true
10-16 01:00:25.396   572   572 I SurfaceView@42898ba: updateSurface: mSurfaceCreated = true surfaceChanged = false visibleChanged = false
10-16 01:00:25.396   572   572 V SurfaceView@42898ba: Layout: x=0 y=-106 w=1080 h=525, frame=Rect(0, 0 - 1080, 525)
10-16 01:00:25.399   572   648 D SurfaceView@42898ba: updateSurfacePosition RenderWorker, frameNr = 764, position = [0, -106, 1080, 419] surfaceSize = 1080x525
10-16 01:00:25.400   572   648 I SurfaceView@42898ba: uSP: rtp = Rect(0, -106 - 1080, 419) rtsw = 1080 rtsh = 525
10-16 01:00:25.400   572   648 I SurfaceView@42898ba: onSSPAndSRT: pl = 0 pt = -106 sx = 1.0 sy = 1.0
10-16 01:00:25.400   572   648 I SurfaceView@42898ba: aOrMT: ViewRootImpl@48d3b3a[MainActivity] t = android.view.SurfaceControl$Transaction@1c342f2 fN = 764 android.view.SurfaceView.-$$Nest$mapplyOrMergeTransaction:0 android.view.SurfaceView$SurfaceViewPositionUpdateListener.positionChanged:1537 android.graphics.RenderNode$CompositePositionUpdateListener.positionChanged:373 
10-16 01:00:25.400   572   648 I ViewRootImpl@48d3b3a[MainActivity]: mWNT: t=0x7b14b00a00 mBlastBufferQueue=0x7b5c2d1100 fn= 764 caller= android.view.SurfaceView.applyOrMergeTransaction:1455 android.view.SurfaceView.-$$Nest$mapplyOrMergeTransaction:0 android.view.SurfaceView$SurfaceViewPositionUpdateListener.positionChanged:1537 
10-16 01:00:25.400   572   648 I ViewRootImpl@48d3b3a[MainActivity]: mWNT: t=0x7b32bb9d00 mBlastBufferQueue=0x7b5c2d1100 fn= 764 caller= android.view.ViewRootImpl.lambda$applyTransactionOnDraw$11$android-view-ViewRootImpl:12865 android.view.ViewRootImpl$$ExternalSyntheticLambda1.onFrameDraw:4 android.graphics.HardwareRenderer$FrameDrawingCallback.onFrameDraw:924 
10-16 01:00:25.411   572   572 I SurfaceView@42898ba: Changes: creating=false format=false size=false visible=false alpha=false hint=false mUseAlpha=false visible=false left=false top=true
10-16 01:00:25.411   572   572 I SurfaceView@42898ba: 69769402 Cur surface: Surface(name=null)/@0xcc36ec1
10-16 01:00:25.412   572   572 I SurfaceView@42898ba: applyTransactionOnVriDraw: vri = ViewRootImpl@48d3b3a[MainActivity] fRS = false t = 0x7b32bb9e00 android.view.SurfaceView.performSurfaceTransaction:959 android.view.SurfaceView.updateSurface:1105 android.view.SurfaceView.lambda$new$0$android-view-SurfaceView:200 
10-16 01:00:25.412   572   572 I ViewRootImpl@48d3b3a[MainActivity]: applyTransactionOnDraw: mRemoved = false isHardwareEnabled = true t = 0x7b32bb9e00android.view.SurfaceView.applyTransactionOnVriDraw:2048 android.view.SurfaceView.performSurfaceTransaction:959 android.view.SurfaceView.updateSurface:1105 android.view.SurfaceView.lambda$new$0$android-view-SurfaceView:200 android.view.SurfaceView$$ExternalSyntheticLambda5.onPreDraw:2 
10-16 01:00:25.412   572   572 I SurfaceView@42898ba: updateSurface: mVisible = true mSurface.isValid() = true
10-16 01:00:25.412   572   572 I SurfaceView@42898ba: updateSurface: mSurfaceCreated = true surfaceChanged = false visibleChanged = false
10-16 01:00:25.412   572   572 V SurfaceView@42898ba: Layout: x=0 y=-14 w=1080 h=525, frame=Rect(0, 0 - 1080, 525)
10-16 01:00:25.416   572   647 D SurfaceView@42898ba: updateSurfacePosition RenderWorker, frameNr = 765, position = [0, -14, 1080, 511] surfaceSize = 1080x525
10-16 01:00:25.416   572   647 I SurfaceView@42898ba: uSP: rtp = Rect(0, -14 - 1080, 511) rtsw = 1080 rtsh = 525
10-16 01:00:25.416   572   647 I SurfaceView@42898ba: onSSPAndSRT: pl = 0 pt = -14 sx = 1.0 sy = 1.0
10-16 01:00:25.416   572   647 I SurfaceView@42898ba: aOrMT: ViewRootImpl@48d3b3a[MainActivity] t = android.view.SurfaceControl$Transaction@1c342f2 fN = 765 android.view.SurfaceView.-$$Nest$mapplyOrMergeTransaction:0 android.view.SurfaceView$SurfaceViewPositionUpdateListener.positionChanged:1537 android.graphics.RenderNode$CompositePositionUpdateListener.positionChanged:373 
10-16 01:00:25.417   572   647 I ViewRootImpl@48d3b3a[MainActivity]: mWNT: t=0x7b14b00a00 mBlastBufferQueue=0x7b5c2d1100 fn= 765 caller= android.view.SurfaceView.applyOrMergeTransaction:1455 android.view.SurfaceView.-$$Nest$mapplyOrMergeTransaction:0 android.view.SurfaceView$SurfaceViewPositionUpdateListener.positionChanged:1537 
10-16 01:00:25.417   572   647 I ViewRootImpl@48d3b3a[MainActivity]: mWNT: t=0x7b32bb9e00 mBlastBufferQueue=0x7b5c2d1100 fn= 765 caller= android.view.ViewRootImpl.lambda$applyTransactionOnDraw$11$android-view-ViewRootImpl:12865 android.view.ViewRootImpl$$ExternalSyntheticLambda1.onFrameDraw:4 android.graphics.HardwareRenderer$FrameDrawingCallback.onFrameDraw:924 
10-16 01:00:25.428   572   572 I SurfaceView@42898ba: Changes: creating=false format=false size=false visible=false alpha=false hint=false mUseAlpha=false visible=false left=false top=true
10-16 01:00:25.428   572   572 I SurfaceView@42898ba: 69769402 Cur surface: Surface(name=null)/@0xcc36ec1
10-16 01:00:25.429   572   572 I SurfaceView@42898ba: applyTransactionOnVriDraw: vri = ViewRootImpl@48d3b3a[MainActivity] fRS = false t = 0x7b32bb9f00 android.view.SurfaceView.performSurfaceTransaction:959 android.view.SurfaceView.updateSurface:1105 android.view.SurfaceView.lambda$new$0$android-view-SurfaceView:200 
