10-16 00:41:20.412 27266 27266 I SurfaceView@d232ec3: updateSurface: mVisible = true mSurface.isValid() = true
10-16 00:41:20.412 27266 27266 I SurfaceView@d232ec3: updateSurface: mSurfaceCreated = true surfaceChanged = false visibleChanged = false
10-16 00:41:20.412 27266 27266 V SurfaceView@d232ec3: Layout: x=0 y=-1427 w=1080 h=525, frame=Rect(0, 0 - 1080, 525)
10-16 00:41:20.425 27266 27354 I ViewRootImpl@48d3b3a[MainActivity]: mWNT: t=0x7b47485700 mBlastBufferQueue=0x7b47381500 fn= 160 caller= android.view.ViewRootImpl.lambda$applyTransactionOnDraw$11$android-view-ViewRootImpl:12865 android.view.ViewRootImpl$$ExternalSyntheticLambda1.onFrameDraw:4 android.graphics.HardwareRenderer$FrameDrawingCallback.onFrameDraw:924 
10-16 00:41:20.429 27266 27266 I SurfaceView@d232ec3: Changes: creating=false format=false size=false visible=false alpha=false hint=false mUseAlpha=false visible=false left=false top=true
10-16 00:41:20.430 27266 27266 I SurfaceView@d232ec3: 220409539 Cur surface: Surface(name=null)/@0xb6866fe
10-16 00:41:20.430 27266 27266 I SurfaceView@d232ec3: applyTransactionOnVriDraw: vri = ViewRootImpl@48d3b3a[MainActivity] fRS = false t = 0x7b47485800 android.view.SurfaceView.performSurfaceTransaction:959 android.view.SurfaceView.updateSurface:1105 android.view.SurfaceView.lambda$new$0$android-view-SurfaceView:200 
10-16 00:41:20.430 27266 27266 I ViewRootImpl@48d3b3a[MainActivity]: applyTransactionOnDraw: mRemoved = false isHardwareEnabled = true t = 0x7b47485800android.view.SurfaceView.applyTransactionOnVriDraw:2048 android.view.SurfaceView.performSurfaceTransaction:959 android.view.SurfaceView.updateSurface:1105 android.view.SurfaceView.lambda$new$0$android-view-SurfaceView:200 android.view.SurfaceView$$ExternalSyntheticLambda5.onPreDraw:2 
10-16 00:41:20.430 27266 27266 I SurfaceView@d232ec3: updateSurface: mVisible = true mSurface.isValid() = true
10-16 00:41:20.430 27266 27266 I SurfaceView@d232ec3: updateSurface: mSurfaceCreated = true surfaceChanged = false visibleChanged = false
10-16 00:41:20.430 27266 27266 V SurfaceView@d232ec3: Layout: x=0 y=-1429 w=1080 h=525, frame=Rect(0, 0 - 1080, 525)
10-16 00:41:20.439 27266 27353 D SurfaceView@d232ec3: updateSurfacePosition RenderWorker, frameNr = 161, position = [0, -1429, 1080, -904] surfaceSize = 1080x525
10-16 00:41:20.439 27266 27353 I SurfaceView@d232ec3: uSP: rtp = Rect(0, -1429 - 1080, -904) rtsw = 1080 rtsh = 525
10-16 00:41:20.439 27266 27353 I SurfaceView@d232ec3: onSSPAndSRT: pl = 0 pt = -1429 sx = 1.0 sy = 1.0
10-16 00:41:20.440 27266 27353 I SurfaceView@d232ec3: aOrMT: ViewRootImpl@48d3b3a[MainActivity] t = android.view.SurfaceControl$Transaction@d7d8175 fN = 161 android.view.SurfaceView.-$$Nest$mapplyOrMergeTransaction:0 android.view.SurfaceView$SurfaceViewPositionUpdateListener.positionChanged:1537 android.graphics.RenderNode$CompositePositionUpdateListener.positionChanged:373 
10-16 00:41:20.440 27266 27353 I ViewRootImpl@48d3b3a[MainActivity]: mWNT: t=0x7adbf81400 mBlastBufferQueue=0x7b47381500 fn= 161 caller= android.view.SurfaceView.applyOrMergeTransaction:1455 android.view.SurfaceView.-$$Nest$mapplyOrMergeTransaction:0 android.view.SurfaceView$SurfaceViewPositionUpdateListener.positionChanged:1537 
10-16 00:41:20.440 27266 27353 I ViewRootImpl@48d3b3a[MainActivity]: mWNT: t=0x7b47485800 mBlastBufferQueue=0x7b47381500 fn= 161 caller= android.view.ViewRootImpl.lambda$applyTransactionOnDraw$11$android-view-ViewRootImpl:12865 android.view.ViewRootImpl$$ExternalSyntheticLambda1.onFrameDraw:4 android.graphics.HardwareRenderer$FrameDrawingCallback.onFrameDraw:924 
10-16 00:41:20.445 27266 27266 I SurfaceView@d232ec3: Changes: creating=false format=false size=false visible=false alpha=false hint=false mUseAlpha=false visible=false left=false top=true
10-16 00:41:20.445 27266 27266 I SurfaceView@d232ec3: 220409539 Cur surface: Surface(name=null)/@0xb6866fe
10-16 00:41:20.445 27266 27266 I SurfaceView@d232ec3: applyTransactionOnVriDraw: vri = ViewRootImpl@48d3b3a[MainActivity] fRS = false t = 0x7b47485900 android.view.SurfaceView.performSurfaceTransaction:959 android.view.SurfaceView.updateSurface:1105 android.view.SurfaceView.lambda$new$0$android-view-SurfaceView:200 
10-16 00:41:20.446 27266 27266 I ViewRootImpl@48d3b3a[MainActivity]: applyTransactionOnDraw: mRemoved = false isHardwareEnabled = true t = 0x7b47485900android.view.SurfaceView.applyTransactionOnVriDraw:2048 android.view.SurfaceView.performSurfaceTransaction:959 android.view.SurfaceView.updateSurface:1105 android.view.SurfaceView.lambda$new$0$android-view-SurfaceView:200 android.view.SurfaceView$$ExternalSyntheticLambda5.onPreDraw:2 
10-16 00:41:20.446 27266 27266 I SurfaceView@d232ec3: updateSurface: mVisible = true mSurface.isValid() = true
10-16 00:41:20.446 27266 27266 I SurfaceView@d232ec3: updateSurface: mSurfaceCreated = true surfaceChanged = false visibleChanged = false
10-16 00:41:20.446 27266 27266 V SurfaceView@d232ec3: Layout: x=0 y=-1432 w=1080 h=525, frame=Rect(0, 0 - 1080, 525)
10-16 00:41:20.468 27266 27354 D SurfaceView@d232ec3: updateSurfacePosition RenderWorker, frameNr = 162, position = [0, -1432, 1080, -907] surfaceSize = 1080x525
10-16 00:41:20.468 27266 27354 I SurfaceView@d232ec3: uSP: rtp = Rect(0, -1432 - 1080, -907) rtsw = 1080 rtsh = 525
10-16 00:41:20.468 27266 27354 I SurfaceView@d232ec3: onSSPAndSRT: pl = 0 pt = -1432 sx = 1.0 sy = 1.0
10-16 00:41:20.469 27266 27354 I SurfaceView@d232ec3: aOrMT: ViewRootImpl@48d3b3a[MainActivity] t = android.view.SurfaceControl$Transaction@d7d8175 fN = 162 android.view.SurfaceView.-$$Nest$mapplyOrMergeTransaction:0 android.view.SurfaceView$SurfaceViewPositionUpdateListener.positionChanged:1537 android.graphics.RenderNode$CompositePositionUpdateListener.positionChanged:373 
10-16 00:41:20.469 27266 27354 I ViewRootImpl@48d3b3a[MainActivity]: mWNT: t=0x7adbf81400 mBlastBufferQueue=0x7b47381500 fn= 162 caller= android.view.SurfaceView.applyOrMergeTransaction:1455 android.view.SurfaceView.-$$Nest$mapplyOrMergeTransaction:0 android.view.SurfaceView$SurfaceViewPositionUpdateListener.positionChanged:1537 
10-16 00:41:20.469 27266 27354 I ViewRootImpl@48d3b3a[MainActivity]: mWNT: t=0x7b47485900 mBlastBufferQueue=0x7b47381500 fn= 162 caller= android.view.ViewRootImpl.lambda$applyTransactionOnDraw$11$android-view-ViewRootImpl:12865 android.view.ViewRootImpl$$ExternalSyntheticLambda1.onFrameDraw:4 android.graphics.HardwareRenderer$FrameDrawingCallback.onFrameDraw:924 
10-16 00:41:20.578 27266 27266 D WindowOnBackDispatcher: onBackInvoked, viewRoot=ViewRootImpl@9ddd715[MainActivity], callback=androidx.activity.OnBackPressedDispatcher$Api33Impl$$ExternalSyntheticLambda0@23bcddb
10-16 00:41:20.584 27266 27266 I IMM_LC  : hsifw() - flag : 0
10-16 00:41:20.585 27266 27266 I IMM_LC  : hsifw() - mService.hideSoftInput
10-16 00:41:20.589 27266 27266 I CS3ExoPlayer: onStop
10-16 00:41:20.590 27266 27266 I CS3ExoPlayer: saveData
10-16 00:41:20.590 27266 27266 I CS3ExoPlayer: handleEvent Pause
10-16 00:41:20.881 27266 27353 D SurfaceView@d232ec3: updateSurfacePosition RenderWorker, frameNr = 172, position = [54, -1171, 1026, -698] surfaceSize = 1080x525
10-16 00:41:20.881 27266 27353 I SurfaceView@d232ec3: uSP: rtp = Rect(54, -1171 - 1026, -698) rtsw = 1080 rtsh = 525
10-16 00:41:20.881 27266 27353 I SurfaceView@d232ec3: onSSPAndSRT: pl = 54 pt = -1171 sx = 0.9 sy = 0.9009524
10-16 00:41:20.882 27266 27353 I SurfaceView@d232ec3: aOrMT: ViewRootImpl@48d3b3a[MainActivity] t = android.view.SurfaceControl$Transaction@d7d8175 fN = 172 android.view.SurfaceView.-$$Nest$mapplyOrMergeTransaction:0 android.view.SurfaceView$SurfaceViewPositionUpdateListener.positionChanged:1537 android.graphics.RenderNode$CompositePositionUpdateListener.positionChanged:373 
10-16 00:41:20.882 27266 27353 I ViewRootImpl@48d3b3a[MainActivity]: mWNT: t=0x7adbf81400 mBlastBufferQueue=0x7b47381500 fn= 172 caller= android.view.SurfaceView.applyOrMergeTransaction:1455 android.view.SurfaceView.-$$Nest$mapplyOrMergeTransaction:0 android.view.SurfaceView$SurfaceViewPositionUpdateListener.positionChanged:1537 
10-16 00:41:20.883 27266 27266 I SurfaceView@d232ec3: onWindowVisibilityChanged(8) false android.view.SurfaceView{d232ec3 V.E..V... ........ 0,0-1080,525} of ViewRootImpl@48d3b3a[MainActivity]
10-16 00:41:20.883 27266 27266 I SurfaceView@d232ec3: Changes: creating=false format=false size=false visible=true alpha=false hint=false mUseAlpha=false visible=true left=false top=false
10-16 00:41:20.883 27266 27266 I SurfaceView@d232ec3: 220409539 Cur surface: Surface(name=null)/@0xb6866fe
10-16 00:41:20.883 27266 27266 I SurfaceView@d232ec3: applyTransactionOnVriDraw: vri = ViewRootImpl@48d3b3a[MainActivity] fRS = false t = 0x7b13992700 android.view.SurfaceView.performSurfaceTransaction:959 android.view.SurfaceView.updateSurface:1105 android.view.SurfaceView.onWindowVisibilityChanged:371 
10-16 00:41:20.883 27266 27266 I ViewRootImpl@48d3b3a[MainActivity]: applyTransactionOnDraw: mRemoved = false isHardwareEnabled = true t = 0x7b13992700android.view.SurfaceView.applyTransactionOnVriDraw:2048 android.view.SurfaceView.performSurfaceTransaction:959 android.view.SurfaceView.updateSurface:1105 android.view.SurfaceView.onWindowVisibilityChanged:371 android.view.View.dispatchDetachedFromWindow:22529 
10-16 00:41:20.883 27266 27266 I SurfaceView@d232ec3: surfaceDestroyed
10-16 00:41:20.883 27266 27266 I SurfaceView@d232ec3: surfaceDestroyed callback.size 0 #2 android.view.SurfaceView{d232ec3 V.E..V... ........ 0,0-1080,525}
10-16 00:41:20.884 27266 27266 I SurfaceView@d232ec3: updateSurface: mVisible = false mSurface.isValid() = true
10-16 00:41:20.884 27266 27266 I SurfaceView@d232ec3: releaseSurfaces: viewRoot = ViewRootImpl@48d3b3a[MainActivity]
10-16 00:41:20.884 27266 27266 I SurfaceView@d232ec3: applyTransactionOnVriDraw: vri = ViewRootImpl@48d3b3a[MainActivity] fRS = true t = 0x7b13992800 android.view.SurfaceView.releaseSurfaces:858 android.view.SurfaceView.updateSurface:1172 android.view.SurfaceView.onWindowVisibilityChanged:371 
10-16 00:41:20.884 27266 27266 I SurfaceView@d232ec3: applyTransactionOnVriDraw: viewRoot.applyTransactionOnDrawFromReleaseSurfaces
10-16 00:41:20.884 27266 27266 I ViewRootImpl@48d3b3a[MainActivity]: applyTransactionOnDraw: mRemoved = false isHardwareEnabled = true t = 0x7b13992800android.view.ViewRootImpl.applyTransactionOnDrawFromReleaseSurfaces:12850 android.view.SurfaceView.applyTransactionOnVriDraw:2046 android.view.SurfaceView.releaseSurfaces:858 android.view.SurfaceView.updateSurface:1172 android.view.SurfaceView.onWindowVisibilityChanged:371 
10-16 00:41:20.884 27266 27266 V SurfaceView@d232ec3: Layout: x=0 y=-1432 w=1080 h=525, frame=Rect(0, 0 - 1080, 525)
10-16 00:41:20.884 27266 27266 I SurfaceView@d232ec3: onDetachedFromWindow: tryReleaseSurfaces()
10-16 00:41:20.884 27266 27266 I SurfaceView@d232ec3: releaseSurfaces: viewRoot = ViewRootImpl@48d3b3a[MainActivity]
10-16 00:41:20.885 27266 27266 I SurfaceView@d232ec3: applyTransactionOnVriDraw: vri = ViewRootImpl@48d3b3a[MainActivity] fRS = true t = 0x7b13992900 android.view.SurfaceView.releaseSurfaces:858 android.view.SurfaceView.onDetachedFromWindow:500 android.view.View.dispatchDetachedFromWindow:22538 
10-16 00:41:20.885 27266 27266 I SurfaceView@d232ec3: applyTransactionOnVriDraw: viewRoot.applyTransactionOnDrawFromReleaseSurfaces
10-16 00:41:20.885 27266 27266 I ViewRootImpl@48d3b3a[MainActivity]: applyTransactionOnDraw: mRemoved = false isHardwareEnabled = true t = 0x7b13992900android.view.ViewRootImpl.applyTransactionOnDrawFromReleaseSurfaces:12850 android.view.SurfaceView.applyTransactionOnVriDraw:2046 android.view.SurfaceView.releaseSurfaces:858 android.view.SurfaceView.onDetachedFromWindow:500 android.view.View.dispatchDetachedFromWindow:22538 
10-16 00:41:20.899 27266 27266 I DecorView: notifyKeepScreenOnChanged: keepScreenOn=false
10-16 00:41:20.900 27266 27266 I CS3ExoPlayer: releasePlayer
10-16 00:41:20.900 27266 27266 I CS3ExoPlayer: Handle event: PlayerAttachedEvent(player=null, source=Player)
10-16 00:41:20.901 27266 27266 I DecorView: notifyKeepScreenOnChanged: keepScreenOn=false
10-16 00:41:20.902 27266 27266 I ViewRootImpl@48d3b3a[MainActivity]: performTraversals params={(0,0)(fillxfill) sim={state=always_hidden adjust=resize} ty=BASE_APPLICATION wanim=0x1030309
10-16 00:41:20.902 27266 27266 I ViewRootImpl@48d3b3a[MainActivity]:   fl=85810100
10-16 00:41:20.902 27266 27266 I ViewRootImpl@48d3b3a[MainActivity]:   pfl=12020040
10-16 00:41:20.902 27266 27266 I ViewRootImpl@48d3b3a[MainActivity]:   vsysui=500
10-16 00:41:20.902 27266 27266 I ViewRootImpl@48d3b3a[MainActivity]:   bhv=DEFAULT
10-16 00:41:20.902 27266 27266 I ViewRootImpl@48d3b3a[MainActivity]:   fitSides= naviIconColor=0}
10-16 00:41:20.902 27266 27266 I ViewRootImpl@48d3b3a[MainActivity]: performTraversals mFirst=false windowShouldResize=false viewVisibilityChanged=false mForceNextWindowRelayout=false params={(0,0)(fillxfill) sim={state=always_hidden adjust=resize} ty=BASE_APPLICATION fmt=TRANSLUCENT wanim=0x1030309
10-16 00:41:20.902 27266 27266 I ViewRootImpl@48d3b3a[MainActivity]:   fl=85810100
10-16 00:41:20.902 27266 27266 I ViewRootImpl@48d3b3a[MainActivity]:   pfl=12020040
10-16 00:41:20.902 27266 27266 I ViewRootImpl@48d3b3a[MainActivity]:   vsysui=500
10-16 00:41:20.902 27266 27266 I ViewRootImpl@48d3b3a[MainActivity]:   bhv=DEFAULT
10-16 00:41:20.902 27266 27266 I ViewRootImpl@48d3b3a[MainActivity]:   fitSides= naviIconColor=0}
10-16 00:41:20.906 27266 27266 I ViewRootImpl@48d3b3a[MainActivity]: updateBlastSurfaceIfNeeded mBlastBufferQueue=0x7b47381500 isSameSurfaceControl=true
10-16 00:41:20.906 27266 27266 I BLASTBufferQueue: update, w= 1080 h= 2400 mName = ViewRootImpl@48d3b3a[MainActivity] mNativeObject= 0x7b47381500 sc.mNativeObject= 0x7ade7a9c60 format= -3 caller= android.view.ViewRootImpl.updateBlastSurfaceIfNeeded:2898 android.view.ViewRootImpl.relayoutWindow:9847 android.view.ViewRootImpl.performTraversals:3884 android.view.ViewRootImpl.doTraversal:3116 android.view.ViewRootImpl$TraversalRunnable.run:10885 android.view.Choreographer$CallbackRecord.run:1301 
10-16 00:41:20.906 27266 27266 I ViewRootImpl@48d3b3a[MainActivity]: Relayout returned: old=(0,0,1080,2400) new=(0,0,1080,2400) req=(1080,2400)0 dur=4 res=0x0 s={true 0x7b474e0000} ch=false seqId=0
10-16 00:41:20.906 27266 27266 I ViewRootImpl@48d3b3a[MainActivity]: updateBoundsLayer: t = android.view.SurfaceControl$Transaction@d1f83fa sc = Surface(name=Bounds for - com.lagradost.cloudstream3/com.lagradost.cloudstream3.MainActivity@1)/@0xac02e98 frame = 173
10-16 00:41:20.907 27266 27266 I ViewRootImpl@48d3b3a[MainActivity]: mWNT: t=0x7b5fee2e00 mBlastBufferQueue=0x7b47381500 fn= 173 caller= android.view.ViewRootImpl.prepareSurfaces:2985 android.view.ViewRootImpl.performTraversals:4233 android.view.ViewRootImpl.doTraversal:3116 
10-16 00:41:20.908 27266 27295 D SurfaceView@d232ec3: windowPositionLost, frameNr = 173
10-16 00:41:20.908 27266 27354 I ViewRootImpl@48d3b3a[MainActivity]: mWNT: t=0x7b13992700 mBlastBufferQueue=0x7b47381500 fn= 173 caller= android.view.ViewRootImpl.lambda$applyTransactionOnDraw$11$android-view-ViewRootImpl:12865 android.view.ViewRootImpl$$ExternalSyntheticLambda1.onFrameDraw:4 android.graphics.HardwareRenderer$FrameDrawingCallback.onFrameDraw:924 
10-16 00:41:20.908 27266 27354 I ViewRootImpl@48d3b3a[MainActivity]: mWNT: t=0x7b13992800 mBlastBufferQueue=0x7b47381500 fn= 173 caller= android.view.ViewRootImpl.lambda$applyTransactionOnDraw$11$android-view-ViewRootImpl:12865 android.view.ViewRootImpl$$ExternalSyntheticLambda1.onFrameDraw:4 android.graphics.HardwareRenderer$FrameDrawingCallback.onFrameDraw:924 
10-16 00:41:20.909 27266 27354 I ViewRootImpl@48d3b3a[MainActivity]: mWNT: t=0x7b13992900 mBlastBufferQueue=0x7b47381500 fn= 173 caller= android.view.ViewRootImpl.lambda$applyTransactionOnDraw$11$android-view-ViewRootImpl:12865 android.view.ViewRootImpl$$ExternalSyntheticLambda1.onFrameDraw:4 android.graphics.HardwareRenderer$FrameDrawingCallback.onFrameDraw:924 
10-16 00:41:21.628 27266 27266 I ViewRootImpl@48d3b3a[MainActivity]: ViewPostIme pointer 0
10-16 00:41:21.661 27266 27266 I ViewRootImpl@48d3b3a[MainActivity]: ViewPostIme pointer 1
10-16 00:41:21.680 27266 27266 I IMM_LC  : hsifw() - flag : 0
10-16 00:41:21.680 27266 27266 I IMM_LC  : hsifw() - mService.hideSoftInput
10-16 00:41:21.704 27266 27266 D ScrollView: initGoToTop
10-16 00:41:21.730 27266 27266 E CoilImgLoader: Error loading image: coil3.request.NullRequestDataException: The request's data is null.
10-16 00:41:21.741 27266 27266 D ScrollView:  onsize change changed 
10-16 00:41:24.105 27266 27266 I ViewRootImpl@48d3b3a[MainActivity]: ViewPostIme pointer 0
10-16 00:41:24.178 27266 27266 I ViewRootImpl@48d3b3a[MainActivity]: ViewPostIme pointer 1
10-16 00:41:24.194 27266 27266 I NavComponent: Navigating to fragment: 2131361884
10-16 00:41:24.200 27266 27266 I IMM_LC  : hsifw() - flag : 0
10-16 00:41:24.201 27266 27266 I IMM_LC  : hsifw() - mService.hideSoftInput
10-16 00:41:24.824 27266 27266 I ViewRootImpl@48d3b3a[MainActivity]: ViewPostIme pointer 0
10-16 00:41:24.917 27266 27266 I ViewRootImpl@48d3b3a[MainActivity]: ViewPostIme pointer 1
10-16 00:41:26.004 27266 27266 I ViewRootImpl@48d3b3a[MainActivity]: ViewPostIme pointer 0
10-16 00:41:26.054 27266 27266 I ViewRootImpl@48d3b3a[MainActivity]: ViewPostIme pointer 1
10-16 00:41:26.092 27266 27266 I Dialog  : mIsDeviceDefault = false, mIsSamsungBasicInteraction = false, isMetaDataInActivity = false
10-16 00:41:26.099 27266 27266 I DecorView: [INFO] isPopOver=false config=false
10-16 00:41:26.099 27266 27266 I DecorView: updateCaptionType: isFloating=true isApplication=true hasWindowDecorCaption=false this=DecorView@e84f66a[]
10-16 00:41:26.099 27266 27266 D DecorView: setCaptionType = 0, this = DecorView@e84f66a[]
10-16 00:41:26.101 27266 27266 I DecorView: setWindowBackground: isPopOver=false color=ff010101 d=android.graphics.drawable.InsetDrawable@7b4ebf8
10-16 00:41:26.121 27266 27266 D ScrollView: initGoToTop
10-16 00:41:26.136 27266 27295 D NativeCustomFrequencyManager: [NativeCFMS] BpCustomFrequencyManager::BpCustomFrequencyManager()
10-16 00:41:26.137 27266 27266 I DecorView: onImmersiveModeChanged: isStatusBarHidden=true
10-16 00:41:26.152 27266 27266 D InsetsController: onStateChanged: InsetsState: {mDisplayFrame=Rect(0, 0 - 1080, 2400), mDisplayCutout=DisplayCutout{insets=Rect(0, 88 - 0, 0) waterfall=Insets{left=0, top=0, right=0, bottom=0} boundingRect={Bounds=[Rect(0, 0 - 0, 0), Rect(512, 0 - 568, 88), Rect(0, 0 - 0, 0), Rect(0, 0 - 0, 0)]} cutoutPathParserInfo={CutoutPathParserInfo{displayWidth=1080 displayHeight=2400 physicalDisplayWidth=1080 physicalDisplayHeight=2400 density={2.625} cutoutSpec={M 0,0 M 0,12.25101276465640 a 10.60613009248640,10.60613009248640 0 1,0 0,21.21226018497290 a 10.60613009248640,10.60613009248640 0 1,0 0,-21.21226018497290 Z @dp} rotation={0} scale={1.0} physicalPixelDisplaySizeRatio={1.0}}}}, mRoundedCorners=RoundedCorners{[RoundedCorner{position=TopLeft, radius=84, center=Point(84, 84)}, RoundedCorner{position=TopRight, radius=84, center=Point(996, 84)}, RoundedCorner{position=BottomRight, radius=84, center=Point(996, 2316)}, RoundedCorner{position=BottomLeft, radius=84, center=Point(84, 2316)}]}  mRoundedCornerFrame=Rect(0, 0 - 1080, 2400), mPrivacyIndicatorBounds=PrivacyIndicatorBounds {static bounds=Rect(964, 0 - 1080, 87) rotation=0}, mSources= { InsetsSource: {mType=ITYPE_STATUS_BAR, mFrame=[0,0][1080,88], mVisible=true, mInsetsRoundedCornerFrame=false}, InsetsSource: {mType=ITYPE_NAVIGATION_BAR, mFrame=[0,2361][1080,2400], mVisible=true, mInsetsRoundedCornerFrame=false}, InsetsSource: {mType=ITYPE_LEFT_GESTURES, mFrame=[0,0][130,2400], mVisible=true, mInsetsRoundedCornerFrame=false}, InsetsSource: {mType=ITYPE_RIGHT_GESTURES, mFrame=[950,0][1080,2400], mVisible=true, mInsetsRoundedCornerFrame=false}, InsetsSource: {mType=ITYPE_TOP_MANDATORY_GESTURES, mFrame=[0,0][1080,120], mVisible=true, mInsetsRoundedCornerFrame=false}, InsetsSource: {mType=ITYPE_BOTTOM_MANDATORY_GESTURES, mFrame=[0,2316][1080,2400], mVisible=true, mInsetsRoundedCornerFrame=false}, InsetsSource: {mType=ITYPE_LEFT_DISPLAY_CUTOUT, mFrame=[0,0][-100000,2400], mVisible=true, mInsetsRoundedCornerFrame=false}, InsetsSource: {mType=ITYPE_TOP_DISPLAY_CUTOUT, mFrame=[0,0][1080,88], mVisible=true, mInsetsRoundedCornerFrame=false}, InsetsSource: {mType=ITYPE_RIGHT_DISPLAY_CUTOUT, mFrame=[100000,0][1080,2400], mVisible=true, mInsetsRoundedCornerFrame=false}, InsetsSource: {mType=ITYPE_BOTTOM_DISPLAY_CUTOUT, mFrame=[0,100000][1080,2400], mVisible=true, mInsetsRoundedCornerFrame=false}, InsetsSource: {mType=ITYPE_TOP_TAPPABLE_ELEMENT, mFrame=[0,0][1080,88], mVisible=true, mInsetsRoundedCornerFrame=false}, InsetsSource: {mType=ITYPE_BOTTOM_TAPPABLE_ELEMENT, mFrame=[0,0][0,0], mVisible=true, mInsetsRoundedCornerFrame=false} } host=com.lagradost.cloudstream3/com.lagradost.cloudstream3.MainActivity from=android.view.ViewRootImpl.setView:1732
10-16 00:41:26.153 27266 27266 I ViewRootImpl@3f00327[MainActivity]: setView = com.android.internal.policy.DecorView@e84f66a TM=true
