--------- beginning of main
10-16 17:23:52.388 11476 11476 I ViewRootImpl@87ee6e[MainActivity]: MSG_WINDOW_FOCUS_CHANGED 1 0
10-16 17:23:52.388 11476 11476 I ViewRootImpl@87ee6e[MainActivity]: mThreadedRenderer.initializeIfNeeded()#2 mSurface={isValid=true 0x7b1b9fe800}
10-16 17:23:52.394 11476 11476 D InputMethodManager: startInputInner - Id : 0
10-16 17:23:52.394 11476 11476 I InputMethodManager: startInputInner - mService.startInputOrWindowGainedFocus
10-16 17:23:58.446 11476 11476 I ViewRootImpl@87ee6e[MainActivity]: ViewPostIme pointer 0
10-16 17:23:58.545 11476 11476 D WindowOnBackDispatcher: onBackInvoked, viewRoot=ViewRootImpl@5a18c34[MainActivity], callback=androidx.activity.OnBackPressedDispatcher$Api33Impl$$ExternalSyntheticLambda0@40183ff
10-16 17:23:58.558 11476 11476 I IMM_LC  : hsifw() - flag : 0
10-16 17:23:58.558 11476 11476 I IMM_LC  : hsifw() - mService.hideSoftInput
10-16 17:23:58.565 11476 11476 D ScrollView: initGoToTop
10-16 17:23:58.603 11476 11476 E CoilImgLoader: Error loading image: coil3.request.NullRequestDataException: The request's data is null.
10-16 17:23:58.618 11476 11476 D ScrollView:  onsize change changed 
10-16 17:23:59.836 11476 11476 I ViewRootImpl@87ee6e[MainActivity]: ViewPostIme pointer 0
10-16 17:23:59.928 11476 11476 D WindowOnBackDispatcher: onBackInvoked, viewRoot=ViewRootImpl@5a18c34[MainActivity], callback=androidx.activity.OnBackPressedDispatcher$Api33Impl$$ExternalSyntheticLambda0@40183ff
10-16 17:23:59.934 11476 11476 I IMM_LC  : hsifw() - flag : 0
10-16 17:23:59.934 11476 11476 I IMM_LC  : hsifw() - mService.hideSoftInput
10-16 17:24:02.098 11476 11476 I ViewRootImpl@87ee6e[MainActivity]: ViewPostIme pointer 0
10-16 17:24:02.204 11476 11476 I ViewRootImpl@87ee6e[MainActivity]: ViewPostIme pointer 1
10-16 17:24:04.464 11476 11476 I ViewRootImpl@87ee6e[MainActivity]: ViewPostIme pointer 0
10-16 17:24:04.529 11476 11476 I ViewRootImpl@87ee6e[MainActivity]: ViewPostIme pointer 1
10-16 17:24:04.548 11476 11476 I NavComponent: Navigating to fragment: 2131362274
10-16 17:24:04.555 11476 11476 I IMM_LC  : hsifw() - flag : 0
10-16 17:24:04.555 11476 11476 I IMM_LC  : hsifw() - mService.hideSoftInput
10-16 17:24:04.596 11476 11476 D ScrollView: initGoToTop
10-16 17:24:04.845 11476 11476 I SurfaceView@8a71348: onWindowVisibilityChanged(0) true android.view.SurfaceView{8a71348 V.E..V... ......I. 0,0-0,0} of ViewRootImpl@87ee6e[MainActivity]
10-16 17:24:04.845 11476 11476 D SurfaceView@8a71348: updateSurface: has no frame
10-16 17:24:04.850 11476 11476 I CS3ExoPlayer: SET STYLE = SaveCaptionStyle(foregroundColor=-1, backgroundColor=0, windowColor=0, edgeType=1, edgeColor=-16777216, typeface=null, typefaceFilePath=null, elevation=20, fixedTextSize=null, edgeSize=null, removeCaptions=false, removeBloat=true, upperCase=false, bold=false, italic=false, backgroundRadius=null)
10-16 17:24:04.858 11476 11476 I IMM_LC  : hsifw() - flag : 0
10-16 17:24:04.858 11476 11476 I IMM_LC  : hsifw() - mService.hideSoftInput
10-16 17:24:04.861 11476 12620 I SYNCVM  : addFromUrl = https://asia2tv.com/serie/loves-ambition-%d8%b7%d9%85%d9%88%d8%ad-%d8%a7%d9%84%d8%ad%d8%a8
10-16 17:24:04.861 11476 12620 I SYNCUTIL: getIdsFromUrl https://asia2tv.com/serie/loves-ambition-%d8%b7%d9%85%d9%88%d8%ad-%d8%a7%d9%84%d8%ad%d8%a8
10-16 17:24:04.861 11476 11539 I RVM2    : applyMeta
10-16 17:24:04.874 11476 11476 I SurfaceView@8a71348: onWindowVisibilityChanged(8) false android.view.SurfaceView{8a71348 V.E..V... ......I. 0,0-0,0} of ViewRootImpl@87ee6e[MainActivity]
10-16 17:24:04.874 11476 11476 D SurfaceView@8a71348: updateSurface: has no frame
10-16 17:24:04.874 11476 11476 D SurfaceView@8a71348: updateSurface: has no frame
10-16 17:24:04.874 11476 11476 I SurfaceView@8a71348: onDetachedFromWindow: tryReleaseSurfaces()
10-16 17:24:04.874 11476 11476 I SurfaceView@8a71348: releaseSurfaces: viewRoot = ViewRootImpl@87ee6e[MainActivity]
10-16 17:24:04.874 11476 11476 I SurfaceView@8a71348: applyTransactionOnVriDraw: vri = ViewRootImpl@87ee6e[MainActivity] fRS = true t = 0x7b07162300 android.view.SurfaceView.releaseSurfaces:858 android.view.SurfaceView.onDetachedFromWindow:500 android.view.View.dispatchDetachedFromWindow:22538 
10-16 17:24:04.874 11476 11476 I SurfaceView@8a71348: applyTransactionOnVriDraw: viewRoot.applyTransactionOnDrawFromReleaseSurfaces
10-16 17:24:04.874 11476 11476 I ViewRootImpl@87ee6e[MainActivity]: applyTransactionOnDraw: mRemoved = false isHardwareEnabled = true t = 0x7b07162300android.view.ViewRootImpl.applyTransactionOnDrawFromReleaseSurfaces:12850 android.view.SurfaceView.applyTransactionOnVriDraw:2046 android.view.SurfaceView.releaseSurfaces:858 android.view.SurfaceView.onDetachedFromWindow:500 android.view.View.dispatchDetachedFromWindow:22538 
10-16 17:24:04.876 11476 11476 I SurfaceView@8a71348: onWindowVisibilityChanged(0) true android.view.SurfaceView{8a71348 V.E..V... ......I. 0,0-0,0} of ViewRootImpl@87ee6e[MainActivity]
10-16 17:24:04.876 11476 11476 D SurfaceView@8a71348: updateSurface: has no frame
10-16 17:24:04.880 11476 11476 I DecorView: notifyKeepScreenOnChanged: keepScreenOn=false
10-16 17:24:04.888 11476 11476 I CS3ExoPlayer: reloadPlayer
10-16 17:24:04.888 11476 11476 I CS3ExoPlayer: releasePlayer
10-16 17:24:04.888 11476 11476 I CS3ExoPlayer: Handle event: PlayerAttachedEvent(player=null, source=Player)
10-16 17:24:04.893 11476 11476 I ViewRootImpl@87ee6e[MainActivity]: performTraversals params={(0,0)(fillxfill) sim={state=always_hidden adjust=resize} ty=BASE_APPLICATION wanim=0x1030309
10-16 17:24:04.893 11476 11476 I ViewRootImpl@87ee6e[MainActivity]:   fl=85810100
10-16 17:24:04.893 11476 11476 I ViewRootImpl@87ee6e[MainActivity]:   pfl=12020040
10-16 17:24:04.893 11476 11476 I ViewRootImpl@87ee6e[MainActivity]:   vsysui=500
10-16 17:24:04.893 11476 11476 I ViewRootImpl@87ee6e[MainActivity]:   bhv=DEFAULT
10-16 17:24:04.893 11476 11476 I ViewRootImpl@87ee6e[MainActivity]:   fitSides= naviIconColor=0}
10-16 17:24:04.893 11476 11476 I ViewRootImpl@87ee6e[MainActivity]: performTraversals mFirst=false windowShouldResize=false viewVisibilityChanged=false mForceNextWindowRelayout=false params={(0,0)(fillxfill) sim={state=always_hidden adjust=resize} ty=BASE_APPLICATION fmt=TRANSLUCENT wanim=0x1030309
10-16 17:24:04.893 11476 11476 I ViewRootImpl@87ee6e[MainActivity]:   fl=85810100
10-16 17:24:04.893 11476 11476 I ViewRootImpl@87ee6e[MainActivity]:   pfl=12020040
10-16 17:24:04.893 11476 11476 I ViewRootImpl@87ee6e[MainActivity]:   vsysui=500
10-16 17:24:04.893 11476 11476 I ViewRootImpl@87ee6e[MainActivity]:   bhv=DEFAULT
10-16 17:24:04.893 11476 11476 I ViewRootImpl@87ee6e[MainActivity]:   fitSides= naviIconColor=0}
10-16 17:24:04.898 11476 11476 I ViewRootImpl@87ee6e[MainActivity]: updateBlastSurfaceIfNeeded mBlastBufferQueue=0x7b5de49800 isSameSurfaceControl=true
10-16 17:24:04.898 11476 11476 I BLASTBufferQueue: update, w= 1080 h= 2400 mName = ViewRootImpl@87ee6e[MainActivity] mNativeObject= 0x7b5de49800 sc.mNativeObject= 0x7b67dab600 format= -3 caller= android.view.ViewRootImpl.updateBlastSurfaceIfNeeded:2898 android.view.ViewRootImpl.relayoutWindow:9847 android.view.ViewRootImpl.performTraversals:3884 android.view.ViewRootImpl.doTraversal:3116 android.view.ViewRootImpl$TraversalRunnable.run:10885 android.view.Choreographer$CallbackRecord.run:1301 
10-16 17:24:04.898 11476 11476 I ViewRootImpl@87ee6e[MainActivity]: Relayout returned: old=(0,0,1080,2400) new=(0,0,1080,2400) req=(1080,2400)0 dur=4 res=0x0 s={true 0x7b1b9fe800} ch=false seqId=0
10-16 17:24:04.900 11476 11476 W View    : requestLayout() improperly called by android.widget.FrameLayout{15ec320 I.E..V... ......I. 0,0-0,0 #7f0a04e7 app:id/start_panel} during layout: running second layout pass
10-16 17:24:04.900 11476 11476 W View    : requestLayout() improperly called by android.widget.FrameLayout{f8d04d9 I.E..V... ......ID 1080,0-1080,2143 #7f0a0168 app:id/end_panel} during layout: running second layout pass
10-16 17:24:04.901 11476 11476 D SurfaceView@8a71348: updateSurface: has no frame
10-16 17:24:04.906 11476 11562 I ViewRootImpl@87ee6e[MainActivity]: mWNT: t=0x7b07162300 mBlastBufferQueue=0x7b5de49800 fn= 340 caller= android.view.ViewRootImpl.lambda$applyTransactionOnDraw$11$android-view-ViewRootImpl:12865 android.view.ViewRootImpl$$ExternalSyntheticLambda1.onFrameDraw:4 android.graphics.HardwareRenderer$FrameDrawingCallback.onFrameDraw:924 
10-16 17:24:04.908 11476 11476 E CoilImgLoader: Error loading image: coil3.request.NullRequestDataException: The request's data is null.
10-16 17:24:04.909 11476 11476 E CoilImgLoader: Error loading image: coil3.request.NullRequestDataException: The request's data is null.
10-16 17:24:04.932 11476 11534 I SYNCVM  : addFromUrl = https://asia2tv.com/serie/loves-ambition-%d8%b7%d9%85%d9%88%d8%ad-%d8%a7%d9%84%d8%ad%d8%a8
10-16 17:24:04.932 11476 11534 I SYNCUTIL: getIdsFromUrl https://asia2tv.com/serie/loves-ambition-%d8%b7%d9%85%d9%88%d8%ad-%d8%a7%d9%84%d8%ad%d8%a8
10-16 17:24:05.095 11476 11476 D SurfaceView@8a71348: updateSurface: has no frame
10-16 17:24:05.099 11476 11476 I SurfaceView@8a71348: Changes: creating=true format=true size=true visible=true alpha=false hint=false mUseAlpha=false visible=true left=true top=true
10-16 17:24:05.102 11476 11476 I BLASTBufferQueue: update, w= 1080 h= 525 mName = null mNativeObject= 0x7b5de48900 sc.mNativeObject= 0x7af70102c0 format= 4 caller= android.view.SurfaceView.createBlastSurfaceControls:1383 android.view.SurfaceView.updateSurface:1079 android.view.SurfaceView.lambda$new$0$android-view-SurfaceView:200 android.view.SurfaceView$$ExternalSyntheticLambda5.onPreDraw:2 android.view.ViewTreeObserver.dispatchOnPreDraw:1121 android.view.ViewRootImpl.performTraversals:4442 
10-16 17:24:05.102 11476 11476 I SurfaceView@8a71348: 145167176 Cur surface: Surface(name=null)/@0x94df101
10-16 17:24:05.102 11476 11476 I SurfaceView@8a71348: pST: sr = Rect(0, 218 - 1080, 743) sw = 1080 sh = 525
10-16 17:24:05.102 11476 11476 D SurfaceView@8a71348: performSurfaceTransaction RenderWorker position = [0, 218, 1080, 743] surfaceSize = 1080x525
10-16 17:24:05.102 11476 11476 I SurfaceView@8a71348: applyTransactionOnVriDraw: vri = ViewRootImpl@87ee6e[MainActivity] fRS = false t = 0x7af6c0e600 android.view.SurfaceView.performSurfaceTransaction:959 android.view.SurfaceView.updateSurface:1105 android.view.SurfaceView.lambda$new$0$android-view-SurfaceView:200 
10-16 17:24:05.102 11476 11476 I ViewRootImpl@87ee6e[MainActivity]: applyTransactionOnDraw: mRemoved = false isHardwareEnabled = true t = 0x7af6c0e600android.view.SurfaceView.applyTransactionOnVriDraw:2048 android.view.SurfaceView.performSurfaceTransaction:959 android.view.SurfaceView.updateSurface:1105 android.view.SurfaceView.lambda$new$0$android-view-SurfaceView:200 android.view.SurfaceView$$ExternalSyntheticLambda5.onPreDraw:2 
10-16 17:24:05.103 11476 11476 I SurfaceView@8a71348: updateSurface: mVisible = true mSurface.isValid() = true
10-16 17:24:05.103 11476 11476 I SurfaceView@8a71348: updateSurface: mSurfaceCreated = false surfaceChanged = true visibleChanged = true
10-16 17:24:05.103 11476 11476 I SurfaceView@8a71348: visibleChanged -- surfaceCreated
10-16 17:24:05.103 11476 11476 I SurfaceView@8a71348: surfaceCreated 0 #8 android.view.SurfaceView{8a71348 V.E..V... ......ID 0,0-1080,525}
10-16 17:24:05.103 11476 11476 I SurfaceView@8a71348: surfaceChanged -- format=4 w=1080 h=525
10-16 17:24:05.103 11476 11476 I SurfaceView@8a71348: surfaceChanged (1080,525) 0 #8 android.view.SurfaceView{8a71348 V.E..V... ......ID 0,0-1080,525}
10-16 17:24:05.103 11476 11476 I SurfaceView@8a71348: surfaceRedrawNeeded
10-16 17:24:05.103 11476 11476 V SurfaceView@8a71348: Layout: x=0 y=218 w=1080 h=525, frame=Rect(0, 0 - 1080, 525)
10-16 17:24:05.117 11476 11561 D SurfaceView@8a71348: updateSurfacePosition RenderWorker, frameNr = 341, position = [54, 314, 1026, 787] surfaceSize = 1080x525
10-16 17:24:05.118 11476 11561 I SurfaceView@8a71348: uSP: rtp = Rect(54, 314 - 1026, 787) rtsw = 1080 rtsh = 525
10-16 17:24:05.118 11476 11561 I SurfaceView@8a71348: onSSPAndSRT: pl = 54 pt = 314 sx = 0.9 sy = 0.9009524
10-16 17:24:05.118 11476 11561 I SurfaceView@8a71348: aOrMT: ViewRootImpl@87ee6e[MainActivity] t = android.view.SurfaceControl$Transaction@da64c32 fN = 341 android.view.SurfaceView.-$$Nest$mapplyOrMergeTransaction:0 android.view.SurfaceView$SurfaceViewPositionUpdateListener.positionChanged:1537 android.graphics.RenderNode$CompositePositionUpdateListener.positionChanged:373 
10-16 17:24:05.119 11476 11561 I ViewRootImpl@87ee6e[MainActivity]: mWNT: t=0x7af6c0e700 mBlastBufferQueue=0x7b5de49800 fn= 341 caller= android.view.SurfaceView.applyOrMergeTransaction:1455 android.view.SurfaceView.-$$Nest$mapplyOrMergeTransaction:0 android.view.SurfaceView$SurfaceViewPositionUpdateListener.positionChanged:1537 
10-16 17:24:05.120 11476 11562 I ViewRootImpl@87ee6e[MainActivity]: mWNT: t=0x7af6c0e600 mBlastBufferQueue=0x7b5de49800 fn= 341 caller= android.view.ViewRootImpl.lambda$applyTransactionOnDraw$11$android-view-ViewRootImpl:12865 android.view.ViewRootImpl$$ExternalSyntheticLambda1.onFrameDraw:4 android.graphics.HardwareRenderer$FrameDrawingCallback.onFrameDraw:924 
10-16 17:24:05.139 11476 11561 D SurfaceView@8a71348: updateSurfacePosition RenderWorker, frameNr = 342, position = [40, 290, 1040, 776] surfaceSize = 1080x525
10-16 17:24:05.139 11476 11561 I SurfaceView@8a71348: uSP: rtp = Rect(40, 290 - 1040, 776) rtsw = 1080 rtsh = 525
10-16 17:24:05.139 11476 11561 I SurfaceView@8a71348: onSSPAndSRT: pl = 40 pt = 290 sx = 0.9259259 sy = 0.9257143
10-16 17:24:05.140 11476 11561 I SurfaceView@8a71348: aOrMT: ViewRootImpl@87ee6e[MainActivity] t = android.view.SurfaceControl$Transaction@da64c32 fN = 342 android.view.SurfaceView.-$$Nest$mapplyOrMergeTransaction:0 android.view.SurfaceView$SurfaceViewPositionUpdateListener.positionChanged:1537 android.graphics.RenderNode$CompositePositionUpdateListener.positionChanged:373 
10-16 17:24:05.140 11476 11561 I ViewRootImpl@87ee6e[MainActivity]: mWNT: t=0x7af6c0e700 mBlastBufferQueue=0x7b5de49800 fn= 342 caller= android.view.SurfaceView.applyOrMergeTransaction:1455 android.view.SurfaceView.-$$Nest$mapplyOrMergeTransaction:0 android.view.SurfaceView$SurfaceViewPositionUpdateListener.positionChanged:1537 
10-16 17:24:05.152 11476 11476 I SurfaceView@8a71348: finishedDrawing
10-16 17:24:05.182 11476 11562 D SurfaceView@8a71348: updateSurfacePosition RenderWorker, frameNr = 343, position = [0, 218, 1080, 743] surfaceSize = 1080x525
10-16 17:24:05.182 11476 11562 I SurfaceView@8a71348: uSP: rtp = Rect(0, 218 - 1080, 743) rtsw = 1080 rtsh = 525
10-16 17:24:05.182 11476 11562 I SurfaceView@8a71348: onSSPAndSRT: pl = 0 pt = 218 sx = 1.0 sy = 1.0
10-16 17:24:05.183 11476 11562 I SurfaceView@8a71348: aOrMT: ViewRootImpl@87ee6e[MainActivity] t = android.view.SurfaceControl$Transaction@da64c32 fN = 343 android.view.SurfaceView.-$$Nest$mapplyOrMergeTransaction:0 android.view.SurfaceView$SurfaceViewPositionUpdateListener.positionChanged:1537 android.graphics.RenderNode$CompositePositionUpdateListener.positionChanged:373 
10-16 17:24:05.183 11476 11562 I ViewRootImpl@87ee6e[MainActivity]: mWNT: t=0x7af6c0e700 mBlastBufferQueue=0x7b5de49800 fn= 343 caller= android.view.SurfaceView.applyOrMergeTransaction:1455 android.view.SurfaceView.-$$Nest$mapplyOrMergeTransaction:0 android.view.SurfaceView$SurfaceViewPositionUpdateListener.positionChanged:1537 
10-16 17:24:06.773 11476 11476 I ViewRootImpl@87ee6e[MainActivity]: ViewPostIme pointer 0
10-16 17:24:06.819 11476 11476 I SurfaceView@8a71348: Changes: creating=false format=false size=false visible=false alpha=false hint=false mUseAlpha=false visible=false left=false top=true
10-16 17:24:06.820 11476 11476 I SurfaceView@8a71348: 145167176 Cur surface: Surface(name=null)/@0x94df101
10-16 17:24:06.820 11476 11476 I SurfaceView@8a71348: applyTransactionOnVriDraw: vri = ViewRootImpl@87ee6e[MainActivity] fRS = false t = 0x7b3199d200 android.view.SurfaceView.performSurfaceTransaction:959 android.view.SurfaceView.updateSurface:1105 android.view.SurfaceView.lambda$new$0$android-view-SurfaceView:200 
10-16 17:24:06.821 11476 11476 I ViewRootImpl@87ee6e[MainActivity]: applyTransactionOnDraw: mRemoved = false isHardwareEnabled = true t = 0x7b3199d200android.view.SurfaceView.applyTransactionOnVriDraw:2048 android.view.SurfaceView.performSurfaceTransaction:959 android.view.SurfaceView.updateSurface:1105 android.view.SurfaceView.lambda$new$0$android-view-SurfaceView:200 android.view.SurfaceView$$ExternalSyntheticLambda5.onPreDraw:2 
10-16 17:24:06.821 11476 11476 I SurfaceView@8a71348: updateSurface: mVisible = true mSurface.isValid() = true
10-16 17:24:06.821 11476 11476 I SurfaceView@8a71348: updateSurface: mSurfaceCreated = true surfaceChanged = false visibleChanged = false
10-16 17:24:06.821 11476 11476 V SurfaceView@8a71348: Layout: x=0 y=134 w=1080 h=525, frame=Rect(0, 0 - 1080, 525)
10-16 17:24:06.826 11476 11561 D SurfaceView@8a71348: updateSurfacePosition RenderWorker, frameNr = 377, position = [0, 134, 1080, 659] surfaceSize = 1080x525
10-16 17:24:06.826 11476 11561 I SurfaceView@8a71348: uSP: rtp = Rect(0, 134 - 1080, 659) rtsw = 1080 rtsh = 525
10-16 17:24:06.826 11476 11561 I SurfaceView@8a71348: onSSPAndSRT: pl = 0 pt = 134 sx = 1.0 sy = 1.0
10-16 17:24:06.827 11476 11561 I SurfaceView@8a71348: aOrMT: ViewRootImpl@87ee6e[MainActivity] t = android.view.SurfaceControl$Transaction@da64c32 fN = 377 android.view.SurfaceView.-$$Nest$mapplyOrMergeTransaction:0 android.view.SurfaceView$SurfaceViewPositionUpdateListener.positionChanged:1537 android.graphics.RenderNode$CompositePositionUpdateListener.positionChanged:373 
10-16 17:24:06.827 11476 11561 I ViewRootImpl@87ee6e[MainActivity]: mWNT: t=0x7af6c0e700 mBlastBufferQueue=0x7b5de49800 fn= 377 caller= android.view.SurfaceView.applyOrMergeTransaction:1455 android.view.SurfaceView.-$$Nest$mapplyOrMergeTransaction:0 android.view.SurfaceView$SurfaceViewPositionUpdateListener.positionChanged:1537 
10-16 17:24:06.827 11476 11561 I ViewRootImpl@87ee6e[MainActivity]: mWNT: t=0x7b3199d200 mBlastBufferQueue=0x7b5de49800 fn= 377 caller= android.view.ViewRootImpl.lambda$applyTransactionOnDraw$11$android-view-ViewRootImpl:12865 android.view.ViewRootImpl$$ExternalSyntheticLambda1.onFrameDraw:4 android.graphics.HardwareRenderer$FrameDrawingCallback.onFrameDraw:924 
10-16 17:24:06.834 11476 11476 I SurfaceView@8a71348: Changes: creating=false format=false size=false visible=false alpha=false hint=false mUseAlpha=false visible=false left=false top=true
10-16 17:24:06.835 11476 11476 I SurfaceView@8a71348: 145167176 Cur surface: Surface(name=null)/@0x94df101
10-16 17:24:06.835 11476 11476 I SurfaceView@8a71348: applyTransactionOnVriDraw: vri = ViewRootImpl@87ee6e[MainActivity] fRS = false t = 0x7b678ae500 android.view.SurfaceView.performSurfaceTransaction:959 android.view.SurfaceView.updateSurface:1105 android.view.SurfaceView.lambda$new$0$android-view-SurfaceView:200 
10-16 17:24:06.836 11476 11476 I ViewRootImpl@87ee6e[MainActivity]: applyTransactionOnDraw: mRemoved = false isHardwareEnabled = true t = 0x7b678ae500android.view.SurfaceView.applyTransactionOnVriDraw:2048 android.view.SurfaceView.performSurfaceTransaction:959 android.view.SurfaceView.updateSurface:1105 android.view.SurfaceView.lambda$new$0$android-view-SurfaceView:200 android.view.SurfaceView$$ExternalSyntheticLambda5.onPreDraw:2 
10-16 17:24:06.836 11476 11476 I SurfaceView@8a71348: updateSurface: mVisible = true mSurface.isValid() = true
10-16 17:24:06.836 11476 11476 I SurfaceView@8a71348: updateSurface: mSurfaceCreated = true surfaceChanged = false visibleChanged = false
10-16 17:24:06.836 11476 11476 V SurfaceView@8a71348: Layout: x=0 y=32 w=1080 h=525, frame=Rect(0, 0 - 1080, 525)
10-16 17:24:06.845 11476 11562 D SurfaceView@8a71348: updateSurfacePosition RenderWorker, frameNr = 378, position = [0, 32, 1080, 557] surfaceSize = 1080x525
10-16 17:24:06.845 11476 11562 I SurfaceView@8a71348: uSP: rtp = Rect(0, 32 - 1080, 557) rtsw = 1080 rtsh = 525
10-16 17:24:06.845 11476 11562 I SurfaceView@8a71348: onSSPAndSRT: pl = 0 pt = 32 sx = 1.0 sy = 1.0
10-16 17:24:06.845 11476 11562 I SurfaceView@8a71348: aOrMT: ViewRootImpl@87ee6e[MainActivity] t = android.view.SurfaceControl$Transaction@da64c32 fN = 378 android.view.SurfaceView.-$$Nest$mapplyOrMergeTransaction:0 android.view.SurfaceView$SurfaceViewPositionUpdateListener.positionChanged:1537 android.graphics.RenderNode$CompositePositionUpdateListener.positionChanged:373 
10-16 17:24:06.845 11476 11562 I ViewRootImpl@87ee6e[MainActivity]: mWNT: t=0x7af6c0e700 mBlastBufferQueue=0x7b5de49800 fn= 378 caller= android.view.SurfaceView.applyOrMergeTransaction:1455 android.view.SurfaceView.-$$Nest$mapplyOrMergeTransaction:0 android.view.SurfaceView$SurfaceViewPositionUpdateListener.positionChanged:1537 
10-16 17:24:06.846 11476 11561 I ViewRootImpl@87ee6e[MainActivity]: mWNT: t=0x7b678ae500 mBlastBufferQueue=0x7b5de49800 fn= 378 caller= android.view.ViewRootImpl.lambda$applyTransactionOnDraw$11$android-view-ViewRootImpl:12865 android.view.ViewRootImpl$$ExternalSyntheticLambda1.onFrameDraw:4 android.graphics.HardwareRenderer$FrameDrawingCallback.onFrameDraw:924 
10-16 17:24:06.848 11476 11476 I ViewRootImpl@87ee6e[MainActivity]: ViewPostIme pointer 1
10-16 17:24:06.855 11476 11476 I SurfaceView@8a71348: Changes: creating=false format=false size=false visible=false alpha=false hint=false mUseAlpha=false visible=false left=false top=true
10-16 17:24:06.855 11476 11476 I SurfaceView@8a71348: 145167176 Cur surface: Surface(name=null)/@0x94df101
10-16 17:24:06.856 11476 11476 I SurfaceView@8a71348: applyTransactionOnVriDraw: vri = ViewRootImpl@87ee6e[MainActivity] fRS = false t = 0x7af6c0ef00 android.view.SurfaceView.performSurfaceTransaction:959 android.view.SurfaceView.updateSurface:1105 android.view.SurfaceView.lambda$new$0$android-view-SurfaceView:200 
10-16 17:24:06.856 11476 11476 I ViewRootImpl@87ee6e[MainActivity]: applyTransactionOnDraw: mRemoved = false isHardwareEnabled = true t = 0x7af6c0ef00android.view.SurfaceView.applyTransactionOnVriDraw:2048 android.view.SurfaceView.performSurfaceTransaction:959 android.view.SurfaceView.updateSurface:1105 android.view.SurfaceView.lambda$new$0$android-view-SurfaceView:200 android.view.SurfaceView$$ExternalSyntheticLambda5.onPreDraw:2 
10-16 17:24:06.857 11476 11476 I SurfaceView@8a71348: updateSurface: mVisible = true mSurface.isValid() = true
10-16 17:24:06.857 11476 11476 I SurfaceView@8a71348: updateSurface: mSurfaceCreated = true surfaceChanged = false visibleChanged = false
10-16 17:24:06.857 11476 11476 V SurfaceView@8a71348: Layout: x=0 y=-25 w=1080 h=525, frame=Rect(0, 0 - 1080, 525)
10-16 17:24:06.864 11476 11562 D SurfaceView@8a71348: updateSurfacePosition RenderWorker, frameNr = 379, position = [0, -25, 1080, 500] surfaceSize = 1080x525
10-16 17:24:06.864 11476 11562 I SurfaceView@8a71348: uSP: rtp = Rect(0, -25 - 1080, 500) rtsw = 1080 rtsh = 525
10-16 17:24:06.864 11476 11562 I SurfaceView@8a71348: onSSPAndSRT: pl = 0 pt = -25 sx = 1.0 sy = 1.0
10-16 17:24:06.865 11476 11562 I SurfaceView@8a71348: aOrMT: ViewRootImpl@87ee6e[MainActivity] t = android.view.SurfaceControl$Transaction@da64c32 fN = 379 android.view.SurfaceView.-$$Nest$mapplyOrMergeTransaction:0 android.view.SurfaceView$SurfaceViewPositionUpdateListener.positionChanged:1537 android.graphics.RenderNode$CompositePositionUpdateListener.positionChanged:373 
10-16 17:24:06.865 11476 11562 I ViewRootImpl@87ee6e[MainActivity]: mWNT: t=0x7af6c0e700 mBlastBufferQueue=0x7b5de49800 fn= 379 caller= android.view.SurfaceView.applyOrMergeTransaction:1455 android.view.SurfaceView.-$$Nest$mapplyOrMergeTransaction:0 android.view.SurfaceView$SurfaceViewPositionUpdateListener.positionChanged:1537 
10-16 17:24:06.865 11476 11562 I ViewRootImpl@87ee6e[MainActivity]: mWNT: t=0x7af6c0ef00 mBlastBufferQueue=0x7b5de49800 fn= 379 caller= android.view.ViewRootImpl.lambda$applyTransactionOnDraw$11$android-view-ViewRootImpl:12865 android.view.ViewRootImpl$$ExternalSyntheticLambda1.onFrameDraw:4 android.graphics.HardwareRenderer$FrameDrawingCallback.onFrameDraw:924 
10-16 17:24:06.869 11476 11476 I SurfaceView@8a71348: Changes: creating=false format=false size=false visible=false alpha=false hint=false mUseAlpha=false visible=false left=false top=true
10-16 17:24:06.869 11476 11476 I SurfaceView@8a71348: 145167176 Cur surface: Surface(name=null)/@0x94df101
10-16 17:24:06.870 11476 11476 I SurfaceView@8a71348: applyTransactionOnVriDraw: vri = ViewRootImpl@87ee6e[MainActivity] fRS = false t = 0x7af7064000 android.view.SurfaceView.performSurfaceTransaction:959 android.view.SurfaceView.updateSurface:1105 android.view.SurfaceView.lambda$new$0$android-view-SurfaceView:200 
10-16 17:24:06.870 11476 11476 I ViewRootImpl@87ee6e[MainActivity]: applyTransactionOnDraw: mRemoved = false isHardwareEnabled = true t = 0x7af7064000android.view.SurfaceView.applyTransactionOnVriDraw:2048 android.view.SurfaceView.performSurfaceTransaction:959 android.view.SurfaceView.updateSurface:1105 android.view.SurfaceView.lambda$new$0$android-view-SurfaceView:200 android.view.SurfaceView$$ExternalSyntheticLambda5.onPreDraw:2 
10-16 17:24:06.870 11476 11476 I SurfaceView@8a71348: updateSurface: mVisible = true mSurface.isValid() = true
10-16 17:24:06.870 11476 11476 I SurfaceView@8a71348: updateSurface: mSurfaceCreated = true surfaceChanged = false visibleChanged = false
10-16 17:24:06.870 11476 11476 V SurfaceView@8a71348: Layout: x=0 y=-64 w=1080 h=525, frame=Rect(0, 0 - 1080, 525)
10-16 17:24:06.882 11476 11561 I ViewRootImpl@87ee6e[MainActivity]: mWNT: t=0x7af7064000 mBlastBufferQueue=0x7b5de49800 fn= 380 caller= android.view.ViewRootImpl.lambda$applyTransactionOnDraw$11$android-view-ViewRootImpl:12865 android.view.ViewRootImpl$$ExternalSyntheticLambda1.onFrameDraw:4 android.graphics.HardwareRenderer$FrameDrawingCallback.onFrameDraw:924 
10-16 17:24:06.886 11476 11476 I SurfaceView@8a71348: Changes: creating=false format=false size=false visible=false alpha=false hint=false mUseAlpha=false visible=false left=false top=true
10-16 17:24:06.886 11476 11476 I SurfaceView@8a71348: 145167176 Cur surface: Surface(name=null)/@0x94df101
10-16 17:24:06.887 11476 11476 I SurfaceView@8a71348: applyTransactionOnVriDraw: vri = ViewRootImpl@87ee6e[MainActivity] fRS = false t = 0x7af7064100 android.view.SurfaceView.performSurfaceTransaction:959 android.view.SurfaceView.updateSurface:1105 android.view.SurfaceView.lambda$new$0$android-view-SurfaceView:200 
10-16 17:24:06.887 11476 11476 I ViewRootImpl@87ee6e[MainActivity]: applyTransactionOnDraw: mRemoved = false isHardwareEnabled = true t = 0x7af7064100android.view.SurfaceView.applyTransactionOnVriDraw:2048 android.view.SurfaceView.performSurfaceTransaction:959 android.view.SurfaceView.updateSurface:1105 android.view.SurfaceView.lambda$new$0$android-view-SurfaceView:200 android.view.SurfaceView$$ExternalSyntheticLambda5.onPreDraw:2 
10-16 17:24:06.887 11476 11476 I SurfaceView@8a71348: updateSurface: mVisible = true mSurface.isValid() = true
10-16 17:24:06.887 11476 11476 I SurfaceView@8a71348: updateSurface: mSurfaceCreated = true surfaceChanged = false visibleChanged = false
10-16 17:24:06.887 11476 11476 V SurfaceView@8a71348: Layout: x=0 y=-150 w=1080 h=525, frame=Rect(0, 0 - 1080, 525)
10-16 17:24:06.893 11476 11562 D SurfaceView@8a71348: updateSurfacePosition RenderWorker, frameNr = 381, position = [0, -150, 1080, 375] surfaceSize = 1080x525
10-16 17:24:06.893 11476 11562 I SurfaceView@8a71348: uSP: rtp = Rect(0, -150 - 1080, 375) rtsw = 1080 rtsh = 525
10-16 17:24:06.893 11476 11562 I SurfaceView@8a71348: onSSPAndSRT: pl = 0 pt = -150 sx = 1.0 sy = 1.0
10-16 17:24:06.894 11476 11562 I SurfaceView@8a71348: aOrMT: ViewRootImpl@87ee6e[MainActivity] t = android.view.SurfaceControl$Transaction@da64c32 fN = 381 android.view.SurfaceView.-$$Nest$mapplyOrMergeTransaction:0 android.view.SurfaceView$SurfaceViewPositionUpdateListener.positionChanged:1537 android.graphics.RenderNode$CompositePositionUpdateListener.positionChanged:373 
10-16 17:24:06.894 11476 11562 I ViewRootImpl@87ee6e[MainActivity]: mWNT: t=0x7af6c0e700 mBlastBufferQueue=0x7b5de49800 fn= 381 caller= android.view.SurfaceView.applyOrMergeTransaction:1455 android.view.SurfaceView.-$$Nest$mapplyOrMergeTransaction:0 android.view.SurfaceView$SurfaceViewPositionUpdateListener.positionChanged:1537 
10-16 17:24:06.894 11476 11562 I ViewRootImpl@87ee6e[MainActivity]: mWNT: t=0x7af7064100 mBlastBufferQueue=0x7b5de49800 fn= 381 caller= android.view.ViewRootImpl.lambda$applyTransactionOnDraw$11$android-view-ViewRootImpl:12865 android.view.ViewRootImpl$$ExternalSyntheticLambda1.onFrameDraw:4 android.graphics.HardwareRenderer$FrameDrawingCallback.onFrameDraw:924 
10-16 17:24:06.897 11476 11476 I SurfaceView@8a71348: Changes: creating=false format=false size=false visible=false alpha=false hint=false mUseAlpha=false visible=false left=false top=true
10-16 17:24:06.897 11476 11476 I SurfaceView@8a71348: 145167176 Cur surface: Surface(name=null)/@0x94df101
10-16 17:24:06.898 11476 11476 I SurfaceView@8a71348: applyTransactionOnVriDraw: vri = ViewRootImpl@87ee6e[MainActivity] fRS = false t = 0x7af7064300 android.view.SurfaceView.performSurfaceTransaction:959 android.view.SurfaceView.updateSurface:1105 android.view.SurfaceView.lambda$new$0$android-view-SurfaceView:200 
10-16 17:24:06.898 11476 11476 I ViewRootImpl@87ee6e[MainActivity]: applyTransactionOnDraw: mRemoved = false isHardwareEnabled = true t = 0x7af7064300android.view.SurfaceView.applyTransactionOnVriDraw:2048 android.view.SurfaceView.performSurfaceTransaction:959 android.view.SurfaceView.updateSurface:1105 android.view.SurfaceView.lambda$new$0$android-view-SurfaceView:200 android.view.SurfaceView$$ExternalSyntheticLambda5.onPreDraw:2 
10-16 17:24:06.898 11476 11476 I SurfaceView@8a71348: updateSurface: mVisible = true mSurface.isValid() = true
10-16 17:24:06.898 11476 11476 I SurfaceView@8a71348: updateSurface: mSurfaceCreated = true surfaceChanged = false visibleChanged = false
10-16 17:24:06.898 11476 11476 V SurfaceView@8a71348: Layout: x=0 y=-260 w=1080 h=525, frame=Rect(0, 0 - 1080, 525)
10-16 17:24:06.912 11476 11561 D SurfaceView@8a71348: updateSurfacePosition RenderWorker, frameNr = 382, position = [0, -260, 1080, 265] surfaceSize = 1080x525
10-16 17:24:06.912 11476 11561 I SurfaceView@8a71348: uSP: rtp = Rect(0, -260 - 1080, 265) rtsw = 1080 rtsh = 525
10-16 17:24:06.912 11476 11561 I SurfaceView@8a71348: onSSPAndSRT: pl = 0 pt = -260 sx = 1.0 sy = 1.0
10-16 17:24:06.913 11476 11561 I SurfaceView@8a71348: aOrMT: ViewRootImpl@87ee6e[MainActivity] t = android.view.SurfaceControl$Transaction@da64c32 fN = 382 android.view.SurfaceView.-$$Nest$mapplyOrMergeTransaction:0 android.view.SurfaceView$SurfaceViewPositionUpdateListener.positionChanged:1537 android.graphics.RenderNode$CompositePositionUpdateListener.positionChanged:373 
10-16 17:24:06.913 11476 11561 I ViewRootImpl@87ee6e[MainActivity]: mWNT: t=0x7af6c0e700 mBlastBufferQueue=0x7b5de49800 fn= 382 caller= android.view.SurfaceView.applyOrMergeTransaction:1455 android.view.SurfaceView.-$$Nest$mapplyOrMergeTransaction:0 android.view.SurfaceView$SurfaceViewPositionUpdateListener.positionChanged:1537 
10-16 17:24:06.913 11476 11561 I ViewRootImpl@87ee6e[MainActivity]: mWNT: t=0x7af7064300 mBlastBufferQueue=0x7b5de49800 fn= 382 caller= android.view.ViewRootImpl.lambda$applyTransactionOnDraw$11$android-view-ViewRootImpl:12865 android.view.ViewRootImpl$$ExternalSyntheticLambda1.onFrameDraw:4 android.graphics.HardwareRenderer$FrameDrawingCallback.onFrameDraw:924 
10-16 17:24:06.916 11476 11476 I SurfaceView@8a71348: Changes: creating=false format=false size=false visible=false alpha=false hint=false mUseAlpha=false visible=false left=false top=true
10-16 17:24:06.917 11476 11476 I SurfaceView@8a71348: 145167176 Cur surface: Surface(name=null)/@0x94df101
10-16 17:24:06.917 11476 11476 I SurfaceView@8a71348: applyTransactionOnVriDraw: vri = ViewRootImpl@87ee6e[MainActivity] fRS = false t = 0x7af7064400 android.view.SurfaceView.performSurfaceTransaction:959 android.view.SurfaceView.updateSurface:1105 android.view.SurfaceView.lambda$new$0$android-view-SurfaceView:200 
10-16 17:24:06.917 11476 11476 I ViewRootImpl@87ee6e[MainActivity]: applyTransactionOnDraw: mRemoved = false isHardwareEnabled = true t = 0x7af7064400android.view.SurfaceView.applyTransactionOnVriDraw:2048 android.view.SurfaceView.performSurfaceTransaction:959 android.view.SurfaceView.updateSurface:1105 android.view.SurfaceView.lambda$new$0$android-view-SurfaceView:200 android.view.SurfaceView$$ExternalSyntheticLambda5.onPreDraw:2 
10-16 17:24:06.917 11476 11476 I SurfaceView@8a71348: updateSurface: mVisible = true mSurface.isValid() = true
10-16 17:24:06.918 11476 11476 I SurfaceView@8a71348: updateSurface: mSurfaceCreated = true surfaceChanged = false visibleChanged = false
10-16 17:24:06.918 11476 11476 V SurfaceView@8a71348: Layout: x=0 y=-376 w=1080 h=525, frame=Rect(0, 0 - 1080, 525)
10-16 17:24:06.924 11476 11562 D SurfaceView@8a71348: updateSurfacePosition RenderWorker, frameNr = 383, position = [0, -376, 1080, 149] surfaceSize = 1080x525
10-16 17:24:06.924 11476 11562 I SurfaceView@8a71348: uSP: rtp = Rect(0, -376 - 1080, 149) rtsw = 1080 rtsh = 525
10-16 17:24:06.924 11476 11562 I SurfaceView@8a71348: onSSPAndSRT: pl = 0 pt = -376 sx = 1.0 sy = 1.0
10-16 17:24:06.925 11476 11562 I SurfaceView@8a71348: aOrMT: ViewRootImpl@87ee6e[MainActivity] t = android.view.SurfaceControl$Transaction@da64c32 fN = 383 android.view.SurfaceView.-$$Nest$mapplyOrMergeTransaction:0 android.view.SurfaceView$SurfaceViewPositionUpdateListener.positionChanged:1537 android.graphics.RenderNode$CompositePositionUpdateListener.positionChanged:373 
10-16 17:24:06.925 11476 11562 I ViewRootImpl@87ee6e[MainActivity]: mWNT: t=0x7af6c0e700 mBlastBufferQueue=0x7b5de49800 fn= 383 caller= android.view.SurfaceView.applyOrMergeTransaction:1455 android.view.SurfaceView.-$$Nest$mapplyOrMergeTransaction:0 android.view.SurfaceView$SurfaceViewPositionUpdateListener.positionChanged:1537 
10-16 17:24:06.925 11476 11562 I ViewRootImpl@87ee6e[MainActivity]: mWNT: t=0x7af7064400 mBlastBufferQueue=0x7b5de49800 fn= 383 caller= android.view.ViewRootImpl.lambda$applyTransactionOnDraw$11$android-view-ViewRootImpl:12865 android.view.ViewRootImpl$$ExternalSyntheticLambda1.onFrameDraw:4 android.graphics.HardwareRenderer$FrameDrawingCallback.onFrameDraw:924 
10-16 17:24:06.929 11476 11476 I SurfaceView@8a71348: Changes: creating=false format=false size=false visible=false alpha=false hint=false mUseAlpha=false visible=false left=false top=true
10-16 17:24:06.930 11476 11476 I SurfaceView@8a71348: 145167176 Cur surface: Surface(name=null)/@0x94df101
10-16 17:24:06.930 11476 11476 I SurfaceView@8a71348: applyTransactionOnVriDraw: vri = ViewRootImpl@87ee6e[MainActivity] fRS = false t = 0x7af7064500 android.view.SurfaceView.performSurfaceTransaction:959 android.view.SurfaceView.updateSurface:1105 android.view.SurfaceView.lambda$new$0$android-view-SurfaceView:200 
10-16 17:24:06.930 11476 11476 I ViewRootImpl@87ee6e[MainActivity]: applyTransactionOnDraw: mRemoved = false isHardwareEnabled = true t = 0x7af7064500android.view.SurfaceView.applyTransactionOnVriDraw:2048 android.view.SurfaceView.performSurfaceTransaction:959 android.view.SurfaceView.updateSurface:1105 android.view.SurfaceView.lambda$new$0$android-view-SurfaceView:200 android.view.SurfaceView$$ExternalSyntheticLambda5.onPreDraw:2 
10-16 17:24:06.930 11476 11476 I SurfaceView@8a71348: updateSurface: mVisible = true mSurface.isValid() = true
10-16 17:24:06.930 11476 11476 I SurfaceView@8a71348: updateSurface: mSurfaceCreated = true surfaceChanged = false visibleChanged = false
10-16 17:24:06.931 11476 11476 V SurfaceView@8a71348: Layout: x=0 y=-498 w=1080 h=525, frame=Rect(0, 0 - 1080, 525)
10-16 17:24:06.944 11476 11561 D SurfaceView@8a71348: updateSurfacePosition RenderWorker, frameNr = 384, position = [0, -498, 1080, 27] surfaceSize = 1080x525
10-16 17:24:06.945 11476 11561 I SurfaceView@8a71348: uSP: rtp = Rect(0, -498 - 1080, 27) rtsw = 1080 rtsh = 525
10-16 17:24:06.945 11476 11561 I SurfaceView@8a71348: onSSPAndSRT: pl = 0 pt = -498 sx = 1.0 sy = 1.0
10-16 17:24:06.945 11476 11561 I SurfaceView@8a71348: aOrMT: ViewRootImpl@87ee6e[MainActivity] t = android.view.SurfaceControl$Transaction@da64c32 fN = 384 android.view.SurfaceView.-$$Nest$mapplyOrMergeTransaction:0 android.view.SurfaceView$SurfaceViewPositionUpdateListener.positionChanged:1537 android.graphics.RenderNode$CompositePositionUpdateListener.positionChanged:373 
10-16 17:24:06.945 11476 11561 I ViewRootImpl@87ee6e[MainActivity]: mWNT: t=0x7af6c0e700 mBlastBufferQueue=0x7b5de49800 fn= 384 caller= android.view.SurfaceView.applyOrMergeTransaction:1455 android.view.SurfaceView.-$$Nest$mapplyOrMergeTransaction:0 android.view.SurfaceView$SurfaceViewPositionUpdateListener.positionChanged:1537 
10-16 17:24:06.945 11476 11561 I ViewRootImpl@87ee6e[MainActivity]: mWNT: t=0x7af7064500 mBlastBufferQueue=0x7b5de49800 fn= 384 caller= android.view.ViewRootImpl.lambda$applyTransactionOnDraw$11$android-view-ViewRootImpl:12865 android.view.ViewRootImpl$$ExternalSyntheticLambda1.onFrameDraw:4 android.graphics.HardwareRenderer$FrameDrawingCallback.onFrameDraw:924 
10-16 17:24:06.948 11476 11476 I SurfaceView@8a71348: Changes: creating=false format=false size=false visible=false alpha=false hint=false mUseAlpha=false visible=false left=false top=true
10-16 17:24:06.948 11476 11476 I SurfaceView@8a71348: 145167176 Cur surface: Surface(name=null)/@0x94df101
10-16 17:24:06.949 11476 11476 I SurfaceView@8a71348: applyTransactionOnVriDraw: vri = ViewRootImpl@87ee6e[MainActivity] fRS = false t = 0x7af7064600 android.view.SurfaceView.performSurfaceTransaction:959 android.view.SurfaceView.updateSurface:1105 android.view.SurfaceView.lambda$new$0$android-view-SurfaceView:200 
10-16 17:24:06.950 11476 11476 I ViewRootImpl@87ee6e[MainActivity]: applyTransactionOnDraw: mRemoved = false isHardwareEnabled = true t = 0x7af7064600android.view.SurfaceView.applyTransactionOnVriDraw:2048 android.view.SurfaceView.performSurfaceTransaction:959 android.view.SurfaceView.updateSurface:1105 android.view.SurfaceView.lambda$new$0$android-view-SurfaceView:200 android.view.SurfaceView$$ExternalSyntheticLambda5.onPreDraw:2 
10-16 17:24:06.950 11476 11476 I SurfaceView@8a71348: updateSurface: mVisible = true mSurface.isValid() = true
10-16 17:24:06.950 11476 11476 I SurfaceView@8a71348: updateSurface: mSurfaceCreated = true surfaceChanged = false visibleChanged = false
10-16 17:24:06.950 11476 11476 V SurfaceView@8a71348: Layout: x=0 y=-619 w=1080 h=525, frame=Rect(0, 0 - 1080, 525)
10-16 17:24:06.960 11476 11562 D SurfaceView@8a71348: updateSurfacePosition RenderWorker, frameNr = 385, position = [0, -619, 1080, -94] surfaceSize = 1080x525
10-16 17:24:06.960 11476 11562 I SurfaceView@8a71348: uSP: rtp = Rect(0, -619 - 1080, -94) rtsw = 1080 rtsh = 525
10-16 17:24:06.960 11476 11562 I SurfaceView@8a71348: onSSPAndSRT: pl = 0 pt = -619 sx = 1.0 sy = 1.0
10-16 17:24:06.961 11476 11562 I SurfaceView@8a71348: aOrMT: ViewRootImpl@87ee6e[MainActivity] t = android.view.SurfaceControl$Transaction@da64c32 fN = 385 android.view.SurfaceView.-$$Nest$mapplyOrMergeTransaction:0 android.view.SurfaceView$SurfaceViewPositionUpdateListener.positionChanged:1537 android.graphics.RenderNode$CompositePositionUpdateListener.positionChanged:373 
10-16 17:24:06.961 11476 11562 I ViewRootImpl@87ee6e[MainActivity]: mWNT: t=0x7af6c0e700 mBlastBufferQueue=0x7b5de49800 fn= 385 caller= android.view.SurfaceView.applyOrMergeTransaction:1455 android.view.SurfaceView.-$$Nest$mapplyOrMergeTransaction:0 android.view.SurfaceView$SurfaceViewPositionUpdateListener.positionChanged:1537 
10-16 17:24:06.961 11476 11562 I ViewRootImpl@87ee6e[MainActivity]: mWNT: t=0x7af7064600 mBlastBufferQueue=0x7b5de49800 fn= 385 caller= android.view.ViewRootImpl.lambda$applyTransactionOnDraw$11$android-view-ViewRootImpl:12865 android.view.ViewRootImpl$$ExternalSyntheticLambda1.onFrameDraw:4 android.graphics.HardwareRenderer$FrameDrawingCallback.onFrameDraw:924 
10-16 17:24:06.963 11476 11476 I SurfaceView@8a71348: Changes: creating=false format=false size=false visible=false alpha=false hint=false mUseAlpha=false visible=false left=false top=true
10-16 17:24:06.963 11476 11476 I SurfaceView@8a71348: 145167176 Cur surface: Surface(name=null)/@0x94df101
10-16 17:24:06.964 11476 11476 I SurfaceView@8a71348: applyTransactionOnVriDraw: vri = ViewRootImpl@87ee6e[MainActivity] fRS = false t = 0x7af7064700 android.view.SurfaceView.performSurfaceTransaction:959 android.view.SurfaceView.updateSurface:1105 android.view.SurfaceView.lambda$new$0$android-view-SurfaceView:200 
10-16 17:24:06.964 11476 11476 I ViewRootImpl@87ee6e[MainActivity]: applyTransactionOnDraw: mRemoved = false isHardwareEnabled = true t = 0x7af7064700android.view.SurfaceView.applyTransactionOnVriDraw:2048 android.view.SurfaceView.performSurfaceTransaction:959 android.view.SurfaceView.updateSurface:1105 android.view.SurfaceView.lambda$new$0$android-view-SurfaceView:200 android.view.SurfaceView$$ExternalSyntheticLambda5.onPreDraw:2 
10-16 17:24:06.964 11476 11476 I SurfaceView@8a71348: updateSurface: mVisible = true mSurface.isValid() = true
10-16 17:24:06.964 11476 11476 I SurfaceView@8a71348: updateSurface: mSurfaceCreated = true surfaceChanged = false visibleChanged = false
10-16 17:24:06.964 11476 11476 V SurfaceView@8a71348: Layout: x=0 y=-736 w=1080 h=525, frame=Rect(0, 0 - 1080, 525)
10-16 17:24:06.977 11476 11561 D SurfaceView@8a71348: updateSurfacePosition RenderWorker, frameNr = 386, position = [0, -736, 1080, -211] surfaceSize = 1080x525
10-16 17:24:06.977 11476 11561 I SurfaceView@8a71348: uSP: rtp = Rect(0, -736 - 1080, -211) rtsw = 1080 rtsh = 525
10-16 17:24:06.977 11476 11561 I SurfaceView@8a71348: onSSPAndSRT: pl = 0 pt = -736 sx = 1.0 sy = 1.0
10-16 17:24:06.977 11476 11561 I SurfaceView@8a71348: aOrMT: ViewRootImpl@87ee6e[MainActivity] t = android.view.SurfaceControl$Transaction@da64c32 fN = 386 android.view.SurfaceView.-$$Nest$mapplyOrMergeTransaction:0 android.view.SurfaceView$SurfaceViewPositionUpdateListener.positionChanged:1537 android.graphics.RenderNode$CompositePositionUpdateListener.positionChanged:373 
10-16 17:24:06.977 11476 11561 I ViewRootImpl@87ee6e[MainActivity]: mWNT: t=0x7af6c0e700 mBlastBufferQueue=0x7b5de49800 fn= 386 caller= android.view.SurfaceView.applyOrMergeTransaction:1455 android.view.SurfaceView.-$$Nest$mapplyOrMergeTransaction:0 android.view.SurfaceView$SurfaceViewPositionUpdateListener.positionChanged:1537 
10-16 17:24:06.977 11476 11561 I ViewRootImpl@87ee6e[MainActivity]: mWNT: t=0x7af7064700 mBlastBufferQueue=0x7b5de49800 fn= 386 caller= android.view.ViewRootImpl.lambda$applyTransactionOnDraw$11$android-view-ViewRootImpl:12865 android.view.ViewRootImpl$$ExternalSyntheticLambda1.onFrameDraw:4 android.graphics.HardwareRenderer$FrameDrawingCallback.onFrameDraw:924 
10-16 17:24:06.980 11476 11476 I SurfaceView@8a71348: Changes: creating=false format=false size=false visible=false alpha=false hint=false mUseAlpha=false visible=false left=false top=true
10-16 17:24:06.981 11476 11476 I SurfaceView@8a71348: 145167176 Cur surface: Surface(name=null)/@0x94df101
10-16 17:24:06.981 11476 11476 I SurfaceView@8a71348: applyTransactionOnVriDraw: vri = ViewRootImpl@87ee6e[MainActivity] fRS = false t = 0x7af7064800 android.view.SurfaceView.performSurfaceTransaction:959 android.view.SurfaceView.updateSurface:1105 android.view.SurfaceView.lambda$new$0$android-view-SurfaceView:200 
10-16 17:24:06.981 11476 11476 I ViewRootImpl@87ee6e[MainActivity]: applyTransactionOnDraw: mRemoved = false isHardwareEnabled = true t = 0x7af7064800android.view.SurfaceView.applyTransactionOnVriDraw:2048 android.view.SurfaceView.performSurfaceTransaction:959 android.view.SurfaceView.updateSurface:1105 android.view.SurfaceView.lambda$new$0$android-view-SurfaceView:200 android.view.SurfaceView$$ExternalSyntheticLambda5.onPreDraw:2 
10-16 17:24:06.981 11476 11476 I SurfaceView@8a71348: updateSurface: mVisible = true mSurface.isValid() = true
10-16 17:24:06.981 11476 11476 I SurfaceView@8a71348: updateSurface: mSurfaceCreated = true surfaceChanged = false visibleChanged = false
10-16 17:24:06.981 11476 11476 V SurfaceView@8a71348: Layout: x=0 y=-859 w=1080 h=525, frame=Rect(0, 0 - 1080, 525)
10-16 17:24:06.995 11476 11562 D SurfaceView@8a71348: updateSurfacePosition RenderWorker, frameNr = 387, position = [0, -859, 1080, -334] surfaceSize = 1080x525
10-16 17:24:06.995 11476 11562 I SurfaceView@8a71348: uSP: rtp = Rect(0, -859 - 1080, -334) rtsw = 1080 rtsh = 525
10-16 17:24:06.995 11476 11562 I SurfaceView@8a71348: onSSPAndSRT: pl = 0 pt = -859 sx = 1.0 sy = 1.0
10-16 17:24:06.995 11476 11562 I SurfaceView@8a71348: aOrMT: ViewRootImpl@87ee6e[MainActivity] t = android.view.SurfaceControl$Transaction@da64c32 fN = 387 android.view.SurfaceView.-$$Nest$mapplyOrMergeTransaction:0 android.view.SurfaceView$SurfaceViewPositionUpdateListener.positionChanged:1537 android.graphics.RenderNode$CompositePositionUpdateListener.positionChanged:373 
10-16 17:24:06.995 11476 11562 I ViewRootImpl@87ee6e[MainActivity]: mWNT: t=0x7af6c0e700 mBlastBufferQueue=0x7b5de49800 fn= 387 caller= android.view.SurfaceView.applyOrMergeTransaction:1455 android.view.SurfaceView.-$$Nest$mapplyOrMergeTransaction:0 android.view.SurfaceView$SurfaceViewPositionUpdateListener.positionChanged:1537 
10-16 17:24:06.995 11476 11562 I ViewRootImpl@87ee6e[MainActivity]: mWNT: t=0x7af7064800 mBlastBufferQueue=0x7b5de49800 fn= 387 caller= android.view.ViewRootImpl.lambda$applyTransactionOnDraw$11$android-view-ViewRootImpl:12865 android.view.ViewRootImpl$$ExternalSyntheticLambda1.onFrameDraw:4 android.graphics.HardwareRenderer$FrameDrawingCallback.onFrameDraw:924 
10-16 17:24:06.999 11476 11476 I SurfaceView@8a71348: Changes: creating=false format=false size=false visible=false alpha=false hint=false mUseAlpha=false visible=false left=false top=true
10-16 17:24:06.999 11476 11476 I SurfaceView@8a71348: 145167176 Cur surface: Surface(name=null)/@0x94df101
10-16 17:24:06.999 11476 11476 I SurfaceView@8a71348: applyTransactionOnVriDraw: vri = ViewRootImpl@87ee6e[MainActivity] fRS = false t = 0x7af7064900 android.view.SurfaceView.performSurfaceTransaction:959 android.view.SurfaceView.updateSurface:1105 android.view.SurfaceView.lambda$new$0$android-view-SurfaceView:200 
10-16 17:24:06.999 11476 11476 I ViewRootImpl@87ee6e[MainActivity]: applyTransactionOnDraw: mRemoved = false isHardwareEnabled = true t = 0x7af7064900android.view.SurfaceView.applyTransactionOnVriDraw:2048 android.view.SurfaceView.performSurfaceTransaction:959 android.view.SurfaceView.updateSurface:1105 android.view.SurfaceView.lambda$new$0$android-view-SurfaceView:200 android.view.SurfaceView$$ExternalSyntheticLambda5.onPreDraw:2 
10-16 17:24:06.999 11476 11476 I SurfaceView@8a71348: updateSurface: mVisible = true mSurface.isValid() = true
10-16 17:24:07.000 11476 11476 I SurfaceView@8a71348: updateSurface: mSurfaceCreated = true surfaceChanged = false visibleChanged = false
10-16 17:24:07.000 11476 11476 V SurfaceView@8a71348: Layout: x=0 y=-978 w=1080 h=525, frame=Rect(0, 0 - 1080, 525)
10-16 17:24:07.013 11476 11561 D SurfaceView@8a71348: updateSurfacePosition RenderWorker, frameNr = 388, position = [0, -978, 1080, -453] surfaceSize = 1080x525
10-16 17:24:07.013 11476 11561 I SurfaceView@8a71348: uSP: rtp = Rect(0, -978 - 1080, -453) rtsw = 1080 rtsh = 525
10-16 17:24:07.013 11476 11561 I SurfaceView@8a71348: onSSPAndSRT: pl = 0 pt = -978 sx = 1.0 sy = 1.0
10-16 17:24:07.014 11476 11561 I SurfaceView@8a71348: aOrMT: ViewRootImpl@87ee6e[MainActivity] t = android.view.SurfaceControl$Transaction@da64c32 fN = 388 android.view.SurfaceView.-$$Nest$mapplyOrMergeTransaction:0 android.view.SurfaceView$SurfaceViewPositionUpdateListener.positionChanged:1537 android.graphics.RenderNode$CompositePositionUpdateListener.positionChanged:373 
10-16 17:24:07.014 11476 11561 I ViewRootImpl@87ee6e[MainActivity]: mWNT: t=0x7af6c0e700 mBlastBufferQueue=0x7b5de49800 fn= 388 caller= android.view.SurfaceView.applyOrMergeTransaction:1455 android.view.SurfaceView.-$$Nest$mapplyOrMergeTransaction:0 android.view.SurfaceView$SurfaceViewPositionUpdateListener.positionChanged:1537 
10-16 17:24:07.014 11476 11561 I ViewRootImpl@87ee6e[MainActivity]: mWNT: t=0x7af7064900 mBlastBufferQueue=0x7b5de49800 fn= 388 caller= android.view.ViewRootImpl.lambda$applyTransactionOnDraw$11$android-view-ViewRootImpl:12865 android.view.ViewRootImpl$$ExternalSyntheticLambda1.onFrameDraw:4 android.graphics.HardwareRenderer$FrameDrawingCallback.onFrameDraw:924 
10-16 17:24:07.017 11476 11476 I SurfaceView@8a71348: Changes: creating=false format=false size=false visible=false alpha=false hint=false mUseAlpha=false visible=false left=false top=true
10-16 17:24:07.018 11476 11476 I SurfaceView@8a71348: 145167176 Cur surface: Surface(name=null)/@0x94df101
10-16 17:24:07.018 11476 11476 I SurfaceView@8a71348: applyTransactionOnVriDraw: vri = ViewRootImpl@87ee6e[MainActivity] fRS = false t = 0x7af7064a00 android.view.SurfaceView.performSurfaceTransaction:959 android.view.SurfaceView.updateSurface:1105 android.view.SurfaceView.lambda$new$0$android-view-SurfaceView:200 
10-16 17:24:07.018 11476 11476 I ViewRootImpl@87ee6e[MainActivity]: applyTransactionOnDraw: mRemoved = false isHardwareEnabled = true t = 0x7af7064a00android.view.SurfaceView.applyTransactionOnVriDraw:2048 android.view.SurfaceView.performSurfaceTransaction:959 android.view.SurfaceView.updateSurface:1105 android.view.SurfaceView.lambda$new$0$android-view-SurfaceView:200 android.view.SurfaceView$$ExternalSyntheticLambda5.onPreDraw:2 
