--------- beginning of main
10-16 01:51:15.211 12113 12113 I ViewRootImpl@97403c7[MainActivity]: MSG_WINDOW_FOCUS_CHANGED 1 0
10-16 01:51:15.211 12113 12113 I ViewRootImpl@97403c7[MainActivity]: mThreadedRenderer.initializeIfNeeded()#2 mSurface={isValid=true 0x7b5c1da800}
10-16 01:51:15.216 12113 12113 D InputMethodManager: startInputInner - Id : 0
10-16 01:51:15.216 12113 12113 I InputMethodManager: startInputInner - mService.startInputOrWindowGainedFocus
10-16 01:51:15.599 12113 12118 W st.cloudstream3: Cleared Reference was only reachable from finalizer (only reported once)
10-16 01:51:15.670 12113 12113 I ViewRootImpl@97403c7[MainActivity]: ViewPostIme pointer 0
10-16 01:51:15.674 12113 12118 I st.cloudstream3: Background concurrent copying GC freed 16MB AllocSpace bytes, 68(3100KB) LOS objects, 49% free, 12MB/24MB, paused 422us,78us total 201.093ms
10-16 01:51:15.677 12113 12133 D OpenGLRenderer: setSurface called with nullptr
10-16 01:51:15.679 12113 12119 D InputTransport: Input channel destroyed: 'ClientS', fd=139
10-16 01:51:15.679 12113 12133 D OpenGLRenderer: setSurface called with nullptr
10-16 01:51:15.681 12113 12119 D InputTransport: Input channel destroyed: 'ClientS', fd=142
10-16 01:51:15.747 12113 12113 D WindowOnBackDispatcher: onBackInvoked, viewRoot=ViewRootImpl@52d4adb[MainActivity], callback=androidx.activity.OnBackPressedDispatcher$Api33Impl$$ExternalSyntheticLambda0@78b3c24
10-16 01:51:15.754 12113 12113 I IMM_LC  : hsifw() - flag : 0
10-16 01:51:15.754 12113 12113 I IMM_LC  : hsifw() - mService.hideSoftInput
10-16 01:51:15.762 12113 12113 D ScrollView: initGoToTop
10-16 01:51:15.798 12113 12113 E CoilImgLoader: Error loading image: coil3.request.NullRequestDataException: The request's data is null.
10-16 01:51:15.809 12113 12113 D ScrollView:  onsize change changed 
10-16 01:51:16.398 12113 12113 I ViewRootImpl@97403c7[MainActivity]: ViewPostIme pointer 0
10-16 01:51:16.489 12113 12113 I ViewRootImpl@97403c7[MainActivity]: ViewPostIme pointer 1
10-16 01:51:16.492 12113 12113 I NavComponent: Navigating to fragment: 2131361879
10-16 01:51:16.498 12113 12113 I IMM_LC  : hsifw() - flag : 0
10-16 01:51:16.498 12113 12113 I IMM_LC  : hsifw() - mService.hideSoftInput
10-16 01:51:17.276 12113 12113 I ViewRootImpl@97403c7[MainActivity]: ViewPostIme pointer 0
10-16 01:51:17.350 12113 12113 I ViewRootImpl@97403c7[MainActivity]: ViewPostIme pointer 1
10-16 01:51:17.363 12113 12113 I IMM_LC  : hsifw() - flag : 0
10-16 01:51:17.363 12113 12113 I IMM_LC  : hsifw() - mService.hideSoftInput
10-16 01:51:17.468 12113 12113 I PLG     : updatePluginList = https://raw.githubusercontent.com/adamwolker21/TestPlugins/refs/heads/master/repo.json
10-16 01:51:17.468 12113 12113 I PLG     : getPlugins = https://raw.githubusercontent.com/adamwolker21/TestPlugins/refs/heads/master/repo.json
10-16 01:51:17.618 12113 12190 D VotingApi: Requesting: https://counterapi.com/api/cs-raw.githubusercontent.com-adamwolker21-TestPlugins/vote/1faa642fe5e758ed3f1552dfe51f95ba48254ee289a6f2e93a139bd7cecf3ded?readOnly=true
10-16 01:51:18.137 12113 12113 I ViewRootImpl@97403c7[MainActivity]: ViewPostIme pointer 0
10-16 01:51:18.219 12113 12113 I ViewRootImpl@97403c7[MainActivity]: ViewPostIme pointer 1
10-16 01:51:18.227 12113 12191 I PLG     : handlePluginAction = https://raw.githubusercontent.com/adamwolker21/TestPlugins/refs/heads/master/repo.json, (https://raw.githubusercontent.com/adamwolker21/TestPlugins/refs/heads/master/repo.json, SitePlugin(url=https://raw.githubusercontent.com/adamwolker21/TestPlugins/builds/Asia2tv.cs3, status=1, version=37, apiVersion=1, name=Asia2tv, internalName=Asia2tv, authors=[adamwolker21], description=Asia2TV Kdrama Cdrama, repositoryUrl=https://github.com/adamwolker21/TestPlugins, tvTypes=[TvSeries, Movie, AsianDrama], language=ar, iconUrl=https://asia2tv.com/frontend/default/assets/images/logo.png?ver=1.2, fileSize=18921)), false
10-16 01:51:18.228 12113 12191 D PluginManager: Downloading plugin: https://raw.githubusercontent.com/adamwolker21/TestPlugins/builds/Asia2tv.cs3 to /data/user/0/com.lagradost.cloudstream3/files/Extensions/httpsraw.githubusercontent.comadamwolker21TestPluginsrefsheadsmasterrepo.json.113048842/Asia2tv.950460682.cs3
10-16 01:51:18.436 12113 12191 I PluginManager: Unloading plugin: /data/user/0/com.lagradost.cloudstream3/files/Extensions/httpsraw.githubusercontent.comadamwolker21TestPluginsrefsheadsmasterrepo.json.113048842/Asia2tv.950460682.cs3
10-16 01:51:18.437 12113 12191 W PluginManager: Couldn't find plugin /data/user/0/com.lagradost.cloudstream3/files/Extensions/httpsraw.githubusercontent.comadamwolker21TestPluginsrefsheadsmasterrepo.json.113048842/Asia2tv.950460682.cs3
10-16 01:51:18.438 12113 12191 I PluginManager: Loading plugin: PluginData(internalName=Asia2tv, url=https://raw.githubusercontent.com/adamwolker21/TestPlugins/builds/Asia2tv.cs3, isOnline=true, filePath=/data/user/0/com.lagradost.cloudstream3/files/Extensions/httpsraw.githubusercontent.comadamwolker21TestPluginsrefsheadsmasterrepo.json.113048842/Asia2tv.950460682.cs3, version=-2147483648)
10-16 01:51:18.498 12113 12191 I PluginInstance: Adding Asia2Tv (https://asia2tv.com) MainAPI
10-16 01:51:18.498 12113 12191 I PluginManager: Loaded plugin Asia2tv successfully
10-16 01:51:18.498 12113 12191 I PLG     : getPlugins = https://raw.githubusercontent.com/adamwolker21/TestPlugins/refs/heads/master/repo.json
10-16 01:51:18.562 12113 12113 I COMPACT : showToast = Plugin Loaded
10-16 01:51:18.566 12113 12113 D CompatibilityChangeReporter: Compat change id reported: 147798919; UID 10526; state: ENABLED
10-16 01:51:18.566 12113 12113 E Toast   : setGravity() shouldn't be called on text toasts, the values won't be used
10-16 01:51:18.566 12113 12113 I Toast   : setView: it's a custom toast
10-16 01:51:18.574 12113 12113 V Toast   : show: caller = com.lagradost.cloudstream3.CommonActivity.showToast:175 
10-16 01:51:18.590 12113 12113 V Toast   : HANDLE SHOW: android.widget.Toast$TN@2969f32 mView=null mNextView=androidx.cardview.widget.CardView{14f3483 V.E..V... ......ID 0,0-0,0 #7f0a0557 app:id/toast_layout_root}
10-16 01:51:18.593 12113 12113 V ToastPresenter: sipHeight = -39
10-16 01:51:18.595 12113 12113 V ToastPresenter: yOffset = 13
10-16 01:51:18.598 12113 12133 D NativeCustomFrequencyManager: [NativeCFMS] BpCustomFrequencyManager::BpCustomFrequencyManager()
10-16 01:51:18.607 12113 12113 D InsetsController: onStateChanged: InsetsState: {mDisplayFrame=Rect(0, 0 - 1080, 2400), mDisplayCutout=DisplayCutout{insets=Rect(0, 88 - 0, 0) waterfall=Insets{left=0, top=0, right=0, bottom=0} boundingRect={Bounds=[Rect(0, 0 - 0, 0), Rect(512, 0 - 568, 88), Rect(0, 0 - 0, 0), Rect(0, 0 - 0, 0)]} cutoutPathParserInfo={CutoutPathParserInfo{displayWidth=1080 displayHeight=2400 physicalDisplayWidth=1080 physicalDisplayHeight=2400 density={2.625} cutoutSpec={M 0,0 M 0,12.25101276465640 a 10.60613009248640,10.60613009248640 0 1,0 0,21.21226018497290 a 10.60613009248640,10.60613009248640 0 1,0 0,-21.21226018497290 Z @dp} rotation={0} scale={1.0} physicalPixelDisplaySizeRatio={1.0}}}}, mRoundedCorners=RoundedCorners{[RoundedCorner{position=TopLeft, radius=84, center=Point(84, 84)}, RoundedCorner{position=TopRight, radius=84, center=Point(996, 84)}, RoundedCorner{position=BottomRight, radius=84, center=Point(996, 2316)}, RoundedCorner{position=BottomLeft, radius=84, center=Point(84, 2316)}]}  mRoundedCornerFrame=Rect(0, 0 - 0, 0), mPrivacyIndicatorBounds=PrivacyIndicatorBounds {static bounds=Rect(964, 0 - 1080, 87) rotation=0}, mSources= { InsetsSource: {mType=ITYPE_NAVIGATION_BAR, mFrame=[0,2361][1080,2400], mVisible=true, mInsetsRoundedCornerFrame=false}, InsetsSource: {mType=ITYPE_LEFT_GESTURES, mFrame=[0,0][130,2400], mVisible=true, mInsetsRoundedCornerFrame=false}, InsetsSource: {mType=ITYPE_RIGHT_GESTURES, mFrame=[950,0][1080,2400], mVisible=true, mInsetsRoundedCornerFrame=false}, InsetsSource: {mType=ITYPE_TOP_MANDATORY_GESTURES, mFrame=[0,0][1080,120], mVisible=true, mInsetsRoundedCornerFrame=false}, InsetsSource: {mType=ITYPE_BOTTOM_MANDATORY_GESTURES, mFrame=[0,2316][1080,2400], mVisible=true, mInsetsRoundedCornerFrame=false}, InsetsSource: {mType=ITYPE_LEFT_DISPLAY_CUTOUT, mFrame=[0,0][-100000,2400], mVisible=true, mInsetsRoundedCornerFrame=false}, InsetsSource: {mType=ITYPE_TOP_DISPLAY_CUTOUT, mFrame=[0,0][1080,88], mVisible=true, mInsetsRoundedCornerFrame=false}, InsetsSource: {mType=ITYPE_RIGHT_DISPLAY_CUTOUT, mFrame=[100000,0][1080,2400], mVisible=true, mInsetsRoundedCornerFrame=false}, InsetsSource: {mType=ITYPE_BOTTOM_DISPLAY_CUTOUT, mFrame=[0,100000][1080,2400], mVisible=true, mInsetsRoundedCornerFrame=false}, InsetsSource: {mType=ITYPE_BOTTOM_TAPPABLE_ELEMENT, mFrame=[0,0][0,0], mVisible=true, mInsetsRoundedCornerFrame=false} } host=Toast from=android.view.ViewRootImpl.setView:1732
10-16 01:51:18.609 12113 12113 I ViewRootImpl@10b7600[Toast]: setView = androidx.cardview.widget.CardView@14f3483 TM=true
10-16 01:51:18.627 12113 12113 I ViewRootImpl@10b7600[Toast]: performTraversals params={(0,13)(wrapxwrap) gr=BOTTOM CENTER sim={adjust=resize} ty=TOAST fmt=TRANSLUCENT wanim=0x1030004 surfaceInsets=Rect(11, 11 - 11, 11)
10-16 01:51:18.627 12113 12113 I ViewRootImpl@10b7600[Toast]:   fl=1000098
10-16 01:51:18.627 12113 12113 I ViewRootImpl@10b7600[Toast]:   pfl=12000000
10-16 01:51:18.627 12113 12113 I ViewRootImpl@10b7600[Toast]:   bhv=DEFAULT
10-16 01:51:18.627 12113 12113 I ViewRootImpl@10b7600[Toast]:   fitTypes=STATUS_BARS NAVIGATION_BARS CAPTION_BAR
10-16 01:51:18.627 12113 12113 I ViewRootImpl@10b7600[Toast]:   fitIgnoreVis naviIconColor=0}
10-16 01:51:18.628 12113 12113 I ViewRootImpl@10b7600[Toast]: performTraversals mFirst=true windowShouldResize=false viewVisibilityChanged=false mForceNextWindowRelayout=false params={(0,13)(wrapxwrap) gr=BOTTOM CENTER sim={adjust=resize} ty=TOAST fmt=TRANSLUCENT wanim=0x1030004 surfaceInsets=Rect(11, 11 - 11, 11)
10-16 01:51:18.628 12113 12113 I ViewRootImpl@10b7600[Toast]:   fl=1000098
10-16 01:51:18.628 12113 12113 I ViewRootImpl@10b7600[Toast]:   pfl=12000000
10-16 01:51:18.628 12113 12113 I ViewRootImpl@10b7600[Toast]:   bhv=DEFAULT
10-16 01:51:18.628 12113 12113 I ViewRootImpl@10b7600[Toast]:   fitTypes=STATUS_BARS NAVIGATION_BARS CAPTION_BAR
10-16 01:51:18.628 12113 12113 I ViewRootImpl@10b7600[Toast]:   fitIgnoreVis naviIconColor=0}
10-16 01:51:18.643 12113 12113 I ViewRootImpl@10b7600[Toast]: updateBlastSurfaceIfNeeded mBlastBufferQueue=null isSameSurfaceControl=false
10-16 01:51:18.644 12113 12113 I BLASTBufferQueue: new BLASTBufferQueue, mName= ViewRootImpl@10b7600[Toast] mNativeObject= 0x7b5c120c00 sc.mNativeObject= 0x7b6aa409c0 caller= android.view.ViewRootImpl.updateBlastSurfaceIfNeeded:2909 android.view.ViewRootImpl.relayoutWindow:9847 android.view.ViewRootImpl.performTraversals:3884 android.view.ViewRootImpl.doTraversal:3116 android.view.ViewRootImpl$TraversalRunnable.run:10885 android.view.Choreographer$CallbackRecord.run:1301 android.view.Choreographer$CallbackRecord.run:1309 android.view.Choreographer.doCallbacks:923 android.view.Choreographer.doFrame:852 android.view.Choreographer$FrameDisplayEventReceiver.run:1283 
10-16 01:51:18.644 12113 12113 I BLASTBufferQueue: update, w= 373 h= 178 mName = ViewRootImpl@10b7600[Toast] mNativeObject= 0x7b5c120c00 sc.mNativeObject= 0x7b6aa409c0 format= -3 caller= android.graphics.BLASTBufferQueue.<init>:84 android.view.ViewRootImpl.updateBlastSurfaceIfNeeded:2909 android.view.ViewRootImpl.relayoutWindow:9847 android.view.ViewRootImpl.performTraversals:3884 android.view.ViewRootImpl.doTraversal:3116 android.view.ViewRootImpl$TraversalRunnable.run:10885 
10-16 01:51:18.645 12113 12113 I ViewRootImpl@10b7600[Toast]: Relayout returned: old=(0,88,1080,2361) new=(364,2192,715,2348) req=(351,156)0 dur=15 res=0x3 s={true 0x7b6a903800} ch=true seqId=0
10-16 01:51:18.646 12113 12113 I ViewRootImpl@10b7600[Toast]: mThreadedRenderer.initialize() mSurface={isValid=true 0x7b6a903800} hwInitialized=true
10-16 01:51:18.646 12113 12133 D OpenGLRenderer: eglCreateWindowSurface
10-16 01:51:18.647 12113 12113 I ViewRootImpl@10b7600[Toast]: reportNextDraw android.view.ViewRootImpl.performTraversals:4438 android.view.ViewRootImpl.doTraversal:3116 android.view.ViewRootImpl$TraversalRunnable.run:10885 android.view.Choreographer$CallbackRecord.run:1301 android.view.Choreographer$CallbackRecord.run:1309 
10-16 01:51:18.647 12113 12113 I ViewRootImpl@10b7600[Toast]: Setup new sync id=0
10-16 01:51:18.647 12113 12113 I ViewRootImpl@10b7600[Toast]: Setting syncFrameCallback
10-16 01:51:18.647 12113 12113 I ViewRootImpl@10b7600[Toast]: registerCallbacksForSync syncBuffer=false
10-16 01:51:18.649 12113 12212 I ViewRootImpl@10b7600[Toast]: Received frameDrawingCallback syncResult=0 frameNum=1.
10-16 01:51:18.649 12113 12212 I ViewRootImpl@10b7600[Toast]: Setting up sync and frameCommitCallback
10-16 01:51:18.650 12113 12133 I BLASTBufferQueue: [ViewRootImpl@10b7600[Toast]#3](f:0,a:0) onFrameAvailable the first frame is available
10-16 01:51:18.651 12113 12133 I ViewRootImpl@10b7600[Toast]: Received frameCommittedCallback lastAttemptedDrawFrameNum=1 didProduceBuffer=true
10-16 01:51:18.653 12113 12133 D OpenGLRenderer: CFMS:: SetUp Pid : 12113    Tid : 12133
10-16 01:51:18.655 12113 12113 I ViewRootImpl@10b7600[Toast]: onSyncComplete
10-16 01:51:18.667 12113 12113 I ViewRootImpl@10b7600[Toast]: setupSync seqId=0 mSyncId=0 fn=1 caller=android.view.ViewRootImpl$$ExternalSyntheticLambda11.accept:6 android.window.SurfaceSyncer.lambda$setupSync$1$android-window-SurfaceSyncer:128 android.window.SurfaceSyncer$$ExternalSyntheticLambda1.accept:8 android.window.SurfaceSyncer$SyncSet.checkIfSyncIsComplete:382 android.window.SurfaceSyncer$SyncSet.markSyncReady:359 android.window.SurfaceSyncer.markSyncReady:151 android.view.ViewRootImpl.performTraversals:4503 
10-16 01:51:18.667 12113 12113 I ViewRootImpl@10b7600[Toast]: reportDrawFinished seqId=0 mSyncId=-1 fn=1 mSurfaceChangedTransaction=0x7b6aa0e100
10-16 01:51:19.711 12113 12113 I ViewRootImpl@97403c7[MainActivity]: ViewPostIme pointer 0
10-16 01:51:19.810 12113 12113 I ViewRootImpl@97403c7[MainActivity]: ViewPostIme pointer 1
10-16 01:51:19.839 12113 12113 I IMM_LC  : hsifw() - flag : 0
10-16 01:51:19.839 12113 12113 I IMM_LC  : hsifw() - mService.hideSoftInput
10-16 01:51:20.583 12113 12133 D OpenGLRenderer: setSurface called with nullptr
10-16 01:51:20.584 12113 12133 D OpenGLRenderer: setSurface() destroyed EGLSurface
10-16 01:51:20.584 12113 12133 D OpenGLRenderer: destroyEglSurface
10-16 01:51:20.586 12113 12113 I ViewRootImpl@10b7600[Toast]: dispatchDetachedFromWindow
10-16 01:51:20.600 12113 12113 D InputTransport: Input channel destroyed: 'b149fe4', fd=147
10-16 01:51:21.324 12113 12118 I st.cloudstream3: Background concurrent copying GC freed 5798KB AllocSpace bytes, 34(3224KB) LOS objects, 49% free, 18MB/37MB, paused 921us,91us total 204.380ms
10-16 01:51:21.334 12113 12133 D OpenGLRenderer: setSurface called with nullptr
10-16 01:51:21.346 12113 12120 W System  : A resource failed to call close. 
10-16 01:51:21.579 12113 12181 D Asia2Tv : Load function started for url: https://asia2tv.com/serie/love-take-two-%d8%aa%d8%ad%d8%aa%d8%a7%d8%ac-%d8%b4%d8%ae%d8%b5%d9%8a%d9%86-%d9%84%d9%84%d9%88%d9%82%d9%88%d8%b9-%d9%81%d9%8a-%d8%a7%d9%84%d8%ad%d8%a8
10-16 01:51:21.579 12113 12184 D Asia2Tv : Load function started for url: https://asia2tv.com/serie/mary-kills-people-%d9%85%d8%a7%d8%b1%d9%8a-%d8%aa%d9%82%d8%aa%d9%84-%d8%a7%d9%84%d9%86%d8%a7%d8%b3
10-16 01:51:21.579 12113 12191 D Asia2Tv : Load function started for url: https://asia2tv.com/movie/%d9%81%d9%8a%d9%84%d9%85-pretty-crazy-%d9%85%d8%ac%d9%86%d9%88%d9%86%d8%a9-%d8%ac%d8%af%d8%a7-2025
10-16 01:51:22.963 12113 12184 D Asia2Tv : Found 0 initial episodes.
10-16 01:51:22.967 12113 12184 D Asia2Tv : Found Serie ID: 49610, CSRF Token: true
10-16 01:51:22.967 12113 12184 D Asia2Tv : Fetching page 2...
10-16 01:51:23.003 12113 12181 D Asia2Tv : Found 12 initial episodes.
10-16 01:51:23.007 12113 12181 D Asia2Tv : Found Serie ID: 49932, CSRF Token: true
10-16 01:51:23.007 12113 12181 D Asia2Tv : Fetching page 2...
10-16 01:51:23.010 12113 12191 D Asia2Tv : Found 10 initial episodes.
10-16 01:51:23.014 12113 12191 D Asia2Tv : Found Serie ID: 49929, CSRF Token: true
10-16 01:51:23.014 12113 12191 D Asia2Tv : Fetching page 2...
10-16 01:51:23.527 12113 12191 D Asia2Tv : Response status was false or response was null. Stopping loop.
10-16 01:51:23.527 12113 12191 D Asia2Tv : Load function finished. Total episodes found: 0
10-16 01:51:23.527 12113 12184 D Asia2Tv : Response status was false or response was null. Stopping loop.
10-16 01:51:23.527 12113 12184 D Asia2Tv : Load function finished. Total episodes found: 10
10-16 01:51:23.528 12113 12181 D Asia2Tv : Response status was false or response was null. Stopping loop.
10-16 01:51:23.528 12113 12181 D Asia2Tv : Load function finished. Total episodes found: 12
10-16 01:51:24.554 12113 12113 E CoilImgLoader: Error loading image: coil3.network.HttpException: HTTP 404
10-16 01:51:26.069 12113 12113 I ViewRootImpl@97403c7[MainActivity]: ViewPostIme pointer 0
10-16 01:51:26.467 12113 12113 I ViewRootImpl@97403c7[MainActivity]: ViewPostIme pointer 1
10-16 01:51:27.238 12113 12113 I ViewRootImpl@97403c7[MainActivity]: ViewPostIme pointer 0
10-16 01:51:27.286 12113 12113 I ViewRootImpl@97403c7[MainActivity]: ViewPostIme pointer 1
10-16 01:51:27.306 12113 12113 I NavComponent: Navigating to fragment: 2131362274
10-16 01:51:27.326 12113 12113 I IMM_LC  : hsifw() - flag : 0
10-16 01:51:27.326 12113 12113 I IMM_LC  : hsifw() - mService.hideSoftInput
10-16 01:51:27.477 12113 12113 D ScrollView: initGoToTop
10-16 01:51:27.851 12113 12113 I SurfaceView@476b54d: onWindowVisibilityChanged(0) true android.view.SurfaceView{476b54d V.E..V... ......I. 0,0-0,0} of ViewRootImpl@97403c7[MainActivity]
10-16 01:51:27.851 12113 12113 D SurfaceView@476b54d: updateSurface: has no frame
10-16 01:51:27.865 12113 12113 I CS3ExoPlayer: SET STYLE = SaveCaptionStyle(foregroundColor=-1, backgroundColor=0, windowColor=0, edgeType=1, edgeColor=-16777216, typeface=null, typefaceFilePath=null, elevation=20, fixedTextSize=null, edgeSize=null, removeCaptions=false, removeBloat=true, upperCase=false, bold=false, italic=false, backgroundRadius=null)
10-16 01:51:27.888 12113 12113 D VideoClickActionHolder: allVideoClickActions: [null:com.lagradost.cloudstream3.actions.temp.PlayInBrowserAction, null:com.lagradost.cloudstream3.actions.temp.CopyClipboardAction, null:com.lagradost.cloudstream3.actions.temp.ViewM3U8Action, null:com.lagradost.cloudstream3.actions.temp.VlcPackage, null:com.lagradost.cloudstream3.actions.temp.MpvPackage, null:com.lagradost.cloudstream3.actions.temp.NextPlayerPackage, null:com.lagradost.cloudstream3.actions.temp.JustPlayerPackage, null:com.lagradost.cloudstream3.actions.temp.fcast.FcastAction, null:com.lagradost.cloudstream3.actions.temp.LibreTorrentPackage, null:com.lagradost.cloudstream3.actions.temp.BiglyBTPackage, null:com.lagradost.cloudstream3.actions.temp.VlcNightlyPackage, null:com.lagradost.cloudstream3.actions.temp.WebVideoCastPackage, null:com.lagradost.cloudstream3.actions.temp.MpvYTDLPackage, null:com.lagradost.cloudstream3.actions.temp.MpvKtPackage, null:com.lagradost.cloudstream3.actions.temp.MpvKtPreviewPackage, null:com.lagradost.cloudstream3.actions.AlwaysAskAction]
10-16 01:51:27.889 12113 12113 I IMM_LC  : hsifw() - flag : 0
10-16 01:51:27.889 12113 12113 I IMM_LC  : hsifw() - mService.hideSoftInput
10-16 01:51:27.893 12113 12183 I SYNCVM  : addFromUrl = https://asia2tv.com/serie/loves-ambition-%d8%b7%d9%85%d9%88%d8%ad-%d8%a7%d9%84%d8%ad%d8%a8
10-16 01:51:27.894 12113 12183 I SYNCUTIL: getIdsFromUrl https://asia2tv.com/serie/loves-ambition-%d8%b7%d9%85%d9%88%d8%ad-%d8%a7%d9%84%d8%ad%d8%a8
10-16 01:51:27.895 12113 12187 D Asia2Tv : Load function started for url: https://asia2tv.com/serie/loves-ambition-%d8%b7%d9%85%d9%88%d8%ad-%d8%a7%d9%84%d8%ad%d8%a8
10-16 01:51:27.919 12113 12113 I SurfaceView@476b54d: onWindowVisibilityChanged(8) false android.view.SurfaceView{476b54d V.E..V... ......I. 0,0-0,0} of ViewRootImpl@97403c7[MainActivity]
10-16 01:51:27.919 12113 12113 D SurfaceView@476b54d: updateSurface: has no frame
10-16 01:51:27.919 12113 12113 D SurfaceView@476b54d: updateSurface: has no frame
10-16 01:51:27.919 12113 12113 I SurfaceView@476b54d: onDetachedFromWindow: tryReleaseSurfaces()
10-16 01:51:27.919 12113 12113 I SurfaceView@476b54d: releaseSurfaces: viewRoot = ViewRootImpl@97403c7[MainActivity]
10-16 01:51:27.919 12113 12113 I SurfaceView@476b54d: applyTransactionOnVriDraw: vri = ViewRootImpl@97403c7[MainActivity] fRS = true t = 0x7b13c05500 android.view.SurfaceView.releaseSurfaces:858 android.view.SurfaceView.onDetachedFromWindow:500 android.view.View.dispatchDetachedFromWindow:22538 
10-16 01:51:27.919 12113 12113 I SurfaceView@476b54d: applyTransactionOnVriDraw: viewRoot.applyTransactionOnDrawFromReleaseSurfaces
10-16 01:51:27.920 12113 12113 I ViewRootImpl@97403c7[MainActivity]: applyTransactionOnDraw: mRemoved = false isHardwareEnabled = true t = 0x7b13c05500android.view.ViewRootImpl.applyTransactionOnDrawFromReleaseSurfaces:12850 android.view.SurfaceView.applyTransactionOnVriDraw:2046 android.view.SurfaceView.releaseSurfaces:858 android.view.SurfaceView.onDetachedFromWindow:500 android.view.View.dispatchDetachedFromWindow:22538 
10-16 01:51:27.923 12113 12113 I SurfaceView@476b54d: onWindowVisibilityChanged(0) true android.view.SurfaceView{476b54d V.E..V... ......I. 0,0-0,0} of ViewRootImpl@97403c7[MainActivity]
10-16 01:51:27.923 12113 12113 D SurfaceView@476b54d: updateSurface: has no frame
10-16 01:51:27.930 12113 12113 I DecorView: notifyKeepScreenOnChanged: keepScreenOn=false
10-16 01:51:27.966 12113 12113 I CS3ExoPlayer: reloadPlayer
10-16 01:51:27.966 12113 12113 I CS3ExoPlayer: releasePlayer
10-16 01:51:27.967 12113 12113 I CS3ExoPlayer: Handle event: PlayerAttachedEvent(player=null, source=Player)
10-16 01:51:28.034 12113 12118 I st.cloudstream3: Background concurrent copying GC freed 10MB AllocSpace bytes, 76(6896KB) LOS objects, 50% free, 20MB/41MB, paused 588us,112us total 241.125ms
10-16 01:51:28.034 12113 12113 I Choreographer: Skipped 42 frames!  The application may be doing too much work on its main thread.
10-16 01:51:28.039 12113 12113 I ViewRootImpl@97403c7[MainActivity]: performTraversals params={(0,0)(fillxfill) sim={state=always_hidden adjust=resize} ty=BASE_APPLICATION wanim=0x1030309
10-16 01:51:28.039 12113 12113 I ViewRootImpl@97403c7[MainActivity]:   fl=85810100
10-16 01:51:28.039 12113 12113 I ViewRootImpl@97403c7[MainActivity]:   pfl=12020040
10-16 01:51:28.039 12113 12113 I ViewRootImpl@97403c7[MainActivity]:   vsysui=500
10-16 01:51:28.039 12113 12113 I ViewRootImpl@97403c7[MainActivity]:   bhv=DEFAULT
10-16 01:51:28.039 12113 12113 I ViewRootImpl@97403c7[MainActivity]:   fitSides= naviIconColor=0}
10-16 01:51:28.040 12113 12113 I ViewRootImpl@97403c7[MainActivity]: performTraversals mFirst=false windowShouldResize=false viewVisibilityChanged=false mForceNextWindowRelayout=false params={(0,0)(fillxfill) sim={state=always_hidden adjust=resize} ty=BASE_APPLICATION fmt=TRANSLUCENT wanim=0x1030309
10-16 01:51:28.040 12113 12113 I ViewRootImpl@97403c7[MainActivity]:   fl=85810100
10-16 01:51:28.040 12113 12113 I ViewRootImpl@97403c7[MainActivity]:   pfl=12020040
10-16 01:51:28.040 12113 12113 I ViewRootImpl@97403c7[MainActivity]:   vsysui=500
10-16 01:51:28.040 12113 12113 I ViewRootImpl@97403c7[MainActivity]:   bhv=DEFAULT
10-16 01:51:28.040 12113 12113 I ViewRootImpl@97403c7[MainActivity]:   fitSides= naviIconColor=0}
10-16 01:51:28.048 12113 12113 I ViewRootImpl@97403c7[MainActivity]: updateBlastSurfaceIfNeeded mBlastBufferQueue=0x7b5c186700 isSameSurfaceControl=true
10-16 01:51:28.048 12113 12113 I BLASTBufferQueue: update, w= 1080 h= 2400 mName = ViewRootImpl@97403c7[MainActivity] mNativeObject= 0x7b5c186700 sc.mNativeObject= 0x7b082b5420 format= -3 caller= android.view.ViewRootImpl.updateBlastSurfaceIfNeeded:2898 android.view.ViewRootImpl.relayoutWindow:9847 android.view.ViewRootImpl.performTraversals:3884 android.view.ViewRootImpl.doTraversal:3116 android.view.ViewRootImpl$TraversalRunnable.run:10885 android.view.Choreographer$CallbackRecord.run:1301 
10-16 01:51:28.048 12113 12113 I ViewRootImpl@97403c7[MainActivity]: Relayout returned: old=(0,0,1080,2400) new=(0,0,1080,2400) req=(1080,2400)0 dur=8 res=0x0 s={true 0x7b5c1da800} ch=false seqId=0
10-16 01:51:28.050 12113 12113 W View    : requestLayout() improperly called by android.widget.FrameLayout{39e9e32 I.E..V... ......I. 0,0-0,0 #7f0a04e7 app:id/start_panel} during layout: running second layout pass
10-16 01:51:28.050 12113 12113 W View    : requestLayout() improperly called by android.widget.FrameLayout{b68c783 I.E..V... ......ID 1080,0-1080,2143 #7f0a0168 app:id/end_panel} during layout: running second layout pass
10-16 01:51:28.052 12113 12113 D SurfaceView@476b54d: updateSurface: has no frame
10-16 01:51:28.058 12113 12213 I ViewRootImpl@97403c7[MainActivity]: mWNT: t=0x7b13c05500 mBlastBufferQueue=0x7b5c186700 fn= 570 caller= android.view.ViewRootImpl.lambda$applyTransactionOnDraw$11$android-view-ViewRootImpl:12865 android.view.ViewRootImpl$$ExternalSyntheticLambda1.onFrameDraw:4 android.graphics.HardwareRenderer$FrameDrawingCallback.onFrameDraw:924 
10-16 01:51:28.069 12113 12113 D SurfaceView@476b54d: updateSurface: has no frame
10-16 01:51:28.083 12113 12113 D SurfaceView@476b54d: updateSurface: has no frame
10-16 01:51:28.090 12113 12245 I OpenGLRenderer: Davey! duration=757ms; Flags=0, FrameTimelineVsyncId=317680377, IntendedVsync=886703083966681, Vsync=886703783550433, InputEventId=0, HandleInputStart=886703786292269, AnimationStart=886703786304308, PerformTraversalsStart=886703786587615, DrawStart=886703804122269, FrameDeadline=886703117292588, FrameInterval=886703786202269, FrameStartTime=16659241, SyncQueued=886703807175962, SyncStart=886703807824731, IssueDrawCommandsStart=886703809314385, SwapBuffers=886703824447269, FrameCompleted=886703841866038, DequeueBufferDuration=69116, QueueBufferDuration=985961, GpuCompleted=886703841866038, SwapBuffersCompleted=886703826783000, DisplayPresentTime=886698903119119, CommandSubmissionCompleted=886703824447269, 
10-16 01:51:28.100 12113 12113 D SurfaceView@476b54d: updateSurface: has no frame
10-16 01:51:28.120 12113 12113 D SurfaceView@476b54d: updateSurface: has no frame
10-16 01:51:28.135 12113 12113 D SurfaceView@476b54d: updateSurface: has no frame
10-16 01:51:28.150 12113 12113 D SurfaceView@476b54d: updateSurface: has no frame
10-16 01:51:28.166 12113 12113 D SurfaceView@476b54d: updateSurface: has no frame
10-16 01:51:28.183 12113 12113 D SurfaceView@476b54d: updateSurface: has no frame
10-16 01:51:28.201 12113 12113 D SurfaceView@476b54d: updateSurface: has no frame
10-16 01:51:28.216 12113 12113 D SurfaceView@476b54d: updateSurface: has no frame
10-16 01:51:28.233 12113 12113 D SurfaceView@476b54d: updateSurface: has no frame
10-16 01:51:28.250 12113 12113 D SurfaceView@476b54d: updateSurface: has no frame
10-16 01:51:28.267 12113 12113 D SurfaceView@476b54d: updateSurface: has no frame
10-16 01:51:28.283 12113 12113 D SurfaceView@476b54d: updateSurface: has no frame
10-16 01:51:28.300 12113 12113 D SurfaceView@476b54d: updateSurface: has no frame
10-16 01:51:28.316 12113 12113 D SurfaceView@476b54d: updateSurface: has no frame
10-16 01:51:28.333 12113 12113 D SurfaceView@476b54d: updateSurface: has no frame
10-16 01:51:28.350 12113 12113 D SurfaceView@476b54d: updateSurface: has no frame
10-16 01:51:28.366 12113 12113 D SurfaceView@476b54d: updateSurface: has no frame
10-16 01:51:28.383 12113 12113 D SurfaceView@476b54d: updateSurface: has no frame
10-16 01:51:28.399 12113 12113 D SurfaceView@476b54d: updateSurface: has no frame
10-16 01:51:28.416 12113 12113 D SurfaceView@476b54d: updateSurface: has no frame
10-16 01:51:28.433 12113 12113 D SurfaceView@476b54d: updateSurface: has no frame
10-16 01:51:28.450 12113 12113 D SurfaceView@476b54d: updateSurface: has no frame
10-16 01:51:28.466 12113 12113 D SurfaceView@476b54d: updateSurface: has no frame
10-16 01:51:28.483 12113 12113 D SurfaceView@476b54d: updateSurface: has no frame
10-16 01:51:28.500 12113 12113 D SurfaceView@476b54d: updateSurface: has no frame
10-16 01:51:28.517 12113 12113 D SurfaceView@476b54d: updateSurface: has no frame
10-16 01:51:28.533 12113 12113 D SurfaceView@476b54d: updateSurface: has no frame
10-16 01:51:28.550 12113 12113 D SurfaceView@476b54d: updateSurface: has no frame
10-16 01:51:28.566 12113 12113 D SurfaceView@476b54d: updateSurface: has no frame
10-16 01:51:28.583 12113 12113 D SurfaceView@476b54d: updateSurface: has no frame
10-16 01:51:28.600 12113 12113 D SurfaceView@476b54d: updateSurface: has no frame
10-16 01:51:28.616 12113 12113 D SurfaceView@476b54d: updateSurface: has no frame
10-16 01:51:28.633 12113 12113 D SurfaceView@476b54d: updateSurface: has no frame
10-16 01:51:28.650 12113 12113 D SurfaceView@476b54d: updateSurface: has no frame
10-16 01:51:28.666 12113 12113 D SurfaceView@476b54d: updateSurface: has no frame
10-16 01:51:28.683 12113 12113 D SurfaceView@476b54d: updateSurface: has no frame
10-16 01:51:28.700 12113 12113 D SurfaceView@476b54d: updateSurface: has no frame
10-16 01:51:28.716 12113 12113 D SurfaceView@476b54d: updateSurface: has no frame
10-16 01:51:28.733 12113 12113 D SurfaceView@476b54d: updateSurface: has no frame
10-16 01:51:28.749 12113 12113 D SurfaceView@476b54d: updateSurface: has no frame
10-16 01:51:28.766 12113 12113 D SurfaceView@476b54d: updateSurface: has no frame
10-16 01:51:28.783 12113 12113 D SurfaceView@476b54d: updateSurface: has no frame
10-16 01:51:28.799 12113 12113 D SurfaceView@476b54d: updateSurface: has no frame
10-16 01:51:28.816 12113 12113 D SurfaceView@476b54d: updateSurface: has no frame
10-16 01:51:28.833 12113 12113 D SurfaceView@476b54d: updateSurface: has no frame
10-16 01:51:28.849 12113 12113 D SurfaceView@476b54d: updateSurface: has no frame
10-16 01:51:28.866 12113 12113 D SurfaceView@476b54d: updateSurface: has no frame
10-16 01:51:28.882 12113 12113 D SurfaceView@476b54d: updateSurface: has no frame
10-16 01:51:28.899 12113 12113 D SurfaceView@476b54d: updateSurface: has no frame
10-16 01:51:28.916 12113 12113 D SurfaceView@476b54d: updateSurface: has no frame
10-16 01:51:28.916 12113 12187 D Asia2Tv : Found 16 initial episodes.
10-16 01:51:28.919 12113 12187 D Asia2Tv : Found Serie ID: 49962, CSRF Token: true
10-16 01:51:28.919 12113 12187 D Asia2Tv : Fetching page 2...
10-16 01:51:28.932 12113 12113 D SurfaceView@476b54d: updateSurface: has no frame
10-16 01:51:28.949 12113 12113 D SurfaceView@476b54d: updateSurface: has no frame
10-16 01:51:28.965 12113 12113 D SurfaceView@476b54d: updateSurface: has no frame
10-16 01:51:28.982 12113 12113 D SurfaceView@476b54d: updateSurface: has no frame
10-16 01:51:28.999 12113 12113 D SurfaceView@476b54d: updateSurface: has no frame
10-16 01:51:29.015 12113 12113 D SurfaceView@476b54d: updateSurface: has no frame
10-16 01:51:29.032 12113 12113 D SurfaceView@476b54d: updateSurface: has no frame
10-16 01:51:29.049 12113 12113 D SurfaceView@476b54d: updateSurface: has no frame
10-16 01:51:29.065 12113 12113 D SurfaceView@476b54d: updateSurface: has no frame
10-16 01:51:29.082 12113 12113 D SurfaceView@476b54d: updateSurface: has no frame
10-16 01:51:29.099 12113 12113 D SurfaceView@476b54d: updateSurface: has no frame
10-16 01:51:29.115 12113 12113 D SurfaceView@476b54d: updateSurface: has no frame
10-16 01:51:29.132 12113 12113 D SurfaceView@476b54d: updateSurface: has no frame
10-16 01:51:29.149 12113 12113 D SurfaceView@476b54d: updateSurface: has no frame
10-16 01:51:29.165 12113 12113 D SurfaceView@476b54d: updateSurface: has no frame
10-16 01:51:29.182 12113 12113 D SurfaceView@476b54d: updateSurface: has no frame
10-16 01:51:29.199 12113 12113 D SurfaceView@476b54d: updateSurface: has no frame
10-16 01:51:29.215 12113 12113 D SurfaceView@476b54d: updateSurface: has no frame
10-16 01:51:29.232 12113 12113 D SurfaceView@476b54d: updateSurface: has no frame
10-16 01:51:29.249 12113 12113 D SurfaceView@476b54d: updateSurface: has no frame
10-16 01:51:29.265 12113 12113 D SurfaceView@476b54d: updateSurface: has no frame
10-16 01:51:29.282 12113 12113 D SurfaceView@476b54d: updateSurface: has no frame
10-16 01:51:29.299 12113 12113 D SurfaceView@476b54d: updateSurface: has no frame
10-16 01:51:29.315 12113 12113 D SurfaceView@476b54d: updateSurface: has no frame
10-16 01:51:29.332 12113 12113 D SurfaceView@476b54d: updateSurface: has no frame
10-16 01:51:29.349 12113 12113 D SurfaceView@476b54d: updateSurface: has no frame
10-16 01:51:29.365 12113 12113 D SurfaceView@476b54d: updateSurface: has no frame
10-16 01:51:29.378 12113 12187 D Asia2Tv : Response status was false or response was null. Stopping loop.
10-16 01:51:29.378 12113 12187 D Asia2Tv : Load function finished. Total episodes found: 16
10-16 01:51:29.379 12113 12187 I RVM2    : applyMeta
10-16 01:51:29.382 12113 12113 D SurfaceView@476b54d: updateSurface: has no frame
10-16 01:51:29.398 12113 12113 D SurfaceView@476b54d: updateSurface: has no frame
10-16 01:51:29.415 12113 12113 D SurfaceView@476b54d: updateSurface: has no frame
10-16 01:51:29.432 12113 12113 D SurfaceView@476b54d: updateSurface: has no frame
10-16 01:51:29.450 12113 12113 D SurfaceView@476b54d: updateSurface: has no frame
10-16 01:51:29.465 12113 12113 D SurfaceView@476b54d: updateSurface: has no frame
10-16 01:51:29.482 12113 12113 D SurfaceView@476b54d: updateSurface: has no frame
10-16 01:51:29.498 12113 12113 D SurfaceView@476b54d: updateSurface: has no frame
10-16 01:51:29.515 12113 12113 D SurfaceView@476b54d: updateSurface: has no frame
10-16 01:51:29.531 12113 12113 D SurfaceView@476b54d: updateSurface: has no frame
10-16 01:51:29.548 12113 12113 D SurfaceView@476b54d: updateSurface: has no frame
10-16 01:51:29.565 12113 12113 D SurfaceView@476b54d: updateSurface: has no frame
10-16 01:51:29.581 12113 12113 D SurfaceView@476b54d: updateSurface: has no frame
10-16 01:51:29.598 12113 12113 D SurfaceView@476b54d: updateSurface: has no frame
10-16 01:51:29.615 12113 12113 D SurfaceView@476b54d: updateSurface: has no frame
10-16 01:51:29.632 12113 12113 D SurfaceView@476b54d: updateSurface: has no frame
10-16 01:51:29.648 12113 12113 D SurfaceView@476b54d: updateSurface: has no frame
10-16 01:51:29.665 12113 12113 D SurfaceView@476b54d: updateSurface: has no frame
10-16 01:51:29.681 12113 12113 D SurfaceView@476b54d: updateSurface: has no frame
10-16 01:51:29.698 12113 12113 D SurfaceView@476b54d: updateSurface: has no frame
10-16 01:51:29.710 12113 12113 W PanelsChildGestureRegionObserver: failed to register view with ID 2131362800. already registered
10-16 01:51:29.714 12113 12113 E CoilImgLoader: Error loading image: coil3.request.NullRequestDataException: The request's data is null.
10-16 01:51:29.719 12113 12113 E CoilImgLoader: Error loading image: coil3.request.NullRequestDataException: The request's data is null.
10-16 01:51:29.769 12113 12183 I SYNCVM  : addFromUrl = https://asia2tv.com/serie/loves-ambition-%d8%b7%d9%85%d9%88%d8%ad-%d8%a7%d9%84%d8%ad%d8%a8
10-16 01:51:29.770 12113 12183 I SYNCUTIL: getIdsFromUrl https://asia2tv.com/serie/loves-ambition-%d8%b7%d9%85%d9%88%d8%ad-%d8%a7%d9%84%d8%ad%d8%a8
10-16 01:51:29.992 12113 12113 D SurfaceView@476b54d: updateSurface: has no frame
10-16 01:51:29.998 12113 12113 I SurfaceView@476b54d: Changes: creating=true format=true size=true visible=true alpha=false hint=false mUseAlpha=false visible=true left=true top=true
10-16 01:51:30.001 12113 12113 I BLASTBufferQueue: update, w= 1080 h= 525 mName = null mNativeObject= 0x7b5c186400 sc.mNativeObject= 0x7b084936c0 format= 4 caller= android.view.SurfaceView.createBlastSurfaceControls:1383 android.view.SurfaceView.updateSurface:1079 android.view.SurfaceView.lambda$new$0$android-view-SurfaceView:200 android.view.SurfaceView$$ExternalSyntheticLambda5.onPreDraw:2 android.view.ViewTreeObserver.dispatchOnPreDraw:1121 android.view.ViewRootImpl.performTraversals:4442 
10-16 01:51:30.001 12113 12113 I SurfaceView@476b54d: 74888525 Cur surface: Surface(name=null)/@0x43a4e65
10-16 01:51:30.002 12113 12113 I SurfaceView@476b54d: pST: sr = Rect(0, 218 - 1080, 743) sw = 1080 sh = 525
10-16 01:51:30.002 12113 12113 D SurfaceView@476b54d: performSurfaceTransaction RenderWorker position = [0, 218, 1080, 743] surfaceSize = 1080x525
10-16 01:51:30.002 12113 12113 I SurfaceView@476b54d: applyTransactionOnVriDraw: vri = ViewRootImpl@97403c7[MainActivity] fRS = false t = 0x7b329eff00 android.view.SurfaceView.performSurfaceTransaction:959 android.view.SurfaceView.updateSurface:1105 android.view.SurfaceView.lambda$new$0$android-view-SurfaceView:200 
10-16 01:51:30.002 12113 12113 I ViewRootImpl@97403c7[MainActivity]: applyTransactionOnDraw: mRemoved = false isHardwareEnabled = true t = 0x7b329eff00android.view.SurfaceView.applyTransactionOnVriDraw:2048 android.view.SurfaceView.performSurfaceTransaction:959 android.view.SurfaceView.updateSurface:1105 android.view.SurfaceView.lambda$new$0$android-view-SurfaceView:200 android.view.SurfaceView$$ExternalSyntheticLambda5.onPreDraw:2 
10-16 01:51:30.002 12113 12113 I SurfaceView@476b54d: updateSurface: mVisible = true mSurface.isValid() = true
10-16 01:51:30.002 12113 12113 I SurfaceView@476b54d: updateSurface: mSurfaceCreated = false surfaceChanged = true visibleChanged = true
10-16 01:51:30.002 12113 12113 I SurfaceView@476b54d: visibleChanged -- surfaceCreated
10-16 01:51:30.002 12113 12113 I SurfaceView@476b54d: surfaceCreated 0 #8 android.view.SurfaceView{476b54d V.E..V... ......ID 0,0-1080,525}
10-16 01:51:30.002 12113 12113 I SurfaceView@476b54d: surfaceChanged -- format=4 w=1080 h=525
10-16 01:51:30.002 12113 12113 I SurfaceView@476b54d: surfaceChanged (1080,525) 0 #8 android.view.SurfaceView{476b54d V.E..V... ......ID 0,0-1080,525}
10-16 01:51:30.002 12113 12113 I SurfaceView@476b54d: surfaceRedrawNeeded
10-16 01:51:30.003 12113 12113 V SurfaceView@476b54d: Layout: x=0 y=218 w=1080 h=525, frame=Rect(0, 0 - 1080, 525)
10-16 01:51:30.023 12113 12212 D SurfaceView@476b54d: updateSurfacePosition RenderWorker, frameNr = 669, position = [0, 218, 1080, 743] surfaceSize = 1080x525
10-16 01:51:30.024 12113 12212 I SurfaceView@476b54d: uSP: rtp = Rect(0, 218 - 1080, 743) rtsw = 1080 rtsh = 525
10-16 01:51:30.024 12113 12212 I SurfaceView@476b54d: onSSPAndSRT: pl = 0 pt = 218 sx = 1.0 sy = 1.0
10-16 01:51:30.025 12113 12212 I SurfaceView@476b54d: aOrMT: ViewRootImpl@97403c7[MainActivity] t = android.view.SurfaceControl$Transaction@a20ad06 fN = 669 android.view.SurfaceView.-$$Nest$mapplyOrMergeTransaction:0 android.view.SurfaceView$SurfaceViewPositionUpdateListener.positionChanged:1537 android.graphics.RenderNode$CompositePositionUpdateListener.positionChanged:373 
10-16 01:51:30.025 12113 12212 I ViewRootImpl@97403c7[MainActivity]: mWNT: t=0x7b32a46000 mBlastBufferQueue=0x7b5c186700 fn= 669 caller= android.view.SurfaceView.applyOrMergeTransaction:1455 android.view.SurfaceView.-$$Nest$mapplyOrMergeTransaction:0 android.view.SurfaceView$SurfaceViewPositionUpdateListener.positionChanged:1537 
10-16 01:51:30.025 12113 12212 I ViewRootImpl@97403c7[MainActivity]: mWNT: t=0x7b329eff00 mBlastBufferQueue=0x7b5c186700 fn= 669 caller= android.view.ViewRootImpl.lambda$applyTransactionOnDraw$11$android-view-ViewRootImpl:12865 android.view.ViewRootImpl$$ExternalSyntheticLambda1.onFrameDraw:4 android.graphics.HardwareRenderer$FrameDrawingCallback.onFrameDraw:924 
10-16 01:51:30.095 12113 12113 I SurfaceView@476b54d: finishedDrawing
10-16 01:51:31.193 12113 12113 I ViewRootImpl@97403c7[MainActivity]: ViewPostIme pointer 0
10-16 01:51:31.260 12113 12113 I SurfaceView@476b54d: Changes: creating=false format=false size=false visible=false alpha=false hint=false mUseAlpha=false visible=false left=false top=true
10-16 01:51:31.260 12113 12113 I SurfaceView@476b54d: 74888525 Cur surface: Surface(name=null)/@0x43a4e65
10-16 01:51:31.261 12113 12113 I SurfaceView@476b54d: applyTransactionOnVriDraw: vri = ViewRootImpl@97403c7[MainActivity] fRS = false t = 0x7b32a46500 android.view.SurfaceView.performSurfaceTransaction:959 android.view.SurfaceView.updateSurface:1105 android.view.SurfaceView.lambda$new$0$android-view-SurfaceView:200 
10-16 01:51:31.262 12113 12113 I ViewRootImpl@97403c7[MainActivity]: applyTransactionOnDraw: mRemoved = false isHardwareEnabled = true t = 0x7b32a46500android.view.SurfaceView.applyTransactionOnVriDraw:2048 android.view.SurfaceView.performSurfaceTransaction:959 android.view.SurfaceView.updateSurface:1105 android.view.SurfaceView.lambda$new$0$android-view-SurfaceView:200 android.view.SurfaceView$$ExternalSyntheticLambda5.onPreDraw:2 
10-16 01:51:31.262 12113 12113 I SurfaceView@476b54d: updateSurface: mVisible = true mSurface.isValid() = true
10-16 01:51:31.262 12113 12113 I SurfaceView@476b54d: updateSurface: mSurfaceCreated = true surfaceChanged = false visibleChanged = false
10-16 01:51:31.262 12113 12113 V SurfaceView@476b54d: Layout: x=0 y=124 w=1080 h=525, frame=Rect(0, 0 - 1080, 525)
10-16 01:51:31.266 12113 12213 D SurfaceView@476b54d: updateSurfacePosition RenderWorker, frameNr = 703, position = [0, 124, 1080, 649] surfaceSize = 1080x525
10-16 01:51:31.267 12113 12213 I SurfaceView@476b54d: uSP: rtp = Rect(0, 124 - 1080, 649) rtsw = 1080 rtsh = 525
10-16 01:51:31.267 12113 12213 I SurfaceView@476b54d: onSSPAndSRT: pl = 0 pt = 124 sx = 1.0 sy = 1.0
10-16 01:51:31.267 12113 12213 I SurfaceView@476b54d: aOrMT: ViewRootImpl@97403c7[MainActivity] t = android.view.SurfaceControl$Transaction@a20ad06 fN = 703 android.view.SurfaceView.-$$Nest$mapplyOrMergeTransaction:0 android.view.SurfaceView$SurfaceViewPositionUpdateListener.positionChanged:1537 android.graphics.RenderNode$CompositePositionUpdateListener.positionChanged:373 
10-16 01:51:31.268 12113 12213 I ViewRootImpl@97403c7[MainActivity]: mWNT: t=0x7b32a46000 mBlastBufferQueue=0x7b5c186700 fn= 703 caller= android.view.SurfaceView.applyOrMergeTransaction:1455 android.view.SurfaceView.-$$Nest$mapplyOrMergeTransaction:0 android.view.SurfaceView$SurfaceViewPositionUpdateListener.positionChanged:1537 
10-16 01:51:31.268 12113 12213 I ViewRootImpl@97403c7[MainActivity]: mWNT: t=0x7b32a46500 mBlastBufferQueue=0x7b5c186700 fn= 703 caller= android.view.ViewRootImpl.lambda$applyTransactionOnDraw$11$android-view-ViewRootImpl:12865 android.view.ViewRootImpl$$ExternalSyntheticLambda1.onFrameDraw:4 android.graphics.HardwareRenderer$FrameDrawingCallback.onFrameDraw:924 
10-16 01:51:31.276 12113 12113 I SurfaceView@476b54d: Changes: creating=false format=false size=false visible=false alpha=false hint=false mUseAlpha=false visible=false left=false top=true
10-16 01:51:31.277 12113 12113 I SurfaceView@476b54d: 74888525 Cur surface: Surface(name=null)/@0x43a4e65
10-16 01:51:31.277 12113 12113 I SurfaceView@476b54d: applyTransactionOnVriDraw: vri = ViewRootImpl@97403c7[MainActivity] fRS = false t = 0x7b32a46600 android.view.SurfaceView.performSurfaceTransaction:959 android.view.SurfaceView.updateSurface:1105 android.view.SurfaceView.lambda$new$0$android-view-SurfaceView:200 
10-16 01:51:31.278 12113 12113 I ViewRootImpl@97403c7[MainActivity]: applyTransactionOnDraw: mRemoved = false isHardwareEnabled = true t = 0x7b32a46600android.view.SurfaceView.applyTransactionOnVriDraw:2048 android.view.SurfaceView.performSurfaceTransaction:959 android.view.SurfaceView.updateSurface:1105 android.view.SurfaceView.lambda$new$0$android-view-SurfaceView:200 android.view.SurfaceView$$ExternalSyntheticLambda5.onPreDraw:2 
10-16 01:51:31.278 12113 12113 I SurfaceView@476b54d: updateSurface: mVisible = true mSurface.isValid() = true
10-16 01:51:31.278 12113 12113 I SurfaceView@476b54d: updateSurface: mSurfaceCreated = true surfaceChanged = false visibleChanged = false
10-16 01:51:31.278 12113 12113 V SurfaceView@476b54d: Layout: x=0 y=21 w=1080 h=525, frame=Rect(0, 0 - 1080, 525)
10-16 01:51:31.292 12113 12212 D SurfaceView@476b54d: updateSurfacePosition RenderWorker, frameNr = 704, position = [0, 21, 1080, 546] surfaceSize = 1080x525
10-16 01:51:31.292 12113 12212 I SurfaceView@476b54d: uSP: rtp = Rect(0, 21 - 1080, 546) rtsw = 1080 rtsh = 525
10-16 01:51:31.292 12113 12212 I SurfaceView@476b54d: onSSPAndSRT: pl = 0 pt = 21 sx = 1.0 sy = 1.0
10-16 01:51:31.293 12113 12212 I SurfaceView@476b54d: aOrMT: ViewRootImpl@97403c7[MainActivity] t = android.view.SurfaceControl$Transaction@a20ad06 fN = 704 android.view.SurfaceView.-$$Nest$mapplyOrMergeTransaction:0 android.view.SurfaceView$SurfaceViewPositionUpdateListener.positionChanged:1537 android.graphics.RenderNode$CompositePositionUpdateListener.positionChanged:373 
10-16 01:51:31.293 12113 12212 I ViewRootImpl@97403c7[MainActivity]: mWNT: t=0x7b32a46000 mBlastBufferQueue=0x7b5c186700 fn= 704 caller= android.view.SurfaceView.applyOrMergeTransaction:1455 android.view.SurfaceView.-$$Nest$mapplyOrMergeTransaction:0 android.view.SurfaceView$SurfaceViewPositionUpdateListener.positionChanged:1537 
10-16 01:51:31.293 12113 12113 I ViewRootImpl@97403c7[MainActivity]: ViewPostIme pointer 1
10-16 01:51:31.293 12113 12212 I ViewRootImpl@97403c7[MainActivity]: mWNT: t=0x7b32a46600 mBlastBufferQueue=0x7b5c186700 fn= 704 caller= android.view.ViewRootImpl.lambda$applyTransactionOnDraw$11$android-view-ViewRootImpl:12865 android.view.ViewRootImpl$$ExternalSyntheticLambda1.onFrameDraw:4 android.graphics.HardwareRenderer$FrameDrawingCallback.onFrameDraw:924 
10-16 01:51:31.308 12113 12113 I SurfaceView@476b54d: Changes: creating=false format=false size=false visible=false alpha=false hint=false mUseAlpha=false visible=false left=false top=true
10-16 01:51:31.308 12113 12113 I SurfaceView@476b54d: 74888525 Cur surface: Surface(name=null)/@0x43a4e65
10-16 01:51:31.309 12113 12113 I SurfaceView@476b54d: applyTransactionOnVriDraw: vri = ViewRootImpl@97403c7[MainActivity] fRS = false t = 0x7b32a46800 android.view.SurfaceView.performSurfaceTransaction:959 android.view.SurfaceView.updateSurface:1105 android.view.SurfaceView.lambda$new$0$android-view-SurfaceView:200 
10-16 01:51:31.309 12113 12113 I ViewRootImpl@97403c7[MainActivity]: applyTransactionOnDraw: mRemoved = false isHardwareEnabled = true t = 0x7b32a46800android.view.SurfaceView.applyTransactionOnVriDraw:2048 android.view.SurfaceView.performSurfaceTransaction:959 android.view.SurfaceView.updateSurface:1105 android.view.SurfaceView.lambda$new$0$android-view-SurfaceView:200 android.view.SurfaceView$$ExternalSyntheticLambda5.onPreDraw:2 
10-16 01:51:31.309 12113 12113 I SurfaceView@476b54d: updateSurface: mVisible = true mSurface.isValid() = true
10-16 01:51:31.309 12113 12113 I SurfaceView@476b54d: updateSurface: mSurfaceCreated = true surfaceChanged = false visibleChanged = false
10-16 01:51:31.309 12113 12113 V SurfaceView@476b54d: Layout: x=0 y=14 w=1080 h=525, frame=Rect(0, 0 - 1080, 525)
10-16 01:51:31.317 12113 12213 I ViewRootImpl@97403c7[MainActivity]: mWNT: t=0x7b32a46800 mBlastBufferQueue=0x7b5c186700 fn= 706 caller= android.view.ViewRootImpl.lambda$applyTransactionOnDraw$11$android-view-ViewRootImpl:12865 android.view.ViewRootImpl$$ExternalSyntheticLambda1.onFrameDraw:4 android.graphics.HardwareRenderer$FrameDrawingCallback.onFrameDraw:924 
10-16 01:51:31.322 12113 12113 I SurfaceView@476b54d: Changes: creating=false format=false size=false visible=false alpha=false hint=false mUseAlpha=false visible=false left=false top=true
10-16 01:51:31.322 12113 12113 I SurfaceView@476b54d: 74888525 Cur surface: Surface(name=null)/@0x43a4e65
10-16 01:51:31.322 12113 12113 I SurfaceView@476b54d: applyTransactionOnVriDraw: vri = ViewRootImpl@97403c7[MainActivity] fRS = false t = 0x7b32a46b00 android.view.SurfaceView.performSurfaceTransaction:959 android.view.SurfaceView.updateSurface:1105 android.view.SurfaceView.lambda$new$0$android-view-SurfaceView:200 
10-16 01:51:31.322 12113 12113 I ViewRootImpl@97403c7[MainActivity]: applyTransactionOnDraw: mRemoved = false isHardwareEnabled = true t = 0x7b32a46b00android.view.SurfaceView.applyTransactionOnVriDraw:2048 android.view.SurfaceView.performSurfaceTransaction:959 android.view.SurfaceView.updateSurface:1105 android.view.SurfaceView.lambda$new$0$android-view-SurfaceView:200 android.view.SurfaceView$$ExternalSyntheticLambda5.onPreDraw:2 
10-16 01:51:31.323 12113 12113 I SurfaceView@476b54d: updateSurface: mVisible = true mSurface.isValid() = true
10-16 01:51:31.323 12113 12113 I SurfaceView@476b54d: updateSurface: mSurfaceCreated = true surfaceChanged = false visibleChanged = false
10-16 01:51:31.323 12113 12113 V SurfaceView@476b54d: Layout: x=0 y=-53 w=1080 h=525, frame=Rect(0, 0 - 1080, 525)
10-16 01:51:31.329 12113 12212 D SurfaceView@476b54d: updateSurfacePosition RenderWorker, frameNr = 707, position = [0, -53, 1080, 472] surfaceSize = 1080x525
10-16 01:51:31.329 12113 12212 I SurfaceView@476b54d: uSP: rtp = Rect(0, -53 - 1080, 472) rtsw = 1080 rtsh = 525
10-16 01:51:31.329 12113 12212 I SurfaceView@476b54d: onSSPAndSRT: pl = 0 pt = -53 sx = 1.0 sy = 1.0
10-16 01:51:31.330 12113 12212 I SurfaceView@476b54d: aOrMT: ViewRootImpl@97403c7[MainActivity] t = android.view.SurfaceControl$Transaction@a20ad06 fN = 707 android.view.SurfaceView.-$$Nest$mapplyOrMergeTransaction:0 android.view.SurfaceView$SurfaceViewPositionUpdateListener.positionChanged:1537 android.graphics.RenderNode$CompositePositionUpdateListener.positionChanged:373 
10-16 01:51:31.330 12113 12212 I ViewRootImpl@97403c7[MainActivity]: mWNT: t=0x7b32a46000 mBlastBufferQueue=0x7b5c186700 fn= 707 caller= android.view.SurfaceView.applyOrMergeTransaction:1455 android.view.SurfaceView.-$$Nest$mapplyOrMergeTransaction:0 android.view.SurfaceView$SurfaceViewPositionUpdateListener.positionChanged:1537 
