10-16 01:00:23.781   572   572 I SurfaceView@42898ba: applyTransactionOnVriDraw: vri = ViewRootImpl@48d3b3a[MainActivity] fRS = false t = 0x7aeb907c00 android.view.SurfaceView.performSurfaceTransaction:959 android.view.SurfaceView.updateSurface:1105 android.view.SurfaceView.lambda$new$0$android-view-SurfaceView:200 
10-16 01:00:23.781   572   572 I ViewRootImpl@48d3b3a[MainActivity]: applyTransactionOnDraw: mRemoved = false isHardwareEnabled = true t = 0x7aeb907c00android.view.SurfaceView.applyTransactionOnVriDraw:2048 android.view.SurfaceView.performSurfaceTransaction:959 android.view.SurfaceView.updateSurface:1105 android.view.SurfaceView.lambda$new$0$android-view-SurfaceView:200 android.view.SurfaceView$$ExternalSyntheticLambda5.onPreDraw:2 
10-16 01:00:23.781   572   572 I SurfaceView@42898ba: updateSurface: mVisible = true mSurface.isValid() = true
10-16 01:00:23.781   572   572 I SurfaceView@42898ba: updateSurface: mSurfaceCreated = true surfaceChanged = false visibleChanged = false
10-16 01:00:23.781   572   572 V SurfaceView@42898ba: Layout: x=0 y=-349 w=1080 h=525, frame=Rect(0, 0 - 1080, 525)
10-16 01:00:23.792   572   647 D SurfaceView@42898ba: updateSurfacePosition RenderWorker, frameNr = 693, position = [0, -349, 1080, 176] surfaceSize = 1080x525
10-16 01:00:23.792   572   647 I SurfaceView@42898ba: uSP: rtp = Rect(0, -349 - 1080, 176) rtsw = 1080 rtsh = 525
10-16 01:00:23.792   572   647 I SurfaceView@42898ba: onSSPAndSRT: pl = 0 pt = -349 sx = 1.0 sy = 1.0
10-16 01:00:23.793   572   647 I SurfaceView@42898ba: aOrMT: ViewRootImpl@48d3b3a[MainActivity] t = android.view.SurfaceControl$Transaction@1c342f2 fN = 693 android.view.SurfaceView.-$$Nest$mapplyOrMergeTransaction:0 android.view.SurfaceView$SurfaceViewPositionUpdateListener.positionChanged:1537 android.graphics.RenderNode$CompositePositionUpdateListener.positionChanged:373 
10-16 01:00:23.793   572   647 I ViewRootImpl@48d3b3a[MainActivity]: mWNT: t=0x7b14b00a00 mBlastBufferQueue=0x7b5c2d1100 fn= 693 caller= android.view.SurfaceView.applyOrMergeTransaction:1455 android.view.SurfaceView.-$$Nest$mapplyOrMergeTransaction:0 android.view.SurfaceView$SurfaceViewPositionUpdateListener.positionChanged:1537 
10-16 01:00:23.794   572   647 I ViewRootImpl@48d3b3a[MainActivity]: mWNT: t=0x7aeb907c00 mBlastBufferQueue=0x7b5c2d1100 fn= 693 caller= android.view.ViewRootImpl.lambda$applyTransactionOnDraw$11$android-view-ViewRootImpl:12865 android.view.ViewRootImpl$$ExternalSyntheticLambda1.onFrameDraw:4 android.graphics.HardwareRenderer$FrameDrawingCallback.onFrameDraw:924 
10-16 01:00:23.795   572   572 I SurfaceView@42898ba: Changes: creating=false format=false size=false visible=false alpha=false hint=false mUseAlpha=false visible=false left=false top=true
10-16 01:00:23.795   572   572 I SurfaceView@42898ba: 69769402 Cur surface: Surface(name=null)/@0xcc36ec1
10-16 01:00:23.796   572   572 I SurfaceView@42898ba: applyTransactionOnVriDraw: vri = ViewRootImpl@48d3b3a[MainActivity] fRS = false t = 0x7aeb907d00 android.view.SurfaceView.performSurfaceTransaction:959 android.view.SurfaceView.updateSurface:1105 android.view.SurfaceView.lambda$new$0$android-view-SurfaceView:200 
10-16 01:00:23.796   572   572 I ViewRootImpl@48d3b3a[MainActivity]: applyTransactionOnDraw: mRemoved = false isHardwareEnabled = true t = 0x7aeb907d00android.view.SurfaceView.applyTransactionOnVriDraw:2048 android.view.SurfaceView.performSurfaceTransaction:959 android.view.SurfaceView.updateSurface:1105 android.view.SurfaceView.lambda$new$0$android-view-SurfaceView:200 android.view.SurfaceView$$ExternalSyntheticLambda5.onPreDraw:2 
10-16 01:00:23.796   572   572 I SurfaceView@42898ba: updateSurface: mVisible = true mSurface.isValid() = true
10-16 01:00:23.796   572   572 I SurfaceView@42898ba: updateSurface: mSurfaceCreated = true surfaceChanged = false visibleChanged = false
10-16 01:00:23.796   572   572 V SurfaceView@42898ba: Layout: x=0 y=-461 w=1080 h=525, frame=Rect(0, 0 - 1080, 525)
10-16 01:00:23.802   572   648 D SurfaceView@42898ba: updateSurfacePosition RenderWorker, frameNr = 694, position = [0, -461, 1080, 64] surfaceSize = 1080x525
10-16 01:00:23.802   572   648 I SurfaceView@42898ba: uSP: rtp = Rect(0, -461 - 1080, 64) rtsw = 1080 rtsh = 525
10-16 01:00:23.802   572   648 I SurfaceView@42898ba: onSSPAndSRT: pl = 0 pt = -461 sx = 1.0 sy = 1.0
10-16 01:00:23.802   572   648 I SurfaceView@42898ba: aOrMT: ViewRootImpl@48d3b3a[MainActivity] t = android.view.SurfaceControl$Transaction@1c342f2 fN = 694 android.view.SurfaceView.-$$Nest$mapplyOrMergeTransaction:0 android.view.SurfaceView$SurfaceViewPositionUpdateListener.positionChanged:1537 android.graphics.RenderNode$CompositePositionUpdateListener.positionChanged:373 
10-16 01:00:23.802   572   648 I ViewRootImpl@48d3b3a[MainActivity]: mWNT: t=0x7b14b00a00 mBlastBufferQueue=0x7b5c2d1100 fn= 694 caller= android.view.SurfaceView.applyOrMergeTransaction:1455 android.view.SurfaceView.-$$Nest$mapplyOrMergeTransaction:0 android.view.SurfaceView$SurfaceViewPositionUpdateListener.positionChanged:1537 
10-16 01:00:23.803   572   648 I ViewRootImpl@48d3b3a[MainActivity]: mWNT: t=0x7aeb907d00 mBlastBufferQueue=0x7b5c2d1100 fn= 694 caller= android.view.ViewRootImpl.lambda$applyTransactionOnDraw$11$android-view-ViewRootImpl:12865 android.view.ViewRootImpl$$ExternalSyntheticLambda1.onFrameDraw:4 android.graphics.HardwareRenderer$FrameDrawingCallback.onFrameDraw:924 
10-16 01:00:23.812   572   572 I SurfaceView@42898ba: Changes: creating=false format=false size=false visible=false alpha=false hint=false mUseAlpha=false visible=false left=false top=true
10-16 01:00:23.812   572   572 I SurfaceView@42898ba: 69769402 Cur surface: Surface(name=null)/@0xcc36ec1
10-16 01:00:23.812   572   572 I SurfaceView@42898ba: applyTransactionOnVriDraw: vri = ViewRootImpl@48d3b3a[MainActivity] fRS = false t = 0x7aeb907e00 android.view.SurfaceView.performSurfaceTransaction:959 android.view.SurfaceView.updateSurface:1105 android.view.SurfaceView.lambda$new$0$android-view-SurfaceView:200 
10-16 01:00:23.812   572   572 I ViewRootImpl@48d3b3a[MainActivity]: applyTransactionOnDraw: mRemoved = false isHardwareEnabled = true t = 0x7aeb907e00android.view.SurfaceView.applyTransactionOnVriDraw:2048 android.view.SurfaceView.performSurfaceTransaction:959 android.view.SurfaceView.updateSurface:1105 android.view.SurfaceView.lambda$new$0$android-view-SurfaceView:200 android.view.SurfaceView$$ExternalSyntheticLambda5.onPreDraw:2 
10-16 01:00:23.812   572   572 I SurfaceView@42898ba: updateSurface: mVisible = true mSurface.isValid() = true
10-16 01:00:23.812   572   572 I SurfaceView@42898ba: updateSurface: mSurfaceCreated = true surfaceChanged = false visibleChanged = false
10-16 01:00:23.812   572   572 V SurfaceView@42898ba: Layout: x=0 y=-580 w=1080 h=525, frame=Rect(0, 0 - 1080, 525)
10-16 01:00:23.820   572   647 D SurfaceView@42898ba: updateSurfacePosition RenderWorker, frameNr = 695, position = [0, -580, 1080, -55] surfaceSize = 1080x525
10-16 01:00:23.820   572   647 I SurfaceView@42898ba: uSP: rtp = Rect(0, -580 - 1080, -55) rtsw = 1080 rtsh = 525
10-16 01:00:23.820   572   647 I SurfaceView@42898ba: onSSPAndSRT: pl = 0 pt = -580 sx = 1.0 sy = 1.0
10-16 01:00:23.821   572   647 I SurfaceView@42898ba: aOrMT: ViewRootImpl@48d3b3a[MainActivity] t = android.view.SurfaceControl$Transaction@1c342f2 fN = 695 android.view.SurfaceView.-$$Nest$mapplyOrMergeTransaction:0 android.view.SurfaceView$SurfaceViewPositionUpdateListener.positionChanged:1537 android.graphics.RenderNode$CompositePositionUpdateListener.positionChanged:373 
10-16 01:00:23.821   572   647 I ViewRootImpl@48d3b3a[MainActivity]: mWNT: t=0x7b14b00a00 mBlastBufferQueue=0x7b5c2d1100 fn= 695 caller= android.view.SurfaceView.applyOrMergeTransaction:1455 android.view.SurfaceView.-$$Nest$mapplyOrMergeTransaction:0 android.view.SurfaceView$SurfaceViewPositionUpdateListener.positionChanged:1537 
10-16 01:00:23.821   572   647 I ViewRootImpl@48d3b3a[MainActivity]: mWNT: t=0x7aeb907e00 mBlastBufferQueue=0x7b5c2d1100 fn= 695 caller= android.view.ViewRootImpl.lambda$applyTransactionOnDraw$11$android-view-ViewRootImpl:12865 android.view.ViewRootImpl$$ExternalSyntheticLambda1.onFrameDraw:4 android.graphics.HardwareRenderer$FrameDrawingCallback.onFrameDraw:924 
10-16 01:00:23.828   572   572 I SurfaceView@42898ba: Changes: creating=false format=false size=false visible=false alpha=false hint=false mUseAlpha=false visible=false left=false top=true
10-16 01:00:23.828   572   572 I SurfaceView@42898ba: 69769402 Cur surface: Surface(name=null)/@0xcc36ec1
10-16 01:00:23.828   572   572 I SurfaceView@42898ba: applyTransactionOnVriDraw: vri = ViewRootImpl@48d3b3a[MainActivity] fRS = false t = 0x7aeb907f00 android.view.SurfaceView.performSurfaceTransaction:959 android.view.SurfaceView.updateSurface:1105 android.view.SurfaceView.lambda$new$0$android-view-SurfaceView:200 
10-16 01:00:23.829   572   572 I ViewRootImpl@48d3b3a[MainActivity]: applyTransactionOnDraw: mRemoved = false isHardwareEnabled = true t = 0x7aeb907f00android.view.SurfaceView.applyTransactionOnVriDraw:2048 android.view.SurfaceView.performSurfaceTransaction:959 android.view.SurfaceView.updateSurface:1105 android.view.SurfaceView.lambda$new$0$android-view-SurfaceView:200 android.view.SurfaceView$$ExternalSyntheticLambda5.onPreDraw:2 
10-16 01:00:23.829   572   572 I SurfaceView@42898ba: updateSurface: mVisible = true mSurface.isValid() = true
10-16 01:00:23.829   572   572 I SurfaceView@42898ba: updateSurface: mSurfaceCreated = true surfaceChanged = false visibleChanged = false
10-16 01:00:23.829   572   572 V SurfaceView@42898ba: Layout: x=0 y=-704 w=1080 h=525, frame=Rect(0, 0 - 1080, 525)
10-16 01:00:23.837   572   648 D SurfaceView@42898ba: updateSurfacePosition RenderWorker, frameNr = 696, position = [0, -704, 1080, -179] surfaceSize = 1080x525
10-16 01:00:23.837   572   648 I SurfaceView@42898ba: uSP: rtp = Rect(0, -704 - 1080, -179) rtsw = 1080 rtsh = 525
10-16 01:00:23.837   572   648 I SurfaceView@42898ba: onSSPAndSRT: pl = 0 pt = -704 sx = 1.0 sy = 1.0
10-16 01:00:23.837   572   648 I SurfaceView@42898ba: aOrMT: ViewRootImpl@48d3b3a[MainActivity] t = android.view.SurfaceControl$Transaction@1c342f2 fN = 696 android.view.SurfaceView.-$$Nest$mapplyOrMergeTransaction:0 android.view.SurfaceView$SurfaceViewPositionUpdateListener.positionChanged:1537 android.graphics.RenderNode$CompositePositionUpdateListener.positionChanged:373 
10-16 01:00:23.838   572   648 I ViewRootImpl@48d3b3a[MainActivity]: mWNT: t=0x7b14b00a00 mBlastBufferQueue=0x7b5c2d1100 fn= 696 caller= android.view.SurfaceView.applyOrMergeTransaction:1455 android.view.SurfaceView.-$$Nest$mapplyOrMergeTransaction:0 android.view.SurfaceView$SurfaceViewPositionUpdateListener.positionChanged:1537 
10-16 01:00:23.838   572   648 I ViewRootImpl@48d3b3a[MainActivity]: mWNT: t=0x7aeb907f00 mBlastBufferQueue=0x7b5c2d1100 fn= 696 caller= android.view.ViewRootImpl.lambda$applyTransactionOnDraw$11$android-view-ViewRootImpl:12865 android.view.ViewRootImpl$$ExternalSyntheticLambda1.onFrameDraw:4 android.graphics.HardwareRenderer$FrameDrawingCallback.onFrameDraw:924 
10-16 01:00:23.845   572   572 I SurfaceView@42898ba: Changes: creating=false format=false size=false visible=false alpha=false hint=false mUseAlpha=false visible=false left=false top=true
10-16 01:00:23.845   572   572 I SurfaceView@42898ba: 69769402 Cur surface: Surface(name=null)/@0xcc36ec1
10-16 01:00:23.845   572   572 I SurfaceView@42898ba: applyTransactionOnVriDraw: vri = ViewRootImpl@48d3b3a[MainActivity] fRS = false t = 0x7b5c3ba000 android.view.SurfaceView.performSurfaceTransaction:959 android.view.SurfaceView.updateSurface:1105 android.view.SurfaceView.lambda$new$0$android-view-SurfaceView:200 
10-16 01:00:23.845   572   572 I ViewRootImpl@48d3b3a[MainActivity]: applyTransactionOnDraw: mRemoved = false isHardwareEnabled = true t = 0x7b5c3ba000android.view.SurfaceView.applyTransactionOnVriDraw:2048 android.view.SurfaceView.performSurfaceTransaction:959 android.view.SurfaceView.updateSurface:1105 android.view.SurfaceView.lambda$new$0$android-view-SurfaceView:200 android.view.SurfaceView$$ExternalSyntheticLambda5.onPreDraw:2 
10-16 01:00:23.845   572   572 I SurfaceView@42898ba: updateSurface: mVisible = true mSurface.isValid() = true
10-16 01:00:23.845   572   572 I SurfaceView@42898ba: updateSurface: mSurfaceCreated = true surfaceChanged = false visibleChanged = false
10-16 01:00:23.846   572   572 V SurfaceView@42898ba: Layout: x=0 y=-818 w=1080 h=525, frame=Rect(0, 0 - 1080, 525)
10-16 01:00:23.854   572   647 D SurfaceView@42898ba: updateSurfacePosition RenderWorker, frameNr = 697, position = [0, -818, 1080, -293] surfaceSize = 1080x525
10-16 01:00:23.854   572   647 I SurfaceView@42898ba: uSP: rtp = Rect(0, -818 - 1080, -293) rtsw = 1080 rtsh = 525
10-16 01:00:23.854   572   647 I SurfaceView@42898ba: onSSPAndSRT: pl = 0 pt = -818 sx = 1.0 sy = 1.0
10-16 01:00:23.855   572   647 I SurfaceView@42898ba: aOrMT: ViewRootImpl@48d3b3a[MainActivity] t = android.view.SurfaceControl$Transaction@1c342f2 fN = 697 android.view.SurfaceView.-$$Nest$mapplyOrMergeTransaction:0 android.view.SurfaceView$SurfaceViewPositionUpdateListener.positionChanged:1537 android.graphics.RenderNode$CompositePositionUpdateListener.positionChanged:373 
10-16 01:00:23.855   572   647 I ViewRootImpl@48d3b3a[MainActivity]: mWNT: t=0x7b14b00a00 mBlastBufferQueue=0x7b5c2d1100 fn= 697 caller= android.view.SurfaceView.applyOrMergeTransaction:1455 android.view.SurfaceView.-$$Nest$mapplyOrMergeTransaction:0 android.view.SurfaceView$SurfaceViewPositionUpdateListener.positionChanged:1537 
10-16 01:00:23.855   572   647 I ViewRootImpl@48d3b3a[MainActivity]: mWNT: t=0x7b5c3ba000 mBlastBufferQueue=0x7b5c2d1100 fn= 697 caller= android.view.ViewRootImpl.lambda$applyTransactionOnDraw$11$android-view-ViewRootImpl:12865 android.view.ViewRootImpl$$ExternalSyntheticLambda1.onFrameDraw:4 android.graphics.HardwareRenderer$FrameDrawingCallback.onFrameDraw:924 
10-16 01:00:23.862   572   572 I SurfaceView@42898ba: Changes: creating=false format=false size=false visible=false alpha=false hint=false mUseAlpha=false visible=false left=false top=true
10-16 01:00:23.862   572   572 I SurfaceView@42898ba: 69769402 Cur surface: Surface(name=null)/@0xcc36ec1
10-16 01:00:23.863   572   572 I SurfaceView@42898ba: applyTransactionOnVriDraw: vri = ViewRootImpl@48d3b3a[MainActivity] fRS = false t = 0x7b5c3ba100 android.view.SurfaceView.performSurfaceTransaction:959 android.view.SurfaceView.updateSurface:1105 android.view.SurfaceView.lambda$new$0$android-view-SurfaceView:200 
10-16 01:00:23.863   572   572 I ViewRootImpl@48d3b3a[MainActivity]: applyTransactionOnDraw: mRemoved = false isHardwareEnabled = true t = 0x7b5c3ba100android.view.SurfaceView.applyTransactionOnVriDraw:2048 android.view.SurfaceView.performSurfaceTransaction:959 android.view.SurfaceView.updateSurface:1105 android.view.SurfaceView.lambda$new$0$android-view-SurfaceView:200 android.view.SurfaceView$$ExternalSyntheticLambda5.onPreDraw:2 
10-16 01:00:23.863   572   572 I SurfaceView@42898ba: updateSurface: mVisible = true mSurface.isValid() = true
10-16 01:00:23.863   572   572 I SurfaceView@42898ba: updateSurface: mSurfaceCreated = true surfaceChanged = false visibleChanged = false
10-16 01:00:23.863   572   572 V SurfaceView@42898ba: Layout: x=0 y=-936 w=1080 h=525, frame=Rect(0, 0 - 1080, 525)
10-16 01:00:23.874   572   648 D SurfaceView@42898ba: updateSurfacePosition RenderWorker, frameNr = 698, position = [0, -936, 1080, -411] surfaceSize = 1080x525
10-16 01:00:23.874   572   648 I SurfaceView@42898ba: uSP: rtp = Rect(0, -936 - 1080, -411) rtsw = 1080 rtsh = 525
10-16 01:00:23.874   572   648 I SurfaceView@42898ba: onSSPAndSRT: pl = 0 pt = -936 sx = 1.0 sy = 1.0
10-16 01:00:23.874   572   648 I SurfaceView@42898ba: aOrMT: ViewRootImpl@48d3b3a[MainActivity] t = android.view.SurfaceControl$Transaction@1c342f2 fN = 698 android.view.SurfaceView.-$$Nest$mapplyOrMergeTransaction:0 android.view.SurfaceView$SurfaceViewPositionUpdateListener.positionChanged:1537 android.graphics.RenderNode$CompositePositionUpdateListener.positionChanged:373 
10-16 01:00:23.874   572   648 I ViewRootImpl@48d3b3a[MainActivity]: mWNT: t=0x7b14b00a00 mBlastBufferQueue=0x7b5c2d1100 fn= 698 caller= android.view.SurfaceView.applyOrMergeTransaction:1455 android.view.SurfaceView.-$$Nest$mapplyOrMergeTransaction:0 android.view.SurfaceView$SurfaceViewPositionUpdateListener.positionChanged:1537 
10-16 01:00:23.874   572   648 I ViewRootImpl@48d3b3a[MainActivity]: mWNT: t=0x7b5c3ba100 mBlastBufferQueue=0x7b5c2d1100 fn= 698 caller= android.view.ViewRootImpl.lambda$applyTransactionOnDraw$11$android-view-ViewRootImpl:12865 android.view.ViewRootImpl$$ExternalSyntheticLambda1.onFrameDraw:4 android.graphics.HardwareRenderer$FrameDrawingCallback.onFrameDraw:924 
10-16 01:00:23.879   572   572 I SurfaceView@42898ba: Changes: creating=false format=false size=false visible=false alpha=false hint=false mUseAlpha=false visible=false left=false top=true
10-16 01:00:23.879   572   572 I SurfaceView@42898ba: 69769402 Cur surface: Surface(name=null)/@0xcc36ec1
10-16 01:00:23.879   572   572 I SurfaceView@42898ba: applyTransactionOnVriDraw: vri = ViewRootImpl@48d3b3a[MainActivity] fRS = false t = 0x7b5c3ba200 android.view.SurfaceView.performSurfaceTransaction:959 android.view.SurfaceView.updateSurface:1105 android.view.SurfaceView.lambda$new$0$android-view-SurfaceView:200 
10-16 01:00:23.880   572   572 I ViewRootImpl@48d3b3a[MainActivity]: applyTransactionOnDraw: mRemoved = false isHardwareEnabled = true t = 0x7b5c3ba200android.view.SurfaceView.applyTransactionOnVriDraw:2048 android.view.SurfaceView.performSurfaceTransaction:959 android.view.SurfaceView.updateSurface:1105 android.view.SurfaceView.lambda$new$0$android-view-SurfaceView:200 android.view.SurfaceView$$ExternalSyntheticLambda5.onPreDraw:2 
10-16 01:00:23.880   572   572 I SurfaceView@42898ba: updateSurface: mVisible = true mSurface.isValid() = true
10-16 01:00:23.880   572   572 I SurfaceView@42898ba: updateSurface: mSurfaceCreated = true surfaceChanged = false visibleChanged = false
10-16 01:00:23.880   572   572 V SurfaceView@42898ba: Layout: x=0 y=-1051 w=1080 h=525, frame=Rect(0, 0 - 1080, 525)
10-16 01:00:23.888   572   647 D SurfaceView@42898ba: updateSurfacePosition RenderWorker, frameNr = 699, position = [0, -1051, 1080, -526] surfaceSize = 1080x525
10-16 01:00:23.888   572   647 I SurfaceView@42898ba: uSP: rtp = Rect(0, -1051 - 1080, -526) rtsw = 1080 rtsh = 525
10-16 01:00:23.888   572   647 I SurfaceView@42898ba: onSSPAndSRT: pl = 0 pt = -1051 sx = 1.0 sy = 1.0
10-16 01:00:23.889   572   647 I SurfaceView@42898ba: aOrMT: ViewRootImpl@48d3b3a[MainActivity] t = android.view.SurfaceControl$Transaction@1c342f2 fN = 699 android.view.SurfaceView.-$$Nest$mapplyOrMergeTransaction:0 android.view.SurfaceView$SurfaceViewPositionUpdateListener.positionChanged:1537 android.graphics.RenderNode$CompositePositionUpdateListener.positionChanged:373 
10-16 01:00:23.889   572   647 I ViewRootImpl@48d3b3a[MainActivity]: mWNT: t=0x7b14b00a00 mBlastBufferQueue=0x7b5c2d1100 fn= 699 caller= android.view.SurfaceView.applyOrMergeTransaction:1455 android.view.SurfaceView.-$$Nest$mapplyOrMergeTransaction:0 android.view.SurfaceView$SurfaceViewPositionUpdateListener.positionChanged:1537 
10-16 01:00:23.889   572   647 I ViewRootImpl@48d3b3a[MainActivity]: mWNT: t=0x7b5c3ba200 mBlastBufferQueue=0x7b5c2d1100 fn= 699 caller= android.view.ViewRootImpl.lambda$applyTransactionOnDraw$11$android-view-ViewRootImpl:12865 android.view.ViewRootImpl$$ExternalSyntheticLambda1.onFrameDraw:4 android.graphics.HardwareRenderer$FrameDrawingCallback.onFrameDraw:924 
10-16 01:00:23.894   572   572 I SurfaceView@42898ba: Changes: creating=false format=false size=false visible=false alpha=false hint=false mUseAlpha=false visible=false left=false top=true
10-16 01:00:23.894   572   572 I SurfaceView@42898ba: 69769402 Cur surface: Surface(name=null)/@0xcc36ec1
10-16 01:00:23.895   572   572 I SurfaceView@42898ba: applyTransactionOnVriDraw: vri = ViewRootImpl@48d3b3a[MainActivity] fRS = false t = 0x7b5c3ba300 android.view.SurfaceView.performSurfaceTransaction:959 android.view.SurfaceView.updateSurface:1105 android.view.SurfaceView.lambda$new$0$android-view-SurfaceView:200 
10-16 01:00:23.895   572   572 I ViewRootImpl@48d3b3a[MainActivity]: applyTransactionOnDraw: mRemoved = false isHardwareEnabled = true t = 0x7b5c3ba300android.view.SurfaceView.applyTransactionOnVriDraw:2048 android.view.SurfaceView.performSurfaceTransaction:959 android.view.SurfaceView.updateSurface:1105 android.view.SurfaceView.lambda$new$0$android-view-SurfaceView:200 android.view.SurfaceView$$ExternalSyntheticLambda5.onPreDraw:2 
10-16 01:00:23.895   572   572 I SurfaceView@42898ba: updateSurface: mVisible = true mSurface.isValid() = true
10-16 01:00:23.895   572   572 I SurfaceView@42898ba: updateSurface: mSurfaceCreated = true surfaceChanged = false visibleChanged = false
10-16 01:00:23.895   572   572 V SurfaceView@42898ba: Layout: x=0 y=-1155 w=1080 h=525, frame=Rect(0, 0 - 1080, 525)
10-16 01:00:23.904   572   648 D SurfaceView@42898ba: updateSurfacePosition RenderWorker, frameNr = 700, position = [0, -1155, 1080, -630] surfaceSize = 1080x525
10-16 01:00:23.904   572   648 I SurfaceView@42898ba: uSP: rtp = Rect(0, -1155 - 1080, -630) rtsw = 1080 rtsh = 525
10-16 01:00:23.904   572   648 I SurfaceView@42898ba: onSSPAndSRT: pl = 0 pt = -1155 sx = 1.0 sy = 1.0
10-16 01:00:23.905   572   648 I SurfaceView@42898ba: aOrMT: ViewRootImpl@48d3b3a[MainActivity] t = android.view.SurfaceControl$Transaction@1c342f2 fN = 700 android.view.SurfaceView.-$$Nest$mapplyOrMergeTransaction:0 android.view.SurfaceView$SurfaceViewPositionUpdateListener.positionChanged:1537 android.graphics.RenderNode$CompositePositionUpdateListener.positionChanged:373 
10-16 01:00:23.905   572   648 I ViewRootImpl@48d3b3a[MainActivity]: mWNT: t=0x7b14b00a00 mBlastBufferQueue=0x7b5c2d1100 fn= 700 caller= android.view.SurfaceView.applyOrMergeTransaction:1455 android.view.SurfaceView.-$$Nest$mapplyOrMergeTransaction:0 android.view.SurfaceView$SurfaceViewPositionUpdateListener.positionChanged:1537 
10-16 01:00:23.905   572   648 I ViewRootImpl@48d3b3a[MainActivity]: mWNT: t=0x7b5c3ba300 mBlastBufferQueue=0x7b5c2d1100 fn= 700 caller= android.view.ViewRootImpl.lambda$applyTransactionOnDraw$11$android-view-ViewRootImpl:12865 android.view.ViewRootImpl$$ExternalSyntheticLambda1.onFrameDraw:4 android.graphics.HardwareRenderer$FrameDrawingCallback.onFrameDraw:924 
10-16 01:00:23.911   572   572 I SurfaceView@42898ba: Changes: creating=false format=false size=false visible=false alpha=false hint=false mUseAlpha=false visible=false left=false top=true
10-16 01:00:23.911   572   572 I SurfaceView@42898ba: 69769402 Cur surface: Surface(name=null)/@0xcc36ec1
10-16 01:00:23.912   572   572 I SurfaceView@42898ba: applyTransactionOnVriDraw: vri = ViewRootImpl@48d3b3a[MainActivity] fRS = false t = 0x7b5c3ba400 android.view.SurfaceView.performSurfaceTransaction:959 android.view.SurfaceView.updateSurface:1105 android.view.SurfaceView.lambda$new$0$android-view-SurfaceView:200 
10-16 01:00:23.912   572   572 I ViewRootImpl@48d3b3a[MainActivity]: applyTransactionOnDraw: mRemoved = false isHardwareEnabled = true t = 0x7b5c3ba400android.view.SurfaceView.applyTransactionOnVriDraw:2048 android.view.SurfaceView.performSurfaceTransaction:959 android.view.SurfaceView.updateSurface:1105 android.view.SurfaceView.lambda$new$0$android-view-SurfaceView:200 android.view.SurfaceView$$ExternalSyntheticLambda5.onPreDraw:2 
10-16 01:00:23.912   572   572 I SurfaceView@42898ba: updateSurface: mVisible = true mSurface.isValid() = true
10-16 01:00:23.912   572   572 I SurfaceView@42898ba: updateSurface: mSurfaceCreated = true surfaceChanged = false visibleChanged = false
10-16 01:00:23.912   572   572 V SurfaceView@42898ba: Layout: x=0 y=-1263 w=1080 h=525, frame=Rect(0, 0 - 1080, 525)
10-16 01:00:23.921   572   647 D SurfaceView@42898ba: updateSurfacePosition RenderWorker, frameNr = 701, position = [0, -1263, 1080, -738] surfaceSize = 1080x525
10-16 01:00:23.921   572   647 I SurfaceView@42898ba: uSP: rtp = Rect(0, -1263 - 1080, -738) rtsw = 1080 rtsh = 525
10-16 01:00:23.921   572   647 I SurfaceView@42898ba: onSSPAndSRT: pl = 0 pt = -1263 sx = 1.0 sy = 1.0
10-16 01:00:23.921   572   647 I SurfaceView@42898ba: aOrMT: ViewRootImpl@48d3b3a[MainActivity] t = android.view.SurfaceControl$Transaction@1c342f2 fN = 701 android.view.SurfaceView.-$$Nest$mapplyOrMergeTransaction:0 android.view.SurfaceView$SurfaceViewPositionUpdateListener.positionChanged:1537 android.graphics.RenderNode$CompositePositionUpdateListener.positionChanged:373 
10-16 01:00:23.922   572   647 I ViewRootImpl@48d3b3a[MainActivity]: mWNT: t=0x7b14b00a00 mBlastBufferQueue=0x7b5c2d1100 fn= 701 caller= android.view.SurfaceView.applyOrMergeTransaction:1455 android.view.SurfaceView.-$$Nest$mapplyOrMergeTransaction:0 android.view.SurfaceView$SurfaceViewPositionUpdateListener.positionChanged:1537 
10-16 01:00:23.922   572   647 I ViewRootImpl@48d3b3a[MainActivity]: mWNT: t=0x7b5c3ba400 mBlastBufferQueue=0x7b5c2d1100 fn= 701 caller= android.view.ViewRootImpl.lambda$applyTransactionOnDraw$11$android-view-ViewRootImpl:12865 android.view.ViewRootImpl$$ExternalSyntheticLambda1.onFrameDraw:4 android.graphics.HardwareRenderer$FrameDrawingCallback.onFrameDraw:924 
10-16 01:00:23.928   572   572 I SurfaceView@42898ba: Changes: creating=false format=false size=false visible=false alpha=false hint=false mUseAlpha=false visible=false left=false top=true
10-16 01:00:23.928   572   572 I SurfaceView@42898ba: 69769402 Cur surface: Surface(name=null)/@0xcc36ec1
10-16 01:00:23.928   572   572 I SurfaceView@42898ba: applyTransactionOnVriDraw: vri = ViewRootImpl@48d3b3a[MainActivity] fRS = false t = 0x7b5c3ba500 android.view.SurfaceView.performSurfaceTransaction:959 android.view.SurfaceView.updateSurface:1105 android.view.SurfaceView.lambda$new$0$android-view-SurfaceView:200 
10-16 01:00:23.929   572   572 I ViewRootImpl@48d3b3a[MainActivity]: applyTransactionOnDraw: mRemoved = false isHardwareEnabled = true t = 0x7b5c3ba500android.view.SurfaceView.applyTransactionOnVriDraw:2048 android.view.SurfaceView.performSurfaceTransaction:959 android.view.SurfaceView.updateSurface:1105 android.view.SurfaceView.lambda$new$0$android-view-SurfaceView:200 android.view.SurfaceView$$ExternalSyntheticLambda5.onPreDraw:2 
10-16 01:00:23.929   572   572 I SurfaceView@42898ba: updateSurface: mVisible = true mSurface.isValid() = true
10-16 01:00:23.929   572   572 I SurfaceView@42898ba: updateSurface: mSurfaceCreated = true surfaceChanged = false visibleChanged = false
10-16 01:00:23.929   572   572 V SurfaceView@42898ba: Layout: x=0 y=-1367 w=1080 h=525, frame=Rect(0, 0 - 1080, 525)
10-16 01:00:23.936   572   648 D SurfaceView@42898ba: updateSurfacePosition RenderWorker, frameNr = 702, position = [0, -1367, 1080, -842] surfaceSize = 1080x525
10-16 01:00:23.936   572   648 I SurfaceView@42898ba: uSP: rtp = Rect(0, -1367 - 1080, -842) rtsw = 1080 rtsh = 525
10-16 01:00:23.936   572   648 I SurfaceView@42898ba: onSSPAndSRT: pl = 0 pt = -1367 sx = 1.0 sy = 1.0
10-16 01:00:23.936   572   648 I SurfaceView@42898ba: aOrMT: ViewRootImpl@48d3b3a[MainActivity] t = android.view.SurfaceControl$Transaction@1c342f2 fN = 702 android.view.SurfaceView.-$$Nest$mapplyOrMergeTransaction:0 android.view.SurfaceView$SurfaceViewPositionUpdateListener.positionChanged:1537 android.graphics.RenderNode$CompositePositionUpdateListener.positionChanged:373 
10-16 01:00:23.936   572   648 I ViewRootImpl@48d3b3a[MainActivity]: mWNT: t=0x7b14b00a00 mBlastBufferQueue=0x7b5c2d1100 fn= 702 caller= android.view.SurfaceView.applyOrMergeTransaction:1455 android.view.SurfaceView.-$$Nest$mapplyOrMergeTransaction:0 android.view.SurfaceView$SurfaceViewPositionUpdateListener.positionChanged:1537 
10-16 01:00:23.936   572   648 I ViewRootImpl@48d3b3a[MainActivity]: mWNT: t=0x7b5c3ba500 mBlastBufferQueue=0x7b5c2d1100 fn= 702 caller= android.view.ViewRootImpl.lambda$applyTransactionOnDraw$11$android-view-ViewRootImpl:12865 android.view.ViewRootImpl$$ExternalSyntheticLambda1.onFrameDraw:4 android.graphics.HardwareRenderer$FrameDrawingCallback.onFrameDraw:924 
10-16 01:00:23.945   572   572 I SurfaceView@42898ba: Changes: creating=false format=false size=false visible=false alpha=false hint=false mUseAlpha=false visible=false left=false top=true
10-16 01:00:23.946   572   572 I SurfaceView@42898ba: 69769402 Cur surface: Surface(name=null)/@0xcc36ec1
10-16 01:00:23.946   572   572 I SurfaceView@42898ba: applyTransactionOnVriDraw: vri = ViewRootImpl@48d3b3a[MainActivity] fRS = false t = 0x7b5c3ba600 android.view.SurfaceView.performSurfaceTransaction:959 android.view.SurfaceView.updateSurface:1105 android.view.SurfaceView.lambda$new$0$android-view-SurfaceView:200 
10-16 01:00:23.946   572   572 I ViewRootImpl@48d3b3a[MainActivity]: applyTransactionOnDraw: mRemoved = false isHardwareEnabled = true t = 0x7b5c3ba600android.view.SurfaceView.applyTransactionOnVriDraw:2048 android.view.SurfaceView.performSurfaceTransaction:959 android.view.SurfaceView.updateSurface:1105 android.view.SurfaceView.lambda$new$0$android-view-SurfaceView:200 android.view.SurfaceView$$ExternalSyntheticLambda5.onPreDraw:2 
10-16 01:00:23.947   572   572 I SurfaceView@42898ba: updateSurface: mVisible = true mSurface.isValid() = true
10-16 01:00:23.947   572   572 I SurfaceView@42898ba: updateSurface: mSurfaceCreated = true surfaceChanged = false visibleChanged = false
10-16 01:00:23.947   572   572 V SurfaceView@42898ba: Layout: x=0 y=-1461 w=1080 h=525, frame=Rect(0, 0 - 1080, 525)
10-16 01:00:23.955   572   647 D SurfaceView@42898ba: updateSurfacePosition RenderWorker, frameNr = 703, position = [0, -1461, 1080, -936] surfaceSize = 1080x525
10-16 01:00:23.955   572   647 I SurfaceView@42898ba: uSP: rtp = Rect(0, -1461 - 1080, -936) rtsw = 1080 rtsh = 525
10-16 01:00:23.955   572   647 I SurfaceView@42898ba: onSSPAndSRT: pl = 0 pt = -1461 sx = 1.0 sy = 1.0
10-16 01:00:23.956   572   647 I SurfaceView@42898ba: aOrMT: ViewRootImpl@48d3b3a[MainActivity] t = android.view.SurfaceControl$Transaction@1c342f2 fN = 703 android.view.SurfaceView.-$$Nest$mapplyOrMergeTransaction:0 android.view.SurfaceView$SurfaceViewPositionUpdateListener.positionChanged:1537 android.graphics.RenderNode$CompositePositionUpdateListener.positionChanged:373 
10-16 01:00:23.956   572   647 I ViewRootImpl@48d3b3a[MainActivity]: mWNT: t=0x7b14b00a00 mBlastBufferQueue=0x7b5c2d1100 fn= 703 caller= android.view.SurfaceView.applyOrMergeTransaction:1455 android.view.SurfaceView.-$$Nest$mapplyOrMergeTransaction:0 android.view.SurfaceView$SurfaceViewPositionUpdateListener.positionChanged:1537 
10-16 01:00:23.956   572   647 I ViewRootImpl@48d3b3a[MainActivity]: mWNT: t=0x7b5c3ba600 mBlastBufferQueue=0x7b5c2d1100 fn= 703 caller= android.view.ViewRootImpl.lambda$applyTransactionOnDraw$11$android-view-ViewRootImpl:12865 android.view.ViewRootImpl$$ExternalSyntheticLambda1.onFrameDraw:4 android.graphics.HardwareRenderer$FrameDrawingCallback.onFrameDraw:924 
10-16 01:00:23.962   572   572 I SurfaceView@42898ba: Changes: creating=false format=false size=false visible=false alpha=false hint=false mUseAlpha=false visible=false left=false top=true
10-16 01:00:23.962   572   572 I SurfaceView@42898ba: 69769402 Cur surface: Surface(name=null)/@0xcc36ec1
10-16 01:00:23.963   572   572 I SurfaceView@42898ba: applyTransactionOnVriDraw: vri = ViewRootImpl@48d3b3a[MainActivity] fRS = false t = 0x7b5c3ba700 android.view.SurfaceView.performSurfaceTransaction:959 android.view.SurfaceView.updateSurface:1105 android.view.SurfaceView.lambda$new$0$android-view-SurfaceView:200 
10-16 01:00:23.963   572   572 I ViewRootImpl@48d3b3a[MainActivity]: applyTransactionOnDraw: mRemoved = false isHardwareEnabled = true t = 0x7b5c3ba700android.view.SurfaceView.applyTransactionOnVriDraw:2048 android.view.SurfaceView.performSurfaceTransaction:959 android.view.SurfaceView.updateSurface:1105 android.view.SurfaceView.lambda$new$0$android-view-SurfaceView:200 android.view.SurfaceView$$ExternalSyntheticLambda5.onPreDraw:2 
10-16 01:00:23.963   572   572 I SurfaceView@42898ba: updateSurface: mVisible = true mSurface.isValid() = true
10-16 01:00:23.963   572   572 I SurfaceView@42898ba: updateSurface: mSurfaceCreated = true surfaceChanged = false visibleChanged = false
10-16 01:00:23.963   572   572 V SurfaceView@42898ba: Layout: x=0 y=-1557 w=1080 h=525, frame=Rect(0, 0 - 1080, 525)
10-16 01:00:23.972   572   648 D SurfaceView@42898ba: updateSurfacePosition RenderWorker, frameNr = 704, position = [0, -1557, 1080, -1032] surfaceSize = 1080x525
10-16 01:00:23.972   572   648 I SurfaceView@42898ba: uSP: rtp = Rect(0, -1557 - 1080, -1032) rtsw = 1080 rtsh = 525
10-16 01:00:23.972   572   648 I SurfaceView@42898ba: onSSPAndSRT: pl = 0 pt = -1557 sx = 1.0 sy = 1.0
10-16 01:00:23.972   572   648 I SurfaceView@42898ba: aOrMT: ViewRootImpl@48d3b3a[MainActivity] t = android.view.SurfaceControl$Transaction@1c342f2 fN = 704 android.view.SurfaceView.-$$Nest$mapplyOrMergeTransaction:0 android.view.SurfaceView$SurfaceViewPositionUpdateListener.positionChanged:1537 android.graphics.RenderNode$CompositePositionUpdateListener.positionChanged:373 
10-16 01:00:23.972   572   648 I ViewRootImpl@48d3b3a[MainActivity]: mWNT: t=0x7b14b00a00 mBlastBufferQueue=0x7b5c2d1100 fn= 704 caller= android.view.SurfaceView.applyOrMergeTransaction:1455 android.view.SurfaceView.-$$Nest$mapplyOrMergeTransaction:0 android.view.SurfaceView$SurfaceViewPositionUpdateListener.positionChanged:1537 
10-16 01:00:23.972   572   648 I ViewRootImpl@48d3b3a[MainActivity]: mWNT: t=0x7b5c3ba700 mBlastBufferQueue=0x7b5c2d1100 fn= 704 caller= android.view.ViewRootImpl.lambda$applyTransactionOnDraw$11$android-view-ViewRootImpl:12865 android.view.ViewRootImpl$$ExternalSyntheticLambda1.onFrameDraw:4 android.graphics.HardwareRenderer$FrameDrawingCallback.onFrameDraw:924 
10-16 01:00:23.979   572   572 I SurfaceView@42898ba: Changes: creating=false format=false size=false visible=false alpha=false hint=false mUseAlpha=false visible=false left=false top=true
10-16 01:00:23.979   572   572 I SurfaceView@42898ba: 69769402 Cur surface: Surface(name=null)/@0xcc36ec1
10-16 01:00:23.979   572   572 I SurfaceView@42898ba: applyTransactionOnVriDraw: vri = ViewRootImpl@48d3b3a[MainActivity] fRS = false t = 0x7b5c3ba800 android.view.SurfaceView.performSurfaceTransaction:959 android.view.SurfaceView.updateSurface:1105 android.view.SurfaceView.lambda$new$0$android-view-SurfaceView:200 
10-16 01:00:23.980   572   572 I ViewRootImpl@48d3b3a[MainActivity]: applyTransactionOnDraw: mRemoved = false isHardwareEnabled = true t = 0x7b5c3ba800android.view.SurfaceView.applyTransactionOnVriDraw:2048 android.view.SurfaceView.performSurfaceTransaction:959 android.view.SurfaceView.updateSurface:1105 android.view.SurfaceView.lambda$new$0$android-view-SurfaceView:200 android.view.SurfaceView$$ExternalSyntheticLambda5.onPreDraw:2 
10-16 01:00:23.980   572   572 I SurfaceView@42898ba: updateSurface: mVisible = true mSurface.isValid() = true
10-16 01:00:23.980   572   572 I SurfaceView@42898ba: updateSurface: mSurfaceCreated = true surfaceChanged = false visibleChanged = false
10-16 01:00:23.980   572   572 V SurfaceView@42898ba: Layout: x=0 y=-1650 w=1080 h=525, frame=Rect(0, 0 - 1080, 525)
10-16 01:00:23.988   572   647 D SurfaceView@42898ba: updateSurfacePosition RenderWorker, frameNr = 705, position = [0, -1650, 1080, -1125] surfaceSize = 1080x525
10-16 01:00:23.988   572   647 I SurfaceView@42898ba: uSP: rtp = Rect(0, -1650 - 1080, -1125) rtsw = 1080 rtsh = 525
10-16 01:00:23.988   572   647 I SurfaceView@42898ba: onSSPAndSRT: pl = 0 pt = -1650 sx = 1.0 sy = 1.0
10-16 01:00:23.989   572   647 I SurfaceView@42898ba: aOrMT: ViewRootImpl@48d3b3a[MainActivity] t = android.view.SurfaceControl$Transaction@1c342f2 fN = 705 android.view.SurfaceView.-$$Nest$mapplyOrMergeTransaction:0 android.view.SurfaceView$SurfaceViewPositionUpdateListener.positionChanged:1537 android.graphics.RenderNode$CompositePositionUpdateListener.positionChanged:373 
10-16 01:00:23.989   572   647 I ViewRootImpl@48d3b3a[MainActivity]: mWNT: t=0x7b14b00a00 mBlastBufferQueue=0x7b5c2d1100 fn= 705 caller= android.view.SurfaceView.applyOrMergeTransaction:1455 android.view.SurfaceView.-$$Nest$mapplyOrMergeTransaction:0 android.view.SurfaceView$SurfaceViewPositionUpdateListener.positionChanged:1537 
10-16 01:00:23.989   572   647 I ViewRootImpl@48d3b3a[MainActivity]: mWNT: t=0x7b5c3ba800 mBlastBufferQueue=0x7b5c2d1100 fn= 705 caller= android.view.ViewRootImpl.lambda$applyTransactionOnDraw$11$android-view-ViewRootImpl:12865 android.view.ViewRootImpl$$ExternalSyntheticLambda1.onFrameDraw:4 android.graphics.HardwareRenderer$FrameDrawingCallback.onFrameDraw:924 
10-16 01:00:23.995   572   572 I SurfaceView@42898ba: Changes: creating=false format=false size=false visible=false alpha=false hint=false mUseAlpha=false visible=false left=false top=true
10-16 01:00:23.996   572   572 I SurfaceView@42898ba: 69769402 Cur surface: Surface(name=null)/@0xcc36ec1
10-16 01:00:23.996   572   572 I SurfaceView@42898ba: applyTransactionOnVriDraw: vri = ViewRootImpl@48d3b3a[MainActivity] fRS = false t = 0x7b5c3ba900 android.view.SurfaceView.performSurfaceTransaction:959 android.view.SurfaceView.updateSurface:1105 android.view.SurfaceView.lambda$new$0$android-view-SurfaceView:200 
10-16 01:00:23.996   572   572 I ViewRootImpl@48d3b3a[MainActivity]: applyTransactionOnDraw: mRemoved = false isHardwareEnabled = true t = 0x7b5c3ba900android.view.SurfaceView.applyTransactionOnVriDraw:2048 android.view.SurfaceView.performSurfaceTransaction:959 android.view.SurfaceView.updateSurface:1105 android.view.SurfaceView.lambda$new$0$android-view-SurfaceView:200 android.view.SurfaceView$$ExternalSyntheticLambda5.onPreDraw:2 
10-16 01:00:23.997   572   572 I SurfaceView@42898ba: updateSurface: mVisible = true mSurface.isValid() = true
10-16 01:00:23.997   572   572 I SurfaceView@42898ba: updateSurface: mSurfaceCreated = true surfaceChanged = false visibleChanged = false
10-16 01:00:23.997   572   572 V SurfaceView@42898ba: Layout: x=0 y=-1734 w=1080 h=525, frame=Rect(0, 0 - 1080, 525)
10-16 01:00:24.005   572   648 D SurfaceView@42898ba: updateSurfacePosition RenderWorker, frameNr = 706, position = [0, -1734, 1080, -1209] surfaceSize = 1080x525
10-16 01:00:24.005   572   648 I SurfaceView@42898ba: uSP: rtp = Rect(0, -1734 - 1080, -1209) rtsw = 1080 rtsh = 525
10-16 01:00:24.005   572   648 I SurfaceView@42898ba: onSSPAndSRT: pl = 0 pt = -1734 sx = 1.0 sy = 1.0
10-16 01:00:24.005   572   648 I SurfaceView@42898ba: aOrMT: ViewRootImpl@48d3b3a[MainActivity] t = android.view.SurfaceControl$Transaction@1c342f2 fN = 706 android.view.SurfaceView.-$$Nest$mapplyOrMergeTransaction:0 android.view.SurfaceView$SurfaceViewPositionUpdateListener.positionChanged:1537 android.graphics.RenderNode$CompositePositionUpdateListener.positionChanged:373 
10-16 01:00:24.005   572   648 I ViewRootImpl@48d3b3a[MainActivity]: mWNT: t=0x7b14b00a00 mBlastBufferQueue=0x7b5c2d1100 fn= 706 caller= android.view.SurfaceView.applyOrMergeTransaction:1455 android.view.SurfaceView.-$$Nest$mapplyOrMergeTransaction:0 android.view.SurfaceView$SurfaceViewPositionUpdateListener.positionChanged:1537 
10-16 01:00:24.006   572   648 I ViewRootImpl@48d3b3a[MainActivity]: mWNT: t=0x7b5c3ba900 mBlastBufferQueue=0x7b5c2d1100 fn= 706 caller= android.view.ViewRootImpl.lambda$applyTransactionOnDraw$11$android-view-ViewRootImpl:12865 android.view.ViewRootImpl$$ExternalSyntheticLambda1.onFrameDraw:4 android.graphics.HardwareRenderer$FrameDrawingCallback.onFrameDraw:924 
10-16 01:00:24.012   572   572 I SurfaceView@42898ba: Changes: creating=false format=false size=false visible=false alpha=false hint=false mUseAlpha=false visible=false left=false top=true
10-16 01:00:24.012   572   572 I SurfaceView@42898ba: 69769402 Cur surface: Surface(name=null)/@0xcc36ec1
10-16 01:00:24.013   572   572 I SurfaceView@42898ba: applyTransactionOnVriDraw: vri = ViewRootImpl@48d3b3a[MainActivity] fRS = false t = 0x7b5c3bab00 android.view.SurfaceView.performSurfaceTransaction:959 android.view.SurfaceView.updateSurface:1105 android.view.SurfaceView.lambda$new$0$android-view-SurfaceView:200 
10-16 01:00:24.013   572   572 I ViewRootImpl@48d3b3a[MainActivity]: applyTransactionOnDraw: mRemoved = false isHardwareEnabled = true t = 0x7b5c3bab00android.view.SurfaceView.applyTransactionOnVriDraw:2048 android.view.SurfaceView.performSurfaceTransaction:959 android.view.SurfaceView.updateSurface:1105 android.view.SurfaceView.lambda$new$0$android-view-SurfaceView:200 android.view.SurfaceView$$ExternalSyntheticLambda5.onPreDraw:2 
10-16 01:00:24.013   572   572 I SurfaceView@42898ba: updateSurface: mVisible = true mSurface.isValid() = true
10-16 01:00:24.013   572   572 I SurfaceView@42898ba: updateSurface: mSurfaceCreated = true surfaceChanged = false visibleChanged = false
10-16 01:00:24.013   572   572 V SurfaceView@42898ba: Layout: x=0 y=-1820 w=1080 h=525, frame=Rect(0, 0 - 1080, 525)
10-16 01:00:24.025   572   647 D SurfaceView@42898ba: updateSurfacePosition RenderWorker, frameNr = 707, position = [0, -1820, 1080, -1295] surfaceSize = 1080x525
10-16 01:00:24.025   572   647 I SurfaceView@42898ba: uSP: rtp = Rect(0, -1820 - 1080, -1295) rtsw = 1080 rtsh = 525
10-16 01:00:24.025   572   647 I SurfaceView@42898ba: onSSPAndSRT: pl = 0 pt = -1820 sx = 1.0 sy = 1.0
10-16 01:00:24.026   572   647 I SurfaceView@42898ba: aOrMT: ViewRootImpl@48d3b3a[MainActivity] t = android.view.SurfaceControl$Transaction@1c342f2 fN = 707 android.view.SurfaceView.-$$Nest$mapplyOrMergeTransaction:0 android.view.SurfaceView$SurfaceViewPositionUpdateListener.positionChanged:1537 android.graphics.RenderNode$CompositePositionUpdateListener.positionChanged:373 
10-16 01:00:24.026   572   647 I ViewRootImpl@48d3b3a[MainActivity]: mWNT: t=0x7b14b00a00 mBlastBufferQueue=0x7b5c2d1100 fn= 707 caller= android.view.SurfaceView.applyOrMergeTransaction:1455 android.view.SurfaceView.-$$Nest$mapplyOrMergeTransaction:0 android.view.SurfaceView$SurfaceViewPositionUpdateListener.positionChanged:1537 
10-16 01:00:24.026   572   647 I ViewRootImpl@48d3b3a[MainActivity]: mWNT: t=0x7b5c3bab00 mBlastBufferQueue=0x7b5c2d1100 fn= 707 caller= android.view.ViewRootImpl.lambda$applyTransactionOnDraw$11$android-view-ViewRootImpl:12865 android.view.ViewRootImpl$$ExternalSyntheticLambda1.onFrameDraw:4 android.graphics.HardwareRenderer$FrameDrawingCallback.onFrameDraw:924 
10-16 01:00:24.029   572   572 I SurfaceView@42898ba: Changes: creating=false format=false size=false visible=false alpha=false hint=false mUseAlpha=false visible=false left=false top=true
10-16 01:00:24.030   572   572 I SurfaceView@42898ba: 69769402 Cur surface: Surface(name=null)/@0xcc36ec1
10-16 01:00:24.030   572   572 I SurfaceView@42898ba: applyTransactionOnVriDraw: vri = ViewRootImpl@48d3b3a[MainActivity] fRS = false t = 0x7b5c3bac00 android.view.SurfaceView.performSurfaceTransaction:959 android.view.SurfaceView.updateSurface:1105 android.view.SurfaceView.lambda$new$0$android-view-SurfaceView:200 
10-16 01:00:24.030   572   572 I ViewRootImpl@48d3b3a[MainActivity]: applyTransactionOnDraw: mRemoved = false isHardwareEnabled = true t = 0x7b5c3bac00android.view.SurfaceView.applyTransactionOnVriDraw:2048 android.view.SurfaceView.performSurfaceTransaction:959 android.view.SurfaceView.updateSurface:1105 android.view.SurfaceView.lambda$new$0$android-view-SurfaceView:200 android.view.SurfaceView$$ExternalSyntheticLambda5.onPreDraw:2 
10-16 01:00:24.030   572   572 I SurfaceView@42898ba: updateSurface: mVisible = true mSurface.isValid() = true
10-16 01:00:24.031   572   572 I SurfaceView@42898ba: updateSurface: mSurfaceCreated = true surfaceChanged = false visibleChanged = false
10-16 01:00:24.031   572   572 V SurfaceView@42898ba: Layout: x=0 y=-1902 w=1080 h=525, frame=Rect(0, 0 - 1080, 525)
10-16 01:00:24.041   572   648 D SurfaceView@42898ba: updateSurfacePosition RenderWorker, frameNr = 708, position = [0, -1902, 1080, -1377] surfaceSize = 1080x525
10-16 01:00:24.041   572   648 I SurfaceView@42898ba: uSP: rtp = Rect(0, -1902 - 1080, -1377) rtsw = 1080 rtsh = 525
10-16 01:00:24.041   572   648 I SurfaceView@42898ba: onSSPAndSRT: pl = 0 pt = -1902 sx = 1.0 sy = 1.0
10-16 01:00:24.042   572   648 I SurfaceView@42898ba: aOrMT: ViewRootImpl@48d3b3a[MainActivity] t = android.view.SurfaceControl$Transaction@1c342f2 fN = 708 android.view.SurfaceView.-$$Nest$mapplyOrMergeTransaction:0 android.view.SurfaceView$SurfaceViewPositionUpdateListener.positionChanged:1537 android.graphics.RenderNode$CompositePositionUpdateListener.positionChanged:373 
10-16 01:00:24.042   572   648 I ViewRootImpl@48d3b3a[MainActivity]: mWNT: t=0x7b14b00a00 mBlastBufferQueue=0x7b5c2d1100 fn= 708 caller= android.view.SurfaceView.applyOrMergeTransaction:1455 android.view.SurfaceView.-$$Nest$mapplyOrMergeTransaction:0 android.view.SurfaceView$SurfaceViewPositionUpdateListener.positionChanged:1537 
10-16 01:00:24.042   572   648 I ViewRootImpl@48d3b3a[MainActivity]: mWNT: t=0x7b5c3bac00 mBlastBufferQueue=0x7b5c2d1100 fn= 708 caller= android.view.ViewRootImpl.lambda$applyTransactionOnDraw$11$android-view-ViewRootImpl:12865 android.view.ViewRootImpl$$ExternalSyntheticLambda1.onFrameDraw:4 android.graphics.HardwareRenderer$FrameDrawingCallback.onFrameDraw:924 
10-16 01:00:24.045   572   572 I SurfaceView@42898ba: Changes: creating=false format=false size=false visible=false alpha=false hint=false mUseAlpha=false visible=false left=false top=true
10-16 01:00:24.045   572   572 I SurfaceView@42898ba: 69769402 Cur surface: Surface(name=null)/@0xcc36ec1
10-16 01:00:24.046   572   572 I SurfaceView@42898ba: applyTransactionOnVriDraw: vri = ViewRootImpl@48d3b3a[MainActivity] fRS = false t = 0x7b5c3bae00 android.view.SurfaceView.performSurfaceTransaction:959 android.view.SurfaceView.updateSurface:1105 android.view.SurfaceView.lambda$new$0$android-view-SurfaceView:200 
10-16 01:00:24.046   572   572 I ViewRootImpl@48d3b3a[MainActivity]: applyTransactionOnDraw: mRemoved = false isHardwareEnabled = true t = 0x7b5c3bae00android.view.SurfaceView.applyTransactionOnVriDraw:2048 android.view.SurfaceView.performSurfaceTransaction:959 android.view.SurfaceView.updateSurface:1105 android.view.SurfaceView.lambda$new$0$android-view-SurfaceView:200 android.view.SurfaceView$$ExternalSyntheticLambda5.onPreDraw:2 
10-16 01:00:24.046   572   572 I SurfaceView@42898ba: updateSurface: mVisible = true mSurface.isValid() = true
10-16 01:00:24.046   572   572 I SurfaceView@42898ba: updateSurface: mSurfaceCreated = true surfaceChanged = false visibleChanged = false
10-16 01:00:24.046   572   572 V SurfaceView@42898ba: Layout: x=0 y=-1918 w=1080 h=525, frame=Rect(0, 0 - 1080, 525)
10-16 01:00:24.054   572   647 D SurfaceView@42898ba: updateSurfacePosition RenderWorker, frameNr = 709, position = [0, -1918, 1080, -1393] surfaceSize = 1080x525
10-16 01:00:24.054   572   647 I SurfaceView@42898ba: uSP: rtp = Rect(0, -1918 - 1080, -1393) rtsw = 1080 rtsh = 525
10-16 01:00:24.054   572   647 I SurfaceView@42898ba: onSSPAndSRT: pl = 0 pt = -1918 sx = 1.0 sy = 1.0
10-16 01:00:24.054   572   647 I SurfaceView@42898ba: aOrMT: ViewRootImpl@48d3b3a[MainActivity] t = android.view.SurfaceControl$Transaction@1c342f2 fN = 709 android.view.SurfaceView.-$$Nest$mapplyOrMergeTransaction:0 android.view.SurfaceView$SurfaceViewPositionUpdateListener.positionChanged:1537 android.graphics.RenderNode$CompositePositionUpdateListener.positionChanged:373 
10-16 01:00:24.055   572   647 I ViewRootImpl@48d3b3a[MainActivity]: mWNT: t=0x7b14b00a00 mBlastBufferQueue=0x7b5c2d1100 fn= 709 caller= android.view.SurfaceView.applyOrMergeTransaction:1455 android.view.SurfaceView.-$$Nest$mapplyOrMergeTransaction:0 android.view.SurfaceView$SurfaceViewPositionUpdateListener.positionChanged:1537 
10-16 01:00:24.055   572   647 I ViewRootImpl@48d3b3a[MainActivity]: mWNT: t=0x7b5c3bae00 mBlastBufferQueue=0x7b5c2d1100 fn= 709 caller= android.view.ViewRootImpl.lambda$applyTransactionOnDraw$11$android-view-ViewRootImpl:12865 android.view.ViewRootImpl$$ExternalSyntheticLambda1.onFrameDraw:4 android.graphics.HardwareRenderer$FrameDrawingCallback.onFrameDraw:924 
10-16 01:00:25.076   572   572 I ViewRootImpl@48d3b3a[MainActivity]: ViewPostIme pointer 0
10-16 01:00:25.130   572   572 I SurfaceView@42898ba: Changes: creating=false format=false size=false visible=false alpha=false hint=false mUseAlpha=false visible=false left=false top=true
10-16 01:00:25.130   572   572 I SurfaceView@42898ba: 69769402 Cur surface: Surface(name=null)/@0xcc36ec1
10-16 01:00:25.130   572   572 I SurfaceView@42898ba: applyTransactionOnVriDraw: vri = ViewRootImpl@48d3b3a[MainActivity] fRS = false t = 0x7b5c3baf00 android.view.SurfaceView.performSurfaceTransaction:959 android.view.SurfaceView.updateSurface:1105 android.view.SurfaceView.lambda$new$0$android-view-SurfaceView:200 
10-16 01:00:25.131   572   572 I ViewRootImpl@48d3b3a[MainActivity]: applyTransactionOnDraw: mRemoved = false isHardwareEnabled = true t = 0x7b5c3baf00android.view.SurfaceView.applyTransactionOnVriDraw:2048 android.view.SurfaceView.performSurfaceTransaction:959 android.view.SurfaceView.updateSurface:1105 android.view.SurfaceView.lambda$new$0$android-view-SurfaceView:200 android.view.SurfaceView$$ExternalSyntheticLambda5.onPreDraw:2 
10-16 01:00:25.131   572   572 I SurfaceView@42898ba: updateSurface: mVisible = true mSurface.isValid() = true
10-16 01:00:25.131   572   572 I SurfaceView@42898ba: updateSurface: mSurfaceCreated = true surfaceChanged = false visibleChanged = false
