10-16 17:24:07.019 11476 11476 I SurfaceView@8a71348: updateSurface: mVisible = true mSurface.isValid() = true
10-16 17:24:07.019 11476 11476 I SurfaceView@8a71348: updateSurface: mSurfaceCreated = true surfaceChanged = false visibleChanged = false
10-16 17:24:07.019 11476 11476 V SurfaceView@8a71348: Layout: x=0 y=-1087 w=1080 h=525, frame=Rect(0, 0 - 1080, 525)
10-16 17:24:07.027 11476 11562 D SurfaceView@8a71348: updateSurfacePosition RenderWorker, frameNr = 389, position = [0, -1087, 1080, -562] surfaceSize = 1080x525
10-16 17:24:07.028 11476 11562 I SurfaceView@8a71348: uSP: rtp = Rect(0, -1087 - 1080, -562) rtsw = 1080 rtsh = 525
10-16 17:24:07.028 11476 11562 I SurfaceView@8a71348: onSSPAndSRT: pl = 0 pt = -1087 sx = 1.0 sy = 1.0
10-16 17:24:07.028 11476 11562 I SurfaceView@8a71348: aOrMT: ViewRootImpl@87ee6e[MainActivity] t = android.view.SurfaceControl$Transaction@da64c32 fN = 389 android.view.SurfaceView.-$$Nest$mapplyOrMergeTransaction:0 android.view.SurfaceView$SurfaceViewPositionUpdateListener.positionChanged:1537 android.graphics.RenderNode$CompositePositionUpdateListener.positionChanged:373 
10-16 17:24:07.028 11476 11562 I ViewRootImpl@87ee6e[MainActivity]: mWNT: t=0x7af6c0e700 mBlastBufferQueue=0x7b5de49800 fn= 389 caller= android.view.SurfaceView.applyOrMergeTransaction:1455 android.view.SurfaceView.-$$Nest$mapplyOrMergeTransaction:0 android.view.SurfaceView$SurfaceViewPositionUpdateListener.positionChanged:1537 
10-16 17:24:07.028 11476 11562 I ViewRootImpl@87ee6e[MainActivity]: mWNT: t=0x7af7064a00 mBlastBufferQueue=0x7b5de49800 fn= 389 caller= android.view.ViewRootImpl.lambda$applyTransactionOnDraw$11$android-view-ViewRootImpl:12865 android.view.ViewRootImpl$$ExternalSyntheticLambda1.onFrameDraw:4 android.graphics.HardwareRenderer$FrameDrawingCallback.onFrameDraw:924 
10-16 17:24:07.032 11476 11476 I SurfaceView@8a71348: Changes: creating=false format=false size=false visible=false alpha=false hint=false mUseAlpha=false visible=false left=false top=true
10-16 17:24:07.032 11476 11476 I SurfaceView@8a71348: 145167176 Cur surface: Surface(name=null)/@0x94df101
10-16 17:24:07.033 11476 11476 I SurfaceView@8a71348: applyTransactionOnVriDraw: vri = ViewRootImpl@87ee6e[MainActivity] fRS = false t = 0x7af7064b00 android.view.SurfaceView.performSurfaceTransaction:959 android.view.SurfaceView.updateSurface:1105 android.view.SurfaceView.lambda$new$0$android-view-SurfaceView:200 
10-16 17:24:07.033 11476 11476 I ViewRootImpl@87ee6e[MainActivity]: applyTransactionOnDraw: mRemoved = false isHardwareEnabled = true t = 0x7af7064b00android.view.SurfaceView.applyTransactionOnVriDraw:2048 android.view.SurfaceView.performSurfaceTransaction:959 android.view.SurfaceView.updateSurface:1105 android.view.SurfaceView.lambda$new$0$android-view-SurfaceView:200 android.view.SurfaceView$$ExternalSyntheticLambda5.onPreDraw:2 
10-16 17:24:07.033 11476 11476 I SurfaceView@8a71348: updateSurface: mVisible = true mSurface.isValid() = true
10-16 17:24:07.033 11476 11476 I SurfaceView@8a71348: updateSurface: mSurfaceCreated = true surfaceChanged = false visibleChanged = false
10-16 17:24:07.033 11476 11476 V SurfaceView@8a71348: Layout: x=0 y=-1198 w=1080 h=525, frame=Rect(0, 0 - 1080, 525)
10-16 17:24:07.045 11476 11561 D SurfaceView@8a71348: updateSurfacePosition RenderWorker, frameNr = 390, position = [0, -1198, 1080, -673] surfaceSize = 1080x525
10-16 17:24:07.045 11476 11561 I SurfaceView@8a71348: uSP: rtp = Rect(0, -1198 - 1080, -673) rtsw = 1080 rtsh = 525
10-16 17:24:07.045 11476 11561 I SurfaceView@8a71348: onSSPAndSRT: pl = 0 pt = -1198 sx = 1.0 sy = 1.0
10-16 17:24:07.045 11476 11561 I SurfaceView@8a71348: aOrMT: ViewRootImpl@87ee6e[MainActivity] t = android.view.SurfaceControl$Transaction@da64c32 fN = 390 android.view.SurfaceView.-$$Nest$mapplyOrMergeTransaction:0 android.view.SurfaceView$SurfaceViewPositionUpdateListener.positionChanged:1537 android.graphics.RenderNode$CompositePositionUpdateListener.positionChanged:373 
10-16 17:24:07.045 11476 11561 I ViewRootImpl@87ee6e[MainActivity]: mWNT: t=0x7af6c0e700 mBlastBufferQueue=0x7b5de49800 fn= 390 caller= android.view.SurfaceView.applyOrMergeTransaction:1455 android.view.SurfaceView.-$$Nest$mapplyOrMergeTransaction:0 android.view.SurfaceView$SurfaceViewPositionUpdateListener.positionChanged:1537 
10-16 17:24:07.045 11476 11561 I ViewRootImpl@87ee6e[MainActivity]: mWNT: t=0x7af7064b00 mBlastBufferQueue=0x7b5de49800 fn= 390 caller= android.view.ViewRootImpl.lambda$applyTransactionOnDraw$11$android-view-ViewRootImpl:12865 android.view.ViewRootImpl$$ExternalSyntheticLambda1.onFrameDraw:4 android.graphics.HardwareRenderer$FrameDrawingCallback.onFrameDraw:924 
10-16 17:24:07.048 11476 11476 I SurfaceView@8a71348: Changes: creating=false format=false size=false visible=false alpha=false hint=false mUseAlpha=false visible=false left=false top=true
10-16 17:24:07.049 11476 11476 I SurfaceView@8a71348: 145167176 Cur surface: Surface(name=null)/@0x94df101
10-16 17:24:07.049 11476 11476 I SurfaceView@8a71348: applyTransactionOnVriDraw: vri = ViewRootImpl@87ee6e[MainActivity] fRS = false t = 0x7af7064c00 android.view.SurfaceView.performSurfaceTransaction:959 android.view.SurfaceView.updateSurface:1105 android.view.SurfaceView.lambda$new$0$android-view-SurfaceView:200 
10-16 17:24:07.049 11476 11476 I ViewRootImpl@87ee6e[MainActivity]: applyTransactionOnDraw: mRemoved = false isHardwareEnabled = true t = 0x7af7064c00android.view.SurfaceView.applyTransactionOnVriDraw:2048 android.view.SurfaceView.performSurfaceTransaction:959 android.view.SurfaceView.updateSurface:1105 android.view.SurfaceView.lambda$new$0$android-view-SurfaceView:200 android.view.SurfaceView$$ExternalSyntheticLambda5.onPreDraw:2 
10-16 17:24:07.049 11476 11476 I SurfaceView@8a71348: updateSurface: mVisible = true mSurface.isValid() = true
10-16 17:24:07.049 11476 11476 I SurfaceView@8a71348: updateSurface: mSurfaceCreated = true surfaceChanged = false visibleChanged = false
10-16 17:24:07.050 11476 11476 V SurfaceView@8a71348: Layout: x=0 y=-1306 w=1080 h=525, frame=Rect(0, 0 - 1080, 525)
10-16 17:24:07.061 11476 11562 D SurfaceView@8a71348: updateSurfacePosition RenderWorker, frameNr = 391, position = [0, -1306, 1080, -781] surfaceSize = 1080x525
10-16 17:24:07.061 11476 11562 I SurfaceView@8a71348: uSP: rtp = Rect(0, -1306 - 1080, -781) rtsw = 1080 rtsh = 525
10-16 17:24:07.061 11476 11562 I SurfaceView@8a71348: onSSPAndSRT: pl = 0 pt = -1306 sx = 1.0 sy = 1.0
10-16 17:24:07.061 11476 11562 I SurfaceView@8a71348: aOrMT: ViewRootImpl@87ee6e[MainActivity] t = android.view.SurfaceControl$Transaction@da64c32 fN = 391 android.view.SurfaceView.-$$Nest$mapplyOrMergeTransaction:0 android.view.SurfaceView$SurfaceViewPositionUpdateListener.positionChanged:1537 android.graphics.RenderNode$CompositePositionUpdateListener.positionChanged:373 
10-16 17:24:07.061 11476 11562 I ViewRootImpl@87ee6e[MainActivity]: mWNT: t=0x7af6c0e700 mBlastBufferQueue=0x7b5de49800 fn= 391 caller= android.view.SurfaceView.applyOrMergeTransaction:1455 android.view.SurfaceView.-$$Nest$mapplyOrMergeTransaction:0 android.view.SurfaceView$SurfaceViewPositionUpdateListener.positionChanged:1537 
10-16 17:24:07.062 11476 11562 I ViewRootImpl@87ee6e[MainActivity]: mWNT: t=0x7af7064c00 mBlastBufferQueue=0x7b5de49800 fn= 391 caller= android.view.ViewRootImpl.lambda$applyTransactionOnDraw$11$android-view-ViewRootImpl:12865 android.view.ViewRootImpl$$ExternalSyntheticLambda1.onFrameDraw:4 android.graphics.HardwareRenderer$FrameDrawingCallback.onFrameDraw:924 
10-16 17:24:07.065 11476 11476 I SurfaceView@8a71348: Changes: creating=false format=false size=false visible=false alpha=false hint=false mUseAlpha=false visible=false left=false top=true
10-16 17:24:07.065 11476 11476 I SurfaceView@8a71348: 145167176 Cur surface: Surface(name=null)/@0x94df101
10-16 17:24:07.065 11476 11476 I SurfaceView@8a71348: applyTransactionOnVriDraw: vri = ViewRootImpl@87ee6e[MainActivity] fRS = false t = 0x7af7064d00 android.view.SurfaceView.performSurfaceTransaction:959 android.view.SurfaceView.updateSurface:1105 android.view.SurfaceView.lambda$new$0$android-view-SurfaceView:200 
10-16 17:24:07.066 11476 11476 I ViewRootImpl@87ee6e[MainActivity]: applyTransactionOnDraw: mRemoved = false isHardwareEnabled = true t = 0x7af7064d00android.view.SurfaceView.applyTransactionOnVriDraw:2048 android.view.SurfaceView.performSurfaceTransaction:959 android.view.SurfaceView.updateSurface:1105 android.view.SurfaceView.lambda$new$0$android-view-SurfaceView:200 android.view.SurfaceView$$ExternalSyntheticLambda5.onPreDraw:2 
10-16 17:24:07.066 11476 11476 I SurfaceView@8a71348: updateSurface: mVisible = true mSurface.isValid() = true
10-16 17:24:07.066 11476 11476 I SurfaceView@8a71348: updateSurface: mSurfaceCreated = true surfaceChanged = false visibleChanged = false
10-16 17:24:07.066 11476 11476 V SurfaceView@8a71348: Layout: x=0 y=-1404 w=1080 h=525, frame=Rect(0, 0 - 1080, 525)
10-16 17:24:07.078 11476 11561 D SurfaceView@8a71348: updateSurfacePosition RenderWorker, frameNr = 392, position = [0, -1404, 1080, -879] surfaceSize = 1080x525
10-16 17:24:07.078 11476 11561 I SurfaceView@8a71348: uSP: rtp = Rect(0, -1404 - 1080, -879) rtsw = 1080 rtsh = 525
10-16 17:24:07.078 11476 11561 I SurfaceView@8a71348: onSSPAndSRT: pl = 0 pt = -1404 sx = 1.0 sy = 1.0
10-16 17:24:07.078 11476 11561 I SurfaceView@8a71348: aOrMT: ViewRootImpl@87ee6e[MainActivity] t = android.view.SurfaceControl$Transaction@da64c32 fN = 392 android.view.SurfaceView.-$$Nest$mapplyOrMergeTransaction:0 android.view.SurfaceView$SurfaceViewPositionUpdateListener.positionChanged:1537 android.graphics.RenderNode$CompositePositionUpdateListener.positionChanged:373 
10-16 17:24:07.078 11476 11561 I ViewRootImpl@87ee6e[MainActivity]: mWNT: t=0x7af6c0e700 mBlastBufferQueue=0x7b5de49800 fn= 392 caller= android.view.SurfaceView.applyOrMergeTransaction:1455 android.view.SurfaceView.-$$Nest$mapplyOrMergeTransaction:0 android.view.SurfaceView$SurfaceViewPositionUpdateListener.positionChanged:1537 
10-16 17:24:07.078 11476 11561 I ViewRootImpl@87ee6e[MainActivity]: mWNT: t=0x7af7064d00 mBlastBufferQueue=0x7b5de49800 fn= 392 caller= android.view.ViewRootImpl.lambda$applyTransactionOnDraw$11$android-view-ViewRootImpl:12865 android.view.ViewRootImpl$$ExternalSyntheticLambda1.onFrameDraw:4 android.graphics.HardwareRenderer$FrameDrawingCallback.onFrameDraw:924 
10-16 17:24:07.081 11476 11476 I SurfaceView@8a71348: Changes: creating=false format=false size=false visible=false alpha=false hint=false mUseAlpha=false visible=false left=false top=true
10-16 17:24:07.082 11476 11476 I SurfaceView@8a71348: 145167176 Cur surface: Surface(name=null)/@0x94df101
10-16 17:24:07.082 11476 11476 I SurfaceView@8a71348: applyTransactionOnVriDraw: vri = ViewRootImpl@87ee6e[MainActivity] fRS = false t = 0x7af7064e00 android.view.SurfaceView.performSurfaceTransaction:959 android.view.SurfaceView.updateSurface:1105 android.view.SurfaceView.lambda$new$0$android-view-SurfaceView:200 
10-16 17:24:07.082 11476 11476 I ViewRootImpl@87ee6e[MainActivity]: applyTransactionOnDraw: mRemoved = false isHardwareEnabled = true t = 0x7af7064e00android.view.SurfaceView.applyTransactionOnVriDraw:2048 android.view.SurfaceView.performSurfaceTransaction:959 android.view.SurfaceView.updateSurface:1105 android.view.SurfaceView.lambda$new$0$android-view-SurfaceView:200 android.view.SurfaceView$$ExternalSyntheticLambda5.onPreDraw:2 
10-16 17:24:07.082 11476 11476 I SurfaceView@8a71348: updateSurface: mVisible = true mSurface.isValid() = true
10-16 17:24:07.083 11476 11476 I SurfaceView@8a71348: updateSurface: mSurfaceCreated = true surfaceChanged = false visibleChanged = false
10-16 17:24:07.083 11476 11476 V SurfaceView@8a71348: Layout: x=0 y=-1505 w=1080 h=525, frame=Rect(0, 0 - 1080, 525)
10-16 17:24:07.093 11476 11562 D SurfaceView@8a71348: updateSurfacePosition RenderWorker, frameNr = 393, position = [0, -1505, 1080, -980] surfaceSize = 1080x525
10-16 17:24:07.093 11476 11562 I SurfaceView@8a71348: uSP: rtp = Rect(0, -1505 - 1080, -980) rtsw = 1080 rtsh = 525
10-16 17:24:07.093 11476 11562 I SurfaceView@8a71348: onSSPAndSRT: pl = 0 pt = -1505 sx = 1.0 sy = 1.0
10-16 17:24:07.093 11476 11562 I SurfaceView@8a71348: aOrMT: ViewRootImpl@87ee6e[MainActivity] t = android.view.SurfaceControl$Transaction@da64c32 fN = 393 android.view.SurfaceView.-$$Nest$mapplyOrMergeTransaction:0 android.view.SurfaceView$SurfaceViewPositionUpdateListener.positionChanged:1537 android.graphics.RenderNode$CompositePositionUpdateListener.positionChanged:373 
10-16 17:24:07.093 11476 11562 I ViewRootImpl@87ee6e[MainActivity]: mWNT: t=0x7af6c0e700 mBlastBufferQueue=0x7b5de49800 fn= 393 caller= android.view.SurfaceView.applyOrMergeTransaction:1455 android.view.SurfaceView.-$$Nest$mapplyOrMergeTransaction:0 android.view.SurfaceView$SurfaceViewPositionUpdateListener.positionChanged:1537 
10-16 17:24:07.093 11476 11562 I ViewRootImpl@87ee6e[MainActivity]: mWNT: t=0x7af7064e00 mBlastBufferQueue=0x7b5de49800 fn= 393 caller= android.view.ViewRootImpl.lambda$applyTransactionOnDraw$11$android-view-ViewRootImpl:12865 android.view.ViewRootImpl$$ExternalSyntheticLambda1.onFrameDraw:4 android.graphics.HardwareRenderer$FrameDrawingCallback.onFrameDraw:924 
10-16 17:24:07.096 11476 11476 I SurfaceView@8a71348: Changes: creating=false format=false size=false visible=false alpha=false hint=false mUseAlpha=false visible=false left=false top=true
10-16 17:24:07.097 11476 11476 I SurfaceView@8a71348: 145167176 Cur surface: Surface(name=null)/@0x94df101
10-16 17:24:07.097 11476 11476 I SurfaceView@8a71348: applyTransactionOnVriDraw: vri = ViewRootImpl@87ee6e[MainActivity] fRS = false t = 0x7af7064f00 android.view.SurfaceView.performSurfaceTransaction:959 android.view.SurfaceView.updateSurface:1105 android.view.SurfaceView.lambda$new$0$android-view-SurfaceView:200 
10-16 17:24:07.097 11476 11476 I ViewRootImpl@87ee6e[MainActivity]: applyTransactionOnDraw: mRemoved = false isHardwareEnabled = true t = 0x7af7064f00android.view.SurfaceView.applyTransactionOnVriDraw:2048 android.view.SurfaceView.performSurfaceTransaction:959 android.view.SurfaceView.updateSurface:1105 android.view.SurfaceView.lambda$new$0$android-view-SurfaceView:200 android.view.SurfaceView$$ExternalSyntheticLambda5.onPreDraw:2 
10-16 17:24:07.097 11476 11476 I SurfaceView@8a71348: updateSurface: mVisible = true mSurface.isValid() = true
10-16 17:24:07.097 11476 11476 I SurfaceView@8a71348: updateSurface: mSurfaceCreated = true surfaceChanged = false visibleChanged = false
10-16 17:24:07.097 11476 11476 V SurfaceView@8a71348: Layout: x=0 y=-1602 w=1080 h=525, frame=Rect(0, 0 - 1080, 525)
10-16 17:24:07.107 11476 11561 D SurfaceView@8a71348: updateSurfacePosition RenderWorker, frameNr = 394, position = [0, -1602, 1080, -1077] surfaceSize = 1080x525
10-16 17:24:07.107 11476 11561 I SurfaceView@8a71348: uSP: rtp = Rect(0, -1602 - 1080, -1077) rtsw = 1080 rtsh = 525
10-16 17:24:07.107 11476 11561 I SurfaceView@8a71348: onSSPAndSRT: pl = 0 pt = -1602 sx = 1.0 sy = 1.0
10-16 17:24:07.107 11476 11561 I SurfaceView@8a71348: aOrMT: ViewRootImpl@87ee6e[MainActivity] t = android.view.SurfaceControl$Transaction@da64c32 fN = 394 android.view.SurfaceView.-$$Nest$mapplyOrMergeTransaction:0 android.view.SurfaceView$SurfaceViewPositionUpdateListener.positionChanged:1537 android.graphics.RenderNode$CompositePositionUpdateListener.positionChanged:373 
10-16 17:24:07.107 11476 11561 I ViewRootImpl@87ee6e[MainActivity]: mWNT: t=0x7af6c0e700 mBlastBufferQueue=0x7b5de49800 fn= 394 caller= android.view.SurfaceView.applyOrMergeTransaction:1455 android.view.SurfaceView.-$$Nest$mapplyOrMergeTransaction:0 android.view.SurfaceView$SurfaceViewPositionUpdateListener.positionChanged:1537 
10-16 17:24:07.108 11476 11561 I ViewRootImpl@87ee6e[MainActivity]: mWNT: t=0x7af7064f00 mBlastBufferQueue=0x7b5de49800 fn= 394 caller= android.view.ViewRootImpl.lambda$applyTransactionOnDraw$11$android-view-ViewRootImpl:12865 android.view.ViewRootImpl$$ExternalSyntheticLambda1.onFrameDraw:4 android.graphics.HardwareRenderer$FrameDrawingCallback.onFrameDraw:924 
10-16 17:24:07.113 11476 11476 I SurfaceView@8a71348: Changes: creating=false format=false size=false visible=false alpha=false hint=false mUseAlpha=false visible=false left=false top=true
10-16 17:24:07.113 11476 11476 I SurfaceView@8a71348: 145167176 Cur surface: Surface(name=null)/@0x94df101
10-16 17:24:07.113 11476 11476 I SurfaceView@8a71348: applyTransactionOnVriDraw: vri = ViewRootImpl@87ee6e[MainActivity] fRS = false t = 0x7b5dc9f000 android.view.SurfaceView.performSurfaceTransaction:959 android.view.SurfaceView.updateSurface:1105 android.view.SurfaceView.lambda$new$0$android-view-SurfaceView:200 
10-16 17:24:07.114 11476 11476 I ViewRootImpl@87ee6e[MainActivity]: applyTransactionOnDraw: mRemoved = false isHardwareEnabled = true t = 0x7b5dc9f000android.view.SurfaceView.applyTransactionOnVriDraw:2048 android.view.SurfaceView.performSurfaceTransaction:959 android.view.SurfaceView.updateSurface:1105 android.view.SurfaceView.lambda$new$0$android-view-SurfaceView:200 android.view.SurfaceView$$ExternalSyntheticLambda5.onPreDraw:2 
10-16 17:24:07.114 11476 11476 I SurfaceView@8a71348: updateSurface: mVisible = true mSurface.isValid() = true
10-16 17:24:07.114 11476 11476 I SurfaceView@8a71348: updateSurface: mSurfaceCreated = true surfaceChanged = false visibleChanged = false
10-16 17:24:07.114 11476 11476 V SurfaceView@8a71348: Layout: x=0 y=-1690 w=1080 h=525, frame=Rect(0, 0 - 1080, 525)
10-16 17:24:07.122 11476 11562 D SurfaceView@8a71348: updateSurfacePosition RenderWorker, frameNr = 395, position = [0, -1690, 1080, -1165] surfaceSize = 1080x525
10-16 17:24:07.123 11476 11562 I SurfaceView@8a71348: uSP: rtp = Rect(0, -1690 - 1080, -1165) rtsw = 1080 rtsh = 525
10-16 17:24:07.123 11476 11562 I SurfaceView@8a71348: onSSPAndSRT: pl = 0 pt = -1690 sx = 1.0 sy = 1.0
10-16 17:24:07.123 11476 11562 I SurfaceView@8a71348: aOrMT: ViewRootImpl@87ee6e[MainActivity] t = android.view.SurfaceControl$Transaction@da64c32 fN = 395 android.view.SurfaceView.-$$Nest$mapplyOrMergeTransaction:0 android.view.SurfaceView$SurfaceViewPositionUpdateListener.positionChanged:1537 android.graphics.RenderNode$CompositePositionUpdateListener.positionChanged:373 
10-16 17:24:07.123 11476 11562 I ViewRootImpl@87ee6e[MainActivity]: mWNT: t=0x7af6c0e700 mBlastBufferQueue=0x7b5de49800 fn= 395 caller= android.view.SurfaceView.applyOrMergeTransaction:1455 android.view.SurfaceView.-$$Nest$mapplyOrMergeTransaction:0 android.view.SurfaceView$SurfaceViewPositionUpdateListener.positionChanged:1537 
10-16 17:24:07.123 11476 11562 I ViewRootImpl@87ee6e[MainActivity]: mWNT: t=0x7b5dc9f000 mBlastBufferQueue=0x7b5de49800 fn= 395 caller= android.view.ViewRootImpl.lambda$applyTransactionOnDraw$11$android-view-ViewRootImpl:12865 android.view.ViewRootImpl$$ExternalSyntheticLambda1.onFrameDraw:4 android.graphics.HardwareRenderer$FrameDrawingCallback.onFrameDraw:924 
10-16 17:24:07.129 11476 11476 I SurfaceView@8a71348: Changes: creating=false format=false size=false visible=false alpha=false hint=false mUseAlpha=false visible=false left=false top=true
10-16 17:24:07.129 11476 11476 I SurfaceView@8a71348: 145167176 Cur surface: Surface(name=null)/@0x94df101
10-16 17:24:07.130 11476 11476 I SurfaceView@8a71348: applyTransactionOnVriDraw: vri = ViewRootImpl@87ee6e[MainActivity] fRS = false t = 0x7b5dc9f200 android.view.SurfaceView.performSurfaceTransaction:959 android.view.SurfaceView.updateSurface:1105 android.view.SurfaceView.lambda$new$0$android-view-SurfaceView:200 
10-16 17:24:07.130 11476 11476 I ViewRootImpl@87ee6e[MainActivity]: applyTransactionOnDraw: mRemoved = false isHardwareEnabled = true t = 0x7b5dc9f200android.view.SurfaceView.applyTransactionOnVriDraw:2048 android.view.SurfaceView.performSurfaceTransaction:959 android.view.SurfaceView.updateSurface:1105 android.view.SurfaceView.lambda$new$0$android-view-SurfaceView:200 android.view.SurfaceView$$ExternalSyntheticLambda5.onPreDraw:2 
10-16 17:24:07.130 11476 11476 I SurfaceView@8a71348: updateSurface: mVisible = true mSurface.isValid() = true
10-16 17:24:07.130 11476 11476 I SurfaceView@8a71348: updateSurface: mSurfaceCreated = true surfaceChanged = false visibleChanged = false
10-16 17:24:07.130 11476 11476 V SurfaceView@8a71348: Layout: x=0 y=-1779 w=1080 h=525, frame=Rect(0, 0 - 1080, 525)
10-16 17:24:07.139 11476 11561 D SurfaceView@8a71348: updateSurfacePosition RenderWorker, frameNr = 396, position = [0, -1779, 1080, -1254] surfaceSize = 1080x525
10-16 17:24:07.139 11476 11561 I SurfaceView@8a71348: uSP: rtp = Rect(0, -1779 - 1080, -1254) rtsw = 1080 rtsh = 525
10-16 17:24:07.139 11476 11561 I SurfaceView@8a71348: onSSPAndSRT: pl = 0 pt = -1779 sx = 1.0 sy = 1.0
10-16 17:24:07.139 11476 11561 I SurfaceView@8a71348: aOrMT: ViewRootImpl@87ee6e[MainActivity] t = android.view.SurfaceControl$Transaction@da64c32 fN = 396 android.view.SurfaceView.-$$Nest$mapplyOrMergeTransaction:0 android.view.SurfaceView$SurfaceViewPositionUpdateListener.positionChanged:1537 android.graphics.RenderNode$CompositePositionUpdateListener.positionChanged:373 
10-16 17:24:07.140 11476 11561 I ViewRootImpl@87ee6e[MainActivity]: mWNT: t=0x7af6c0e700 mBlastBufferQueue=0x7b5de49800 fn= 396 caller= android.view.SurfaceView.applyOrMergeTransaction:1455 android.view.SurfaceView.-$$Nest$mapplyOrMergeTransaction:0 android.view.SurfaceView$SurfaceViewPositionUpdateListener.positionChanged:1537 
10-16 17:24:07.140 11476 11561 I ViewRootImpl@87ee6e[MainActivity]: mWNT: t=0x7b5dc9f200 mBlastBufferQueue=0x7b5de49800 fn= 396 caller= android.view.ViewRootImpl.lambda$applyTransactionOnDraw$11$android-view-ViewRootImpl:12865 android.view.ViewRootImpl$$ExternalSyntheticLambda1.onFrameDraw:4 android.graphics.HardwareRenderer$FrameDrawingCallback.onFrameDraw:924 
10-16 17:24:07.146 11476 11476 I SurfaceView@8a71348: Changes: creating=false format=false size=false visible=false alpha=false hint=false mUseAlpha=false visible=false left=false top=true
10-16 17:24:07.146 11476 11476 I SurfaceView@8a71348: 145167176 Cur surface: Surface(name=null)/@0x94df101
10-16 17:24:07.146 11476 11476 I SurfaceView@8a71348: applyTransactionOnVriDraw: vri = ViewRootImpl@87ee6e[MainActivity] fRS = false t = 0x7b5dc9f300 android.view.SurfaceView.performSurfaceTransaction:959 android.view.SurfaceView.updateSurface:1105 android.view.SurfaceView.lambda$new$0$android-view-SurfaceView:200 
10-16 17:24:07.147 11476 11476 I ViewRootImpl@87ee6e[MainActivity]: applyTransactionOnDraw: mRemoved = false isHardwareEnabled = true t = 0x7b5dc9f300android.view.SurfaceView.applyTransactionOnVriDraw:2048 android.view.SurfaceView.performSurfaceTransaction:959 android.view.SurfaceView.updateSurface:1105 android.view.SurfaceView.lambda$new$0$android-view-SurfaceView:200 android.view.SurfaceView$$ExternalSyntheticLambda5.onPreDraw:2 
10-16 17:24:07.147 11476 11476 I SurfaceView@8a71348: updateSurface: mVisible = true mSurface.isValid() = true
10-16 17:24:07.147 11476 11476 I SurfaceView@8a71348: updateSurface: mSurfaceCreated = true surfaceChanged = false visibleChanged = false
10-16 17:24:07.147 11476 11476 V SurfaceView@8a71348: Layout: x=0 y=-1865 w=1080 h=525, frame=Rect(0, 0 - 1080, 525)
10-16 17:24:07.155 11476 11562 D SurfaceView@8a71348: updateSurfacePosition RenderWorker, frameNr = 397, position = [0, -1865, 1080, -1340] surfaceSize = 1080x525
10-16 17:24:07.155 11476 11562 I SurfaceView@8a71348: uSP: rtp = Rect(0, -1865 - 1080, -1340) rtsw = 1080 rtsh = 525
10-16 17:24:07.156 11476 11562 I SurfaceView@8a71348: onSSPAndSRT: pl = 0 pt = -1865 sx = 1.0 sy = 1.0
10-16 17:24:07.156 11476 11562 I SurfaceView@8a71348: aOrMT: ViewRootImpl@87ee6e[MainActivity] t = android.view.SurfaceControl$Transaction@da64c32 fN = 397 android.view.SurfaceView.-$$Nest$mapplyOrMergeTransaction:0 android.view.SurfaceView$SurfaceViewPositionUpdateListener.positionChanged:1537 android.graphics.RenderNode$CompositePositionUpdateListener.positionChanged:373 
10-16 17:24:07.156 11476 11562 I ViewRootImpl@87ee6e[MainActivity]: mWNT: t=0x7af6c0e700 mBlastBufferQueue=0x7b5de49800 fn= 397 caller= android.view.SurfaceView.applyOrMergeTransaction:1455 android.view.SurfaceView.-$$Nest$mapplyOrMergeTransaction:0 android.view.SurfaceView$SurfaceViewPositionUpdateListener.positionChanged:1537 
10-16 17:24:07.156 11476 11562 I ViewRootImpl@87ee6e[MainActivity]: mWNT: t=0x7b5dc9f300 mBlastBufferQueue=0x7b5de49800 fn= 397 caller= android.view.ViewRootImpl.lambda$applyTransactionOnDraw$11$android-view-ViewRootImpl:12865 android.view.ViewRootImpl$$ExternalSyntheticLambda1.onFrameDraw:4 android.graphics.HardwareRenderer$FrameDrawingCallback.onFrameDraw:924 
10-16 17:24:07.162 11476 11476 I SurfaceView@8a71348: Changes: creating=false format=false size=false visible=false alpha=false hint=false mUseAlpha=false visible=false left=false top=true
10-16 17:24:07.162 11476 11476 I SurfaceView@8a71348: 145167176 Cur surface: Surface(name=null)/@0x94df101
10-16 17:24:07.163 11476 11476 I SurfaceView@8a71348: applyTransactionOnVriDraw: vri = ViewRootImpl@87ee6e[MainActivity] fRS = false t = 0x7b5dc9f500 android.view.SurfaceView.performSurfaceTransaction:959 android.view.SurfaceView.updateSurface:1105 android.view.SurfaceView.lambda$new$0$android-view-SurfaceView:200 
10-16 17:24:07.163 11476 11476 I ViewRootImpl@87ee6e[MainActivity]: applyTransactionOnDraw: mRemoved = false isHardwareEnabled = true t = 0x7b5dc9f500android.view.SurfaceView.applyTransactionOnVriDraw:2048 android.view.SurfaceView.performSurfaceTransaction:959 android.view.SurfaceView.updateSurface:1105 android.view.SurfaceView.lambda$new$0$android-view-SurfaceView:200 android.view.SurfaceView$$ExternalSyntheticLambda5.onPreDraw:2 
10-16 17:24:07.163 11476 11476 I SurfaceView@8a71348: updateSurface: mVisible = true mSurface.isValid() = true
10-16 17:24:07.163 11476 11476 I SurfaceView@8a71348: updateSurface: mSurfaceCreated = true surfaceChanged = false visibleChanged = false
10-16 17:24:07.163 11476 11476 V SurfaceView@8a71348: Layout: x=0 y=-1918 w=1080 h=525, frame=Rect(0, 0 - 1080, 525)
10-16 17:24:07.169 11476 11561 D SurfaceView@8a71348: updateSurfacePosition RenderWorker, frameNr = 398, position = [0, -1918, 1080, -1393] surfaceSize = 1080x525
10-16 17:24:07.169 11476 11561 I SurfaceView@8a71348: uSP: rtp = Rect(0, -1918 - 1080, -1393) rtsw = 1080 rtsh = 525
10-16 17:24:07.169 11476 11561 I SurfaceView@8a71348: onSSPAndSRT: pl = 0 pt = -1918 sx = 1.0 sy = 1.0
10-16 17:24:07.170 11476 11561 I SurfaceView@8a71348: aOrMT: ViewRootImpl@87ee6e[MainActivity] t = android.view.SurfaceControl$Transaction@da64c32 fN = 398 android.view.SurfaceView.-$$Nest$mapplyOrMergeTransaction:0 android.view.SurfaceView$SurfaceViewPositionUpdateListener.positionChanged:1537 android.graphics.RenderNode$CompositePositionUpdateListener.positionChanged:373 
10-16 17:24:07.170 11476 11561 I ViewRootImpl@87ee6e[MainActivity]: mWNT: t=0x7af6c0e700 mBlastBufferQueue=0x7b5de49800 fn= 398 caller= android.view.SurfaceView.applyOrMergeTransaction:1455 android.view.SurfaceView.-$$Nest$mapplyOrMergeTransaction:0 android.view.SurfaceView$SurfaceViewPositionUpdateListener.positionChanged:1537 
10-16 17:24:07.170 11476 11561 I ViewRootImpl@87ee6e[MainActivity]: mWNT: t=0x7b5dc9f500 mBlastBufferQueue=0x7b5de49800 fn= 398 caller= android.view.ViewRootImpl.lambda$applyTransactionOnDraw$11$android-view-ViewRootImpl:12865 android.view.ViewRootImpl$$ExternalSyntheticLambda1.onFrameDraw:4 android.graphics.HardwareRenderer$FrameDrawingCallback.onFrameDraw:924 
10-16 17:24:07.797 11476 11476 I ViewRootImpl@87ee6e[MainActivity]: ViewPostIme pointer 0
10-16 17:24:07.847 11476 11476 I SurfaceView@8a71348: Changes: creating=false format=false size=false visible=false alpha=false hint=false mUseAlpha=false visible=false left=false top=true
10-16 17:24:07.847 11476 11476 I SurfaceView@8a71348: 145167176 Cur surface: Surface(name=null)/@0x94df101
10-16 17:24:07.848 11476 11476 I SurfaceView@8a71348: applyTransactionOnVriDraw: vri = ViewRootImpl@87ee6e[MainActivity] fRS = false t = 0x7b5dc9f600 android.view.SurfaceView.performSurfaceTransaction:959 android.view.SurfaceView.updateSurface:1105 android.view.SurfaceView.lambda$new$0$android-view-SurfaceView:200 
10-16 17:24:07.848 11476 11476 I ViewRootImpl@87ee6e[MainActivity]: applyTransactionOnDraw: mRemoved = false isHardwareEnabled = true t = 0x7b5dc9f600android.view.SurfaceView.applyTransactionOnVriDraw:2048 android.view.SurfaceView.performSurfaceTransaction:959 android.view.SurfaceView.updateSurface:1105 android.view.SurfaceView.lambda$new$0$android-view-SurfaceView:200 android.view.SurfaceView$$ExternalSyntheticLambda5.onPreDraw:2 
10-16 17:24:07.848 11476 11476 I SurfaceView@8a71348: updateSurface: mVisible = true mSurface.isValid() = true
10-16 17:24:07.848 11476 11476 I SurfaceView@8a71348: updateSurface: mSurfaceCreated = true surfaceChanged = false visibleChanged = false
10-16 17:24:07.848 11476 11476 V SurfaceView@8a71348: Layout: x=0 y=-1786 w=1080 h=525, frame=Rect(0, 0 - 1080, 525)
10-16 17:24:07.850 11476 11562 D SurfaceView@8a71348: updateSurfacePosition RenderWorker, frameNr = 433, position = [0, -1786, 1080, -1261] surfaceSize = 1080x525
10-16 17:24:07.851 11476 11562 I SurfaceView@8a71348: uSP: rtp = Rect(0, -1786 - 1080, -1261) rtsw = 1080 rtsh = 525
10-16 17:24:07.851 11476 11562 I SurfaceView@8a71348: onSSPAndSRT: pl = 0 pt = -1786 sx = 1.0 sy = 1.0
10-16 17:24:07.851 11476 11562 I SurfaceView@8a71348: aOrMT: ViewRootImpl@87ee6e[MainActivity] t = android.view.SurfaceControl$Transaction@da64c32 fN = 433 android.view.SurfaceView.-$$Nest$mapplyOrMergeTransaction:0 android.view.SurfaceView$SurfaceViewPositionUpdateListener.positionChanged:1537 android.graphics.RenderNode$CompositePositionUpdateListener.positionChanged:373 
10-16 17:24:07.851 11476 11562 I ViewRootImpl@87ee6e[MainActivity]: mWNT: t=0x7af6c0e700 mBlastBufferQueue=0x7b5de49800 fn= 433 caller= android.view.SurfaceView.applyOrMergeTransaction:1455 android.view.SurfaceView.-$$Nest$mapplyOrMergeTransaction:0 android.view.SurfaceView$SurfaceViewPositionUpdateListener.positionChanged:1537 
10-16 17:24:07.851 11476 11562 I ViewRootImpl@87ee6e[MainActivity]: mWNT: t=0x7b5dc9f600 mBlastBufferQueue=0x7b5de49800 fn= 433 caller= android.view.ViewRootImpl.lambda$applyTransactionOnDraw$11$android-view-ViewRootImpl:12865 android.view.ViewRootImpl$$ExternalSyntheticLambda1.onFrameDraw:4 android.graphics.HardwareRenderer$FrameDrawingCallback.onFrameDraw:924 
10-16 17:24:07.863 11476 11476 I SurfaceView@8a71348: Changes: creating=false format=false size=false visible=false alpha=false hint=false mUseAlpha=false visible=false left=false top=true
10-16 17:24:07.863 11476 11476 I SurfaceView@8a71348: 145167176 Cur surface: Surface(name=null)/@0x94df101
10-16 17:24:07.863 11476 11476 I SurfaceView@8a71348: applyTransactionOnVriDraw: vri = ViewRootImpl@87ee6e[MainActivity] fRS = false t = 0x7b5dc9f700 android.view.SurfaceView.performSurfaceTransaction:959 android.view.SurfaceView.updateSurface:1105 android.view.SurfaceView.lambda$new$0$android-view-SurfaceView:200 
10-16 17:24:07.864 11476 11476 I ViewRootImpl@87ee6e[MainActivity]: applyTransactionOnDraw: mRemoved = false isHardwareEnabled = true t = 0x7b5dc9f700android.view.SurfaceView.applyTransactionOnVriDraw:2048 android.view.SurfaceView.performSurfaceTransaction:959 android.view.SurfaceView.updateSurface:1105 android.view.SurfaceView.lambda$new$0$android-view-SurfaceView:200 android.view.SurfaceView$$ExternalSyntheticLambda5.onPreDraw:2 
10-16 17:24:07.864 11476 11476 I SurfaceView@8a71348: updateSurface: mVisible = true mSurface.isValid() = true
10-16 17:24:07.864 11476 11476 I SurfaceView@8a71348: updateSurface: mSurfaceCreated = true surfaceChanged = false visibleChanged = false
10-16 17:24:07.864 11476 11476 V SurfaceView@8a71348: Layout: x=0 y=-1621 w=1080 h=525, frame=Rect(0, 0 - 1080, 525)
10-16 17:24:07.868 11476 11561 D SurfaceView@8a71348: updateSurfacePosition RenderWorker, frameNr = 434, position = [0, -1621, 1080, -1096] surfaceSize = 1080x525
10-16 17:24:07.868 11476 11561 I SurfaceView@8a71348: uSP: rtp = Rect(0, -1621 - 1080, -1096) rtsw = 1080 rtsh = 525
10-16 17:24:07.868 11476 11561 I SurfaceView@8a71348: onSSPAndSRT: pl = 0 pt = -1621 sx = 1.0 sy = 1.0
10-16 17:24:07.869 11476 11561 I SurfaceView@8a71348: aOrMT: ViewRootImpl@87ee6e[MainActivity] t = android.view.SurfaceControl$Transaction@da64c32 fN = 434 android.view.SurfaceView.-$$Nest$mapplyOrMergeTransaction:0 android.view.SurfaceView$SurfaceViewPositionUpdateListener.positionChanged:1537 android.graphics.RenderNode$CompositePositionUpdateListener.positionChanged:373 
10-16 17:24:07.869 11476 11561 I ViewRootImpl@87ee6e[MainActivity]: mWNT: t=0x7af6c0e700 mBlastBufferQueue=0x7b5de49800 fn= 434 caller= android.view.SurfaceView.applyOrMergeTransaction:1455 android.view.SurfaceView.-$$Nest$mapplyOrMergeTransaction:0 android.view.SurfaceView$SurfaceViewPositionUpdateListener.positionChanged:1537 
10-16 17:24:07.869 11476 11561 I ViewRootImpl@87ee6e[MainActivity]: mWNT: t=0x7b5dc9f700 mBlastBufferQueue=0x7b5de49800 fn= 434 caller= android.view.ViewRootImpl.lambda$applyTransactionOnDraw$11$android-view-ViewRootImpl:12865 android.view.ViewRootImpl$$ExternalSyntheticLambda1.onFrameDraw:4 android.graphics.HardwareRenderer$FrameDrawingCallback.onFrameDraw:924 
10-16 17:24:07.880 11476 11476 I SurfaceView@8a71348: Changes: creating=false format=false size=false visible=false alpha=false hint=false mUseAlpha=false visible=false left=false top=true
10-16 17:24:07.880 11476 11476 I SurfaceView@8a71348: 145167176 Cur surface: Surface(name=null)/@0x94df101
10-16 17:24:07.880 11476 11476 I SurfaceView@8a71348: applyTransactionOnVriDraw: vri = ViewRootImpl@87ee6e[MainActivity] fRS = false t = 0x7b5dc9f800 android.view.SurfaceView.performSurfaceTransaction:959 android.view.SurfaceView.updateSurface:1105 android.view.SurfaceView.lambda$new$0$android-view-SurfaceView:200 
10-16 17:24:07.881 11476 11476 I ViewRootImpl@87ee6e[MainActivity]: applyTransactionOnDraw: mRemoved = false isHardwareEnabled = true t = 0x7b5dc9f800android.view.SurfaceView.applyTransactionOnVriDraw:2048 android.view.SurfaceView.performSurfaceTransaction:959 android.view.SurfaceView.updateSurface:1105 android.view.SurfaceView.lambda$new$0$android-view-SurfaceView:200 android.view.SurfaceView$$ExternalSyntheticLambda5.onPreDraw:2 
10-16 17:24:07.881 11476 11476 I SurfaceView@8a71348: updateSurface: mVisible = true mSurface.isValid() = true
10-16 17:24:07.881 11476 11476 I SurfaceView@8a71348: updateSurface: mSurfaceCreated = true surfaceChanged = false visibleChanged = false
10-16 17:24:07.881 11476 11476 V SurfaceView@8a71348: Layout: x=0 y=-1490 w=1080 h=525, frame=Rect(0, 0 - 1080, 525)
10-16 17:24:07.885 11476 11562 D SurfaceView@8a71348: updateSurfacePosition RenderWorker, frameNr = 435, position = [0, -1490, 1080, -965] surfaceSize = 1080x525
10-16 17:24:07.886 11476 11562 I SurfaceView@8a71348: uSP: rtp = Rect(0, -1490 - 1080, -965) rtsw = 1080 rtsh = 525
10-16 17:24:07.886 11476 11562 I SurfaceView@8a71348: onSSPAndSRT: pl = 0 pt = -1490 sx = 1.0 sy = 1.0
10-16 17:24:07.886 11476 11562 I SurfaceView@8a71348: aOrMT: ViewRootImpl@87ee6e[MainActivity] t = android.view.SurfaceControl$Transaction@da64c32 fN = 435 android.view.SurfaceView.-$$Nest$mapplyOrMergeTransaction:0 android.view.SurfaceView$SurfaceViewPositionUpdateListener.positionChanged:1537 android.graphics.RenderNode$CompositePositionUpdateListener.positionChanged:373 
10-16 17:24:07.886 11476 11476 I ViewRootImpl@87ee6e[MainActivity]: ViewPostIme pointer 1
10-16 17:24:07.886 11476 11562 I ViewRootImpl@87ee6e[MainActivity]: mWNT: t=0x7af6c0e700 mBlastBufferQueue=0x7b5de49800 fn= 435 caller= android.view.SurfaceView.applyOrMergeTransaction:1455 android.view.SurfaceView.-$$Nest$mapplyOrMergeTransaction:0 android.view.SurfaceView$SurfaceViewPositionUpdateListener.positionChanged:1537 
10-16 17:24:07.887 11476 11562 I ViewRootImpl@87ee6e[MainActivity]: mWNT: t=0x7b5dc9f800 mBlastBufferQueue=0x7b5de49800 fn= 435 caller= android.view.ViewRootImpl.lambda$applyTransactionOnDraw$11$android-view-ViewRootImpl:12865 android.view.ViewRootImpl$$ExternalSyntheticLambda1.onFrameDraw:4 android.graphics.HardwareRenderer$FrameDrawingCallback.onFrameDraw:924 
10-16 17:24:07.895 11476 11476 I SurfaceView@8a71348: Changes: creating=false format=false size=false visible=false alpha=false hint=false mUseAlpha=false visible=false left=false top=true
10-16 17:24:07.896 11476 11476 I SurfaceView@8a71348: 145167176 Cur surface: Surface(name=null)/@0x94df101
10-16 17:24:07.896 11476 11476 I SurfaceView@8a71348: applyTransactionOnVriDraw: vri = ViewRootImpl@87ee6e[MainActivity] fRS = false t = 0x7b5dc9f900 android.view.SurfaceView.performSurfaceTransaction:959 android.view.SurfaceView.updateSurface:1105 android.view.SurfaceView.lambda$new$0$android-view-SurfaceView:200 
10-16 17:24:07.896 11476 11476 I ViewRootImpl@87ee6e[MainActivity]: applyTransactionOnDraw: mRemoved = false isHardwareEnabled = true t = 0x7b5dc9f900android.view.SurfaceView.applyTransactionOnVriDraw:2048 android.view.SurfaceView.performSurfaceTransaction:959 android.view.SurfaceView.updateSurface:1105 android.view.SurfaceView.lambda$new$0$android-view-SurfaceView:200 android.view.SurfaceView$$ExternalSyntheticLambda5.onPreDraw:2 
10-16 17:24:07.896 11476 11476 I SurfaceView@8a71348: updateSurface: mVisible = true mSurface.isValid() = true
10-16 17:24:07.896 11476 11476 I SurfaceView@8a71348: updateSurface: mSurfaceCreated = true surfaceChanged = false visibleChanged = false
10-16 17:24:07.896 11476 11476 V SurfaceView@8a71348: Layout: x=0 y=-1433 w=1080 h=525, frame=Rect(0, 0 - 1080, 525)
10-16 17:24:07.900 11476 11561 D SurfaceView@8a71348: updateSurfacePosition RenderWorker, frameNr = 436, position = [0, -1433, 1080, -908] surfaceSize = 1080x525
10-16 17:24:07.900 11476 11561 I SurfaceView@8a71348: uSP: rtp = Rect(0, -1433 - 1080, -908) rtsw = 1080 rtsh = 525
10-16 17:24:07.900 11476 11561 I SurfaceView@8a71348: onSSPAndSRT: pl = 0 pt = -1433 sx = 1.0 sy = 1.0
10-16 17:24:07.900 11476 11561 I SurfaceView@8a71348: aOrMT: ViewRootImpl@87ee6e[MainActivity] t = android.view.SurfaceControl$Transaction@da64c32 fN = 436 android.view.SurfaceView.-$$Nest$mapplyOrMergeTransaction:0 android.view.SurfaceView$SurfaceViewPositionUpdateListener.positionChanged:1537 android.graphics.RenderNode$CompositePositionUpdateListener.positionChanged:373 
10-16 17:24:07.901 11476 11561 I ViewRootImpl@87ee6e[MainActivity]: mWNT: t=0x7af6c0e700 mBlastBufferQueue=0x7b5de49800 fn= 436 caller= android.view.SurfaceView.applyOrMergeTransaction:1455 android.view.SurfaceView.-$$Nest$mapplyOrMergeTransaction:0 android.view.SurfaceView$SurfaceViewPositionUpdateListener.positionChanged:1537 
10-16 17:24:07.901 11476 11561 I ViewRootImpl@87ee6e[MainActivity]: mWNT: t=0x7b5dc9f900 mBlastBufferQueue=0x7b5de49800 fn= 436 caller= android.view.ViewRootImpl.lambda$applyTransactionOnDraw$11$android-view-ViewRootImpl:12865 android.view.ViewRootImpl$$ExternalSyntheticLambda1.onFrameDraw:4 android.graphics.HardwareRenderer$FrameDrawingCallback.onFrameDraw:924 
10-16 17:24:07.912 11476 11476 I SurfaceView@8a71348: Changes: creating=false format=false size=false visible=false alpha=false hint=false mUseAlpha=false visible=false left=false top=true
10-16 17:24:07.912 11476 11476 I SurfaceView@8a71348: 145167176 Cur surface: Surface(name=null)/@0x94df101
10-16 17:24:07.912 11476 11476 I SurfaceView@8a71348: applyTransactionOnVriDraw: vri = ViewRootImpl@87ee6e[MainActivity] fRS = false t = 0x7b5dc9fa00 android.view.SurfaceView.performSurfaceTransaction:959 android.view.SurfaceView.updateSurface:1105 android.view.SurfaceView.lambda$new$0$android-view-SurfaceView:200 
10-16 17:24:07.912 11476 11476 I ViewRootImpl@87ee6e[MainActivity]: applyTransactionOnDraw: mRemoved = false isHardwareEnabled = true t = 0x7b5dc9fa00android.view.SurfaceView.applyTransactionOnVriDraw:2048 android.view.SurfaceView.performSurfaceTransaction:959 android.view.SurfaceView.updateSurface:1105 android.view.SurfaceView.lambda$new$0$android-view-SurfaceView:200 android.view.SurfaceView$$ExternalSyntheticLambda5.onPreDraw:2 
10-16 17:24:07.913 11476 11476 I SurfaceView@8a71348: updateSurface: mVisible = true mSurface.isValid() = true
10-16 17:24:07.913 11476 11476 I SurfaceView@8a71348: updateSurface: mSurfaceCreated = true surfaceChanged = false visibleChanged = false
10-16 17:24:07.913 11476 11476 V SurfaceView@8a71348: Layout: x=0 y=-1343 w=1080 h=525, frame=Rect(0, 0 - 1080, 525)
10-16 17:24:07.916 11476 11562 I ViewRootImpl@87ee6e[MainActivity]: mWNT: t=0x7b5dc9fa00 mBlastBufferQueue=0x7b5de49800 fn= 437 caller= android.view.ViewRootImpl.lambda$applyTransactionOnDraw$11$android-view-ViewRootImpl:12865 android.view.ViewRootImpl$$ExternalSyntheticLambda1.onFrameDraw:4 android.graphics.HardwareRenderer$FrameDrawingCallback.onFrameDraw:924 
10-16 17:24:07.927 11476 11476 I SurfaceView@8a71348: Changes: creating=false format=false size=false visible=false alpha=false hint=false mUseAlpha=false visible=false left=false top=true
10-16 17:24:07.927 11476 11476 I SurfaceView@8a71348: 145167176 Cur surface: Surface(name=null)/@0x94df101
10-16 17:24:07.928 11476 11476 I SurfaceView@8a71348: applyTransactionOnVriDraw: vri = ViewRootImpl@87ee6e[MainActivity] fRS = false t = 0x7b5dc9fb00 android.view.SurfaceView.performSurfaceTransaction:959 android.view.SurfaceView.updateSurface:1105 android.view.SurfaceView.lambda$new$0$android-view-SurfaceView:200 
10-16 17:24:07.928 11476 11476 I ViewRootImpl@87ee6e[MainActivity]: applyTransactionOnDraw: mRemoved = false isHardwareEnabled = true t = 0x7b5dc9fb00android.view.SurfaceView.applyTransactionOnVriDraw:2048 android.view.SurfaceView.performSurfaceTransaction:959 android.view.SurfaceView.updateSurface:1105 android.view.SurfaceView.lambda$new$0$android-view-SurfaceView:200 android.view.SurfaceView$$ExternalSyntheticLambda5.onPreDraw:2 
10-16 17:24:07.928 11476 11476 I SurfaceView@8a71348: updateSurface: mVisible = true mSurface.isValid() = true
10-16 17:24:07.928 11476 11476 I SurfaceView@8a71348: updateSurface: mSurfaceCreated = true surfaceChanged = false visibleChanged = false
10-16 17:24:07.928 11476 11476 V SurfaceView@8a71348: Layout: x=0 y=-1207 w=1080 h=525, frame=Rect(0, 0 - 1080, 525)
10-16 17:24:07.932 11476 11561 D SurfaceView@8a71348: updateSurfacePosition RenderWorker, frameNr = 438, position = [0, -1207, 1080, -682] surfaceSize = 1080x525
10-16 17:24:07.932 11476 11561 I SurfaceView@8a71348: uSP: rtp = Rect(0, -1207 - 1080, -682) rtsw = 1080 rtsh = 525
10-16 17:24:07.932 11476 11561 I SurfaceView@8a71348: onSSPAndSRT: pl = 0 pt = -1207 sx = 1.0 sy = 1.0
10-16 17:24:07.933 11476 11561 I SurfaceView@8a71348: aOrMT: ViewRootImpl@87ee6e[MainActivity] t = android.view.SurfaceControl$Transaction@da64c32 fN = 438 android.view.SurfaceView.-$$Nest$mapplyOrMergeTransaction:0 android.view.SurfaceView$SurfaceViewPositionUpdateListener.positionChanged:1537 android.graphics.RenderNode$CompositePositionUpdateListener.positionChanged:373 
10-16 17:24:07.933 11476 11561 I ViewRootImpl@87ee6e[MainActivity]: mWNT: t=0x7af6c0e700 mBlastBufferQueue=0x7b5de49800 fn= 438 caller= android.view.SurfaceView.applyOrMergeTransaction:1455 android.view.SurfaceView.-$$Nest$mapplyOrMergeTransaction:0 android.view.SurfaceView$SurfaceViewPositionUpdateListener.positionChanged:1537 
10-16 17:24:07.933 11476 11561 I ViewRootImpl@87ee6e[MainActivity]: mWNT: t=0x7b5dc9fb00 mBlastBufferQueue=0x7b5de49800 fn= 438 caller= android.view.ViewRootImpl.lambda$applyTransactionOnDraw$11$android-view-ViewRootImpl:12865 android.view.ViewRootImpl$$ExternalSyntheticLambda1.onFrameDraw:4 android.graphics.HardwareRenderer$FrameDrawingCallback.onFrameDraw:924 
10-16 17:24:07.945 11476 11476 I SurfaceView@8a71348: Changes: creating=false format=false size=false visible=false alpha=false hint=false mUseAlpha=false visible=false left=false top=true
10-16 17:24:07.945 11476 11476 I SurfaceView@8a71348: 145167176 Cur surface: Surface(name=null)/@0x94df101
10-16 17:24:07.946 11476 11476 I SurfaceView@8a71348: applyTransactionOnVriDraw: vri = ViewRootImpl@87ee6e[MainActivity] fRS = false t = 0x7b5dc9fc00 android.view.SurfaceView.performSurfaceTransaction:959 android.view.SurfaceView.updateSurface:1105 android.view.SurfaceView.lambda$new$0$android-view-SurfaceView:200 
10-16 17:24:07.946 11476 11476 I ViewRootImpl@87ee6e[MainActivity]: applyTransactionOnDraw: mRemoved = false isHardwareEnabled = true t = 0x7b5dc9fc00android.view.SurfaceView.applyTransactionOnVriDraw:2048 android.view.SurfaceView.performSurfaceTransaction:959 android.view.SurfaceView.updateSurface:1105 android.view.SurfaceView.lambda$new$0$android-view-SurfaceView:200 android.view.SurfaceView$$ExternalSyntheticLambda5.onPreDraw:2 
10-16 17:24:07.946 11476 11476 I SurfaceView@8a71348: updateSurface: mVisible = true mSurface.isValid() = true
10-16 17:24:07.946 11476 11476 I SurfaceView@8a71348: updateSurface: mSurfaceCreated = true surfaceChanged = false visibleChanged = false
10-16 17:24:07.946 11476 11476 V SurfaceView@8a71348: Layout: x=0 y=-1039 w=1080 h=525, frame=Rect(0, 0 - 1080, 525)
10-16 17:24:07.950 11476 11562 D SurfaceView@8a71348: updateSurfacePosition RenderWorker, frameNr = 439, position = [0, -1039, 1080, -514] surfaceSize = 1080x525
10-16 17:24:07.950 11476 11562 I SurfaceView@8a71348: uSP: rtp = Rect(0, -1039 - 1080, -514) rtsw = 1080 rtsh = 525
10-16 17:24:07.950 11476 11562 I SurfaceView@8a71348: onSSPAndSRT: pl = 0 pt = -1039 sx = 1.0 sy = 1.0
10-16 17:24:07.950 11476 11562 I SurfaceView@8a71348: aOrMT: ViewRootImpl@87ee6e[MainActivity] t = android.view.SurfaceControl$Transaction@da64c32 fN = 439 android.view.SurfaceView.-$$Nest$mapplyOrMergeTransaction:0 android.view.SurfaceView$SurfaceViewPositionUpdateListener.positionChanged:1537 android.graphics.RenderNode$CompositePositionUpdateListener.positionChanged:373 
10-16 17:24:07.950 11476 11562 I ViewRootImpl@87ee6e[MainActivity]: mWNT: t=0x7af6c0e700 mBlastBufferQueue=0x7b5de49800 fn= 439 caller= android.view.SurfaceView.applyOrMergeTransaction:1455 android.view.SurfaceView.-$$Nest$mapplyOrMergeTransaction:0 android.view.SurfaceView$SurfaceViewPositionUpdateListener.positionChanged:1537 
10-16 17:24:07.951 11476 11562 I ViewRootImpl@87ee6e[MainActivity]: mWNT: t=0x7b5dc9fc00 mBlastBufferQueue=0x7b5de49800 fn= 439 caller= android.view.ViewRootImpl.lambda$applyTransactionOnDraw$11$android-view-ViewRootImpl:12865 android.view.ViewRootImpl$$ExternalSyntheticLambda1.onFrameDraw:4 android.graphics.HardwareRenderer$FrameDrawingCallback.onFrameDraw:924 
10-16 17:24:07.962 11476 11476 I SurfaceView@8a71348: Changes: creating=false format=false size=false visible=false alpha=false hint=false mUseAlpha=false visible=false left=false top=true
10-16 17:24:07.962 11476 11476 I SurfaceView@8a71348: 145167176 Cur surface: Surface(name=null)/@0x94df101
10-16 17:24:07.962 11476 11476 I SurfaceView@8a71348: applyTransactionOnVriDraw: vri = ViewRootImpl@87ee6e[MainActivity] fRS = false t = 0x7b5dc9fd00 android.view.SurfaceView.performSurfaceTransaction:959 android.view.SurfaceView.updateSurface:1105 android.view.SurfaceView.lambda$new$0$android-view-SurfaceView:200 
10-16 17:24:07.963 11476 11476 I ViewRootImpl@87ee6e[MainActivity]: applyTransactionOnDraw: mRemoved = false isHardwareEnabled = true t = 0x7b5dc9fd00android.view.SurfaceView.applyTransactionOnVriDraw:2048 android.view.SurfaceView.performSurfaceTransaction:959 android.view.SurfaceView.updateSurface:1105 android.view.SurfaceView.lambda$new$0$android-view-SurfaceView:200 android.view.SurfaceView$$ExternalSyntheticLambda5.onPreDraw:2 
10-16 17:24:07.963 11476 11476 I SurfaceView@8a71348: updateSurface: mVisible = true mSurface.isValid() = true
10-16 17:24:07.963 11476 11476 I SurfaceView@8a71348: updateSurface: mSurfaceCreated = true surfaceChanged = false visibleChanged = false
10-16 17:24:07.963 11476 11476 V SurfaceView@8a71348: Layout: x=0 y=-872 w=1080 h=525, frame=Rect(0, 0 - 1080, 525)
10-16 17:24:07.966 11476 11561 D SurfaceView@8a71348: updateSurfacePosition RenderWorker, frameNr = 440, position = [0, -872, 1080, -347] surfaceSize = 1080x525
10-16 17:24:07.966 11476 11561 I SurfaceView@8a71348: uSP: rtp = Rect(0, -872 - 1080, -347) rtsw = 1080 rtsh = 525
10-16 17:24:07.967 11476 11561 I SurfaceView@8a71348: onSSPAndSRT: pl = 0 pt = -872 sx = 1.0 sy = 1.0
10-16 17:24:07.967 11476 11561 I SurfaceView@8a71348: aOrMT: ViewRootImpl@87ee6e[MainActivity] t = android.view.SurfaceControl$Transaction@da64c32 fN = 440 android.view.SurfaceView.-$$Nest$mapplyOrMergeTransaction:0 android.view.SurfaceView$SurfaceViewPositionUpdateListener.positionChanged:1537 android.graphics.RenderNode$CompositePositionUpdateListener.positionChanged:373 
10-16 17:24:07.967 11476 11561 I ViewRootImpl@87ee6e[MainActivity]: mWNT: t=0x7af6c0e700 mBlastBufferQueue=0x7b5de49800 fn= 440 caller= android.view.SurfaceView.applyOrMergeTransaction:1455 android.view.SurfaceView.-$$Nest$mapplyOrMergeTransaction:0 android.view.SurfaceView$SurfaceViewPositionUpdateListener.positionChanged:1537 
10-16 17:24:07.967 11476 11561 I ViewRootImpl@87ee6e[MainActivity]: mWNT: t=0x7b5dc9fd00 mBlastBufferQueue=0x7b5de49800 fn= 440 caller= android.view.ViewRootImpl.lambda$applyTransactionOnDraw$11$android-view-ViewRootImpl:12865 android.view.ViewRootImpl$$ExternalSyntheticLambda1.onFrameDraw:4 android.graphics.HardwareRenderer$FrameDrawingCallback.onFrameDraw:924 
10-16 17:24:07.979 11476 11476 I SurfaceView@8a71348: Changes: creating=false format=false size=false visible=false alpha=false hint=false mUseAlpha=false visible=false left=false top=true
10-16 17:24:07.979 11476 11476 I SurfaceView@8a71348: 145167176 Cur surface: Surface(name=null)/@0x94df101
