--------- beginning of main
10-16 00:41:09.643 27266 27266 D InputTransport: Input channel destroyed: '24043a6', fd=164
10-16 00:41:09.674 27266 27266 I ViewRootImpl@48d3b3a[MainActivity]: MSG_WINDOW_FOCUS_CHANGED 1 0
10-16 00:41:09.675 27266 27266 I ViewRootImpl@48d3b3a[MainActivity]: mThreadedRenderer.initializeIfNeeded()#2 mSurface={isValid=true 0x7b474e0000}
10-16 00:41:09.679 27266 27266 D InputMethodManager: startInputInner - Id : 0
10-16 00:41:09.679 27266 27266 I InputMethodManager: startInputInner - mService.startInputOrWindowGainedFocus
10-16 00:41:10.849 27266 27266 I ViewRootImpl@48d3b3a[MainActivity]: ViewPostIme pointer 0
10-16 00:41:10.992 27266 27266 D WindowOnBackDispatcher: onBackInvoked, viewRoot=ViewRootImpl@9ddd715[MainActivity], callback=androidx.activity.OnBackPressedDispatcher$Api33Impl$$ExternalSyntheticLambda0@23bcddb
10-16 00:41:11.002 27266 27266 I IMM_LC  : hsifw() - flag : 0
10-16 00:41:11.002 27266 27266 I IMM_LC  : hsifw() - mService.hideSoftInput
10-16 00:41:11.009 27266 27266 D ScrollView: initGoToTop
10-16 00:41:11.044 27266 27266 E CoilImgLoader: Error loading image: coil3.request.NullRequestDataException: The request's data is null.
10-16 00:41:11.057 27266 27266 D ScrollView:  onsize change changed 
10-16 00:41:12.081 27266 27266 I ViewRootImpl@48d3b3a[MainActivity]: ViewPostIme pointer 0
10-16 00:41:12.215 27266 27266 D WindowOnBackDispatcher: onBackInvoked, viewRoot=ViewRootImpl@9ddd715[MainActivity], callback=androidx.activity.OnBackPressedDispatcher$Api33Impl$$ExternalSyntheticLambda0@23bcddb
10-16 00:41:12.222 27266 27266 I IMM_LC  : hsifw() - flag : 0
10-16 00:41:12.222 27266 27266 I IMM_LC  : hsifw() - mService.hideSoftInput
10-16 00:41:15.939 27266 27266 I ViewRootImpl@48d3b3a[MainActivity]: ViewPostIme pointer 0
10-16 00:41:15.987 27266 27266 I ViewRootImpl@48d3b3a[MainActivity]: ViewPostIme pointer 1
10-16 00:41:16.001 27266 27266 I NavComponent: Navigating to fragment: 2131362274
10-16 00:41:16.009 27266 27266 I IMM_LC  : hsifw() - flag : 0
10-16 00:41:16.009 27266 27266 I IMM_LC  : hsifw() - mService.hideSoftInput
10-16 00:41:16.057 27266 27266 D ScrollView: initGoToTop
10-16 00:41:16.321 27266 27266 I SurfaceView@d232ec3: onWindowVisibilityChanged(0) true android.view.SurfaceView{d232ec3 V.E..V... ......I. 0,0-0,0} of ViewRootImpl@48d3b3a[MainActivity]
10-16 00:41:16.321 27266 27266 D SurfaceView@d232ec3: updateSurface: has no frame
10-16 00:41:16.326 27266 27266 I CS3ExoPlayer: SET STYLE = SaveCaptionStyle(foregroundColor=-1, backgroundColor=0, windowColor=0, edgeType=1, edgeColor=-16777216, typeface=null, typefaceFilePath=null, elevation=20, fixedTextSize=null, edgeSize=null, removeCaptions=false, removeBloat=true, upperCase=false, bold=false, italic=false, backgroundRadius=null)
10-16 00:41:16.334 27266 27266 I IMM_LC  : hsifw() - flag : 0
10-16 00:41:16.334 27266 27266 I IMM_LC  : hsifw() - mService.hideSoftInput
10-16 00:41:16.336 27266 27327 I SYNCVM  : addFromUrl = https://asia2tv.com/serie/loves-ambition-%d8%b7%d9%85%d9%88%d8%ad-%d8%a7%d9%84%d8%ad%d8%a8
10-16 00:41:16.336 27266 27327 I SYNCUTIL: getIdsFromUrl https://asia2tv.com/serie/loves-ambition-%d8%b7%d9%85%d9%88%d8%ad-%d8%a7%d9%84%d8%ad%d8%a8
10-16 00:41:16.338 27266 27324 I RVM2    : applyMeta
10-16 00:41:16.352 27266 27266 I SurfaceView@d232ec3: onWindowVisibilityChanged(8) false android.view.SurfaceView{d232ec3 V.E..V... ......I. 0,0-0,0} of ViewRootImpl@48d3b3a[MainActivity]
10-16 00:41:16.352 27266 27266 D SurfaceView@d232ec3: updateSurface: has no frame
10-16 00:41:16.352 27266 27266 D SurfaceView@d232ec3: updateSurface: has no frame
10-16 00:41:16.352 27266 27266 I SurfaceView@d232ec3: onDetachedFromWindow: tryReleaseSurfaces()
10-16 00:41:16.352 27266 27266 I SurfaceView@d232ec3: releaseSurfaces: viewRoot = ViewRootImpl@48d3b3a[MainActivity]
10-16 00:41:16.352 27266 27266 I SurfaceView@d232ec3: applyTransactionOnVriDraw: vri = ViewRootImpl@48d3b3a[MainActivity] fRS = true t = 0x7b0a873f00 android.view.SurfaceView.releaseSurfaces:858 android.view.SurfaceView.onDetachedFromWindow:500 android.view.View.dispatchDetachedFromWindow:22538 
10-16 00:41:16.352 27266 27266 I SurfaceView@d232ec3: applyTransactionOnVriDraw: viewRoot.applyTransactionOnDrawFromReleaseSurfaces
10-16 00:41:16.352 27266 27266 I ViewRootImpl@48d3b3a[MainActivity]: applyTransactionOnDraw: mRemoved = false isHardwareEnabled = true t = 0x7b0a873f00android.view.ViewRootImpl.applyTransactionOnDrawFromReleaseSurfaces:12850 android.view.SurfaceView.applyTransactionOnVriDraw:2046 android.view.SurfaceView.releaseSurfaces:858 android.view.SurfaceView.onDetachedFromWindow:500 android.view.View.dispatchDetachedFromWindow:22538 
10-16 00:41:16.354 27266 27266 I SurfaceView@d232ec3: onWindowVisibilityChanged(0) true android.view.SurfaceView{d232ec3 V.E..V... ......I. 0,0-0,0} of ViewRootImpl@48d3b3a[MainActivity]
10-16 00:41:16.354 27266 27266 D SurfaceView@d232ec3: updateSurface: has no frame
10-16 00:41:16.357 27266 27266 I DecorView: notifyKeepScreenOnChanged: keepScreenOn=false
10-16 00:41:16.364 27266 27266 I CS3ExoPlayer: reloadPlayer
10-16 00:41:16.364 27266 27266 I CS3ExoPlayer: releasePlayer
10-16 00:41:16.365 27266 27266 I CS3ExoPlayer: Handle event: PlayerAttachedEvent(player=null, source=Player)
10-16 00:41:16.370 27266 27266 I ViewRootImpl@48d3b3a[MainActivity]: performTraversals params={(0,0)(fillxfill) sim={state=always_hidden adjust=resize} ty=BASE_APPLICATION wanim=0x1030309
10-16 00:41:16.370 27266 27266 I ViewRootImpl@48d3b3a[MainActivity]:   fl=85810100
10-16 00:41:16.370 27266 27266 I ViewRootImpl@48d3b3a[MainActivity]:   pfl=12020040
10-16 00:41:16.370 27266 27266 I ViewRootImpl@48d3b3a[MainActivity]:   vsysui=500
10-16 00:41:16.370 27266 27266 I ViewRootImpl@48d3b3a[MainActivity]:   bhv=DEFAULT
10-16 00:41:16.370 27266 27266 I ViewRootImpl@48d3b3a[MainActivity]:   fitSides= naviIconColor=0}
10-16 00:41:16.370 27266 27266 I ViewRootImpl@48d3b3a[MainActivity]: performTraversals mFirst=false windowShouldResize=false viewVisibilityChanged=false mForceNextWindowRelayout=false params={(0,0)(fillxfill) sim={state=always_hidden adjust=resize} ty=BASE_APPLICATION fmt=TRANSLUCENT wanim=0x1030309
10-16 00:41:16.370 27266 27266 I ViewRootImpl@48d3b3a[MainActivity]:   fl=85810100
10-16 00:41:16.370 27266 27266 I ViewRootImpl@48d3b3a[MainActivity]:   pfl=12020040
10-16 00:41:16.370 27266 27266 I ViewRootImpl@48d3b3a[MainActivity]:   vsysui=500
10-16 00:41:16.370 27266 27266 I ViewRootImpl@48d3b3a[MainActivity]:   bhv=DEFAULT
10-16 00:41:16.370 27266 27266 I ViewRootImpl@48d3b3a[MainActivity]:   fitSides= naviIconColor=0}
10-16 00:41:16.377 27266 27266 I ViewRootImpl@48d3b3a[MainActivity]: updateBlastSurfaceIfNeeded mBlastBufferQueue=0x7b47381500 isSameSurfaceControl=true
10-16 00:41:16.377 27266 27266 I BLASTBufferQueue: update, w= 1080 h= 2400 mName = ViewRootImpl@48d3b3a[MainActivity] mNativeObject= 0x7b47381500 sc.mNativeObject= 0x7adbc0ee40 format= -3 caller= android.view.ViewRootImpl.updateBlastSurfaceIfNeeded:2898 android.view.ViewRootImpl.relayoutWindow:9847 android.view.ViewRootImpl.performTraversals:3884 android.view.ViewRootImpl.doTraversal:3116 android.view.ViewRootImpl$TraversalRunnable.run:10885 android.view.Choreographer$CallbackRecord.run:1301 
10-16 00:41:16.377 27266 27266 I ViewRootImpl@48d3b3a[MainActivity]: Relayout returned: old=(0,0,1080,2400) new=(0,0,1080,2400) req=(1080,2400)0 dur=6 res=0x0 s={true 0x7b474e0000} ch=false seqId=0
10-16 00:41:16.378 27266 27266 W View    : requestLayout() improperly called by android.widget.FrameLayout{8d6f764 I.E..V... ......I. 0,0-0,0 #7f0a04e7 app:id/start_panel} during layout: running second layout pass
10-16 00:41:16.378 27266 27266 W View    : requestLayout() improperly called by android.widget.FrameLayout{e3ffdcd I.E..V... ......ID 1080,0-1080,2143 #7f0a0168 app:id/end_panel} during layout: running second layout pass
10-16 00:41:16.379 27266 27266 D SurfaceView@d232ec3: updateSurface: has no frame
10-16 00:41:16.385 27266 27354 I ViewRootImpl@48d3b3a[MainActivity]: mWNT: t=0x7b0a873f00 mBlastBufferQueue=0x7b47381500 fn= 75 caller= android.view.ViewRootImpl.lambda$applyTransactionOnDraw$11$android-view-ViewRootImpl:12865 android.view.ViewRootImpl$$ExternalSyntheticLambda1.onFrameDraw:4 android.graphics.HardwareRenderer$FrameDrawingCallback.onFrameDraw:924 
10-16 00:41:16.387 27266 27266 E CoilImgLoader: Error loading image: coil3.request.NullRequestDataException: The request's data is null.
10-16 00:41:16.389 27266 27266 E CoilImgLoader: Error loading image: coil3.request.NullRequestDataException: The request's data is null.
10-16 00:41:16.409 27266 27326 I SYNCVM  : addFromUrl = https://asia2tv.com/serie/loves-ambition-%d8%b7%d9%85%d9%88%d8%ad-%d8%a7%d9%84%d8%ad%d8%a8
10-16 00:41:16.409 27266 27326 I SYNCUTIL: getIdsFromUrl https://asia2tv.com/serie/loves-ambition-%d8%b7%d9%85%d9%88%d8%ad-%d8%a7%d9%84%d8%ad%d8%a8
10-16 00:41:16.574 27266 27266 D SurfaceView@d232ec3: updateSurface: has no frame
10-16 00:41:16.578 27266 27266 I SurfaceView@d232ec3: Changes: creating=true format=true size=true visible=true alpha=false hint=false mUseAlpha=false visible=true left=true top=true
10-16 00:41:16.581 27266 27266 I BLASTBufferQueue: update, w= 1080 h= 525 mName = null mNativeObject= 0x7ca9456100 sc.mNativeObject= 0x7b24995260 format= 4 caller= android.view.SurfaceView.createBlastSurfaceControls:1383 android.view.SurfaceView.updateSurface:1079 android.view.SurfaceView.lambda$new$0$android-view-SurfaceView:200 android.view.SurfaceView$$ExternalSyntheticLambda5.onPreDraw:2 android.view.ViewTreeObserver.dispatchOnPreDraw:1121 android.view.ViewRootImpl.performTraversals:4442 
10-16 00:41:16.581 27266 27266 I SurfaceView@d232ec3: 220409539 Cur surface: Surface(name=null)/@0xb6866fe
10-16 00:41:16.581 27266 27266 I SurfaceView@d232ec3: pST: sr = Rect(0, 218 - 1080, 743) sw = 1080 sh = 525
10-16 00:41:16.581 27266 27266 D SurfaceView@d232ec3: performSurfaceTransaction RenderWorker position = [0, 218, 1080, 743] surfaceSize = 1080x525
10-16 00:41:16.581 27266 27266 I SurfaceView@d232ec3: applyTransactionOnVriDraw: vri = ViewRootImpl@48d3b3a[MainActivity] fRS = false t = 0x7adbf81300 android.view.SurfaceView.performSurfaceTransaction:959 android.view.SurfaceView.updateSurface:1105 android.view.SurfaceView.lambda$new$0$android-view-SurfaceView:200 
10-16 00:41:16.581 27266 27266 I ViewRootImpl@48d3b3a[MainActivity]: applyTransactionOnDraw: mRemoved = false isHardwareEnabled = true t = 0x7adbf81300android.view.SurfaceView.applyTransactionOnVriDraw:2048 android.view.SurfaceView.performSurfaceTransaction:959 android.view.SurfaceView.updateSurface:1105 android.view.SurfaceView.lambda$new$0$android-view-SurfaceView:200 android.view.SurfaceView$$ExternalSyntheticLambda5.onPreDraw:2 
10-16 00:41:16.581 27266 27266 I SurfaceView@d232ec3: updateSurface: mVisible = true mSurface.isValid() = true
10-16 00:41:16.581 27266 27266 I SurfaceView@d232ec3: updateSurface: mSurfaceCreated = false surfaceChanged = true visibleChanged = true
10-16 00:41:16.581 27266 27266 I SurfaceView@d232ec3: visibleChanged -- surfaceCreated
10-16 00:41:16.582 27266 27266 I SurfaceView@d232ec3: surfaceCreated 0 #8 android.view.SurfaceView{d232ec3 V.E..V... ......ID 0,0-1080,525}
10-16 00:41:16.582 27266 27266 I SurfaceView@d232ec3: surfaceChanged -- format=4 w=1080 h=525
10-16 00:41:16.582 27266 27266 I SurfaceView@d232ec3: surfaceChanged (1080,525) 0 #8 android.view.SurfaceView{d232ec3 V.E..V... ......ID 0,0-1080,525}
10-16 00:41:16.582 27266 27266 I SurfaceView@d232ec3: surfaceRedrawNeeded
10-16 00:41:16.582 27266 27266 V SurfaceView@d232ec3: Layout: x=0 y=218 w=1080 h=525, frame=Rect(0, 0 - 1080, 525)
10-16 00:41:16.602 27266 27353 D SurfaceView@d232ec3: updateSurfacePosition RenderWorker, frameNr = 76, position = [54, 314, 1026, 787] surfaceSize = 1080x525
10-16 00:41:16.602 27266 27353 I SurfaceView@d232ec3: uSP: rtp = Rect(54, 314 - 1026, 787) rtsw = 1080 rtsh = 525
10-16 00:41:16.602 27266 27353 I SurfaceView@d232ec3: onSSPAndSRT: pl = 54 pt = 314 sx = 0.9 sy = 0.9009524
10-16 00:41:16.602 27266 27353 I SurfaceView@d232ec3: aOrMT: ViewRootImpl@48d3b3a[MainActivity] t = android.view.SurfaceControl$Transaction@d7d8175 fN = 76 android.view.SurfaceView.-$$Nest$mapplyOrMergeTransaction:0 android.view.SurfaceView$SurfaceViewPositionUpdateListener.positionChanged:1537 android.graphics.RenderNode$CompositePositionUpdateListener.positionChanged:373 
10-16 00:41:16.603 27266 27353 I ViewRootImpl@48d3b3a[MainActivity]: mWNT: t=0x7adbf81400 mBlastBufferQueue=0x7b47381500 fn= 76 caller= android.view.SurfaceView.applyOrMergeTransaction:1455 android.view.SurfaceView.-$$Nest$mapplyOrMergeTransaction:0 android.view.SurfaceView$SurfaceViewPositionUpdateListener.positionChanged:1537 
10-16 00:41:16.603 27266 27354 I ViewRootImpl@48d3b3a[MainActivity]: mWNT: t=0x7adbf81300 mBlastBufferQueue=0x7b47381500 fn= 76 caller= android.view.ViewRootImpl.lambda$applyTransactionOnDraw$11$android-view-ViewRootImpl:12865 android.view.ViewRootImpl$$ExternalSyntheticLambda1.onFrameDraw:4 android.graphics.HardwareRenderer$FrameDrawingCallback.onFrameDraw:924 
10-16 00:41:16.617 27266 27353 D SurfaceView@d232ec3: updateSurfacePosition RenderWorker, frameNr = 77, position = [47, 303, 1033, 782] surfaceSize = 1080x525
10-16 00:41:16.617 27266 27353 I SurfaceView@d232ec3: uSP: rtp = Rect(47, 303 - 1033, 782) rtsw = 1080 rtsh = 525
10-16 00:41:16.617 27266 27353 I SurfaceView@d232ec3: onSSPAndSRT: pl = 47 pt = 303 sx = 0.912963 sy = 0.91238093
10-16 00:41:16.618 27266 27353 I SurfaceView@d232ec3: aOrMT: ViewRootImpl@48d3b3a[MainActivity] t = android.view.SurfaceControl$Transaction@d7d8175 fN = 77 android.view.SurfaceView.-$$Nest$mapplyOrMergeTransaction:0 android.view.SurfaceView$SurfaceViewPositionUpdateListener.positionChanged:1537 android.graphics.RenderNode$CompositePositionUpdateListener.positionChanged:373 
10-16 00:41:16.618 27266 27353 I ViewRootImpl@48d3b3a[MainActivity]: mWNT: t=0x7adbf81400 mBlastBufferQueue=0x7b47381500 fn= 77 caller= android.view.SurfaceView.applyOrMergeTransaction:1455 android.view.SurfaceView.-$$Nest$mapplyOrMergeTransaction:0 android.view.SurfaceView$SurfaceViewPositionUpdateListener.positionChanged:1537 
10-16 00:41:16.628 27266 27266 I SurfaceView@d232ec3: finishedDrawing
10-16 00:41:16.649 27266 27354 D SurfaceView@d232ec3: updateSurfacePosition RenderWorker, frameNr = 78, position = [0, 218, 1080, 743] surfaceSize = 1080x525
10-16 00:41:16.649 27266 27354 I SurfaceView@d232ec3: uSP: rtp = Rect(0, 218 - 1080, 743) rtsw = 1080 rtsh = 525
10-16 00:41:16.649 27266 27354 I SurfaceView@d232ec3: onSSPAndSRT: pl = 0 pt = 218 sx = 1.0 sy = 1.0
10-16 00:41:16.650 27266 27354 I SurfaceView@d232ec3: aOrMT: ViewRootImpl@48d3b3a[MainActivity] t = android.view.SurfaceControl$Transaction@d7d8175 fN = 78 android.view.SurfaceView.-$$Nest$mapplyOrMergeTransaction:0 android.view.SurfaceView$SurfaceViewPositionUpdateListener.positionChanged:1537 android.graphics.RenderNode$CompositePositionUpdateListener.positionChanged:373 
10-16 00:41:16.650 27266 27354 I ViewRootImpl@48d3b3a[MainActivity]: mWNT: t=0x7adbf81400 mBlastBufferQueue=0x7b47381500 fn= 78 caller= android.view.SurfaceView.applyOrMergeTransaction:1455 android.view.SurfaceView.-$$Nest$mapplyOrMergeTransaction:0 android.view.SurfaceView$SurfaceViewPositionUpdateListener.positionChanged:1537 
10-16 00:41:19.579 27266 27266 I ViewRootImpl@48d3b3a[MainActivity]: ViewPostIme pointer 0
10-16 00:41:19.621 27266 27266 I SurfaceView@d232ec3: Changes: creating=false format=false size=false visible=false alpha=false hint=false mUseAlpha=false visible=false left=false top=true
10-16 00:41:19.622 27266 27266 I SurfaceView@d232ec3: 220409539 Cur surface: Surface(name=null)/@0xb6866fe
10-16 00:41:19.622 27266 27266 I SurfaceView@d232ec3: applyTransactionOnVriDraw: vri = ViewRootImpl@48d3b3a[MainActivity] fRS = false t = 0x7b284e3800 android.view.SurfaceView.performSurfaceTransaction:959 android.view.SurfaceView.updateSurface:1105 android.view.SurfaceView.lambda$new$0$android-view-SurfaceView:200 
10-16 00:41:19.623 27266 27266 I ViewRootImpl@48d3b3a[MainActivity]: applyTransactionOnDraw: mRemoved = false isHardwareEnabled = true t = 0x7b284e3800android.view.SurfaceView.applyTransactionOnVriDraw:2048 android.view.SurfaceView.performSurfaceTransaction:959 android.view.SurfaceView.updateSurface:1105 android.view.SurfaceView.lambda$new$0$android-view-SurfaceView:200 android.view.SurfaceView$$ExternalSyntheticLambda5.onPreDraw:2 
10-16 00:41:19.623 27266 27266 I SurfaceView@d232ec3: updateSurface: mVisible = true mSurface.isValid() = true
10-16 00:41:19.624 27266 27266 I SurfaceView@d232ec3: updateSurface: mSurfaceCreated = true surfaceChanged = false visibleChanged = false
10-16 00:41:19.624 27266 27266 V SurfaceView@d232ec3: Layout: x=0 y=199 w=1080 h=525, frame=Rect(0, 0 - 1080, 525)
10-16 00:41:19.627 27266 27353 D SurfaceView@d232ec3: updateSurfacePosition RenderWorker, frameNr = 112, position = [0, 199, 1080, 724] surfaceSize = 1080x525
10-16 00:41:19.627 27266 27353 I SurfaceView@d232ec3: uSP: rtp = Rect(0, 199 - 1080, 724) rtsw = 1080 rtsh = 525
10-16 00:41:19.627 27266 27353 I SurfaceView@d232ec3: onSSPAndSRT: pl = 0 pt = 199 sx = 1.0 sy = 1.0
10-16 00:41:19.628 27266 27353 I SurfaceView@d232ec3: aOrMT: ViewRootImpl@48d3b3a[MainActivity] t = android.view.SurfaceControl$Transaction@d7d8175 fN = 112 android.view.SurfaceView.-$$Nest$mapplyOrMergeTransaction:0 android.view.SurfaceView$SurfaceViewPositionUpdateListener.positionChanged:1537 android.graphics.RenderNode$CompositePositionUpdateListener.positionChanged:373 
10-16 00:41:19.628 27266 27353 I ViewRootImpl@48d3b3a[MainActivity]: mWNT: t=0x7adbf81400 mBlastBufferQueue=0x7b47381500 fn= 112 caller= android.view.SurfaceView.applyOrMergeTransaction:1455 android.view.SurfaceView.-$$Nest$mapplyOrMergeTransaction:0 android.view.SurfaceView$SurfaceViewPositionUpdateListener.positionChanged:1537 
10-16 00:41:19.629 27266 27353 I ViewRootImpl@48d3b3a[MainActivity]: mWNT: t=0x7b284e3800 mBlastBufferQueue=0x7b47381500 fn= 112 caller= android.view.ViewRootImpl.lambda$applyTransactionOnDraw$11$android-view-ViewRootImpl:12865 android.view.ViewRootImpl$$ExternalSyntheticLambda1.onFrameDraw:4 android.graphics.HardwareRenderer$FrameDrawingCallback.onFrameDraw:924 
10-16 00:41:19.633 27266 27266 I SurfaceView@d232ec3: Changes: creating=false format=false size=false visible=false alpha=false hint=false mUseAlpha=false visible=false left=false top=true
10-16 00:41:19.634 27266 27266 I SurfaceView@d232ec3: 220409539 Cur surface: Surface(name=null)/@0xb6866fe
10-16 00:41:19.635 27266 27266 I SurfaceView@d232ec3: applyTransactionOnVriDraw: vri = ViewRootImpl@48d3b3a[MainActivity] fRS = false t = 0x7adbf81800 android.view.SurfaceView.performSurfaceTransaction:959 android.view.SurfaceView.updateSurface:1105 android.view.SurfaceView.lambda$new$0$android-view-SurfaceView:200 
10-16 00:41:19.635 27266 27266 I ViewRootImpl@48d3b3a[MainActivity]: applyTransactionOnDraw: mRemoved = false isHardwareEnabled = true t = 0x7adbf81800android.view.SurfaceView.applyTransactionOnVriDraw:2048 android.view.SurfaceView.performSurfaceTransaction:959 android.view.SurfaceView.updateSurface:1105 android.view.SurfaceView.lambda$new$0$android-view-SurfaceView:200 android.view.SurfaceView$$ExternalSyntheticLambda5.onPreDraw:2 
10-16 00:41:19.636 27266 27266 I SurfaceView@d232ec3: updateSurface: mVisible = true mSurface.isValid() = true
10-16 00:41:19.636 27266 27266 I SurfaceView@d232ec3: updateSurface: mSurfaceCreated = true surfaceChanged = false visibleChanged = false
10-16 00:41:19.636 27266 27266 V SurfaceView@d232ec3: Layout: x=0 y=148 w=1080 h=525, frame=Rect(0, 0 - 1080, 525)
10-16 00:41:19.646 27266 27354 D SurfaceView@d232ec3: updateSurfacePosition RenderWorker, frameNr = 113, position = [0, 148, 1080, 673] surfaceSize = 1080x525
10-16 00:41:19.646 27266 27354 I SurfaceView@d232ec3: uSP: rtp = Rect(0, 148 - 1080, 673) rtsw = 1080 rtsh = 525
10-16 00:41:19.646 27266 27354 I SurfaceView@d232ec3: onSSPAndSRT: pl = 0 pt = 148 sx = 1.0 sy = 1.0
10-16 00:41:19.647 27266 27354 I SurfaceView@d232ec3: aOrMT: ViewRootImpl@48d3b3a[MainActivity] t = android.view.SurfaceControl$Transaction@d7d8175 fN = 113 android.view.SurfaceView.-$$Nest$mapplyOrMergeTransaction:0 android.view.SurfaceView$SurfaceViewPositionUpdateListener.positionChanged:1537 android.graphics.RenderNode$CompositePositionUpdateListener.positionChanged:373 
10-16 00:41:19.647 27266 27354 I ViewRootImpl@48d3b3a[MainActivity]: mWNT: t=0x7adbf81400 mBlastBufferQueue=0x7b47381500 fn= 113 caller= android.view.SurfaceView.applyOrMergeTransaction:1455 android.view.SurfaceView.-$$Nest$mapplyOrMergeTransaction:0 android.view.SurfaceView$SurfaceViewPositionUpdateListener.positionChanged:1537 
10-16 00:41:19.648 27266 27354 I ViewRootImpl@48d3b3a[MainActivity]: mWNT: t=0x7adbf81800 mBlastBufferQueue=0x7b47381500 fn= 113 caller= android.view.ViewRootImpl.lambda$applyTransactionOnDraw$11$android-view-ViewRootImpl:12865 android.view.ViewRootImpl$$ExternalSyntheticLambda1.onFrameDraw:4 android.graphics.HardwareRenderer$FrameDrawingCallback.onFrameDraw:924 
10-16 00:41:19.654 27266 27266 I SurfaceView@d232ec3: Changes: creating=false format=false size=false visible=false alpha=false hint=false mUseAlpha=false visible=false left=false top=true
10-16 00:41:19.654 27266 27266 I SurfaceView@d232ec3: 220409539 Cur surface: Surface(name=null)/@0xb6866fe
10-16 00:41:19.654 27266 27266 I SurfaceView@d232ec3: applyTransactionOnVriDraw: vri = ViewRootImpl@48d3b3a[MainActivity] fRS = false t = 0x7adbf81a00 android.view.SurfaceView.performSurfaceTransaction:959 android.view.SurfaceView.updateSurface:1105 android.view.SurfaceView.lambda$new$0$android-view-SurfaceView:200 
10-16 00:41:19.655 27266 27266 I ViewRootImpl@48d3b3a[MainActivity]: applyTransactionOnDraw: mRemoved = false isHardwareEnabled = true t = 0x7adbf81a00android.view.SurfaceView.applyTransactionOnVriDraw:2048 android.view.SurfaceView.performSurfaceTransaction:959 android.view.SurfaceView.updateSurface:1105 android.view.SurfaceView.lambda$new$0$android-view-SurfaceView:200 android.view.SurfaceView$$ExternalSyntheticLambda5.onPreDraw:2 
10-16 00:41:19.655 27266 27266 I SurfaceView@d232ec3: updateSurface: mVisible = true mSurface.isValid() = true
10-16 00:41:19.655 27266 27266 I SurfaceView@d232ec3: updateSurface: mSurfaceCreated = true surfaceChanged = false visibleChanged = false
10-16 00:41:19.655 27266 27266 V SurfaceView@d232ec3: Layout: x=0 y=92 w=1080 h=525, frame=Rect(0, 0 - 1080, 525)
10-16 00:41:19.664 27266 27353 D SurfaceView@d232ec3: updateSurfacePosition RenderWorker, frameNr = 114, position = [0, 92, 1080, 617] surfaceSize = 1080x525
10-16 00:41:19.664 27266 27353 I SurfaceView@d232ec3: uSP: rtp = Rect(0, 92 - 1080, 617) rtsw = 1080 rtsh = 525
10-16 00:41:19.664 27266 27353 I SurfaceView@d232ec3: onSSPAndSRT: pl = 0 pt = 92 sx = 1.0 sy = 1.0
10-16 00:41:19.664 27266 27353 I SurfaceView@d232ec3: aOrMT: ViewRootImpl@48d3b3a[MainActivity] t = android.view.SurfaceControl$Transaction@d7d8175 fN = 114 android.view.SurfaceView.-$$Nest$mapplyOrMergeTransaction:0 android.view.SurfaceView$SurfaceViewPositionUpdateListener.positionChanged:1537 android.graphics.RenderNode$CompositePositionUpdateListener.positionChanged:373 
10-16 00:41:19.665 27266 27353 I ViewRootImpl@48d3b3a[MainActivity]: mWNT: t=0x7adbf81400 mBlastBufferQueue=0x7b47381500 fn= 114 caller= android.view.SurfaceView.applyOrMergeTransaction:1455 android.view.SurfaceView.-$$Nest$mapplyOrMergeTransaction:0 android.view.SurfaceView$SurfaceViewPositionUpdateListener.positionChanged:1537 
10-16 00:41:19.665 27266 27353 I ViewRootImpl@48d3b3a[MainActivity]: mWNT: t=0x7adbf81a00 mBlastBufferQueue=0x7b47381500 fn= 114 caller= android.view.ViewRootImpl.lambda$applyTransactionOnDraw$11$android-view-ViewRootImpl:12865 android.view.ViewRootImpl$$ExternalSyntheticLambda1.onFrameDraw:4 android.graphics.HardwareRenderer$FrameDrawingCallback.onFrameDraw:924 
10-16 00:41:19.670 27266 27266 I SurfaceView@d232ec3: Changes: creating=false format=false size=false visible=false alpha=false hint=false mUseAlpha=false visible=false left=false top=true
10-16 00:41:19.670 27266 27266 I SurfaceView@d232ec3: 220409539 Cur surface: Surface(name=null)/@0xb6866fe
10-16 00:41:19.671 27266 27266 I SurfaceView@d232ec3: applyTransactionOnVriDraw: vri = ViewRootImpl@48d3b3a[MainActivity] fRS = false t = 0x7adbf81b00 android.view.SurfaceView.performSurfaceTransaction:959 android.view.SurfaceView.updateSurface:1105 android.view.SurfaceView.lambda$new$0$android-view-SurfaceView:200 
10-16 00:41:19.671 27266 27266 I ViewRootImpl@48d3b3a[MainActivity]: applyTransactionOnDraw: mRemoved = false isHardwareEnabled = true t = 0x7adbf81b00android.view.SurfaceView.applyTransactionOnVriDraw:2048 android.view.SurfaceView.performSurfaceTransaction:959 android.view.SurfaceView.updateSurface:1105 android.view.SurfaceView.lambda$new$0$android-view-SurfaceView:200 android.view.SurfaceView$$ExternalSyntheticLambda5.onPreDraw:2 
10-16 00:41:19.671 27266 27266 I SurfaceView@d232ec3: updateSurface: mVisible = true mSurface.isValid() = true
10-16 00:41:19.671 27266 27266 I SurfaceView@d232ec3: updateSurface: mSurfaceCreated = true surfaceChanged = false visibleChanged = false
10-16 00:41:19.672 27266 27266 V SurfaceView@d232ec3: Layout: x=0 y=36 w=1080 h=525, frame=Rect(0, 0 - 1080, 525)
10-16 00:41:19.675 27266 27354 D SurfaceView@d232ec3: updateSurfacePosition RenderWorker, frameNr = 115, position = [0, 36, 1080, 561] surfaceSize = 1080x525
10-16 00:41:19.675 27266 27354 I SurfaceView@d232ec3: uSP: rtp = Rect(0, 36 - 1080, 561) rtsw = 1080 rtsh = 525
10-16 00:41:19.675 27266 27354 I SurfaceView@d232ec3: onSSPAndSRT: pl = 0 pt = 36 sx = 1.0 sy = 1.0
10-16 00:41:19.675 27266 27354 I SurfaceView@d232ec3: aOrMT: ViewRootImpl@48d3b3a[MainActivity] t = android.view.SurfaceControl$Transaction@d7d8175 fN = 115 android.view.SurfaceView.-$$Nest$mapplyOrMergeTransaction:0 android.view.SurfaceView$SurfaceViewPositionUpdateListener.positionChanged:1537 android.graphics.RenderNode$CompositePositionUpdateListener.positionChanged:373 
10-16 00:41:19.676 27266 27354 I ViewRootImpl@48d3b3a[MainActivity]: mWNT: t=0x7adbf81400 mBlastBufferQueue=0x7b47381500 fn= 115 caller= android.view.SurfaceView.applyOrMergeTransaction:1455 android.view.SurfaceView.-$$Nest$mapplyOrMergeTransaction:0 android.view.SurfaceView$SurfaceViewPositionUpdateListener.positionChanged:1537 
10-16 00:41:19.677 27266 27354 I ViewRootImpl@48d3b3a[MainActivity]: mWNT: t=0x7adbf81b00 mBlastBufferQueue=0x7b47381500 fn= 115 caller= android.view.ViewRootImpl.lambda$applyTransactionOnDraw$11$android-view-ViewRootImpl:12865 android.view.ViewRootImpl$$ExternalSyntheticLambda1.onFrameDraw:4 android.graphics.HardwareRenderer$FrameDrawingCallback.onFrameDraw:924 
10-16 00:41:19.681 27266 27266 I SurfaceView@d232ec3: Changes: creating=false format=false size=false visible=false alpha=false hint=false mUseAlpha=false visible=false left=false top=true
10-16 00:41:19.681 27266 27266 I SurfaceView@d232ec3: 220409539 Cur surface: Surface(name=null)/@0xb6866fe
10-16 00:41:19.682 27266 27266 I SurfaceView@d232ec3: applyTransactionOnVriDraw: vri = ViewRootImpl@48d3b3a[MainActivity] fRS = false t = 0x7adbf81c00 android.view.SurfaceView.performSurfaceTransaction:959 android.view.SurfaceView.updateSurface:1105 android.view.SurfaceView.lambda$new$0$android-view-SurfaceView:200 
10-16 00:41:19.682 27266 27266 I ViewRootImpl@48d3b3a[MainActivity]: applyTransactionOnDraw: mRemoved = false isHardwareEnabled = true t = 0x7adbf81c00android.view.SurfaceView.applyTransactionOnVriDraw:2048 android.view.SurfaceView.performSurfaceTransaction:959 android.view.SurfaceView.updateSurface:1105 android.view.SurfaceView.lambda$new$0$android-view-SurfaceView:200 android.view.SurfaceView$$ExternalSyntheticLambda5.onPreDraw:2 
10-16 00:41:19.682 27266 27266 I SurfaceView@d232ec3: updateSurface: mVisible = true mSurface.isValid() = true
10-16 00:41:19.682 27266 27266 I SurfaceView@d232ec3: updateSurface: mSurfaceCreated = true surfaceChanged = false visibleChanged = false
10-16 00:41:19.682 27266 27266 V SurfaceView@d232ec3: Layout: x=0 y=-6 w=1080 h=525, frame=Rect(0, 0 - 1080, 525)
10-16 00:41:19.692 27266 27353 D SurfaceView@d232ec3: updateSurfacePosition RenderWorker, frameNr = 116, position = [0, -6, 1080, 519] surfaceSize = 1080x525
10-16 00:41:19.692 27266 27353 I SurfaceView@d232ec3: uSP: rtp = Rect(0, -6 - 1080, 519) rtsw = 1080 rtsh = 525
10-16 00:41:19.693 27266 27353 I SurfaceView@d232ec3: onSSPAndSRT: pl = 0 pt = -6 sx = 1.0 sy = 1.0
10-16 00:41:19.693 27266 27354 I ViewRootImpl@48d3b3a[MainActivity]: mWNT: t=0x7adbf81c00 mBlastBufferQueue=0x7b47381500 fn= 116 caller= android.view.ViewRootImpl.lambda$applyTransactionOnDraw$11$android-view-ViewRootImpl:12865 android.view.ViewRootImpl$$ExternalSyntheticLambda1.onFrameDraw:4 android.graphics.HardwareRenderer$FrameDrawingCallback.onFrameDraw:924 
10-16 00:41:19.693 27266 27266 I ViewRootImpl@48d3b3a[MainActivity]: ViewPostIme pointer 1
10-16 00:41:19.693 27266 27353 I SurfaceView@d232ec3: aOrMT: ViewRootImpl@48d3b3a[MainActivity] t = android.view.SurfaceControl$Transaction@d7d8175 fN = 116 android.view.SurfaceView.-$$Nest$mapplyOrMergeTransaction:0 android.view.SurfaceView$SurfaceViewPositionUpdateListener.positionChanged:1537 android.graphics.RenderNode$CompositePositionUpdateListener.positionChanged:373 
10-16 00:41:19.693 27266 27353 I ViewRootImpl@48d3b3a[MainActivity]: mWNT: t=0x7adbf81400 mBlastBufferQueue=0x7b47381500 fn= 116 caller= android.view.SurfaceView.applyOrMergeTransaction:1455 android.view.SurfaceView.-$$Nest$mapplyOrMergeTransaction:0 android.view.SurfaceView$SurfaceViewPositionUpdateListener.positionChanged:1537 
10-16 00:41:19.723 27266 27354 D SurfaceView@d232ec3: updateSurfacePosition RenderWorker, frameNr = 118, position = [0, -38, 1080, 487] surfaceSize = 1080x525
10-16 00:41:19.723 27266 27354 I SurfaceView@d232ec3: uSP: rtp = Rect(0, -38 - 1080, 487) rtsw = 1080 rtsh = 525
10-16 00:41:19.723 27266 27354 I SurfaceView@d232ec3: onSSPAndSRT: pl = 0 pt = -38 sx = 1.0 sy = 1.0
10-16 00:41:19.723 27266 27354 I SurfaceView@d232ec3: aOrMT: ViewRootImpl@48d3b3a[MainActivity] t = android.view.SurfaceControl$Transaction@d7d8175 fN = 118 android.view.SurfaceView.-$$Nest$mapplyOrMergeTransaction:0 android.view.SurfaceView$SurfaceViewPositionUpdateListener.positionChanged:1537 android.graphics.RenderNode$CompositePositionUpdateListener.positionChanged:373 
10-16 00:41:19.723 27266 27354 I ViewRootImpl@48d3b3a[MainActivity]: mWNT: t=0x7adbf81400 mBlastBufferQueue=0x7b47381500 fn= 118 caller= android.view.SurfaceView.applyOrMergeTransaction:1455 android.view.SurfaceView.-$$Nest$mapplyOrMergeTransaction:0 android.view.SurfaceView$SurfaceViewPositionUpdateListener.positionChanged:1537 
10-16 00:41:19.731 27266 27266 I SurfaceView@d232ec3: Changes: creating=false format=false size=false visible=false alpha=false hint=false mUseAlpha=false visible=false left=false top=true
10-16 00:41:19.731 27266 27266 I SurfaceView@d232ec3: 220409539 Cur surface: Surface(name=null)/@0xb6866fe
10-16 00:41:19.731 27266 27266 I SurfaceView@d232ec3: applyTransactionOnVriDraw: vri = ViewRootImpl@48d3b3a[MainActivity] fRS = false t = 0x7adbf81d00 android.view.SurfaceView.performSurfaceTransaction:959 android.view.SurfaceView.updateSurface:1105 android.view.SurfaceView.lambda$new$0$android-view-SurfaceView:200 
10-16 00:41:19.731 27266 27266 I ViewRootImpl@48d3b3a[MainActivity]: applyTransactionOnDraw: mRemoved = false isHardwareEnabled = true t = 0x7adbf81d00android.view.SurfaceView.applyTransactionOnVriDraw:2048 android.view.SurfaceView.performSurfaceTransaction:959 android.view.SurfaceView.updateSurface:1105 android.view.SurfaceView.lambda$new$0$android-view-SurfaceView:200 android.view.SurfaceView$$ExternalSyntheticLambda5.onPreDraw:2 
10-16 00:41:19.732 27266 27266 I SurfaceView@d232ec3: updateSurface: mVisible = true mSurface.isValid() = true
10-16 00:41:19.732 27266 27266 I SurfaceView@d232ec3: updateSurface: mSurfaceCreated = true surfaceChanged = false visibleChanged = false
10-16 00:41:19.732 27266 27266 V SurfaceView@d232ec3: Layout: x=0 y=-38 w=1080 h=525, frame=Rect(0, 0 - 1080, 525)
10-16 00:41:19.742 27266 27353 D SurfaceView@d232ec3: updateSurfacePosition RenderWorker, frameNr = 119, position = [0, -86, 1080, 439] surfaceSize = 1080x525
10-16 00:41:19.742 27266 27353 I SurfaceView@d232ec3: uSP: rtp = Rect(0, -86 - 1080, 439) rtsw = 1080 rtsh = 525
10-16 00:41:19.742 27266 27353 I SurfaceView@d232ec3: onSSPAndSRT: pl = 0 pt = -86 sx = 1.0 sy = 1.0
10-16 00:41:19.742 27266 27353 I SurfaceView@d232ec3: aOrMT: ViewRootImpl@48d3b3a[MainActivity] t = android.view.SurfaceControl$Transaction@d7d8175 fN = 119 android.view.SurfaceView.-$$Nest$mapplyOrMergeTransaction:0 android.view.SurfaceView$SurfaceViewPositionUpdateListener.positionChanged:1537 android.graphics.RenderNode$CompositePositionUpdateListener.positionChanged:373 
10-16 00:41:19.743 27266 27353 I ViewRootImpl@48d3b3a[MainActivity]: mWNT: t=0x7adbf81400 mBlastBufferQueue=0x7b47381500 fn= 119 caller= android.view.SurfaceView.applyOrMergeTransaction:1455 android.view.SurfaceView.-$$Nest$mapplyOrMergeTransaction:0 android.view.SurfaceView$SurfaceViewPositionUpdateListener.positionChanged:1537 
10-16 00:41:19.743 27266 27353 I ViewRootImpl@48d3b3a[MainActivity]: mWNT: t=0x7adbf81d00 mBlastBufferQueue=0x7b47381500 fn= 119 caller= android.view.ViewRootImpl.lambda$applyTransactionOnDraw$11$android-view-ViewRootImpl:12865 android.view.ViewRootImpl$$ExternalSyntheticLambda1.onFrameDraw:4 android.graphics.HardwareRenderer$FrameDrawingCallback.onFrameDraw:924 
10-16 00:41:19.747 27266 27266 I SurfaceView@d232ec3: Changes: creating=false format=false size=false visible=false alpha=false hint=false mUseAlpha=false visible=false left=false top=true
10-16 00:41:19.747 27266 27266 I SurfaceView@d232ec3: 220409539 Cur surface: Surface(name=null)/@0xb6866fe
10-16 00:41:19.748 27266 27266 I SurfaceView@d232ec3: applyTransactionOnVriDraw: vri = ViewRootImpl@48d3b3a[MainActivity] fRS = false t = 0x7adbf81e00 android.view.SurfaceView.performSurfaceTransaction:959 android.view.SurfaceView.updateSurface:1105 android.view.SurfaceView.lambda$new$0$android-view-SurfaceView:200 
10-16 00:41:19.748 27266 27266 I ViewRootImpl@48d3b3a[MainActivity]: applyTransactionOnDraw: mRemoved = false isHardwareEnabled = true t = 0x7adbf81e00android.view.SurfaceView.applyTransactionOnVriDraw:2048 android.view.SurfaceView.performSurfaceTransaction:959 android.view.SurfaceView.updateSurface:1105 android.view.SurfaceView.lambda$new$0$android-view-SurfaceView:200 android.view.SurfaceView$$ExternalSyntheticLambda5.onPreDraw:2 
10-16 00:41:19.748 27266 27266 I SurfaceView@d232ec3: updateSurface: mVisible = true mSurface.isValid() = true
10-16 00:41:19.748 27266 27266 I SurfaceView@d232ec3: updateSurface: mSurfaceCreated = true surfaceChanged = false visibleChanged = false
10-16 00:41:19.748 27266 27266 V SurfaceView@d232ec3: Layout: x=0 y=-86 w=1080 h=525, frame=Rect(0, 0 - 1080, 525)
10-16 00:41:19.756 27266 27354 D SurfaceView@d232ec3: updateSurfacePosition RenderWorker, frameNr = 120, position = [0, -145, 1080, 380] surfaceSize = 1080x525
10-16 00:41:19.756 27266 27354 I SurfaceView@d232ec3: uSP: rtp = Rect(0, -145 - 1080, 380) rtsw = 1080 rtsh = 525
10-16 00:41:19.757 27266 27354 I SurfaceView@d232ec3: onSSPAndSRT: pl = 0 pt = -145 sx = 1.0 sy = 1.0
10-16 00:41:19.757 27266 27354 I SurfaceView@d232ec3: aOrMT: ViewRootImpl@48d3b3a[MainActivity] t = android.view.SurfaceControl$Transaction@d7d8175 fN = 120 android.view.SurfaceView.-$$Nest$mapplyOrMergeTransaction:0 android.view.SurfaceView$SurfaceViewPositionUpdateListener.positionChanged:1537 android.graphics.RenderNode$CompositePositionUpdateListener.positionChanged:373 
10-16 00:41:19.757 27266 27354 I ViewRootImpl@48d3b3a[MainActivity]: mWNT: t=0x7adbf81400 mBlastBufferQueue=0x7b47381500 fn= 120 caller= android.view.SurfaceView.applyOrMergeTransaction:1455 android.view.SurfaceView.-$$Nest$mapplyOrMergeTransaction:0 android.view.SurfaceView$SurfaceViewPositionUpdateListener.positionChanged:1537 
10-16 00:41:19.757 27266 27354 I ViewRootImpl@48d3b3a[MainActivity]: mWNT: t=0x7adbf81e00 mBlastBufferQueue=0x7b47381500 fn= 120 caller= android.view.ViewRootImpl.lambda$applyTransactionOnDraw$11$android-view-ViewRootImpl:12865 android.view.ViewRootImpl$$ExternalSyntheticLambda1.onFrameDraw:4 android.graphics.HardwareRenderer$FrameDrawingCallback.onFrameDraw:924 
10-16 00:41:19.764 27266 27266 I SurfaceView@d232ec3: Changes: creating=false format=false size=false visible=false alpha=false hint=false mUseAlpha=false visible=false left=false top=true
10-16 00:41:19.764 27266 27266 I SurfaceView@d232ec3: 220409539 Cur surface: Surface(name=null)/@0xb6866fe
10-16 00:41:19.764 27266 27266 I SurfaceView@d232ec3: applyTransactionOnVriDraw: vri = ViewRootImpl@48d3b3a[MainActivity] fRS = false t = 0x7adbf81f00 android.view.SurfaceView.performSurfaceTransaction:959 android.view.SurfaceView.updateSurface:1105 android.view.SurfaceView.lambda$new$0$android-view-SurfaceView:200 
10-16 00:41:19.764 27266 27266 I ViewRootImpl@48d3b3a[MainActivity]: applyTransactionOnDraw: mRemoved = false isHardwareEnabled = true t = 0x7adbf81f00android.view.SurfaceView.applyTransactionOnVriDraw:2048 android.view.SurfaceView.performSurfaceTransaction:959 android.view.SurfaceView.updateSurface:1105 android.view.SurfaceView.lambda$new$0$android-view-SurfaceView:200 android.view.SurfaceView$$ExternalSyntheticLambda5.onPreDraw:2 
10-16 00:41:19.765 27266 27266 I SurfaceView@d232ec3: updateSurface: mVisible = true mSurface.isValid() = true
10-16 00:41:19.765 27266 27266 I SurfaceView@d232ec3: updateSurface: mSurfaceCreated = true surfaceChanged = false visibleChanged = false
10-16 00:41:19.765 27266 27266 V SurfaceView@d232ec3: Layout: x=0 y=-145 w=1080 h=525, frame=Rect(0, 0 - 1080, 525)
10-16 00:41:19.776 27266 27353 D SurfaceView@d232ec3: updateSurfacePosition RenderWorker, frameNr = 121, position = [0, -208, 1080, 317] surfaceSize = 1080x525
10-16 00:41:19.776 27266 27353 I SurfaceView@d232ec3: uSP: rtp = Rect(0, -208 - 1080, 317) rtsw = 1080 rtsh = 525
10-16 00:41:19.776 27266 27353 I SurfaceView@d232ec3: onSSPAndSRT: pl = 0 pt = -208 sx = 1.0 sy = 1.0
10-16 00:41:19.776 27266 27353 I SurfaceView@d232ec3: aOrMT: ViewRootImpl@48d3b3a[MainActivity] t = android.view.SurfaceControl$Transaction@d7d8175 fN = 121 android.view.SurfaceView.-$$Nest$mapplyOrMergeTransaction:0 android.view.SurfaceView$SurfaceViewPositionUpdateListener.positionChanged:1537 android.graphics.RenderNode$CompositePositionUpdateListener.positionChanged:373 
10-16 00:41:19.776 27266 27353 I ViewRootImpl@48d3b3a[MainActivity]: mWNT: t=0x7adbf81400 mBlastBufferQueue=0x7b47381500 fn= 121 caller= android.view.SurfaceView.applyOrMergeTransaction:1455 android.view.SurfaceView.-$$Nest$mapplyOrMergeTransaction:0 android.view.SurfaceView$SurfaceViewPositionUpdateListener.positionChanged:1537 
10-16 00:41:19.777 27266 27353 I ViewRootImpl@48d3b3a[MainActivity]: mWNT: t=0x7adbf81f00 mBlastBufferQueue=0x7b47381500 fn= 121 caller= android.view.ViewRootImpl.lambda$applyTransactionOnDraw$11$android-view-ViewRootImpl:12865 android.view.ViewRootImpl$$ExternalSyntheticLambda1.onFrameDraw:4 android.graphics.HardwareRenderer$FrameDrawingCallback.onFrameDraw:924 
10-16 00:41:19.780 27266 27266 I SurfaceView@d232ec3: Changes: creating=false format=false size=false visible=false alpha=false hint=false mUseAlpha=false visible=false left=false top=true
10-16 00:41:19.780 27266 27266 I SurfaceView@d232ec3: 220409539 Cur surface: Surface(name=null)/@0xb6866fe
10-16 00:41:19.781 27266 27266 I SurfaceView@d232ec3: applyTransactionOnVriDraw: vri = ViewRootImpl@48d3b3a[MainActivity] fRS = false t = 0x7b281a2000 android.view.SurfaceView.performSurfaceTransaction:959 android.view.SurfaceView.updateSurface:1105 android.view.SurfaceView.lambda$new$0$android-view-SurfaceView:200 
10-16 00:41:19.781 27266 27266 I ViewRootImpl@48d3b3a[MainActivity]: applyTransactionOnDraw: mRemoved = false isHardwareEnabled = true t = 0x7b281a2000android.view.SurfaceView.applyTransactionOnVriDraw:2048 android.view.SurfaceView.performSurfaceTransaction:959 android.view.SurfaceView.updateSurface:1105 android.view.SurfaceView.lambda$new$0$android-view-SurfaceView:200 android.view.SurfaceView$$ExternalSyntheticLambda5.onPreDraw:2 
10-16 00:41:19.781 27266 27266 I SurfaceView@d232ec3: updateSurface: mVisible = true mSurface.isValid() = true
10-16 00:41:19.781 27266 27266 I SurfaceView@d232ec3: updateSurface: mSurfaceCreated = true surfaceChanged = false visibleChanged = false
10-16 00:41:19.781 27266 27266 V SurfaceView@d232ec3: Layout: x=0 y=-208 w=1080 h=525, frame=Rect(0, 0 - 1080, 525)
10-16 00:41:19.793 27266 27354 D SurfaceView@d232ec3: updateSurfacePosition RenderWorker, frameNr = 122, position = [0, -269, 1080, 256] surfaceSize = 1080x525
10-16 00:41:19.794 27266 27354 I SurfaceView@d232ec3: uSP: rtp = Rect(0, -269 - 1080, 256) rtsw = 1080 rtsh = 525
10-16 00:41:19.794 27266 27354 I SurfaceView@d232ec3: onSSPAndSRT: pl = 0 pt = -269 sx = 1.0 sy = 1.0
10-16 00:41:19.794 27266 27354 I SurfaceView@d232ec3: aOrMT: ViewRootImpl@48d3b3a[MainActivity] t = android.view.SurfaceControl$Transaction@d7d8175 fN = 122 android.view.SurfaceView.-$$Nest$mapplyOrMergeTransaction:0 android.view.SurfaceView$SurfaceViewPositionUpdateListener.positionChanged:1537 android.graphics.RenderNode$CompositePositionUpdateListener.positionChanged:373 
10-16 00:41:19.794 27266 27354 I ViewRootImpl@48d3b3a[MainActivity]: mWNT: t=0x7adbf81400 mBlastBufferQueue=0x7b47381500 fn= 122 caller= android.view.SurfaceView.applyOrMergeTransaction:1455 android.view.SurfaceView.-$$Nest$mapplyOrMergeTransaction:0 android.view.SurfaceView$SurfaceViewPositionUpdateListener.positionChanged:1537 
10-16 00:41:19.794 27266 27354 I ViewRootImpl@48d3b3a[MainActivity]: mWNT: t=0x7b281a2000 mBlastBufferQueue=0x7b47381500 fn= 122 caller= android.view.ViewRootImpl.lambda$applyTransactionOnDraw$11$android-view-ViewRootImpl:12865 android.view.ViewRootImpl$$ExternalSyntheticLambda1.onFrameDraw:4 android.graphics.HardwareRenderer$FrameDrawingCallback.onFrameDraw:924 
10-16 00:41:19.796 27266 27266 I SurfaceView@d232ec3: Changes: creating=false format=false size=false visible=false alpha=false hint=false mUseAlpha=false visible=false left=false top=true
10-16 00:41:19.796 27266 27266 I SurfaceView@d232ec3: 220409539 Cur surface: Surface(name=null)/@0xb6866fe
10-16 00:41:19.797 27266 27266 I SurfaceView@d232ec3: applyTransactionOnVriDraw: vri = ViewRootImpl@48d3b3a[MainActivity] fRS = false t = 0x7b281a2100 android.view.SurfaceView.performSurfaceTransaction:959 android.view.SurfaceView.updateSurface:1105 android.view.SurfaceView.lambda$new$0$android-view-SurfaceView:200 
10-16 00:41:19.797 27266 27266 I ViewRootImpl@48d3b3a[MainActivity]: applyTransactionOnDraw: mRemoved = false isHardwareEnabled = true t = 0x7b281a2100android.view.SurfaceView.applyTransactionOnVriDraw:2048 android.view.SurfaceView.performSurfaceTransaction:959 android.view.SurfaceView.updateSurface:1105 android.view.SurfaceView.lambda$new$0$android-view-SurfaceView:200 android.view.SurfaceView$$ExternalSyntheticLambda5.onPreDraw:2 
10-16 00:41:19.797 27266 27266 I SurfaceView@d232ec3: updateSurface: mVisible = true mSurface.isValid() = true
10-16 00:41:19.797 27266 27266 I SurfaceView@d232ec3: updateSurface: mSurfaceCreated = true surfaceChanged = false visibleChanged = false
10-16 00:41:19.797 27266 27266 V SurfaceView@d232ec3: Layout: x=0 y=-269 w=1080 h=525, frame=Rect(0, 0 - 1080, 525)
10-16 00:41:19.810 27266 27353 D SurfaceView@d232ec3: updateSurfacePosition RenderWorker, frameNr = 123, position = [0, -328, 1080, 197] surfaceSize = 1080x525
10-16 00:41:19.810 27266 27353 I SurfaceView@d232ec3: uSP: rtp = Rect(0, -328 - 1080, 197) rtsw = 1080 rtsh = 525
10-16 00:41:19.810 27266 27353 I SurfaceView@d232ec3: onSSPAndSRT: pl = 0 pt = -328 sx = 1.0 sy = 1.0
10-16 00:41:19.811 27266 27353 I SurfaceView@d232ec3: aOrMT: ViewRootImpl@48d3b3a[MainActivity] t = android.view.SurfaceControl$Transaction@d7d8175 fN = 123 android.view.SurfaceView.-$$Nest$mapplyOrMergeTransaction:0 android.view.SurfaceView$SurfaceViewPositionUpdateListener.positionChanged:1537 android.graphics.RenderNode$CompositePositionUpdateListener.positionChanged:373 
10-16 00:41:19.811 27266 27353 I ViewRootImpl@48d3b3a[MainActivity]: mWNT: t=0x7adbf81400 mBlastBufferQueue=0x7b47381500 fn= 123 caller= android.view.SurfaceView.applyOrMergeTransaction:1455 android.view.SurfaceView.-$$Nest$mapplyOrMergeTransaction:0 android.view.SurfaceView$SurfaceViewPositionUpdateListener.positionChanged:1537 
10-16 00:41:19.811 27266 27353 I ViewRootImpl@48d3b3a[MainActivity]: mWNT: t=0x7b281a2100 mBlastBufferQueue=0x7b47381500 fn= 123 caller= android.view.ViewRootImpl.lambda$applyTransactionOnDraw$11$android-view-ViewRootImpl:12865 android.view.ViewRootImpl$$ExternalSyntheticLambda1.onFrameDraw:4 android.graphics.HardwareRenderer$FrameDrawingCallback.onFrameDraw:924 
10-16 00:41:19.814 27266 27266 I SurfaceView@d232ec3: Changes: creating=false format=false size=false visible=false alpha=false hint=false mUseAlpha=false visible=false left=false top=true
10-16 00:41:19.814 27266 27266 I SurfaceView@d232ec3: 220409539 Cur surface: Surface(name=null)/@0xb6866fe
10-16 00:41:19.814 27266 27266 I SurfaceView@d232ec3: applyTransactionOnVriDraw: vri = ViewRootImpl@48d3b3a[MainActivity] fRS = false t = 0x7b281a2200 android.view.SurfaceView.performSurfaceTransaction:959 android.view.SurfaceView.updateSurface:1105 android.view.SurfaceView.lambda$new$0$android-view-SurfaceView:200 
10-16 00:41:19.814 27266 27266 I ViewRootImpl@48d3b3a[MainActivity]: applyTransactionOnDraw: mRemoved = false isHardwareEnabled = true t = 0x7b281a2200android.view.SurfaceView.applyTransactionOnVriDraw:2048 android.view.SurfaceView.performSurfaceTransaction:959 android.view.SurfaceView.updateSurface:1105 android.view.SurfaceView.lambda$new$0$android-view-SurfaceView:200 android.view.SurfaceView$$ExternalSyntheticLambda5.onPreDraw:2 
10-16 00:41:19.814 27266 27266 I SurfaceView@d232ec3: updateSurface: mVisible = true mSurface.isValid() = true
10-16 00:41:19.815 27266 27266 I SurfaceView@d232ec3: updateSurface: mSurfaceCreated = true surfaceChanged = false visibleChanged = false
10-16 00:41:19.815 27266 27266 V SurfaceView@d232ec3: Layout: x=0 y=-328 w=1080 h=525, frame=Rect(0, 0 - 1080, 525)
10-16 00:41:19.824 27266 27354 D SurfaceView@d232ec3: updateSurfacePosition RenderWorker, frameNr = 124, position = [0, -386, 1080, 139] surfaceSize = 1080x525
10-16 00:41:19.824 27266 27354 I SurfaceView@d232ec3: uSP: rtp = Rect(0, -386 - 1080, 139) rtsw = 1080 rtsh = 525
10-16 00:41:19.824 27266 27354 I SurfaceView@d232ec3: onSSPAndSRT: pl = 0 pt = -386 sx = 1.0 sy = 1.0
10-16 00:41:19.824 27266 27354 I SurfaceView@d232ec3: aOrMT: ViewRootImpl@48d3b3a[MainActivity] t = android.view.SurfaceControl$Transaction@d7d8175 fN = 124 android.view.SurfaceView.-$$Nest$mapplyOrMergeTransaction:0 android.view.SurfaceView$SurfaceViewPositionUpdateListener.positionChanged:1537 android.graphics.RenderNode$CompositePositionUpdateListener.positionChanged:373 
10-16 00:41:19.825 27266 27354 I ViewRootImpl@48d3b3a[MainActivity]: mWNT: t=0x7adbf81400 mBlastBufferQueue=0x7b47381500 fn= 124 caller= android.view.SurfaceView.applyOrMergeTransaction:1455 android.view.SurfaceView.-$$Nest$mapplyOrMergeTransaction:0 android.view.SurfaceView$SurfaceViewPositionUpdateListener.positionChanged:1537 
10-16 00:41:19.825 27266 27354 I ViewRootImpl@48d3b3a[MainActivity]: mWNT: t=0x7b281a2200 mBlastBufferQueue=0x7b47381500 fn= 124 caller= android.view.ViewRootImpl.lambda$applyTransactionOnDraw$11$android-view-ViewRootImpl:12865 android.view.ViewRootImpl$$ExternalSyntheticLambda1.onFrameDraw:4 android.graphics.HardwareRenderer$FrameDrawingCallback.onFrameDraw:924 
10-16 00:41:19.830 27266 27266 I SurfaceView@d232ec3: Changes: creating=false format=false size=false visible=false alpha=false hint=false mUseAlpha=false visible=false left=false top=true
10-16 00:41:19.830 27266 27266 I SurfaceView@d232ec3: 220409539 Cur surface: Surface(name=null)/@0xb6866fe
10-16 00:41:19.831 27266 27266 I SurfaceView@d232ec3: applyTransactionOnVriDraw: vri = ViewRootImpl@48d3b3a[MainActivity] fRS = false t = 0x7b281a2300 android.view.SurfaceView.performSurfaceTransaction:959 android.view.SurfaceView.updateSurface:1105 android.view.SurfaceView.lambda$new$0$android-view-SurfaceView:200 
10-16 00:41:19.831 27266 27266 I ViewRootImpl@48d3b3a[MainActivity]: applyTransactionOnDraw: mRemoved = false isHardwareEnabled = true t = 0x7b281a2300android.view.SurfaceView.applyTransactionOnVriDraw:2048 android.view.SurfaceView.performSurfaceTransaction:959 android.view.SurfaceView.updateSurface:1105 android.view.SurfaceView.lambda$new$0$android-view-SurfaceView:200 android.view.SurfaceView$$ExternalSyntheticLambda5.onPreDraw:2 
10-16 00:41:19.831 27266 27266 I SurfaceView@d232ec3: updateSurface: mVisible = true mSurface.isValid() = true
10-16 00:41:19.831 27266 27266 I SurfaceView@d232ec3: updateSurface: mSurfaceCreated = true surfaceChanged = false visibleChanged = false
10-16 00:41:19.831 27266 27266 V SurfaceView@d232ec3: Layout: x=0 y=-386 w=1080 h=525, frame=Rect(0, 0 - 1080, 525)
10-16 00:41:19.839 27266 27353 D SurfaceView@d232ec3: updateSurfacePosition RenderWorker, frameNr = 125, position = [0, -445, 1080, 80] surfaceSize = 1080x525
10-16 00:41:19.839 27266 27353 I SurfaceView@d232ec3: uSP: rtp = Rect(0, -445 - 1080, 80) rtsw = 1080 rtsh = 525
10-16 00:41:19.839 27266 27353 I SurfaceView@d232ec3: onSSPAndSRT: pl = 0 pt = -445 sx = 1.0 sy = 1.0
