10-16 01:51:31.618 12113 12113 I ViewRootImpl@97403c7[MainActivity]: applyTransactionOnDraw: mRemoved = false isHardwareEnabled = true t = 0x7b32d87900android.view.SurfaceView.applyTransactionOnVriDraw:2048 android.view.SurfaceView.performSurfaceTransaction:959 android.view.SurfaceView.updateSurface:1105 android.view.SurfaceView.lambda$new$0$android-view-SurfaceView:200 android.view.SurfaceView$$ExternalSyntheticLambda5.onPreDraw:2 
10-16 01:51:31.618 12113 12113 I SurfaceView@476b54d: updateSurface: mVisible = true mSurface.isValid() = true
10-16 01:51:31.618 12113 12113 I SurfaceView@476b54d: updateSurface: mSurfaceCreated = true surfaceChanged = false visibleChanged = false
10-16 01:51:31.618 12113 12113 V SurfaceView@476b54d: Layout: x=0 y=-1811 w=1080 h=525, frame=Rect(0, 0 - 1080, 525)
10-16 01:51:31.629 12113 12212 D SurfaceView@476b54d: updateSurfacePosition RenderWorker, frameNr = 725, position = [0, -1811, 1080, -1286] surfaceSize = 1080x525
10-16 01:51:31.629 12113 12212 I SurfaceView@476b54d: uSP: rtp = Rect(0, -1811 - 1080, -1286) rtsw = 1080 rtsh = 525
10-16 01:51:31.629 12113 12212 I SurfaceView@476b54d: onSSPAndSRT: pl = 0 pt = -1811 sx = 1.0 sy = 1.0
10-16 01:51:31.630 12113 12212 I SurfaceView@476b54d: aOrMT: ViewRootImpl@97403c7[MainActivity] t = android.view.SurfaceControl$Transaction@a20ad06 fN = 725 android.view.SurfaceView.-$$Nest$mapplyOrMergeTransaction:0 android.view.SurfaceView$SurfaceViewPositionUpdateListener.positionChanged:1537 android.graphics.RenderNode$CompositePositionUpdateListener.positionChanged:373 
10-16 01:51:31.630 12113 12212 I ViewRootImpl@97403c7[MainActivity]: mWNT: t=0x7b32a46000 mBlastBufferQueue=0x7b5c186700 fn= 725 caller= android.view.SurfaceView.applyOrMergeTransaction:1455 android.view.SurfaceView.-$$Nest$mapplyOrMergeTransaction:0 android.view.SurfaceView$SurfaceViewPositionUpdateListener.positionChanged:1537 
10-16 01:51:31.630 12113 12212 I ViewRootImpl@97403c7[MainActivity]: mWNT: t=0x7b32d87900 mBlastBufferQueue=0x7b5c186700 fn= 725 caller= android.view.ViewRootImpl.lambda$applyTransactionOnDraw$11$android-view-ViewRootImpl:12865 android.view.ViewRootImpl$$ExternalSyntheticLambda1.onFrameDraw:4 android.graphics.HardwareRenderer$FrameDrawingCallback.onFrameDraw:924 
10-16 01:51:31.633 12113 12113 I SurfaceView@476b54d: Changes: creating=false format=false size=false visible=false alpha=false hint=false mUseAlpha=false visible=false left=false top=true
10-16 01:51:31.634 12113 12113 I SurfaceView@476b54d: 74888525 Cur surface: Surface(name=null)/@0x43a4e65
10-16 01:51:31.634 12113 12113 I SurfaceView@476b54d: applyTransactionOnVriDraw: vri = ViewRootImpl@97403c7[MainActivity] fRS = false t = 0x7b32d87a00 android.view.SurfaceView.performSurfaceTransaction:959 android.view.SurfaceView.updateSurface:1105 android.view.SurfaceView.lambda$new$0$android-view-SurfaceView:200 
10-16 01:51:31.634 12113 12113 I ViewRootImpl@97403c7[MainActivity]: applyTransactionOnDraw: mRemoved = false isHardwareEnabled = true t = 0x7b32d87a00android.view.SurfaceView.applyTransactionOnVriDraw:2048 android.view.SurfaceView.performSurfaceTransaction:959 android.view.SurfaceView.updateSurface:1105 android.view.SurfaceView.lambda$new$0$android-view-SurfaceView:200 android.view.SurfaceView$$ExternalSyntheticLambda5.onPreDraw:2 
10-16 01:51:31.634 12113 12113 I SurfaceView@476b54d: updateSurface: mVisible = true mSurface.isValid() = true
10-16 01:51:31.634 12113 12113 I SurfaceView@476b54d: updateSurface: mSurfaceCreated = true surfaceChanged = false visibleChanged = false
10-16 01:51:31.634 12113 12113 V SurfaceView@476b54d: Layout: x=0 y=-1883 w=1080 h=525, frame=Rect(0, 0 - 1080, 525)
10-16 01:51:31.646 12113 12213 D SurfaceView@476b54d: updateSurfacePosition RenderWorker, frameNr = 726, position = [0, -1883, 1080, -1358] surfaceSize = 1080x525
10-16 01:51:31.646 12113 12213 I SurfaceView@476b54d: uSP: rtp = Rect(0, -1883 - 1080, -1358) rtsw = 1080 rtsh = 525
10-16 01:51:31.646 12113 12213 I SurfaceView@476b54d: onSSPAndSRT: pl = 0 pt = -1883 sx = 1.0 sy = 1.0
10-16 01:51:31.647 12113 12213 I SurfaceView@476b54d: aOrMT: ViewRootImpl@97403c7[MainActivity] t = android.view.SurfaceControl$Transaction@a20ad06 fN = 726 android.view.SurfaceView.-$$Nest$mapplyOrMergeTransaction:0 android.view.SurfaceView$SurfaceViewPositionUpdateListener.positionChanged:1537 android.graphics.RenderNode$CompositePositionUpdateListener.positionChanged:373 
10-16 01:51:31.647 12113 12213 I ViewRootImpl@97403c7[MainActivity]: mWNT: t=0x7b32a46000 mBlastBufferQueue=0x7b5c186700 fn= 726 caller= android.view.SurfaceView.applyOrMergeTransaction:1455 android.view.SurfaceView.-$$Nest$mapplyOrMergeTransaction:0 android.view.SurfaceView$SurfaceViewPositionUpdateListener.positionChanged:1537 
10-16 01:51:31.647 12113 12213 I ViewRootImpl@97403c7[MainActivity]: mWNT: t=0x7b32d87a00 mBlastBufferQueue=0x7b5c186700 fn= 726 caller= android.view.ViewRootImpl.lambda$applyTransactionOnDraw$11$android-view-ViewRootImpl:12865 android.view.ViewRootImpl$$ExternalSyntheticLambda1.onFrameDraw:4 android.graphics.HardwareRenderer$FrameDrawingCallback.onFrameDraw:924 
10-16 01:51:31.650 12113 12113 I SurfaceView@476b54d: Changes: creating=false format=false size=false visible=false alpha=false hint=false mUseAlpha=false visible=false left=false top=true
10-16 01:51:31.651 12113 12113 I SurfaceView@476b54d: 74888525 Cur surface: Surface(name=null)/@0x43a4e65
10-16 01:51:31.651 12113 12113 I SurfaceView@476b54d: applyTransactionOnVriDraw: vri = ViewRootImpl@97403c7[MainActivity] fRS = false t = 0x7b32d87b00 android.view.SurfaceView.performSurfaceTransaction:959 android.view.SurfaceView.updateSurface:1105 android.view.SurfaceView.lambda$new$0$android-view-SurfaceView:200 
10-16 01:51:31.651 12113 12113 I ViewRootImpl@97403c7[MainActivity]: applyTransactionOnDraw: mRemoved = false isHardwareEnabled = true t = 0x7b32d87b00android.view.SurfaceView.applyTransactionOnVriDraw:2048 android.view.SurfaceView.performSurfaceTransaction:959 android.view.SurfaceView.updateSurface:1105 android.view.SurfaceView.lambda$new$0$android-view-SurfaceView:200 android.view.SurfaceView$$ExternalSyntheticLambda5.onPreDraw:2 
10-16 01:51:31.651 12113 12113 I SurfaceView@476b54d: updateSurface: mVisible = true mSurface.isValid() = true
10-16 01:51:31.651 12113 12113 I SurfaceView@476b54d: updateSurface: mSurfaceCreated = true surfaceChanged = false visibleChanged = false
10-16 01:51:31.651 12113 12113 V SurfaceView@476b54d: Layout: x=0 y=-1918 w=1080 h=525, frame=Rect(0, 0 - 1080, 525)
10-16 01:51:31.663 12113 12212 D SurfaceView@476b54d: updateSurfacePosition RenderWorker, frameNr = 727, position = [0, -1918, 1080, -1393] surfaceSize = 1080x525
10-16 01:51:31.663 12113 12212 I SurfaceView@476b54d: uSP: rtp = Rect(0, -1918 - 1080, -1393) rtsw = 1080 rtsh = 525
10-16 01:51:31.663 12113 12212 I SurfaceView@476b54d: onSSPAndSRT: pl = 0 pt = -1918 sx = 1.0 sy = 1.0
10-16 01:51:31.663 12113 12212 I SurfaceView@476b54d: aOrMT: ViewRootImpl@97403c7[MainActivity] t = android.view.SurfaceControl$Transaction@a20ad06 fN = 727 android.view.SurfaceView.-$$Nest$mapplyOrMergeTransaction:0 android.view.SurfaceView$SurfaceViewPositionUpdateListener.positionChanged:1537 android.graphics.RenderNode$CompositePositionUpdateListener.positionChanged:373 
10-16 01:51:31.663 12113 12212 I ViewRootImpl@97403c7[MainActivity]: mWNT: t=0x7b32a46000 mBlastBufferQueue=0x7b5c186700 fn= 727 caller= android.view.SurfaceView.applyOrMergeTransaction:1455 android.view.SurfaceView.-$$Nest$mapplyOrMergeTransaction:0 android.view.SurfaceView$SurfaceViewPositionUpdateListener.positionChanged:1537 
10-16 01:51:31.664 12113 12212 I ViewRootImpl@97403c7[MainActivity]: mWNT: t=0x7b32d87b00 mBlastBufferQueue=0x7b5c186700 fn= 727 caller= android.view.ViewRootImpl.lambda$applyTransactionOnDraw$11$android-view-ViewRootImpl:12865 android.view.ViewRootImpl$$ExternalSyntheticLambda1.onFrameDraw:4 android.graphics.HardwareRenderer$FrameDrawingCallback.onFrameDraw:924 
10-16 01:51:32.482 12113 12113 I ViewRootImpl@97403c7[MainActivity]: ViewPostIme pointer 0
10-16 01:51:32.518 12113 12113 I SurfaceView@476b54d: Changes: creating=false format=false size=false visible=false alpha=false hint=false mUseAlpha=false visible=false left=false top=true
10-16 01:51:32.519 12113 12113 I SurfaceView@476b54d: 74888525 Cur surface: Surface(name=null)/@0x43a4e65
10-16 01:51:32.519 12113 12113 I SurfaceView@476b54d: applyTransactionOnVriDraw: vri = ViewRootImpl@97403c7[MainActivity] fRS = false t = 0x7b32d87c00 android.view.SurfaceView.performSurfaceTransaction:959 android.view.SurfaceView.updateSurface:1105 android.view.SurfaceView.lambda$new$0$android-view-SurfaceView:200 
10-16 01:51:32.519 12113 12113 I ViewRootImpl@97403c7[MainActivity]: applyTransactionOnDraw: mRemoved = false isHardwareEnabled = true t = 0x7b32d87c00android.view.SurfaceView.applyTransactionOnVriDraw:2048 android.view.SurfaceView.performSurfaceTransaction:959 android.view.SurfaceView.updateSurface:1105 android.view.SurfaceView.lambda$new$0$android-view-SurfaceView:200 android.view.SurfaceView$$ExternalSyntheticLambda5.onPreDraw:2 
10-16 01:51:32.520 12113 12113 I SurfaceView@476b54d: updateSurface: mVisible = true mSurface.isValid() = true
10-16 01:51:32.520 12113 12113 I SurfaceView@476b54d: updateSurface: mSurfaceCreated = true surfaceChanged = false visibleChanged = false
10-16 01:51:32.520 12113 12113 V SurfaceView@476b54d: Layout: x=0 y=-1833 w=1080 h=525, frame=Rect(0, 0 - 1080, 525)
10-16 01:51:32.522 12113 12213 D SurfaceView@476b54d: updateSurfacePosition RenderWorker, frameNr = 764, position = [0, -1833, 1080, -1308] surfaceSize = 1080x525
10-16 01:51:32.522 12113 12213 I SurfaceView@476b54d: uSP: rtp = Rect(0, -1833 - 1080, -1308) rtsw = 1080 rtsh = 525
10-16 01:51:32.522 12113 12213 I SurfaceView@476b54d: onSSPAndSRT: pl = 0 pt = -1833 sx = 1.0 sy = 1.0
10-16 01:51:32.523 12113 12213 I SurfaceView@476b54d: aOrMT: ViewRootImpl@97403c7[MainActivity] t = android.view.SurfaceControl$Transaction@a20ad06 fN = 764 android.view.SurfaceView.-$$Nest$mapplyOrMergeTransaction:0 android.view.SurfaceView$SurfaceViewPositionUpdateListener.positionChanged:1537 android.graphics.RenderNode$CompositePositionUpdateListener.positionChanged:373 
10-16 01:51:32.523 12113 12213 I ViewRootImpl@97403c7[MainActivity]: mWNT: t=0x7b32a46000 mBlastBufferQueue=0x7b5c186700 fn= 764 caller= android.view.SurfaceView.applyOrMergeTransaction:1455 android.view.SurfaceView.-$$Nest$mapplyOrMergeTransaction:0 android.view.SurfaceView$SurfaceViewPositionUpdateListener.positionChanged:1537 
10-16 01:51:32.523 12113 12213 I ViewRootImpl@97403c7[MainActivity]: mWNT: t=0x7b32d87c00 mBlastBufferQueue=0x7b5c186700 fn= 764 caller= android.view.ViewRootImpl.lambda$applyTransactionOnDraw$11$android-view-ViewRootImpl:12865 android.view.ViewRootImpl$$ExternalSyntheticLambda1.onFrameDraw:4 android.graphics.HardwareRenderer$FrameDrawingCallback.onFrameDraw:924 
10-16 01:51:32.534 12113 12113 I SurfaceView@476b54d: Changes: creating=false format=false size=false visible=false alpha=false hint=false mUseAlpha=false visible=false left=false top=true
10-16 01:51:32.534 12113 12113 I SurfaceView@476b54d: 74888525 Cur surface: Surface(name=null)/@0x43a4e65
10-16 01:51:32.535 12113 12113 I SurfaceView@476b54d: applyTransactionOnVriDraw: vri = ViewRootImpl@97403c7[MainActivity] fRS = false t = 0x7b32d87d00 android.view.SurfaceView.performSurfaceTransaction:959 android.view.SurfaceView.updateSurface:1105 android.view.SurfaceView.lambda$new$0$android-view-SurfaceView:200 
10-16 01:51:32.535 12113 12113 I ViewRootImpl@97403c7[MainActivity]: applyTransactionOnDraw: mRemoved = false isHardwareEnabled = true t = 0x7b32d87d00android.view.SurfaceView.applyTransactionOnVriDraw:2048 android.view.SurfaceView.performSurfaceTransaction:959 android.view.SurfaceView.updateSurface:1105 android.view.SurfaceView.lambda$new$0$android-view-SurfaceView:200 android.view.SurfaceView$$ExternalSyntheticLambda5.onPreDraw:2 
10-16 01:51:32.535 12113 12113 I SurfaceView@476b54d: updateSurface: mVisible = true mSurface.isValid() = true
10-16 01:51:32.535 12113 12113 I SurfaceView@476b54d: updateSurface: mSurfaceCreated = true surfaceChanged = false visibleChanged = false
10-16 01:51:32.535 12113 12113 V SurfaceView@476b54d: Layout: x=0 y=-1730 w=1080 h=525, frame=Rect(0, 0 - 1080, 525)
10-16 01:51:32.540 12113 12212 D SurfaceView@476b54d: updateSurfacePosition RenderWorker, frameNr = 765, position = [0, -1730, 1080, -1205] surfaceSize = 1080x525
10-16 01:51:32.540 12113 12212 I SurfaceView@476b54d: uSP: rtp = Rect(0, -1730 - 1080, -1205) rtsw = 1080 rtsh = 525
10-16 01:51:32.540 12113 12212 I SurfaceView@476b54d: onSSPAndSRT: pl = 0 pt = -1730 sx = 1.0 sy = 1.0
10-16 01:51:32.540 12113 12212 I SurfaceView@476b54d: aOrMT: ViewRootImpl@97403c7[MainActivity] t = android.view.SurfaceControl$Transaction@a20ad06 fN = 765 android.view.SurfaceView.-$$Nest$mapplyOrMergeTransaction:0 android.view.SurfaceView$SurfaceViewPositionUpdateListener.positionChanged:1537 android.graphics.RenderNode$CompositePositionUpdateListener.positionChanged:373 
10-16 01:51:32.541 12113 12212 I ViewRootImpl@97403c7[MainActivity]: mWNT: t=0x7b32a46000 mBlastBufferQueue=0x7b5c186700 fn= 765 caller= android.view.SurfaceView.applyOrMergeTransaction:1455 android.view.SurfaceView.-$$Nest$mapplyOrMergeTransaction:0 android.view.SurfaceView$SurfaceViewPositionUpdateListener.positionChanged:1537 
10-16 01:51:32.541 12113 12212 I ViewRootImpl@97403c7[MainActivity]: mWNT: t=0x7b32d87d00 mBlastBufferQueue=0x7b5c186700 fn= 765 caller= android.view.ViewRootImpl.lambda$applyTransactionOnDraw$11$android-view-ViewRootImpl:12865 android.view.ViewRootImpl$$ExternalSyntheticLambda1.onFrameDraw:4 android.graphics.HardwareRenderer$FrameDrawingCallback.onFrameDraw:924 
10-16 01:51:32.551 12113 12113 I SurfaceView@476b54d: Changes: creating=false format=false size=false visible=false alpha=false hint=false mUseAlpha=false visible=false left=false top=true
10-16 01:51:32.551 12113 12113 I SurfaceView@476b54d: 74888525 Cur surface: Surface(name=null)/@0x43a4e65
10-16 01:51:32.551 12113 12113 I SurfaceView@476b54d: applyTransactionOnVriDraw: vri = ViewRootImpl@97403c7[MainActivity] fRS = false t = 0x7b32b2ac00 android.view.SurfaceView.performSurfaceTransaction:959 android.view.SurfaceView.updateSurface:1105 android.view.SurfaceView.lambda$new$0$android-view-SurfaceView:200 
10-16 01:51:32.551 12113 12113 I ViewRootImpl@97403c7[MainActivity]: applyTransactionOnDraw: mRemoved = false isHardwareEnabled = true t = 0x7b32b2ac00android.view.SurfaceView.applyTransactionOnVriDraw:2048 android.view.SurfaceView.performSurfaceTransaction:959 android.view.SurfaceView.updateSurface:1105 android.view.SurfaceView.lambda$new$0$android-view-SurfaceView:200 android.view.SurfaceView$$ExternalSyntheticLambda5.onPreDraw:2 
10-16 01:51:32.552 12113 12113 I SurfaceView@476b54d: updateSurface: mVisible = true mSurface.isValid() = true
10-16 01:51:32.552 12113 12113 I SurfaceView@476b54d: updateSurface: mSurfaceCreated = true surfaceChanged = false visibleChanged = false
10-16 01:51:32.552 12113 12113 V SurfaceView@476b54d: Layout: x=0 y=-1639 w=1080 h=525, frame=Rect(0, 0 - 1080, 525)
10-16 01:51:32.557 12113 12213 D SurfaceView@476b54d: updateSurfacePosition RenderWorker, frameNr = 766, position = [0, -1639, 1080, -1114] surfaceSize = 1080x525
10-16 01:51:32.557 12113 12213 I SurfaceView@476b54d: uSP: rtp = Rect(0, -1639 - 1080, -1114) rtsw = 1080 rtsh = 525
10-16 01:51:32.557 12113 12213 I SurfaceView@476b54d: onSSPAndSRT: pl = 0 pt = -1639 sx = 1.0 sy = 1.0
10-16 01:51:32.557 12113 12213 I SurfaceView@476b54d: aOrMT: ViewRootImpl@97403c7[MainActivity] t = android.view.SurfaceControl$Transaction@a20ad06 fN = 766 android.view.SurfaceView.-$$Nest$mapplyOrMergeTransaction:0 android.view.SurfaceView$SurfaceViewPositionUpdateListener.positionChanged:1537 android.graphics.RenderNode$CompositePositionUpdateListener.positionChanged:373 
10-16 01:51:32.558 12113 12113 I ViewRootImpl@97403c7[MainActivity]: ViewPostIme pointer 1
10-16 01:51:32.558 12113 12213 I ViewRootImpl@97403c7[MainActivity]: mWNT: t=0x7b32a46000 mBlastBufferQueue=0x7b5c186700 fn= 766 caller= android.view.SurfaceView.applyOrMergeTransaction:1455 android.view.SurfaceView.-$$Nest$mapplyOrMergeTransaction:0 android.view.SurfaceView$SurfaceViewPositionUpdateListener.positionChanged:1537 
10-16 01:51:32.558 12113 12213 I ViewRootImpl@97403c7[MainActivity]: mWNT: t=0x7b32b2ac00 mBlastBufferQueue=0x7b5c186700 fn= 766 caller= android.view.ViewRootImpl.lambda$applyTransactionOnDraw$11$android-view-ViewRootImpl:12865 android.view.ViewRootImpl$$ExternalSyntheticLambda1.onFrameDraw:4 android.graphics.HardwareRenderer$FrameDrawingCallback.onFrameDraw:924 
10-16 01:51:32.567 12113 12113 I SurfaceView@476b54d: Changes: creating=false format=false size=false visible=false alpha=false hint=false mUseAlpha=false visible=false left=false top=true
10-16 01:51:32.567 12113 12113 I SurfaceView@476b54d: 74888525 Cur surface: Surface(name=null)/@0x43a4e65
10-16 01:51:32.568 12113 12113 I SurfaceView@476b54d: applyTransactionOnVriDraw: vri = ViewRootImpl@97403c7[MainActivity] fRS = false t = 0x7b32d87e00 android.view.SurfaceView.performSurfaceTransaction:959 android.view.SurfaceView.updateSurface:1105 android.view.SurfaceView.lambda$new$0$android-view-SurfaceView:200 
10-16 01:51:32.568 12113 12113 I ViewRootImpl@97403c7[MainActivity]: applyTransactionOnDraw: mRemoved = false isHardwareEnabled = true t = 0x7b32d87e00android.view.SurfaceView.applyTransactionOnVriDraw:2048 android.view.SurfaceView.performSurfaceTransaction:959 android.view.SurfaceView.updateSurface:1105 android.view.SurfaceView.lambda$new$0$android-view-SurfaceView:200 android.view.SurfaceView$$ExternalSyntheticLambda5.onPreDraw:2 
10-16 01:51:32.568 12113 12113 I SurfaceView@476b54d: updateSurface: mVisible = true mSurface.isValid() = true
10-16 01:51:32.569 12113 12113 I SurfaceView@476b54d: updateSurface: mSurfaceCreated = true surfaceChanged = false visibleChanged = false
10-16 01:51:32.569 12113 12113 V SurfaceView@476b54d: Layout: x=0 y=-1613 w=1080 h=525, frame=Rect(0, 0 - 1080, 525)
10-16 01:51:32.572 12113 12212 D SurfaceView@476b54d: updateSurfacePosition RenderWorker, frameNr = 767, position = [0, -1613, 1080, -1088] surfaceSize = 1080x525
10-16 01:51:32.572 12113 12212 I SurfaceView@476b54d: uSP: rtp = Rect(0, -1613 - 1080, -1088) rtsw = 1080 rtsh = 525
10-16 01:51:32.572 12113 12212 I SurfaceView@476b54d: onSSPAndSRT: pl = 0 pt = -1613 sx = 1.0 sy = 1.0
10-16 01:51:32.573 12113 12212 I SurfaceView@476b54d: aOrMT: ViewRootImpl@97403c7[MainActivity] t = android.view.SurfaceControl$Transaction@a20ad06 fN = 767 android.view.SurfaceView.-$$Nest$mapplyOrMergeTransaction:0 android.view.SurfaceView$SurfaceViewPositionUpdateListener.positionChanged:1537 android.graphics.RenderNode$CompositePositionUpdateListener.positionChanged:373 
10-16 01:51:32.573 12113 12212 I ViewRootImpl@97403c7[MainActivity]: mWNT: t=0x7b32a46000 mBlastBufferQueue=0x7b5c186700 fn= 767 caller= android.view.SurfaceView.applyOrMergeTransaction:1455 android.view.SurfaceView.-$$Nest$mapplyOrMergeTransaction:0 android.view.SurfaceView$SurfaceViewPositionUpdateListener.positionChanged:1537 
10-16 01:51:32.573 12113 12212 I ViewRootImpl@97403c7[MainActivity]: mWNT: t=0x7b32d87e00 mBlastBufferQueue=0x7b5c186700 fn= 767 caller= android.view.ViewRootImpl.lambda$applyTransactionOnDraw$11$android-view-ViewRootImpl:12865 android.view.ViewRootImpl$$ExternalSyntheticLambda1.onFrameDraw:4 android.graphics.HardwareRenderer$FrameDrawingCallback.onFrameDraw:924 
10-16 01:51:32.583 12113 12113 I SurfaceView@476b54d: Changes: creating=false format=false size=false visible=false alpha=false hint=false mUseAlpha=false visible=false left=false top=true
10-16 01:51:32.583 12113 12113 I SurfaceView@476b54d: 74888525 Cur surface: Surface(name=null)/@0x43a4e65
10-16 01:51:32.584 12113 12113 I SurfaceView@476b54d: applyTransactionOnVriDraw: vri = ViewRootImpl@97403c7[MainActivity] fRS = false t = 0x7b32d87f00 android.view.SurfaceView.performSurfaceTransaction:959 android.view.SurfaceView.updateSurface:1105 android.view.SurfaceView.lambda$new$0$android-view-SurfaceView:200 
10-16 01:51:32.584 12113 12113 I ViewRootImpl@97403c7[MainActivity]: applyTransactionOnDraw: mRemoved = false isHardwareEnabled = true t = 0x7b32d87f00android.view.SurfaceView.applyTransactionOnVriDraw:2048 android.view.SurfaceView.performSurfaceTransaction:959 android.view.SurfaceView.updateSurface:1105 android.view.SurfaceView.lambda$new$0$android-view-SurfaceView:200 android.view.SurfaceView$$ExternalSyntheticLambda5.onPreDraw:2 
10-16 01:51:32.584 12113 12113 I SurfaceView@476b54d: updateSurface: mVisible = true mSurface.isValid() = true
10-16 01:51:32.584 12113 12113 I SurfaceView@476b54d: updateSurface: mSurfaceCreated = true surfaceChanged = false visibleChanged = false
10-16 01:51:32.584 12113 12113 V SurfaceView@476b54d: Layout: x=0 y=-1560 w=1080 h=525, frame=Rect(0, 0 - 1080, 525)
10-16 01:51:32.588 12113 12213 I ViewRootImpl@97403c7[MainActivity]: mWNT: t=0x7b32d87f00 mBlastBufferQueue=0x7b5c186700 fn= 768 caller= android.view.ViewRootImpl.lambda$applyTransactionOnDraw$11$android-view-ViewRootImpl:12865 android.view.ViewRootImpl$$ExternalSyntheticLambda1.onFrameDraw:4 android.graphics.HardwareRenderer$FrameDrawingCallback.onFrameDraw:924 
10-16 01:51:32.598 12113 12113 I SurfaceView@476b54d: Changes: creating=false format=false size=false visible=false alpha=false hint=false mUseAlpha=false visible=false left=false top=true
10-16 01:51:32.599 12113 12113 I SurfaceView@476b54d: 74888525 Cur surface: Surface(name=null)/@0x43a4e65
10-16 01:51:32.599 12113 12113 I SurfaceView@476b54d: applyTransactionOnVriDraw: vri = ViewRootImpl@97403c7[MainActivity] fRS = false t = 0x7ae5da8500 android.view.SurfaceView.performSurfaceTransaction:959 android.view.SurfaceView.updateSurface:1105 android.view.SurfaceView.lambda$new$0$android-view-SurfaceView:200 
10-16 01:51:32.599 12113 12113 I ViewRootImpl@97403c7[MainActivity]: applyTransactionOnDraw: mRemoved = false isHardwareEnabled = true t = 0x7ae5da8500android.view.SurfaceView.applyTransactionOnVriDraw:2048 android.view.SurfaceView.performSurfaceTransaction:959 android.view.SurfaceView.updateSurface:1105 android.view.SurfaceView.lambda$new$0$android-view-SurfaceView:200 android.view.SurfaceView$$ExternalSyntheticLambda5.onPreDraw:2 
10-16 01:51:32.599 12113 12113 I SurfaceView@476b54d: updateSurface: mVisible = true mSurface.isValid() = true
10-16 01:51:32.599 12113 12113 I SurfaceView@476b54d: updateSurface: mSurfaceCreated = true surfaceChanged = false visibleChanged = false
10-16 01:51:32.599 12113 12113 V SurfaceView@476b54d: Layout: x=0 y=-1481 w=1080 h=525, frame=Rect(0, 0 - 1080, 525)
10-16 01:51:32.602 12113 12212 D SurfaceView@476b54d: updateSurfacePosition RenderWorker, frameNr = 769, position = [0, -1481, 1080, -956] surfaceSize = 1080x525
10-16 01:51:32.602 12113 12212 I SurfaceView@476b54d: uSP: rtp = Rect(0, -1481 - 1080, -956) rtsw = 1080 rtsh = 525
10-16 01:51:32.602 12113 12212 I SurfaceView@476b54d: onSSPAndSRT: pl = 0 pt = -1481 sx = 1.0 sy = 1.0
10-16 01:51:32.603 12113 12212 I SurfaceView@476b54d: aOrMT: ViewRootImpl@97403c7[MainActivity] t = android.view.SurfaceControl$Transaction@a20ad06 fN = 769 android.view.SurfaceView.-$$Nest$mapplyOrMergeTransaction:0 android.view.SurfaceView$SurfaceViewPositionUpdateListener.positionChanged:1537 android.graphics.RenderNode$CompositePositionUpdateListener.positionChanged:373 
10-16 01:51:32.603 12113 12212 I ViewRootImpl@97403c7[MainActivity]: mWNT: t=0x7b32a46000 mBlastBufferQueue=0x7b5c186700 fn= 769 caller= android.view.SurfaceView.applyOrMergeTransaction:1455 android.view.SurfaceView.-$$Nest$mapplyOrMergeTransaction:0 android.view.SurfaceView$SurfaceViewPositionUpdateListener.positionChanged:1537 
10-16 01:51:32.603 12113 12212 I ViewRootImpl@97403c7[MainActivity]: mWNT: t=0x7ae5da8500 mBlastBufferQueue=0x7b5c186700 fn= 769 caller= android.view.ViewRootImpl.lambda$applyTransactionOnDraw$11$android-view-ViewRootImpl:12865 android.view.ViewRootImpl$$ExternalSyntheticLambda1.onFrameDraw:4 android.graphics.HardwareRenderer$FrameDrawingCallback.onFrameDraw:924 
10-16 01:51:32.616 12113 12113 I SurfaceView@476b54d: Changes: creating=false format=false size=false visible=false alpha=false hint=false mUseAlpha=false visible=false left=false top=true
10-16 01:51:32.616 12113 12113 I SurfaceView@476b54d: 74888525 Cur surface: Surface(name=null)/@0x43a4e65
10-16 01:51:32.616 12113 12113 I SurfaceView@476b54d: applyTransactionOnVriDraw: vri = ViewRootImpl@97403c7[MainActivity] fRS = false t = 0x7b32bcd000 android.view.SurfaceView.performSurfaceTransaction:959 android.view.SurfaceView.updateSurface:1105 android.view.SurfaceView.lambda$new$0$android-view-SurfaceView:200 
10-16 01:51:32.616 12113 12113 I ViewRootImpl@97403c7[MainActivity]: applyTransactionOnDraw: mRemoved = false isHardwareEnabled = true t = 0x7b32bcd000android.view.SurfaceView.applyTransactionOnVriDraw:2048 android.view.SurfaceView.performSurfaceTransaction:959 android.view.SurfaceView.updateSurface:1105 android.view.SurfaceView.lambda$new$0$android-view-SurfaceView:200 android.view.SurfaceView$$ExternalSyntheticLambda5.onPreDraw:2 
10-16 01:51:32.617 12113 12113 I SurfaceView@476b54d: updateSurface: mVisible = true mSurface.isValid() = true
10-16 01:51:32.617 12113 12113 I SurfaceView@476b54d: updateSurface: mSurfaceCreated = true surfaceChanged = false visibleChanged = false
10-16 01:51:32.617 12113 12113 V SurfaceView@476b54d: Layout: x=0 y=-1390 w=1080 h=525, frame=Rect(0, 0 - 1080, 525)
10-16 01:51:32.619 12113 12213 D SurfaceView@476b54d: updateSurfacePosition RenderWorker, frameNr = 770, position = [0, -1390, 1080, -865] surfaceSize = 1080x525
10-16 01:51:32.620 12113 12213 I SurfaceView@476b54d: uSP: rtp = Rect(0, -1390 - 1080, -865) rtsw = 1080 rtsh = 525
10-16 01:51:32.620 12113 12213 I SurfaceView@476b54d: onSSPAndSRT: pl = 0 pt = -1390 sx = 1.0 sy = 1.0
10-16 01:51:32.620 12113 12213 I SurfaceView@476b54d: aOrMT: ViewRootImpl@97403c7[MainActivity] t = android.view.SurfaceControl$Transaction@a20ad06 fN = 770 android.view.SurfaceView.-$$Nest$mapplyOrMergeTransaction:0 android.view.SurfaceView$SurfaceViewPositionUpdateListener.positionChanged:1537 android.graphics.RenderNode$CompositePositionUpdateListener.positionChanged:373 
10-16 01:51:32.620 12113 12213 I ViewRootImpl@97403c7[MainActivity]: mWNT: t=0x7b32a46000 mBlastBufferQueue=0x7b5c186700 fn= 770 caller= android.view.SurfaceView.applyOrMergeTransaction:1455 android.view.SurfaceView.-$$Nest$mapplyOrMergeTransaction:0 android.view.SurfaceView$SurfaceViewPositionUpdateListener.positionChanged:1537 
10-16 01:51:32.620 12113 12213 I ViewRootImpl@97403c7[MainActivity]: mWNT: t=0x7b32bcd000 mBlastBufferQueue=0x7b5c186700 fn= 770 caller= android.view.ViewRootImpl.lambda$applyTransactionOnDraw$11$android-view-ViewRootImpl:12865 android.view.ViewRootImpl$$ExternalSyntheticLambda1.onFrameDraw:4 android.graphics.HardwareRenderer$FrameDrawingCallback.onFrameDraw:924 
10-16 01:51:32.632 12113 12113 I SurfaceView@476b54d: Changes: creating=false format=false size=false visible=false alpha=false hint=false mUseAlpha=false visible=false left=false top=true
10-16 01:51:32.632 12113 12113 I SurfaceView@476b54d: 74888525 Cur surface: Surface(name=null)/@0x43a4e65
10-16 01:51:32.633 12113 12113 I SurfaceView@476b54d: applyTransactionOnVriDraw: vri = ViewRootImpl@97403c7[MainActivity] fRS = false t = 0x7b32bcd100 android.view.SurfaceView.performSurfaceTransaction:959 android.view.SurfaceView.updateSurface:1105 android.view.SurfaceView.lambda$new$0$android-view-SurfaceView:200 
10-16 01:51:32.633 12113 12113 I ViewRootImpl@97403c7[MainActivity]: applyTransactionOnDraw: mRemoved = false isHardwareEnabled = true t = 0x7b32bcd100android.view.SurfaceView.applyTransactionOnVriDraw:2048 android.view.SurfaceView.performSurfaceTransaction:959 android.view.SurfaceView.updateSurface:1105 android.view.SurfaceView.lambda$new$0$android-view-SurfaceView:200 android.view.SurfaceView$$ExternalSyntheticLambda5.onPreDraw:2 
10-16 01:51:32.633 12113 12113 I SurfaceView@476b54d: updateSurface: mVisible = true mSurface.isValid() = true
10-16 01:51:32.633 12113 12113 I SurfaceView@476b54d: updateSurface: mSurfaceCreated = true surfaceChanged = false visibleChanged = false
10-16 01:51:32.633 12113 12113 V SurfaceView@476b54d: Layout: x=0 y=-1287 w=1080 h=525, frame=Rect(0, 0 - 1080, 525)
10-16 01:51:32.636 12113 12212 D SurfaceView@476b54d: updateSurfacePosition RenderWorker, frameNr = 771, position = [0, -1287, 1080, -762] surfaceSize = 1080x525
10-16 01:51:32.636 12113 12212 I SurfaceView@476b54d: uSP: rtp = Rect(0, -1287 - 1080, -762) rtsw = 1080 rtsh = 525
10-16 01:51:32.636 12113 12212 I SurfaceView@476b54d: onSSPAndSRT: pl = 0 pt = -1287 sx = 1.0 sy = 1.0
10-16 01:51:32.636 12113 12212 I SurfaceView@476b54d: aOrMT: ViewRootImpl@97403c7[MainActivity] t = android.view.SurfaceControl$Transaction@a20ad06 fN = 771 android.view.SurfaceView.-$$Nest$mapplyOrMergeTransaction:0 android.view.SurfaceView$SurfaceViewPositionUpdateListener.positionChanged:1537 android.graphics.RenderNode$CompositePositionUpdateListener.positionChanged:373 
10-16 01:51:32.636 12113 12212 I ViewRootImpl@97403c7[MainActivity]: mWNT: t=0x7b32a46000 mBlastBufferQueue=0x7b5c186700 fn= 771 caller= android.view.SurfaceView.applyOrMergeTransaction:1455 android.view.SurfaceView.-$$Nest$mapplyOrMergeTransaction:0 android.view.SurfaceView$SurfaceViewPositionUpdateListener.positionChanged:1537 
10-16 01:51:32.636 12113 12212 I ViewRootImpl@97403c7[MainActivity]: mWNT: t=0x7b32bcd100 mBlastBufferQueue=0x7b5c186700 fn= 771 caller= android.view.ViewRootImpl.lambda$applyTransactionOnDraw$11$android-view-ViewRootImpl:12865 android.view.ViewRootImpl$$ExternalSyntheticLambda1.onFrameDraw:4 android.graphics.HardwareRenderer$FrameDrawingCallback.onFrameDraw:924 
10-16 01:51:32.648 12113 12113 I SurfaceView@476b54d: Changes: creating=false format=false size=false visible=false alpha=false hint=false mUseAlpha=false visible=false left=false top=true
10-16 01:51:32.649 12113 12113 I SurfaceView@476b54d: 74888525 Cur surface: Surface(name=null)/@0x43a4e65
10-16 01:51:32.649 12113 12113 I SurfaceView@476b54d: applyTransactionOnVriDraw: vri = ViewRootImpl@97403c7[MainActivity] fRS = false t = 0x7b32bcd200 android.view.SurfaceView.performSurfaceTransaction:959 android.view.SurfaceView.updateSurface:1105 android.view.SurfaceView.lambda$new$0$android-view-SurfaceView:200 
10-16 01:51:32.649 12113 12113 I ViewRootImpl@97403c7[MainActivity]: applyTransactionOnDraw: mRemoved = false isHardwareEnabled = true t = 0x7b32bcd200android.view.SurfaceView.applyTransactionOnVriDraw:2048 android.view.SurfaceView.performSurfaceTransaction:959 android.view.SurfaceView.updateSurface:1105 android.view.SurfaceView.lambda$new$0$android-view-SurfaceView:200 android.view.SurfaceView$$ExternalSyntheticLambda5.onPreDraw:2 
10-16 01:51:32.649 12113 12113 I SurfaceView@476b54d: updateSurface: mVisible = true mSurface.isValid() = true
10-16 01:51:32.649 12113 12113 I SurfaceView@476b54d: updateSurface: mSurfaceCreated = true surfaceChanged = false visibleChanged = false
10-16 01:51:32.649 12113 12113 V SurfaceView@476b54d: Layout: x=0 y=-1186 w=1080 h=525, frame=Rect(0, 0 - 1080, 525)
10-16 01:51:32.652 12113 12213 D SurfaceView@476b54d: updateSurfacePosition RenderWorker, frameNr = 772, position = [0, -1186, 1080, -661] surfaceSize = 1080x525
10-16 01:51:32.652 12113 12213 I SurfaceView@476b54d: uSP: rtp = Rect(0, -1186 - 1080, -661) rtsw = 1080 rtsh = 525
10-16 01:51:32.652 12113 12213 I SurfaceView@476b54d: onSSPAndSRT: pl = 0 pt = -1186 sx = 1.0 sy = 1.0
10-16 01:51:32.653 12113 12213 I SurfaceView@476b54d: aOrMT: ViewRootImpl@97403c7[MainActivity] t = android.view.SurfaceControl$Transaction@a20ad06 fN = 772 android.view.SurfaceView.-$$Nest$mapplyOrMergeTransaction:0 android.view.SurfaceView$SurfaceViewPositionUpdateListener.positionChanged:1537 android.graphics.RenderNode$CompositePositionUpdateListener.positionChanged:373 
10-16 01:51:32.653 12113 12213 I ViewRootImpl@97403c7[MainActivity]: mWNT: t=0x7b32a46000 mBlastBufferQueue=0x7b5c186700 fn= 772 caller= android.view.SurfaceView.applyOrMergeTransaction:1455 android.view.SurfaceView.-$$Nest$mapplyOrMergeTransaction:0 android.view.SurfaceView$SurfaceViewPositionUpdateListener.positionChanged:1537 
10-16 01:51:32.653 12113 12213 I ViewRootImpl@97403c7[MainActivity]: mWNT: t=0x7b32bcd200 mBlastBufferQueue=0x7b5c186700 fn= 772 caller= android.view.ViewRootImpl.lambda$applyTransactionOnDraw$11$android-view-ViewRootImpl:12865 android.view.ViewRootImpl$$ExternalSyntheticLambda1.onFrameDraw:4 android.graphics.HardwareRenderer$FrameDrawingCallback.onFrameDraw:924 
10-16 01:51:32.666 12113 12113 I SurfaceView@476b54d: Changes: creating=false format=false size=false visible=false alpha=false hint=false mUseAlpha=false visible=false left=false top=true
10-16 01:51:32.666 12113 12113 I SurfaceView@476b54d: 74888525 Cur surface: Surface(name=null)/@0x43a4e65
10-16 01:51:32.667 12113 12113 I SurfaceView@476b54d: applyTransactionOnVriDraw: vri = ViewRootImpl@97403c7[MainActivity] fRS = false t = 0x7b32bcd300 android.view.SurfaceView.performSurfaceTransaction:959 android.view.SurfaceView.updateSurface:1105 android.view.SurfaceView.lambda$new$0$android-view-SurfaceView:200 
10-16 01:51:32.667 12113 12113 I ViewRootImpl@97403c7[MainActivity]: applyTransactionOnDraw: mRemoved = false isHardwareEnabled = true t = 0x7b32bcd300android.view.SurfaceView.applyTransactionOnVriDraw:2048 android.view.SurfaceView.performSurfaceTransaction:959 android.view.SurfaceView.updateSurface:1105 android.view.SurfaceView.lambda$new$0$android-view-SurfaceView:200 android.view.SurfaceView$$ExternalSyntheticLambda5.onPreDraw:2 
10-16 01:51:32.667 12113 12113 I SurfaceView@476b54d: updateSurface: mVisible = true mSurface.isValid() = true
10-16 01:51:32.667 12113 12113 I SurfaceView@476b54d: updateSurface: mSurfaceCreated = true surfaceChanged = false visibleChanged = false
10-16 01:51:32.667 12113 12113 V SurfaceView@476b54d: Layout: x=0 y=-1087 w=1080 h=525, frame=Rect(0, 0 - 1080, 525)
10-16 01:51:32.671 12113 12212 D SurfaceView@476b54d: updateSurfacePosition RenderWorker, frameNr = 773, position = [0, -1087, 1080, -562] surfaceSize = 1080x525
10-16 01:51:32.671 12113 12212 I SurfaceView@476b54d: uSP: rtp = Rect(0, -1087 - 1080, -562) rtsw = 1080 rtsh = 525
10-16 01:51:32.671 12113 12212 I SurfaceView@476b54d: onSSPAndSRT: pl = 0 pt = -1087 sx = 1.0 sy = 1.0
10-16 01:51:32.672 12113 12212 I SurfaceView@476b54d: aOrMT: ViewRootImpl@97403c7[MainActivity] t = android.view.SurfaceControl$Transaction@a20ad06 fN = 773 android.view.SurfaceView.-$$Nest$mapplyOrMergeTransaction:0 android.view.SurfaceView$SurfaceViewPositionUpdateListener.positionChanged:1537 android.graphics.RenderNode$CompositePositionUpdateListener.positionChanged:373 
10-16 01:51:32.673 12113 12212 I ViewRootImpl@97403c7[MainActivity]: mWNT: t=0x7b32a46000 mBlastBufferQueue=0x7b5c186700 fn= 773 caller= android.view.SurfaceView.applyOrMergeTransaction:1455 android.view.SurfaceView.-$$Nest$mapplyOrMergeTransaction:0 android.view.SurfaceView$SurfaceViewPositionUpdateListener.positionChanged:1537 
10-16 01:51:32.673 12113 12212 I ViewRootImpl@97403c7[MainActivity]: mWNT: t=0x7b32bcd300 mBlastBufferQueue=0x7b5c186700 fn= 773 caller= android.view.ViewRootImpl.lambda$applyTransactionOnDraw$11$android-view-ViewRootImpl:12865 android.view.ViewRootImpl$$ExternalSyntheticLambda1.onFrameDraw:4 android.graphics.HardwareRenderer$FrameDrawingCallback.onFrameDraw:924 
10-16 01:51:32.683 12113 12113 I SurfaceView@476b54d: Changes: creating=false format=false size=false visible=false alpha=false hint=false mUseAlpha=false visible=false left=false top=true
10-16 01:51:32.683 12113 12113 I SurfaceView@476b54d: 74888525 Cur surface: Surface(name=null)/@0x43a4e65
10-16 01:51:32.684 12113 12113 I SurfaceView@476b54d: applyTransactionOnVriDraw: vri = ViewRootImpl@97403c7[MainActivity] fRS = false t = 0x7b32bcd400 android.view.SurfaceView.performSurfaceTransaction:959 android.view.SurfaceView.updateSurface:1105 android.view.SurfaceView.lambda$new$0$android-view-SurfaceView:200 
10-16 01:51:32.684 12113 12113 I ViewRootImpl@97403c7[MainActivity]: applyTransactionOnDraw: mRemoved = false isHardwareEnabled = true t = 0x7b32bcd400android.view.SurfaceView.applyTransactionOnVriDraw:2048 android.view.SurfaceView.performSurfaceTransaction:959 android.view.SurfaceView.updateSurface:1105 android.view.SurfaceView.lambda$new$0$android-view-SurfaceView:200 android.view.SurfaceView$$ExternalSyntheticLambda5.onPreDraw:2 
10-16 01:51:32.684 12113 12113 I SurfaceView@476b54d: updateSurface: mVisible = true mSurface.isValid() = true
10-16 01:51:32.684 12113 12113 I SurfaceView@476b54d: updateSurface: mSurfaceCreated = true surfaceChanged = false visibleChanged = false
10-16 01:51:32.684 12113 12113 V SurfaceView@476b54d: Layout: x=0 y=-984 w=1080 h=525, frame=Rect(0, 0 - 1080, 525)
10-16 01:51:32.688 12113 12213 D SurfaceView@476b54d: updateSurfacePosition RenderWorker, frameNr = 774, position = [0, -984, 1080, -459] surfaceSize = 1080x525
10-16 01:51:32.688 12113 12213 I SurfaceView@476b54d: uSP: rtp = Rect(0, -984 - 1080, -459) rtsw = 1080 rtsh = 525
10-16 01:51:32.688 12113 12213 I SurfaceView@476b54d: onSSPAndSRT: pl = 0 pt = -984 sx = 1.0 sy = 1.0
10-16 01:51:32.688 12113 12213 I SurfaceView@476b54d: aOrMT: ViewRootImpl@97403c7[MainActivity] t = android.view.SurfaceControl$Transaction@a20ad06 fN = 774 android.view.SurfaceView.-$$Nest$mapplyOrMergeTransaction:0 android.view.SurfaceView$SurfaceViewPositionUpdateListener.positionChanged:1537 android.graphics.RenderNode$CompositePositionUpdateListener.positionChanged:373 
10-16 01:51:32.689 12113 12213 I ViewRootImpl@97403c7[MainActivity]: mWNT: t=0x7b32a46000 mBlastBufferQueue=0x7b5c186700 fn= 774 caller= android.view.SurfaceView.applyOrMergeTransaction:1455 android.view.SurfaceView.-$$Nest$mapplyOrMergeTransaction:0 android.view.SurfaceView$SurfaceViewPositionUpdateListener.positionChanged:1537 
10-16 01:51:32.689 12113 12213 I ViewRootImpl@97403c7[MainActivity]: mWNT: t=0x7b32bcd400 mBlastBufferQueue=0x7b5c186700 fn= 774 caller= android.view.ViewRootImpl.lambda$applyTransactionOnDraw$11$android-view-ViewRootImpl:12865 android.view.ViewRootImpl$$ExternalSyntheticLambda1.onFrameDraw:4 android.graphics.HardwareRenderer$FrameDrawingCallback.onFrameDraw:924 
10-16 01:51:32.699 12113 12113 I SurfaceView@476b54d: Changes: creating=false format=false size=false visible=false alpha=false hint=false mUseAlpha=false visible=false left=false top=true
10-16 01:51:32.700 12113 12113 I SurfaceView@476b54d: 74888525 Cur surface: Surface(name=null)/@0x43a4e65
10-16 01:51:32.700 12113 12113 I SurfaceView@476b54d: applyTransactionOnVriDraw: vri = ViewRootImpl@97403c7[MainActivity] fRS = false t = 0x7b32bcd500 android.view.SurfaceView.performSurfaceTransaction:959 android.view.SurfaceView.updateSurface:1105 android.view.SurfaceView.lambda$new$0$android-view-SurfaceView:200 
10-16 01:51:32.701 12113 12113 I ViewRootImpl@97403c7[MainActivity]: applyTransactionOnDraw: mRemoved = false isHardwareEnabled = true t = 0x7b32bcd500android.view.SurfaceView.applyTransactionOnVriDraw:2048 android.view.SurfaceView.performSurfaceTransaction:959 android.view.SurfaceView.updateSurface:1105 android.view.SurfaceView.lambda$new$0$android-view-SurfaceView:200 android.view.SurfaceView$$ExternalSyntheticLambda5.onPreDraw:2 
10-16 01:51:32.701 12113 12113 I SurfaceView@476b54d: updateSurface: mVisible = true mSurface.isValid() = true
10-16 01:51:32.701 12113 12113 I SurfaceView@476b54d: updateSurface: mSurfaceCreated = true surfaceChanged = false visibleChanged = false
10-16 01:51:32.701 12113 12113 V SurfaceView@476b54d: Layout: x=0 y=-884 w=1080 h=525, frame=Rect(0, 0 - 1080, 525)
10-16 01:51:32.705 12113 12212 D SurfaceView@476b54d: updateSurfacePosition RenderWorker, frameNr = 775, position = [0, -884, 1080, -359] surfaceSize = 1080x525
10-16 01:51:32.705 12113 12212 I SurfaceView@476b54d: uSP: rtp = Rect(0, -884 - 1080, -359) rtsw = 1080 rtsh = 525
10-16 01:51:32.705 12113 12212 I SurfaceView@476b54d: onSSPAndSRT: pl = 0 pt = -884 sx = 1.0 sy = 1.0
10-16 01:51:32.705 12113 12212 I SurfaceView@476b54d: aOrMT: ViewRootImpl@97403c7[MainActivity] t = android.view.SurfaceControl$Transaction@a20ad06 fN = 775 android.view.SurfaceView.-$$Nest$mapplyOrMergeTransaction:0 android.view.SurfaceView$SurfaceViewPositionUpdateListener.positionChanged:1537 android.graphics.RenderNode$CompositePositionUpdateListener.positionChanged:373 
10-16 01:51:32.705 12113 12212 I ViewRootImpl@97403c7[MainActivity]: mWNT: t=0x7b32a46000 mBlastBufferQueue=0x7b5c186700 fn= 775 caller= android.view.SurfaceView.applyOrMergeTransaction:1455 android.view.SurfaceView.-$$Nest$mapplyOrMergeTransaction:0 android.view.SurfaceView$SurfaceViewPositionUpdateListener.positionChanged:1537 
10-16 01:51:32.706 12113 12212 I ViewRootImpl@97403c7[MainActivity]: mWNT: t=0x7b32bcd500 mBlastBufferQueue=0x7b5c186700 fn= 775 caller= android.view.ViewRootImpl.lambda$applyTransactionOnDraw$11$android-view-ViewRootImpl:12865 android.view.ViewRootImpl$$ExternalSyntheticLambda1.onFrameDraw:4 android.graphics.HardwareRenderer$FrameDrawingCallback.onFrameDraw:924 
10-16 01:51:32.716 12113 12113 I SurfaceView@476b54d: Changes: creating=false format=false size=false visible=false alpha=false hint=false mUseAlpha=false visible=false left=false top=true
10-16 01:51:32.716 12113 12113 I SurfaceView@476b54d: 74888525 Cur surface: Surface(name=null)/@0x43a4e65
10-16 01:51:32.717 12113 12113 I SurfaceView@476b54d: applyTransactionOnVriDraw: vri = ViewRootImpl@97403c7[MainActivity] fRS = false t = 0x7b32bcd600 android.view.SurfaceView.performSurfaceTransaction:959 android.view.SurfaceView.updateSurface:1105 android.view.SurfaceView.lambda$new$0$android-view-SurfaceView:200 
10-16 01:51:32.717 12113 12113 I ViewRootImpl@97403c7[MainActivity]: applyTransactionOnDraw: mRemoved = false isHardwareEnabled = true t = 0x7b32bcd600android.view.SurfaceView.applyTransactionOnVriDraw:2048 android.view.SurfaceView.performSurfaceTransaction:959 android.view.SurfaceView.updateSurface:1105 android.view.SurfaceView.lambda$new$0$android-view-SurfaceView:200 android.view.SurfaceView$$ExternalSyntheticLambda5.onPreDraw:2 
10-16 01:51:32.717 12113 12113 I SurfaceView@476b54d: updateSurface: mVisible = true mSurface.isValid() = true
10-16 01:51:32.717 12113 12113 I SurfaceView@476b54d: updateSurface: mSurfaceCreated = true surfaceChanged = false visibleChanged = false
10-16 01:51:32.717 12113 12113 V SurfaceView@476b54d: Layout: x=0 y=-792 w=1080 h=525, frame=Rect(0, 0 - 1080, 525)
10-16 01:51:32.721 12113 12213 D SurfaceView@476b54d: updateSurfacePosition RenderWorker, frameNr = 776, position = [0, -792, 1080, -267] surfaceSize = 1080x525
10-16 01:51:32.721 12113 12213 I SurfaceView@476b54d: uSP: rtp = Rect(0, -792 - 1080, -267) rtsw = 1080 rtsh = 525
10-16 01:51:32.722 12113 12213 I SurfaceView@476b54d: onSSPAndSRT: pl = 0 pt = -792 sx = 1.0 sy = 1.0
10-16 01:51:32.722 12113 12213 I SurfaceView@476b54d: aOrMT: ViewRootImpl@97403c7[MainActivity] t = android.view.SurfaceControl$Transaction@a20ad06 fN = 776 android.view.SurfaceView.-$$Nest$mapplyOrMergeTransaction:0 android.view.SurfaceView$SurfaceViewPositionUpdateListener.positionChanged:1537 android.graphics.RenderNode$CompositePositionUpdateListener.positionChanged:373 
10-16 01:51:32.722 12113 12213 I ViewRootImpl@97403c7[MainActivity]: mWNT: t=0x7b32a46000 mBlastBufferQueue=0x7b5c186700 fn= 776 caller= android.view.SurfaceView.applyOrMergeTransaction:1455 android.view.SurfaceView.-$$Nest$mapplyOrMergeTransaction:0 android.view.SurfaceView$SurfaceViewPositionUpdateListener.positionChanged:1537 
10-16 01:51:32.723 12113 12213 I ViewRootImpl@97403c7[MainActivity]: mWNT: t=0x7b32bcd600 mBlastBufferQueue=0x7b5c186700 fn= 776 caller= android.view.ViewRootImpl.lambda$applyTransactionOnDraw$11$android-view-ViewRootImpl:12865 android.view.ViewRootImpl$$ExternalSyntheticLambda1.onFrameDraw:4 android.graphics.HardwareRenderer$FrameDrawingCallback.onFrameDraw:924 
10-16 01:51:32.732 12113 12113 I SurfaceView@476b54d: Changes: creating=false format=false size=false visible=false alpha=false hint=false mUseAlpha=false visible=false left=false top=true
10-16 01:51:32.732 12113 12113 I SurfaceView@476b54d: 74888525 Cur surface: Surface(name=null)/@0x43a4e65
10-16 01:51:32.733 12113 12113 I SurfaceView@476b54d: applyTransactionOnVriDraw: vri = ViewRootImpl@97403c7[MainActivity] fRS = false t = 0x7b32bcd700 android.view.SurfaceView.performSurfaceTransaction:959 android.view.SurfaceView.updateSurface:1105 android.view.SurfaceView.lambda$new$0$android-view-SurfaceView:200 
10-16 01:51:32.733 12113 12113 I ViewRootImpl@97403c7[MainActivity]: applyTransactionOnDraw: mRemoved = false isHardwareEnabled = true t = 0x7b32bcd700android.view.SurfaceView.applyTransactionOnVriDraw:2048 android.view.SurfaceView.performSurfaceTransaction:959 android.view.SurfaceView.updateSurface:1105 android.view.SurfaceView.lambda$new$0$android-view-SurfaceView:200 android.view.SurfaceView$$ExternalSyntheticLambda5.onPreDraw:2 
10-16 01:51:32.733 12113 12113 I SurfaceView@476b54d: updateSurface: mVisible = true mSurface.isValid() = true
10-16 01:51:32.733 12113 12113 I SurfaceView@476b54d: updateSurface: mSurfaceCreated = true surfaceChanged = false visibleChanged = false
10-16 01:51:32.733 12113 12113 V SurfaceView@476b54d: Layout: x=0 y=-699 w=1080 h=525, frame=Rect(0, 0 - 1080, 525)
10-16 01:51:32.737 12113 12212 D SurfaceView@476b54d: updateSurfacePosition RenderWorker, frameNr = 777, position = [0, -699, 1080, -174] surfaceSize = 1080x525
10-16 01:51:32.737 12113 12212 I SurfaceView@476b54d: uSP: rtp = Rect(0, -699 - 1080, -174) rtsw = 1080 rtsh = 525
10-16 01:51:32.737 12113 12212 I SurfaceView@476b54d: onSSPAndSRT: pl = 0 pt = -699 sx = 1.0 sy = 1.0
10-16 01:51:32.737 12113 12212 I SurfaceView@476b54d: aOrMT: ViewRootImpl@97403c7[MainActivity] t = android.view.SurfaceControl$Transaction@a20ad06 fN = 777 android.view.SurfaceView.-$$Nest$mapplyOrMergeTransaction:0 android.view.SurfaceView$SurfaceViewPositionUpdateListener.positionChanged:1537 android.graphics.RenderNode$CompositePositionUpdateListener.positionChanged:373 
10-16 01:51:32.738 12113 12212 I ViewRootImpl@97403c7[MainActivity]: mWNT: t=0x7b32a46000 mBlastBufferQueue=0x7b5c186700 fn= 777 caller= android.view.SurfaceView.applyOrMergeTransaction:1455 android.view.SurfaceView.-$$Nest$mapplyOrMergeTransaction:0 android.view.SurfaceView$SurfaceViewPositionUpdateListener.positionChanged:1537 
10-16 01:51:32.738 12113 12212 I ViewRootImpl@97403c7[MainActivity]: mWNT: t=0x7b32bcd700 mBlastBufferQueue=0x7b5c186700 fn= 777 caller= android.view.ViewRootImpl.lambda$applyTransactionOnDraw$11$android-view-ViewRootImpl:12865 android.view.ViewRootImpl$$ExternalSyntheticLambda1.onFrameDraw:4 android.graphics.HardwareRenderer$FrameDrawingCallback.onFrameDraw:924 
10-16 01:51:32.749 12113 12113 I SurfaceView@476b54d: Changes: creating=false format=false size=false visible=false alpha=false hint=false mUseAlpha=false visible=false left=false top=true
10-16 01:51:32.750 12113 12113 I SurfaceView@476b54d: 74888525 Cur surface: Surface(name=null)/@0x43a4e65
10-16 01:51:32.750 12113 12113 I SurfaceView@476b54d: applyTransactionOnVriDraw: vri = ViewRootImpl@97403c7[MainActivity] fRS = false t = 0x7b32bcd800 android.view.SurfaceView.performSurfaceTransaction:959 android.view.SurfaceView.updateSurface:1105 android.view.SurfaceView.lambda$new$0$android-view-SurfaceView:200 
10-16 01:51:32.750 12113 12113 I ViewRootImpl@97403c7[MainActivity]: applyTransactionOnDraw: mRemoved = false isHardwareEnabled = true t = 0x7b32bcd800android.view.SurfaceView.applyTransactionOnVriDraw:2048 android.view.SurfaceView.performSurfaceTransaction:959 android.view.SurfaceView.updateSurface:1105 android.view.SurfaceView.lambda$new$0$android-view-SurfaceView:200 android.view.SurfaceView$$ExternalSyntheticLambda5.onPreDraw:2 
10-16 01:51:32.750 12113 12113 I SurfaceView@476b54d: updateSurface: mVisible = true mSurface.isValid() = true
10-16 01:51:32.750 12113 12113 I SurfaceView@476b54d: updateSurface: mSurfaceCreated = true surfaceChanged = false visibleChanged = false
10-16 01:51:32.751 12113 12113 V SurfaceView@476b54d: Layout: x=0 y=-609 w=1080 h=525, frame=Rect(0, 0 - 1080, 525)
10-16 01:51:32.754 12113 12213 D SurfaceView@476b54d: updateSurfacePosition RenderWorker, frameNr = 778, position = [0, -609, 1080, -84] surfaceSize = 1080x525
10-16 01:51:32.754 12113 12213 I SurfaceView@476b54d: uSP: rtp = Rect(0, -609 - 1080, -84) rtsw = 1080 rtsh = 525
10-16 01:51:32.754 12113 12213 I SurfaceView@476b54d: onSSPAndSRT: pl = 0 pt = -609 sx = 1.0 sy = 1.0
10-16 01:51:32.754 12113 12213 I SurfaceView@476b54d: aOrMT: ViewRootImpl@97403c7[MainActivity] t = android.view.SurfaceControl$Transaction@a20ad06 fN = 778 android.view.SurfaceView.-$$Nest$mapplyOrMergeTransaction:0 android.view.SurfaceView$SurfaceViewPositionUpdateListener.positionChanged:1537 android.graphics.RenderNode$CompositePositionUpdateListener.positionChanged:373 
10-16 01:51:32.754 12113 12213 I ViewRootImpl@97403c7[MainActivity]: mWNT: t=0x7b32a46000 mBlastBufferQueue=0x7b5c186700 fn= 778 caller= android.view.SurfaceView.applyOrMergeTransaction:1455 android.view.SurfaceView.-$$Nest$mapplyOrMergeTransaction:0 android.view.SurfaceView$SurfaceViewPositionUpdateListener.positionChanged:1537 
