10-16 01:00:32.533   572   647 I SurfaceView@42898ba: aOrMT: ViewRootImpl@48d3b3a[MainActivity] t = android.view.SurfaceControl$Transaction@1c342f2 fN = 823 android.view.SurfaceView.-$$Nest$mapplyOrMergeTransaction:0 android.view.SurfaceView$SurfaceViewPositionUpdateListener.positionChanged:1537 android.graphics.RenderNode$CompositePositionUpdateListener.positionChanged:373 
10-16 01:00:32.534   572   647 I ViewRootImpl@48d3b3a[MainActivity]: mWNT: t=0x7b14b00a00 mBlastBufferQueue=0x7b5c2d1100 fn= 823 caller= android.view.SurfaceView.applyOrMergeTransaction:1455 android.view.SurfaceView.-$$Nest$mapplyOrMergeTransaction:0 android.view.SurfaceView$SurfaceViewPositionUpdateListener.positionChanged:1537 
10-16 01:00:32.534   572   647 I ViewRootImpl@48d3b3a[MainActivity]: mWNT: t=0x7b432e4d00 mBlastBufferQueue=0x7b5c2d1100 fn= 823 caller= android.view.ViewRootImpl.lambda$applyTransactionOnDraw$11$android-view-ViewRootImpl:12865 android.view.ViewRootImpl$$ExternalSyntheticLambda1.onFrameDraw:4 android.graphics.HardwareRenderer$FrameDrawingCallback.onFrameDraw:924 
10-16 01:00:32.542   572   572 I SurfaceView@42898ba: Changes: creating=false format=false size=false visible=false alpha=false hint=false mUseAlpha=false visible=false left=false top=true
10-16 01:00:32.542   572   572 I SurfaceView@42898ba: 69769402 Cur surface: Surface(name=null)/@0xcc36ec1
10-16 01:00:32.543   572   572 I SurfaceView@42898ba: applyTransactionOnVriDraw: vri = ViewRootImpl@48d3b3a[MainActivity] fRS = false t = 0x7b432e4e00 android.view.SurfaceView.performSurfaceTransaction:959 android.view.SurfaceView.updateSurface:1105 android.view.SurfaceView.lambda$new$0$android-view-SurfaceView:200 
10-16 01:00:32.543   572   572 I ViewRootImpl@48d3b3a[MainActivity]: applyTransactionOnDraw: mRemoved = false isHardwareEnabled = true t = 0x7b432e4e00android.view.SurfaceView.applyTransactionOnVriDraw:2048 android.view.SurfaceView.performSurfaceTransaction:959 android.view.SurfaceView.updateSurface:1105 android.view.SurfaceView.lambda$new$0$android-view-SurfaceView:200 android.view.SurfaceView$$ExternalSyntheticLambda5.onPreDraw:2 
10-16 01:00:32.543   572   572 I SurfaceView@42898ba: updateSurface: mVisible = true mSurface.isValid() = true
10-16 01:00:32.543   572   572 I SurfaceView@42898ba: updateSurface: mSurfaceCreated = true surfaceChanged = false visibleChanged = false
10-16 01:00:32.543   572   572 V SurfaceView@42898ba: Layout: x=0 y=-6 w=1080 h=525, frame=Rect(0, 0 - 1080, 525)
10-16 01:00:32.550   572   648 D SurfaceView@42898ba: updateSurfacePosition RenderWorker, frameNr = 824, position = [0, -6, 1080, 519] surfaceSize = 1080x525
10-16 01:00:32.551   572   648 I SurfaceView@42898ba: uSP: rtp = Rect(0, -6 - 1080, 519) rtsw = 1080 rtsh = 525
10-16 01:00:32.551   572   648 I SurfaceView@42898ba: onSSPAndSRT: pl = 0 pt = -6 sx = 1.0 sy = 1.0
10-16 01:00:32.551   572   648 I SurfaceView@42898ba: aOrMT: ViewRootImpl@48d3b3a[MainActivity] t = android.view.SurfaceControl$Transaction@1c342f2 fN = 824 android.view.SurfaceView.-$$Nest$mapplyOrMergeTransaction:0 android.view.SurfaceView$SurfaceViewPositionUpdateListener.positionChanged:1537 android.graphics.RenderNode$CompositePositionUpdateListener.positionChanged:373 
10-16 01:00:32.551   572   648 I ViewRootImpl@48d3b3a[MainActivity]: mWNT: t=0x7b14b00a00 mBlastBufferQueue=0x7b5c2d1100 fn= 824 caller= android.view.SurfaceView.applyOrMergeTransaction:1455 android.view.SurfaceView.-$$Nest$mapplyOrMergeTransaction:0 android.view.SurfaceView$SurfaceViewPositionUpdateListener.positionChanged:1537 
10-16 01:00:32.552   572   648 I ViewRootImpl@48d3b3a[MainActivity]: mWNT: t=0x7b432e4e00 mBlastBufferQueue=0x7b5c2d1100 fn= 824 caller= android.view.ViewRootImpl.lambda$applyTransactionOnDraw$11$android-view-ViewRootImpl:12865 android.view.ViewRootImpl$$ExternalSyntheticLambda1.onFrameDraw:4 android.graphics.HardwareRenderer$FrameDrawingCallback.onFrameDraw:924 
10-16 01:00:32.560   572   572 I SurfaceView@42898ba: Changes: creating=false format=false size=false visible=false alpha=false hint=false mUseAlpha=false visible=false left=false top=true
10-16 01:00:32.560   572   572 I SurfaceView@42898ba: 69769402 Cur surface: Surface(name=null)/@0xcc36ec1
10-16 01:00:32.561   572   572 I SurfaceView@42898ba: applyTransactionOnVriDraw: vri = ViewRootImpl@48d3b3a[MainActivity] fRS = false t = 0x7b432e4f00 android.view.SurfaceView.performSurfaceTransaction:959 android.view.SurfaceView.updateSurface:1105 android.view.SurfaceView.lambda$new$0$android-view-SurfaceView:200 
10-16 01:00:32.561   572   572 I ViewRootImpl@48d3b3a[MainActivity]: applyTransactionOnDraw: mRemoved = false isHardwareEnabled = true t = 0x7b432e4f00android.view.SurfaceView.applyTransactionOnVriDraw:2048 android.view.SurfaceView.performSurfaceTransaction:959 android.view.SurfaceView.updateSurface:1105 android.view.SurfaceView.lambda$new$0$android-view-SurfaceView:200 android.view.SurfaceView$$ExternalSyntheticLambda5.onPreDraw:2 
10-16 01:00:32.561   572   572 I SurfaceView@42898ba: updateSurface: mVisible = true mSurface.isValid() = true
10-16 01:00:32.561   572   572 I SurfaceView@42898ba: updateSurface: mSurfaceCreated = true surfaceChanged = false visibleChanged = false
10-16 01:00:32.561   572   572 V SurfaceView@42898ba: Layout: x=0 y=-12 w=1080 h=525, frame=Rect(0, 0 - 1080, 525)
10-16 01:00:32.568   572   647 D SurfaceView@42898ba: updateSurfacePosition RenderWorker, frameNr = 825, position = [0, -12, 1080, 513] surfaceSize = 1080x525
10-16 01:00:32.569   572   647 I SurfaceView@42898ba: uSP: rtp = Rect(0, -12 - 1080, 513) rtsw = 1080 rtsh = 525
10-16 01:00:32.569   572   647 I SurfaceView@42898ba: onSSPAndSRT: pl = 0 pt = -12 sx = 1.0 sy = 1.0
10-16 01:00:32.569   572   647 I SurfaceView@42898ba: aOrMT: ViewRootImpl@48d3b3a[MainActivity] t = android.view.SurfaceControl$Transaction@1c342f2 fN = 825 android.view.SurfaceView.-$$Nest$mapplyOrMergeTransaction:0 android.view.SurfaceView$SurfaceViewPositionUpdateListener.positionChanged:1537 android.graphics.RenderNode$CompositePositionUpdateListener.positionChanged:373 
10-16 01:00:32.569   572   647 I ViewRootImpl@48d3b3a[MainActivity]: mWNT: t=0x7b14b00a00 mBlastBufferQueue=0x7b5c2d1100 fn= 825 caller= android.view.SurfaceView.applyOrMergeTransaction:1455 android.view.SurfaceView.-$$Nest$mapplyOrMergeTransaction:0 android.view.SurfaceView$SurfaceViewPositionUpdateListener.positionChanged:1537 
10-16 01:00:32.570   572   647 I ViewRootImpl@48d3b3a[MainActivity]: mWNT: t=0x7b432e4f00 mBlastBufferQueue=0x7b5c2d1100 fn= 825 caller= android.view.ViewRootImpl.lambda$applyTransactionOnDraw$11$android-view-ViewRootImpl:12865 android.view.ViewRootImpl$$ExternalSyntheticLambda1.onFrameDraw:4 android.graphics.HardwareRenderer$FrameDrawingCallback.onFrameDraw:924 
10-16 01:00:32.576   572   572 I SurfaceView@42898ba: Changes: creating=false format=false size=false visible=false alpha=false hint=false mUseAlpha=false visible=false left=false top=true
10-16 01:00:32.576   572   572 I SurfaceView@42898ba: 69769402 Cur surface: Surface(name=null)/@0xcc36ec1
10-16 01:00:32.578   572   572 I SurfaceView@42898ba: applyTransactionOnVriDraw: vri = ViewRootImpl@48d3b3a[MainActivity] fRS = false t = 0x7b5c0f9100 android.view.SurfaceView.performSurfaceTransaction:959 android.view.SurfaceView.updateSurface:1105 android.view.SurfaceView.lambda$new$0$android-view-SurfaceView:200 
10-16 01:00:32.578   572   572 I ViewRootImpl@48d3b3a[MainActivity]: applyTransactionOnDraw: mRemoved = false isHardwareEnabled = true t = 0x7b5c0f9100android.view.SurfaceView.applyTransactionOnVriDraw:2048 android.view.SurfaceView.performSurfaceTransaction:959 android.view.SurfaceView.updateSurface:1105 android.view.SurfaceView.lambda$new$0$android-view-SurfaceView:200 android.view.SurfaceView$$ExternalSyntheticLambda5.onPreDraw:2 
10-16 01:00:32.578   572   572 I SurfaceView@42898ba: updateSurface: mVisible = true mSurface.isValid() = true
10-16 01:00:32.578   572   572 I SurfaceView@42898ba: updateSurface: mSurfaceCreated = true surfaceChanged = false visibleChanged = false
10-16 01:00:32.578   572   572 V SurfaceView@42898ba: Layout: x=0 y=-16 w=1080 h=525, frame=Rect(0, 0 - 1080, 525)
10-16 01:00:32.584   572   648 D SurfaceView@42898ba: updateSurfacePosition RenderWorker, frameNr = 826, position = [0, -16, 1080, 509] surfaceSize = 1080x525
10-16 01:00:32.584   572   648 I SurfaceView@42898ba: uSP: rtp = Rect(0, -16 - 1080, 509) rtsw = 1080 rtsh = 525
10-16 01:00:32.585   572   648 I SurfaceView@42898ba: onSSPAndSRT: pl = 0 pt = -16 sx = 1.0 sy = 1.0
10-16 01:00:32.585   572   648 I SurfaceView@42898ba: aOrMT: ViewRootImpl@48d3b3a[MainActivity] t = android.view.SurfaceControl$Transaction@1c342f2 fN = 826 android.view.SurfaceView.-$$Nest$mapplyOrMergeTransaction:0 android.view.SurfaceView$SurfaceViewPositionUpdateListener.positionChanged:1537 android.graphics.RenderNode$CompositePositionUpdateListener.positionChanged:373 
10-16 01:00:32.585   572   648 I ViewRootImpl@48d3b3a[MainActivity]: mWNT: t=0x7b14b00a00 mBlastBufferQueue=0x7b5c2d1100 fn= 826 caller= android.view.SurfaceView.applyOrMergeTransaction:1455 android.view.SurfaceView.-$$Nest$mapplyOrMergeTransaction:0 android.view.SurfaceView$SurfaceViewPositionUpdateListener.positionChanged:1537 
10-16 01:00:32.586   572   648 I ViewRootImpl@48d3b3a[MainActivity]: mWNT: t=0x7b5c0f9100 mBlastBufferQueue=0x7b5c2d1100 fn= 826 caller= android.view.ViewRootImpl.lambda$applyTransactionOnDraw$11$android-view-ViewRootImpl:12865 android.view.ViewRootImpl$$ExternalSyntheticLambda1.onFrameDraw:4 android.graphics.HardwareRenderer$FrameDrawingCallback.onFrameDraw:924 
10-16 01:00:32.593   572   572 I SurfaceView@42898ba: Changes: creating=false format=false size=false visible=false alpha=false hint=false mUseAlpha=false visible=false left=false top=true
10-16 01:00:32.593   572   572 I SurfaceView@42898ba: 69769402 Cur surface: Surface(name=null)/@0xcc36ec1
10-16 01:00:32.594   572   572 I SurfaceView@42898ba: applyTransactionOnVriDraw: vri = ViewRootImpl@48d3b3a[MainActivity] fRS = false t = 0x7bed6acd00 android.view.SurfaceView.performSurfaceTransaction:959 android.view.SurfaceView.updateSurface:1105 android.view.SurfaceView.lambda$new$0$android-view-SurfaceView:200 
10-16 01:00:32.594   572   572 I ViewRootImpl@48d3b3a[MainActivity]: applyTransactionOnDraw: mRemoved = false isHardwareEnabled = true t = 0x7bed6acd00android.view.SurfaceView.applyTransactionOnVriDraw:2048 android.view.SurfaceView.performSurfaceTransaction:959 android.view.SurfaceView.updateSurface:1105 android.view.SurfaceView.lambda$new$0$android-view-SurfaceView:200 android.view.SurfaceView$$ExternalSyntheticLambda5.onPreDraw:2 
10-16 01:00:32.594   572   572 I SurfaceView@42898ba: updateSurface: mVisible = true mSurface.isValid() = true
10-16 01:00:32.594   572   572 I SurfaceView@42898ba: updateSurface: mSurfaceCreated = true surfaceChanged = false visibleChanged = false
10-16 01:00:32.594   572   572 V SurfaceView@42898ba: Layout: x=0 y=-22 w=1080 h=525, frame=Rect(0, 0 - 1080, 525)
10-16 01:00:32.601   572   647 D SurfaceView@42898ba: updateSurfacePosition RenderWorker, frameNr = 827, position = [0, -22, 1080, 503] surfaceSize = 1080x525
10-16 01:00:32.601   572   647 I SurfaceView@42898ba: uSP: rtp = Rect(0, -22 - 1080, 503) rtsw = 1080 rtsh = 525
10-16 01:00:32.601   572   647 I SurfaceView@42898ba: onSSPAndSRT: pl = 0 pt = -22 sx = 1.0 sy = 1.0
10-16 01:00:32.602   572   648 I ViewRootImpl@48d3b3a[MainActivity]: mWNT: t=0x7bed6acd00 mBlastBufferQueue=0x7b5c2d1100 fn= 827 caller= android.view.ViewRootImpl.lambda$applyTransactionOnDraw$11$android-view-ViewRootImpl:12865 android.view.ViewRootImpl$$ExternalSyntheticLambda1.onFrameDraw:4 android.graphics.HardwareRenderer$FrameDrawingCallback.onFrameDraw:924 
10-16 01:00:32.602   572   647 I SurfaceView@42898ba: aOrMT: ViewRootImpl@48d3b3a[MainActivity] t = android.view.SurfaceControl$Transaction@1c342f2 fN = 827 android.view.SurfaceView.-$$Nest$mapplyOrMergeTransaction:0 android.view.SurfaceView$SurfaceViewPositionUpdateListener.positionChanged:1537 android.graphics.RenderNode$CompositePositionUpdateListener.positionChanged:373 
10-16 01:00:32.602   572   647 I ViewRootImpl@48d3b3a[MainActivity]: mWNT: t=0x7b14b00a00 mBlastBufferQueue=0x7b5c2d1100 fn= 827 caller= android.view.SurfaceView.applyOrMergeTransaction:1455 android.view.SurfaceView.-$$Nest$mapplyOrMergeTransaction:0 android.view.SurfaceView$SurfaceViewPositionUpdateListener.positionChanged:1537 
10-16 01:00:32.608   572   572 I SurfaceView@42898ba: Changes: creating=false format=false size=false visible=false alpha=false hint=false mUseAlpha=false visible=false left=false top=true
10-16 01:00:32.608   572   572 I SurfaceView@42898ba: 69769402 Cur surface: Surface(name=null)/@0xcc36ec1
10-16 01:00:32.609   572   572 I SurfaceView@42898ba: applyTransactionOnVriDraw: vri = ViewRootImpl@48d3b3a[MainActivity] fRS = false t = 0x7b5c0f9300 android.view.SurfaceView.performSurfaceTransaction:959 android.view.SurfaceView.updateSurface:1105 android.view.SurfaceView.lambda$new$0$android-view-SurfaceView:200 
10-16 01:00:32.609   572   572 I ViewRootImpl@48d3b3a[MainActivity]: applyTransactionOnDraw: mRemoved = false isHardwareEnabled = true t = 0x7b5c0f9300android.view.SurfaceView.applyTransactionOnVriDraw:2048 android.view.SurfaceView.performSurfaceTransaction:959 android.view.SurfaceView.updateSurface:1105 android.view.SurfaceView.lambda$new$0$android-view-SurfaceView:200 android.view.SurfaceView$$ExternalSyntheticLambda5.onPreDraw:2 
10-16 01:00:32.609   572   572 I SurfaceView@42898ba: updateSurface: mVisible = true mSurface.isValid() = true
10-16 01:00:32.609   572   572 I SurfaceView@42898ba: updateSurface: mSurfaceCreated = true surfaceChanged = false visibleChanged = false
10-16 01:00:32.609   572   572 V SurfaceView@42898ba: Layout: x=0 y=-28 w=1080 h=525, frame=Rect(0, 0 - 1080, 525)
10-16 01:00:32.616   572   648 D SurfaceView@42898ba: updateSurfacePosition RenderWorker, frameNr = 828, position = [0, -28, 1080, 497] surfaceSize = 1080x525
10-16 01:00:32.616   572   648 I SurfaceView@42898ba: uSP: rtp = Rect(0, -28 - 1080, 497) rtsw = 1080 rtsh = 525
10-16 01:00:32.616   572   648 I SurfaceView@42898ba: onSSPAndSRT: pl = 0 pt = -28 sx = 1.0 sy = 1.0
10-16 01:00:32.616   572   648 I SurfaceView@42898ba: aOrMT: ViewRootImpl@48d3b3a[MainActivity] t = android.view.SurfaceControl$Transaction@1c342f2 fN = 828 android.view.SurfaceView.-$$Nest$mapplyOrMergeTransaction:0 android.view.SurfaceView$SurfaceViewPositionUpdateListener.positionChanged:1537 android.graphics.RenderNode$CompositePositionUpdateListener.positionChanged:373 
10-16 01:00:32.617   572   648 I ViewRootImpl@48d3b3a[MainActivity]: mWNT: t=0x7b14b00a00 mBlastBufferQueue=0x7b5c2d1100 fn= 828 caller= android.view.SurfaceView.applyOrMergeTransaction:1455 android.view.SurfaceView.-$$Nest$mapplyOrMergeTransaction:0 android.view.SurfaceView$SurfaceViewPositionUpdateListener.positionChanged:1537 
10-16 01:00:32.617   572   648 I ViewRootImpl@48d3b3a[MainActivity]: mWNT: t=0x7b5c0f9300 mBlastBufferQueue=0x7b5c2d1100 fn= 828 caller= android.view.ViewRootImpl.lambda$applyTransactionOnDraw$11$android-view-ViewRootImpl:12865 android.view.ViewRootImpl$$ExternalSyntheticLambda1.onFrameDraw:4 android.graphics.HardwareRenderer$FrameDrawingCallback.onFrameDraw:924 
10-16 01:00:32.626   572   572 I SurfaceView@42898ba: Changes: creating=false format=false size=false visible=false alpha=false hint=false mUseAlpha=false visible=false left=false top=true
10-16 01:00:32.626   572   572 I SurfaceView@42898ba: 69769402 Cur surface: Surface(name=null)/@0xcc36ec1
10-16 01:00:32.627   572   572 I SurfaceView@42898ba: applyTransactionOnVriDraw: vri = ViewRootImpl@48d3b3a[MainActivity] fRS = false t = 0x7b5c0f9400 android.view.SurfaceView.performSurfaceTransaction:959 android.view.SurfaceView.updateSurface:1105 android.view.SurfaceView.lambda$new$0$android-view-SurfaceView:200 
10-16 01:00:32.627   572   572 I ViewRootImpl@48d3b3a[MainActivity]: applyTransactionOnDraw: mRemoved = false isHardwareEnabled = true t = 0x7b5c0f9400android.view.SurfaceView.applyTransactionOnVriDraw:2048 android.view.SurfaceView.performSurfaceTransaction:959 android.view.SurfaceView.updateSurface:1105 android.view.SurfaceView.lambda$new$0$android-view-SurfaceView:200 android.view.SurfaceView$$ExternalSyntheticLambda5.onPreDraw:2 
10-16 01:00:32.627   572   572 I SurfaceView@42898ba: updateSurface: mVisible = true mSurface.isValid() = true
10-16 01:00:32.627   572   572 I SurfaceView@42898ba: updateSurface: mSurfaceCreated = true surfaceChanged = false visibleChanged = false
10-16 01:00:32.627   572   572 V SurfaceView@42898ba: Layout: x=0 y=-36 w=1080 h=525, frame=Rect(0, 0 - 1080, 525)
10-16 01:00:32.635   572   647 D SurfaceView@42898ba: updateSurfacePosition RenderWorker, frameNr = 829, position = [0, -36, 1080, 489] surfaceSize = 1080x525
10-16 01:00:32.635   572   647 I SurfaceView@42898ba: uSP: rtp = Rect(0, -36 - 1080, 489) rtsw = 1080 rtsh = 525
10-16 01:00:32.635   572   647 I SurfaceView@42898ba: onSSPAndSRT: pl = 0 pt = -36 sx = 1.0 sy = 1.0
10-16 01:00:32.635   572   647 I SurfaceView@42898ba: aOrMT: ViewRootImpl@48d3b3a[MainActivity] t = android.view.SurfaceControl$Transaction@1c342f2 fN = 829 android.view.SurfaceView.-$$Nest$mapplyOrMergeTransaction:0 android.view.SurfaceView$SurfaceViewPositionUpdateListener.positionChanged:1537 android.graphics.RenderNode$CompositePositionUpdateListener.positionChanged:373 
10-16 01:00:32.636   572   647 I ViewRootImpl@48d3b3a[MainActivity]: mWNT: t=0x7b14b00a00 mBlastBufferQueue=0x7b5c2d1100 fn= 829 caller= android.view.SurfaceView.applyOrMergeTransaction:1455 android.view.SurfaceView.-$$Nest$mapplyOrMergeTransaction:0 android.view.SurfaceView$SurfaceViewPositionUpdateListener.positionChanged:1537 
10-16 01:00:32.636   572   647 I ViewRootImpl@48d3b3a[MainActivity]: mWNT: t=0x7b5c0f9400 mBlastBufferQueue=0x7b5c2d1100 fn= 829 caller= android.view.ViewRootImpl.lambda$applyTransactionOnDraw$11$android-view-ViewRootImpl:12865 android.view.ViewRootImpl$$ExternalSyntheticLambda1.onFrameDraw:4 android.graphics.HardwareRenderer$FrameDrawingCallback.onFrameDraw:924 
10-16 01:00:32.643   572   572 I SurfaceView@42898ba: Changes: creating=false format=false size=false visible=false alpha=false hint=false mUseAlpha=false visible=false left=false top=true
10-16 01:00:32.643   572   572 I SurfaceView@42898ba: 69769402 Cur surface: Surface(name=null)/@0xcc36ec1
10-16 01:00:32.643   572   572 I SurfaceView@42898ba: applyTransactionOnVriDraw: vri = ViewRootImpl@48d3b3a[MainActivity] fRS = false t = 0x7b5c0f9500 android.view.SurfaceView.performSurfaceTransaction:959 android.view.SurfaceView.updateSurface:1105 android.view.SurfaceView.lambda$new$0$android-view-SurfaceView:200 
10-16 01:00:32.643   572   572 I ViewRootImpl@48d3b3a[MainActivity]: applyTransactionOnDraw: mRemoved = false isHardwareEnabled = true t = 0x7b5c0f9500android.view.SurfaceView.applyTransactionOnVriDraw:2048 android.view.SurfaceView.performSurfaceTransaction:959 android.view.SurfaceView.updateSurface:1105 android.view.SurfaceView.lambda$new$0$android-view-SurfaceView:200 android.view.SurfaceView$$ExternalSyntheticLambda5.onPreDraw:2 
10-16 01:00:32.644   572   572 I SurfaceView@42898ba: updateSurface: mVisible = true mSurface.isValid() = true
10-16 01:00:32.644   572   572 I SurfaceView@42898ba: updateSurface: mSurfaceCreated = true surfaceChanged = false visibleChanged = false
10-16 01:00:32.644   572   572 V SurfaceView@42898ba: Layout: x=0 y=-43 w=1080 h=525, frame=Rect(0, 0 - 1080, 525)
10-16 01:00:32.662   572   648 D SurfaceView@42898ba: updateSurfacePosition RenderWorker, frameNr = 830, position = [0, -43, 1080, 482] surfaceSize = 1080x525
10-16 01:00:32.662   572   648 I SurfaceView@42898ba: uSP: rtp = Rect(0, -43 - 1080, 482) rtsw = 1080 rtsh = 525
10-16 01:00:32.662   572   648 I SurfaceView@42898ba: onSSPAndSRT: pl = 0 pt = -43 sx = 1.0 sy = 1.0
10-16 01:00:32.663   572   648 I SurfaceView@42898ba: aOrMT: ViewRootImpl@48d3b3a[MainActivity] t = android.view.SurfaceControl$Transaction@1c342f2 fN = 830 android.view.SurfaceView.-$$Nest$mapplyOrMergeTransaction:0 android.view.SurfaceView$SurfaceViewPositionUpdateListener.positionChanged:1537 android.graphics.RenderNode$CompositePositionUpdateListener.positionChanged:373 
10-16 01:00:32.663   572   648 I ViewRootImpl@48d3b3a[MainActivity]: mWNT: t=0x7b14b00a00 mBlastBufferQueue=0x7b5c2d1100 fn= 830 caller= android.view.SurfaceView.applyOrMergeTransaction:1455 android.view.SurfaceView.-$$Nest$mapplyOrMergeTransaction:0 android.view.SurfaceView$SurfaceViewPositionUpdateListener.positionChanged:1537 
10-16 01:00:32.663   572   648 I ViewRootImpl@48d3b3a[MainActivity]: mWNT: t=0x7b5c0f9500 mBlastBufferQueue=0x7b5c2d1100 fn= 830 caller= android.view.ViewRootImpl.lambda$applyTransactionOnDraw$11$android-view-ViewRootImpl:12865 android.view.ViewRootImpl$$ExternalSyntheticLambda1.onFrameDraw:4 android.graphics.HardwareRenderer$FrameDrawingCallback.onFrameDraw:924 
10-16 01:00:32.666   572   572 I SurfaceView@42898ba: Changes: creating=false format=false size=false visible=false alpha=false hint=false mUseAlpha=false visible=false left=false top=true
10-16 01:00:32.666   572   572 I SurfaceView@42898ba: 69769402 Cur surface: Surface(name=null)/@0xcc36ec1
10-16 01:00:32.667   572   572 I SurfaceView@42898ba: applyTransactionOnVriDraw: vri = ViewRootImpl@48d3b3a[MainActivity] fRS = false t = 0x7b5c0f9600 android.view.SurfaceView.performSurfaceTransaction:959 android.view.SurfaceView.updateSurface:1105 android.view.SurfaceView.lambda$new$0$android-view-SurfaceView:200 
10-16 01:00:32.667   572   572 I ViewRootImpl@48d3b3a[MainActivity]: applyTransactionOnDraw: mRemoved = false isHardwareEnabled = true t = 0x7b5c0f9600android.view.SurfaceView.applyTransactionOnVriDraw:2048 android.view.SurfaceView.performSurfaceTransaction:959 android.view.SurfaceView.updateSurface:1105 android.view.SurfaceView.lambda$new$0$android-view-SurfaceView:200 android.view.SurfaceView$$ExternalSyntheticLambda5.onPreDraw:2 
10-16 01:00:32.667   572   572 I SurfaceView@42898ba: updateSurface: mVisible = true mSurface.isValid() = true
10-16 01:00:32.667   572   572 I SurfaceView@42898ba: updateSurface: mSurfaceCreated = true surfaceChanged = false visibleChanged = false
10-16 01:00:32.667   572   572 V SurfaceView@42898ba: Layout: x=0 y=-51 w=1080 h=525, frame=Rect(0, 0 - 1080, 525)
10-16 01:00:32.669   572   647 D SurfaceView@42898ba: updateSurfacePosition RenderWorker, frameNr = 831, position = [0, -51, 1080, 474] surfaceSize = 1080x525
10-16 01:00:32.670   572   647 I SurfaceView@42898ba: uSP: rtp = Rect(0, -51 - 1080, 474) rtsw = 1080 rtsh = 525
10-16 01:00:32.670   572   647 I SurfaceView@42898ba: onSSPAndSRT: pl = 0 pt = -51 sx = 1.0 sy = 1.0
10-16 01:00:32.670   572   647 I SurfaceView@42898ba: aOrMT: ViewRootImpl@48d3b3a[MainActivity] t = android.view.SurfaceControl$Transaction@1c342f2 fN = 831 android.view.SurfaceView.-$$Nest$mapplyOrMergeTransaction:0 android.view.SurfaceView$SurfaceViewPositionUpdateListener.positionChanged:1537 android.graphics.RenderNode$CompositePositionUpdateListener.positionChanged:373 
10-16 01:00:32.670   572   647 I ViewRootImpl@48d3b3a[MainActivity]: mWNT: t=0x7b14b00a00 mBlastBufferQueue=0x7b5c2d1100 fn= 831 caller= android.view.SurfaceView.applyOrMergeTransaction:1455 android.view.SurfaceView.-$$Nest$mapplyOrMergeTransaction:0 android.view.SurfaceView$SurfaceViewPositionUpdateListener.positionChanged:1537 
10-16 01:00:32.671   572   647 I ViewRootImpl@48d3b3a[MainActivity]: mWNT: t=0x7b5c0f9600 mBlastBufferQueue=0x7b5c2d1100 fn= 831 caller= android.view.ViewRootImpl.lambda$applyTransactionOnDraw$11$android-view-ViewRootImpl:12865 android.view.ViewRootImpl$$ExternalSyntheticLambda1.onFrameDraw:4 android.graphics.HardwareRenderer$FrameDrawingCallback.onFrameDraw:924 
10-16 01:00:32.673   572   572 I SurfaceView@42898ba: Changes: creating=false format=false size=false visible=false alpha=false hint=false mUseAlpha=false visible=false left=false top=true
10-16 01:00:32.673   572   572 I SurfaceView@42898ba: 69769402 Cur surface: Surface(name=null)/@0xcc36ec1
10-16 01:00:32.673   572   572 I SurfaceView@42898ba: applyTransactionOnVriDraw: vri = ViewRootImpl@48d3b3a[MainActivity] fRS = false t = 0x7b5c0f9700 android.view.SurfaceView.performSurfaceTransaction:959 android.view.SurfaceView.updateSurface:1105 android.view.SurfaceView.lambda$new$0$android-view-SurfaceView:200 
10-16 01:00:32.673   572   572 I ViewRootImpl@48d3b3a[MainActivity]: applyTransactionOnDraw: mRemoved = false isHardwareEnabled = true t = 0x7b5c0f9700android.view.SurfaceView.applyTransactionOnVriDraw:2048 android.view.SurfaceView.performSurfaceTransaction:959 android.view.SurfaceView.updateSurface:1105 android.view.SurfaceView.lambda$new$0$android-view-SurfaceView:200 android.view.SurfaceView$$ExternalSyntheticLambda5.onPreDraw:2 
10-16 01:00:32.673   572   572 I SurfaceView@42898ba: updateSurface: mVisible = true mSurface.isValid() = true
10-16 01:00:32.673   572   572 I SurfaceView@42898ba: updateSurface: mSurfaceCreated = true surfaceChanged = false visibleChanged = false
10-16 01:00:32.673   572   572 V SurfaceView@42898ba: Layout: x=0 y=-57 w=1080 h=525, frame=Rect(0, 0 - 1080, 525)
10-16 01:00:32.681   572   648 D SurfaceView@42898ba: updateSurfacePosition RenderWorker, frameNr = 832, position = [0, -57, 1080, 468] surfaceSize = 1080x525
10-16 01:00:32.681   572   648 I SurfaceView@42898ba: uSP: rtp = Rect(0, -57 - 1080, 468) rtsw = 1080 rtsh = 525
10-16 01:00:32.682   572   648 I SurfaceView@42898ba: onSSPAndSRT: pl = 0 pt = -57 sx = 1.0 sy = 1.0
10-16 01:00:32.682   572   648 I SurfaceView@42898ba: aOrMT: ViewRootImpl@48d3b3a[MainActivity] t = android.view.SurfaceControl$Transaction@1c342f2 fN = 832 android.view.SurfaceView.-$$Nest$mapplyOrMergeTransaction:0 android.view.SurfaceView$SurfaceViewPositionUpdateListener.positionChanged:1537 android.graphics.RenderNode$CompositePositionUpdateListener.positionChanged:373 
10-16 01:00:32.682   572   648 I ViewRootImpl@48d3b3a[MainActivity]: mWNT: t=0x7b14b00a00 mBlastBufferQueue=0x7b5c2d1100 fn= 832 caller= android.view.SurfaceView.applyOrMergeTransaction:1455 android.view.SurfaceView.-$$Nest$mapplyOrMergeTransaction:0 android.view.SurfaceView$SurfaceViewPositionUpdateListener.positionChanged:1537 
10-16 01:00:32.683   572   648 I ViewRootImpl@48d3b3a[MainActivity]: mWNT: t=0x7b5c0f9700 mBlastBufferQueue=0x7b5c2d1100 fn= 832 caller= android.view.ViewRootImpl.lambda$applyTransactionOnDraw$11$android-view-ViewRootImpl:12865 android.view.ViewRootImpl$$ExternalSyntheticLambda1.onFrameDraw:4 android.graphics.HardwareRenderer$FrameDrawingCallback.onFrameDraw:924 
10-16 01:00:32.689   572   572 I SurfaceView@42898ba: Changes: creating=false format=false size=false visible=false alpha=false hint=false mUseAlpha=false visible=false left=false top=true
10-16 01:00:32.689   572   572 I SurfaceView@42898ba: 69769402 Cur surface: Surface(name=null)/@0xcc36ec1
10-16 01:00:32.690   572   572 I SurfaceView@42898ba: applyTransactionOnVriDraw: vri = ViewRootImpl@48d3b3a[MainActivity] fRS = false t = 0x7b5c0f9800 android.view.SurfaceView.performSurfaceTransaction:959 android.view.SurfaceView.updateSurface:1105 android.view.SurfaceView.lambda$new$0$android-view-SurfaceView:200 
10-16 01:00:32.690   572   572 I ViewRootImpl@48d3b3a[MainActivity]: applyTransactionOnDraw: mRemoved = false isHardwareEnabled = true t = 0x7b5c0f9800android.view.SurfaceView.applyTransactionOnVriDraw:2048 android.view.SurfaceView.performSurfaceTransaction:959 android.view.SurfaceView.updateSurface:1105 android.view.SurfaceView.lambda$new$0$android-view-SurfaceView:200 android.view.SurfaceView$$ExternalSyntheticLambda5.onPreDraw:2 
10-16 01:00:32.690   572   572 I SurfaceView@42898ba: updateSurface: mVisible = true mSurface.isValid() = true
10-16 01:00:32.690   572   572 I SurfaceView@42898ba: updateSurface: mSurfaceCreated = true surfaceChanged = false visibleChanged = false
10-16 01:00:32.690   572   572 V SurfaceView@42898ba: Layout: x=0 y=-64 w=1080 h=525, frame=Rect(0, 0 - 1080, 525)
10-16 01:00:32.699   572   647 D SurfaceView@42898ba: updateSurfacePosition RenderWorker, frameNr = 833, position = [0, -64, 1080, 461] surfaceSize = 1080x525
10-16 01:00:32.699   572   647 I SurfaceView@42898ba: uSP: rtp = Rect(0, -64 - 1080, 461) rtsw = 1080 rtsh = 525
10-16 01:00:32.699   572   647 I SurfaceView@42898ba: onSSPAndSRT: pl = 0 pt = -64 sx = 1.0 sy = 1.0
10-16 01:00:32.699   572   647 I SurfaceView@42898ba: aOrMT: ViewRootImpl@48d3b3a[MainActivity] t = android.view.SurfaceControl$Transaction@1c342f2 fN = 833 android.view.SurfaceView.-$$Nest$mapplyOrMergeTransaction:0 android.view.SurfaceView$SurfaceViewPositionUpdateListener.positionChanged:1537 android.graphics.RenderNode$CompositePositionUpdateListener.positionChanged:373 
10-16 01:00:32.700   572   647 I ViewRootImpl@48d3b3a[MainActivity]: mWNT: t=0x7b14b00a00 mBlastBufferQueue=0x7b5c2d1100 fn= 833 caller= android.view.SurfaceView.applyOrMergeTransaction:1455 android.view.SurfaceView.-$$Nest$mapplyOrMergeTransaction:0 android.view.SurfaceView$SurfaceViewPositionUpdateListener.positionChanged:1537 
10-16 01:00:32.700   572   647 I ViewRootImpl@48d3b3a[MainActivity]: mWNT: t=0x7b5c0f9800 mBlastBufferQueue=0x7b5c2d1100 fn= 833 caller= android.view.ViewRootImpl.lambda$applyTransactionOnDraw$11$android-view-ViewRootImpl:12865 android.view.ViewRootImpl$$ExternalSyntheticLambda1.onFrameDraw:4 android.graphics.HardwareRenderer$FrameDrawingCallback.onFrameDraw:924 
10-16 01:00:32.706   572   572 I SurfaceView@42898ba: Changes: creating=false format=false size=false visible=false alpha=false hint=false mUseAlpha=false visible=false left=false top=true
10-16 01:00:32.706   572   572 I SurfaceView@42898ba: 69769402 Cur surface: Surface(name=null)/@0xcc36ec1
10-16 01:00:32.706   572   572 I SurfaceView@42898ba: applyTransactionOnVriDraw: vri = ViewRootImpl@48d3b3a[MainActivity] fRS = false t = 0x7b5c0f9900 android.view.SurfaceView.performSurfaceTransaction:959 android.view.SurfaceView.updateSurface:1105 android.view.SurfaceView.lambda$new$0$android-view-SurfaceView:200 
10-16 01:00:32.706   572   572 I ViewRootImpl@48d3b3a[MainActivity]: applyTransactionOnDraw: mRemoved = false isHardwareEnabled = true t = 0x7b5c0f9900android.view.SurfaceView.applyTransactionOnVriDraw:2048 android.view.SurfaceView.performSurfaceTransaction:959 android.view.SurfaceView.updateSurface:1105 android.view.SurfaceView.lambda$new$0$android-view-SurfaceView:200 android.view.SurfaceView$$ExternalSyntheticLambda5.onPreDraw:2 
10-16 01:00:32.706   572   572 I SurfaceView@42898ba: updateSurface: mVisible = true mSurface.isValid() = true
10-16 01:00:32.706   572   572 I SurfaceView@42898ba: updateSurface: mSurfaceCreated = true surfaceChanged = false visibleChanged = false
10-16 01:00:32.706   572   572 V SurfaceView@42898ba: Layout: x=0 y=-70 w=1080 h=525, frame=Rect(0, 0 - 1080, 525)
10-16 01:00:32.720   572   648 D SurfaceView@42898ba: updateSurfacePosition RenderWorker, frameNr = 834, position = [0, -70, 1080, 455] surfaceSize = 1080x525
10-16 01:00:32.720   572   648 I SurfaceView@42898ba: uSP: rtp = Rect(0, -70 - 1080, 455) rtsw = 1080 rtsh = 525
10-16 01:00:32.720   572   648 I SurfaceView@42898ba: onSSPAndSRT: pl = 0 pt = -70 sx = 1.0 sy = 1.0
10-16 01:00:32.721   572   648 I SurfaceView@42898ba: aOrMT: ViewRootImpl@48d3b3a[MainActivity] t = android.view.SurfaceControl$Transaction@1c342f2 fN = 834 android.view.SurfaceView.-$$Nest$mapplyOrMergeTransaction:0 android.view.SurfaceView$SurfaceViewPositionUpdateListener.positionChanged:1537 android.graphics.RenderNode$CompositePositionUpdateListener.positionChanged:373 
10-16 01:00:32.722   572   648 I ViewRootImpl@48d3b3a[MainActivity]: mWNT: t=0x7b14b00a00 mBlastBufferQueue=0x7b5c2d1100 fn= 834 caller= android.view.SurfaceView.applyOrMergeTransaction:1455 android.view.SurfaceView.-$$Nest$mapplyOrMergeTransaction:0 android.view.SurfaceView$SurfaceViewPositionUpdateListener.positionChanged:1537 
10-16 01:00:32.723   572   648 I ViewRootImpl@48d3b3a[MainActivity]: mWNT: t=0x7b5c0f9900 mBlastBufferQueue=0x7b5c2d1100 fn= 834 caller= android.view.ViewRootImpl.lambda$applyTransactionOnDraw$11$android-view-ViewRootImpl:12865 android.view.ViewRootImpl$$ExternalSyntheticLambda1.onFrameDraw:4 android.graphics.HardwareRenderer$FrameDrawingCallback.onFrameDraw:924 
10-16 01:00:32.724   572   572 I SurfaceView@42898ba: Changes: creating=false format=false size=false visible=false alpha=false hint=false mUseAlpha=false visible=false left=false top=true
10-16 01:00:32.725   572   572 I SurfaceView@42898ba: 69769402 Cur surface: Surface(name=null)/@0xcc36ec1
10-16 01:00:32.725   572   572 I SurfaceView@42898ba: applyTransactionOnVriDraw: vri = ViewRootImpl@48d3b3a[MainActivity] fRS = false t = 0x7b5c0f9a00 android.view.SurfaceView.performSurfaceTransaction:959 android.view.SurfaceView.updateSurface:1105 android.view.SurfaceView.lambda$new$0$android-view-SurfaceView:200 
10-16 01:00:32.726   572   572 I ViewRootImpl@48d3b3a[MainActivity]: applyTransactionOnDraw: mRemoved = false isHardwareEnabled = true t = 0x7b5c0f9a00android.view.SurfaceView.applyTransactionOnVriDraw:2048 android.view.SurfaceView.performSurfaceTransaction:959 android.view.SurfaceView.updateSurface:1105 android.view.SurfaceView.lambda$new$0$android-view-SurfaceView:200 android.view.SurfaceView$$ExternalSyntheticLambda5.onPreDraw:2 
10-16 01:00:32.726   572   572 I SurfaceView@42898ba: updateSurface: mVisible = true mSurface.isValid() = true
10-16 01:00:32.726   572   572 I SurfaceView@42898ba: updateSurface: mSurfaceCreated = true surfaceChanged = false visibleChanged = false
10-16 01:00:32.726   572   572 V SurfaceView@42898ba: Layout: x=0 y=-77 w=1080 h=525, frame=Rect(0, 0 - 1080, 525)
10-16 01:00:32.736   572   647 D SurfaceView@42898ba: updateSurfacePosition RenderWorker, frameNr = 835, position = [0, -77, 1080, 448] surfaceSize = 1080x525
10-16 01:00:32.736   572   647 I SurfaceView@42898ba: uSP: rtp = Rect(0, -77 - 1080, 448) rtsw = 1080 rtsh = 525
10-16 01:00:32.736   572   647 I SurfaceView@42898ba: onSSPAndSRT: pl = 0 pt = -77 sx = 1.0 sy = 1.0
10-16 01:00:32.736   572   647 I SurfaceView@42898ba: aOrMT: ViewRootImpl@48d3b3a[MainActivity] t = android.view.SurfaceControl$Transaction@1c342f2 fN = 835 android.view.SurfaceView.-$$Nest$mapplyOrMergeTransaction:0 android.view.SurfaceView$SurfaceViewPositionUpdateListener.positionChanged:1537 android.graphics.RenderNode$CompositePositionUpdateListener.positionChanged:373 
10-16 01:00:32.737   572   647 I ViewRootImpl@48d3b3a[MainActivity]: mWNT: t=0x7b14b00a00 mBlastBufferQueue=0x7b5c2d1100 fn= 835 caller= android.view.SurfaceView.applyOrMergeTransaction:1455 android.view.SurfaceView.-$$Nest$mapplyOrMergeTransaction:0 android.view.SurfaceView$SurfaceViewPositionUpdateListener.positionChanged:1537 
10-16 01:00:32.737   572   647 I ViewRootImpl@48d3b3a[MainActivity]: mWNT: t=0x7b5c0f9a00 mBlastBufferQueue=0x7b5c2d1100 fn= 835 caller= android.view.ViewRootImpl.lambda$applyTransactionOnDraw$11$android-view-ViewRootImpl:12865 android.view.ViewRootImpl$$ExternalSyntheticLambda1.onFrameDraw:4 android.graphics.HardwareRenderer$FrameDrawingCallback.onFrameDraw:924 
10-16 01:00:32.740   572   572 I SurfaceView@42898ba: Changes: creating=false format=false size=false visible=false alpha=false hint=false mUseAlpha=false visible=false left=false top=true
10-16 01:00:32.741   572   572 I SurfaceView@42898ba: 69769402 Cur surface: Surface(name=null)/@0xcc36ec1
10-16 01:00:32.741   572   572 I SurfaceView@42898ba: applyTransactionOnVriDraw: vri = ViewRootImpl@48d3b3a[MainActivity] fRS = false t = 0x7b5c0f9b00 android.view.SurfaceView.performSurfaceTransaction:959 android.view.SurfaceView.updateSurface:1105 android.view.SurfaceView.lambda$new$0$android-view-SurfaceView:200 
10-16 01:00:32.742   572   572 I ViewRootImpl@48d3b3a[MainActivity]: applyTransactionOnDraw: mRemoved = false isHardwareEnabled = true t = 0x7b5c0f9b00android.view.SurfaceView.applyTransactionOnVriDraw:2048 android.view.SurfaceView.performSurfaceTransaction:959 android.view.SurfaceView.updateSurface:1105 android.view.SurfaceView.lambda$new$0$android-view-SurfaceView:200 android.view.SurfaceView$$ExternalSyntheticLambda5.onPreDraw:2 
10-16 01:00:32.742   572   572 I SurfaceView@42898ba: updateSurface: mVisible = true mSurface.isValid() = true
10-16 01:00:32.742   572   572 I SurfaceView@42898ba: updateSurface: mSurfaceCreated = true surfaceChanged = false visibleChanged = false
10-16 01:00:32.742   572   572 V SurfaceView@42898ba: Layout: x=0 y=-89 w=1080 h=525, frame=Rect(0, 0 - 1080, 525)
10-16 01:00:32.753   572   648 D SurfaceView@42898ba: updateSurfacePosition RenderWorker, frameNr = 836, position = [0, -89, 1080, 436] surfaceSize = 1080x525
10-16 01:00:32.753   572   648 I SurfaceView@42898ba: uSP: rtp = Rect(0, -89 - 1080, 436) rtsw = 1080 rtsh = 525
10-16 01:00:32.753   572   648 I SurfaceView@42898ba: onSSPAndSRT: pl = 0 pt = -89 sx = 1.0 sy = 1.0
10-16 01:00:32.753   572   648 I SurfaceView@42898ba: aOrMT: ViewRootImpl@48d3b3a[MainActivity] t = android.view.SurfaceControl$Transaction@1c342f2 fN = 836 android.view.SurfaceView.-$$Nest$mapplyOrMergeTransaction:0 android.view.SurfaceView$SurfaceViewPositionUpdateListener.positionChanged:1537 android.graphics.RenderNode$CompositePositionUpdateListener.positionChanged:373 
10-16 01:00:32.753   572   572 I ViewRootImpl@48d3b3a[MainActivity]: ViewPostIme pointer 1
10-16 01:00:32.753   572   648 I ViewRootImpl@48d3b3a[MainActivity]: mWNT: t=0x7b14b00a00 mBlastBufferQueue=0x7b5c2d1100 fn= 836 caller= android.view.SurfaceView.applyOrMergeTransaction:1455 android.view.SurfaceView.-$$Nest$mapplyOrMergeTransaction:0 android.view.SurfaceView$SurfaceViewPositionUpdateListener.positionChanged:1537 
10-16 01:00:32.754   572   648 I ViewRootImpl@48d3b3a[MainActivity]: mWNT: t=0x7b5c0f9b00 mBlastBufferQueue=0x7b5c2d1100 fn= 836 caller= android.view.ViewRootImpl.lambda$applyTransactionOnDraw$11$android-view-ViewRootImpl:12865 android.view.ViewRootImpl$$ExternalSyntheticLambda1.onFrameDraw:4 android.graphics.HardwareRenderer$FrameDrawingCallback.onFrameDraw:924 
10-16 01:00:32.789   572   572 I SurfaceView@42898ba: Changes: creating=false format=false size=false visible=false alpha=false hint=false mUseAlpha=false visible=false left=false top=true
10-16 01:00:32.789   572   572 I SurfaceView@42898ba: 69769402 Cur surface: Surface(name=null)/@0xcc36ec1
10-16 01:00:32.790   572   572 I SurfaceView@42898ba: applyTransactionOnVriDraw: vri = ViewRootImpl@48d3b3a[MainActivity] fRS = false t = 0x7b5c0f9c00 android.view.SurfaceView.performSurfaceTransaction:959 android.view.SurfaceView.updateSurface:1105 android.view.SurfaceView.lambda$new$0$android-view-SurfaceView:200 
10-16 01:00:32.790   572   572 I ViewRootImpl@48d3b3a[MainActivity]: applyTransactionOnDraw: mRemoved = false isHardwareEnabled = true t = 0x7b5c0f9c00android.view.SurfaceView.applyTransactionOnVriDraw:2048 android.view.SurfaceView.performSurfaceTransaction:959 android.view.SurfaceView.updateSurface:1105 android.view.SurfaceView.lambda$new$0$android-view-SurfaceView:200 android.view.SurfaceView$$ExternalSyntheticLambda5.onPreDraw:2 
10-16 01:00:32.790   572   572 I SurfaceView@42898ba: updateSurface: mVisible = true mSurface.isValid() = true
10-16 01:00:32.790   572   572 I SurfaceView@42898ba: updateSurface: mSurfaceCreated = true surfaceChanged = false visibleChanged = false
10-16 01:00:32.790   572   572 V SurfaceView@42898ba: Layout: x=0 y=-99 w=1080 h=525, frame=Rect(0, 0 - 1080, 525)
10-16 01:00:32.792   572   647 D SurfaceView@42898ba: updateSurfacePosition RenderWorker, frameNr = 838, position = [0, -99, 1080, 426] surfaceSize = 1080x525
10-16 01:00:32.793   572   647 I SurfaceView@42898ba: uSP: rtp = Rect(0, -99 - 1080, 426) rtsw = 1080 rtsh = 525
10-16 01:00:32.793   572   647 I SurfaceView@42898ba: onSSPAndSRT: pl = 0 pt = -99 sx = 1.0 sy = 1.0
10-16 01:00:32.793   572   647 I SurfaceView@42898ba: aOrMT: ViewRootImpl@48d3b3a[MainActivity] t = android.view.SurfaceControl$Transaction@1c342f2 fN = 838 android.view.SurfaceView.-$$Nest$mapplyOrMergeTransaction:0 android.view.SurfaceView$SurfaceViewPositionUpdateListener.positionChanged:1537 android.graphics.RenderNode$CompositePositionUpdateListener.positionChanged:373 
10-16 01:00:32.793   572   647 I ViewRootImpl@48d3b3a[MainActivity]: mWNT: t=0x7b14b00a00 mBlastBufferQueue=0x7b5c2d1100 fn= 838 caller= android.view.SurfaceView.applyOrMergeTransaction:1455 android.view.SurfaceView.-$$Nest$mapplyOrMergeTransaction:0 android.view.SurfaceView$SurfaceViewPositionUpdateListener.positionChanged:1537 
10-16 01:00:32.794   572   647 I ViewRootImpl@48d3b3a[MainActivity]: mWNT: t=0x7b5c0f9c00 mBlastBufferQueue=0x7b5c2d1100 fn= 838 caller= android.view.ViewRootImpl.lambda$applyTransactionOnDraw$11$android-view-ViewRootImpl:12865 android.view.ViewRootImpl$$ExternalSyntheticLambda1.onFrameDraw:4 android.graphics.HardwareRenderer$FrameDrawingCallback.onFrameDraw:924 
10-16 01:00:32.806   572   572 I SurfaceView@42898ba: Changes: creating=false format=false size=false visible=false alpha=false hint=false mUseAlpha=false visible=false left=false top=true
10-16 01:00:32.806   572   572 I SurfaceView@42898ba: 69769402 Cur surface: Surface(name=null)/@0xcc36ec1
10-16 01:00:32.806   572   572 I SurfaceView@42898ba: applyTransactionOnVriDraw: vri = ViewRootImpl@48d3b3a[MainActivity] fRS = false t = 0x7b5c0f9d00 android.view.SurfaceView.performSurfaceTransaction:959 android.view.SurfaceView.updateSurface:1105 android.view.SurfaceView.lambda$new$0$android-view-SurfaceView:200 
10-16 01:00:32.807   572   572 I ViewRootImpl@48d3b3a[MainActivity]: applyTransactionOnDraw: mRemoved = false isHardwareEnabled = true t = 0x7b5c0f9d00android.view.SurfaceView.applyTransactionOnVriDraw:2048 android.view.SurfaceView.performSurfaceTransaction:959 android.view.SurfaceView.updateSurface:1105 android.view.SurfaceView.lambda$new$0$android-view-SurfaceView:200 android.view.SurfaceView$$ExternalSyntheticLambda5.onPreDraw:2 
10-16 01:00:32.807   572   572 I SurfaceView@42898ba: updateSurface: mVisible = true mSurface.isValid() = true
10-16 01:00:32.807   572   572 I SurfaceView@42898ba: updateSurface: mSurfaceCreated = true surfaceChanged = false visibleChanged = false
10-16 01:00:32.807   572   572 V SurfaceView@42898ba: Layout: x=0 y=-105 w=1080 h=525, frame=Rect(0, 0 - 1080, 525)
10-16 01:00:32.808   572   648 D SurfaceView@42898ba: updateSurfacePosition RenderWorker, frameNr = 839, position = [0, -105, 1080, 420] surfaceSize = 1080x525
10-16 01:00:32.809   572   648 I SurfaceView@42898ba: uSP: rtp = Rect(0, -105 - 1080, 420) rtsw = 1080 rtsh = 525
10-16 01:00:32.809   572   648 I SurfaceView@42898ba: onSSPAndSRT: pl = 0 pt = -105 sx = 1.0 sy = 1.0
10-16 01:00:32.809   572   648 I SurfaceView@42898ba: aOrMT: ViewRootImpl@48d3b3a[MainActivity] t = android.view.SurfaceControl$Transaction@1c342f2 fN = 839 android.view.SurfaceView.-$$Nest$mapplyOrMergeTransaction:0 android.view.SurfaceView$SurfaceViewPositionUpdateListener.positionChanged:1537 android.graphics.RenderNode$CompositePositionUpdateListener.positionChanged:373 
10-16 01:00:32.809   572   648 I ViewRootImpl@48d3b3a[MainActivity]: mWNT: t=0x7b14b00a00 mBlastBufferQueue=0x7b5c2d1100 fn= 839 caller= android.view.SurfaceView.applyOrMergeTransaction:1455 android.view.SurfaceView.-$$Nest$mapplyOrMergeTransaction:0 android.view.SurfaceView$SurfaceViewPositionUpdateListener.positionChanged:1537 
10-16 01:00:32.810   572   648 I ViewRootImpl@48d3b3a[MainActivity]: mWNT: t=0x7b5c0f9d00 mBlastBufferQueue=0x7b5c2d1100 fn= 839 caller= android.view.ViewRootImpl.lambda$applyTransactionOnDraw$11$android-view-ViewRootImpl:12865 android.view.ViewRootImpl$$ExternalSyntheticLambda1.onFrameDraw:4 android.graphics.HardwareRenderer$FrameDrawingCallback.onFrameDraw:924 
10-16 01:00:32.822   572   572 I SurfaceView@42898ba: Changes: creating=false format=false size=false visible=false alpha=false hint=false mUseAlpha=false visible=false left=false top=true
10-16 01:00:32.822   572   572 I SurfaceView@42898ba: 69769402 Cur surface: Surface(name=null)/@0xcc36ec1
10-16 01:00:32.823   572   572 I SurfaceView@42898ba: applyTransactionOnVriDraw: vri = ViewRootImpl@48d3b3a[MainActivity] fRS = false t = 0x7b5c0f9e00 android.view.SurfaceView.performSurfaceTransaction:959 android.view.SurfaceView.updateSurface:1105 android.view.SurfaceView.lambda$new$0$android-view-SurfaceView:200 
10-16 01:00:32.823   572   572 I ViewRootImpl@48d3b3a[MainActivity]: applyTransactionOnDraw: mRemoved = false isHardwareEnabled = true t = 0x7b5c0f9e00android.view.SurfaceView.applyTransactionOnVriDraw:2048 android.view.SurfaceView.performSurfaceTransaction:959 android.view.SurfaceView.updateSurface:1105 android.view.SurfaceView.lambda$new$0$android-view-SurfaceView:200 android.view.SurfaceView$$ExternalSyntheticLambda5.onPreDraw:2 
10-16 01:00:32.823   572   572 I SurfaceView@42898ba: updateSurface: mVisible = true mSurface.isValid() = true
10-16 01:00:32.823   572   572 I SurfaceView@42898ba: updateSurface: mSurfaceCreated = true surfaceChanged = false visibleChanged = false
10-16 01:00:32.823   572   572 V SurfaceView@42898ba: Layout: x=0 y=-111 w=1080 h=525, frame=Rect(0, 0 - 1080, 525)
10-16 01:00:32.825   572   647 D SurfaceView@42898ba: updateSurfacePosition RenderWorker, frameNr = 840, position = [0, -111, 1080, 414] surfaceSize = 1080x525
10-16 01:00:32.825   572   647 I SurfaceView@42898ba: uSP: rtp = Rect(0, -111 - 1080, 414) rtsw = 1080 rtsh = 525
10-16 01:00:32.825   572   647 I SurfaceView@42898ba: onSSPAndSRT: pl = 0 pt = -111 sx = 1.0 sy = 1.0
10-16 01:00:32.826   572   647 I SurfaceView@42898ba: aOrMT: ViewRootImpl@48d3b3a[MainActivity] t = android.view.SurfaceControl$Transaction@1c342f2 fN = 840 android.view.SurfaceView.-$$Nest$mapplyOrMergeTransaction:0 android.view.SurfaceView$SurfaceViewPositionUpdateListener.positionChanged:1537 android.graphics.RenderNode$CompositePositionUpdateListener.positionChanged:373 
10-16 01:00:32.826   572   647 I ViewRootImpl@48d3b3a[MainActivity]: mWNT: t=0x7b14b00a00 mBlastBufferQueue=0x7b5c2d1100 fn= 840 caller= android.view.SurfaceView.applyOrMergeTransaction:1455 android.view.SurfaceView.-$$Nest$mapplyOrMergeTransaction:0 android.view.SurfaceView$SurfaceViewPositionUpdateListener.positionChanged:1537 
10-16 01:00:32.826   572   647 I ViewRootImpl@48d3b3a[MainActivity]: mWNT: t=0x7b5c0f9e00 mBlastBufferQueue=0x7b5c2d1100 fn= 840 caller= android.view.ViewRootImpl.lambda$applyTransactionOnDraw$11$android-view-ViewRootImpl:12865 android.view.ViewRootImpl$$ExternalSyntheticLambda1.onFrameDraw:4 android.graphics.HardwareRenderer$FrameDrawingCallback.onFrameDraw:924 
10-16 01:00:32.839   572   572 I SurfaceView@42898ba: Changes: creating=false format=false size=false visible=false alpha=false hint=false mUseAlpha=false visible=false left=false top=true
10-16 01:00:32.839   572   572 I SurfaceView@42898ba: 69769402 Cur surface: Surface(name=null)/@0xcc36ec1
10-16 01:00:32.840   572   572 I SurfaceView@42898ba: applyTransactionOnVriDraw: vri = ViewRootImpl@48d3b3a[MainActivity] fRS = false t = 0x7b5c0f9f00 android.view.SurfaceView.performSurfaceTransaction:959 android.view.SurfaceView.updateSurface:1105 android.view.SurfaceView.lambda$new$0$android-view-SurfaceView:200 
10-16 01:00:32.840   572   572 I ViewRootImpl@48d3b3a[MainActivity]: applyTransactionOnDraw: mRemoved = false isHardwareEnabled = true t = 0x7b5c0f9f00android.view.SurfaceView.applyTransactionOnVriDraw:2048 android.view.SurfaceView.performSurfaceTransaction:959 android.view.SurfaceView.updateSurface:1105 android.view.SurfaceView.lambda$new$0$android-view-SurfaceView:200 android.view.SurfaceView$$ExternalSyntheticLambda5.onPreDraw:2 
10-16 01:00:32.840   572   572 I SurfaceView@42898ba: updateSurface: mVisible = true mSurface.isValid() = true
10-16 01:00:32.840   572   572 I SurfaceView@42898ba: updateSurface: mSurfaceCreated = true surfaceChanged = false visibleChanged = false
10-16 01:00:32.840   572   572 V SurfaceView@42898ba: Layout: x=0 y=-116 w=1080 h=525, frame=Rect(0, 0 - 1080, 525)
10-16 01:00:32.842   572   648 D SurfaceView@42898ba: updateSurfacePosition RenderWorker, frameNr = 841, position = [0, -116, 1080, 409] surfaceSize = 1080x525
10-16 01:00:32.842   572   648 I SurfaceView@42898ba: uSP: rtp = Rect(0, -116 - 1080, 409) rtsw = 1080 rtsh = 525
10-16 01:00:32.842   572   648 I SurfaceView@42898ba: onSSPAndSRT: pl = 0 pt = -116 sx = 1.0 sy = 1.0
10-16 01:00:32.842   572   648 I SurfaceView@42898ba: aOrMT: ViewRootImpl@48d3b3a[MainActivity] t = android.view.SurfaceControl$Transaction@1c342f2 fN = 841 android.view.SurfaceView.-$$Nest$mapplyOrMergeTransaction:0 android.view.SurfaceView$SurfaceViewPositionUpdateListener.positionChanged:1537 android.graphics.RenderNode$CompositePositionUpdateListener.positionChanged:373 
10-16 01:00:32.842   572   648 I ViewRootImpl@48d3b3a[MainActivity]: mWNT: t=0x7b14b00a00 mBlastBufferQueue=0x7b5c2d1100 fn= 841 caller= android.view.SurfaceView.applyOrMergeTransaction:1455 android.view.SurfaceView.-$$Nest$mapplyOrMergeTransaction:0 android.view.SurfaceView$SurfaceViewPositionUpdateListener.positionChanged:1537 
10-16 01:00:32.843   572   648 I ViewRootImpl@48d3b3a[MainActivity]: mWNT: t=0x7b5c0f9f00 mBlastBufferQueue=0x7b5c2d1100 fn= 841 caller= android.view.ViewRootImpl.lambda$applyTransactionOnDraw$11$android-view-ViewRootImpl:12865 android.view.ViewRootImpl$$ExternalSyntheticLambda1.onFrameDraw:4 android.graphics.HardwareRenderer$FrameDrawingCallback.onFrameDraw:924 
