10-16 01:00:25.429   572   572 I ViewRootImpl@48d3b3a[MainActivity]: applyTransactionOnDraw: mRemoved = false isHardwareEnabled = true t = 0x7b32bb9f00android.view.SurfaceView.applyTransactionOnVriDraw:2048 android.view.SurfaceView.performSurfaceTransaction:959 android.view.SurfaceView.updateSurface:1105 android.view.SurfaceView.lambda$new$0$android-view-SurfaceView:200 android.view.SurfaceView$$ExternalSyntheticLambda5.onPreDraw:2 
10-16 01:00:25.429   572   572 I SurfaceView@42898ba: updateSurface: mVisible = true mSurface.isValid() = true
10-16 01:00:25.429   572   572 I SurfaceView@42898ba: updateSurface: mSurfaceCreated = true surfaceChanged = false visibleChanged = false
10-16 01:00:25.429   572   572 V SurfaceView@42898ba: Layout: x=0 y=81 w=1080 h=525, frame=Rect(0, 0 - 1080, 525)
10-16 01:00:25.433   572   648 D SurfaceView@42898ba: updateSurfacePosition RenderWorker, frameNr = 766, position = [0, 81, 1080, 606] surfaceSize = 1080x525
10-16 01:00:25.433   572   648 I SurfaceView@42898ba: uSP: rtp = Rect(0, 81 - 1080, 606) rtsw = 1080 rtsh = 525
10-16 01:00:25.433   572   648 I SurfaceView@42898ba: onSSPAndSRT: pl = 0 pt = 81 sx = 1.0 sy = 1.0
10-16 01:00:25.434   572   648 I SurfaceView@42898ba: aOrMT: ViewRootImpl@48d3b3a[MainActivity] t = android.view.SurfaceControl$Transaction@1c342f2 fN = 766 android.view.SurfaceView.-$$Nest$mapplyOrMergeTransaction:0 android.view.SurfaceView$SurfaceViewPositionUpdateListener.positionChanged:1537 android.graphics.RenderNode$CompositePositionUpdateListener.positionChanged:373 
10-16 01:00:25.434   572   648 I ViewRootImpl@48d3b3a[MainActivity]: mWNT: t=0x7b14b00a00 mBlastBufferQueue=0x7b5c2d1100 fn= 766 caller= android.view.SurfaceView.applyOrMergeTransaction:1455 android.view.SurfaceView.-$$Nest$mapplyOrMergeTransaction:0 android.view.SurfaceView$SurfaceViewPositionUpdateListener.positionChanged:1537 
10-16 01:00:25.434   572   648 I ViewRootImpl@48d3b3a[MainActivity]: mWNT: t=0x7b32bb9f00 mBlastBufferQueue=0x7b5c2d1100 fn= 766 caller= android.view.ViewRootImpl.lambda$applyTransactionOnDraw$11$android-view-ViewRootImpl:12865 android.view.ViewRootImpl$$ExternalSyntheticLambda1.onFrameDraw:4 android.graphics.HardwareRenderer$FrameDrawingCallback.onFrameDraw:924 
10-16 01:00:25.444   572   572 I SurfaceView@42898ba: Changes: creating=false format=false size=false visible=false alpha=false hint=false mUseAlpha=false visible=false left=false top=true
10-16 01:00:25.444   572   572 I SurfaceView@42898ba: 69769402 Cur surface: Surface(name=null)/@0xcc36ec1
10-16 01:00:25.445   572   572 I SurfaceView@42898ba: applyTransactionOnVriDraw: vri = ViewRootImpl@48d3b3a[MainActivity] fRS = false t = 0x7b14b00e00 android.view.SurfaceView.performSurfaceTransaction:959 android.view.SurfaceView.updateSurface:1105 android.view.SurfaceView.lambda$new$0$android-view-SurfaceView:200 
10-16 01:00:25.445   572   572 I ViewRootImpl@48d3b3a[MainActivity]: applyTransactionOnDraw: mRemoved = false isHardwareEnabled = true t = 0x7b14b00e00android.view.SurfaceView.applyTransactionOnVriDraw:2048 android.view.SurfaceView.performSurfaceTransaction:959 android.view.SurfaceView.updateSurface:1105 android.view.SurfaceView.lambda$new$0$android-view-SurfaceView:200 android.view.SurfaceView$$ExternalSyntheticLambda5.onPreDraw:2 
10-16 01:00:25.445   572   572 I SurfaceView@42898ba: updateSurface: mVisible = true mSurface.isValid() = true
10-16 01:00:25.445   572   572 I SurfaceView@42898ba: updateSurface: mSurfaceCreated = true surfaceChanged = false visibleChanged = false
10-16 01:00:25.445   572   572 V SurfaceView@42898ba: Layout: x=0 y=167 w=1080 h=525, frame=Rect(0, 0 - 1080, 525)
10-16 01:00:25.447   572   647 D SurfaceView@42898ba: updateSurfacePosition RenderWorker, frameNr = 767, position = [0, 167, 1080, 692] surfaceSize = 1080x525
10-16 01:00:25.448   572   647 I SurfaceView@42898ba: uSP: rtp = Rect(0, 167 - 1080, 692) rtsw = 1080 rtsh = 525
10-16 01:00:25.448   572   647 I SurfaceView@42898ba: onSSPAndSRT: pl = 0 pt = 167 sx = 1.0 sy = 1.0
10-16 01:00:25.448   572   647 I SurfaceView@42898ba: aOrMT: ViewRootImpl@48d3b3a[MainActivity] t = android.view.SurfaceControl$Transaction@1c342f2 fN = 767 android.view.SurfaceView.-$$Nest$mapplyOrMergeTransaction:0 android.view.SurfaceView$SurfaceViewPositionUpdateListener.positionChanged:1537 android.graphics.RenderNode$CompositePositionUpdateListener.positionChanged:373 
10-16 01:00:25.448   572   647 I ViewRootImpl@48d3b3a[MainActivity]: mWNT: t=0x7b14b00a00 mBlastBufferQueue=0x7b5c2d1100 fn= 767 caller= android.view.SurfaceView.applyOrMergeTransaction:1455 android.view.SurfaceView.-$$Nest$mapplyOrMergeTransaction:0 android.view.SurfaceView$SurfaceViewPositionUpdateListener.positionChanged:1537 
10-16 01:00:25.448   572   647 I ViewRootImpl@48d3b3a[MainActivity]: mWNT: t=0x7b14b00e00 mBlastBufferQueue=0x7b5c2d1100 fn= 767 caller= android.view.ViewRootImpl.lambda$applyTransactionOnDraw$11$android-view-ViewRootImpl:12865 android.view.ViewRootImpl$$ExternalSyntheticLambda1.onFrameDraw:4 android.graphics.HardwareRenderer$FrameDrawingCallback.onFrameDraw:924 
10-16 01:00:25.461   572   572 I SurfaceView@42898ba: Changes: creating=false format=false size=false visible=false alpha=false hint=false mUseAlpha=false visible=false left=false top=true
10-16 01:00:25.461   572   572 I SurfaceView@42898ba: 69769402 Cur surface: Surface(name=null)/@0xcc36ec1
10-16 01:00:25.462   572   572 I SurfaceView@42898ba: applyTransactionOnVriDraw: vri = ViewRootImpl@48d3b3a[MainActivity] fRS = false t = 0x7aeb907700 android.view.SurfaceView.performSurfaceTransaction:959 android.view.SurfaceView.updateSurface:1105 android.view.SurfaceView.lambda$new$0$android-view-SurfaceView:200 
10-16 01:00:25.462   572   572 I ViewRootImpl@48d3b3a[MainActivity]: applyTransactionOnDraw: mRemoved = false isHardwareEnabled = true t = 0x7aeb907700android.view.SurfaceView.applyTransactionOnVriDraw:2048 android.view.SurfaceView.performSurfaceTransaction:959 android.view.SurfaceView.updateSurface:1105 android.view.SurfaceView.lambda$new$0$android-view-SurfaceView:200 android.view.SurfaceView$$ExternalSyntheticLambda5.onPreDraw:2 
10-16 01:00:25.462   572   572 I SurfaceView@42898ba: updateSurface: mVisible = true mSurface.isValid() = true
10-16 01:00:25.462   572   572 I SurfaceView@42898ba: updateSurface: mSurfaceCreated = true surfaceChanged = false visibleChanged = false
10-16 01:00:25.462   572   572 V SurfaceView@42898ba: Layout: x=0 y=218 w=1080 h=525, frame=Rect(0, 0 - 1080, 525)
10-16 01:00:25.466   572   648 D SurfaceView@42898ba: updateSurfacePosition RenderWorker, frameNr = 768, position = [0, 218, 1080, 743] surfaceSize = 1080x525
10-16 01:00:25.466   572   648 I SurfaceView@42898ba: uSP: rtp = Rect(0, 218 - 1080, 743) rtsw = 1080 rtsh = 525
10-16 01:00:25.466   572   648 I SurfaceView@42898ba: onSSPAndSRT: pl = 0 pt = 218 sx = 1.0 sy = 1.0
10-16 01:00:25.467   572   648 I SurfaceView@42898ba: aOrMT: ViewRootImpl@48d3b3a[MainActivity] t = android.view.SurfaceControl$Transaction@1c342f2 fN = 768 android.view.SurfaceView.-$$Nest$mapplyOrMergeTransaction:0 android.view.SurfaceView$SurfaceViewPositionUpdateListener.positionChanged:1537 android.graphics.RenderNode$CompositePositionUpdateListener.positionChanged:373 
10-16 01:00:25.467   572   648 I ViewRootImpl@48d3b3a[MainActivity]: mWNT: t=0x7b14b00a00 mBlastBufferQueue=0x7b5c2d1100 fn= 768 caller= android.view.SurfaceView.applyOrMergeTransaction:1455 android.view.SurfaceView.-$$Nest$mapplyOrMergeTransaction:0 android.view.SurfaceView$SurfaceViewPositionUpdateListener.positionChanged:1537 
10-16 01:00:25.467   572   648 I ViewRootImpl@48d3b3a[MainActivity]: mWNT: t=0x7aeb907700 mBlastBufferQueue=0x7b5c2d1100 fn= 768 caller= android.view.ViewRootImpl.lambda$applyTransactionOnDraw$11$android-view-ViewRootImpl:12865 android.view.ViewRootImpl$$ExternalSyntheticLambda1.onFrameDraw:4 android.graphics.HardwareRenderer$FrameDrawingCallback.onFrameDraw:924 
10-16 01:00:32.210   572   572 I ViewRootImpl@48d3b3a[MainActivity]: ViewPostIme pointer 0
10-16 01:00:32.263   572   572 I SurfaceView@42898ba: Changes: creating=false format=false size=false visible=false alpha=false hint=false mUseAlpha=false visible=false left=false top=true
10-16 01:00:32.264   572   572 I SurfaceView@42898ba: 69769402 Cur surface: Surface(name=null)/@0xcc36ec1
10-16 01:00:32.265   572   572 I SurfaceView@42898ba: applyTransactionOnVriDraw: vri = ViewRootImpl@48d3b3a[MainActivity] fRS = false t = 0x7aeb907800 android.view.SurfaceView.performSurfaceTransaction:959 android.view.SurfaceView.updateSurface:1105 android.view.SurfaceView.lambda$new$0$android-view-SurfaceView:200 
10-16 01:00:32.265   572   572 I ViewRootImpl@48d3b3a[MainActivity]: applyTransactionOnDraw: mRemoved = false isHardwareEnabled = true t = 0x7aeb907800android.view.SurfaceView.applyTransactionOnVriDraw:2048 android.view.SurfaceView.performSurfaceTransaction:959 android.view.SurfaceView.updateSurface:1105 android.view.SurfaceView.lambda$new$0$android-view-SurfaceView:200 android.view.SurfaceView$$ExternalSyntheticLambda5.onPreDraw:2 
10-16 01:00:32.265   572   572 I SurfaceView@42898ba: updateSurface: mVisible = true mSurface.isValid() = true
10-16 01:00:32.266   572   572 I SurfaceView@42898ba: updateSurface: mSurfaceCreated = true surfaceChanged = false visibleChanged = false
10-16 01:00:32.266   572   572 V SurfaceView@42898ba: Layout: x=0 y=212 w=1080 h=525, frame=Rect(0, 0 - 1080, 525)
10-16 01:00:32.270   572   647 D SurfaceView@42898ba: updateSurfacePosition RenderWorker, frameNr = 809, position = [0, 212, 1080, 737] surfaceSize = 1080x525
10-16 01:00:32.270   572   647 I SurfaceView@42898ba: uSP: rtp = Rect(0, 212 - 1080, 737) rtsw = 1080 rtsh = 525
10-16 01:00:32.270   572   647 I SurfaceView@42898ba: onSSPAndSRT: pl = 0 pt = 212 sx = 1.0 sy = 1.0
10-16 01:00:32.271   572   647 I SurfaceView@42898ba: aOrMT: ViewRootImpl@48d3b3a[MainActivity] t = android.view.SurfaceControl$Transaction@1c342f2 fN = 809 android.view.SurfaceView.-$$Nest$mapplyOrMergeTransaction:0 android.view.SurfaceView$SurfaceViewPositionUpdateListener.positionChanged:1537 android.graphics.RenderNode$CompositePositionUpdateListener.positionChanged:373 
10-16 01:00:32.271   572   647 I ViewRootImpl@48d3b3a[MainActivity]: mWNT: t=0x7b14b00a00 mBlastBufferQueue=0x7b5c2d1100 fn= 809 caller= android.view.SurfaceView.applyOrMergeTransaction:1455 android.view.SurfaceView.-$$Nest$mapplyOrMergeTransaction:0 android.view.SurfaceView$SurfaceViewPositionUpdateListener.positionChanged:1537 
10-16 01:00:32.272   572   647 I ViewRootImpl@48d3b3a[MainActivity]: mWNT: t=0x7aeb907800 mBlastBufferQueue=0x7b5c2d1100 fn= 809 caller= android.view.ViewRootImpl.lambda$applyTransactionOnDraw$11$android-view-ViewRootImpl:12865 android.view.ViewRootImpl$$ExternalSyntheticLambda1.onFrameDraw:4 android.graphics.HardwareRenderer$FrameDrawingCallback.onFrameDraw:924 
10-16 01:00:32.279   572   572 I SurfaceView@42898ba: Changes: creating=false format=false size=false visible=false alpha=false hint=false mUseAlpha=false visible=false left=false top=true
10-16 01:00:32.280   572   572 I SurfaceView@42898ba: 69769402 Cur surface: Surface(name=null)/@0xcc36ec1
10-16 01:00:32.281   572   572 I SurfaceView@42898ba: applyTransactionOnVriDraw: vri = ViewRootImpl@48d3b3a[MainActivity] fRS = false t = 0x7b432e4000 android.view.SurfaceView.performSurfaceTransaction:959 android.view.SurfaceView.updateSurface:1105 android.view.SurfaceView.lambda$new$0$android-view-SurfaceView:200 
10-16 01:00:32.281   572   572 I ViewRootImpl@48d3b3a[MainActivity]: applyTransactionOnDraw: mRemoved = false isHardwareEnabled = true t = 0x7b432e4000android.view.SurfaceView.applyTransactionOnVriDraw:2048 android.view.SurfaceView.performSurfaceTransaction:959 android.view.SurfaceView.updateSurface:1105 android.view.SurfaceView.lambda$new$0$android-view-SurfaceView:200 android.view.SurfaceView$$ExternalSyntheticLambda5.onPreDraw:2 
10-16 01:00:32.282   572   572 I SurfaceView@42898ba: updateSurface: mVisible = true mSurface.isValid() = true
10-16 01:00:32.282   572   572 I SurfaceView@42898ba: updateSurface: mSurfaceCreated = true surfaceChanged = false visibleChanged = false
10-16 01:00:32.282   572   572 V SurfaceView@42898ba: Layout: x=0 y=187 w=1080 h=525, frame=Rect(0, 0 - 1080, 525)
10-16 01:00:32.292   572   648 D SurfaceView@42898ba: updateSurfacePosition RenderWorker, frameNr = 810, position = [0, 187, 1080, 712] surfaceSize = 1080x525
10-16 01:00:32.293   572   648 I SurfaceView@42898ba: uSP: rtp = Rect(0, 187 - 1080, 712) rtsw = 1080 rtsh = 525
10-16 01:00:32.293   572   648 I SurfaceView@42898ba: onSSPAndSRT: pl = 0 pt = 187 sx = 1.0 sy = 1.0
10-16 01:00:32.293   572   648 I SurfaceView@42898ba: aOrMT: ViewRootImpl@48d3b3a[MainActivity] t = android.view.SurfaceControl$Transaction@1c342f2 fN = 810 android.view.SurfaceView.-$$Nest$mapplyOrMergeTransaction:0 android.view.SurfaceView$SurfaceViewPositionUpdateListener.positionChanged:1537 android.graphics.RenderNode$CompositePositionUpdateListener.positionChanged:373 
10-16 01:00:32.293   572   648 I ViewRootImpl@48d3b3a[MainActivity]: mWNT: t=0x7b14b00a00 mBlastBufferQueue=0x7b5c2d1100 fn= 810 caller= android.view.SurfaceView.applyOrMergeTransaction:1455 android.view.SurfaceView.-$$Nest$mapplyOrMergeTransaction:0 android.view.SurfaceView$SurfaceViewPositionUpdateListener.positionChanged:1537 
10-16 01:00:32.295   572   648 I ViewRootImpl@48d3b3a[MainActivity]: mWNT: t=0x7b432e4000 mBlastBufferQueue=0x7b5c2d1100 fn= 810 caller= android.view.ViewRootImpl.lambda$applyTransactionOnDraw$11$android-view-ViewRootImpl:12865 android.view.ViewRootImpl$$ExternalSyntheticLambda1.onFrameDraw:4 android.graphics.HardwareRenderer$FrameDrawingCallback.onFrameDraw:924 
10-16 01:00:32.301   572   572 I SurfaceView@42898ba: Changes: creating=false format=false size=false visible=false alpha=false hint=false mUseAlpha=false visible=false left=false top=true
10-16 01:00:32.301   572   572 I SurfaceView@42898ba: 69769402 Cur surface: Surface(name=null)/@0xcc36ec1
10-16 01:00:32.302   572   572 I SurfaceView@42898ba: applyTransactionOnVriDraw: vri = ViewRootImpl@48d3b3a[MainActivity] fRS = false t = 0x7b432e4100 android.view.SurfaceView.performSurfaceTransaction:959 android.view.SurfaceView.updateSurface:1105 android.view.SurfaceView.lambda$new$0$android-view-SurfaceView:200 
10-16 01:00:32.303   572   572 I ViewRootImpl@48d3b3a[MainActivity]: applyTransactionOnDraw: mRemoved = false isHardwareEnabled = true t = 0x7b432e4100android.view.SurfaceView.applyTransactionOnVriDraw:2048 android.view.SurfaceView.performSurfaceTransaction:959 android.view.SurfaceView.updateSurface:1105 android.view.SurfaceView.lambda$new$0$android-view-SurfaceView:200 android.view.SurfaceView$$ExternalSyntheticLambda5.onPreDraw:2 
10-16 01:00:32.303   572   572 I SurfaceView@42898ba: updateSurface: mVisible = true mSurface.isValid() = true
10-16 01:00:32.303   572   572 I SurfaceView@42898ba: updateSurface: mSurfaceCreated = true surfaceChanged = false visibleChanged = false
10-16 01:00:32.304   572   572 V SurfaceView@42898ba: Layout: x=0 y=162 w=1080 h=525, frame=Rect(0, 0 - 1080, 525)
10-16 01:00:32.315   572   647 D SurfaceView@42898ba: updateSurfacePosition RenderWorker, frameNr = 811, position = [0, 162, 1080, 687] surfaceSize = 1080x525
10-16 01:00:32.315   572   647 I SurfaceView@42898ba: uSP: rtp = Rect(0, 162 - 1080, 687) rtsw = 1080 rtsh = 525
10-16 01:00:32.315   572   647 I SurfaceView@42898ba: onSSPAndSRT: pl = 0 pt = 162 sx = 1.0 sy = 1.0
10-16 01:00:32.316   572   647 I SurfaceView@42898ba: aOrMT: ViewRootImpl@48d3b3a[MainActivity] t = android.view.SurfaceControl$Transaction@1c342f2 fN = 811 android.view.SurfaceView.-$$Nest$mapplyOrMergeTransaction:0 android.view.SurfaceView$SurfaceViewPositionUpdateListener.positionChanged:1537 android.graphics.RenderNode$CompositePositionUpdateListener.positionChanged:373 
10-16 01:00:32.316   572   647 I ViewRootImpl@48d3b3a[MainActivity]: mWNT: t=0x7b14b00a00 mBlastBufferQueue=0x7b5c2d1100 fn= 811 caller= android.view.SurfaceView.applyOrMergeTransaction:1455 android.view.SurfaceView.-$$Nest$mapplyOrMergeTransaction:0 android.view.SurfaceView$SurfaceViewPositionUpdateListener.positionChanged:1537 
10-16 01:00:32.317   572   647 I ViewRootImpl@48d3b3a[MainActivity]: mWNT: t=0x7b432e4100 mBlastBufferQueue=0x7b5c2d1100 fn= 811 caller= android.view.ViewRootImpl.lambda$applyTransactionOnDraw$11$android-view-ViewRootImpl:12865 android.view.ViewRootImpl$$ExternalSyntheticLambda1.onFrameDraw:4 android.graphics.HardwareRenderer$FrameDrawingCallback.onFrameDraw:924 
10-16 01:00:32.326   572   572 I SurfaceView@42898ba: Changes: creating=false format=false size=false visible=false alpha=false hint=false mUseAlpha=false visible=false left=false top=true
10-16 01:00:32.326   572   572 I SurfaceView@42898ba: 69769402 Cur surface: Surface(name=null)/@0xcc36ec1
10-16 01:00:32.327   572   572 I SurfaceView@42898ba: applyTransactionOnVriDraw: vri = ViewRootImpl@48d3b3a[MainActivity] fRS = false t = 0x7b432e4200 android.view.SurfaceView.performSurfaceTransaction:959 android.view.SurfaceView.updateSurface:1105 android.view.SurfaceView.lambda$new$0$android-view-SurfaceView:200 
10-16 01:00:32.327   572   572 I ViewRootImpl@48d3b3a[MainActivity]: applyTransactionOnDraw: mRemoved = false isHardwareEnabled = true t = 0x7b432e4200android.view.SurfaceView.applyTransactionOnVriDraw:2048 android.view.SurfaceView.performSurfaceTransaction:959 android.view.SurfaceView.updateSurface:1105 android.view.SurfaceView.lambda$new$0$android-view-SurfaceView:200 android.view.SurfaceView$$ExternalSyntheticLambda5.onPreDraw:2 
10-16 01:00:32.328   572   572 I SurfaceView@42898ba: updateSurface: mVisible = true mSurface.isValid() = true
10-16 01:00:32.328   572   572 I SurfaceView@42898ba: updateSurface: mSurfaceCreated = true surfaceChanged = false visibleChanged = false
10-16 01:00:32.328   572   572 V SurfaceView@42898ba: Layout: x=0 y=141 w=1080 h=525, frame=Rect(0, 0 - 1080, 525)
10-16 01:00:32.333   572   648 D SurfaceView@42898ba: updateSurfacePosition RenderWorker, frameNr = 812, position = [0, 141, 1080, 666] surfaceSize = 1080x525
10-16 01:00:32.333   572   648 I SurfaceView@42898ba: uSP: rtp = Rect(0, 141 - 1080, 666) rtsw = 1080 rtsh = 525
10-16 01:00:32.334   572   648 I SurfaceView@42898ba: onSSPAndSRT: pl = 0 pt = 141 sx = 1.0 sy = 1.0
10-16 01:00:32.334   572   648 I SurfaceView@42898ba: aOrMT: ViewRootImpl@48d3b3a[MainActivity] t = android.view.SurfaceControl$Transaction@1c342f2 fN = 812 android.view.SurfaceView.-$$Nest$mapplyOrMergeTransaction:0 android.view.SurfaceView$SurfaceViewPositionUpdateListener.positionChanged:1537 android.graphics.RenderNode$CompositePositionUpdateListener.positionChanged:373 
10-16 01:00:32.335   572   648 I ViewRootImpl@48d3b3a[MainActivity]: mWNT: t=0x7b14b00a00 mBlastBufferQueue=0x7b5c2d1100 fn= 812 caller= android.view.SurfaceView.applyOrMergeTransaction:1455 android.view.SurfaceView.-$$Nest$mapplyOrMergeTransaction:0 android.view.SurfaceView$SurfaceViewPositionUpdateListener.positionChanged:1537 
10-16 01:00:32.335   572   648 I ViewRootImpl@48d3b3a[MainActivity]: mWNT: t=0x7b432e4200 mBlastBufferQueue=0x7b5c2d1100 fn= 812 caller= android.view.ViewRootImpl.lambda$applyTransactionOnDraw$11$android-view-ViewRootImpl:12865 android.view.ViewRootImpl$$ExternalSyntheticLambda1.onFrameDraw:4 android.graphics.HardwareRenderer$FrameDrawingCallback.onFrameDraw:924 
10-16 01:00:32.340   572   572 I SurfaceView@42898ba: Changes: creating=false format=false size=false visible=false alpha=false hint=false mUseAlpha=false visible=false left=false top=true
10-16 01:00:32.340   572   572 I SurfaceView@42898ba: 69769402 Cur surface: Surface(name=null)/@0xcc36ec1
10-16 01:00:32.341   572   572 I SurfaceView@42898ba: applyTransactionOnVriDraw: vri = ViewRootImpl@48d3b3a[MainActivity] fRS = false t = 0x7b432e4300 android.view.SurfaceView.performSurfaceTransaction:959 android.view.SurfaceView.updateSurface:1105 android.view.SurfaceView.lambda$new$0$android-view-SurfaceView:200 
10-16 01:00:32.341   572   572 I ViewRootImpl@48d3b3a[MainActivity]: applyTransactionOnDraw: mRemoved = false isHardwareEnabled = true t = 0x7b432e4300android.view.SurfaceView.applyTransactionOnVriDraw:2048 android.view.SurfaceView.performSurfaceTransaction:959 android.view.SurfaceView.updateSurface:1105 android.view.SurfaceView.lambda$new$0$android-view-SurfaceView:200 android.view.SurfaceView$$ExternalSyntheticLambda5.onPreDraw:2 
10-16 01:00:32.341   572   572 I SurfaceView@42898ba: updateSurface: mVisible = true mSurface.isValid() = true
10-16 01:00:32.341   572   572 I SurfaceView@42898ba: updateSurface: mSurfaceCreated = true surfaceChanged = false visibleChanged = false
10-16 01:00:32.341   572   572 V SurfaceView@42898ba: Layout: x=0 y=90 w=1080 h=525, frame=Rect(0, 0 - 1080, 525)
10-16 01:00:32.358   572   647 D SurfaceView@42898ba: updateSurfacePosition RenderWorker, frameNr = 813, position = [0, 90, 1080, 615] surfaceSize = 1080x525
10-16 01:00:32.359   572   647 I SurfaceView@42898ba: uSP: rtp = Rect(0, 90 - 1080, 615) rtsw = 1080 rtsh = 525
10-16 01:00:32.359   572   647 I SurfaceView@42898ba: onSSPAndSRT: pl = 0 pt = 90 sx = 1.0 sy = 1.0
10-16 01:00:32.359   572   647 I SurfaceView@42898ba: aOrMT: ViewRootImpl@48d3b3a[MainActivity] t = android.view.SurfaceControl$Transaction@1c342f2 fN = 813 android.view.SurfaceView.-$$Nest$mapplyOrMergeTransaction:0 android.view.SurfaceView$SurfaceViewPositionUpdateListener.positionChanged:1537 android.graphics.RenderNode$CompositePositionUpdateListener.positionChanged:373 
10-16 01:00:32.359   572   647 I ViewRootImpl@48d3b3a[MainActivity]: mWNT: t=0x7b14b00a00 mBlastBufferQueue=0x7b5c2d1100 fn= 813 caller= android.view.SurfaceView.applyOrMergeTransaction:1455 android.view.SurfaceView.-$$Nest$mapplyOrMergeTransaction:0 android.view.SurfaceView$SurfaceViewPositionUpdateListener.positionChanged:1537 
10-16 01:00:32.360   572   647 I ViewRootImpl@48d3b3a[MainActivity]: mWNT: t=0x7b432e4300 mBlastBufferQueue=0x7b5c2d1100 fn= 813 caller= android.view.ViewRootImpl.lambda$applyTransactionOnDraw$11$android-view-ViewRootImpl:12865 android.view.ViewRootImpl$$ExternalSyntheticLambda1.onFrameDraw:4 android.graphics.HardwareRenderer$FrameDrawingCallback.onFrameDraw:924 
10-16 01:00:32.364   572   572 I SurfaceView@42898ba: Changes: creating=false format=false size=false visible=false alpha=false hint=false mUseAlpha=false visible=false left=false top=true
10-16 01:00:32.364   572   572 I SurfaceView@42898ba: 69769402 Cur surface: Surface(name=null)/@0xcc36ec1
10-16 01:00:32.365   572   572 I SurfaceView@42898ba: applyTransactionOnVriDraw: vri = ViewRootImpl@48d3b3a[MainActivity] fRS = false t = 0x7b432e4400 android.view.SurfaceView.performSurfaceTransaction:959 android.view.SurfaceView.updateSurface:1105 android.view.SurfaceView.lambda$new$0$android-view-SurfaceView:200 
10-16 01:00:32.365   572   572 I ViewRootImpl@48d3b3a[MainActivity]: applyTransactionOnDraw: mRemoved = false isHardwareEnabled = true t = 0x7b432e4400android.view.SurfaceView.applyTransactionOnVriDraw:2048 android.view.SurfaceView.performSurfaceTransaction:959 android.view.SurfaceView.updateSurface:1105 android.view.SurfaceView.lambda$new$0$android-view-SurfaceView:200 android.view.SurfaceView$$ExternalSyntheticLambda5.onPreDraw:2 
10-16 01:00:32.365   572   572 I SurfaceView@42898ba: updateSurface: mVisible = true mSurface.isValid() = true
10-16 01:00:32.365   572   572 I SurfaceView@42898ba: updateSurface: mSurfaceCreated = true surfaceChanged = false visibleChanged = false
10-16 01:00:32.365   572   572 V SurfaceView@42898ba: Layout: x=0 y=76 w=1080 h=525, frame=Rect(0, 0 - 1080, 525)
10-16 01:00:32.395   572   648 D SurfaceView@42898ba: updateSurfacePosition RenderWorker, frameNr = 814, position = [0, 76, 1080, 601] surfaceSize = 1080x525
10-16 01:00:32.395   572   648 I SurfaceView@42898ba: uSP: rtp = Rect(0, 76 - 1080, 601) rtsw = 1080 rtsh = 525
10-16 01:00:32.395   572   648 I SurfaceView@42898ba: onSSPAndSRT: pl = 0 pt = 76 sx = 1.0 sy = 1.0
10-16 01:00:32.396   572   648 I SurfaceView@42898ba: aOrMT: ViewRootImpl@48d3b3a[MainActivity] t = android.view.SurfaceControl$Transaction@1c342f2 fN = 814 android.view.SurfaceView.-$$Nest$mapplyOrMergeTransaction:0 android.view.SurfaceView$SurfaceViewPositionUpdateListener.positionChanged:1537 android.graphics.RenderNode$CompositePositionUpdateListener.positionChanged:373 
10-16 01:00:32.396   572   648 I ViewRootImpl@48d3b3a[MainActivity]: mWNT: t=0x7b14b00a00 mBlastBufferQueue=0x7b5c2d1100 fn= 814 caller= android.view.SurfaceView.applyOrMergeTransaction:1455 android.view.SurfaceView.-$$Nest$mapplyOrMergeTransaction:0 android.view.SurfaceView$SurfaceViewPositionUpdateListener.positionChanged:1537 
10-16 01:00:32.397   572   648 I ViewRootImpl@48d3b3a[MainActivity]: mWNT: t=0x7b432e4400 mBlastBufferQueue=0x7b5c2d1100 fn= 814 caller= android.view.ViewRootImpl.lambda$applyTransactionOnDraw$11$android-view-ViewRootImpl:12865 android.view.ViewRootImpl$$ExternalSyntheticLambda1.onFrameDraw:4 android.graphics.HardwareRenderer$FrameDrawingCallback.onFrameDraw:924 
10-16 01:00:32.405   572   572 I SurfaceView@42898ba: Changes: creating=false format=false size=false visible=false alpha=false hint=false mUseAlpha=false visible=false left=false top=true
10-16 01:00:32.406   572   572 I SurfaceView@42898ba: 69769402 Cur surface: Surface(name=null)/@0xcc36ec1
10-16 01:00:32.406   572   572 I SurfaceView@42898ba: applyTransactionOnVriDraw: vri = ViewRootImpl@48d3b3a[MainActivity] fRS = false t = 0x7b432e4500 android.view.SurfaceView.performSurfaceTransaction:959 android.view.SurfaceView.updateSurface:1105 android.view.SurfaceView.lambda$new$0$android-view-SurfaceView:200 
10-16 01:00:32.407   572   572 I ViewRootImpl@48d3b3a[MainActivity]: applyTransactionOnDraw: mRemoved = false isHardwareEnabled = true t = 0x7b432e4500android.view.SurfaceView.applyTransactionOnVriDraw:2048 android.view.SurfaceView.performSurfaceTransaction:959 android.view.SurfaceView.updateSurface:1105 android.view.SurfaceView.lambda$new$0$android-view-SurfaceView:200 android.view.SurfaceView$$ExternalSyntheticLambda5.onPreDraw:2 
10-16 01:00:32.407   572   572 I SurfaceView@42898ba: updateSurface: mVisible = true mSurface.isValid() = true
10-16 01:00:32.407   572   572 I SurfaceView@42898ba: updateSurface: mSurfaceCreated = true surfaceChanged = false visibleChanged = false
10-16 01:00:32.407   572   572 V SurfaceView@42898ba: Layout: x=0 y=53 w=1080 h=525, frame=Rect(0, 0 - 1080, 525)
10-16 01:00:32.415   572   647 D SurfaceView@42898ba: updateSurfacePosition RenderWorker, frameNr = 815, position = [0, 53, 1080, 578] surfaceSize = 1080x525
10-16 01:00:32.416   572   647 I SurfaceView@42898ba: uSP: rtp = Rect(0, 53 - 1080, 578) rtsw = 1080 rtsh = 525
10-16 01:00:32.416   572   647 I SurfaceView@42898ba: onSSPAndSRT: pl = 0 pt = 53 sx = 1.0 sy = 1.0
10-16 01:00:32.416   572   647 I SurfaceView@42898ba: aOrMT: ViewRootImpl@48d3b3a[MainActivity] t = android.view.SurfaceControl$Transaction@1c342f2 fN = 815 android.view.SurfaceView.-$$Nest$mapplyOrMergeTransaction:0 android.view.SurfaceView$SurfaceViewPositionUpdateListener.positionChanged:1537 android.graphics.RenderNode$CompositePositionUpdateListener.positionChanged:373 
10-16 01:00:32.417   572   647 I ViewRootImpl@48d3b3a[MainActivity]: mWNT: t=0x7b14b00a00 mBlastBufferQueue=0x7b5c2d1100 fn= 815 caller= android.view.SurfaceView.applyOrMergeTransaction:1455 android.view.SurfaceView.-$$Nest$mapplyOrMergeTransaction:0 android.view.SurfaceView$SurfaceViewPositionUpdateListener.positionChanged:1537 
10-16 01:00:32.417   572   647 I ViewRootImpl@48d3b3a[MainActivity]: mWNT: t=0x7b432e4500 mBlastBufferQueue=0x7b5c2d1100 fn= 815 caller= android.view.ViewRootImpl.lambda$applyTransactionOnDraw$11$android-view-ViewRootImpl:12865 android.view.ViewRootImpl$$ExternalSyntheticLambda1.onFrameDraw:4 android.graphics.HardwareRenderer$FrameDrawingCallback.onFrameDraw:924 
10-16 01:00:32.425   572   572 I SurfaceView@42898ba: Changes: creating=false format=false size=false visible=false alpha=false hint=false mUseAlpha=false visible=false left=false top=true
10-16 01:00:32.425   572   572 I SurfaceView@42898ba: 69769402 Cur surface: Surface(name=null)/@0xcc36ec1
10-16 01:00:32.425   572   572 I SurfaceView@42898ba: applyTransactionOnVriDraw: vri = ViewRootImpl@48d3b3a[MainActivity] fRS = false t = 0x7b432e4600 android.view.SurfaceView.performSurfaceTransaction:959 android.view.SurfaceView.updateSurface:1105 android.view.SurfaceView.lambda$new$0$android-view-SurfaceView:200 
10-16 01:00:32.426   572   572 I ViewRootImpl@48d3b3a[MainActivity]: applyTransactionOnDraw: mRemoved = false isHardwareEnabled = true t = 0x7b432e4600android.view.SurfaceView.applyTransactionOnVriDraw:2048 android.view.SurfaceView.performSurfaceTransaction:959 android.view.SurfaceView.updateSurface:1105 android.view.SurfaceView.lambda$new$0$android-view-SurfaceView:200 android.view.SurfaceView$$ExternalSyntheticLambda5.onPreDraw:2 
10-16 01:00:32.426   572   572 I SurfaceView@42898ba: updateSurface: mVisible = true mSurface.isValid() = true
10-16 01:00:32.426   572   572 I SurfaceView@42898ba: updateSurface: mSurfaceCreated = true surfaceChanged = false visibleChanged = false
10-16 01:00:32.426   572   572 V SurfaceView@42898ba: Layout: x=0 y=44 w=1080 h=525, frame=Rect(0, 0 - 1080, 525)
10-16 01:00:32.431   572   648 D SurfaceView@42898ba: updateSurfacePosition RenderWorker, frameNr = 816, position = [0, 44, 1080, 569] surfaceSize = 1080x525
10-16 01:00:32.431   572   648 I SurfaceView@42898ba: uSP: rtp = Rect(0, 44 - 1080, 569) rtsw = 1080 rtsh = 525
10-16 01:00:32.431   572   648 I SurfaceView@42898ba: onSSPAndSRT: pl = 0 pt = 44 sx = 1.0 sy = 1.0
10-16 01:00:32.432   572   648 I SurfaceView@42898ba: aOrMT: ViewRootImpl@48d3b3a[MainActivity] t = android.view.SurfaceControl$Transaction@1c342f2 fN = 816 android.view.SurfaceView.-$$Nest$mapplyOrMergeTransaction:0 android.view.SurfaceView$SurfaceViewPositionUpdateListener.positionChanged:1537 android.graphics.RenderNode$CompositePositionUpdateListener.positionChanged:373 
10-16 01:00:32.432   572   648 I ViewRootImpl@48d3b3a[MainActivity]: mWNT: t=0x7b14b00a00 mBlastBufferQueue=0x7b5c2d1100 fn= 816 caller= android.view.SurfaceView.applyOrMergeTransaction:1455 android.view.SurfaceView.-$$Nest$mapplyOrMergeTransaction:0 android.view.SurfaceView$SurfaceViewPositionUpdateListener.positionChanged:1537 
10-16 01:00:32.433   572   648 I ViewRootImpl@48d3b3a[MainActivity]: mWNT: t=0x7b432e4600 mBlastBufferQueue=0x7b5c2d1100 fn= 816 caller= android.view.ViewRootImpl.lambda$applyTransactionOnDraw$11$android-view-ViewRootImpl:12865 android.view.ViewRootImpl$$ExternalSyntheticLambda1.onFrameDraw:4 android.graphics.HardwareRenderer$FrameDrawingCallback.onFrameDraw:924 
10-16 01:00:32.436   572   572 I SurfaceView@42898ba: Changes: creating=false format=false size=false visible=false alpha=false hint=false mUseAlpha=false visible=false left=false top=true
10-16 01:00:32.437   572   572 I SurfaceView@42898ba: 69769402 Cur surface: Surface(name=null)/@0xcc36ec1
10-16 01:00:32.437   572   572 I SurfaceView@42898ba: applyTransactionOnVriDraw: vri = ViewRootImpl@48d3b3a[MainActivity] fRS = false t = 0x7b432e4700 android.view.SurfaceView.performSurfaceTransaction:959 android.view.SurfaceView.updateSurface:1105 android.view.SurfaceView.lambda$new$0$android-view-SurfaceView:200 
10-16 01:00:32.438   572   572 I ViewRootImpl@48d3b3a[MainActivity]: applyTransactionOnDraw: mRemoved = false isHardwareEnabled = true t = 0x7b432e4700android.view.SurfaceView.applyTransactionOnVriDraw:2048 android.view.SurfaceView.performSurfaceTransaction:959 android.view.SurfaceView.updateSurface:1105 android.view.SurfaceView.lambda$new$0$android-view-SurfaceView:200 android.view.SurfaceView$$ExternalSyntheticLambda5.onPreDraw:2 
10-16 01:00:32.438   572   572 I SurfaceView@42898ba: updateSurface: mVisible = true mSurface.isValid() = true
10-16 01:00:32.438   572   572 I SurfaceView@42898ba: updateSurface: mSurfaceCreated = true surfaceChanged = false visibleChanged = false
10-16 01:00:32.438   572   572 V SurfaceView@42898ba: Layout: x=0 y=36 w=1080 h=525, frame=Rect(0, 0 - 1080, 525)
10-16 01:00:32.443   572   647 D SurfaceView@42898ba: updateSurfacePosition RenderWorker, frameNr = 817, position = [0, 36, 1080, 561] surfaceSize = 1080x525
10-16 01:00:32.443   572   647 I SurfaceView@42898ba: uSP: rtp = Rect(0, 36 - 1080, 561) rtsw = 1080 rtsh = 525
10-16 01:00:32.443   572   647 I SurfaceView@42898ba: onSSPAndSRT: pl = 0 pt = 36 sx = 1.0 sy = 1.0
10-16 01:00:32.444   572   647 I SurfaceView@42898ba: aOrMT: ViewRootImpl@48d3b3a[MainActivity] t = android.view.SurfaceControl$Transaction@1c342f2 fN = 817 android.view.SurfaceView.-$$Nest$mapplyOrMergeTransaction:0 android.view.SurfaceView$SurfaceViewPositionUpdateListener.positionChanged:1537 android.graphics.RenderNode$CompositePositionUpdateListener.positionChanged:373 
10-16 01:00:32.444   572   647 I ViewRootImpl@48d3b3a[MainActivity]: mWNT: t=0x7b14b00a00 mBlastBufferQueue=0x7b5c2d1100 fn= 817 caller= android.view.SurfaceView.applyOrMergeTransaction:1455 android.view.SurfaceView.-$$Nest$mapplyOrMergeTransaction:0 android.view.SurfaceView$SurfaceViewPositionUpdateListener.positionChanged:1537 
10-16 01:00:32.444   572   647 I ViewRootImpl@48d3b3a[MainActivity]: mWNT: t=0x7b432e4700 mBlastBufferQueue=0x7b5c2d1100 fn= 817 caller= android.view.ViewRootImpl.lambda$applyTransactionOnDraw$11$android-view-ViewRootImpl:12865 android.view.ViewRootImpl$$ExternalSyntheticLambda1.onFrameDraw:4 android.graphics.HardwareRenderer$FrameDrawingCallback.onFrameDraw:924 
10-16 01:00:32.448   572   572 I SurfaceView@42898ba: Changes: creating=false format=false size=false visible=false alpha=false hint=false mUseAlpha=false visible=false left=false top=true
10-16 01:00:32.448   572   572 I SurfaceView@42898ba: 69769402 Cur surface: Surface(name=null)/@0xcc36ec1
10-16 01:00:32.449   572   572 I SurfaceView@42898ba: applyTransactionOnVriDraw: vri = ViewRootImpl@48d3b3a[MainActivity] fRS = false t = 0x7b432e4800 android.view.SurfaceView.performSurfaceTransaction:959 android.view.SurfaceView.updateSurface:1105 android.view.SurfaceView.lambda$new$0$android-view-SurfaceView:200 
10-16 01:00:32.449   572   572 I ViewRootImpl@48d3b3a[MainActivity]: applyTransactionOnDraw: mRemoved = false isHardwareEnabled = true t = 0x7b432e4800android.view.SurfaceView.applyTransactionOnVriDraw:2048 android.view.SurfaceView.performSurfaceTransaction:959 android.view.SurfaceView.updateSurface:1105 android.view.SurfaceView.lambda$new$0$android-view-SurfaceView:200 android.view.SurfaceView$$ExternalSyntheticLambda5.onPreDraw:2 
10-16 01:00:32.449   572   572 I SurfaceView@42898ba: updateSurface: mVisible = true mSurface.isValid() = true
10-16 01:00:32.449   572   572 I SurfaceView@42898ba: updateSurface: mSurfaceCreated = true surfaceChanged = false visibleChanged = false
10-16 01:00:32.449   572   572 V SurfaceView@42898ba: Layout: x=0 y=29 w=1080 h=525, frame=Rect(0, 0 - 1080, 525)
10-16 01:00:32.454   572   648 D SurfaceView@42898ba: updateSurfacePosition RenderWorker, frameNr = 818, position = [0, 29, 1080, 554] surfaceSize = 1080x525
10-16 01:00:32.454   572   648 I SurfaceView@42898ba: uSP: rtp = Rect(0, 29 - 1080, 554) rtsw = 1080 rtsh = 525
10-16 01:00:32.454   572   648 I SurfaceView@42898ba: onSSPAndSRT: pl = 0 pt = 29 sx = 1.0 sy = 1.0
10-16 01:00:32.455   572   648 I SurfaceView@42898ba: aOrMT: ViewRootImpl@48d3b3a[MainActivity] t = android.view.SurfaceControl$Transaction@1c342f2 fN = 818 android.view.SurfaceView.-$$Nest$mapplyOrMergeTransaction:0 android.view.SurfaceView$SurfaceViewPositionUpdateListener.positionChanged:1537 android.graphics.RenderNode$CompositePositionUpdateListener.positionChanged:373 
10-16 01:00:32.455   572   648 I ViewRootImpl@48d3b3a[MainActivity]: mWNT: t=0x7b14b00a00 mBlastBufferQueue=0x7b5c2d1100 fn= 818 caller= android.view.SurfaceView.applyOrMergeTransaction:1455 android.view.SurfaceView.-$$Nest$mapplyOrMergeTransaction:0 android.view.SurfaceView$SurfaceViewPositionUpdateListener.positionChanged:1537 
10-16 01:00:32.456   572   648 I ViewRootImpl@48d3b3a[MainActivity]: mWNT: t=0x7b432e4800 mBlastBufferQueue=0x7b5c2d1100 fn= 818 caller= android.view.ViewRootImpl.lambda$applyTransactionOnDraw$11$android-view-ViewRootImpl:12865 android.view.ViewRootImpl$$ExternalSyntheticLambda1.onFrameDraw:4 android.graphics.HardwareRenderer$FrameDrawingCallback.onFrameDraw:924 
10-16 01:00:32.459   572   572 I SurfaceView@42898ba: Changes: creating=false format=false size=false visible=false alpha=false hint=false mUseAlpha=false visible=false left=false top=true
10-16 01:00:32.459   572   572 I SurfaceView@42898ba: 69769402 Cur surface: Surface(name=null)/@0xcc36ec1
10-16 01:00:32.460   572   572 I SurfaceView@42898ba: applyTransactionOnVriDraw: vri = ViewRootImpl@48d3b3a[MainActivity] fRS = false t = 0x7b432e4900 android.view.SurfaceView.performSurfaceTransaction:959 android.view.SurfaceView.updateSurface:1105 android.view.SurfaceView.lambda$new$0$android-view-SurfaceView:200 
10-16 01:00:32.460   572   572 I ViewRootImpl@48d3b3a[MainActivity]: applyTransactionOnDraw: mRemoved = false isHardwareEnabled = true t = 0x7b432e4900android.view.SurfaceView.applyTransactionOnVriDraw:2048 android.view.SurfaceView.performSurfaceTransaction:959 android.view.SurfaceView.updateSurface:1105 android.view.SurfaceView.lambda$new$0$android-view-SurfaceView:200 android.view.SurfaceView$$ExternalSyntheticLambda5.onPreDraw:2 
10-16 01:00:32.460   572   572 I SurfaceView@42898ba: updateSurface: mVisible = true mSurface.isValid() = true
10-16 01:00:32.460   572   572 I SurfaceView@42898ba: updateSurface: mSurfaceCreated = true surfaceChanged = false visibleChanged = false
10-16 01:00:32.460   572   572 V SurfaceView@42898ba: Layout: x=0 y=23 w=1080 h=525, frame=Rect(0, 0 - 1080, 525)
10-16 01:00:32.469   572   647 D SurfaceView@42898ba: updateSurfacePosition RenderWorker, frameNr = 819, position = [0, 23, 1080, 548] surfaceSize = 1080x525
10-16 01:00:32.469   572   647 I SurfaceView@42898ba: uSP: rtp = Rect(0, 23 - 1080, 548) rtsw = 1080 rtsh = 525
10-16 01:00:32.469   572   647 I SurfaceView@42898ba: onSSPAndSRT: pl = 0 pt = 23 sx = 1.0 sy = 1.0
10-16 01:00:32.470   572   647 I SurfaceView@42898ba: aOrMT: ViewRootImpl@48d3b3a[MainActivity] t = android.view.SurfaceControl$Transaction@1c342f2 fN = 819 android.view.SurfaceView.-$$Nest$mapplyOrMergeTransaction:0 android.view.SurfaceView$SurfaceViewPositionUpdateListener.positionChanged:1537 android.graphics.RenderNode$CompositePositionUpdateListener.positionChanged:373 
10-16 01:00:32.470   572   647 I ViewRootImpl@48d3b3a[MainActivity]: mWNT: t=0x7b14b00a00 mBlastBufferQueue=0x7b5c2d1100 fn= 819 caller= android.view.SurfaceView.applyOrMergeTransaction:1455 android.view.SurfaceView.-$$Nest$mapplyOrMergeTransaction:0 android.view.SurfaceView$SurfaceViewPositionUpdateListener.positionChanged:1537 
10-16 01:00:32.470   572   647 I ViewRootImpl@48d3b3a[MainActivity]: mWNT: t=0x7b432e4900 mBlastBufferQueue=0x7b5c2d1100 fn= 819 caller= android.view.ViewRootImpl.lambda$applyTransactionOnDraw$11$android-view-ViewRootImpl:12865 android.view.ViewRootImpl$$ExternalSyntheticLambda1.onFrameDraw:4 android.graphics.HardwareRenderer$FrameDrawingCallback.onFrameDraw:924 
10-16 01:00:32.475   572   572 I SurfaceView@42898ba: Changes: creating=false format=false size=false visible=false alpha=false hint=false mUseAlpha=false visible=false left=false top=true
10-16 01:00:32.476   572   572 I SurfaceView@42898ba: 69769402 Cur surface: Surface(name=null)/@0xcc36ec1
10-16 01:00:32.476   572   572 I SurfaceView@42898ba: applyTransactionOnVriDraw: vri = ViewRootImpl@48d3b3a[MainActivity] fRS = false t = 0x7b432e4a00 android.view.SurfaceView.performSurfaceTransaction:959 android.view.SurfaceView.updateSurface:1105 android.view.SurfaceView.lambda$new$0$android-view-SurfaceView:200 
10-16 01:00:32.476   572   572 I ViewRootImpl@48d3b3a[MainActivity]: applyTransactionOnDraw: mRemoved = false isHardwareEnabled = true t = 0x7b432e4a00android.view.SurfaceView.applyTransactionOnVriDraw:2048 android.view.SurfaceView.performSurfaceTransaction:959 android.view.SurfaceView.updateSurface:1105 android.view.SurfaceView.lambda$new$0$android-view-SurfaceView:200 android.view.SurfaceView$$ExternalSyntheticLambda5.onPreDraw:2 
10-16 01:00:32.476   572   572 I SurfaceView@42898ba: updateSurface: mVisible = true mSurface.isValid() = true
10-16 01:00:32.476   572   572 I SurfaceView@42898ba: updateSurface: mSurfaceCreated = true surfaceChanged = false visibleChanged = false
10-16 01:00:32.477   572   572 V SurfaceView@42898ba: Layout: x=0 y=16 w=1080 h=525, frame=Rect(0, 0 - 1080, 525)
10-16 01:00:32.484   572   648 D SurfaceView@42898ba: updateSurfacePosition RenderWorker, frameNr = 820, position = [0, 16, 1080, 541] surfaceSize = 1080x525
10-16 01:00:32.484   572   648 I SurfaceView@42898ba: uSP: rtp = Rect(0, 16 - 1080, 541) rtsw = 1080 rtsh = 525
10-16 01:00:32.484   572   648 I SurfaceView@42898ba: onSSPAndSRT: pl = 0 pt = 16 sx = 1.0 sy = 1.0
10-16 01:00:32.485   572   648 I SurfaceView@42898ba: aOrMT: ViewRootImpl@48d3b3a[MainActivity] t = android.view.SurfaceControl$Transaction@1c342f2 fN = 820 android.view.SurfaceView.-$$Nest$mapplyOrMergeTransaction:0 android.view.SurfaceView$SurfaceViewPositionUpdateListener.positionChanged:1537 android.graphics.RenderNode$CompositePositionUpdateListener.positionChanged:373 
10-16 01:00:32.485   572   648 I ViewRootImpl@48d3b3a[MainActivity]: mWNT: t=0x7b14b00a00 mBlastBufferQueue=0x7b5c2d1100 fn= 820 caller= android.view.SurfaceView.applyOrMergeTransaction:1455 android.view.SurfaceView.-$$Nest$mapplyOrMergeTransaction:0 android.view.SurfaceView$SurfaceViewPositionUpdateListener.positionChanged:1537 
10-16 01:00:32.485   572   648 I ViewRootImpl@48d3b3a[MainActivity]: mWNT: t=0x7b432e4a00 mBlastBufferQueue=0x7b5c2d1100 fn= 820 caller= android.view.ViewRootImpl.lambda$applyTransactionOnDraw$11$android-view-ViewRootImpl:12865 android.view.ViewRootImpl$$ExternalSyntheticLambda1.onFrameDraw:4 android.graphics.HardwareRenderer$FrameDrawingCallback.onFrameDraw:924 
10-16 01:00:32.492   572   572 I SurfaceView@42898ba: Changes: creating=false format=false size=false visible=false alpha=false hint=false mUseAlpha=false visible=false left=false top=true
10-16 01:00:32.492   572   572 I SurfaceView@42898ba: 69769402 Cur surface: Surface(name=null)/@0xcc36ec1
10-16 01:00:32.493   572   572 I SurfaceView@42898ba: applyTransactionOnVriDraw: vri = ViewRootImpl@48d3b3a[MainActivity] fRS = false t = 0x7b432e4b00 android.view.SurfaceView.performSurfaceTransaction:959 android.view.SurfaceView.updateSurface:1105 android.view.SurfaceView.lambda$new$0$android-view-SurfaceView:200 
10-16 01:00:32.493   572   572 I ViewRootImpl@48d3b3a[MainActivity]: applyTransactionOnDraw: mRemoved = false isHardwareEnabled = true t = 0x7b432e4b00android.view.SurfaceView.applyTransactionOnVriDraw:2048 android.view.SurfaceView.performSurfaceTransaction:959 android.view.SurfaceView.updateSurface:1105 android.view.SurfaceView.lambda$new$0$android-view-SurfaceView:200 android.view.SurfaceView$$ExternalSyntheticLambda5.onPreDraw:2 
10-16 01:00:32.493   572   572 I SurfaceView@42898ba: updateSurface: mVisible = true mSurface.isValid() = true
10-16 01:00:32.493   572   572 I SurfaceView@42898ba: updateSurface: mSurfaceCreated = true surfaceChanged = false visibleChanged = false
10-16 01:00:32.493   572   572 V SurfaceView@42898ba: Layout: x=0 y=9 w=1080 h=525, frame=Rect(0, 0 - 1080, 525)
10-16 01:00:32.501   572   647 D SurfaceView@42898ba: updateSurfacePosition RenderWorker, frameNr = 821, position = [0, 9, 1080, 534] surfaceSize = 1080x525
10-16 01:00:32.502   572   647 I SurfaceView@42898ba: uSP: rtp = Rect(0, 9 - 1080, 534) rtsw = 1080 rtsh = 525
10-16 01:00:32.502   572   647 I SurfaceView@42898ba: onSSPAndSRT: pl = 0 pt = 9 sx = 1.0 sy = 1.0
10-16 01:00:32.502   572   647 I SurfaceView@42898ba: aOrMT: ViewRootImpl@48d3b3a[MainActivity] t = android.view.SurfaceControl$Transaction@1c342f2 fN = 821 android.view.SurfaceView.-$$Nest$mapplyOrMergeTransaction:0 android.view.SurfaceView$SurfaceViewPositionUpdateListener.positionChanged:1537 android.graphics.RenderNode$CompositePositionUpdateListener.positionChanged:373 
10-16 01:00:32.502   572   647 I ViewRootImpl@48d3b3a[MainActivity]: mWNT: t=0x7b14b00a00 mBlastBufferQueue=0x7b5c2d1100 fn= 821 caller= android.view.SurfaceView.applyOrMergeTransaction:1455 android.view.SurfaceView.-$$Nest$mapplyOrMergeTransaction:0 android.view.SurfaceView$SurfaceViewPositionUpdateListener.positionChanged:1537 
10-16 01:00:32.503   572   647 I ViewRootImpl@48d3b3a[MainActivity]: mWNT: t=0x7b432e4b00 mBlastBufferQueue=0x7b5c2d1100 fn= 821 caller= android.view.ViewRootImpl.lambda$applyTransactionOnDraw$11$android-view-ViewRootImpl:12865 android.view.ViewRootImpl$$ExternalSyntheticLambda1.onFrameDraw:4 android.graphics.HardwareRenderer$FrameDrawingCallback.onFrameDraw:924 
10-16 01:00:32.509   572   572 I SurfaceView@42898ba: Changes: creating=false format=false size=false visible=false alpha=false hint=false mUseAlpha=false visible=false left=false top=true
10-16 01:00:32.509   572   572 I SurfaceView@42898ba: 69769402 Cur surface: Surface(name=null)/@0xcc36ec1
10-16 01:00:32.510   572   572 I SurfaceView@42898ba: applyTransactionOnVriDraw: vri = ViewRootImpl@48d3b3a[MainActivity] fRS = false t = 0x7b432e4c00 android.view.SurfaceView.performSurfaceTransaction:959 android.view.SurfaceView.updateSurface:1105 android.view.SurfaceView.lambda$new$0$android-view-SurfaceView:200 
10-16 01:00:32.510   572   572 I ViewRootImpl@48d3b3a[MainActivity]: applyTransactionOnDraw: mRemoved = false isHardwareEnabled = true t = 0x7b432e4c00android.view.SurfaceView.applyTransactionOnVriDraw:2048 android.view.SurfaceView.performSurfaceTransaction:959 android.view.SurfaceView.updateSurface:1105 android.view.SurfaceView.lambda$new$0$android-view-SurfaceView:200 android.view.SurfaceView$$ExternalSyntheticLambda5.onPreDraw:2 
10-16 01:00:32.510   572   572 I SurfaceView@42898ba: updateSurface: mVisible = true mSurface.isValid() = true
10-16 01:00:32.510   572   572 I SurfaceView@42898ba: updateSurface: mSurfaceCreated = true surfaceChanged = false visibleChanged = false
10-16 01:00:32.510   572   572 V SurfaceView@42898ba: Layout: x=0 y=4 w=1080 h=525, frame=Rect(0, 0 - 1080, 525)
10-16 01:00:32.519   572   648 D SurfaceView@42898ba: updateSurfacePosition RenderWorker, frameNr = 822, position = [0, 4, 1080, 529] surfaceSize = 1080x525
10-16 01:00:32.519   572   648 I SurfaceView@42898ba: uSP: rtp = Rect(0, 4 - 1080, 529) rtsw = 1080 rtsh = 525
10-16 01:00:32.519   572   648 I SurfaceView@42898ba: onSSPAndSRT: pl = 0 pt = 4 sx = 1.0 sy = 1.0
10-16 01:00:32.519   572   648 I SurfaceView@42898ba: aOrMT: ViewRootImpl@48d3b3a[MainActivity] t = android.view.SurfaceControl$Transaction@1c342f2 fN = 822 android.view.SurfaceView.-$$Nest$mapplyOrMergeTransaction:0 android.view.SurfaceView$SurfaceViewPositionUpdateListener.positionChanged:1537 android.graphics.RenderNode$CompositePositionUpdateListener.positionChanged:373 
10-16 01:00:32.520   572   648 I ViewRootImpl@48d3b3a[MainActivity]: mWNT: t=0x7b14b00a00 mBlastBufferQueue=0x7b5c2d1100 fn= 822 caller= android.view.SurfaceView.applyOrMergeTransaction:1455 android.view.SurfaceView.-$$Nest$mapplyOrMergeTransaction:0 android.view.SurfaceView$SurfaceViewPositionUpdateListener.positionChanged:1537 
10-16 01:00:32.521   572   648 I ViewRootImpl@48d3b3a[MainActivity]: mWNT: t=0x7b432e4c00 mBlastBufferQueue=0x7b5c2d1100 fn= 822 caller= android.view.ViewRootImpl.lambda$applyTransactionOnDraw$11$android-view-ViewRootImpl:12865 android.view.ViewRootImpl$$ExternalSyntheticLambda1.onFrameDraw:4 android.graphics.HardwareRenderer$FrameDrawingCallback.onFrameDraw:924 
10-16 01:00:32.525   572   572 I SurfaceView@42898ba: Changes: creating=false format=false size=false visible=false alpha=false hint=false mUseAlpha=false visible=false left=false top=true
10-16 01:00:32.525   572   572 I SurfaceView@42898ba: 69769402 Cur surface: Surface(name=null)/@0xcc36ec1
10-16 01:00:32.525   572   572 I SurfaceView@42898ba: applyTransactionOnVriDraw: vri = ViewRootImpl@48d3b3a[MainActivity] fRS = false t = 0x7b432e4d00 android.view.SurfaceView.performSurfaceTransaction:959 android.view.SurfaceView.updateSurface:1105 android.view.SurfaceView.lambda$new$0$android-view-SurfaceView:200 
10-16 01:00:32.525   572   572 I ViewRootImpl@48d3b3a[MainActivity]: applyTransactionOnDraw: mRemoved = false isHardwareEnabled = true t = 0x7b432e4d00android.view.SurfaceView.applyTransactionOnVriDraw:2048 android.view.SurfaceView.performSurfaceTransaction:959 android.view.SurfaceView.updateSurface:1105 android.view.SurfaceView.lambda$new$0$android-view-SurfaceView:200 android.view.SurfaceView$$ExternalSyntheticLambda5.onPreDraw:2 
10-16 01:00:32.525   572   572 I SurfaceView@42898ba: updateSurface: mVisible = true mSurface.isValid() = true
10-16 01:00:32.525   572   572 I SurfaceView@42898ba: updateSurface: mSurfaceCreated = true surfaceChanged = false visibleChanged = false
10-16 01:00:32.525   572   572 V SurfaceView@42898ba: Layout: x=0 y=-1 w=1080 h=525, frame=Rect(0, 0 - 1080, 525)
10-16 01:00:32.533   572   647 D SurfaceView@42898ba: updateSurfacePosition RenderWorker, frameNr = 823, position = [0, -1, 1080, 524] surfaceSize = 1080x525
10-16 01:00:32.533   572   647 I SurfaceView@42898ba: uSP: rtp = Rect(0, -1 - 1080, 524) rtsw = 1080 rtsh = 525
10-16 01:00:32.533   572   647 I SurfaceView@42898ba: onSSPAndSRT: pl = 0 pt = -1 sx = 1.0 sy = 1.0
