10-16 00:41:20.128 27266 27266 I SurfaceView@d232ec3: Changes: creating=false format=false size=false visible=false alpha=false hint=false mUseAlpha=false visible=false left=false top=true
10-16 00:41:20.128 27266 27266 I SurfaceView@d232ec3: 220409539 Cur surface: Surface(name=null)/@0xb6866fe
10-16 00:41:20.128 27266 27266 I SurfaceView@d232ec3: applyTransactionOnVriDraw: vri = ViewRootImpl@48d3b3a[MainActivity] fRS = false t = 0x7b47484700 android.view.SurfaceView.performSurfaceTransaction:959 android.view.SurfaceView.updateSurface:1105 android.view.SurfaceView.lambda$new$0$android-view-SurfaceView:200 
10-16 00:41:20.129 27266 27266 I ViewRootImpl@48d3b3a[MainActivity]: applyTransactionOnDraw: mRemoved = false isHardwareEnabled = true t = 0x7b47484700android.view.SurfaceView.applyTransactionOnVriDraw:2048 android.view.SurfaceView.performSurfaceTransaction:959 android.view.SurfaceView.updateSurface:1105 android.view.SurfaceView.lambda$new$0$android-view-SurfaceView:200 android.view.SurfaceView$$ExternalSyntheticLambda5.onPreDraw:2 
10-16 00:41:20.129 27266 27266 I SurfaceView@d232ec3: updateSurface: mVisible = true mSurface.isValid() = true
10-16 00:41:20.129 27266 27266 I SurfaceView@d232ec3: updateSurface: mSurfaceCreated = true surfaceChanged = false visibleChanged = false
10-16 00:41:20.129 27266 27266 V SurfaceView@d232ec3: Layout: x=0 y=-1111 w=1080 h=525, frame=Rect(0, 0 - 1080, 525)
10-16 00:41:20.140 27266 27353 D SurfaceView@d232ec3: updateSurfacePosition RenderWorker, frameNr = 143, position = [0, -1137, 1080, -612] surfaceSize = 1080x525
10-16 00:41:20.140 27266 27353 I SurfaceView@d232ec3: uSP: rtp = Rect(0, -1137 - 1080, -612) rtsw = 1080 rtsh = 525
10-16 00:41:20.140 27266 27353 I SurfaceView@d232ec3: onSSPAndSRT: pl = 0 pt = -1137 sx = 1.0 sy = 1.0
10-16 00:41:20.140 27266 27353 I SurfaceView@d232ec3: aOrMT: ViewRootImpl@48d3b3a[MainActivity] t = android.view.SurfaceControl$Transaction@d7d8175 fN = 143 android.view.SurfaceView.-$$Nest$mapplyOrMergeTransaction:0 android.view.SurfaceView$SurfaceViewPositionUpdateListener.positionChanged:1537 android.graphics.RenderNode$CompositePositionUpdateListener.positionChanged:373 
10-16 00:41:20.141 27266 27353 I ViewRootImpl@48d3b3a[MainActivity]: mWNT: t=0x7adbf81400 mBlastBufferQueue=0x7b47381500 fn= 143 caller= android.view.SurfaceView.applyOrMergeTransaction:1455 android.view.SurfaceView.-$$Nest$mapplyOrMergeTransaction:0 android.view.SurfaceView$SurfaceViewPositionUpdateListener.positionChanged:1537 
10-16 00:41:20.141 27266 27353 I ViewRootImpl@48d3b3a[MainActivity]: mWNT: t=0x7b47484700 mBlastBufferQueue=0x7b47381500 fn= 143 caller= android.view.ViewRootImpl.lambda$applyTransactionOnDraw$11$android-view-ViewRootImpl:12865 android.view.ViewRootImpl$$ExternalSyntheticLambda1.onFrameDraw:4 android.graphics.HardwareRenderer$FrameDrawingCallback.onFrameDraw:924 
10-16 00:41:20.144 27266 27266 I SurfaceView@d232ec3: Changes: creating=false format=false size=false visible=false alpha=false hint=false mUseAlpha=false visible=false left=false top=true
10-16 00:41:20.145 27266 27266 I SurfaceView@d232ec3: 220409539 Cur surface: Surface(name=null)/@0xb6866fe
10-16 00:41:20.145 27266 27266 I SurfaceView@d232ec3: applyTransactionOnVriDraw: vri = ViewRootImpl@48d3b3a[MainActivity] fRS = false t = 0x7b47484800 android.view.SurfaceView.performSurfaceTransaction:959 android.view.SurfaceView.updateSurface:1105 android.view.SurfaceView.lambda$new$0$android-view-SurfaceView:200 
10-16 00:41:20.145 27266 27266 I ViewRootImpl@48d3b3a[MainActivity]: applyTransactionOnDraw: mRemoved = false isHardwareEnabled = true t = 0x7b47484800android.view.SurfaceView.applyTransactionOnVriDraw:2048 android.view.SurfaceView.performSurfaceTransaction:959 android.view.SurfaceView.updateSurface:1105 android.view.SurfaceView.lambda$new$0$android-view-SurfaceView:200 android.view.SurfaceView$$ExternalSyntheticLambda5.onPreDraw:2 
10-16 00:41:20.145 27266 27266 I SurfaceView@d232ec3: updateSurface: mVisible = true mSurface.isValid() = true
10-16 00:41:20.145 27266 27266 I SurfaceView@d232ec3: updateSurface: mSurfaceCreated = true surfaceChanged = false visibleChanged = false
10-16 00:41:20.145 27266 27266 V SurfaceView@d232ec3: Layout: x=0 y=-1137 w=1080 h=525, frame=Rect(0, 0 - 1080, 525)
10-16 00:41:20.157 27266 27354 D SurfaceView@d232ec3: updateSurfacePosition RenderWorker, frameNr = 144, position = [0, -1160, 1080, -635] surfaceSize = 1080x525
10-16 00:41:20.157 27266 27354 I SurfaceView@d232ec3: uSP: rtp = Rect(0, -1160 - 1080, -635) rtsw = 1080 rtsh = 525
10-16 00:41:20.157 27266 27354 I SurfaceView@d232ec3: onSSPAndSRT: pl = 0 pt = -1160 sx = 1.0 sy = 1.0
10-16 00:41:20.158 27266 27354 I SurfaceView@d232ec3: aOrMT: ViewRootImpl@48d3b3a[MainActivity] t = android.view.SurfaceControl$Transaction@d7d8175 fN = 144 android.view.SurfaceView.-$$Nest$mapplyOrMergeTransaction:0 android.view.SurfaceView$SurfaceViewPositionUpdateListener.positionChanged:1537 android.graphics.RenderNode$CompositePositionUpdateListener.positionChanged:373 
10-16 00:41:20.158 27266 27354 I ViewRootImpl@48d3b3a[MainActivity]: mWNT: t=0x7adbf81400 mBlastBufferQueue=0x7b47381500 fn= 144 caller= android.view.SurfaceView.applyOrMergeTransaction:1455 android.view.SurfaceView.-$$Nest$mapplyOrMergeTransaction:0 android.view.SurfaceView$SurfaceViewPositionUpdateListener.positionChanged:1537 
10-16 00:41:20.158 27266 27354 I ViewRootImpl@48d3b3a[MainActivity]: mWNT: t=0x7b47484800 mBlastBufferQueue=0x7b47381500 fn= 144 caller= android.view.ViewRootImpl.lambda$applyTransactionOnDraw$11$android-view-ViewRootImpl:12865 android.view.ViewRootImpl$$ExternalSyntheticLambda1.onFrameDraw:4 android.graphics.HardwareRenderer$FrameDrawingCallback.onFrameDraw:924 
10-16 00:41:20.161 27266 27266 I SurfaceView@d232ec3: Changes: creating=false format=false size=false visible=false alpha=false hint=false mUseAlpha=false visible=false left=false top=true
10-16 00:41:20.161 27266 27266 I SurfaceView@d232ec3: 220409539 Cur surface: Surface(name=null)/@0xb6866fe
10-16 00:41:20.161 27266 27266 I SurfaceView@d232ec3: applyTransactionOnVriDraw: vri = ViewRootImpl@48d3b3a[MainActivity] fRS = false t = 0x7b47484900 android.view.SurfaceView.performSurfaceTransaction:959 android.view.SurfaceView.updateSurface:1105 android.view.SurfaceView.lambda$new$0$android-view-SurfaceView:200 
10-16 00:41:20.162 27266 27266 I ViewRootImpl@48d3b3a[MainActivity]: applyTransactionOnDraw: mRemoved = false isHardwareEnabled = true t = 0x7b47484900android.view.SurfaceView.applyTransactionOnVriDraw:2048 android.view.SurfaceView.performSurfaceTransaction:959 android.view.SurfaceView.updateSurface:1105 android.view.SurfaceView.lambda$new$0$android-view-SurfaceView:200 android.view.SurfaceView$$ExternalSyntheticLambda5.onPreDraw:2 
10-16 00:41:20.162 27266 27266 I SurfaceView@d232ec3: updateSurface: mVisible = true mSurface.isValid() = true
10-16 00:41:20.162 27266 27266 I SurfaceView@d232ec3: updateSurface: mSurfaceCreated = true surfaceChanged = false visibleChanged = false
10-16 00:41:20.162 27266 27266 V SurfaceView@d232ec3: Layout: x=0 y=-1160 w=1080 h=525, frame=Rect(0, 0 - 1080, 525)
10-16 00:41:20.174 27266 27353 D SurfaceView@d232ec3: updateSurfacePosition RenderWorker, frameNr = 145, position = [0, -1184, 1080, -659] surfaceSize = 1080x525
10-16 00:41:20.174 27266 27353 I SurfaceView@d232ec3: uSP: rtp = Rect(0, -1184 - 1080, -659) rtsw = 1080 rtsh = 525
10-16 00:41:20.174 27266 27353 I SurfaceView@d232ec3: onSSPAndSRT: pl = 0 pt = -1184 sx = 1.0 sy = 1.0
10-16 00:41:20.175 27266 27353 I SurfaceView@d232ec3: aOrMT: ViewRootImpl@48d3b3a[MainActivity] t = android.view.SurfaceControl$Transaction@d7d8175 fN = 145 android.view.SurfaceView.-$$Nest$mapplyOrMergeTransaction:0 android.view.SurfaceView$SurfaceViewPositionUpdateListener.positionChanged:1537 android.graphics.RenderNode$CompositePositionUpdateListener.positionChanged:373 
10-16 00:41:20.175 27266 27353 I ViewRootImpl@48d3b3a[MainActivity]: mWNT: t=0x7adbf81400 mBlastBufferQueue=0x7b47381500 fn= 145 caller= android.view.SurfaceView.applyOrMergeTransaction:1455 android.view.SurfaceView.-$$Nest$mapplyOrMergeTransaction:0 android.view.SurfaceView$SurfaceViewPositionUpdateListener.positionChanged:1537 
10-16 00:41:20.175 27266 27353 I ViewRootImpl@48d3b3a[MainActivity]: mWNT: t=0x7b47484900 mBlastBufferQueue=0x7b47381500 fn= 145 caller= android.view.ViewRootImpl.lambda$applyTransactionOnDraw$11$android-view-ViewRootImpl:12865 android.view.ViewRootImpl$$ExternalSyntheticLambda1.onFrameDraw:4 android.graphics.HardwareRenderer$FrameDrawingCallback.onFrameDraw:924 
10-16 00:41:20.178 27266 27266 I SurfaceView@d232ec3: Changes: creating=false format=false size=false visible=false alpha=false hint=false mUseAlpha=false visible=false left=false top=true
10-16 00:41:20.178 27266 27266 I SurfaceView@d232ec3: 220409539 Cur surface: Surface(name=null)/@0xb6866fe
10-16 00:41:20.178 27266 27266 I SurfaceView@d232ec3: applyTransactionOnVriDraw: vri = ViewRootImpl@48d3b3a[MainActivity] fRS = false t = 0x7b47484a00 android.view.SurfaceView.performSurfaceTransaction:959 android.view.SurfaceView.updateSurface:1105 android.view.SurfaceView.lambda$new$0$android-view-SurfaceView:200 
10-16 00:41:20.178 27266 27266 I ViewRootImpl@48d3b3a[MainActivity]: applyTransactionOnDraw: mRemoved = false isHardwareEnabled = true t = 0x7b47484a00android.view.SurfaceView.applyTransactionOnVriDraw:2048 android.view.SurfaceView.performSurfaceTransaction:959 android.view.SurfaceView.updateSurface:1105 android.view.SurfaceView.lambda$new$0$android-view-SurfaceView:200 android.view.SurfaceView$$ExternalSyntheticLambda5.onPreDraw:2 
10-16 00:41:20.179 27266 27266 I SurfaceView@d232ec3: updateSurface: mVisible = true mSurface.isValid() = true
10-16 00:41:20.179 27266 27266 I SurfaceView@d232ec3: updateSurface: mSurfaceCreated = true surfaceChanged = false visibleChanged = false
10-16 00:41:20.179 27266 27266 V SurfaceView@d232ec3: Layout: x=0 y=-1184 w=1080 h=525, frame=Rect(0, 0 - 1080, 525)
10-16 00:41:20.193 27266 27354 D SurfaceView@d232ec3: updateSurfacePosition RenderWorker, frameNr = 146, position = [0, -1207, 1080, -682] surfaceSize = 1080x525
10-16 00:41:20.193 27266 27354 I SurfaceView@d232ec3: uSP: rtp = Rect(0, -1207 - 1080, -682) rtsw = 1080 rtsh = 525
10-16 00:41:20.194 27266 27354 I SurfaceView@d232ec3: onSSPAndSRT: pl = 0 pt = -1207 sx = 1.0 sy = 1.0
10-16 00:41:20.194 27266 27354 I SurfaceView@d232ec3: aOrMT: ViewRootImpl@48d3b3a[MainActivity] t = android.view.SurfaceControl$Transaction@d7d8175 fN = 146 android.view.SurfaceView.-$$Nest$mapplyOrMergeTransaction:0 android.view.SurfaceView$SurfaceViewPositionUpdateListener.positionChanged:1537 android.graphics.RenderNode$CompositePositionUpdateListener.positionChanged:373 
10-16 00:41:20.194 27266 27354 I ViewRootImpl@48d3b3a[MainActivity]: mWNT: t=0x7adbf81400 mBlastBufferQueue=0x7b47381500 fn= 146 caller= android.view.SurfaceView.applyOrMergeTransaction:1455 android.view.SurfaceView.-$$Nest$mapplyOrMergeTransaction:0 android.view.SurfaceView$SurfaceViewPositionUpdateListener.positionChanged:1537 
10-16 00:41:20.194 27266 27354 I ViewRootImpl@48d3b3a[MainActivity]: mWNT: t=0x7b47484a00 mBlastBufferQueue=0x7b47381500 fn= 146 caller= android.view.ViewRootImpl.lambda$applyTransactionOnDraw$11$android-view-ViewRootImpl:12865 android.view.ViewRootImpl$$ExternalSyntheticLambda1.onFrameDraw:4 android.graphics.HardwareRenderer$FrameDrawingCallback.onFrameDraw:924 
10-16 00:41:20.194 27266 27266 I SurfaceView@d232ec3: Changes: creating=false format=false size=false visible=false alpha=false hint=false mUseAlpha=false visible=false left=false top=true
10-16 00:41:20.194 27266 27266 I SurfaceView@d232ec3: 220409539 Cur surface: Surface(name=null)/@0xb6866fe
10-16 00:41:20.195 27266 27266 I SurfaceView@d232ec3: applyTransactionOnVriDraw: vri = ViewRootImpl@48d3b3a[MainActivity] fRS = false t = 0x7b47484b00 android.view.SurfaceView.performSurfaceTransaction:959 android.view.SurfaceView.updateSurface:1105 android.view.SurfaceView.lambda$new$0$android-view-SurfaceView:200 
10-16 00:41:20.195 27266 27266 I ViewRootImpl@48d3b3a[MainActivity]: applyTransactionOnDraw: mRemoved = false isHardwareEnabled = true t = 0x7b47484b00android.view.SurfaceView.applyTransactionOnVriDraw:2048 android.view.SurfaceView.performSurfaceTransaction:959 android.view.SurfaceView.updateSurface:1105 android.view.SurfaceView.lambda$new$0$android-view-SurfaceView:200 android.view.SurfaceView$$ExternalSyntheticLambda5.onPreDraw:2 
10-16 00:41:20.195 27266 27266 I SurfaceView@d232ec3: updateSurface: mVisible = true mSurface.isValid() = true
10-16 00:41:20.195 27266 27266 I SurfaceView@d232ec3: updateSurface: mSurfaceCreated = true surfaceChanged = false visibleChanged = false
10-16 00:41:20.195 27266 27266 V SurfaceView@d232ec3: Layout: x=0 y=-1207 w=1080 h=525, frame=Rect(0, 0 - 1080, 525)
10-16 00:41:20.210 27266 27353 D SurfaceView@d232ec3: updateSurfacePosition RenderWorker, frameNr = 147, position = [0, -1227, 1080, -702] surfaceSize = 1080x525
10-16 00:41:20.211 27266 27353 I SurfaceView@d232ec3: uSP: rtp = Rect(0, -1227 - 1080, -702) rtsw = 1080 rtsh = 525
10-16 00:41:20.211 27266 27353 I SurfaceView@d232ec3: onSSPAndSRT: pl = 0 pt = -1227 sx = 1.0 sy = 1.0
10-16 00:41:20.211 27266 27353 I SurfaceView@d232ec3: aOrMT: ViewRootImpl@48d3b3a[MainActivity] t = android.view.SurfaceControl$Transaction@d7d8175 fN = 147 android.view.SurfaceView.-$$Nest$mapplyOrMergeTransaction:0 android.view.SurfaceView$SurfaceViewPositionUpdateListener.positionChanged:1537 android.graphics.RenderNode$CompositePositionUpdateListener.positionChanged:373 
10-16 00:41:20.211 27266 27353 I ViewRootImpl@48d3b3a[MainActivity]: mWNT: t=0x7adbf81400 mBlastBufferQueue=0x7b47381500 fn= 147 caller= android.view.SurfaceView.applyOrMergeTransaction:1455 android.view.SurfaceView.-$$Nest$mapplyOrMergeTransaction:0 android.view.SurfaceView$SurfaceViewPositionUpdateListener.positionChanged:1537 
10-16 00:41:20.211 27266 27353 I ViewRootImpl@48d3b3a[MainActivity]: mWNT: t=0x7b47484b00 mBlastBufferQueue=0x7b47381500 fn= 147 caller= android.view.ViewRootImpl.lambda$applyTransactionOnDraw$11$android-view-ViewRootImpl:12865 android.view.ViewRootImpl$$ExternalSyntheticLambda1.onFrameDraw:4 android.graphics.HardwareRenderer$FrameDrawingCallback.onFrameDraw:924 
10-16 00:41:20.212 27266 27266 I SurfaceView@d232ec3: Changes: creating=false format=false size=false visible=false alpha=false hint=false mUseAlpha=false visible=false left=false top=true
10-16 00:41:20.212 27266 27266 I SurfaceView@d232ec3: 220409539 Cur surface: Surface(name=null)/@0xb6866fe
10-16 00:41:20.212 27266 27266 I SurfaceView@d232ec3: applyTransactionOnVriDraw: vri = ViewRootImpl@48d3b3a[MainActivity] fRS = false t = 0x7b47484c00 android.view.SurfaceView.performSurfaceTransaction:959 android.view.SurfaceView.updateSurface:1105 android.view.SurfaceView.lambda$new$0$android-view-SurfaceView:200 
10-16 00:41:20.213 27266 27266 I ViewRootImpl@48d3b3a[MainActivity]: applyTransactionOnDraw: mRemoved = false isHardwareEnabled = true t = 0x7b47484c00android.view.SurfaceView.applyTransactionOnVriDraw:2048 android.view.SurfaceView.performSurfaceTransaction:959 android.view.SurfaceView.updateSurface:1105 android.view.SurfaceView.lambda$new$0$android-view-SurfaceView:200 android.view.SurfaceView$$ExternalSyntheticLambda5.onPreDraw:2 
10-16 00:41:20.213 27266 27266 I SurfaceView@d232ec3: updateSurface: mVisible = true mSurface.isValid() = true
10-16 00:41:20.213 27266 27266 I SurfaceView@d232ec3: updateSurface: mSurfaceCreated = true surfaceChanged = false visibleChanged = false
10-16 00:41:20.213 27266 27266 V SurfaceView@d232ec3: Layout: x=0 y=-1227 w=1080 h=525, frame=Rect(0, 0 - 1080, 525)
10-16 00:41:20.224 27266 27354 D SurfaceView@d232ec3: updateSurfacePosition RenderWorker, frameNr = 148, position = [0, -1248, 1080, -723] surfaceSize = 1080x525
10-16 00:41:20.224 27266 27354 I SurfaceView@d232ec3: uSP: rtp = Rect(0, -1248 - 1080, -723) rtsw = 1080 rtsh = 525
10-16 00:41:20.224 27266 27354 I SurfaceView@d232ec3: onSSPAndSRT: pl = 0 pt = -1248 sx = 1.0 sy = 1.0
10-16 00:41:20.225 27266 27354 I SurfaceView@d232ec3: aOrMT: ViewRootImpl@48d3b3a[MainActivity] t = android.view.SurfaceControl$Transaction@d7d8175 fN = 148 android.view.SurfaceView.-$$Nest$mapplyOrMergeTransaction:0 android.view.SurfaceView$SurfaceViewPositionUpdateListener.positionChanged:1537 android.graphics.RenderNode$CompositePositionUpdateListener.positionChanged:373 
10-16 00:41:20.225 27266 27354 I ViewRootImpl@48d3b3a[MainActivity]: mWNT: t=0x7adbf81400 mBlastBufferQueue=0x7b47381500 fn= 148 caller= android.view.SurfaceView.applyOrMergeTransaction:1455 android.view.SurfaceView.-$$Nest$mapplyOrMergeTransaction:0 android.view.SurfaceView$SurfaceViewPositionUpdateListener.positionChanged:1537 
10-16 00:41:20.225 27266 27354 I ViewRootImpl@48d3b3a[MainActivity]: mWNT: t=0x7b47484c00 mBlastBufferQueue=0x7b47381500 fn= 148 caller= android.view.ViewRootImpl.lambda$applyTransactionOnDraw$11$android-view-ViewRootImpl:12865 android.view.ViewRootImpl$$ExternalSyntheticLambda1.onFrameDraw:4 android.graphics.HardwareRenderer$FrameDrawingCallback.onFrameDraw:924 
10-16 00:41:20.228 27266 27266 I SurfaceView@d232ec3: Changes: creating=false format=false size=false visible=false alpha=false hint=false mUseAlpha=false visible=false left=false top=true
10-16 00:41:20.228 27266 27266 I SurfaceView@d232ec3: 220409539 Cur surface: Surface(name=null)/@0xb6866fe
10-16 00:41:20.228 27266 27266 I SurfaceView@d232ec3: applyTransactionOnVriDraw: vri = ViewRootImpl@48d3b3a[MainActivity] fRS = false t = 0x7ca9475e00 android.view.SurfaceView.performSurfaceTransaction:959 android.view.SurfaceView.updateSurface:1105 android.view.SurfaceView.lambda$new$0$android-view-SurfaceView:200 
10-16 00:41:20.229 27266 27266 I ViewRootImpl@48d3b3a[MainActivity]: applyTransactionOnDraw: mRemoved = false isHardwareEnabled = true t = 0x7ca9475e00android.view.SurfaceView.applyTransactionOnVriDraw:2048 android.view.SurfaceView.performSurfaceTransaction:959 android.view.SurfaceView.updateSurface:1105 android.view.SurfaceView.lambda$new$0$android-view-SurfaceView:200 android.view.SurfaceView$$ExternalSyntheticLambda5.onPreDraw:2 
10-16 00:41:20.229 27266 27266 I SurfaceView@d232ec3: updateSurface: mVisible = true mSurface.isValid() = true
10-16 00:41:20.229 27266 27266 I SurfaceView@d232ec3: updateSurface: mSurfaceCreated = true surfaceChanged = false visibleChanged = false
10-16 00:41:20.229 27266 27266 V SurfaceView@d232ec3: Layout: x=0 y=-1248 w=1080 h=525, frame=Rect(0, 0 - 1080, 525)
10-16 00:41:20.240 27266 27353 D SurfaceView@d232ec3: updateSurfacePosition RenderWorker, frameNr = 149, position = [0, -1268, 1080, -743] surfaceSize = 1080x525
10-16 00:41:20.240 27266 27353 I SurfaceView@d232ec3: uSP: rtp = Rect(0, -1268 - 1080, -743) rtsw = 1080 rtsh = 525
10-16 00:41:20.241 27266 27353 I SurfaceView@d232ec3: onSSPAndSRT: pl = 0 pt = -1268 sx = 1.0 sy = 1.0
10-16 00:41:20.241 27266 27353 I SurfaceView@d232ec3: aOrMT: ViewRootImpl@48d3b3a[MainActivity] t = android.view.SurfaceControl$Transaction@d7d8175 fN = 149 android.view.SurfaceView.-$$Nest$mapplyOrMergeTransaction:0 android.view.SurfaceView$SurfaceViewPositionUpdateListener.positionChanged:1537 android.graphics.RenderNode$CompositePositionUpdateListener.positionChanged:373 
10-16 00:41:20.241 27266 27353 I ViewRootImpl@48d3b3a[MainActivity]: mWNT: t=0x7adbf81400 mBlastBufferQueue=0x7b47381500 fn= 149 caller= android.view.SurfaceView.applyOrMergeTransaction:1455 android.view.SurfaceView.-$$Nest$mapplyOrMergeTransaction:0 android.view.SurfaceView$SurfaceViewPositionUpdateListener.positionChanged:1537 
10-16 00:41:20.241 27266 27353 I ViewRootImpl@48d3b3a[MainActivity]: mWNT: t=0x7ca9475e00 mBlastBufferQueue=0x7b47381500 fn= 149 caller= android.view.ViewRootImpl.lambda$applyTransactionOnDraw$11$android-view-ViewRootImpl:12865 android.view.ViewRootImpl$$ExternalSyntheticLambda1.onFrameDraw:4 android.graphics.HardwareRenderer$FrameDrawingCallback.onFrameDraw:924 
10-16 00:41:20.244 27266 27266 I SurfaceView@d232ec3: Changes: creating=false format=false size=false visible=false alpha=false hint=false mUseAlpha=false visible=false left=false top=true
10-16 00:41:20.244 27266 27266 I SurfaceView@d232ec3: 220409539 Cur surface: Surface(name=null)/@0xb6866fe
10-16 00:41:20.245 27266 27266 I SurfaceView@d232ec3: applyTransactionOnVriDraw: vri = ViewRootImpl@48d3b3a[MainActivity] fRS = false t = 0x7b47484d00 android.view.SurfaceView.performSurfaceTransaction:959 android.view.SurfaceView.updateSurface:1105 android.view.SurfaceView.lambda$new$0$android-view-SurfaceView:200 
10-16 00:41:20.245 27266 27266 I ViewRootImpl@48d3b3a[MainActivity]: applyTransactionOnDraw: mRemoved = false isHardwareEnabled = true t = 0x7b47484d00android.view.SurfaceView.applyTransactionOnVriDraw:2048 android.view.SurfaceView.performSurfaceTransaction:959 android.view.SurfaceView.updateSurface:1105 android.view.SurfaceView.lambda$new$0$android-view-SurfaceView:200 android.view.SurfaceView$$ExternalSyntheticLambda5.onPreDraw:2 
10-16 00:41:20.245 27266 27266 I SurfaceView@d232ec3: updateSurface: mVisible = true mSurface.isValid() = true
10-16 00:41:20.245 27266 27266 I SurfaceView@d232ec3: updateSurface: mSurfaceCreated = true surfaceChanged = false visibleChanged = false
10-16 00:41:20.245 27266 27266 V SurfaceView@d232ec3: Layout: x=0 y=-1268 w=1080 h=525, frame=Rect(0, 0 - 1080, 525)
10-16 00:41:20.257 27266 27354 D SurfaceView@d232ec3: updateSurfacePosition RenderWorker, frameNr = 150, position = [0, -1286, 1080, -761] surfaceSize = 1080x525
10-16 00:41:20.257 27266 27354 I SurfaceView@d232ec3: uSP: rtp = Rect(0, -1286 - 1080, -761) rtsw = 1080 rtsh = 525
10-16 00:41:20.257 27266 27354 I SurfaceView@d232ec3: onSSPAndSRT: pl = 0 pt = -1286 sx = 1.0 sy = 1.0
10-16 00:41:20.257 27266 27354 I SurfaceView@d232ec3: aOrMT: ViewRootImpl@48d3b3a[MainActivity] t = android.view.SurfaceControl$Transaction@d7d8175 fN = 150 android.view.SurfaceView.-$$Nest$mapplyOrMergeTransaction:0 android.view.SurfaceView$SurfaceViewPositionUpdateListener.positionChanged:1537 android.graphics.RenderNode$CompositePositionUpdateListener.positionChanged:373 
10-16 00:41:20.257 27266 27354 I ViewRootImpl@48d3b3a[MainActivity]: mWNT: t=0x7adbf81400 mBlastBufferQueue=0x7b47381500 fn= 150 caller= android.view.SurfaceView.applyOrMergeTransaction:1455 android.view.SurfaceView.-$$Nest$mapplyOrMergeTransaction:0 android.view.SurfaceView$SurfaceViewPositionUpdateListener.positionChanged:1537 
10-16 00:41:20.258 27266 27354 I ViewRootImpl@48d3b3a[MainActivity]: mWNT: t=0x7b47484d00 mBlastBufferQueue=0x7b47381500 fn= 150 caller= android.view.ViewRootImpl.lambda$applyTransactionOnDraw$11$android-view-ViewRootImpl:12865 android.view.ViewRootImpl$$ExternalSyntheticLambda1.onFrameDraw:4 android.graphics.HardwareRenderer$FrameDrawingCallback.onFrameDraw:924 
10-16 00:41:20.261 27266 27266 I SurfaceView@d232ec3: Changes: creating=false format=false size=false visible=false alpha=false hint=false mUseAlpha=false visible=false left=false top=true
10-16 00:41:20.261 27266 27266 I SurfaceView@d232ec3: 220409539 Cur surface: Surface(name=null)/@0xb6866fe
10-16 00:41:20.261 27266 27266 I SurfaceView@d232ec3: applyTransactionOnVriDraw: vri = ViewRootImpl@48d3b3a[MainActivity] fRS = false t = 0x7b47484e00 android.view.SurfaceView.performSurfaceTransaction:959 android.view.SurfaceView.updateSurface:1105 android.view.SurfaceView.lambda$new$0$android-view-SurfaceView:200 
10-16 00:41:20.262 27266 27266 I ViewRootImpl@48d3b3a[MainActivity]: applyTransactionOnDraw: mRemoved = false isHardwareEnabled = true t = 0x7b47484e00android.view.SurfaceView.applyTransactionOnVriDraw:2048 android.view.SurfaceView.performSurfaceTransaction:959 android.view.SurfaceView.updateSurface:1105 android.view.SurfaceView.lambda$new$0$android-view-SurfaceView:200 android.view.SurfaceView$$ExternalSyntheticLambda5.onPreDraw:2 
10-16 00:41:20.262 27266 27266 I SurfaceView@d232ec3: updateSurface: mVisible = true mSurface.isValid() = true
10-16 00:41:20.262 27266 27266 I SurfaceView@d232ec3: updateSurface: mSurfaceCreated = true surfaceChanged = false visibleChanged = false
10-16 00:41:20.262 27266 27266 V SurfaceView@d232ec3: Layout: x=0 y=-1286 w=1080 h=525, frame=Rect(0, 0 - 1080, 525)
10-16 00:41:20.274 27266 27353 D SurfaceView@d232ec3: updateSurfacePosition RenderWorker, frameNr = 151, position = [0, -1305, 1080, -780] surfaceSize = 1080x525
10-16 00:41:20.274 27266 27353 I SurfaceView@d232ec3: uSP: rtp = Rect(0, -1305 - 1080, -780) rtsw = 1080 rtsh = 525
10-16 00:41:20.275 27266 27353 I SurfaceView@d232ec3: onSSPAndSRT: pl = 0 pt = -1305 sx = 1.0 sy = 1.0
10-16 00:41:20.275 27266 27353 I SurfaceView@d232ec3: aOrMT: ViewRootImpl@48d3b3a[MainActivity] t = android.view.SurfaceControl$Transaction@d7d8175 fN = 151 android.view.SurfaceView.-$$Nest$mapplyOrMergeTransaction:0 android.view.SurfaceView$SurfaceViewPositionUpdateListener.positionChanged:1537 android.graphics.RenderNode$CompositePositionUpdateListener.positionChanged:373 
10-16 00:41:20.275 27266 27353 I ViewRootImpl@48d3b3a[MainActivity]: mWNT: t=0x7adbf81400 mBlastBufferQueue=0x7b47381500 fn= 151 caller= android.view.SurfaceView.applyOrMergeTransaction:1455 android.view.SurfaceView.-$$Nest$mapplyOrMergeTransaction:0 android.view.SurfaceView$SurfaceViewPositionUpdateListener.positionChanged:1537 
10-16 00:41:20.275 27266 27353 I ViewRootImpl@48d3b3a[MainActivity]: mWNT: t=0x7b47484e00 mBlastBufferQueue=0x7b47381500 fn= 151 caller= android.view.ViewRootImpl.lambda$applyTransactionOnDraw$11$android-view-ViewRootImpl:12865 android.view.ViewRootImpl$$ExternalSyntheticLambda1.onFrameDraw:4 android.graphics.HardwareRenderer$FrameDrawingCallback.onFrameDraw:924 
10-16 00:41:20.277 27266 27266 I SurfaceView@d232ec3: Changes: creating=false format=false size=false visible=false alpha=false hint=false mUseAlpha=false visible=false left=false top=true
10-16 00:41:20.278 27266 27266 I SurfaceView@d232ec3: 220409539 Cur surface: Surface(name=null)/@0xb6866fe
10-16 00:41:20.278 27266 27266 I SurfaceView@d232ec3: applyTransactionOnVriDraw: vri = ViewRootImpl@48d3b3a[MainActivity] fRS = false t = 0x7b47484f00 android.view.SurfaceView.performSurfaceTransaction:959 android.view.SurfaceView.updateSurface:1105 android.view.SurfaceView.lambda$new$0$android-view-SurfaceView:200 
10-16 00:41:20.278 27266 27266 I ViewRootImpl@48d3b3a[MainActivity]: applyTransactionOnDraw: mRemoved = false isHardwareEnabled = true t = 0x7b47484f00android.view.SurfaceView.applyTransactionOnVriDraw:2048 android.view.SurfaceView.performSurfaceTransaction:959 android.view.SurfaceView.updateSurface:1105 android.view.SurfaceView.lambda$new$0$android-view-SurfaceView:200 android.view.SurfaceView$$ExternalSyntheticLambda5.onPreDraw:2 
10-16 00:41:20.278 27266 27266 I SurfaceView@d232ec3: updateSurface: mVisible = true mSurface.isValid() = true
10-16 00:41:20.278 27266 27266 I SurfaceView@d232ec3: updateSurface: mSurfaceCreated = true surfaceChanged = false visibleChanged = false
10-16 00:41:20.278 27266 27266 V SurfaceView@d232ec3: Layout: x=0 y=-1305 w=1080 h=525, frame=Rect(0, 0 - 1080, 525)
10-16 00:41:20.294 27266 27354 D SurfaceView@d232ec3: updateSurfacePosition RenderWorker, frameNr = 152, position = [0, -1323, 1080, -798] surfaceSize = 1080x525
10-16 00:41:20.294 27266 27354 I SurfaceView@d232ec3: uSP: rtp = Rect(0, -1323 - 1080, -798) rtsw = 1080 rtsh = 525
10-16 00:41:20.294 27266 27354 I SurfaceView@d232ec3: onSSPAndSRT: pl = 0 pt = -1323 sx = 1.0 sy = 1.0
10-16 00:41:20.294 27266 27354 I SurfaceView@d232ec3: aOrMT: ViewRootImpl@48d3b3a[MainActivity] t = android.view.SurfaceControl$Transaction@d7d8175 fN = 152 android.view.SurfaceView.-$$Nest$mapplyOrMergeTransaction:0 android.view.SurfaceView$SurfaceViewPositionUpdateListener.positionChanged:1537 android.graphics.RenderNode$CompositePositionUpdateListener.positionChanged:373 
10-16 00:41:20.294 27266 27354 I ViewRootImpl@48d3b3a[MainActivity]: mWNT: t=0x7adbf81400 mBlastBufferQueue=0x7b47381500 fn= 152 caller= android.view.SurfaceView.applyOrMergeTransaction:1455 android.view.SurfaceView.-$$Nest$mapplyOrMergeTransaction:0 android.view.SurfaceView$SurfaceViewPositionUpdateListener.positionChanged:1537 
10-16 00:41:20.295 27266 27354 I ViewRootImpl@48d3b3a[MainActivity]: mWNT: t=0x7b47484f00 mBlastBufferQueue=0x7b47381500 fn= 152 caller= android.view.ViewRootImpl.lambda$applyTransactionOnDraw$11$android-view-ViewRootImpl:12865 android.view.ViewRootImpl$$ExternalSyntheticLambda1.onFrameDraw:4 android.graphics.HardwareRenderer$FrameDrawingCallback.onFrameDraw:924 
10-16 00:41:20.295 27266 27266 I SurfaceView@d232ec3: Changes: creating=false format=false size=false visible=false alpha=false hint=false mUseAlpha=false visible=false left=false top=true
10-16 00:41:20.295 27266 27266 I SurfaceView@d232ec3: 220409539 Cur surface: Surface(name=null)/@0xb6866fe
10-16 00:41:20.295 27266 27266 I SurfaceView@d232ec3: applyTransactionOnVriDraw: vri = ViewRootImpl@48d3b3a[MainActivity] fRS = false t = 0x7b47485000 android.view.SurfaceView.performSurfaceTransaction:959 android.view.SurfaceView.updateSurface:1105 android.view.SurfaceView.lambda$new$0$android-view-SurfaceView:200 
10-16 00:41:20.296 27266 27266 I ViewRootImpl@48d3b3a[MainActivity]: applyTransactionOnDraw: mRemoved = false isHardwareEnabled = true t = 0x7b47485000android.view.SurfaceView.applyTransactionOnVriDraw:2048 android.view.SurfaceView.performSurfaceTransaction:959 android.view.SurfaceView.updateSurface:1105 android.view.SurfaceView.lambda$new$0$android-view-SurfaceView:200 android.view.SurfaceView$$ExternalSyntheticLambda5.onPreDraw:2 
10-16 00:41:20.296 27266 27266 I SurfaceView@d232ec3: updateSurface: mVisible = true mSurface.isValid() = true
10-16 00:41:20.296 27266 27266 I SurfaceView@d232ec3: updateSurface: mSurfaceCreated = true surfaceChanged = false visibleChanged = false
10-16 00:41:20.296 27266 27266 V SurfaceView@d232ec3: Layout: x=0 y=-1323 w=1080 h=525, frame=Rect(0, 0 - 1080, 525)
10-16 00:41:20.310 27266 27353 D SurfaceView@d232ec3: updateSurfacePosition RenderWorker, frameNr = 153, position = [0, -1339, 1080, -814] surfaceSize = 1080x525
10-16 00:41:20.310 27266 27353 I SurfaceView@d232ec3: uSP: rtp = Rect(0, -1339 - 1080, -814) rtsw = 1080 rtsh = 525
10-16 00:41:20.310 27266 27353 I SurfaceView@d232ec3: onSSPAndSRT: pl = 0 pt = -1339 sx = 1.0 sy = 1.0
10-16 00:41:20.310 27266 27353 I SurfaceView@d232ec3: aOrMT: ViewRootImpl@48d3b3a[MainActivity] t = android.view.SurfaceControl$Transaction@d7d8175 fN = 153 android.view.SurfaceView.-$$Nest$mapplyOrMergeTransaction:0 android.view.SurfaceView$SurfaceViewPositionUpdateListener.positionChanged:1537 android.graphics.RenderNode$CompositePositionUpdateListener.positionChanged:373 
10-16 00:41:20.310 27266 27353 I ViewRootImpl@48d3b3a[MainActivity]: mWNT: t=0x7adbf81400 mBlastBufferQueue=0x7b47381500 fn= 153 caller= android.view.SurfaceView.applyOrMergeTransaction:1455 android.view.SurfaceView.-$$Nest$mapplyOrMergeTransaction:0 android.view.SurfaceView$SurfaceViewPositionUpdateListener.positionChanged:1537 
10-16 00:41:20.310 27266 27353 I ViewRootImpl@48d3b3a[MainActivity]: mWNT: t=0x7b47485000 mBlastBufferQueue=0x7b47381500 fn= 153 caller= android.view.ViewRootImpl.lambda$applyTransactionOnDraw$11$android-view-ViewRootImpl:12865 android.view.ViewRootImpl$$ExternalSyntheticLambda1.onFrameDraw:4 android.graphics.HardwareRenderer$FrameDrawingCallback.onFrameDraw:924 
10-16 00:41:20.311 27266 27266 I SurfaceView@d232ec3: Changes: creating=false format=false size=false visible=false alpha=false hint=false mUseAlpha=false visible=false left=false top=true
10-16 00:41:20.311 27266 27266 I SurfaceView@d232ec3: 220409539 Cur surface: Surface(name=null)/@0xb6866fe
10-16 00:41:20.311 27266 27266 I SurfaceView@d232ec3: applyTransactionOnVriDraw: vri = ViewRootImpl@48d3b3a[MainActivity] fRS = false t = 0x7b47485100 android.view.SurfaceView.performSurfaceTransaction:959 android.view.SurfaceView.updateSurface:1105 android.view.SurfaceView.lambda$new$0$android-view-SurfaceView:200 
10-16 00:41:20.312 27266 27266 I ViewRootImpl@48d3b3a[MainActivity]: applyTransactionOnDraw: mRemoved = false isHardwareEnabled = true t = 0x7b47485100android.view.SurfaceView.applyTransactionOnVriDraw:2048 android.view.SurfaceView.performSurfaceTransaction:959 android.view.SurfaceView.updateSurface:1105 android.view.SurfaceView.lambda$new$0$android-view-SurfaceView:200 android.view.SurfaceView$$ExternalSyntheticLambda5.onPreDraw:2 
10-16 00:41:20.312 27266 27266 I SurfaceView@d232ec3: updateSurface: mVisible = true mSurface.isValid() = true
10-16 00:41:20.312 27266 27266 I SurfaceView@d232ec3: updateSurface: mSurfaceCreated = true surfaceChanged = false visibleChanged = false
10-16 00:41:20.312 27266 27266 V SurfaceView@d232ec3: Layout: x=0 y=-1339 w=1080 h=525, frame=Rect(0, 0 - 1080, 525)
10-16 00:41:20.327 27266 27354 D SurfaceView@d232ec3: updateSurfacePosition RenderWorker, frameNr = 154, position = [0, -1355, 1080, -830] surfaceSize = 1080x525
10-16 00:41:20.327 27266 27354 I SurfaceView@d232ec3: uSP: rtp = Rect(0, -1355 - 1080, -830) rtsw = 1080 rtsh = 525
10-16 00:41:20.327 27266 27354 I SurfaceView@d232ec3: onSSPAndSRT: pl = 0 pt = -1355 sx = 1.0 sy = 1.0
10-16 00:41:20.327 27266 27354 I SurfaceView@d232ec3: aOrMT: ViewRootImpl@48d3b3a[MainActivity] t = android.view.SurfaceControl$Transaction@d7d8175 fN = 154 android.view.SurfaceView.-$$Nest$mapplyOrMergeTransaction:0 android.view.SurfaceView$SurfaceViewPositionUpdateListener.positionChanged:1537 android.graphics.RenderNode$CompositePositionUpdateListener.positionChanged:373 
10-16 00:41:20.328 27266 27354 I ViewRootImpl@48d3b3a[MainActivity]: mWNT: t=0x7adbf81400 mBlastBufferQueue=0x7b47381500 fn= 154 caller= android.view.SurfaceView.applyOrMergeTransaction:1455 android.view.SurfaceView.-$$Nest$mapplyOrMergeTransaction:0 android.view.SurfaceView$SurfaceViewPositionUpdateListener.positionChanged:1537 
10-16 00:41:20.328 27266 27266 I SurfaceView@d232ec3: Changes: creating=false format=false size=false visible=false alpha=false hint=false mUseAlpha=false visible=false left=false top=true
10-16 00:41:20.328 27266 27266 I SurfaceView@d232ec3: 220409539 Cur surface: Surface(name=null)/@0xb6866fe
10-16 00:41:20.328 27266 27354 I ViewRootImpl@48d3b3a[MainActivity]: mWNT: t=0x7b47485100 mBlastBufferQueue=0x7b47381500 fn= 154 caller= android.view.ViewRootImpl.lambda$applyTransactionOnDraw$11$android-view-ViewRootImpl:12865 android.view.ViewRootImpl$$ExternalSyntheticLambda1.onFrameDraw:4 android.graphics.HardwareRenderer$FrameDrawingCallback.onFrameDraw:924 
10-16 00:41:20.328 27266 27266 I SurfaceView@d232ec3: applyTransactionOnVriDraw: vri = ViewRootImpl@48d3b3a[MainActivity] fRS = false t = 0x7b47485200 android.view.SurfaceView.performSurfaceTransaction:959 android.view.SurfaceView.updateSurface:1105 android.view.SurfaceView.lambda$new$0$android-view-SurfaceView:200 
10-16 00:41:20.328 27266 27266 I ViewRootImpl@48d3b3a[MainActivity]: applyTransactionOnDraw: mRemoved = false isHardwareEnabled = true t = 0x7b47485200android.view.SurfaceView.applyTransactionOnVriDraw:2048 android.view.SurfaceView.performSurfaceTransaction:959 android.view.SurfaceView.updateSurface:1105 android.view.SurfaceView.lambda$new$0$android-view-SurfaceView:200 android.view.SurfaceView$$ExternalSyntheticLambda5.onPreDraw:2 
10-16 00:41:20.329 27266 27266 I SurfaceView@d232ec3: updateSurface: mVisible = true mSurface.isValid() = true
10-16 00:41:20.329 27266 27266 I SurfaceView@d232ec3: updateSurface: mSurfaceCreated = true surfaceChanged = false visibleChanged = false
10-16 00:41:20.329 27266 27266 V SurfaceView@d232ec3: Layout: x=0 y=-1355 w=1080 h=525, frame=Rect(0, 0 - 1080, 525)
10-16 00:41:20.340 27266 27353 D SurfaceView@d232ec3: updateSurfacePosition RenderWorker, frameNr = 155, position = [0, -1371, 1080, -846] surfaceSize = 1080x525
10-16 00:41:20.341 27266 27353 I SurfaceView@d232ec3: uSP: rtp = Rect(0, -1371 - 1080, -846) rtsw = 1080 rtsh = 525
10-16 00:41:20.341 27266 27353 I SurfaceView@d232ec3: onSSPAndSRT: pl = 0 pt = -1371 sx = 1.0 sy = 1.0
10-16 00:41:20.341 27266 27353 I SurfaceView@d232ec3: aOrMT: ViewRootImpl@48d3b3a[MainActivity] t = android.view.SurfaceControl$Transaction@d7d8175 fN = 155 android.view.SurfaceView.-$$Nest$mapplyOrMergeTransaction:0 android.view.SurfaceView$SurfaceViewPositionUpdateListener.positionChanged:1537 android.graphics.RenderNode$CompositePositionUpdateListener.positionChanged:373 
10-16 00:41:20.341 27266 27353 I ViewRootImpl@48d3b3a[MainActivity]: mWNT: t=0x7adbf81400 mBlastBufferQueue=0x7b47381500 fn= 155 caller= android.view.SurfaceView.applyOrMergeTransaction:1455 android.view.SurfaceView.-$$Nest$mapplyOrMergeTransaction:0 android.view.SurfaceView$SurfaceViewPositionUpdateListener.positionChanged:1537 
10-16 00:41:20.341 27266 27353 I ViewRootImpl@48d3b3a[MainActivity]: mWNT: t=0x7b47485200 mBlastBufferQueue=0x7b47381500 fn= 155 caller= android.view.ViewRootImpl.lambda$applyTransactionOnDraw$11$android-view-ViewRootImpl:12865 android.view.ViewRootImpl$$ExternalSyntheticLambda1.onFrameDraw:4 android.graphics.HardwareRenderer$FrameDrawingCallback.onFrameDraw:924 
10-16 00:41:20.344 27266 27266 I SurfaceView@d232ec3: Changes: creating=false format=false size=false visible=false alpha=false hint=false mUseAlpha=false visible=false left=false top=true
10-16 00:41:20.344 27266 27266 I SurfaceView@d232ec3: 220409539 Cur surface: Surface(name=null)/@0xb6866fe
10-16 00:41:20.344 27266 27266 I SurfaceView@d232ec3: applyTransactionOnVriDraw: vri = ViewRootImpl@48d3b3a[MainActivity] fRS = false t = 0x7b47485300 android.view.SurfaceView.performSurfaceTransaction:959 android.view.SurfaceView.updateSurface:1105 android.view.SurfaceView.lambda$new$0$android-view-SurfaceView:200 
10-16 00:41:20.345 27266 27266 I ViewRootImpl@48d3b3a[MainActivity]: applyTransactionOnDraw: mRemoved = false isHardwareEnabled = true t = 0x7b47485300android.view.SurfaceView.applyTransactionOnVriDraw:2048 android.view.SurfaceView.performSurfaceTransaction:959 android.view.SurfaceView.updateSurface:1105 android.view.SurfaceView.lambda$new$0$android-view-SurfaceView:200 android.view.SurfaceView$$ExternalSyntheticLambda5.onPreDraw:2 
10-16 00:41:20.345 27266 27266 I SurfaceView@d232ec3: updateSurface: mVisible = true mSurface.isValid() = true
10-16 00:41:20.345 27266 27266 I SurfaceView@d232ec3: updateSurface: mSurfaceCreated = true surfaceChanged = false visibleChanged = false
10-16 00:41:20.345 27266 27266 V SurfaceView@d232ec3: Layout: x=0 y=-1371 w=1080 h=525, frame=Rect(0, 0 - 1080, 525)
10-16 00:41:20.355 27266 27354 D SurfaceView@d232ec3: updateSurfacePosition RenderWorker, frameNr = 156, position = [0, -1386, 1080, -861] surfaceSize = 1080x525
10-16 00:41:20.355 27266 27354 I SurfaceView@d232ec3: uSP: rtp = Rect(0, -1386 - 1080, -861) rtsw = 1080 rtsh = 525
10-16 00:41:20.355 27266 27354 I SurfaceView@d232ec3: onSSPAndSRT: pl = 0 pt = -1386 sx = 1.0 sy = 1.0
10-16 00:41:20.355 27266 27354 I SurfaceView@d232ec3: aOrMT: ViewRootImpl@48d3b3a[MainActivity] t = android.view.SurfaceControl$Transaction@d7d8175 fN = 156 android.view.SurfaceView.-$$Nest$mapplyOrMergeTransaction:0 android.view.SurfaceView$SurfaceViewPositionUpdateListener.positionChanged:1537 android.graphics.RenderNode$CompositePositionUpdateListener.positionChanged:373 
10-16 00:41:20.356 27266 27354 I ViewRootImpl@48d3b3a[MainActivity]: mWNT: t=0x7adbf81400 mBlastBufferQueue=0x7b47381500 fn= 156 caller= android.view.SurfaceView.applyOrMergeTransaction:1455 android.view.SurfaceView.-$$Nest$mapplyOrMergeTransaction:0 android.view.SurfaceView$SurfaceViewPositionUpdateListener.positionChanged:1537 
10-16 00:41:20.356 27266 27354 I ViewRootImpl@48d3b3a[MainActivity]: mWNT: t=0x7b47485300 mBlastBufferQueue=0x7b47381500 fn= 156 caller= android.view.ViewRootImpl.lambda$applyTransactionOnDraw$11$android-view-ViewRootImpl:12865 android.view.ViewRootImpl$$ExternalSyntheticLambda1.onFrameDraw:4 android.graphics.HardwareRenderer$FrameDrawingCallback.onFrameDraw:924 
10-16 00:41:20.361 27266 27266 I SurfaceView@d232ec3: Changes: creating=false format=false size=false visible=false alpha=false hint=false mUseAlpha=false visible=false left=false top=true
10-16 00:41:20.361 27266 27266 I SurfaceView@d232ec3: 220409539 Cur surface: Surface(name=null)/@0xb6866fe
10-16 00:41:20.361 27266 27266 I SurfaceView@d232ec3: applyTransactionOnVriDraw: vri = ViewRootImpl@48d3b3a[MainActivity] fRS = false t = 0x7b47485400 android.view.SurfaceView.performSurfaceTransaction:959 android.view.SurfaceView.updateSurface:1105 android.view.SurfaceView.lambda$new$0$android-view-SurfaceView:200 
10-16 00:41:20.361 27266 27266 I ViewRootImpl@48d3b3a[MainActivity]: applyTransactionOnDraw: mRemoved = false isHardwareEnabled = true t = 0x7b47485400android.view.SurfaceView.applyTransactionOnVriDraw:2048 android.view.SurfaceView.performSurfaceTransaction:959 android.view.SurfaceView.updateSurface:1105 android.view.SurfaceView.lambda$new$0$android-view-SurfaceView:200 android.view.SurfaceView$$ExternalSyntheticLambda5.onPreDraw:2 
10-16 00:41:20.361 27266 27266 I SurfaceView@d232ec3: updateSurface: mVisible = true mSurface.isValid() = true
10-16 00:41:20.361 27266 27266 I SurfaceView@d232ec3: updateSurface: mSurfaceCreated = true surfaceChanged = false visibleChanged = false
10-16 00:41:20.361 27266 27266 V SurfaceView@d232ec3: Layout: x=0 y=-1386 w=1080 h=525, frame=Rect(0, 0 - 1080, 525)
10-16 00:41:20.370 27266 27353 D SurfaceView@d232ec3: updateSurfacePosition RenderWorker, frameNr = 157, position = [0, -1400, 1080, -875] surfaceSize = 1080x525
10-16 00:41:20.370 27266 27353 I SurfaceView@d232ec3: uSP: rtp = Rect(0, -1400 - 1080, -875) rtsw = 1080 rtsh = 525
10-16 00:41:20.370 27266 27353 I SurfaceView@d232ec3: onSSPAndSRT: pl = 0 pt = -1400 sx = 1.0 sy = 1.0
10-16 00:41:20.370 27266 27353 I SurfaceView@d232ec3: aOrMT: ViewRootImpl@48d3b3a[MainActivity] t = android.view.SurfaceControl$Transaction@d7d8175 fN = 157 android.view.SurfaceView.-$$Nest$mapplyOrMergeTransaction:0 android.view.SurfaceView$SurfaceViewPositionUpdateListener.positionChanged:1537 android.graphics.RenderNode$CompositePositionUpdateListener.positionChanged:373 
10-16 00:41:20.370 27266 27353 I ViewRootImpl@48d3b3a[MainActivity]: mWNT: t=0x7adbf81400 mBlastBufferQueue=0x7b47381500 fn= 157 caller= android.view.SurfaceView.applyOrMergeTransaction:1455 android.view.SurfaceView.-$$Nest$mapplyOrMergeTransaction:0 android.view.SurfaceView$SurfaceViewPositionUpdateListener.positionChanged:1537 
10-16 00:41:20.370 27266 27353 I ViewRootImpl@48d3b3a[MainActivity]: mWNT: t=0x7b47485400 mBlastBufferQueue=0x7b47381500 fn= 157 caller= android.view.ViewRootImpl.lambda$applyTransactionOnDraw$11$android-view-ViewRootImpl:12865 android.view.ViewRootImpl$$ExternalSyntheticLambda1.onFrameDraw:4 android.graphics.HardwareRenderer$FrameDrawingCallback.onFrameDraw:924 
10-16 00:41:20.377 27266 27266 I SurfaceView@d232ec3: Changes: creating=false format=false size=false visible=false alpha=false hint=false mUseAlpha=false visible=false left=false top=true
10-16 00:41:20.377 27266 27266 I SurfaceView@d232ec3: 220409539 Cur surface: Surface(name=null)/@0xb6866fe
10-16 00:41:20.378 27266 27266 I SurfaceView@d232ec3: applyTransactionOnVriDraw: vri = ViewRootImpl@48d3b3a[MainActivity] fRS = false t = 0x7b47485500 android.view.SurfaceView.performSurfaceTransaction:959 android.view.SurfaceView.updateSurface:1105 android.view.SurfaceView.lambda$new$0$android-view-SurfaceView:200 
10-16 00:41:20.378 27266 27266 I ViewRootImpl@48d3b3a[MainActivity]: applyTransactionOnDraw: mRemoved = false isHardwareEnabled = true t = 0x7b47485500android.view.SurfaceView.applyTransactionOnVriDraw:2048 android.view.SurfaceView.performSurfaceTransaction:959 android.view.SurfaceView.updateSurface:1105 android.view.SurfaceView.lambda$new$0$android-view-SurfaceView:200 android.view.SurfaceView$$ExternalSyntheticLambda5.onPreDraw:2 
10-16 00:41:20.378 27266 27266 I SurfaceView@d232ec3: updateSurface: mVisible = true mSurface.isValid() = true
10-16 00:41:20.378 27266 27266 I SurfaceView@d232ec3: updateSurface: mSurfaceCreated = true surfaceChanged = false visibleChanged = false
10-16 00:41:20.378 27266 27266 V SurfaceView@d232ec3: Layout: x=0 y=-1400 w=1080 h=525, frame=Rect(0, 0 - 1080, 525)
10-16 00:41:20.391 27266 27354 D SurfaceView@d232ec3: updateSurfacePosition RenderWorker, frameNr = 158, position = [0, -1414, 1080, -889] surfaceSize = 1080x525
10-16 00:41:20.391 27266 27354 I SurfaceView@d232ec3: uSP: rtp = Rect(0, -1414 - 1080, -889) rtsw = 1080 rtsh = 525
10-16 00:41:20.391 27266 27354 I SurfaceView@d232ec3: onSSPAndSRT: pl = 0 pt = -1414 sx = 1.0 sy = 1.0
10-16 00:41:20.392 27266 27354 I SurfaceView@d232ec3: aOrMT: ViewRootImpl@48d3b3a[MainActivity] t = android.view.SurfaceControl$Transaction@d7d8175 fN = 158 android.view.SurfaceView.-$$Nest$mapplyOrMergeTransaction:0 android.view.SurfaceView$SurfaceViewPositionUpdateListener.positionChanged:1537 android.graphics.RenderNode$CompositePositionUpdateListener.positionChanged:373 
10-16 00:41:20.392 27266 27354 I ViewRootImpl@48d3b3a[MainActivity]: mWNT: t=0x7adbf81400 mBlastBufferQueue=0x7b47381500 fn= 158 caller= android.view.SurfaceView.applyOrMergeTransaction:1455 android.view.SurfaceView.-$$Nest$mapplyOrMergeTransaction:0 android.view.SurfaceView$SurfaceViewPositionUpdateListener.positionChanged:1537 
10-16 00:41:20.392 27266 27354 I ViewRootImpl@48d3b3a[MainActivity]: mWNT: t=0x7b47485500 mBlastBufferQueue=0x7b47381500 fn= 158 caller= android.view.ViewRootImpl.lambda$applyTransactionOnDraw$11$android-view-ViewRootImpl:12865 android.view.ViewRootImpl$$ExternalSyntheticLambda1.onFrameDraw:4 android.graphics.HardwareRenderer$FrameDrawingCallback.onFrameDraw:924 
10-16 00:41:20.394 27266 27266 I SurfaceView@d232ec3: Changes: creating=false format=false size=false visible=false alpha=false hint=false mUseAlpha=false visible=false left=false top=true
10-16 00:41:20.394 27266 27266 I SurfaceView@d232ec3: 220409539 Cur surface: Surface(name=null)/@0xb6866fe
10-16 00:41:20.394 27266 27266 I SurfaceView@d232ec3: applyTransactionOnVriDraw: vri = ViewRootImpl@48d3b3a[MainActivity] fRS = false t = 0x7b47485600 android.view.SurfaceView.performSurfaceTransaction:959 android.view.SurfaceView.updateSurface:1105 android.view.SurfaceView.lambda$new$0$android-view-SurfaceView:200 
10-16 00:41:20.395 27266 27266 I ViewRootImpl@48d3b3a[MainActivity]: applyTransactionOnDraw: mRemoved = false isHardwareEnabled = true t = 0x7b47485600android.view.SurfaceView.applyTransactionOnVriDraw:2048 android.view.SurfaceView.performSurfaceTransaction:959 android.view.SurfaceView.updateSurface:1105 android.view.SurfaceView.lambda$new$0$android-view-SurfaceView:200 android.view.SurfaceView$$ExternalSyntheticLambda5.onPreDraw:2 
10-16 00:41:20.395 27266 27266 I SurfaceView@d232ec3: updateSurface: mVisible = true mSurface.isValid() = true
10-16 00:41:20.395 27266 27266 I SurfaceView@d232ec3: updateSurface: mSurfaceCreated = true surfaceChanged = false visibleChanged = false
10-16 00:41:20.395 27266 27266 V SurfaceView@d232ec3: Layout: x=0 y=-1414 w=1080 h=525, frame=Rect(0, 0 - 1080, 525)
10-16 00:41:20.406 27266 27353 D SurfaceView@d232ec3: updateSurfacePosition RenderWorker, frameNr = 159, position = [0, -1427, 1080, -902] surfaceSize = 1080x525
10-16 00:41:20.406 27266 27353 I SurfaceView@d232ec3: uSP: rtp = Rect(0, -1427 - 1080, -902) rtsw = 1080 rtsh = 525
10-16 00:41:20.406 27266 27353 I SurfaceView@d232ec3: onSSPAndSRT: pl = 0 pt = -1427 sx = 1.0 sy = 1.0
10-16 00:41:20.406 27266 27353 I SurfaceView@d232ec3: aOrMT: ViewRootImpl@48d3b3a[MainActivity] t = android.view.SurfaceControl$Transaction@d7d8175 fN = 159 android.view.SurfaceView.-$$Nest$mapplyOrMergeTransaction:0 android.view.SurfaceView$SurfaceViewPositionUpdateListener.positionChanged:1537 android.graphics.RenderNode$CompositePositionUpdateListener.positionChanged:373 
10-16 00:41:20.406 27266 27266 I ViewRootImpl@48d3b3a[MainActivity]: ViewPostIme pointer 0
10-16 00:41:20.407 27266 27353 I ViewRootImpl@48d3b3a[MainActivity]: mWNT: t=0x7adbf81400 mBlastBufferQueue=0x7b47381500 fn= 159 caller= android.view.SurfaceView.applyOrMergeTransaction:1455 android.view.SurfaceView.-$$Nest$mapplyOrMergeTransaction:0 android.view.SurfaceView$SurfaceViewPositionUpdateListener.positionChanged:1537 
10-16 00:41:20.407 27266 27353 I ViewRootImpl@48d3b3a[MainActivity]: mWNT: t=0x7b47485600 mBlastBufferQueue=0x7b47381500 fn= 159 caller= android.view.ViewRootImpl.lambda$applyTransactionOnDraw$11$android-view-ViewRootImpl:12865 android.view.ViewRootImpl$$ExternalSyntheticLambda1.onFrameDraw:4 android.graphics.HardwareRenderer$FrameDrawingCallback.onFrameDraw:924 
10-16 00:41:20.411 27266 27266 I SurfaceView@d232ec3: Changes: creating=false format=false size=false visible=false alpha=false hint=false mUseAlpha=false visible=false left=false top=true
10-16 00:41:20.411 27266 27266 I SurfaceView@d232ec3: 220409539 Cur surface: Surface(name=null)/@0xb6866fe
10-16 00:41:20.411 27266 27266 I SurfaceView@d232ec3: applyTransactionOnVriDraw: vri = ViewRootImpl@48d3b3a[MainActivity] fRS = false t = 0x7b47485700 android.view.SurfaceView.performSurfaceTransaction:959 android.view.SurfaceView.updateSurface:1105 android.view.SurfaceView.lambda$new$0$android-view-SurfaceView:200 
10-16 00:41:20.412 27266 27266 I ViewRootImpl@48d3b3a[MainActivity]: applyTransactionOnDraw: mRemoved = false isHardwareEnabled = true t = 0x7b47485700android.view.SurfaceView.applyTransactionOnVriDraw:2048 android.view.SurfaceView.performSurfaceTransaction:959 android.view.SurfaceView.updateSurface:1105 android.view.SurfaceView.lambda$new$0$android-view-SurfaceView:200 android.view.SurfaceView$$ExternalSyntheticLambda5.onPreDraw:2 
