10-16 02:05:55.812 15890 15968 I ViewRootImpl@fb2a030[MainActivity]: mWNT: t=0x7b2f324200 mBlastBufferQueue=0x7b5d85c500 fn= 192 caller= android.view.ViewRootImpl.lambda$applyTransactionOnDraw$11$android-view-ViewRootImpl:12865 android.view.ViewRootImpl$$ExternalSyntheticLambda1.onFrameDraw:4 android.graphics.HardwareRenderer$FrameDrawingCallback.onFrameDraw:924 
10-16 02:05:55.814 15890 15890 I SurfaceView@dbaee60: Changes: creating=false format=false size=false visible=false alpha=false hint=false mUseAlpha=false visible=false left=false top=true
10-16 02:05:55.814 15890 15890 I SurfaceView@dbaee60: 230354528 Cur surface: Surface(name=null)/@0x6f36815
10-16 02:05:55.815 15890 15890 I SurfaceView@dbaee60: applyTransactionOnVriDraw: vri = ViewRootImpl@fb2a030[MainActivity] fRS = false t = 0x7b2f324300 android.view.SurfaceView.performSurfaceTransaction:959 android.view.SurfaceView.updateSurface:1105 android.view.SurfaceView.lambda$new$0$android-view-SurfaceView:200 
10-16 02:05:55.815 15890 15890 I ViewRootImpl@fb2a030[MainActivity]: applyTransactionOnDraw: mRemoved = false isHardwareEnabled = true t = 0x7b2f324300android.view.SurfaceView.applyTransactionOnVriDraw:2048 android.view.SurfaceView.performSurfaceTransaction:959 android.view.SurfaceView.updateSurface:1105 android.view.SurfaceView.lambda$new$0$android-view-SurfaceView:200 android.view.SurfaceView$$ExternalSyntheticLambda5.onPreDraw:2 
10-16 02:05:55.815 15890 15890 I SurfaceView@dbaee60: updateSurface: mVisible = true mSurface.isValid() = true
10-16 02:05:55.815 15890 15890 I SurfaceView@dbaee60: updateSurface: mSurfaceCreated = true surfaceChanged = false visibleChanged = false
10-16 02:05:55.815 15890 15890 V SurfaceView@dbaee60: Layout: x=0 y=-818 w=1080 h=525, frame=Rect(0, 0 - 1080, 525)
10-16 02:05:55.824 15890 15969 D SurfaceView@dbaee60: updateSurfacePosition RenderWorker, frameNr = 193, position = [0, -911, 1080, -386] surfaceSize = 1080x525
10-16 02:05:55.824 15890 15969 I SurfaceView@dbaee60: uSP: rtp = Rect(0, -911 - 1080, -386) rtsw = 1080 rtsh = 525
10-16 02:05:55.824 15890 15969 I SurfaceView@dbaee60: onSSPAndSRT: pl = 0 pt = -911 sx = 1.0 sy = 1.0
10-16 02:05:55.824 15890 15969 I SurfaceView@dbaee60: aOrMT: ViewRootImpl@fb2a030[MainActivity] t = android.view.SurfaceControl$Transaction@3cd2ab8 fN = 193 android.view.SurfaceView.-$$Nest$mapplyOrMergeTransaction:0 android.view.SurfaceView$SurfaceViewPositionUpdateListener.positionChanged:1537 android.graphics.RenderNode$CompositePositionUpdateListener.positionChanged:373 
10-16 02:05:55.825 15890 15969 I ViewRootImpl@fb2a030[MainActivity]: mWNT: t=0x7af2960100 mBlastBufferQueue=0x7b5d85c500 fn= 193 caller= android.view.SurfaceView.applyOrMergeTransaction:1455 android.view.SurfaceView.-$$Nest$mapplyOrMergeTransaction:0 android.view.SurfaceView$SurfaceViewPositionUpdateListener.positionChanged:1537 
10-16 02:05:55.825 15890 15969 I ViewRootImpl@fb2a030[MainActivity]: mWNT: t=0x7b2f324300 mBlastBufferQueue=0x7b5d85c500 fn= 193 caller= android.view.ViewRootImpl.lambda$applyTransactionOnDraw$11$android-view-ViewRootImpl:12865 android.view.ViewRootImpl$$ExternalSyntheticLambda1.onFrameDraw:4 android.graphics.HardwareRenderer$FrameDrawingCallback.onFrameDraw:924 
10-16 02:05:55.827 15890 15890 I SurfaceView@dbaee60: Changes: creating=false format=false size=false visible=false alpha=false hint=false mUseAlpha=false visible=false left=false top=true
10-16 02:05:55.827 15890 15890 I SurfaceView@dbaee60: 230354528 Cur surface: Surface(name=null)/@0x6f36815
10-16 02:05:55.828 15890 15890 I SurfaceView@dbaee60: applyTransactionOnVriDraw: vri = ViewRootImpl@fb2a030[MainActivity] fRS = false t = 0x7b2f324400 android.view.SurfaceView.performSurfaceTransaction:959 android.view.SurfaceView.updateSurface:1105 android.view.SurfaceView.lambda$new$0$android-view-SurfaceView:200 
10-16 02:05:55.828 15890 15890 I ViewRootImpl@fb2a030[MainActivity]: applyTransactionOnDraw: mRemoved = false isHardwareEnabled = true t = 0x7b2f324400android.view.SurfaceView.applyTransactionOnVriDraw:2048 android.view.SurfaceView.performSurfaceTransaction:959 android.view.SurfaceView.updateSurface:1105 android.view.SurfaceView.lambda$new$0$android-view-SurfaceView:200 android.view.SurfaceView$$ExternalSyntheticLambda5.onPreDraw:2 
10-16 02:05:55.828 15890 15890 I SurfaceView@dbaee60: updateSurface: mVisible = true mSurface.isValid() = true
10-16 02:05:55.828 15890 15890 I SurfaceView@dbaee60: updateSurface: mSurfaceCreated = true surfaceChanged = false visibleChanged = false
10-16 02:05:55.828 15890 15890 V SurfaceView@dbaee60: Layout: x=0 y=-911 w=1080 h=525, frame=Rect(0, 0 - 1080, 525)
10-16 02:05:55.842 15890 15968 D SurfaceView@dbaee60: updateSurfacePosition RenderWorker, frameNr = 194, position = [0, -1000, 1080, -475] surfaceSize = 1080x525
10-16 02:05:55.842 15890 15968 I SurfaceView@dbaee60: uSP: rtp = Rect(0, -1000 - 1080, -475) rtsw = 1080 rtsh = 525
10-16 02:05:55.842 15890 15968 I SurfaceView@dbaee60: onSSPAndSRT: pl = 0 pt = -1000 sx = 1.0 sy = 1.0
10-16 02:05:55.843 15890 15968 I SurfaceView@dbaee60: aOrMT: ViewRootImpl@fb2a030[MainActivity] t = android.view.SurfaceControl$Transaction@3cd2ab8 fN = 194 android.view.SurfaceView.-$$Nest$mapplyOrMergeTransaction:0 android.view.SurfaceView$SurfaceViewPositionUpdateListener.positionChanged:1537 android.graphics.RenderNode$CompositePositionUpdateListener.positionChanged:373 
10-16 02:05:55.843 15890 15968 I ViewRootImpl@fb2a030[MainActivity]: mWNT: t=0x7af2960100 mBlastBufferQueue=0x7b5d85c500 fn= 194 caller= android.view.SurfaceView.applyOrMergeTransaction:1455 android.view.SurfaceView.-$$Nest$mapplyOrMergeTransaction:0 android.view.SurfaceView$SurfaceViewPositionUpdateListener.positionChanged:1537 
10-16 02:05:55.843 15890 15968 I ViewRootImpl@fb2a030[MainActivity]: mWNT: t=0x7b2f324400 mBlastBufferQueue=0x7b5d85c500 fn= 194 caller= android.view.ViewRootImpl.lambda$applyTransactionOnDraw$11$android-view-ViewRootImpl:12865 android.view.ViewRootImpl$$ExternalSyntheticLambda1.onFrameDraw:4 android.graphics.HardwareRenderer$FrameDrawingCallback.onFrameDraw:924 
10-16 02:05:55.846 15890 15890 I SurfaceView@dbaee60: Changes: creating=false format=false size=false visible=false alpha=false hint=false mUseAlpha=false visible=false left=false top=true
10-16 02:05:55.846 15890 15890 I SurfaceView@dbaee60: 230354528 Cur surface: Surface(name=null)/@0x6f36815
10-16 02:05:55.846 15890 15890 I SurfaceView@dbaee60: applyTransactionOnVriDraw: vri = ViewRootImpl@fb2a030[MainActivity] fRS = false t = 0x7b2f324500 android.view.SurfaceView.performSurfaceTransaction:959 android.view.SurfaceView.updateSurface:1105 android.view.SurfaceView.lambda$new$0$android-view-SurfaceView:200 
10-16 02:05:55.847 15890 15890 I ViewRootImpl@fb2a030[MainActivity]: applyTransactionOnDraw: mRemoved = false isHardwareEnabled = true t = 0x7b2f324500android.view.SurfaceView.applyTransactionOnVriDraw:2048 android.view.SurfaceView.performSurfaceTransaction:959 android.view.SurfaceView.updateSurface:1105 android.view.SurfaceView.lambda$new$0$android-view-SurfaceView:200 android.view.SurfaceView$$ExternalSyntheticLambda5.onPreDraw:2 
10-16 02:05:55.847 15890 15890 I SurfaceView@dbaee60: updateSurface: mVisible = true mSurface.isValid() = true
10-16 02:05:55.847 15890 15890 I SurfaceView@dbaee60: updateSurface: mSurfaceCreated = true surfaceChanged = false visibleChanged = false
10-16 02:05:55.847 15890 15890 V SurfaceView@dbaee60: Layout: x=0 y=-1000 w=1080 h=525, frame=Rect(0, 0 - 1080, 525)
10-16 02:05:55.857 15890 15969 D SurfaceView@dbaee60: updateSurfacePosition RenderWorker, frameNr = 195, position = [0, -1082, 1080, -557] surfaceSize = 1080x525
10-16 02:05:55.858 15890 15969 I SurfaceView@dbaee60: uSP: rtp = Rect(0, -1082 - 1080, -557) rtsw = 1080 rtsh = 525
10-16 02:05:55.858 15890 15969 I SurfaceView@dbaee60: onSSPAndSRT: pl = 0 pt = -1082 sx = 1.0 sy = 1.0
10-16 02:05:55.858 15890 15969 I SurfaceView@dbaee60: aOrMT: ViewRootImpl@fb2a030[MainActivity] t = android.view.SurfaceControl$Transaction@3cd2ab8 fN = 195 android.view.SurfaceView.-$$Nest$mapplyOrMergeTransaction:0 android.view.SurfaceView$SurfaceViewPositionUpdateListener.positionChanged:1537 android.graphics.RenderNode$CompositePositionUpdateListener.positionChanged:373 
10-16 02:05:55.858 15890 15969 I ViewRootImpl@fb2a030[MainActivity]: mWNT: t=0x7af2960100 mBlastBufferQueue=0x7b5d85c500 fn= 195 caller= android.view.SurfaceView.applyOrMergeTransaction:1455 android.view.SurfaceView.-$$Nest$mapplyOrMergeTransaction:0 android.view.SurfaceView$SurfaceViewPositionUpdateListener.positionChanged:1537 
10-16 02:05:55.858 15890 15969 I ViewRootImpl@fb2a030[MainActivity]: mWNT: t=0x7b2f324500 mBlastBufferQueue=0x7b5d85c500 fn= 195 caller= android.view.ViewRootImpl.lambda$applyTransactionOnDraw$11$android-view-ViewRootImpl:12865 android.view.ViewRootImpl$$ExternalSyntheticLambda1.onFrameDraw:4 android.graphics.HardwareRenderer$FrameDrawingCallback.onFrameDraw:924 
10-16 02:05:55.861 15890 15890 I SurfaceView@dbaee60: Changes: creating=false format=false size=false visible=false alpha=false hint=false mUseAlpha=false visible=false left=false top=true
10-16 02:05:55.861 15890 15890 I SurfaceView@dbaee60: 230354528 Cur surface: Surface(name=null)/@0x6f36815
10-16 02:05:55.861 15890 15890 I SurfaceView@dbaee60: applyTransactionOnVriDraw: vri = ViewRootImpl@fb2a030[MainActivity] fRS = false t = 0x7b2f324600 android.view.SurfaceView.performSurfaceTransaction:959 android.view.SurfaceView.updateSurface:1105 android.view.SurfaceView.lambda$new$0$android-view-SurfaceView:200 
10-16 02:05:55.861 15890 15890 I ViewRootImpl@fb2a030[MainActivity]: applyTransactionOnDraw: mRemoved = false isHardwareEnabled = true t = 0x7b2f324600android.view.SurfaceView.applyTransactionOnVriDraw:2048 android.view.SurfaceView.performSurfaceTransaction:959 android.view.SurfaceView.updateSurface:1105 android.view.SurfaceView.lambda$new$0$android-view-SurfaceView:200 android.view.SurfaceView$$ExternalSyntheticLambda5.onPreDraw:2 
10-16 02:05:55.862 15890 15890 I SurfaceView@dbaee60: updateSurface: mVisible = true mSurface.isValid() = true
10-16 02:05:55.862 15890 15890 I SurfaceView@dbaee60: updateSurface: mSurfaceCreated = true surfaceChanged = false visibleChanged = false
10-16 02:05:55.862 15890 15890 V SurfaceView@dbaee60: Layout: x=0 y=-1082 w=1080 h=525, frame=Rect(0, 0 - 1080, 525)
10-16 02:05:55.874 15890 15968 D SurfaceView@dbaee60: updateSurfacePosition RenderWorker, frameNr = 196, position = [0, -1165, 1080, -640] surfaceSize = 1080x525
10-16 02:05:55.874 15890 15968 I SurfaceView@dbaee60: uSP: rtp = Rect(0, -1165 - 1080, -640) rtsw = 1080 rtsh = 525
10-16 02:05:55.874 15890 15968 I SurfaceView@dbaee60: onSSPAndSRT: pl = 0 pt = -1165 sx = 1.0 sy = 1.0
10-16 02:05:55.874 15890 15968 I SurfaceView@dbaee60: aOrMT: ViewRootImpl@fb2a030[MainActivity] t = android.view.SurfaceControl$Transaction@3cd2ab8 fN = 196 android.view.SurfaceView.-$$Nest$mapplyOrMergeTransaction:0 android.view.SurfaceView$SurfaceViewPositionUpdateListener.positionChanged:1537 android.graphics.RenderNode$CompositePositionUpdateListener.positionChanged:373 
10-16 02:05:55.874 15890 15968 I ViewRootImpl@fb2a030[MainActivity]: mWNT: t=0x7af2960100 mBlastBufferQueue=0x7b5d85c500 fn= 196 caller= android.view.SurfaceView.applyOrMergeTransaction:1455 android.view.SurfaceView.-$$Nest$mapplyOrMergeTransaction:0 android.view.SurfaceView$SurfaceViewPositionUpdateListener.positionChanged:1537 
10-16 02:05:55.874 15890 15968 I ViewRootImpl@fb2a030[MainActivity]: mWNT: t=0x7b2f324600 mBlastBufferQueue=0x7b5d85c500 fn= 196 caller= android.view.ViewRootImpl.lambda$applyTransactionOnDraw$11$android-view-ViewRootImpl:12865 android.view.ViewRootImpl$$ExternalSyntheticLambda1.onFrameDraw:4 android.graphics.HardwareRenderer$FrameDrawingCallback.onFrameDraw:924 
10-16 02:05:55.876 15890 15890 I SurfaceView@dbaee60: Changes: creating=false format=false size=false visible=false alpha=false hint=false mUseAlpha=false visible=false left=false top=true
10-16 02:05:55.876 15890 15890 I SurfaceView@dbaee60: 230354528 Cur surface: Surface(name=null)/@0x6f36815
10-16 02:05:55.877 15890 15890 I SurfaceView@dbaee60: applyTransactionOnVriDraw: vri = ViewRootImpl@fb2a030[MainActivity] fRS = false t = 0x7b2f324700 android.view.SurfaceView.performSurfaceTransaction:959 android.view.SurfaceView.updateSurface:1105 android.view.SurfaceView.lambda$new$0$android-view-SurfaceView:200 
10-16 02:05:55.877 15890 15890 I ViewRootImpl@fb2a030[MainActivity]: applyTransactionOnDraw: mRemoved = false isHardwareEnabled = true t = 0x7b2f324700android.view.SurfaceView.applyTransactionOnVriDraw:2048 android.view.SurfaceView.performSurfaceTransaction:959 android.view.SurfaceView.updateSurface:1105 android.view.SurfaceView.lambda$new$0$android-view-SurfaceView:200 android.view.SurfaceView$$ExternalSyntheticLambda5.onPreDraw:2 
10-16 02:05:55.877 15890 15890 I SurfaceView@dbaee60: updateSurface: mVisible = true mSurface.isValid() = true
10-16 02:05:55.877 15890 15890 I SurfaceView@dbaee60: updateSurface: mSurfaceCreated = true surfaceChanged = false visibleChanged = false
10-16 02:05:55.877 15890 15890 V SurfaceView@dbaee60: Layout: x=0 y=-1165 w=1080 h=525, frame=Rect(0, 0 - 1080, 525)
10-16 02:05:55.891 15890 15969 D SurfaceView@dbaee60: updateSurfacePosition RenderWorker, frameNr = 197, position = [0, -1245, 1080, -720] surfaceSize = 1080x525
10-16 02:05:55.891 15890 15969 I SurfaceView@dbaee60: uSP: rtp = Rect(0, -1245 - 1080, -720) rtsw = 1080 rtsh = 525
10-16 02:05:55.891 15890 15969 I SurfaceView@dbaee60: onSSPAndSRT: pl = 0 pt = -1245 sx = 1.0 sy = 1.0
10-16 02:05:55.891 15890 15969 I SurfaceView@dbaee60: aOrMT: ViewRootImpl@fb2a030[MainActivity] t = android.view.SurfaceControl$Transaction@3cd2ab8 fN = 197 android.view.SurfaceView.-$$Nest$mapplyOrMergeTransaction:0 android.view.SurfaceView$SurfaceViewPositionUpdateListener.positionChanged:1537 android.graphics.RenderNode$CompositePositionUpdateListener.positionChanged:373 
10-16 02:05:55.891 15890 15969 I ViewRootImpl@fb2a030[MainActivity]: mWNT: t=0x7af2960100 mBlastBufferQueue=0x7b5d85c500 fn= 197 caller= android.view.SurfaceView.applyOrMergeTransaction:1455 android.view.SurfaceView.-$$Nest$mapplyOrMergeTransaction:0 android.view.SurfaceView$SurfaceViewPositionUpdateListener.positionChanged:1537 
10-16 02:05:55.891 15890 15969 I ViewRootImpl@fb2a030[MainActivity]: mWNT: t=0x7b2f324700 mBlastBufferQueue=0x7b5d85c500 fn= 197 caller= android.view.ViewRootImpl.lambda$applyTransactionOnDraw$11$android-view-ViewRootImpl:12865 android.view.ViewRootImpl$$ExternalSyntheticLambda1.onFrameDraw:4 android.graphics.HardwareRenderer$FrameDrawingCallback.onFrameDraw:924 
10-16 02:05:55.894 15890 15890 I SurfaceView@dbaee60: Changes: creating=false format=false size=false visible=false alpha=false hint=false mUseAlpha=false visible=false left=false top=true
10-16 02:05:55.894 15890 15890 I SurfaceView@dbaee60: 230354528 Cur surface: Surface(name=null)/@0x6f36815
10-16 02:05:55.894 15890 15890 I SurfaceView@dbaee60: applyTransactionOnVriDraw: vri = ViewRootImpl@fb2a030[MainActivity] fRS = false t = 0x7b2f324900 android.view.SurfaceView.performSurfaceTransaction:959 android.view.SurfaceView.updateSurface:1105 android.view.SurfaceView.lambda$new$0$android-view-SurfaceView:200 
10-16 02:05:55.895 15890 15890 I ViewRootImpl@fb2a030[MainActivity]: applyTransactionOnDraw: mRemoved = false isHardwareEnabled = true t = 0x7b2f324900android.view.SurfaceView.applyTransactionOnVriDraw:2048 android.view.SurfaceView.performSurfaceTransaction:959 android.view.SurfaceView.updateSurface:1105 android.view.SurfaceView.lambda$new$0$android-view-SurfaceView:200 android.view.SurfaceView$$ExternalSyntheticLambda5.onPreDraw:2 
10-16 02:05:55.895 15890 15890 I SurfaceView@dbaee60: updateSurface: mVisible = true mSurface.isValid() = true
10-16 02:05:55.895 15890 15890 I SurfaceView@dbaee60: updateSurface: mSurfaceCreated = true surfaceChanged = false visibleChanged = false
10-16 02:05:55.895 15890 15890 V SurfaceView@dbaee60: Layout: x=0 y=-1245 w=1080 h=525, frame=Rect(0, 0 - 1080, 525)
10-16 02:05:55.907 15890 15968 D SurfaceView@dbaee60: updateSurfacePosition RenderWorker, frameNr = 198, position = [0, -1317, 1080, -792] surfaceSize = 1080x525
10-16 02:05:55.907 15890 15968 I SurfaceView@dbaee60: uSP: rtp = Rect(0, -1317 - 1080, -792) rtsw = 1080 rtsh = 525
10-16 02:05:55.907 15890 15968 I SurfaceView@dbaee60: onSSPAndSRT: pl = 0 pt = -1317 sx = 1.0 sy = 1.0
10-16 02:05:55.907 15890 15968 I SurfaceView@dbaee60: aOrMT: ViewRootImpl@fb2a030[MainActivity] t = android.view.SurfaceControl$Transaction@3cd2ab8 fN = 198 android.view.SurfaceView.-$$Nest$mapplyOrMergeTransaction:0 android.view.SurfaceView$SurfaceViewPositionUpdateListener.positionChanged:1537 android.graphics.RenderNode$CompositePositionUpdateListener.positionChanged:373 
10-16 02:05:55.907 15890 15968 I ViewRootImpl@fb2a030[MainActivity]: mWNT: t=0x7af2960100 mBlastBufferQueue=0x7b5d85c500 fn= 198 caller= android.view.SurfaceView.applyOrMergeTransaction:1455 android.view.SurfaceView.-$$Nest$mapplyOrMergeTransaction:0 android.view.SurfaceView$SurfaceViewPositionUpdateListener.positionChanged:1537 
10-16 02:05:55.908 15890 15968 I ViewRootImpl@fb2a030[MainActivity]: mWNT: t=0x7b2f324900 mBlastBufferQueue=0x7b5d85c500 fn= 198 caller= android.view.ViewRootImpl.lambda$applyTransactionOnDraw$11$android-view-ViewRootImpl:12865 android.view.ViewRootImpl$$ExternalSyntheticLambda1.onFrameDraw:4 android.graphics.HardwareRenderer$FrameDrawingCallback.onFrameDraw:924 
10-16 02:05:55.910 15890 15890 I SurfaceView@dbaee60: Changes: creating=false format=false size=false visible=false alpha=false hint=false mUseAlpha=false visible=false left=false top=true
10-16 02:05:55.910 15890 15890 I SurfaceView@dbaee60: 230354528 Cur surface: Surface(name=null)/@0x6f36815
10-16 02:05:55.911 15890 15890 I SurfaceView@dbaee60: applyTransactionOnVriDraw: vri = ViewRootImpl@fb2a030[MainActivity] fRS = false t = 0x7b2f324a00 android.view.SurfaceView.performSurfaceTransaction:959 android.view.SurfaceView.updateSurface:1105 android.view.SurfaceView.lambda$new$0$android-view-SurfaceView:200 
10-16 02:05:55.911 15890 15890 I ViewRootImpl@fb2a030[MainActivity]: applyTransactionOnDraw: mRemoved = false isHardwareEnabled = true t = 0x7b2f324a00android.view.SurfaceView.applyTransactionOnVriDraw:2048 android.view.SurfaceView.performSurfaceTransaction:959 android.view.SurfaceView.updateSurface:1105 android.view.SurfaceView.lambda$new$0$android-view-SurfaceView:200 android.view.SurfaceView$$ExternalSyntheticLambda5.onPreDraw:2 
10-16 02:05:55.911 15890 15890 I SurfaceView@dbaee60: updateSurface: mVisible = true mSurface.isValid() = true
10-16 02:05:55.911 15890 15890 I SurfaceView@dbaee60: updateSurface: mSurfaceCreated = true surfaceChanged = false visibleChanged = false
10-16 02:05:55.911 15890 15890 V SurfaceView@dbaee60: Layout: x=0 y=-1317 w=1080 h=525, frame=Rect(0, 0 - 1080, 525)
10-16 02:05:55.926 15890 15969 D SurfaceView@dbaee60: updateSurfacePosition RenderWorker, frameNr = 199, position = [0, -1391, 1080, -866] surfaceSize = 1080x525
10-16 02:05:55.926 15890 15969 I SurfaceView@dbaee60: uSP: rtp = Rect(0, -1391 - 1080, -866) rtsw = 1080 rtsh = 525
10-16 02:05:55.926 15890 15969 I SurfaceView@dbaee60: onSSPAndSRT: pl = 0 pt = -1391 sx = 1.0 sy = 1.0
10-16 02:05:55.927 15890 15969 I SurfaceView@dbaee60: aOrMT: ViewRootImpl@fb2a030[MainActivity] t = android.view.SurfaceControl$Transaction@3cd2ab8 fN = 199 android.view.SurfaceView.-$$Nest$mapplyOrMergeTransaction:0 android.view.SurfaceView$SurfaceViewPositionUpdateListener.positionChanged:1537 android.graphics.RenderNode$CompositePositionUpdateListener.positionChanged:373 
10-16 02:05:55.927 15890 15969 I ViewRootImpl@fb2a030[MainActivity]: mWNT: t=0x7af2960100 mBlastBufferQueue=0x7b5d85c500 fn= 199 caller= android.view.SurfaceView.applyOrMergeTransaction:1455 android.view.SurfaceView.-$$Nest$mapplyOrMergeTransaction:0 android.view.SurfaceView$SurfaceViewPositionUpdateListener.positionChanged:1537 
10-16 02:05:55.927 15890 15969 I ViewRootImpl@fb2a030[MainActivity]: mWNT: t=0x7b2f324a00 mBlastBufferQueue=0x7b5d85c500 fn= 199 caller= android.view.ViewRootImpl.lambda$applyTransactionOnDraw$11$android-view-ViewRootImpl:12865 android.view.ViewRootImpl$$ExternalSyntheticLambda1.onFrameDraw:4 android.graphics.HardwareRenderer$FrameDrawingCallback.onFrameDraw:924 
10-16 02:05:55.929 15890 15890 I SurfaceView@dbaee60: Changes: creating=false format=false size=false visible=false alpha=false hint=false mUseAlpha=false visible=false left=false top=true
10-16 02:05:55.929 15890 15890 I SurfaceView@dbaee60: 230354528 Cur surface: Surface(name=null)/@0x6f36815
10-16 02:05:55.929 15890 15890 I SurfaceView@dbaee60: applyTransactionOnVriDraw: vri = ViewRootImpl@fb2a030[MainActivity] fRS = false t = 0x7b2f324c00 android.view.SurfaceView.performSurfaceTransaction:959 android.view.SurfaceView.updateSurface:1105 android.view.SurfaceView.lambda$new$0$android-view-SurfaceView:200 
10-16 02:05:55.929 15890 15890 I ViewRootImpl@fb2a030[MainActivity]: applyTransactionOnDraw: mRemoved = false isHardwareEnabled = true t = 0x7b2f324c00android.view.SurfaceView.applyTransactionOnVriDraw:2048 android.view.SurfaceView.performSurfaceTransaction:959 android.view.SurfaceView.updateSurface:1105 android.view.SurfaceView.lambda$new$0$android-view-SurfaceView:200 android.view.SurfaceView$$ExternalSyntheticLambda5.onPreDraw:2 
10-16 02:05:55.929 15890 15890 I SurfaceView@dbaee60: updateSurface: mVisible = true mSurface.isValid() = true
10-16 02:05:55.929 15890 15890 I SurfaceView@dbaee60: updateSurface: mSurfaceCreated = true surfaceChanged = false visibleChanged = false
10-16 02:05:55.930 15890 15890 V SurfaceView@dbaee60: Layout: x=0 y=-1391 w=1080 h=525, frame=Rect(0, 0 - 1080, 525)
10-16 02:05:55.938 15890 15968 D SurfaceView@dbaee60: updateSurfacePosition RenderWorker, frameNr = 200, position = [0, -1461, 1080, -936] surfaceSize = 1080x525
10-16 02:05:55.939 15890 15968 I SurfaceView@dbaee60: uSP: rtp = Rect(0, -1461 - 1080, -936) rtsw = 1080 rtsh = 525
10-16 02:05:55.939 15890 15968 I SurfaceView@dbaee60: onSSPAndSRT: pl = 0 pt = -1461 sx = 1.0 sy = 1.0
10-16 02:05:55.939 15890 15968 I SurfaceView@dbaee60: aOrMT: ViewRootImpl@fb2a030[MainActivity] t = android.view.SurfaceControl$Transaction@3cd2ab8 fN = 200 android.view.SurfaceView.-$$Nest$mapplyOrMergeTransaction:0 android.view.SurfaceView$SurfaceViewPositionUpdateListener.positionChanged:1537 android.graphics.RenderNode$CompositePositionUpdateListener.positionChanged:373 
10-16 02:05:55.939 15890 15968 I ViewRootImpl@fb2a030[MainActivity]: mWNT: t=0x7af2960100 mBlastBufferQueue=0x7b5d85c500 fn= 200 caller= android.view.SurfaceView.applyOrMergeTransaction:1455 android.view.SurfaceView.-$$Nest$mapplyOrMergeTransaction:0 android.view.SurfaceView$SurfaceViewPositionUpdateListener.positionChanged:1537 
10-16 02:05:55.939 15890 15968 I ViewRootImpl@fb2a030[MainActivity]: mWNT: t=0x7b2f324c00 mBlastBufferQueue=0x7b5d85c500 fn= 200 caller= android.view.ViewRootImpl.lambda$applyTransactionOnDraw$11$android-view-ViewRootImpl:12865 android.view.ViewRootImpl$$ExternalSyntheticLambda1.onFrameDraw:4 android.graphics.HardwareRenderer$FrameDrawingCallback.onFrameDraw:924 
10-16 02:05:55.942 15890 15890 I SurfaceView@dbaee60: Changes: creating=false format=false size=false visible=false alpha=false hint=false mUseAlpha=false visible=false left=false top=true
10-16 02:05:55.942 15890 15890 I SurfaceView@dbaee60: 230354528 Cur surface: Surface(name=null)/@0x6f36815
10-16 02:05:55.943 15890 15890 I SurfaceView@dbaee60: applyTransactionOnVriDraw: vri = ViewRootImpl@fb2a030[MainActivity] fRS = false t = 0x7b2f324d00 android.view.SurfaceView.performSurfaceTransaction:959 android.view.SurfaceView.updateSurface:1105 android.view.SurfaceView.lambda$new$0$android-view-SurfaceView:200 
10-16 02:05:55.943 15890 15890 I ViewRootImpl@fb2a030[MainActivity]: applyTransactionOnDraw: mRemoved = false isHardwareEnabled = true t = 0x7b2f324d00android.view.SurfaceView.applyTransactionOnVriDraw:2048 android.view.SurfaceView.performSurfaceTransaction:959 android.view.SurfaceView.updateSurface:1105 android.view.SurfaceView.lambda$new$0$android-view-SurfaceView:200 android.view.SurfaceView$$ExternalSyntheticLambda5.onPreDraw:2 
10-16 02:05:55.943 15890 15890 I SurfaceView@dbaee60: updateSurface: mVisible = true mSurface.isValid() = true
10-16 02:05:55.943 15890 15890 I SurfaceView@dbaee60: updateSurface: mSurfaceCreated = true surfaceChanged = false visibleChanged = false
10-16 02:05:55.943 15890 15890 V SurfaceView@dbaee60: Layout: x=0 y=-1461 w=1080 h=525, frame=Rect(0, 0 - 1080, 525)
10-16 02:05:55.955 15890 15969 D SurfaceView@dbaee60: updateSurfacePosition RenderWorker, frameNr = 201, position = [0, -1525, 1080, -1000] surfaceSize = 1080x525
10-16 02:05:55.955 15890 15969 I SurfaceView@dbaee60: uSP: rtp = Rect(0, -1525 - 1080, -1000) rtsw = 1080 rtsh = 525
10-16 02:05:55.955 15890 15969 I SurfaceView@dbaee60: onSSPAndSRT: pl = 0 pt = -1525 sx = 1.0 sy = 1.0
10-16 02:05:55.955 15890 15969 I SurfaceView@dbaee60: aOrMT: ViewRootImpl@fb2a030[MainActivity] t = android.view.SurfaceControl$Transaction@3cd2ab8 fN = 201 android.view.SurfaceView.-$$Nest$mapplyOrMergeTransaction:0 android.view.SurfaceView$SurfaceViewPositionUpdateListener.positionChanged:1537 android.graphics.RenderNode$CompositePositionUpdateListener.positionChanged:373 
10-16 02:05:55.955 15890 15969 I ViewRootImpl@fb2a030[MainActivity]: mWNT: t=0x7af2960100 mBlastBufferQueue=0x7b5d85c500 fn= 201 caller= android.view.SurfaceView.applyOrMergeTransaction:1455 android.view.SurfaceView.-$$Nest$mapplyOrMergeTransaction:0 android.view.SurfaceView$SurfaceViewPositionUpdateListener.positionChanged:1537 
10-16 02:05:55.955 15890 15969 I ViewRootImpl@fb2a030[MainActivity]: mWNT: t=0x7b2f324d00 mBlastBufferQueue=0x7b5d85c500 fn= 201 caller= android.view.ViewRootImpl.lambda$applyTransactionOnDraw$11$android-view-ViewRootImpl:12865 android.view.ViewRootImpl$$ExternalSyntheticLambda1.onFrameDraw:4 android.graphics.HardwareRenderer$FrameDrawingCallback.onFrameDraw:924 
10-16 02:05:55.959 15890 15890 I SurfaceView@dbaee60: Changes: creating=false format=false size=false visible=false alpha=false hint=false mUseAlpha=false visible=false left=false top=true
10-16 02:05:55.959 15890 15890 I SurfaceView@dbaee60: 230354528 Cur surface: Surface(name=null)/@0x6f36815
10-16 02:05:55.960 15890 15890 I SurfaceView@dbaee60: applyTransactionOnVriDraw: vri = ViewRootImpl@fb2a030[MainActivity] fRS = false t = 0x7b2f324e00 android.view.SurfaceView.performSurfaceTransaction:959 android.view.SurfaceView.updateSurface:1105 android.view.SurfaceView.lambda$new$0$android-view-SurfaceView:200 
10-16 02:05:55.960 15890 15890 I ViewRootImpl@fb2a030[MainActivity]: applyTransactionOnDraw: mRemoved = false isHardwareEnabled = true t = 0x7b2f324e00android.view.SurfaceView.applyTransactionOnVriDraw:2048 android.view.SurfaceView.performSurfaceTransaction:959 android.view.SurfaceView.updateSurface:1105 android.view.SurfaceView.lambda$new$0$android-view-SurfaceView:200 android.view.SurfaceView$$ExternalSyntheticLambda5.onPreDraw:2 
10-16 02:05:55.960 15890 15890 I SurfaceView@dbaee60: updateSurface: mVisible = true mSurface.isValid() = true
10-16 02:05:55.960 15890 15890 I SurfaceView@dbaee60: updateSurface: mSurfaceCreated = true surfaceChanged = false visibleChanged = false
10-16 02:05:55.960 15890 15890 V SurfaceView@dbaee60: Layout: x=0 y=-1525 w=1080 h=525, frame=Rect(0, 0 - 1080, 525)
10-16 02:05:55.971 15890 15968 D SurfaceView@dbaee60: updateSurfacePosition RenderWorker, frameNr = 202, position = [0, -1590, 1080, -1065] surfaceSize = 1080x525
10-16 02:05:55.972 15890 15968 I SurfaceView@dbaee60: uSP: rtp = Rect(0, -1590 - 1080, -1065) rtsw = 1080 rtsh = 525
10-16 02:05:55.972 15890 15968 I SurfaceView@dbaee60: onSSPAndSRT: pl = 0 pt = -1590 sx = 1.0 sy = 1.0
10-16 02:05:55.972 15890 15968 I SurfaceView@dbaee60: aOrMT: ViewRootImpl@fb2a030[MainActivity] t = android.view.SurfaceControl$Transaction@3cd2ab8 fN = 202 android.view.SurfaceView.-$$Nest$mapplyOrMergeTransaction:0 android.view.SurfaceView$SurfaceViewPositionUpdateListener.positionChanged:1537 android.graphics.RenderNode$CompositePositionUpdateListener.positionChanged:373 
10-16 02:05:55.972 15890 15968 I ViewRootImpl@fb2a030[MainActivity]: mWNT: t=0x7af2960100 mBlastBufferQueue=0x7b5d85c500 fn= 202 caller= android.view.SurfaceView.applyOrMergeTransaction:1455 android.view.SurfaceView.-$$Nest$mapplyOrMergeTransaction:0 android.view.SurfaceView$SurfaceViewPositionUpdateListener.positionChanged:1537 
10-16 02:05:55.972 15890 15968 I ViewRootImpl@fb2a030[MainActivity]: mWNT: t=0x7b2f324e00 mBlastBufferQueue=0x7b5d85c500 fn= 202 caller= android.view.ViewRootImpl.lambda$applyTransactionOnDraw$11$android-view-ViewRootImpl:12865 android.view.ViewRootImpl$$ExternalSyntheticLambda1.onFrameDraw:4 android.graphics.HardwareRenderer$FrameDrawingCallback.onFrameDraw:924 
10-16 02:05:55.976 15890 15890 I SurfaceView@dbaee60: Changes: creating=false format=false size=false visible=false alpha=false hint=false mUseAlpha=false visible=false left=false top=true
10-16 02:05:55.976 15890 15890 I SurfaceView@dbaee60: 230354528 Cur surface: Surface(name=null)/@0x6f36815
10-16 02:05:55.977 15890 15890 I SurfaceView@dbaee60: applyTransactionOnVriDraw: vri = ViewRootImpl@fb2a030[MainActivity] fRS = false t = 0x7b2f324f00 android.view.SurfaceView.performSurfaceTransaction:959 android.view.SurfaceView.updateSurface:1105 android.view.SurfaceView.lambda$new$0$android-view-SurfaceView:200 
10-16 02:05:55.977 15890 15890 I ViewRootImpl@fb2a030[MainActivity]: applyTransactionOnDraw: mRemoved = false isHardwareEnabled = true t = 0x7b2f324f00android.view.SurfaceView.applyTransactionOnVriDraw:2048 android.view.SurfaceView.performSurfaceTransaction:959 android.view.SurfaceView.updateSurface:1105 android.view.SurfaceView.lambda$new$0$android-view-SurfaceView:200 android.view.SurfaceView$$ExternalSyntheticLambda5.onPreDraw:2 
10-16 02:05:55.977 15890 15890 I SurfaceView@dbaee60: updateSurface: mVisible = true mSurface.isValid() = true
10-16 02:05:55.977 15890 15890 I SurfaceView@dbaee60: updateSurface: mSurfaceCreated = true surfaceChanged = false visibleChanged = false
10-16 02:05:55.977 15890 15890 V SurfaceView@dbaee60: Layout: x=0 y=-1590 w=1080 h=525, frame=Rect(0, 0 - 1080, 525)
10-16 02:05:55.989 15890 15969 D SurfaceView@dbaee60: updateSurfacePosition RenderWorker, frameNr = 203, position = [0, -1649, 1080, -1124] surfaceSize = 1080x525
10-16 02:05:55.989 15890 15969 I SurfaceView@dbaee60: uSP: rtp = Rect(0, -1649 - 1080, -1124) rtsw = 1080 rtsh = 525
10-16 02:05:55.989 15890 15969 I SurfaceView@dbaee60: onSSPAndSRT: pl = 0 pt = -1649 sx = 1.0 sy = 1.0
10-16 02:05:55.990 15890 15969 I SurfaceView@dbaee60: aOrMT: ViewRootImpl@fb2a030[MainActivity] t = android.view.SurfaceControl$Transaction@3cd2ab8 fN = 203 android.view.SurfaceView.-$$Nest$mapplyOrMergeTransaction:0 android.view.SurfaceView$SurfaceViewPositionUpdateListener.positionChanged:1537 android.graphics.RenderNode$CompositePositionUpdateListener.positionChanged:373 
10-16 02:05:55.990 15890 15969 I ViewRootImpl@fb2a030[MainActivity]: mWNT: t=0x7af2960100 mBlastBufferQueue=0x7b5d85c500 fn= 203 caller= android.view.SurfaceView.applyOrMergeTransaction:1455 android.view.SurfaceView.-$$Nest$mapplyOrMergeTransaction:0 android.view.SurfaceView$SurfaceViewPositionUpdateListener.positionChanged:1537 
10-16 02:05:55.990 15890 15969 I ViewRootImpl@fb2a030[MainActivity]: mWNT: t=0x7b2f324f00 mBlastBufferQueue=0x7b5d85c500 fn= 203 caller= android.view.ViewRootImpl.lambda$applyTransactionOnDraw$11$android-view-ViewRootImpl:12865 android.view.ViewRootImpl$$ExternalSyntheticLambda1.onFrameDraw:4 android.graphics.HardwareRenderer$FrameDrawingCallback.onFrameDraw:924 
10-16 02:05:55.993 15890 15890 I SurfaceView@dbaee60: Changes: creating=false format=false size=false visible=false alpha=false hint=false mUseAlpha=false visible=false left=false top=true
10-16 02:05:55.993 15890 15890 I SurfaceView@dbaee60: 230354528 Cur surface: Surface(name=null)/@0x6f36815
10-16 02:05:55.994 15890 15890 I SurfaceView@dbaee60: applyTransactionOnVriDraw: vri = ViewRootImpl@fb2a030[MainActivity] fRS = false t = 0x7af2960900 android.view.SurfaceView.performSurfaceTransaction:959 android.view.SurfaceView.updateSurface:1105 android.view.SurfaceView.lambda$new$0$android-view-SurfaceView:200 
10-16 02:05:55.994 15890 15890 I ViewRootImpl@fb2a030[MainActivity]: applyTransactionOnDraw: mRemoved = false isHardwareEnabled = true t = 0x7af2960900android.view.SurfaceView.applyTransactionOnVriDraw:2048 android.view.SurfaceView.performSurfaceTransaction:959 android.view.SurfaceView.updateSurface:1105 android.view.SurfaceView.lambda$new$0$android-view-SurfaceView:200 android.view.SurfaceView$$ExternalSyntheticLambda5.onPreDraw:2 
10-16 02:05:55.994 15890 15890 I SurfaceView@dbaee60: updateSurface: mVisible = true mSurface.isValid() = true
10-16 02:05:55.994 15890 15890 I SurfaceView@dbaee60: updateSurface: mSurfaceCreated = true surfaceChanged = false visibleChanged = false
10-16 02:05:55.994 15890 15890 V SurfaceView@dbaee60: Layout: x=0 y=-1649 w=1080 h=525, frame=Rect(0, 0 - 1080, 525)
10-16 02:05:56.006 15890 15968 D SurfaceView@dbaee60: updateSurfacePosition RenderWorker, frameNr = 204, position = [0, -1709, 1080, -1184] surfaceSize = 1080x525
10-16 02:05:56.006 15890 15968 I SurfaceView@dbaee60: uSP: rtp = Rect(0, -1709 - 1080, -1184) rtsw = 1080 rtsh = 525
10-16 02:05:56.006 15890 15968 I SurfaceView@dbaee60: onSSPAndSRT: pl = 0 pt = -1709 sx = 1.0 sy = 1.0
10-16 02:05:56.006 15890 15968 I SurfaceView@dbaee60: aOrMT: ViewRootImpl@fb2a030[MainActivity] t = android.view.SurfaceControl$Transaction@3cd2ab8 fN = 204 android.view.SurfaceView.-$$Nest$mapplyOrMergeTransaction:0 android.view.SurfaceView$SurfaceViewPositionUpdateListener.positionChanged:1537 android.graphics.RenderNode$CompositePositionUpdateListener.positionChanged:373 
10-16 02:05:56.006 15890 15968 I ViewRootImpl@fb2a030[MainActivity]: mWNT: t=0x7af2960100 mBlastBufferQueue=0x7b5d85c500 fn= 204 caller= android.view.SurfaceView.applyOrMergeTransaction:1455 android.view.SurfaceView.-$$Nest$mapplyOrMergeTransaction:0 android.view.SurfaceView$SurfaceViewPositionUpdateListener.positionChanged:1537 
10-16 02:05:56.006 15890 15968 I ViewRootImpl@fb2a030[MainActivity]: mWNT: t=0x7af2960900 mBlastBufferQueue=0x7b5d85c500 fn= 204 caller= android.view.ViewRootImpl.lambda$applyTransactionOnDraw$11$android-view-ViewRootImpl:12865 android.view.ViewRootImpl$$ExternalSyntheticLambda1.onFrameDraw:4 android.graphics.HardwareRenderer$FrameDrawingCallback.onFrameDraw:924 
10-16 02:05:56.007 15890 15890 I SurfaceView@dbaee60: Changes: creating=false format=false size=false visible=false alpha=false hint=false mUseAlpha=false visible=false left=false top=true
10-16 02:05:56.008 15890 15890 I SurfaceView@dbaee60: 230354528 Cur surface: Surface(name=null)/@0x6f36815
10-16 02:05:56.008 15890 15890 I SurfaceView@dbaee60: applyTransactionOnVriDraw: vri = ViewRootImpl@fb2a030[MainActivity] fRS = false t = 0x7af2960a00 android.view.SurfaceView.performSurfaceTransaction:959 android.view.SurfaceView.updateSurface:1105 android.view.SurfaceView.lambda$new$0$android-view-SurfaceView:200 
10-16 02:05:56.008 15890 15890 I ViewRootImpl@fb2a030[MainActivity]: applyTransactionOnDraw: mRemoved = false isHardwareEnabled = true t = 0x7af2960a00android.view.SurfaceView.applyTransactionOnVriDraw:2048 android.view.SurfaceView.performSurfaceTransaction:959 android.view.SurfaceView.updateSurface:1105 android.view.SurfaceView.lambda$new$0$android-view-SurfaceView:200 android.view.SurfaceView$$ExternalSyntheticLambda5.onPreDraw:2 
10-16 02:05:56.008 15890 15890 I SurfaceView@dbaee60: updateSurface: mVisible = true mSurface.isValid() = true
10-16 02:05:56.008 15890 15890 I SurfaceView@dbaee60: updateSurface: mSurfaceCreated = true surfaceChanged = false visibleChanged = false
10-16 02:05:56.008 15890 15890 V SurfaceView@dbaee60: Layout: x=0 y=-1709 w=1080 h=525, frame=Rect(0, 0 - 1080, 525)
10-16 02:05:56.023 15890 15969 D SurfaceView@dbaee60: updateSurfacePosition RenderWorker, frameNr = 205, position = [0, -1767, 1080, -1242] surfaceSize = 1080x525
10-16 02:05:56.023 15890 15969 I SurfaceView@dbaee60: uSP: rtp = Rect(0, -1767 - 1080, -1242) rtsw = 1080 rtsh = 525
10-16 02:05:56.023 15890 15969 I SurfaceView@dbaee60: onSSPAndSRT: pl = 0 pt = -1767 sx = 1.0 sy = 1.0
10-16 02:05:56.023 15890 15968 I ViewRootImpl@fb2a030[MainActivity]: mWNT: t=0x7af2960a00 mBlastBufferQueue=0x7b5d85c500 fn= 205 caller= android.view.ViewRootImpl.lambda$applyTransactionOnDraw$11$android-view-ViewRootImpl:12865 android.view.ViewRootImpl$$ExternalSyntheticLambda1.onFrameDraw:4 android.graphics.HardwareRenderer$FrameDrawingCallback.onFrameDraw:924 
10-16 02:05:56.023 15890 15969 I SurfaceView@dbaee60: aOrMT: ViewRootImpl@fb2a030[MainActivity] t = android.view.SurfaceControl$Transaction@3cd2ab8 fN = 205 android.view.SurfaceView.-$$Nest$mapplyOrMergeTransaction:0 android.view.SurfaceView$SurfaceViewPositionUpdateListener.positionChanged:1537 android.graphics.RenderNode$CompositePositionUpdateListener.positionChanged:373 
10-16 02:05:56.024 15890 15969 I ViewRootImpl@fb2a030[MainActivity]: mWNT: t=0x7af2960100 mBlastBufferQueue=0x7b5d85c500 fn= 205 caller= android.view.SurfaceView.applyOrMergeTransaction:1455 android.view.SurfaceView.-$$Nest$mapplyOrMergeTransaction:0 android.view.SurfaceView$SurfaceViewPositionUpdateListener.positionChanged:1537 
10-16 02:05:56.024 15890 15890 I SurfaceView@dbaee60: Changes: creating=false format=false size=false visible=false alpha=false hint=false mUseAlpha=false visible=false left=false top=true
10-16 02:05:56.025 15890 15890 I SurfaceView@dbaee60: 230354528 Cur surface: Surface(name=null)/@0x6f36815
10-16 02:05:56.025 15890 15890 I SurfaceView@dbaee60: applyTransactionOnVriDraw: vri = ViewRootImpl@fb2a030[MainActivity] fRS = false t = 0x7b5d83f000 android.view.SurfaceView.performSurfaceTransaction:959 android.view.SurfaceView.updateSurface:1105 android.view.SurfaceView.lambda$new$0$android-view-SurfaceView:200 
10-16 02:05:56.025 15890 15890 I ViewRootImpl@fb2a030[MainActivity]: applyTransactionOnDraw: mRemoved = false isHardwareEnabled = true t = 0x7b5d83f000android.view.SurfaceView.applyTransactionOnVriDraw:2048 android.view.SurfaceView.performSurfaceTransaction:959 android.view.SurfaceView.updateSurface:1105 android.view.SurfaceView.lambda$new$0$android-view-SurfaceView:200 android.view.SurfaceView$$ExternalSyntheticLambda5.onPreDraw:2 
10-16 02:05:56.025 15890 15890 I SurfaceView@dbaee60: updateSurface: mVisible = true mSurface.isValid() = true
10-16 02:05:56.025 15890 15890 I SurfaceView@dbaee60: updateSurface: mSurfaceCreated = true surfaceChanged = false visibleChanged = false
10-16 02:05:56.025 15890 15890 V SurfaceView@dbaee60: Layout: x=0 y=-1767 w=1080 h=525, frame=Rect(0, 0 - 1080, 525)
10-16 02:05:56.037 15890 15968 D SurfaceView@dbaee60: updateSurfacePosition RenderWorker, frameNr = 206, position = [0, -1819, 1080, -1294] surfaceSize = 1080x525
10-16 02:05:56.037 15890 15968 I SurfaceView@dbaee60: uSP: rtp = Rect(0, -1819 - 1080, -1294) rtsw = 1080 rtsh = 525
10-16 02:05:56.037 15890 15968 I SurfaceView@dbaee60: onSSPAndSRT: pl = 0 pt = -1819 sx = 1.0 sy = 1.0
10-16 02:05:56.037 15890 15968 I SurfaceView@dbaee60: aOrMT: ViewRootImpl@fb2a030[MainActivity] t = android.view.SurfaceControl$Transaction@3cd2ab8 fN = 206 android.view.SurfaceView.-$$Nest$mapplyOrMergeTransaction:0 android.view.SurfaceView$SurfaceViewPositionUpdateListener.positionChanged:1537 android.graphics.RenderNode$CompositePositionUpdateListener.positionChanged:373 
10-16 02:05:56.037 15890 15968 I ViewRootImpl@fb2a030[MainActivity]: mWNT: t=0x7af2960100 mBlastBufferQueue=0x7b5d85c500 fn= 206 caller= android.view.SurfaceView.applyOrMergeTransaction:1455 android.view.SurfaceView.-$$Nest$mapplyOrMergeTransaction:0 android.view.SurfaceView$SurfaceViewPositionUpdateListener.positionChanged:1537 
10-16 02:05:56.038 15890 15968 I ViewRootImpl@fb2a030[MainActivity]: mWNT: t=0x7b5d83f000 mBlastBufferQueue=0x7b5d85c500 fn= 206 caller= android.view.ViewRootImpl.lambda$applyTransactionOnDraw$11$android-view-ViewRootImpl:12865 android.view.ViewRootImpl$$ExternalSyntheticLambda1.onFrameDraw:4 android.graphics.HardwareRenderer$FrameDrawingCallback.onFrameDraw:924 
10-16 02:05:56.041 15890 15890 I SurfaceView@dbaee60: Changes: creating=false format=false size=false visible=false alpha=false hint=false mUseAlpha=false visible=false left=false top=true
10-16 02:05:56.041 15890 15890 I SurfaceView@dbaee60: 230354528 Cur surface: Surface(name=null)/@0x6f36815
10-16 02:05:56.041 15890 15890 I SurfaceView@dbaee60: applyTransactionOnVriDraw: vri = ViewRootImpl@fb2a030[MainActivity] fRS = false t = 0x7b5d83f100 android.view.SurfaceView.performSurfaceTransaction:959 android.view.SurfaceView.updateSurface:1105 android.view.SurfaceView.lambda$new$0$android-view-SurfaceView:200 
10-16 02:05:56.042 15890 15890 I ViewRootImpl@fb2a030[MainActivity]: applyTransactionOnDraw: mRemoved = false isHardwareEnabled = true t = 0x7b5d83f100android.view.SurfaceView.applyTransactionOnVriDraw:2048 android.view.SurfaceView.performSurfaceTransaction:959 android.view.SurfaceView.updateSurface:1105 android.view.SurfaceView.lambda$new$0$android-view-SurfaceView:200 android.view.SurfaceView$$ExternalSyntheticLambda5.onPreDraw:2 
10-16 02:05:56.042 15890 15890 I SurfaceView@dbaee60: updateSurface: mVisible = true mSurface.isValid() = true
10-16 02:05:56.042 15890 15890 I SurfaceView@dbaee60: updateSurface: mSurfaceCreated = true surfaceChanged = false visibleChanged = false
10-16 02:05:56.042 15890 15890 V SurfaceView@dbaee60: Layout: x=0 y=-1819 w=1080 h=525, frame=Rect(0, 0 - 1080, 525)
10-16 02:05:56.053 15890 15969 D SurfaceView@dbaee60: updateSurfacePosition RenderWorker, frameNr = 207, position = [0, -1872, 1080, -1347] surfaceSize = 1080x525
10-16 02:05:56.053 15890 15969 I SurfaceView@dbaee60: uSP: rtp = Rect(0, -1872 - 1080, -1347) rtsw = 1080 rtsh = 525
10-16 02:05:56.053 15890 15969 I SurfaceView@dbaee60: onSSPAndSRT: pl = 0 pt = -1872 sx = 1.0 sy = 1.0
10-16 02:05:56.053 15890 15969 I SurfaceView@dbaee60: aOrMT: ViewRootImpl@fb2a030[MainActivity] t = android.view.SurfaceControl$Transaction@3cd2ab8 fN = 207 android.view.SurfaceView.-$$Nest$mapplyOrMergeTransaction:0 android.view.SurfaceView$SurfaceViewPositionUpdateListener.positionChanged:1537 android.graphics.RenderNode$CompositePositionUpdateListener.positionChanged:373 
10-16 02:05:56.053 15890 15969 I ViewRootImpl@fb2a030[MainActivity]: mWNT: t=0x7af2960100 mBlastBufferQueue=0x7b5d85c500 fn= 207 caller= android.view.SurfaceView.applyOrMergeTransaction:1455 android.view.SurfaceView.-$$Nest$mapplyOrMergeTransaction:0 android.view.SurfaceView$SurfaceViewPositionUpdateListener.positionChanged:1537 
10-16 02:05:56.053 15890 15969 I ViewRootImpl@fb2a030[MainActivity]: mWNT: t=0x7b5d83f100 mBlastBufferQueue=0x7b5d85c500 fn= 207 caller= android.view.ViewRootImpl.lambda$applyTransactionOnDraw$11$android-view-ViewRootImpl:12865 android.view.ViewRootImpl$$ExternalSyntheticLambda1.onFrameDraw:4 android.graphics.HardwareRenderer$FrameDrawingCallback.onFrameDraw:924 
10-16 02:05:56.058 15890 15890 I SurfaceView@dbaee60: Changes: creating=false format=false size=false visible=false alpha=false hint=false mUseAlpha=false visible=false left=false top=true
10-16 02:05:56.058 15890 15890 I SurfaceView@dbaee60: 230354528 Cur surface: Surface(name=null)/@0x6f36815
10-16 02:05:56.058 15890 15890 I SurfaceView@dbaee60: applyTransactionOnVriDraw: vri = ViewRootImpl@fb2a030[MainActivity] fRS = false t = 0x7b5d83f200 android.view.SurfaceView.performSurfaceTransaction:959 android.view.SurfaceView.updateSurface:1105 android.view.SurfaceView.lambda$new$0$android-view-SurfaceView:200 
10-16 02:05:56.058 15890 15890 I ViewRootImpl@fb2a030[MainActivity]: applyTransactionOnDraw: mRemoved = false isHardwareEnabled = true t = 0x7b5d83f200android.view.SurfaceView.applyTransactionOnVriDraw:2048 android.view.SurfaceView.performSurfaceTransaction:959 android.view.SurfaceView.updateSurface:1105 android.view.SurfaceView.lambda$new$0$android-view-SurfaceView:200 android.view.SurfaceView$$ExternalSyntheticLambda5.onPreDraw:2 
10-16 02:05:56.059 15890 15890 I SurfaceView@dbaee60: updateSurface: mVisible = true mSurface.isValid() = true
10-16 02:05:56.059 15890 15890 I SurfaceView@dbaee60: updateSurface: mSurfaceCreated = true surfaceChanged = false visibleChanged = false
10-16 02:05:56.059 15890 15890 V SurfaceView@dbaee60: Layout: x=0 y=-1872 w=1080 h=525, frame=Rect(0, 0 - 1080, 525)
10-16 02:05:56.069 15890 15968 D SurfaceView@dbaee60: updateSurfacePosition RenderWorker, frameNr = 208, position = [0, -1918, 1080, -1393] surfaceSize = 1080x525
10-16 02:05:56.069 15890 15968 I SurfaceView@dbaee60: uSP: rtp = Rect(0, -1918 - 1080, -1393) rtsw = 1080 rtsh = 525
10-16 02:05:56.069 15890 15968 I SurfaceView@dbaee60: onSSPAndSRT: pl = 0 pt = -1918 sx = 1.0 sy = 1.0
10-16 02:05:56.070 15890 15968 I SurfaceView@dbaee60: aOrMT: ViewRootImpl@fb2a030[MainActivity] t = android.view.SurfaceControl$Transaction@3cd2ab8 fN = 208 android.view.SurfaceView.-$$Nest$mapplyOrMergeTransaction:0 android.view.SurfaceView$SurfaceViewPositionUpdateListener.positionChanged:1537 android.graphics.RenderNode$CompositePositionUpdateListener.positionChanged:373 
10-16 02:05:56.070 15890 15968 I ViewRootImpl@fb2a030[MainActivity]: mWNT: t=0x7af2960100 mBlastBufferQueue=0x7b5d85c500 fn= 208 caller= android.view.SurfaceView.applyOrMergeTransaction:1455 android.view.SurfaceView.-$$Nest$mapplyOrMergeTransaction:0 android.view.SurfaceView$SurfaceViewPositionUpdateListener.positionChanged:1537 
10-16 02:05:56.070 15890 15968 I ViewRootImpl@fb2a030[MainActivity]: mWNT: t=0x7b5d83f200 mBlastBufferQueue=0x7b5d85c500 fn= 208 caller= android.view.ViewRootImpl.lambda$applyTransactionOnDraw$11$android-view-ViewRootImpl:12865 android.view.ViewRootImpl$$ExternalSyntheticLambda1.onFrameDraw:4 android.graphics.HardwareRenderer$FrameDrawingCallback.onFrameDraw:924 
10-16 02:05:56.074 15890 15890 I SurfaceView@dbaee60: Changes: creating=false format=false size=false visible=false alpha=false hint=false mUseAlpha=false visible=false left=false top=true
10-16 02:05:56.074 15890 15890 I SurfaceView@dbaee60: 230354528 Cur surface: Surface(name=null)/@0x6f36815
10-16 02:05:56.075 15890 15890 I SurfaceView@dbaee60: applyTransactionOnVriDraw: vri = ViewRootImpl@fb2a030[MainActivity] fRS = false t = 0x7b5d83f300 android.view.SurfaceView.performSurfaceTransaction:959 android.view.SurfaceView.updateSurface:1105 android.view.SurfaceView.lambda$new$0$android-view-SurfaceView:200 
10-16 02:05:56.075 15890 15890 I ViewRootImpl@fb2a030[MainActivity]: applyTransactionOnDraw: mRemoved = false isHardwareEnabled = true t = 0x7b5d83f300android.view.SurfaceView.applyTransactionOnVriDraw:2048 android.view.SurfaceView.performSurfaceTransaction:959 android.view.SurfaceView.updateSurface:1105 android.view.SurfaceView.lambda$new$0$android-view-SurfaceView:200 android.view.SurfaceView$$ExternalSyntheticLambda5.onPreDraw:2 
10-16 02:05:56.075 15890 15890 I SurfaceView@dbaee60: updateSurface: mVisible = true mSurface.isValid() = true
10-16 02:05:56.075 15890 15890 I SurfaceView@dbaee60: updateSurface: mSurfaceCreated = true surfaceChanged = false visibleChanged = false
10-16 02:05:56.075 15890 15890 V SurfaceView@dbaee60: Layout: x=0 y=-1918 w=1080 h=525, frame=Rect(0, 0 - 1080, 525)
10-16 02:05:56.087 15890 15969 D SurfaceView@dbaee60: updateSurfacePosition RenderWorker, frameNr = 209, position = [0, -1935, 1080, -1400] surfaceSize = 1080x525
10-16 02:05:56.087 15890 15969 I SurfaceView@dbaee60: uSP: rtp = Rect(0, -1935 - 1080, -1400) rtsw = 1080 rtsh = 525
10-16 02:05:56.087 15890 15969 I SurfaceView@dbaee60: onSSPAndSRT: pl = 0 pt = -1935 sx = 1.0 sy = 1.0190476
10-16 02:05:56.087 15890 15969 I SurfaceView@dbaee60: aOrMT: ViewRootImpl@fb2a030[MainActivity] t = android.view.SurfaceControl$Transaction@3cd2ab8 fN = 209 android.view.SurfaceView.-$$Nest$mapplyOrMergeTransaction:0 android.view.SurfaceView$SurfaceViewPositionUpdateListener.positionChanged:1537 android.graphics.RenderNode$CompositePositionUpdateListener.positionChanged:373 
10-16 02:05:56.087 15890 15969 I ViewRootImpl@fb2a030[MainActivity]: mWNT: t=0x7af2960100 mBlastBufferQueue=0x7b5d85c500 fn= 209 caller= android.view.SurfaceView.applyOrMergeTransaction:1455 android.view.SurfaceView.-$$Nest$mapplyOrMergeTransaction:0 android.view.SurfaceView$SurfaceViewPositionUpdateListener.positionChanged:1537 
10-16 02:05:56.088 15890 15969 I ViewRootImpl@fb2a030[MainActivity]: mWNT: t=0x7b5d83f300 mBlastBufferQueue=0x7b5d85c500 fn= 209 caller= android.view.ViewRootImpl.lambda$applyTransactionOnDraw$11$android-view-ViewRootImpl:12865 android.view.ViewRootImpl$$ExternalSyntheticLambda1.onFrameDraw:4 android.graphics.HardwareRenderer$FrameDrawingCallback.onFrameDraw:924 
10-16 02:05:56.108 15890 15968 D SurfaceView@dbaee60: updateSurfacePosition RenderWorker, frameNr = 210, position = [0, -1940, 1080, -1403] surfaceSize = 1080x525
10-16 02:05:56.108 15890 15968 I SurfaceView@dbaee60: uSP: rtp = Rect(0, -1940 - 1080, -1403) rtsw = 1080 rtsh = 525
10-16 02:05:56.108 15890 15968 I SurfaceView@dbaee60: onSSPAndSRT: pl = 0 pt = -1940 sx = 1.0 sy = 1.0228572
