10-16 01:12:27.548  3018  3018 I SurfaceView@94e19fd: applyTransactionOnVriDraw: vri = ViewRootImpl@4276aad[MainActivity] fRS = false t = 0x7b16093f00 android.view.SurfaceView.performSurfaceTransaction:959 android.view.SurfaceView.updateSurface:1105 android.view.SurfaceView.lambda$new$0$android-view-SurfaceView:200 
10-16 01:12:27.548  3018  3018 I ViewRootImpl@4276aad[MainActivity]: applyTransactionOnDraw: mRemoved = false isHardwareEnabled = true t = 0x7b16093f00android.view.SurfaceView.applyTransactionOnVriDraw:2048 android.view.SurfaceView.performSurfaceTransaction:959 android.view.SurfaceView.updateSurface:1105 android.view.SurfaceView.lambda$new$0$android-view-SurfaceView:200 android.view.SurfaceView$$ExternalSyntheticLambda5.onPreDraw:2 
10-16 01:12:27.548  3018  3018 I SurfaceView@94e19fd: updateSurface: mVisible = true mSurface.isValid() = true
10-16 01:12:27.548  3018  3018 I SurfaceView@94e19fd: updateSurface: mSurfaceCreated = true surfaceChanged = false visibleChanged = false
10-16 01:12:27.548  3018  3018 V SurfaceView@94e19fd: Layout: x=0 y=-1561 w=1080 h=525, frame=Rect(0, 0 - 1080, 525)
10-16 01:12:27.553  3018  3089 D SurfaceView@94e19fd: updateSurfacePosition RenderWorker, frameNr = 711, position = [0, -1561, 1080, -1036] surfaceSize = 1080x525
10-16 01:12:27.553  3018  3089 I SurfaceView@94e19fd: uSP: rtp = Rect(0, -1561 - 1080, -1036) rtsw = 1080 rtsh = 525
10-16 01:12:27.553  3018  3089 I SurfaceView@94e19fd: onSSPAndSRT: pl = 0 pt = -1561 sx = 1.0 sy = 1.0
10-16 01:12:27.553  3018  3089 I SurfaceView@94e19fd: aOrMT: ViewRootImpl@4276aad[MainActivity] t = android.view.SurfaceControl$Transaction@342c764 fN = 711 android.view.SurfaceView.-$$Nest$mapplyOrMergeTransaction:0 android.view.SurfaceView$SurfaceViewPositionUpdateListener.positionChanged:1537 android.graphics.RenderNode$CompositePositionUpdateListener.positionChanged:373 
10-16 01:12:27.554  3018  3089 I ViewRootImpl@4276aad[MainActivity]: mWNT: t=0x7b44474a00 mBlastBufferQueue=0x7b5c368500 fn= 711 caller= android.view.SurfaceView.applyOrMergeTransaction:1455 android.view.SurfaceView.-$$Nest$mapplyOrMergeTransaction:0 android.view.SurfaceView$SurfaceViewPositionUpdateListener.positionChanged:1537 
10-16 01:12:27.554  3018  3089 I ViewRootImpl@4276aad[MainActivity]: mWNT: t=0x7b16093f00 mBlastBufferQueue=0x7b5c368500 fn= 711 caller= android.view.ViewRootImpl.lambda$applyTransactionOnDraw$11$android-view-ViewRootImpl:12865 android.view.ViewRootImpl$$ExternalSyntheticLambda1.onFrameDraw:4 android.graphics.HardwareRenderer$FrameDrawingCallback.onFrameDraw:924 
10-16 01:12:27.562  3018  3018 I SurfaceView@94e19fd: Changes: creating=false format=false size=false visible=false alpha=false hint=false mUseAlpha=false visible=false left=false top=true
10-16 01:12:27.562  3018  3018 I SurfaceView@94e19fd: 156113405 Cur surface: Surface(name=null)/@0xdd2fa1b
10-16 01:12:27.563  3018  3018 I SurfaceView@94e19fd: applyTransactionOnVriDraw: vri = ViewRootImpl@4276aad[MainActivity] fRS = false t = 0x7b2c4ead00 android.view.SurfaceView.performSurfaceTransaction:959 android.view.SurfaceView.updateSurface:1105 android.view.SurfaceView.lambda$new$0$android-view-SurfaceView:200 
10-16 01:12:27.563  3018  3018 I ViewRootImpl@4276aad[MainActivity]: applyTransactionOnDraw: mRemoved = false isHardwareEnabled = true t = 0x7b2c4ead00android.view.SurfaceView.applyTransactionOnVriDraw:2048 android.view.SurfaceView.performSurfaceTransaction:959 android.view.SurfaceView.updateSurface:1105 android.view.SurfaceView.lambda$new$0$android-view-SurfaceView:200 android.view.SurfaceView$$ExternalSyntheticLambda5.onPreDraw:2 
10-16 01:12:27.563  3018  3018 I SurfaceView@94e19fd: updateSurface: mVisible = true mSurface.isValid() = true
10-16 01:12:27.563  3018  3018 I SurfaceView@94e19fd: updateSurface: mSurfaceCreated = true surfaceChanged = false visibleChanged = false
10-16 01:12:27.563  3018  3018 V SurfaceView@94e19fd: Layout: x=0 y=-1463 w=1080 h=525, frame=Rect(0, 0 - 1080, 525)
10-16 01:12:27.567  3018  3088 I ViewRootImpl@4276aad[MainActivity]: mWNT: t=0x7b2c4ead00 mBlastBufferQueue=0x7b5c368500 fn= 712 caller= android.view.ViewRootImpl.lambda$applyTransactionOnDraw$11$android-view-ViewRootImpl:12865 android.view.ViewRootImpl$$ExternalSyntheticLambda1.onFrameDraw:4 android.graphics.HardwareRenderer$FrameDrawingCallback.onFrameDraw:924 
10-16 01:12:27.578  3018  3018 I SurfaceView@94e19fd: Changes: creating=false format=false size=false visible=false alpha=false hint=false mUseAlpha=false visible=false left=false top=true
10-16 01:12:27.578  3018  3018 I SurfaceView@94e19fd: 156113405 Cur surface: Surface(name=null)/@0xdd2fa1b
10-16 01:12:27.578  3018  3018 I SurfaceView@94e19fd: applyTransactionOnVriDraw: vri = ViewRootImpl@4276aad[MainActivity] fRS = false t = 0x7b2c656a00 android.view.SurfaceView.performSurfaceTransaction:959 android.view.SurfaceView.updateSurface:1105 android.view.SurfaceView.lambda$new$0$android-view-SurfaceView:200 
10-16 01:12:27.579  3018  3018 I ViewRootImpl@4276aad[MainActivity]: applyTransactionOnDraw: mRemoved = false isHardwareEnabled = true t = 0x7b2c656a00android.view.SurfaceView.applyTransactionOnVriDraw:2048 android.view.SurfaceView.performSurfaceTransaction:959 android.view.SurfaceView.updateSurface:1105 android.view.SurfaceView.lambda$new$0$android-view-SurfaceView:200 android.view.SurfaceView$$ExternalSyntheticLambda5.onPreDraw:2 
10-16 01:12:27.579  3018  3018 I SurfaceView@94e19fd: updateSurface: mVisible = true mSurface.isValid() = true
10-16 01:12:27.579  3018  3018 I SurfaceView@94e19fd: updateSurface: mSurfaceCreated = true surfaceChanged = false visibleChanged = false
10-16 01:12:27.579  3018  3018 V SurfaceView@94e19fd: Layout: x=0 y=-1316 w=1080 h=525, frame=Rect(0, 0 - 1080, 525)
10-16 01:12:27.582  3018  3089 D SurfaceView@94e19fd: updateSurfacePosition RenderWorker, frameNr = 713, position = [0, -1316, 1080, -791] surfaceSize = 1080x525
10-16 01:12:27.582  3018  3089 I SurfaceView@94e19fd: uSP: rtp = Rect(0, -1316 - 1080, -791) rtsw = 1080 rtsh = 525
10-16 01:12:27.582  3018  3089 I SurfaceView@94e19fd: onSSPAndSRT: pl = 0 pt = -1316 sx = 1.0 sy = 1.0
10-16 01:12:27.582  3018  3089 I SurfaceView@94e19fd: aOrMT: ViewRootImpl@4276aad[MainActivity] t = android.view.SurfaceControl$Transaction@342c764 fN = 713 android.view.SurfaceView.-$$Nest$mapplyOrMergeTransaction:0 android.view.SurfaceView$SurfaceViewPositionUpdateListener.positionChanged:1537 android.graphics.RenderNode$CompositePositionUpdateListener.positionChanged:373 
10-16 01:12:27.583  3018  3089 I ViewRootImpl@4276aad[MainActivity]: mWNT: t=0x7b44474a00 mBlastBufferQueue=0x7b5c368500 fn= 713 caller= android.view.SurfaceView.applyOrMergeTransaction:1455 android.view.SurfaceView.-$$Nest$mapplyOrMergeTransaction:0 android.view.SurfaceView$SurfaceViewPositionUpdateListener.positionChanged:1537 
10-16 01:12:27.583  3018  3089 I ViewRootImpl@4276aad[MainActivity]: mWNT: t=0x7b2c656a00 mBlastBufferQueue=0x7b5c368500 fn= 713 caller= android.view.ViewRootImpl.lambda$applyTransactionOnDraw$11$android-view-ViewRootImpl:12865 android.view.ViewRootImpl$$ExternalSyntheticLambda1.onFrameDraw:4 android.graphics.HardwareRenderer$FrameDrawingCallback.onFrameDraw:924 
10-16 01:12:27.596  3018  3018 I SurfaceView@94e19fd: Changes: creating=false format=false size=false visible=false alpha=false hint=false mUseAlpha=false visible=false left=false top=true
10-16 01:12:27.596  3018  3018 I SurfaceView@94e19fd: 156113405 Cur surface: Surface(name=null)/@0xdd2fa1b
10-16 01:12:27.596  3018  3018 I SurfaceView@94e19fd: applyTransactionOnVriDraw: vri = ViewRootImpl@4276aad[MainActivity] fRS = false t = 0x7b2c317000 android.view.SurfaceView.performSurfaceTransaction:959 android.view.SurfaceView.updateSurface:1105 android.view.SurfaceView.lambda$new$0$android-view-SurfaceView:200 
10-16 01:12:27.596  3018  3018 I ViewRootImpl@4276aad[MainActivity]: applyTransactionOnDraw: mRemoved = false isHardwareEnabled = true t = 0x7b2c317000android.view.SurfaceView.applyTransactionOnVriDraw:2048 android.view.SurfaceView.performSurfaceTransaction:959 android.view.SurfaceView.updateSurface:1105 android.view.SurfaceView.lambda$new$0$android-view-SurfaceView:200 android.view.SurfaceView$$ExternalSyntheticLambda5.onPreDraw:2 
10-16 01:12:27.596  3018  3018 I SurfaceView@94e19fd: updateSurface: mVisible = true mSurface.isValid() = true
10-16 01:12:27.597  3018  3018 I SurfaceView@94e19fd: updateSurface: mSurfaceCreated = true surfaceChanged = false visibleChanged = false
10-16 01:12:27.597  3018  3018 V SurfaceView@94e19fd: Layout: x=0 y=-1146 w=1080 h=525, frame=Rect(0, 0 - 1080, 525)
10-16 01:12:27.600  3018  3088 D SurfaceView@94e19fd: updateSurfacePosition RenderWorker, frameNr = 714, position = [0, -1146, 1080, -621] surfaceSize = 1080x525
10-16 01:12:27.600  3018  3088 I SurfaceView@94e19fd: uSP: rtp = Rect(0, -1146 - 1080, -621) rtsw = 1080 rtsh = 525
10-16 01:12:27.600  3018  3088 I SurfaceView@94e19fd: onSSPAndSRT: pl = 0 pt = -1146 sx = 1.0 sy = 1.0
10-16 01:12:27.600  3018  3088 I SurfaceView@94e19fd: aOrMT: ViewRootImpl@4276aad[MainActivity] t = android.view.SurfaceControl$Transaction@342c764 fN = 714 android.view.SurfaceView.-$$Nest$mapplyOrMergeTransaction:0 android.view.SurfaceView$SurfaceViewPositionUpdateListener.positionChanged:1537 android.graphics.RenderNode$CompositePositionUpdateListener.positionChanged:373 
10-16 01:12:27.600  3018  3088 I ViewRootImpl@4276aad[MainActivity]: mWNT: t=0x7b44474a00 mBlastBufferQueue=0x7b5c368500 fn= 714 caller= android.view.SurfaceView.applyOrMergeTransaction:1455 android.view.SurfaceView.-$$Nest$mapplyOrMergeTransaction:0 android.view.SurfaceView$SurfaceViewPositionUpdateListener.positionChanged:1537 
10-16 01:12:27.600  3018  3088 I ViewRootImpl@4276aad[MainActivity]: mWNT: t=0x7b2c317000 mBlastBufferQueue=0x7b5c368500 fn= 714 caller= android.view.ViewRootImpl.lambda$applyTransactionOnDraw$11$android-view-ViewRootImpl:12865 android.view.ViewRootImpl$$ExternalSyntheticLambda1.onFrameDraw:4 android.graphics.HardwareRenderer$FrameDrawingCallback.onFrameDraw:924 
10-16 01:12:27.612  3018  3018 I SurfaceView@94e19fd: Changes: creating=false format=false size=false visible=false alpha=false hint=false mUseAlpha=false visible=false left=false top=true
10-16 01:12:27.612  3018  3018 I SurfaceView@94e19fd: 156113405 Cur surface: Surface(name=null)/@0xdd2fa1b
10-16 01:12:27.612  3018  3018 I SurfaceView@94e19fd: applyTransactionOnVriDraw: vri = ViewRootImpl@4276aad[MainActivity] fRS = false t = 0x7b2c317100 android.view.SurfaceView.performSurfaceTransaction:959 android.view.SurfaceView.updateSurface:1105 android.view.SurfaceView.lambda$new$0$android-view-SurfaceView:200 
10-16 01:12:27.612  3018  3018 I ViewRootImpl@4276aad[MainActivity]: applyTransactionOnDraw: mRemoved = false isHardwareEnabled = true t = 0x7b2c317100android.view.SurfaceView.applyTransactionOnVriDraw:2048 android.view.SurfaceView.performSurfaceTransaction:959 android.view.SurfaceView.updateSurface:1105 android.view.SurfaceView.lambda$new$0$android-view-SurfaceView:200 android.view.SurfaceView$$ExternalSyntheticLambda5.onPreDraw:2 
10-16 01:12:27.612  3018  3018 I SurfaceView@94e19fd: updateSurface: mVisible = true mSurface.isValid() = true
10-16 01:12:27.612  3018  3018 I SurfaceView@94e19fd: updateSurface: mSurfaceCreated = true surfaceChanged = false visibleChanged = false
10-16 01:12:27.613  3018  3018 V SurfaceView@94e19fd: Layout: x=0 y=-952 w=1080 h=525, frame=Rect(0, 0 - 1080, 525)
10-16 01:12:27.615  3018  3089 D SurfaceView@94e19fd: updateSurfacePosition RenderWorker, frameNr = 715, position = [0, -952, 1080, -427] surfaceSize = 1080x525
10-16 01:12:27.616  3018  3089 I SurfaceView@94e19fd: uSP: rtp = Rect(0, -952 - 1080, -427) rtsw = 1080 rtsh = 525
10-16 01:12:27.616  3018  3089 I SurfaceView@94e19fd: onSSPAndSRT: pl = 0 pt = -952 sx = 1.0 sy = 1.0
10-16 01:12:27.616  3018  3089 I SurfaceView@94e19fd: aOrMT: ViewRootImpl@4276aad[MainActivity] t = android.view.SurfaceControl$Transaction@342c764 fN = 715 android.view.SurfaceView.-$$Nest$mapplyOrMergeTransaction:0 android.view.SurfaceView$SurfaceViewPositionUpdateListener.positionChanged:1537 android.graphics.RenderNode$CompositePositionUpdateListener.positionChanged:373 
10-16 01:12:27.616  3018  3089 I ViewRootImpl@4276aad[MainActivity]: mWNT: t=0x7b44474a00 mBlastBufferQueue=0x7b5c368500 fn= 715 caller= android.view.SurfaceView.applyOrMergeTransaction:1455 android.view.SurfaceView.-$$Nest$mapplyOrMergeTransaction:0 android.view.SurfaceView$SurfaceViewPositionUpdateListener.positionChanged:1537 
10-16 01:12:27.616  3018  3089 I ViewRootImpl@4276aad[MainActivity]: mWNT: t=0x7b2c317100 mBlastBufferQueue=0x7b5c368500 fn= 715 caller= android.view.ViewRootImpl.lambda$applyTransactionOnDraw$11$android-view-ViewRootImpl:12865 android.view.ViewRootImpl$$ExternalSyntheticLambda1.onFrameDraw:4 android.graphics.HardwareRenderer$FrameDrawingCallback.onFrameDraw:924 
10-16 01:12:27.628  3018  3018 I SurfaceView@94e19fd: Changes: creating=false format=false size=false visible=false alpha=false hint=false mUseAlpha=false visible=false left=false top=true
10-16 01:12:27.628  3018  3018 I SurfaceView@94e19fd: 156113405 Cur surface: Surface(name=null)/@0xdd2fa1b
10-16 01:12:27.629  3018  3018 I SurfaceView@94e19fd: applyTransactionOnVriDraw: vri = ViewRootImpl@4276aad[MainActivity] fRS = false t = 0x7b2c317200 android.view.SurfaceView.performSurfaceTransaction:959 android.view.SurfaceView.updateSurface:1105 android.view.SurfaceView.lambda$new$0$android-view-SurfaceView:200 
10-16 01:12:27.629  3018  3018 I ViewRootImpl@4276aad[MainActivity]: applyTransactionOnDraw: mRemoved = false isHardwareEnabled = true t = 0x7b2c317200android.view.SurfaceView.applyTransactionOnVriDraw:2048 android.view.SurfaceView.performSurfaceTransaction:959 android.view.SurfaceView.updateSurface:1105 android.view.SurfaceView.lambda$new$0$android-view-SurfaceView:200 android.view.SurfaceView$$ExternalSyntheticLambda5.onPreDraw:2 
10-16 01:12:27.629  3018  3018 I SurfaceView@94e19fd: updateSurface: mVisible = true mSurface.isValid() = true
10-16 01:12:27.629  3018  3018 I SurfaceView@94e19fd: updateSurface: mSurfaceCreated = true surfaceChanged = false visibleChanged = false
10-16 01:12:27.629  3018  3018 V SurfaceView@94e19fd: Layout: x=0 y=-761 w=1080 h=525, frame=Rect(0, 0 - 1080, 525)
10-16 01:12:27.632  3018  3088 D SurfaceView@94e19fd: updateSurfacePosition RenderWorker, frameNr = 716, position = [0, -761, 1080, -236] surfaceSize = 1080x525
10-16 01:12:27.632  3018  3088 I SurfaceView@94e19fd: uSP: rtp = Rect(0, -761 - 1080, -236) rtsw = 1080 rtsh = 525
10-16 01:12:27.632  3018  3088 I SurfaceView@94e19fd: onSSPAndSRT: pl = 0 pt = -761 sx = 1.0 sy = 1.0
10-16 01:12:27.632  3018  3088 I SurfaceView@94e19fd: aOrMT: ViewRootImpl@4276aad[MainActivity] t = android.view.SurfaceControl$Transaction@342c764 fN = 716 android.view.SurfaceView.-$$Nest$mapplyOrMergeTransaction:0 android.view.SurfaceView$SurfaceViewPositionUpdateListener.positionChanged:1537 android.graphics.RenderNode$CompositePositionUpdateListener.positionChanged:373 
10-16 01:12:27.632  3018  3088 I ViewRootImpl@4276aad[MainActivity]: mWNT: t=0x7b44474a00 mBlastBufferQueue=0x7b5c368500 fn= 716 caller= android.view.SurfaceView.applyOrMergeTransaction:1455 android.view.SurfaceView.-$$Nest$mapplyOrMergeTransaction:0 android.view.SurfaceView$SurfaceViewPositionUpdateListener.positionChanged:1537 
10-16 01:12:27.632  3018  3088 I ViewRootImpl@4276aad[MainActivity]: mWNT: t=0x7b2c317200 mBlastBufferQueue=0x7b5c368500 fn= 716 caller= android.view.ViewRootImpl.lambda$applyTransactionOnDraw$11$android-view-ViewRootImpl:12865 android.view.ViewRootImpl$$ExternalSyntheticLambda1.onFrameDraw:4 android.graphics.HardwareRenderer$FrameDrawingCallback.onFrameDraw:924 
10-16 01:12:27.645  3018  3018 I SurfaceView@94e19fd: Changes: creating=false format=false size=false visible=false alpha=false hint=false mUseAlpha=false visible=false left=false top=true
10-16 01:12:27.646  3018  3018 I SurfaceView@94e19fd: 156113405 Cur surface: Surface(name=null)/@0xdd2fa1b
10-16 01:12:27.646  3018  3018 I SurfaceView@94e19fd: applyTransactionOnVriDraw: vri = ViewRootImpl@4276aad[MainActivity] fRS = false t = 0x7b2c317300 android.view.SurfaceView.performSurfaceTransaction:959 android.view.SurfaceView.updateSurface:1105 android.view.SurfaceView.lambda$new$0$android-view-SurfaceView:200 
10-16 01:12:27.646  3018  3018 I ViewRootImpl@4276aad[MainActivity]: applyTransactionOnDraw: mRemoved = false isHardwareEnabled = true t = 0x7b2c317300android.view.SurfaceView.applyTransactionOnVriDraw:2048 android.view.SurfaceView.performSurfaceTransaction:959 android.view.SurfaceView.updateSurface:1105 android.view.SurfaceView.lambda$new$0$android-view-SurfaceView:200 android.view.SurfaceView$$ExternalSyntheticLambda5.onPreDraw:2 
10-16 01:12:27.646  3018  3018 I SurfaceView@94e19fd: updateSurface: mVisible = true mSurface.isValid() = true
10-16 01:12:27.646  3018  3018 I SurfaceView@94e19fd: updateSurface: mSurfaceCreated = true surfaceChanged = false visibleChanged = false
10-16 01:12:27.646  3018  3018 V SurfaceView@94e19fd: Layout: x=0 y=-572 w=1080 h=525, frame=Rect(0, 0 - 1080, 525)
10-16 01:12:27.650  3018  3089 D SurfaceView@94e19fd: updateSurfacePosition RenderWorker, frameNr = 717, position = [0, -572, 1080, -47] surfaceSize = 1080x525
10-16 01:12:27.650  3018  3089 I SurfaceView@94e19fd: uSP: rtp = Rect(0, -572 - 1080, -47) rtsw = 1080 rtsh = 525
10-16 01:12:27.650  3018  3089 I SurfaceView@94e19fd: onSSPAndSRT: pl = 0 pt = -572 sx = 1.0 sy = 1.0
10-16 01:12:27.650  3018  3089 I SurfaceView@94e19fd: aOrMT: ViewRootImpl@4276aad[MainActivity] t = android.view.SurfaceControl$Transaction@342c764 fN = 717 android.view.SurfaceView.-$$Nest$mapplyOrMergeTransaction:0 android.view.SurfaceView$SurfaceViewPositionUpdateListener.positionChanged:1537 android.graphics.RenderNode$CompositePositionUpdateListener.positionChanged:373 
10-16 01:12:27.650  3018  3089 I ViewRootImpl@4276aad[MainActivity]: mWNT: t=0x7b44474a00 mBlastBufferQueue=0x7b5c368500 fn= 717 caller= android.view.SurfaceView.applyOrMergeTransaction:1455 android.view.SurfaceView.-$$Nest$mapplyOrMergeTransaction:0 android.view.SurfaceView$SurfaceViewPositionUpdateListener.positionChanged:1537 
10-16 01:12:27.650  3018  3089 I ViewRootImpl@4276aad[MainActivity]: mWNT: t=0x7b2c317300 mBlastBufferQueue=0x7b5c368500 fn= 717 caller= android.view.ViewRootImpl.lambda$applyTransactionOnDraw$11$android-view-ViewRootImpl:12865 android.view.ViewRootImpl$$ExternalSyntheticLambda1.onFrameDraw:4 android.graphics.HardwareRenderer$FrameDrawingCallback.onFrameDraw:924 
10-16 01:12:27.662  3018  3018 I SurfaceView@94e19fd: Changes: creating=false format=false size=false visible=false alpha=false hint=false mUseAlpha=false visible=false left=false top=true
10-16 01:12:27.663  3018  3018 I SurfaceView@94e19fd: 156113405 Cur surface: Surface(name=null)/@0xdd2fa1b
10-16 01:12:27.663  3018  3018 I SurfaceView@94e19fd: applyTransactionOnVriDraw: vri = ViewRootImpl@4276aad[MainActivity] fRS = false t = 0x7b2c317400 android.view.SurfaceView.performSurfaceTransaction:959 android.view.SurfaceView.updateSurface:1105 android.view.SurfaceView.lambda$new$0$android-view-SurfaceView:200 
10-16 01:12:27.663  3018  3018 I ViewRootImpl@4276aad[MainActivity]: applyTransactionOnDraw: mRemoved = false isHardwareEnabled = true t = 0x7b2c317400android.view.SurfaceView.applyTransactionOnVriDraw:2048 android.view.SurfaceView.performSurfaceTransaction:959 android.view.SurfaceView.updateSurface:1105 android.view.SurfaceView.lambda$new$0$android-view-SurfaceView:200 android.view.SurfaceView$$ExternalSyntheticLambda5.onPreDraw:2 
10-16 01:12:27.663  3018  3018 I SurfaceView@94e19fd: updateSurface: mVisible = true mSurface.isValid() = true
10-16 01:12:27.663  3018  3018 I SurfaceView@94e19fd: updateSurface: mSurfaceCreated = true surfaceChanged = false visibleChanged = false
10-16 01:12:27.663  3018  3018 V SurfaceView@94e19fd: Layout: x=0 y=-374 w=1080 h=525, frame=Rect(0, 0 - 1080, 525)
10-16 01:12:27.667  3018  3088 D SurfaceView@94e19fd: updateSurfacePosition RenderWorker, frameNr = 718, position = [0, -374, 1080, 151] surfaceSize = 1080x525
10-16 01:12:27.667  3018  3088 I SurfaceView@94e19fd: uSP: rtp = Rect(0, -374 - 1080, 151) rtsw = 1080 rtsh = 525
10-16 01:12:27.667  3018  3088 I SurfaceView@94e19fd: onSSPAndSRT: pl = 0 pt = -374 sx = 1.0 sy = 1.0
10-16 01:12:27.668  3018  3088 I SurfaceView@94e19fd: aOrMT: ViewRootImpl@4276aad[MainActivity] t = android.view.SurfaceControl$Transaction@342c764 fN = 718 android.view.SurfaceView.-$$Nest$mapplyOrMergeTransaction:0 android.view.SurfaceView$SurfaceViewPositionUpdateListener.positionChanged:1537 android.graphics.RenderNode$CompositePositionUpdateListener.positionChanged:373 
10-16 01:12:27.668  3018  3088 I ViewRootImpl@4276aad[MainActivity]: mWNT: t=0x7b44474a00 mBlastBufferQueue=0x7b5c368500 fn= 718 caller= android.view.SurfaceView.applyOrMergeTransaction:1455 android.view.SurfaceView.-$$Nest$mapplyOrMergeTransaction:0 android.view.SurfaceView$SurfaceViewPositionUpdateListener.positionChanged:1537 
10-16 01:12:27.669  3018  3088 I ViewRootImpl@4276aad[MainActivity]: mWNT: t=0x7b2c317400 mBlastBufferQueue=0x7b5c368500 fn= 718 caller= android.view.ViewRootImpl.lambda$applyTransactionOnDraw$11$android-view-ViewRootImpl:12865 android.view.ViewRootImpl$$ExternalSyntheticLambda1.onFrameDraw:4 android.graphics.HardwareRenderer$FrameDrawingCallback.onFrameDraw:924 
10-16 01:12:27.679  3018  3018 I SurfaceView@94e19fd: Changes: creating=false format=false size=false visible=false alpha=false hint=false mUseAlpha=false visible=false left=false top=true
10-16 01:12:27.679  3018  3018 I SurfaceView@94e19fd: 156113405 Cur surface: Surface(name=null)/@0xdd2fa1b
10-16 01:12:27.679  3018  3018 I SurfaceView@94e19fd: applyTransactionOnVriDraw: vri = ViewRootImpl@4276aad[MainActivity] fRS = false t = 0x7b2c317500 android.view.SurfaceView.performSurfaceTransaction:959 android.view.SurfaceView.updateSurface:1105 android.view.SurfaceView.lambda$new$0$android-view-SurfaceView:200 
10-16 01:12:27.680  3018  3018 I ViewRootImpl@4276aad[MainActivity]: applyTransactionOnDraw: mRemoved = false isHardwareEnabled = true t = 0x7b2c317500android.view.SurfaceView.applyTransactionOnVriDraw:2048 android.view.SurfaceView.performSurfaceTransaction:959 android.view.SurfaceView.updateSurface:1105 android.view.SurfaceView.lambda$new$0$android-view-SurfaceView:200 android.view.SurfaceView$$ExternalSyntheticLambda5.onPreDraw:2 
10-16 01:12:27.680  3018  3018 I SurfaceView@94e19fd: updateSurface: mVisible = true mSurface.isValid() = true
10-16 01:12:27.680  3018  3018 I SurfaceView@94e19fd: updateSurface: mSurfaceCreated = true surfaceChanged = false visibleChanged = false
10-16 01:12:27.680  3018  3018 V SurfaceView@94e19fd: Layout: x=0 y=-191 w=1080 h=525, frame=Rect(0, 0 - 1080, 525)
10-16 01:12:27.683  3018  3089 D SurfaceView@94e19fd: updateSurfacePosition RenderWorker, frameNr = 719, position = [0, -191, 1080, 334] surfaceSize = 1080x525
10-16 01:12:27.683  3018  3089 I SurfaceView@94e19fd: uSP: rtp = Rect(0, -191 - 1080, 334) rtsw = 1080 rtsh = 525
10-16 01:12:27.683  3018  3089 I SurfaceView@94e19fd: onSSPAndSRT: pl = 0 pt = -191 sx = 1.0 sy = 1.0
10-16 01:12:27.683  3018  3089 I SurfaceView@94e19fd: aOrMT: ViewRootImpl@4276aad[MainActivity] t = android.view.SurfaceControl$Transaction@342c764 fN = 719 android.view.SurfaceView.-$$Nest$mapplyOrMergeTransaction:0 android.view.SurfaceView$SurfaceViewPositionUpdateListener.positionChanged:1537 android.graphics.RenderNode$CompositePositionUpdateListener.positionChanged:373 
10-16 01:12:27.683  3018  3089 I ViewRootImpl@4276aad[MainActivity]: mWNT: t=0x7b44474a00 mBlastBufferQueue=0x7b5c368500 fn= 719 caller= android.view.SurfaceView.applyOrMergeTransaction:1455 android.view.SurfaceView.-$$Nest$mapplyOrMergeTransaction:0 android.view.SurfaceView$SurfaceViewPositionUpdateListener.positionChanged:1537 
10-16 01:12:27.683  3018  3089 I ViewRootImpl@4276aad[MainActivity]: mWNT: t=0x7b2c317500 mBlastBufferQueue=0x7b5c368500 fn= 719 caller= android.view.ViewRootImpl.lambda$applyTransactionOnDraw$11$android-view-ViewRootImpl:12865 android.view.ViewRootImpl$$ExternalSyntheticLambda1.onFrameDraw:4 android.graphics.HardwareRenderer$FrameDrawingCallback.onFrameDraw:924 
10-16 01:12:27.696  3018  3018 I SurfaceView@94e19fd: Changes: creating=false format=false size=false visible=false alpha=false hint=false mUseAlpha=false visible=false left=false top=true
10-16 01:12:27.696  3018  3018 I SurfaceView@94e19fd: 156113405 Cur surface: Surface(name=null)/@0xdd2fa1b
10-16 01:12:27.697  3018  3018 I SurfaceView@94e19fd: applyTransactionOnVriDraw: vri = ViewRootImpl@4276aad[MainActivity] fRS = false t = 0x7b2c317600 android.view.SurfaceView.performSurfaceTransaction:959 android.view.SurfaceView.updateSurface:1105 android.view.SurfaceView.lambda$new$0$android-view-SurfaceView:200 
10-16 01:12:27.697  3018  3018 I ViewRootImpl@4276aad[MainActivity]: applyTransactionOnDraw: mRemoved = false isHardwareEnabled = true t = 0x7b2c317600android.view.SurfaceView.applyTransactionOnVriDraw:2048 android.view.SurfaceView.performSurfaceTransaction:959 android.view.SurfaceView.updateSurface:1105 android.view.SurfaceView.lambda$new$0$android-view-SurfaceView:200 android.view.SurfaceView$$ExternalSyntheticLambda5.onPreDraw:2 
10-16 01:12:27.697  3018  3018 I SurfaceView@94e19fd: updateSurface: mVisible = true mSurface.isValid() = true
10-16 01:12:27.697  3018  3018 I SurfaceView@94e19fd: updateSurface: mSurfaceCreated = true surfaceChanged = false visibleChanged = false
10-16 01:12:27.697  3018  3018 V SurfaceView@94e19fd: Layout: x=0 y=-2 w=1080 h=525, frame=Rect(0, 0 - 1080, 525)
10-16 01:12:27.700  3018  3088 D SurfaceView@94e19fd: updateSurfacePosition RenderWorker, frameNr = 720, position = [0, -2, 1080, 523] surfaceSize = 1080x525
10-16 01:12:27.700  3018  3088 I SurfaceView@94e19fd: uSP: rtp = Rect(0, -2 - 1080, 523) rtsw = 1080 rtsh = 525
10-16 01:12:27.700  3018  3088 I SurfaceView@94e19fd: onSSPAndSRT: pl = 0 pt = -2 sx = 1.0 sy = 1.0
10-16 01:12:27.700  3018  3088 I SurfaceView@94e19fd: aOrMT: ViewRootImpl@4276aad[MainActivity] t = android.view.SurfaceControl$Transaction@342c764 fN = 720 android.view.SurfaceView.-$$Nest$mapplyOrMergeTransaction:0 android.view.SurfaceView$SurfaceViewPositionUpdateListener.positionChanged:1537 android.graphics.RenderNode$CompositePositionUpdateListener.positionChanged:373 
10-16 01:12:27.700  3018  3088 I ViewRootImpl@4276aad[MainActivity]: mWNT: t=0x7b44474a00 mBlastBufferQueue=0x7b5c368500 fn= 720 caller= android.view.SurfaceView.applyOrMergeTransaction:1455 android.view.SurfaceView.-$$Nest$mapplyOrMergeTransaction:0 android.view.SurfaceView$SurfaceViewPositionUpdateListener.positionChanged:1537 
10-16 01:12:27.701  3018  3088 I ViewRootImpl@4276aad[MainActivity]: mWNT: t=0x7b2c317600 mBlastBufferQueue=0x7b5c368500 fn= 720 caller= android.view.ViewRootImpl.lambda$applyTransactionOnDraw$11$android-view-ViewRootImpl:12865 android.view.ViewRootImpl$$ExternalSyntheticLambda1.onFrameDraw:4 android.graphics.HardwareRenderer$FrameDrawingCallback.onFrameDraw:924 
10-16 01:12:27.713  3018  3018 I SurfaceView@94e19fd: Changes: creating=false format=false size=false visible=false alpha=false hint=false mUseAlpha=false visible=false left=false top=true
10-16 01:12:27.713  3018  3018 I SurfaceView@94e19fd: 156113405 Cur surface: Surface(name=null)/@0xdd2fa1b
10-16 01:12:27.714  3018  3018 I SurfaceView@94e19fd: applyTransactionOnVriDraw: vri = ViewRootImpl@4276aad[MainActivity] fRS = false t = 0x7b2c317700 android.view.SurfaceView.performSurfaceTransaction:959 android.view.SurfaceView.updateSurface:1105 android.view.SurfaceView.lambda$new$0$android-view-SurfaceView:200 
10-16 01:12:27.714  3018  3018 I ViewRootImpl@4276aad[MainActivity]: applyTransactionOnDraw: mRemoved = false isHardwareEnabled = true t = 0x7b2c317700android.view.SurfaceView.applyTransactionOnVriDraw:2048 android.view.SurfaceView.performSurfaceTransaction:959 android.view.SurfaceView.updateSurface:1105 android.view.SurfaceView.lambda$new$0$android-view-SurfaceView:200 android.view.SurfaceView$$ExternalSyntheticLambda5.onPreDraw:2 
10-16 01:12:27.714  3018  3018 I SurfaceView@94e19fd: updateSurface: mVisible = true mSurface.isValid() = true
10-16 01:12:27.714  3018  3018 I SurfaceView@94e19fd: updateSurface: mSurfaceCreated = true surfaceChanged = false visibleChanged = false
10-16 01:12:27.714  3018  3018 V SurfaceView@94e19fd: Layout: x=0 y=184 w=1080 h=525, frame=Rect(0, 0 - 1080, 525)
10-16 01:12:27.719  3018  3089 D SurfaceView@94e19fd: updateSurfacePosition RenderWorker, frameNr = 721, position = [0, 184, 1080, 709] surfaceSize = 1080x525
10-16 01:12:27.719  3018  3089 I SurfaceView@94e19fd: uSP: rtp = Rect(0, 184 - 1080, 709) rtsw = 1080 rtsh = 525
10-16 01:12:27.719  3018  3089 I SurfaceView@94e19fd: onSSPAndSRT: pl = 0 pt = 184 sx = 1.0 sy = 1.0
10-16 01:12:27.720  3018  3089 I SurfaceView@94e19fd: aOrMT: ViewRootImpl@4276aad[MainActivity] t = android.view.SurfaceControl$Transaction@342c764 fN = 721 android.view.SurfaceView.-$$Nest$mapplyOrMergeTransaction:0 android.view.SurfaceView$SurfaceViewPositionUpdateListener.positionChanged:1537 android.graphics.RenderNode$CompositePositionUpdateListener.positionChanged:373 
10-16 01:12:27.720  3018  3089 I ViewRootImpl@4276aad[MainActivity]: mWNT: t=0x7b44474a00 mBlastBufferQueue=0x7b5c368500 fn= 721 caller= android.view.SurfaceView.applyOrMergeTransaction:1455 android.view.SurfaceView.-$$Nest$mapplyOrMergeTransaction:0 android.view.SurfaceView$SurfaceViewPositionUpdateListener.positionChanged:1537 
10-16 01:12:27.720  3018  3089 I ViewRootImpl@4276aad[MainActivity]: mWNT: t=0x7b2c317700 mBlastBufferQueue=0x7b5c368500 fn= 721 caller= android.view.ViewRootImpl.lambda$applyTransactionOnDraw$11$android-view-ViewRootImpl:12865 android.view.ViewRootImpl$$ExternalSyntheticLambda1.onFrameDraw:4 android.graphics.HardwareRenderer$FrameDrawingCallback.onFrameDraw:924 
10-16 01:12:27.729  3018  3018 I SurfaceView@94e19fd: Changes: creating=false format=false size=false visible=false alpha=false hint=false mUseAlpha=false visible=false left=false top=true
10-16 01:12:27.729  3018  3018 I SurfaceView@94e19fd: 156113405 Cur surface: Surface(name=null)/@0xdd2fa1b
10-16 01:12:27.729  3018  3018 I SurfaceView@94e19fd: applyTransactionOnVriDraw: vri = ViewRootImpl@4276aad[MainActivity] fRS = false t = 0x7b2c317800 android.view.SurfaceView.performSurfaceTransaction:959 android.view.SurfaceView.updateSurface:1105 android.view.SurfaceView.lambda$new$0$android-view-SurfaceView:200 
10-16 01:12:27.730  3018  3018 I ViewRootImpl@4276aad[MainActivity]: applyTransactionOnDraw: mRemoved = false isHardwareEnabled = true t = 0x7b2c317800android.view.SurfaceView.applyTransactionOnVriDraw:2048 android.view.SurfaceView.performSurfaceTransaction:959 android.view.SurfaceView.updateSurface:1105 android.view.SurfaceView.lambda$new$0$android-view-SurfaceView:200 android.view.SurfaceView$$ExternalSyntheticLambda5.onPreDraw:2 
10-16 01:12:27.730  3018  3018 I SurfaceView@94e19fd: updateSurface: mVisible = true mSurface.isValid() = true
10-16 01:12:27.730  3018  3018 I SurfaceView@94e19fd: updateSurface: mSurfaceCreated = true surfaceChanged = false visibleChanged = false
10-16 01:12:27.730  3018  3018 V SurfaceView@94e19fd: Layout: x=0 y=218 w=1080 h=525, frame=Rect(0, 0 - 1080, 525)
10-16 01:12:27.734  3018  3088 D SurfaceView@94e19fd: updateSurfacePosition RenderWorker, frameNr = 722, position = [0, 218, 1080, 743] surfaceSize = 1080x525
10-16 01:12:27.734  3018  3088 I SurfaceView@94e19fd: uSP: rtp = Rect(0, 218 - 1080, 743) rtsw = 1080 rtsh = 525
10-16 01:12:27.734  3018  3088 I SurfaceView@94e19fd: onSSPAndSRT: pl = 0 pt = 218 sx = 1.0 sy = 1.0
10-16 01:12:27.735  3018  3088 I SurfaceView@94e19fd: aOrMT: ViewRootImpl@4276aad[MainActivity] t = android.view.SurfaceControl$Transaction@342c764 fN = 722 android.view.SurfaceView.-$$Nest$mapplyOrMergeTransaction:0 android.view.SurfaceView$SurfaceViewPositionUpdateListener.positionChanged:1537 android.graphics.RenderNode$CompositePositionUpdateListener.positionChanged:373 
10-16 01:12:27.735  3018  3088 I ViewRootImpl@4276aad[MainActivity]: mWNT: t=0x7b44474a00 mBlastBufferQueue=0x7b5c368500 fn= 722 caller= android.view.SurfaceView.applyOrMergeTransaction:1455 android.view.SurfaceView.-$$Nest$mapplyOrMergeTransaction:0 android.view.SurfaceView$SurfaceViewPositionUpdateListener.positionChanged:1537 
10-16 01:12:27.735  3018  3088 I ViewRootImpl@4276aad[MainActivity]: mWNT: t=0x7b2c317800 mBlastBufferQueue=0x7b5c368500 fn= 722 caller= android.view.ViewRootImpl.lambda$applyTransactionOnDraw$11$android-view-ViewRootImpl:12865 android.view.ViewRootImpl$$ExternalSyntheticLambda1.onFrameDraw:4 android.graphics.HardwareRenderer$FrameDrawingCallback.onFrameDraw:924 
10-16 01:12:29.089  3018  3018 I ViewRootImpl@4276aad[MainActivity]: ViewPostIme pointer 0
10-16 01:12:29.257  3018  3018 D WindowOnBackDispatcher: onBackInvoked, viewRoot=ViewRootImpl@75d8cc3[Toast], callback=androidx.activity.OnBackPressedDispatcher$Api33Impl$$ExternalSyntheticLambda0@2766df4
10-16 01:12:29.267  3018  3018 I IMM_LC  : hsifw() - flag : 0
10-16 01:12:29.267  3018  3018 I IMM_LC  : hsifw() - mService.hideSoftInput
10-16 01:12:29.274  3018  3018 I CS3ExoPlayer: onStop
10-16 01:12:29.274  3018  3018 I CS3ExoPlayer: saveData
10-16 01:12:29.274  3018  3018 I CS3ExoPlayer: handleEvent Pause
10-16 01:12:29.625  3018  3089 D SurfaceView@94e19fd: updateSurfacePosition RenderWorker, frameNr = 775, position = [54, 314, 1026, 787] surfaceSize = 1080x525
10-16 01:12:29.625  3018  3089 I SurfaceView@94e19fd: uSP: rtp = Rect(54, 314 - 1026, 787) rtsw = 1080 rtsh = 525
10-16 01:12:29.625  3018  3089 I SurfaceView@94e19fd: onSSPAndSRT: pl = 54 pt = 314 sx = 0.9 sy = 0.9009524
10-16 01:12:29.625  3018  3089 I SurfaceView@94e19fd: aOrMT: ViewRootImpl@4276aad[MainActivity] t = android.view.SurfaceControl$Transaction@342c764 fN = 775 android.view.SurfaceView.-$$Nest$mapplyOrMergeTransaction:0 android.view.SurfaceView$SurfaceViewPositionUpdateListener.positionChanged:1537 android.graphics.RenderNode$CompositePositionUpdateListener.positionChanged:373 
10-16 01:12:29.625  3018  3089 I ViewRootImpl@4276aad[MainActivity]: mWNT: t=0x7b44474a00 mBlastBufferQueue=0x7b5c368500 fn= 775 caller= android.view.SurfaceView.applyOrMergeTransaction:1455 android.view.SurfaceView.-$$Nest$mapplyOrMergeTransaction:0 android.view.SurfaceView$SurfaceViewPositionUpdateListener.positionChanged:1537 
10-16 01:12:29.626  3018  3018 I SurfaceView@94e19fd: onWindowVisibilityChanged(8) false android.view.SurfaceView{94e19fd V.E..V... ........ 0,0-1080,525} of ViewRootImpl@4276aad[MainActivity]
10-16 01:12:29.626  3018  3018 I SurfaceView@94e19fd: Changes: creating=false format=false size=false visible=true alpha=false hint=false mUseAlpha=false visible=true left=false top=false
10-16 01:12:29.627  3018  3018 I SurfaceView@94e19fd: 156113405 Cur surface: Surface(name=null)/@0xdd2fa1b
10-16 01:12:29.627  3018  3018 I SurfaceView@94e19fd: applyTransactionOnVriDraw: vri = ViewRootImpl@4276aad[MainActivity] fRS = false t = 0x7b16301b00 android.view.SurfaceView.performSurfaceTransaction:959 android.view.SurfaceView.updateSurface:1105 android.view.SurfaceView.onWindowVisibilityChanged:371 
10-16 01:12:29.627  3018  3018 I ViewRootImpl@4276aad[MainActivity]: applyTransactionOnDraw: mRemoved = false isHardwareEnabled = true t = 0x7b16301b00android.view.SurfaceView.applyTransactionOnVriDraw:2048 android.view.SurfaceView.performSurfaceTransaction:959 android.view.SurfaceView.updateSurface:1105 android.view.SurfaceView.onWindowVisibilityChanged:371 android.view.View.dispatchDetachedFromWindow:22529 
10-16 01:12:29.627  3018  3018 I SurfaceView@94e19fd: surfaceDestroyed
10-16 01:12:29.627  3018  3018 I SurfaceView@94e19fd: surfaceDestroyed callback.size 0 #2 android.view.SurfaceView{94e19fd V.E..V... ........ 0,0-1080,525}
10-16 01:12:29.627  3018  3018 I SurfaceView@94e19fd: updateSurface: mVisible = false mSurface.isValid() = true
10-16 01:12:29.627  3018  3018 I SurfaceView@94e19fd: releaseSurfaces: viewRoot = ViewRootImpl@4276aad[MainActivity]
10-16 01:12:29.628  3018  3018 I SurfaceView@94e19fd: applyTransactionOnVriDraw: vri = ViewRootImpl@4276aad[MainActivity] fRS = true t = 0x7b16301e00 android.view.SurfaceView.releaseSurfaces:858 android.view.SurfaceView.updateSurface:1172 android.view.SurfaceView.onWindowVisibilityChanged:371 
10-16 01:12:29.628  3018  3018 I SurfaceView@94e19fd: applyTransactionOnVriDraw: viewRoot.applyTransactionOnDrawFromReleaseSurfaces
10-16 01:12:29.628  3018  3018 I ViewRootImpl@4276aad[MainActivity]: applyTransactionOnDraw: mRemoved = false isHardwareEnabled = true t = 0x7b16301e00android.view.ViewRootImpl.applyTransactionOnDrawFromReleaseSurfaces:12850 android.view.SurfaceView.applyTransactionOnVriDraw:2046 android.view.SurfaceView.releaseSurfaces:858 android.view.SurfaceView.updateSurface:1172 android.view.SurfaceView.onWindowVisibilityChanged:371 
10-16 01:12:29.628  3018  3018 V SurfaceView@94e19fd: Layout: x=0 y=218 w=1080 h=525, frame=Rect(0, 0 - 1080, 525)
10-16 01:12:29.628  3018  3018 I SurfaceView@94e19fd: onDetachedFromWindow: tryReleaseSurfaces()
10-16 01:12:29.628  3018  3018 I SurfaceView@94e19fd: releaseSurfaces: viewRoot = ViewRootImpl@4276aad[MainActivity]
10-16 01:12:29.628  3018  3018 I SurfaceView@94e19fd: applyTransactionOnVriDraw: vri = ViewRootImpl@4276aad[MainActivity] fRS = true t = 0x7b16301f00 android.view.SurfaceView.releaseSurfaces:858 android.view.SurfaceView.onDetachedFromWindow:500 android.view.View.dispatchDetachedFromWindow:22538 
10-16 01:12:29.628  3018  3018 I SurfaceView@94e19fd: applyTransactionOnVriDraw: viewRoot.applyTransactionOnDrawFromReleaseSurfaces
10-16 01:12:29.628  3018  3018 I ViewRootImpl@4276aad[MainActivity]: applyTransactionOnDraw: mRemoved = false isHardwareEnabled = true t = 0x7b16301f00android.view.ViewRootImpl.applyTransactionOnDrawFromReleaseSurfaces:12850 android.view.SurfaceView.applyTransactionOnVriDraw:2046 android.view.SurfaceView.releaseSurfaces:858 android.view.SurfaceView.onDetachedFromWindow:500 android.view.View.dispatchDetachedFromWindow:22538 
10-16 01:12:29.645  3018  3018 I DecorView: notifyKeepScreenOnChanged: keepScreenOn=false
10-16 01:12:29.646  3018  3018 I CS3ExoPlayer: releasePlayer
10-16 01:12:29.646  3018  3018 I CS3ExoPlayer: Handle event: PlayerAttachedEvent(player=null, source=Player)
10-16 01:12:29.647  3018  3018 I DecorView: notifyKeepScreenOnChanged: keepScreenOn=false
10-16 01:12:29.649  3018  3018 I ViewRootImpl@4276aad[MainActivity]: performTraversals params={(0,0)(fillxfill) sim={state=always_hidden adjust=resize} ty=BASE_APPLICATION wanim=0x1030309
10-16 01:12:29.649  3018  3018 I ViewRootImpl@4276aad[MainActivity]:   fl=85810100
10-16 01:12:29.649  3018  3018 I ViewRootImpl@4276aad[MainActivity]:   pfl=12020040
10-16 01:12:29.649  3018  3018 I ViewRootImpl@4276aad[MainActivity]:   vsysui=500
10-16 01:12:29.649  3018  3018 I ViewRootImpl@4276aad[MainActivity]:   bhv=DEFAULT
10-16 01:12:29.649  3018  3018 I ViewRootImpl@4276aad[MainActivity]:   fitSides= naviIconColor=0}
10-16 01:12:29.649  3018  3018 I ViewRootImpl@4276aad[MainActivity]: performTraversals mFirst=false windowShouldResize=false viewVisibilityChanged=false mForceNextWindowRelayout=false params={(0,0)(fillxfill) sim={state=always_hidden adjust=resize} ty=BASE_APPLICATION fmt=TRANSLUCENT wanim=0x1030309
10-16 01:12:29.649  3018  3018 I ViewRootImpl@4276aad[MainActivity]:   fl=85810100
10-16 01:12:29.649  3018  3018 I ViewRootImpl@4276aad[MainActivity]:   pfl=12020040
10-16 01:12:29.649  3018  3018 I ViewRootImpl@4276aad[MainActivity]:   vsysui=500
10-16 01:12:29.649  3018  3018 I ViewRootImpl@4276aad[MainActivity]:   bhv=DEFAULT
10-16 01:12:29.649  3018  3018 I ViewRootImpl@4276aad[MainActivity]:   fitSides= naviIconColor=0}
10-16 01:12:29.654  3018  3018 I ViewRootImpl@4276aad[MainActivity]: updateBlastSurfaceIfNeeded mBlastBufferQueue=0x7b5c368500 isSameSurfaceControl=true
10-16 01:12:29.654  3018  3018 I BLASTBufferQueue: update, w= 1080 h= 2400 mName = ViewRootImpl@4276aad[MainActivity] mNativeObject= 0x7b5c368500 sc.mNativeObject= 0x7ae806ac00 format= -3 caller= android.view.ViewRootImpl.updateBlastSurfaceIfNeeded:2898 android.view.ViewRootImpl.relayoutWindow:9847 android.view.ViewRootImpl.performTraversals:3884 android.view.ViewRootImpl.doTraversal:3116 android.view.ViewRootImpl$TraversalRunnable.run:10885 android.view.Choreographer$CallbackRecord.run:1301 
10-16 01:12:29.655  3018  3018 I ViewRootImpl@4276aad[MainActivity]: Relayout returned: old=(0,0,1080,2400) new=(0,0,1080,2400) req=(1080,2400)0 dur=5 res=0x0 s={true 0x7b5c1ab800} ch=false seqId=0
10-16 01:12:29.655  3018  3018 I ViewRootImpl@4276aad[MainActivity]: updateBoundsLayer: t = android.view.SurfaceControl$Transaction@6d0c33 sc = Surface(name=Bounds for - com.lagradost.cloudstream3/com.lagradost.cloudstream3.MainActivity@0)/@0xa97ebf0 frame = 776
10-16 01:12:29.655  3018  3018 I ViewRootImpl@4276aad[MainActivity]: mWNT: t=0x7b5c358100 mBlastBufferQueue=0x7b5c368500 fn= 776 caller= android.view.ViewRootImpl.prepareSurfaces:2985 android.view.ViewRootImpl.performTraversals:4233 android.view.ViewRootImpl.doTraversal:3116 
10-16 01:12:29.657  3018  3038 D SurfaceView@94e19fd: windowPositionLost, frameNr = 776
10-16 01:12:29.658  3018  3088 I ViewRootImpl@4276aad[MainActivity]: mWNT: t=0x7b16301b00 mBlastBufferQueue=0x7b5c368500 fn= 776 caller= android.view.ViewRootImpl.lambda$applyTransactionOnDraw$11$android-view-ViewRootImpl:12865 android.view.ViewRootImpl$$ExternalSyntheticLambda1.onFrameDraw:4 android.graphics.HardwareRenderer$FrameDrawingCallback.onFrameDraw:924 
10-16 01:12:29.658  3018  3088 I ViewRootImpl@4276aad[MainActivity]: mWNT: t=0x7b16301e00 mBlastBufferQueue=0x7b5c368500 fn= 776 caller= android.view.ViewRootImpl.lambda$applyTransactionOnDraw$11$android-view-ViewRootImpl:12865 android.view.ViewRootImpl$$ExternalSyntheticLambda1.onFrameDraw:4 android.graphics.HardwareRenderer$FrameDrawingCallback.onFrameDraw:924 
10-16 01:12:29.658  3018  3088 I ViewRootImpl@4276aad[MainActivity]: mWNT: t=0x7b16301f00 mBlastBufferQueue=0x7b5c368500 fn= 776 caller= android.view.ViewRootImpl.lambda$applyTransactionOnDraw$11$android-view-ViewRootImpl:12865 android.view.ViewRootImpl$$ExternalSyntheticLambda1.onFrameDraw:4 android.graphics.HardwareRenderer$FrameDrawingCallback.onFrameDraw:924 
10-16 01:12:30.084  3018  3018 I ViewRootImpl@4276aad[MainActivity]: ViewPostIme pointer 0
10-16 01:12:30.173  3018  3018 I ViewRootImpl@4276aad[MainActivity]: ViewPostIme pointer 1
10-16 01:12:30.191  3018  3018 I IMM_LC  : hsifw() - flag : 0
10-16 01:12:30.191  3018  3018 I IMM_LC  : hsifw() - mService.hideSoftInput
10-16 01:12:30.308  3018  3018 I PLG     : updatePluginList = https://raw.githubusercontent.com/adamwolker21/TestPlugins/refs/heads/master/repo.json
10-16 01:12:30.308  3018  3018 I PLG     : getPlugins = https://raw.githubusercontent.com/adamwolker21/TestPlugins/refs/heads/master/repo.json
10-16 01:12:30.360  3018  3018 E CoilImgLoader: Error loading image: coil3.network.HttpException: HTTP 404
10-16 01:12:31.648  3018  3018 I ViewRootImpl@4276aad[MainActivity]: ViewPostIme pointer 0
10-16 01:12:31.765  3018  3018 D WindowOnBackDispatcher: onBackInvoked, viewRoot=ViewRootImpl@75d8cc3[Toast], callback=androidx.activity.OnBackPressedDispatcher$Api33Impl$$ExternalSyntheticLambda0@2766df4
10-16 01:12:31.774  3018  3018 I IMM_LC  : hsifw() - flag : 0
10-16 01:12:31.775  3018  3018 I IMM_LC  : hsifw() - mService.hideSoftInput
10-16 01:12:32.987  3018  3018 I ViewRootImpl@4276aad[MainActivity]: ViewPostIme pointer 0
10-16 01:12:33.106  3018  3018 D WindowOnBackDispatcher: onBackInvoked, viewRoot=ViewRootImpl@75d8cc3[Toast], callback=androidx.activity.OnBackPressedDispatcher$Api33Impl$$ExternalSyntheticLambda0@2766df4
10-16 01:12:33.111  3018  3018 I IMM_LC  : hsifw() - flag : 0
10-16 01:12:33.111  3018  3018 I IMM_LC  : hsifw() - mService.hideSoftInput
10-16 01:12:33.116  3018  3018 D ScrollView: initGoToTop
10-16 01:12:33.147  3018  3018 E CoilImgLoader: Error loading image: coil3.request.NullRequestDataException: The request's data is null.
10-16 01:12:33.160  3018  3018 D ScrollView:  onsize change changed 
10-16 01:12:34.685  3018  3018 I ViewRootImpl@4276aad[MainActivity]: ViewPostIme pointer 0
10-16 01:12:34.741  3018  3018 I ViewRootImpl@4276aad[MainActivity]: ViewPostIme pointer 1
10-16 01:12:34.756  3018  3018 I NavComponent: Navigating to fragment: 2131361884
10-16 01:12:34.763  3018  3018 I IMM_LC  : hsifw() - flag : 0
10-16 01:12:34.763  3018  3018 I IMM_LC  : hsifw() - mService.hideSoftInput
10-16 01:12:35.528  3018  3018 I ViewRootImpl@4276aad[MainActivity]: ViewPostIme pointer 0
10-16 01:12:35.615  3018  3018 I ViewRootImpl@4276aad[MainActivity]: ViewPostIme pointer 1
10-16 01:12:36.535  3018  3018 I ViewRootImpl@4276aad[MainActivity]: ViewPostIme pointer 0
10-16 01:12:36.575  3018  3018 I ViewRootImpl@4276aad[MainActivity]: ViewPostIme pointer 1
10-16 01:12:36.600  3018  3018 I Dialog  : mIsDeviceDefault = false, mIsSamsungBasicInteraction = false, isMetaDataInActivity = false
10-16 01:12:36.604  3018  3018 I DecorView: [INFO] isPopOver=false config=false
10-16 01:12:36.604  3018  3018 I DecorView: updateCaptionType: isFloating=true isApplication=true hasWindowDecorCaption=false this=DecorView@c0ef3b4[]
10-16 01:12:36.604  3018  3018 D DecorView: setCaptionType = 0, this = DecorView@c0ef3b4[]
10-16 01:12:36.606  3018  3018 I DecorView: setWindowBackground: isPopOver=false color=ff010101 d=android.graphics.drawable.InsetDrawable@4805352
10-16 01:12:36.621  3018  3018 D ScrollView: initGoToTop
10-16 01:12:36.633  3018  3038 D NativeCustomFrequencyManager: [NativeCFMS] BpCustomFrequencyManager::BpCustomFrequencyManager()
10-16 01:12:36.634  3018  3018 I DecorView: onImmersiveModeChanged: isStatusBarHidden=true
10-16 01:12:36.641  3018  3018 D InsetsController: onStateChanged: InsetsState: {mDisplayFrame=Rect(0, 0 - 1080, 2400), mDisplayCutout=DisplayCutout{insets=Rect(0, 88 - 0, 0) waterfall=Insets{left=0, top=0, right=0, bottom=0} boundingRect={Bounds=[Rect(0, 0 - 0, 0), Rect(512, 0 - 568, 88), Rect(0, 0 - 0, 0), Rect(0, 0 - 0, 0)]} cutoutPathParserInfo={CutoutPathParserInfo{displayWidth=1080 displayHeight=2400 physicalDisplayWidth=1080 physicalDisplayHeight=2400 density={2.625} cutoutSpec={M 0,0 M 0,12.25101276465640 a 10.60613009248640,10.60613009248640 0 1,0 0,21.21226018497290 a 10.60613009248640,10.60613009248640 0 1,0 0,-21.21226018497290 Z @dp} rotation={0} scale={1.0} physicalPixelDisplaySizeRatio={1.0}}}}, mRoundedCorners=RoundedCorners{[RoundedCorner{position=TopLeft, radius=84, center=Point(84, 84)}, RoundedCorner{position=TopRight, radius=84, center=Point(996, 84)}, RoundedCorner{position=BottomRight, radius=84, center=Point(996, 2316)}, RoundedCorner{position=BottomLeft, radius=84, center=Point(84, 2316)}]}  mRoundedCornerFrame=Rect(0, 0 - 1080, 2400), mPrivacyIndicatorBounds=PrivacyIndicatorBounds {static bounds=Rect(964, 0 - 1080, 87) rotation=0}, mSources= { InsetsSource: {mType=ITYPE_STATUS_BAR, mFrame=[0,0][1080,88], mVisible=true, mInsetsRoundedCornerFrame=false}, InsetsSource: {mType=ITYPE_NAVIGATION_BAR, mFrame=[0,2361][1080,2400], mVisible=true, mInsetsRoundedCornerFrame=false}, InsetsSource: {mType=ITYPE_LEFT_GESTURES, mFrame=[0,0][130,2400], mVisible=true, mInsetsRoundedCornerFrame=false}, InsetsSource: {mType=ITYPE_RIGHT_GESTURES, mFrame=[950,0][1080,2400], mVisible=true, mInsetsRoundedCornerFrame=false}, InsetsSource: {mType=ITYPE_TOP_MANDATORY_GESTURES, mFrame=[0,0][1080,120], mVisible=true, mInsetsRoundedCornerFrame=false}, InsetsSource: {mType=ITYPE_BOTTOM_MANDATORY_GESTURES, mFrame=[0,2316][1080,2400], mVisible=true, mInsetsRoundedCornerFrame=false}, InsetsSource: {mType=ITYPE_LEFT_DISPLAY_CUTOUT, mFrame=[0,0][-100000,2400], mVisible=true, mInsetsRoundedCornerFrame=false}, InsetsSource: {mType=ITYPE_TOP_DISPLAY_CUTOUT, mFrame=[0,0][1080,88], mVisible=true, mInsetsRoundedCornerFrame=false}, InsetsSource: {mType=ITYPE_RIGHT_DISPLAY_CUTOUT, mFrame=[100000,0][1080,2400], mVisible=true, mInsetsRoundedCornerFrame=false}, InsetsSource: {mType=ITYPE_BOTTOM_DISPLAY_CUTOUT, mFrame=[0,100000][1080,2400], mVisible=true, mInsetsRoundedCornerFrame=false}, InsetsSource: {mType=ITYPE_TOP_TAPPABLE_ELEMENT, mFrame=[0,0][1080,88], mVisible=true, mInsetsRoundedCornerFrame=false}, InsetsSource: {mType=ITYPE_BOTTOM_TAPPABLE_ELEMENT, mFrame=[0,0][0,0], mVisible=true, mInsetsRoundedCornerFrame=false} } host=com.lagradost.cloudstream3/com.lagradost.cloudstream3.MainActivity from=android.view.ViewRootImpl.setView:1732
10-16 01:12:36.642  3018  3018 I ViewRootImpl@5b11a49[MainActivity]: setView = com.android.internal.policy.DecorView@c0ef3b4 TM=true
