10-16 01:51:32.754 12113 12213 I ViewRootImpl@97403c7[MainActivity]: mWNT: t=0x7b32bcd800 mBlastBufferQueue=0x7b5c186700 fn= 778 caller= android.view.ViewRootImpl.lambda$applyTransactionOnDraw$11$android-view-ViewRootImpl:12865 android.view.ViewRootImpl$$ExternalSyntheticLambda1.onFrameDraw:4 android.graphics.HardwareRenderer$FrameDrawingCallback.onFrameDraw:924 
10-16 01:51:32.766 12113 12113 I SurfaceView@476b54d: Changes: creating=false format=false size=false visible=false alpha=false hint=false mUseAlpha=false visible=false left=false top=true
10-16 01:51:32.766 12113 12113 I SurfaceView@476b54d: 74888525 Cur surface: Surface(name=null)/@0x43a4e65
10-16 01:51:32.767 12113 12113 I SurfaceView@476b54d: applyTransactionOnVriDraw: vri = ViewRootImpl@97403c7[MainActivity] fRS = false t = 0x7b32bcd900 android.view.SurfaceView.performSurfaceTransaction:959 android.view.SurfaceView.updateSurface:1105 android.view.SurfaceView.lambda$new$0$android-view-SurfaceView:200 
10-16 01:51:32.767 12113 12113 I ViewRootImpl@97403c7[MainActivity]: applyTransactionOnDraw: mRemoved = false isHardwareEnabled = true t = 0x7b32bcd900android.view.SurfaceView.applyTransactionOnVriDraw:2048 android.view.SurfaceView.performSurfaceTransaction:959 android.view.SurfaceView.updateSurface:1105 android.view.SurfaceView.lambda$new$0$android-view-SurfaceView:200 android.view.SurfaceView$$ExternalSyntheticLambda5.onPreDraw:2 
10-16 01:51:32.767 12113 12113 I SurfaceView@476b54d: updateSurface: mVisible = true mSurface.isValid() = true
10-16 01:51:32.767 12113 12113 I SurfaceView@476b54d: updateSurface: mSurfaceCreated = true surfaceChanged = false visibleChanged = false
10-16 01:51:32.767 12113 12113 V SurfaceView@476b54d: Layout: x=0 y=-527 w=1080 h=525, frame=Rect(0, 0 - 1080, 525)
10-16 01:51:32.770 12113 12212 D SurfaceView@476b54d: updateSurfacePosition RenderWorker, frameNr = 779, position = [0, -527, 1080, -2] surfaceSize = 1080x525
10-16 01:51:32.770 12113 12212 I SurfaceView@476b54d: uSP: rtp = Rect(0, -527 - 1080, -2) rtsw = 1080 rtsh = 525
10-16 01:51:32.770 12113 12212 I SurfaceView@476b54d: onSSPAndSRT: pl = 0 pt = -527 sx = 1.0 sy = 1.0
10-16 01:51:32.770 12113 12212 I SurfaceView@476b54d: aOrMT: ViewRootImpl@97403c7[MainActivity] t = android.view.SurfaceControl$Transaction@a20ad06 fN = 779 android.view.SurfaceView.-$$Nest$mapplyOrMergeTransaction:0 android.view.SurfaceView$SurfaceViewPositionUpdateListener.positionChanged:1537 android.graphics.RenderNode$CompositePositionUpdateListener.positionChanged:373 
10-16 01:51:32.770 12113 12212 I ViewRootImpl@97403c7[MainActivity]: mWNT: t=0x7b32a46000 mBlastBufferQueue=0x7b5c186700 fn= 779 caller= android.view.SurfaceView.applyOrMergeTransaction:1455 android.view.SurfaceView.-$$Nest$mapplyOrMergeTransaction:0 android.view.SurfaceView$SurfaceViewPositionUpdateListener.positionChanged:1537 
10-16 01:51:32.770 12113 12212 I ViewRootImpl@97403c7[MainActivity]: mWNT: t=0x7b32bcd900 mBlastBufferQueue=0x7b5c186700 fn= 779 caller= android.view.ViewRootImpl.lambda$applyTransactionOnDraw$11$android-view-ViewRootImpl:12865 android.view.ViewRootImpl$$ExternalSyntheticLambda1.onFrameDraw:4 android.graphics.HardwareRenderer$FrameDrawingCallback.onFrameDraw:924 
10-16 01:51:32.783 12113 12113 I SurfaceView@476b54d: Changes: creating=false format=false size=false visible=false alpha=false hint=false mUseAlpha=false visible=false left=false top=true
10-16 01:51:32.783 12113 12113 I SurfaceView@476b54d: 74888525 Cur surface: Surface(name=null)/@0x43a4e65
10-16 01:51:32.783 12113 12113 I SurfaceView@476b54d: applyTransactionOnVriDraw: vri = ViewRootImpl@97403c7[MainActivity] fRS = false t = 0x7b32bcda00 android.view.SurfaceView.performSurfaceTransaction:959 android.view.SurfaceView.updateSurface:1105 android.view.SurfaceView.lambda$new$0$android-view-SurfaceView:200 
10-16 01:51:32.784 12113 12113 I ViewRootImpl@97403c7[MainActivity]: applyTransactionOnDraw: mRemoved = false isHardwareEnabled = true t = 0x7b32bcda00android.view.SurfaceView.applyTransactionOnVriDraw:2048 android.view.SurfaceView.performSurfaceTransaction:959 android.view.SurfaceView.updateSurface:1105 android.view.SurfaceView.lambda$new$0$android-view-SurfaceView:200 android.view.SurfaceView$$ExternalSyntheticLambda5.onPreDraw:2 
10-16 01:51:32.784 12113 12113 I SurfaceView@476b54d: updateSurface: mVisible = true mSurface.isValid() = true
10-16 01:51:32.784 12113 12113 I SurfaceView@476b54d: updateSurface: mSurfaceCreated = true surfaceChanged = false visibleChanged = false
10-16 01:51:32.784 12113 12113 V SurfaceView@476b54d: Layout: x=0 y=-444 w=1080 h=525, frame=Rect(0, 0 - 1080, 525)
10-16 01:51:32.788 12113 12213 D SurfaceView@476b54d: updateSurfacePosition RenderWorker, frameNr = 780, position = [0, -444, 1080, 81] surfaceSize = 1080x525
10-16 01:51:32.788 12113 12213 I SurfaceView@476b54d: uSP: rtp = Rect(0, -444 - 1080, 81) rtsw = 1080 rtsh = 525
10-16 01:51:32.788 12113 12213 I SurfaceView@476b54d: onSSPAndSRT: pl = 0 pt = -444 sx = 1.0 sy = 1.0
10-16 01:51:32.788 12113 12213 I SurfaceView@476b54d: aOrMT: ViewRootImpl@97403c7[MainActivity] t = android.view.SurfaceControl$Transaction@a20ad06 fN = 780 android.view.SurfaceView.-$$Nest$mapplyOrMergeTransaction:0 android.view.SurfaceView$SurfaceViewPositionUpdateListener.positionChanged:1537 android.graphics.RenderNode$CompositePositionUpdateListener.positionChanged:373 
10-16 01:51:32.788 12113 12213 I ViewRootImpl@97403c7[MainActivity]: mWNT: t=0x7b32a46000 mBlastBufferQueue=0x7b5c186700 fn= 780 caller= android.view.SurfaceView.applyOrMergeTransaction:1455 android.view.SurfaceView.-$$Nest$mapplyOrMergeTransaction:0 android.view.SurfaceView$SurfaceViewPositionUpdateListener.positionChanged:1537 
10-16 01:51:32.789 12113 12213 I ViewRootImpl@97403c7[MainActivity]: mWNT: t=0x7b32bcda00 mBlastBufferQueue=0x7b5c186700 fn= 780 caller= android.view.ViewRootImpl.lambda$applyTransactionOnDraw$11$android-view-ViewRootImpl:12865 android.view.ViewRootImpl$$ExternalSyntheticLambda1.onFrameDraw:4 android.graphics.HardwareRenderer$FrameDrawingCallback.onFrameDraw:924 
10-16 01:51:32.800 12113 12113 I SurfaceView@476b54d: Changes: creating=false format=false size=false visible=false alpha=false hint=false mUseAlpha=false visible=false left=false top=true
10-16 01:51:32.800 12113 12113 I SurfaceView@476b54d: 74888525 Cur surface: Surface(name=null)/@0x43a4e65
10-16 01:51:32.800 12113 12113 I SurfaceView@476b54d: applyTransactionOnVriDraw: vri = ViewRootImpl@97403c7[MainActivity] fRS = false t = 0x7b32bcdb00 android.view.SurfaceView.performSurfaceTransaction:959 android.view.SurfaceView.updateSurface:1105 android.view.SurfaceView.lambda$new$0$android-view-SurfaceView:200 
10-16 01:51:32.800 12113 12113 I ViewRootImpl@97403c7[MainActivity]: applyTransactionOnDraw: mRemoved = false isHardwareEnabled = true t = 0x7b32bcdb00android.view.SurfaceView.applyTransactionOnVriDraw:2048 android.view.SurfaceView.performSurfaceTransaction:959 android.view.SurfaceView.updateSurface:1105 android.view.SurfaceView.lambda$new$0$android-view-SurfaceView:200 android.view.SurfaceView$$ExternalSyntheticLambda5.onPreDraw:2 
10-16 01:51:32.801 12113 12113 I SurfaceView@476b54d: updateSurface: mVisible = true mSurface.isValid() = true
10-16 01:51:32.801 12113 12113 I SurfaceView@476b54d: updateSurface: mSurfaceCreated = true surfaceChanged = false visibleChanged = false
10-16 01:51:32.801 12113 12113 V SurfaceView@476b54d: Layout: x=0 y=-363 w=1080 h=525, frame=Rect(0, 0 - 1080, 525)
10-16 01:51:32.805 12113 12212 D SurfaceView@476b54d: updateSurfacePosition RenderWorker, frameNr = 781, position = [0, -363, 1080, 162] surfaceSize = 1080x525
10-16 01:51:32.805 12113 12212 I SurfaceView@476b54d: uSP: rtp = Rect(0, -363 - 1080, 162) rtsw = 1080 rtsh = 525
10-16 01:51:32.805 12113 12212 I SurfaceView@476b54d: onSSPAndSRT: pl = 0 pt = -363 sx = 1.0 sy = 1.0
10-16 01:51:32.805 12113 12212 I SurfaceView@476b54d: aOrMT: ViewRootImpl@97403c7[MainActivity] t = android.view.SurfaceControl$Transaction@a20ad06 fN = 781 android.view.SurfaceView.-$$Nest$mapplyOrMergeTransaction:0 android.view.SurfaceView$SurfaceViewPositionUpdateListener.positionChanged:1537 android.graphics.RenderNode$CompositePositionUpdateListener.positionChanged:373 
10-16 01:51:32.805 12113 12212 I ViewRootImpl@97403c7[MainActivity]: mWNT: t=0x7b32a46000 mBlastBufferQueue=0x7b5c186700 fn= 781 caller= android.view.SurfaceView.applyOrMergeTransaction:1455 android.view.SurfaceView.-$$Nest$mapplyOrMergeTransaction:0 android.view.SurfaceView$SurfaceViewPositionUpdateListener.positionChanged:1537 
10-16 01:51:32.805 12113 12212 I ViewRootImpl@97403c7[MainActivity]: mWNT: t=0x7b32bcdb00 mBlastBufferQueue=0x7b5c186700 fn= 781 caller= android.view.ViewRootImpl.lambda$applyTransactionOnDraw$11$android-view-ViewRootImpl:12865 android.view.ViewRootImpl$$ExternalSyntheticLambda1.onFrameDraw:4 android.graphics.HardwareRenderer$FrameDrawingCallback.onFrameDraw:924 
10-16 01:51:32.816 12113 12113 I SurfaceView@476b54d: Changes: creating=false format=false size=false visible=false alpha=false hint=false mUseAlpha=false visible=false left=false top=true
10-16 01:51:32.816 12113 12113 I SurfaceView@476b54d: 74888525 Cur surface: Surface(name=null)/@0x43a4e65
10-16 01:51:32.817 12113 12113 I SurfaceView@476b54d: applyTransactionOnVriDraw: vri = ViewRootImpl@97403c7[MainActivity] fRS = false t = 0x7b32bcdc00 android.view.SurfaceView.performSurfaceTransaction:959 android.view.SurfaceView.updateSurface:1105 android.view.SurfaceView.lambda$new$0$android-view-SurfaceView:200 
10-16 01:51:32.817 12113 12113 I ViewRootImpl@97403c7[MainActivity]: applyTransactionOnDraw: mRemoved = false isHardwareEnabled = true t = 0x7b32bcdc00android.view.SurfaceView.applyTransactionOnVriDraw:2048 android.view.SurfaceView.performSurfaceTransaction:959 android.view.SurfaceView.updateSurface:1105 android.view.SurfaceView.lambda$new$0$android-view-SurfaceView:200 android.view.SurfaceView$$ExternalSyntheticLambda5.onPreDraw:2 
10-16 01:51:32.817 12113 12113 I SurfaceView@476b54d: updateSurface: mVisible = true mSurface.isValid() = true
10-16 01:51:32.817 12113 12113 I SurfaceView@476b54d: updateSurface: mSurfaceCreated = true surfaceChanged = false visibleChanged = false
10-16 01:51:32.817 12113 12113 V SurfaceView@476b54d: Layout: x=0 y=-291 w=1080 h=525, frame=Rect(0, 0 - 1080, 525)
10-16 01:51:32.821 12113 12213 D SurfaceView@476b54d: updateSurfacePosition RenderWorker, frameNr = 782, position = [0, -291, 1080, 234] surfaceSize = 1080x525
10-16 01:51:32.821 12113 12213 I SurfaceView@476b54d: uSP: rtp = Rect(0, -291 - 1080, 234) rtsw = 1080 rtsh = 525
10-16 01:51:32.821 12113 12213 I SurfaceView@476b54d: onSSPAndSRT: pl = 0 pt = -291 sx = 1.0 sy = 1.0
10-16 01:51:32.822 12113 12213 I SurfaceView@476b54d: aOrMT: ViewRootImpl@97403c7[MainActivity] t = android.view.SurfaceControl$Transaction@a20ad06 fN = 782 android.view.SurfaceView.-$$Nest$mapplyOrMergeTransaction:0 android.view.SurfaceView$SurfaceViewPositionUpdateListener.positionChanged:1537 android.graphics.RenderNode$CompositePositionUpdateListener.positionChanged:373 
10-16 01:51:32.822 12113 12213 I ViewRootImpl@97403c7[MainActivity]: mWNT: t=0x7b32a46000 mBlastBufferQueue=0x7b5c186700 fn= 782 caller= android.view.SurfaceView.applyOrMergeTransaction:1455 android.view.SurfaceView.-$$Nest$mapplyOrMergeTransaction:0 android.view.SurfaceView$SurfaceViewPositionUpdateListener.positionChanged:1537 
10-16 01:51:32.822 12113 12213 I ViewRootImpl@97403c7[MainActivity]: mWNT: t=0x7b32bcdc00 mBlastBufferQueue=0x7b5c186700 fn= 782 caller= android.view.ViewRootImpl.lambda$applyTransactionOnDraw$11$android-view-ViewRootImpl:12865 android.view.ViewRootImpl$$ExternalSyntheticLambda1.onFrameDraw:4 android.graphics.HardwareRenderer$FrameDrawingCallback.onFrameDraw:924 
10-16 01:51:32.833 12113 12113 I SurfaceView@476b54d: Changes: creating=false format=false size=false visible=false alpha=false hint=false mUseAlpha=false visible=false left=false top=true
10-16 01:51:32.833 12113 12113 I SurfaceView@476b54d: 74888525 Cur surface: Surface(name=null)/@0x43a4e65
10-16 01:51:32.834 12113 12113 I SurfaceView@476b54d: applyTransactionOnVriDraw: vri = ViewRootImpl@97403c7[MainActivity] fRS = false t = 0x7b32bcdd00 android.view.SurfaceView.performSurfaceTransaction:959 android.view.SurfaceView.updateSurface:1105 android.view.SurfaceView.lambda$new$0$android-view-SurfaceView:200 
10-16 01:51:32.834 12113 12113 I ViewRootImpl@97403c7[MainActivity]: applyTransactionOnDraw: mRemoved = false isHardwareEnabled = true t = 0x7b32bcdd00android.view.SurfaceView.applyTransactionOnVriDraw:2048 android.view.SurfaceView.performSurfaceTransaction:959 android.view.SurfaceView.updateSurface:1105 android.view.SurfaceView.lambda$new$0$android-view-SurfaceView:200 android.view.SurfaceView$$ExternalSyntheticLambda5.onPreDraw:2 
10-16 01:51:32.834 12113 12113 I SurfaceView@476b54d: updateSurface: mVisible = true mSurface.isValid() = true
10-16 01:51:32.834 12113 12113 I SurfaceView@476b54d: updateSurface: mSurfaceCreated = true surfaceChanged = false visibleChanged = false
10-16 01:51:32.834 12113 12113 V SurfaceView@476b54d: Layout: x=0 y=-217 w=1080 h=525, frame=Rect(0, 0 - 1080, 525)
10-16 01:51:32.836 12113 12212 D SurfaceView@476b54d: updateSurfacePosition RenderWorker, frameNr = 783, position = [0, -217, 1080, 308] surfaceSize = 1080x525
10-16 01:51:32.837 12113 12212 I SurfaceView@476b54d: uSP: rtp = Rect(0, -217 - 1080, 308) rtsw = 1080 rtsh = 525
10-16 01:51:32.837 12113 12212 I SurfaceView@476b54d: onSSPAndSRT: pl = 0 pt = -217 sx = 1.0 sy = 1.0
10-16 01:51:32.837 12113 12212 I SurfaceView@476b54d: aOrMT: ViewRootImpl@97403c7[MainActivity] t = android.view.SurfaceControl$Transaction@a20ad06 fN = 783 android.view.SurfaceView.-$$Nest$mapplyOrMergeTransaction:0 android.view.SurfaceView$SurfaceViewPositionUpdateListener.positionChanged:1537 android.graphics.RenderNode$CompositePositionUpdateListener.positionChanged:373 
10-16 01:51:32.837 12113 12212 I ViewRootImpl@97403c7[MainActivity]: mWNT: t=0x7b32a46000 mBlastBufferQueue=0x7b5c186700 fn= 783 caller= android.view.SurfaceView.applyOrMergeTransaction:1455 android.view.SurfaceView.-$$Nest$mapplyOrMergeTransaction:0 android.view.SurfaceView$SurfaceViewPositionUpdateListener.positionChanged:1537 
10-16 01:51:32.837 12113 12212 I ViewRootImpl@97403c7[MainActivity]: mWNT: t=0x7b32bcdd00 mBlastBufferQueue=0x7b5c186700 fn= 783 caller= android.view.ViewRootImpl.lambda$applyTransactionOnDraw$11$android-view-ViewRootImpl:12865 android.view.ViewRootImpl$$ExternalSyntheticLambda1.onFrameDraw:4 android.graphics.HardwareRenderer$FrameDrawingCallback.onFrameDraw:924 
10-16 01:51:32.849 12113 12113 I SurfaceView@476b54d: Changes: creating=false format=false size=false visible=false alpha=false hint=false mUseAlpha=false visible=false left=false top=true
10-16 01:51:32.850 12113 12113 I SurfaceView@476b54d: 74888525 Cur surface: Surface(name=null)/@0x43a4e65
10-16 01:51:32.850 12113 12113 I SurfaceView@476b54d: applyTransactionOnVriDraw: vri = ViewRootImpl@97403c7[MainActivity] fRS = false t = 0x7b32bcde00 android.view.SurfaceView.performSurfaceTransaction:959 android.view.SurfaceView.updateSurface:1105 android.view.SurfaceView.lambda$new$0$android-view-SurfaceView:200 
10-16 01:51:32.850 12113 12113 I ViewRootImpl@97403c7[MainActivity]: applyTransactionOnDraw: mRemoved = false isHardwareEnabled = true t = 0x7b32bcde00android.view.SurfaceView.applyTransactionOnVriDraw:2048 android.view.SurfaceView.performSurfaceTransaction:959 android.view.SurfaceView.updateSurface:1105 android.view.SurfaceView.lambda$new$0$android-view-SurfaceView:200 android.view.SurfaceView$$ExternalSyntheticLambda5.onPreDraw:2 
10-16 01:51:32.851 12113 12113 I SurfaceView@476b54d: updateSurface: mVisible = true mSurface.isValid() = true
10-16 01:51:32.851 12113 12113 I SurfaceView@476b54d: updateSurface: mSurfaceCreated = true surfaceChanged = false visibleChanged = false
10-16 01:51:32.851 12113 12113 V SurfaceView@476b54d: Layout: x=0 y=-145 w=1080 h=525, frame=Rect(0, 0 - 1080, 525)
10-16 01:51:32.855 12113 12213 D SurfaceView@476b54d: updateSurfacePosition RenderWorker, frameNr = 784, position = [0, -145, 1080, 380] surfaceSize = 1080x525
10-16 01:51:32.855 12113 12213 I SurfaceView@476b54d: uSP: rtp = Rect(0, -145 - 1080, 380) rtsw = 1080 rtsh = 525
10-16 01:51:32.855 12113 12213 I SurfaceView@476b54d: onSSPAndSRT: pl = 0 pt = -145 sx = 1.0 sy = 1.0
10-16 01:51:32.855 12113 12213 I SurfaceView@476b54d: aOrMT: ViewRootImpl@97403c7[MainActivity] t = android.view.SurfaceControl$Transaction@a20ad06 fN = 784 android.view.SurfaceView.-$$Nest$mapplyOrMergeTransaction:0 android.view.SurfaceView$SurfaceViewPositionUpdateListener.positionChanged:1537 android.graphics.RenderNode$CompositePositionUpdateListener.positionChanged:373 
10-16 01:51:32.855 12113 12213 I ViewRootImpl@97403c7[MainActivity]: mWNT: t=0x7b32a46000 mBlastBufferQueue=0x7b5c186700 fn= 784 caller= android.view.SurfaceView.applyOrMergeTransaction:1455 android.view.SurfaceView.-$$Nest$mapplyOrMergeTransaction:0 android.view.SurfaceView$SurfaceViewPositionUpdateListener.positionChanged:1537 
10-16 01:51:32.856 12113 12213 I ViewRootImpl@97403c7[MainActivity]: mWNT: t=0x7b32bcde00 mBlastBufferQueue=0x7b5c186700 fn= 784 caller= android.view.ViewRootImpl.lambda$applyTransactionOnDraw$11$android-view-ViewRootImpl:12865 android.view.ViewRootImpl$$ExternalSyntheticLambda1.onFrameDraw:4 android.graphics.HardwareRenderer$FrameDrawingCallback.onFrameDraw:924 
10-16 01:51:32.866 12113 12113 I SurfaceView@476b54d: Changes: creating=false format=false size=false visible=false alpha=false hint=false mUseAlpha=false visible=false left=false top=true
10-16 01:51:32.866 12113 12113 I SurfaceView@476b54d: 74888525 Cur surface: Surface(name=null)/@0x43a4e65
10-16 01:51:32.867 12113 12113 I SurfaceView@476b54d: applyTransactionOnVriDraw: vri = ViewRootImpl@97403c7[MainActivity] fRS = false t = 0x7b32bcdf00 android.view.SurfaceView.performSurfaceTransaction:959 android.view.SurfaceView.updateSurface:1105 android.view.SurfaceView.lambda$new$0$android-view-SurfaceView:200 
10-16 01:51:32.867 12113 12113 I ViewRootImpl@97403c7[MainActivity]: applyTransactionOnDraw: mRemoved = false isHardwareEnabled = true t = 0x7b32bcdf00android.view.SurfaceView.applyTransactionOnVriDraw:2048 android.view.SurfaceView.performSurfaceTransaction:959 android.view.SurfaceView.updateSurface:1105 android.view.SurfaceView.lambda$new$0$android-view-SurfaceView:200 android.view.SurfaceView$$ExternalSyntheticLambda5.onPreDraw:2 
10-16 01:51:32.867 12113 12113 I SurfaceView@476b54d: updateSurface: mVisible = true mSurface.isValid() = true
10-16 01:51:32.867 12113 12113 I SurfaceView@476b54d: updateSurface: mSurfaceCreated = true surfaceChanged = false visibleChanged = false
10-16 01:51:32.867 12113 12113 V SurfaceView@476b54d: Layout: x=0 y=-82 w=1080 h=525, frame=Rect(0, 0 - 1080, 525)
10-16 01:51:32.869 12113 12212 D SurfaceView@476b54d: updateSurfacePosition RenderWorker, frameNr = 785, position = [0, -82, 1080, 443] surfaceSize = 1080x525
10-16 01:51:32.870 12113 12212 I SurfaceView@476b54d: uSP: rtp = Rect(0, -82 - 1080, 443) rtsw = 1080 rtsh = 525
10-16 01:51:32.870 12113 12212 I SurfaceView@476b54d: onSSPAndSRT: pl = 0 pt = -82 sx = 1.0 sy = 1.0
10-16 01:51:32.870 12113 12212 I SurfaceView@476b54d: aOrMT: ViewRootImpl@97403c7[MainActivity] t = android.view.SurfaceControl$Transaction@a20ad06 fN = 785 android.view.SurfaceView.-$$Nest$mapplyOrMergeTransaction:0 android.view.SurfaceView$SurfaceViewPositionUpdateListener.positionChanged:1537 android.graphics.RenderNode$CompositePositionUpdateListener.positionChanged:373 
10-16 01:51:32.870 12113 12212 I ViewRootImpl@97403c7[MainActivity]: mWNT: t=0x7b32a46000 mBlastBufferQueue=0x7b5c186700 fn= 785 caller= android.view.SurfaceView.applyOrMergeTransaction:1455 android.view.SurfaceView.-$$Nest$mapplyOrMergeTransaction:0 android.view.SurfaceView$SurfaceViewPositionUpdateListener.positionChanged:1537 
10-16 01:51:32.870 12113 12212 I ViewRootImpl@97403c7[MainActivity]: mWNT: t=0x7b32bcdf00 mBlastBufferQueue=0x7b5c186700 fn= 785 caller= android.view.ViewRootImpl.lambda$applyTransactionOnDraw$11$android-view-ViewRootImpl:12865 android.view.ViewRootImpl$$ExternalSyntheticLambda1.onFrameDraw:4 android.graphics.HardwareRenderer$FrameDrawingCallback.onFrameDraw:924 
10-16 01:51:32.882 12113 12113 I SurfaceView@476b54d: Changes: creating=false format=false size=false visible=false alpha=false hint=false mUseAlpha=false visible=false left=false top=true
10-16 01:51:32.882 12113 12113 I SurfaceView@476b54d: 74888525 Cur surface: Surface(name=null)/@0x43a4e65
10-16 01:51:32.882 12113 12113 I SurfaceView@476b54d: applyTransactionOnVriDraw: vri = ViewRootImpl@97403c7[MainActivity] fRS = false t = 0x7b32998000 android.view.SurfaceView.performSurfaceTransaction:959 android.view.SurfaceView.updateSurface:1105 android.view.SurfaceView.lambda$new$0$android-view-SurfaceView:200 
10-16 01:51:32.882 12113 12113 I ViewRootImpl@97403c7[MainActivity]: applyTransactionOnDraw: mRemoved = false isHardwareEnabled = true t = 0x7b32998000android.view.SurfaceView.applyTransactionOnVriDraw:2048 android.view.SurfaceView.performSurfaceTransaction:959 android.view.SurfaceView.updateSurface:1105 android.view.SurfaceView.lambda$new$0$android-view-SurfaceView:200 android.view.SurfaceView$$ExternalSyntheticLambda5.onPreDraw:2 
10-16 01:51:32.882 12113 12113 I SurfaceView@476b54d: updateSurface: mVisible = true mSurface.isValid() = true
10-16 01:51:32.882 12113 12113 I SurfaceView@476b54d: updateSurface: mSurfaceCreated = true surfaceChanged = false visibleChanged = false
10-16 01:51:32.882 12113 12113 V SurfaceView@476b54d: Layout: x=0 y=-16 w=1080 h=525, frame=Rect(0, 0 - 1080, 525)
10-16 01:51:32.884 12113 12213 D SurfaceView@476b54d: updateSurfacePosition RenderWorker, frameNr = 786, position = [0, -16, 1080, 509] surfaceSize = 1080x525
10-16 01:51:32.884 12113 12213 I SurfaceView@476b54d: uSP: rtp = Rect(0, -16 - 1080, 509) rtsw = 1080 rtsh = 525
10-16 01:51:32.884 12113 12213 I SurfaceView@476b54d: onSSPAndSRT: pl = 0 pt = -16 sx = 1.0 sy = 1.0
10-16 01:51:32.884 12113 12213 I SurfaceView@476b54d: aOrMT: ViewRootImpl@97403c7[MainActivity] t = android.view.SurfaceControl$Transaction@a20ad06 fN = 786 android.view.SurfaceView.-$$Nest$mapplyOrMergeTransaction:0 android.view.SurfaceView$SurfaceViewPositionUpdateListener.positionChanged:1537 android.graphics.RenderNode$CompositePositionUpdateListener.positionChanged:373 
10-16 01:51:32.884 12113 12213 I ViewRootImpl@97403c7[MainActivity]: mWNT: t=0x7b32a46000 mBlastBufferQueue=0x7b5c186700 fn= 786 caller= android.view.SurfaceView.applyOrMergeTransaction:1455 android.view.SurfaceView.-$$Nest$mapplyOrMergeTransaction:0 android.view.SurfaceView$SurfaceViewPositionUpdateListener.positionChanged:1537 
10-16 01:51:32.884 12113 12213 I ViewRootImpl@97403c7[MainActivity]: mWNT: t=0x7b32998000 mBlastBufferQueue=0x7b5c186700 fn= 786 caller= android.view.ViewRootImpl.lambda$applyTransactionOnDraw$11$android-view-ViewRootImpl:12865 android.view.ViewRootImpl$$ExternalSyntheticLambda1.onFrameDraw:4 android.graphics.HardwareRenderer$FrameDrawingCallback.onFrameDraw:924 
10-16 01:51:32.899 12113 12113 I SurfaceView@476b54d: Changes: creating=false format=false size=false visible=false alpha=false hint=false mUseAlpha=false visible=false left=false top=true
10-16 01:51:32.899 12113 12113 I SurfaceView@476b54d: 74888525 Cur surface: Surface(name=null)/@0x43a4e65
10-16 01:51:32.899 12113 12113 I SurfaceView@476b54d: applyTransactionOnVriDraw: vri = ViewRootImpl@97403c7[MainActivity] fRS = false t = 0x7b32998100 android.view.SurfaceView.performSurfaceTransaction:959 android.view.SurfaceView.updateSurface:1105 android.view.SurfaceView.lambda$new$0$android-view-SurfaceView:200 
10-16 01:51:32.899 12113 12113 I ViewRootImpl@97403c7[MainActivity]: applyTransactionOnDraw: mRemoved = false isHardwareEnabled = true t = 0x7b32998100android.view.SurfaceView.applyTransactionOnVriDraw:2048 android.view.SurfaceView.performSurfaceTransaction:959 android.view.SurfaceView.updateSurface:1105 android.view.SurfaceView.lambda$new$0$android-view-SurfaceView:200 android.view.SurfaceView$$ExternalSyntheticLambda5.onPreDraw:2 
10-16 01:51:32.899 12113 12113 I SurfaceView@476b54d: updateSurface: mVisible = true mSurface.isValid() = true
10-16 01:51:32.899 12113 12113 I SurfaceView@476b54d: updateSurface: mSurfaceCreated = true surfaceChanged = false visibleChanged = false
10-16 01:51:32.899 12113 12113 V SurfaceView@476b54d: Layout: x=0 y=47 w=1080 h=525, frame=Rect(0, 0 - 1080, 525)
10-16 01:51:32.901 12113 12212 D SurfaceView@476b54d: updateSurfacePosition RenderWorker, frameNr = 787, position = [0, 47, 1080, 572] surfaceSize = 1080x525
10-16 01:51:32.902 12113 12212 I SurfaceView@476b54d: uSP: rtp = Rect(0, 47 - 1080, 572) rtsw = 1080 rtsh = 525
10-16 01:51:32.902 12113 12212 I SurfaceView@476b54d: onSSPAndSRT: pl = 0 pt = 47 sx = 1.0 sy = 1.0
10-16 01:51:32.902 12113 12212 I SurfaceView@476b54d: aOrMT: ViewRootImpl@97403c7[MainActivity] t = android.view.SurfaceControl$Transaction@a20ad06 fN = 787 android.view.SurfaceView.-$$Nest$mapplyOrMergeTransaction:0 android.view.SurfaceView$SurfaceViewPositionUpdateListener.positionChanged:1537 android.graphics.RenderNode$CompositePositionUpdateListener.positionChanged:373 
10-16 01:51:32.903 12113 12212 I ViewRootImpl@97403c7[MainActivity]: mWNT: t=0x7b32a46000 mBlastBufferQueue=0x7b5c186700 fn= 787 caller= android.view.SurfaceView.applyOrMergeTransaction:1455 android.view.SurfaceView.-$$Nest$mapplyOrMergeTransaction:0 android.view.SurfaceView$SurfaceViewPositionUpdateListener.positionChanged:1537 
10-16 01:51:32.903 12113 12212 I ViewRootImpl@97403c7[MainActivity]: mWNT: t=0x7b32998100 mBlastBufferQueue=0x7b5c186700 fn= 787 caller= android.view.ViewRootImpl.lambda$applyTransactionOnDraw$11$android-view-ViewRootImpl:12865 android.view.ViewRootImpl$$ExternalSyntheticLambda1.onFrameDraw:4 android.graphics.HardwareRenderer$FrameDrawingCallback.onFrameDraw:924 
10-16 01:51:32.915 12113 12113 I SurfaceView@476b54d: Changes: creating=false format=false size=false visible=false alpha=false hint=false mUseAlpha=false visible=false left=false top=true
10-16 01:51:32.916 12113 12113 I SurfaceView@476b54d: 74888525 Cur surface: Surface(name=null)/@0x43a4e65
10-16 01:51:32.916 12113 12113 I SurfaceView@476b54d: applyTransactionOnVriDraw: vri = ViewRootImpl@97403c7[MainActivity] fRS = false t = 0x7b32998200 android.view.SurfaceView.performSurfaceTransaction:959 android.view.SurfaceView.updateSurface:1105 android.view.SurfaceView.lambda$new$0$android-view-SurfaceView:200 
10-16 01:51:32.916 12113 12113 I ViewRootImpl@97403c7[MainActivity]: applyTransactionOnDraw: mRemoved = false isHardwareEnabled = true t = 0x7b32998200android.view.SurfaceView.applyTransactionOnVriDraw:2048 android.view.SurfaceView.performSurfaceTransaction:959 android.view.SurfaceView.updateSurface:1105 android.view.SurfaceView.lambda$new$0$android-view-SurfaceView:200 android.view.SurfaceView$$ExternalSyntheticLambda5.onPreDraw:2 
10-16 01:51:32.916 12113 12113 I SurfaceView@476b54d: updateSurface: mVisible = true mSurface.isValid() = true
10-16 01:51:32.916 12113 12113 I SurfaceView@476b54d: updateSurface: mSurfaceCreated = true surfaceChanged = false visibleChanged = false
10-16 01:51:32.916 12113 12113 V SurfaceView@476b54d: Layout: x=0 y=103 w=1080 h=525, frame=Rect(0, 0 - 1080, 525)
10-16 01:51:32.918 12113 12213 D SurfaceView@476b54d: updateSurfacePosition RenderWorker, frameNr = 788, position = [0, 103, 1080, 628] surfaceSize = 1080x525
10-16 01:51:32.918 12113 12213 I SurfaceView@476b54d: uSP: rtp = Rect(0, 103 - 1080, 628) rtsw = 1080 rtsh = 525
10-16 01:51:32.918 12113 12213 I SurfaceView@476b54d: onSSPAndSRT: pl = 0 pt = 103 sx = 1.0 sy = 1.0
10-16 01:51:32.918 12113 12213 I SurfaceView@476b54d: aOrMT: ViewRootImpl@97403c7[MainActivity] t = android.view.SurfaceControl$Transaction@a20ad06 fN = 788 android.view.SurfaceView.-$$Nest$mapplyOrMergeTransaction:0 android.view.SurfaceView$SurfaceViewPositionUpdateListener.positionChanged:1537 android.graphics.RenderNode$CompositePositionUpdateListener.positionChanged:373 
10-16 01:51:32.918 12113 12213 I ViewRootImpl@97403c7[MainActivity]: mWNT: t=0x7b32a46000 mBlastBufferQueue=0x7b5c186700 fn= 788 caller= android.view.SurfaceView.applyOrMergeTransaction:1455 android.view.SurfaceView.-$$Nest$mapplyOrMergeTransaction:0 android.view.SurfaceView$SurfaceViewPositionUpdateListener.positionChanged:1537 
10-16 01:51:32.919 12113 12213 I ViewRootImpl@97403c7[MainActivity]: mWNT: t=0x7b32998200 mBlastBufferQueue=0x7b5c186700 fn= 788 caller= android.view.ViewRootImpl.lambda$applyTransactionOnDraw$11$android-view-ViewRootImpl:12865 android.view.ViewRootImpl$$ExternalSyntheticLambda1.onFrameDraw:4 android.graphics.HardwareRenderer$FrameDrawingCallback.onFrameDraw:924 
10-16 01:51:32.933 12113 12113 I SurfaceView@476b54d: Changes: creating=false format=false size=false visible=false alpha=false hint=false mUseAlpha=false visible=false left=false top=true
10-16 01:51:32.933 12113 12113 I SurfaceView@476b54d: 74888525 Cur surface: Surface(name=null)/@0x43a4e65
10-16 01:51:32.934 12113 12113 I SurfaceView@476b54d: applyTransactionOnVriDraw: vri = ViewRootImpl@97403c7[MainActivity] fRS = false t = 0x7b32998300 android.view.SurfaceView.performSurfaceTransaction:959 android.view.SurfaceView.updateSurface:1105 android.view.SurfaceView.lambda$new$0$android-view-SurfaceView:200 
10-16 01:51:32.934 12113 12113 I ViewRootImpl@97403c7[MainActivity]: applyTransactionOnDraw: mRemoved = false isHardwareEnabled = true t = 0x7b32998300android.view.SurfaceView.applyTransactionOnVriDraw:2048 android.view.SurfaceView.performSurfaceTransaction:959 android.view.SurfaceView.updateSurface:1105 android.view.SurfaceView.lambda$new$0$android-view-SurfaceView:200 android.view.SurfaceView$$ExternalSyntheticLambda5.onPreDraw:2 
10-16 01:51:32.934 12113 12113 I SurfaceView@476b54d: updateSurface: mVisible = true mSurface.isValid() = true
10-16 01:51:32.934 12113 12113 I SurfaceView@476b54d: updateSurface: mSurfaceCreated = true surfaceChanged = false visibleChanged = false
10-16 01:51:32.934 12113 12113 V SurfaceView@476b54d: Layout: x=0 y=162 w=1080 h=525, frame=Rect(0, 0 - 1080, 525)
10-16 01:51:32.938 12113 12212 D SurfaceView@476b54d: updateSurfacePosition RenderWorker, frameNr = 789, position = [0, 162, 1080, 687] surfaceSize = 1080x525
10-16 01:51:32.938 12113 12212 I SurfaceView@476b54d: uSP: rtp = Rect(0, 162 - 1080, 687) rtsw = 1080 rtsh = 525
10-16 01:51:32.938 12113 12212 I SurfaceView@476b54d: onSSPAndSRT: pl = 0 pt = 162 sx = 1.0 sy = 1.0
10-16 01:51:32.938 12113 12212 I SurfaceView@476b54d: aOrMT: ViewRootImpl@97403c7[MainActivity] t = android.view.SurfaceControl$Transaction@a20ad06 fN = 789 android.view.SurfaceView.-$$Nest$mapplyOrMergeTransaction:0 android.view.SurfaceView$SurfaceViewPositionUpdateListener.positionChanged:1537 android.graphics.RenderNode$CompositePositionUpdateListener.positionChanged:373 
10-16 01:51:32.938 12113 12212 I ViewRootImpl@97403c7[MainActivity]: mWNT: t=0x7b32a46000 mBlastBufferQueue=0x7b5c186700 fn= 789 caller= android.view.SurfaceView.applyOrMergeTransaction:1455 android.view.SurfaceView.-$$Nest$mapplyOrMergeTransaction:0 android.view.SurfaceView$SurfaceViewPositionUpdateListener.positionChanged:1537 
10-16 01:51:32.938 12113 12212 I ViewRootImpl@97403c7[MainActivity]: mWNT: t=0x7b32998300 mBlastBufferQueue=0x7b5c186700 fn= 789 caller= android.view.ViewRootImpl.lambda$applyTransactionOnDraw$11$android-view-ViewRootImpl:12865 android.view.ViewRootImpl$$ExternalSyntheticLambda1.onFrameDraw:4 android.graphics.HardwareRenderer$FrameDrawingCallback.onFrameDraw:924 
10-16 01:51:32.947 12113 12113 I SurfaceView@476b54d: Changes: creating=false format=false size=false visible=false alpha=false hint=false mUseAlpha=false visible=false left=false top=true
10-16 01:51:32.947 12113 12113 I SurfaceView@476b54d: 74888525 Cur surface: Surface(name=null)/@0x43a4e65
10-16 01:51:32.947 12113 12113 I SurfaceView@476b54d: applyTransactionOnVriDraw: vri = ViewRootImpl@97403c7[MainActivity] fRS = false t = 0x7b32998400 android.view.SurfaceView.performSurfaceTransaction:959 android.view.SurfaceView.updateSurface:1105 android.view.SurfaceView.lambda$new$0$android-view-SurfaceView:200 
10-16 01:51:32.947 12113 12113 I ViewRootImpl@97403c7[MainActivity]: applyTransactionOnDraw: mRemoved = false isHardwareEnabled = true t = 0x7b32998400android.view.SurfaceView.applyTransactionOnVriDraw:2048 android.view.SurfaceView.performSurfaceTransaction:959 android.view.SurfaceView.updateSurface:1105 android.view.SurfaceView.lambda$new$0$android-view-SurfaceView:200 android.view.SurfaceView$$ExternalSyntheticLambda5.onPreDraw:2 
10-16 01:51:32.947 12113 12113 I SurfaceView@476b54d: updateSurface: mVisible = true mSurface.isValid() = true
10-16 01:51:32.947 12113 12113 I SurfaceView@476b54d: updateSurface: mSurfaceCreated = true surfaceChanged = false visibleChanged = false
10-16 01:51:32.947 12113 12113 V SurfaceView@476b54d: Layout: x=0 y=217 w=1080 h=525, frame=Rect(0, 0 - 1080, 525)
10-16 01:51:32.949 12113 12213 D SurfaceView@476b54d: updateSurfacePosition RenderWorker, frameNr = 790, position = [0, 217, 1080, 742] surfaceSize = 1080x525
10-16 01:51:32.949 12113 12213 I SurfaceView@476b54d: uSP: rtp = Rect(0, 217 - 1080, 742) rtsw = 1080 rtsh = 525
10-16 01:51:32.949 12113 12213 I SurfaceView@476b54d: onSSPAndSRT: pl = 0 pt = 217 sx = 1.0 sy = 1.0
10-16 01:51:32.949 12113 12213 I SurfaceView@476b54d: aOrMT: ViewRootImpl@97403c7[MainActivity] t = android.view.SurfaceControl$Transaction@a20ad06 fN = 790 android.view.SurfaceView.-$$Nest$mapplyOrMergeTransaction:0 android.view.SurfaceView$SurfaceViewPositionUpdateListener.positionChanged:1537 android.graphics.RenderNode$CompositePositionUpdateListener.positionChanged:373 
10-16 01:51:32.949 12113 12213 I ViewRootImpl@97403c7[MainActivity]: mWNT: t=0x7b32a46000 mBlastBufferQueue=0x7b5c186700 fn= 790 caller= android.view.SurfaceView.applyOrMergeTransaction:1455 android.view.SurfaceView.-$$Nest$mapplyOrMergeTransaction:0 android.view.SurfaceView$SurfaceViewPositionUpdateListener.positionChanged:1537 
10-16 01:51:32.949 12113 12213 I ViewRootImpl@97403c7[MainActivity]: mWNT: t=0x7b32998400 mBlastBufferQueue=0x7b5c186700 fn= 790 caller= android.view.ViewRootImpl.lambda$applyTransactionOnDraw$11$android-view-ViewRootImpl:12865 android.view.ViewRootImpl$$ExternalSyntheticLambda1.onFrameDraw:4 android.graphics.HardwareRenderer$FrameDrawingCallback.onFrameDraw:924 
10-16 01:51:32.964 12113 12113 I SurfaceView@476b54d: Changes: creating=false format=false size=false visible=false alpha=false hint=false mUseAlpha=false visible=false left=false top=true
10-16 01:51:32.964 12113 12113 I SurfaceView@476b54d: 74888525 Cur surface: Surface(name=null)/@0x43a4e65
10-16 01:51:32.965 12113 12113 I SurfaceView@476b54d: applyTransactionOnVriDraw: vri = ViewRootImpl@97403c7[MainActivity] fRS = false t = 0x7b32998500 android.view.SurfaceView.performSurfaceTransaction:959 android.view.SurfaceView.updateSurface:1105 android.view.SurfaceView.lambda$new$0$android-view-SurfaceView:200 
10-16 01:51:32.965 12113 12113 I ViewRootImpl@97403c7[MainActivity]: applyTransactionOnDraw: mRemoved = false isHardwareEnabled = true t = 0x7b32998500android.view.SurfaceView.applyTransactionOnVriDraw:2048 android.view.SurfaceView.performSurfaceTransaction:959 android.view.SurfaceView.updateSurface:1105 android.view.SurfaceView.lambda$new$0$android-view-SurfaceView:200 android.view.SurfaceView$$ExternalSyntheticLambda5.onPreDraw:2 
10-16 01:51:32.965 12113 12113 I SurfaceView@476b54d: updateSurface: mVisible = true mSurface.isValid() = true
10-16 01:51:32.965 12113 12113 I SurfaceView@476b54d: updateSurface: mSurfaceCreated = true surfaceChanged = false visibleChanged = false
10-16 01:51:32.965 12113 12113 V SurfaceView@476b54d: Layout: x=0 y=218 w=1080 h=525, frame=Rect(0, 0 - 1080, 525)
10-16 01:51:32.966 12113 12212 D SurfaceView@476b54d: updateSurfacePosition RenderWorker, frameNr = 791, position = [0, 218, 1080, 743] surfaceSize = 1080x525
10-16 01:51:32.967 12113 12212 I SurfaceView@476b54d: uSP: rtp = Rect(0, 218 - 1080, 743) rtsw = 1080 rtsh = 525
10-16 01:51:32.967 12113 12212 I SurfaceView@476b54d: onSSPAndSRT: pl = 0 pt = 218 sx = 1.0 sy = 1.0
10-16 01:51:32.967 12113 12212 I SurfaceView@476b54d: aOrMT: ViewRootImpl@97403c7[MainActivity] t = android.view.SurfaceControl$Transaction@a20ad06 fN = 791 android.view.SurfaceView.-$$Nest$mapplyOrMergeTransaction:0 android.view.SurfaceView$SurfaceViewPositionUpdateListener.positionChanged:1537 android.graphics.RenderNode$CompositePositionUpdateListener.positionChanged:373 
10-16 01:51:32.967 12113 12212 I ViewRootImpl@97403c7[MainActivity]: mWNT: t=0x7b32a46000 mBlastBufferQueue=0x7b5c186700 fn= 791 caller= android.view.SurfaceView.applyOrMergeTransaction:1455 android.view.SurfaceView.-$$Nest$mapplyOrMergeTransaction:0 android.view.SurfaceView$SurfaceViewPositionUpdateListener.positionChanged:1537 
10-16 01:51:32.967 12113 12212 I ViewRootImpl@97403c7[MainActivity]: mWNT: t=0x7b32998500 mBlastBufferQueue=0x7b5c186700 fn= 791 caller= android.view.ViewRootImpl.lambda$applyTransactionOnDraw$11$android-view-ViewRootImpl:12865 android.view.ViewRootImpl$$ExternalSyntheticLambda1.onFrameDraw:4 android.graphics.HardwareRenderer$FrameDrawingCallback.onFrameDraw:924 
10-16 01:51:44.857 12113 12113 I ViewRootImpl@97403c7[MainActivity]: ViewPostIme pointer 0
10-16 01:51:44.909 12113 12113 W PanelsChildGestureRegionObserver: failed to register view with ID 2131362800. already registered
10-16 01:51:44.911 12113 12113 W PanelsChildGestureRegionObserver: failed to register view with ID 2131362800. already registered
10-16 01:51:44.926 12113 12113 W PanelsChildGestureRegionObserver: failed to register view with ID 2131362800. already registered
10-16 01:51:44.943 12113 12113 W PanelsChildGestureRegionObserver: failed to register view with ID 2131362800. already registered
10-16 01:51:44.959 12113 12113 W PanelsChildGestureRegionObserver: failed to register view with ID 2131362800. already registered
10-16 01:51:44.961 12113 12113 D WindowOnBackDispatcher: onBackInvoked, viewRoot=ViewRootImpl@10b7600[Toast], callback=androidx.activity.OnBackPressedDispatcher$Api33Impl$$ExternalSyntheticLambda0@78b3c24
10-16 01:51:44.970 12113 12113 I IMM_LC  : hsifw() - flag : 0
10-16 01:51:44.970 12113 12113 I IMM_LC  : hsifw() - mService.hideSoftInput
10-16 01:51:44.976 12113 12113 I CS3ExoPlayer: onStop
10-16 01:51:44.976 12113 12113 I CS3ExoPlayer: saveData
10-16 01:51:44.977 12113 12113 I CS3ExoPlayer: handleEvent Pause
10-16 01:51:45.056 12113 12113 W PanelsChildGestureRegionObserver: failed to register view with ID 2131362800. already registered
10-16 01:51:45.301 12113 12113 W PanelsChildGestureRegionObserver: failed to register view with ID 2131362800. already registered
10-16 01:51:45.315 12113 12213 D SurfaceView@476b54d: updateSurfacePosition RenderWorker, frameNr = 830, position = [54, 314, 1026, 787] surfaceSize = 1080x525
10-16 01:51:45.315 12113 12213 I SurfaceView@476b54d: uSP: rtp = Rect(54, 314 - 1026, 787) rtsw = 1080 rtsh = 525
10-16 01:51:45.315 12113 12213 I SurfaceView@476b54d: onSSPAndSRT: pl = 54 pt = 314 sx = 0.9 sy = 0.9009524
10-16 01:51:45.316 12113 12213 I SurfaceView@476b54d: aOrMT: ViewRootImpl@97403c7[MainActivity] t = android.view.SurfaceControl$Transaction@a20ad06 fN = 830 android.view.SurfaceView.-$$Nest$mapplyOrMergeTransaction:0 android.view.SurfaceView$SurfaceViewPositionUpdateListener.positionChanged:1537 android.graphics.RenderNode$CompositePositionUpdateListener.positionChanged:373 
10-16 01:51:45.316 12113 12213 I ViewRootImpl@97403c7[MainActivity]: mWNT: t=0x7b32a46000 mBlastBufferQueue=0x7b5c186700 fn= 830 caller= android.view.SurfaceView.applyOrMergeTransaction:1455 android.view.SurfaceView.-$$Nest$mapplyOrMergeTransaction:0 android.view.SurfaceView$SurfaceViewPositionUpdateListener.positionChanged:1537 
10-16 01:51:45.317 12113 12113 I SurfaceView@476b54d: onWindowVisibilityChanged(8) false android.view.SurfaceView{476b54d V.E..V... ........ 0,0-1080,525} of ViewRootImpl@97403c7[MainActivity]
10-16 01:51:45.317 12113 12113 I SurfaceView@476b54d: Changes: creating=false format=false size=false visible=true alpha=false hint=false mUseAlpha=false visible=true left=false top=false
10-16 01:51:45.317 12113 12113 I SurfaceView@476b54d: 74888525 Cur surface: Surface(name=null)/@0x43a4e65
10-16 01:51:45.321 12113 12113 I SurfaceView@476b54d: applyTransactionOnVriDraw: vri = ViewRootImpl@97403c7[MainActivity] fRS = false t = 0x7b32ca6b00 android.view.SurfaceView.performSurfaceTransaction:959 android.view.SurfaceView.updateSurface:1105 android.view.SurfaceView.onWindowVisibilityChanged:371 
10-16 01:51:45.321 12113 12113 I ViewRootImpl@97403c7[MainActivity]: applyTransactionOnDraw: mRemoved = false isHardwareEnabled = true t = 0x7b32ca6b00android.view.SurfaceView.applyTransactionOnVriDraw:2048 android.view.SurfaceView.performSurfaceTransaction:959 android.view.SurfaceView.updateSurface:1105 android.view.SurfaceView.onWindowVisibilityChanged:371 android.view.View.dispatchDetachedFromWindow:22529 
10-16 01:51:45.321 12113 12113 I SurfaceView@476b54d: surfaceDestroyed
10-16 01:51:45.321 12113 12113 I SurfaceView@476b54d: surfaceDestroyed callback.size 0 #2 android.view.SurfaceView{476b54d V.E..V... ........ 0,0-1080,525}
10-16 01:51:45.321 12113 12113 I SurfaceView@476b54d: updateSurface: mVisible = false mSurface.isValid() = true
10-16 01:51:45.322 12113 12113 I SurfaceView@476b54d: releaseSurfaces: viewRoot = ViewRootImpl@97403c7[MainActivity]
10-16 01:51:45.322 12113 12113 I SurfaceView@476b54d: applyTransactionOnVriDraw: vri = ViewRootImpl@97403c7[MainActivity] fRS = true t = 0x7b32ca6e00 android.view.SurfaceView.releaseSurfaces:858 android.view.SurfaceView.updateSurface:1172 android.view.SurfaceView.onWindowVisibilityChanged:371 
10-16 01:51:45.322 12113 12113 I SurfaceView@476b54d: applyTransactionOnVriDraw: viewRoot.applyTransactionOnDrawFromReleaseSurfaces
10-16 01:51:45.322 12113 12113 I ViewRootImpl@97403c7[MainActivity]: applyTransactionOnDraw: mRemoved = false isHardwareEnabled = true t = 0x7b32ca6e00android.view.ViewRootImpl.applyTransactionOnDrawFromReleaseSurfaces:12850 android.view.SurfaceView.applyTransactionOnVriDraw:2046 android.view.SurfaceView.releaseSurfaces:858 android.view.SurfaceView.updateSurface:1172 android.view.SurfaceView.onWindowVisibilityChanged:371 
10-16 01:51:45.322 12113 12113 V SurfaceView@476b54d: Layout: x=0 y=218 w=1080 h=525, frame=Rect(0, 0 - 1080, 525)
10-16 01:51:45.322 12113 12113 I SurfaceView@476b54d: onDetachedFromWindow: tryReleaseSurfaces()
10-16 01:51:45.322 12113 12113 I SurfaceView@476b54d: releaseSurfaces: viewRoot = ViewRootImpl@97403c7[MainActivity]
10-16 01:51:45.323 12113 12113 I SurfaceView@476b54d: applyTransactionOnVriDraw: vri = ViewRootImpl@97403c7[MainActivity] fRS = true t = 0x7b32ca6f00 android.view.SurfaceView.releaseSurfaces:858 android.view.SurfaceView.onDetachedFromWindow:500 android.view.View.dispatchDetachedFromWindow:22538 
10-16 01:51:45.323 12113 12113 I SurfaceView@476b54d: applyTransactionOnVriDraw: viewRoot.applyTransactionOnDrawFromReleaseSurfaces
10-16 01:51:45.323 12113 12113 I ViewRootImpl@97403c7[MainActivity]: applyTransactionOnDraw: mRemoved = false isHardwareEnabled = true t = 0x7b32ca6f00android.view.ViewRootImpl.applyTransactionOnDrawFromReleaseSurfaces:12850 android.view.SurfaceView.applyTransactionOnVriDraw:2046 android.view.SurfaceView.releaseSurfaces:858 android.view.SurfaceView.onDetachedFromWindow:500 android.view.View.dispatchDetachedFromWindow:22538 
10-16 01:51:45.338 12113 12113 I DecorView: notifyKeepScreenOnChanged: keepScreenOn=false
10-16 01:51:45.339 12113 12113 I CS3ExoPlayer: releasePlayer
10-16 01:51:45.339 12113 12113 I CS3ExoPlayer: Handle event: PlayerAttachedEvent(player=null, source=Player)
10-16 01:51:45.340 12113 12113 I DecorView: notifyKeepScreenOnChanged: keepScreenOn=false
10-16 01:51:45.341 12113 12113 I ViewRootImpl@97403c7[MainActivity]: performTraversals params={(0,0)(fillxfill) sim={state=always_hidden adjust=resize} ty=BASE_APPLICATION wanim=0x1030309
10-16 01:51:45.341 12113 12113 I ViewRootImpl@97403c7[MainActivity]:   fl=85810100
10-16 01:51:45.341 12113 12113 I ViewRootImpl@97403c7[MainActivity]:   pfl=12020040
10-16 01:51:45.341 12113 12113 I ViewRootImpl@97403c7[MainActivity]:   vsysui=500
10-16 01:51:45.341 12113 12113 I ViewRootImpl@97403c7[MainActivity]:   bhv=DEFAULT
10-16 01:51:45.341 12113 12113 I ViewRootImpl@97403c7[MainActivity]:   fitSides= naviIconColor=0}
10-16 01:51:45.342 12113 12113 I ViewRootImpl@97403c7[MainActivity]: performTraversals mFirst=false windowShouldResize=false viewVisibilityChanged=false mForceNextWindowRelayout=false params={(0,0)(fillxfill) sim={state=always_hidden adjust=resize} ty=BASE_APPLICATION fmt=TRANSLUCENT wanim=0x1030309
10-16 01:51:45.342 12113 12113 I ViewRootImpl@97403c7[MainActivity]:   fl=85810100
10-16 01:51:45.342 12113 12113 I ViewRootImpl@97403c7[MainActivity]:   pfl=12020040
10-16 01:51:45.342 12113 12113 I ViewRootImpl@97403c7[MainActivity]:   vsysui=500
10-16 01:51:45.342 12113 12113 I ViewRootImpl@97403c7[MainActivity]:   bhv=DEFAULT
10-16 01:51:45.342 12113 12113 I ViewRootImpl@97403c7[MainActivity]:   fitSides= naviIconColor=0}
10-16 01:51:45.347 12113 12113 I ViewRootImpl@97403c7[MainActivity]: updateBlastSurfaceIfNeeded mBlastBufferQueue=0x7b5c186700 isSameSurfaceControl=true
10-16 01:51:45.347 12113 12113 I BLASTBufferQueue: update, w= 1080 h= 2400 mName = ViewRootImpl@97403c7[MainActivity] mNativeObject= 0x7b5c186700 sc.mNativeObject= 0x7ae590bb00 format= -3 caller= android.view.ViewRootImpl.updateBlastSurfaceIfNeeded:2898 android.view.ViewRootImpl.relayoutWindow:9847 android.view.ViewRootImpl.performTraversals:3884 android.view.ViewRootImpl.doTraversal:3116 android.view.ViewRootImpl$TraversalRunnable.run:10885 android.view.Choreographer$CallbackRecord.run:1301 
10-16 01:51:45.347 12113 12113 I ViewRootImpl@97403c7[MainActivity]: Relayout returned: old=(0,0,1080,2400) new=(0,0,1080,2400) req=(1080,2400)0 dur=5 res=0x0 s={true 0x7b5c1da800} ch=false seqId=0
10-16 01:51:45.347 12113 12113 I ViewRootImpl@97403c7[MainActivity]: updateBoundsLayer: t = android.view.SurfaceControl$Transaction@864eb5 sc = Surface(name=Bounds for - com.lagradost.cloudstream3/com.lagradost.cloudstream3.MainActivity@0)/@0xa28d94a frame = 831
10-16 01:51:45.347 12113 12113 I ViewRootImpl@97403c7[MainActivity]: mWNT: t=0x7b5c381b00 mBlastBufferQueue=0x7b5c186700 fn= 831 caller= android.view.ViewRootImpl.prepareSurfaces:2985 android.view.ViewRootImpl.performTraversals:4233 android.view.ViewRootImpl.doTraversal:3116 
10-16 01:51:45.349 12113 12133 D SurfaceView@476b54d: windowPositionLost, frameNr = 831
10-16 01:51:45.350 12113 12212 I ViewRootImpl@97403c7[MainActivity]: mWNT: t=0x7b32ca6b00 mBlastBufferQueue=0x7b5c186700 fn= 831 caller= android.view.ViewRootImpl.lambda$applyTransactionOnDraw$11$android-view-ViewRootImpl:12865 android.view.ViewRootImpl$$ExternalSyntheticLambda1.onFrameDraw:4 android.graphics.HardwareRenderer$FrameDrawingCallback.onFrameDraw:924 
10-16 01:51:45.350 12113 12212 I ViewRootImpl@97403c7[MainActivity]: mWNT: t=0x7b32ca6e00 mBlastBufferQueue=0x7b5c186700 fn= 831 caller= android.view.ViewRootImpl.lambda$applyTransactionOnDraw$11$android-view-ViewRootImpl:12865 android.view.ViewRootImpl$$ExternalSyntheticLambda1.onFrameDraw:4 android.graphics.HardwareRenderer$FrameDrawingCallback.onFrameDraw:924 
10-16 01:51:45.351 12113 12212 I ViewRootImpl@97403c7[MainActivity]: mWNT: t=0x7b32ca6f00 mBlastBufferQueue=0x7b5c186700 fn= 831 caller= android.view.ViewRootImpl.lambda$applyTransactionOnDraw$11$android-view-ViewRootImpl:12865 android.view.ViewRootImpl$$ExternalSyntheticLambda1.onFrameDraw:4 android.graphics.HardwareRenderer$FrameDrawingCallback.onFrameDraw:924 
10-16 01:51:46.032 12113 12113 E CoilImgLoader: Error loading image: coil3.network.HttpException: HTTP 404
10-16 01:51:46.287 12113 12113 I ViewRootImpl@97403c7[MainActivity]: ViewPostIme pointer 0
10-16 01:51:46.386 12113 12113 I ViewRootImpl@97403c7[MainActivity]: ViewPostIme pointer 1
10-16 01:51:46.403 12113 12113 I IMM_LC  : hsifw() - flag : 0
10-16 01:51:46.403 12113 12113 I IMM_LC  : hsifw() - mService.hideSoftInput
10-16 01:51:46.513 12113 12113 I PLG     : updatePluginList = https://raw.githubusercontent.com/adamwolker21/TestPlugins/refs/heads/master/repo.json
10-16 01:51:46.514 12113 12113 I PLG     : getPlugins = https://raw.githubusercontent.com/adamwolker21/TestPlugins/refs/heads/master/repo.json
10-16 01:51:47.635 12113 12113 I ViewRootImpl@97403c7[MainActivity]: ViewPostIme pointer 0
10-16 01:51:47.735 12113 12113 D WindowOnBackDispatcher: onBackInvoked, viewRoot=ViewRootImpl@10b7600[Toast], callback=androidx.activity.OnBackPressedDispatcher$Api33Impl$$ExternalSyntheticLambda0@78b3c24
10-16 01:51:47.744 12113 12113 I IMM_LC  : hsifw() - flag : 0
10-16 01:51:47.744 12113 12113 I IMM_LC  : hsifw() - mService.hideSoftInput
10-16 01:51:49.120 12113 12113 I ViewRootImpl@97403c7[MainActivity]: ViewPostIme pointer 0
10-16 01:51:49.194 12113 12113 D WindowOnBackDispatcher: onBackInvoked, viewRoot=ViewRootImpl@10b7600[Toast], callback=androidx.activity.OnBackPressedDispatcher$Api33Impl$$ExternalSyntheticLambda0@78b3c24
10-16 01:51:49.201 12113 12113 I IMM_LC  : hsifw() - flag : 0
10-16 01:51:49.201 12113 12113 I IMM_LC  : hsifw() - mService.hideSoftInput
10-16 01:51:49.207 12113 12113 D ScrollView: initGoToTop
10-16 01:51:49.244 12113 12113 E CoilImgLoader: Error loading image: coil3.request.NullRequestDataException: The request's data is null.
