10-16 02:05:56.108 15890 15968 I SurfaceView@dbaee60: aOrMT: ViewRootImpl@fb2a030[MainActivity] t = android.view.SurfaceControl$Transaction@3cd2ab8 fN = 210 android.view.SurfaceView.-$$Nest$mapplyOrMergeTransaction:0 android.view.SurfaceView$SurfaceViewPositionUpdateListener.positionChanged:1537 android.graphics.RenderNode$CompositePositionUpdateListener.positionChanged:373 
10-16 02:05:56.109 15890 15968 I ViewRootImpl@fb2a030[MainActivity]: mWNT: t=0x7af2960100 mBlastBufferQueue=0x7b5d85c500 fn= 210 caller= android.view.SurfaceView.applyOrMergeTransaction:1455 android.view.SurfaceView.-$$Nest$mapplyOrMergeTransaction:0 android.view.SurfaceView$SurfaceViewPositionUpdateListener.positionChanged:1537 
10-16 02:05:56.136 15890 15969 D SurfaceView@dbaee60: updateSurfacePosition RenderWorker, frameNr = 212, position = [0, -1938, 1080, -1402] surfaceSize = 1080x525
10-16 02:05:56.136 15890 15969 I SurfaceView@dbaee60: uSP: rtp = Rect(0, -1938 - 1080, -1402) rtsw = 1080 rtsh = 525
10-16 02:05:56.136 15890 15969 I SurfaceView@dbaee60: onSSPAndSRT: pl = 0 pt = -1938 sx = 1.0 sy = 1.0209523
10-16 02:05:56.137 15890 15969 I SurfaceView@dbaee60: aOrMT: ViewRootImpl@fb2a030[MainActivity] t = android.view.SurfaceControl$Transaction@3cd2ab8 fN = 212 android.view.SurfaceView.-$$Nest$mapplyOrMergeTransaction:0 android.view.SurfaceView$SurfaceViewPositionUpdateListener.positionChanged:1537 android.graphics.RenderNode$CompositePositionUpdateListener.positionChanged:373 
10-16 02:05:56.137 15890 15969 I ViewRootImpl@fb2a030[MainActivity]: mWNT: t=0x7af2960100 mBlastBufferQueue=0x7b5d85c500 fn= 212 caller= android.view.SurfaceView.applyOrMergeTransaction:1455 android.view.SurfaceView.-$$Nest$mapplyOrMergeTransaction:0 android.view.SurfaceView$SurfaceViewPositionUpdateListener.positionChanged:1537 
10-16 02:05:56.153 15890 15968 D SurfaceView@dbaee60: updateSurfacePosition RenderWorker, frameNr = 213, position = [0, -1935, 1080, -1400] surfaceSize = 1080x525
10-16 02:05:56.153 15890 15968 I SurfaceView@dbaee60: uSP: rtp = Rect(0, -1935 - 1080, -1400) rtsw = 1080 rtsh = 525
10-16 02:05:56.153 15890 15968 I SurfaceView@dbaee60: onSSPAndSRT: pl = 0 pt = -1935 sx = 1.0 sy = 1.0190476
10-16 02:05:56.153 15890 15968 I SurfaceView@dbaee60: aOrMT: ViewRootImpl@fb2a030[MainActivity] t = android.view.SurfaceControl$Transaction@3cd2ab8 fN = 213 android.view.SurfaceView.-$$Nest$mapplyOrMergeTransaction:0 android.view.SurfaceView$SurfaceViewPositionUpdateListener.positionChanged:1537 android.graphics.RenderNode$CompositePositionUpdateListener.positionChanged:373 
10-16 02:05:56.153 15890 15968 I ViewRootImpl@fb2a030[MainActivity]: mWNT: t=0x7af2960100 mBlastBufferQueue=0x7b5d85c500 fn= 213 caller= android.view.SurfaceView.applyOrMergeTransaction:1455 android.view.SurfaceView.-$$Nest$mapplyOrMergeTransaction:0 android.view.SurfaceView$SurfaceViewPositionUpdateListener.positionChanged:1537 
10-16 02:05:56.169 15890 15969 D SurfaceView@dbaee60: updateSurfacePosition RenderWorker, frameNr = 214, position = [0, -1932, 1080, -1399] surfaceSize = 1080x525
10-16 02:05:56.169 15890 15969 I SurfaceView@dbaee60: uSP: rtp = Rect(0, -1932 - 1080, -1399) rtsw = 1080 rtsh = 525
10-16 02:05:56.169 15890 15969 I SurfaceView@dbaee60: onSSPAndSRT: pl = 0 pt = -1932 sx = 1.0 sy = 1.015238
10-16 02:05:56.169 15890 15969 I SurfaceView@dbaee60: aOrMT: ViewRootImpl@fb2a030[MainActivity] t = android.view.SurfaceControl$Transaction@3cd2ab8 fN = 214 android.view.SurfaceView.-$$Nest$mapplyOrMergeTransaction:0 android.view.SurfaceView$SurfaceViewPositionUpdateListener.positionChanged:1537 android.graphics.RenderNode$CompositePositionUpdateListener.positionChanged:373 
10-16 02:05:56.169 15890 15969 I ViewRootImpl@fb2a030[MainActivity]: mWNT: t=0x7af2960100 mBlastBufferQueue=0x7b5d85c500 fn= 214 caller= android.view.SurfaceView.applyOrMergeTransaction:1455 android.view.SurfaceView.-$$Nest$mapplyOrMergeTransaction:0 android.view.SurfaceView$SurfaceViewPositionUpdateListener.positionChanged:1537 
10-16 02:05:56.187 15890 15968 D SurfaceView@dbaee60: updateSurfacePosition RenderWorker, frameNr = 215, position = [0, -1929, 1080, -1398] surfaceSize = 1080x525
10-16 02:05:56.187 15890 15968 I SurfaceView@dbaee60: uSP: rtp = Rect(0, -1929 - 1080, -1398) rtsw = 1080 rtsh = 525
10-16 02:05:56.187 15890 15968 I SurfaceView@dbaee60: onSSPAndSRT: pl = 0 pt = -1929 sx = 1.0 sy = 1.0114286
10-16 02:05:56.187 15890 15968 I SurfaceView@dbaee60: aOrMT: ViewRootImpl@fb2a030[MainActivity] t = android.view.SurfaceControl$Transaction@3cd2ab8 fN = 215 android.view.SurfaceView.-$$Nest$mapplyOrMergeTransaction:0 android.view.SurfaceView$SurfaceViewPositionUpdateListener.positionChanged:1537 android.graphics.RenderNode$CompositePositionUpdateListener.positionChanged:373 
10-16 02:05:56.187 15890 15968 I ViewRootImpl@fb2a030[MainActivity]: mWNT: t=0x7af2960100 mBlastBufferQueue=0x7b5d85c500 fn= 215 caller= android.view.SurfaceView.applyOrMergeTransaction:1455 android.view.SurfaceView.-$$Nest$mapplyOrMergeTransaction:0 android.view.SurfaceView$SurfaceViewPositionUpdateListener.positionChanged:1537 
10-16 02:05:56.204 15890 15969 D SurfaceView@dbaee60: updateSurfacePosition RenderWorker, frameNr = 216, position = [0, -1926, 1080, -1397] surfaceSize = 1080x525
10-16 02:05:56.204 15890 15969 I SurfaceView@dbaee60: uSP: rtp = Rect(0, -1926 - 1080, -1397) rtsw = 1080 rtsh = 525
10-16 02:05:56.204 15890 15969 I SurfaceView@dbaee60: onSSPAndSRT: pl = 0 pt = -1926 sx = 1.0 sy = 1.007619
10-16 02:05:56.205 15890 15969 I SurfaceView@dbaee60: aOrMT: ViewRootImpl@fb2a030[MainActivity] t = android.view.SurfaceControl$Transaction@3cd2ab8 fN = 216 android.view.SurfaceView.-$$Nest$mapplyOrMergeTransaction:0 android.view.SurfaceView$SurfaceViewPositionUpdateListener.positionChanged:1537 android.graphics.RenderNode$CompositePositionUpdateListener.positionChanged:373 
10-16 02:05:56.205 15890 15969 I ViewRootImpl@fb2a030[MainActivity]: mWNT: t=0x7af2960100 mBlastBufferQueue=0x7b5d85c500 fn= 216 caller= android.view.SurfaceView.applyOrMergeTransaction:1455 android.view.SurfaceView.-$$Nest$mapplyOrMergeTransaction:0 android.view.SurfaceView$SurfaceViewPositionUpdateListener.positionChanged:1537 
10-16 02:05:56.221 15890 15968 D SurfaceView@dbaee60: updateSurfacePosition RenderWorker, frameNr = 217, position = [0, -1924, 1080, -1396] surfaceSize = 1080x525
10-16 02:05:56.221 15890 15968 I SurfaceView@dbaee60: uSP: rtp = Rect(0, -1924 - 1080, -1396) rtsw = 1080 rtsh = 525
10-16 02:05:56.221 15890 15968 I SurfaceView@dbaee60: onSSPAndSRT: pl = 0 pt = -1924 sx = 1.0 sy = 1.0057143
10-16 02:05:56.221 15890 15968 I SurfaceView@dbaee60: aOrMT: ViewRootImpl@fb2a030[MainActivity] t = android.view.SurfaceControl$Transaction@3cd2ab8 fN = 217 android.view.SurfaceView.-$$Nest$mapplyOrMergeTransaction:0 android.view.SurfaceView$SurfaceViewPositionUpdateListener.positionChanged:1537 android.graphics.RenderNode$CompositePositionUpdateListener.positionChanged:373 
10-16 02:05:56.221 15890 15968 I ViewRootImpl@fb2a030[MainActivity]: mWNT: t=0x7af2960100 mBlastBufferQueue=0x7b5d85c500 fn= 217 caller= android.view.SurfaceView.applyOrMergeTransaction:1455 android.view.SurfaceView.-$$Nest$mapplyOrMergeTransaction:0 android.view.SurfaceView$SurfaceViewPositionUpdateListener.positionChanged:1537 
10-16 02:05:56.237 15890 15969 D SurfaceView@dbaee60: updateSurfacePosition RenderWorker, frameNr = 218, position = [0, -1923, 1080, -1395] surfaceSize = 1080x525
10-16 02:05:56.237 15890 15969 I SurfaceView@dbaee60: uSP: rtp = Rect(0, -1923 - 1080, -1395) rtsw = 1080 rtsh = 525
10-16 02:05:56.238 15890 15969 I SurfaceView@dbaee60: onSSPAndSRT: pl = 0 pt = -1923 sx = 1.0 sy = 1.0057143
10-16 02:05:56.238 15890 15969 I SurfaceView@dbaee60: aOrMT: ViewRootImpl@fb2a030[MainActivity] t = android.view.SurfaceControl$Transaction@3cd2ab8 fN = 218 android.view.SurfaceView.-$$Nest$mapplyOrMergeTransaction:0 android.view.SurfaceView$SurfaceViewPositionUpdateListener.positionChanged:1537 android.graphics.RenderNode$CompositePositionUpdateListener.positionChanged:373 
10-16 02:05:56.238 15890 15969 I ViewRootImpl@fb2a030[MainActivity]: mWNT: t=0x7af2960100 mBlastBufferQueue=0x7b5d85c500 fn= 218 caller= android.view.SurfaceView.applyOrMergeTransaction:1455 android.view.SurfaceView.-$$Nest$mapplyOrMergeTransaction:0 android.view.SurfaceView$SurfaceViewPositionUpdateListener.positionChanged:1537 
10-16 02:05:56.254 15890 15968 D SurfaceView@dbaee60: updateSurfacePosition RenderWorker, frameNr = 219, position = [0, -1921, 1080, -1394] surfaceSize = 1080x525
10-16 02:05:56.254 15890 15968 I SurfaceView@dbaee60: uSP: rtp = Rect(0, -1921 - 1080, -1394) rtsw = 1080 rtsh = 525
10-16 02:05:56.254 15890 15968 I SurfaceView@dbaee60: onSSPAndSRT: pl = 0 pt = -1921 sx = 1.0 sy = 1.0038096
10-16 02:05:56.255 15890 15968 I SurfaceView@dbaee60: aOrMT: ViewRootImpl@fb2a030[MainActivity] t = android.view.SurfaceControl$Transaction@3cd2ab8 fN = 219 android.view.SurfaceView.-$$Nest$mapplyOrMergeTransaction:0 android.view.SurfaceView$SurfaceViewPositionUpdateListener.positionChanged:1537 android.graphics.RenderNode$CompositePositionUpdateListener.positionChanged:373 
10-16 02:05:56.255 15890 15968 I ViewRootImpl@fb2a030[MainActivity]: mWNT: t=0x7af2960100 mBlastBufferQueue=0x7b5d85c500 fn= 219 caller= android.view.SurfaceView.applyOrMergeTransaction:1455 android.view.SurfaceView.-$$Nest$mapplyOrMergeTransaction:0 android.view.SurfaceView$SurfaceViewPositionUpdateListener.positionChanged:1537 
10-16 02:05:56.271 15890 15969 D SurfaceView@dbaee60: updateSurfacePosition RenderWorker, frameNr = 220, position = [0, -1920, 1080, -1394] surfaceSize = 1080x525
10-16 02:05:56.271 15890 15969 I SurfaceView@dbaee60: uSP: rtp = Rect(0, -1920 - 1080, -1394) rtsw = 1080 rtsh = 525
10-16 02:05:56.271 15890 15969 I SurfaceView@dbaee60: onSSPAndSRT: pl = 0 pt = -1920 sx = 1.0 sy = 1.0019047
10-16 02:05:56.271 15890 15969 I SurfaceView@dbaee60: aOrMT: ViewRootImpl@fb2a030[MainActivity] t = android.view.SurfaceControl$Transaction@3cd2ab8 fN = 220 android.view.SurfaceView.-$$Nest$mapplyOrMergeTransaction:0 android.view.SurfaceView$SurfaceViewPositionUpdateListener.positionChanged:1537 android.graphics.RenderNode$CompositePositionUpdateListener.positionChanged:373 
10-16 02:05:56.271 15890 15969 I ViewRootImpl@fb2a030[MainActivity]: mWNT: t=0x7af2960100 mBlastBufferQueue=0x7b5d85c500 fn= 220 caller= android.view.SurfaceView.applyOrMergeTransaction:1455 android.view.SurfaceView.-$$Nest$mapplyOrMergeTransaction:0 android.view.SurfaceView$SurfaceViewPositionUpdateListener.positionChanged:1537 
10-16 02:05:56.288 15890 15968 D SurfaceView@dbaee60: updateSurfacePosition RenderWorker, frameNr = 221, position = [0, -1919, 1080, -1394] surfaceSize = 1080x525
10-16 02:05:56.288 15890 15968 I SurfaceView@dbaee60: uSP: rtp = Rect(0, -1919 - 1080, -1394) rtsw = 1080 rtsh = 525
10-16 02:05:56.288 15890 15968 I SurfaceView@dbaee60: onSSPAndSRT: pl = 0 pt = -1919 sx = 1.0 sy = 1.0
10-16 02:05:56.288 15890 15968 I SurfaceView@dbaee60: aOrMT: ViewRootImpl@fb2a030[MainActivity] t = android.view.SurfaceControl$Transaction@3cd2ab8 fN = 221 android.view.SurfaceView.-$$Nest$mapplyOrMergeTransaction:0 android.view.SurfaceView$SurfaceViewPositionUpdateListener.positionChanged:1537 android.graphics.RenderNode$CompositePositionUpdateListener.positionChanged:373 
10-16 02:05:56.288 15890 15968 I ViewRootImpl@fb2a030[MainActivity]: mWNT: t=0x7af2960100 mBlastBufferQueue=0x7b5d85c500 fn= 221 caller= android.view.SurfaceView.applyOrMergeTransaction:1455 android.view.SurfaceView.-$$Nest$mapplyOrMergeTransaction:0 android.view.SurfaceView$SurfaceViewPositionUpdateListener.positionChanged:1537 
10-16 02:05:56.304 15890 15969 D SurfaceView@dbaee60: updateSurfacePosition RenderWorker, frameNr = 222, position = [0, -1918, 1080, -1393] surfaceSize = 1080x525
10-16 02:05:56.305 15890 15969 I SurfaceView@dbaee60: uSP: rtp = Rect(0, -1918 - 1080, -1393) rtsw = 1080 rtsh = 525
10-16 02:05:56.305 15890 15969 I SurfaceView@dbaee60: onSSPAndSRT: pl = 0 pt = -1918 sx = 1.0 sy = 1.0
10-16 02:05:56.305 15890 15969 I SurfaceView@dbaee60: aOrMT: ViewRootImpl@fb2a030[MainActivity] t = android.view.SurfaceControl$Transaction@3cd2ab8 fN = 222 android.view.SurfaceView.-$$Nest$mapplyOrMergeTransaction:0 android.view.SurfaceView$SurfaceViewPositionUpdateListener.positionChanged:1537 android.graphics.RenderNode$CompositePositionUpdateListener.positionChanged:373 
10-16 02:05:56.305 15890 15969 I ViewRootImpl@fb2a030[MainActivity]: mWNT: t=0x7af2960100 mBlastBufferQueue=0x7b5d85c500 fn= 222 caller= android.view.SurfaceView.applyOrMergeTransaction:1455 android.view.SurfaceView.-$$Nest$mapplyOrMergeTransaction:0 android.view.SurfaceView$SurfaceViewPositionUpdateListener.positionChanged:1537 
10-16 02:05:56.339 15890 15890 I ViewRootImpl@fb2a030[MainActivity]: ViewPostIme pointer 0
10-16 02:05:56.393 15890 15890 W PanelsChildGestureRegionObserver: failed to register view with ID 2131362800. already registered
10-16 02:05:56.393 15890 15890 W PanelsChildGestureRegionObserver: failed to register view with ID 2131362800. already registered
10-16 02:05:56.407 15890 15890 W PanelsChildGestureRegionObserver: failed to register view with ID 2131362800. already registered
10-16 02:05:56.423 15890 15890 W PanelsChildGestureRegionObserver: failed to register view with ID 2131362800. already registered
10-16 02:05:56.440 15890 15890 W PanelsChildGestureRegionObserver: failed to register view with ID 2131362800. already registered
10-16 02:05:56.457 15890 15890 W PanelsChildGestureRegionObserver: failed to register view with ID 2131362800. already registered
10-16 02:05:56.460 15890 15890 D WindowOnBackDispatcher: onBackInvoked, viewRoot=ViewRootImpl@cd4174d[MainActivity], callback=androidx.activity.OnBackPressedDispatcher$Api33Impl$$ExternalSyntheticLambda0@2cf4351
10-16 02:05:56.469 15890 15890 I IMM_LC  : hsifw() - flag : 0
10-16 02:05:56.469 15890 15890 I IMM_LC  : hsifw() - mService.hideSoftInput
10-16 02:05:56.473 15890 15890 I CS3ExoPlayer: onStop
10-16 02:05:56.473 15890 15890 I CS3ExoPlayer: saveData
10-16 02:05:56.473 15890 15890 I CS3ExoPlayer: handleEvent Pause
10-16 02:05:56.537 15890 15890 W PanelsChildGestureRegionObserver: failed to register view with ID 2131362800. already registered
10-16 02:05:56.765 15890 15890 W PanelsChildGestureRegionObserver: failed to register view with ID 2131362800. already registered
10-16 02:05:56.779 15890 15968 D SurfaceView@dbaee60: updateSurfacePosition RenderWorker, frameNr = 232, position = [54, -1609, 1026, -1135] surfaceSize = 1080x525
10-16 02:05:56.779 15890 15968 I SurfaceView@dbaee60: uSP: rtp = Rect(54, -1609 - 1026, -1135) rtsw = 1080 rtsh = 525
10-16 02:05:56.779 15890 15968 I SurfaceView@dbaee60: onSSPAndSRT: pl = 54 pt = -1609 sx = 0.9 sy = 0.9028571
10-16 02:05:56.780 15890 15968 I SurfaceView@dbaee60: aOrMT: ViewRootImpl@fb2a030[MainActivity] t = android.view.SurfaceControl$Transaction@3cd2ab8 fN = 232 android.view.SurfaceView.-$$Nest$mapplyOrMergeTransaction:0 android.view.SurfaceView$SurfaceViewPositionUpdateListener.positionChanged:1537 android.graphics.RenderNode$CompositePositionUpdateListener.positionChanged:373 
10-16 02:05:56.780 15890 15968 I ViewRootImpl@fb2a030[MainActivity]: mWNT: t=0x7af2960100 mBlastBufferQueue=0x7b5d85c500 fn= 232 caller= android.view.SurfaceView.applyOrMergeTransaction:1455 android.view.SurfaceView.-$$Nest$mapplyOrMergeTransaction:0 android.view.SurfaceView$SurfaceViewPositionUpdateListener.positionChanged:1537 
10-16 02:05:56.782 15890 15890 I SurfaceView@dbaee60: onWindowVisibilityChanged(8) false android.view.SurfaceView{dbaee60 V.E..V... ........ 0,0-1080,525} of ViewRootImpl@fb2a030[MainActivity]
10-16 02:05:56.782 15890 15890 I SurfaceView@dbaee60: Changes: creating=false format=false size=false visible=true alpha=false hint=false mUseAlpha=false visible=true left=false top=false
10-16 02:05:56.782 15890 15890 I SurfaceView@dbaee60: 230354528 Cur surface: Surface(name=null)/@0x6f36815
10-16 02:05:56.783 15890 15890 I SurfaceView@dbaee60: applyTransactionOnVriDraw: vri = ViewRootImpl@fb2a030[MainActivity] fRS = false t = 0x7b38c9af00 android.view.SurfaceView.performSurfaceTransaction:959 android.view.SurfaceView.updateSurface:1105 android.view.SurfaceView.onWindowVisibilityChanged:371 
10-16 02:05:56.783 15890 15890 I ViewRootImpl@fb2a030[MainActivity]: applyTransactionOnDraw: mRemoved = false isHardwareEnabled = true t = 0x7b38c9af00android.view.SurfaceView.applyTransactionOnVriDraw:2048 android.view.SurfaceView.performSurfaceTransaction:959 android.view.SurfaceView.updateSurface:1105 android.view.SurfaceView.onWindowVisibilityChanged:371 android.view.View.dispatchDetachedFromWindow:22529 
10-16 02:05:56.783 15890 15890 I SurfaceView@dbaee60: surfaceDestroyed
10-16 02:05:56.783 15890 15890 I SurfaceView@dbaee60: surfaceDestroyed callback.size 0 #2 android.view.SurfaceView{dbaee60 V.E..V... ........ 0,0-1080,525}
10-16 02:05:56.783 15890 15890 I SurfaceView@dbaee60: updateSurface: mVisible = false mSurface.isValid() = true
10-16 02:05:56.783 15890 15890 I SurfaceView@dbaee60: releaseSurfaces: viewRoot = ViewRootImpl@fb2a030[MainActivity]
10-16 02:05:56.784 15890 15890 I SurfaceView@dbaee60: applyTransactionOnVriDraw: vri = ViewRootImpl@fb2a030[MainActivity] fRS = true t = 0x7ad4e7d000 android.view.SurfaceView.releaseSurfaces:858 android.view.SurfaceView.updateSurface:1172 android.view.SurfaceView.onWindowVisibilityChanged:371 
10-16 02:05:56.784 15890 15890 I SurfaceView@dbaee60: applyTransactionOnVriDraw: viewRoot.applyTransactionOnDrawFromReleaseSurfaces
10-16 02:05:56.784 15890 15890 I ViewRootImpl@fb2a030[MainActivity]: applyTransactionOnDraw: mRemoved = false isHardwareEnabled = true t = 0x7ad4e7d000android.view.ViewRootImpl.applyTransactionOnDrawFromReleaseSurfaces:12850 android.view.SurfaceView.applyTransactionOnVriDraw:2046 android.view.SurfaceView.releaseSurfaces:858 android.view.SurfaceView.updateSurface:1172 android.view.SurfaceView.onWindowVisibilityChanged:371 
10-16 02:05:56.784 15890 15890 V SurfaceView@dbaee60: Layout: x=0 y=-1918 w=1080 h=525, frame=Rect(0, 0 - 1080, 525)
10-16 02:05:56.784 15890 15890 I SurfaceView@dbaee60: onDetachedFromWindow: tryReleaseSurfaces()
10-16 02:05:56.784 15890 15890 I SurfaceView@dbaee60: releaseSurfaces: viewRoot = ViewRootImpl@fb2a030[MainActivity]
10-16 02:05:56.785 15890 15890 I SurfaceView@dbaee60: applyTransactionOnVriDraw: vri = ViewRootImpl@fb2a030[MainActivity] fRS = true t = 0x7ad4e7d100 android.view.SurfaceView.releaseSurfaces:858 android.view.SurfaceView.onDetachedFromWindow:500 android.view.View.dispatchDetachedFromWindow:22538 
10-16 02:05:56.785 15890 15890 I SurfaceView@dbaee60: applyTransactionOnVriDraw: viewRoot.applyTransactionOnDrawFromReleaseSurfaces
10-16 02:05:56.785 15890 15890 I ViewRootImpl@fb2a030[MainActivity]: applyTransactionOnDraw: mRemoved = false isHardwareEnabled = true t = 0x7ad4e7d100android.view.ViewRootImpl.applyTransactionOnDrawFromReleaseSurfaces:12850 android.view.SurfaceView.applyTransactionOnVriDraw:2046 android.view.SurfaceView.releaseSurfaces:858 android.view.SurfaceView.onDetachedFromWindow:500 android.view.View.dispatchDetachedFromWindow:22538 
10-16 02:05:56.798 15890 15890 I DecorView: notifyKeepScreenOnChanged: keepScreenOn=false
10-16 02:05:56.799 15890 15890 I CS3ExoPlayer: releasePlayer
10-16 02:05:56.799 15890 15890 I CS3ExoPlayer: Handle event: PlayerAttachedEvent(player=null, source=Player)
10-16 02:05:56.800 15890 15890 I DecorView: notifyKeepScreenOnChanged: keepScreenOn=false
10-16 02:05:56.801 15890 15890 I ViewRootImpl@fb2a030[MainActivity]: performTraversals params={(0,0)(fillxfill) sim={state=always_hidden adjust=resize} ty=BASE_APPLICATION wanim=0x1030309
10-16 02:05:56.801 15890 15890 I ViewRootImpl@fb2a030[MainActivity]:   fl=85810100
10-16 02:05:56.801 15890 15890 I ViewRootImpl@fb2a030[MainActivity]:   pfl=12020040
10-16 02:05:56.801 15890 15890 I ViewRootImpl@fb2a030[MainActivity]:   vsysui=500
10-16 02:05:56.801 15890 15890 I ViewRootImpl@fb2a030[MainActivity]:   bhv=DEFAULT
10-16 02:05:56.801 15890 15890 I ViewRootImpl@fb2a030[MainActivity]:   fitSides= naviIconColor=0}
10-16 02:05:56.802 15890 15890 I ViewRootImpl@fb2a030[MainActivity]: performTraversals mFirst=false windowShouldResize=false viewVisibilityChanged=false mForceNextWindowRelayout=false params={(0,0)(fillxfill) sim={state=always_hidden adjust=resize} ty=BASE_APPLICATION fmt=TRANSLUCENT wanim=0x1030309
10-16 02:05:56.802 15890 15890 I ViewRootImpl@fb2a030[MainActivity]:   fl=85810100
10-16 02:05:56.802 15890 15890 I ViewRootImpl@fb2a030[MainActivity]:   pfl=12020040
10-16 02:05:56.802 15890 15890 I ViewRootImpl@fb2a030[MainActivity]:   vsysui=500
10-16 02:05:56.802 15890 15890 I ViewRootImpl@fb2a030[MainActivity]:   bhv=DEFAULT
10-16 02:05:56.802 15890 15890 I ViewRootImpl@fb2a030[MainActivity]:   fitSides= naviIconColor=0}
10-16 02:05:56.807 15890 15890 I ViewRootImpl@fb2a030[MainActivity]: updateBlastSurfaceIfNeeded mBlastBufferQueue=0x7b5d85c500 isSameSurfaceControl=true
10-16 02:05:56.807 15890 15890 I BLASTBufferQueue: update, w= 1080 h= 2400 mName = ViewRootImpl@fb2a030[MainActivity] mNativeObject= 0x7b5d85c500 sc.mNativeObject= 0x7ad4e11820 format= -3 caller= android.view.ViewRootImpl.updateBlastSurfaceIfNeeded:2898 android.view.ViewRootImpl.relayoutWindow:9847 android.view.ViewRootImpl.performTraversals:3884 android.view.ViewRootImpl.doTraversal:3116 android.view.ViewRootImpl$TraversalRunnable.run:10885 android.view.Choreographer$CallbackRecord.run:1301 
10-16 02:05:56.807 15890 15890 I ViewRootImpl@fb2a030[MainActivity]: Relayout returned: old=(0,0,1080,2400) new=(0,0,1080,2400) req=(1080,2400)0 dur=5 res=0x0 s={true 0x7b5d63e800} ch=false seqId=0
10-16 02:05:56.807 15890 15890 I ViewRootImpl@fb2a030[MainActivity]: updateBoundsLayer: t = android.view.SurfaceControl$Transaction@4a754e8 sc = Surface(name=Bounds for - com.lagradost.cloudstream3/com.lagradost.cloudstream3.MainActivity@1)/@0xa9b3f93 frame = 233
10-16 02:05:56.808 15890 15890 I ViewRootImpl@fb2a030[MainActivity]: mWNT: t=0x7b5d82b100 mBlastBufferQueue=0x7b5d85c500 fn= 233 caller= android.view.ViewRootImpl.prepareSurfaces:2985 android.view.ViewRootImpl.performTraversals:4233 android.view.ViewRootImpl.doTraversal:3116 
10-16 02:05:56.809 15890 15912 D SurfaceView@dbaee60: windowPositionLost, frameNr = 233
10-16 02:05:56.810 15890 15969 I ViewRootImpl@fb2a030[MainActivity]: mWNT: t=0x7b38c9af00 mBlastBufferQueue=0x7b5d85c500 fn= 233 caller= android.view.ViewRootImpl.lambda$applyTransactionOnDraw$11$android-view-ViewRootImpl:12865 android.view.ViewRootImpl$$ExternalSyntheticLambda1.onFrameDraw:4 android.graphics.HardwareRenderer$FrameDrawingCallback.onFrameDraw:924 
10-16 02:05:56.810 15890 15969 I ViewRootImpl@fb2a030[MainActivity]: mWNT: t=0x7ad4e7d000 mBlastBufferQueue=0x7b5d85c500 fn= 233 caller= android.view.ViewRootImpl.lambda$applyTransactionOnDraw$11$android-view-ViewRootImpl:12865 android.view.ViewRootImpl$$ExternalSyntheticLambda1.onFrameDraw:4 android.graphics.HardwareRenderer$FrameDrawingCallback.onFrameDraw:924 
10-16 02:05:56.810 15890 15969 I ViewRootImpl@fb2a030[MainActivity]: mWNT: t=0x7ad4e7d100 mBlastBufferQueue=0x7b5d85c500 fn= 233 caller= android.view.ViewRootImpl.lambda$applyTransactionOnDraw$11$android-view-ViewRootImpl:12865 android.view.ViewRootImpl$$ExternalSyntheticLambda1.onFrameDraw:4 android.graphics.HardwareRenderer$FrameDrawingCallback.onFrameDraw:924 
10-16 02:05:57.324 15890 15890 I ViewRootImpl@fb2a030[MainActivity]: ViewPostIme pointer 0
10-16 02:05:57.423 15890 15890 I ViewRootImpl@fb2a030[MainActivity]: ViewPostIme pointer 1
10-16 02:05:57.445 15890 15890 I IMM_LC  : hsifw() - flag : 0
10-16 02:05:57.445 15890 15890 I IMM_LC  : hsifw() - mService.hideSoftInput
10-16 02:05:58.717 15890 15890 I ViewRootImpl@fb2a030[MainActivity]: ViewPostIme pointer 0
10-16 02:05:58.792 15890 15890 I ViewRootImpl@fb2a030[MainActivity]: ViewPostIme pointer 1
10-16 02:05:59.319 15890 15895 I st.cloudstream3: Background concurrent copying GC freed 17MB AllocSpace bytes, 45(964KB) LOS objects, 40% free, 35MB/59MB, paused 248us,164us total 347.373ms
10-16 02:05:59.346 15890 15912 D OpenGLRenderer: setSurface called with nullptr
10-16 02:05:59.347 15890 15896 D InputTransport: Input channel destroyed: 'ClientS', fd=120
10-16 02:05:59.362 15890 15912 D OpenGLRenderer: setSurface called with nullptr
10-16 02:05:59.378 15890 15912 D OpenGLRenderer: setSurface called with nullptr
10-16 02:05:59.396 15890 15912 D OpenGLRenderer: setSurface called with nullptr
10-16 02:05:59.397 15890 15896 D InputTransport: Input channel destroyed: 'ClientS', fd=136
10-16 02:05:59.413 15890 15912 D OpenGLRenderer: setSurface called with nullptr
10-16 02:05:59.414 15890 15896 D InputTransport: Input channel destroyed: 'ClientS', fd=135
10-16 02:05:59.419 15890 15897 W System  : A resource failed to call ZipFile.close. 
10-16 02:05:59.424 15890 15897 W System  : A resource failed to call close. 
10-16 02:05:59.424 15890 15897 W System  : A resource failed to call close. 
10-16 02:05:59.502 15890 15890 I ViewRootImpl@fb2a030[MainActivity]: ViewPostIme pointer 0
10-16 02:05:59.543 15890 15890 I ViewRootImpl@fb2a030[MainActivity]: ViewPostIme pointer 1
10-16 02:05:59.577 15890 15890 I Dialog  : mIsDeviceDefault = false, mIsSamsungBasicInteraction = false, isMetaDataInActivity = false
10-16 02:05:59.583 15890 15890 I DecorView: [INFO] isPopOver=false config=false
10-16 02:05:59.583 15890 15890 I DecorView: updateCaptionType: isFloating=true isApplication=true hasWindowDecorCaption=false this=DecorView@fea9d59[]
10-16 02:05:59.583 15890 15890 D DecorView: setCaptionType = 0, this = DecorView@fea9d59[]
10-16 02:05:59.585 15890 15890 I DecorView: setWindowBackground: isPopOver=false color=ff010101 d=android.graphics.drawable.InsetDrawable@21029ff
10-16 02:05:59.606 15890 15890 D ScrollView: initGoToTop
10-16 02:05:59.619 15890 15912 D NativeCustomFrequencyManager: [NativeCFMS] BpCustomFrequencyManager::BpCustomFrequencyManager()
10-16 02:05:59.620 15890 15890 I DecorView: onImmersiveModeChanged: isStatusBarHidden=true
10-16 02:05:59.632 15890 15890 D InsetsController: onStateChanged: InsetsState: {mDisplayFrame=Rect(0, 0 - 1080, 2400), mDisplayCutout=DisplayCutout{insets=Rect(0, 88 - 0, 0) waterfall=Insets{left=0, top=0, right=0, bottom=0} boundingRect={Bounds=[Rect(0, 0 - 0, 0), Rect(512, 0 - 568, 88), Rect(0, 0 - 0, 0), Rect(0, 0 - 0, 0)]} cutoutPathParserInfo={CutoutPathParserInfo{displayWidth=1080 displayHeight=2400 physicalDisplayWidth=1080 physicalDisplayHeight=2400 density={2.625} cutoutSpec={M 0,0 M 0,12.25101276465640 a 10.60613009248640,10.60613009248640 0 1,0 0,21.21226018497290 a 10.60613009248640,10.60613009248640 0 1,0 0,-21.21226018497290 Z @dp} rotation={0} scale={1.0} physicalPixelDisplaySizeRatio={1.0}}}}, mRoundedCorners=RoundedCorners{[RoundedCorner{position=TopLeft, radius=84, center=Point(84, 84)}, RoundedCorner{position=TopRight, radius=84, center=Point(996, 84)}, RoundedCorner{position=BottomRight, radius=84, center=Point(996, 2316)}, RoundedCorner{position=BottomLeft, radius=84, center=Point(84, 2316)}]}  mRoundedCornerFrame=Rect(0, 0 - 1080, 2400), mPrivacyIndicatorBounds=PrivacyIndicatorBounds {static bounds=Rect(964, 0 - 1080, 87) rotation=0}, mSources= { InsetsSource: {mType=ITYPE_STATUS_BAR, mFrame=[0,0][1080,88], mVisible=true, mInsetsRoundedCornerFrame=false}, InsetsSource: {mType=ITYPE_NAVIGATION_BAR, mFrame=[0,2361][1080,2400], mVisible=true, mInsetsRoundedCornerFrame=false}, InsetsSource: {mType=ITYPE_LEFT_GESTURES, mFrame=[0,0][130,2400], mVisible=true, mInsetsRoundedCornerFrame=false}, InsetsSource: {mType=ITYPE_RIGHT_GESTURES, mFrame=[950,0][1080,2400], mVisible=true, mInsetsRoundedCornerFrame=false}, InsetsSource: {mType=ITYPE_TOP_MANDATORY_GESTURES, mFrame=[0,0][1080,120], mVisible=true, mInsetsRoundedCornerFrame=false}, InsetsSource: {mType=ITYPE_BOTTOM_MANDATORY_GESTURES, mFrame=[0,2316][1080,2400], mVisible=true, mInsetsRoundedCornerFrame=false}, InsetsSource: {mType=ITYPE_LEFT_DISPLAY_CUTOUT, mFrame=[0,0][-100000,2400], mVisible=true, mInsetsRoundedCornerFrame=false}, InsetsSource: {mType=ITYPE_TOP_DISPLAY_CUTOUT, mFrame=[0,0][1080,88], mVisible=true, mInsetsRoundedCornerFrame=false}, InsetsSource: {mType=ITYPE_RIGHT_DISPLAY_CUTOUT, mFrame=[100000,0][1080,2400], mVisible=true, mInsetsRoundedCornerFrame=false}, InsetsSource: {mType=ITYPE_BOTTOM_DISPLAY_CUTOUT, mFrame=[0,100000][1080,2400], mVisible=true, mInsetsRoundedCornerFrame=false}, InsetsSource: {mType=ITYPE_TOP_TAPPABLE_ELEMENT, mFrame=[0,0][1080,88], mVisible=true, mInsetsRoundedCornerFrame=false}, InsetsSource: {mType=ITYPE_BOTTOM_TAPPABLE_ELEMENT, mFrame=[0,0][0,0], mVisible=true, mInsetsRoundedCornerFrame=false} } host=com.lagradost.cloudstream3/com.lagradost.cloudstream3.MainActivity from=android.view.ViewRootImpl.setView:1732
10-16 02:05:59.633 15890 15890 I ViewRootImpl@8be24da[MainActivity]: setView = com.android.internal.policy.DecorView@fea9d59 TM=true
