10-16 17:24:07.979 11476 11476 I SurfaceView@8a71348: applyTransactionOnVriDraw: vri = ViewRootImpl@87ee6e[MainActivity] fRS = false t = 0x7b5dc9fe00 android.view.SurfaceView.performSurfaceTransaction:959 android.view.SurfaceView.updateSurface:1105 android.view.SurfaceView.lambda$new$0$android-view-SurfaceView:200 
10-16 17:24:07.979 11476 11476 I ViewRootImpl@87ee6e[MainActivity]: applyTransactionOnDraw: mRemoved = false isHardwareEnabled = true t = 0x7b5dc9fe00android.view.SurfaceView.applyTransactionOnVriDraw:2048 android.view.SurfaceView.performSurfaceTransaction:959 android.view.SurfaceView.updateSurface:1105 android.view.SurfaceView.lambda$new$0$android-view-SurfaceView:200 android.view.SurfaceView$$ExternalSyntheticLambda5.onPreDraw:2 
10-16 17:24:07.979 11476 11476 I SurfaceView@8a71348: updateSurface: mVisible = true mSurface.isValid() = true
10-16 17:24:07.980 11476 11476 I SurfaceView@8a71348: updateSurface: mSurfaceCreated = true surfaceChanged = false visibleChanged = false
10-16 17:24:07.980 11476 11476 V SurfaceView@8a71348: Layout: x=0 y=-695 w=1080 h=525, frame=Rect(0, 0 - 1080, 525)
10-16 17:24:07.983 11476 11562 D SurfaceView@8a71348: updateSurfacePosition RenderWorker, frameNr = 441, position = [0, -695, 1080, -170] surfaceSize = 1080x525
10-16 17:24:07.983 11476 11562 I SurfaceView@8a71348: uSP: rtp = Rect(0, -695 - 1080, -170) rtsw = 1080 rtsh = 525
10-16 17:24:07.983 11476 11562 I SurfaceView@8a71348: onSSPAndSRT: pl = 0 pt = -695 sx = 1.0 sy = 1.0
10-16 17:24:07.984 11476 11562 I SurfaceView@8a71348: aOrMT: ViewRootImpl@87ee6e[MainActivity] t = android.view.SurfaceControl$Transaction@da64c32 fN = 441 android.view.SurfaceView.-$$Nest$mapplyOrMergeTransaction:0 android.view.SurfaceView$SurfaceViewPositionUpdateListener.positionChanged:1537 android.graphics.RenderNode$CompositePositionUpdateListener.positionChanged:373 
10-16 17:24:07.984 11476 11562 I ViewRootImpl@87ee6e[MainActivity]: mWNT: t=0x7af6c0e700 mBlastBufferQueue=0x7b5de49800 fn= 441 caller= android.view.SurfaceView.applyOrMergeTransaction:1455 android.view.SurfaceView.-$$Nest$mapplyOrMergeTransaction:0 android.view.SurfaceView$SurfaceViewPositionUpdateListener.positionChanged:1537 
10-16 17:24:07.984 11476 11562 I ViewRootImpl@87ee6e[MainActivity]: mWNT: t=0x7b5dc9fe00 mBlastBufferQueue=0x7b5de49800 fn= 441 caller= android.view.ViewRootImpl.lambda$applyTransactionOnDraw$11$android-view-ViewRootImpl:12865 android.view.ViewRootImpl$$ExternalSyntheticLambda1.onFrameDraw:4 android.graphics.HardwareRenderer$FrameDrawingCallback.onFrameDraw:924 
10-16 17:24:07.995 11476 11476 I SurfaceView@8a71348: Changes: creating=false format=false size=false visible=false alpha=false hint=false mUseAlpha=false visible=false left=false top=true
10-16 17:24:07.995 11476 11476 I SurfaceView@8a71348: 145167176 Cur surface: Surface(name=null)/@0x94df101
10-16 17:24:07.996 11476 11476 I SurfaceView@8a71348: applyTransactionOnVriDraw: vri = ViewRootImpl@87ee6e[MainActivity] fRS = false t = 0x7b5dc9ff00 android.view.SurfaceView.performSurfaceTransaction:959 android.view.SurfaceView.updateSurface:1105 android.view.SurfaceView.lambda$new$0$android-view-SurfaceView:200 
10-16 17:24:07.996 11476 11476 I ViewRootImpl@87ee6e[MainActivity]: applyTransactionOnDraw: mRemoved = false isHardwareEnabled = true t = 0x7b5dc9ff00android.view.SurfaceView.applyTransactionOnVriDraw:2048 android.view.SurfaceView.performSurfaceTransaction:959 android.view.SurfaceView.updateSurface:1105 android.view.SurfaceView.lambda$new$0$android-view-SurfaceView:200 android.view.SurfaceView$$ExternalSyntheticLambda5.onPreDraw:2 
10-16 17:24:07.996 11476 11476 I SurfaceView@8a71348: updateSurface: mVisible = true mSurface.isValid() = true
10-16 17:24:07.996 11476 11476 I SurfaceView@8a71348: updateSurface: mSurfaceCreated = true surfaceChanged = false visibleChanged = false
10-16 17:24:07.996 11476 11476 V SurfaceView@8a71348: Layout: x=0 y=-510 w=1080 h=525, frame=Rect(0, 0 - 1080, 525)
10-16 17:24:08.000 11476 11561 D SurfaceView@8a71348: updateSurfacePosition RenderWorker, frameNr = 442, position = [0, -510, 1080, 15] surfaceSize = 1080x525
10-16 17:24:08.000 11476 11561 I SurfaceView@8a71348: uSP: rtp = Rect(0, -510 - 1080, 15) rtsw = 1080 rtsh = 525
10-16 17:24:08.000 11476 11561 I SurfaceView@8a71348: onSSPAndSRT: pl = 0 pt = -510 sx = 1.0 sy = 1.0
10-16 17:24:08.000 11476 11561 I SurfaceView@8a71348: aOrMT: ViewRootImpl@87ee6e[MainActivity] t = android.view.SurfaceControl$Transaction@da64c32 fN = 442 android.view.SurfaceView.-$$Nest$mapplyOrMergeTransaction:0 android.view.SurfaceView$SurfaceViewPositionUpdateListener.positionChanged:1537 android.graphics.RenderNode$CompositePositionUpdateListener.positionChanged:373 
10-16 17:24:08.000 11476 11561 I ViewRootImpl@87ee6e[MainActivity]: mWNT: t=0x7af6c0e700 mBlastBufferQueue=0x7b5de49800 fn= 442 caller= android.view.SurfaceView.applyOrMergeTransaction:1455 android.view.SurfaceView.-$$Nest$mapplyOrMergeTransaction:0 android.view.SurfaceView$SurfaceViewPositionUpdateListener.positionChanged:1537 
10-16 17:24:08.001 11476 11561 I ViewRootImpl@87ee6e[MainActivity]: mWNT: t=0x7b5dc9ff00 mBlastBufferQueue=0x7b5de49800 fn= 442 caller= android.view.ViewRootImpl.lambda$applyTransactionOnDraw$11$android-view-ViewRootImpl:12865 android.view.ViewRootImpl$$ExternalSyntheticLambda1.onFrameDraw:4 android.graphics.HardwareRenderer$FrameDrawingCallback.onFrameDraw:924 
10-16 17:24:08.012 11476 11476 I SurfaceView@8a71348: Changes: creating=false format=false size=false visible=false alpha=false hint=false mUseAlpha=false visible=false left=false top=true
10-16 17:24:08.012 11476 11476 I SurfaceView@8a71348: 145167176 Cur surface: Surface(name=null)/@0x94df101
10-16 17:24:08.012 11476 11476 I SurfaceView@8a71348: applyTransactionOnVriDraw: vri = ViewRootImpl@87ee6e[MainActivity] fRS = false t = 0x7b5deff800 android.view.SurfaceView.performSurfaceTransaction:959 android.view.SurfaceView.updateSurface:1105 android.view.SurfaceView.lambda$new$0$android-view-SurfaceView:200 
10-16 17:24:08.012 11476 11476 I ViewRootImpl@87ee6e[MainActivity]: applyTransactionOnDraw: mRemoved = false isHardwareEnabled = true t = 0x7b5deff800android.view.SurfaceView.applyTransactionOnVriDraw:2048 android.view.SurfaceView.performSurfaceTransaction:959 android.view.SurfaceView.updateSurface:1105 android.view.SurfaceView.lambda$new$0$android-view-SurfaceView:200 android.view.SurfaceView$$ExternalSyntheticLambda5.onPreDraw:2 
10-16 17:24:08.012 11476 11476 I SurfaceView@8a71348: updateSurface: mVisible = true mSurface.isValid() = true
10-16 17:24:08.013 11476 11476 I SurfaceView@8a71348: updateSurface: mSurfaceCreated = true surfaceChanged = false visibleChanged = false
10-16 17:24:08.013 11476 11476 V SurfaceView@8a71348: Layout: x=0 y=-340 w=1080 h=525, frame=Rect(0, 0 - 1080, 525)
10-16 17:24:08.016 11476 11562 D SurfaceView@8a71348: updateSurfacePosition RenderWorker, frameNr = 443, position = [0, -340, 1080, 185] surfaceSize = 1080x525
10-16 17:24:08.016 11476 11562 I SurfaceView@8a71348: uSP: rtp = Rect(0, -340 - 1080, 185) rtsw = 1080 rtsh = 525
10-16 17:24:08.016 11476 11562 I SurfaceView@8a71348: onSSPAndSRT: pl = 0 pt = -340 sx = 1.0 sy = 1.0
10-16 17:24:08.017 11476 11562 I SurfaceView@8a71348: aOrMT: ViewRootImpl@87ee6e[MainActivity] t = android.view.SurfaceControl$Transaction@da64c32 fN = 443 android.view.SurfaceView.-$$Nest$mapplyOrMergeTransaction:0 android.view.SurfaceView$SurfaceViewPositionUpdateListener.positionChanged:1537 android.graphics.RenderNode$CompositePositionUpdateListener.positionChanged:373 
10-16 17:24:08.017 11476 11562 I ViewRootImpl@87ee6e[MainActivity]: mWNT: t=0x7af6c0e700 mBlastBufferQueue=0x7b5de49800 fn= 443 caller= android.view.SurfaceView.applyOrMergeTransaction:1455 android.view.SurfaceView.-$$Nest$mapplyOrMergeTransaction:0 android.view.SurfaceView$SurfaceViewPositionUpdateListener.positionChanged:1537 
10-16 17:24:08.017 11476 11562 I ViewRootImpl@87ee6e[MainActivity]: mWNT: t=0x7b5deff800 mBlastBufferQueue=0x7b5de49800 fn= 443 caller= android.view.ViewRootImpl.lambda$applyTransactionOnDraw$11$android-view-ViewRootImpl:12865 android.view.ViewRootImpl$$ExternalSyntheticLambda1.onFrameDraw:4 android.graphics.HardwareRenderer$FrameDrawingCallback.onFrameDraw:924 
10-16 17:24:08.028 11476 11476 I SurfaceView@8a71348: Changes: creating=false format=false size=false visible=false alpha=false hint=false mUseAlpha=false visible=false left=false top=true
10-16 17:24:08.029 11476 11476 I SurfaceView@8a71348: 145167176 Cur surface: Surface(name=null)/@0x94df101
10-16 17:24:08.029 11476 11476 I SurfaceView@8a71348: applyTransactionOnVriDraw: vri = ViewRootImpl@87ee6e[MainActivity] fRS = false t = 0x7b1b99ce00 android.view.SurfaceView.performSurfaceTransaction:959 android.view.SurfaceView.updateSurface:1105 android.view.SurfaceView.lambda$new$0$android-view-SurfaceView:200 
10-16 17:24:08.029 11476 11476 I ViewRootImpl@87ee6e[MainActivity]: applyTransactionOnDraw: mRemoved = false isHardwareEnabled = true t = 0x7b1b99ce00android.view.SurfaceView.applyTransactionOnVriDraw:2048 android.view.SurfaceView.performSurfaceTransaction:959 android.view.SurfaceView.updateSurface:1105 android.view.SurfaceView.lambda$new$0$android-view-SurfaceView:200 android.view.SurfaceView$$ExternalSyntheticLambda5.onPreDraw:2 
10-16 17:24:08.029 11476 11476 I SurfaceView@8a71348: updateSurface: mVisible = true mSurface.isValid() = true
10-16 17:24:08.029 11476 11476 I SurfaceView@8a71348: updateSurface: mSurfaceCreated = true surfaceChanged = false visibleChanged = false
10-16 17:24:08.029 11476 11476 V SurfaceView@8a71348: Layout: x=0 y=-163 w=1080 h=525, frame=Rect(0, 0 - 1080, 525)
10-16 17:24:08.033 11476 11561 D SurfaceView@8a71348: updateSurfacePosition RenderWorker, frameNr = 444, position = [0, -163, 1080, 362] surfaceSize = 1080x525
10-16 17:24:08.033 11476 11561 I SurfaceView@8a71348: uSP: rtp = Rect(0, -163 - 1080, 362) rtsw = 1080 rtsh = 525
10-16 17:24:08.033 11476 11561 I SurfaceView@8a71348: onSSPAndSRT: pl = 0 pt = -163 sx = 1.0 sy = 1.0
10-16 17:24:08.034 11476 11561 I SurfaceView@8a71348: aOrMT: ViewRootImpl@87ee6e[MainActivity] t = android.view.SurfaceControl$Transaction@da64c32 fN = 444 android.view.SurfaceView.-$$Nest$mapplyOrMergeTransaction:0 android.view.SurfaceView$SurfaceViewPositionUpdateListener.positionChanged:1537 android.graphics.RenderNode$CompositePositionUpdateListener.positionChanged:373 
10-16 17:24:08.034 11476 11561 I ViewRootImpl@87ee6e[MainActivity]: mWNT: t=0x7af6c0e700 mBlastBufferQueue=0x7b5de49800 fn= 444 caller= android.view.SurfaceView.applyOrMergeTransaction:1455 android.view.SurfaceView.-$$Nest$mapplyOrMergeTransaction:0 android.view.SurfaceView$SurfaceViewPositionUpdateListener.positionChanged:1537 
10-16 17:24:08.034 11476 11561 I ViewRootImpl@87ee6e[MainActivity]: mWNT: t=0x7b1b99ce00 mBlastBufferQueue=0x7b5de49800 fn= 444 caller= android.view.ViewRootImpl.lambda$applyTransactionOnDraw$11$android-view-ViewRootImpl:12865 android.view.ViewRootImpl$$ExternalSyntheticLambda1.onFrameDraw:4 android.graphics.HardwareRenderer$FrameDrawingCallback.onFrameDraw:924 
10-16 17:24:08.045 11476 11476 I SurfaceView@8a71348: Changes: creating=false format=false size=false visible=false alpha=false hint=false mUseAlpha=false visible=false left=false top=true
10-16 17:24:08.045 11476 11476 I SurfaceView@8a71348: 145167176 Cur surface: Surface(name=null)/@0x94df101
10-16 17:24:08.046 11476 11476 I SurfaceView@8a71348: applyTransactionOnVriDraw: vri = ViewRootImpl@87ee6e[MainActivity] fRS = false t = 0x7af6c0eb00 android.view.SurfaceView.performSurfaceTransaction:959 android.view.SurfaceView.updateSurface:1105 android.view.SurfaceView.lambda$new$0$android-view-SurfaceView:200 
10-16 17:24:08.046 11476 11476 I ViewRootImpl@87ee6e[MainActivity]: applyTransactionOnDraw: mRemoved = false isHardwareEnabled = true t = 0x7af6c0eb00android.view.SurfaceView.applyTransactionOnVriDraw:2048 android.view.SurfaceView.performSurfaceTransaction:959 android.view.SurfaceView.updateSurface:1105 android.view.SurfaceView.lambda$new$0$android-view-SurfaceView:200 android.view.SurfaceView$$ExternalSyntheticLambda5.onPreDraw:2 
10-16 17:24:08.046 11476 11476 I SurfaceView@8a71348: updateSurface: mVisible = true mSurface.isValid() = true
10-16 17:24:08.046 11476 11476 I SurfaceView@8a71348: updateSurface: mSurfaceCreated = true surfaceChanged = false visibleChanged = false
10-16 17:24:08.046 11476 11476 V SurfaceView@8a71348: Layout: x=0 y=11 w=1080 h=525, frame=Rect(0, 0 - 1080, 525)
10-16 17:24:08.050 11476 11562 D SurfaceView@8a71348: updateSurfacePosition RenderWorker, frameNr = 445, position = [0, 11, 1080, 536] surfaceSize = 1080x525
10-16 17:24:08.050 11476 11562 I SurfaceView@8a71348: uSP: rtp = Rect(0, 11 - 1080, 536) rtsw = 1080 rtsh = 525
10-16 17:24:08.050 11476 11562 I SurfaceView@8a71348: onSSPAndSRT: pl = 0 pt = 11 sx = 1.0 sy = 1.0
10-16 17:24:08.050 11476 11562 I SurfaceView@8a71348: aOrMT: ViewRootImpl@87ee6e[MainActivity] t = android.view.SurfaceControl$Transaction@da64c32 fN = 445 android.view.SurfaceView.-$$Nest$mapplyOrMergeTransaction:0 android.view.SurfaceView$SurfaceViewPositionUpdateListener.positionChanged:1537 android.graphics.RenderNode$CompositePositionUpdateListener.positionChanged:373 
10-16 17:24:08.050 11476 11562 I ViewRootImpl@87ee6e[MainActivity]: mWNT: t=0x7af6c0e700 mBlastBufferQueue=0x7b5de49800 fn= 445 caller= android.view.SurfaceView.applyOrMergeTransaction:1455 android.view.SurfaceView.-$$Nest$mapplyOrMergeTransaction:0 android.view.SurfaceView$SurfaceViewPositionUpdateListener.positionChanged:1537 
10-16 17:24:08.050 11476 11562 I ViewRootImpl@87ee6e[MainActivity]: mWNT: t=0x7af6c0eb00 mBlastBufferQueue=0x7b5de49800 fn= 445 caller= android.view.ViewRootImpl.lambda$applyTransactionOnDraw$11$android-view-ViewRootImpl:12865 android.view.ViewRootImpl$$ExternalSyntheticLambda1.onFrameDraw:4 android.graphics.HardwareRenderer$FrameDrawingCallback.onFrameDraw:924 
10-16 17:24:08.062 11476 11476 I SurfaceView@8a71348: Changes: creating=false format=false size=false visible=false alpha=false hint=false mUseAlpha=false visible=false left=false top=true
10-16 17:24:08.062 11476 11476 I SurfaceView@8a71348: 145167176 Cur surface: Surface(name=null)/@0x94df101
10-16 17:24:08.063 11476 11476 I SurfaceView@8a71348: applyTransactionOnVriDraw: vri = ViewRootImpl@87ee6e[MainActivity] fRS = false t = 0x7bdd4d2000 android.view.SurfaceView.performSurfaceTransaction:959 android.view.SurfaceView.updateSurface:1105 android.view.SurfaceView.lambda$new$0$android-view-SurfaceView:200 
10-16 17:24:08.063 11476 11476 I ViewRootImpl@87ee6e[MainActivity]: applyTransactionOnDraw: mRemoved = false isHardwareEnabled = true t = 0x7bdd4d2000android.view.SurfaceView.applyTransactionOnVriDraw:2048 android.view.SurfaceView.performSurfaceTransaction:959 android.view.SurfaceView.updateSurface:1105 android.view.SurfaceView.lambda$new$0$android-view-SurfaceView:200 android.view.SurfaceView$$ExternalSyntheticLambda5.onPreDraw:2 
10-16 17:24:08.063 11476 11476 I SurfaceView@8a71348: updateSurface: mVisible = true mSurface.isValid() = true
10-16 17:24:08.063 11476 11476 I SurfaceView@8a71348: updateSurface: mSurfaceCreated = true surfaceChanged = false visibleChanged = false
10-16 17:24:08.063 11476 11476 V SurfaceView@8a71348: Layout: x=0 y=169 w=1080 h=525, frame=Rect(0, 0 - 1080, 525)
10-16 17:24:08.067 11476 11561 D SurfaceView@8a71348: updateSurfacePosition RenderWorker, frameNr = 446, position = [0, 169, 1080, 694] surfaceSize = 1080x525
10-16 17:24:08.067 11476 11561 I SurfaceView@8a71348: uSP: rtp = Rect(0, 169 - 1080, 694) rtsw = 1080 rtsh = 525
10-16 17:24:08.067 11476 11561 I SurfaceView@8a71348: onSSPAndSRT: pl = 0 pt = 169 sx = 1.0 sy = 1.0
10-16 17:24:08.067 11476 11561 I SurfaceView@8a71348: aOrMT: ViewRootImpl@87ee6e[MainActivity] t = android.view.SurfaceControl$Transaction@da64c32 fN = 446 android.view.SurfaceView.-$$Nest$mapplyOrMergeTransaction:0 android.view.SurfaceView$SurfaceViewPositionUpdateListener.positionChanged:1537 android.graphics.RenderNode$CompositePositionUpdateListener.positionChanged:373 
10-16 17:24:08.067 11476 11561 I ViewRootImpl@87ee6e[MainActivity]: mWNT: t=0x7af6c0e700 mBlastBufferQueue=0x7b5de49800 fn= 446 caller= android.view.SurfaceView.applyOrMergeTransaction:1455 android.view.SurfaceView.-$$Nest$mapplyOrMergeTransaction:0 android.view.SurfaceView$SurfaceViewPositionUpdateListener.positionChanged:1537 
10-16 17:24:08.068 11476 11561 I ViewRootImpl@87ee6e[MainActivity]: mWNT: t=0x7bdd4d2000 mBlastBufferQueue=0x7b5de49800 fn= 446 caller= android.view.ViewRootImpl.lambda$applyTransactionOnDraw$11$android-view-ViewRootImpl:12865 android.view.ViewRootImpl$$ExternalSyntheticLambda1.onFrameDraw:4 android.graphics.HardwareRenderer$FrameDrawingCallback.onFrameDraw:924 
10-16 17:24:08.079 11476 11476 I SurfaceView@8a71348: Changes: creating=false format=false size=false visible=false alpha=false hint=false mUseAlpha=false visible=false left=false top=true
10-16 17:24:08.079 11476 11476 I SurfaceView@8a71348: 145167176 Cur surface: Surface(name=null)/@0x94df101
10-16 17:24:08.079 11476 11476 I SurfaceView@8a71348: applyTransactionOnVriDraw: vri = ViewRootImpl@87ee6e[MainActivity] fRS = false t = 0x7bdd4d2100 android.view.SurfaceView.performSurfaceTransaction:959 android.view.SurfaceView.updateSurface:1105 android.view.SurfaceView.lambda$new$0$android-view-SurfaceView:200 
10-16 17:24:08.079 11476 11476 I ViewRootImpl@87ee6e[MainActivity]: applyTransactionOnDraw: mRemoved = false isHardwareEnabled = true t = 0x7bdd4d2100android.view.SurfaceView.applyTransactionOnVriDraw:2048 android.view.SurfaceView.performSurfaceTransaction:959 android.view.SurfaceView.updateSurface:1105 android.view.SurfaceView.lambda$new$0$android-view-SurfaceView:200 android.view.SurfaceView$$ExternalSyntheticLambda5.onPreDraw:2 
10-16 17:24:08.080 11476 11476 I SurfaceView@8a71348: updateSurface: mVisible = true mSurface.isValid() = true
10-16 17:24:08.080 11476 11476 I SurfaceView@8a71348: updateSurface: mSurfaceCreated = true surfaceChanged = false visibleChanged = false
10-16 17:24:08.080 11476 11476 V SurfaceView@8a71348: Layout: x=0 y=218 w=1080 h=525, frame=Rect(0, 0 - 1080, 525)
10-16 17:24:08.083 11476 11562 D SurfaceView@8a71348: updateSurfacePosition RenderWorker, frameNr = 447, position = [0, 218, 1080, 743] surfaceSize = 1080x525
10-16 17:24:08.083 11476 11562 I SurfaceView@8a71348: uSP: rtp = Rect(0, 218 - 1080, 743) rtsw = 1080 rtsh = 525
10-16 17:24:08.084 11476 11562 I SurfaceView@8a71348: onSSPAndSRT: pl = 0 pt = 218 sx = 1.0 sy = 1.0
10-16 17:24:08.084 11476 11562 I SurfaceView@8a71348: aOrMT: ViewRootImpl@87ee6e[MainActivity] t = android.view.SurfaceControl$Transaction@da64c32 fN = 447 android.view.SurfaceView.-$$Nest$mapplyOrMergeTransaction:0 android.view.SurfaceView$SurfaceViewPositionUpdateListener.positionChanged:1537 android.graphics.RenderNode$CompositePositionUpdateListener.positionChanged:373 
10-16 17:24:08.084 11476 11562 I ViewRootImpl@87ee6e[MainActivity]: mWNT: t=0x7af6c0e700 mBlastBufferQueue=0x7b5de49800 fn= 447 caller= android.view.SurfaceView.applyOrMergeTransaction:1455 android.view.SurfaceView.-$$Nest$mapplyOrMergeTransaction:0 android.view.SurfaceView$SurfaceViewPositionUpdateListener.positionChanged:1537 
10-16 17:24:08.084 11476 11562 I ViewRootImpl@87ee6e[MainActivity]: mWNT: t=0x7bdd4d2100 mBlastBufferQueue=0x7b5de49800 fn= 447 caller= android.view.ViewRootImpl.lambda$applyTransactionOnDraw$11$android-view-ViewRootImpl:12865 android.view.ViewRootImpl$$ExternalSyntheticLambda1.onFrameDraw:4 android.graphics.HardwareRenderer$FrameDrawingCallback.onFrameDraw:924 
10-16 17:24:08.508 11476 11476 I ViewRootImpl@87ee6e[MainActivity]: ViewPostIme pointer 0
10-16 17:24:08.562 11476 11476 W PanelsChildGestureRegionObserver: failed to register view with ID 2131362800. already registered
10-16 17:24:08.575 11476 11476 W PanelsChildGestureRegionObserver: failed to register view with ID 2131362800. already registered
10-16 17:24:08.592 11476 11476 W PanelsChildGestureRegionObserver: failed to register view with ID 2131362800. already registered
10-16 17:24:08.608 11476 11476 W PanelsChildGestureRegionObserver: failed to register view with ID 2131362800. already registered
10-16 17:24:08.610 11476 11476 D WindowOnBackDispatcher: onBackInvoked, viewRoot=ViewRootImpl@5a18c34[MainActivity], callback=androidx.activity.OnBackPressedDispatcher$Api33Impl$$ExternalSyntheticLambda0@40183ff
10-16 17:24:08.619 11476 11476 I IMM_LC  : hsifw() - flag : 0
10-16 17:24:08.619 11476 11476 I IMM_LC  : hsifw() - mService.hideSoftInput
10-16 17:24:08.625 11476 11476 I CS3ExoPlayer: onStop
10-16 17:24:08.625 11476 11476 I CS3ExoPlayer: saveData
10-16 17:24:08.625 11476 11476 I CS3ExoPlayer: handleEvent Pause
10-16 17:24:08.626 11476 11486 W st.cloudstream3: Missing inline cache for void androidx.navigation.NavController.updateBackStackLifecycle$navigation_runtime_release()
10-16 17:24:08.626 11476 11486 W st.cloudstream3: Missing inline cache for void androidx.navigation.NavController.updateBackStackLifecycle$navigation_runtime_release()
10-16 17:24:08.626 11476 11486 W st.cloudstream3: Missing inline cache for void androidx.navigation.NavController.updateBackStackLifecycle$navigation_runtime_release()
10-16 17:24:08.683 11476 11476 W PanelsChildGestureRegionObserver: failed to register view with ID 2131362800. already registered
10-16 17:24:08.917 11476 11476 W PanelsChildGestureRegionObserver: failed to register view with ID 2131362800. already registered
10-16 17:24:08.928 11476 11561 D SurfaceView@8a71348: updateSurfacePosition RenderWorker, frameNr = 478, position = [54, 314, 1026, 787] surfaceSize = 1080x525
10-16 17:24:08.929 11476 11561 I SurfaceView@8a71348: uSP: rtp = Rect(54, 314 - 1026, 787) rtsw = 1080 rtsh = 525
10-16 17:24:08.929 11476 11561 I SurfaceView@8a71348: onSSPAndSRT: pl = 54 pt = 314 sx = 0.9 sy = 0.9009524
10-16 17:24:08.929 11476 11561 I SurfaceView@8a71348: aOrMT: ViewRootImpl@87ee6e[MainActivity] t = android.view.SurfaceControl$Transaction@da64c32 fN = 478 android.view.SurfaceView.-$$Nest$mapplyOrMergeTransaction:0 android.view.SurfaceView$SurfaceViewPositionUpdateListener.positionChanged:1537 android.graphics.RenderNode$CompositePositionUpdateListener.positionChanged:373 
10-16 17:24:08.929 11476 11561 I ViewRootImpl@87ee6e[MainActivity]: mWNT: t=0x7af6c0e700 mBlastBufferQueue=0x7b5de49800 fn= 478 caller= android.view.SurfaceView.applyOrMergeTransaction:1455 android.view.SurfaceView.-$$Nest$mapplyOrMergeTransaction:0 android.view.SurfaceView$SurfaceViewPositionUpdateListener.positionChanged:1537 
10-16 17:24:08.930 11476 11476 I SurfaceView@8a71348: onWindowVisibilityChanged(8) false android.view.SurfaceView{8a71348 V.E..V... ........ 0,0-1080,525} of ViewRootImpl@87ee6e[MainActivity]
10-16 17:24:08.930 11476 11476 I SurfaceView@8a71348: Changes: creating=false format=false size=false visible=true alpha=false hint=false mUseAlpha=false visible=true left=false top=false
10-16 17:24:08.930 11476 11476 I SurfaceView@8a71348: 145167176 Cur surface: Surface(name=null)/@0x94df101
10-16 17:24:08.930 11476 11476 I SurfaceView@8a71348: applyTransactionOnVriDraw: vri = ViewRootImpl@87ee6e[MainActivity] fRS = false t = 0x7b67f3ce00 android.view.SurfaceView.performSurfaceTransaction:959 android.view.SurfaceView.updateSurface:1105 android.view.SurfaceView.onWindowVisibilityChanged:371 
10-16 17:24:08.930 11476 11476 I ViewRootImpl@87ee6e[MainActivity]: applyTransactionOnDraw: mRemoved = false isHardwareEnabled = true t = 0x7b67f3ce00android.view.SurfaceView.applyTransactionOnVriDraw:2048 android.view.SurfaceView.performSurfaceTransaction:959 android.view.SurfaceView.updateSurface:1105 android.view.SurfaceView.onWindowVisibilityChanged:371 android.view.View.dispatchDetachedFromWindow:22529 
10-16 17:24:08.930 11476 11476 I SurfaceView@8a71348: surfaceDestroyed
10-16 17:24:08.930 11476 11476 I SurfaceView@8a71348: surfaceDestroyed callback.size 0 #2 android.view.SurfaceView{8a71348 V.E..V... ........ 0,0-1080,525}
10-16 17:24:08.930 11476 11476 I SurfaceView@8a71348: updateSurface: mVisible = false mSurface.isValid() = true
10-16 17:24:08.931 11476 11476 I SurfaceView@8a71348: releaseSurfaces: viewRoot = ViewRootImpl@87ee6e[MainActivity]
10-16 17:24:08.931 11476 11476 I SurfaceView@8a71348: applyTransactionOnVriDraw: vri = ViewRootImpl@87ee6e[MainActivity] fRS = true t = 0x7b67f3cf00 android.view.SurfaceView.releaseSurfaces:858 android.view.SurfaceView.updateSurface:1172 android.view.SurfaceView.onWindowVisibilityChanged:371 
10-16 17:24:08.931 11476 11476 I SurfaceView@8a71348: applyTransactionOnVriDraw: viewRoot.applyTransactionOnDrawFromReleaseSurfaces
10-16 17:24:08.931 11476 11476 I ViewRootImpl@87ee6e[MainActivity]: applyTransactionOnDraw: mRemoved = false isHardwareEnabled = true t = 0x7b67f3cf00android.view.ViewRootImpl.applyTransactionOnDrawFromReleaseSurfaces:12850 android.view.SurfaceView.applyTransactionOnVriDraw:2046 android.view.SurfaceView.releaseSurfaces:858 android.view.SurfaceView.updateSurface:1172 android.view.SurfaceView.onWindowVisibilityChanged:371 
10-16 17:24:08.931 11476 11476 V SurfaceView@8a71348: Layout: x=0 y=218 w=1080 h=525, frame=Rect(0, 0 - 1080, 525)
10-16 17:24:08.931 11476 11476 I SurfaceView@8a71348: onDetachedFromWindow: tryReleaseSurfaces()
10-16 17:24:08.931 11476 11476 I SurfaceView@8a71348: releaseSurfaces: viewRoot = ViewRootImpl@87ee6e[MainActivity]
10-16 17:24:08.931 11476 11476 I SurfaceView@8a71348: applyTransactionOnVriDraw: vri = ViewRootImpl@87ee6e[MainActivity] fRS = true t = 0x7b3862f000 android.view.SurfaceView.releaseSurfaces:858 android.view.SurfaceView.onDetachedFromWindow:500 android.view.View.dispatchDetachedFromWindow:22538 
10-16 17:24:08.931 11476 11476 I SurfaceView@8a71348: applyTransactionOnVriDraw: viewRoot.applyTransactionOnDrawFromReleaseSurfaces
10-16 17:24:08.932 11476 11476 I ViewRootImpl@87ee6e[MainActivity]: applyTransactionOnDraw: mRemoved = false isHardwareEnabled = true t = 0x7b3862f000android.view.ViewRootImpl.applyTransactionOnDrawFromReleaseSurfaces:12850 android.view.SurfaceView.applyTransactionOnVriDraw:2046 android.view.SurfaceView.releaseSurfaces:858 android.view.SurfaceView.onDetachedFromWindow:500 android.view.View.dispatchDetachedFromWindow:22538 
10-16 17:24:08.944 11476 11476 I DecorView: notifyKeepScreenOnChanged: keepScreenOn=false
10-16 17:24:08.945 11476 11476 I CS3ExoPlayer: releasePlayer
10-16 17:24:08.945 11476 11476 I CS3ExoPlayer: Handle event: PlayerAttachedEvent(player=null, source=Player)
10-16 17:24:08.945 11476 11476 I DecorView: notifyKeepScreenOnChanged: keepScreenOn=false
10-16 17:24:08.946 11476 11476 I ViewRootImpl@87ee6e[MainActivity]: performTraversals params={(0,0)(fillxfill) sim={state=always_hidden adjust=resize} ty=BASE_APPLICATION wanim=0x1030309
10-16 17:24:08.946 11476 11476 I ViewRootImpl@87ee6e[MainActivity]:   fl=85810100
10-16 17:24:08.946 11476 11476 I ViewRootImpl@87ee6e[MainActivity]:   pfl=12020040
10-16 17:24:08.946 11476 11476 I ViewRootImpl@87ee6e[MainActivity]:   vsysui=500
10-16 17:24:08.946 11476 11476 I ViewRootImpl@87ee6e[MainActivity]:   bhv=DEFAULT
10-16 17:24:08.946 11476 11476 I ViewRootImpl@87ee6e[MainActivity]:   fitSides= naviIconColor=0}
10-16 17:24:08.947 11476 11476 I ViewRootImpl@87ee6e[MainActivity]: performTraversals mFirst=false windowShouldResize=false viewVisibilityChanged=false mForceNextWindowRelayout=false params={(0,0)(fillxfill) sim={state=always_hidden adjust=resize} ty=BASE_APPLICATION fmt=TRANSLUCENT wanim=0x1030309
10-16 17:24:08.947 11476 11476 I ViewRootImpl@87ee6e[MainActivity]:   fl=85810100
10-16 17:24:08.947 11476 11476 I ViewRootImpl@87ee6e[MainActivity]:   pfl=12020040
10-16 17:24:08.947 11476 11476 I ViewRootImpl@87ee6e[MainActivity]:   vsysui=500
10-16 17:24:08.947 11476 11476 I ViewRootImpl@87ee6e[MainActivity]:   bhv=DEFAULT
10-16 17:24:08.947 11476 11476 I ViewRootImpl@87ee6e[MainActivity]:   fitSides= naviIconColor=0}
10-16 17:24:08.951 11476 11476 I ViewRootImpl@87ee6e[MainActivity]: updateBlastSurfaceIfNeeded mBlastBufferQueue=0x7b5de49800 isSameSurfaceControl=true
10-16 17:24:08.951 11476 11476 I BLASTBufferQueue: update, w= 1080 h= 2400 mName = ViewRootImpl@87ee6e[MainActivity] mNativeObject= 0x7b5de49800 sc.mNativeObject= 0x7b385cbf00 format= -3 caller= android.view.ViewRootImpl.updateBlastSurfaceIfNeeded:2898 android.view.ViewRootImpl.relayoutWindow:9847 android.view.ViewRootImpl.performTraversals:3884 android.view.ViewRootImpl.doTraversal:3116 android.view.ViewRootImpl$TraversalRunnable.run:10885 android.view.Choreographer$CallbackRecord.run:1301 
10-16 17:24:08.951 11476 11476 I ViewRootImpl@87ee6e[MainActivity]: Relayout returned: old=(0,0,1080,2400) new=(0,0,1080,2400) req=(1080,2400)0 dur=4 res=0x0 s={true 0x7b1b9fe800} ch=false seqId=0
10-16 17:24:08.951 11476 11476 I ViewRootImpl@87ee6e[MainActivity]: updateBoundsLayer: t = android.view.SurfaceControl$Transaction@bf3e65c sc = Surface(name=Bounds for - com.lagradost.cloudstream3/com.lagradost.cloudstream3.MainActivity@0)/@0xe314d65 frame = 479
10-16 17:24:08.951 11476 11476 I ViewRootImpl@87ee6e[MainActivity]: mWNT: t=0x7b1b896a00 mBlastBufferQueue=0x7b5de49800 fn= 479 caller= android.view.ViewRootImpl.prepareSurfaces:2985 android.view.ViewRootImpl.performTraversals:4233 android.view.ViewRootImpl.doTraversal:3116 
10-16 17:24:08.952 11476 11500 D SurfaceView@8a71348: windowPositionLost, frameNr = 479
10-16 17:24:08.953 11476 11562 I ViewRootImpl@87ee6e[MainActivity]: mWNT: t=0x7b67f3ce00 mBlastBufferQueue=0x7b5de49800 fn= 479 caller= android.view.ViewRootImpl.lambda$applyTransactionOnDraw$11$android-view-ViewRootImpl:12865 android.view.ViewRootImpl$$ExternalSyntheticLambda1.onFrameDraw:4 android.graphics.HardwareRenderer$FrameDrawingCallback.onFrameDraw:924 
10-16 17:24:08.953 11476 11562 I ViewRootImpl@87ee6e[MainActivity]: mWNT: t=0x7b67f3cf00 mBlastBufferQueue=0x7b5de49800 fn= 479 caller= android.view.ViewRootImpl.lambda$applyTransactionOnDraw$11$android-view-ViewRootImpl:12865 android.view.ViewRootImpl$$ExternalSyntheticLambda1.onFrameDraw:4 android.graphics.HardwareRenderer$FrameDrawingCallback.onFrameDraw:924 
10-16 17:24:08.953 11476 11562 I ViewRootImpl@87ee6e[MainActivity]: mWNT: t=0x7b3862f000 mBlastBufferQueue=0x7b5de49800 fn= 479 caller= android.view.ViewRootImpl.lambda$applyTransactionOnDraw$11$android-view-ViewRootImpl:12865 android.view.ViewRootImpl$$ExternalSyntheticLambda1.onFrameDraw:4 android.graphics.HardwareRenderer$FrameDrawingCallback.onFrameDraw:924 
10-16 17:24:09.441 11476 11476 I ViewRootImpl@87ee6e[MainActivity]: ViewPostIme pointer 0
10-16 17:24:09.524 11476 11476 I ViewRootImpl@87ee6e[MainActivity]: ViewPostIme pointer 1
10-16 17:24:09.544 11476 11476 I IMM_LC  : hsifw() - flag : 0
10-16 17:24:09.544 11476 11476 I IMM_LC  : hsifw() - mService.hideSoftInput
10-16 17:24:09.566 11476 11476 D ScrollView: initGoToTop
10-16 17:24:09.597 11476 11476 E CoilImgLoader: Error loading image: coil3.request.NullRequestDataException: The request's data is null.
10-16 17:24:09.614 11476 11476 D ScrollView:  onsize change changed 
10-16 17:24:09.846 11476 11487 I st.cloudstream3: Background concurrent copying GC freed 17MB AllocSpace bytes, 44(2244KB) LOS objects, 38% free, 37MB/61MB, paused 417us,64us total 247.935ms
10-16 17:24:09.849 11476 11500 D OpenGLRenderer: setSurface called with nullptr
10-16 17:24:09.849 11476 11488 D InputTransport: Input channel destroyed: 'ClientS', fd=123
10-16 17:24:10.825 11476 11476 I ViewRootImpl@87ee6e[MainActivity]: ViewPostIme pointer 0
10-16 17:24:10.857 11476 11476 I ViewRootImpl@87ee6e[MainActivity]: ViewPostIme pointer 1
10-16 17:24:10.876 11476 11476 I NavComponent: Navigating to fragment: 2131361884
10-16 17:24:10.882 11476 11476 I IMM_LC  : hsifw() - flag : 0
10-16 17:24:10.883 11476 11476 I IMM_LC  : hsifw() - mService.hideSoftInput
10-16 17:24:11.528 11476 11476 I ViewRootImpl@87ee6e[MainActivity]: ViewPostIme pointer 0
10-16 17:24:11.593 11476 11476 I ViewRootImpl@87ee6e[MainActivity]: ViewPostIme pointer 1
10-16 17:24:11.874 11476 11476 I ViewRootImpl@87ee6e[MainActivity]: ViewPostIme pointer 0
10-16 17:24:11.931 11476 11476 I ViewRootImpl@87ee6e[MainActivity]: ViewPostIme pointer 1
10-16 17:24:12.551 11476 11476 I ViewRootImpl@87ee6e[MainActivity]: ViewPostIme pointer 0
10-16 17:24:12.600 11476 11476 I ViewRootImpl@87ee6e[MainActivity]: ViewPostIme pointer 1
10-16 17:24:12.625 11476 11476 I Dialog  : mIsDeviceDefault = false, mIsSamsungBasicInteraction = false, isMetaDataInActivity = false
10-16 17:24:12.632 11476 11476 I DecorView: [INFO] isPopOver=false config=false
10-16 17:24:12.632 11476 11476 I DecorView: updateCaptionType: isFloating=true isApplication=true hasWindowDecorCaption=false this=DecorView@f1f466[]
10-16 17:24:12.632 11476 11476 D DecorView: setCaptionType = 0, this = DecorView@f1f466[]
10-16 17:24:12.634 11476 11476 I DecorView: setWindowBackground: isPopOver=false color=ff010101 d=android.graphics.drawable.InsetDrawable@8aab054
10-16 17:24:12.654 11476 11476 D ScrollView: initGoToTop
10-16 17:24:12.668 11476 11500 D NativeCustomFrequencyManager: [NativeCFMS] BpCustomFrequencyManager::BpCustomFrequencyManager()
10-16 17:24:12.668 11476 11476 I DecorView: onImmersiveModeChanged: isStatusBarHidden=true
10-16 17:24:12.678 11476 11476 D InsetsController: onStateChanged: InsetsState: {mDisplayFrame=Rect(0, 0 - 1080, 2400), mDisplayCutout=DisplayCutout{insets=Rect(0, 88 - 0, 0) waterfall=Insets{left=0, top=0, right=0, bottom=0} boundingRect={Bounds=[Rect(0, 0 - 0, 0), Rect(512, 0 - 568, 88), Rect(0, 0 - 0, 0), Rect(0, 0 - 0, 0)]} cutoutPathParserInfo={CutoutPathParserInfo{displayWidth=1080 displayHeight=2400 physicalDisplayWidth=1080 physicalDisplayHeight=2400 density={2.625} cutoutSpec={M 0,0 M 0,12.25101276465640 a 10.60613009248640,10.60613009248640 0 1,0 0,21.21226018497290 a 10.60613009248640,10.60613009248640 0 1,0 0,-21.21226018497290 Z @dp} rotation={0} scale={1.0} physicalPixelDisplaySizeRatio={1.0}}}}, mRoundedCorners=RoundedCorners{[RoundedCorner{position=TopLeft, radius=84, center=Point(84, 84)}, RoundedCorner{position=TopRight, radius=84, center=Point(996, 84)}, RoundedCorner{position=BottomRight, radius=84, center=Point(996, 2316)}, RoundedCorner{position=BottomLeft, radius=84, center=Point(84, 2316)}]}  mRoundedCornerFrame=Rect(0, 0 - 1080, 2400), mPrivacyIndicatorBounds=PrivacyIndicatorBounds {static bounds=Rect(964, 0 - 1080, 87) rotation=0}, mSources= { InsetsSource: {mType=ITYPE_STATUS_BAR, mFrame=[0,0][1080,88], mVisible=true, mInsetsRoundedCornerFrame=false}, InsetsSource: {mType=ITYPE_NAVIGATION_BAR, mFrame=[0,2361][1080,2400], mVisible=true, mInsetsRoundedCornerFrame=false}, InsetsSource: {mType=ITYPE_LEFT_GESTURES, mFrame=[0,0][130,2400], mVisible=true, mInsetsRoundedCornerFrame=false}, InsetsSource: {mType=ITYPE_RIGHT_GESTURES, mFrame=[950,0][1080,2400], mVisible=true, mInsetsRoundedCornerFrame=false}, InsetsSource: {mType=ITYPE_TOP_MANDATORY_GESTURES, mFrame=[0,0][1080,120], mVisible=true, mInsetsRoundedCornerFrame=false}, InsetsSource: {mType=ITYPE_BOTTOM_MANDATORY_GESTURES, mFrame=[0,2316][1080,2400], mVisible=true, mInsetsRoundedCornerFrame=false}, InsetsSource: {mType=ITYPE_LEFT_DISPLAY_CUTOUT, mFrame=[0,0][-100000,2400], mVisible=true, mInsetsRoundedCornerFrame=false}, InsetsSource: {mType=ITYPE_TOP_DISPLAY_CUTOUT, mFrame=[0,0][1080,88], mVisible=true, mInsetsRoundedCornerFrame=false}, InsetsSource: {mType=ITYPE_RIGHT_DISPLAY_CUTOUT, mFrame=[100000,0][1080,2400], mVisible=true, mInsetsRoundedCornerFrame=false}, InsetsSource: {mType=ITYPE_BOTTOM_DISPLAY_CUTOUT, mFrame=[0,100000][1080,2400], mVisible=true, mInsetsRoundedCornerFrame=false}, InsetsSource: {mType=ITYPE_TOP_TAPPABLE_ELEMENT, mFrame=[0,0][1080,88], mVisible=true, mInsetsRoundedCornerFrame=false}, InsetsSource: {mType=ITYPE_BOTTOM_TAPPABLE_ELEMENT, mFrame=[0,0][0,0], mVisible=true, mInsetsRoundedCornerFrame=false} } host=com.lagradost.cloudstream3/com.lagradost.cloudstream3.MainActivity from=android.view.ViewRootImpl.setView:1732
10-16 17:24:12.679 11476 11476 I ViewRootImpl@82ad469[MainActivity]: setView = com.android.internal.policy.DecorView@f1f466 TM=true
