10-16 01:12:26.180  3018  3089 I ViewRootImpl@4276aad[MainActivity]: mWNT: t=0x7b2c656d00 mBlastBufferQueue=0x7b5c368500 fn= 651 caller= android.view.ViewRootImpl.lambda$applyTransactionOnDraw$11$android-view-ViewRootImpl:12865 android.view.ViewRootImpl$$ExternalSyntheticLambda1.onFrameDraw:4 android.graphics.HardwareRenderer$FrameDrawingCallback.onFrameDraw:924 
10-16 01:12:26.183  3018  3018 I SurfaceView@94e19fd: Changes: creating=false format=false size=false visible=false alpha=false hint=false mUseAlpha=false visible=false left=false top=true
10-16 01:12:26.183  3018  3018 I SurfaceView@94e19fd: 156113405 Cur surface: Surface(name=null)/@0xdd2fa1b
10-16 01:12:26.184  3018  3018 I SurfaceView@94e19fd: applyTransactionOnVriDraw: vri = ViewRootImpl@4276aad[MainActivity] fRS = false t = 0x7b2c656e00 android.view.SurfaceView.performSurfaceTransaction:959 android.view.SurfaceView.updateSurface:1105 android.view.SurfaceView.lambda$new$0$android-view-SurfaceView:200 
10-16 01:12:26.184  3018  3018 I ViewRootImpl@4276aad[MainActivity]: applyTransactionOnDraw: mRemoved = false isHardwareEnabled = true t = 0x7b2c656e00android.view.SurfaceView.applyTransactionOnVriDraw:2048 android.view.SurfaceView.performSurfaceTransaction:959 android.view.SurfaceView.updateSurface:1105 android.view.SurfaceView.lambda$new$0$android-view-SurfaceView:200 android.view.SurfaceView$$ExternalSyntheticLambda5.onPreDraw:2 
10-16 01:12:26.184  3018  3018 I SurfaceView@94e19fd: updateSurface: mVisible = true mSurface.isValid() = true
10-16 01:12:26.184  3018  3018 I SurfaceView@94e19fd: updateSurface: mSurfaceCreated = true surfaceChanged = false visibleChanged = false
10-16 01:12:26.184  3018  3018 V SurfaceView@94e19fd: Layout: x=0 y=-316 w=1080 h=525, frame=Rect(0, 0 - 1080, 525)
10-16 01:12:26.193  3018  3088 D SurfaceView@94e19fd: updateSurfacePosition RenderWorker, frameNr = 652, position = [0, -316, 1080, 209] surfaceSize = 1080x525
10-16 01:12:26.193  3018  3088 I SurfaceView@94e19fd: uSP: rtp = Rect(0, -316 - 1080, 209) rtsw = 1080 rtsh = 525
10-16 01:12:26.193  3018  3088 I SurfaceView@94e19fd: onSSPAndSRT: pl = 0 pt = -316 sx = 1.0 sy = 1.0
10-16 01:12:26.194  3018  3088 I SurfaceView@94e19fd: aOrMT: ViewRootImpl@4276aad[MainActivity] t = android.view.SurfaceControl$Transaction@342c764 fN = 652 android.view.SurfaceView.-$$Nest$mapplyOrMergeTransaction:0 android.view.SurfaceView$SurfaceViewPositionUpdateListener.positionChanged:1537 android.graphics.RenderNode$CompositePositionUpdateListener.positionChanged:373 
10-16 01:12:26.194  3018  3088 I ViewRootImpl@4276aad[MainActivity]: mWNT: t=0x7b44474a00 mBlastBufferQueue=0x7b5c368500 fn= 652 caller= android.view.SurfaceView.applyOrMergeTransaction:1455 android.view.SurfaceView.-$$Nest$mapplyOrMergeTransaction:0 android.view.SurfaceView$SurfaceViewPositionUpdateListener.positionChanged:1537 
10-16 01:12:26.194  3018  3088 I ViewRootImpl@4276aad[MainActivity]: mWNT: t=0x7b2c656e00 mBlastBufferQueue=0x7b5c368500 fn= 652 caller= android.view.ViewRootImpl.lambda$applyTransactionOnDraw$11$android-view-ViewRootImpl:12865 android.view.ViewRootImpl$$ExternalSyntheticLambda1.onFrameDraw:4 android.graphics.HardwareRenderer$FrameDrawingCallback.onFrameDraw:924 
10-16 01:12:26.198  3018  3018 I SurfaceView@94e19fd: Changes: creating=false format=false size=false visible=false alpha=false hint=false mUseAlpha=false visible=false left=false top=true
10-16 01:12:26.198  3018  3018 I SurfaceView@94e19fd: 156113405 Cur surface: Surface(name=null)/@0xdd2fa1b
10-16 01:12:26.198  3018  3018 I SurfaceView@94e19fd: applyTransactionOnVriDraw: vri = ViewRootImpl@4276aad[MainActivity] fRS = false t = 0x7b2c656f00 android.view.SurfaceView.performSurfaceTransaction:959 android.view.SurfaceView.updateSurface:1105 android.view.SurfaceView.lambda$new$0$android-view-SurfaceView:200 
10-16 01:12:26.199  3018  3018 I ViewRootImpl@4276aad[MainActivity]: applyTransactionOnDraw: mRemoved = false isHardwareEnabled = true t = 0x7b2c656f00android.view.SurfaceView.applyTransactionOnVriDraw:2048 android.view.SurfaceView.performSurfaceTransaction:959 android.view.SurfaceView.updateSurface:1105 android.view.SurfaceView.lambda$new$0$android-view-SurfaceView:200 android.view.SurfaceView$$ExternalSyntheticLambda5.onPreDraw:2 
10-16 01:12:26.199  3018  3018 I SurfaceView@94e19fd: updateSurface: mVisible = true mSurface.isValid() = true
10-16 01:12:26.199  3018  3018 I SurfaceView@94e19fd: updateSurface: mSurfaceCreated = true surfaceChanged = false visibleChanged = false
10-16 01:12:26.199  3018  3018 V SurfaceView@94e19fd: Layout: x=0 y=-447 w=1080 h=525, frame=Rect(0, 0 - 1080, 525)
10-16 01:12:26.214  3018  3089 D SurfaceView@94e19fd: updateSurfacePosition RenderWorker, frameNr = 653, position = [0, -447, 1080, 78] surfaceSize = 1080x525
10-16 01:12:26.214  3018  3089 I SurfaceView@94e19fd: uSP: rtp = Rect(0, -447 - 1080, 78) rtsw = 1080 rtsh = 525
10-16 01:12:26.214  3018  3089 I SurfaceView@94e19fd: onSSPAndSRT: pl = 0 pt = -447 sx = 1.0 sy = 1.0
10-16 01:12:26.215  3018  3089 I SurfaceView@94e19fd: aOrMT: ViewRootImpl@4276aad[MainActivity] t = android.view.SurfaceControl$Transaction@342c764 fN = 653 android.view.SurfaceView.-$$Nest$mapplyOrMergeTransaction:0 android.view.SurfaceView$SurfaceViewPositionUpdateListener.positionChanged:1537 android.graphics.RenderNode$CompositePositionUpdateListener.positionChanged:373 
10-16 01:12:26.215  3018  3089 I ViewRootImpl@4276aad[MainActivity]: mWNT: t=0x7b44474a00 mBlastBufferQueue=0x7b5c368500 fn= 653 caller= android.view.SurfaceView.applyOrMergeTransaction:1455 android.view.SurfaceView.-$$Nest$mapplyOrMergeTransaction:0 android.view.SurfaceView$SurfaceViewPositionUpdateListener.positionChanged:1537 
10-16 01:12:26.215  3018  3089 I ViewRootImpl@4276aad[MainActivity]: mWNT: t=0x7b2c656f00 mBlastBufferQueue=0x7b5c368500 fn= 653 caller= android.view.ViewRootImpl.lambda$applyTransactionOnDraw$11$android-view-ViewRootImpl:12865 android.view.ViewRootImpl$$ExternalSyntheticLambda1.onFrameDraw:4 android.graphics.HardwareRenderer$FrameDrawingCallback.onFrameDraw:924 
10-16 01:12:26.219  3018  3018 I SurfaceView@94e19fd: Changes: creating=false format=false size=false visible=false alpha=false hint=false mUseAlpha=false visible=false left=false top=true
10-16 01:12:26.219  3018  3018 I SurfaceView@94e19fd: 156113405 Cur surface: Surface(name=null)/@0xdd2fa1b
10-16 01:12:26.219  3018  3018 I SurfaceView@94e19fd: applyTransactionOnVriDraw: vri = ViewRootImpl@4276aad[MainActivity] fRS = false t = 0x7b16093000 android.view.SurfaceView.performSurfaceTransaction:959 android.view.SurfaceView.updateSurface:1105 android.view.SurfaceView.lambda$new$0$android-view-SurfaceView:200 
10-16 01:12:26.220  3018  3018 I ViewRootImpl@4276aad[MainActivity]: applyTransactionOnDraw: mRemoved = false isHardwareEnabled = true t = 0x7b16093000android.view.SurfaceView.applyTransactionOnVriDraw:2048 android.view.SurfaceView.performSurfaceTransaction:959 android.view.SurfaceView.updateSurface:1105 android.view.SurfaceView.lambda$new$0$android-view-SurfaceView:200 android.view.SurfaceView$$ExternalSyntheticLambda5.onPreDraw:2 
10-16 01:12:26.220  3018  3018 I SurfaceView@94e19fd: updateSurface: mVisible = true mSurface.isValid() = true
10-16 01:12:26.220  3018  3018 I SurfaceView@94e19fd: updateSurface: mSurfaceCreated = true surfaceChanged = false visibleChanged = false
10-16 01:12:26.220  3018  3018 V SurfaceView@94e19fd: Layout: x=0 y=-576 w=1080 h=525, frame=Rect(0, 0 - 1080, 525)
10-16 01:12:26.229  3018  3088 D SurfaceView@94e19fd: updateSurfacePosition RenderWorker, frameNr = 654, position = [0, -576, 1080, -51] surfaceSize = 1080x525
10-16 01:12:26.229  3018  3088 I SurfaceView@94e19fd: uSP: rtp = Rect(0, -576 - 1080, -51) rtsw = 1080 rtsh = 525
10-16 01:12:26.230  3018  3088 I SurfaceView@94e19fd: onSSPAndSRT: pl = 0 pt = -576 sx = 1.0 sy = 1.0
10-16 01:12:26.230  3018  3088 I SurfaceView@94e19fd: aOrMT: ViewRootImpl@4276aad[MainActivity] t = android.view.SurfaceControl$Transaction@342c764 fN = 654 android.view.SurfaceView.-$$Nest$mapplyOrMergeTransaction:0 android.view.SurfaceView$SurfaceViewPositionUpdateListener.positionChanged:1537 android.graphics.RenderNode$CompositePositionUpdateListener.positionChanged:373 
10-16 01:12:26.230  3018  3088 I ViewRootImpl@4276aad[MainActivity]: mWNT: t=0x7b44474a00 mBlastBufferQueue=0x7b5c368500 fn= 654 caller= android.view.SurfaceView.applyOrMergeTransaction:1455 android.view.SurfaceView.-$$Nest$mapplyOrMergeTransaction:0 android.view.SurfaceView$SurfaceViewPositionUpdateListener.positionChanged:1537 
10-16 01:12:26.230  3018  3088 I ViewRootImpl@4276aad[MainActivity]: mWNT: t=0x7b16093000 mBlastBufferQueue=0x7b5c368500 fn= 654 caller= android.view.ViewRootImpl.lambda$applyTransactionOnDraw$11$android-view-ViewRootImpl:12865 android.view.ViewRootImpl$$ExternalSyntheticLambda1.onFrameDraw:4 android.graphics.HardwareRenderer$FrameDrawingCallback.onFrameDraw:924 
10-16 01:12:26.233  3018  3018 I SurfaceView@94e19fd: Changes: creating=false format=false size=false visible=false alpha=false hint=false mUseAlpha=false visible=false left=false top=true
10-16 01:12:26.233  3018  3018 I SurfaceView@94e19fd: 156113405 Cur surface: Surface(name=null)/@0xdd2fa1b
10-16 01:12:26.233  3018  3018 I SurfaceView@94e19fd: applyTransactionOnVriDraw: vri = ViewRootImpl@4276aad[MainActivity] fRS = false t = 0x7b16093100 android.view.SurfaceView.performSurfaceTransaction:959 android.view.SurfaceView.updateSurface:1105 android.view.SurfaceView.lambda$new$0$android-view-SurfaceView:200 
10-16 01:12:26.234  3018  3018 I ViewRootImpl@4276aad[MainActivity]: applyTransactionOnDraw: mRemoved = false isHardwareEnabled = true t = 0x7b16093100android.view.SurfaceView.applyTransactionOnVriDraw:2048 android.view.SurfaceView.performSurfaceTransaction:959 android.view.SurfaceView.updateSurface:1105 android.view.SurfaceView.lambda$new$0$android-view-SurfaceView:200 android.view.SurfaceView$$ExternalSyntheticLambda5.onPreDraw:2 
10-16 01:12:26.234  3018  3018 I SurfaceView@94e19fd: updateSurface: mVisible = true mSurface.isValid() = true
10-16 01:12:26.234  3018  3018 I SurfaceView@94e19fd: updateSurface: mSurfaceCreated = true surfaceChanged = false visibleChanged = false
10-16 01:12:26.234  3018  3018 V SurfaceView@94e19fd: Layout: x=0 y=-703 w=1080 h=525, frame=Rect(0, 0 - 1080, 525)
10-16 01:12:26.243  3018  3089 D SurfaceView@94e19fd: updateSurfacePosition RenderWorker, frameNr = 655, position = [0, -703, 1080, -178] surfaceSize = 1080x525
10-16 01:12:26.243  3018  3089 I SurfaceView@94e19fd: uSP: rtp = Rect(0, -703 - 1080, -178) rtsw = 1080 rtsh = 525
10-16 01:12:26.244  3018  3089 I SurfaceView@94e19fd: onSSPAndSRT: pl = 0 pt = -703 sx = 1.0 sy = 1.0
10-16 01:12:26.244  3018  3089 I SurfaceView@94e19fd: aOrMT: ViewRootImpl@4276aad[MainActivity] t = android.view.SurfaceControl$Transaction@342c764 fN = 655 android.view.SurfaceView.-$$Nest$mapplyOrMergeTransaction:0 android.view.SurfaceView$SurfaceViewPositionUpdateListener.positionChanged:1537 android.graphics.RenderNode$CompositePositionUpdateListener.positionChanged:373 
10-16 01:12:26.244  3018  3089 I ViewRootImpl@4276aad[MainActivity]: mWNT: t=0x7b44474a00 mBlastBufferQueue=0x7b5c368500 fn= 655 caller= android.view.SurfaceView.applyOrMergeTransaction:1455 android.view.SurfaceView.-$$Nest$mapplyOrMergeTransaction:0 android.view.SurfaceView$SurfaceViewPositionUpdateListener.positionChanged:1537 
10-16 01:12:26.244  3018  3089 I ViewRootImpl@4276aad[MainActivity]: mWNT: t=0x7b16093100 mBlastBufferQueue=0x7b5c368500 fn= 655 caller= android.view.ViewRootImpl.lambda$applyTransactionOnDraw$11$android-view-ViewRootImpl:12865 android.view.ViewRootImpl$$ExternalSyntheticLambda1.onFrameDraw:4 android.graphics.HardwareRenderer$FrameDrawingCallback.onFrameDraw:924 
10-16 01:12:26.248  3018  3018 I SurfaceView@94e19fd: Changes: creating=false format=false size=false visible=false alpha=false hint=false mUseAlpha=false visible=false left=false top=true
10-16 01:12:26.248  3018  3018 I SurfaceView@94e19fd: 156113405 Cur surface: Surface(name=null)/@0xdd2fa1b
10-16 01:12:26.248  3018  3018 I SurfaceView@94e19fd: applyTransactionOnVriDraw: vri = ViewRootImpl@4276aad[MainActivity] fRS = false t = 0x7b16093200 android.view.SurfaceView.performSurfaceTransaction:959 android.view.SurfaceView.updateSurface:1105 android.view.SurfaceView.lambda$new$0$android-view-SurfaceView:200 
10-16 01:12:26.248  3018  3018 I ViewRootImpl@4276aad[MainActivity]: applyTransactionOnDraw: mRemoved = false isHardwareEnabled = true t = 0x7b16093200android.view.SurfaceView.applyTransactionOnVriDraw:2048 android.view.SurfaceView.performSurfaceTransaction:959 android.view.SurfaceView.updateSurface:1105 android.view.SurfaceView.lambda$new$0$android-view-SurfaceView:200 android.view.SurfaceView$$ExternalSyntheticLambda5.onPreDraw:2 
10-16 01:12:26.249  3018  3018 I SurfaceView@94e19fd: updateSurface: mVisible = true mSurface.isValid() = true
10-16 01:12:26.249  3018  3018 I SurfaceView@94e19fd: updateSurface: mSurfaceCreated = true surfaceChanged = false visibleChanged = false
10-16 01:12:26.249  3018  3018 V SurfaceView@94e19fd: Layout: x=0 y=-834 w=1080 h=525, frame=Rect(0, 0 - 1080, 525)
10-16 01:12:26.260  3018  3088 D SurfaceView@94e19fd: updateSurfacePosition RenderWorker, frameNr = 656, position = [0, -834, 1080, -309] surfaceSize = 1080x525
10-16 01:12:26.260  3018  3088 I SurfaceView@94e19fd: uSP: rtp = Rect(0, -834 - 1080, -309) rtsw = 1080 rtsh = 525
10-16 01:12:26.260  3018  3088 I SurfaceView@94e19fd: onSSPAndSRT: pl = 0 pt = -834 sx = 1.0 sy = 1.0
10-16 01:12:26.260  3018  3088 I SurfaceView@94e19fd: aOrMT: ViewRootImpl@4276aad[MainActivity] t = android.view.SurfaceControl$Transaction@342c764 fN = 656 android.view.SurfaceView.-$$Nest$mapplyOrMergeTransaction:0 android.view.SurfaceView$SurfaceViewPositionUpdateListener.positionChanged:1537 android.graphics.RenderNode$CompositePositionUpdateListener.positionChanged:373 
10-16 01:12:26.261  3018  3088 I ViewRootImpl@4276aad[MainActivity]: mWNT: t=0x7b44474a00 mBlastBufferQueue=0x7b5c368500 fn= 656 caller= android.view.SurfaceView.applyOrMergeTransaction:1455 android.view.SurfaceView.-$$Nest$mapplyOrMergeTransaction:0 android.view.SurfaceView$SurfaceViewPositionUpdateListener.positionChanged:1537 
10-16 01:12:26.261  3018  3088 I ViewRootImpl@4276aad[MainActivity]: mWNT: t=0x7b16093200 mBlastBufferQueue=0x7b5c368500 fn= 656 caller= android.view.ViewRootImpl.lambda$applyTransactionOnDraw$11$android-view-ViewRootImpl:12865 android.view.ViewRootImpl$$ExternalSyntheticLambda1.onFrameDraw:4 android.graphics.HardwareRenderer$FrameDrawingCallback.onFrameDraw:924 
10-16 01:12:26.263  3018  3018 I SurfaceView@94e19fd: Changes: creating=false format=false size=false visible=false alpha=false hint=false mUseAlpha=false visible=false left=false top=true
10-16 01:12:26.263  3018  3018 I SurfaceView@94e19fd: 156113405 Cur surface: Surface(name=null)/@0xdd2fa1b
10-16 01:12:26.264  3018  3018 I SurfaceView@94e19fd: applyTransactionOnVriDraw: vri = ViewRootImpl@4276aad[MainActivity] fRS = false t = 0x7b16093300 android.view.SurfaceView.performSurfaceTransaction:959 android.view.SurfaceView.updateSurface:1105 android.view.SurfaceView.lambda$new$0$android-view-SurfaceView:200 
10-16 01:12:26.264  3018  3018 I ViewRootImpl@4276aad[MainActivity]: applyTransactionOnDraw: mRemoved = false isHardwareEnabled = true t = 0x7b16093300android.view.SurfaceView.applyTransactionOnVriDraw:2048 android.view.SurfaceView.performSurfaceTransaction:959 android.view.SurfaceView.updateSurface:1105 android.view.SurfaceView.lambda$new$0$android-view-SurfaceView:200 android.view.SurfaceView$$ExternalSyntheticLambda5.onPreDraw:2 
10-16 01:12:26.264  3018  3018 I SurfaceView@94e19fd: updateSurface: mVisible = true mSurface.isValid() = true
10-16 01:12:26.264  3018  3018 I SurfaceView@94e19fd: updateSurface: mSurfaceCreated = true surfaceChanged = false visibleChanged = false
10-16 01:12:26.264  3018  3018 V SurfaceView@94e19fd: Layout: x=0 y=-955 w=1080 h=525, frame=Rect(0, 0 - 1080, 525)
10-16 01:12:26.277  3018  3089 D SurfaceView@94e19fd: updateSurfacePosition RenderWorker, frameNr = 657, position = [0, -955, 1080, -430] surfaceSize = 1080x525
10-16 01:12:26.277  3018  3089 I SurfaceView@94e19fd: uSP: rtp = Rect(0, -955 - 1080, -430) rtsw = 1080 rtsh = 525
10-16 01:12:26.277  3018  3089 I SurfaceView@94e19fd: onSSPAndSRT: pl = 0 pt = -955 sx = 1.0 sy = 1.0
10-16 01:12:26.277  3018  3089 I SurfaceView@94e19fd: aOrMT: ViewRootImpl@4276aad[MainActivity] t = android.view.SurfaceControl$Transaction@342c764 fN = 657 android.view.SurfaceView.-$$Nest$mapplyOrMergeTransaction:0 android.view.SurfaceView$SurfaceViewPositionUpdateListener.positionChanged:1537 android.graphics.RenderNode$CompositePositionUpdateListener.positionChanged:373 
10-16 01:12:26.277  3018  3089 I ViewRootImpl@4276aad[MainActivity]: mWNT: t=0x7b44474a00 mBlastBufferQueue=0x7b5c368500 fn= 657 caller= android.view.SurfaceView.applyOrMergeTransaction:1455 android.view.SurfaceView.-$$Nest$mapplyOrMergeTransaction:0 android.view.SurfaceView$SurfaceViewPositionUpdateListener.positionChanged:1537 
10-16 01:12:26.277  3018  3089 I ViewRootImpl@4276aad[MainActivity]: mWNT: t=0x7b16093300 mBlastBufferQueue=0x7b5c368500 fn= 657 caller= android.view.ViewRootImpl.lambda$applyTransactionOnDraw$11$android-view-ViewRootImpl:12865 android.view.ViewRootImpl$$ExternalSyntheticLambda1.onFrameDraw:4 android.graphics.HardwareRenderer$FrameDrawingCallback.onFrameDraw:924 
10-16 01:12:26.280  3018  3018 I SurfaceView@94e19fd: Changes: creating=false format=false size=false visible=false alpha=false hint=false mUseAlpha=false visible=false left=false top=true
10-16 01:12:26.280  3018  3018 I SurfaceView@94e19fd: 156113405 Cur surface: Surface(name=null)/@0xdd2fa1b
10-16 01:12:26.281  3018  3018 I SurfaceView@94e19fd: applyTransactionOnVriDraw: vri = ViewRootImpl@4276aad[MainActivity] fRS = false t = 0x7b16093400 android.view.SurfaceView.performSurfaceTransaction:959 android.view.SurfaceView.updateSurface:1105 android.view.SurfaceView.lambda$new$0$android-view-SurfaceView:200 
10-16 01:12:26.281  3018  3018 I ViewRootImpl@4276aad[MainActivity]: applyTransactionOnDraw: mRemoved = false isHardwareEnabled = true t = 0x7b16093400android.view.SurfaceView.applyTransactionOnVriDraw:2048 android.view.SurfaceView.performSurfaceTransaction:959 android.view.SurfaceView.updateSurface:1105 android.view.SurfaceView.lambda$new$0$android-view-SurfaceView:200 android.view.SurfaceView$$ExternalSyntheticLambda5.onPreDraw:2 
10-16 01:12:26.281  3018  3018 I SurfaceView@94e19fd: updateSurface: mVisible = true mSurface.isValid() = true
10-16 01:12:26.281  3018  3018 I SurfaceView@94e19fd: updateSurface: mSurfaceCreated = true surfaceChanged = false visibleChanged = false
10-16 01:12:26.281  3018  3018 V SurfaceView@94e19fd: Layout: x=0 y=-1080 w=1080 h=525, frame=Rect(0, 0 - 1080, 525)
10-16 01:12:26.290  3018  3088 D SurfaceView@94e19fd: updateSurfacePosition RenderWorker, frameNr = 658, position = [0, -1080, 1080, -555] surfaceSize = 1080x525
10-16 01:12:26.291  3018  3088 I SurfaceView@94e19fd: uSP: rtp = Rect(0, -1080 - 1080, -555) rtsw = 1080 rtsh = 525
10-16 01:12:26.291  3018  3088 I SurfaceView@94e19fd: onSSPAndSRT: pl = 0 pt = -1080 sx = 1.0 sy = 1.0
10-16 01:12:26.291  3018  3088 I SurfaceView@94e19fd: aOrMT: ViewRootImpl@4276aad[MainActivity] t = android.view.SurfaceControl$Transaction@342c764 fN = 658 android.view.SurfaceView.-$$Nest$mapplyOrMergeTransaction:0 android.view.SurfaceView$SurfaceViewPositionUpdateListener.positionChanged:1537 android.graphics.RenderNode$CompositePositionUpdateListener.positionChanged:373 
10-16 01:12:26.291  3018  3088 I ViewRootImpl@4276aad[MainActivity]: mWNT: t=0x7b44474a00 mBlastBufferQueue=0x7b5c368500 fn= 658 caller= android.view.SurfaceView.applyOrMergeTransaction:1455 android.view.SurfaceView.-$$Nest$mapplyOrMergeTransaction:0 android.view.SurfaceView$SurfaceViewPositionUpdateListener.positionChanged:1537 
10-16 01:12:26.291  3018  3088 I ViewRootImpl@4276aad[MainActivity]: mWNT: t=0x7b16093400 mBlastBufferQueue=0x7b5c368500 fn= 658 caller= android.view.ViewRootImpl.lambda$applyTransactionOnDraw$11$android-view-ViewRootImpl:12865 android.view.ViewRootImpl$$ExternalSyntheticLambda1.onFrameDraw:4 android.graphics.HardwareRenderer$FrameDrawingCallback.onFrameDraw:924 
10-16 01:12:26.297  3018  3018 I SurfaceView@94e19fd: Changes: creating=false format=false size=false visible=false alpha=false hint=false mUseAlpha=false visible=false left=false top=true
10-16 01:12:26.297  3018  3018 I SurfaceView@94e19fd: 156113405 Cur surface: Surface(name=null)/@0xdd2fa1b
10-16 01:12:26.297  3018  3018 I SurfaceView@94e19fd: applyTransactionOnVriDraw: vri = ViewRootImpl@4276aad[MainActivity] fRS = false t = 0x7b16093500 android.view.SurfaceView.performSurfaceTransaction:959 android.view.SurfaceView.updateSurface:1105 android.view.SurfaceView.lambda$new$0$android-view-SurfaceView:200 
10-16 01:12:26.297  3018  3018 I ViewRootImpl@4276aad[MainActivity]: applyTransactionOnDraw: mRemoved = false isHardwareEnabled = true t = 0x7b16093500android.view.SurfaceView.applyTransactionOnVriDraw:2048 android.view.SurfaceView.performSurfaceTransaction:959 android.view.SurfaceView.updateSurface:1105 android.view.SurfaceView.lambda$new$0$android-view-SurfaceView:200 android.view.SurfaceView$$ExternalSyntheticLambda5.onPreDraw:2 
10-16 01:12:26.297  3018  3018 I SurfaceView@94e19fd: updateSurface: mVisible = true mSurface.isValid() = true
10-16 01:12:26.297  3018  3018 I SurfaceView@94e19fd: updateSurface: mSurfaceCreated = true surfaceChanged = false visibleChanged = false
10-16 01:12:26.297  3018  3018 V SurfaceView@94e19fd: Layout: x=0 y=-1200 w=1080 h=525, frame=Rect(0, 0 - 1080, 525)
10-16 01:12:26.306  3018  3089 D SurfaceView@94e19fd: updateSurfacePosition RenderWorker, frameNr = 659, position = [0, -1200, 1080, -675] surfaceSize = 1080x525
10-16 01:12:26.306  3018  3089 I SurfaceView@94e19fd: uSP: rtp = Rect(0, -1200 - 1080, -675) rtsw = 1080 rtsh = 525
10-16 01:12:26.306  3018  3089 I SurfaceView@94e19fd: onSSPAndSRT: pl = 0 pt = -1200 sx = 1.0 sy = 1.0
10-16 01:12:26.307  3018  3089 I SurfaceView@94e19fd: aOrMT: ViewRootImpl@4276aad[MainActivity] t = android.view.SurfaceControl$Transaction@342c764 fN = 659 android.view.SurfaceView.-$$Nest$mapplyOrMergeTransaction:0 android.view.SurfaceView$SurfaceViewPositionUpdateListener.positionChanged:1537 android.graphics.RenderNode$CompositePositionUpdateListener.positionChanged:373 
10-16 01:12:26.307  3018  3089 I ViewRootImpl@4276aad[MainActivity]: mWNT: t=0x7b44474a00 mBlastBufferQueue=0x7b5c368500 fn= 659 caller= android.view.SurfaceView.applyOrMergeTransaction:1455 android.view.SurfaceView.-$$Nest$mapplyOrMergeTransaction:0 android.view.SurfaceView$SurfaceViewPositionUpdateListener.positionChanged:1537 
10-16 01:12:26.307  3018  3089 I ViewRootImpl@4276aad[MainActivity]: mWNT: t=0x7b16093500 mBlastBufferQueue=0x7b5c368500 fn= 659 caller= android.view.ViewRootImpl.lambda$applyTransactionOnDraw$11$android-view-ViewRootImpl:12865 android.view.ViewRootImpl$$ExternalSyntheticLambda1.onFrameDraw:4 android.graphics.HardwareRenderer$FrameDrawingCallback.onFrameDraw:924 
10-16 01:12:26.313  3018  3018 I SurfaceView@94e19fd: Changes: creating=false format=false size=false visible=false alpha=false hint=false mUseAlpha=false visible=false left=false top=true
10-16 01:12:26.313  3018  3018 I SurfaceView@94e19fd: 156113405 Cur surface: Surface(name=null)/@0xdd2fa1b
10-16 01:12:26.314  3018  3018 I SurfaceView@94e19fd: applyTransactionOnVriDraw: vri = ViewRootImpl@4276aad[MainActivity] fRS = false t = 0x7b2c656600 android.view.SurfaceView.performSurfaceTransaction:959 android.view.SurfaceView.updateSurface:1105 android.view.SurfaceView.lambda$new$0$android-view-SurfaceView:200 
10-16 01:12:26.314  3018  3018 I ViewRootImpl@4276aad[MainActivity]: applyTransactionOnDraw: mRemoved = false isHardwareEnabled = true t = 0x7b2c656600android.view.SurfaceView.applyTransactionOnVriDraw:2048 android.view.SurfaceView.performSurfaceTransaction:959 android.view.SurfaceView.updateSurface:1105 android.view.SurfaceView.lambda$new$0$android-view-SurfaceView:200 android.view.SurfaceView$$ExternalSyntheticLambda5.onPreDraw:2 
10-16 01:12:26.314  3018  3018 I SurfaceView@94e19fd: updateSurface: mVisible = true mSurface.isValid() = true
10-16 01:12:26.314  3018  3018 I SurfaceView@94e19fd: updateSurface: mSurfaceCreated = true surfaceChanged = false visibleChanged = false
10-16 01:12:26.314  3018  3018 V SurfaceView@94e19fd: Layout: x=0 y=-1310 w=1080 h=525, frame=Rect(0, 0 - 1080, 525)
10-16 01:12:26.323  3018  3088 D SurfaceView@94e19fd: updateSurfacePosition RenderWorker, frameNr = 660, position = [0, -1310, 1080, -785] surfaceSize = 1080x525
10-16 01:12:26.323  3018  3088 I SurfaceView@94e19fd: uSP: rtp = Rect(0, -1310 - 1080, -785) rtsw = 1080 rtsh = 525
10-16 01:12:26.323  3018  3088 I SurfaceView@94e19fd: onSSPAndSRT: pl = 0 pt = -1310 sx = 1.0 sy = 1.0
10-16 01:12:26.323  3018  3088 I SurfaceView@94e19fd: aOrMT: ViewRootImpl@4276aad[MainActivity] t = android.view.SurfaceControl$Transaction@342c764 fN = 660 android.view.SurfaceView.-$$Nest$mapplyOrMergeTransaction:0 android.view.SurfaceView$SurfaceViewPositionUpdateListener.positionChanged:1537 android.graphics.RenderNode$CompositePositionUpdateListener.positionChanged:373 
10-16 01:12:26.323  3018  3088 I ViewRootImpl@4276aad[MainActivity]: mWNT: t=0x7b44474a00 mBlastBufferQueue=0x7b5c368500 fn= 660 caller= android.view.SurfaceView.applyOrMergeTransaction:1455 android.view.SurfaceView.-$$Nest$mapplyOrMergeTransaction:0 android.view.SurfaceView$SurfaceViewPositionUpdateListener.positionChanged:1537 
10-16 01:12:26.324  3018  3088 I ViewRootImpl@4276aad[MainActivity]: mWNT: t=0x7b2c656600 mBlastBufferQueue=0x7b5c368500 fn= 660 caller= android.view.ViewRootImpl.lambda$applyTransactionOnDraw$11$android-view-ViewRootImpl:12865 android.view.ViewRootImpl$$ExternalSyntheticLambda1.onFrameDraw:4 android.graphics.HardwareRenderer$FrameDrawingCallback.onFrameDraw:924 
10-16 01:12:26.331  3018  3018 I SurfaceView@94e19fd: Changes: creating=false format=false size=false visible=false alpha=false hint=false mUseAlpha=false visible=false left=false top=true
10-16 01:12:26.331  3018  3018 I SurfaceView@94e19fd: 156113405 Cur surface: Surface(name=null)/@0xdd2fa1b
10-16 01:12:26.331  3018  3018 I SurfaceView@94e19fd: applyTransactionOnVriDraw: vri = ViewRootImpl@4276aad[MainActivity] fRS = false t = 0x7b2c656700 android.view.SurfaceView.performSurfaceTransaction:959 android.view.SurfaceView.updateSurface:1105 android.view.SurfaceView.lambda$new$0$android-view-SurfaceView:200 
10-16 01:12:26.332  3018  3018 I ViewRootImpl@4276aad[MainActivity]: applyTransactionOnDraw: mRemoved = false isHardwareEnabled = true t = 0x7b2c656700android.view.SurfaceView.applyTransactionOnVriDraw:2048 android.view.SurfaceView.performSurfaceTransaction:959 android.view.SurfaceView.updateSurface:1105 android.view.SurfaceView.lambda$new$0$android-view-SurfaceView:200 android.view.SurfaceView$$ExternalSyntheticLambda5.onPreDraw:2 
10-16 01:12:26.332  3018  3018 I SurfaceView@94e19fd: updateSurface: mVisible = true mSurface.isValid() = true
10-16 01:12:26.332  3018  3018 I SurfaceView@94e19fd: updateSurface: mSurfaceCreated = true surfaceChanged = false visibleChanged = false
10-16 01:12:26.332  3018  3018 V SurfaceView@94e19fd: Layout: x=0 y=-1424 w=1080 h=525, frame=Rect(0, 0 - 1080, 525)
10-16 01:12:26.344  3018  3089 D SurfaceView@94e19fd: updateSurfacePosition RenderWorker, frameNr = 661, position = [0, -1424, 1080, -899] surfaceSize = 1080x525
10-16 01:12:26.344  3018  3089 I SurfaceView@94e19fd: uSP: rtp = Rect(0, -1424 - 1080, -899) rtsw = 1080 rtsh = 525
10-16 01:12:26.344  3018  3089 I SurfaceView@94e19fd: onSSPAndSRT: pl = 0 pt = -1424 sx = 1.0 sy = 1.0
10-16 01:12:26.345  3018  3089 I SurfaceView@94e19fd: aOrMT: ViewRootImpl@4276aad[MainActivity] t = android.view.SurfaceControl$Transaction@342c764 fN = 661 android.view.SurfaceView.-$$Nest$mapplyOrMergeTransaction:0 android.view.SurfaceView$SurfaceViewPositionUpdateListener.positionChanged:1537 android.graphics.RenderNode$CompositePositionUpdateListener.positionChanged:373 
10-16 01:12:26.345  3018  3089 I ViewRootImpl@4276aad[MainActivity]: mWNT: t=0x7b44474a00 mBlastBufferQueue=0x7b5c368500 fn= 661 caller= android.view.SurfaceView.applyOrMergeTransaction:1455 android.view.SurfaceView.-$$Nest$mapplyOrMergeTransaction:0 android.view.SurfaceView$SurfaceViewPositionUpdateListener.positionChanged:1537 
10-16 01:12:26.345  3018  3089 I ViewRootImpl@4276aad[MainActivity]: mWNT: t=0x7b2c656700 mBlastBufferQueue=0x7b5c368500 fn= 661 caller= android.view.ViewRootImpl.lambda$applyTransactionOnDraw$11$android-view-ViewRootImpl:12865 android.view.ViewRootImpl$$ExternalSyntheticLambda1.onFrameDraw:4 android.graphics.HardwareRenderer$FrameDrawingCallback.onFrameDraw:924 
10-16 01:12:26.348  3018  3018 I SurfaceView@94e19fd: Changes: creating=false format=false size=false visible=false alpha=false hint=false mUseAlpha=false visible=false left=false top=true
10-16 01:12:26.348  3018  3018 I SurfaceView@94e19fd: 156113405 Cur surface: Surface(name=null)/@0xdd2fa1b
10-16 01:12:26.348  3018  3018 I SurfaceView@94e19fd: applyTransactionOnVriDraw: vri = ViewRootImpl@4276aad[MainActivity] fRS = false t = 0x7b16093600 android.view.SurfaceView.performSurfaceTransaction:959 android.view.SurfaceView.updateSurface:1105 android.view.SurfaceView.lambda$new$0$android-view-SurfaceView:200 
10-16 01:12:26.348  3018  3018 I ViewRootImpl@4276aad[MainActivity]: applyTransactionOnDraw: mRemoved = false isHardwareEnabled = true t = 0x7b16093600android.view.SurfaceView.applyTransactionOnVriDraw:2048 android.view.SurfaceView.performSurfaceTransaction:959 android.view.SurfaceView.updateSurface:1105 android.view.SurfaceView.lambda$new$0$android-view-SurfaceView:200 android.view.SurfaceView$$ExternalSyntheticLambda5.onPreDraw:2 
10-16 01:12:26.348  3018  3018 I SurfaceView@94e19fd: updateSurface: mVisible = true mSurface.isValid() = true
10-16 01:12:26.348  3018  3018 I SurfaceView@94e19fd: updateSurface: mSurfaceCreated = true surfaceChanged = false visibleChanged = false
10-16 01:12:26.348  3018  3018 V SurfaceView@94e19fd: Layout: x=0 y=-1526 w=1080 h=525, frame=Rect(0, 0 - 1080, 525)
10-16 01:12:26.357  3018  3088 D SurfaceView@94e19fd: updateSurfacePosition RenderWorker, frameNr = 662, position = [0, -1526, 1080, -1001] surfaceSize = 1080x525
10-16 01:12:26.357  3018  3088 I SurfaceView@94e19fd: uSP: rtp = Rect(0, -1526 - 1080, -1001) rtsw = 1080 rtsh = 525
10-16 01:12:26.357  3018  3088 I SurfaceView@94e19fd: onSSPAndSRT: pl = 0 pt = -1526 sx = 1.0 sy = 1.0
10-16 01:12:26.358  3018  3088 I SurfaceView@94e19fd: aOrMT: ViewRootImpl@4276aad[MainActivity] t = android.view.SurfaceControl$Transaction@342c764 fN = 662 android.view.SurfaceView.-$$Nest$mapplyOrMergeTransaction:0 android.view.SurfaceView$SurfaceViewPositionUpdateListener.positionChanged:1537 android.graphics.RenderNode$CompositePositionUpdateListener.positionChanged:373 
10-16 01:12:26.358  3018  3088 I ViewRootImpl@4276aad[MainActivity]: mWNT: t=0x7b44474a00 mBlastBufferQueue=0x7b5c368500 fn= 662 caller= android.view.SurfaceView.applyOrMergeTransaction:1455 android.view.SurfaceView.-$$Nest$mapplyOrMergeTransaction:0 android.view.SurfaceView$SurfaceViewPositionUpdateListener.positionChanged:1537 
10-16 01:12:26.358  3018  3088 I ViewRootImpl@4276aad[MainActivity]: mWNT: t=0x7b16093600 mBlastBufferQueue=0x7b5c368500 fn= 662 caller= android.view.ViewRootImpl.lambda$applyTransactionOnDraw$11$android-view-ViewRootImpl:12865 android.view.ViewRootImpl$$ExternalSyntheticLambda1.onFrameDraw:4 android.graphics.HardwareRenderer$FrameDrawingCallback.onFrameDraw:924 
10-16 01:12:26.364  3018  3018 I SurfaceView@94e19fd: Changes: creating=false format=false size=false visible=false alpha=false hint=false mUseAlpha=false visible=false left=false top=true
10-16 01:12:26.364  3018  3018 I SurfaceView@94e19fd: 156113405 Cur surface: Surface(name=null)/@0xdd2fa1b
10-16 01:12:26.365  3018  3018 I SurfaceView@94e19fd: applyTransactionOnVriDraw: vri = ViewRootImpl@4276aad[MainActivity] fRS = false t = 0x7b16093700 android.view.SurfaceView.performSurfaceTransaction:959 android.view.SurfaceView.updateSurface:1105 android.view.SurfaceView.lambda$new$0$android-view-SurfaceView:200 
10-16 01:12:26.365  3018  3018 I ViewRootImpl@4276aad[MainActivity]: applyTransactionOnDraw: mRemoved = false isHardwareEnabled = true t = 0x7b16093700android.view.SurfaceView.applyTransactionOnVriDraw:2048 android.view.SurfaceView.performSurfaceTransaction:959 android.view.SurfaceView.updateSurface:1105 android.view.SurfaceView.lambda$new$0$android-view-SurfaceView:200 android.view.SurfaceView$$ExternalSyntheticLambda5.onPreDraw:2 
10-16 01:12:26.365  3018  3018 I SurfaceView@94e19fd: updateSurface: mVisible = true mSurface.isValid() = true
10-16 01:12:26.365  3018  3018 I SurfaceView@94e19fd: updateSurface: mSurfaceCreated = true surfaceChanged = false visibleChanged = false
10-16 01:12:26.365  3018  3018 V SurfaceView@94e19fd: Layout: x=0 y=-1631 w=1080 h=525, frame=Rect(0, 0 - 1080, 525)
10-16 01:12:26.372  3018  3089 D SurfaceView@94e19fd: updateSurfacePosition RenderWorker, frameNr = 663, position = [0, -1631, 1080, -1106] surfaceSize = 1080x525
10-16 01:12:26.372  3018  3089 I SurfaceView@94e19fd: uSP: rtp = Rect(0, -1631 - 1080, -1106) rtsw = 1080 rtsh = 525
10-16 01:12:26.372  3018  3089 I SurfaceView@94e19fd: onSSPAndSRT: pl = 0 pt = -1631 sx = 1.0 sy = 1.0
10-16 01:12:26.373  3018  3089 I SurfaceView@94e19fd: aOrMT: ViewRootImpl@4276aad[MainActivity] t = android.view.SurfaceControl$Transaction@342c764 fN = 663 android.view.SurfaceView.-$$Nest$mapplyOrMergeTransaction:0 android.view.SurfaceView$SurfaceViewPositionUpdateListener.positionChanged:1537 android.graphics.RenderNode$CompositePositionUpdateListener.positionChanged:373 
10-16 01:12:26.373  3018  3089 I ViewRootImpl@4276aad[MainActivity]: mWNT: t=0x7b44474a00 mBlastBufferQueue=0x7b5c368500 fn= 663 caller= android.view.SurfaceView.applyOrMergeTransaction:1455 android.view.SurfaceView.-$$Nest$mapplyOrMergeTransaction:0 android.view.SurfaceView$SurfaceViewPositionUpdateListener.positionChanged:1537 
10-16 01:12:26.373  3018  3089 I ViewRootImpl@4276aad[MainActivity]: mWNT: t=0x7b16093700 mBlastBufferQueue=0x7b5c368500 fn= 663 caller= android.view.ViewRootImpl.lambda$applyTransactionOnDraw$11$android-view-ViewRootImpl:12865 android.view.ViewRootImpl$$ExternalSyntheticLambda1.onFrameDraw:4 android.graphics.HardwareRenderer$FrameDrawingCallback.onFrameDraw:924 
10-16 01:12:26.381  3018  3018 I SurfaceView@94e19fd: Changes: creating=false format=false size=false visible=false alpha=false hint=false mUseAlpha=false visible=false left=false top=true
10-16 01:12:26.381  3018  3018 I SurfaceView@94e19fd: 156113405 Cur surface: Surface(name=null)/@0xdd2fa1b
10-16 01:12:26.381  3018  3018 I SurfaceView@94e19fd: applyTransactionOnVriDraw: vri = ViewRootImpl@4276aad[MainActivity] fRS = false t = 0x7b16093800 android.view.SurfaceView.performSurfaceTransaction:959 android.view.SurfaceView.updateSurface:1105 android.view.SurfaceView.lambda$new$0$android-view-SurfaceView:200 
10-16 01:12:26.381  3018  3018 I ViewRootImpl@4276aad[MainActivity]: applyTransactionOnDraw: mRemoved = false isHardwareEnabled = true t = 0x7b16093800android.view.SurfaceView.applyTransactionOnVriDraw:2048 android.view.SurfaceView.performSurfaceTransaction:959 android.view.SurfaceView.updateSurface:1105 android.view.SurfaceView.lambda$new$0$android-view-SurfaceView:200 android.view.SurfaceView$$ExternalSyntheticLambda5.onPreDraw:2 
10-16 01:12:26.382  3018  3018 I SurfaceView@94e19fd: updateSurface: mVisible = true mSurface.isValid() = true
10-16 01:12:26.382  3018  3018 I SurfaceView@94e19fd: updateSurface: mSurfaceCreated = true surfaceChanged = false visibleChanged = false
10-16 01:12:26.382  3018  3018 V SurfaceView@94e19fd: Layout: x=0 y=-1733 w=1080 h=525, frame=Rect(0, 0 - 1080, 525)
10-16 01:12:26.390  3018  3088 D SurfaceView@94e19fd: updateSurfacePosition RenderWorker, frameNr = 664, position = [0, -1733, 1080, -1208] surfaceSize = 1080x525
10-16 01:12:26.390  3018  3088 I SurfaceView@94e19fd: uSP: rtp = Rect(0, -1733 - 1080, -1208) rtsw = 1080 rtsh = 525
10-16 01:12:26.390  3018  3088 I SurfaceView@94e19fd: onSSPAndSRT: pl = 0 pt = -1733 sx = 1.0 sy = 1.0
10-16 01:12:26.390  3018  3088 I SurfaceView@94e19fd: aOrMT: ViewRootImpl@4276aad[MainActivity] t = android.view.SurfaceControl$Transaction@342c764 fN = 664 android.view.SurfaceView.-$$Nest$mapplyOrMergeTransaction:0 android.view.SurfaceView$SurfaceViewPositionUpdateListener.positionChanged:1537 android.graphics.RenderNode$CompositePositionUpdateListener.positionChanged:373 
10-16 01:12:26.390  3018  3088 I ViewRootImpl@4276aad[MainActivity]: mWNT: t=0x7b44474a00 mBlastBufferQueue=0x7b5c368500 fn= 664 caller= android.view.SurfaceView.applyOrMergeTransaction:1455 android.view.SurfaceView.-$$Nest$mapplyOrMergeTransaction:0 android.view.SurfaceView$SurfaceViewPositionUpdateListener.positionChanged:1537 
10-16 01:12:26.391  3018  3088 I ViewRootImpl@4276aad[MainActivity]: mWNT: t=0x7b16093800 mBlastBufferQueue=0x7b5c368500 fn= 664 caller= android.view.ViewRootImpl.lambda$applyTransactionOnDraw$11$android-view-ViewRootImpl:12865 android.view.ViewRootImpl$$ExternalSyntheticLambda1.onFrameDraw:4 android.graphics.HardwareRenderer$FrameDrawingCallback.onFrameDraw:924 
10-16 01:12:26.398  3018  3018 I SurfaceView@94e19fd: Changes: creating=false format=false size=false visible=false alpha=false hint=false mUseAlpha=false visible=false left=false top=true
10-16 01:12:26.398  3018  3018 I SurfaceView@94e19fd: 156113405 Cur surface: Surface(name=null)/@0xdd2fa1b
10-16 01:12:26.398  3018  3018 I SurfaceView@94e19fd: applyTransactionOnVriDraw: vri = ViewRootImpl@4276aad[MainActivity] fRS = false t = 0x7b16093900 android.view.SurfaceView.performSurfaceTransaction:959 android.view.SurfaceView.updateSurface:1105 android.view.SurfaceView.lambda$new$0$android-view-SurfaceView:200 
10-16 01:12:26.398  3018  3018 I ViewRootImpl@4276aad[MainActivity]: applyTransactionOnDraw: mRemoved = false isHardwareEnabled = true t = 0x7b16093900android.view.SurfaceView.applyTransactionOnVriDraw:2048 android.view.SurfaceView.performSurfaceTransaction:959 android.view.SurfaceView.updateSurface:1105 android.view.SurfaceView.lambda$new$0$android-view-SurfaceView:200 android.view.SurfaceView$$ExternalSyntheticLambda5.onPreDraw:2 
10-16 01:12:26.399  3018  3018 I SurfaceView@94e19fd: updateSurface: mVisible = true mSurface.isValid() = true
10-16 01:12:26.399  3018  3018 I SurfaceView@94e19fd: updateSurface: mSurfaceCreated = true surfaceChanged = false visibleChanged = false
10-16 01:12:26.399  3018  3018 V SurfaceView@94e19fd: Layout: x=0 y=-1825 w=1080 h=525, frame=Rect(0, 0 - 1080, 525)
10-16 01:12:26.405  3018  3089 D SurfaceView@94e19fd: updateSurfacePosition RenderWorker, frameNr = 665, position = [0, -1825, 1080, -1300] surfaceSize = 1080x525
10-16 01:12:26.405  3018  3089 I SurfaceView@94e19fd: uSP: rtp = Rect(0, -1825 - 1080, -1300) rtsw = 1080 rtsh = 525
10-16 01:12:26.405  3018  3089 I SurfaceView@94e19fd: onSSPAndSRT: pl = 0 pt = -1825 sx = 1.0 sy = 1.0
10-16 01:12:26.406  3018  3089 I SurfaceView@94e19fd: aOrMT: ViewRootImpl@4276aad[MainActivity] t = android.view.SurfaceControl$Transaction@342c764 fN = 665 android.view.SurfaceView.-$$Nest$mapplyOrMergeTransaction:0 android.view.SurfaceView$SurfaceViewPositionUpdateListener.positionChanged:1537 android.graphics.RenderNode$CompositePositionUpdateListener.positionChanged:373 
10-16 01:12:26.406  3018  3089 I ViewRootImpl@4276aad[MainActivity]: mWNT: t=0x7b44474a00 mBlastBufferQueue=0x7b5c368500 fn= 665 caller= android.view.SurfaceView.applyOrMergeTransaction:1455 android.view.SurfaceView.-$$Nest$mapplyOrMergeTransaction:0 android.view.SurfaceView$SurfaceViewPositionUpdateListener.positionChanged:1537 
10-16 01:12:26.406  3018  3089 I ViewRootImpl@4276aad[MainActivity]: mWNT: t=0x7b16093900 mBlastBufferQueue=0x7b5c368500 fn= 665 caller= android.view.ViewRootImpl.lambda$applyTransactionOnDraw$11$android-view-ViewRootImpl:12865 android.view.ViewRootImpl$$ExternalSyntheticLambda1.onFrameDraw:4 android.graphics.HardwareRenderer$FrameDrawingCallback.onFrameDraw:924 
10-16 01:12:26.415  3018  3018 I SurfaceView@94e19fd: Changes: creating=false format=false size=false visible=false alpha=false hint=false mUseAlpha=false visible=false left=false top=true
10-16 01:12:26.415  3018  3018 I SurfaceView@94e19fd: 156113405 Cur surface: Surface(name=null)/@0xdd2fa1b
10-16 01:12:26.415  3018  3018 I SurfaceView@94e19fd: applyTransactionOnVriDraw: vri = ViewRootImpl@4276aad[MainActivity] fRS = false t = 0x7b16093b00 android.view.SurfaceView.performSurfaceTransaction:959 android.view.SurfaceView.updateSurface:1105 android.view.SurfaceView.lambda$new$0$android-view-SurfaceView:200 
10-16 01:12:26.415  3018  3018 I ViewRootImpl@4276aad[MainActivity]: applyTransactionOnDraw: mRemoved = false isHardwareEnabled = true t = 0x7b16093b00android.view.SurfaceView.applyTransactionOnVriDraw:2048 android.view.SurfaceView.performSurfaceTransaction:959 android.view.SurfaceView.updateSurface:1105 android.view.SurfaceView.lambda$new$0$android-view-SurfaceView:200 android.view.SurfaceView$$ExternalSyntheticLambda5.onPreDraw:2 
10-16 01:12:26.416  3018  3018 I SurfaceView@94e19fd: updateSurface: mVisible = true mSurface.isValid() = true
10-16 01:12:26.416  3018  3018 I SurfaceView@94e19fd: updateSurface: mSurfaceCreated = true surfaceChanged = false visibleChanged = false
10-16 01:12:26.416  3018  3018 V SurfaceView@94e19fd: Layout: x=0 y=-1918 w=1080 h=525, frame=Rect(0, 0 - 1080, 525)
10-16 01:12:26.423  3018  3088 D SurfaceView@94e19fd: updateSurfacePosition RenderWorker, frameNr = 666, position = [0, -1918, 1080, -1393] surfaceSize = 1080x525
10-16 01:12:26.423  3018  3088 I SurfaceView@94e19fd: uSP: rtp = Rect(0, -1918 - 1080, -1393) rtsw = 1080 rtsh = 525
10-16 01:12:26.423  3018  3088 I SurfaceView@94e19fd: onSSPAndSRT: pl = 0 pt = -1918 sx = 1.0 sy = 1.0
10-16 01:12:26.423  3018  3088 I SurfaceView@94e19fd: aOrMT: ViewRootImpl@4276aad[MainActivity] t = android.view.SurfaceControl$Transaction@342c764 fN = 666 android.view.SurfaceView.-$$Nest$mapplyOrMergeTransaction:0 android.view.SurfaceView$SurfaceViewPositionUpdateListener.positionChanged:1537 android.graphics.RenderNode$CompositePositionUpdateListener.positionChanged:373 
10-16 01:12:26.423  3018  3088 I ViewRootImpl@4276aad[MainActivity]: mWNT: t=0x7b44474a00 mBlastBufferQueue=0x7b5c368500 fn= 666 caller= android.view.SurfaceView.applyOrMergeTransaction:1455 android.view.SurfaceView.-$$Nest$mapplyOrMergeTransaction:0 android.view.SurfaceView$SurfaceViewPositionUpdateListener.positionChanged:1537 
10-16 01:12:26.424  3018  3088 I ViewRootImpl@4276aad[MainActivity]: mWNT: t=0x7b16093b00 mBlastBufferQueue=0x7b5c368500 fn= 666 caller= android.view.ViewRootImpl.lambda$applyTransactionOnDraw$11$android-view-ViewRootImpl:12865 android.view.ViewRootImpl$$ExternalSyntheticLambda1.onFrameDraw:4 android.graphics.HardwareRenderer$FrameDrawingCallback.onFrameDraw:924 
10-16 01:12:27.475  3018  3018 I ViewRootImpl@4276aad[MainActivity]: ViewPostIme pointer 0
10-16 01:12:27.515  3018  3018 I SurfaceView@94e19fd: Changes: creating=false format=false size=false visible=false alpha=false hint=false mUseAlpha=false visible=false left=false top=true
10-16 01:12:27.515  3018  3018 I SurfaceView@94e19fd: 156113405 Cur surface: Surface(name=null)/@0xdd2fa1b
10-16 01:12:27.516  3018  3018 I SurfaceView@94e19fd: applyTransactionOnVriDraw: vri = ViewRootImpl@4276aad[MainActivity] fRS = false t = 0x7b16093d00 android.view.SurfaceView.performSurfaceTransaction:959 android.view.SurfaceView.updateSurface:1105 android.view.SurfaceView.lambda$new$0$android-view-SurfaceView:200 
10-16 01:12:27.516  3018  3018 I ViewRootImpl@4276aad[MainActivity]: applyTransactionOnDraw: mRemoved = false isHardwareEnabled = true t = 0x7b16093d00android.view.SurfaceView.applyTransactionOnVriDraw:2048 android.view.SurfaceView.performSurfaceTransaction:959 android.view.SurfaceView.updateSurface:1105 android.view.SurfaceView.lambda$new$0$android-view-SurfaceView:200 android.view.SurfaceView$$ExternalSyntheticLambda5.onPreDraw:2 
10-16 01:12:27.516  3018  3018 I SurfaceView@94e19fd: updateSurface: mVisible = true mSurface.isValid() = true
10-16 01:12:27.516  3018  3018 I SurfaceView@94e19fd: updateSurface: mSurfaceCreated = true surfaceChanged = false visibleChanged = false
10-16 01:12:27.516  3018  3018 V SurfaceView@94e19fd: Layout: x=0 y=-1778 w=1080 h=525, frame=Rect(0, 0 - 1080, 525)
10-16 01:12:27.519  3018  3089 D SurfaceView@94e19fd: updateSurfacePosition RenderWorker, frameNr = 709, position = [0, -1778, 1080, -1253] surfaceSize = 1080x525
10-16 01:12:27.519  3018  3089 I SurfaceView@94e19fd: uSP: rtp = Rect(0, -1778 - 1080, -1253) rtsw = 1080 rtsh = 525
10-16 01:12:27.519  3018  3089 I SurfaceView@94e19fd: onSSPAndSRT: pl = 0 pt = -1778 sx = 1.0 sy = 1.0
10-16 01:12:27.519  3018  3089 I SurfaceView@94e19fd: aOrMT: ViewRootImpl@4276aad[MainActivity] t = android.view.SurfaceControl$Transaction@342c764 fN = 709 android.view.SurfaceView.-$$Nest$mapplyOrMergeTransaction:0 android.view.SurfaceView$SurfaceViewPositionUpdateListener.positionChanged:1537 android.graphics.RenderNode$CompositePositionUpdateListener.positionChanged:373 
10-16 01:12:27.519  3018  3089 I ViewRootImpl@4276aad[MainActivity]: mWNT: t=0x7b44474a00 mBlastBufferQueue=0x7b5c368500 fn= 709 caller= android.view.SurfaceView.applyOrMergeTransaction:1455 android.view.SurfaceView.-$$Nest$mapplyOrMergeTransaction:0 android.view.SurfaceView$SurfaceViewPositionUpdateListener.positionChanged:1537 
10-16 01:12:27.520  3018  3089 I ViewRootImpl@4276aad[MainActivity]: mWNT: t=0x7b16093d00 mBlastBufferQueue=0x7b5c368500 fn= 709 caller= android.view.ViewRootImpl.lambda$applyTransactionOnDraw$11$android-view-ViewRootImpl:12865 android.view.ViewRootImpl$$ExternalSyntheticLambda1.onFrameDraw:4 android.graphics.HardwareRenderer$FrameDrawingCallback.onFrameDraw:924 
10-16 01:12:27.530  3018  3018 I SurfaceView@94e19fd: Changes: creating=false format=false size=false visible=false alpha=false hint=false mUseAlpha=false visible=false left=false top=true
10-16 01:12:27.530  3018  3018 I SurfaceView@94e19fd: 156113405 Cur surface: Surface(name=null)/@0xdd2fa1b
10-16 01:12:27.531  3018  3018 I SurfaceView@94e19fd: applyTransactionOnVriDraw: vri = ViewRootImpl@4276aad[MainActivity] fRS = false t = 0x7b16093e00 android.view.SurfaceView.performSurfaceTransaction:959 android.view.SurfaceView.updateSurface:1105 android.view.SurfaceView.lambda$new$0$android-view-SurfaceView:200 
10-16 01:12:27.531  3018  3018 I ViewRootImpl@4276aad[MainActivity]: applyTransactionOnDraw: mRemoved = false isHardwareEnabled = true t = 0x7b16093e00android.view.SurfaceView.applyTransactionOnVriDraw:2048 android.view.SurfaceView.performSurfaceTransaction:959 android.view.SurfaceView.updateSurface:1105 android.view.SurfaceView.lambda$new$0$android-view-SurfaceView:200 android.view.SurfaceView$$ExternalSyntheticLambda5.onPreDraw:2 
10-16 01:12:27.531  3018  3018 I SurfaceView@94e19fd: updateSurface: mVisible = true mSurface.isValid() = true
10-16 01:12:27.531  3018  3018 I SurfaceView@94e19fd: updateSurface: mSurfaceCreated = true surfaceChanged = false visibleChanged = false
10-16 01:12:27.532  3018  3018 V SurfaceView@94e19fd: Layout: x=0 y=-1593 w=1080 h=525, frame=Rect(0, 0 - 1080, 525)
10-16 01:12:27.536  3018  3088 D SurfaceView@94e19fd: updateSurfacePosition RenderWorker, frameNr = 710, position = [0, -1593, 1080, -1068] surfaceSize = 1080x525
10-16 01:12:27.536  3018  3088 I SurfaceView@94e19fd: uSP: rtp = Rect(0, -1593 - 1080, -1068) rtsw = 1080 rtsh = 525
10-16 01:12:27.536  3018  3088 I SurfaceView@94e19fd: onSSPAndSRT: pl = 0 pt = -1593 sx = 1.0 sy = 1.0
10-16 01:12:27.537  3018  3088 I SurfaceView@94e19fd: aOrMT: ViewRootImpl@4276aad[MainActivity] t = android.view.SurfaceControl$Transaction@342c764 fN = 710 android.view.SurfaceView.-$$Nest$mapplyOrMergeTransaction:0 android.view.SurfaceView$SurfaceViewPositionUpdateListener.positionChanged:1537 android.graphics.RenderNode$CompositePositionUpdateListener.positionChanged:373 
10-16 01:12:27.537  3018  3088 I ViewRootImpl@4276aad[MainActivity]: mWNT: t=0x7b44474a00 mBlastBufferQueue=0x7b5c368500 fn= 710 caller= android.view.SurfaceView.applyOrMergeTransaction:1455 android.view.SurfaceView.-$$Nest$mapplyOrMergeTransaction:0 android.view.SurfaceView$SurfaceViewPositionUpdateListener.positionChanged:1537 
10-16 01:12:27.537  3018  3088 I ViewRootImpl@4276aad[MainActivity]: mWNT: t=0x7b16093e00 mBlastBufferQueue=0x7b5c368500 fn= 710 caller= android.view.ViewRootImpl.lambda$applyTransactionOnDraw$11$android-view-ViewRootImpl:12865 android.view.ViewRootImpl$$ExternalSyntheticLambda1.onFrameDraw:4 android.graphics.HardwareRenderer$FrameDrawingCallback.onFrameDraw:924 
10-16 01:12:27.542  3018  3018 I ViewRootImpl@4276aad[MainActivity]: ViewPostIme pointer 1
10-16 01:12:27.547  3018  3018 I SurfaceView@94e19fd: Changes: creating=false format=false size=false visible=false alpha=false hint=false mUseAlpha=false visible=false left=false top=true
10-16 01:12:27.547  3018  3018 I SurfaceView@94e19fd: 156113405 Cur surface: Surface(name=null)/@0xdd2fa1b
