10-16 17:20:52.291 11476 11476 D InsetsController: onStateChanged: InsetsState: {mDisplayFrame=Rect(0, 0 - 1080, 2400), mDisplayCutout=DisplayCutout{insets=Rect(0, 88 - 0, 0) waterfall=Insets{left=0, top=0, right=0, bottom=0} boundingRect={Bounds=[Rect(0, 0 - 0, 0), Rect(512, 0 - 568, 88), Rect(0, 0 - 0, 0), Rect(0, 0 - 0, 0)]} cutoutPathParserInfo={CutoutPathParserInfo{displayWidth=1080 displayHeight=2400 physicalDisplayWidth=1080 physicalDisplayHeight=2400 density={2.625} cutoutSpec={M 0,0 M 0,12.25101276465640 a 10.60613009248640,10.60613009248640 0 1,0 0,21.21226018497290 a 10.60613009248640,10.60613009248640 0 1,0 0,-21.21226018497290 Z @dp} rotation={0} scale={1.0} physicalPixelDisplaySizeRatio={1.0}}}}, mRoundedCorners=RoundedCorners{[RoundedCorner{position=TopLeft, radius=84, center=Point(84, 84)}, RoundedCorner{position=TopRight, radius=84, center=Point(996, 84)}, RoundedCorner{position=BottomRight, radius=84, center=Point(996, 2316)}, RoundedCorner{position=BottomLeft, radius=84, center=Point(84, 2316)}]}  mRoundedCornerFrame=Rect(0, 0 - 1080, 2400), mPrivacyIndicatorBounds=PrivacyIndicatorBounds {static bounds=Rect(964, 0 - 1080, 87) rotation=0}, mSources= { InsetsSource: {mType=ITYPE_STATUS_BAR, mFrame=[0,0][1080,88], mVisible=true, mInsetsRoundedCornerFrame=false}, InsetsSource: {mType=ITYPE_NAVIGATION_BAR, mFrame=[0,2361][1080,2400], mVisible=true, mInsetsRoundedCornerFrame=false}, InsetsSource: {mType=ITYPE_LEFT_GESTURES, mFrame=[0,0][130,2400], mVisible=true, mInsetsRoundedCornerFrame=false}, InsetsSource: {mType=ITYPE_RIGHT_GESTURES, mFrame=[950,0][1080,2400], mVisible=true, mInsetsRoundedCornerFrame=false}, InsetsSource: {mType=ITYPE_TOP_MANDATORY_GESTURES, mFrame=[0,0][1080,120], mVisible=true, mInsetsRoundedCornerFrame=false}, InsetsSource: {mType=ITYPE_BOTTOM_MANDATORY_GESTURES, mFrame=[0,2316][1080,2400], mVisible=true, mInsetsRoundedCornerFrame=false}, InsetsSource: {mType=ITYPE_LEFT_DISPLAY_CUTOUT, mFrame=[0,0][-100000,2400], mVisible=true, mInsetsRoundedCornerFrame=false}, InsetsSource: {mType=ITYPE_TOP_DISPLAY_CUTOUT, mFrame=[0,0][1080,88], mVisible=true, mInsetsRoundedCornerFrame=false}, InsetsSource: {mType=ITYPE_RIGHT_DISPLAY_CUTOUT, mFrame=[100000,0][1080,2400], mVisible=true, mInsetsRoundedCornerFrame=false}, InsetsSource: {mType=ITYPE_BOTTOM_DISPLAY_CUTOUT, mFrame=[0,100000][1080,2400], mVisible=true, mInsetsRoundedCornerFrame=false}, InsetsSource: {mType=ITYPE_TOP_TAPPABLE_ELEMENT, mFrame=[0,0][1080,88], mVisible=true, mInsetsRoundedCornerFrame=false}, InsetsSource: {mType=ITYPE_BOTTOM_TAPPABLE_ELEMENT, mFrame=[0,0][0,0], mVisible=true, mInsetsRoundedCornerFrame=false}, InsetsSource: {mType=ITYPE_IME, mFrame=[0,0][0,0], mVisibleFrame=[0,1409][1080,2400], mVisible=false, mInsetsRoundedCornerFrame=false} } host=com.lagradost.cloudstream3/com.lagradost.cloudstream3.MainActivity from=android.view.ViewRootImpl$ViewRootHandler.handleMessageImpl:6740
10-16 17:20:52.292 11476 11476 I ViewRootImpl@c44a360[MainActivity]: MSG_WINDOW_FOCUS_CHANGED 1 0
10-16 17:20:52.293 11476 11476 I ViewRootImpl@c44a360[MainActivity]: mThreadedRenderer.initializeIfNeeded()#2 mSurface={isValid=true 0x7b06d66800}
10-16 17:20:52.294 11476 11476 D InputMethodManager: startInputInner - Id : 0
10-16 17:20:52.294 11476 11476 I InputMethodManager: startInputInner - mService.startInputOrWindowGainedFocus
10-16 17:20:53.637 11476 11476 I ViewRootImpl@c44a360[MainActivity]: ViewPostIme pointer 0
10-16 17:20:53.686 11476 11476 I ViewRootImpl@c44a360[MainActivity]: ViewPostIme pointer 1
10-16 17:20:53.691 11476 11476 I MSHandlerLifeCycle: removeMultiSplitHandler: no exist. decor=DecorView@1efb865[MainActivity]
10-16 17:20:53.692 11476 11500 D OpenGLRenderer: setSurface called with nullptr
10-16 17:20:53.692 11476 11500 D OpenGLRenderer: setSurface() destroyed EGLSurface
10-16 17:20:53.692 11476 11500 D OpenGLRenderer: destroyEglSurface
10-16 17:20:53.694 11476 11476 I ViewRootImpl@c44a360[MainActivity]: dispatchDetachedFromWindow
10-16 17:20:53.723 11476 11476 D InputTransport: Input channel destroyed: 'cc25060', fd=126
10-16 17:20:53.726 11476 11476 D InsetsController: onStateChanged: InsetsState: {mDisplayFrame=Rect(0, 0 - 1080, 2400), mDisplayCutout=DisplayCutout{insets=Rect(0, 88 - 0, 0) waterfall=Insets{left=0, top=0, right=0, bottom=0} boundingRect={Bounds=[Rect(0, 0 - 0, 0), Rect(512, 0 - 568, 88), Rect(0, 0 - 0, 0), Rect(0, 0 - 0, 0)]} cutoutPathParserInfo={CutoutPathParserInfo{displayWidth=1080 displayHeight=2400 physicalDisplayWidth=1080 physicalDisplayHeight=2400 density={2.625} cutoutSpec={M 0,0 M 0,12.25101276465640 a 10.60613009248640,10.60613009248640 0 1,0 0,21.21226018497290 a 10.60613009248640,10.60613009248640 0 1,0 0,-21.21226018497290 Z @dp} rotation={0} scale={1.0} physicalPixelDisplaySizeRatio={1.0}}}}, mRoundedCorners=RoundedCorners{[RoundedCorner{position=TopLeft, radius=84, center=Point(84, 84)}, RoundedCorner{position=TopRight, radius=84, center=Point(996, 84)}, RoundedCorner{position=BottomRight, radius=84, center=Point(996, 2316)}, RoundedCorner{position=BottomLeft, radius=84, center=Point(84, 2316)}]}  mRoundedCornerFrame=Rect(0, 0 - 1080, 2400), mPrivacyIndicatorBounds=PrivacyIndicatorBounds {static bounds=Rect(964, 0 - 1080, 87) rotation=0}, mSources= { InsetsSource: {mType=ITYPE_STATUS_BAR, mFrame=[0,0][1080,88], mVisible=true, mInsetsRoundedCornerFrame=false}, InsetsSource: {mType=ITYPE_NAVIGATION_BAR, mFrame=[0,2361][1080,2400], mVisible=true, mInsetsRoundedCornerFrame=false}, InsetsSource: {mType=ITYPE_LEFT_GESTURES, mFrame=[0,0][130,2400], mVisible=true, mInsetsRoundedCornerFrame=false}, InsetsSource: {mType=ITYPE_RIGHT_GESTURES, mFrame=[950,0][1080,2400], mVisible=true, mInsetsRoundedCornerFrame=false}, InsetsSource: {mType=ITYPE_TOP_MANDATORY_GESTURES, mFrame=[0,0][1080,120], mVisible=true, mInsetsRoundedCornerFrame=false}, InsetsSource: {mType=ITYPE_BOTTOM_MANDATORY_GESTURES, mFrame=[0,2316][1080,2400], mVisible=true, mInsetsRoundedCornerFrame=false}, InsetsSource: {mType=ITYPE_LEFT_DISPLAY_CUTOUT, mFrame=[0,0][-100000,2400], mVisible=true, mInsetsRoundedCornerFrame=false}, InsetsSource: {mType=ITYPE_TOP_DISPLAY_CUTOUT, mFrame=[0,0][1080,88], mVisible=true, mInsetsRoundedCornerFrame=false}, InsetsSource: {mType=ITYPE_RIGHT_DISPLAY_CUTOUT, mFrame=[100000,0][1080,2400], mVisible=true, mInsetsRoundedCornerFrame=false}, InsetsSource: {mType=ITYPE_BOTTOM_DISPLAY_CUTOUT, mFrame=[0,100000][1080,2400], mVisible=true, mInsetsRoundedCornerFrame=false}, InsetsSource: {mType=ITYPE_TOP_TAPPABLE_ELEMENT, mFrame=[0,0][1080,88], mVisible=true, mInsetsRoundedCornerFrame=false}, InsetsSource: {mType=ITYPE_BOTTOM_TAPPABLE_ELEMENT, mFrame=[0,0][0,0], mVisible=true, mInsetsRoundedCornerFrame=false} } host=com.lagradost.cloudstream3/com.lagradost.cloudstream3.MainActivity from=android.view.ViewRootImpl$ViewRootHandler.handleMessageImpl:6740
10-16 17:20:53.757 11476 11476 I ViewRootImpl@6784265[MainActivity]: MSG_WINDOW_FOCUS_CHANGED 1 0
10-16 17:20:53.758 11476 11476 I ViewRootImpl@6784265[MainActivity]: mThreadedRenderer.initializeIfNeeded()#2 mSurface={isValid=true 0x7b5dd46800}
10-16 17:20:53.779 11476 11476 D InputMethodManager: startInputInner - Id : 0
10-16 17:20:53.779 11476 11476 I InputMethodManager: startInputInner - mService.startInputOrWindowGainedFocus
10-16 17:20:54.855 11476 11476 I ViewRootImpl@6784265[MainActivity]: ViewPostIme pointer 0
10-16 17:20:54.938 11476 11562 D SurfaceView@8841c4: updateSurfacePosition RenderWorker, frameNr = 1062, position = [0, 218, 1080, 744] surfaceSize = 1080x525
10-16 17:20:54.938 11476 11562 I SurfaceView@8841c4: uSP: rtp = Rect(0, 218 - 1080, 744) rtsw = 1080 rtsh = 525
10-16 17:20:54.939 11476 11562 I SurfaceView@8841c4: onSSPAndSRT: pl = 0 pt = 218 sx = 1.0 sy = 1.0019047
10-16 17:20:54.939 11476 11562 I SurfaceView@8841c4: aOrMT: ViewRootImpl@6784265[MainActivity] t = android.view.SurfaceControl$Transaction@ea4b141 fN = 1062 android.view.SurfaceView.-$$Nest$mapplyOrMergeTransaction:0 android.view.SurfaceView$SurfaceViewPositionUpdateListener.positionChanged:1537 android.graphics.RenderNode$CompositePositionUpdateListener.positionChanged:373 
10-16 17:20:54.939 11476 11562 I ViewRootImpl@6784265[MainActivity]: mWNT: t=0x7b318ae900 mBlastBufferQueue=0x7b5dccd800 fn= 1062 caller= android.view.SurfaceView.applyOrMergeTransaction:1455 android.view.SurfaceView.-$$Nest$mapplyOrMergeTransaction:0 android.view.SurfaceView$SurfaceViewPositionUpdateListener.positionChanged:1537 
10-16 17:20:54.972 11476 11561 D SurfaceView@8841c4: updateSurfacePosition RenderWorker, frameNr = 1063, position = [0, 218, 1080, 746] surfaceSize = 1080x525
10-16 17:20:54.972 11476 11561 I SurfaceView@8841c4: uSP: rtp = Rect(0, 218 - 1080, 746) rtsw = 1080 rtsh = 525
10-16 17:20:54.973 11476 11561 I SurfaceView@8841c4: onSSPAndSRT: pl = 0 pt = 218 sx = 1.0 sy = 1.0057143
10-16 17:20:54.973 11476 11561 I SurfaceView@8841c4: aOrMT: ViewRootImpl@6784265[MainActivity] t = android.view.SurfaceControl$Transaction@ea4b141 fN = 1063 android.view.SurfaceView.-$$Nest$mapplyOrMergeTransaction:0 android.view.SurfaceView$SurfaceViewPositionUpdateListener.positionChanged:1537 android.graphics.RenderNode$CompositePositionUpdateListener.positionChanged:373 
10-16 17:20:54.973 11476 11561 I ViewRootImpl@6784265[MainActivity]: mWNT: t=0x7b318ae900 mBlastBufferQueue=0x7b5dccd800 fn= 1063 caller= android.view.SurfaceView.applyOrMergeTransaction:1455 android.view.SurfaceView.-$$Nest$mapplyOrMergeTransaction:0 android.view.SurfaceView$SurfaceViewPositionUpdateListener.positionChanged:1537 
10-16 17:20:54.993 11476 11562 D SurfaceView@8841c4: updateSurfacePosition RenderWorker, frameNr = 1064, position = [0, 218, 1080, 747] surfaceSize = 1080x525
10-16 17:20:54.994 11476 11562 I SurfaceView@8841c4: uSP: rtp = Rect(0, 218 - 1080, 747) rtsw = 1080 rtsh = 525
10-16 17:20:54.994 11476 11562 I SurfaceView@8841c4: onSSPAndSRT: pl = 0 pt = 218 sx = 1.0 sy = 1.007619
10-16 17:20:54.994 11476 11562 I SurfaceView@8841c4: aOrMT: ViewRootImpl@6784265[MainActivity] t = android.view.SurfaceControl$Transaction@ea4b141 fN = 1064 android.view.SurfaceView.-$$Nest$mapplyOrMergeTransaction:0 android.view.SurfaceView$SurfaceViewPositionUpdateListener.positionChanged:1537 android.graphics.RenderNode$CompositePositionUpdateListener.positionChanged:373 
10-16 17:20:54.995 11476 11562 I ViewRootImpl@6784265[MainActivity]: mWNT: t=0x7b318ae900 mBlastBufferQueue=0x7b5dccd800 fn= 1064 caller= android.view.SurfaceView.applyOrMergeTransaction:1455 android.view.SurfaceView.-$$Nest$mapplyOrMergeTransaction:0 android.view.SurfaceView$SurfaceViewPositionUpdateListener.positionChanged:1537 
10-16 17:20:54.995 11476 11476 I ViewRootImpl@6784265[MainActivity]: ViewPostIme pointer 1
10-16 17:20:55.079 11476 11561 D SurfaceView@8841c4: updateSurfacePosition RenderWorker, frameNr = 1070, position = [0, 218, 1080, 746] surfaceSize = 1080x525
10-16 17:20:55.079 11476 11561 I SurfaceView@8841c4: uSP: rtp = Rect(0, 218 - 1080, 746) rtsw = 1080 rtsh = 525
10-16 17:20:55.080 11476 11561 I SurfaceView@8841c4: onSSPAndSRT: pl = 0 pt = 218 sx = 1.0 sy = 1.0057143
10-16 17:20:55.080 11476 11561 I SurfaceView@8841c4: aOrMT: ViewRootImpl@6784265[MainActivity] t = android.view.SurfaceControl$Transaction@ea4b141 fN = 1070 android.view.SurfaceView.-$$Nest$mapplyOrMergeTransaction:0 android.view.SurfaceView$SurfaceViewPositionUpdateListener.positionChanged:1537 android.graphics.RenderNode$CompositePositionUpdateListener.positionChanged:373 
10-16 17:20:55.080 11476 11561 I ViewRootImpl@6784265[MainActivity]: mWNT: t=0x7b318ae900 mBlastBufferQueue=0x7b5dccd800 fn= 1070 caller= android.view.SurfaceView.applyOrMergeTransaction:1455 android.view.SurfaceView.-$$Nest$mapplyOrMergeTransaction:0 android.view.SurfaceView$SurfaceViewPositionUpdateListener.positionChanged:1537 
10-16 17:20:55.096 11476 11562 D SurfaceView@8841c4: updateSurfacePosition RenderWorker, frameNr = 1071, position = [0, 218, 1080, 745] surfaceSize = 1080x525
10-16 17:20:55.096 11476 11562 I SurfaceView@8841c4: uSP: rtp = Rect(0, 218 - 1080, 745) rtsw = 1080 rtsh = 525
10-16 17:20:55.096 11476 11562 I SurfaceView@8841c4: onSSPAndSRT: pl = 0 pt = 218 sx = 1.0 sy = 1.0038096
10-16 17:20:55.096 11476 11562 I SurfaceView@8841c4: aOrMT: ViewRootImpl@6784265[MainActivity] t = android.view.SurfaceControl$Transaction@ea4b141 fN = 1071 android.view.SurfaceView.-$$Nest$mapplyOrMergeTransaction:0 android.view.SurfaceView$SurfaceViewPositionUpdateListener.positionChanged:1537 android.graphics.RenderNode$CompositePositionUpdateListener.positionChanged:373 
10-16 17:20:55.096 11476 11562 I ViewRootImpl@6784265[MainActivity]: mWNT: t=0x7b318ae900 mBlastBufferQueue=0x7b5dccd800 fn= 1071 caller= android.view.SurfaceView.applyOrMergeTransaction:1455 android.view.SurfaceView.-$$Nest$mapplyOrMergeTransaction:0 android.view.SurfaceView$SurfaceViewPositionUpdateListener.positionChanged:1537 
10-16 17:20:55.131 11476 11561 D SurfaceView@8841c4: updateSurfacePosition RenderWorker, frameNr = 1073, position = [0, 218, 1080, 744] surfaceSize = 1080x525
10-16 17:20:55.131 11476 11561 I SurfaceView@8841c4: uSP: rtp = Rect(0, 218 - 1080, 744) rtsw = 1080 rtsh = 525
10-16 17:20:55.131 11476 11561 I SurfaceView@8841c4: onSSPAndSRT: pl = 0 pt = 218 sx = 1.0 sy = 1.0019047
10-16 17:20:55.132 11476 11561 I SurfaceView@8841c4: aOrMT: ViewRootImpl@6784265[MainActivity] t = android.view.SurfaceControl$Transaction@ea4b141 fN = 1073 android.view.SurfaceView.-$$Nest$mapplyOrMergeTransaction:0 android.view.SurfaceView$SurfaceViewPositionUpdateListener.positionChanged:1537 android.graphics.RenderNode$CompositePositionUpdateListener.positionChanged:373 
10-16 17:20:55.132 11476 11561 I ViewRootImpl@6784265[MainActivity]: mWNT: t=0x7b318ae900 mBlastBufferQueue=0x7b5dccd800 fn= 1073 caller= android.view.SurfaceView.applyOrMergeTransaction:1455 android.view.SurfaceView.-$$Nest$mapplyOrMergeTransaction:0 android.view.SurfaceView$SurfaceViewPositionUpdateListener.positionChanged:1537 
10-16 17:20:55.196 11476 11562 D SurfaceView@8841c4: updateSurfacePosition RenderWorker, frameNr = 1077, position = [0, 218, 1080, 743] surfaceSize = 1080x525
10-16 17:20:55.196 11476 11562 I SurfaceView@8841c4: uSP: rtp = Rect(0, 218 - 1080, 743) rtsw = 1080 rtsh = 525
10-16 17:20:55.196 11476 11562 I SurfaceView@8841c4: onSSPAndSRT: pl = 0 pt = 218 sx = 1.0 sy = 1.0
10-16 17:20:55.197 11476 11562 I SurfaceView@8841c4: aOrMT: ViewRootImpl@6784265[MainActivity] t = android.view.SurfaceControl$Transaction@ea4b141 fN = 1077 android.view.SurfaceView.-$$Nest$mapplyOrMergeTransaction:0 android.view.SurfaceView$SurfaceViewPositionUpdateListener.positionChanged:1537 android.graphics.RenderNode$CompositePositionUpdateListener.positionChanged:373 
10-16 17:20:55.197 11476 11562 I ViewRootImpl@6784265[MainActivity]: mWNT: t=0x7b318ae900 mBlastBufferQueue=0x7b5dccd800 fn= 1077 caller= android.view.SurfaceView.applyOrMergeTransaction:1455 android.view.SurfaceView.-$$Nest$mapplyOrMergeTransaction:0 android.view.SurfaceView$SurfaceViewPositionUpdateListener.positionChanged:1537 
10-16 17:20:55.423 11476 11476 I ViewRootImpl@6784265[MainActivity]: ViewPostIme pointer 0
10-16 17:20:55.469 11476 11561 D SurfaceView@8841c4: updateSurfacePosition RenderWorker, frameNr = 1082, position = [0, 218, 1080, 745] surfaceSize = 1080x525
10-16 17:20:55.469 11476 11561 I SurfaceView@8841c4: uSP: rtp = Rect(0, 218 - 1080, 745) rtsw = 1080 rtsh = 525
10-16 17:20:55.469 11476 11561 I SurfaceView@8841c4: onSSPAndSRT: pl = 0 pt = 218 sx = 1.0 sy = 1.0038096
10-16 17:20:55.469 11476 11561 I SurfaceView@8841c4: aOrMT: ViewRootImpl@6784265[MainActivity] t = android.view.SurfaceControl$Transaction@ea4b141 fN = 1082 android.view.SurfaceView.-$$Nest$mapplyOrMergeTransaction:0 android.view.SurfaceView$SurfaceViewPositionUpdateListener.positionChanged:1537 android.graphics.RenderNode$CompositePositionUpdateListener.positionChanged:373 
10-16 17:20:55.470 11476 11561 I ViewRootImpl@6784265[MainActivity]: mWNT: t=0x7b318ae900 mBlastBufferQueue=0x7b5dccd800 fn= 1082 caller= android.view.SurfaceView.applyOrMergeTransaction:1455 android.view.SurfaceView.-$$Nest$mapplyOrMergeTransaction:0 android.view.SurfaceView$SurfaceViewPositionUpdateListener.positionChanged:1537 
10-16 17:20:55.485 11476 11562 D SurfaceView@8841c4: updateSurfacePosition RenderWorker, frameNr = 1083, position = [0, 218, 1080, 748] surfaceSize = 1080x525
10-16 17:20:55.485 11476 11562 I SurfaceView@8841c4: uSP: rtp = Rect(0, 218 - 1080, 748) rtsw = 1080 rtsh = 525
10-16 17:20:55.485 11476 11562 I SurfaceView@8841c4: onSSPAndSRT: pl = 0 pt = 218 sx = 1.0 sy = 1.0095239
10-16 17:20:55.485 11476 11562 I SurfaceView@8841c4: aOrMT: ViewRootImpl@6784265[MainActivity] t = android.view.SurfaceControl$Transaction@ea4b141 fN = 1083 android.view.SurfaceView.-$$Nest$mapplyOrMergeTransaction:0 android.view.SurfaceView$SurfaceViewPositionUpdateListener.positionChanged:1537 android.graphics.RenderNode$CompositePositionUpdateListener.positionChanged:373 
10-16 17:20:55.486 11476 11562 I ViewRootImpl@6784265[MainActivity]: mWNT: t=0x7b318ae900 mBlastBufferQueue=0x7b5dccd800 fn= 1083 caller= android.view.SurfaceView.applyOrMergeTransaction:1455 android.view.SurfaceView.-$$Nest$mapplyOrMergeTransaction:0 android.view.SurfaceView$SurfaceViewPositionUpdateListener.positionChanged:1537 
10-16 17:20:55.497 11476 11476 I ViewRootImpl@6784265[MainActivity]: ViewPostIme pointer 1
10-16 17:20:55.518 11476 11561 D SurfaceView@8841c4: updateSurfacePosition RenderWorker, frameNr = 1085, position = [0, 218, 1080, 751] surfaceSize = 1080x525
10-16 17:20:55.518 11476 11561 I SurfaceView@8841c4: uSP: rtp = Rect(0, 218 - 1080, 751) rtsw = 1080 rtsh = 525
10-16 17:20:55.518 11476 11561 I SurfaceView@8841c4: onSSPAndSRT: pl = 0 pt = 218 sx = 1.0 sy = 1.015238
10-16 17:20:55.519 11476 11561 I SurfaceView@8841c4: aOrMT: ViewRootImpl@6784265[MainActivity] t = android.view.SurfaceControl$Transaction@ea4b141 fN = 1085 android.view.SurfaceView.-$$Nest$mapplyOrMergeTransaction:0 android.view.SurfaceView$SurfaceViewPositionUpdateListener.positionChanged:1537 android.graphics.RenderNode$CompositePositionUpdateListener.positionChanged:373 
10-16 17:20:55.519 11476 11561 I ViewRootImpl@6784265[MainActivity]: mWNT: t=0x7b318ae900 mBlastBufferQueue=0x7b5dccd800 fn= 1085 caller= android.view.SurfaceView.applyOrMergeTransaction:1455 android.view.SurfaceView.-$$Nest$mapplyOrMergeTransaction:0 android.view.SurfaceView$SurfaceViewPositionUpdateListener.positionChanged:1537 
10-16 17:20:55.551 11476 11562 D SurfaceView@8841c4: updateSurfacePosition RenderWorker, frameNr = 1087, position = [0, 218, 1080, 750] surfaceSize = 1080x525
10-16 17:20:55.551 11476 11562 I SurfaceView@8841c4: uSP: rtp = Rect(0, 218 - 1080, 750) rtsw = 1080 rtsh = 525
10-16 17:20:55.552 11476 11562 I SurfaceView@8841c4: onSSPAndSRT: pl = 0 pt = 218 sx = 1.0 sy = 1.0133333
10-16 17:20:55.552 11476 11562 I SurfaceView@8841c4: aOrMT: ViewRootImpl@6784265[MainActivity] t = android.view.SurfaceControl$Transaction@ea4b141 fN = 1087 android.view.SurfaceView.-$$Nest$mapplyOrMergeTransaction:0 android.view.SurfaceView$SurfaceViewPositionUpdateListener.positionChanged:1537 android.graphics.RenderNode$CompositePositionUpdateListener.positionChanged:373 
10-16 17:20:55.552 11476 11562 I ViewRootImpl@6784265[MainActivity]: mWNT: t=0x7b318ae900 mBlastBufferQueue=0x7b5dccd800 fn= 1087 caller= android.view.SurfaceView.applyOrMergeTransaction:1455 android.view.SurfaceView.-$$Nest$mapplyOrMergeTransaction:0 android.view.SurfaceView$SurfaceViewPositionUpdateListener.positionChanged:1537 
10-16 17:20:55.568 11476 11561 D SurfaceView@8841c4: updateSurfacePosition RenderWorker, frameNr = 1088, position = [0, 218, 1080, 749] surfaceSize = 1080x525
10-16 17:20:55.568 11476 11561 I SurfaceView@8841c4: uSP: rtp = Rect(0, 218 - 1080, 749) rtsw = 1080 rtsh = 525
10-16 17:20:55.568 11476 11561 I SurfaceView@8841c4: onSSPAndSRT: pl = 0 pt = 218 sx = 1.0 sy = 1.0114286
10-16 17:20:55.568 11476 11561 I SurfaceView@8841c4: aOrMT: ViewRootImpl@6784265[MainActivity] t = android.view.SurfaceControl$Transaction@ea4b141 fN = 1088 android.view.SurfaceView.-$$Nest$mapplyOrMergeTransaction:0 android.view.SurfaceView$SurfaceViewPositionUpdateListener.positionChanged:1537 android.graphics.RenderNode$CompositePositionUpdateListener.positionChanged:373 
10-16 17:20:55.568 11476 11561 I ViewRootImpl@6784265[MainActivity]: mWNT: t=0x7b318ae900 mBlastBufferQueue=0x7b5dccd800 fn= 1088 caller= android.view.SurfaceView.applyOrMergeTransaction:1455 android.view.SurfaceView.-$$Nest$mapplyOrMergeTransaction:0 android.view.SurfaceView$SurfaceViewPositionUpdateListener.positionChanged:1537 
10-16 17:20:55.585 11476 11562 D SurfaceView@8841c4: updateSurfacePosition RenderWorker, frameNr = 1089, position = [0, 218, 1080, 748] surfaceSize = 1080x525
10-16 17:20:55.585 11476 11562 I SurfaceView@8841c4: uSP: rtp = Rect(0, 218 - 1080, 748) rtsw = 1080 rtsh = 525
10-16 17:20:55.585 11476 11562 I SurfaceView@8841c4: onSSPAndSRT: pl = 0 pt = 218 sx = 1.0 sy = 1.0095239
10-16 17:20:55.585 11476 11562 I SurfaceView@8841c4: aOrMT: ViewRootImpl@6784265[MainActivity] t = android.view.SurfaceControl$Transaction@ea4b141 fN = 1089 android.view.SurfaceView.-$$Nest$mapplyOrMergeTransaction:0 android.view.SurfaceView$SurfaceViewPositionUpdateListener.positionChanged:1537 android.graphics.RenderNode$CompositePositionUpdateListener.positionChanged:373 
10-16 17:20:55.585 11476 11562 I ViewRootImpl@6784265[MainActivity]: mWNT: t=0x7b318ae900 mBlastBufferQueue=0x7b5dccd800 fn= 1089 caller= android.view.SurfaceView.applyOrMergeTransaction:1455 android.view.SurfaceView.-$$Nest$mapplyOrMergeTransaction:0 android.view.SurfaceView$SurfaceViewPositionUpdateListener.positionChanged:1537 
10-16 17:20:55.601 11476 11561 D SurfaceView@8841c4: updateSurfacePosition RenderWorker, frameNr = 1090, position = [0, 218, 1080, 747] surfaceSize = 1080x525
10-16 17:20:55.601 11476 11561 I SurfaceView@8841c4: uSP: rtp = Rect(0, 218 - 1080, 747) rtsw = 1080 rtsh = 525
10-16 17:20:55.601 11476 11561 I SurfaceView@8841c4: onSSPAndSRT: pl = 0 pt = 218 sx = 1.0 sy = 1.007619
10-16 17:20:55.602 11476 11561 I SurfaceView@8841c4: aOrMT: ViewRootImpl@6784265[MainActivity] t = android.view.SurfaceControl$Transaction@ea4b141 fN = 1090 android.view.SurfaceView.-$$Nest$mapplyOrMergeTransaction:0 android.view.SurfaceView$SurfaceViewPositionUpdateListener.positionChanged:1537 android.graphics.RenderNode$CompositePositionUpdateListener.positionChanged:373 
10-16 17:20:55.602 11476 11561 I ViewRootImpl@6784265[MainActivity]: mWNT: t=0x7b318ae900 mBlastBufferQueue=0x7b5dccd800 fn= 1090 caller= android.view.SurfaceView.applyOrMergeTransaction:1455 android.view.SurfaceView.-$$Nest$mapplyOrMergeTransaction:0 android.view.SurfaceView$SurfaceViewPositionUpdateListener.positionChanged:1537 
10-16 17:20:55.618 11476 11562 D SurfaceView@8841c4: updateSurfacePosition RenderWorker, frameNr = 1091, position = [0, 218, 1080, 746] surfaceSize = 1080x525
10-16 17:20:55.618 11476 11562 I SurfaceView@8841c4: uSP: rtp = Rect(0, 218 - 1080, 746) rtsw = 1080 rtsh = 525
10-16 17:20:55.618 11476 11562 I SurfaceView@8841c4: onSSPAndSRT: pl = 0 pt = 218 sx = 1.0 sy = 1.0057143
10-16 17:20:55.618 11476 11562 I SurfaceView@8841c4: aOrMT: ViewRootImpl@6784265[MainActivity] t = android.view.SurfaceControl$Transaction@ea4b141 fN = 1091 android.view.SurfaceView.-$$Nest$mapplyOrMergeTransaction:0 android.view.SurfaceView$SurfaceViewPositionUpdateListener.positionChanged:1537 android.graphics.RenderNode$CompositePositionUpdateListener.positionChanged:373 
10-16 17:20:55.619 11476 11562 I ViewRootImpl@6784265[MainActivity]: mWNT: t=0x7b318ae900 mBlastBufferQueue=0x7b5dccd800 fn= 1091 caller= android.view.SurfaceView.applyOrMergeTransaction:1455 android.view.SurfaceView.-$$Nest$mapplyOrMergeTransaction:0 android.view.SurfaceView$SurfaceViewPositionUpdateListener.positionChanged:1537 
10-16 17:20:55.651 11476 11561 D SurfaceView@8841c4: updateSurfacePosition RenderWorker, frameNr = 1093, position = [0, 218, 1080, 745] surfaceSize = 1080x525
10-16 17:20:55.651 11476 11561 I SurfaceView@8841c4: uSP: rtp = Rect(0, 218 - 1080, 745) rtsw = 1080 rtsh = 525
10-16 17:20:55.652 11476 11561 I SurfaceView@8841c4: onSSPAndSRT: pl = 0 pt = 218 sx = 1.0 sy = 1.0038096
10-16 17:20:55.652 11476 11561 I SurfaceView@8841c4: aOrMT: ViewRootImpl@6784265[MainActivity] t = android.view.SurfaceControl$Transaction@ea4b141 fN = 1093 android.view.SurfaceView.-$$Nest$mapplyOrMergeTransaction:0 android.view.SurfaceView$SurfaceViewPositionUpdateListener.positionChanged:1537 android.graphics.RenderNode$CompositePositionUpdateListener.positionChanged:373 
10-16 17:20:55.652 11476 11561 I ViewRootImpl@6784265[MainActivity]: mWNT: t=0x7b318ae900 mBlastBufferQueue=0x7b5dccd800 fn= 1093 caller= android.view.SurfaceView.applyOrMergeTransaction:1455 android.view.SurfaceView.-$$Nest$mapplyOrMergeTransaction:0 android.view.SurfaceView$SurfaceViewPositionUpdateListener.positionChanged:1537 
10-16 17:20:55.668 11476 11562 D SurfaceView@8841c4: updateSurfacePosition RenderWorker, frameNr = 1094, position = [0, 218, 1080, 744] surfaceSize = 1080x525
10-16 17:20:55.668 11476 11562 I SurfaceView@8841c4: uSP: rtp = Rect(0, 218 - 1080, 744) rtsw = 1080 rtsh = 525
10-16 17:20:55.668 11476 11562 I SurfaceView@8841c4: onSSPAndSRT: pl = 0 pt = 218 sx = 1.0 sy = 1.0019047
10-16 17:20:55.668 11476 11562 I SurfaceView@8841c4: aOrMT: ViewRootImpl@6784265[MainActivity] t = android.view.SurfaceControl$Transaction@ea4b141 fN = 1094 android.view.SurfaceView.-$$Nest$mapplyOrMergeTransaction:0 android.view.SurfaceView$SurfaceViewPositionUpdateListener.positionChanged:1537 android.graphics.RenderNode$CompositePositionUpdateListener.positionChanged:373 
10-16 17:20:55.669 11476 11562 I ViewRootImpl@6784265[MainActivity]: mWNT: t=0x7b318ae900 mBlastBufferQueue=0x7b5dccd800 fn= 1094 caller= android.view.SurfaceView.applyOrMergeTransaction:1455 android.view.SurfaceView.-$$Nest$mapplyOrMergeTransaction:0 android.view.SurfaceView$SurfaceViewPositionUpdateListener.positionChanged:1537 
10-16 17:20:55.735 11476 11561 D SurfaceView@8841c4: updateSurfacePosition RenderWorker, frameNr = 1098, position = [0, 218, 1080, 743] surfaceSize = 1080x525
10-16 17:20:55.735 11476 11561 I SurfaceView@8841c4: uSP: rtp = Rect(0, 218 - 1080, 743) rtsw = 1080 rtsh = 525
10-16 17:20:55.735 11476 11561 I SurfaceView@8841c4: onSSPAndSRT: pl = 0 pt = 218 sx = 1.0 sy = 1.0
10-16 17:20:55.735 11476 11561 I SurfaceView@8841c4: aOrMT: ViewRootImpl@6784265[MainActivity] t = android.view.SurfaceControl$Transaction@ea4b141 fN = 1098 android.view.SurfaceView.-$$Nest$mapplyOrMergeTransaction:0 android.view.SurfaceView$SurfaceViewPositionUpdateListener.positionChanged:1537 android.graphics.RenderNode$CompositePositionUpdateListener.positionChanged:373 
10-16 17:20:55.735 11476 11561 I ViewRootImpl@6784265[MainActivity]: mWNT: t=0x7b318ae900 mBlastBufferQueue=0x7b5dccd800 fn= 1098 caller= android.view.SurfaceView.applyOrMergeTransaction:1455 android.view.SurfaceView.-$$Nest$mapplyOrMergeTransaction:0 android.view.SurfaceView$SurfaceViewPositionUpdateListener.positionChanged:1537 
10-16 17:20:59.803 11476 11476 I ViewRootImpl@6784265[MainActivity]: ViewPostIme pointer 0
10-16 17:20:59.883 11476 11476 W PanelsChildGestureRegionObserver: failed to register view with ID 2131362800. already registered
10-16 17:20:59.896 11476 11476 W PanelsChildGestureRegionObserver: failed to register view with ID 2131362800. already registered
10-16 17:20:59.913 11476 11476 W PanelsChildGestureRegionObserver: failed to register view with ID 2131362800. already registered
10-16 17:20:59.929 11476 11476 W PanelsChildGestureRegionObserver: failed to register view with ID 2131362800. already registered
10-16 17:20:59.946 11476 11476 W PanelsChildGestureRegionObserver: failed to register view with ID 2131362800. already registered
10-16 17:20:59.962 11476 11476 W PanelsChildGestureRegionObserver: failed to register view with ID 2131362800. already registered
10-16 17:20:59.981 11476 11476 W PanelsChildGestureRegionObserver: failed to register view with ID 2131362800. already registered
10-16 17:20:59.996 11476 11476 W PanelsChildGestureRegionObserver: failed to register view with ID 2131362800. already registered
10-16 17:21:00.012 11476 11476 W PanelsChildGestureRegionObserver: failed to register view with ID 2131362800. already registered
10-16 17:21:00.029 11476 11476 W PanelsChildGestureRegionObserver: failed to register view with ID 2131362800. already registered
10-16 17:21:00.045 11476 11476 W PanelsChildGestureRegionObserver: failed to register view with ID 2131362800. already registered
10-16 17:21:00.062 11476 11476 W PanelsChildGestureRegionObserver: failed to register view with ID 2131362800. already registered
10-16 17:21:00.079 11476 11476 W PanelsChildGestureRegionObserver: failed to register view with ID 2131362800. already registered
10-16 17:21:00.096 11476 11476 W PanelsChildGestureRegionObserver: failed to register view with ID 2131362800. already registered
10-16 17:21:00.191 11476 11476 D WindowOnBackDispatcher: onBackInvoked, viewRoot=ViewRootImpl@c44a360[MainActivity], callback=androidx.activity.OnBackPressedDispatcher$Api33Impl$$ExternalSyntheticLambda0@fcd878c
10-16 17:21:00.205 11476 11476 I IMM_LC  : hsifw() - flag : 0
10-16 17:21:00.205 11476 11476 I IMM_LC  : hsifw() - mService.hideSoftInput
10-16 17:21:00.212 11476 11476 I CS3ExoPlayer: onStop
10-16 17:21:00.212 11476 11476 I CS3ExoPlayer: saveData
10-16 17:21:00.213 11476 11476 I CS3ExoPlayer: handleEvent Pause
10-16 17:21:00.633 11476 11562 D SurfaceView@8841c4: updateSurfacePosition RenderWorker, frameNr = 1104, position = [54, 314, 1026, 787] surfaceSize = 1080x525
10-16 17:21:00.633 11476 11562 I SurfaceView@8841c4: uSP: rtp = Rect(54, 314 - 1026, 787) rtsw = 1080 rtsh = 525
10-16 17:21:00.633 11476 11562 I SurfaceView@8841c4: onSSPAndSRT: pl = 54 pt = 314 sx = 0.9 sy = 0.9009524
10-16 17:21:00.633 11476 11562 I SurfaceView@8841c4: aOrMT: ViewRootImpl@6784265[MainActivity] t = android.view.SurfaceControl$Transaction@ea4b141 fN = 1104 android.view.SurfaceView.-$$Nest$mapplyOrMergeTransaction:0 android.view.SurfaceView$SurfaceViewPositionUpdateListener.positionChanged:1537 android.graphics.RenderNode$CompositePositionUpdateListener.positionChanged:373 
10-16 17:21:00.633 11476 11562 I ViewRootImpl@6784265[MainActivity]: mWNT: t=0x7b318ae900 mBlastBufferQueue=0x7b5dccd800 fn= 1104 caller= android.view.SurfaceView.applyOrMergeTransaction:1455 android.view.SurfaceView.-$$Nest$mapplyOrMergeTransaction:0 android.view.SurfaceView$SurfaceViewPositionUpdateListener.positionChanged:1537 
10-16 17:21:00.634 11476 11476 I SurfaceView@8841c4: onWindowVisibilityChanged(8) false android.view.SurfaceView{8841c4 V.E..V... ........ 0,0-1080,525} of ViewRootImpl@6784265[MainActivity]
10-16 17:21:00.634 11476 11476 I SurfaceView@8841c4: Changes: creating=false format=false size=false visible=true alpha=false hint=false mUseAlpha=false visible=true left=false top=false
10-16 17:21:00.634 11476 11476 I SurfaceView@8841c4: 8929732 Cur surface: Surface(name=null)/@0xb98431a
10-16 17:21:00.634 11476 11476 I SurfaceView@8841c4: applyTransactionOnVriDraw: vri = ViewRootImpl@6784265[MainActivity] fRS = false t = 0x7b07342100 android.view.SurfaceView.performSurfaceTransaction:959 android.view.SurfaceView.updateSurface:1105 android.view.SurfaceView.onWindowVisibilityChanged:371 
10-16 17:21:00.634 11476 11476 I ViewRootImpl@6784265[MainActivity]: applyTransactionOnDraw: mRemoved = false isHardwareEnabled = true t = 0x7b07342100android.view.SurfaceView.applyTransactionOnVriDraw:2048 android.view.SurfaceView.performSurfaceTransaction:959 android.view.SurfaceView.updateSurface:1105 android.view.SurfaceView.onWindowVisibilityChanged:371 android.view.View.dispatchDetachedFromWindow:22529 
10-16 17:21:00.635 11476 11476 I SurfaceView@8841c4: surfaceDestroyed
10-16 17:21:00.635 11476 11476 I SurfaceView@8841c4: surfaceDestroyed callback.size 0 #2 android.view.SurfaceView{8841c4 V.E..V... ........ 0,0-1080,525}
10-16 17:21:00.635 11476 11476 I SurfaceView@8841c4: updateSurface: mVisible = false mSurface.isValid() = true
10-16 17:21:00.635 11476 11476 I SurfaceView@8841c4: releaseSurfaces: viewRoot = ViewRootImpl@6784265[MainActivity]
10-16 17:21:00.635 11476 11476 I SurfaceView@8841c4: applyTransactionOnVriDraw: vri = ViewRootImpl@6784265[MainActivity] fRS = true t = 0x7b07342400 android.view.SurfaceView.releaseSurfaces:858 android.view.SurfaceView.updateSurface:1172 android.view.SurfaceView.onWindowVisibilityChanged:371 
10-16 17:21:00.635 11476 11476 I SurfaceView@8841c4: applyTransactionOnVriDraw: viewRoot.applyTransactionOnDrawFromReleaseSurfaces
10-16 17:21:00.636 11476 11476 I ViewRootImpl@6784265[MainActivity]: applyTransactionOnDraw: mRemoved = false isHardwareEnabled = true t = 0x7b07342400android.view.ViewRootImpl.applyTransactionOnDrawFromReleaseSurfaces:12850 android.view.SurfaceView.applyTransactionOnVriDraw:2046 android.view.SurfaceView.releaseSurfaces:858 android.view.SurfaceView.updateSurface:1172 android.view.SurfaceView.onWindowVisibilityChanged:371 
10-16 17:21:00.636 11476 11476 V SurfaceView@8841c4: Layout: x=0 y=218 w=1080 h=525, frame=Rect(0, 0 - 1080, 525)
10-16 17:21:00.636 11476 11476 I SurfaceView@8841c4: onDetachedFromWindow: tryReleaseSurfaces()
10-16 17:21:00.636 11476 11476 I SurfaceView@8841c4: releaseSurfaces: viewRoot = ViewRootImpl@6784265[MainActivity]
10-16 17:21:00.636 11476 11476 I SurfaceView@8841c4: applyTransactionOnVriDraw: vri = ViewRootImpl@6784265[MainActivity] fRS = true t = 0x7b07342500 android.view.SurfaceView.releaseSurfaces:858 android.view.SurfaceView.onDetachedFromWindow:500 android.view.View.dispatchDetachedFromWindow:22538 
10-16 17:21:00.636 11476 11476 I SurfaceView@8841c4: applyTransactionOnVriDraw: viewRoot.applyTransactionOnDrawFromReleaseSurfaces
10-16 17:21:00.636 11476 11476 I ViewRootImpl@6784265[MainActivity]: applyTransactionOnDraw: mRemoved = false isHardwareEnabled = true t = 0x7b07342500android.view.ViewRootImpl.applyTransactionOnDrawFromReleaseSurfaces:12850 android.view.SurfaceView.applyTransactionOnVriDraw:2046 android.view.SurfaceView.releaseSurfaces:858 android.view.SurfaceView.onDetachedFromWindow:500 android.view.View.dispatchDetachedFromWindow:22538 
10-16 17:21:00.651 11476 11476 I DecorView: notifyKeepScreenOnChanged: keepScreenOn=false
10-16 17:21:00.652 11476 11476 I CS3ExoPlayer: releasePlayer
10-16 17:21:00.652 11476 11476 I CS3ExoPlayer: Handle event: PlayerAttachedEvent(player=null, source=Player)
10-16 17:21:00.653 11476 11476 I DecorView: notifyKeepScreenOnChanged: keepScreenOn=false
10-16 17:21:00.654 11476 11476 I ViewRootImpl@6784265[MainActivity]: performTraversals params={(0,0)(fillxfill) sim={state=always_hidden adjust=resize} ty=BASE_APPLICATION wanim=0x1030309
10-16 17:21:00.654 11476 11476 I ViewRootImpl@6784265[MainActivity]:   fl=85810100
10-16 17:21:00.654 11476 11476 I ViewRootImpl@6784265[MainActivity]:   pfl=12020040
10-16 17:21:00.654 11476 11476 I ViewRootImpl@6784265[MainActivity]:   vsysui=500
10-16 17:21:00.654 11476 11476 I ViewRootImpl@6784265[MainActivity]:   bhv=DEFAULT
10-16 17:21:00.654 11476 11476 I ViewRootImpl@6784265[MainActivity]:   fitSides= naviIconColor=0}
10-16 17:21:00.655 11476 11476 I ViewRootImpl@6784265[MainActivity]: performTraversals mFirst=false windowShouldResize=false viewVisibilityChanged=false mForceNextWindowRelayout=false params={(0,0)(fillxfill) sim={state=always_hidden adjust=resize} ty=BASE_APPLICATION fmt=TRANSLUCENT wanim=0x1030309
10-16 17:21:00.655 11476 11476 I ViewRootImpl@6784265[MainActivity]:   fl=85810100
10-16 17:21:00.655 11476 11476 I ViewRootImpl@6784265[MainActivity]:   pfl=12020040
10-16 17:21:00.655 11476 11476 I ViewRootImpl@6784265[MainActivity]:   vsysui=500
10-16 17:21:00.655 11476 11476 I ViewRootImpl@6784265[MainActivity]:   bhv=DEFAULT
10-16 17:21:00.655 11476 11476 I ViewRootImpl@6784265[MainActivity]:   fitSides= naviIconColor=0}
10-16 17:21:00.662 11476 11476 I ViewRootImpl@6784265[MainActivity]: updateBlastSurfaceIfNeeded mBlastBufferQueue=0x7b5dccd800 isSameSurfaceControl=true
10-16 17:21:00.663 11476 11476 I BLASTBufferQueue: update, w= 1080 h= 2400 mName = ViewRootImpl@6784265[MainActivity] mNativeObject= 0x7b5dccd800 sc.mNativeObject= 0x7b07274ee0 format= -3 caller= android.view.ViewRootImpl.updateBlastSurfaceIfNeeded:2898 android.view.ViewRootImpl.relayoutWindow:9847 android.view.ViewRootImpl.performTraversals:3884 android.view.ViewRootImpl.doTraversal:3116 android.view.ViewRootImpl$TraversalRunnable.run:10885 android.view.Choreographer$CallbackRecord.run:1301 
10-16 17:21:00.663 11476 11476 I ViewRootImpl@6784265[MainActivity]: Relayout returned: old=(0,0,1080,2400) new=(0,0,1080,2400) req=(1080,2400)0 dur=7 res=0x0 s={true 0x7b5dd46800} ch=false seqId=0
10-16 17:21:00.663 11476 11476 I ViewRootImpl@6784265[MainActivity]: updateBoundsLayer: t = android.view.SurfaceControl$Transaction@65b84c0 sc = Surface(name=Bounds for - com.lagradost.cloudstream3/com.lagradost.cloudstream3.MainActivity@0)/@0x3ea35f9 frame = 1105
10-16 17:21:00.663 11476 11476 I ViewRootImpl@6784265[MainActivity]: mWNT: t=0x7b5de85300 mBlastBufferQueue=0x7b5dccd800 fn= 1105 caller= android.view.ViewRootImpl.prepareSurfaces:2985 android.view.ViewRootImpl.performTraversals:4233 android.view.ViewRootImpl.doTraversal:3116 
10-16 17:21:00.665 11476 11500 D SurfaceView@8841c4: windowPositionLost, frameNr = 1105
10-16 17:21:00.666 11476 11561 I ViewRootImpl@6784265[MainActivity]: mWNT: t=0x7b07342100 mBlastBufferQueue=0x7b5dccd800 fn= 1105 caller= android.view.ViewRootImpl.lambda$applyTransactionOnDraw$11$android-view-ViewRootImpl:12865 android.view.ViewRootImpl$$ExternalSyntheticLambda1.onFrameDraw:4 android.graphics.HardwareRenderer$FrameDrawingCallback.onFrameDraw:924 
10-16 17:21:00.666 11476 11561 I ViewRootImpl@6784265[MainActivity]: mWNT: t=0x7b07342400 mBlastBufferQueue=0x7b5dccd800 fn= 1105 caller= android.view.ViewRootImpl.lambda$applyTransactionOnDraw$11$android-view-ViewRootImpl:12865 android.view.ViewRootImpl$$ExternalSyntheticLambda1.onFrameDraw:4 android.graphics.HardwareRenderer$FrameDrawingCallback.onFrameDraw:924 
10-16 17:21:00.667 11476 11561 I ViewRootImpl@6784265[MainActivity]: mWNT: t=0x7b07342500 mBlastBufferQueue=0x7b5dccd800 fn= 1105 caller= android.view.ViewRootImpl.lambda$applyTransactionOnDraw$11$android-view-ViewRootImpl:12865 android.view.ViewRootImpl$$ExternalSyntheticLambda1.onFrameDraw:4 android.graphics.HardwareRenderer$FrameDrawingCallback.onFrameDraw:924 
10-16 17:21:01.438 11476 11476 I ViewRootImpl@6784265[MainActivity]: ViewPostIme pointer 0
10-16 17:21:01.522 11476 11476 I ViewRootImpl@6784265[MainActivity]: ViewPostIme pointer 1
10-16 17:21:01.543 11476 11476 I IMM_LC  : hsifw() - flag : 0
10-16 17:21:01.543 11476 11476 I IMM_LC  : hsifw() - mService.hideSoftInput
10-16 17:21:01.663 11476 11476 I PLG     : updatePluginList = https://raw.githubusercontent.com/adamwolker21/TestPlugins/refs/heads/master/repo.json
10-16 17:21:01.663 11476 11476 I PLG     : getPlugins = https://raw.githubusercontent.com/adamwolker21/TestPlugins/refs/heads/master/repo.json
10-16 17:21:03.334 11476 11476 I ViewRootImpl@6784265[MainActivity]: ViewPostIme pointer 0
10-16 17:21:03.367 11476 11476 I ViewRootImpl@6784265[MainActivity]: ViewPostIme pointer 1
10-16 17:21:03.402 11476 11476 I IMM_LC  : hsifw() - flag : 0
10-16 17:21:03.403 11476 11476 I IMM_LC  : hsifw() - mService.hideSoftInput
10-16 17:21:03.705 11476 11487 I st.cloudstream3: Background concurrent copying GC freed 14MB AllocSpace bytes, 53(2832KB) LOS objects, 45% free, 28MB/52MB, paused 398us,91us total 251.618ms
10-16 17:21:03.715 11476 11500 D OpenGLRenderer: setSurface called with nullptr
10-16 17:21:03.716 11476 11488 D InputTransport: Input channel destroyed: 'ClientS', fd=171
10-16 17:21:03.716 11476 11500 D OpenGLRenderer: setSurface called with nullptr
10-16 17:21:03.717 11476 11488 D InputTransport: Input channel destroyed: 'ClientS', fd=257
10-16 17:21:03.717 11476 11488 D InputTransport: Input channel destroyed: 'ClientS', fd=260
10-16 17:21:03.719 11476 11500 D OpenGLRenderer: setSurface called with nullptr
10-16 17:21:03.719 11476 11488 D InputTransport: Input channel destroyed: 'ClientS', fd=252
10-16 17:21:03.720 11476 11488 D InputTransport: Input channel destroyed: 'ClientS', fd=147
10-16 17:21:03.720 11476 11488 D InputTransport: Input channel destroyed: 'ClientS', fd=126
10-16 17:21:04.401 11476 11476 I ViewRootImpl@6784265[MainActivity]: ViewPostIme pointer 0
10-16 17:21:04.459 11476 11476 I ViewRootImpl@6784265[MainActivity]: ViewPostIme pointer 1
10-16 17:21:04.488 11476 11476 I IMM_LC  : hsifw() - flag : 0
10-16 17:21:04.488 11476 11476 I IMM_LC  : hsifw() - mService.hideSoftInput
10-16 17:21:04.499 11476 11476 D ScrollView: initGoToTop
10-16 17:21:04.540 11476 11476 E CoilImgLoader: Error loading image: coil3.request.NullRequestDataException: The request's data is null.
10-16 17:21:04.555 11476 11476 D ScrollView:  onsize change changed 
10-16 17:21:05.624 11476 11476 I ViewRootImpl@6784265[MainActivity]: ViewPostIme pointer 0
10-16 17:21:05.658 11476 11476 I ViewRootImpl@6784265[MainActivity]: ViewPostIme pointer 1
10-16 17:21:05.679 11476 11476 I NavComponent: Navigating to fragment: 2131361884
10-16 17:21:05.685 11476 11476 I IMM_LC  : hsifw() - flag : 0
10-16 17:21:05.685 11476 11476 I IMM_LC  : hsifw() - mService.hideSoftInput
10-16 17:21:06.494 11476 11476 I ViewRootImpl@6784265[MainActivity]: ViewPostIme pointer 0
10-16 17:21:06.593 11476 11476 I ViewRootImpl@6784265[MainActivity]: ViewPostIme pointer 1
10-16 17:21:07.311 11476 11476 I ViewRootImpl@6784265[MainActivity]: ViewPostIme pointer 0
10-16 17:21:07.369 11476 11476 I ViewRootImpl@6784265[MainActivity]: ViewPostIme pointer 1
10-16 17:21:07.397 11476 11476 I Dialog  : mIsDeviceDefault = false, mIsSamsungBasicInteraction = false, isMetaDataInActivity = false
10-16 17:21:07.404 11476 11476 I DecorView: [INFO] isPopOver=false config=false
10-16 17:21:07.404 11476 11476 I DecorView: updateCaptionType: isFloating=true isApplication=true hasWindowDecorCaption=false this=DecorView@15b09b[]
10-16 17:21:07.404 11476 11476 D DecorView: setCaptionType = 0, this = DecorView@15b09b[]
10-16 17:21:07.406 11476 11476 I DecorView: setWindowBackground: isPopOver=false color=ff010101 d=android.graphics.drawable.InsetDrawable@114c411
10-16 17:21:07.427 11476 11476 D ScrollView: initGoToTop
10-16 17:21:07.442 11476 11500 D NativeCustomFrequencyManager: [NativeCFMS] BpCustomFrequencyManager::BpCustomFrequencyManager()
10-16 17:21:07.442 11476 11476 I DecorView: onImmersiveModeChanged: isStatusBarHidden=true
10-16 17:21:07.453 11476 11476 D InsetsController: onStateChanged: InsetsState: {mDisplayFrame=Rect(0, 0 - 1080, 2400), mDisplayCutout=DisplayCutout{insets=Rect(0, 88 - 0, 0) waterfall=Insets{left=0, top=0, right=0, bottom=0} boundingRect={Bounds=[Rect(0, 0 - 0, 0), Rect(512, 0 - 568, 88), Rect(0, 0 - 0, 0), Rect(0, 0 - 0, 0)]} cutoutPathParserInfo={CutoutPathParserInfo{displayWidth=1080 displayHeight=2400 physicalDisplayWidth=1080 physicalDisplayHeight=2400 density={2.625} cutoutSpec={M 0,0 M 0,12.25101276465640 a 10.60613009248640,10.60613009248640 0 1,0 0,21.21226018497290 a 10.60613009248640,10.60613009248640 0 1,0 0,-21.21226018497290 Z @dp} rotation={0} scale={1.0} physicalPixelDisplaySizeRatio={1.0}}}}, mRoundedCorners=RoundedCorners{[RoundedCorner{position=TopLeft, radius=84, center=Point(84, 84)}, RoundedCorner{position=TopRight, radius=84, center=Point(996, 84)}, RoundedCorner{position=BottomRight, radius=84, center=Point(996, 2316)}, RoundedCorner{position=BottomLeft, radius=84, center=Point(84, 2316)}]}  mRoundedCornerFrame=Rect(0, 0 - 1080, 2400), mPrivacyIndicatorBounds=PrivacyIndicatorBounds {static bounds=Rect(964, 0 - 1080, 87) rotation=0}, mSources= { InsetsSource: {mType=ITYPE_STATUS_BAR, mFrame=[0,0][1080,88], mVisible=true, mInsetsRoundedCornerFrame=false}, InsetsSource: {mType=ITYPE_NAVIGATION_BAR, mFrame=[0,2361][1080,2400], mVisible=true, mInsetsRoundedCornerFrame=false}, InsetsSource: {mType=ITYPE_LEFT_GESTURES, mFrame=[0,0][130,2400], mVisible=true, mInsetsRoundedCornerFrame=false}, InsetsSource: {mType=ITYPE_RIGHT_GESTURES, mFrame=[950,0][1080,2400], mVisible=true, mInsetsRoundedCornerFrame=false}, InsetsSource: {mType=ITYPE_TOP_MANDATORY_GESTURES, mFrame=[0,0][1080,120], mVisible=true, mInsetsRoundedCornerFrame=false}, InsetsSource: {mType=ITYPE_BOTTOM_MANDATORY_GESTURES, mFrame=[0,2316][1080,2400], mVisible=true, mInsetsRoundedCornerFrame=false}, InsetsSource: {mType=ITYPE_LEFT_DISPLAY_CUTOUT, mFrame=[0,0][-100000,2400], mVisible=true, mInsetsRoundedCornerFrame=false}, InsetsSource: {mType=ITYPE_TOP_DISPLAY_CUTOUT, mFrame=[0,0][1080,88], mVisible=true, mInsetsRoundedCornerFrame=false}, InsetsSource: {mType=ITYPE_RIGHT_DISPLAY_CUTOUT, mFrame=[100000,0][1080,2400], mVisible=true, mInsetsRoundedCornerFrame=false}, InsetsSource: {mType=ITYPE_BOTTOM_DISPLAY_CUTOUT, mFrame=[0,100000][1080,2400], mVisible=true, mInsetsRoundedCornerFrame=false}, InsetsSource: {mType=ITYPE_TOP_TAPPABLE_ELEMENT, mFrame=[0,0][1080,88], mVisible=true, mInsetsRoundedCornerFrame=false}, InsetsSource: {mType=ITYPE_BOTTOM_TAPPABLE_ELEMENT, mFrame=[0,0][0,0], mVisible=true, mInsetsRoundedCornerFrame=false} } host=com.lagradost.cloudstream3/com.lagradost.cloudstream3.MainActivity from=android.view.ViewRootImpl.setView:1732
10-16 17:21:07.454 11476 11476 I ViewRootImpl@4ea6e14[MainActivity]: setView = com.android.internal.policy.DecorView@15b09b TM=true
