10-16 01:51:31.330 12113 12212 I ViewRootImpl@97403c7[MainActivity]: mWNT: t=0x7b32a46b00 mBlastBufferQueue=0x7b5c186700 fn= 707 caller= android.view.ViewRootImpl.lambda$applyTransactionOnDraw$11$android-view-ViewRootImpl:12865 android.view.ViewRootImpl$$ExternalSyntheticLambda1.onFrameDraw:4 android.graphics.HardwareRenderer$FrameDrawingCallback.onFrameDraw:924 
10-16 01:51:31.334 12113 12113 I SurfaceView@476b54d: Changes: creating=false format=false size=false visible=false alpha=false hint=false mUseAlpha=false visible=false left=false top=true
10-16 01:51:31.335 12113 12113 I SurfaceView@476b54d: 74888525 Cur surface: Surface(name=null)/@0x43a4e65
10-16 01:51:31.335 12113 12113 I SurfaceView@476b54d: applyTransactionOnVriDraw: vri = ViewRootImpl@97403c7[MainActivity] fRS = false t = 0x7ae5da8400 android.view.SurfaceView.performSurfaceTransaction:959 android.view.SurfaceView.updateSurface:1105 android.view.SurfaceView.lambda$new$0$android-view-SurfaceView:200 
10-16 01:51:31.335 12113 12113 I ViewRootImpl@97403c7[MainActivity]: applyTransactionOnDraw: mRemoved = false isHardwareEnabled = true t = 0x7ae5da8400android.view.SurfaceView.applyTransactionOnVriDraw:2048 android.view.SurfaceView.performSurfaceTransaction:959 android.view.SurfaceView.updateSurface:1105 android.view.SurfaceView.lambda$new$0$android-view-SurfaceView:200 android.view.SurfaceView$$ExternalSyntheticLambda5.onPreDraw:2 
10-16 01:51:31.335 12113 12113 I SurfaceView@476b54d: updateSurface: mVisible = true mSurface.isValid() = true
10-16 01:51:31.335 12113 12113 I SurfaceView@476b54d: updateSurface: mSurfaceCreated = true surfaceChanged = false visibleChanged = false
10-16 01:51:31.335 12113 12113 V SurfaceView@476b54d: Layout: x=0 y=-148 w=1080 h=525, frame=Rect(0, 0 - 1080, 525)
10-16 01:51:31.343 12113 12213 D SurfaceView@476b54d: updateSurfacePosition RenderWorker, frameNr = 708, position = [0, -148, 1080, 377] surfaceSize = 1080x525
10-16 01:51:31.343 12113 12213 I SurfaceView@476b54d: uSP: rtp = Rect(0, -148 - 1080, 377) rtsw = 1080 rtsh = 525
10-16 01:51:31.343 12113 12213 I SurfaceView@476b54d: onSSPAndSRT: pl = 0 pt = -148 sx = 1.0 sy = 1.0
10-16 01:51:31.344 12113 12213 I SurfaceView@476b54d: aOrMT: ViewRootImpl@97403c7[MainActivity] t = android.view.SurfaceControl$Transaction@a20ad06 fN = 708 android.view.SurfaceView.-$$Nest$mapplyOrMergeTransaction:0 android.view.SurfaceView$SurfaceViewPositionUpdateListener.positionChanged:1537 android.graphics.RenderNode$CompositePositionUpdateListener.positionChanged:373 
10-16 01:51:31.344 12113 12213 I ViewRootImpl@97403c7[MainActivity]: mWNT: t=0x7b32a46000 mBlastBufferQueue=0x7b5c186700 fn= 708 caller= android.view.SurfaceView.applyOrMergeTransaction:1455 android.view.SurfaceView.-$$Nest$mapplyOrMergeTransaction:0 android.view.SurfaceView$SurfaceViewPositionUpdateListener.positionChanged:1537 
10-16 01:51:31.344 12113 12213 I ViewRootImpl@97403c7[MainActivity]: mWNT: t=0x7ae5da8400 mBlastBufferQueue=0x7b5c186700 fn= 708 caller= android.view.ViewRootImpl.lambda$applyTransactionOnDraw$11$android-view-ViewRootImpl:12865 android.view.ViewRootImpl$$ExternalSyntheticLambda1.onFrameDraw:4 android.graphics.HardwareRenderer$FrameDrawingCallback.onFrameDraw:924 
10-16 01:51:31.350 12113 12113 I SurfaceView@476b54d: Changes: creating=false format=false size=false visible=false alpha=false hint=false mUseAlpha=false visible=false left=false top=true
10-16 01:51:31.350 12113 12113 I SurfaceView@476b54d: 74888525 Cur surface: Surface(name=null)/@0x43a4e65
10-16 01:51:31.351 12113 12113 I SurfaceView@476b54d: applyTransactionOnVriDraw: vri = ViewRootImpl@97403c7[MainActivity] fRS = false t = 0x7ae5da8600 android.view.SurfaceView.performSurfaceTransaction:959 android.view.SurfaceView.updateSurface:1105 android.view.SurfaceView.lambda$new$0$android-view-SurfaceView:200 
10-16 01:51:31.351 12113 12113 I ViewRootImpl@97403c7[MainActivity]: applyTransactionOnDraw: mRemoved = false isHardwareEnabled = true t = 0x7ae5da8600android.view.SurfaceView.applyTransactionOnVriDraw:2048 android.view.SurfaceView.performSurfaceTransaction:959 android.view.SurfaceView.updateSurface:1105 android.view.SurfaceView.lambda$new$0$android-view-SurfaceView:200 android.view.SurfaceView$$ExternalSyntheticLambda5.onPreDraw:2 
10-16 01:51:31.351 12113 12113 I SurfaceView@476b54d: updateSurface: mVisible = true mSurface.isValid() = true
10-16 01:51:31.351 12113 12113 I SurfaceView@476b54d: updateSurface: mSurfaceCreated = true surfaceChanged = false visibleChanged = false
10-16 01:51:31.351 12113 12113 V SurfaceView@476b54d: Layout: x=0 y=-250 w=1080 h=525, frame=Rect(0, 0 - 1080, 525)
10-16 01:51:31.361 12113 12212 D SurfaceView@476b54d: updateSurfacePosition RenderWorker, frameNr = 709, position = [0, -250, 1080, 275] surfaceSize = 1080x525
10-16 01:51:31.361 12113 12212 I SurfaceView@476b54d: uSP: rtp = Rect(0, -250 - 1080, 275) rtsw = 1080 rtsh = 525
10-16 01:51:31.361 12113 12212 I SurfaceView@476b54d: onSSPAndSRT: pl = 0 pt = -250 sx = 1.0 sy = 1.0
10-16 01:51:31.361 12113 12212 I SurfaceView@476b54d: aOrMT: ViewRootImpl@97403c7[MainActivity] t = android.view.SurfaceControl$Transaction@a20ad06 fN = 709 android.view.SurfaceView.-$$Nest$mapplyOrMergeTransaction:0 android.view.SurfaceView$SurfaceViewPositionUpdateListener.positionChanged:1537 android.graphics.RenderNode$CompositePositionUpdateListener.positionChanged:373 
10-16 01:51:31.361 12113 12212 I ViewRootImpl@97403c7[MainActivity]: mWNT: t=0x7b32a46000 mBlastBufferQueue=0x7b5c186700 fn= 709 caller= android.view.SurfaceView.applyOrMergeTransaction:1455 android.view.SurfaceView.-$$Nest$mapplyOrMergeTransaction:0 android.view.SurfaceView$SurfaceViewPositionUpdateListener.positionChanged:1537 
10-16 01:51:31.362 12113 12212 I ViewRootImpl@97403c7[MainActivity]: mWNT: t=0x7ae5da8600 mBlastBufferQueue=0x7b5c186700 fn= 709 caller= android.view.ViewRootImpl.lambda$applyTransactionOnDraw$11$android-view-ViewRootImpl:12865 android.view.ViewRootImpl$$ExternalSyntheticLambda1.onFrameDraw:4 android.graphics.HardwareRenderer$FrameDrawingCallback.onFrameDraw:924 
10-16 01:51:31.367 12113 12113 I SurfaceView@476b54d: Changes: creating=false format=false size=false visible=false alpha=false hint=false mUseAlpha=false visible=false left=false top=true
10-16 01:51:31.367 12113 12113 I SurfaceView@476b54d: 74888525 Cur surface: Surface(name=null)/@0x43a4e65
10-16 01:51:31.368 12113 12113 I SurfaceView@476b54d: applyTransactionOnVriDraw: vri = ViewRootImpl@97403c7[MainActivity] fRS = false t = 0x7ae5da8700 android.view.SurfaceView.performSurfaceTransaction:959 android.view.SurfaceView.updateSurface:1105 android.view.SurfaceView.lambda$new$0$android-view-SurfaceView:200 
10-16 01:51:31.368 12113 12113 I ViewRootImpl@97403c7[MainActivity]: applyTransactionOnDraw: mRemoved = false isHardwareEnabled = true t = 0x7ae5da8700android.view.SurfaceView.applyTransactionOnVriDraw:2048 android.view.SurfaceView.performSurfaceTransaction:959 android.view.SurfaceView.updateSurface:1105 android.view.SurfaceView.lambda$new$0$android-view-SurfaceView:200 android.view.SurfaceView$$ExternalSyntheticLambda5.onPreDraw:2 
10-16 01:51:31.368 12113 12113 I SurfaceView@476b54d: updateSurface: mVisible = true mSurface.isValid() = true
10-16 01:51:31.368 12113 12113 I SurfaceView@476b54d: updateSurface: mSurfaceCreated = true surfaceChanged = false visibleChanged = false
10-16 01:51:31.368 12113 12113 V SurfaceView@476b54d: Layout: x=0 y=-366 w=1080 h=525, frame=Rect(0, 0 - 1080, 525)
10-16 01:51:31.379 12113 12213 D SurfaceView@476b54d: updateSurfacePosition RenderWorker, frameNr = 710, position = [0, -366, 1080, 159] surfaceSize = 1080x525
10-16 01:51:31.379 12113 12213 I SurfaceView@476b54d: uSP: rtp = Rect(0, -366 - 1080, 159) rtsw = 1080 rtsh = 525
10-16 01:51:31.379 12113 12213 I SurfaceView@476b54d: onSSPAndSRT: pl = 0 pt = -366 sx = 1.0 sy = 1.0
10-16 01:51:31.379 12113 12213 I SurfaceView@476b54d: aOrMT: ViewRootImpl@97403c7[MainActivity] t = android.view.SurfaceControl$Transaction@a20ad06 fN = 710 android.view.SurfaceView.-$$Nest$mapplyOrMergeTransaction:0 android.view.SurfaceView$SurfaceViewPositionUpdateListener.positionChanged:1537 android.graphics.RenderNode$CompositePositionUpdateListener.positionChanged:373 
10-16 01:51:31.379 12113 12213 I ViewRootImpl@97403c7[MainActivity]: mWNT: t=0x7b32a46000 mBlastBufferQueue=0x7b5c186700 fn= 710 caller= android.view.SurfaceView.applyOrMergeTransaction:1455 android.view.SurfaceView.-$$Nest$mapplyOrMergeTransaction:0 android.view.SurfaceView$SurfaceViewPositionUpdateListener.positionChanged:1537 
10-16 01:51:31.379 12113 12213 I ViewRootImpl@97403c7[MainActivity]: mWNT: t=0x7ae5da8700 mBlastBufferQueue=0x7b5c186700 fn= 710 caller= android.view.ViewRootImpl.lambda$applyTransactionOnDraw$11$android-view-ViewRootImpl:12865 android.view.ViewRootImpl$$ExternalSyntheticLambda1.onFrameDraw:4 android.graphics.HardwareRenderer$FrameDrawingCallback.onFrameDraw:924 
10-16 01:51:31.383 12113 12113 I SurfaceView@476b54d: Changes: creating=false format=false size=false visible=false alpha=false hint=false mUseAlpha=false visible=false left=false top=true
10-16 01:51:31.383 12113 12113 I SurfaceView@476b54d: 74888525 Cur surface: Surface(name=null)/@0x43a4e65
10-16 01:51:31.383 12113 12113 I SurfaceView@476b54d: applyTransactionOnVriDraw: vri = ViewRootImpl@97403c7[MainActivity] fRS = false t = 0x7ae5da8a00 android.view.SurfaceView.performSurfaceTransaction:959 android.view.SurfaceView.updateSurface:1105 android.view.SurfaceView.lambda$new$0$android-view-SurfaceView:200 
10-16 01:51:31.383 12113 12113 I ViewRootImpl@97403c7[MainActivity]: applyTransactionOnDraw: mRemoved = false isHardwareEnabled = true t = 0x7ae5da8a00android.view.SurfaceView.applyTransactionOnVriDraw:2048 android.view.SurfaceView.performSurfaceTransaction:959 android.view.SurfaceView.updateSurface:1105 android.view.SurfaceView.lambda$new$0$android-view-SurfaceView:200 android.view.SurfaceView$$ExternalSyntheticLambda5.onPreDraw:2 
10-16 01:51:31.384 12113 12113 I SurfaceView@476b54d: updateSurface: mVisible = true mSurface.isValid() = true
10-16 01:51:31.384 12113 12113 I SurfaceView@476b54d: updateSurface: mSurfaceCreated = true surfaceChanged = false visibleChanged = false
10-16 01:51:31.384 12113 12113 V SurfaceView@476b54d: Layout: x=0 y=-479 w=1080 h=525, frame=Rect(0, 0 - 1080, 525)
10-16 01:51:31.396 12113 12212 D SurfaceView@476b54d: updateSurfacePosition RenderWorker, frameNr = 711, position = [0, -479, 1080, 46] surfaceSize = 1080x525
10-16 01:51:31.396 12113 12212 I SurfaceView@476b54d: uSP: rtp = Rect(0, -479 - 1080, 46) rtsw = 1080 rtsh = 525
10-16 01:51:31.397 12113 12212 I SurfaceView@476b54d: onSSPAndSRT: pl = 0 pt = -479 sx = 1.0 sy = 1.0
10-16 01:51:31.397 12113 12212 I SurfaceView@476b54d: aOrMT: ViewRootImpl@97403c7[MainActivity] t = android.view.SurfaceControl$Transaction@a20ad06 fN = 711 android.view.SurfaceView.-$$Nest$mapplyOrMergeTransaction:0 android.view.SurfaceView$SurfaceViewPositionUpdateListener.positionChanged:1537 android.graphics.RenderNode$CompositePositionUpdateListener.positionChanged:373 
10-16 01:51:31.397 12113 12212 I ViewRootImpl@97403c7[MainActivity]: mWNT: t=0x7b32a46000 mBlastBufferQueue=0x7b5c186700 fn= 711 caller= android.view.SurfaceView.applyOrMergeTransaction:1455 android.view.SurfaceView.-$$Nest$mapplyOrMergeTransaction:0 android.view.SurfaceView$SurfaceViewPositionUpdateListener.positionChanged:1537 
10-16 01:51:31.397 12113 12212 I ViewRootImpl@97403c7[MainActivity]: mWNT: t=0x7ae5da8a00 mBlastBufferQueue=0x7b5c186700 fn= 711 caller= android.view.ViewRootImpl.lambda$applyTransactionOnDraw$11$android-view-ViewRootImpl:12865 android.view.ViewRootImpl$$ExternalSyntheticLambda1.onFrameDraw:4 android.graphics.HardwareRenderer$FrameDrawingCallback.onFrameDraw:924 
10-16 01:51:31.400 12113 12113 I SurfaceView@476b54d: Changes: creating=false format=false size=false visible=false alpha=false hint=false mUseAlpha=false visible=false left=false top=true
10-16 01:51:31.400 12113 12113 I SurfaceView@476b54d: 74888525 Cur surface: Surface(name=null)/@0x43a4e65
10-16 01:51:31.400 12113 12113 I SurfaceView@476b54d: applyTransactionOnVriDraw: vri = ViewRootImpl@97403c7[MainActivity] fRS = false t = 0x7ae5da8b00 android.view.SurfaceView.performSurfaceTransaction:959 android.view.SurfaceView.updateSurface:1105 android.view.SurfaceView.lambda$new$0$android-view-SurfaceView:200 
10-16 01:51:31.400 12113 12113 I ViewRootImpl@97403c7[MainActivity]: applyTransactionOnDraw: mRemoved = false isHardwareEnabled = true t = 0x7ae5da8b00android.view.SurfaceView.applyTransactionOnVriDraw:2048 android.view.SurfaceView.performSurfaceTransaction:959 android.view.SurfaceView.updateSurface:1105 android.view.SurfaceView.lambda$new$0$android-view-SurfaceView:200 android.view.SurfaceView$$ExternalSyntheticLambda5.onPreDraw:2 
10-16 01:51:31.400 12113 12113 I SurfaceView@476b54d: updateSurface: mVisible = true mSurface.isValid() = true
10-16 01:51:31.400 12113 12113 I SurfaceView@476b54d: updateSurface: mSurfaceCreated = true surfaceChanged = false visibleChanged = false
10-16 01:51:31.400 12113 12113 V SurfaceView@476b54d: Layout: x=0 y=-591 w=1080 h=525, frame=Rect(0, 0 - 1080, 525)
10-16 01:51:31.413 12113 12213 D SurfaceView@476b54d: updateSurfacePosition RenderWorker, frameNr = 712, position = [0, -591, 1080, -66] surfaceSize = 1080x525
10-16 01:51:31.413 12113 12213 I SurfaceView@476b54d: uSP: rtp = Rect(0, -591 - 1080, -66) rtsw = 1080 rtsh = 525
10-16 01:51:31.413 12113 12213 I SurfaceView@476b54d: onSSPAndSRT: pl = 0 pt = -591 sx = 1.0 sy = 1.0
10-16 01:51:31.413 12113 12213 I SurfaceView@476b54d: aOrMT: ViewRootImpl@97403c7[MainActivity] t = android.view.SurfaceControl$Transaction@a20ad06 fN = 712 android.view.SurfaceView.-$$Nest$mapplyOrMergeTransaction:0 android.view.SurfaceView$SurfaceViewPositionUpdateListener.positionChanged:1537 android.graphics.RenderNode$CompositePositionUpdateListener.positionChanged:373 
10-16 01:51:31.413 12113 12213 I ViewRootImpl@97403c7[MainActivity]: mWNT: t=0x7b32a46000 mBlastBufferQueue=0x7b5c186700 fn= 712 caller= android.view.SurfaceView.applyOrMergeTransaction:1455 android.view.SurfaceView.-$$Nest$mapplyOrMergeTransaction:0 android.view.SurfaceView$SurfaceViewPositionUpdateListener.positionChanged:1537 
10-16 01:51:31.414 12113 12213 I ViewRootImpl@97403c7[MainActivity]: mWNT: t=0x7ae5da8b00 mBlastBufferQueue=0x7b5c186700 fn= 712 caller= android.view.ViewRootImpl.lambda$applyTransactionOnDraw$11$android-view-ViewRootImpl:12865 android.view.ViewRootImpl$$ExternalSyntheticLambda1.onFrameDraw:4 android.graphics.HardwareRenderer$FrameDrawingCallback.onFrameDraw:924 
10-16 01:51:31.416 12113 12113 I SurfaceView@476b54d: Changes: creating=false format=false size=false visible=false alpha=false hint=false mUseAlpha=false visible=false left=false top=true
10-16 01:51:31.417 12113 12113 I SurfaceView@476b54d: 74888525 Cur surface: Surface(name=null)/@0x43a4e65
10-16 01:51:31.417 12113 12113 I SurfaceView@476b54d: applyTransactionOnVriDraw: vri = ViewRootImpl@97403c7[MainActivity] fRS = false t = 0x7ae5da8c00 android.view.SurfaceView.performSurfaceTransaction:959 android.view.SurfaceView.updateSurface:1105 android.view.SurfaceView.lambda$new$0$android-view-SurfaceView:200 
10-16 01:51:31.417 12113 12113 I ViewRootImpl@97403c7[MainActivity]: applyTransactionOnDraw: mRemoved = false isHardwareEnabled = true t = 0x7ae5da8c00android.view.SurfaceView.applyTransactionOnVriDraw:2048 android.view.SurfaceView.performSurfaceTransaction:959 android.view.SurfaceView.updateSurface:1105 android.view.SurfaceView.lambda$new$0$android-view-SurfaceView:200 android.view.SurfaceView$$ExternalSyntheticLambda5.onPreDraw:2 
10-16 01:51:31.417 12113 12113 I SurfaceView@476b54d: updateSurface: mVisible = true mSurface.isValid() = true
10-16 01:51:31.417 12113 12113 I SurfaceView@476b54d: updateSurface: mSurfaceCreated = true surfaceChanged = false visibleChanged = false
10-16 01:51:31.417 12113 12113 V SurfaceView@476b54d: Layout: x=0 y=-707 w=1080 h=525, frame=Rect(0, 0 - 1080, 525)
10-16 01:51:31.426 12113 12212 D SurfaceView@476b54d: updateSurfacePosition RenderWorker, frameNr = 713, position = [0, -707, 1080, -182] surfaceSize = 1080x525
10-16 01:51:31.426 12113 12212 I SurfaceView@476b54d: uSP: rtp = Rect(0, -707 - 1080, -182) rtsw = 1080 rtsh = 525
10-16 01:51:31.426 12113 12212 I SurfaceView@476b54d: onSSPAndSRT: pl = 0 pt = -707 sx = 1.0 sy = 1.0
10-16 01:51:31.426 12113 12212 I SurfaceView@476b54d: aOrMT: ViewRootImpl@97403c7[MainActivity] t = android.view.SurfaceControl$Transaction@a20ad06 fN = 713 android.view.SurfaceView.-$$Nest$mapplyOrMergeTransaction:0 android.view.SurfaceView$SurfaceViewPositionUpdateListener.positionChanged:1537 android.graphics.RenderNode$CompositePositionUpdateListener.positionChanged:373 
10-16 01:51:31.426 12113 12212 I ViewRootImpl@97403c7[MainActivity]: mWNT: t=0x7b32a46000 mBlastBufferQueue=0x7b5c186700 fn= 713 caller= android.view.SurfaceView.applyOrMergeTransaction:1455 android.view.SurfaceView.-$$Nest$mapplyOrMergeTransaction:0 android.view.SurfaceView$SurfaceViewPositionUpdateListener.positionChanged:1537 
10-16 01:51:31.426 12113 12212 I ViewRootImpl@97403c7[MainActivity]: mWNT: t=0x7ae5da8c00 mBlastBufferQueue=0x7b5c186700 fn= 713 caller= android.view.ViewRootImpl.lambda$applyTransactionOnDraw$11$android-view-ViewRootImpl:12865 android.view.ViewRootImpl$$ExternalSyntheticLambda1.onFrameDraw:4 android.graphics.HardwareRenderer$FrameDrawingCallback.onFrameDraw:924 
10-16 01:51:31.433 12113 12113 I SurfaceView@476b54d: Changes: creating=false format=false size=false visible=false alpha=false hint=false mUseAlpha=false visible=false left=false top=true
10-16 01:51:31.433 12113 12113 I SurfaceView@476b54d: 74888525 Cur surface: Surface(name=null)/@0x43a4e65
10-16 01:51:31.434 12113 12113 I SurfaceView@476b54d: applyTransactionOnVriDraw: vri = ViewRootImpl@97403c7[MainActivity] fRS = false t = 0x7b6a959500 android.view.SurfaceView.performSurfaceTransaction:959 android.view.SurfaceView.updateSurface:1105 android.view.SurfaceView.lambda$new$0$android-view-SurfaceView:200 
10-16 01:51:31.434 12113 12113 I ViewRootImpl@97403c7[MainActivity]: applyTransactionOnDraw: mRemoved = false isHardwareEnabled = true t = 0x7b6a959500android.view.SurfaceView.applyTransactionOnVriDraw:2048 android.view.SurfaceView.performSurfaceTransaction:959 android.view.SurfaceView.updateSurface:1105 android.view.SurfaceView.lambda$new$0$android-view-SurfaceView:200 android.view.SurfaceView$$ExternalSyntheticLambda5.onPreDraw:2 
10-16 01:51:31.434 12113 12113 I SurfaceView@476b54d: updateSurface: mVisible = true mSurface.isValid() = true
10-16 01:51:31.434 12113 12113 I SurfaceView@476b54d: updateSurface: mSurfaceCreated = true surfaceChanged = false visibleChanged = false
10-16 01:51:31.434 12113 12113 V SurfaceView@476b54d: Layout: x=0 y=-820 w=1080 h=525, frame=Rect(0, 0 - 1080, 525)
10-16 01:51:31.442 12113 12213 D SurfaceView@476b54d: updateSurfacePosition RenderWorker, frameNr = 714, position = [0, -820, 1080, -295] surfaceSize = 1080x525
10-16 01:51:31.443 12113 12213 I SurfaceView@476b54d: uSP: rtp = Rect(0, -820 - 1080, -295) rtsw = 1080 rtsh = 525
10-16 01:51:31.443 12113 12213 I SurfaceView@476b54d: onSSPAndSRT: pl = 0 pt = -820 sx = 1.0 sy = 1.0
10-16 01:51:31.443 12113 12213 I SurfaceView@476b54d: aOrMT: ViewRootImpl@97403c7[MainActivity] t = android.view.SurfaceControl$Transaction@a20ad06 fN = 714 android.view.SurfaceView.-$$Nest$mapplyOrMergeTransaction:0 android.view.SurfaceView$SurfaceViewPositionUpdateListener.positionChanged:1537 android.graphics.RenderNode$CompositePositionUpdateListener.positionChanged:373 
10-16 01:51:31.443 12113 12213 I ViewRootImpl@97403c7[MainActivity]: mWNT: t=0x7b32a46000 mBlastBufferQueue=0x7b5c186700 fn= 714 caller= android.view.SurfaceView.applyOrMergeTransaction:1455 android.view.SurfaceView.-$$Nest$mapplyOrMergeTransaction:0 android.view.SurfaceView$SurfaceViewPositionUpdateListener.positionChanged:1537 
10-16 01:51:31.443 12113 12213 I ViewRootImpl@97403c7[MainActivity]: mWNT: t=0x7b6a959500 mBlastBufferQueue=0x7b5c186700 fn= 714 caller= android.view.ViewRootImpl.lambda$applyTransactionOnDraw$11$android-view-ViewRootImpl:12865 android.view.ViewRootImpl$$ExternalSyntheticLambda1.onFrameDraw:4 android.graphics.HardwareRenderer$FrameDrawingCallback.onFrameDraw:924 
10-16 01:51:31.451 12113 12113 I SurfaceView@476b54d: Changes: creating=false format=false size=false visible=false alpha=false hint=false mUseAlpha=false visible=false left=false top=true
10-16 01:51:31.451 12113 12113 I SurfaceView@476b54d: 74888525 Cur surface: Surface(name=null)/@0x43a4e65
10-16 01:51:31.451 12113 12113 I SurfaceView@476b54d: applyTransactionOnVriDraw: vri = ViewRootImpl@97403c7[MainActivity] fRS = false t = 0x7ae5da8d00 android.view.SurfaceView.performSurfaceTransaction:959 android.view.SurfaceView.updateSurface:1105 android.view.SurfaceView.lambda$new$0$android-view-SurfaceView:200 
10-16 01:51:31.452 12113 12113 I ViewRootImpl@97403c7[MainActivity]: applyTransactionOnDraw: mRemoved = false isHardwareEnabled = true t = 0x7ae5da8d00android.view.SurfaceView.applyTransactionOnVriDraw:2048 android.view.SurfaceView.performSurfaceTransaction:959 android.view.SurfaceView.updateSurface:1105 android.view.SurfaceView.lambda$new$0$android-view-SurfaceView:200 android.view.SurfaceView$$ExternalSyntheticLambda5.onPreDraw:2 
10-16 01:51:31.452 12113 12113 I SurfaceView@476b54d: updateSurface: mVisible = true mSurface.isValid() = true
10-16 01:51:31.452 12113 12113 I SurfaceView@476b54d: updateSurface: mSurfaceCreated = true surfaceChanged = false visibleChanged = false
10-16 01:51:31.452 12113 12113 V SurfaceView@476b54d: Layout: x=0 y=-923 w=1080 h=525, frame=Rect(0, 0 - 1080, 525)
10-16 01:51:31.460 12113 12212 D SurfaceView@476b54d: updateSurfacePosition RenderWorker, frameNr = 715, position = [0, -923, 1080, -398] surfaceSize = 1080x525
10-16 01:51:31.460 12113 12212 I SurfaceView@476b54d: uSP: rtp = Rect(0, -923 - 1080, -398) rtsw = 1080 rtsh = 525
10-16 01:51:31.460 12113 12212 I SurfaceView@476b54d: onSSPAndSRT: pl = 0 pt = -923 sx = 1.0 sy = 1.0
10-16 01:51:31.461 12113 12212 I SurfaceView@476b54d: aOrMT: ViewRootImpl@97403c7[MainActivity] t = android.view.SurfaceControl$Transaction@a20ad06 fN = 715 android.view.SurfaceView.-$$Nest$mapplyOrMergeTransaction:0 android.view.SurfaceView$SurfaceViewPositionUpdateListener.positionChanged:1537 android.graphics.RenderNode$CompositePositionUpdateListener.positionChanged:373 
10-16 01:51:31.461 12113 12212 I ViewRootImpl@97403c7[MainActivity]: mWNT: t=0x7b32a46000 mBlastBufferQueue=0x7b5c186700 fn= 715 caller= android.view.SurfaceView.applyOrMergeTransaction:1455 android.view.SurfaceView.-$$Nest$mapplyOrMergeTransaction:0 android.view.SurfaceView$SurfaceViewPositionUpdateListener.positionChanged:1537 
10-16 01:51:31.461 12113 12212 I ViewRootImpl@97403c7[MainActivity]: mWNT: t=0x7ae5da8d00 mBlastBufferQueue=0x7b5c186700 fn= 715 caller= android.view.ViewRootImpl.lambda$applyTransactionOnDraw$11$android-view-ViewRootImpl:12865 android.view.ViewRootImpl$$ExternalSyntheticLambda1.onFrameDraw:4 android.graphics.HardwareRenderer$FrameDrawingCallback.onFrameDraw:924 
10-16 01:51:31.467 12113 12113 I SurfaceView@476b54d: Changes: creating=false format=false size=false visible=false alpha=false hint=false mUseAlpha=false visible=false left=false top=true
10-16 01:51:31.467 12113 12113 I SurfaceView@476b54d: 74888525 Cur surface: Surface(name=null)/@0x43a4e65
10-16 01:51:31.467 12113 12113 I SurfaceView@476b54d: applyTransactionOnVriDraw: vri = ViewRootImpl@97403c7[MainActivity] fRS = false t = 0x7ae5da8e00 android.view.SurfaceView.performSurfaceTransaction:959 android.view.SurfaceView.updateSurface:1105 android.view.SurfaceView.lambda$new$0$android-view-SurfaceView:200 
10-16 01:51:31.467 12113 12113 I ViewRootImpl@97403c7[MainActivity]: applyTransactionOnDraw: mRemoved = false isHardwareEnabled = true t = 0x7ae5da8e00android.view.SurfaceView.applyTransactionOnVriDraw:2048 android.view.SurfaceView.performSurfaceTransaction:959 android.view.SurfaceView.updateSurface:1105 android.view.SurfaceView.lambda$new$0$android-view-SurfaceView:200 android.view.SurfaceView$$ExternalSyntheticLambda5.onPreDraw:2 
10-16 01:51:31.467 12113 12113 I SurfaceView@476b54d: updateSurface: mVisible = true mSurface.isValid() = true
10-16 01:51:31.467 12113 12113 I SurfaceView@476b54d: updateSurface: mSurfaceCreated = true surfaceChanged = false visibleChanged = false
10-16 01:51:31.468 12113 12113 V SurfaceView@476b54d: Layout: x=0 y=-1029 w=1080 h=525, frame=Rect(0, 0 - 1080, 525)
10-16 01:51:31.476 12113 12213 D SurfaceView@476b54d: updateSurfacePosition RenderWorker, frameNr = 716, position = [0, -1029, 1080, -504] surfaceSize = 1080x525
10-16 01:51:31.476 12113 12213 I SurfaceView@476b54d: uSP: rtp = Rect(0, -1029 - 1080, -504) rtsw = 1080 rtsh = 525
10-16 01:51:31.476 12113 12213 I SurfaceView@476b54d: onSSPAndSRT: pl = 0 pt = -1029 sx = 1.0 sy = 1.0
10-16 01:51:31.476 12113 12213 I SurfaceView@476b54d: aOrMT: ViewRootImpl@97403c7[MainActivity] t = android.view.SurfaceControl$Transaction@a20ad06 fN = 716 android.view.SurfaceView.-$$Nest$mapplyOrMergeTransaction:0 android.view.SurfaceView$SurfaceViewPositionUpdateListener.positionChanged:1537 android.graphics.RenderNode$CompositePositionUpdateListener.positionChanged:373 
10-16 01:51:31.477 12113 12213 I ViewRootImpl@97403c7[MainActivity]: mWNT: t=0x7b32a46000 mBlastBufferQueue=0x7b5c186700 fn= 716 caller= android.view.SurfaceView.applyOrMergeTransaction:1455 android.view.SurfaceView.-$$Nest$mapplyOrMergeTransaction:0 android.view.SurfaceView$SurfaceViewPositionUpdateListener.positionChanged:1537 
10-16 01:51:31.477 12113 12213 I ViewRootImpl@97403c7[MainActivity]: mWNT: t=0x7ae5da8e00 mBlastBufferQueue=0x7b5c186700 fn= 716 caller= android.view.ViewRootImpl.lambda$applyTransactionOnDraw$11$android-view-ViewRootImpl:12865 android.view.ViewRootImpl$$ExternalSyntheticLambda1.onFrameDraw:4 android.graphics.HardwareRenderer$FrameDrawingCallback.onFrameDraw:924 
10-16 01:51:31.484 12113 12113 I SurfaceView@476b54d: Changes: creating=false format=false size=false visible=false alpha=false hint=false mUseAlpha=false visible=false left=false top=true
10-16 01:51:31.484 12113 12113 I SurfaceView@476b54d: 74888525 Cur surface: Surface(name=null)/@0x43a4e65
10-16 01:51:31.485 12113 12113 I SurfaceView@476b54d: applyTransactionOnVriDraw: vri = ViewRootImpl@97403c7[MainActivity] fRS = false t = 0x7ae5da8f00 android.view.SurfaceView.performSurfaceTransaction:959 android.view.SurfaceView.updateSurface:1105 android.view.SurfaceView.lambda$new$0$android-view-SurfaceView:200 
10-16 01:51:31.485 12113 12113 I ViewRootImpl@97403c7[MainActivity]: applyTransactionOnDraw: mRemoved = false isHardwareEnabled = true t = 0x7ae5da8f00android.view.SurfaceView.applyTransactionOnVriDraw:2048 android.view.SurfaceView.performSurfaceTransaction:959 android.view.SurfaceView.updateSurface:1105 android.view.SurfaceView.lambda$new$0$android-view-SurfaceView:200 android.view.SurfaceView$$ExternalSyntheticLambda5.onPreDraw:2 
10-16 01:51:31.485 12113 12113 I SurfaceView@476b54d: updateSurface: mVisible = true mSurface.isValid() = true
10-16 01:51:31.485 12113 12113 I SurfaceView@476b54d: updateSurface: mSurfaceCreated = true surfaceChanged = false visibleChanged = false
10-16 01:51:31.485 12113 12113 V SurfaceView@476b54d: Layout: x=0 y=-1131 w=1080 h=525, frame=Rect(0, 0 - 1080, 525)
10-16 01:51:31.494 12113 12212 D SurfaceView@476b54d: updateSurfacePosition RenderWorker, frameNr = 717, position = [0, -1131, 1080, -606] surfaceSize = 1080x525
10-16 01:51:31.494 12113 12212 I SurfaceView@476b54d: uSP: rtp = Rect(0, -1131 - 1080, -606) rtsw = 1080 rtsh = 525
10-16 01:51:31.494 12113 12212 I SurfaceView@476b54d: onSSPAndSRT: pl = 0 pt = -1131 sx = 1.0 sy = 1.0
10-16 01:51:31.494 12113 12212 I SurfaceView@476b54d: aOrMT: ViewRootImpl@97403c7[MainActivity] t = android.view.SurfaceControl$Transaction@a20ad06 fN = 717 android.view.SurfaceView.-$$Nest$mapplyOrMergeTransaction:0 android.view.SurfaceView$SurfaceViewPositionUpdateListener.positionChanged:1537 android.graphics.RenderNode$CompositePositionUpdateListener.positionChanged:373 
10-16 01:51:31.494 12113 12212 I ViewRootImpl@97403c7[MainActivity]: mWNT: t=0x7b32a46000 mBlastBufferQueue=0x7b5c186700 fn= 717 caller= android.view.SurfaceView.applyOrMergeTransaction:1455 android.view.SurfaceView.-$$Nest$mapplyOrMergeTransaction:0 android.view.SurfaceView$SurfaceViewPositionUpdateListener.positionChanged:1537 
10-16 01:51:31.494 12113 12212 I ViewRootImpl@97403c7[MainActivity]: mWNT: t=0x7ae5da8f00 mBlastBufferQueue=0x7b5c186700 fn= 717 caller= android.view.ViewRootImpl.lambda$applyTransactionOnDraw$11$android-view-ViewRootImpl:12865 android.view.ViewRootImpl$$ExternalSyntheticLambda1.onFrameDraw:4 android.graphics.HardwareRenderer$FrameDrawingCallback.onFrameDraw:924 
10-16 01:51:31.500 12113 12113 I SurfaceView@476b54d: Changes: creating=false format=false size=false visible=false alpha=false hint=false mUseAlpha=false visible=false left=false top=true
10-16 01:51:31.500 12113 12113 I SurfaceView@476b54d: 74888525 Cur surface: Surface(name=null)/@0x43a4e65
10-16 01:51:31.500 12113 12113 I SurfaceView@476b54d: applyTransactionOnVriDraw: vri = ViewRootImpl@97403c7[MainActivity] fRS = false t = 0x7b32d87000 android.view.SurfaceView.performSurfaceTransaction:959 android.view.SurfaceView.updateSurface:1105 android.view.SurfaceView.lambda$new$0$android-view-SurfaceView:200 
10-16 01:51:31.500 12113 12113 I ViewRootImpl@97403c7[MainActivity]: applyTransactionOnDraw: mRemoved = false isHardwareEnabled = true t = 0x7b32d87000android.view.SurfaceView.applyTransactionOnVriDraw:2048 android.view.SurfaceView.performSurfaceTransaction:959 android.view.SurfaceView.updateSurface:1105 android.view.SurfaceView.lambda$new$0$android-view-SurfaceView:200 android.view.SurfaceView$$ExternalSyntheticLambda5.onPreDraw:2 
10-16 01:51:31.500 12113 12113 I SurfaceView@476b54d: updateSurface: mVisible = true mSurface.isValid() = true
10-16 01:51:31.500 12113 12113 I SurfaceView@476b54d: updateSurface: mSurfaceCreated = true surfaceChanged = false visibleChanged = false
10-16 01:51:31.500 12113 12113 V SurfaceView@476b54d: Layout: x=0 y=-1225 w=1080 h=525, frame=Rect(0, 0 - 1080, 525)
10-16 01:51:31.509 12113 12213 D SurfaceView@476b54d: updateSurfacePosition RenderWorker, frameNr = 718, position = [0, -1225, 1080, -700] surfaceSize = 1080x525
10-16 01:51:31.509 12113 12213 I SurfaceView@476b54d: uSP: rtp = Rect(0, -1225 - 1080, -700) rtsw = 1080 rtsh = 525
10-16 01:51:31.509 12113 12213 I SurfaceView@476b54d: onSSPAndSRT: pl = 0 pt = -1225 sx = 1.0 sy = 1.0
10-16 01:51:31.509 12113 12213 I SurfaceView@476b54d: aOrMT: ViewRootImpl@97403c7[MainActivity] t = android.view.SurfaceControl$Transaction@a20ad06 fN = 718 android.view.SurfaceView.-$$Nest$mapplyOrMergeTransaction:0 android.view.SurfaceView$SurfaceViewPositionUpdateListener.positionChanged:1537 android.graphics.RenderNode$CompositePositionUpdateListener.positionChanged:373 
10-16 01:51:31.509 12113 12213 I ViewRootImpl@97403c7[MainActivity]: mWNT: t=0x7b32a46000 mBlastBufferQueue=0x7b5c186700 fn= 718 caller= android.view.SurfaceView.applyOrMergeTransaction:1455 android.view.SurfaceView.-$$Nest$mapplyOrMergeTransaction:0 android.view.SurfaceView$SurfaceViewPositionUpdateListener.positionChanged:1537 
10-16 01:51:31.510 12113 12213 I ViewRootImpl@97403c7[MainActivity]: mWNT: t=0x7b32d87000 mBlastBufferQueue=0x7b5c186700 fn= 718 caller= android.view.ViewRootImpl.lambda$applyTransactionOnDraw$11$android-view-ViewRootImpl:12865 android.view.ViewRootImpl$$ExternalSyntheticLambda1.onFrameDraw:4 android.graphics.HardwareRenderer$FrameDrawingCallback.onFrameDraw:924 
10-16 01:51:31.517 12113 12113 I SurfaceView@476b54d: Changes: creating=false format=false size=false visible=false alpha=false hint=false mUseAlpha=false visible=false left=false top=true
10-16 01:51:31.517 12113 12113 I SurfaceView@476b54d: 74888525 Cur surface: Surface(name=null)/@0x43a4e65
10-16 01:51:31.517 12113 12113 I SurfaceView@476b54d: applyTransactionOnVriDraw: vri = ViewRootImpl@97403c7[MainActivity] fRS = false t = 0x7b32d87100 android.view.SurfaceView.performSurfaceTransaction:959 android.view.SurfaceView.updateSurface:1105 android.view.SurfaceView.lambda$new$0$android-view-SurfaceView:200 
10-16 01:51:31.517 12113 12113 I ViewRootImpl@97403c7[MainActivity]: applyTransactionOnDraw: mRemoved = false isHardwareEnabled = true t = 0x7b32d87100android.view.SurfaceView.applyTransactionOnVriDraw:2048 android.view.SurfaceView.performSurfaceTransaction:959 android.view.SurfaceView.updateSurface:1105 android.view.SurfaceView.lambda$new$0$android-view-SurfaceView:200 android.view.SurfaceView$$ExternalSyntheticLambda5.onPreDraw:2 
10-16 01:51:31.517 12113 12113 I SurfaceView@476b54d: updateSurface: mVisible = true mSurface.isValid() = true
10-16 01:51:31.517 12113 12113 I SurfaceView@476b54d: updateSurface: mSurfaceCreated = true surfaceChanged = false visibleChanged = false
10-16 01:51:31.517 12113 12113 V SurfaceView@476b54d: Layout: x=0 y=-1320 w=1080 h=525, frame=Rect(0, 0 - 1080, 525)
10-16 01:51:31.529 12113 12212 D SurfaceView@476b54d: updateSurfacePosition RenderWorker, frameNr = 719, position = [0, -1320, 1080, -795] surfaceSize = 1080x525
10-16 01:51:31.529 12113 12212 I SurfaceView@476b54d: uSP: rtp = Rect(0, -1320 - 1080, -795) rtsw = 1080 rtsh = 525
10-16 01:51:31.529 12113 12212 I SurfaceView@476b54d: onSSPAndSRT: pl = 0 pt = -1320 sx = 1.0 sy = 1.0
10-16 01:51:31.530 12113 12212 I SurfaceView@476b54d: aOrMT: ViewRootImpl@97403c7[MainActivity] t = android.view.SurfaceControl$Transaction@a20ad06 fN = 719 android.view.SurfaceView.-$$Nest$mapplyOrMergeTransaction:0 android.view.SurfaceView$SurfaceViewPositionUpdateListener.positionChanged:1537 android.graphics.RenderNode$CompositePositionUpdateListener.positionChanged:373 
10-16 01:51:31.530 12113 12212 I ViewRootImpl@97403c7[MainActivity]: mWNT: t=0x7b32a46000 mBlastBufferQueue=0x7b5c186700 fn= 719 caller= android.view.SurfaceView.applyOrMergeTransaction:1455 android.view.SurfaceView.-$$Nest$mapplyOrMergeTransaction:0 android.view.SurfaceView$SurfaceViewPositionUpdateListener.positionChanged:1537 
10-16 01:51:31.530 12113 12212 I ViewRootImpl@97403c7[MainActivity]: mWNT: t=0x7b32d87100 mBlastBufferQueue=0x7b5c186700 fn= 719 caller= android.view.ViewRootImpl.lambda$applyTransactionOnDraw$11$android-view-ViewRootImpl:12865 android.view.ViewRootImpl$$ExternalSyntheticLambda1.onFrameDraw:4 android.graphics.HardwareRenderer$FrameDrawingCallback.onFrameDraw:924 
10-16 01:51:31.534 12113 12113 I SurfaceView@476b54d: Changes: creating=false format=false size=false visible=false alpha=false hint=false mUseAlpha=false visible=false left=false top=true
10-16 01:51:31.534 12113 12113 I SurfaceView@476b54d: 74888525 Cur surface: Surface(name=null)/@0x43a4e65
10-16 01:51:31.535 12113 12113 I SurfaceView@476b54d: applyTransactionOnVriDraw: vri = ViewRootImpl@97403c7[MainActivity] fRS = false t = 0x7b32d87200 android.view.SurfaceView.performSurfaceTransaction:959 android.view.SurfaceView.updateSurface:1105 android.view.SurfaceView.lambda$new$0$android-view-SurfaceView:200 
10-16 01:51:31.535 12113 12113 I ViewRootImpl@97403c7[MainActivity]: applyTransactionOnDraw: mRemoved = false isHardwareEnabled = true t = 0x7b32d87200android.view.SurfaceView.applyTransactionOnVriDraw:2048 android.view.SurfaceView.performSurfaceTransaction:959 android.view.SurfaceView.updateSurface:1105 android.view.SurfaceView.lambda$new$0$android-view-SurfaceView:200 android.view.SurfaceView$$ExternalSyntheticLambda5.onPreDraw:2 
10-16 01:51:31.535 12113 12113 I SurfaceView@476b54d: updateSurface: mVisible = true mSurface.isValid() = true
10-16 01:51:31.535 12113 12113 I SurfaceView@476b54d: updateSurface: mSurfaceCreated = true surfaceChanged = false visibleChanged = false
10-16 01:51:31.535 12113 12113 V SurfaceView@476b54d: Layout: x=0 y=-1412 w=1080 h=525, frame=Rect(0, 0 - 1080, 525)
10-16 01:51:31.545 12113 12213 D SurfaceView@476b54d: updateSurfacePosition RenderWorker, frameNr = 720, position = [0, -1412, 1080, -887] surfaceSize = 1080x525
10-16 01:51:31.545 12113 12213 I SurfaceView@476b54d: uSP: rtp = Rect(0, -1412 - 1080, -887) rtsw = 1080 rtsh = 525
10-16 01:51:31.545 12113 12213 I SurfaceView@476b54d: onSSPAndSRT: pl = 0 pt = -1412 sx = 1.0 sy = 1.0
10-16 01:51:31.546 12113 12213 I SurfaceView@476b54d: aOrMT: ViewRootImpl@97403c7[MainActivity] t = android.view.SurfaceControl$Transaction@a20ad06 fN = 720 android.view.SurfaceView.-$$Nest$mapplyOrMergeTransaction:0 android.view.SurfaceView$SurfaceViewPositionUpdateListener.positionChanged:1537 android.graphics.RenderNode$CompositePositionUpdateListener.positionChanged:373 
10-16 01:51:31.546 12113 12213 I ViewRootImpl@97403c7[MainActivity]: mWNT: t=0x7b32a46000 mBlastBufferQueue=0x7b5c186700 fn= 720 caller= android.view.SurfaceView.applyOrMergeTransaction:1455 android.view.SurfaceView.-$$Nest$mapplyOrMergeTransaction:0 android.view.SurfaceView$SurfaceViewPositionUpdateListener.positionChanged:1537 
10-16 01:51:31.546 12113 12213 I ViewRootImpl@97403c7[MainActivity]: mWNT: t=0x7b32d87200 mBlastBufferQueue=0x7b5c186700 fn= 720 caller= android.view.ViewRootImpl.lambda$applyTransactionOnDraw$11$android-view-ViewRootImpl:12865 android.view.ViewRootImpl$$ExternalSyntheticLambda1.onFrameDraw:4 android.graphics.HardwareRenderer$FrameDrawingCallback.onFrameDraw:924 
10-16 01:51:31.550 12113 12113 I SurfaceView@476b54d: Changes: creating=false format=false size=false visible=false alpha=false hint=false mUseAlpha=false visible=false left=false top=true
10-16 01:51:31.551 12113 12113 I SurfaceView@476b54d: 74888525 Cur surface: Surface(name=null)/@0x43a4e65
10-16 01:51:31.551 12113 12113 I SurfaceView@476b54d: applyTransactionOnVriDraw: vri = ViewRootImpl@97403c7[MainActivity] fRS = false t = 0x7b32d87300 android.view.SurfaceView.performSurfaceTransaction:959 android.view.SurfaceView.updateSurface:1105 android.view.SurfaceView.lambda$new$0$android-view-SurfaceView:200 
10-16 01:51:31.551 12113 12113 I ViewRootImpl@97403c7[MainActivity]: applyTransactionOnDraw: mRemoved = false isHardwareEnabled = true t = 0x7b32d87300android.view.SurfaceView.applyTransactionOnVriDraw:2048 android.view.SurfaceView.performSurfaceTransaction:959 android.view.SurfaceView.updateSurface:1105 android.view.SurfaceView.lambda$new$0$android-view-SurfaceView:200 android.view.SurfaceView$$ExternalSyntheticLambda5.onPreDraw:2 
10-16 01:51:31.552 12113 12113 I SurfaceView@476b54d: updateSurface: mVisible = true mSurface.isValid() = true
10-16 01:51:31.552 12113 12113 I SurfaceView@476b54d: updateSurface: mSurfaceCreated = true surfaceChanged = false visibleChanged = false
10-16 01:51:31.552 12113 12113 V SurfaceView@476b54d: Layout: x=0 y=-1495 w=1080 h=525, frame=Rect(0, 0 - 1080, 525)
10-16 01:51:31.560 12113 12212 D SurfaceView@476b54d: updateSurfacePosition RenderWorker, frameNr = 721, position = [0, -1495, 1080, -970] surfaceSize = 1080x525
10-16 01:51:31.560 12113 12212 I SurfaceView@476b54d: uSP: rtp = Rect(0, -1495 - 1080, -970) rtsw = 1080 rtsh = 525
10-16 01:51:31.560 12113 12212 I SurfaceView@476b54d: onSSPAndSRT: pl = 0 pt = -1495 sx = 1.0 sy = 1.0
10-16 01:51:31.561 12113 12212 I SurfaceView@476b54d: aOrMT: ViewRootImpl@97403c7[MainActivity] t = android.view.SurfaceControl$Transaction@a20ad06 fN = 721 android.view.SurfaceView.-$$Nest$mapplyOrMergeTransaction:0 android.view.SurfaceView$SurfaceViewPositionUpdateListener.positionChanged:1537 android.graphics.RenderNode$CompositePositionUpdateListener.positionChanged:373 
10-16 01:51:31.561 12113 12212 I ViewRootImpl@97403c7[MainActivity]: mWNT: t=0x7b32a46000 mBlastBufferQueue=0x7b5c186700 fn= 721 caller= android.view.SurfaceView.applyOrMergeTransaction:1455 android.view.SurfaceView.-$$Nest$mapplyOrMergeTransaction:0 android.view.SurfaceView$SurfaceViewPositionUpdateListener.positionChanged:1537 
10-16 01:51:31.561 12113 12212 I ViewRootImpl@97403c7[MainActivity]: mWNT: t=0x7b32d87300 mBlastBufferQueue=0x7b5c186700 fn= 721 caller= android.view.ViewRootImpl.lambda$applyTransactionOnDraw$11$android-view-ViewRootImpl:12865 android.view.ViewRootImpl$$ExternalSyntheticLambda1.onFrameDraw:4 android.graphics.HardwareRenderer$FrameDrawingCallback.onFrameDraw:924 
10-16 01:51:31.567 12113 12113 I SurfaceView@476b54d: Changes: creating=false format=false size=false visible=false alpha=false hint=false mUseAlpha=false visible=false left=false top=true
10-16 01:51:31.567 12113 12113 I SurfaceView@476b54d: 74888525 Cur surface: Surface(name=null)/@0x43a4e65
10-16 01:51:31.568 12113 12113 I SurfaceView@476b54d: applyTransactionOnVriDraw: vri = ViewRootImpl@97403c7[MainActivity] fRS = false t = 0x7b32d87500 android.view.SurfaceView.performSurfaceTransaction:959 android.view.SurfaceView.updateSurface:1105 android.view.SurfaceView.lambda$new$0$android-view-SurfaceView:200 
10-16 01:51:31.568 12113 12113 I ViewRootImpl@97403c7[MainActivity]: applyTransactionOnDraw: mRemoved = false isHardwareEnabled = true t = 0x7b32d87500android.view.SurfaceView.applyTransactionOnVriDraw:2048 android.view.SurfaceView.performSurfaceTransaction:959 android.view.SurfaceView.updateSurface:1105 android.view.SurfaceView.lambda$new$0$android-view-SurfaceView:200 android.view.SurfaceView$$ExternalSyntheticLambda5.onPreDraw:2 
10-16 01:51:31.568 12113 12113 I SurfaceView@476b54d: updateSurface: mVisible = true mSurface.isValid() = true
10-16 01:51:31.568 12113 12113 I SurfaceView@476b54d: updateSurface: mSurfaceCreated = true surfaceChanged = false visibleChanged = false
10-16 01:51:31.568 12113 12113 V SurfaceView@476b54d: Layout: x=0 y=-1579 w=1080 h=525, frame=Rect(0, 0 - 1080, 525)
10-16 01:51:31.576 12113 12213 D SurfaceView@476b54d: updateSurfacePosition RenderWorker, frameNr = 722, position = [0, -1579, 1080, -1054] surfaceSize = 1080x525
10-16 01:51:31.577 12113 12213 I SurfaceView@476b54d: uSP: rtp = Rect(0, -1579 - 1080, -1054) rtsw = 1080 rtsh = 525
10-16 01:51:31.577 12113 12213 I SurfaceView@476b54d: onSSPAndSRT: pl = 0 pt = -1579 sx = 1.0 sy = 1.0
10-16 01:51:31.577 12113 12213 I SurfaceView@476b54d: aOrMT: ViewRootImpl@97403c7[MainActivity] t = android.view.SurfaceControl$Transaction@a20ad06 fN = 722 android.view.SurfaceView.-$$Nest$mapplyOrMergeTransaction:0 android.view.SurfaceView$SurfaceViewPositionUpdateListener.positionChanged:1537 android.graphics.RenderNode$CompositePositionUpdateListener.positionChanged:373 
10-16 01:51:31.577 12113 12213 I ViewRootImpl@97403c7[MainActivity]: mWNT: t=0x7b32a46000 mBlastBufferQueue=0x7b5c186700 fn= 722 caller= android.view.SurfaceView.applyOrMergeTransaction:1455 android.view.SurfaceView.-$$Nest$mapplyOrMergeTransaction:0 android.view.SurfaceView$SurfaceViewPositionUpdateListener.positionChanged:1537 
10-16 01:51:31.577 12113 12213 I ViewRootImpl@97403c7[MainActivity]: mWNT: t=0x7b32d87500 mBlastBufferQueue=0x7b5c186700 fn= 722 caller= android.view.ViewRootImpl.lambda$applyTransactionOnDraw$11$android-view-ViewRootImpl:12865 android.view.ViewRootImpl$$ExternalSyntheticLambda1.onFrameDraw:4 android.graphics.HardwareRenderer$FrameDrawingCallback.onFrameDraw:924 
10-16 01:51:31.584 12113 12113 I SurfaceView@476b54d: Changes: creating=false format=false size=false visible=false alpha=false hint=false mUseAlpha=false visible=false left=false top=true
10-16 01:51:31.584 12113 12113 I SurfaceView@476b54d: 74888525 Cur surface: Surface(name=null)/@0x43a4e65
10-16 01:51:31.584 12113 12113 I SurfaceView@476b54d: applyTransactionOnVriDraw: vri = ViewRootImpl@97403c7[MainActivity] fRS = false t = 0x7b32d87600 android.view.SurfaceView.performSurfaceTransaction:959 android.view.SurfaceView.updateSurface:1105 android.view.SurfaceView.lambda$new$0$android-view-SurfaceView:200 
10-16 01:51:31.585 12113 12113 I ViewRootImpl@97403c7[MainActivity]: applyTransactionOnDraw: mRemoved = false isHardwareEnabled = true t = 0x7b32d87600android.view.SurfaceView.applyTransactionOnVriDraw:2048 android.view.SurfaceView.performSurfaceTransaction:959 android.view.SurfaceView.updateSurface:1105 android.view.SurfaceView.lambda$new$0$android-view-SurfaceView:200 android.view.SurfaceView$$ExternalSyntheticLambda5.onPreDraw:2 
10-16 01:51:31.585 12113 12113 I SurfaceView@476b54d: updateSurface: mVisible = true mSurface.isValid() = true
10-16 01:51:31.585 12113 12113 I SurfaceView@476b54d: updateSurface: mSurfaceCreated = true surfaceChanged = false visibleChanged = false
10-16 01:51:31.585 12113 12113 V SurfaceView@476b54d: Layout: x=0 y=-1661 w=1080 h=525, frame=Rect(0, 0 - 1080, 525)
10-16 01:51:31.593 12113 12212 D SurfaceView@476b54d: updateSurfacePosition RenderWorker, frameNr = 723, position = [0, -1661, 1080, -1136] surfaceSize = 1080x525
10-16 01:51:31.593 12113 12212 I SurfaceView@476b54d: uSP: rtp = Rect(0, -1661 - 1080, -1136) rtsw = 1080 rtsh = 525
10-16 01:51:31.593 12113 12212 I SurfaceView@476b54d: onSSPAndSRT: pl = 0 pt = -1661 sx = 1.0 sy = 1.0
10-16 01:51:31.594 12113 12212 I SurfaceView@476b54d: aOrMT: ViewRootImpl@97403c7[MainActivity] t = android.view.SurfaceControl$Transaction@a20ad06 fN = 723 android.view.SurfaceView.-$$Nest$mapplyOrMergeTransaction:0 android.view.SurfaceView$SurfaceViewPositionUpdateListener.positionChanged:1537 android.graphics.RenderNode$CompositePositionUpdateListener.positionChanged:373 
10-16 01:51:31.594 12113 12212 I ViewRootImpl@97403c7[MainActivity]: mWNT: t=0x7b32a46000 mBlastBufferQueue=0x7b5c186700 fn= 723 caller= android.view.SurfaceView.applyOrMergeTransaction:1455 android.view.SurfaceView.-$$Nest$mapplyOrMergeTransaction:0 android.view.SurfaceView$SurfaceViewPositionUpdateListener.positionChanged:1537 
10-16 01:51:31.594 12113 12212 I ViewRootImpl@97403c7[MainActivity]: mWNT: t=0x7b32d87600 mBlastBufferQueue=0x7b5c186700 fn= 723 caller= android.view.ViewRootImpl.lambda$applyTransactionOnDraw$11$android-view-ViewRootImpl:12865 android.view.ViewRootImpl$$ExternalSyntheticLambda1.onFrameDraw:4 android.graphics.HardwareRenderer$FrameDrawingCallback.onFrameDraw:924 
10-16 01:51:31.600 12113 12113 I SurfaceView@476b54d: Changes: creating=false format=false size=false visible=false alpha=false hint=false mUseAlpha=false visible=false left=false top=true
10-16 01:51:31.600 12113 12113 I SurfaceView@476b54d: 74888525 Cur surface: Surface(name=null)/@0x43a4e65
10-16 01:51:31.601 12113 12113 I SurfaceView@476b54d: applyTransactionOnVriDraw: vri = ViewRootImpl@97403c7[MainActivity] fRS = false t = 0x7b32d87800 android.view.SurfaceView.performSurfaceTransaction:959 android.view.SurfaceView.updateSurface:1105 android.view.SurfaceView.lambda$new$0$android-view-SurfaceView:200 
10-16 01:51:31.601 12113 12113 I ViewRootImpl@97403c7[MainActivity]: applyTransactionOnDraw: mRemoved = false isHardwareEnabled = true t = 0x7b32d87800android.view.SurfaceView.applyTransactionOnVriDraw:2048 android.view.SurfaceView.performSurfaceTransaction:959 android.view.SurfaceView.updateSurface:1105 android.view.SurfaceView.lambda$new$0$android-view-SurfaceView:200 android.view.SurfaceView$$ExternalSyntheticLambda5.onPreDraw:2 
10-16 01:51:31.601 12113 12113 I SurfaceView@476b54d: updateSurface: mVisible = true mSurface.isValid() = true
10-16 01:51:31.601 12113 12113 I SurfaceView@476b54d: updateSurface: mSurfaceCreated = true surfaceChanged = false visibleChanged = false
10-16 01:51:31.601 12113 12113 V SurfaceView@476b54d: Layout: x=0 y=-1735 w=1080 h=525, frame=Rect(0, 0 - 1080, 525)
10-16 01:51:31.613 12113 12213 D SurfaceView@476b54d: updateSurfacePosition RenderWorker, frameNr = 724, position = [0, -1735, 1080, -1210] surfaceSize = 1080x525
10-16 01:51:31.613 12113 12213 I SurfaceView@476b54d: uSP: rtp = Rect(0, -1735 - 1080, -1210) rtsw = 1080 rtsh = 525
10-16 01:51:31.613 12113 12213 I SurfaceView@476b54d: onSSPAndSRT: pl = 0 pt = -1735 sx = 1.0 sy = 1.0
10-16 01:51:31.614 12113 12213 I SurfaceView@476b54d: aOrMT: ViewRootImpl@97403c7[MainActivity] t = android.view.SurfaceControl$Transaction@a20ad06 fN = 724 android.view.SurfaceView.-$$Nest$mapplyOrMergeTransaction:0 android.view.SurfaceView$SurfaceViewPositionUpdateListener.positionChanged:1537 android.graphics.RenderNode$CompositePositionUpdateListener.positionChanged:373 
10-16 01:51:31.614 12113 12213 I ViewRootImpl@97403c7[MainActivity]: mWNT: t=0x7b32a46000 mBlastBufferQueue=0x7b5c186700 fn= 724 caller= android.view.SurfaceView.applyOrMergeTransaction:1455 android.view.SurfaceView.-$$Nest$mapplyOrMergeTransaction:0 android.view.SurfaceView$SurfaceViewPositionUpdateListener.positionChanged:1537 
10-16 01:51:31.614 12113 12213 I ViewRootImpl@97403c7[MainActivity]: mWNT: t=0x7b32d87800 mBlastBufferQueue=0x7b5c186700 fn= 724 caller= android.view.ViewRootImpl.lambda$applyTransactionOnDraw$11$android-view-ViewRootImpl:12865 android.view.ViewRootImpl$$ExternalSyntheticLambda1.onFrameDraw:4 android.graphics.HardwareRenderer$FrameDrawingCallback.onFrameDraw:924 
10-16 01:51:31.617 12113 12113 I SurfaceView@476b54d: Changes: creating=false format=false size=false visible=false alpha=false hint=false mUseAlpha=false visible=false left=false top=true
10-16 01:51:31.617 12113 12113 I SurfaceView@476b54d: 74888525 Cur surface: Surface(name=null)/@0x43a4e65
10-16 01:51:31.618 12113 12113 I SurfaceView@476b54d: applyTransactionOnVriDraw: vri = ViewRootImpl@97403c7[MainActivity] fRS = false t = 0x7b32d87900 android.view.SurfaceView.performSurfaceTransaction:959 android.view.SurfaceView.updateSurface:1105 android.view.SurfaceView.lambda$new$0$android-view-SurfaceView:200 
