10-16 02:17:49.989 20102 20186 I ViewRootImpl@3fa491a[MainActivity]: mWNT: t=0x7ae1ac3100 mBlastBufferQueue=0x7b47120e00 fn= 673 caller= android.view.SurfaceView.applyOrMergeTransaction:1455 android.view.SurfaceView.-$$Nest$mapplyOrMergeTransaction:0 android.view.SurfaceView$SurfaceViewPositionUpdateListener.positionChanged:1537 
10-16 02:17:49.989 20102 20186 I ViewRootImpl@3fa491a[MainActivity]: mWNT: t=0x7bed84d700 mBlastBufferQueue=0x7b47120e00 fn= 673 caller= android.view.ViewRootImpl.lambda$applyTransactionOnDraw$11$android-view-ViewRootImpl:12865 android.view.ViewRootImpl$$ExternalSyntheticLambda1.onFrameDraw:4 android.graphics.HardwareRenderer$FrameDrawingCallback.onFrameDraw:924 
10-16 02:17:49.990 20102 20102 I ViewRootImpl@3fa491a[MainActivity]: ViewPostIme pointer 1
10-16 02:17:49.996 20102 20102 I SurfaceView@eea14f1: Changes: creating=false format=false size=false visible=false alpha=false hint=false mUseAlpha=false visible=false left=false top=true
10-16 02:17:49.996 20102 20102 I SurfaceView@eea14f1: 250221809 Cur surface: Surface(name=null)/@0x9130f56
10-16 02:17:49.996 20102 20102 I SurfaceView@eea14f1: applyTransactionOnVriDraw: vri = ViewRootImpl@3fa491a[MainActivity] fRS = false t = 0x7bed84d800 android.view.SurfaceView.performSurfaceTransaction:959 android.view.SurfaceView.updateSurface:1105 android.view.SurfaceView.lambda$new$0$android-view-SurfaceView:200 
10-16 02:17:49.997 20102 20102 I ViewRootImpl@3fa491a[MainActivity]: applyTransactionOnDraw: mRemoved = false isHardwareEnabled = true t = 0x7bed84d800android.view.SurfaceView.applyTransactionOnVriDraw:2048 android.view.SurfaceView.performSurfaceTransaction:959 android.view.SurfaceView.updateSurface:1105 android.view.SurfaceView.lambda$new$0$android-view-SurfaceView:200 android.view.SurfaceView$$ExternalSyntheticLambda5.onPreDraw:2 
10-16 02:17:49.997 20102 20102 I SurfaceView@eea14f1: updateSurface: mVisible = true mSurface.isValid() = true
10-16 02:17:49.997 20102 20102 I SurfaceView@eea14f1: updateSurface: mSurfaceCreated = true surfaceChanged = false visibleChanged = false
10-16 02:17:49.997 20102 20102 V SurfaceView@eea14f1: Layout: x=0 y=-129 w=1080 h=525, frame=Rect(0, 0 - 1080, 525)
10-16 02:17:50.002 20102 20185 D SurfaceView@eea14f1: updateSurfacePosition RenderWorker, frameNr = 674, position = [0, -129, 1080, 396] surfaceSize = 1080x525
10-16 02:17:50.002 20102 20185 I SurfaceView@eea14f1: uSP: rtp = Rect(0, -129 - 1080, 396) rtsw = 1080 rtsh = 525
10-16 02:17:50.002 20102 20185 I SurfaceView@eea14f1: onSSPAndSRT: pl = 0 pt = -129 sx = 1.0 sy = 1.0
10-16 02:17:50.002 20102 20185 I SurfaceView@eea14f1: aOrMT: ViewRootImpl@3fa491a[MainActivity] t = android.view.SurfaceControl$Transaction@a9b6e73 fN = 674 android.view.SurfaceView.-$$Nest$mapplyOrMergeTransaction:0 android.view.SurfaceView$SurfaceViewPositionUpdateListener.positionChanged:1537 android.graphics.RenderNode$CompositePositionUpdateListener.positionChanged:373 
10-16 02:17:50.003 20102 20185 I ViewRootImpl@3fa491a[MainActivity]: mWNT: t=0x7ae1ac3100 mBlastBufferQueue=0x7b47120e00 fn= 674 caller= android.view.SurfaceView.applyOrMergeTransaction:1455 android.view.SurfaceView.-$$Nest$mapplyOrMergeTransaction:0 android.view.SurfaceView$SurfaceViewPositionUpdateListener.positionChanged:1537 
10-16 02:17:50.003 20102 20185 I ViewRootImpl@3fa491a[MainActivity]: mWNT: t=0x7bed84d800 mBlastBufferQueue=0x7b47120e00 fn= 674 caller= android.view.ViewRootImpl.lambda$applyTransactionOnDraw$11$android-view-ViewRootImpl:12865 android.view.ViewRootImpl$$ExternalSyntheticLambda1.onFrameDraw:4 android.graphics.HardwareRenderer$FrameDrawingCallback.onFrameDraw:924 
10-16 02:17:50.011 20102 20102 I SurfaceView@eea14f1: Changes: creating=false format=false size=false visible=false alpha=false hint=false mUseAlpha=false visible=false left=false top=true
10-16 02:17:50.012 20102 20102 I SurfaceView@eea14f1: 250221809 Cur surface: Surface(name=null)/@0x9130f56
10-16 02:17:50.012 20102 20102 I SurfaceView@eea14f1: applyTransactionOnVriDraw: vri = ViewRootImpl@3fa491a[MainActivity] fRS = false t = 0x7bed84d900 android.view.SurfaceView.performSurfaceTransaction:959 android.view.SurfaceView.updateSurface:1105 android.view.SurfaceView.lambda$new$0$android-view-SurfaceView:200 
10-16 02:17:50.012 20102 20102 I ViewRootImpl@3fa491a[MainActivity]: applyTransactionOnDraw: mRemoved = false isHardwareEnabled = true t = 0x7bed84d900android.view.SurfaceView.applyTransactionOnVriDraw:2048 android.view.SurfaceView.performSurfaceTransaction:959 android.view.SurfaceView.updateSurface:1105 android.view.SurfaceView.lambda$new$0$android-view-SurfaceView:200 android.view.SurfaceView$$ExternalSyntheticLambda5.onPreDraw:2 
10-16 02:17:50.012 20102 20102 I SurfaceView@eea14f1: updateSurface: mVisible = true mSurface.isValid() = true
10-16 02:17:50.013 20102 20102 I SurfaceView@eea14f1: updateSurface: mSurfaceCreated = true surfaceChanged = false visibleChanged = false
10-16 02:17:50.013 20102 20102 V SurfaceView@eea14f1: Layout: x=0 y=-202 w=1080 h=525, frame=Rect(0, 0 - 1080, 525)
10-16 02:17:50.017 20102 20186 I ViewRootImpl@3fa491a[MainActivity]: mWNT: t=0x7bed84d900 mBlastBufferQueue=0x7b47120e00 fn= 675 caller= android.view.ViewRootImpl.lambda$applyTransactionOnDraw$11$android-view-ViewRootImpl:12865 android.view.ViewRootImpl$$ExternalSyntheticLambda1.onFrameDraw:4 android.graphics.HardwareRenderer$FrameDrawingCallback.onFrameDraw:924 
10-16 02:17:50.028 20102 20102 I SurfaceView@eea14f1: Changes: creating=false format=false size=false visible=false alpha=false hint=false mUseAlpha=false visible=false left=false top=true
10-16 02:17:50.028 20102 20102 I SurfaceView@eea14f1: 250221809 Cur surface: Surface(name=null)/@0x9130f56
10-16 02:17:50.028 20102 20102 I SurfaceView@eea14f1: applyTransactionOnVriDraw: vri = ViewRootImpl@3fa491a[MainActivity] fRS = false t = 0x7bed84da00 android.view.SurfaceView.performSurfaceTransaction:959 android.view.SurfaceView.updateSurface:1105 android.view.SurfaceView.lambda$new$0$android-view-SurfaceView:200 
10-16 02:17:50.028 20102 20102 I ViewRootImpl@3fa491a[MainActivity]: applyTransactionOnDraw: mRemoved = false isHardwareEnabled = true t = 0x7bed84da00android.view.SurfaceView.applyTransactionOnVriDraw:2048 android.view.SurfaceView.performSurfaceTransaction:959 android.view.SurfaceView.updateSurface:1105 android.view.SurfaceView.lambda$new$0$android-view-SurfaceView:200 android.view.SurfaceView$$ExternalSyntheticLambda5.onPreDraw:2 
10-16 02:17:50.029 20102 20102 I SurfaceView@eea14f1: updateSurface: mVisible = true mSurface.isValid() = true
10-16 02:17:50.029 20102 20102 I SurfaceView@eea14f1: updateSurface: mSurfaceCreated = true surfaceChanged = false visibleChanged = false
10-16 02:17:50.029 20102 20102 V SurfaceView@eea14f1: Layout: x=0 y=-312 w=1080 h=525, frame=Rect(0, 0 - 1080, 525)
10-16 02:17:50.032 20102 20185 D SurfaceView@eea14f1: updateSurfacePosition RenderWorker, frameNr = 676, position = [0, -312, 1080, 213] surfaceSize = 1080x525
10-16 02:17:50.033 20102 20185 I SurfaceView@eea14f1: uSP: rtp = Rect(0, -312 - 1080, 213) rtsw = 1080 rtsh = 525
10-16 02:17:50.033 20102 20185 I SurfaceView@eea14f1: onSSPAndSRT: pl = 0 pt = -312 sx = 1.0 sy = 1.0
10-16 02:17:50.033 20102 20185 I SurfaceView@eea14f1: aOrMT: ViewRootImpl@3fa491a[MainActivity] t = android.view.SurfaceControl$Transaction@a9b6e73 fN = 676 android.view.SurfaceView.-$$Nest$mapplyOrMergeTransaction:0 android.view.SurfaceView$SurfaceViewPositionUpdateListener.positionChanged:1537 android.graphics.RenderNode$CompositePositionUpdateListener.positionChanged:373 
10-16 02:17:50.033 20102 20185 I ViewRootImpl@3fa491a[MainActivity]: mWNT: t=0x7ae1ac3100 mBlastBufferQueue=0x7b47120e00 fn= 676 caller= android.view.SurfaceView.applyOrMergeTransaction:1455 android.view.SurfaceView.-$$Nest$mapplyOrMergeTransaction:0 android.view.SurfaceView$SurfaceViewPositionUpdateListener.positionChanged:1537 
10-16 02:17:50.033 20102 20185 I ViewRootImpl@3fa491a[MainActivity]: mWNT: t=0x7bed84da00 mBlastBufferQueue=0x7b47120e00 fn= 676 caller= android.view.ViewRootImpl.lambda$applyTransactionOnDraw$11$android-view-ViewRootImpl:12865 android.view.ViewRootImpl$$ExternalSyntheticLambda1.onFrameDraw:4 android.graphics.HardwareRenderer$FrameDrawingCallback.onFrameDraw:924 
10-16 02:17:50.044 20102 20102 I SurfaceView@eea14f1: Changes: creating=false format=false size=false visible=false alpha=false hint=false mUseAlpha=false visible=false left=false top=true
10-16 02:17:50.044 20102 20102 I SurfaceView@eea14f1: 250221809 Cur surface: Surface(name=null)/@0x9130f56
10-16 02:17:50.045 20102 20102 I SurfaceView@eea14f1: applyTransactionOnVriDraw: vri = ViewRootImpl@3fa491a[MainActivity] fRS = false t = 0x7bed84de00 android.view.SurfaceView.performSurfaceTransaction:959 android.view.SurfaceView.updateSurface:1105 android.view.SurfaceView.lambda$new$0$android-view-SurfaceView:200 
10-16 02:17:50.045 20102 20102 I ViewRootImpl@3fa491a[MainActivity]: applyTransactionOnDraw: mRemoved = false isHardwareEnabled = true t = 0x7bed84de00android.view.SurfaceView.applyTransactionOnVriDraw:2048 android.view.SurfaceView.performSurfaceTransaction:959 android.view.SurfaceView.updateSurface:1105 android.view.SurfaceView.lambda$new$0$android-view-SurfaceView:200 android.view.SurfaceView$$ExternalSyntheticLambda5.onPreDraw:2 
10-16 02:17:50.045 20102 20102 I SurfaceView@eea14f1: updateSurface: mVisible = true mSurface.isValid() = true
10-16 02:17:50.045 20102 20102 I SurfaceView@eea14f1: updateSurface: mSurfaceCreated = true surfaceChanged = false visibleChanged = false
10-16 02:17:50.045 20102 20102 V SurfaceView@eea14f1: Layout: x=0 y=-439 w=1080 h=525, frame=Rect(0, 0 - 1080, 525)
10-16 02:17:50.049 20102 20186 D SurfaceView@eea14f1: updateSurfacePosition RenderWorker, frameNr = 677, position = [0, -439, 1080, 86] surfaceSize = 1080x525
10-16 02:17:50.050 20102 20186 I SurfaceView@eea14f1: uSP: rtp = Rect(0, -439 - 1080, 86) rtsw = 1080 rtsh = 525
10-16 02:17:50.050 20102 20186 I SurfaceView@eea14f1: onSSPAndSRT: pl = 0 pt = -439 sx = 1.0 sy = 1.0
10-16 02:17:50.050 20102 20186 I SurfaceView@eea14f1: aOrMT: ViewRootImpl@3fa491a[MainActivity] t = android.view.SurfaceControl$Transaction@a9b6e73 fN = 677 android.view.SurfaceView.-$$Nest$mapplyOrMergeTransaction:0 android.view.SurfaceView$SurfaceViewPositionUpdateListener.positionChanged:1537 android.graphics.RenderNode$CompositePositionUpdateListener.positionChanged:373 
10-16 02:17:50.050 20102 20186 I ViewRootImpl@3fa491a[MainActivity]: mWNT: t=0x7ae1ac3100 mBlastBufferQueue=0x7b47120e00 fn= 677 caller= android.view.SurfaceView.applyOrMergeTransaction:1455 android.view.SurfaceView.-$$Nest$mapplyOrMergeTransaction:0 android.view.SurfaceView$SurfaceViewPositionUpdateListener.positionChanged:1537 
10-16 02:17:50.050 20102 20186 I ViewRootImpl@3fa491a[MainActivity]: mWNT: t=0x7bed84de00 mBlastBufferQueue=0x7b47120e00 fn= 677 caller= android.view.ViewRootImpl.lambda$applyTransactionOnDraw$11$android-view-ViewRootImpl:12865 android.view.ViewRootImpl$$ExternalSyntheticLambda1.onFrameDraw:4 android.graphics.HardwareRenderer$FrameDrawingCallback.onFrameDraw:924 
10-16 02:17:50.061 20102 20102 I SurfaceView@eea14f1: Changes: creating=false format=false size=false visible=false alpha=false hint=false mUseAlpha=false visible=false left=false top=true
10-16 02:17:50.061 20102 20102 I SurfaceView@eea14f1: 250221809 Cur surface: Surface(name=null)/@0x9130f56
10-16 02:17:50.062 20102 20102 I SurfaceView@eea14f1: applyTransactionOnVriDraw: vri = ViewRootImpl@3fa491a[MainActivity] fRS = false t = 0x7bed84df00 android.view.SurfaceView.performSurfaceTransaction:959 android.view.SurfaceView.updateSurface:1105 android.view.SurfaceView.lambda$new$0$android-view-SurfaceView:200 
10-16 02:17:50.062 20102 20102 I ViewRootImpl@3fa491a[MainActivity]: applyTransactionOnDraw: mRemoved = false isHardwareEnabled = true t = 0x7bed84df00android.view.SurfaceView.applyTransactionOnVriDraw:2048 android.view.SurfaceView.performSurfaceTransaction:959 android.view.SurfaceView.updateSurface:1105 android.view.SurfaceView.lambda$new$0$android-view-SurfaceView:200 android.view.SurfaceView$$ExternalSyntheticLambda5.onPreDraw:2 
10-16 02:17:50.062 20102 20102 I SurfaceView@eea14f1: updateSurface: mVisible = true mSurface.isValid() = true
10-16 02:17:50.062 20102 20102 I SurfaceView@eea14f1: updateSurface: mSurfaceCreated = true surfaceChanged = false visibleChanged = false
10-16 02:17:50.063 20102 20102 V SurfaceView@eea14f1: Layout: x=0 y=-584 w=1080 h=525, frame=Rect(0, 0 - 1080, 525)
10-16 02:17:50.067 20102 20185 D SurfaceView@eea14f1: updateSurfacePosition RenderWorker, frameNr = 678, position = [0, -584, 1080, -59] surfaceSize = 1080x525
10-16 02:17:50.067 20102 20185 I SurfaceView@eea14f1: uSP: rtp = Rect(0, -584 - 1080, -59) rtsw = 1080 rtsh = 525
10-16 02:17:50.067 20102 20185 I SurfaceView@eea14f1: onSSPAndSRT: pl = 0 pt = -584 sx = 1.0 sy = 1.0
10-16 02:17:50.067 20102 20185 I SurfaceView@eea14f1: aOrMT: ViewRootImpl@3fa491a[MainActivity] t = android.view.SurfaceControl$Transaction@a9b6e73 fN = 678 android.view.SurfaceView.-$$Nest$mapplyOrMergeTransaction:0 android.view.SurfaceView$SurfaceViewPositionUpdateListener.positionChanged:1537 android.graphics.RenderNode$CompositePositionUpdateListener.positionChanged:373 
10-16 02:17:50.067 20102 20185 I ViewRootImpl@3fa491a[MainActivity]: mWNT: t=0x7ae1ac3100 mBlastBufferQueue=0x7b47120e00 fn= 678 caller= android.view.SurfaceView.applyOrMergeTransaction:1455 android.view.SurfaceView.-$$Nest$mapplyOrMergeTransaction:0 android.view.SurfaceView$SurfaceViewPositionUpdateListener.positionChanged:1537 
10-16 02:17:50.068 20102 20185 I ViewRootImpl@3fa491a[MainActivity]: mWNT: t=0x7bed84df00 mBlastBufferQueue=0x7b47120e00 fn= 678 caller= android.view.ViewRootImpl.lambda$applyTransactionOnDraw$11$android-view-ViewRootImpl:12865 android.view.ViewRootImpl$$ExternalSyntheticLambda1.onFrameDraw:4 android.graphics.HardwareRenderer$FrameDrawingCallback.onFrameDraw:924 
10-16 02:17:50.077 20102 20102 I SurfaceView@eea14f1: Changes: creating=false format=false size=false visible=false alpha=false hint=false mUseAlpha=false visible=false left=false top=true
10-16 02:17:50.077 20102 20102 I SurfaceView@eea14f1: 250221809 Cur surface: Surface(name=null)/@0x9130f56
10-16 02:17:50.077 20102 20102 I SurfaceView@eea14f1: applyTransactionOnVriDraw: vri = ViewRootImpl@3fa491a[MainActivity] fRS = false t = 0x7bed8b2200 android.view.SurfaceView.performSurfaceTransaction:959 android.view.SurfaceView.updateSurface:1105 android.view.SurfaceView.lambda$new$0$android-view-SurfaceView:200 
10-16 02:17:50.077 20102 20102 I ViewRootImpl@3fa491a[MainActivity]: applyTransactionOnDraw: mRemoved = false isHardwareEnabled = true t = 0x7bed8b2200android.view.SurfaceView.applyTransactionOnVriDraw:2048 android.view.SurfaceView.performSurfaceTransaction:959 android.view.SurfaceView.updateSurface:1105 android.view.SurfaceView.lambda$new$0$android-view-SurfaceView:200 android.view.SurfaceView$$ExternalSyntheticLambda5.onPreDraw:2 
10-16 02:17:50.077 20102 20102 I SurfaceView@eea14f1: updateSurface: mVisible = true mSurface.isValid() = true
10-16 02:17:50.077 20102 20102 I SurfaceView@eea14f1: updateSurface: mSurfaceCreated = true surfaceChanged = false visibleChanged = false
10-16 02:17:50.078 20102 20102 V SurfaceView@eea14f1: Layout: x=0 y=-727 w=1080 h=525, frame=Rect(0, 0 - 1080, 525)
10-16 02:17:50.080 20102 20186 D SurfaceView@eea14f1: updateSurfacePosition RenderWorker, frameNr = 679, position = [0, -727, 1080, -202] surfaceSize = 1080x525
10-16 02:17:50.081 20102 20186 I SurfaceView@eea14f1: uSP: rtp = Rect(0, -727 - 1080, -202) rtsw = 1080 rtsh = 525
10-16 02:17:50.081 20102 20186 I SurfaceView@eea14f1: onSSPAndSRT: pl = 0 pt = -727 sx = 1.0 sy = 1.0
10-16 02:17:50.081 20102 20186 I SurfaceView@eea14f1: aOrMT: ViewRootImpl@3fa491a[MainActivity] t = android.view.SurfaceControl$Transaction@a9b6e73 fN = 679 android.view.SurfaceView.-$$Nest$mapplyOrMergeTransaction:0 android.view.SurfaceView$SurfaceViewPositionUpdateListener.positionChanged:1537 android.graphics.RenderNode$CompositePositionUpdateListener.positionChanged:373 
10-16 02:17:50.081 20102 20186 I ViewRootImpl@3fa491a[MainActivity]: mWNT: t=0x7ae1ac3100 mBlastBufferQueue=0x7b47120e00 fn= 679 caller= android.view.SurfaceView.applyOrMergeTransaction:1455 android.view.SurfaceView.-$$Nest$mapplyOrMergeTransaction:0 android.view.SurfaceView$SurfaceViewPositionUpdateListener.positionChanged:1537 
10-16 02:17:50.081 20102 20186 I ViewRootImpl@3fa491a[MainActivity]: mWNT: t=0x7bed8b2200 mBlastBufferQueue=0x7b47120e00 fn= 679 caller= android.view.ViewRootImpl.lambda$applyTransactionOnDraw$11$android-view-ViewRootImpl:12865 android.view.ViewRootImpl$$ExternalSyntheticLambda1.onFrameDraw:4 android.graphics.HardwareRenderer$FrameDrawingCallback.onFrameDraw:924 
10-16 02:17:50.093 20102 20102 I SurfaceView@eea14f1: Changes: creating=false format=false size=false visible=false alpha=false hint=false mUseAlpha=false visible=false left=false top=true
10-16 02:17:50.093 20102 20102 I SurfaceView@eea14f1: 250221809 Cur surface: Surface(name=null)/@0x9130f56
10-16 02:17:50.094 20102 20102 I SurfaceView@eea14f1: applyTransactionOnVriDraw: vri = ViewRootImpl@3fa491a[MainActivity] fRS = false t = 0x7bed8b2400 android.view.SurfaceView.performSurfaceTransaction:959 android.view.SurfaceView.updateSurface:1105 android.view.SurfaceView.lambda$new$0$android-view-SurfaceView:200 
10-16 02:17:50.094 20102 20102 I ViewRootImpl@3fa491a[MainActivity]: applyTransactionOnDraw: mRemoved = false isHardwareEnabled = true t = 0x7bed8b2400android.view.SurfaceView.applyTransactionOnVriDraw:2048 android.view.SurfaceView.performSurfaceTransaction:959 android.view.SurfaceView.updateSurface:1105 android.view.SurfaceView.lambda$new$0$android-view-SurfaceView:200 android.view.SurfaceView$$ExternalSyntheticLambda5.onPreDraw:2 
10-16 02:17:50.094 20102 20102 I SurfaceView@eea14f1: updateSurface: mVisible = true mSurface.isValid() = true
10-16 02:17:50.094 20102 20102 I SurfaceView@eea14f1: updateSurface: mSurfaceCreated = true surfaceChanged = false visibleChanged = false
10-16 02:17:50.094 20102 20102 V SurfaceView@eea14f1: Layout: x=0 y=-867 w=1080 h=525, frame=Rect(0, 0 - 1080, 525)
10-16 02:17:50.097 20102 20185 D SurfaceView@eea14f1: updateSurfacePosition RenderWorker, frameNr = 680, position = [0, -867, 1080, -342] surfaceSize = 1080x525
10-16 02:17:50.097 20102 20185 I SurfaceView@eea14f1: uSP: rtp = Rect(0, -867 - 1080, -342) rtsw = 1080 rtsh = 525
10-16 02:17:50.097 20102 20185 I SurfaceView@eea14f1: onSSPAndSRT: pl = 0 pt = -867 sx = 1.0 sy = 1.0
10-16 02:17:50.097 20102 20185 I SurfaceView@eea14f1: aOrMT: ViewRootImpl@3fa491a[MainActivity] t = android.view.SurfaceControl$Transaction@a9b6e73 fN = 680 android.view.SurfaceView.-$$Nest$mapplyOrMergeTransaction:0 android.view.SurfaceView$SurfaceViewPositionUpdateListener.positionChanged:1537 android.graphics.RenderNode$CompositePositionUpdateListener.positionChanged:373 
10-16 02:17:50.097 20102 20185 I ViewRootImpl@3fa491a[MainActivity]: mWNT: t=0x7ae1ac3100 mBlastBufferQueue=0x7b47120e00 fn= 680 caller= android.view.SurfaceView.applyOrMergeTransaction:1455 android.view.SurfaceView.-$$Nest$mapplyOrMergeTransaction:0 android.view.SurfaceView$SurfaceViewPositionUpdateListener.positionChanged:1537 
10-16 02:17:50.098 20102 20185 I ViewRootImpl@3fa491a[MainActivity]: mWNT: t=0x7bed8b2400 mBlastBufferQueue=0x7b47120e00 fn= 680 caller= android.view.ViewRootImpl.lambda$applyTransactionOnDraw$11$android-view-ViewRootImpl:12865 android.view.ViewRootImpl$$ExternalSyntheticLambda1.onFrameDraw:4 android.graphics.HardwareRenderer$FrameDrawingCallback.onFrameDraw:924 
10-16 02:17:50.110 20102 20102 I SurfaceView@eea14f1: Changes: creating=false format=false size=false visible=false alpha=false hint=false mUseAlpha=false visible=false left=false top=true
10-16 02:17:50.110 20102 20102 I SurfaceView@eea14f1: 250221809 Cur surface: Surface(name=null)/@0x9130f56
10-16 02:17:50.110 20102 20102 I SurfaceView@eea14f1: applyTransactionOnVriDraw: vri = ViewRootImpl@3fa491a[MainActivity] fRS = false t = 0x7bed8b2500 android.view.SurfaceView.performSurfaceTransaction:959 android.view.SurfaceView.updateSurface:1105 android.view.SurfaceView.lambda$new$0$android-view-SurfaceView:200 
10-16 02:17:50.110 20102 20102 I ViewRootImpl@3fa491a[MainActivity]: applyTransactionOnDraw: mRemoved = false isHardwareEnabled = true t = 0x7bed8b2500android.view.SurfaceView.applyTransactionOnVriDraw:2048 android.view.SurfaceView.performSurfaceTransaction:959 android.view.SurfaceView.updateSurface:1105 android.view.SurfaceView.lambda$new$0$android-view-SurfaceView:200 android.view.SurfaceView$$ExternalSyntheticLambda5.onPreDraw:2 
10-16 02:17:50.110 20102 20102 I SurfaceView@eea14f1: updateSurface: mVisible = true mSurface.isValid() = true
10-16 02:17:50.110 20102 20102 I SurfaceView@eea14f1: updateSurface: mSurfaceCreated = true surfaceChanged = false visibleChanged = false
10-16 02:17:50.110 20102 20102 V SurfaceView@eea14f1: Layout: x=0 y=-1013 w=1080 h=525, frame=Rect(0, 0 - 1080, 525)
10-16 02:17:50.113 20102 20186 D SurfaceView@eea14f1: updateSurfacePosition RenderWorker, frameNr = 681, position = [0, -1013, 1080, -488] surfaceSize = 1080x525
10-16 02:17:50.113 20102 20186 I SurfaceView@eea14f1: uSP: rtp = Rect(0, -1013 - 1080, -488) rtsw = 1080 rtsh = 525
10-16 02:17:50.113 20102 20186 I SurfaceView@eea14f1: onSSPAndSRT: pl = 0 pt = -1013 sx = 1.0 sy = 1.0
10-16 02:17:50.114 20102 20186 I SurfaceView@eea14f1: aOrMT: ViewRootImpl@3fa491a[MainActivity] t = android.view.SurfaceControl$Transaction@a9b6e73 fN = 681 android.view.SurfaceView.-$$Nest$mapplyOrMergeTransaction:0 android.view.SurfaceView$SurfaceViewPositionUpdateListener.positionChanged:1537 android.graphics.RenderNode$CompositePositionUpdateListener.positionChanged:373 
10-16 02:17:50.114 20102 20186 I ViewRootImpl@3fa491a[MainActivity]: mWNT: t=0x7ae1ac3100 mBlastBufferQueue=0x7b47120e00 fn= 681 caller= android.view.SurfaceView.applyOrMergeTransaction:1455 android.view.SurfaceView.-$$Nest$mapplyOrMergeTransaction:0 android.view.SurfaceView$SurfaceViewPositionUpdateListener.positionChanged:1537 
10-16 02:17:50.114 20102 20186 I ViewRootImpl@3fa491a[MainActivity]: mWNT: t=0x7bed8b2500 mBlastBufferQueue=0x7b47120e00 fn= 681 caller= android.view.ViewRootImpl.lambda$applyTransactionOnDraw$11$android-view-ViewRootImpl:12865 android.view.ViewRootImpl$$ExternalSyntheticLambda1.onFrameDraw:4 android.graphics.HardwareRenderer$FrameDrawingCallback.onFrameDraw:924 
10-16 02:17:50.127 20102 20102 I SurfaceView@eea14f1: Changes: creating=false format=false size=false visible=false alpha=false hint=false mUseAlpha=false visible=false left=false top=true
10-16 02:17:50.127 20102 20102 I SurfaceView@eea14f1: 250221809 Cur surface: Surface(name=null)/@0x9130f56
10-16 02:17:50.127 20102 20102 I SurfaceView@eea14f1: applyTransactionOnVriDraw: vri = ViewRootImpl@3fa491a[MainActivity] fRS = false t = 0x7bed8b2600 android.view.SurfaceView.performSurfaceTransaction:959 android.view.SurfaceView.updateSurface:1105 android.view.SurfaceView.lambda$new$0$android-view-SurfaceView:200 
10-16 02:17:50.128 20102 20102 I ViewRootImpl@3fa491a[MainActivity]: applyTransactionOnDraw: mRemoved = false isHardwareEnabled = true t = 0x7bed8b2600android.view.SurfaceView.applyTransactionOnVriDraw:2048 android.view.SurfaceView.performSurfaceTransaction:959 android.view.SurfaceView.updateSurface:1105 android.view.SurfaceView.lambda$new$0$android-view-SurfaceView:200 android.view.SurfaceView$$ExternalSyntheticLambda5.onPreDraw:2 
10-16 02:17:50.128 20102 20102 I SurfaceView@eea14f1: updateSurface: mVisible = true mSurface.isValid() = true
10-16 02:17:50.128 20102 20102 I SurfaceView@eea14f1: updateSurface: mSurfaceCreated = true surfaceChanged = false visibleChanged = false
10-16 02:17:50.128 20102 20102 V SurfaceView@eea14f1: Layout: x=0 y=-1156 w=1080 h=525, frame=Rect(0, 0 - 1080, 525)
10-16 02:17:50.131 20102 20185 D SurfaceView@eea14f1: updateSurfacePosition RenderWorker, frameNr = 682, position = [0, -1156, 1080, -631] surfaceSize = 1080x525
10-16 02:17:50.131 20102 20185 I SurfaceView@eea14f1: uSP: rtp = Rect(0, -1156 - 1080, -631) rtsw = 1080 rtsh = 525
10-16 02:17:50.131 20102 20185 I SurfaceView@eea14f1: onSSPAndSRT: pl = 0 pt = -1156 sx = 1.0 sy = 1.0
10-16 02:17:50.131 20102 20185 I SurfaceView@eea14f1: aOrMT: ViewRootImpl@3fa491a[MainActivity] t = android.view.SurfaceControl$Transaction@a9b6e73 fN = 682 android.view.SurfaceView.-$$Nest$mapplyOrMergeTransaction:0 android.view.SurfaceView$SurfaceViewPositionUpdateListener.positionChanged:1537 android.graphics.RenderNode$CompositePositionUpdateListener.positionChanged:373 
10-16 02:17:50.131 20102 20185 I ViewRootImpl@3fa491a[MainActivity]: mWNT: t=0x7ae1ac3100 mBlastBufferQueue=0x7b47120e00 fn= 682 caller= android.view.SurfaceView.applyOrMergeTransaction:1455 android.view.SurfaceView.-$$Nest$mapplyOrMergeTransaction:0 android.view.SurfaceView$SurfaceViewPositionUpdateListener.positionChanged:1537 
10-16 02:17:50.132 20102 20185 I ViewRootImpl@3fa491a[MainActivity]: mWNT: t=0x7bed8b2600 mBlastBufferQueue=0x7b47120e00 fn= 682 caller= android.view.ViewRootImpl.lambda$applyTransactionOnDraw$11$android-view-ViewRootImpl:12865 android.view.ViewRootImpl$$ExternalSyntheticLambda1.onFrameDraw:4 android.graphics.HardwareRenderer$FrameDrawingCallback.onFrameDraw:924 
10-16 02:17:50.144 20102 20102 I SurfaceView@eea14f1: Changes: creating=false format=false size=false visible=false alpha=false hint=false mUseAlpha=false visible=false left=false top=true
10-16 02:17:50.144 20102 20102 I SurfaceView@eea14f1: 250221809 Cur surface: Surface(name=null)/@0x9130f56
10-16 02:17:50.145 20102 20102 I SurfaceView@eea14f1: applyTransactionOnVriDraw: vri = ViewRootImpl@3fa491a[MainActivity] fRS = false t = 0x7bdaa1b000 android.view.SurfaceView.performSurfaceTransaction:959 android.view.SurfaceView.updateSurface:1105 android.view.SurfaceView.lambda$new$0$android-view-SurfaceView:200 
10-16 02:17:50.145 20102 20102 I ViewRootImpl@3fa491a[MainActivity]: applyTransactionOnDraw: mRemoved = false isHardwareEnabled = true t = 0x7bdaa1b000android.view.SurfaceView.applyTransactionOnVriDraw:2048 android.view.SurfaceView.performSurfaceTransaction:959 android.view.SurfaceView.updateSurface:1105 android.view.SurfaceView.lambda$new$0$android-view-SurfaceView:200 android.view.SurfaceView$$ExternalSyntheticLambda5.onPreDraw:2 
10-16 02:17:50.145 20102 20102 I SurfaceView@eea14f1: updateSurface: mVisible = true mSurface.isValid() = true
10-16 02:17:50.145 20102 20102 I SurfaceView@eea14f1: updateSurface: mSurfaceCreated = true surfaceChanged = false visibleChanged = false
10-16 02:17:50.145 20102 20102 V SurfaceView@eea14f1: Layout: x=0 y=-1287 w=1080 h=525, frame=Rect(0, 0 - 1080, 525)
10-16 02:17:50.148 20102 20186 D SurfaceView@eea14f1: updateSurfacePosition RenderWorker, frameNr = 683, position = [0, -1287, 1080, -762] surfaceSize = 1080x525
10-16 02:17:50.148 20102 20186 I SurfaceView@eea14f1: uSP: rtp = Rect(0, -1287 - 1080, -762) rtsw = 1080 rtsh = 525
10-16 02:17:50.148 20102 20186 I SurfaceView@eea14f1: onSSPAndSRT: pl = 0 pt = -1287 sx = 1.0 sy = 1.0
10-16 02:17:50.148 20102 20186 I SurfaceView@eea14f1: aOrMT: ViewRootImpl@3fa491a[MainActivity] t = android.view.SurfaceControl$Transaction@a9b6e73 fN = 683 android.view.SurfaceView.-$$Nest$mapplyOrMergeTransaction:0 android.view.SurfaceView$SurfaceViewPositionUpdateListener.positionChanged:1537 android.graphics.RenderNode$CompositePositionUpdateListener.positionChanged:373 
10-16 02:17:50.149 20102 20186 I ViewRootImpl@3fa491a[MainActivity]: mWNT: t=0x7ae1ac3100 mBlastBufferQueue=0x7b47120e00 fn= 683 caller= android.view.SurfaceView.applyOrMergeTransaction:1455 android.view.SurfaceView.-$$Nest$mapplyOrMergeTransaction:0 android.view.SurfaceView$SurfaceViewPositionUpdateListener.positionChanged:1537 
10-16 02:17:50.149 20102 20186 I ViewRootImpl@3fa491a[MainActivity]: mWNT: t=0x7bdaa1b000 mBlastBufferQueue=0x7b47120e00 fn= 683 caller= android.view.ViewRootImpl.lambda$applyTransactionOnDraw$11$android-view-ViewRootImpl:12865 android.view.ViewRootImpl$$ExternalSyntheticLambda1.onFrameDraw:4 android.graphics.HardwareRenderer$FrameDrawingCallback.onFrameDraw:924 
10-16 02:17:50.161 20102 20102 I SurfaceView@eea14f1: Changes: creating=false format=false size=false visible=false alpha=false hint=false mUseAlpha=false visible=false left=false top=true
10-16 02:17:50.161 20102 20102 I SurfaceView@eea14f1: 250221809 Cur surface: Surface(name=null)/@0x9130f56
10-16 02:17:50.161 20102 20102 I SurfaceView@eea14f1: applyTransactionOnVriDraw: vri = ViewRootImpl@3fa491a[MainActivity] fRS = false t = 0x7bdaa1b200 android.view.SurfaceView.performSurfaceTransaction:959 android.view.SurfaceView.updateSurface:1105 android.view.SurfaceView.lambda$new$0$android-view-SurfaceView:200 
10-16 02:17:50.161 20102 20102 I ViewRootImpl@3fa491a[MainActivity]: applyTransactionOnDraw: mRemoved = false isHardwareEnabled = true t = 0x7bdaa1b200android.view.SurfaceView.applyTransactionOnVriDraw:2048 android.view.SurfaceView.performSurfaceTransaction:959 android.view.SurfaceView.updateSurface:1105 android.view.SurfaceView.lambda$new$0$android-view-SurfaceView:200 android.view.SurfaceView$$ExternalSyntheticLambda5.onPreDraw:2 
10-16 02:17:50.161 20102 20102 I SurfaceView@eea14f1: updateSurface: mVisible = true mSurface.isValid() = true
10-16 02:17:50.162 20102 20102 I SurfaceView@eea14f1: updateSurface: mSurfaceCreated = true surfaceChanged = false visibleChanged = false
10-16 02:17:50.162 20102 20102 V SurfaceView@eea14f1: Layout: x=0 y=-1422 w=1080 h=525, frame=Rect(0, 0 - 1080, 525)
10-16 02:17:50.165 20102 20185 D SurfaceView@eea14f1: updateSurfacePosition RenderWorker, frameNr = 684, position = [0, -1422, 1080, -897] surfaceSize = 1080x525
10-16 02:17:50.165 20102 20185 I SurfaceView@eea14f1: uSP: rtp = Rect(0, -1422 - 1080, -897) rtsw = 1080 rtsh = 525
10-16 02:17:50.165 20102 20185 I SurfaceView@eea14f1: onSSPAndSRT: pl = 0 pt = -1422 sx = 1.0 sy = 1.0
10-16 02:17:50.166 20102 20185 I SurfaceView@eea14f1: aOrMT: ViewRootImpl@3fa491a[MainActivity] t = android.view.SurfaceControl$Transaction@a9b6e73 fN = 684 android.view.SurfaceView.-$$Nest$mapplyOrMergeTransaction:0 android.view.SurfaceView$SurfaceViewPositionUpdateListener.positionChanged:1537 android.graphics.RenderNode$CompositePositionUpdateListener.positionChanged:373 
10-16 02:17:50.166 20102 20185 I ViewRootImpl@3fa491a[MainActivity]: mWNT: t=0x7ae1ac3100 mBlastBufferQueue=0x7b47120e00 fn= 684 caller= android.view.SurfaceView.applyOrMergeTransaction:1455 android.view.SurfaceView.-$$Nest$mapplyOrMergeTransaction:0 android.view.SurfaceView$SurfaceViewPositionUpdateListener.positionChanged:1537 
10-16 02:17:50.166 20102 20185 I ViewRootImpl@3fa491a[MainActivity]: mWNT: t=0x7bdaa1b200 mBlastBufferQueue=0x7b47120e00 fn= 684 caller= android.view.ViewRootImpl.lambda$applyTransactionOnDraw$11$android-view-ViewRootImpl:12865 android.view.ViewRootImpl$$ExternalSyntheticLambda1.onFrameDraw:4 android.graphics.HardwareRenderer$FrameDrawingCallback.onFrameDraw:924 
10-16 02:17:50.177 20102 20102 I SurfaceView@eea14f1: Changes: creating=false format=false size=false visible=false alpha=false hint=false mUseAlpha=false visible=false left=false top=true
10-16 02:17:50.178 20102 20102 I SurfaceView@eea14f1: 250221809 Cur surface: Surface(name=null)/@0x9130f56
10-16 02:17:50.178 20102 20102 I SurfaceView@eea14f1: applyTransactionOnVriDraw: vri = ViewRootImpl@3fa491a[MainActivity] fRS = false t = 0x7bdaa1b300 android.view.SurfaceView.performSurfaceTransaction:959 android.view.SurfaceView.updateSurface:1105 android.view.SurfaceView.lambda$new$0$android-view-SurfaceView:200 
10-16 02:17:50.178 20102 20102 I ViewRootImpl@3fa491a[MainActivity]: applyTransactionOnDraw: mRemoved = false isHardwareEnabled = true t = 0x7bdaa1b300android.view.SurfaceView.applyTransactionOnVriDraw:2048 android.view.SurfaceView.performSurfaceTransaction:959 android.view.SurfaceView.updateSurface:1105 android.view.SurfaceView.lambda$new$0$android-view-SurfaceView:200 android.view.SurfaceView$$ExternalSyntheticLambda5.onPreDraw:2 
10-16 02:17:50.178 20102 20102 I SurfaceView@eea14f1: updateSurface: mVisible = true mSurface.isValid() = true
10-16 02:17:50.178 20102 20102 I SurfaceView@eea14f1: updateSurface: mSurfaceCreated = true surfaceChanged = false visibleChanged = false
10-16 02:17:50.178 20102 20102 V SurfaceView@eea14f1: Layout: x=0 y=-1553 w=1080 h=525, frame=Rect(0, 0 - 1080, 525)
10-16 02:17:50.182 20102 20186 D SurfaceView@eea14f1: updateSurfacePosition RenderWorker, frameNr = 685, position = [0, -1553, 1080, -1028] surfaceSize = 1080x525
10-16 02:17:50.182 20102 20186 I SurfaceView@eea14f1: uSP: rtp = Rect(0, -1553 - 1080, -1028) rtsw = 1080 rtsh = 525
10-16 02:17:50.182 20102 20186 I SurfaceView@eea14f1: onSSPAndSRT: pl = 0 pt = -1553 sx = 1.0 sy = 1.0
10-16 02:17:50.183 20102 20186 I SurfaceView@eea14f1: aOrMT: ViewRootImpl@3fa491a[MainActivity] t = android.view.SurfaceControl$Transaction@a9b6e73 fN = 685 android.view.SurfaceView.-$$Nest$mapplyOrMergeTransaction:0 android.view.SurfaceView$SurfaceViewPositionUpdateListener.positionChanged:1537 android.graphics.RenderNode$CompositePositionUpdateListener.positionChanged:373 
10-16 02:17:50.183 20102 20186 I ViewRootImpl@3fa491a[MainActivity]: mWNT: t=0x7ae1ac3100 mBlastBufferQueue=0x7b47120e00 fn= 685 caller= android.view.SurfaceView.applyOrMergeTransaction:1455 android.view.SurfaceView.-$$Nest$mapplyOrMergeTransaction:0 android.view.SurfaceView$SurfaceViewPositionUpdateListener.positionChanged:1537 
10-16 02:17:50.183 20102 20186 I ViewRootImpl@3fa491a[MainActivity]: mWNT: t=0x7bdaa1b300 mBlastBufferQueue=0x7b47120e00 fn= 685 caller= android.view.ViewRootImpl.lambda$applyTransactionOnDraw$11$android-view-ViewRootImpl:12865 android.view.ViewRootImpl$$ExternalSyntheticLambda1.onFrameDraw:4 android.graphics.HardwareRenderer$FrameDrawingCallback.onFrameDraw:924 
10-16 02:17:50.194 20102 20102 I SurfaceView@eea14f1: Changes: creating=false format=false size=false visible=false alpha=false hint=false mUseAlpha=false visible=false left=false top=true
10-16 02:17:50.194 20102 20102 I SurfaceView@eea14f1: 250221809 Cur surface: Surface(name=null)/@0x9130f56
10-16 02:17:50.195 20102 20102 I SurfaceView@eea14f1: applyTransactionOnVriDraw: vri = ViewRootImpl@3fa491a[MainActivity] fRS = false t = 0x7bdaa1b400 android.view.SurfaceView.performSurfaceTransaction:959 android.view.SurfaceView.updateSurface:1105 android.view.SurfaceView.lambda$new$0$android-view-SurfaceView:200 
10-16 02:17:50.195 20102 20102 I ViewRootImpl@3fa491a[MainActivity]: applyTransactionOnDraw: mRemoved = false isHardwareEnabled = true t = 0x7bdaa1b400android.view.SurfaceView.applyTransactionOnVriDraw:2048 android.view.SurfaceView.performSurfaceTransaction:959 android.view.SurfaceView.updateSurface:1105 android.view.SurfaceView.lambda$new$0$android-view-SurfaceView:200 android.view.SurfaceView$$ExternalSyntheticLambda5.onPreDraw:2 
10-16 02:17:50.195 20102 20102 I SurfaceView@eea14f1: updateSurface: mVisible = true mSurface.isValid() = true
10-16 02:17:50.195 20102 20102 I SurfaceView@eea14f1: updateSurface: mSurfaceCreated = true surfaceChanged = false visibleChanged = false
10-16 02:17:50.195 20102 20102 V SurfaceView@eea14f1: Layout: x=0 y=-1672 w=1080 h=525, frame=Rect(0, 0 - 1080, 525)
10-16 02:17:50.199 20102 20185 D SurfaceView@eea14f1: updateSurfacePosition RenderWorker, frameNr = 686, position = [0, -1672, 1080, -1147] surfaceSize = 1080x525
10-16 02:17:50.199 20102 20185 I SurfaceView@eea14f1: uSP: rtp = Rect(0, -1672 - 1080, -1147) rtsw = 1080 rtsh = 525
10-16 02:17:50.199 20102 20185 I SurfaceView@eea14f1: onSSPAndSRT: pl = 0 pt = -1672 sx = 1.0 sy = 1.0
10-16 02:17:50.199 20102 20185 I SurfaceView@eea14f1: aOrMT: ViewRootImpl@3fa491a[MainActivity] t = android.view.SurfaceControl$Transaction@a9b6e73 fN = 686 android.view.SurfaceView.-$$Nest$mapplyOrMergeTransaction:0 android.view.SurfaceView$SurfaceViewPositionUpdateListener.positionChanged:1537 android.graphics.RenderNode$CompositePositionUpdateListener.positionChanged:373 
10-16 02:17:50.199 20102 20185 I ViewRootImpl@3fa491a[MainActivity]: mWNT: t=0x7ae1ac3100 mBlastBufferQueue=0x7b47120e00 fn= 686 caller= android.view.SurfaceView.applyOrMergeTransaction:1455 android.view.SurfaceView.-$$Nest$mapplyOrMergeTransaction:0 android.view.SurfaceView$SurfaceViewPositionUpdateListener.positionChanged:1537 
10-16 02:17:50.200 20102 20185 I ViewRootImpl@3fa491a[MainActivity]: mWNT: t=0x7bdaa1b400 mBlastBufferQueue=0x7b47120e00 fn= 686 caller= android.view.ViewRootImpl.lambda$applyTransactionOnDraw$11$android-view-ViewRootImpl:12865 android.view.ViewRootImpl$$ExternalSyntheticLambda1.onFrameDraw:4 android.graphics.HardwareRenderer$FrameDrawingCallback.onFrameDraw:924 
10-16 02:17:50.210 20102 20102 I SurfaceView@eea14f1: Changes: creating=false format=false size=false visible=false alpha=false hint=false mUseAlpha=false visible=false left=false top=true
10-16 02:17:50.210 20102 20102 I SurfaceView@eea14f1: 250221809 Cur surface: Surface(name=null)/@0x9130f56
10-16 02:17:50.211 20102 20102 I SurfaceView@eea14f1: applyTransactionOnVriDraw: vri = ViewRootImpl@3fa491a[MainActivity] fRS = false t = 0x7bdaa1b500 android.view.SurfaceView.performSurfaceTransaction:959 android.view.SurfaceView.updateSurface:1105 android.view.SurfaceView.lambda$new$0$android-view-SurfaceView:200 
10-16 02:17:50.211 20102 20102 I ViewRootImpl@3fa491a[MainActivity]: applyTransactionOnDraw: mRemoved = false isHardwareEnabled = true t = 0x7bdaa1b500android.view.SurfaceView.applyTransactionOnVriDraw:2048 android.view.SurfaceView.performSurfaceTransaction:959 android.view.SurfaceView.updateSurface:1105 android.view.SurfaceView.lambda$new$0$android-view-SurfaceView:200 android.view.SurfaceView$$ExternalSyntheticLambda5.onPreDraw:2 
10-16 02:17:50.211 20102 20102 I SurfaceView@eea14f1: updateSurface: mVisible = true mSurface.isValid() = true
10-16 02:17:50.211 20102 20102 I SurfaceView@eea14f1: updateSurface: mSurfaceCreated = true surfaceChanged = false visibleChanged = false
10-16 02:17:50.211 20102 20102 V SurfaceView@eea14f1: Layout: x=0 y=-1796 w=1080 h=525, frame=Rect(0, 0 - 1080, 525)
10-16 02:17:50.213 20102 20186 D SurfaceView@eea14f1: updateSurfacePosition RenderWorker, frameNr = 687, position = [0, -1796, 1080, -1271] surfaceSize = 1080x525
10-16 02:17:50.213 20102 20186 I SurfaceView@eea14f1: uSP: rtp = Rect(0, -1796 - 1080, -1271) rtsw = 1080 rtsh = 525
10-16 02:17:50.213 20102 20186 I SurfaceView@eea14f1: onSSPAndSRT: pl = 0 pt = -1796 sx = 1.0 sy = 1.0
10-16 02:17:50.213 20102 20186 I SurfaceView@eea14f1: aOrMT: ViewRootImpl@3fa491a[MainActivity] t = android.view.SurfaceControl$Transaction@a9b6e73 fN = 687 android.view.SurfaceView.-$$Nest$mapplyOrMergeTransaction:0 android.view.SurfaceView$SurfaceViewPositionUpdateListener.positionChanged:1537 android.graphics.RenderNode$CompositePositionUpdateListener.positionChanged:373 
10-16 02:17:50.213 20102 20186 I ViewRootImpl@3fa491a[MainActivity]: mWNT: t=0x7ae1ac3100 mBlastBufferQueue=0x7b47120e00 fn= 687 caller= android.view.SurfaceView.applyOrMergeTransaction:1455 android.view.SurfaceView.-$$Nest$mapplyOrMergeTransaction:0 android.view.SurfaceView$SurfaceViewPositionUpdateListener.positionChanged:1537 
10-16 02:17:50.214 20102 20186 I ViewRootImpl@3fa491a[MainActivity]: mWNT: t=0x7bdaa1b500 mBlastBufferQueue=0x7b47120e00 fn= 687 caller= android.view.ViewRootImpl.lambda$applyTransactionOnDraw$11$android-view-ViewRootImpl:12865 android.view.ViewRootImpl$$ExternalSyntheticLambda1.onFrameDraw:4 android.graphics.HardwareRenderer$FrameDrawingCallback.onFrameDraw:924 
10-16 02:17:50.227 20102 20102 I SurfaceView@eea14f1: Changes: creating=false format=false size=false visible=false alpha=false hint=false mUseAlpha=false visible=false left=false top=true
10-16 02:17:50.227 20102 20102 I SurfaceView@eea14f1: 250221809 Cur surface: Surface(name=null)/@0x9130f56
10-16 02:17:50.228 20102 20102 I SurfaceView@eea14f1: applyTransactionOnVriDraw: vri = ViewRootImpl@3fa491a[MainActivity] fRS = false t = 0x7bdaa1b600 android.view.SurfaceView.performSurfaceTransaction:959 android.view.SurfaceView.updateSurface:1105 android.view.SurfaceView.lambda$new$0$android-view-SurfaceView:200 
10-16 02:17:50.228 20102 20102 I ViewRootImpl@3fa491a[MainActivity]: applyTransactionOnDraw: mRemoved = false isHardwareEnabled = true t = 0x7bdaa1b600android.view.SurfaceView.applyTransactionOnVriDraw:2048 android.view.SurfaceView.performSurfaceTransaction:959 android.view.SurfaceView.updateSurface:1105 android.view.SurfaceView.lambda$new$0$android-view-SurfaceView:200 android.view.SurfaceView$$ExternalSyntheticLambda5.onPreDraw:2 
10-16 02:17:50.228 20102 20102 I SurfaceView@eea14f1: updateSurface: mVisible = true mSurface.isValid() = true
10-16 02:17:50.228 20102 20102 I SurfaceView@eea14f1: updateSurface: mSurfaceCreated = true surfaceChanged = false visibleChanged = false
10-16 02:17:50.228 20102 20102 V SurfaceView@eea14f1: Layout: x=0 y=-1915 w=1080 h=525, frame=Rect(0, 0 - 1080, 525)
10-16 02:17:50.232 20102 20185 D SurfaceView@eea14f1: updateSurfacePosition RenderWorker, frameNr = 688, position = [0, -1915, 1080, -1390] surfaceSize = 1080x525
10-16 02:17:50.232 20102 20185 I SurfaceView@eea14f1: uSP: rtp = Rect(0, -1915 - 1080, -1390) rtsw = 1080 rtsh = 525
10-16 02:17:50.232 20102 20185 I SurfaceView@eea14f1: onSSPAndSRT: pl = 0 pt = -1915 sx = 1.0 sy = 1.0
10-16 02:17:50.232 20102 20185 I SurfaceView@eea14f1: aOrMT: ViewRootImpl@3fa491a[MainActivity] t = android.view.SurfaceControl$Transaction@a9b6e73 fN = 688 android.view.SurfaceView.-$$Nest$mapplyOrMergeTransaction:0 android.view.SurfaceView$SurfaceViewPositionUpdateListener.positionChanged:1537 android.graphics.RenderNode$CompositePositionUpdateListener.positionChanged:373 
10-16 02:17:50.233 20102 20185 I ViewRootImpl@3fa491a[MainActivity]: mWNT: t=0x7ae1ac3100 mBlastBufferQueue=0x7b47120e00 fn= 688 caller= android.view.SurfaceView.applyOrMergeTransaction:1455 android.view.SurfaceView.-$$Nest$mapplyOrMergeTransaction:0 android.view.SurfaceView$SurfaceViewPositionUpdateListener.positionChanged:1537 
10-16 02:17:50.233 20102 20185 I ViewRootImpl@3fa491a[MainActivity]: mWNT: t=0x7bdaa1b600 mBlastBufferQueue=0x7b47120e00 fn= 688 caller= android.view.ViewRootImpl.lambda$applyTransactionOnDraw$11$android-view-ViewRootImpl:12865 android.view.ViewRootImpl$$ExternalSyntheticLambda1.onFrameDraw:4 android.graphics.HardwareRenderer$FrameDrawingCallback.onFrameDraw:924 
10-16 02:17:50.244 20102 20102 I SurfaceView@eea14f1: Changes: creating=false format=false size=false visible=false alpha=false hint=false mUseAlpha=false visible=false left=false top=true
10-16 02:17:50.244 20102 20102 I SurfaceView@eea14f1: 250221809 Cur surface: Surface(name=null)/@0x9130f56
10-16 02:17:50.245 20102 20102 I SurfaceView@eea14f1: applyTransactionOnVriDraw: vri = ViewRootImpl@3fa491a[MainActivity] fRS = false t = 0x7bdaa1b700 android.view.SurfaceView.performSurfaceTransaction:959 android.view.SurfaceView.updateSurface:1105 android.view.SurfaceView.lambda$new$0$android-view-SurfaceView:200 
10-16 02:17:50.245 20102 20102 I ViewRootImpl@3fa491a[MainActivity]: applyTransactionOnDraw: mRemoved = false isHardwareEnabled = true t = 0x7bdaa1b700android.view.SurfaceView.applyTransactionOnVriDraw:2048 android.view.SurfaceView.performSurfaceTransaction:959 android.view.SurfaceView.updateSurface:1105 android.view.SurfaceView.lambda$new$0$android-view-SurfaceView:200 android.view.SurfaceView$$ExternalSyntheticLambda5.onPreDraw:2 
10-16 02:17:50.245 20102 20102 I SurfaceView@eea14f1: updateSurface: mVisible = true mSurface.isValid() = true
10-16 02:17:50.245 20102 20102 I SurfaceView@eea14f1: updateSurface: mSurfaceCreated = true surfaceChanged = false visibleChanged = false
10-16 02:17:50.245 20102 20102 V SurfaceView@eea14f1: Layout: x=0 y=-1918 w=1080 h=525, frame=Rect(0, 0 - 1080, 525)
10-16 02:17:50.247 20102 20186 D SurfaceView@eea14f1: updateSurfacePosition RenderWorker, frameNr = 689, position = [0, -1918, 1080, -1393] surfaceSize = 1080x525
10-16 02:17:50.247 20102 20186 I SurfaceView@eea14f1: uSP: rtp = Rect(0, -1918 - 1080, -1393) rtsw = 1080 rtsh = 525
10-16 02:17:50.247 20102 20186 I SurfaceView@eea14f1: onSSPAndSRT: pl = 0 pt = -1918 sx = 1.0 sy = 1.0
10-16 02:17:50.247 20102 20186 I SurfaceView@eea14f1: aOrMT: ViewRootImpl@3fa491a[MainActivity] t = android.view.SurfaceControl$Transaction@a9b6e73 fN = 689 android.view.SurfaceView.-$$Nest$mapplyOrMergeTransaction:0 android.view.SurfaceView$SurfaceViewPositionUpdateListener.positionChanged:1537 android.graphics.RenderNode$CompositePositionUpdateListener.positionChanged:373 
10-16 02:17:50.248 20102 20186 I ViewRootImpl@3fa491a[MainActivity]: mWNT: t=0x7ae1ac3100 mBlastBufferQueue=0x7b47120e00 fn= 689 caller= android.view.SurfaceView.applyOrMergeTransaction:1455 android.view.SurfaceView.-$$Nest$mapplyOrMergeTransaction:0 android.view.SurfaceView$SurfaceViewPositionUpdateListener.positionChanged:1537 
10-16 02:17:50.248 20102 20186 I ViewRootImpl@3fa491a[MainActivity]: mWNT: t=0x7bdaa1b700 mBlastBufferQueue=0x7b47120e00 fn= 689 caller= android.view.ViewRootImpl.lambda$applyTransactionOnDraw$11$android-view-ViewRootImpl:12865 android.view.ViewRootImpl$$ExternalSyntheticLambda1.onFrameDraw:4 android.graphics.HardwareRenderer$FrameDrawingCallback.onFrameDraw:924 
10-16 02:17:51.210 20102 20102 I ViewRootImpl@3fa491a[MainActivity]: ViewPostIme pointer 0
10-16 02:17:51.250 20102 20102 W PanelsChildGestureRegionObserver: failed to register view with ID 2131362800. already registered
10-16 02:17:51.257 20102 20102 W PanelsChildGestureRegionObserver: failed to register view with ID 2131362800. already registered
10-16 02:17:51.273 20102 20102 W PanelsChildGestureRegionObserver: failed to register view with ID 2131362800. already registered
10-16 02:17:51.290 20102 20102 W PanelsChildGestureRegionObserver: failed to register view with ID 2131362800. already registered
10-16 02:17:51.303 20102 20102 D WindowOnBackDispatcher: onBackInvoked, viewRoot=ViewRootImpl@22e8387[Toast], callback=androidx.activity.OnBackPressedDispatcher$Api33Impl$$ExternalSyntheticLambda0@f10226c
10-16 02:17:51.309 20102 20102 I IMM_LC  : hsifw() - flag : 0
10-16 02:17:51.309 20102 20102 I IMM_LC  : hsifw() - mService.hideSoftInput
10-16 02:17:51.313 20102 20102 I CS3ExoPlayer: onStop
10-16 02:17:51.313 20102 20102 I CS3ExoPlayer: saveData
10-16 02:17:51.314 20102 20102 I CS3ExoPlayer: handleEvent Pause
10-16 02:17:51.393 20102 20102 W PanelsChildGestureRegionObserver: failed to register view with ID 2131362800. already registered
10-16 02:17:51.641 20102 20102 W PanelsChildGestureRegionObserver: failed to register view with ID 2131362800. already registered
10-16 02:17:51.657 20102 20185 D SurfaceView@eea14f1: updateSurfacePosition RenderWorker, frameNr = 734, position = [54, -1609, 1026, -1135] surfaceSize = 1080x525
10-16 02:17:51.658 20102 20185 I SurfaceView@eea14f1: uSP: rtp = Rect(54, -1609 - 1026, -1135) rtsw = 1080 rtsh = 525
10-16 02:17:51.658 20102 20185 I SurfaceView@eea14f1: onSSPAndSRT: pl = 54 pt = -1609 sx = 0.9 sy = 0.9028571
10-16 02:17:51.658 20102 20185 I SurfaceView@eea14f1: aOrMT: ViewRootImpl@3fa491a[MainActivity] t = android.view.SurfaceControl$Transaction@a9b6e73 fN = 734 android.view.SurfaceView.-$$Nest$mapplyOrMergeTransaction:0 android.view.SurfaceView$SurfaceViewPositionUpdateListener.positionChanged:1537 android.graphics.RenderNode$CompositePositionUpdateListener.positionChanged:373 
10-16 02:17:51.658 20102 20185 I ViewRootImpl@3fa491a[MainActivity]: mWNT: t=0x7ae1ac3100 mBlastBufferQueue=0x7b47120e00 fn= 734 caller= android.view.SurfaceView.applyOrMergeTransaction:1455 android.view.SurfaceView.-$$Nest$mapplyOrMergeTransaction:0 android.view.SurfaceView$SurfaceViewPositionUpdateListener.positionChanged:1537 
10-16 02:17:51.659 20102 20102 I SurfaceView@eea14f1: onWindowVisibilityChanged(8) false android.view.SurfaceView{eea14f1 V.E..V... ........ 0,0-1080,525} of ViewRootImpl@3fa491a[MainActivity]
10-16 02:17:51.660 20102 20102 I SurfaceView@eea14f1: Changes: creating=false format=false size=false visible=true alpha=false hint=false mUseAlpha=false visible=true left=false top=false
10-16 02:17:51.660 20102 20102 I SurfaceView@eea14f1: 250221809 Cur surface: Surface(name=null)/@0x9130f56
10-16 02:17:51.660 20102 20102 I SurfaceView@eea14f1: applyTransactionOnVriDraw: vri = ViewRootImpl@3fa491a[MainActivity] fRS = false t = 0x7b68c61200 android.view.SurfaceView.performSurfaceTransaction:959 android.view.SurfaceView.updateSurface:1105 android.view.SurfaceView.onWindowVisibilityChanged:371 
10-16 02:17:51.660 20102 20102 I ViewRootImpl@3fa491a[MainActivity]: applyTransactionOnDraw: mRemoved = false isHardwareEnabled = true t = 0x7b68c61200android.view.SurfaceView.applyTransactionOnVriDraw:2048 android.view.SurfaceView.performSurfaceTransaction:959 android.view.SurfaceView.updateSurface:1105 android.view.SurfaceView.onWindowVisibilityChanged:371 android.view.View.dispatchDetachedFromWindow:22529 
10-16 02:17:51.660 20102 20102 I SurfaceView@eea14f1: surfaceDestroyed
10-16 02:17:51.661 20102 20102 I SurfaceView@eea14f1: surfaceDestroyed callback.size 0 #2 android.view.SurfaceView{eea14f1 V.E..V... ........ 0,0-1080,525}
10-16 02:17:51.661 20102 20102 I SurfaceView@eea14f1: updateSurface: mVisible = false mSurface.isValid() = true
10-16 02:17:51.661 20102 20102 I SurfaceView@eea14f1: releaseSurfaces: viewRoot = ViewRootImpl@3fa491a[MainActivity]
