--------- beginning of main
10-16 02:05:48.122 15890 15890 D InputTransport: Input channel destroyed: 'a1a37b4', fd=242
10-16 02:05:48.153 15890 15890 I ViewRootImpl@fb2a030[MainActivity]: MSG_WINDOW_FOCUS_CHANGED 1 0
10-16 02:05:48.154 15890 15890 I ViewRootImpl@fb2a030[MainActivity]: mThreadedRenderer.initializeIfNeeded()#2 mSurface={isValid=true 0x7b5d63e800}
10-16 02:05:48.158 15890 15890 D InputMethodManager: startInputInner - Id : 0
10-16 02:05:48.158 15890 15890 I InputMethodManager: startInputInner - mService.startInputOrWindowGainedFocus
10-16 02:05:48.956 15890 15890 I ViewRootImpl@fb2a030[MainActivity]: ViewPostIme pointer 0
10-16 02:05:49.053 15890 15890 I ViewRootImpl@fb2a030[MainActivity]: ViewPostIme pointer 1
10-16 02:05:49.077 15890 15890 I IMM_LC  : hsifw() - flag : 0
10-16 02:05:49.077 15890 15890 I IMM_LC  : hsifw() - mService.hideSoftInput
10-16 02:05:52.843 15890 15890 I ViewRootImpl@fb2a030[MainActivity]: ViewPostIme pointer 0
10-16 02:05:52.908 15890 15890 I ViewRootImpl@fb2a030[MainActivity]: ViewPostIme pointer 1
10-16 02:05:52.919 15890 15890 I NavComponent: Navigating to fragment: 2131362274
10-16 02:05:52.926 15890 15890 I IMM_LC  : hsifw() - flag : 0
10-16 02:05:52.926 15890 15890 I IMM_LC  : hsifw() - mService.hideSoftInput
10-16 02:05:52.979 15890 15890 D ScrollView: initGoToTop
10-16 02:05:53.258 15890 15890 I SurfaceView@dbaee60: onWindowVisibilityChanged(0) true android.view.SurfaceView{dbaee60 V.E..V... ......I. 0,0-0,0} of ViewRootImpl@fb2a030[MainActivity]
10-16 02:05:53.258 15890 15890 D SurfaceView@dbaee60: updateSurface: has no frame
10-16 02:05:53.264 15890 15890 I CS3ExoPlayer: SET STYLE = SaveCaptionStyle(foregroundColor=-1, backgroundColor=0, windowColor=0, edgeType=1, edgeColor=-16777216, typeface=null, typefaceFilePath=null, elevation=20, fixedTextSize=null, edgeSize=null, removeCaptions=false, removeBloat=true, upperCase=false, bold=false, italic=false, backgroundRadius=null)
10-16 02:05:53.273 15890 15890 I IMM_LC  : hsifw() - flag : 0
10-16 02:05:53.273 15890 15890 I IMM_LC  : hsifw() - mService.hideSoftInput
10-16 02:05:53.275 15890 15936 I SYNCVM  : addFromUrl = https://asia2tv.com/serie/loves-ambition-%d8%b7%d9%85%d9%88%d8%ad-%d8%a7%d9%84%d8%ad%d8%a8
10-16 02:05:53.275 15890 15936 I SYNCUTIL: getIdsFromUrl https://asia2tv.com/serie/loves-ambition-%d8%b7%d9%85%d9%88%d8%ad-%d8%a7%d9%84%d8%ad%d8%a8
10-16 02:05:53.277 15890 15937 I RVM2    : applyMeta
10-16 02:05:53.288 15890 15890 I SurfaceView@dbaee60: onWindowVisibilityChanged(8) false android.view.SurfaceView{dbaee60 V.E..V... ......I. 0,0-0,0} of ViewRootImpl@fb2a030[MainActivity]
10-16 02:05:53.288 15890 15890 D SurfaceView@dbaee60: updateSurface: has no frame
10-16 02:05:53.288 15890 15890 D SurfaceView@dbaee60: updateSurface: has no frame
10-16 02:05:53.288 15890 15890 I SurfaceView@dbaee60: onDetachedFromWindow: tryReleaseSurfaces()
10-16 02:05:53.288 15890 15890 I SurfaceView@dbaee60: releaseSurfaces: viewRoot = ViewRootImpl@fb2a030[MainActivity]
10-16 02:05:53.289 15890 15890 I SurfaceView@dbaee60: applyTransactionOnVriDraw: vri = ViewRootImpl@fb2a030[MainActivity] fRS = true t = 0x7af2919600 android.view.SurfaceView.releaseSurfaces:858 android.view.SurfaceView.onDetachedFromWindow:500 android.view.View.dispatchDetachedFromWindow:22538 
10-16 02:05:53.289 15890 15890 I SurfaceView@dbaee60: applyTransactionOnVriDraw: viewRoot.applyTransactionOnDrawFromReleaseSurfaces
10-16 02:05:53.289 15890 15890 I ViewRootImpl@fb2a030[MainActivity]: applyTransactionOnDraw: mRemoved = false isHardwareEnabled = true t = 0x7af2919600android.view.ViewRootImpl.applyTransactionOnDrawFromReleaseSurfaces:12850 android.view.SurfaceView.applyTransactionOnVriDraw:2046 android.view.SurfaceView.releaseSurfaces:858 android.view.SurfaceView.onDetachedFromWindow:500 android.view.View.dispatchDetachedFromWindow:22538 
10-16 02:05:53.291 15890 15890 I SurfaceView@dbaee60: onWindowVisibilityChanged(0) true android.view.SurfaceView{dbaee60 V.E..V... ......I. 0,0-0,0} of ViewRootImpl@fb2a030[MainActivity]
10-16 02:05:53.291 15890 15890 D SurfaceView@dbaee60: updateSurface: has no frame
10-16 02:05:53.294 15890 15890 I DecorView: notifyKeepScreenOnChanged: keepScreenOn=false
10-16 02:05:53.303 15890 15890 I CS3ExoPlayer: reloadPlayer
10-16 02:05:53.303 15890 15890 I CS3ExoPlayer: releasePlayer
10-16 02:05:53.304 15890 15890 I CS3ExoPlayer: Handle event: PlayerAttachedEvent(player=null, source=Player)
10-16 02:05:53.310 15890 15890 I ViewRootImpl@fb2a030[MainActivity]: performTraversals params={(0,0)(fillxfill) sim={state=always_hidden adjust=resize} ty=BASE_APPLICATION wanim=0x1030309
10-16 02:05:53.310 15890 15890 I ViewRootImpl@fb2a030[MainActivity]:   fl=85810100
10-16 02:05:53.310 15890 15890 I ViewRootImpl@fb2a030[MainActivity]:   pfl=12020040
10-16 02:05:53.310 15890 15890 I ViewRootImpl@fb2a030[MainActivity]:   vsysui=500
10-16 02:05:53.310 15890 15890 I ViewRootImpl@fb2a030[MainActivity]:   bhv=DEFAULT
10-16 02:05:53.310 15890 15890 I ViewRootImpl@fb2a030[MainActivity]:   fitSides= naviIconColor=0}
10-16 02:05:53.310 15890 15890 I ViewRootImpl@fb2a030[MainActivity]: performTraversals mFirst=false windowShouldResize=false viewVisibilityChanged=false mForceNextWindowRelayout=false params={(0,0)(fillxfill) sim={state=always_hidden adjust=resize} ty=BASE_APPLICATION fmt=TRANSLUCENT wanim=0x1030309
10-16 02:05:53.310 15890 15890 I ViewRootImpl@fb2a030[MainActivity]:   fl=85810100
10-16 02:05:53.310 15890 15890 I ViewRootImpl@fb2a030[MainActivity]:   pfl=12020040
10-16 02:05:53.310 15890 15890 I ViewRootImpl@fb2a030[MainActivity]:   vsysui=500
10-16 02:05:53.310 15890 15890 I ViewRootImpl@fb2a030[MainActivity]:   bhv=DEFAULT
10-16 02:05:53.310 15890 15890 I ViewRootImpl@fb2a030[MainActivity]:   fitSides= naviIconColor=0}
10-16 02:05:53.319 15890 15890 I ViewRootImpl@fb2a030[MainActivity]: updateBlastSurfaceIfNeeded mBlastBufferQueue=0x7b5d85c500 isSameSurfaceControl=true
10-16 02:05:53.319 15890 15890 I BLASTBufferQueue: update, w= 1080 h= 2400 mName = ViewRootImpl@fb2a030[MainActivity] mNativeObject= 0x7b5d85c500 sc.mNativeObject= 0x7b18c10600 format= -3 caller= android.view.ViewRootImpl.updateBlastSurfaceIfNeeded:2898 android.view.ViewRootImpl.relayoutWindow:9847 android.view.ViewRootImpl.performTraversals:3884 android.view.ViewRootImpl.doTraversal:3116 android.view.ViewRootImpl$TraversalRunnable.run:10885 android.view.Choreographer$CallbackRecord.run:1301 
10-16 02:05:53.320 15890 15890 I ViewRootImpl@fb2a030[MainActivity]: Relayout returned: old=(0,0,1080,2400) new=(0,0,1080,2400) req=(1080,2400)0 dur=9 res=0x0 s={true 0x7b5d63e800} ch=false seqId=0
10-16 02:05:53.321 15890 15890 W View    : requestLayout() improperly called by android.widget.FrameLayout{12a1d33 I.E..V... ......I. 0,0-0,0 #7f0a04e7 app:id/start_panel} during layout: running second layout pass
10-16 02:05:53.322 15890 15890 W View    : requestLayout() improperly called by android.widget.FrameLayout{c4628f0 I.E..V... ......ID 1080,0-1080,2143 #7f0a0168 app:id/end_panel} during layout: running second layout pass
10-16 02:05:53.324 15890 15890 D SurfaceView@dbaee60: updateSurface: has no frame
10-16 02:05:53.330 15890 15969 I ViewRootImpl@fb2a030[MainActivity]: mWNT: t=0x7af2919600 mBlastBufferQueue=0x7b5d85c500 fn= 145 caller= android.view.ViewRootImpl.lambda$applyTransactionOnDraw$11$android-view-ViewRootImpl:12865 android.view.ViewRootImpl$$ExternalSyntheticLambda1.onFrameDraw:4 android.graphics.HardwareRenderer$FrameDrawingCallback.onFrameDraw:924 
10-16 02:05:53.333 15890 15890 E CoilImgLoader: Error loading image: coil3.request.NullRequestDataException: The request's data is null.
10-16 02:05:53.335 15890 15890 E CoilImgLoader: Error loading image: coil3.request.NullRequestDataException: The request's data is null.
10-16 02:05:53.360 15890 15936 I SYNCVM  : addFromUrl = https://asia2tv.com/serie/loves-ambition-%d8%b7%d9%85%d9%88%d8%ad-%d8%a7%d9%84%d8%ad%d8%a8
10-16 02:05:53.360 15890 15936 I SYNCUTIL: getIdsFromUrl https://asia2tv.com/serie/loves-ambition-%d8%b7%d9%85%d9%88%d8%ad-%d8%a7%d9%84%d8%ad%d8%a8
10-16 02:05:53.559 15890 15890 D SurfaceView@dbaee60: updateSurface: has no frame
10-16 02:05:53.564 15890 15890 I SurfaceView@dbaee60: Changes: creating=true format=true size=true visible=true alpha=false hint=false mUseAlpha=false visible=true left=true top=true
10-16 02:05:53.568 15890 15890 I BLASTBufferQueue: update, w= 1080 h= 525 mName = null mNativeObject= 0x7bdd5f7c00 sc.mNativeObject= 0x7ad46b6c20 format= 4 caller= android.view.SurfaceView.createBlastSurfaceControls:1383 android.view.SurfaceView.updateSurface:1079 android.view.SurfaceView.lambda$new$0$android-view-SurfaceView:200 android.view.SurfaceView$$ExternalSyntheticLambda5.onPreDraw:2 android.view.ViewTreeObserver.dispatchOnPreDraw:1121 android.view.ViewRootImpl.performTraversals:4442 
10-16 02:05:53.568 15890 15890 I SurfaceView@dbaee60: 230354528 Cur surface: Surface(name=null)/@0x6f36815
10-16 02:05:53.568 15890 15890 I SurfaceView@dbaee60: pST: sr = Rect(0, 218 - 1080, 743) sw = 1080 sh = 525
10-16 02:05:53.568 15890 15890 D SurfaceView@dbaee60: performSurfaceTransaction RenderWorker position = [0, 218, 1080, 743] surfaceSize = 1080x525
10-16 02:05:53.568 15890 15890 I SurfaceView@dbaee60: applyTransactionOnVriDraw: vri = ViewRootImpl@fb2a030[MainActivity] fRS = false t = 0x7af2960000 android.view.SurfaceView.performSurfaceTransaction:959 android.view.SurfaceView.updateSurface:1105 android.view.SurfaceView.lambda$new$0$android-view-SurfaceView:200 
10-16 02:05:53.568 15890 15890 I ViewRootImpl@fb2a030[MainActivity]: applyTransactionOnDraw: mRemoved = false isHardwareEnabled = true t = 0x7af2960000android.view.SurfaceView.applyTransactionOnVriDraw:2048 android.view.SurfaceView.performSurfaceTransaction:959 android.view.SurfaceView.updateSurface:1105 android.view.SurfaceView.lambda$new$0$android-view-SurfaceView:200 android.view.SurfaceView$$ExternalSyntheticLambda5.onPreDraw:2 
10-16 02:05:53.569 15890 15890 I SurfaceView@dbaee60: updateSurface: mVisible = true mSurface.isValid() = true
10-16 02:05:53.569 15890 15890 I SurfaceView@dbaee60: updateSurface: mSurfaceCreated = false surfaceChanged = true visibleChanged = true
10-16 02:05:53.569 15890 15890 I SurfaceView@dbaee60: visibleChanged -- surfaceCreated
10-16 02:05:53.569 15890 15890 I SurfaceView@dbaee60: surfaceCreated 0 #8 android.view.SurfaceView{dbaee60 V.E..V... ......ID 0,0-1080,525}
10-16 02:05:53.569 15890 15890 I SurfaceView@dbaee60: surfaceChanged -- format=4 w=1080 h=525
10-16 02:05:53.569 15890 15890 I SurfaceView@dbaee60: surfaceChanged (1080,525) 0 #8 android.view.SurfaceView{dbaee60 V.E..V... ......ID 0,0-1080,525}
10-16 02:05:53.569 15890 15890 I SurfaceView@dbaee60: surfaceRedrawNeeded
10-16 02:05:53.569 15890 15890 V SurfaceView@dbaee60: Layout: x=0 y=218 w=1080 h=525, frame=Rect(0, 0 - 1080, 525)
10-16 02:05:53.587 15890 15968 D SurfaceView@dbaee60: updateSurfacePosition RenderWorker, frameNr = 146, position = [54, 314, 1026, 787] surfaceSize = 1080x525
10-16 02:05:53.587 15890 15968 I SurfaceView@dbaee60: uSP: rtp = Rect(54, 314 - 1026, 787) rtsw = 1080 rtsh = 525
10-16 02:05:53.588 15890 15968 I SurfaceView@dbaee60: onSSPAndSRT: pl = 54 pt = 314 sx = 0.9 sy = 0.9009524
10-16 02:05:53.589 15890 15968 I SurfaceView@dbaee60: aOrMT: ViewRootImpl@fb2a030[MainActivity] t = android.view.SurfaceControl$Transaction@3cd2ab8 fN = 146 android.view.SurfaceView.-$$Nest$mapplyOrMergeTransaction:0 android.view.SurfaceView$SurfaceViewPositionUpdateListener.positionChanged:1537 android.graphics.RenderNode$CompositePositionUpdateListener.positionChanged:373 
10-16 02:05:53.589 15890 15968 I ViewRootImpl@fb2a030[MainActivity]: mWNT: t=0x7af2960100 mBlastBufferQueue=0x7b5d85c500 fn= 146 caller= android.view.SurfaceView.applyOrMergeTransaction:1455 android.view.SurfaceView.-$$Nest$mapplyOrMergeTransaction:0 android.view.SurfaceView$SurfaceViewPositionUpdateListener.positionChanged:1537 
10-16 02:05:53.590 15890 15969 I ViewRootImpl@fb2a030[MainActivity]: mWNT: t=0x7af2960000 mBlastBufferQueue=0x7b5d85c500 fn= 146 caller= android.view.ViewRootImpl.lambda$applyTransactionOnDraw$11$android-view-ViewRootImpl:12865 android.view.ViewRootImpl$$ExternalSyntheticLambda1.onFrameDraw:4 android.graphics.HardwareRenderer$FrameDrawingCallback.onFrameDraw:924 
10-16 02:05:53.607 15890 15968 D SurfaceView@dbaee60: updateSurfacePosition RenderWorker, frameNr = 147, position = [34, 279, 1046, 771] surfaceSize = 1080x525
10-16 02:05:53.607 15890 15968 I SurfaceView@dbaee60: uSP: rtp = Rect(34, 279 - 1046, 771) rtsw = 1080 rtsh = 525
10-16 02:05:53.608 15890 15968 I SurfaceView@dbaee60: onSSPAndSRT: pl = 34 pt = 279 sx = 0.93703705 sy = 0.93714285
10-16 02:05:53.609 15890 15968 I SurfaceView@dbaee60: aOrMT: ViewRootImpl@fb2a030[MainActivity] t = android.view.SurfaceControl$Transaction@3cd2ab8 fN = 147 android.view.SurfaceView.-$$Nest$mapplyOrMergeTransaction:0 android.view.SurfaceView$SurfaceViewPositionUpdateListener.positionChanged:1537 android.graphics.RenderNode$CompositePositionUpdateListener.positionChanged:373 
10-16 02:05:53.609 15890 15968 I ViewRootImpl@fb2a030[MainActivity]: mWNT: t=0x7af2960100 mBlastBufferQueue=0x7b5d85c500 fn= 147 caller= android.view.SurfaceView.applyOrMergeTransaction:1455 android.view.SurfaceView.-$$Nest$mapplyOrMergeTransaction:0 android.view.SurfaceView$SurfaceViewPositionUpdateListener.positionChanged:1537 
10-16 02:05:53.622 15890 15890 I SurfaceView@dbaee60: finishedDrawing
10-16 02:05:53.659 15890 15969 D SurfaceView@dbaee60: updateSurfacePosition RenderWorker, frameNr = 148, position = [0, 218, 1080, 743] surfaceSize = 1080x525
10-16 02:05:53.659 15890 15969 I SurfaceView@dbaee60: uSP: rtp = Rect(0, 218 - 1080, 743) rtsw = 1080 rtsh = 525
10-16 02:05:53.659 15890 15969 I SurfaceView@dbaee60: onSSPAndSRT: pl = 0 pt = 218 sx = 1.0 sy = 1.0
10-16 02:05:53.660 15890 15969 I SurfaceView@dbaee60: aOrMT: ViewRootImpl@fb2a030[MainActivity] t = android.view.SurfaceControl$Transaction@3cd2ab8 fN = 148 android.view.SurfaceView.-$$Nest$mapplyOrMergeTransaction:0 android.view.SurfaceView$SurfaceViewPositionUpdateListener.positionChanged:1537 android.graphics.RenderNode$CompositePositionUpdateListener.positionChanged:373 
10-16 02:05:53.661 15890 15969 I ViewRootImpl@fb2a030[MainActivity]: mWNT: t=0x7af2960100 mBlastBufferQueue=0x7b5d85c500 fn= 148 caller= android.view.SurfaceView.applyOrMergeTransaction:1455 android.view.SurfaceView.-$$Nest$mapplyOrMergeTransaction:0 android.view.SurfaceView$SurfaceViewPositionUpdateListener.positionChanged:1537 
10-16 02:05:55.538 15890 15890 I ViewRootImpl@fb2a030[MainActivity]: ViewPostIme pointer 0
10-16 02:05:55.585 15890 15890 I SurfaceView@dbaee60: Changes: creating=false format=false size=false visible=false alpha=false hint=false mUseAlpha=false visible=false left=false top=true
10-16 02:05:55.585 15890 15890 I SurfaceView@dbaee60: 230354528 Cur surface: Surface(name=null)/@0x6f36815
10-16 02:05:55.586 15890 15890 I SurfaceView@dbaee60: applyTransactionOnVriDraw: vri = ViewRootImpl@fb2a030[MainActivity] fRS = false t = 0x7af2960500 android.view.SurfaceView.performSurfaceTransaction:959 android.view.SurfaceView.updateSurface:1105 android.view.SurfaceView.lambda$new$0$android-view-SurfaceView:200 
10-16 02:05:55.586 15890 15890 I ViewRootImpl@fb2a030[MainActivity]: applyTransactionOnDraw: mRemoved = false isHardwareEnabled = true t = 0x7af2960500android.view.SurfaceView.applyTransactionOnVriDraw:2048 android.view.SurfaceView.performSurfaceTransaction:959 android.view.SurfaceView.updateSurface:1105 android.view.SurfaceView.lambda$new$0$android-view-SurfaceView:200 android.view.SurfaceView$$ExternalSyntheticLambda5.onPreDraw:2 
10-16 02:05:55.587 15890 15890 I SurfaceView@dbaee60: updateSurface: mVisible = true mSurface.isValid() = true
10-16 02:05:55.587 15890 15890 I SurfaceView@dbaee60: updateSurface: mSurfaceCreated = true surfaceChanged = false visibleChanged = false
10-16 02:05:55.587 15890 15890 V SurfaceView@dbaee60: Layout: x=0 y=188 w=1080 h=525, frame=Rect(0, 0 - 1080, 525)
10-16 02:05:55.590 15890 15968 D SurfaceView@dbaee60: updateSurfacePosition RenderWorker, frameNr = 180, position = [0, 188, 1080, 713] surfaceSize = 1080x525
10-16 02:05:55.590 15890 15968 I SurfaceView@dbaee60: uSP: rtp = Rect(0, 188 - 1080, 713) rtsw = 1080 rtsh = 525
10-16 02:05:55.590 15890 15968 I SurfaceView@dbaee60: onSSPAndSRT: pl = 0 pt = 188 sx = 1.0 sy = 1.0
10-16 02:05:55.591 15890 15968 I SurfaceView@dbaee60: aOrMT: ViewRootImpl@fb2a030[MainActivity] t = android.view.SurfaceControl$Transaction@3cd2ab8 fN = 180 android.view.SurfaceView.-$$Nest$mapplyOrMergeTransaction:0 android.view.SurfaceView$SurfaceViewPositionUpdateListener.positionChanged:1537 android.graphics.RenderNode$CompositePositionUpdateListener.positionChanged:373 
10-16 02:05:55.591 15890 15968 I ViewRootImpl@fb2a030[MainActivity]: mWNT: t=0x7af2960100 mBlastBufferQueue=0x7b5d85c500 fn= 180 caller= android.view.SurfaceView.applyOrMergeTransaction:1455 android.view.SurfaceView.-$$Nest$mapplyOrMergeTransaction:0 android.view.SurfaceView$SurfaceViewPositionUpdateListener.positionChanged:1537 
10-16 02:05:55.592 15890 15968 I ViewRootImpl@fb2a030[MainActivity]: mWNT: t=0x7af2960500 mBlastBufferQueue=0x7b5d85c500 fn= 180 caller= android.view.ViewRootImpl.lambda$applyTransactionOnDraw$11$android-view-ViewRootImpl:12865 android.view.ViewRootImpl$$ExternalSyntheticLambda1.onFrameDraw:4 android.graphics.HardwareRenderer$FrameDrawingCallback.onFrameDraw:924 
10-16 02:05:55.599 15890 15890 I SurfaceView@dbaee60: Changes: creating=false format=false size=false visible=false alpha=false hint=false mUseAlpha=false visible=false left=false top=true
10-16 02:05:55.599 15890 15890 I SurfaceView@dbaee60: 230354528 Cur surface: Surface(name=null)/@0x6f36815
10-16 02:05:55.600 15890 15890 I SurfaceView@dbaee60: applyTransactionOnVriDraw: vri = ViewRootImpl@fb2a030[MainActivity] fRS = false t = 0x7af2960600 android.view.SurfaceView.performSurfaceTransaction:959 android.view.SurfaceView.updateSurface:1105 android.view.SurfaceView.lambda$new$0$android-view-SurfaceView:200 
10-16 02:05:55.601 15890 15890 I ViewRootImpl@fb2a030[MainActivity]: applyTransactionOnDraw: mRemoved = false isHardwareEnabled = true t = 0x7af2960600android.view.SurfaceView.applyTransactionOnVriDraw:2048 android.view.SurfaceView.performSurfaceTransaction:959 android.view.SurfaceView.updateSurface:1105 android.view.SurfaceView.lambda$new$0$android-view-SurfaceView:200 android.view.SurfaceView$$ExternalSyntheticLambda5.onPreDraw:2 
10-16 02:05:55.601 15890 15890 I SurfaceView@dbaee60: updateSurface: mVisible = true mSurface.isValid() = true
10-16 02:05:55.601 15890 15890 I SurfaceView@dbaee60: updateSurface: mSurfaceCreated = true surfaceChanged = false visibleChanged = false
10-16 02:05:55.602 15890 15890 V SurfaceView@dbaee60: Layout: x=0 y=112 w=1080 h=525, frame=Rect(0, 0 - 1080, 525)
10-16 02:05:55.617 15890 15969 D SurfaceView@dbaee60: updateSurfacePosition RenderWorker, frameNr = 181, position = [0, 112, 1080, 637] surfaceSize = 1080x525
10-16 02:05:55.617 15890 15969 I SurfaceView@dbaee60: uSP: rtp = Rect(0, 112 - 1080, 637) rtsw = 1080 rtsh = 525
10-16 02:05:55.617 15890 15969 I SurfaceView@dbaee60: onSSPAndSRT: pl = 0 pt = 112 sx = 1.0 sy = 1.0
10-16 02:05:55.618 15890 15969 I SurfaceView@dbaee60: aOrMT: ViewRootImpl@fb2a030[MainActivity] t = android.view.SurfaceControl$Transaction@3cd2ab8 fN = 181 android.view.SurfaceView.-$$Nest$mapplyOrMergeTransaction:0 android.view.SurfaceView$SurfaceViewPositionUpdateListener.positionChanged:1537 android.graphics.RenderNode$CompositePositionUpdateListener.positionChanged:373 
10-16 02:05:55.618 15890 15969 I ViewRootImpl@fb2a030[MainActivity]: mWNT: t=0x7af2960100 mBlastBufferQueue=0x7b5d85c500 fn= 181 caller= android.view.SurfaceView.applyOrMergeTransaction:1455 android.view.SurfaceView.-$$Nest$mapplyOrMergeTransaction:0 android.view.SurfaceView$SurfaceViewPositionUpdateListener.positionChanged:1537 
10-16 02:05:55.619 15890 15969 I ViewRootImpl@fb2a030[MainActivity]: mWNT: t=0x7af2960600 mBlastBufferQueue=0x7b5d85c500 fn= 181 caller= android.view.ViewRootImpl.lambda$applyTransactionOnDraw$11$android-view-ViewRootImpl:12865 android.view.ViewRootImpl$$ExternalSyntheticLambda1.onFrameDraw:4 android.graphics.HardwareRenderer$FrameDrawingCallback.onFrameDraw:924 
10-16 02:05:55.627 15890 15890 I SurfaceView@dbaee60: Changes: creating=false format=false size=false visible=false alpha=false hint=false mUseAlpha=false visible=false left=false top=true
10-16 02:05:55.627 15890 15890 I SurfaceView@dbaee60: 230354528 Cur surface: Surface(name=null)/@0x6f36815
10-16 02:05:55.628 15890 15890 I SurfaceView@dbaee60: applyTransactionOnVriDraw: vri = ViewRootImpl@fb2a030[MainActivity] fRS = false t = 0x7af2960800 android.view.SurfaceView.performSurfaceTransaction:959 android.view.SurfaceView.updateSurface:1105 android.view.SurfaceView.lambda$new$0$android-view-SurfaceView:200 
10-16 02:05:55.629 15890 15890 I ViewRootImpl@fb2a030[MainActivity]: applyTransactionOnDraw: mRemoved = false isHardwareEnabled = true t = 0x7af2960800android.view.SurfaceView.applyTransactionOnVriDraw:2048 android.view.SurfaceView.performSurfaceTransaction:959 android.view.SurfaceView.updateSurface:1105 android.view.SurfaceView.lambda$new$0$android-view-SurfaceView:200 android.view.SurfaceView$$ExternalSyntheticLambda5.onPreDraw:2 
10-16 02:05:55.629 15890 15890 I SurfaceView@dbaee60: updateSurface: mVisible = true mSurface.isValid() = true
10-16 02:05:55.629 15890 15890 I SurfaceView@dbaee60: updateSurface: mSurfaceCreated = true surfaceChanged = false visibleChanged = false
10-16 02:05:55.629 15890 15890 V SurfaceView@dbaee60: Layout: x=0 y=31 w=1080 h=525, frame=Rect(0, 0 - 1080, 525)
10-16 02:05:55.646 15890 15968 D SurfaceView@dbaee60: updateSurfacePosition RenderWorker, frameNr = 182, position = [0, 31, 1080, 556] surfaceSize = 1080x525
10-16 02:05:55.646 15890 15968 I SurfaceView@dbaee60: uSP: rtp = Rect(0, 31 - 1080, 556) rtsw = 1080 rtsh = 525
10-16 02:05:55.646 15890 15968 I SurfaceView@dbaee60: onSSPAndSRT: pl = 0 pt = 31 sx = 1.0 sy = 1.0
10-16 02:05:55.646 15890 15968 I SurfaceView@dbaee60: aOrMT: ViewRootImpl@fb2a030[MainActivity] t = android.view.SurfaceControl$Transaction@3cd2ab8 fN = 182 android.view.SurfaceView.-$$Nest$mapplyOrMergeTransaction:0 android.view.SurfaceView$SurfaceViewPositionUpdateListener.positionChanged:1537 android.graphics.RenderNode$CompositePositionUpdateListener.positionChanged:373 
10-16 02:05:55.646 15890 15968 I ViewRootImpl@fb2a030[MainActivity]: mWNT: t=0x7af2960100 mBlastBufferQueue=0x7b5d85c500 fn= 182 caller= android.view.SurfaceView.applyOrMergeTransaction:1455 android.view.SurfaceView.-$$Nest$mapplyOrMergeTransaction:0 android.view.SurfaceView$SurfaceViewPositionUpdateListener.positionChanged:1537 
10-16 02:05:55.647 15890 15968 I ViewRootImpl@fb2a030[MainActivity]: mWNT: t=0x7af2960800 mBlastBufferQueue=0x7b5d85c500 fn= 182 caller= android.view.ViewRootImpl.lambda$applyTransactionOnDraw$11$android-view-ViewRootImpl:12865 android.view.ViewRootImpl$$ExternalSyntheticLambda1.onFrameDraw:4 android.graphics.HardwareRenderer$FrameDrawingCallback.onFrameDraw:924 
10-16 02:05:55.647 15890 15890 I ViewRootImpl@fb2a030[MainActivity]: ViewPostIme pointer 1
10-16 02:05:55.651 15890 15890 I SurfaceView@dbaee60: Changes: creating=false format=false size=false visible=false alpha=false hint=false mUseAlpha=false visible=false left=false top=true
10-16 02:05:55.652 15890 15890 I SurfaceView@dbaee60: 230354528 Cur surface: Surface(name=null)/@0x6f36815
10-16 02:05:55.652 15890 15890 I SurfaceView@dbaee60: applyTransactionOnVriDraw: vri = ViewRootImpl@fb2a030[MainActivity] fRS = false t = 0x7af2960b00 android.view.SurfaceView.performSurfaceTransaction:959 android.view.SurfaceView.updateSurface:1105 android.view.SurfaceView.lambda$new$0$android-view-SurfaceView:200 
10-16 02:05:55.653 15890 15890 I ViewRootImpl@fb2a030[MainActivity]: applyTransactionOnDraw: mRemoved = false isHardwareEnabled = true t = 0x7af2960b00android.view.SurfaceView.applyTransactionOnVriDraw:2048 android.view.SurfaceView.performSurfaceTransaction:959 android.view.SurfaceView.updateSurface:1105 android.view.SurfaceView.lambda$new$0$android-view-SurfaceView:200 android.view.SurfaceView$$ExternalSyntheticLambda5.onPreDraw:2 
10-16 02:05:55.653 15890 15890 I SurfaceView@dbaee60: updateSurface: mVisible = true mSurface.isValid() = true
10-16 02:05:55.653 15890 15890 I SurfaceView@dbaee60: updateSurface: mSurfaceCreated = true surfaceChanged = false visibleChanged = false
10-16 02:05:55.653 15890 15890 V SurfaceView@dbaee60: Layout: x=0 y=-55 w=1080 h=525, frame=Rect(0, 0 - 1080, 525)
10-16 02:05:55.657 15890 15969 D SurfaceView@dbaee60: updateSurfacePosition RenderWorker, frameNr = 183, position = [0, -55, 1080, 470] surfaceSize = 1080x525
10-16 02:05:55.657 15890 15969 I SurfaceView@dbaee60: uSP: rtp = Rect(0, -55 - 1080, 470) rtsw = 1080 rtsh = 525
10-16 02:05:55.657 15890 15969 I SurfaceView@dbaee60: onSSPAndSRT: pl = 0 pt = -55 sx = 1.0 sy = 1.0
10-16 02:05:55.658 15890 15969 I SurfaceView@dbaee60: aOrMT: ViewRootImpl@fb2a030[MainActivity] t = android.view.SurfaceControl$Transaction@3cd2ab8 fN = 183 android.view.SurfaceView.-$$Nest$mapplyOrMergeTransaction:0 android.view.SurfaceView$SurfaceViewPositionUpdateListener.positionChanged:1537 android.graphics.RenderNode$CompositePositionUpdateListener.positionChanged:373 
10-16 02:05:55.658 15890 15969 I ViewRootImpl@fb2a030[MainActivity]: mWNT: t=0x7af2960100 mBlastBufferQueue=0x7b5d85c500 fn= 183 caller= android.view.SurfaceView.applyOrMergeTransaction:1455 android.view.SurfaceView.-$$Nest$mapplyOrMergeTransaction:0 android.view.SurfaceView$SurfaceViewPositionUpdateListener.positionChanged:1537 
10-16 02:05:55.658 15890 15969 I ViewRootImpl@fb2a030[MainActivity]: mWNT: t=0x7af2960b00 mBlastBufferQueue=0x7b5d85c500 fn= 183 caller= android.view.ViewRootImpl.lambda$applyTransactionOnDraw$11$android-view-ViewRootImpl:12865 android.view.ViewRootImpl$$ExternalSyntheticLambda1.onFrameDraw:4 android.graphics.HardwareRenderer$FrameDrawingCallback.onFrameDraw:924 
10-16 02:05:55.676 15890 15968 D SurfaceView@dbaee60: updateSurfacePosition RenderWorker, frameNr = 184, position = [0, -81, 1080, 444] surfaceSize = 1080x525
10-16 02:05:55.676 15890 15968 I SurfaceView@dbaee60: uSP: rtp = Rect(0, -81 - 1080, 444) rtsw = 1080 rtsh = 525
10-16 02:05:55.676 15890 15968 I SurfaceView@dbaee60: onSSPAndSRT: pl = 0 pt = -81 sx = 1.0 sy = 1.0
10-16 02:05:55.676 15890 15968 I SurfaceView@dbaee60: aOrMT: ViewRootImpl@fb2a030[MainActivity] t = android.view.SurfaceControl$Transaction@3cd2ab8 fN = 184 android.view.SurfaceView.-$$Nest$mapplyOrMergeTransaction:0 android.view.SurfaceView$SurfaceViewPositionUpdateListener.positionChanged:1537 android.graphics.RenderNode$CompositePositionUpdateListener.positionChanged:373 
10-16 02:05:55.676 15890 15968 I ViewRootImpl@fb2a030[MainActivity]: mWNT: t=0x7af2960100 mBlastBufferQueue=0x7b5d85c500 fn= 184 caller= android.view.SurfaceView.applyOrMergeTransaction:1455 android.view.SurfaceView.-$$Nest$mapplyOrMergeTransaction:0 android.view.SurfaceView$SurfaceViewPositionUpdateListener.positionChanged:1537 
10-16 02:05:55.679 15890 15890 I SurfaceView@dbaee60: Changes: creating=false format=false size=false visible=false alpha=false hint=false mUseAlpha=false visible=false left=false top=true
10-16 02:05:55.679 15890 15890 I SurfaceView@dbaee60: 230354528 Cur surface: Surface(name=null)/@0x6f36815
10-16 02:05:55.680 15890 15890 I SurfaceView@dbaee60: applyTransactionOnVriDraw: vri = ViewRootImpl@fb2a030[MainActivity] fRS = false t = 0x7af2960c00 android.view.SurfaceView.performSurfaceTransaction:959 android.view.SurfaceView.updateSurface:1105 android.view.SurfaceView.lambda$new$0$android-view-SurfaceView:200 
10-16 02:05:55.680 15890 15890 I ViewRootImpl@fb2a030[MainActivity]: applyTransactionOnDraw: mRemoved = false isHardwareEnabled = true t = 0x7af2960c00android.view.SurfaceView.applyTransactionOnVriDraw:2048 android.view.SurfaceView.performSurfaceTransaction:959 android.view.SurfaceView.updateSurface:1105 android.view.SurfaceView.lambda$new$0$android-view-SurfaceView:200 android.view.SurfaceView$$ExternalSyntheticLambda5.onPreDraw:2 
10-16 02:05:55.680 15890 15890 I SurfaceView@dbaee60: updateSurface: mVisible = true mSurface.isValid() = true
10-16 02:05:55.680 15890 15890 I SurfaceView@dbaee60: updateSurface: mSurfaceCreated = true surfaceChanged = false visibleChanged = false
10-16 02:05:55.680 15890 15890 V SurfaceView@dbaee60: Layout: x=0 y=-81 w=1080 h=525, frame=Rect(0, 0 - 1080, 525)
10-16 02:05:55.692 15890 15969 D SurfaceView@dbaee60: updateSurfacePosition RenderWorker, frameNr = 185, position = [0, -151, 1080, 374] surfaceSize = 1080x525
10-16 02:05:55.692 15890 15969 I SurfaceView@dbaee60: uSP: rtp = Rect(0, -151 - 1080, 374) rtsw = 1080 rtsh = 525
10-16 02:05:55.692 15890 15969 I SurfaceView@dbaee60: onSSPAndSRT: pl = 0 pt = -151 sx = 1.0 sy = 1.0
10-16 02:05:55.692 15890 15969 I SurfaceView@dbaee60: aOrMT: ViewRootImpl@fb2a030[MainActivity] t = android.view.SurfaceControl$Transaction@3cd2ab8 fN = 185 android.view.SurfaceView.-$$Nest$mapplyOrMergeTransaction:0 android.view.SurfaceView$SurfaceViewPositionUpdateListener.positionChanged:1537 android.graphics.RenderNode$CompositePositionUpdateListener.positionChanged:373 
10-16 02:05:55.693 15890 15969 I ViewRootImpl@fb2a030[MainActivity]: mWNT: t=0x7af2960100 mBlastBufferQueue=0x7b5d85c500 fn= 185 caller= android.view.SurfaceView.applyOrMergeTransaction:1455 android.view.SurfaceView.-$$Nest$mapplyOrMergeTransaction:0 android.view.SurfaceView$SurfaceViewPositionUpdateListener.positionChanged:1537 
10-16 02:05:55.693 15890 15969 I ViewRootImpl@fb2a030[MainActivity]: mWNT: t=0x7af2960c00 mBlastBufferQueue=0x7b5d85c500 fn= 185 caller= android.view.ViewRootImpl.lambda$applyTransactionOnDraw$11$android-view-ViewRootImpl:12865 android.view.ViewRootImpl$$ExternalSyntheticLambda1.onFrameDraw:4 android.graphics.HardwareRenderer$FrameDrawingCallback.onFrameDraw:924 
10-16 02:05:55.695 15890 15890 I SurfaceView@dbaee60: Changes: creating=false format=false size=false visible=false alpha=false hint=false mUseAlpha=false visible=false left=false top=true
10-16 02:05:55.695 15890 15890 I SurfaceView@dbaee60: 230354528 Cur surface: Surface(name=null)/@0x6f36815
10-16 02:05:55.696 15890 15890 I SurfaceView@dbaee60: applyTransactionOnVriDraw: vri = ViewRootImpl@fb2a030[MainActivity] fRS = false t = 0x7af2960d00 android.view.SurfaceView.performSurfaceTransaction:959 android.view.SurfaceView.updateSurface:1105 android.view.SurfaceView.lambda$new$0$android-view-SurfaceView:200 
10-16 02:05:55.696 15890 15890 I ViewRootImpl@fb2a030[MainActivity]: applyTransactionOnDraw: mRemoved = false isHardwareEnabled = true t = 0x7af2960d00android.view.SurfaceView.applyTransactionOnVriDraw:2048 android.view.SurfaceView.performSurfaceTransaction:959 android.view.SurfaceView.updateSurface:1105 android.view.SurfaceView.lambda$new$0$android-view-SurfaceView:200 android.view.SurfaceView$$ExternalSyntheticLambda5.onPreDraw:2 
10-16 02:05:55.696 15890 15890 I SurfaceView@dbaee60: updateSurface: mVisible = true mSurface.isValid() = true
10-16 02:05:55.696 15890 15890 I SurfaceView@dbaee60: updateSurface: mSurfaceCreated = true surfaceChanged = false visibleChanged = false
10-16 02:05:55.696 15890 15890 V SurfaceView@dbaee60: Layout: x=0 y=-151 w=1080 h=525, frame=Rect(0, 0 - 1080, 525)
10-16 02:05:55.706 15890 15968 D SurfaceView@dbaee60: updateSurfacePosition RenderWorker, frameNr = 186, position = [0, -234, 1080, 291] surfaceSize = 1080x525
10-16 02:05:55.707 15890 15968 I SurfaceView@dbaee60: uSP: rtp = Rect(0, -234 - 1080, 291) rtsw = 1080 rtsh = 525
10-16 02:05:55.707 15890 15968 I SurfaceView@dbaee60: onSSPAndSRT: pl = 0 pt = -234 sx = 1.0 sy = 1.0
10-16 02:05:55.707 15890 15968 I SurfaceView@dbaee60: aOrMT: ViewRootImpl@fb2a030[MainActivity] t = android.view.SurfaceControl$Transaction@3cd2ab8 fN = 186 android.view.SurfaceView.-$$Nest$mapplyOrMergeTransaction:0 android.view.SurfaceView$SurfaceViewPositionUpdateListener.positionChanged:1537 android.graphics.RenderNode$CompositePositionUpdateListener.positionChanged:373 
10-16 02:05:55.707 15890 15968 I ViewRootImpl@fb2a030[MainActivity]: mWNT: t=0x7af2960100 mBlastBufferQueue=0x7b5d85c500 fn= 186 caller= android.view.SurfaceView.applyOrMergeTransaction:1455 android.view.SurfaceView.-$$Nest$mapplyOrMergeTransaction:0 android.view.SurfaceView$SurfaceViewPositionUpdateListener.positionChanged:1537 
10-16 02:05:55.707 15890 15968 I ViewRootImpl@fb2a030[MainActivity]: mWNT: t=0x7af2960d00 mBlastBufferQueue=0x7b5d85c500 fn= 186 caller= android.view.ViewRootImpl.lambda$applyTransactionOnDraw$11$android-view-ViewRootImpl:12865 android.view.ViewRootImpl$$ExternalSyntheticLambda1.onFrameDraw:4 android.graphics.HardwareRenderer$FrameDrawingCallback.onFrameDraw:924 
10-16 02:05:55.710 15890 15890 I SurfaceView@dbaee60: Changes: creating=false format=false size=false visible=false alpha=false hint=false mUseAlpha=false visible=false left=false top=true
10-16 02:05:55.710 15890 15890 I SurfaceView@dbaee60: 230354528 Cur surface: Surface(name=null)/@0x6f36815
10-16 02:05:55.710 15890 15890 I SurfaceView@dbaee60: applyTransactionOnVriDraw: vri = ViewRootImpl@fb2a030[MainActivity] fRS = false t = 0x7af2960e00 android.view.SurfaceView.performSurfaceTransaction:959 android.view.SurfaceView.updateSurface:1105 android.view.SurfaceView.lambda$new$0$android-view-SurfaceView:200 
10-16 02:05:55.710 15890 15890 I ViewRootImpl@fb2a030[MainActivity]: applyTransactionOnDraw: mRemoved = false isHardwareEnabled = true t = 0x7af2960e00android.view.SurfaceView.applyTransactionOnVriDraw:2048 android.view.SurfaceView.performSurfaceTransaction:959 android.view.SurfaceView.updateSurface:1105 android.view.SurfaceView.lambda$new$0$android-view-SurfaceView:200 android.view.SurfaceView$$ExternalSyntheticLambda5.onPreDraw:2 
10-16 02:05:55.710 15890 15890 I SurfaceView@dbaee60: updateSurface: mVisible = true mSurface.isValid() = true
10-16 02:05:55.710 15890 15890 I SurfaceView@dbaee60: updateSurface: mSurfaceCreated = true surfaceChanged = false visibleChanged = false
10-16 02:05:55.710 15890 15890 V SurfaceView@dbaee60: Layout: x=0 y=-234 w=1080 h=525, frame=Rect(0, 0 - 1080, 525)
10-16 02:05:55.724 15890 15969 D SurfaceView@dbaee60: updateSurfacePosition RenderWorker, frameNr = 187, position = [0, -329, 1080, 196] surfaceSize = 1080x525
10-16 02:05:55.725 15890 15969 I SurfaceView@dbaee60: uSP: rtp = Rect(0, -329 - 1080, 196) rtsw = 1080 rtsh = 525
10-16 02:05:55.725 15890 15969 I SurfaceView@dbaee60: onSSPAndSRT: pl = 0 pt = -329 sx = 1.0 sy = 1.0
10-16 02:05:55.725 15890 15969 I SurfaceView@dbaee60: aOrMT: ViewRootImpl@fb2a030[MainActivity] t = android.view.SurfaceControl$Transaction@3cd2ab8 fN = 187 android.view.SurfaceView.-$$Nest$mapplyOrMergeTransaction:0 android.view.SurfaceView$SurfaceViewPositionUpdateListener.positionChanged:1537 android.graphics.RenderNode$CompositePositionUpdateListener.positionChanged:373 
10-16 02:05:55.725 15890 15969 I ViewRootImpl@fb2a030[MainActivity]: mWNT: t=0x7af2960100 mBlastBufferQueue=0x7b5d85c500 fn= 187 caller= android.view.SurfaceView.applyOrMergeTransaction:1455 android.view.SurfaceView.-$$Nest$mapplyOrMergeTransaction:0 android.view.SurfaceView$SurfaceViewPositionUpdateListener.positionChanged:1537 
10-16 02:05:55.725 15890 15969 I ViewRootImpl@fb2a030[MainActivity]: mWNT: t=0x7af2960e00 mBlastBufferQueue=0x7b5d85c500 fn= 187 caller= android.view.ViewRootImpl.lambda$applyTransactionOnDraw$11$android-view-ViewRootImpl:12865 android.view.ViewRootImpl$$ExternalSyntheticLambda1.onFrameDraw:4 android.graphics.HardwareRenderer$FrameDrawingCallback.onFrameDraw:924 
10-16 02:05:55.728 15890 15890 I SurfaceView@dbaee60: Changes: creating=false format=false size=false visible=false alpha=false hint=false mUseAlpha=false visible=false left=false top=true
10-16 02:05:55.728 15890 15890 I SurfaceView@dbaee60: 230354528 Cur surface: Surface(name=null)/@0x6f36815
10-16 02:05:55.729 15890 15890 I SurfaceView@dbaee60: applyTransactionOnVriDraw: vri = ViewRootImpl@fb2a030[MainActivity] fRS = false t = 0x7af2960f00 android.view.SurfaceView.performSurfaceTransaction:959 android.view.SurfaceView.updateSurface:1105 android.view.SurfaceView.lambda$new$0$android-view-SurfaceView:200 
10-16 02:05:55.729 15890 15890 I ViewRootImpl@fb2a030[MainActivity]: applyTransactionOnDraw: mRemoved = false isHardwareEnabled = true t = 0x7af2960f00android.view.SurfaceView.applyTransactionOnVriDraw:2048 android.view.SurfaceView.performSurfaceTransaction:959 android.view.SurfaceView.updateSurface:1105 android.view.SurfaceView.lambda$new$0$android-view-SurfaceView:200 android.view.SurfaceView$$ExternalSyntheticLambda5.onPreDraw:2 
10-16 02:05:55.729 15890 15890 I SurfaceView@dbaee60: updateSurface: mVisible = true mSurface.isValid() = true
10-16 02:05:55.729 15890 15890 I SurfaceView@dbaee60: updateSurface: mSurfaceCreated = true surfaceChanged = false visibleChanged = false
10-16 02:05:55.729 15890 15890 V SurfaceView@dbaee60: Layout: x=0 y=-329 w=1080 h=525, frame=Rect(0, 0 - 1080, 525)
10-16 02:05:55.742 15890 15968 D SurfaceView@dbaee60: updateSurfacePosition RenderWorker, frameNr = 188, position = [0, -428, 1080, 97] surfaceSize = 1080x525
10-16 02:05:55.742 15890 15968 I SurfaceView@dbaee60: uSP: rtp = Rect(0, -428 - 1080, 97) rtsw = 1080 rtsh = 525
10-16 02:05:55.742 15890 15968 I SurfaceView@dbaee60: onSSPAndSRT: pl = 0 pt = -428 sx = 1.0 sy = 1.0
10-16 02:05:55.742 15890 15968 I SurfaceView@dbaee60: aOrMT: ViewRootImpl@fb2a030[MainActivity] t = android.view.SurfaceControl$Transaction@3cd2ab8 fN = 188 android.view.SurfaceView.-$$Nest$mapplyOrMergeTransaction:0 android.view.SurfaceView$SurfaceViewPositionUpdateListener.positionChanged:1537 android.graphics.RenderNode$CompositePositionUpdateListener.positionChanged:373 
10-16 02:05:55.743 15890 15968 I ViewRootImpl@fb2a030[MainActivity]: mWNT: t=0x7af2960100 mBlastBufferQueue=0x7b5d85c500 fn= 188 caller= android.view.SurfaceView.applyOrMergeTransaction:1455 android.view.SurfaceView.-$$Nest$mapplyOrMergeTransaction:0 android.view.SurfaceView$SurfaceViewPositionUpdateListener.positionChanged:1537 
10-16 02:05:55.743 15890 15968 I ViewRootImpl@fb2a030[MainActivity]: mWNT: t=0x7af2960f00 mBlastBufferQueue=0x7b5d85c500 fn= 188 caller= android.view.ViewRootImpl.lambda$applyTransactionOnDraw$11$android-view-ViewRootImpl:12865 android.view.ViewRootImpl$$ExternalSyntheticLambda1.onFrameDraw:4 android.graphics.HardwareRenderer$FrameDrawingCallback.onFrameDraw:924 
10-16 02:05:55.745 15890 15890 I SurfaceView@dbaee60: Changes: creating=false format=false size=false visible=false alpha=false hint=false mUseAlpha=false visible=false left=false top=true
10-16 02:05:55.745 15890 15890 I SurfaceView@dbaee60: 230354528 Cur surface: Surface(name=null)/@0x6f36815
10-16 02:05:55.746 15890 15890 I SurfaceView@dbaee60: applyTransactionOnVriDraw: vri = ViewRootImpl@fb2a030[MainActivity] fRS = false t = 0x7af299b000 android.view.SurfaceView.performSurfaceTransaction:959 android.view.SurfaceView.updateSurface:1105 android.view.SurfaceView.lambda$new$0$android-view-SurfaceView:200 
10-16 02:05:55.746 15890 15890 I ViewRootImpl@fb2a030[MainActivity]: applyTransactionOnDraw: mRemoved = false isHardwareEnabled = true t = 0x7af299b000android.view.SurfaceView.applyTransactionOnVriDraw:2048 android.view.SurfaceView.performSurfaceTransaction:959 android.view.SurfaceView.updateSurface:1105 android.view.SurfaceView.lambda$new$0$android-view-SurfaceView:200 android.view.SurfaceView$$ExternalSyntheticLambda5.onPreDraw:2 
10-16 02:05:55.746 15890 15890 I SurfaceView@dbaee60: updateSurface: mVisible = true mSurface.isValid() = true
10-16 02:05:55.746 15890 15890 I SurfaceView@dbaee60: updateSurface: mSurfaceCreated = true surfaceChanged = false visibleChanged = false
10-16 02:05:55.746 15890 15890 V SurfaceView@dbaee60: Layout: x=0 y=-428 w=1080 h=525, frame=Rect(0, 0 - 1080, 525)
10-16 02:05:55.760 15890 15969 D SurfaceView@dbaee60: updateSurfacePosition RenderWorker, frameNr = 189, position = [0, -527, 1080, -2] surfaceSize = 1080x525
10-16 02:05:55.760 15890 15969 I SurfaceView@dbaee60: uSP: rtp = Rect(0, -527 - 1080, -2) rtsw = 1080 rtsh = 525
10-16 02:05:55.760 15890 15969 I SurfaceView@dbaee60: onSSPAndSRT: pl = 0 pt = -527 sx = 1.0 sy = 1.0
10-16 02:05:55.760 15890 15969 I SurfaceView@dbaee60: aOrMT: ViewRootImpl@fb2a030[MainActivity] t = android.view.SurfaceControl$Transaction@3cd2ab8 fN = 189 android.view.SurfaceView.-$$Nest$mapplyOrMergeTransaction:0 android.view.SurfaceView$SurfaceViewPositionUpdateListener.positionChanged:1537 android.graphics.RenderNode$CompositePositionUpdateListener.positionChanged:373 
10-16 02:05:55.760 15890 15969 I ViewRootImpl@fb2a030[MainActivity]: mWNT: t=0x7af2960100 mBlastBufferQueue=0x7b5d85c500 fn= 189 caller= android.view.SurfaceView.applyOrMergeTransaction:1455 android.view.SurfaceView.-$$Nest$mapplyOrMergeTransaction:0 android.view.SurfaceView$SurfaceViewPositionUpdateListener.positionChanged:1537 
10-16 02:05:55.761 15890 15969 I ViewRootImpl@fb2a030[MainActivity]: mWNT: t=0x7af299b000 mBlastBufferQueue=0x7b5d85c500 fn= 189 caller= android.view.ViewRootImpl.lambda$applyTransactionOnDraw$11$android-view-ViewRootImpl:12865 android.view.ViewRootImpl$$ExternalSyntheticLambda1.onFrameDraw:4 android.graphics.HardwareRenderer$FrameDrawingCallback.onFrameDraw:924 
10-16 02:05:55.763 15890 15890 I SurfaceView@dbaee60: Changes: creating=false format=false size=false visible=false alpha=false hint=false mUseAlpha=false visible=false left=false top=true
10-16 02:05:55.763 15890 15890 I SurfaceView@dbaee60: 230354528 Cur surface: Surface(name=null)/@0x6f36815
10-16 02:05:55.764 15890 15890 I SurfaceView@dbaee60: applyTransactionOnVriDraw: vri = ViewRootImpl@fb2a030[MainActivity] fRS = false t = 0x7b2f324000 android.view.SurfaceView.performSurfaceTransaction:959 android.view.SurfaceView.updateSurface:1105 android.view.SurfaceView.lambda$new$0$android-view-SurfaceView:200 
10-16 02:05:55.764 15890 15890 I ViewRootImpl@fb2a030[MainActivity]: applyTransactionOnDraw: mRemoved = false isHardwareEnabled = true t = 0x7b2f324000android.view.SurfaceView.applyTransactionOnVriDraw:2048 android.view.SurfaceView.performSurfaceTransaction:959 android.view.SurfaceView.updateSurface:1105 android.view.SurfaceView.lambda$new$0$android-view-SurfaceView:200 android.view.SurfaceView$$ExternalSyntheticLambda5.onPreDraw:2 
10-16 02:05:55.764 15890 15890 I SurfaceView@dbaee60: updateSurface: mVisible = true mSurface.isValid() = true
10-16 02:05:55.764 15890 15890 I SurfaceView@dbaee60: updateSurface: mSurfaceCreated = true surfaceChanged = false visibleChanged = false
10-16 02:05:55.764 15890 15890 V SurfaceView@dbaee60: Layout: x=0 y=-527 w=1080 h=525, frame=Rect(0, 0 - 1080, 525)
10-16 02:05:55.775 15890 15968 D SurfaceView@dbaee60: updateSurfacePosition RenderWorker, frameNr = 190, position = [0, -628, 1080, -103] surfaceSize = 1080x525
10-16 02:05:55.775 15890 15968 I SurfaceView@dbaee60: uSP: rtp = Rect(0, -628 - 1080, -103) rtsw = 1080 rtsh = 525
10-16 02:05:55.775 15890 15968 I SurfaceView@dbaee60: onSSPAndSRT: pl = 0 pt = -628 sx = 1.0 sy = 1.0
10-16 02:05:55.775 15890 15968 I SurfaceView@dbaee60: aOrMT: ViewRootImpl@fb2a030[MainActivity] t = android.view.SurfaceControl$Transaction@3cd2ab8 fN = 190 android.view.SurfaceView.-$$Nest$mapplyOrMergeTransaction:0 android.view.SurfaceView$SurfaceViewPositionUpdateListener.positionChanged:1537 android.graphics.RenderNode$CompositePositionUpdateListener.positionChanged:373 
10-16 02:05:55.775 15890 15968 I ViewRootImpl@fb2a030[MainActivity]: mWNT: t=0x7af2960100 mBlastBufferQueue=0x7b5d85c500 fn= 190 caller= android.view.SurfaceView.applyOrMergeTransaction:1455 android.view.SurfaceView.-$$Nest$mapplyOrMergeTransaction:0 android.view.SurfaceView$SurfaceViewPositionUpdateListener.positionChanged:1537 
10-16 02:05:55.776 15890 15968 I ViewRootImpl@fb2a030[MainActivity]: mWNT: t=0x7b2f324000 mBlastBufferQueue=0x7b5d85c500 fn= 190 caller= android.view.ViewRootImpl.lambda$applyTransactionOnDraw$11$android-view-ViewRootImpl:12865 android.view.ViewRootImpl$$ExternalSyntheticLambda1.onFrameDraw:4 android.graphics.HardwareRenderer$FrameDrawingCallback.onFrameDraw:924 
10-16 02:05:55.778 15890 15890 I SurfaceView@dbaee60: Changes: creating=false format=false size=false visible=false alpha=false hint=false mUseAlpha=false visible=false left=false top=true
10-16 02:05:55.778 15890 15890 I SurfaceView@dbaee60: 230354528 Cur surface: Surface(name=null)/@0x6f36815
10-16 02:05:55.779 15890 15890 I SurfaceView@dbaee60: applyTransactionOnVriDraw: vri = ViewRootImpl@fb2a030[MainActivity] fRS = false t = 0x7b2f324100 android.view.SurfaceView.performSurfaceTransaction:959 android.view.SurfaceView.updateSurface:1105 android.view.SurfaceView.lambda$new$0$android-view-SurfaceView:200 
10-16 02:05:55.779 15890 15890 I ViewRootImpl@fb2a030[MainActivity]: applyTransactionOnDraw: mRemoved = false isHardwareEnabled = true t = 0x7b2f324100android.view.SurfaceView.applyTransactionOnVriDraw:2048 android.view.SurfaceView.performSurfaceTransaction:959 android.view.SurfaceView.updateSurface:1105 android.view.SurfaceView.lambda$new$0$android-view-SurfaceView:200 android.view.SurfaceView$$ExternalSyntheticLambda5.onPreDraw:2 
10-16 02:05:55.779 15890 15890 I SurfaceView@dbaee60: updateSurface: mVisible = true mSurface.isValid() = true
10-16 02:05:55.779 15890 15890 I SurfaceView@dbaee60: updateSurface: mSurfaceCreated = true surfaceChanged = false visibleChanged = false
10-16 02:05:55.779 15890 15890 V SurfaceView@dbaee60: Layout: x=0 y=-628 w=1080 h=525, frame=Rect(0, 0 - 1080, 525)
10-16 02:05:55.793 15890 15969 D SurfaceView@dbaee60: updateSurfacePosition RenderWorker, frameNr = 191, position = [0, -727, 1080, -202] surfaceSize = 1080x525
10-16 02:05:55.793 15890 15969 I SurfaceView@dbaee60: uSP: rtp = Rect(0, -727 - 1080, -202) rtsw = 1080 rtsh = 525
10-16 02:05:55.793 15890 15969 I SurfaceView@dbaee60: onSSPAndSRT: pl = 0 pt = -727 sx = 1.0 sy = 1.0
10-16 02:05:55.794 15890 15969 I SurfaceView@dbaee60: aOrMT: ViewRootImpl@fb2a030[MainActivity] t = android.view.SurfaceControl$Transaction@3cd2ab8 fN = 191 android.view.SurfaceView.-$$Nest$mapplyOrMergeTransaction:0 android.view.SurfaceView$SurfaceViewPositionUpdateListener.positionChanged:1537 android.graphics.RenderNode$CompositePositionUpdateListener.positionChanged:373 
10-16 02:05:55.794 15890 15969 I ViewRootImpl@fb2a030[MainActivity]: mWNT: t=0x7af2960100 mBlastBufferQueue=0x7b5d85c500 fn= 191 caller= android.view.SurfaceView.applyOrMergeTransaction:1455 android.view.SurfaceView.-$$Nest$mapplyOrMergeTransaction:0 android.view.SurfaceView$SurfaceViewPositionUpdateListener.positionChanged:1537 
10-16 02:05:55.794 15890 15969 I ViewRootImpl@fb2a030[MainActivity]: mWNT: t=0x7b2f324100 mBlastBufferQueue=0x7b5d85c500 fn= 191 caller= android.view.ViewRootImpl.lambda$applyTransactionOnDraw$11$android-view-ViewRootImpl:12865 android.view.ViewRootImpl$$ExternalSyntheticLambda1.onFrameDraw:4 android.graphics.HardwareRenderer$FrameDrawingCallback.onFrameDraw:924 
10-16 02:05:55.796 15890 15890 I SurfaceView@dbaee60: Changes: creating=false format=false size=false visible=false alpha=false hint=false mUseAlpha=false visible=false left=false top=true
10-16 02:05:55.796 15890 15890 I SurfaceView@dbaee60: 230354528 Cur surface: Surface(name=null)/@0x6f36815
10-16 02:05:55.797 15890 15890 I SurfaceView@dbaee60: applyTransactionOnVriDraw: vri = ViewRootImpl@fb2a030[MainActivity] fRS = false t = 0x7b2f324200 android.view.SurfaceView.performSurfaceTransaction:959 android.view.SurfaceView.updateSurface:1105 android.view.SurfaceView.lambda$new$0$android-view-SurfaceView:200 
10-16 02:05:55.797 15890 15890 I ViewRootImpl@fb2a030[MainActivity]: applyTransactionOnDraw: mRemoved = false isHardwareEnabled = true t = 0x7b2f324200android.view.SurfaceView.applyTransactionOnVriDraw:2048 android.view.SurfaceView.performSurfaceTransaction:959 android.view.SurfaceView.updateSurface:1105 android.view.SurfaceView.lambda$new$0$android-view-SurfaceView:200 android.view.SurfaceView$$ExternalSyntheticLambda5.onPreDraw:2 
10-16 02:05:55.797 15890 15890 I SurfaceView@dbaee60: updateSurface: mVisible = true mSurface.isValid() = true
10-16 02:05:55.797 15890 15890 I SurfaceView@dbaee60: updateSurface: mSurfaceCreated = true surfaceChanged = false visibleChanged = false
10-16 02:05:55.797 15890 15890 V SurfaceView@dbaee60: Layout: x=0 y=-727 w=1080 h=525, frame=Rect(0, 0 - 1080, 525)
10-16 02:05:55.811 15890 15968 D SurfaceView@dbaee60: updateSurfacePosition RenderWorker, frameNr = 192, position = [0, -818, 1080, -293] surfaceSize = 1080x525
10-16 02:05:55.811 15890 15968 I SurfaceView@dbaee60: uSP: rtp = Rect(0, -818 - 1080, -293) rtsw = 1080 rtsh = 525
10-16 02:05:55.811 15890 15968 I SurfaceView@dbaee60: onSSPAndSRT: pl = 0 pt = -818 sx = 1.0 sy = 1.0
10-16 02:05:55.811 15890 15968 I SurfaceView@dbaee60: aOrMT: ViewRootImpl@fb2a030[MainActivity] t = android.view.SurfaceControl$Transaction@3cd2ab8 fN = 192 android.view.SurfaceView.-$$Nest$mapplyOrMergeTransaction:0 android.view.SurfaceView$SurfaceViewPositionUpdateListener.positionChanged:1537 android.graphics.RenderNode$CompositePositionUpdateListener.positionChanged:373 
10-16 02:05:55.811 15890 15968 I ViewRootImpl@fb2a030[MainActivity]: mWNT: t=0x7af2960100 mBlastBufferQueue=0x7b5d85c500 fn= 192 caller= android.view.SurfaceView.applyOrMergeTransaction:1455 android.view.SurfaceView.-$$Nest$mapplyOrMergeTransaction:0 android.view.SurfaceView$SurfaceViewPositionUpdateListener.positionChanged:1537 
