10-17 19:30:44.771 29384 29384 I SurfaceView@6db53c0: Changes: creating=false format=false size=false visible=false alpha=false hint=false mUseAlpha=false visible=false left=false top=true
10-17 19:30:44.771 29384 29384 I SurfaceView@6db53c0: 115037120 Cur surface: Surface(name=null)/@0x9f88cff
10-17 19:30:44.771 29384 29384 I SurfaceView@6db53c0: applyTransactionOnVriDraw: vri = ViewRootImpl@61751e2[MainActivity] fRS = false t = 0x7bed82a300 android.view.SurfaceView.performSurfaceTransaction:959 android.view.SurfaceView.updateSurface:1105 android.view.SurfaceView.lambda$new$0$android-view-SurfaceView:200 
10-17 19:30:44.772 29384 29384 I ViewRootImpl@61751e2[MainActivity]: applyTransactionOnDraw: mRemoved = false isHardwareEnabled = true t = 0x7bed82a300android.view.SurfaceView.applyTransactionOnVriDraw:2048 android.view.SurfaceView.performSurfaceTransaction:959 android.view.SurfaceView.updateSurface:1105 android.view.SurfaceView.lambda$new$0$android-view-SurfaceView:200 android.view.SurfaceView$$ExternalSyntheticLambda5.onPreDraw:2 
10-17 19:30:44.772 29384 29384 I SurfaceView@6db53c0: updateSurface: mVisible = true mSurface.isValid() = true
10-17 19:30:44.772 29384 29384 I SurfaceView@6db53c0: updateSurface: mSurfaceCreated = true surfaceChanged = false visibleChanged = false
10-17 19:30:44.772 29384 29384 V SurfaceView@6db53c0: Layout: x=0 y=-327 w=1080 h=525, frame=Rect(0, 0 - 1080, 525)
10-17 19:30:44.774 29384 29456 D SurfaceView@6db53c0: updateSurfacePosition RenderWorker, frameNr = 641, position = [0, -327, 1080, 198] surfaceSize = 1080x525
10-17 19:30:44.774 29384 29456 I SurfaceView@6db53c0: uSP: rtp = Rect(0, -327 - 1080, 198) rtsw = 1080 rtsh = 525
10-17 19:30:44.774 29384 29456 I SurfaceView@6db53c0: onSSPAndSRT: pl = 0 pt = -327 sx = 1.0 sy = 1.0
10-17 19:30:44.775 29384 29456 I SurfaceView@6db53c0: aOrMT: ViewRootImpl@61751e2[MainActivity] t = android.view.SurfaceControl$Transaction@6eae7b8 fN = 641 android.view.SurfaceView.-$$Nest$mapplyOrMergeTransaction:0 android.view.SurfaceView$SurfaceViewPositionUpdateListener.positionChanged:1537 android.graphics.RenderNode$CompositePositionUpdateListener.positionChanged:373 
10-17 19:30:44.775 29384 29456 I ViewRootImpl@61751e2[MainActivity]: mWNT: t=0x7b1a3d4900 mBlastBufferQueue=0x7b5c3e7900 fn= 641 caller= android.view.SurfaceView.applyOrMergeTransaction:1455 android.view.SurfaceView.-$$Nest$mapplyOrMergeTransaction:0 android.view.SurfaceView$SurfaceViewPositionUpdateListener.positionChanged:1537 
10-17 19:30:44.775 29384 29456 I ViewRootImpl@61751e2[MainActivity]: mWNT: t=0x7bed82a300 mBlastBufferQueue=0x7b5c3e7900 fn= 641 caller= android.view.ViewRootImpl.lambda$applyTransactionOnDraw$11$android-view-ViewRootImpl:12865 android.view.ViewRootImpl$$ExternalSyntheticLambda1.onFrameDraw:4 android.graphics.HardwareRenderer$FrameDrawingCallback.onFrameDraw:924 
10-17 19:30:44.788 29384 29384 I SurfaceView@6db53c0: Changes: creating=false format=false size=false visible=false alpha=false hint=false mUseAlpha=false visible=false left=false top=true
10-17 19:30:44.788 29384 29384 I SurfaceView@6db53c0: 115037120 Cur surface: Surface(name=null)/@0x9f88cff
10-17 19:30:44.788 29384 29384 I SurfaceView@6db53c0: applyTransactionOnVriDraw: vri = ViewRootImpl@61751e2[MainActivity] fRS = false t = 0x7bed82a400 android.view.SurfaceView.performSurfaceTransaction:959 android.view.SurfaceView.updateSurface:1105 android.view.SurfaceView.lambda$new$0$android-view-SurfaceView:200 
10-17 19:30:44.788 29384 29384 I ViewRootImpl@61751e2[MainActivity]: applyTransactionOnDraw: mRemoved = false isHardwareEnabled = true t = 0x7bed82a400android.view.SurfaceView.applyTransactionOnVriDraw:2048 android.view.SurfaceView.performSurfaceTransaction:959 android.view.SurfaceView.updateSurface:1105 android.view.SurfaceView.lambda$new$0$android-view-SurfaceView:200 android.view.SurfaceView$$ExternalSyntheticLambda5.onPreDraw:2 
10-17 19:30:44.788 29384 29384 I SurfaceView@6db53c0: updateSurface: mVisible = true mSurface.isValid() = true
10-17 19:30:44.788 29384 29384 I SurfaceView@6db53c0: updateSurface: mSurfaceCreated = true surfaceChanged = false visibleChanged = false
10-17 19:30:44.788 29384 29384 V SurfaceView@6db53c0: Layout: x=0 y=-467 w=1080 h=525, frame=Rect(0, 0 - 1080, 525)
10-17 19:30:44.790 29384 29457 D SurfaceView@6db53c0: updateSurfacePosition RenderWorker, frameNr = 642, position = [0, -467, 1080, 58] surfaceSize = 1080x525
10-17 19:30:44.791 29384 29457 I SurfaceView@6db53c0: uSP: rtp = Rect(0, -467 - 1080, 58) rtsw = 1080 rtsh = 525
10-17 19:30:44.791 29384 29457 I SurfaceView@6db53c0: onSSPAndSRT: pl = 0 pt = -467 sx = 1.0 sy = 1.0
10-17 19:30:44.791 29384 29457 I SurfaceView@6db53c0: aOrMT: ViewRootImpl@61751e2[MainActivity] t = android.view.SurfaceControl$Transaction@6eae7b8 fN = 642 android.view.SurfaceView.-$$Nest$mapplyOrMergeTransaction:0 android.view.SurfaceView$SurfaceViewPositionUpdateListener.positionChanged:1537 android.graphics.RenderNode$CompositePositionUpdateListener.positionChanged:373 
10-17 19:30:44.791 29384 29457 I ViewRootImpl@61751e2[MainActivity]: mWNT: t=0x7b1a3d4900 mBlastBufferQueue=0x7b5c3e7900 fn= 642 caller= android.view.SurfaceView.applyOrMergeTransaction:1455 android.view.SurfaceView.-$$Nest$mapplyOrMergeTransaction:0 android.view.SurfaceView$SurfaceViewPositionUpdateListener.positionChanged:1537 
10-17 19:30:44.791 29384 29457 I ViewRootImpl@61751e2[MainActivity]: mWNT: t=0x7bed82a400 mBlastBufferQueue=0x7b5c3e7900 fn= 642 caller= android.view.ViewRootImpl.lambda$applyTransactionOnDraw$11$android-view-ViewRootImpl:12865 android.view.ViewRootImpl$$ExternalSyntheticLambda1.onFrameDraw:4 android.graphics.HardwareRenderer$FrameDrawingCallback.onFrameDraw:924 
10-17 19:30:44.806 29384 29384 I SurfaceView@6db53c0: Changes: creating=false format=false size=false visible=false alpha=false hint=false mUseAlpha=false visible=false left=false top=true
10-17 19:30:44.806 29384 29384 I SurfaceView@6db53c0: 115037120 Cur surface: Surface(name=null)/@0x9f88cff
10-17 19:30:44.806 29384 29384 I SurfaceView@6db53c0: applyTransactionOnVriDraw: vri = ViewRootImpl@61751e2[MainActivity] fRS = false t = 0x7bed82a500 android.view.SurfaceView.performSurfaceTransaction:959 android.view.SurfaceView.updateSurface:1105 android.view.SurfaceView.lambda$new$0$android-view-SurfaceView:200 
10-17 19:30:44.807 29384 29384 I ViewRootImpl@61751e2[MainActivity]: applyTransactionOnDraw: mRemoved = false isHardwareEnabled = true t = 0x7bed82a500android.view.SurfaceView.applyTransactionOnVriDraw:2048 android.view.SurfaceView.performSurfaceTransaction:959 android.view.SurfaceView.updateSurface:1105 android.view.SurfaceView.lambda$new$0$android-view-SurfaceView:200 android.view.SurfaceView$$ExternalSyntheticLambda5.onPreDraw:2 
10-17 19:30:44.807 29384 29384 I SurfaceView@6db53c0: updateSurface: mVisible = true mSurface.isValid() = true
10-17 19:30:44.807 29384 29384 I SurfaceView@6db53c0: updateSurface: mSurfaceCreated = true surfaceChanged = false visibleChanged = false
10-17 19:30:44.807 29384 29384 V SurfaceView@6db53c0: Layout: x=0 y=-605 w=1080 h=525, frame=Rect(0, 0 - 1080, 525)
10-17 19:30:44.809 29384 29456 D SurfaceView@6db53c0: updateSurfacePosition RenderWorker, frameNr = 643, position = [0, -605, 1080, -80] surfaceSize = 1080x525
10-17 19:30:44.809 29384 29456 I SurfaceView@6db53c0: uSP: rtp = Rect(0, -605 - 1080, -80) rtsw = 1080 rtsh = 525
10-17 19:30:44.809 29384 29456 I SurfaceView@6db53c0: onSSPAndSRT: pl = 0 pt = -605 sx = 1.0 sy = 1.0
10-17 19:30:44.809 29384 29456 I SurfaceView@6db53c0: aOrMT: ViewRootImpl@61751e2[MainActivity] t = android.view.SurfaceControl$Transaction@6eae7b8 fN = 643 android.view.SurfaceView.-$$Nest$mapplyOrMergeTransaction:0 android.view.SurfaceView$SurfaceViewPositionUpdateListener.positionChanged:1537 android.graphics.RenderNode$CompositePositionUpdateListener.positionChanged:373 
10-17 19:30:44.809 29384 29456 I ViewRootImpl@61751e2[MainActivity]: mWNT: t=0x7b1a3d4900 mBlastBufferQueue=0x7b5c3e7900 fn= 643 caller= android.view.SurfaceView.applyOrMergeTransaction:1455 android.view.SurfaceView.-$$Nest$mapplyOrMergeTransaction:0 android.view.SurfaceView$SurfaceViewPositionUpdateListener.positionChanged:1537 
10-17 19:30:44.810 29384 29456 I ViewRootImpl@61751e2[MainActivity]: mWNT: t=0x7bed82a500 mBlastBufferQueue=0x7b5c3e7900 fn= 643 caller= android.view.ViewRootImpl.lambda$applyTransactionOnDraw$11$android-view-ViewRootImpl:12865 android.view.ViewRootImpl$$ExternalSyntheticLambda1.onFrameDraw:4 android.graphics.HardwareRenderer$FrameDrawingCallback.onFrameDraw:924 
10-17 19:30:44.823 29384 29384 I SurfaceView@6db53c0: Changes: creating=false format=false size=false visible=false alpha=false hint=false mUseAlpha=false visible=false left=false top=true
10-17 19:30:44.823 29384 29384 I SurfaceView@6db53c0: 115037120 Cur surface: Surface(name=null)/@0x9f88cff
10-17 19:30:44.824 29384 29384 I SurfaceView@6db53c0: applyTransactionOnVriDraw: vri = ViewRootImpl@61751e2[MainActivity] fRS = false t = 0x7bed82a600 android.view.SurfaceView.performSurfaceTransaction:959 android.view.SurfaceView.updateSurface:1105 android.view.SurfaceView.lambda$new$0$android-view-SurfaceView:200 
10-17 19:30:44.824 29384 29384 I ViewRootImpl@61751e2[MainActivity]: applyTransactionOnDraw: mRemoved = false isHardwareEnabled = true t = 0x7bed82a600android.view.SurfaceView.applyTransactionOnVriDraw:2048 android.view.SurfaceView.performSurfaceTransaction:959 android.view.SurfaceView.updateSurface:1105 android.view.SurfaceView.lambda$new$0$android-view-SurfaceView:200 android.view.SurfaceView$$ExternalSyntheticLambda5.onPreDraw:2 
10-17 19:30:44.824 29384 29384 I SurfaceView@6db53c0: updateSurface: mVisible = true mSurface.isValid() = true
10-17 19:30:44.824 29384 29384 I SurfaceView@6db53c0: updateSurface: mSurfaceCreated = true surfaceChanged = false visibleChanged = false
10-17 19:30:44.824 29384 29384 V SurfaceView@6db53c0: Layout: x=0 y=-749 w=1080 h=525, frame=Rect(0, 0 - 1080, 525)
10-17 19:30:44.828 29384 29457 D SurfaceView@6db53c0: updateSurfacePosition RenderWorker, frameNr = 644, position = [0, -749, 1080, -224] surfaceSize = 1080x525
10-17 19:30:44.828 29384 29457 I SurfaceView@6db53c0: uSP: rtp = Rect(0, -749 - 1080, -224) rtsw = 1080 rtsh = 525
10-17 19:30:44.828 29384 29457 I SurfaceView@6db53c0: onSSPAndSRT: pl = 0 pt = -749 sx = 1.0 sy = 1.0
10-17 19:30:44.828 29384 29457 I SurfaceView@6db53c0: aOrMT: ViewRootImpl@61751e2[MainActivity] t = android.view.SurfaceControl$Transaction@6eae7b8 fN = 644 android.view.SurfaceView.-$$Nest$mapplyOrMergeTransaction:0 android.view.SurfaceView$SurfaceViewPositionUpdateListener.positionChanged:1537 android.graphics.RenderNode$CompositePositionUpdateListener.positionChanged:373 
10-17 19:30:44.829 29384 29457 I ViewRootImpl@61751e2[MainActivity]: mWNT: t=0x7b1a3d4900 mBlastBufferQueue=0x7b5c3e7900 fn= 644 caller= android.view.SurfaceView.applyOrMergeTransaction:1455 android.view.SurfaceView.-$$Nest$mapplyOrMergeTransaction:0 android.view.SurfaceView$SurfaceViewPositionUpdateListener.positionChanged:1537 
10-17 19:30:44.829 29384 29457 I ViewRootImpl@61751e2[MainActivity]: mWNT: t=0x7bed82a600 mBlastBufferQueue=0x7b5c3e7900 fn= 644 caller= android.view.ViewRootImpl.lambda$applyTransactionOnDraw$11$android-view-ViewRootImpl:12865 android.view.ViewRootImpl$$ExternalSyntheticLambda1.onFrameDraw:4 android.graphics.HardwareRenderer$FrameDrawingCallback.onFrameDraw:924 
10-17 19:30:44.840 29384 29384 I SurfaceView@6db53c0: Changes: creating=false format=false size=false visible=false alpha=false hint=false mUseAlpha=false visible=false left=false top=true
10-17 19:30:44.840 29384 29384 I SurfaceView@6db53c0: 115037120 Cur surface: Surface(name=null)/@0x9f88cff
10-17 19:30:44.840 29384 29384 I SurfaceView@6db53c0: applyTransactionOnVriDraw: vri = ViewRootImpl@61751e2[MainActivity] fRS = false t = 0x7bed82a700 android.view.SurfaceView.performSurfaceTransaction:959 android.view.SurfaceView.updateSurface:1105 android.view.SurfaceView.lambda$new$0$android-view-SurfaceView:200 
10-17 19:30:44.841 29384 29384 I ViewRootImpl@61751e2[MainActivity]: applyTransactionOnDraw: mRemoved = false isHardwareEnabled = true t = 0x7bed82a700android.view.SurfaceView.applyTransactionOnVriDraw:2048 android.view.SurfaceView.performSurfaceTransaction:959 android.view.SurfaceView.updateSurface:1105 android.view.SurfaceView.lambda$new$0$android-view-SurfaceView:200 android.view.SurfaceView$$ExternalSyntheticLambda5.onPreDraw:2 
10-17 19:30:44.841 29384 29384 I SurfaceView@6db53c0: updateSurface: mVisible = true mSurface.isValid() = true
10-17 19:30:44.841 29384 29384 I SurfaceView@6db53c0: updateSurface: mSurfaceCreated = true surfaceChanged = false visibleChanged = false
10-17 19:30:44.841 29384 29384 V SurfaceView@6db53c0: Layout: x=0 y=-889 w=1080 h=525, frame=Rect(0, 0 - 1080, 525)
10-17 19:30:44.845 29384 29456 D SurfaceView@6db53c0: updateSurfacePosition RenderWorker, frameNr = 645, position = [0, -889, 1080, -364] surfaceSize = 1080x525
10-17 19:30:44.845 29384 29456 I SurfaceView@6db53c0: uSP: rtp = Rect(0, -889 - 1080, -364) rtsw = 1080 rtsh = 525
10-17 19:30:44.845 29384 29456 I SurfaceView@6db53c0: onSSPAndSRT: pl = 0 pt = -889 sx = 1.0 sy = 1.0
10-17 19:30:44.845 29384 29456 I SurfaceView@6db53c0: aOrMT: ViewRootImpl@61751e2[MainActivity] t = android.view.SurfaceControl$Transaction@6eae7b8 fN = 645 android.view.SurfaceView.-$$Nest$mapplyOrMergeTransaction:0 android.view.SurfaceView$SurfaceViewPositionUpdateListener.positionChanged:1537 android.graphics.RenderNode$CompositePositionUpdateListener.positionChanged:373 
10-17 19:30:44.845 29384 29456 I ViewRootImpl@61751e2[MainActivity]: mWNT: t=0x7b1a3d4900 mBlastBufferQueue=0x7b5c3e7900 fn= 645 caller= android.view.SurfaceView.applyOrMergeTransaction:1455 android.view.SurfaceView.-$$Nest$mapplyOrMergeTransaction:0 android.view.SurfaceView$SurfaceViewPositionUpdateListener.positionChanged:1537 
10-17 19:30:44.846 29384 29456 I ViewRootImpl@61751e2[MainActivity]: mWNT: t=0x7bed82a700 mBlastBufferQueue=0x7b5c3e7900 fn= 645 caller= android.view.ViewRootImpl.lambda$applyTransactionOnDraw$11$android-view-ViewRootImpl:12865 android.view.ViewRootImpl$$ExternalSyntheticLambda1.onFrameDraw:4 android.graphics.HardwareRenderer$FrameDrawingCallback.onFrameDraw:924 
10-17 19:30:44.856 29384 29384 I SurfaceView@6db53c0: Changes: creating=false format=false size=false visible=false alpha=false hint=false mUseAlpha=false visible=false left=false top=true
10-17 19:30:44.857 29384 29384 I SurfaceView@6db53c0: 115037120 Cur surface: Surface(name=null)/@0x9f88cff
10-17 19:30:44.857 29384 29384 I SurfaceView@6db53c0: applyTransactionOnVriDraw: vri = ViewRootImpl@61751e2[MainActivity] fRS = false t = 0x7bed82a800 android.view.SurfaceView.performSurfaceTransaction:959 android.view.SurfaceView.updateSurface:1105 android.view.SurfaceView.lambda$new$0$android-view-SurfaceView:200 
10-17 19:30:44.857 29384 29384 I ViewRootImpl@61751e2[MainActivity]: applyTransactionOnDraw: mRemoved = false isHardwareEnabled = true t = 0x7bed82a800android.view.SurfaceView.applyTransactionOnVriDraw:2048 android.view.SurfaceView.performSurfaceTransaction:959 android.view.SurfaceView.updateSurface:1105 android.view.SurfaceView.lambda$new$0$android-view-SurfaceView:200 android.view.SurfaceView$$ExternalSyntheticLambda5.onPreDraw:2 
10-17 19:30:44.857 29384 29384 I SurfaceView@6db53c0: updateSurface: mVisible = true mSurface.isValid() = true
10-17 19:30:44.857 29384 29384 I SurfaceView@6db53c0: updateSurface: mSurfaceCreated = true surfaceChanged = false visibleChanged = false
10-17 19:30:44.857 29384 29384 V SurfaceView@6db53c0: Layout: x=0 y=-1026 w=1080 h=525, frame=Rect(0, 0 - 1080, 525)
10-17 19:30:44.861 29384 29457 D SurfaceView@6db53c0: updateSurfacePosition RenderWorker, frameNr = 646, position = [0, -1026, 1080, -501] surfaceSize = 1080x525
10-17 19:30:44.862 29384 29457 I SurfaceView@6db53c0: uSP: rtp = Rect(0, -1026 - 1080, -501) rtsw = 1080 rtsh = 525
10-17 19:30:44.862 29384 29457 I SurfaceView@6db53c0: onSSPAndSRT: pl = 0 pt = -1026 sx = 1.0 sy = 1.0
10-17 19:30:44.862 29384 29457 I SurfaceView@6db53c0: aOrMT: ViewRootImpl@61751e2[MainActivity] t = android.view.SurfaceControl$Transaction@6eae7b8 fN = 646 android.view.SurfaceView.-$$Nest$mapplyOrMergeTransaction:0 android.view.SurfaceView$SurfaceViewPositionUpdateListener.positionChanged:1537 android.graphics.RenderNode$CompositePositionUpdateListener.positionChanged:373 
10-17 19:30:44.862 29384 29457 I ViewRootImpl@61751e2[MainActivity]: mWNT: t=0x7b1a3d4900 mBlastBufferQueue=0x7b5c3e7900 fn= 646 caller= android.view.SurfaceView.applyOrMergeTransaction:1455 android.view.SurfaceView.-$$Nest$mapplyOrMergeTransaction:0 android.view.SurfaceView$SurfaceViewPositionUpdateListener.positionChanged:1537 
10-17 19:30:44.862 29384 29457 I ViewRootImpl@61751e2[MainActivity]: mWNT: t=0x7bed82a800 mBlastBufferQueue=0x7b5c3e7900 fn= 646 caller= android.view.ViewRootImpl.lambda$applyTransactionOnDraw$11$android-view-ViewRootImpl:12865 android.view.ViewRootImpl$$ExternalSyntheticLambda1.onFrameDraw:4 android.graphics.HardwareRenderer$FrameDrawingCallback.onFrameDraw:924 
10-17 19:30:44.873 29384 29384 I SurfaceView@6db53c0: Changes: creating=false format=false size=false visible=false alpha=false hint=false mUseAlpha=false visible=false left=false top=true
10-17 19:30:44.873 29384 29384 I SurfaceView@6db53c0: 115037120 Cur surface: Surface(name=null)/@0x9f88cff
10-17 19:30:44.873 29384 29384 I SurfaceView@6db53c0: applyTransactionOnVriDraw: vri = ViewRootImpl@61751e2[MainActivity] fRS = false t = 0x7bed82a900 android.view.SurfaceView.performSurfaceTransaction:959 android.view.SurfaceView.updateSurface:1105 android.view.SurfaceView.lambda$new$0$android-view-SurfaceView:200 
10-17 19:30:44.874 29384 29384 I ViewRootImpl@61751e2[MainActivity]: applyTransactionOnDraw: mRemoved = false isHardwareEnabled = true t = 0x7bed82a900android.view.SurfaceView.applyTransactionOnVriDraw:2048 android.view.SurfaceView.performSurfaceTransaction:959 android.view.SurfaceView.updateSurface:1105 android.view.SurfaceView.lambda$new$0$android-view-SurfaceView:200 android.view.SurfaceView$$ExternalSyntheticLambda5.onPreDraw:2 
10-17 19:30:44.874 29384 29384 I SurfaceView@6db53c0: updateSurface: mVisible = true mSurface.isValid() = true
10-17 19:30:44.874 29384 29384 I SurfaceView@6db53c0: updateSurface: mSurfaceCreated = true surfaceChanged = false visibleChanged = false
10-17 19:30:44.874 29384 29384 V SurfaceView@6db53c0: Layout: x=0 y=-1151 w=1080 h=525, frame=Rect(0, 0 - 1080, 525)
10-17 19:30:44.878 29384 29456 D SurfaceView@6db53c0: updateSurfacePosition RenderWorker, frameNr = 647, position = [0, -1151, 1080, -626] surfaceSize = 1080x525
10-17 19:30:44.878 29384 29456 I SurfaceView@6db53c0: uSP: rtp = Rect(0, -1151 - 1080, -626) rtsw = 1080 rtsh = 525
10-17 19:30:44.878 29384 29456 I SurfaceView@6db53c0: onSSPAndSRT: pl = 0 pt = -1151 sx = 1.0 sy = 1.0
10-17 19:30:44.878 29384 29456 I SurfaceView@6db53c0: aOrMT: ViewRootImpl@61751e2[MainActivity] t = android.view.SurfaceControl$Transaction@6eae7b8 fN = 647 android.view.SurfaceView.-$$Nest$mapplyOrMergeTransaction:0 android.view.SurfaceView$SurfaceViewPositionUpdateListener.positionChanged:1537 android.graphics.RenderNode$CompositePositionUpdateListener.positionChanged:373 
10-17 19:30:44.879 29384 29456 I ViewRootImpl@61751e2[MainActivity]: mWNT: t=0x7b1a3d4900 mBlastBufferQueue=0x7b5c3e7900 fn= 647 caller= android.view.SurfaceView.applyOrMergeTransaction:1455 android.view.SurfaceView.-$$Nest$mapplyOrMergeTransaction:0 android.view.SurfaceView$SurfaceViewPositionUpdateListener.positionChanged:1537 
10-17 19:30:44.879 29384 29456 I ViewRootImpl@61751e2[MainActivity]: mWNT: t=0x7bed82a900 mBlastBufferQueue=0x7b5c3e7900 fn= 647 caller= android.view.ViewRootImpl.lambda$applyTransactionOnDraw$11$android-view-ViewRootImpl:12865 android.view.ViewRootImpl$$ExternalSyntheticLambda1.onFrameDraw:4 android.graphics.HardwareRenderer$FrameDrawingCallback.onFrameDraw:924 
10-17 19:30:44.889 29384 29384 I SurfaceView@6db53c0: Changes: creating=false format=false size=false visible=false alpha=false hint=false mUseAlpha=false visible=false left=false top=true
10-17 19:30:44.890 29384 29384 I SurfaceView@6db53c0: 115037120 Cur surface: Surface(name=null)/@0x9f88cff
10-17 19:30:44.890 29384 29384 I SurfaceView@6db53c0: applyTransactionOnVriDraw: vri = ViewRootImpl@61751e2[MainActivity] fRS = false t = 0x7bed82aa00 android.view.SurfaceView.performSurfaceTransaction:959 android.view.SurfaceView.updateSurface:1105 android.view.SurfaceView.lambda$new$0$android-view-SurfaceView:200 
10-17 19:30:44.890 29384 29384 I ViewRootImpl@61751e2[MainActivity]: applyTransactionOnDraw: mRemoved = false isHardwareEnabled = true t = 0x7bed82aa00android.view.SurfaceView.applyTransactionOnVriDraw:2048 android.view.SurfaceView.performSurfaceTransaction:959 android.view.SurfaceView.updateSurface:1105 android.view.SurfaceView.lambda$new$0$android-view-SurfaceView:200 android.view.SurfaceView$$ExternalSyntheticLambda5.onPreDraw:2 
10-17 19:30:44.890 29384 29384 I SurfaceView@6db53c0: updateSurface: mVisible = true mSurface.isValid() = true
10-17 19:30:44.890 29384 29384 I SurfaceView@6db53c0: updateSurface: mSurfaceCreated = true surfaceChanged = false visibleChanged = false
10-17 19:30:44.890 29384 29384 V SurfaceView@6db53c0: Layout: x=0 y=-1279 w=1080 h=525, frame=Rect(0, 0 - 1080, 525)
10-17 19:30:44.894 29384 29457 D SurfaceView@6db53c0: updateSurfacePosition RenderWorker, frameNr = 648, position = [0, -1279, 1080, -754] surfaceSize = 1080x525
10-17 19:30:44.895 29384 29457 I SurfaceView@6db53c0: uSP: rtp = Rect(0, -1279 - 1080, -754) rtsw = 1080 rtsh = 525
10-17 19:30:44.895 29384 29457 I SurfaceView@6db53c0: onSSPAndSRT: pl = 0 pt = -1279 sx = 1.0 sy = 1.0
10-17 19:30:44.895 29384 29457 I SurfaceView@6db53c0: aOrMT: ViewRootImpl@61751e2[MainActivity] t = android.view.SurfaceControl$Transaction@6eae7b8 fN = 648 android.view.SurfaceView.-$$Nest$mapplyOrMergeTransaction:0 android.view.SurfaceView$SurfaceViewPositionUpdateListener.positionChanged:1537 android.graphics.RenderNode$CompositePositionUpdateListener.positionChanged:373 
10-17 19:30:44.895 29384 29457 I ViewRootImpl@61751e2[MainActivity]: mWNT: t=0x7b1a3d4900 mBlastBufferQueue=0x7b5c3e7900 fn= 648 caller= android.view.SurfaceView.applyOrMergeTransaction:1455 android.view.SurfaceView.-$$Nest$mapplyOrMergeTransaction:0 android.view.SurfaceView$SurfaceViewPositionUpdateListener.positionChanged:1537 
10-17 19:30:44.895 29384 29457 I ViewRootImpl@61751e2[MainActivity]: mWNT: t=0x7bed82aa00 mBlastBufferQueue=0x7b5c3e7900 fn= 648 caller= android.view.ViewRootImpl.lambda$applyTransactionOnDraw$11$android-view-ViewRootImpl:12865 android.view.ViewRootImpl$$ExternalSyntheticLambda1.onFrameDraw:4 android.graphics.HardwareRenderer$FrameDrawingCallback.onFrameDraw:924 
10-17 19:30:44.906 29384 29384 I SurfaceView@6db53c0: Changes: creating=false format=false size=false visible=false alpha=false hint=false mUseAlpha=false visible=false left=false top=true
10-17 19:30:44.906 29384 29384 I SurfaceView@6db53c0: 115037120 Cur surface: Surface(name=null)/@0x9f88cff
10-17 19:30:44.907 29384 29384 I SurfaceView@6db53c0: applyTransactionOnVriDraw: vri = ViewRootImpl@61751e2[MainActivity] fRS = false t = 0x7bed82ab00 android.view.SurfaceView.performSurfaceTransaction:959 android.view.SurfaceView.updateSurface:1105 android.view.SurfaceView.lambda$new$0$android-view-SurfaceView:200 
10-17 19:30:44.907 29384 29384 I ViewRootImpl@61751e2[MainActivity]: applyTransactionOnDraw: mRemoved = false isHardwareEnabled = true t = 0x7bed82ab00android.view.SurfaceView.applyTransactionOnVriDraw:2048 android.view.SurfaceView.performSurfaceTransaction:959 android.view.SurfaceView.updateSurface:1105 android.view.SurfaceView.lambda$new$0$android-view-SurfaceView:200 android.view.SurfaceView$$ExternalSyntheticLambda5.onPreDraw:2 
10-17 19:30:44.907 29384 29384 I SurfaceView@6db53c0: updateSurface: mVisible = true mSurface.isValid() = true
10-17 19:30:44.907 29384 29384 I SurfaceView@6db53c0: updateSurface: mSurfaceCreated = true surfaceChanged = false visibleChanged = false
10-17 19:30:44.907 29384 29384 V SurfaceView@6db53c0: Layout: x=0 y=-1397 w=1080 h=525, frame=Rect(0, 0 - 1080, 525)
10-17 19:30:44.911 29384 29456 D SurfaceView@6db53c0: updateSurfacePosition RenderWorker, frameNr = 649, position = [0, -1397, 1080, -872] surfaceSize = 1080x525
10-17 19:30:44.911 29384 29456 I SurfaceView@6db53c0: uSP: rtp = Rect(0, -1397 - 1080, -872) rtsw = 1080 rtsh = 525
10-17 19:30:44.911 29384 29456 I SurfaceView@6db53c0: onSSPAndSRT: pl = 0 pt = -1397 sx = 1.0 sy = 1.0
10-17 19:30:44.912 29384 29456 I SurfaceView@6db53c0: aOrMT: ViewRootImpl@61751e2[MainActivity] t = android.view.SurfaceControl$Transaction@6eae7b8 fN = 649 android.view.SurfaceView.-$$Nest$mapplyOrMergeTransaction:0 android.view.SurfaceView$SurfaceViewPositionUpdateListener.positionChanged:1537 android.graphics.RenderNode$CompositePositionUpdateListener.positionChanged:373 
10-17 19:30:44.912 29384 29456 I ViewRootImpl@61751e2[MainActivity]: mWNT: t=0x7b1a3d4900 mBlastBufferQueue=0x7b5c3e7900 fn= 649 caller= android.view.SurfaceView.applyOrMergeTransaction:1455 android.view.SurfaceView.-$$Nest$mapplyOrMergeTransaction:0 android.view.SurfaceView$SurfaceViewPositionUpdateListener.positionChanged:1537 
10-17 19:30:44.912 29384 29456 I ViewRootImpl@61751e2[MainActivity]: mWNT: t=0x7bed82ab00 mBlastBufferQueue=0x7b5c3e7900 fn= 649 caller= android.view.ViewRootImpl.lambda$applyTransactionOnDraw$11$android-view-ViewRootImpl:12865 android.view.ViewRootImpl$$ExternalSyntheticLambda1.onFrameDraw:4 android.graphics.HardwareRenderer$FrameDrawingCallback.onFrameDraw:924 
10-17 19:30:44.923 29384 29384 I SurfaceView@6db53c0: Changes: creating=false format=false size=false visible=false alpha=false hint=false mUseAlpha=false visible=false left=false top=true
10-17 19:30:44.923 29384 29384 I SurfaceView@6db53c0: 115037120 Cur surface: Surface(name=null)/@0x9f88cff
10-17 19:30:44.924 29384 29384 I SurfaceView@6db53c0: applyTransactionOnVriDraw: vri = ViewRootImpl@61751e2[MainActivity] fRS = false t = 0x7bed82ac00 android.view.SurfaceView.performSurfaceTransaction:959 android.view.SurfaceView.updateSurface:1105 android.view.SurfaceView.lambda$new$0$android-view-SurfaceView:200 
10-17 19:30:44.924 29384 29384 I ViewRootImpl@61751e2[MainActivity]: applyTransactionOnDraw: mRemoved = false isHardwareEnabled = true t = 0x7bed82ac00android.view.SurfaceView.applyTransactionOnVriDraw:2048 android.view.SurfaceView.performSurfaceTransaction:959 android.view.SurfaceView.updateSurface:1105 android.view.SurfaceView.lambda$new$0$android-view-SurfaceView:200 android.view.SurfaceView$$ExternalSyntheticLambda5.onPreDraw:2 
10-17 19:30:44.924 29384 29384 I SurfaceView@6db53c0: updateSurface: mVisible = true mSurface.isValid() = true
10-17 19:30:44.924 29384 29384 I SurfaceView@6db53c0: updateSurface: mSurfaceCreated = true surfaceChanged = false visibleChanged = false
10-17 19:30:44.924 29384 29384 V SurfaceView@6db53c0: Layout: x=0 y=-1517 w=1080 h=525, frame=Rect(0, 0 - 1080, 525)
10-17 19:30:44.929 29384 29457 D SurfaceView@6db53c0: updateSurfacePosition RenderWorker, frameNr = 650, position = [0, -1517, 1080, -992] surfaceSize = 1080x525
10-17 19:30:44.929 29384 29457 I SurfaceView@6db53c0: uSP: rtp = Rect(0, -1517 - 1080, -992) rtsw = 1080 rtsh = 525
10-17 19:30:44.929 29384 29457 I SurfaceView@6db53c0: onSSPAndSRT: pl = 0 pt = -1517 sx = 1.0 sy = 1.0
10-17 19:30:44.929 29384 29457 I SurfaceView@6db53c0: aOrMT: ViewRootImpl@61751e2[MainActivity] t = android.view.SurfaceControl$Transaction@6eae7b8 fN = 650 android.view.SurfaceView.-$$Nest$mapplyOrMergeTransaction:0 android.view.SurfaceView$SurfaceViewPositionUpdateListener.positionChanged:1537 android.graphics.RenderNode$CompositePositionUpdateListener.positionChanged:373 
10-17 19:30:44.929 29384 29457 I ViewRootImpl@61751e2[MainActivity]: mWNT: t=0x7b1a3d4900 mBlastBufferQueue=0x7b5c3e7900 fn= 650 caller= android.view.SurfaceView.applyOrMergeTransaction:1455 android.view.SurfaceView.-$$Nest$mapplyOrMergeTransaction:0 android.view.SurfaceView$SurfaceViewPositionUpdateListener.positionChanged:1537 
10-17 19:30:44.930 29384 29457 I ViewRootImpl@61751e2[MainActivity]: mWNT: t=0x7bed82ac00 mBlastBufferQueue=0x7b5c3e7900 fn= 650 caller= android.view.ViewRootImpl.lambda$applyTransactionOnDraw$11$android-view-ViewRootImpl:12865 android.view.ViewRootImpl$$ExternalSyntheticLambda1.onFrameDraw:4 android.graphics.HardwareRenderer$FrameDrawingCallback.onFrameDraw:924 
10-17 19:30:44.940 29384 29384 I SurfaceView@6db53c0: Changes: creating=false format=false size=false visible=false alpha=false hint=false mUseAlpha=false visible=false left=false top=true
10-17 19:30:44.940 29384 29384 I SurfaceView@6db53c0: 115037120 Cur surface: Surface(name=null)/@0x9f88cff
10-17 19:30:44.940 29384 29384 I SurfaceView@6db53c0: applyTransactionOnVriDraw: vri = ViewRootImpl@61751e2[MainActivity] fRS = false t = 0x7bed82ad00 android.view.SurfaceView.performSurfaceTransaction:959 android.view.SurfaceView.updateSurface:1105 android.view.SurfaceView.lambda$new$0$android-view-SurfaceView:200 
10-17 19:30:44.941 29384 29384 I ViewRootImpl@61751e2[MainActivity]: applyTransactionOnDraw: mRemoved = false isHardwareEnabled = true t = 0x7bed82ad00android.view.SurfaceView.applyTransactionOnVriDraw:2048 android.view.SurfaceView.performSurfaceTransaction:959 android.view.SurfaceView.updateSurface:1105 android.view.SurfaceView.lambda$new$0$android-view-SurfaceView:200 android.view.SurfaceView$$ExternalSyntheticLambda5.onPreDraw:2 
10-17 19:30:44.941 29384 29384 I SurfaceView@6db53c0: updateSurface: mVisible = true mSurface.isValid() = true
10-17 19:30:44.941 29384 29384 I SurfaceView@6db53c0: updateSurface: mSurfaceCreated = true surfaceChanged = false visibleChanged = false
10-17 19:30:44.941 29384 29384 V SurfaceView@6db53c0: Layout: x=0 y=-1634 w=1080 h=525, frame=Rect(0, 0 - 1080, 525)
10-17 19:30:44.945 29384 29456 D SurfaceView@6db53c0: updateSurfacePosition RenderWorker, frameNr = 651, position = [0, -1634, 1080, -1109] surfaceSize = 1080x525
10-17 19:30:44.945 29384 29456 I SurfaceView@6db53c0: uSP: rtp = Rect(0, -1634 - 1080, -1109) rtsw = 1080 rtsh = 525
10-17 19:30:44.945 29384 29456 I SurfaceView@6db53c0: onSSPAndSRT: pl = 0 pt = -1634 sx = 1.0 sy = 1.0
10-17 19:30:44.945 29384 29456 I SurfaceView@6db53c0: aOrMT: ViewRootImpl@61751e2[MainActivity] t = android.view.SurfaceControl$Transaction@6eae7b8 fN = 651 android.view.SurfaceView.-$$Nest$mapplyOrMergeTransaction:0 android.view.SurfaceView$SurfaceViewPositionUpdateListener.positionChanged:1537 android.graphics.RenderNode$CompositePositionUpdateListener.positionChanged:373 
10-17 19:30:44.946 29384 29456 I ViewRootImpl@61751e2[MainActivity]: mWNT: t=0x7b1a3d4900 mBlastBufferQueue=0x7b5c3e7900 fn= 651 caller= android.view.SurfaceView.applyOrMergeTransaction:1455 android.view.SurfaceView.-$$Nest$mapplyOrMergeTransaction:0 android.view.SurfaceView$SurfaceViewPositionUpdateListener.positionChanged:1537 
10-17 19:30:44.946 29384 29456 I ViewRootImpl@61751e2[MainActivity]: mWNT: t=0x7bed82ad00 mBlastBufferQueue=0x7b5c3e7900 fn= 651 caller= android.view.ViewRootImpl.lambda$applyTransactionOnDraw$11$android-view-ViewRootImpl:12865 android.view.ViewRootImpl$$ExternalSyntheticLambda1.onFrameDraw:4 android.graphics.HardwareRenderer$FrameDrawingCallback.onFrameDraw:924 
10-17 19:30:44.956 29384 29384 I SurfaceView@6db53c0: Changes: creating=false format=false size=false visible=false alpha=false hint=false mUseAlpha=false visible=false left=false top=true
10-17 19:30:44.956 29384 29384 I SurfaceView@6db53c0: 115037120 Cur surface: Surface(name=null)/@0x9f88cff
10-17 19:30:44.957 29384 29384 I SurfaceView@6db53c0: applyTransactionOnVriDraw: vri = ViewRootImpl@61751e2[MainActivity] fRS = false t = 0x7bed82ae00 android.view.SurfaceView.performSurfaceTransaction:959 android.view.SurfaceView.updateSurface:1105 android.view.SurfaceView.lambda$new$0$android-view-SurfaceView:200 
10-17 19:30:44.957 29384 29384 I ViewRootImpl@61751e2[MainActivity]: applyTransactionOnDraw: mRemoved = false isHardwareEnabled = true t = 0x7bed82ae00android.view.SurfaceView.applyTransactionOnVriDraw:2048 android.view.SurfaceView.performSurfaceTransaction:959 android.view.SurfaceView.updateSurface:1105 android.view.SurfaceView.lambda$new$0$android-view-SurfaceView:200 android.view.SurfaceView$$ExternalSyntheticLambda5.onPreDraw:2 
10-17 19:30:44.957 29384 29384 I SurfaceView@6db53c0: updateSurface: mVisible = true mSurface.isValid() = true
10-17 19:30:44.957 29384 29384 I SurfaceView@6db53c0: updateSurface: mSurfaceCreated = true surfaceChanged = false visibleChanged = false
10-17 19:30:44.957 29384 29384 V SurfaceView@6db53c0: Layout: x=0 y=-1739 w=1080 h=525, frame=Rect(0, 0 - 1080, 525)
10-17 19:30:44.960 29384 29457 D SurfaceView@6db53c0: updateSurfacePosition RenderWorker, frameNr = 652, position = [0, -1739, 1080, -1214] surfaceSize = 1080x525
10-17 19:30:44.960 29384 29457 I SurfaceView@6db53c0: uSP: rtp = Rect(0, -1739 - 1080, -1214) rtsw = 1080 rtsh = 525
10-17 19:30:44.960 29384 29457 I SurfaceView@6db53c0: onSSPAndSRT: pl = 0 pt = -1739 sx = 1.0 sy = 1.0
10-17 19:30:44.961 29384 29457 I SurfaceView@6db53c0: aOrMT: ViewRootImpl@61751e2[MainActivity] t = android.view.SurfaceControl$Transaction@6eae7b8 fN = 652 android.view.SurfaceView.-$$Nest$mapplyOrMergeTransaction:0 android.view.SurfaceView$SurfaceViewPositionUpdateListener.positionChanged:1537 android.graphics.RenderNode$CompositePositionUpdateListener.positionChanged:373 
10-17 19:30:44.961 29384 29457 I ViewRootImpl@61751e2[MainActivity]: mWNT: t=0x7b1a3d4900 mBlastBufferQueue=0x7b5c3e7900 fn= 652 caller= android.view.SurfaceView.applyOrMergeTransaction:1455 android.view.SurfaceView.-$$Nest$mapplyOrMergeTransaction:0 android.view.SurfaceView$SurfaceViewPositionUpdateListener.positionChanged:1537 
10-17 19:30:44.961 29384 29457 I ViewRootImpl@61751e2[MainActivity]: mWNT: t=0x7bed82ae00 mBlastBufferQueue=0x7b5c3e7900 fn= 652 caller= android.view.ViewRootImpl.lambda$applyTransactionOnDraw$11$android-view-ViewRootImpl:12865 android.view.ViewRootImpl$$ExternalSyntheticLambda1.onFrameDraw:4 android.graphics.HardwareRenderer$FrameDrawingCallback.onFrameDraw:924 
10-17 19:30:44.972 29384 29384 I SurfaceView@6db53c0: Changes: creating=false format=false size=false visible=false alpha=false hint=false mUseAlpha=false visible=false left=false top=true
10-17 19:30:44.972 29384 29384 I SurfaceView@6db53c0: 115037120 Cur surface: Surface(name=null)/@0x9f88cff
10-17 19:30:44.973 29384 29384 I SurfaceView@6db53c0: applyTransactionOnVriDraw: vri = ViewRootImpl@61751e2[MainActivity] fRS = false t = 0x7bed82af00 android.view.SurfaceView.performSurfaceTransaction:959 android.view.SurfaceView.updateSurface:1105 android.view.SurfaceView.lambda$new$0$android-view-SurfaceView:200 
10-17 19:30:44.973 29384 29384 I ViewRootImpl@61751e2[MainActivity]: applyTransactionOnDraw: mRemoved = false isHardwareEnabled = true t = 0x7bed82af00android.view.SurfaceView.applyTransactionOnVriDraw:2048 android.view.SurfaceView.performSurfaceTransaction:959 android.view.SurfaceView.updateSurface:1105 android.view.SurfaceView.lambda$new$0$android-view-SurfaceView:200 android.view.SurfaceView$$ExternalSyntheticLambda5.onPreDraw:2 
10-17 19:30:44.973 29384 29384 I SurfaceView@6db53c0: updateSurface: mVisible = true mSurface.isValid() = true
10-17 19:30:44.973 29384 29384 I SurfaceView@6db53c0: updateSurface: mSurfaceCreated = true surfaceChanged = false visibleChanged = false
10-17 19:30:44.973 29384 29384 V SurfaceView@6db53c0: Layout: x=0 y=-1847 w=1080 h=525, frame=Rect(0, 0 - 1080, 525)
10-17 19:30:44.976 29384 29456 D SurfaceView@6db53c0: updateSurfacePosition RenderWorker, frameNr = 653, position = [0, -1847, 1080, -1322] surfaceSize = 1080x525
10-17 19:30:44.976 29384 29456 I SurfaceView@6db53c0: uSP: rtp = Rect(0, -1847 - 1080, -1322) rtsw = 1080 rtsh = 525
10-17 19:30:44.976 29384 29456 I SurfaceView@6db53c0: onSSPAndSRT: pl = 0 pt = -1847 sx = 1.0 sy = 1.0
10-17 19:30:44.976 29384 29456 I SurfaceView@6db53c0: aOrMT: ViewRootImpl@61751e2[MainActivity] t = android.view.SurfaceControl$Transaction@6eae7b8 fN = 653 android.view.SurfaceView.-$$Nest$mapplyOrMergeTransaction:0 android.view.SurfaceView$SurfaceViewPositionUpdateListener.positionChanged:1537 android.graphics.RenderNode$CompositePositionUpdateListener.positionChanged:373 
10-17 19:30:44.976 29384 29456 I ViewRootImpl@61751e2[MainActivity]: mWNT: t=0x7b1a3d4900 mBlastBufferQueue=0x7b5c3e7900 fn= 653 caller= android.view.SurfaceView.applyOrMergeTransaction:1455 android.view.SurfaceView.-$$Nest$mapplyOrMergeTransaction:0 android.view.SurfaceView$SurfaceViewPositionUpdateListener.positionChanged:1537 
10-17 19:30:44.976 29384 29456 I ViewRootImpl@61751e2[MainActivity]: mWNT: t=0x7bed82af00 mBlastBufferQueue=0x7b5c3e7900 fn= 653 caller= android.view.ViewRootImpl.lambda$applyTransactionOnDraw$11$android-view-ViewRootImpl:12865 android.view.ViewRootImpl$$ExternalSyntheticLambda1.onFrameDraw:4 android.graphics.HardwareRenderer$FrameDrawingCallback.onFrameDraw:924 
10-17 19:30:44.990 29384 29384 I SurfaceView@6db53c0: Changes: creating=false format=false size=false visible=false alpha=false hint=false mUseAlpha=false visible=false left=false top=true
10-17 19:30:44.990 29384 29384 I SurfaceView@6db53c0: 115037120 Cur surface: Surface(name=null)/@0x9f88cff
10-17 19:30:44.990 29384 29384 I SurfaceView@6db53c0: applyTransactionOnVriDraw: vri = ViewRootImpl@61751e2[MainActivity] fRS = false t = 0x7bdaa8b000 android.view.SurfaceView.performSurfaceTransaction:959 android.view.SurfaceView.updateSurface:1105 android.view.SurfaceView.lambda$new$0$android-view-SurfaceView:200 
10-17 19:30:44.991 29384 29384 I ViewRootImpl@61751e2[MainActivity]: applyTransactionOnDraw: mRemoved = false isHardwareEnabled = true t = 0x7bdaa8b000android.view.SurfaceView.applyTransactionOnVriDraw:2048 android.view.SurfaceView.performSurfaceTransaction:959 android.view.SurfaceView.updateSurface:1105 android.view.SurfaceView.lambda$new$0$android-view-SurfaceView:200 android.view.SurfaceView$$ExternalSyntheticLambda5.onPreDraw:2 
10-17 19:30:44.991 29384 29384 I SurfaceView@6db53c0: updateSurface: mVisible = true mSurface.isValid() = true
10-17 19:30:44.991 29384 29384 I SurfaceView@6db53c0: updateSurface: mSurfaceCreated = true surfaceChanged = false visibleChanged = false
10-17 19:30:44.991 29384 29384 V SurfaceView@6db53c0: Layout: x=0 y=-1918 w=1080 h=525, frame=Rect(0, 0 - 1080, 525)
10-17 19:30:44.993 29384 29457 D SurfaceView@6db53c0: updateSurfacePosition RenderWorker, frameNr = 654, position = [0, -1918, 1080, -1393] surfaceSize = 1080x525
10-17 19:30:44.993 29384 29457 I SurfaceView@6db53c0: uSP: rtp = Rect(0, -1918 - 1080, -1393) rtsw = 1080 rtsh = 525
10-17 19:30:44.993 29384 29457 I SurfaceView@6db53c0: onSSPAndSRT: pl = 0 pt = -1918 sx = 1.0 sy = 1.0
10-17 19:30:44.993 29384 29457 I SurfaceView@6db53c0: aOrMT: ViewRootImpl@61751e2[MainActivity] t = android.view.SurfaceControl$Transaction@6eae7b8 fN = 654 android.view.SurfaceView.-$$Nest$mapplyOrMergeTransaction:0 android.view.SurfaceView$SurfaceViewPositionUpdateListener.positionChanged:1537 android.graphics.RenderNode$CompositePositionUpdateListener.positionChanged:373 
10-17 19:30:44.993 29384 29457 I ViewRootImpl@61751e2[MainActivity]: mWNT: t=0x7b1a3d4900 mBlastBufferQueue=0x7b5c3e7900 fn= 654 caller= android.view.SurfaceView.applyOrMergeTransaction:1455 android.view.SurfaceView.-$$Nest$mapplyOrMergeTransaction:0 android.view.SurfaceView$SurfaceViewPositionUpdateListener.positionChanged:1537 
10-17 19:30:44.994 29384 29457 I ViewRootImpl@61751e2[MainActivity]: mWNT: t=0x7bdaa8b000 mBlastBufferQueue=0x7b5c3e7900 fn= 654 caller= android.view.ViewRootImpl.lambda$applyTransactionOnDraw$11$android-view-ViewRootImpl:12865 android.view.ViewRootImpl$$ExternalSyntheticLambda1.onFrameDraw:4 android.graphics.HardwareRenderer$FrameDrawingCallback.onFrameDraw:924 
10-17 19:30:45.771 29384 29384 I ViewRootImpl@61751e2[MainActivity]: ViewPostIme pointer 0
10-17 19:30:45.824 29384 29384 I SurfaceView@6db53c0: Changes: creating=false format=false size=false visible=false alpha=false hint=false mUseAlpha=false visible=false left=false top=true
10-17 19:30:45.824 29384 29384 I SurfaceView@6db53c0: 115037120 Cur surface: Surface(name=null)/@0x9f88cff
10-17 19:30:45.825 29384 29384 I SurfaceView@6db53c0: applyTransactionOnVriDraw: vri = ViewRootImpl@61751e2[MainActivity] fRS = false t = 0x7bdaa8b100 android.view.SurfaceView.performSurfaceTransaction:959 android.view.SurfaceView.updateSurface:1105 android.view.SurfaceView.lambda$new$0$android-view-SurfaceView:200 
10-17 19:30:45.825 29384 29384 I ViewRootImpl@61751e2[MainActivity]: applyTransactionOnDraw: mRemoved = false isHardwareEnabled = true t = 0x7bdaa8b100android.view.SurfaceView.applyTransactionOnVriDraw:2048 android.view.SurfaceView.performSurfaceTransaction:959 android.view.SurfaceView.updateSurface:1105 android.view.SurfaceView.lambda$new$0$android-view-SurfaceView:200 android.view.SurfaceView$$ExternalSyntheticLambda5.onPreDraw:2 
10-17 19:30:45.825 29384 29384 I SurfaceView@6db53c0: updateSurface: mVisible = true mSurface.isValid() = true
10-17 19:30:45.825 29384 29384 I SurfaceView@6db53c0: updateSurface: mSurfaceCreated = true surfaceChanged = false visibleChanged = false
10-17 19:30:45.825 29384 29384 V SurfaceView@6db53c0: Layout: x=0 y=-1784 w=1080 h=525, frame=Rect(0, 0 - 1080, 525)
10-17 19:30:45.828 29384 29456 D SurfaceView@6db53c0: updateSurfacePosition RenderWorker, frameNr = 699, position = [0, -1784, 1080, -1259] surfaceSize = 1080x525
10-17 19:30:45.828 29384 29456 I SurfaceView@6db53c0: uSP: rtp = Rect(0, -1784 - 1080, -1259) rtsw = 1080 rtsh = 525
10-17 19:30:45.828 29384 29456 I SurfaceView@6db53c0: onSSPAndSRT: pl = 0 pt = -1784 sx = 1.0 sy = 1.0
10-17 19:30:45.828 29384 29456 I SurfaceView@6db53c0: aOrMT: ViewRootImpl@61751e2[MainActivity] t = android.view.SurfaceControl$Transaction@6eae7b8 fN = 699 android.view.SurfaceView.-$$Nest$mapplyOrMergeTransaction:0 android.view.SurfaceView$SurfaceViewPositionUpdateListener.positionChanged:1537 android.graphics.RenderNode$CompositePositionUpdateListener.positionChanged:373 
10-17 19:30:45.829 29384 29456 I ViewRootImpl@61751e2[MainActivity]: mWNT: t=0x7b1a3d4900 mBlastBufferQueue=0x7b5c3e7900 fn= 699 caller= android.view.SurfaceView.applyOrMergeTransaction:1455 android.view.SurfaceView.-$$Nest$mapplyOrMergeTransaction:0 android.view.SurfaceView$SurfaceViewPositionUpdateListener.positionChanged:1537 
10-17 19:30:45.829 29384 29456 I ViewRootImpl@61751e2[MainActivity]: mWNT: t=0x7bdaa8b100 mBlastBufferQueue=0x7b5c3e7900 fn= 699 caller= android.view.ViewRootImpl.lambda$applyTransactionOnDraw$11$android-view-ViewRootImpl:12865 android.view.ViewRootImpl$$ExternalSyntheticLambda1.onFrameDraw:4 android.graphics.HardwareRenderer$FrameDrawingCallback.onFrameDraw:924 
10-17 19:30:45.840 29384 29384 I SurfaceView@6db53c0: Changes: creating=false format=false size=false visible=false alpha=false hint=false mUseAlpha=false visible=false left=false top=true
10-17 19:30:45.840 29384 29384 I SurfaceView@6db53c0: 115037120 Cur surface: Surface(name=null)/@0x9f88cff
10-17 19:30:45.841 29384 29384 I SurfaceView@6db53c0: applyTransactionOnVriDraw: vri = ViewRootImpl@61751e2[MainActivity] fRS = false t = 0x7bdaa8b200 android.view.SurfaceView.performSurfaceTransaction:959 android.view.SurfaceView.updateSurface:1105 android.view.SurfaceView.lambda$new$0$android-view-SurfaceView:200 
10-17 19:30:45.841 29384 29384 I ViewRootImpl@61751e2[MainActivity]: applyTransactionOnDraw: mRemoved = false isHardwareEnabled = true t = 0x7bdaa8b200android.view.SurfaceView.applyTransactionOnVriDraw:2048 android.view.SurfaceView.performSurfaceTransaction:959 android.view.SurfaceView.updateSurface:1105 android.view.SurfaceView.lambda$new$0$android-view-SurfaceView:200 android.view.SurfaceView$$ExternalSyntheticLambda5.onPreDraw:2 
10-17 19:30:45.841 29384 29384 I SurfaceView@6db53c0: updateSurface: mVisible = true mSurface.isValid() = true
10-17 19:30:45.841 29384 29384 I SurfaceView@6db53c0: updateSurface: mSurfaceCreated = true surfaceChanged = false visibleChanged = false
10-17 19:30:45.841 29384 29384 V SurfaceView@6db53c0: Layout: x=0 y=-1683 w=1080 h=525, frame=Rect(0, 0 - 1080, 525)
10-17 19:30:45.846 29384 29457 D SurfaceView@6db53c0: updateSurfacePosition RenderWorker, frameNr = 700, position = [0, -1683, 1080, -1158] surfaceSize = 1080x525
10-17 19:30:45.846 29384 29457 I SurfaceView@6db53c0: uSP: rtp = Rect(0, -1683 - 1080, -1158) rtsw = 1080 rtsh = 525
10-17 19:30:45.846 29384 29457 I SurfaceView@6db53c0: onSSPAndSRT: pl = 0 pt = -1683 sx = 1.0 sy = 1.0
10-17 19:30:45.847 29384 29457 I SurfaceView@6db53c0: aOrMT: ViewRootImpl@61751e2[MainActivity] t = android.view.SurfaceControl$Transaction@6eae7b8 fN = 700 android.view.SurfaceView.-$$Nest$mapplyOrMergeTransaction:0 android.view.SurfaceView$SurfaceViewPositionUpdateListener.positionChanged:1537 android.graphics.RenderNode$CompositePositionUpdateListener.positionChanged:373 
10-17 19:30:45.847 29384 29384 I ViewRootImpl@61751e2[MainActivity]: ViewPostIme pointer 1
10-17 19:30:45.847 29384 29457 I ViewRootImpl@61751e2[MainActivity]: mWNT: t=0x7b1a3d4900 mBlastBufferQueue=0x7b5c3e7900 fn= 700 caller= android.view.SurfaceView.applyOrMergeTransaction:1455 android.view.SurfaceView.-$$Nest$mapplyOrMergeTransaction:0 android.view.SurfaceView$SurfaceViewPositionUpdateListener.positionChanged:1537 
10-17 19:30:45.847 29384 29457 I ViewRootImpl@61751e2[MainActivity]: mWNT: t=0x7bdaa8b200 mBlastBufferQueue=0x7b5c3e7900 fn= 700 caller= android.view.ViewRootImpl.lambda$applyTransactionOnDraw$11$android-view-ViewRootImpl:12865 android.view.ViewRootImpl$$ExternalSyntheticLambda1.onFrameDraw:4 android.graphics.HardwareRenderer$FrameDrawingCallback.onFrameDraw:924 
10-17 19:30:45.856 29384 29384 I SurfaceView@6db53c0: Changes: creating=false format=false size=false visible=false alpha=false hint=false mUseAlpha=false visible=false left=false top=true
10-17 19:30:45.856 29384 29384 I SurfaceView@6db53c0: 115037120 Cur surface: Surface(name=null)/@0x9f88cff
10-17 19:30:45.857 29384 29384 I SurfaceView@6db53c0: applyTransactionOnVriDraw: vri = ViewRootImpl@61751e2[MainActivity] fRS = false t = 0x7bdaa8b300 android.view.SurfaceView.performSurfaceTransaction:959 android.view.SurfaceView.updateSurface:1105 android.view.SurfaceView.lambda$new$0$android-view-SurfaceView:200 
10-17 19:30:45.857 29384 29384 I ViewRootImpl@61751e2[MainActivity]: applyTransactionOnDraw: mRemoved = false isHardwareEnabled = true t = 0x7bdaa8b300android.view.SurfaceView.applyTransactionOnVriDraw:2048 android.view.SurfaceView.performSurfaceTransaction:959 android.view.SurfaceView.updateSurface:1105 android.view.SurfaceView.lambda$new$0$android-view-SurfaceView:200 android.view.SurfaceView$$ExternalSyntheticLambda5.onPreDraw:2 
10-17 19:30:45.857 29384 29384 I SurfaceView@6db53c0: updateSurface: mVisible = true mSurface.isValid() = true
10-17 19:30:45.857 29384 29384 I SurfaceView@6db53c0: updateSurface: mSurfaceCreated = true surfaceChanged = false visibleChanged = false
10-17 19:30:45.857 29384 29384 V SurfaceView@6db53c0: Layout: x=0 y=-1643 w=1080 h=525, frame=Rect(0, 0 - 1080, 525)
10-17 19:30:45.862 29384 29456 D SurfaceView@6db53c0: updateSurfacePosition RenderWorker, frameNr = 701, position = [0, -1643, 1080, -1118] surfaceSize = 1080x525
10-17 19:30:45.862 29384 29456 I SurfaceView@6db53c0: uSP: rtp = Rect(0, -1643 - 1080, -1118) rtsw = 1080 rtsh = 525
10-17 19:30:45.862 29384 29456 I SurfaceView@6db53c0: onSSPAndSRT: pl = 0 pt = -1643 sx = 1.0 sy = 1.0
10-17 19:30:45.862 29384 29456 I SurfaceView@6db53c0: aOrMT: ViewRootImpl@61751e2[MainActivity] t = android.view.SurfaceControl$Transaction@6eae7b8 fN = 701 android.view.SurfaceView.-$$Nest$mapplyOrMergeTransaction:0 android.view.SurfaceView$SurfaceViewPositionUpdateListener.positionChanged:1537 android.graphics.RenderNode$CompositePositionUpdateListener.positionChanged:373 
10-17 19:30:45.863 29384 29456 I ViewRootImpl@61751e2[MainActivity]: mWNT: t=0x7b1a3d4900 mBlastBufferQueue=0x7b5c3e7900 fn= 701 caller= android.view.SurfaceView.applyOrMergeTransaction:1455 android.view.SurfaceView.-$$Nest$mapplyOrMergeTransaction:0 android.view.SurfaceView$SurfaceViewPositionUpdateListener.positionChanged:1537 
10-17 19:30:45.863 29384 29456 I ViewRootImpl@61751e2[MainActivity]: mWNT: t=0x7bdaa8b300 mBlastBufferQueue=0x7b5c3e7900 fn= 701 caller= android.view.ViewRootImpl.lambda$applyTransactionOnDraw$11$android-view-ViewRootImpl:12865 android.view.ViewRootImpl$$ExternalSyntheticLambda1.onFrameDraw:4 android.graphics.HardwareRenderer$FrameDrawingCallback.onFrameDraw:924 
10-17 19:30:45.872 29384 29384 I SurfaceView@6db53c0: Changes: creating=false format=false size=false visible=false alpha=false hint=false mUseAlpha=false visible=false left=false top=true
10-17 19:30:45.872 29384 29384 I SurfaceView@6db53c0: 115037120 Cur surface: Surface(name=null)/@0x9f88cff
10-17 19:30:45.873 29384 29384 I SurfaceView@6db53c0: applyTransactionOnVriDraw: vri = ViewRootImpl@61751e2[MainActivity] fRS = false t = 0x7bdaa8b400 android.view.SurfaceView.performSurfaceTransaction:959 android.view.SurfaceView.updateSurface:1105 android.view.SurfaceView.lambda$new$0$android-view-SurfaceView:200 
