10-17 19:19:54.711 26454 26549 I ViewRootImpl@61751e2[MainActivity]: mWNT: t=0x7ae1702300 mBlastBufferQueue=0x7b5a1f6800 fn= 673 caller= android.view.ViewRootImpl.lambda$applyTransactionOnDraw$11$android-view-ViewRootImpl:12865 android.view.ViewRootImpl$$ExternalSyntheticLambda1.onFrameDraw:4 android.graphics.HardwareRenderer$FrameDrawingCallback.onFrameDraw:924 
10-17 19:19:54.725 26454 26454 I SurfaceView@e33655a: Changes: creating=false format=false size=false visible=false alpha=false hint=false mUseAlpha=false visible=false left=false top=true
10-17 19:19:54.725 26454 26454 I SurfaceView@e33655a: 238249306 Cur surface: Surface(name=null)/@0x92b0c78
10-17 19:19:54.725 26454 26454 I SurfaceView@e33655a: applyTransactionOnVriDraw: vri = ViewRootImpl@61751e2[MainActivity] fRS = false t = 0x7ae1702400 android.view.SurfaceView.performSurfaceTransaction:959 android.view.SurfaceView.updateSurface:1105 android.view.SurfaceView.lambda$new$0$android-view-SurfaceView:200 
10-17 19:19:54.726 26454 26454 I ViewRootImpl@61751e2[MainActivity]: applyTransactionOnDraw: mRemoved = false isHardwareEnabled = true t = 0x7ae1702400android.view.SurfaceView.applyTransactionOnVriDraw:2048 android.view.SurfaceView.performSurfaceTransaction:959 android.view.SurfaceView.updateSurface:1105 android.view.SurfaceView.lambda$new$0$android-view-SurfaceView:200 android.view.SurfaceView$$ExternalSyntheticLambda5.onPreDraw:2 
10-17 19:19:54.726 26454 26454 I SurfaceView@e33655a: updateSurface: mVisible = true mSurface.isValid() = true
10-17 19:19:54.726 26454 26454 I SurfaceView@e33655a: updateSurface: mSurfaceCreated = true surfaceChanged = false visibleChanged = false
10-17 19:19:54.726 26454 26454 V SurfaceView@e33655a: Layout: x=0 y=-101 w=1080 h=525, frame=Rect(0, 0 - 1080, 525)
10-17 19:19:54.727 26454 26548 D SurfaceView@e33655a: updateSurfacePosition RenderWorker, frameNr = 674, position = [0, -101, 1080, 424] surfaceSize = 1080x525
10-17 19:19:54.727 26454 26548 I SurfaceView@e33655a: uSP: rtp = Rect(0, -101 - 1080, 424) rtsw = 1080 rtsh = 525
10-17 19:19:54.727 26454 26548 I SurfaceView@e33655a: onSSPAndSRT: pl = 0 pt = -101 sx = 1.0 sy = 1.0
10-17 19:19:54.727 26454 26548 I SurfaceView@e33655a: aOrMT: ViewRootImpl@61751e2[MainActivity] t = android.view.SurfaceControl$Transaction@7e64f8d fN = 674 android.view.SurfaceView.-$$Nest$mapplyOrMergeTransaction:0 android.view.SurfaceView$SurfaceViewPositionUpdateListener.positionChanged:1537 android.graphics.RenderNode$CompositePositionUpdateListener.positionChanged:373 
10-17 19:19:54.728 26454 26548 I ViewRootImpl@61751e2[MainActivity]: mWNT: t=0x7b1aeb5b00 mBlastBufferQueue=0x7b5a1f6800 fn= 674 caller= android.view.SurfaceView.applyOrMergeTransaction:1455 android.view.SurfaceView.-$$Nest$mapplyOrMergeTransaction:0 android.view.SurfaceView$SurfaceViewPositionUpdateListener.positionChanged:1537 
10-17 19:19:54.728 26454 26548 I ViewRootImpl@61751e2[MainActivity]: mWNT: t=0x7ae1702400 mBlastBufferQueue=0x7b5a1f6800 fn= 674 caller= android.view.ViewRootImpl.lambda$applyTransactionOnDraw$11$android-view-ViewRootImpl:12865 android.view.ViewRootImpl$$ExternalSyntheticLambda1.onFrameDraw:4 android.graphics.HardwareRenderer$FrameDrawingCallback.onFrameDraw:924 
10-17 19:19:54.741 26454 26454 I SurfaceView@e33655a: Changes: creating=false format=false size=false visible=false alpha=false hint=false mUseAlpha=false visible=false left=false top=true
10-17 19:19:54.742 26454 26454 I SurfaceView@e33655a: 238249306 Cur surface: Surface(name=null)/@0x92b0c78
10-17 19:19:54.742 26454 26454 I SurfaceView@e33655a: applyTransactionOnVriDraw: vri = ViewRootImpl@61751e2[MainActivity] fRS = false t = 0x7ae1702500 android.view.SurfaceView.performSurfaceTransaction:959 android.view.SurfaceView.updateSurface:1105 android.view.SurfaceView.lambda$new$0$android-view-SurfaceView:200 
10-17 19:19:54.742 26454 26454 I ViewRootImpl@61751e2[MainActivity]: applyTransactionOnDraw: mRemoved = false isHardwareEnabled = true t = 0x7ae1702500android.view.SurfaceView.applyTransactionOnVriDraw:2048 android.view.SurfaceView.performSurfaceTransaction:959 android.view.SurfaceView.updateSurface:1105 android.view.SurfaceView.lambda$new$0$android-view-SurfaceView:200 android.view.SurfaceView$$ExternalSyntheticLambda5.onPreDraw:2 
10-17 19:19:54.742 26454 26454 I SurfaceView@e33655a: updateSurface: mVisible = true mSurface.isValid() = true
10-17 19:19:54.742 26454 26454 I SurfaceView@e33655a: updateSurface: mSurfaceCreated = true surfaceChanged = false visibleChanged = false
10-17 19:19:54.742 26454 26454 V SurfaceView@e33655a: Layout: x=0 y=-85 w=1080 h=525, frame=Rect(0, 0 - 1080, 525)
10-17 19:19:54.744 26454 26549 D SurfaceView@e33655a: updateSurfacePosition RenderWorker, frameNr = 675, position = [0, -85, 1080, 440] surfaceSize = 1080x525
10-17 19:19:54.744 26454 26549 I SurfaceView@e33655a: uSP: rtp = Rect(0, -85 - 1080, 440) rtsw = 1080 rtsh = 525
10-17 19:19:54.744 26454 26549 I SurfaceView@e33655a: onSSPAndSRT: pl = 0 pt = -85 sx = 1.0 sy = 1.0
10-17 19:19:54.744 26454 26549 I SurfaceView@e33655a: aOrMT: ViewRootImpl@61751e2[MainActivity] t = android.view.SurfaceControl$Transaction@7e64f8d fN = 675 android.view.SurfaceView.-$$Nest$mapplyOrMergeTransaction:0 android.view.SurfaceView$SurfaceViewPositionUpdateListener.positionChanged:1537 android.graphics.RenderNode$CompositePositionUpdateListener.positionChanged:373 
10-17 19:19:54.744 26454 26549 I ViewRootImpl@61751e2[MainActivity]: mWNT: t=0x7b1aeb5b00 mBlastBufferQueue=0x7b5a1f6800 fn= 675 caller= android.view.SurfaceView.applyOrMergeTransaction:1455 android.view.SurfaceView.-$$Nest$mapplyOrMergeTransaction:0 android.view.SurfaceView$SurfaceViewPositionUpdateListener.positionChanged:1537 
10-17 19:19:54.744 26454 26549 I ViewRootImpl@61751e2[MainActivity]: mWNT: t=0x7ae1702500 mBlastBufferQueue=0x7b5a1f6800 fn= 675 caller= android.view.ViewRootImpl.lambda$applyTransactionOnDraw$11$android-view-ViewRootImpl:12865 android.view.ViewRootImpl$$ExternalSyntheticLambda1.onFrameDraw:4 android.graphics.HardwareRenderer$FrameDrawingCallback.onFrameDraw:924 
10-17 19:19:54.758 26454 26454 I SurfaceView@e33655a: Changes: creating=false format=false size=false visible=false alpha=false hint=false mUseAlpha=false visible=false left=false top=true
10-17 19:19:54.758 26454 26454 I SurfaceView@e33655a: 238249306 Cur surface: Surface(name=null)/@0x92b0c78
10-17 19:19:54.759 26454 26454 I SurfaceView@e33655a: applyTransactionOnVriDraw: vri = ViewRootImpl@61751e2[MainActivity] fRS = false t = 0x7ae1702600 android.view.SurfaceView.performSurfaceTransaction:959 android.view.SurfaceView.updateSurface:1105 android.view.SurfaceView.lambda$new$0$android-view-SurfaceView:200 
10-17 19:19:54.759 26454 26454 I ViewRootImpl@61751e2[MainActivity]: applyTransactionOnDraw: mRemoved = false isHardwareEnabled = true t = 0x7ae1702600android.view.SurfaceView.applyTransactionOnVriDraw:2048 android.view.SurfaceView.performSurfaceTransaction:959 android.view.SurfaceView.updateSurface:1105 android.view.SurfaceView.lambda$new$0$android-view-SurfaceView:200 android.view.SurfaceView$$ExternalSyntheticLambda5.onPreDraw:2 
10-17 19:19:54.759 26454 26454 I SurfaceView@e33655a: updateSurface: mVisible = true mSurface.isValid() = true
10-17 19:19:54.759 26454 26454 I SurfaceView@e33655a: updateSurface: mSurfaceCreated = true surfaceChanged = false visibleChanged = false
10-17 19:19:54.759 26454 26454 V SurfaceView@e33655a: Layout: x=0 y=-71 w=1080 h=525, frame=Rect(0, 0 - 1080, 525)
10-17 19:19:54.760 26454 26548 D SurfaceView@e33655a: updateSurfacePosition RenderWorker, frameNr = 676, position = [0, -71, 1080, 454] surfaceSize = 1080x525
10-17 19:19:54.760 26454 26548 I SurfaceView@e33655a: uSP: rtp = Rect(0, -71 - 1080, 454) rtsw = 1080 rtsh = 525
10-17 19:19:54.760 26454 26548 I SurfaceView@e33655a: onSSPAndSRT: pl = 0 pt = -71 sx = 1.0 sy = 1.0
10-17 19:19:54.761 26454 26548 I SurfaceView@e33655a: aOrMT: ViewRootImpl@61751e2[MainActivity] t = android.view.SurfaceControl$Transaction@7e64f8d fN = 676 android.view.SurfaceView.-$$Nest$mapplyOrMergeTransaction:0 android.view.SurfaceView$SurfaceViewPositionUpdateListener.positionChanged:1537 android.graphics.RenderNode$CompositePositionUpdateListener.positionChanged:373 
10-17 19:19:54.761 26454 26548 I ViewRootImpl@61751e2[MainActivity]: mWNT: t=0x7b1aeb5b00 mBlastBufferQueue=0x7b5a1f6800 fn= 676 caller= android.view.SurfaceView.applyOrMergeTransaction:1455 android.view.SurfaceView.-$$Nest$mapplyOrMergeTransaction:0 android.view.SurfaceView$SurfaceViewPositionUpdateListener.positionChanged:1537 
10-17 19:19:54.761 26454 26548 I ViewRootImpl@61751e2[MainActivity]: mWNT: t=0x7ae1702600 mBlastBufferQueue=0x7b5a1f6800 fn= 676 caller= android.view.ViewRootImpl.lambda$applyTransactionOnDraw$11$android-view-ViewRootImpl:12865 android.view.ViewRootImpl$$ExternalSyntheticLambda1.onFrameDraw:4 android.graphics.HardwareRenderer$FrameDrawingCallback.onFrameDraw:924 
10-17 19:19:54.775 26454 26454 I SurfaceView@e33655a: Changes: creating=false format=false size=false visible=false alpha=false hint=false mUseAlpha=false visible=false left=false top=true
10-17 19:19:54.775 26454 26454 I SurfaceView@e33655a: 238249306 Cur surface: Surface(name=null)/@0x92b0c78
10-17 19:19:54.775 26454 26454 I SurfaceView@e33655a: applyTransactionOnVriDraw: vri = ViewRootImpl@61751e2[MainActivity] fRS = false t = 0x7ae1702700 android.view.SurfaceView.performSurfaceTransaction:959 android.view.SurfaceView.updateSurface:1105 android.view.SurfaceView.lambda$new$0$android-view-SurfaceView:200 
10-17 19:19:54.776 26454 26454 I ViewRootImpl@61751e2[MainActivity]: applyTransactionOnDraw: mRemoved = false isHardwareEnabled = true t = 0x7ae1702700android.view.SurfaceView.applyTransactionOnVriDraw:2048 android.view.SurfaceView.performSurfaceTransaction:959 android.view.SurfaceView.updateSurface:1105 android.view.SurfaceView.lambda$new$0$android-view-SurfaceView:200 android.view.SurfaceView$$ExternalSyntheticLambda5.onPreDraw:2 
10-17 19:19:54.776 26454 26454 I SurfaceView@e33655a: updateSurface: mVisible = true mSurface.isValid() = true
10-17 19:19:54.776 26454 26454 I SurfaceView@e33655a: updateSurface: mSurfaceCreated = true surfaceChanged = false visibleChanged = false
10-17 19:19:54.776 26454 26454 V SurfaceView@e33655a: Layout: x=0 y=-57 w=1080 h=525, frame=Rect(0, 0 - 1080, 525)
10-17 19:19:54.777 26454 26549 D SurfaceView@e33655a: updateSurfacePosition RenderWorker, frameNr = 677, position = [0, -57, 1080, 468] surfaceSize = 1080x525
10-17 19:19:54.777 26454 26549 I SurfaceView@e33655a: uSP: rtp = Rect(0, -57 - 1080, 468) rtsw = 1080 rtsh = 525
10-17 19:19:54.777 26454 26549 I SurfaceView@e33655a: onSSPAndSRT: pl = 0 pt = -57 sx = 1.0 sy = 1.0
10-17 19:19:54.778 26454 26549 I SurfaceView@e33655a: aOrMT: ViewRootImpl@61751e2[MainActivity] t = android.view.SurfaceControl$Transaction@7e64f8d fN = 677 android.view.SurfaceView.-$$Nest$mapplyOrMergeTransaction:0 android.view.SurfaceView$SurfaceViewPositionUpdateListener.positionChanged:1537 android.graphics.RenderNode$CompositePositionUpdateListener.positionChanged:373 
10-17 19:19:54.778 26454 26549 I ViewRootImpl@61751e2[MainActivity]: mWNT: t=0x7b1aeb5b00 mBlastBufferQueue=0x7b5a1f6800 fn= 677 caller= android.view.SurfaceView.applyOrMergeTransaction:1455 android.view.SurfaceView.-$$Nest$mapplyOrMergeTransaction:0 android.view.SurfaceView$SurfaceViewPositionUpdateListener.positionChanged:1537 
10-17 19:19:54.778 26454 26549 I ViewRootImpl@61751e2[MainActivity]: mWNT: t=0x7ae1702700 mBlastBufferQueue=0x7b5a1f6800 fn= 677 caller= android.view.ViewRootImpl.lambda$applyTransactionOnDraw$11$android-view-ViewRootImpl:12865 android.view.ViewRootImpl$$ExternalSyntheticLambda1.onFrameDraw:4 android.graphics.HardwareRenderer$FrameDrawingCallback.onFrameDraw:924 
10-17 19:19:54.791 26454 26454 I SurfaceView@e33655a: Changes: creating=false format=false size=false visible=false alpha=false hint=false mUseAlpha=false visible=false left=false top=true
10-17 19:19:54.791 26454 26454 I SurfaceView@e33655a: 238249306 Cur surface: Surface(name=null)/@0x92b0c78
10-17 19:19:54.792 26454 26454 I SurfaceView@e33655a: applyTransactionOnVriDraw: vri = ViewRootImpl@61751e2[MainActivity] fRS = false t = 0x7ae1702800 android.view.SurfaceView.performSurfaceTransaction:959 android.view.SurfaceView.updateSurface:1105 android.view.SurfaceView.lambda$new$0$android-view-SurfaceView:200 
10-17 19:19:54.792 26454 26454 I ViewRootImpl@61751e2[MainActivity]: applyTransactionOnDraw: mRemoved = false isHardwareEnabled = true t = 0x7ae1702800android.view.SurfaceView.applyTransactionOnVriDraw:2048 android.view.SurfaceView.performSurfaceTransaction:959 android.view.SurfaceView.updateSurface:1105 android.view.SurfaceView.lambda$new$0$android-view-SurfaceView:200 android.view.SurfaceView$$ExternalSyntheticLambda5.onPreDraw:2 
10-17 19:19:54.792 26454 26454 I SurfaceView@e33655a: updateSurface: mVisible = true mSurface.isValid() = true
10-17 19:19:54.792 26454 26454 I SurfaceView@e33655a: updateSurface: mSurfaceCreated = true surfaceChanged = false visibleChanged = false
10-17 19:19:54.792 26454 26454 V SurfaceView@e33655a: Layout: x=0 y=-43 w=1080 h=525, frame=Rect(0, 0 - 1080, 525)
10-17 19:19:54.794 26454 26548 D SurfaceView@e33655a: updateSurfacePosition RenderWorker, frameNr = 678, position = [0, -43, 1080, 482] surfaceSize = 1080x525
10-17 19:19:54.794 26454 26548 I SurfaceView@e33655a: uSP: rtp = Rect(0, -43 - 1080, 482) rtsw = 1080 rtsh = 525
10-17 19:19:54.794 26454 26548 I SurfaceView@e33655a: onSSPAndSRT: pl = 0 pt = -43 sx = 1.0 sy = 1.0
10-17 19:19:54.794 26454 26548 I SurfaceView@e33655a: aOrMT: ViewRootImpl@61751e2[MainActivity] t = android.view.SurfaceControl$Transaction@7e64f8d fN = 678 android.view.SurfaceView.-$$Nest$mapplyOrMergeTransaction:0 android.view.SurfaceView$SurfaceViewPositionUpdateListener.positionChanged:1537 android.graphics.RenderNode$CompositePositionUpdateListener.positionChanged:373 
10-17 19:19:54.795 26454 26548 I ViewRootImpl@61751e2[MainActivity]: mWNT: t=0x7b1aeb5b00 mBlastBufferQueue=0x7b5a1f6800 fn= 678 caller= android.view.SurfaceView.applyOrMergeTransaction:1455 android.view.SurfaceView.-$$Nest$mapplyOrMergeTransaction:0 android.view.SurfaceView$SurfaceViewPositionUpdateListener.positionChanged:1537 
10-17 19:19:54.795 26454 26548 I ViewRootImpl@61751e2[MainActivity]: mWNT: t=0x7ae1702800 mBlastBufferQueue=0x7b5a1f6800 fn= 678 caller= android.view.ViewRootImpl.lambda$applyTransactionOnDraw$11$android-view-ViewRootImpl:12865 android.view.ViewRootImpl$$ExternalSyntheticLambda1.onFrameDraw:4 android.graphics.HardwareRenderer$FrameDrawingCallback.onFrameDraw:924 
10-17 19:19:54.808 26454 26454 I SurfaceView@e33655a: Changes: creating=false format=false size=false visible=false alpha=false hint=false mUseAlpha=false visible=false left=false top=true
10-17 19:19:54.808 26454 26454 I SurfaceView@e33655a: 238249306 Cur surface: Surface(name=null)/@0x92b0c78
10-17 19:19:54.809 26454 26454 I SurfaceView@e33655a: applyTransactionOnVriDraw: vri = ViewRootImpl@61751e2[MainActivity] fRS = false t = 0x7ae1702900 android.view.SurfaceView.performSurfaceTransaction:959 android.view.SurfaceView.updateSurface:1105 android.view.SurfaceView.lambda$new$0$android-view-SurfaceView:200 
10-17 19:19:54.809 26454 26454 I ViewRootImpl@61751e2[MainActivity]: applyTransactionOnDraw: mRemoved = false isHardwareEnabled = true t = 0x7ae1702900android.view.SurfaceView.applyTransactionOnVriDraw:2048 android.view.SurfaceView.performSurfaceTransaction:959 android.view.SurfaceView.updateSurface:1105 android.view.SurfaceView.lambda$new$0$android-view-SurfaceView:200 android.view.SurfaceView$$ExternalSyntheticLambda5.onPreDraw:2 
10-17 19:19:54.809 26454 26454 I SurfaceView@e33655a: updateSurface: mVisible = true mSurface.isValid() = true
10-17 19:19:54.809 26454 26454 I SurfaceView@e33655a: updateSurface: mSurfaceCreated = true surfaceChanged = false visibleChanged = false
10-17 19:19:54.809 26454 26454 V SurfaceView@e33655a: Layout: x=0 y=-30 w=1080 h=525, frame=Rect(0, 0 - 1080, 525)
10-17 19:19:54.811 26454 26549 D SurfaceView@e33655a: updateSurfacePosition RenderWorker, frameNr = 679, position = [0, -30, 1080, 495] surfaceSize = 1080x525
10-17 19:19:54.811 26454 26549 I SurfaceView@e33655a: uSP: rtp = Rect(0, -30 - 1080, 495) rtsw = 1080 rtsh = 525
10-17 19:19:54.811 26454 26549 I SurfaceView@e33655a: onSSPAndSRT: pl = 0 pt = -30 sx = 1.0 sy = 1.0
10-17 19:19:54.812 26454 26549 I SurfaceView@e33655a: aOrMT: ViewRootImpl@61751e2[MainActivity] t = android.view.SurfaceControl$Transaction@7e64f8d fN = 679 android.view.SurfaceView.-$$Nest$mapplyOrMergeTransaction:0 android.view.SurfaceView$SurfaceViewPositionUpdateListener.positionChanged:1537 android.graphics.RenderNode$CompositePositionUpdateListener.positionChanged:373 
10-17 19:19:54.812 26454 26549 I ViewRootImpl@61751e2[MainActivity]: mWNT: t=0x7b1aeb5b00 mBlastBufferQueue=0x7b5a1f6800 fn= 679 caller= android.view.SurfaceView.applyOrMergeTransaction:1455 android.view.SurfaceView.-$$Nest$mapplyOrMergeTransaction:0 android.view.SurfaceView$SurfaceViewPositionUpdateListener.positionChanged:1537 
10-17 19:19:54.812 26454 26549 I ViewRootImpl@61751e2[MainActivity]: mWNT: t=0x7ae1702900 mBlastBufferQueue=0x7b5a1f6800 fn= 679 caller= android.view.ViewRootImpl.lambda$applyTransactionOnDraw$11$android-view-ViewRootImpl:12865 android.view.ViewRootImpl$$ExternalSyntheticLambda1.onFrameDraw:4 android.graphics.HardwareRenderer$FrameDrawingCallback.onFrameDraw:924 
10-17 19:19:54.825 26454 26454 I SurfaceView@e33655a: Changes: creating=false format=false size=false visible=false alpha=false hint=false mUseAlpha=false visible=false left=false top=true
10-17 19:19:54.825 26454 26454 I SurfaceView@e33655a: 238249306 Cur surface: Surface(name=null)/@0x92b0c78
10-17 19:19:54.825 26454 26454 I SurfaceView@e33655a: applyTransactionOnVriDraw: vri = ViewRootImpl@61751e2[MainActivity] fRS = false t = 0x7ae1702a00 android.view.SurfaceView.performSurfaceTransaction:959 android.view.SurfaceView.updateSurface:1105 android.view.SurfaceView.lambda$new$0$android-view-SurfaceView:200 
10-17 19:19:54.826 26454 26454 I ViewRootImpl@61751e2[MainActivity]: applyTransactionOnDraw: mRemoved = false isHardwareEnabled = true t = 0x7ae1702a00android.view.SurfaceView.applyTransactionOnVriDraw:2048 android.view.SurfaceView.performSurfaceTransaction:959 android.view.SurfaceView.updateSurface:1105 android.view.SurfaceView.lambda$new$0$android-view-SurfaceView:200 android.view.SurfaceView$$ExternalSyntheticLambda5.onPreDraw:2 
10-17 19:19:54.826 26454 26454 I SurfaceView@e33655a: updateSurface: mVisible = true mSurface.isValid() = true
10-17 19:19:54.826 26454 26454 I SurfaceView@e33655a: updateSurface: mSurfaceCreated = true surfaceChanged = false visibleChanged = false
10-17 19:19:54.826 26454 26454 V SurfaceView@e33655a: Layout: x=0 y=-17 w=1080 h=525, frame=Rect(0, 0 - 1080, 525)
10-17 19:19:54.827 26454 26548 D SurfaceView@e33655a: updateSurfacePosition RenderWorker, frameNr = 680, position = [0, -17, 1080, 508] surfaceSize = 1080x525
10-17 19:19:54.827 26454 26548 I SurfaceView@e33655a: uSP: rtp = Rect(0, -17 - 1080, 508) rtsw = 1080 rtsh = 525
10-17 19:19:54.827 26454 26548 I SurfaceView@e33655a: onSSPAndSRT: pl = 0 pt = -17 sx = 1.0 sy = 1.0
10-17 19:19:54.828 26454 26548 I SurfaceView@e33655a: aOrMT: ViewRootImpl@61751e2[MainActivity] t = android.view.SurfaceControl$Transaction@7e64f8d fN = 680 android.view.SurfaceView.-$$Nest$mapplyOrMergeTransaction:0 android.view.SurfaceView$SurfaceViewPositionUpdateListener.positionChanged:1537 android.graphics.RenderNode$CompositePositionUpdateListener.positionChanged:373 
10-17 19:19:54.828 26454 26548 I ViewRootImpl@61751e2[MainActivity]: mWNT: t=0x7b1aeb5b00 mBlastBufferQueue=0x7b5a1f6800 fn= 680 caller= android.view.SurfaceView.applyOrMergeTransaction:1455 android.view.SurfaceView.-$$Nest$mapplyOrMergeTransaction:0 android.view.SurfaceView$SurfaceViewPositionUpdateListener.positionChanged:1537 
10-17 19:19:54.828 26454 26548 I ViewRootImpl@61751e2[MainActivity]: mWNT: t=0x7ae1702a00 mBlastBufferQueue=0x7b5a1f6800 fn= 680 caller= android.view.ViewRootImpl.lambda$applyTransactionOnDraw$11$android-view-ViewRootImpl:12865 android.view.ViewRootImpl$$ExternalSyntheticLambda1.onFrameDraw:4 android.graphics.HardwareRenderer$FrameDrawingCallback.onFrameDraw:924 
10-17 19:19:54.841 26454 26454 I SurfaceView@e33655a: Changes: creating=false format=false size=false visible=false alpha=false hint=false mUseAlpha=false visible=false left=false top=true
10-17 19:19:54.842 26454 26454 I SurfaceView@e33655a: 238249306 Cur surface: Surface(name=null)/@0x92b0c78
10-17 19:19:54.842 26454 26454 I SurfaceView@e33655a: applyTransactionOnVriDraw: vri = ViewRootImpl@61751e2[MainActivity] fRS = false t = 0x7ae1702b00 android.view.SurfaceView.performSurfaceTransaction:959 android.view.SurfaceView.updateSurface:1105 android.view.SurfaceView.lambda$new$0$android-view-SurfaceView:200 
10-17 19:19:54.842 26454 26454 I ViewRootImpl@61751e2[MainActivity]: applyTransactionOnDraw: mRemoved = false isHardwareEnabled = true t = 0x7ae1702b00android.view.SurfaceView.applyTransactionOnVriDraw:2048 android.view.SurfaceView.performSurfaceTransaction:959 android.view.SurfaceView.updateSurface:1105 android.view.SurfaceView.lambda$new$0$android-view-SurfaceView:200 android.view.SurfaceView$$ExternalSyntheticLambda5.onPreDraw:2 
10-17 19:19:54.842 26454 26454 I SurfaceView@e33655a: updateSurface: mVisible = true mSurface.isValid() = true
10-17 19:19:54.842 26454 26454 I SurfaceView@e33655a: updateSurface: mSurfaceCreated = true surfaceChanged = false visibleChanged = false
10-17 19:19:54.842 26454 26454 V SurfaceView@e33655a: Layout: x=0 y=-5 w=1080 h=525, frame=Rect(0, 0 - 1080, 525)
10-17 19:19:54.844 26454 26549 D SurfaceView@e33655a: updateSurfacePosition RenderWorker, frameNr = 681, position = [0, -5, 1080, 520] surfaceSize = 1080x525
10-17 19:19:54.844 26454 26549 I SurfaceView@e33655a: uSP: rtp = Rect(0, -5 - 1080, 520) rtsw = 1080 rtsh = 525
10-17 19:19:54.844 26454 26549 I SurfaceView@e33655a: onSSPAndSRT: pl = 0 pt = -5 sx = 1.0 sy = 1.0
10-17 19:19:54.844 26454 26549 I SurfaceView@e33655a: aOrMT: ViewRootImpl@61751e2[MainActivity] t = android.view.SurfaceControl$Transaction@7e64f8d fN = 681 android.view.SurfaceView.-$$Nest$mapplyOrMergeTransaction:0 android.view.SurfaceView$SurfaceViewPositionUpdateListener.positionChanged:1537 android.graphics.RenderNode$CompositePositionUpdateListener.positionChanged:373 
10-17 19:19:54.845 26454 26549 I ViewRootImpl@61751e2[MainActivity]: mWNT: t=0x7b1aeb5b00 mBlastBufferQueue=0x7b5a1f6800 fn= 681 caller= android.view.SurfaceView.applyOrMergeTransaction:1455 android.view.SurfaceView.-$$Nest$mapplyOrMergeTransaction:0 android.view.SurfaceView$SurfaceViewPositionUpdateListener.positionChanged:1537 
10-17 19:19:54.845 26454 26549 I ViewRootImpl@61751e2[MainActivity]: mWNT: t=0x7ae1702b00 mBlastBufferQueue=0x7b5a1f6800 fn= 681 caller= android.view.ViewRootImpl.lambda$applyTransactionOnDraw$11$android-view-ViewRootImpl:12865 android.view.ViewRootImpl$$ExternalSyntheticLambda1.onFrameDraw:4 android.graphics.HardwareRenderer$FrameDrawingCallback.onFrameDraw:924 
10-17 19:19:54.858 26454 26454 I SurfaceView@e33655a: Changes: creating=false format=false size=false visible=false alpha=false hint=false mUseAlpha=false visible=false left=false top=true
10-17 19:19:54.858 26454 26454 I SurfaceView@e33655a: 238249306 Cur surface: Surface(name=null)/@0x92b0c78
10-17 19:19:54.859 26454 26454 I SurfaceView@e33655a: applyTransactionOnVriDraw: vri = ViewRootImpl@61751e2[MainActivity] fRS = false t = 0x7ae1702c00 android.view.SurfaceView.performSurfaceTransaction:959 android.view.SurfaceView.updateSurface:1105 android.view.SurfaceView.lambda$new$0$android-view-SurfaceView:200 
10-17 19:19:54.859 26454 26454 I ViewRootImpl@61751e2[MainActivity]: applyTransactionOnDraw: mRemoved = false isHardwareEnabled = true t = 0x7ae1702c00android.view.SurfaceView.applyTransactionOnVriDraw:2048 android.view.SurfaceView.performSurfaceTransaction:959 android.view.SurfaceView.updateSurface:1105 android.view.SurfaceView.lambda$new$0$android-view-SurfaceView:200 android.view.SurfaceView$$ExternalSyntheticLambda5.onPreDraw:2 
10-17 19:19:54.859 26454 26454 I SurfaceView@e33655a: updateSurface: mVisible = true mSurface.isValid() = true
10-17 19:19:54.859 26454 26454 I SurfaceView@e33655a: updateSurface: mSurfaceCreated = true surfaceChanged = false visibleChanged = false
10-17 19:19:54.859 26454 26454 V SurfaceView@e33655a: Layout: x=0 y=7 w=1080 h=525, frame=Rect(0, 0 - 1080, 525)
10-17 19:19:54.861 26454 26548 D SurfaceView@e33655a: updateSurfacePosition RenderWorker, frameNr = 682, position = [0, 7, 1080, 532] surfaceSize = 1080x525
10-17 19:19:54.861 26454 26548 I SurfaceView@e33655a: uSP: rtp = Rect(0, 7 - 1080, 532) rtsw = 1080 rtsh = 525
10-17 19:19:54.861 26454 26548 I SurfaceView@e33655a: onSSPAndSRT: pl = 0 pt = 7 sx = 1.0 sy = 1.0
10-17 19:19:54.861 26454 26548 I SurfaceView@e33655a: aOrMT: ViewRootImpl@61751e2[MainActivity] t = android.view.SurfaceControl$Transaction@7e64f8d fN = 682 android.view.SurfaceView.-$$Nest$mapplyOrMergeTransaction:0 android.view.SurfaceView$SurfaceViewPositionUpdateListener.positionChanged:1537 android.graphics.RenderNode$CompositePositionUpdateListener.positionChanged:373 
10-17 19:19:54.861 26454 26548 I ViewRootImpl@61751e2[MainActivity]: mWNT: t=0x7b1aeb5b00 mBlastBufferQueue=0x7b5a1f6800 fn= 682 caller= android.view.SurfaceView.applyOrMergeTransaction:1455 android.view.SurfaceView.-$$Nest$mapplyOrMergeTransaction:0 android.view.SurfaceView$SurfaceViewPositionUpdateListener.positionChanged:1537 
10-17 19:19:54.861 26454 26548 I ViewRootImpl@61751e2[MainActivity]: mWNT: t=0x7ae1702c00 mBlastBufferQueue=0x7b5a1f6800 fn= 682 caller= android.view.ViewRootImpl.lambda$applyTransactionOnDraw$11$android-view-ViewRootImpl:12865 android.view.ViewRootImpl$$ExternalSyntheticLambda1.onFrameDraw:4 android.graphics.HardwareRenderer$FrameDrawingCallback.onFrameDraw:924 
10-17 19:19:54.875 26454 26454 I SurfaceView@e33655a: Changes: creating=false format=false size=false visible=false alpha=false hint=false mUseAlpha=false visible=false left=false top=true
10-17 19:19:54.875 26454 26454 I SurfaceView@e33655a: 238249306 Cur surface: Surface(name=null)/@0x92b0c78
10-17 19:19:54.875 26454 26454 I SurfaceView@e33655a: applyTransactionOnVriDraw: vri = ViewRootImpl@61751e2[MainActivity] fRS = false t = 0x7ae1702d00 android.view.SurfaceView.performSurfaceTransaction:959 android.view.SurfaceView.updateSurface:1105 android.view.SurfaceView.lambda$new$0$android-view-SurfaceView:200 
10-17 19:19:54.876 26454 26454 I ViewRootImpl@61751e2[MainActivity]: applyTransactionOnDraw: mRemoved = false isHardwareEnabled = true t = 0x7ae1702d00android.view.SurfaceView.applyTransactionOnVriDraw:2048 android.view.SurfaceView.performSurfaceTransaction:959 android.view.SurfaceView.updateSurface:1105 android.view.SurfaceView.lambda$new$0$android-view-SurfaceView:200 android.view.SurfaceView$$ExternalSyntheticLambda5.onPreDraw:2 
10-17 19:19:54.876 26454 26454 I SurfaceView@e33655a: updateSurface: mVisible = true mSurface.isValid() = true
10-17 19:19:54.876 26454 26454 I SurfaceView@e33655a: updateSurface: mSurfaceCreated = true surfaceChanged = false visibleChanged = false
10-17 19:19:54.876 26454 26454 V SurfaceView@e33655a: Layout: x=0 y=18 w=1080 h=525, frame=Rect(0, 0 - 1080, 525)
10-17 19:19:54.877 26454 26549 D SurfaceView@e33655a: updateSurfacePosition RenderWorker, frameNr = 683, position = [0, 18, 1080, 543] surfaceSize = 1080x525
10-17 19:19:54.877 26454 26549 I SurfaceView@e33655a: uSP: rtp = Rect(0, 18 - 1080, 543) rtsw = 1080 rtsh = 525
10-17 19:19:54.877 26454 26549 I SurfaceView@e33655a: onSSPAndSRT: pl = 0 pt = 18 sx = 1.0 sy = 1.0
10-17 19:19:54.878 26454 26549 I SurfaceView@e33655a: aOrMT: ViewRootImpl@61751e2[MainActivity] t = android.view.SurfaceControl$Transaction@7e64f8d fN = 683 android.view.SurfaceView.-$$Nest$mapplyOrMergeTransaction:0 android.view.SurfaceView$SurfaceViewPositionUpdateListener.positionChanged:1537 android.graphics.RenderNode$CompositePositionUpdateListener.positionChanged:373 
10-17 19:19:54.878 26454 26549 I ViewRootImpl@61751e2[MainActivity]: mWNT: t=0x7b1aeb5b00 mBlastBufferQueue=0x7b5a1f6800 fn= 683 caller= android.view.SurfaceView.applyOrMergeTransaction:1455 android.view.SurfaceView.-$$Nest$mapplyOrMergeTransaction:0 android.view.SurfaceView$SurfaceViewPositionUpdateListener.positionChanged:1537 
10-17 19:19:54.878 26454 26549 I ViewRootImpl@61751e2[MainActivity]: mWNT: t=0x7ae1702d00 mBlastBufferQueue=0x7b5a1f6800 fn= 683 caller= android.view.ViewRootImpl.lambda$applyTransactionOnDraw$11$android-view-ViewRootImpl:12865 android.view.ViewRootImpl$$ExternalSyntheticLambda1.onFrameDraw:4 android.graphics.HardwareRenderer$FrameDrawingCallback.onFrameDraw:924 
10-17 19:19:54.891 26454 26454 I SurfaceView@e33655a: Changes: creating=false format=false size=false visible=false alpha=false hint=false mUseAlpha=false visible=false left=false top=true
10-17 19:19:54.892 26454 26454 I SurfaceView@e33655a: 238249306 Cur surface: Surface(name=null)/@0x92b0c78
10-17 19:19:54.892 26454 26454 I SurfaceView@e33655a: applyTransactionOnVriDraw: vri = ViewRootImpl@61751e2[MainActivity] fRS = false t = 0x7ae1702e00 android.view.SurfaceView.performSurfaceTransaction:959 android.view.SurfaceView.updateSurface:1105 android.view.SurfaceView.lambda$new$0$android-view-SurfaceView:200 
10-17 19:19:54.892 26454 26454 I ViewRootImpl@61751e2[MainActivity]: applyTransactionOnDraw: mRemoved = false isHardwareEnabled = true t = 0x7ae1702e00android.view.SurfaceView.applyTransactionOnVriDraw:2048 android.view.SurfaceView.performSurfaceTransaction:959 android.view.SurfaceView.updateSurface:1105 android.view.SurfaceView.lambda$new$0$android-view-SurfaceView:200 android.view.SurfaceView$$ExternalSyntheticLambda5.onPreDraw:2 
10-17 19:19:54.892 26454 26454 I SurfaceView@e33655a: updateSurface: mVisible = true mSurface.isValid() = true
10-17 19:19:54.892 26454 26454 I SurfaceView@e33655a: updateSurface: mSurfaceCreated = true surfaceChanged = false visibleChanged = false
10-17 19:19:54.892 26454 26454 V SurfaceView@e33655a: Layout: x=0 y=30 w=1080 h=525, frame=Rect(0, 0 - 1080, 525)
10-17 19:19:54.894 26454 26548 D SurfaceView@e33655a: updateSurfacePosition RenderWorker, frameNr = 684, position = [0, 30, 1080, 555] surfaceSize = 1080x525
10-17 19:19:54.894 26454 26548 I SurfaceView@e33655a: uSP: rtp = Rect(0, 30 - 1080, 555) rtsw = 1080 rtsh = 525
10-17 19:19:54.894 26454 26548 I SurfaceView@e33655a: onSSPAndSRT: pl = 0 pt = 30 sx = 1.0 sy = 1.0
10-17 19:19:54.894 26454 26548 I SurfaceView@e33655a: aOrMT: ViewRootImpl@61751e2[MainActivity] t = android.view.SurfaceControl$Transaction@7e64f8d fN = 684 android.view.SurfaceView.-$$Nest$mapplyOrMergeTransaction:0 android.view.SurfaceView$SurfaceViewPositionUpdateListener.positionChanged:1537 android.graphics.RenderNode$CompositePositionUpdateListener.positionChanged:373 
10-17 19:19:54.895 26454 26548 I ViewRootImpl@61751e2[MainActivity]: mWNT: t=0x7b1aeb5b00 mBlastBufferQueue=0x7b5a1f6800 fn= 684 caller= android.view.SurfaceView.applyOrMergeTransaction:1455 android.view.SurfaceView.-$$Nest$mapplyOrMergeTransaction:0 android.view.SurfaceView$SurfaceViewPositionUpdateListener.positionChanged:1537 
10-17 19:19:54.895 26454 26548 I ViewRootImpl@61751e2[MainActivity]: mWNT: t=0x7ae1702e00 mBlastBufferQueue=0x7b5a1f6800 fn= 684 caller= android.view.ViewRootImpl.lambda$applyTransactionOnDraw$11$android-view-ViewRootImpl:12865 android.view.ViewRootImpl$$ExternalSyntheticLambda1.onFrameDraw:4 android.graphics.HardwareRenderer$FrameDrawingCallback.onFrameDraw:924 
10-17 19:19:54.908 26454 26454 I SurfaceView@e33655a: Changes: creating=false format=false size=false visible=false alpha=false hint=false mUseAlpha=false visible=false left=false top=true
10-17 19:19:54.908 26454 26454 I SurfaceView@e33655a: 238249306 Cur surface: Surface(name=null)/@0x92b0c78
10-17 19:19:54.909 26454 26454 I SurfaceView@e33655a: applyTransactionOnVriDraw: vri = ViewRootImpl@61751e2[MainActivity] fRS = false t = 0x7ae1702f00 android.view.SurfaceView.performSurfaceTransaction:959 android.view.SurfaceView.updateSurface:1105 android.view.SurfaceView.lambda$new$0$android-view-SurfaceView:200 
10-17 19:19:54.909 26454 26454 I ViewRootImpl@61751e2[MainActivity]: applyTransactionOnDraw: mRemoved = false isHardwareEnabled = true t = 0x7ae1702f00android.view.SurfaceView.applyTransactionOnVriDraw:2048 android.view.SurfaceView.performSurfaceTransaction:959 android.view.SurfaceView.updateSurface:1105 android.view.SurfaceView.lambda$new$0$android-view-SurfaceView:200 android.view.SurfaceView$$ExternalSyntheticLambda5.onPreDraw:2 
10-17 19:19:54.909 26454 26454 I SurfaceView@e33655a: updateSurface: mVisible = true mSurface.isValid() = true
10-17 19:19:54.909 26454 26454 I SurfaceView@e33655a: updateSurface: mSurfaceCreated = true surfaceChanged = false visibleChanged = false
10-17 19:19:54.909 26454 26454 V SurfaceView@e33655a: Layout: x=0 y=40 w=1080 h=525, frame=Rect(0, 0 - 1080, 525)
10-17 19:19:54.911 26454 26549 D SurfaceView@e33655a: updateSurfacePosition RenderWorker, frameNr = 685, position = [0, 40, 1080, 565] surfaceSize = 1080x525
10-17 19:19:54.911 26454 26549 I SurfaceView@e33655a: uSP: rtp = Rect(0, 40 - 1080, 565) rtsw = 1080 rtsh = 525
10-17 19:19:54.911 26454 26549 I SurfaceView@e33655a: onSSPAndSRT: pl = 0 pt = 40 sx = 1.0 sy = 1.0
10-17 19:19:54.911 26454 26549 I SurfaceView@e33655a: aOrMT: ViewRootImpl@61751e2[MainActivity] t = android.view.SurfaceControl$Transaction@7e64f8d fN = 685 android.view.SurfaceView.-$$Nest$mapplyOrMergeTransaction:0 android.view.SurfaceView$SurfaceViewPositionUpdateListener.positionChanged:1537 android.graphics.RenderNode$CompositePositionUpdateListener.positionChanged:373 
10-17 19:19:54.911 26454 26549 I ViewRootImpl@61751e2[MainActivity]: mWNT: t=0x7b1aeb5b00 mBlastBufferQueue=0x7b5a1f6800 fn= 685 caller= android.view.SurfaceView.applyOrMergeTransaction:1455 android.view.SurfaceView.-$$Nest$mapplyOrMergeTransaction:0 android.view.SurfaceView$SurfaceViewPositionUpdateListener.positionChanged:1537 
10-17 19:19:54.911 26454 26549 I ViewRootImpl@61751e2[MainActivity]: mWNT: t=0x7ae1702f00 mBlastBufferQueue=0x7b5a1f6800 fn= 685 caller= android.view.ViewRootImpl.lambda$applyTransactionOnDraw$11$android-view-ViewRootImpl:12865 android.view.ViewRootImpl$$ExternalSyntheticLambda1.onFrameDraw:4 android.graphics.HardwareRenderer$FrameDrawingCallback.onFrameDraw:924 
10-17 19:19:54.924 26454 26454 I SurfaceView@e33655a: Changes: creating=false format=false size=false visible=false alpha=false hint=false mUseAlpha=false visible=false left=false top=true
10-17 19:19:54.925 26454 26454 I SurfaceView@e33655a: 238249306 Cur surface: Surface(name=null)/@0x92b0c78
10-17 19:19:54.925 26454 26454 I SurfaceView@e33655a: applyTransactionOnVriDraw: vri = ViewRootImpl@61751e2[MainActivity] fRS = false t = 0x7b45911000 android.view.SurfaceView.performSurfaceTransaction:959 android.view.SurfaceView.updateSurface:1105 android.view.SurfaceView.lambda$new$0$android-view-SurfaceView:200 
10-17 19:19:54.925 26454 26454 I ViewRootImpl@61751e2[MainActivity]: applyTransactionOnDraw: mRemoved = false isHardwareEnabled = true t = 0x7b45911000android.view.SurfaceView.applyTransactionOnVriDraw:2048 android.view.SurfaceView.performSurfaceTransaction:959 android.view.SurfaceView.updateSurface:1105 android.view.SurfaceView.lambda$new$0$android-view-SurfaceView:200 android.view.SurfaceView$$ExternalSyntheticLambda5.onPreDraw:2 
10-17 19:19:54.925 26454 26454 I SurfaceView@e33655a: updateSurface: mVisible = true mSurface.isValid() = true
10-17 19:19:54.925 26454 26454 I SurfaceView@e33655a: updateSurface: mSurfaceCreated = true surfaceChanged = false visibleChanged = false
10-17 19:19:54.925 26454 26454 V SurfaceView@e33655a: Layout: x=0 y=50 w=1080 h=525, frame=Rect(0, 0 - 1080, 525)
10-17 19:19:54.927 26454 26548 D SurfaceView@e33655a: updateSurfacePosition RenderWorker, frameNr = 686, position = [0, 50, 1080, 575] surfaceSize = 1080x525
10-17 19:19:54.927 26454 26548 I SurfaceView@e33655a: uSP: rtp = Rect(0, 50 - 1080, 575) rtsw = 1080 rtsh = 525
10-17 19:19:54.927 26454 26548 I SurfaceView@e33655a: onSSPAndSRT: pl = 0 pt = 50 sx = 1.0 sy = 1.0
10-17 19:19:54.927 26454 26548 I SurfaceView@e33655a: aOrMT: ViewRootImpl@61751e2[MainActivity] t = android.view.SurfaceControl$Transaction@7e64f8d fN = 686 android.view.SurfaceView.-$$Nest$mapplyOrMergeTransaction:0 android.view.SurfaceView$SurfaceViewPositionUpdateListener.positionChanged:1537 android.graphics.RenderNode$CompositePositionUpdateListener.positionChanged:373 
10-17 19:19:54.928 26454 26548 I ViewRootImpl@61751e2[MainActivity]: mWNT: t=0x7b1aeb5b00 mBlastBufferQueue=0x7b5a1f6800 fn= 686 caller= android.view.SurfaceView.applyOrMergeTransaction:1455 android.view.SurfaceView.-$$Nest$mapplyOrMergeTransaction:0 android.view.SurfaceView$SurfaceViewPositionUpdateListener.positionChanged:1537 
10-17 19:19:54.928 26454 26548 I ViewRootImpl@61751e2[MainActivity]: mWNT: t=0x7b45911000 mBlastBufferQueue=0x7b5a1f6800 fn= 686 caller= android.view.ViewRootImpl.lambda$applyTransactionOnDraw$11$android-view-ViewRootImpl:12865 android.view.ViewRootImpl$$ExternalSyntheticLambda1.onFrameDraw:4 android.graphics.HardwareRenderer$FrameDrawingCallback.onFrameDraw:924 
10-17 19:19:54.941 26454 26454 I SurfaceView@e33655a: Changes: creating=false format=false size=false visible=false alpha=false hint=false mUseAlpha=false visible=false left=false top=true
10-17 19:19:54.941 26454 26454 I SurfaceView@e33655a: 238249306 Cur surface: Surface(name=null)/@0x92b0c78
10-17 19:19:54.942 26454 26454 I SurfaceView@e33655a: applyTransactionOnVriDraw: vri = ViewRootImpl@61751e2[MainActivity] fRS = false t = 0x7b45911100 android.view.SurfaceView.performSurfaceTransaction:959 android.view.SurfaceView.updateSurface:1105 android.view.SurfaceView.lambda$new$0$android-view-SurfaceView:200 
10-17 19:19:54.942 26454 26454 I ViewRootImpl@61751e2[MainActivity]: applyTransactionOnDraw: mRemoved = false isHardwareEnabled = true t = 0x7b45911100android.view.SurfaceView.applyTransactionOnVriDraw:2048 android.view.SurfaceView.performSurfaceTransaction:959 android.view.SurfaceView.updateSurface:1105 android.view.SurfaceView.lambda$new$0$android-view-SurfaceView:200 android.view.SurfaceView$$ExternalSyntheticLambda5.onPreDraw:2 
10-17 19:19:54.942 26454 26454 I SurfaceView@e33655a: updateSurface: mVisible = true mSurface.isValid() = true
10-17 19:19:54.942 26454 26454 I SurfaceView@e33655a: updateSurface: mSurfaceCreated = true surfaceChanged = false visibleChanged = false
10-17 19:19:54.942 26454 26454 V SurfaceView@e33655a: Layout: x=0 y=60 w=1080 h=525, frame=Rect(0, 0 - 1080, 525)
10-17 19:19:54.944 26454 26549 D SurfaceView@e33655a: updateSurfacePosition RenderWorker, frameNr = 687, position = [0, 60, 1080, 585] surfaceSize = 1080x525
10-17 19:19:54.944 26454 26549 I SurfaceView@e33655a: uSP: rtp = Rect(0, 60 - 1080, 585) rtsw = 1080 rtsh = 525
10-17 19:19:54.944 26454 26549 I SurfaceView@e33655a: onSSPAndSRT: pl = 0 pt = 60 sx = 1.0 sy = 1.0
10-17 19:19:54.944 26454 26549 I SurfaceView@e33655a: aOrMT: ViewRootImpl@61751e2[MainActivity] t = android.view.SurfaceControl$Transaction@7e64f8d fN = 687 android.view.SurfaceView.-$$Nest$mapplyOrMergeTransaction:0 android.view.SurfaceView$SurfaceViewPositionUpdateListener.positionChanged:1537 android.graphics.RenderNode$CompositePositionUpdateListener.positionChanged:373 
10-17 19:19:54.944 26454 26549 I ViewRootImpl@61751e2[MainActivity]: mWNT: t=0x7b1aeb5b00 mBlastBufferQueue=0x7b5a1f6800 fn= 687 caller= android.view.SurfaceView.applyOrMergeTransaction:1455 android.view.SurfaceView.-$$Nest$mapplyOrMergeTransaction:0 android.view.SurfaceView$SurfaceViewPositionUpdateListener.positionChanged:1537 
10-17 19:19:54.945 26454 26549 I ViewRootImpl@61751e2[MainActivity]: mWNT: t=0x7b45911100 mBlastBufferQueue=0x7b5a1f6800 fn= 687 caller= android.view.ViewRootImpl.lambda$applyTransactionOnDraw$11$android-view-ViewRootImpl:12865 android.view.ViewRootImpl$$ExternalSyntheticLambda1.onFrameDraw:4 android.graphics.HardwareRenderer$FrameDrawingCallback.onFrameDraw:924 
10-17 19:19:54.958 26454 26454 I SurfaceView@e33655a: Changes: creating=false format=false size=false visible=false alpha=false hint=false mUseAlpha=false visible=false left=false top=true
10-17 19:19:54.958 26454 26454 I SurfaceView@e33655a: 238249306 Cur surface: Surface(name=null)/@0x92b0c78
10-17 19:19:54.958 26454 26454 I SurfaceView@e33655a: applyTransactionOnVriDraw: vri = ViewRootImpl@61751e2[MainActivity] fRS = false t = 0x7b45911200 android.view.SurfaceView.performSurfaceTransaction:959 android.view.SurfaceView.updateSurface:1105 android.view.SurfaceView.lambda$new$0$android-view-SurfaceView:200 
10-17 19:19:54.959 26454 26454 I ViewRootImpl@61751e2[MainActivity]: applyTransactionOnDraw: mRemoved = false isHardwareEnabled = true t = 0x7b45911200android.view.SurfaceView.applyTransactionOnVriDraw:2048 android.view.SurfaceView.performSurfaceTransaction:959 android.view.SurfaceView.updateSurface:1105 android.view.SurfaceView.lambda$new$0$android-view-SurfaceView:200 android.view.SurfaceView$$ExternalSyntheticLambda5.onPreDraw:2 
10-17 19:19:54.959 26454 26454 I SurfaceView@e33655a: updateSurface: mVisible = true mSurface.isValid() = true
10-17 19:19:54.959 26454 26454 I SurfaceView@e33655a: updateSurface: mSurfaceCreated = true surfaceChanged = false visibleChanged = false
10-17 19:19:54.959 26454 26454 V SurfaceView@e33655a: Layout: x=0 y=70 w=1080 h=525, frame=Rect(0, 0 - 1080, 525)
10-17 19:19:54.960 26454 26548 D SurfaceView@e33655a: updateSurfacePosition RenderWorker, frameNr = 688, position = [0, 70, 1080, 595] surfaceSize = 1080x525
10-17 19:19:54.960 26454 26548 I SurfaceView@e33655a: uSP: rtp = Rect(0, 70 - 1080, 595) rtsw = 1080 rtsh = 525
10-17 19:19:54.961 26454 26548 I SurfaceView@e33655a: onSSPAndSRT: pl = 0 pt = 70 sx = 1.0 sy = 1.0
10-17 19:19:54.961 26454 26548 I SurfaceView@e33655a: aOrMT: ViewRootImpl@61751e2[MainActivity] t = android.view.SurfaceControl$Transaction@7e64f8d fN = 688 android.view.SurfaceView.-$$Nest$mapplyOrMergeTransaction:0 android.view.SurfaceView$SurfaceViewPositionUpdateListener.positionChanged:1537 android.graphics.RenderNode$CompositePositionUpdateListener.positionChanged:373 
10-17 19:19:54.961 26454 26548 I ViewRootImpl@61751e2[MainActivity]: mWNT: t=0x7b1aeb5b00 mBlastBufferQueue=0x7b5a1f6800 fn= 688 caller= android.view.SurfaceView.applyOrMergeTransaction:1455 android.view.SurfaceView.-$$Nest$mapplyOrMergeTransaction:0 android.view.SurfaceView$SurfaceViewPositionUpdateListener.positionChanged:1537 
10-17 19:19:54.961 26454 26548 I ViewRootImpl@61751e2[MainActivity]: mWNT: t=0x7b45911200 mBlastBufferQueue=0x7b5a1f6800 fn= 688 caller= android.view.ViewRootImpl.lambda$applyTransactionOnDraw$11$android-view-ViewRootImpl:12865 android.view.ViewRootImpl$$ExternalSyntheticLambda1.onFrameDraw:4 android.graphics.HardwareRenderer$FrameDrawingCallback.onFrameDraw:924 
10-17 19:19:54.975 26454 26454 I SurfaceView@e33655a: Changes: creating=false format=false size=false visible=false alpha=false hint=false mUseAlpha=false visible=false left=false top=true
10-17 19:19:54.975 26454 26454 I SurfaceView@e33655a: 238249306 Cur surface: Surface(name=null)/@0x92b0c78
10-17 19:19:54.975 26454 26454 I SurfaceView@e33655a: applyTransactionOnVriDraw: vri = ViewRootImpl@61751e2[MainActivity] fRS = false t = 0x7b45911300 android.view.SurfaceView.performSurfaceTransaction:959 android.view.SurfaceView.updateSurface:1105 android.view.SurfaceView.lambda$new$0$android-view-SurfaceView:200 
10-17 19:19:54.975 26454 26454 I ViewRootImpl@61751e2[MainActivity]: applyTransactionOnDraw: mRemoved = false isHardwareEnabled = true t = 0x7b45911300android.view.SurfaceView.applyTransactionOnVriDraw:2048 android.view.SurfaceView.performSurfaceTransaction:959 android.view.SurfaceView.updateSurface:1105 android.view.SurfaceView.lambda$new$0$android-view-SurfaceView:200 android.view.SurfaceView$$ExternalSyntheticLambda5.onPreDraw:2 
10-17 19:19:54.975 26454 26454 I SurfaceView@e33655a: updateSurface: mVisible = true mSurface.isValid() = true
10-17 19:19:54.976 26454 26454 I SurfaceView@e33655a: updateSurface: mSurfaceCreated = true surfaceChanged = false visibleChanged = false
10-17 19:19:54.976 26454 26454 V SurfaceView@e33655a: Layout: x=0 y=79 w=1080 h=525, frame=Rect(0, 0 - 1080, 525)
10-17 19:19:54.977 26454 26549 D SurfaceView@e33655a: updateSurfacePosition RenderWorker, frameNr = 689, position = [0, 79, 1080, 604] surfaceSize = 1080x525
10-17 19:19:54.977 26454 26549 I SurfaceView@e33655a: uSP: rtp = Rect(0, 79 - 1080, 604) rtsw = 1080 rtsh = 525
10-17 19:19:54.977 26454 26549 I SurfaceView@e33655a: onSSPAndSRT: pl = 0 pt = 79 sx = 1.0 sy = 1.0
10-17 19:19:54.978 26454 26549 I SurfaceView@e33655a: aOrMT: ViewRootImpl@61751e2[MainActivity] t = android.view.SurfaceControl$Transaction@7e64f8d fN = 689 android.view.SurfaceView.-$$Nest$mapplyOrMergeTransaction:0 android.view.SurfaceView$SurfaceViewPositionUpdateListener.positionChanged:1537 android.graphics.RenderNode$CompositePositionUpdateListener.positionChanged:373 
10-17 19:19:54.978 26454 26549 I ViewRootImpl@61751e2[MainActivity]: mWNT: t=0x7b1aeb5b00 mBlastBufferQueue=0x7b5a1f6800 fn= 689 caller= android.view.SurfaceView.applyOrMergeTransaction:1455 android.view.SurfaceView.-$$Nest$mapplyOrMergeTransaction:0 android.view.SurfaceView$SurfaceViewPositionUpdateListener.positionChanged:1537 
10-17 19:19:54.978 26454 26549 I ViewRootImpl@61751e2[MainActivity]: mWNT: t=0x7b45911300 mBlastBufferQueue=0x7b5a1f6800 fn= 689 caller= android.view.ViewRootImpl.lambda$applyTransactionOnDraw$11$android-view-ViewRootImpl:12865 android.view.ViewRootImpl$$ExternalSyntheticLambda1.onFrameDraw:4 android.graphics.HardwareRenderer$FrameDrawingCallback.onFrameDraw:924 
10-17 19:19:54.991 26454 26454 I SurfaceView@e33655a: Changes: creating=false format=false size=false visible=false alpha=false hint=false mUseAlpha=false visible=false left=false top=true
10-17 19:19:54.991 26454 26454 I SurfaceView@e33655a: 238249306 Cur surface: Surface(name=null)/@0x92b0c78
10-17 19:19:54.991 26454 26454 I SurfaceView@e33655a: applyTransactionOnVriDraw: vri = ViewRootImpl@61751e2[MainActivity] fRS = false t = 0x7b45911400 android.view.SurfaceView.performSurfaceTransaction:959 android.view.SurfaceView.updateSurface:1105 android.view.SurfaceView.lambda$new$0$android-view-SurfaceView:200 
10-17 19:19:54.991 26454 26454 I ViewRootImpl@61751e2[MainActivity]: applyTransactionOnDraw: mRemoved = false isHardwareEnabled = true t = 0x7b45911400android.view.SurfaceView.applyTransactionOnVriDraw:2048 android.view.SurfaceView.performSurfaceTransaction:959 android.view.SurfaceView.updateSurface:1105 android.view.SurfaceView.lambda$new$0$android-view-SurfaceView:200 android.view.SurfaceView$$ExternalSyntheticLambda5.onPreDraw:2 
10-17 19:19:54.991 26454 26454 I SurfaceView@e33655a: updateSurface: mVisible = true mSurface.isValid() = true
10-17 19:19:54.991 26454 26454 I SurfaceView@e33655a: updateSurface: mSurfaceCreated = true surfaceChanged = false visibleChanged = false
10-17 19:19:54.991 26454 26454 V SurfaceView@e33655a: Layout: x=0 y=87 w=1080 h=525, frame=Rect(0, 0 - 1080, 525)
10-17 19:19:54.992 26454 26548 D SurfaceView@e33655a: updateSurfacePosition RenderWorker, frameNr = 690, position = [0, 87, 1080, 612] surfaceSize = 1080x525
10-17 19:19:54.993 26454 26548 I SurfaceView@e33655a: uSP: rtp = Rect(0, 87 - 1080, 612) rtsw = 1080 rtsh = 525
10-17 19:19:54.993 26454 26548 I SurfaceView@e33655a: onSSPAndSRT: pl = 0 pt = 87 sx = 1.0 sy = 1.0
10-17 19:19:54.993 26454 26548 I SurfaceView@e33655a: aOrMT: ViewRootImpl@61751e2[MainActivity] t = android.view.SurfaceControl$Transaction@7e64f8d fN = 690 android.view.SurfaceView.-$$Nest$mapplyOrMergeTransaction:0 android.view.SurfaceView$SurfaceViewPositionUpdateListener.positionChanged:1537 android.graphics.RenderNode$CompositePositionUpdateListener.positionChanged:373 
10-17 19:19:54.993 26454 26548 I ViewRootImpl@61751e2[MainActivity]: mWNT: t=0x7b1aeb5b00 mBlastBufferQueue=0x7b5a1f6800 fn= 690 caller= android.view.SurfaceView.applyOrMergeTransaction:1455 android.view.SurfaceView.-$$Nest$mapplyOrMergeTransaction:0 android.view.SurfaceView$SurfaceViewPositionUpdateListener.positionChanged:1537 
10-17 19:19:54.993 26454 26548 I ViewRootImpl@61751e2[MainActivity]: mWNT: t=0x7b45911400 mBlastBufferQueue=0x7b5a1f6800 fn= 690 caller= android.view.ViewRootImpl.lambda$applyTransactionOnDraw$11$android-view-ViewRootImpl:12865 android.view.ViewRootImpl$$ExternalSyntheticLambda1.onFrameDraw:4 android.graphics.HardwareRenderer$FrameDrawingCallback.onFrameDraw:924 
10-17 19:19:55.007 26454 26454 I SurfaceView@e33655a: Changes: creating=false format=false size=false visible=false alpha=false hint=false mUseAlpha=false visible=false left=false top=true
10-17 19:19:55.007 26454 26454 I SurfaceView@e33655a: 238249306 Cur surface: Surface(name=null)/@0x92b0c78
10-17 19:19:55.008 26454 26454 I SurfaceView@e33655a: applyTransactionOnVriDraw: vri = ViewRootImpl@61751e2[MainActivity] fRS = false t = 0x7b45911500 android.view.SurfaceView.performSurfaceTransaction:959 android.view.SurfaceView.updateSurface:1105 android.view.SurfaceView.lambda$new$0$android-view-SurfaceView:200 
