10-17 19:19:52.894 26454 26454 I SurfaceView@e33655a: updateSurface: mSurfaceCreated = true surfaceChanged = false visibleChanged = false
10-17 19:19:52.894 26454 26454 V SurfaceView@e33655a: Layout: x=0 y=-140 w=1080 h=525, frame=Rect(0, 0 - 1080, 525)
10-17 19:19:52.900 26454 26548 D SurfaceView@e33655a: updateSurfacePosition RenderWorker, frameNr = 574, position = [0, -248, 1080, 277] surfaceSize = 1080x525
10-17 19:19:52.900 26454 26548 I SurfaceView@e33655a: uSP: rtp = Rect(0, -248 - 1080, 277) rtsw = 1080 rtsh = 525
10-17 19:19:52.900 26454 26548 I SurfaceView@e33655a: onSSPAndSRT: pl = 0 pt = -248 sx = 1.0 sy = 1.0
10-17 19:19:52.900 26454 26548 I SurfaceView@e33655a: aOrMT: ViewRootImpl@61751e2[MainActivity] t = android.view.SurfaceControl$Transaction@7e64f8d fN = 574 android.view.SurfaceView.-$$Nest$mapplyOrMergeTransaction:0 android.view.SurfaceView$SurfaceViewPositionUpdateListener.positionChanged:1537 android.graphics.RenderNode$CompositePositionUpdateListener.positionChanged:373 
10-17 19:19:52.900 26454 26548 I ViewRootImpl@61751e2[MainActivity]: mWNT: t=0x7b1aeb5b00 mBlastBufferQueue=0x7b5a1f6800 fn= 574 caller= android.view.SurfaceView.applyOrMergeTransaction:1455 android.view.SurfaceView.-$$Nest$mapplyOrMergeTransaction:0 android.view.SurfaceView$SurfaceViewPositionUpdateListener.positionChanged:1537 
10-17 19:19:52.900 26454 26548 I ViewRootImpl@61751e2[MainActivity]: mWNT: t=0x7ae1706100 mBlastBufferQueue=0x7b5a1f6800 fn= 574 caller= android.view.ViewRootImpl.lambda$applyTransactionOnDraw$11$android-view-ViewRootImpl:12865 android.view.ViewRootImpl$$ExternalSyntheticLambda1.onFrameDraw:4 android.graphics.HardwareRenderer$FrameDrawingCallback.onFrameDraw:924 
10-17 19:19:52.911 26454 26454 I SurfaceView@e33655a: Changes: creating=false format=false size=false visible=false alpha=false hint=false mUseAlpha=false visible=false left=false top=true
10-17 19:19:52.911 26454 26454 I SurfaceView@e33655a: 238249306 Cur surface: Surface(name=null)/@0x92b0c78
10-17 19:19:52.911 26454 26454 I SurfaceView@e33655a: applyTransactionOnVriDraw: vri = ViewRootImpl@61751e2[MainActivity] fRS = false t = 0x7ae1706200 android.view.SurfaceView.performSurfaceTransaction:959 android.view.SurfaceView.updateSurface:1105 android.view.SurfaceView.lambda$new$0$android-view-SurfaceView:200 
10-17 19:19:52.911 26454 26454 I ViewRootImpl@61751e2[MainActivity]: applyTransactionOnDraw: mRemoved = false isHardwareEnabled = true t = 0x7ae1706200android.view.SurfaceView.applyTransactionOnVriDraw:2048 android.view.SurfaceView.performSurfaceTransaction:959 android.view.SurfaceView.updateSurface:1105 android.view.SurfaceView.lambda$new$0$android-view-SurfaceView:200 android.view.SurfaceView$$ExternalSyntheticLambda5.onPreDraw:2 
10-17 19:19:52.911 26454 26454 I SurfaceView@e33655a: updateSurface: mVisible = true mSurface.isValid() = true
10-17 19:19:52.911 26454 26454 I SurfaceView@e33655a: updateSurface: mSurfaceCreated = true surfaceChanged = false visibleChanged = false
10-17 19:19:52.911 26454 26454 V SurfaceView@e33655a: Layout: x=0 y=-248 w=1080 h=525, frame=Rect(0, 0 - 1080, 525)
10-17 19:19:52.918 26454 26549 D SurfaceView@e33655a: updateSurfacePosition RenderWorker, frameNr = 575, position = [0, -370, 1080, 155] surfaceSize = 1080x525
10-17 19:19:52.918 26454 26549 I SurfaceView@e33655a: uSP: rtp = Rect(0, -370 - 1080, 155) rtsw = 1080 rtsh = 525
10-17 19:19:52.918 26454 26549 I SurfaceView@e33655a: onSSPAndSRT: pl = 0 pt = -370 sx = 1.0 sy = 1.0
10-17 19:19:52.918 26454 26549 I SurfaceView@e33655a: aOrMT: ViewRootImpl@61751e2[MainActivity] t = android.view.SurfaceControl$Transaction@7e64f8d fN = 575 android.view.SurfaceView.-$$Nest$mapplyOrMergeTransaction:0 android.view.SurfaceView$SurfaceViewPositionUpdateListener.positionChanged:1537 android.graphics.RenderNode$CompositePositionUpdateListener.positionChanged:373 
10-17 19:19:52.918 26454 26549 I ViewRootImpl@61751e2[MainActivity]: mWNT: t=0x7b1aeb5b00 mBlastBufferQueue=0x7b5a1f6800 fn= 575 caller= android.view.SurfaceView.applyOrMergeTransaction:1455 android.view.SurfaceView.-$$Nest$mapplyOrMergeTransaction:0 android.view.SurfaceView$SurfaceViewPositionUpdateListener.positionChanged:1537 
10-17 19:19:52.918 26454 26549 I ViewRootImpl@61751e2[MainActivity]: mWNT: t=0x7ae1706200 mBlastBufferQueue=0x7b5a1f6800 fn= 575 caller= android.view.ViewRootImpl.lambda$applyTransactionOnDraw$11$android-view-ViewRootImpl:12865 android.view.ViewRootImpl$$ExternalSyntheticLambda1.onFrameDraw:4 android.graphics.HardwareRenderer$FrameDrawingCallback.onFrameDraw:924 
10-17 19:19:52.928 26454 26454 I SurfaceView@e33655a: Changes: creating=false format=false size=false visible=false alpha=false hint=false mUseAlpha=false visible=false left=false top=true
10-17 19:19:52.928 26454 26454 I SurfaceView@e33655a: 238249306 Cur surface: Surface(name=null)/@0x92b0c78
10-17 19:19:52.929 26454 26454 I SurfaceView@e33655a: applyTransactionOnVriDraw: vri = ViewRootImpl@61751e2[MainActivity] fRS = false t = 0x7ae1706300 android.view.SurfaceView.performSurfaceTransaction:959 android.view.SurfaceView.updateSurface:1105 android.view.SurfaceView.lambda$new$0$android-view-SurfaceView:200 
10-17 19:19:52.929 26454 26454 I ViewRootImpl@61751e2[MainActivity]: applyTransactionOnDraw: mRemoved = false isHardwareEnabled = true t = 0x7ae1706300android.view.SurfaceView.applyTransactionOnVriDraw:2048 android.view.SurfaceView.performSurfaceTransaction:959 android.view.SurfaceView.updateSurface:1105 android.view.SurfaceView.lambda$new$0$android-view-SurfaceView:200 android.view.SurfaceView$$ExternalSyntheticLambda5.onPreDraw:2 
10-17 19:19:52.929 26454 26454 I SurfaceView@e33655a: updateSurface: mVisible = true mSurface.isValid() = true
10-17 19:19:52.929 26454 26454 I SurfaceView@e33655a: updateSurface: mSurfaceCreated = true surfaceChanged = false visibleChanged = false
10-17 19:19:52.929 26454 26454 V SurfaceView@e33655a: Layout: x=0 y=-370 w=1080 h=525, frame=Rect(0, 0 - 1080, 525)
10-17 19:19:52.934 26454 26548 D SurfaceView@e33655a: updateSurfacePosition RenderWorker, frameNr = 576, position = [0, -491, 1080, 34] surfaceSize = 1080x525
10-17 19:19:52.934 26454 26548 I SurfaceView@e33655a: uSP: rtp = Rect(0, -491 - 1080, 34) rtsw = 1080 rtsh = 525
10-17 19:19:52.934 26454 26548 I SurfaceView@e33655a: onSSPAndSRT: pl = 0 pt = -491 sx = 1.0 sy = 1.0
10-17 19:19:52.934 26454 26548 I SurfaceView@e33655a: aOrMT: ViewRootImpl@61751e2[MainActivity] t = android.view.SurfaceControl$Transaction@7e64f8d fN = 576 android.view.SurfaceView.-$$Nest$mapplyOrMergeTransaction:0 android.view.SurfaceView$SurfaceViewPositionUpdateListener.positionChanged:1537 android.graphics.RenderNode$CompositePositionUpdateListener.positionChanged:373 
10-17 19:19:52.935 26454 26548 I ViewRootImpl@61751e2[MainActivity]: mWNT: t=0x7b1aeb5b00 mBlastBufferQueue=0x7b5a1f6800 fn= 576 caller= android.view.SurfaceView.applyOrMergeTransaction:1455 android.view.SurfaceView.-$$Nest$mapplyOrMergeTransaction:0 android.view.SurfaceView$SurfaceViewPositionUpdateListener.positionChanged:1537 
10-17 19:19:52.935 26454 26548 I ViewRootImpl@61751e2[MainActivity]: mWNT: t=0x7ae1706300 mBlastBufferQueue=0x7b5a1f6800 fn= 576 caller= android.view.ViewRootImpl.lambda$applyTransactionOnDraw$11$android-view-ViewRootImpl:12865 android.view.ViewRootImpl$$ExternalSyntheticLambda1.onFrameDraw:4 android.graphics.HardwareRenderer$FrameDrawingCallback.onFrameDraw:924 
10-17 19:19:52.944 26454 26454 I SurfaceView@e33655a: Changes: creating=false format=false size=false visible=false alpha=false hint=false mUseAlpha=false visible=false left=false top=true
10-17 19:19:52.944 26454 26454 I SurfaceView@e33655a: 238249306 Cur surface: Surface(name=null)/@0x92b0c78
10-17 19:19:52.944 26454 26454 I SurfaceView@e33655a: applyTransactionOnVriDraw: vri = ViewRootImpl@61751e2[MainActivity] fRS = false t = 0x7ae1706400 android.view.SurfaceView.performSurfaceTransaction:959 android.view.SurfaceView.updateSurface:1105 android.view.SurfaceView.lambda$new$0$android-view-SurfaceView:200 
10-17 19:19:52.944 26454 26454 I ViewRootImpl@61751e2[MainActivity]: applyTransactionOnDraw: mRemoved = false isHardwareEnabled = true t = 0x7ae1706400android.view.SurfaceView.applyTransactionOnVriDraw:2048 android.view.SurfaceView.performSurfaceTransaction:959 android.view.SurfaceView.updateSurface:1105 android.view.SurfaceView.lambda$new$0$android-view-SurfaceView:200 android.view.SurfaceView$$ExternalSyntheticLambda5.onPreDraw:2 
10-17 19:19:52.945 26454 26454 I SurfaceView@e33655a: updateSurface: mVisible = true mSurface.isValid() = true
10-17 19:19:52.945 26454 26454 I SurfaceView@e33655a: updateSurface: mSurfaceCreated = true surfaceChanged = false visibleChanged = false
10-17 19:19:52.945 26454 26454 V SurfaceView@e33655a: Layout: x=0 y=-491 w=1080 h=525, frame=Rect(0, 0 - 1080, 525)
10-17 19:19:52.951 26454 26549 D SurfaceView@e33655a: updateSurfacePosition RenderWorker, frameNr = 577, position = [0, -610, 1080, -85] surfaceSize = 1080x525
10-17 19:19:52.951 26454 26549 I SurfaceView@e33655a: uSP: rtp = Rect(0, -610 - 1080, -85) rtsw = 1080 rtsh = 525
10-17 19:19:52.951 26454 26549 I SurfaceView@e33655a: onSSPAndSRT: pl = 0 pt = -610 sx = 1.0 sy = 1.0
10-17 19:19:52.951 26454 26549 I SurfaceView@e33655a: aOrMT: ViewRootImpl@61751e2[MainActivity] t = android.view.SurfaceControl$Transaction@7e64f8d fN = 577 android.view.SurfaceView.-$$Nest$mapplyOrMergeTransaction:0 android.view.SurfaceView$SurfaceViewPositionUpdateListener.positionChanged:1537 android.graphics.RenderNode$CompositePositionUpdateListener.positionChanged:373 
10-17 19:19:52.951 26454 26549 I ViewRootImpl@61751e2[MainActivity]: mWNT: t=0x7b1aeb5b00 mBlastBufferQueue=0x7b5a1f6800 fn= 577 caller= android.view.SurfaceView.applyOrMergeTransaction:1455 android.view.SurfaceView.-$$Nest$mapplyOrMergeTransaction:0 android.view.SurfaceView$SurfaceViewPositionUpdateListener.positionChanged:1537 
10-17 19:19:52.951 26454 26549 I ViewRootImpl@61751e2[MainActivity]: mWNT: t=0x7ae1706400 mBlastBufferQueue=0x7b5a1f6800 fn= 577 caller= android.view.ViewRootImpl.lambda$applyTransactionOnDraw$11$android-view-ViewRootImpl:12865 android.view.ViewRootImpl$$ExternalSyntheticLambda1.onFrameDraw:4 android.graphics.HardwareRenderer$FrameDrawingCallback.onFrameDraw:924 
10-17 19:19:52.961 26454 26454 I SurfaceView@e33655a: Changes: creating=false format=false size=false visible=false alpha=false hint=false mUseAlpha=false visible=false left=false top=true
10-17 19:19:52.961 26454 26454 I SurfaceView@e33655a: 238249306 Cur surface: Surface(name=null)/@0x92b0c78
10-17 19:19:52.961 26454 26454 I SurfaceView@e33655a: applyTransactionOnVriDraw: vri = ViewRootImpl@61751e2[MainActivity] fRS = false t = 0x7ae1706500 android.view.SurfaceView.performSurfaceTransaction:959 android.view.SurfaceView.updateSurface:1105 android.view.SurfaceView.lambda$new$0$android-view-SurfaceView:200 
10-17 19:19:52.961 26454 26454 I ViewRootImpl@61751e2[MainActivity]: applyTransactionOnDraw: mRemoved = false isHardwareEnabled = true t = 0x7ae1706500android.view.SurfaceView.applyTransactionOnVriDraw:2048 android.view.SurfaceView.performSurfaceTransaction:959 android.view.SurfaceView.updateSurface:1105 android.view.SurfaceView.lambda$new$0$android-view-SurfaceView:200 android.view.SurfaceView$$ExternalSyntheticLambda5.onPreDraw:2 
10-17 19:19:52.961 26454 26454 I SurfaceView@e33655a: updateSurface: mVisible = true mSurface.isValid() = true
10-17 19:19:52.961 26454 26454 I SurfaceView@e33655a: updateSurface: mSurfaceCreated = true surfaceChanged = false visibleChanged = false
10-17 19:19:52.961 26454 26454 V SurfaceView@e33655a: Layout: x=0 y=-610 w=1080 h=525, frame=Rect(0, 0 - 1080, 525)
10-17 19:19:52.967 26454 26548 D SurfaceView@e33655a: updateSurfacePosition RenderWorker, frameNr = 578, position = [0, -726, 1080, -201] surfaceSize = 1080x525
10-17 19:19:52.967 26454 26548 I SurfaceView@e33655a: uSP: rtp = Rect(0, -726 - 1080, -201) rtsw = 1080 rtsh = 525
10-17 19:19:52.967 26454 26548 I SurfaceView@e33655a: onSSPAndSRT: pl = 0 pt = -726 sx = 1.0 sy = 1.0
10-17 19:19:52.967 26454 26548 I SurfaceView@e33655a: aOrMT: ViewRootImpl@61751e2[MainActivity] t = android.view.SurfaceControl$Transaction@7e64f8d fN = 578 android.view.SurfaceView.-$$Nest$mapplyOrMergeTransaction:0 android.view.SurfaceView$SurfaceViewPositionUpdateListener.positionChanged:1537 android.graphics.RenderNode$CompositePositionUpdateListener.positionChanged:373 
10-17 19:19:52.967 26454 26548 I ViewRootImpl@61751e2[MainActivity]: mWNT: t=0x7b1aeb5b00 mBlastBufferQueue=0x7b5a1f6800 fn= 578 caller= android.view.SurfaceView.applyOrMergeTransaction:1455 android.view.SurfaceView.-$$Nest$mapplyOrMergeTransaction:0 android.view.SurfaceView$SurfaceViewPositionUpdateListener.positionChanged:1537 
10-17 19:19:52.967 26454 26548 I ViewRootImpl@61751e2[MainActivity]: mWNT: t=0x7ae1706500 mBlastBufferQueue=0x7b5a1f6800 fn= 578 caller= android.view.ViewRootImpl.lambda$applyTransactionOnDraw$11$android-view-ViewRootImpl:12865 android.view.ViewRootImpl$$ExternalSyntheticLambda1.onFrameDraw:4 android.graphics.HardwareRenderer$FrameDrawingCallback.onFrameDraw:924 
10-17 19:19:52.978 26454 26454 I SurfaceView@e33655a: Changes: creating=false format=false size=false visible=false alpha=false hint=false mUseAlpha=false visible=false left=false top=true
10-17 19:19:52.978 26454 26454 I SurfaceView@e33655a: 238249306 Cur surface: Surface(name=null)/@0x92b0c78
10-17 19:19:52.978 26454 26454 I SurfaceView@e33655a: applyTransactionOnVriDraw: vri = ViewRootImpl@61751e2[MainActivity] fRS = false t = 0x7ae1706600 android.view.SurfaceView.performSurfaceTransaction:959 android.view.SurfaceView.updateSurface:1105 android.view.SurfaceView.lambda$new$0$android-view-SurfaceView:200 
10-17 19:19:52.979 26454 26454 I ViewRootImpl@61751e2[MainActivity]: applyTransactionOnDraw: mRemoved = false isHardwareEnabled = true t = 0x7ae1706600android.view.SurfaceView.applyTransactionOnVriDraw:2048 android.view.SurfaceView.performSurfaceTransaction:959 android.view.SurfaceView.updateSurface:1105 android.view.SurfaceView.lambda$new$0$android-view-SurfaceView:200 android.view.SurfaceView$$ExternalSyntheticLambda5.onPreDraw:2 
10-17 19:19:52.979 26454 26454 I SurfaceView@e33655a: updateSurface: mVisible = true mSurface.isValid() = true
10-17 19:19:52.979 26454 26454 I SurfaceView@e33655a: updateSurface: mSurfaceCreated = true surfaceChanged = false visibleChanged = false
10-17 19:19:52.979 26454 26454 V SurfaceView@e33655a: Layout: x=0 y=-726 w=1080 h=525, frame=Rect(0, 0 - 1080, 525)
10-17 19:19:52.981 26454 26549 D SurfaceView@e33655a: updateSurfacePosition RenderWorker, frameNr = 579, position = [0, -846, 1080, -321] surfaceSize = 1080x525
10-17 19:19:52.981 26454 26549 I SurfaceView@e33655a: uSP: rtp = Rect(0, -846 - 1080, -321) rtsw = 1080 rtsh = 525
10-17 19:19:52.981 26454 26549 I SurfaceView@e33655a: onSSPAndSRT: pl = 0 pt = -846 sx = 1.0 sy = 1.0
10-17 19:19:52.981 26454 26549 I SurfaceView@e33655a: aOrMT: ViewRootImpl@61751e2[MainActivity] t = android.view.SurfaceControl$Transaction@7e64f8d fN = 579 android.view.SurfaceView.-$$Nest$mapplyOrMergeTransaction:0 android.view.SurfaceView$SurfaceViewPositionUpdateListener.positionChanged:1537 android.graphics.RenderNode$CompositePositionUpdateListener.positionChanged:373 
10-17 19:19:52.981 26454 26549 I ViewRootImpl@61751e2[MainActivity]: mWNT: t=0x7b1aeb5b00 mBlastBufferQueue=0x7b5a1f6800 fn= 579 caller= android.view.SurfaceView.applyOrMergeTransaction:1455 android.view.SurfaceView.-$$Nest$mapplyOrMergeTransaction:0 android.view.SurfaceView$SurfaceViewPositionUpdateListener.positionChanged:1537 
10-17 19:19:52.982 26454 26549 I ViewRootImpl@61751e2[MainActivity]: mWNT: t=0x7ae1706600 mBlastBufferQueue=0x7b5a1f6800 fn= 579 caller= android.view.ViewRootImpl.lambda$applyTransactionOnDraw$11$android-view-ViewRootImpl:12865 android.view.ViewRootImpl$$ExternalSyntheticLambda1.onFrameDraw:4 android.graphics.HardwareRenderer$FrameDrawingCallback.onFrameDraw:924 
10-17 19:19:52.994 26454 26454 I SurfaceView@e33655a: Changes: creating=false format=false size=false visible=false alpha=false hint=false mUseAlpha=false visible=false left=false top=true
10-17 19:19:52.994 26454 26454 I SurfaceView@e33655a: 238249306 Cur surface: Surface(name=null)/@0x92b0c78
10-17 19:19:52.994 26454 26454 I SurfaceView@e33655a: applyTransactionOnVriDraw: vri = ViewRootImpl@61751e2[MainActivity] fRS = false t = 0x7ae1706700 android.view.SurfaceView.performSurfaceTransaction:959 android.view.SurfaceView.updateSurface:1105 android.view.SurfaceView.lambda$new$0$android-view-SurfaceView:200 
10-17 19:19:52.994 26454 26454 I ViewRootImpl@61751e2[MainActivity]: applyTransactionOnDraw: mRemoved = false isHardwareEnabled = true t = 0x7ae1706700android.view.SurfaceView.applyTransactionOnVriDraw:2048 android.view.SurfaceView.performSurfaceTransaction:959 android.view.SurfaceView.updateSurface:1105 android.view.SurfaceView.lambda$new$0$android-view-SurfaceView:200 android.view.SurfaceView$$ExternalSyntheticLambda5.onPreDraw:2 
10-17 19:19:52.994 26454 26454 I SurfaceView@e33655a: updateSurface: mVisible = true mSurface.isValid() = true
10-17 19:19:52.994 26454 26454 I SurfaceView@e33655a: updateSurface: mSurfaceCreated = true surfaceChanged = false visibleChanged = false
10-17 19:19:52.994 26454 26454 V SurfaceView@e33655a: Layout: x=0 y=-846 w=1080 h=525, frame=Rect(0, 0 - 1080, 525)
10-17 19:19:52.997 26454 26548 D SurfaceView@e33655a: updateSurfacePosition RenderWorker, frameNr = 580, position = [0, -963, 1080, -438] surfaceSize = 1080x525
10-17 19:19:52.997 26454 26548 I SurfaceView@e33655a: uSP: rtp = Rect(0, -963 - 1080, -438) rtsw = 1080 rtsh = 525
10-17 19:19:52.997 26454 26548 I SurfaceView@e33655a: onSSPAndSRT: pl = 0 pt = -963 sx = 1.0 sy = 1.0
10-17 19:19:52.997 26454 26548 I SurfaceView@e33655a: aOrMT: ViewRootImpl@61751e2[MainActivity] t = android.view.SurfaceControl$Transaction@7e64f8d fN = 580 android.view.SurfaceView.-$$Nest$mapplyOrMergeTransaction:0 android.view.SurfaceView$SurfaceViewPositionUpdateListener.positionChanged:1537 android.graphics.RenderNode$CompositePositionUpdateListener.positionChanged:373 
10-17 19:19:52.998 26454 26548 I ViewRootImpl@61751e2[MainActivity]: mWNT: t=0x7b1aeb5b00 mBlastBufferQueue=0x7b5a1f6800 fn= 580 caller= android.view.SurfaceView.applyOrMergeTransaction:1455 android.view.SurfaceView.-$$Nest$mapplyOrMergeTransaction:0 android.view.SurfaceView$SurfaceViewPositionUpdateListener.positionChanged:1537 
10-17 19:19:52.998 26454 26548 I ViewRootImpl@61751e2[MainActivity]: mWNT: t=0x7ae1706700 mBlastBufferQueue=0x7b5a1f6800 fn= 580 caller= android.view.ViewRootImpl.lambda$applyTransactionOnDraw$11$android-view-ViewRootImpl:12865 android.view.ViewRootImpl$$ExternalSyntheticLambda1.onFrameDraw:4 android.graphics.HardwareRenderer$FrameDrawingCallback.onFrameDraw:924 
10-17 19:19:53.010 26454 26454 I SurfaceView@e33655a: Changes: creating=false format=false size=false visible=false alpha=false hint=false mUseAlpha=false visible=false left=false top=true
10-17 19:19:53.011 26454 26454 I SurfaceView@e33655a: 238249306 Cur surface: Surface(name=null)/@0x92b0c78
10-17 19:19:53.011 26454 26454 I SurfaceView@e33655a: applyTransactionOnVriDraw: vri = ViewRootImpl@61751e2[MainActivity] fRS = false t = 0x7ae1706800 android.view.SurfaceView.performSurfaceTransaction:959 android.view.SurfaceView.updateSurface:1105 android.view.SurfaceView.lambda$new$0$android-view-SurfaceView:200 
10-17 19:19:53.011 26454 26454 I ViewRootImpl@61751e2[MainActivity]: applyTransactionOnDraw: mRemoved = false isHardwareEnabled = true t = 0x7ae1706800android.view.SurfaceView.applyTransactionOnVriDraw:2048 android.view.SurfaceView.performSurfaceTransaction:959 android.view.SurfaceView.updateSurface:1105 android.view.SurfaceView.lambda$new$0$android-view-SurfaceView:200 android.view.SurfaceView$$ExternalSyntheticLambda5.onPreDraw:2 
10-17 19:19:53.011 26454 26454 I SurfaceView@e33655a: updateSurface: mVisible = true mSurface.isValid() = true
10-17 19:19:53.011 26454 26454 I SurfaceView@e33655a: updateSurface: mSurfaceCreated = true surfaceChanged = false visibleChanged = false
10-17 19:19:53.011 26454 26454 V SurfaceView@e33655a: Layout: x=0 y=-963 w=1080 h=525, frame=Rect(0, 0 - 1080, 525)
10-17 19:19:53.015 26454 26549 D SurfaceView@e33655a: updateSurfacePosition RenderWorker, frameNr = 581, position = [0, -1071, 1080, -546] surfaceSize = 1080x525
10-17 19:19:53.015 26454 26549 I SurfaceView@e33655a: uSP: rtp = Rect(0, -1071 - 1080, -546) rtsw = 1080 rtsh = 525
10-17 19:19:53.015 26454 26549 I SurfaceView@e33655a: onSSPAndSRT: pl = 0 pt = -1071 sx = 1.0 sy = 1.0
10-17 19:19:53.015 26454 26549 I SurfaceView@e33655a: aOrMT: ViewRootImpl@61751e2[MainActivity] t = android.view.SurfaceControl$Transaction@7e64f8d fN = 581 android.view.SurfaceView.-$$Nest$mapplyOrMergeTransaction:0 android.view.SurfaceView$SurfaceViewPositionUpdateListener.positionChanged:1537 android.graphics.RenderNode$CompositePositionUpdateListener.positionChanged:373 
10-17 19:19:53.015 26454 26549 I ViewRootImpl@61751e2[MainActivity]: mWNT: t=0x7b1aeb5b00 mBlastBufferQueue=0x7b5a1f6800 fn= 581 caller= android.view.SurfaceView.applyOrMergeTransaction:1455 android.view.SurfaceView.-$$Nest$mapplyOrMergeTransaction:0 android.view.SurfaceView$SurfaceViewPositionUpdateListener.positionChanged:1537 
10-17 19:19:53.015 26454 26549 I ViewRootImpl@61751e2[MainActivity]: mWNT: t=0x7ae1706800 mBlastBufferQueue=0x7b5a1f6800 fn= 581 caller= android.view.ViewRootImpl.lambda$applyTransactionOnDraw$11$android-view-ViewRootImpl:12865 android.view.ViewRootImpl$$ExternalSyntheticLambda1.onFrameDraw:4 android.graphics.HardwareRenderer$FrameDrawingCallback.onFrameDraw:924 
10-17 19:19:53.028 26454 26454 I SurfaceView@e33655a: Changes: creating=false format=false size=false visible=false alpha=false hint=false mUseAlpha=false visible=false left=false top=true
10-17 19:19:53.028 26454 26454 I SurfaceView@e33655a: 238249306 Cur surface: Surface(name=null)/@0x92b0c78
10-17 19:19:53.028 26454 26454 I SurfaceView@e33655a: applyTransactionOnVriDraw: vri = ViewRootImpl@61751e2[MainActivity] fRS = false t = 0x7ae1706900 android.view.SurfaceView.performSurfaceTransaction:959 android.view.SurfaceView.updateSurface:1105 android.view.SurfaceView.lambda$new$0$android-view-SurfaceView:200 
10-17 19:19:53.028 26454 26454 I ViewRootImpl@61751e2[MainActivity]: applyTransactionOnDraw: mRemoved = false isHardwareEnabled = true t = 0x7ae1706900android.view.SurfaceView.applyTransactionOnVriDraw:2048 android.view.SurfaceView.performSurfaceTransaction:959 android.view.SurfaceView.updateSurface:1105 android.view.SurfaceView.lambda$new$0$android-view-SurfaceView:200 android.view.SurfaceView$$ExternalSyntheticLambda5.onPreDraw:2 
10-17 19:19:53.028 26454 26454 I SurfaceView@e33655a: updateSurface: mVisible = true mSurface.isValid() = true
10-17 19:19:53.028 26454 26454 I SurfaceView@e33655a: updateSurface: mSurfaceCreated = true surfaceChanged = false visibleChanged = false
10-17 19:19:53.028 26454 26454 V SurfaceView@e33655a: Layout: x=0 y=-1071 w=1080 h=525, frame=Rect(0, 0 - 1080, 525)
10-17 19:19:53.031 26454 26548 D SurfaceView@e33655a: updateSurfacePosition RenderWorker, frameNr = 582, position = [0, -1181, 1080, -656] surfaceSize = 1080x525
10-17 19:19:53.032 26454 26548 I SurfaceView@e33655a: uSP: rtp = Rect(0, -1181 - 1080, -656) rtsw = 1080 rtsh = 525
10-17 19:19:53.032 26454 26548 I SurfaceView@e33655a: onSSPAndSRT: pl = 0 pt = -1181 sx = 1.0 sy = 1.0
10-17 19:19:53.032 26454 26548 I SurfaceView@e33655a: aOrMT: ViewRootImpl@61751e2[MainActivity] t = android.view.SurfaceControl$Transaction@7e64f8d fN = 582 android.view.SurfaceView.-$$Nest$mapplyOrMergeTransaction:0 android.view.SurfaceView$SurfaceViewPositionUpdateListener.positionChanged:1537 android.graphics.RenderNode$CompositePositionUpdateListener.positionChanged:373 
10-17 19:19:53.032 26454 26548 I ViewRootImpl@61751e2[MainActivity]: mWNT: t=0x7b1aeb5b00 mBlastBufferQueue=0x7b5a1f6800 fn= 582 caller= android.view.SurfaceView.applyOrMergeTransaction:1455 android.view.SurfaceView.-$$Nest$mapplyOrMergeTransaction:0 android.view.SurfaceView$SurfaceViewPositionUpdateListener.positionChanged:1537 
10-17 19:19:53.032 26454 26548 I ViewRootImpl@61751e2[MainActivity]: mWNT: t=0x7ae1706900 mBlastBufferQueue=0x7b5a1f6800 fn= 582 caller= android.view.ViewRootImpl.lambda$applyTransactionOnDraw$11$android-view-ViewRootImpl:12865 android.view.ViewRootImpl$$ExternalSyntheticLambda1.onFrameDraw:4 android.graphics.HardwareRenderer$FrameDrawingCallback.onFrameDraw:924 
10-17 19:19:53.044 26454 26454 I SurfaceView@e33655a: Changes: creating=false format=false size=false visible=false alpha=false hint=false mUseAlpha=false visible=false left=false top=true
10-17 19:19:53.044 26454 26454 I SurfaceView@e33655a: 238249306 Cur surface: Surface(name=null)/@0x92b0c78
10-17 19:19:53.045 26454 26454 I SurfaceView@e33655a: applyTransactionOnVriDraw: vri = ViewRootImpl@61751e2[MainActivity] fRS = false t = 0x7ae1706a00 android.view.SurfaceView.performSurfaceTransaction:959 android.view.SurfaceView.updateSurface:1105 android.view.SurfaceView.lambda$new$0$android-view-SurfaceView:200 
10-17 19:19:53.045 26454 26454 I ViewRootImpl@61751e2[MainActivity]: applyTransactionOnDraw: mRemoved = false isHardwareEnabled = true t = 0x7ae1706a00android.view.SurfaceView.applyTransactionOnVriDraw:2048 android.view.SurfaceView.performSurfaceTransaction:959 android.view.SurfaceView.updateSurface:1105 android.view.SurfaceView.lambda$new$0$android-view-SurfaceView:200 android.view.SurfaceView$$ExternalSyntheticLambda5.onPreDraw:2 
10-17 19:19:53.045 26454 26454 I SurfaceView@e33655a: updateSurface: mVisible = true mSurface.isValid() = true
10-17 19:19:53.045 26454 26454 I SurfaceView@e33655a: updateSurface: mSurfaceCreated = true surfaceChanged = false visibleChanged = false
10-17 19:19:53.045 26454 26454 V SurfaceView@e33655a: Layout: x=0 y=-1181 w=1080 h=525, frame=Rect(0, 0 - 1080, 525)
10-17 19:19:53.048 26454 26549 D SurfaceView@e33655a: updateSurfacePosition RenderWorker, frameNr = 583, position = [0, -1287, 1080, -762] surfaceSize = 1080x525
10-17 19:19:53.048 26454 26549 I SurfaceView@e33655a: uSP: rtp = Rect(0, -1287 - 1080, -762) rtsw = 1080 rtsh = 525
10-17 19:19:53.048 26454 26549 I SurfaceView@e33655a: onSSPAndSRT: pl = 0 pt = -1287 sx = 1.0 sy = 1.0
10-17 19:19:53.048 26454 26549 I SurfaceView@e33655a: aOrMT: ViewRootImpl@61751e2[MainActivity] t = android.view.SurfaceControl$Transaction@7e64f8d fN = 583 android.view.SurfaceView.-$$Nest$mapplyOrMergeTransaction:0 android.view.SurfaceView$SurfaceViewPositionUpdateListener.positionChanged:1537 android.graphics.RenderNode$CompositePositionUpdateListener.positionChanged:373 
10-17 19:19:53.049 26454 26549 I ViewRootImpl@61751e2[MainActivity]: mWNT: t=0x7b1aeb5b00 mBlastBufferQueue=0x7b5a1f6800 fn= 583 caller= android.view.SurfaceView.applyOrMergeTransaction:1455 android.view.SurfaceView.-$$Nest$mapplyOrMergeTransaction:0 android.view.SurfaceView$SurfaceViewPositionUpdateListener.positionChanged:1537 
10-17 19:19:53.049 26454 26549 I ViewRootImpl@61751e2[MainActivity]: mWNT: t=0x7ae1706a00 mBlastBufferQueue=0x7b5a1f6800 fn= 583 caller= android.view.ViewRootImpl.lambda$applyTransactionOnDraw$11$android-view-ViewRootImpl:12865 android.view.ViewRootImpl$$ExternalSyntheticLambda1.onFrameDraw:4 android.graphics.HardwareRenderer$FrameDrawingCallback.onFrameDraw:924 
10-17 19:19:53.060 26454 26454 I SurfaceView@e33655a: Changes: creating=false format=false size=false visible=false alpha=false hint=false mUseAlpha=false visible=false left=false top=true
10-17 19:19:53.060 26454 26454 I SurfaceView@e33655a: 238249306 Cur surface: Surface(name=null)/@0x92b0c78
10-17 19:19:53.061 26454 26454 I SurfaceView@e33655a: applyTransactionOnVriDraw: vri = ViewRootImpl@61751e2[MainActivity] fRS = false t = 0x7ae1706b00 android.view.SurfaceView.performSurfaceTransaction:959 android.view.SurfaceView.updateSurface:1105 android.view.SurfaceView.lambda$new$0$android-view-SurfaceView:200 
10-17 19:19:53.061 26454 26454 I ViewRootImpl@61751e2[MainActivity]: applyTransactionOnDraw: mRemoved = false isHardwareEnabled = true t = 0x7ae1706b00android.view.SurfaceView.applyTransactionOnVriDraw:2048 android.view.SurfaceView.performSurfaceTransaction:959 android.view.SurfaceView.updateSurface:1105 android.view.SurfaceView.lambda$new$0$android-view-SurfaceView:200 android.view.SurfaceView$$ExternalSyntheticLambda5.onPreDraw:2 
10-17 19:19:53.061 26454 26454 I SurfaceView@e33655a: updateSurface: mVisible = true mSurface.isValid() = true
10-17 19:19:53.061 26454 26454 I SurfaceView@e33655a: updateSurface: mSurfaceCreated = true surfaceChanged = false visibleChanged = false
10-17 19:19:53.061 26454 26454 V SurfaceView@e33655a: Layout: x=0 y=-1287 w=1080 h=525, frame=Rect(0, 0 - 1080, 525)
10-17 19:19:53.063 26454 26548 D SurfaceView@e33655a: updateSurfacePosition RenderWorker, frameNr = 584, position = [0, -1383, 1080, -858] surfaceSize = 1080x525
10-17 19:19:53.064 26454 26548 I SurfaceView@e33655a: uSP: rtp = Rect(0, -1383 - 1080, -858) rtsw = 1080 rtsh = 525
10-17 19:19:53.064 26454 26548 I SurfaceView@e33655a: onSSPAndSRT: pl = 0 pt = -1383 sx = 1.0 sy = 1.0
10-17 19:19:53.064 26454 26548 I SurfaceView@e33655a: aOrMT: ViewRootImpl@61751e2[MainActivity] t = android.view.SurfaceControl$Transaction@7e64f8d fN = 584 android.view.SurfaceView.-$$Nest$mapplyOrMergeTransaction:0 android.view.SurfaceView$SurfaceViewPositionUpdateListener.positionChanged:1537 android.graphics.RenderNode$CompositePositionUpdateListener.positionChanged:373 
10-17 19:19:53.064 26454 26548 I ViewRootImpl@61751e2[MainActivity]: mWNT: t=0x7b1aeb5b00 mBlastBufferQueue=0x7b5a1f6800 fn= 584 caller= android.view.SurfaceView.applyOrMergeTransaction:1455 android.view.SurfaceView.-$$Nest$mapplyOrMergeTransaction:0 android.view.SurfaceView$SurfaceViewPositionUpdateListener.positionChanged:1537 
10-17 19:19:53.064 26454 26548 I ViewRootImpl@61751e2[MainActivity]: mWNT: t=0x7ae1706b00 mBlastBufferQueue=0x7b5a1f6800 fn= 584 caller= android.view.ViewRootImpl.lambda$applyTransactionOnDraw$11$android-view-ViewRootImpl:12865 android.view.ViewRootImpl$$ExternalSyntheticLambda1.onFrameDraw:4 android.graphics.HardwareRenderer$FrameDrawingCallback.onFrameDraw:924 
10-17 19:19:53.078 26454 26454 I SurfaceView@e33655a: Changes: creating=false format=false size=false visible=false alpha=false hint=false mUseAlpha=false visible=false left=false top=true
10-17 19:19:53.078 26454 26454 I SurfaceView@e33655a: 238249306 Cur surface: Surface(name=null)/@0x92b0c78
10-17 19:19:53.078 26454 26454 I SurfaceView@e33655a: applyTransactionOnVriDraw: vri = ViewRootImpl@61751e2[MainActivity] fRS = false t = 0x7ae1706c00 android.view.SurfaceView.performSurfaceTransaction:959 android.view.SurfaceView.updateSurface:1105 android.view.SurfaceView.lambda$new$0$android-view-SurfaceView:200 
10-17 19:19:53.079 26454 26454 I ViewRootImpl@61751e2[MainActivity]: applyTransactionOnDraw: mRemoved = false isHardwareEnabled = true t = 0x7ae1706c00android.view.SurfaceView.applyTransactionOnVriDraw:2048 android.view.SurfaceView.performSurfaceTransaction:959 android.view.SurfaceView.updateSurface:1105 android.view.SurfaceView.lambda$new$0$android-view-SurfaceView:200 android.view.SurfaceView$$ExternalSyntheticLambda5.onPreDraw:2 
10-17 19:19:53.079 26454 26454 I SurfaceView@e33655a: updateSurface: mVisible = true mSurface.isValid() = true
10-17 19:19:53.079 26454 26454 I SurfaceView@e33655a: updateSurface: mSurfaceCreated = true surfaceChanged = false visibleChanged = false
10-17 19:19:53.079 26454 26454 V SurfaceView@e33655a: Layout: x=0 y=-1383 w=1080 h=525, frame=Rect(0, 0 - 1080, 525)
10-17 19:19:53.081 26454 26549 D SurfaceView@e33655a: updateSurfacePosition RenderWorker, frameNr = 585, position = [0, -1482, 1080, -957] surfaceSize = 1080x525
10-17 19:19:53.081 26454 26549 I SurfaceView@e33655a: uSP: rtp = Rect(0, -1482 - 1080, -957) rtsw = 1080 rtsh = 525
10-17 19:19:53.081 26454 26549 I SurfaceView@e33655a: onSSPAndSRT: pl = 0 pt = -1482 sx = 1.0 sy = 1.0
10-17 19:19:53.081 26454 26549 I SurfaceView@e33655a: aOrMT: ViewRootImpl@61751e2[MainActivity] t = android.view.SurfaceControl$Transaction@7e64f8d fN = 585 android.view.SurfaceView.-$$Nest$mapplyOrMergeTransaction:0 android.view.SurfaceView$SurfaceViewPositionUpdateListener.positionChanged:1537 android.graphics.RenderNode$CompositePositionUpdateListener.positionChanged:373 
10-17 19:19:53.081 26454 26549 I ViewRootImpl@61751e2[MainActivity]: mWNT: t=0x7b1aeb5b00 mBlastBufferQueue=0x7b5a1f6800 fn= 585 caller= android.view.SurfaceView.applyOrMergeTransaction:1455 android.view.SurfaceView.-$$Nest$mapplyOrMergeTransaction:0 android.view.SurfaceView$SurfaceViewPositionUpdateListener.positionChanged:1537 
10-17 19:19:53.082 26454 26549 I ViewRootImpl@61751e2[MainActivity]: mWNT: t=0x7ae1706c00 mBlastBufferQueue=0x7b5a1f6800 fn= 585 caller= android.view.ViewRootImpl.lambda$applyTransactionOnDraw$11$android-view-ViewRootImpl:12865 android.view.ViewRootImpl$$ExternalSyntheticLambda1.onFrameDraw:4 android.graphics.HardwareRenderer$FrameDrawingCallback.onFrameDraw:924 
10-17 19:19:53.094 26454 26454 I SurfaceView@e33655a: Changes: creating=false format=false size=false visible=false alpha=false hint=false mUseAlpha=false visible=false left=false top=true
10-17 19:19:53.095 26454 26454 I SurfaceView@e33655a: 238249306 Cur surface: Surface(name=null)/@0x92b0c78
10-17 19:19:53.095 26454 26454 I SurfaceView@e33655a: applyTransactionOnVriDraw: vri = ViewRootImpl@61751e2[MainActivity] fRS = false t = 0x7ae1706d00 android.view.SurfaceView.performSurfaceTransaction:959 android.view.SurfaceView.updateSurface:1105 android.view.SurfaceView.lambda$new$0$android-view-SurfaceView:200 
10-17 19:19:53.095 26454 26454 I ViewRootImpl@61751e2[MainActivity]: applyTransactionOnDraw: mRemoved = false isHardwareEnabled = true t = 0x7ae1706d00android.view.SurfaceView.applyTransactionOnVriDraw:2048 android.view.SurfaceView.performSurfaceTransaction:959 android.view.SurfaceView.updateSurface:1105 android.view.SurfaceView.lambda$new$0$android-view-SurfaceView:200 android.view.SurfaceView$$ExternalSyntheticLambda5.onPreDraw:2 
10-17 19:19:53.095 26454 26454 I SurfaceView@e33655a: updateSurface: mVisible = true mSurface.isValid() = true
10-17 19:19:53.095 26454 26454 I SurfaceView@e33655a: updateSurface: mSurfaceCreated = true surfaceChanged = false visibleChanged = false
10-17 19:19:53.096 26454 26454 V SurfaceView@e33655a: Layout: x=0 y=-1482 w=1080 h=525, frame=Rect(0, 0 - 1080, 525)
10-17 19:19:53.099 26454 26548 D SurfaceView@e33655a: updateSurfacePosition RenderWorker, frameNr = 586, position = [0, -1577, 1080, -1052] surfaceSize = 1080x525
10-17 19:19:53.100 26454 26548 I SurfaceView@e33655a: uSP: rtp = Rect(0, -1577 - 1080, -1052) rtsw = 1080 rtsh = 525
10-17 19:19:53.100 26454 26548 I SurfaceView@e33655a: onSSPAndSRT: pl = 0 pt = -1577 sx = 1.0 sy = 1.0
10-17 19:19:53.100 26454 26548 I SurfaceView@e33655a: aOrMT: ViewRootImpl@61751e2[MainActivity] t = android.view.SurfaceControl$Transaction@7e64f8d fN = 586 android.view.SurfaceView.-$$Nest$mapplyOrMergeTransaction:0 android.view.SurfaceView$SurfaceViewPositionUpdateListener.positionChanged:1537 android.graphics.RenderNode$CompositePositionUpdateListener.positionChanged:373 
10-17 19:19:53.100 26454 26548 I ViewRootImpl@61751e2[MainActivity]: mWNT: t=0x7b1aeb5b00 mBlastBufferQueue=0x7b5a1f6800 fn= 586 caller= android.view.SurfaceView.applyOrMergeTransaction:1455 android.view.SurfaceView.-$$Nest$mapplyOrMergeTransaction:0 android.view.SurfaceView$SurfaceViewPositionUpdateListener.positionChanged:1537 
10-17 19:19:53.100 26454 26548 I ViewRootImpl@61751e2[MainActivity]: mWNT: t=0x7ae1706d00 mBlastBufferQueue=0x7b5a1f6800 fn= 586 caller= android.view.ViewRootImpl.lambda$applyTransactionOnDraw$11$android-view-ViewRootImpl:12865 android.view.ViewRootImpl$$ExternalSyntheticLambda1.onFrameDraw:4 android.graphics.HardwareRenderer$FrameDrawingCallback.onFrameDraw:924 
10-17 19:19:53.111 26454 26454 I SurfaceView@e33655a: Changes: creating=false format=false size=false visible=false alpha=false hint=false mUseAlpha=false visible=false left=false top=true
10-17 19:19:53.111 26454 26454 I SurfaceView@e33655a: 238249306 Cur surface: Surface(name=null)/@0x92b0c78
10-17 19:19:53.112 26454 26454 I SurfaceView@e33655a: applyTransactionOnVriDraw: vri = ViewRootImpl@61751e2[MainActivity] fRS = false t = 0x7ae1706e00 android.view.SurfaceView.performSurfaceTransaction:959 android.view.SurfaceView.updateSurface:1105 android.view.SurfaceView.lambda$new$0$android-view-SurfaceView:200 
10-17 19:19:53.112 26454 26454 I ViewRootImpl@61751e2[MainActivity]: applyTransactionOnDraw: mRemoved = false isHardwareEnabled = true t = 0x7ae1706e00android.view.SurfaceView.applyTransactionOnVriDraw:2048 android.view.SurfaceView.performSurfaceTransaction:959 android.view.SurfaceView.updateSurface:1105 android.view.SurfaceView.lambda$new$0$android-view-SurfaceView:200 android.view.SurfaceView$$ExternalSyntheticLambda5.onPreDraw:2 
10-17 19:19:53.112 26454 26454 I SurfaceView@e33655a: updateSurface: mVisible = true mSurface.isValid() = true
10-17 19:19:53.112 26454 26454 I SurfaceView@e33655a: updateSurface: mSurfaceCreated = true surfaceChanged = false visibleChanged = false
10-17 19:19:53.112 26454 26454 V SurfaceView@e33655a: Layout: x=0 y=-1577 w=1080 h=525, frame=Rect(0, 0 - 1080, 525)
10-17 19:19:53.114 26454 26549 D SurfaceView@e33655a: updateSurfacePosition RenderWorker, frameNr = 587, position = [0, -1664, 1080, -1139] surfaceSize = 1080x525
10-17 19:19:53.114 26454 26549 I SurfaceView@e33655a: uSP: rtp = Rect(0, -1664 - 1080, -1139) rtsw = 1080 rtsh = 525
10-17 19:19:53.114 26454 26549 I SurfaceView@e33655a: onSSPAndSRT: pl = 0 pt = -1664 sx = 1.0 sy = 1.0
10-17 19:19:53.115 26454 26549 I SurfaceView@e33655a: aOrMT: ViewRootImpl@61751e2[MainActivity] t = android.view.SurfaceControl$Transaction@7e64f8d fN = 587 android.view.SurfaceView.-$$Nest$mapplyOrMergeTransaction:0 android.view.SurfaceView$SurfaceViewPositionUpdateListener.positionChanged:1537 android.graphics.RenderNode$CompositePositionUpdateListener.positionChanged:373 
10-17 19:19:53.115 26454 26549 I ViewRootImpl@61751e2[MainActivity]: mWNT: t=0x7b1aeb5b00 mBlastBufferQueue=0x7b5a1f6800 fn= 587 caller= android.view.SurfaceView.applyOrMergeTransaction:1455 android.view.SurfaceView.-$$Nest$mapplyOrMergeTransaction:0 android.view.SurfaceView$SurfaceViewPositionUpdateListener.positionChanged:1537 
10-17 19:19:53.115 26454 26549 I ViewRootImpl@61751e2[MainActivity]: mWNT: t=0x7ae1706e00 mBlastBufferQueue=0x7b5a1f6800 fn= 587 caller= android.view.ViewRootImpl.lambda$applyTransactionOnDraw$11$android-view-ViewRootImpl:12865 android.view.ViewRootImpl$$ExternalSyntheticLambda1.onFrameDraw:4 android.graphics.HardwareRenderer$FrameDrawingCallback.onFrameDraw:924 
10-17 19:19:53.128 26454 26454 I SurfaceView@e33655a: Changes: creating=false format=false size=false visible=false alpha=false hint=false mUseAlpha=false visible=false left=false top=true
10-17 19:19:53.128 26454 26454 I SurfaceView@e33655a: 238249306 Cur surface: Surface(name=null)/@0x92b0c78
10-17 19:19:53.129 26454 26454 I SurfaceView@e33655a: applyTransactionOnVriDraw: vri = ViewRootImpl@61751e2[MainActivity] fRS = false t = 0x7ae1706f00 android.view.SurfaceView.performSurfaceTransaction:959 android.view.SurfaceView.updateSurface:1105 android.view.SurfaceView.lambda$new$0$android-view-SurfaceView:200 
10-17 19:19:53.129 26454 26454 I ViewRootImpl@61751e2[MainActivity]: applyTransactionOnDraw: mRemoved = false isHardwareEnabled = true t = 0x7ae1706f00android.view.SurfaceView.applyTransactionOnVriDraw:2048 android.view.SurfaceView.performSurfaceTransaction:959 android.view.SurfaceView.updateSurface:1105 android.view.SurfaceView.lambda$new$0$android-view-SurfaceView:200 android.view.SurfaceView$$ExternalSyntheticLambda5.onPreDraw:2 
10-17 19:19:53.129 26454 26454 I SurfaceView@e33655a: updateSurface: mVisible = true mSurface.isValid() = true
10-17 19:19:53.129 26454 26454 I SurfaceView@e33655a: updateSurface: mSurfaceCreated = true surfaceChanged = false visibleChanged = false
10-17 19:19:53.129 26454 26454 V SurfaceView@e33655a: Layout: x=0 y=-1664 w=1080 h=525, frame=Rect(0, 0 - 1080, 525)
10-17 19:19:53.133 26454 26548 D SurfaceView@e33655a: updateSurfacePosition RenderWorker, frameNr = 588, position = [0, -1752, 1080, -1227] surfaceSize = 1080x525
10-17 19:19:53.133 26454 26548 I SurfaceView@e33655a: uSP: rtp = Rect(0, -1752 - 1080, -1227) rtsw = 1080 rtsh = 525
10-17 19:19:53.133 26454 26548 I SurfaceView@e33655a: onSSPAndSRT: pl = 0 pt = -1752 sx = 1.0 sy = 1.0
10-17 19:19:53.133 26454 26548 I SurfaceView@e33655a: aOrMT: ViewRootImpl@61751e2[MainActivity] t = android.view.SurfaceControl$Transaction@7e64f8d fN = 588 android.view.SurfaceView.-$$Nest$mapplyOrMergeTransaction:0 android.view.SurfaceView$SurfaceViewPositionUpdateListener.positionChanged:1537 android.graphics.RenderNode$CompositePositionUpdateListener.positionChanged:373 
10-17 19:19:53.134 26454 26548 I ViewRootImpl@61751e2[MainActivity]: mWNT: t=0x7b1aeb5b00 mBlastBufferQueue=0x7b5a1f6800 fn= 588 caller= android.view.SurfaceView.applyOrMergeTransaction:1455 android.view.SurfaceView.-$$Nest$mapplyOrMergeTransaction:0 android.view.SurfaceView$SurfaceViewPositionUpdateListener.positionChanged:1537 
10-17 19:19:53.134 26454 26548 I ViewRootImpl@61751e2[MainActivity]: mWNT: t=0x7ae1706f00 mBlastBufferQueue=0x7b5a1f6800 fn= 588 caller= android.view.ViewRootImpl.lambda$applyTransactionOnDraw$11$android-view-ViewRootImpl:12865 android.view.ViewRootImpl$$ExternalSyntheticLambda1.onFrameDraw:4 android.graphics.HardwareRenderer$FrameDrawingCallback.onFrameDraw:924 
10-17 19:19:53.144 26454 26454 I SurfaceView@e33655a: Changes: creating=false format=false size=false visible=false alpha=false hint=false mUseAlpha=false visible=false left=false top=true
10-17 19:19:53.145 26454 26454 I SurfaceView@e33655a: 238249306 Cur surface: Surface(name=null)/@0x92b0c78
10-17 19:19:53.145 26454 26454 I SurfaceView@e33655a: applyTransactionOnVriDraw: vri = ViewRootImpl@61751e2[MainActivity] fRS = false t = 0x7ae16fb000 android.view.SurfaceView.performSurfaceTransaction:959 android.view.SurfaceView.updateSurface:1105 android.view.SurfaceView.lambda$new$0$android-view-SurfaceView:200 
10-17 19:19:53.145 26454 26454 I ViewRootImpl@61751e2[MainActivity]: applyTransactionOnDraw: mRemoved = false isHardwareEnabled = true t = 0x7ae16fb000android.view.SurfaceView.applyTransactionOnVriDraw:2048 android.view.SurfaceView.performSurfaceTransaction:959 android.view.SurfaceView.updateSurface:1105 android.view.SurfaceView.lambda$new$0$android-view-SurfaceView:200 android.view.SurfaceView$$ExternalSyntheticLambda5.onPreDraw:2 
10-17 19:19:53.145 26454 26454 I SurfaceView@e33655a: updateSurface: mVisible = true mSurface.isValid() = true
10-17 19:19:53.146 26454 26454 I SurfaceView@e33655a: updateSurface: mSurfaceCreated = true surfaceChanged = false visibleChanged = false
10-17 19:19:53.146 26454 26454 V SurfaceView@e33655a: Layout: x=0 y=-1752 w=1080 h=525, frame=Rect(0, 0 - 1080, 525)
10-17 19:19:53.148 26454 26549 D SurfaceView@e33655a: updateSurfacePosition RenderWorker, frameNr = 589, position = [0, -1837, 1080, -1312] surfaceSize = 1080x525
10-17 19:19:53.148 26454 26549 I SurfaceView@e33655a: uSP: rtp = Rect(0, -1837 - 1080, -1312) rtsw = 1080 rtsh = 525
10-17 19:19:53.148 26454 26549 I SurfaceView@e33655a: onSSPAndSRT: pl = 0 pt = -1837 sx = 1.0 sy = 1.0
10-17 19:19:53.148 26454 26549 I SurfaceView@e33655a: aOrMT: ViewRootImpl@61751e2[MainActivity] t = android.view.SurfaceControl$Transaction@7e64f8d fN = 589 android.view.SurfaceView.-$$Nest$mapplyOrMergeTransaction:0 android.view.SurfaceView$SurfaceViewPositionUpdateListener.positionChanged:1537 android.graphics.RenderNode$CompositePositionUpdateListener.positionChanged:373 
10-17 19:19:53.148 26454 26549 I ViewRootImpl@61751e2[MainActivity]: mWNT: t=0x7b1aeb5b00 mBlastBufferQueue=0x7b5a1f6800 fn= 589 caller= android.view.SurfaceView.applyOrMergeTransaction:1455 android.view.SurfaceView.-$$Nest$mapplyOrMergeTransaction:0 android.view.SurfaceView$SurfaceViewPositionUpdateListener.positionChanged:1537 
10-17 19:19:53.148 26454 26549 I ViewRootImpl@61751e2[MainActivity]: mWNT: t=0x7ae16fb000 mBlastBufferQueue=0x7b5a1f6800 fn= 589 caller= android.view.ViewRootImpl.lambda$applyTransactionOnDraw$11$android-view-ViewRootImpl:12865 android.view.ViewRootImpl$$ExternalSyntheticLambda1.onFrameDraw:4 android.graphics.HardwareRenderer$FrameDrawingCallback.onFrameDraw:924 
10-17 19:19:53.161 26454 26454 I SurfaceView@e33655a: Changes: creating=false format=false size=false visible=false alpha=false hint=false mUseAlpha=false visible=false left=false top=true
10-17 19:19:53.161 26454 26454 I SurfaceView@e33655a: 238249306 Cur surface: Surface(name=null)/@0x92b0c78
10-17 19:19:53.161 26454 26454 I SurfaceView@e33655a: applyTransactionOnVriDraw: vri = ViewRootImpl@61751e2[MainActivity] fRS = false t = 0x7ae16fb100 android.view.SurfaceView.performSurfaceTransaction:959 android.view.SurfaceView.updateSurface:1105 android.view.SurfaceView.lambda$new$0$android-view-SurfaceView:200 
10-17 19:19:53.161 26454 26454 I ViewRootImpl@61751e2[MainActivity]: applyTransactionOnDraw: mRemoved = false isHardwareEnabled = true t = 0x7ae16fb100android.view.SurfaceView.applyTransactionOnVriDraw:2048 android.view.SurfaceView.performSurfaceTransaction:959 android.view.SurfaceView.updateSurface:1105 android.view.SurfaceView.lambda$new$0$android-view-SurfaceView:200 android.view.SurfaceView$$ExternalSyntheticLambda5.onPreDraw:2 
10-17 19:19:53.162 26454 26454 I SurfaceView@e33655a: updateSurface: mVisible = true mSurface.isValid() = true
10-17 19:19:53.162 26454 26454 I SurfaceView@e33655a: updateSurface: mSurfaceCreated = true surfaceChanged = false visibleChanged = false
10-17 19:19:53.162 26454 26454 V SurfaceView@e33655a: Layout: x=0 y=-1837 w=1080 h=525, frame=Rect(0, 0 - 1080, 525)
10-17 19:19:53.163 26454 26548 D SurfaceView@e33655a: updateSurfacePosition RenderWorker, frameNr = 590, position = [0, -1913, 1080, -1388] surfaceSize = 1080x525
10-17 19:19:53.163 26454 26548 I SurfaceView@e33655a: uSP: rtp = Rect(0, -1913 - 1080, -1388) rtsw = 1080 rtsh = 525
10-17 19:19:53.163 26454 26548 I SurfaceView@e33655a: onSSPAndSRT: pl = 0 pt = -1913 sx = 1.0 sy = 1.0
10-17 19:19:53.163 26454 26548 I SurfaceView@e33655a: aOrMT: ViewRootImpl@61751e2[MainActivity] t = android.view.SurfaceControl$Transaction@7e64f8d fN = 590 android.view.SurfaceView.-$$Nest$mapplyOrMergeTransaction:0 android.view.SurfaceView$SurfaceViewPositionUpdateListener.positionChanged:1537 android.graphics.RenderNode$CompositePositionUpdateListener.positionChanged:373 
10-17 19:19:53.163 26454 26548 I ViewRootImpl@61751e2[MainActivity]: mWNT: t=0x7b1aeb5b00 mBlastBufferQueue=0x7b5a1f6800 fn= 590 caller= android.view.SurfaceView.applyOrMergeTransaction:1455 android.view.SurfaceView.-$$Nest$mapplyOrMergeTransaction:0 android.view.SurfaceView$SurfaceViewPositionUpdateListener.positionChanged:1537 
10-17 19:19:53.164 26454 26548 I ViewRootImpl@61751e2[MainActivity]: mWNT: t=0x7ae16fb100 mBlastBufferQueue=0x7b5a1f6800 fn= 590 caller= android.view.ViewRootImpl.lambda$applyTransactionOnDraw$11$android-view-ViewRootImpl:12865 android.view.ViewRootImpl$$ExternalSyntheticLambda1.onFrameDraw:4 android.graphics.HardwareRenderer$FrameDrawingCallback.onFrameDraw:924 
10-17 19:19:53.178 26454 26454 I SurfaceView@e33655a: Changes: creating=false format=false size=false visible=false alpha=false hint=false mUseAlpha=false visible=false left=false top=true
10-17 19:19:53.178 26454 26454 I SurfaceView@e33655a: 238249306 Cur surface: Surface(name=null)/@0x92b0c78
10-17 19:19:53.178 26454 26454 I SurfaceView@e33655a: applyTransactionOnVriDraw: vri = ViewRootImpl@61751e2[MainActivity] fRS = false t = 0x7ae16fb200 android.view.SurfaceView.performSurfaceTransaction:959 android.view.SurfaceView.updateSurface:1105 android.view.SurfaceView.lambda$new$0$android-view-SurfaceView:200 
10-17 19:19:53.179 26454 26454 I ViewRootImpl@61751e2[MainActivity]: applyTransactionOnDraw: mRemoved = false isHardwareEnabled = true t = 0x7ae16fb200android.view.SurfaceView.applyTransactionOnVriDraw:2048 android.view.SurfaceView.performSurfaceTransaction:959 android.view.SurfaceView.updateSurface:1105 android.view.SurfaceView.lambda$new$0$android-view-SurfaceView:200 android.view.SurfaceView$$ExternalSyntheticLambda5.onPreDraw:2 
10-17 19:19:53.179 26454 26454 I SurfaceView@e33655a: updateSurface: mVisible = true mSurface.isValid() = true
10-17 19:19:53.179 26454 26454 I SurfaceView@e33655a: updateSurface: mSurfaceCreated = true surfaceChanged = false visibleChanged = false
10-17 19:19:53.179 26454 26454 V SurfaceView@e33655a: Layout: x=0 y=-1913 w=1080 h=525, frame=Rect(0, 0 - 1080, 525)
10-17 19:19:53.181 26454 26549 D SurfaceView@e33655a: updateSurfacePosition RenderWorker, frameNr = 591, position = [0, -1918, 1080, -1393] surfaceSize = 1080x525
10-17 19:19:53.181 26454 26549 I SurfaceView@e33655a: uSP: rtp = Rect(0, -1918 - 1080, -1393) rtsw = 1080 rtsh = 525
10-17 19:19:53.181 26454 26549 I SurfaceView@e33655a: onSSPAndSRT: pl = 0 pt = -1918 sx = 1.0 sy = 1.0
10-17 19:19:53.181 26454 26549 I SurfaceView@e33655a: aOrMT: ViewRootImpl@61751e2[MainActivity] t = android.view.SurfaceControl$Transaction@7e64f8d fN = 591 android.view.SurfaceView.-$$Nest$mapplyOrMergeTransaction:0 android.view.SurfaceView$SurfaceViewPositionUpdateListener.positionChanged:1537 android.graphics.RenderNode$CompositePositionUpdateListener.positionChanged:373 
