--------- beginning of main
10-17 00:07:09.007 24677 24677 D InputTransport: Input channel destroyed: '27a2322', fd=150
10-17 00:07:09.046 24677 24677 I ViewRootImpl@fd98f5c[MainActivity]: MSG_WINDOW_FOCUS_CHANGED 1 0
10-17 00:07:09.046 24677 24677 I ViewRootImpl@fd98f5c[MainActivity]: mThreadedRenderer.initializeIfNeeded()#2 mSurface={isValid=true 0x7b59aaa800}
10-17 00:07:09.051 24677 24677 D InputMethodManager: startInputInner - Id : 0
10-17 00:07:09.051 24677 24677 I InputMethodManager: startInputInner - mService.startInputOrWindowGainedFocus
10-17 00:07:09.774 24677 24677 I ViewRootImpl@fd98f5c[MainActivity]: ViewPostIme pointer 0
10-17 00:07:09.900 24677 24677 D WindowOnBackDispatcher: onBackInvoked, viewRoot=ViewRootImpl@ad82932[MainActivity], callback=androidx.activity.OnBackPressedDispatcher$Api33Impl$$ExternalSyntheticLambda0@27a4bf
10-17 00:07:09.912 24677 24677 I IMM_LC  : hsifw() - flag : 0
10-17 00:07:09.912 24677 24677 I IMM_LC  : hsifw() - mService.hideSoftInput
10-17 00:07:09.920 24677 24677 D ScrollView: initGoToTop
10-17 00:07:09.960 24677 24677 E CoilImgLoader: Error loading image: coil3.request.NullRequestDataException: The request's data is null.
10-17 00:07:09.976 24677 24677 D ScrollView:  onsize change changed 
10-17 00:07:10.483 24677 24677 I ViewRootImpl@fd98f5c[MainActivity]: ViewPostIme pointer 0
10-17 00:07:10.549 24677 24677 I ViewRootImpl@fd98f5c[MainActivity]: ViewPostIme pointer 1
10-17 00:07:10.561 24677 24677 I NavComponent: Navigating to fragment: 2131361879
10-17 00:07:10.564 24677 24677 I IMM_LC  : hsifw() - flag : 0
10-17 00:07:10.565 24677 24677 I IMM_LC  : hsifw() - mService.hideSoftInput
10-17 00:07:10.646 24677 24689 W st.cloudstream3: Cleared Reference was only reachable from finalizer (only reported once)
10-17 00:07:10.743 24677 24689 I st.cloudstream3: Background concurrent copying GC freed 18MB AllocSpace bytes, 69(3124KB) LOS objects, 49% free, 12MB/25MB, paused 351us,147us total 193.247ms
10-17 00:07:10.745 24677 24690 D InputTransport: Input channel destroyed: 'ClientS', fd=145
10-17 00:07:10.750 24677 24705 D OpenGLRenderer: setSurface called with nullptr
10-17 00:07:10.750 24677 24690 D InputTransport: Input channel destroyed: 'ClientS', fd=121
10-17 00:07:11.385 24677 24677 I ViewRootImpl@fd98f5c[MainActivity]: ViewPostIme pointer 0
10-17 00:07:11.459 24677 24677 I ViewRootImpl@fd98f5c[MainActivity]: ViewPostIme pointer 1
10-17 00:07:11.480 24677 24677 I IMM_LC  : hsifw() - flag : 0
10-17 00:07:11.480 24677 24677 I IMM_LC  : hsifw() - mService.hideSoftInput
10-17 00:07:11.587 24677 24677 I PLG     : updatePluginList = https://raw.githubusercontent.com/adamwolker21/TestPlugins/refs/heads/master/repo.json
10-17 00:07:11.587 24677 24677 I PLG     : getPlugins = https://raw.githubusercontent.com/adamwolker21/TestPlugins/refs/heads/master/repo.json
10-17 00:07:11.736 24677 24733 D VotingApi: Requesting: https://counterapi.com/api/cs-raw.githubusercontent.com-adamwolker21-TestPlugins/vote/1faa642fe5e758ed3f1552dfe51f95ba48254ee289a6f2e93a139bd7cecf3ded?readOnly=true
10-17 00:07:12.229 24677 24677 I ViewRootImpl@fd98f5c[MainActivity]: ViewPostIme pointer 0
10-17 00:07:12.289 24677 24677 I ViewRootImpl@fd98f5c[MainActivity]: ViewPostIme pointer 1
10-17 00:07:12.298 24677 24735 I PLG     : handlePluginAction = https://raw.githubusercontent.com/adamwolker21/TestPlugins/refs/heads/master/repo.json, (https://raw.githubusercontent.com/adamwolker21/TestPlugins/refs/heads/master/repo.json, SitePlugin(url=https://raw.githubusercontent.com/adamwolker21/TestPlugins/builds/Asia2tv.cs3, status=1, version=37, apiVersion=1, name=Asia2tv, internalName=Asia2tv, authors=[adamwolker21], description=Asia2TV Kdrama Cdrama, repositoryUrl=https://github.com/adamwolker21/TestPlugins, tvTypes=[TvSeries, Movie, AsianDrama], language=ar, iconUrl=https://asia2tv.com/frontend/default/assets/images/logo.png?ver=1.2, fileSize=19911)), false
10-17 00:07:12.300 24677 24735 D PluginManager: Downloading plugin: https://raw.githubusercontent.com/adamwolker21/TestPlugins/builds/Asia2tv.cs3 to /data/user/0/com.lagradost.cloudstream3/files/Extensions/httpsraw.githubusercontent.comadamwolker21TestPluginsrefsheadsmasterrepo.json.113048842/Asia2tv.950460682.cs3
10-17 00:07:12.357 24677 24735 I PluginManager: Unloading plugin: /data/user/0/com.lagradost.cloudstream3/files/Extensions/httpsraw.githubusercontent.comadamwolker21TestPluginsrefsheadsmasterrepo.json.113048842/Asia2tv.950460682.cs3
10-17 00:07:12.357 24677 24735 W PluginManager: Couldn't find plugin /data/user/0/com.lagradost.cloudstream3/files/Extensions/httpsraw.githubusercontent.comadamwolker21TestPluginsrefsheadsmasterrepo.json.113048842/Asia2tv.950460682.cs3
10-17 00:07:12.358 24677 24735 I PluginManager: Loading plugin: PluginData(internalName=Asia2tv, url=https://raw.githubusercontent.com/adamwolker21/TestPlugins/builds/Asia2tv.cs3, isOnline=true, filePath=/data/user/0/com.lagradost.cloudstream3/files/Extensions/httpsraw.githubusercontent.comadamwolker21TestPluginsrefsheadsmasterrepo.json.113048842/Asia2tv.950460682.cs3, version=-2147483648)
10-17 00:07:12.407 24677 24735 I PluginInstance: Adding Asia2Tv (https://asia2tv.com) MainAPI
10-17 00:07:12.407 24677 24735 I PluginManager: Loaded plugin Asia2tv successfully
10-17 00:07:12.408 24677 24735 I PLG     : getPlugins = https://raw.githubusercontent.com/adamwolker21/TestPlugins/refs/heads/master/repo.json
10-17 00:07:12.410 24677 24677 I COMPACT : showToast = Plugin Loaded
10-17 00:07:12.421 24677 24677 D CompatibilityChangeReporter: Compat change id reported: 147798919; UID 10526; state: ENABLED
10-17 00:07:12.421 24677 24677 E Toast   : setGravity() shouldn't be called on text toasts, the values won't be used
10-17 00:07:12.421 24677 24677 I Toast   : setView: it's a custom toast
10-17 00:07:12.431 24677 24677 V Toast   : show: caller = com.lagradost.cloudstream3.CommonActivity.showToast:175 
10-17 00:07:12.491 24677 24677 V Toast   : HANDLE SHOW: android.widget.Toast$TN@c3b19e9 mView=null mNextView=androidx.cardview.widget.CardView{a45366e V.E..V... ......ID 0,0-0,0 #7f0a0557 app:id/toast_layout_root}
10-17 00:07:12.494 24677 24677 V ToastPresenter: sipHeight = -39
10-17 00:07:12.495 24677 24677 V ToastPresenter: yOffset = 13
10-17 00:07:12.501 24677 24705 D NativeCustomFrequencyManager: [NativeCFMS] BpCustomFrequencyManager::BpCustomFrequencyManager()
10-17 00:07:12.509 24677 24677 D InsetsController: onStateChanged: InsetsState: {mDisplayFrame=Rect(0, 0 - 1080, 2400), mDisplayCutout=DisplayCutout{insets=Rect(0, 88 - 0, 0) waterfall=Insets{left=0, top=0, right=0, bottom=0} boundingRect={Bounds=[Rect(0, 0 - 0, 0), Rect(512, 0 - 568, 88), Rect(0, 0 - 0, 0), Rect(0, 0 - 0, 0)]} cutoutPathParserInfo={CutoutPathParserInfo{displayWidth=1080 displayHeight=2400 physicalDisplayWidth=1080 physicalDisplayHeight=2400 density={2.625} cutoutSpec={M 0,0 M 0,12.25101276465640 a 10.60613009248640,10.60613009248640 0 1,0 0,21.21226018497290 a 10.60613009248640,10.60613009248640 0 1,0 0,-21.21226018497290 Z @dp} rotation={0} scale={1.0} physicalPixelDisplaySizeRatio={1.0}}}}, mRoundedCorners=RoundedCorners{[RoundedCorner{position=TopLeft, radius=84, center=Point(84, 84)}, RoundedCorner{position=TopRight, radius=84, center=Point(996, 84)}, RoundedCorner{position=BottomRight, radius=84, center=Point(996, 2316)}, RoundedCorner{position=BottomLeft, radius=84, center=Point(84, 2316)}]}  mRoundedCornerFrame=Rect(0, 0 - 0, 0), mPrivacyIndicatorBounds=PrivacyIndicatorBounds {static bounds=Rect(964, 0 - 1080, 87) rotation=0}, mSources= { InsetsSource: {mType=ITYPE_NAVIGATION_BAR, mFrame=[0,2361][1080,2400], mVisible=true, mInsetsRoundedCornerFrame=false}, InsetsSource: {mType=ITYPE_LEFT_GESTURES, mFrame=[0,0][130,2400], mVisible=true, mInsetsRoundedCornerFrame=false}, InsetsSource: {mType=ITYPE_RIGHT_GESTURES, mFrame=[950,0][1080,2400], mVisible=true, mInsetsRoundedCornerFrame=false}, InsetsSource: {mType=ITYPE_TOP_MANDATORY_GESTURES, mFrame=[0,0][1080,120], mVisible=true, mInsetsRoundedCornerFrame=false}, InsetsSource: {mType=ITYPE_BOTTOM_MANDATORY_GESTURES, mFrame=[0,2316][1080,2400], mVisible=true, mInsetsRoundedCornerFrame=false}, InsetsSource: {mType=ITYPE_LEFT_DISPLAY_CUTOUT, mFrame=[0,0][-100000,2400], mVisible=true, mInsetsRoundedCornerFrame=false}, InsetsSource: {mType=ITYPE_TOP_DISPLAY_CUTOUT, mFrame=[0,0][1080,88], mVisible=true, mInsetsRoundedCornerFrame=false}, InsetsSource: {mType=ITYPE_RIGHT_DISPLAY_CUTOUT, mFrame=[100000,0][1080,2400], mVisible=true, mInsetsRoundedCornerFrame=false}, InsetsSource: {mType=ITYPE_BOTTOM_DISPLAY_CUTOUT, mFrame=[0,100000][1080,2400], mVisible=true, mInsetsRoundedCornerFrame=false}, InsetsSource: {mType=ITYPE_BOTTOM_TAPPABLE_ELEMENT, mFrame=[0,0][0,0], mVisible=true, mInsetsRoundedCornerFrame=false} } host=Toast from=android.view.ViewRootImpl.setView:1732
10-17 00:07:12.511 24677 24677 I ViewRootImpl@d21e10f[Toast]: setView = androidx.cardview.widget.CardView@a45366e TM=true
10-17 00:07:12.522 24677 24677 I ViewRootImpl@d21e10f[Toast]: performTraversals params={(0,13)(wrapxwrap) gr=BOTTOM CENTER sim={adjust=resize} ty=TOAST fmt=TRANSLUCENT wanim=0x1030004 surfaceInsets=Rect(11, 11 - 11, 11)
10-17 00:07:12.522 24677 24677 I ViewRootImpl@d21e10f[Toast]:   fl=1000098
10-17 00:07:12.522 24677 24677 I ViewRootImpl@d21e10f[Toast]:   pfl=12000000
10-17 00:07:12.522 24677 24677 I ViewRootImpl@d21e10f[Toast]:   bhv=DEFAULT
10-17 00:07:12.522 24677 24677 I ViewRootImpl@d21e10f[Toast]:   fitTypes=STATUS_BARS NAVIGATION_BARS CAPTION_BAR
10-17 00:07:12.522 24677 24677 I ViewRootImpl@d21e10f[Toast]:   fitIgnoreVis naviIconColor=0}
10-17 00:07:12.523 24677 24677 I ViewRootImpl@d21e10f[Toast]: performTraversals mFirst=true windowShouldResize=false viewVisibilityChanged=false mForceNextWindowRelayout=false params={(0,13)(wrapxwrap) gr=BOTTOM CENTER sim={adjust=resize} ty=TOAST fmt=TRANSLUCENT wanim=0x1030004 surfaceInsets=Rect(11, 11 - 11, 11)
10-17 00:07:12.523 24677 24677 I ViewRootImpl@d21e10f[Toast]:   fl=1000098
10-17 00:07:12.523 24677 24677 I ViewRootImpl@d21e10f[Toast]:   pfl=12000000
10-17 00:07:12.523 24677 24677 I ViewRootImpl@d21e10f[Toast]:   bhv=DEFAULT
10-17 00:07:12.523 24677 24677 I ViewRootImpl@d21e10f[Toast]:   fitTypes=STATUS_BARS NAVIGATION_BARS CAPTION_BAR
10-17 00:07:12.523 24677 24677 I ViewRootImpl@d21e10f[Toast]:   fitIgnoreVis naviIconColor=0}
10-17 00:07:12.537 24677 24677 I ViewRootImpl@d21e10f[Toast]: updateBlastSurfaceIfNeeded mBlastBufferQueue=null isSameSurfaceControl=false
10-17 00:07:12.538 24677 24677 I BLASTBufferQueue: new BLASTBufferQueue, mName= ViewRootImpl@d21e10f[Toast] mNativeObject= 0x7bdab10c00 sc.mNativeObject= 0x7bdab35a20 caller= android.view.ViewRootImpl.updateBlastSurfaceIfNeeded:2909 android.view.ViewRootImpl.relayoutWindow:9847 android.view.ViewRootImpl.performTraversals:3884 android.view.ViewRootImpl.doTraversal:3116 android.view.ViewRootImpl$TraversalRunnable.run:10885 android.view.Choreographer$CallbackRecord.run:1301 android.view.Choreographer$CallbackRecord.run:1309 android.view.Choreographer.doCallbacks:923 android.view.Choreographer.doFrame:852 android.view.Choreographer$FrameDisplayEventReceiver.run:1283 
10-17 00:07:12.538 24677 24677 I BLASTBufferQueue: update, w= 373 h= 178 mName = ViewRootImpl@d21e10f[Toast] mNativeObject= 0x7bdab10c00 sc.mNativeObject= 0x7bdab35a20 format= -3 caller= android.graphics.BLASTBufferQueue.<init>:84 android.view.ViewRootImpl.updateBlastSurfaceIfNeeded:2909 android.view.ViewRootImpl.relayoutWindow:9847 android.view.ViewRootImpl.performTraversals:3884 android.view.ViewRootImpl.doTraversal:3116 android.view.ViewRootImpl$TraversalRunnable.run:10885 
10-17 00:07:12.539 24677 24677 I ViewRootImpl@d21e10f[Toast]: Relayout returned: old=(0,88,1080,2361) new=(364,2192,715,2348) req=(351,156)0 dur=14 res=0x3 s={true 0x7bda9fa800} ch=true seqId=0
10-17 00:07:12.541 24677 24677 I ViewRootImpl@d21e10f[Toast]: mThreadedRenderer.initialize() mSurface={isValid=true 0x7bda9fa800} hwInitialized=true
10-17 00:07:12.541 24677 24705 D OpenGLRenderer: eglCreateWindowSurface
10-17 00:07:12.543 24677 24677 I ViewRootImpl@d21e10f[Toast]: reportNextDraw android.view.ViewRootImpl.performTraversals:4438 android.view.ViewRootImpl.doTraversal:3116 android.view.ViewRootImpl$TraversalRunnable.run:10885 android.view.Choreographer$CallbackRecord.run:1301 android.view.Choreographer$CallbackRecord.run:1309 
10-17 00:07:12.543 24677 24677 I ViewRootImpl@d21e10f[Toast]: Setup new sync id=0
10-17 00:07:12.543 24677 24677 I ViewRootImpl@d21e10f[Toast]: Setting syncFrameCallback
10-17 00:07:12.543 24677 24677 I ViewRootImpl@d21e10f[Toast]: registerCallbacksForSync syncBuffer=false
10-17 00:07:12.549 24677 24768 I ViewRootImpl@d21e10f[Toast]: Received frameDrawingCallback syncResult=0 frameNum=1.
10-17 00:07:12.549 24677 24768 I ViewRootImpl@d21e10f[Toast]: Setting up sync and frameCommitCallback
10-17 00:07:12.551 24677 24705 I BLASTBufferQueue: [ViewRootImpl@d21e10f[Toast]#2](f:0,a:0) onFrameAvailable the first frame is available
10-17 00:07:12.551 24677 24705 I ViewRootImpl@d21e10f[Toast]: Received frameCommittedCallback lastAttemptedDrawFrameNum=1 didProduceBuffer=true
10-17 00:07:12.552 24677 24705 D OpenGLRenderer: CFMS:: SetUp Pid : 24677    Tid : 24705
10-17 00:07:12.555 24677 24677 I ViewRootImpl@d21e10f[Toast]: onSyncComplete
10-17 00:07:12.556 24677 24677 I ViewRootImpl@d21e10f[Toast]: setupSync seqId=0 mSyncId=0 fn=1 caller=android.view.ViewRootImpl$$ExternalSyntheticLambda11.accept:6 android.window.SurfaceSyncer.lambda$setupSync$1$android-window-SurfaceSyncer:128 android.window.SurfaceSyncer$$ExternalSyntheticLambda1.accept:8 android.window.SurfaceSyncer$SyncSet.checkIfSyncIsComplete:382 android.window.SurfaceSyncer$SyncSet.markSyncReady:359 android.window.SurfaceSyncer.markSyncReady:151 android.view.ViewRootImpl.performTraversals:4503 
10-17 00:07:12.556 24677 24677 I ViewRootImpl@d21e10f[Toast]: reportDrawFinished seqId=0 mSyncId=-1 fn=1 mSurfaceChangedTransaction=0x7bda98dc00
10-17 00:07:13.336 24677 24677 I ViewRootImpl@fd98f5c[MainActivity]: ViewPostIme pointer 0
10-17 00:07:13.435 24677 24677 I ViewRootImpl@fd98f5c[MainActivity]: ViewPostIme pointer 1
10-17 00:07:13.454 24677 24677 I IMM_LC  : hsifw() - flag : 0
10-17 00:07:13.454 24677 24677 I IMM_LC  : hsifw() - mService.hideSoftInput
10-17 00:07:14.451 24677 24705 D OpenGLRenderer: setSurface called with nullptr
10-17 00:07:14.451 24677 24705 D OpenGLRenderer: setSurface() destroyed EGLSurface
10-17 00:07:14.451 24677 24705 D OpenGLRenderer: destroyEglSurface
10-17 00:07:14.452 24677 24677 I ViewRootImpl@d21e10f[Toast]: dispatchDetachedFromWindow
10-17 00:07:14.463 24677 24677 D InputTransport: Input channel destroyed: '17c37da', fd=170
10-17 00:07:14.881 24677 24689 I st.cloudstream3: Background concurrent copying GC freed 7021KB AllocSpace bytes, 36(3500KB) LOS objects, 49% free, 17MB/35MB, paused 513us,233us total 139.357ms
10-17 00:07:14.913 24677 24705 D OpenGLRenderer: setSurface called with nullptr
10-17 00:07:14.919 24677 24691 W System  : A resource failed to call close. 
10-17 00:07:14.920 24677 24691 W System  : A resource failed to call close. 
10-17 00:07:15.216 24677 24735 D Asia2Tv : Load function started for url: https://asia2tv.com/serie/beyond-the-bar-%d9%85%d8%ad%d8%a7%d9%85%d9%88%d9%86-%d8%aa%d8%ad%d8%aa-%d8%a7%d9%84%d8%aa%d8%af%d8%b1%d9%8a%d8%a8
10-17 00:07:15.216 24677 24742 D Asia2Tv : Load function started for url: https://asia2tv.com/movie/%d9%81%d9%8a%d9%84%d9%85-the-last-homework-%d8%a7%d9%84%d9%88%d8%a7%d8%ac%d8%a8-%d8%a7%d9%84%d8%a3%d8%ae%d9%8a%d8%b1-2025
10-17 00:07:15.216 24677 24745 D Asia2Tv : Load function started for url: https://asia2tv.com/movie/%d9%81%d9%8a%d9%84%d9%85-family-secrets-%d8%a3%d8%b3%d8%b1%d8%a7%d8%b1-%d8%b9%d8%a7%d8%a6%d9%84%d9%8a%d8%a9-2025
10-17 00:07:15.944 24677 24745 D Asia2Tv : Found 0 initial episodes.
10-17 00:07:15.949 24677 24745 D Asia2Tv : Found Serie ID: 49620, CSRF Token: true
10-17 00:07:15.949 24677 24745 D Asia2Tv : Fetching page 2...
10-17 00:07:16.140 24677 24745 D Asia2Tv : Found 0 initial episodes.
10-17 00:07:16.143 24677 24745 D Asia2Tv : Found Serie ID: 49611, CSRF Token: true
10-17 00:07:16.143 24677 24745 D Asia2Tv : Fetching page 2...
10-17 00:07:16.269 24677 24745 D Asia2Tv : Found 12 initial episodes.
10-17 00:07:16.276 24677 24745 D Asia2Tv : Found Serie ID: 49930, CSRF Token: true
10-17 00:07:16.276 24677 24745 D Asia2Tv : Fetching page 2...
10-17 00:07:16.420 24677 24745 D Asia2Tv : Raw response for page 2: {
10-17 00:07:16.420 24677 24745 D Asia2Tv :     "message": "CSRF token mismatch."
10-17 00:07:16.420 24677 24745 D Asia2Tv : }
10-17 00:07:16.496 24677 24745 D Asia2Tv : Response status was false or response was null/invalid. Stopping loop.
10-17 00:07:16.496 24677 24745 D Asia2Tv : Load function finished. Total episodes found: 0
10-17 00:07:16.612 24677 24735 D Asia2Tv : Raw response for page 2: {
10-17 00:07:16.612 24677 24735 D Asia2Tv :     "message": "CSRF token mismatch."
10-17 00:07:16.612 24677 24735 D Asia2Tv : }
10-17 00:07:16.613 24677 24735 D Asia2Tv : Response status was false or response was null/invalid. Stopping loop.
10-17 00:07:16.613 24677 24735 D Asia2Tv : Load function finished. Total episodes found: 0
10-17 00:07:16.752 24677 24735 D Asia2Tv : Raw response for page 2: {
10-17 00:07:16.752 24677 24735 D Asia2Tv :     "message": "CSRF token mismatch."
10-17 00:07:16.752 24677 24735 D Asia2Tv : }
10-17 00:07:16.753 24677 24735 D Asia2Tv : Response status was false or response was null/invalid. Stopping loop.
10-17 00:07:16.753 24677 24735 D Asia2Tv : Load function finished. Total episodes found: 12
10-17 00:07:17.543 24677 24677 I ViewRootImpl@fd98f5c[MainActivity]: ViewPostIme pointer 0
10-17 00:07:17.834 24677 24677 I ViewRootImpl@fd98f5c[MainActivity]: ViewPostIme pointer 1
10-17 00:07:18.284 24677 24677 I ViewRootImpl@fd98f5c[MainActivity]: ViewPostIme pointer 0
10-17 00:07:18.350 24677 24677 I ViewRootImpl@fd98f5c[MainActivity]: ViewPostIme pointer 1
10-17 00:07:18.876 24677 24677 I ViewRootImpl@fd98f5c[MainActivity]: ViewPostIme pointer 0
10-17 00:07:18.930 24677 24677 I ViewRootImpl@fd98f5c[MainActivity]: ViewPostIme pointer 1
10-17 00:07:18.947 24677 24677 I NavComponent: Navigating to fragment: 2131362274
10-17 00:07:18.960 24677 24677 I IMM_LC  : hsifw() - flag : 0
10-17 00:07:18.960 24677 24677 I IMM_LC  : hsifw() - mService.hideSoftInput
10-17 00:07:19.016 24677 24677 D ScrollView: initGoToTop
10-17 00:07:19.273 24677 24689 I st.cloudstream3: Background concurrent copying GC freed 10034KB AllocSpace bytes, 75(6620KB) LOS objects, 49% free, 20MB/40MB, paused 481us,121us total 185.331ms
10-17 00:07:19.422 24677 24677 I SurfaceView@baa0d53: onWindowVisibilityChanged(0) true android.view.SurfaceView{baa0d53 V.E..V... ......I. 0,0-0,0} of ViewRootImpl@fd98f5c[MainActivity]
10-17 00:07:19.422 24677 24677 D SurfaceView@baa0d53: updateSurface: has no frame
10-17 00:07:19.430 24677 24677 I CS3ExoPlayer: SET STYLE = SaveCaptionStyle(foregroundColor=-1, backgroundColor=0, windowColor=0, edgeType=1, edgeColor=-16777216, typeface=null, typefaceFilePath=null, elevation=20, fixedTextSize=null, edgeSize=null, removeCaptions=false, removeBloat=true, upperCase=false, bold=false, italic=false, backgroundRadius=null)
10-17 00:07:19.445 24677 24677 D VideoClickActionHolder: allVideoClickActions: [null:com.lagradost.cloudstream3.actions.temp.PlayInBrowserAction, null:com.lagradost.cloudstream3.actions.temp.CopyClipboardAction, null:com.lagradost.cloudstream3.actions.temp.ViewM3U8Action, null:com.lagradost.cloudstream3.actions.temp.VlcPackage, null:com.lagradost.cloudstream3.actions.temp.MpvPackage, null:com.lagradost.cloudstream3.actions.temp.NextPlayerPackage, null:com.lagradost.cloudstream3.actions.temp.JustPlayerPackage, null:com.lagradost.cloudstream3.actions.temp.fcast.FcastAction, null:com.lagradost.cloudstream3.actions.temp.LibreTorrentPackage, null:com.lagradost.cloudstream3.actions.temp.BiglyBTPackage, null:com.lagradost.cloudstream3.actions.temp.VlcNightlyPackage, null:com.lagradost.cloudstream3.actions.temp.WebVideoCastPackage, null:com.lagradost.cloudstream3.actions.temp.MpvYTDLPackage, null:com.lagradost.cloudstream3.actions.temp.MpvKtPackage, null:com.lagradost.cloudstream3.actions.temp.MpvKtPreviewPackage, null:com.lagradost.cloudstream3.actions.AlwaysAskAction]
10-17 00:07:19.446 24677 24677 I IMM_LC  : hsifw() - flag : 0
10-17 00:07:19.446 24677 24677 I IMM_LC  : hsifw() - mService.hideSoftInput
10-17 00:07:19.448 24677 24742 I SYNCVM  : addFromUrl = https://asia2tv.com/serie/loves-ambition-%d8%b7%d9%85%d9%88%d8%ad-%d8%a7%d9%84%d8%ad%d8%a8
10-17 00:07:19.449 24677 24742 I SYNCUTIL: getIdsFromUrl https://asia2tv.com/serie/loves-ambition-%d8%b7%d9%85%d9%88%d8%ad-%d8%a7%d9%84%d8%ad%d8%a8
10-17 00:07:19.449 24677 24735 D Asia2Tv : Load function started for url: https://asia2tv.com/serie/loves-ambition-%d8%b7%d9%85%d9%88%d8%ad-%d8%a7%d9%84%d8%ad%d8%a8
10-17 00:07:19.463 24677 24677 I SurfaceView@baa0d53: onWindowVisibilityChanged(8) false android.view.SurfaceView{baa0d53 V.E..V... ......I. 0,0-0,0} of ViewRootImpl@fd98f5c[MainActivity]
10-17 00:07:19.463 24677 24677 D SurfaceView@baa0d53: updateSurface: has no frame
10-17 00:07:19.463 24677 24677 D SurfaceView@baa0d53: updateSurface: has no frame
10-17 00:07:19.463 24677 24677 I SurfaceView@baa0d53: onDetachedFromWindow: tryReleaseSurfaces()
10-17 00:07:19.463 24677 24677 I SurfaceView@baa0d53: releaseSurfaces: viewRoot = ViewRootImpl@fd98f5c[MainActivity]
10-17 00:07:19.464 24677 24677 I SurfaceView@baa0d53: applyTransactionOnVriDraw: vri = ViewRootImpl@fd98f5c[MainActivity] fRS = true t = 0x7b4307de00 android.view.SurfaceView.releaseSurfaces:858 android.view.SurfaceView.onDetachedFromWindow:500 android.view.View.dispatchDetachedFromWindow:22538 
10-17 00:07:19.464 24677 24677 I SurfaceView@baa0d53: applyTransactionOnVriDraw: viewRoot.applyTransactionOnDrawFromReleaseSurfaces
10-17 00:07:19.464 24677 24677 I ViewRootImpl@fd98f5c[MainActivity]: applyTransactionOnDraw: mRemoved = false isHardwareEnabled = true t = 0x7b4307de00android.view.ViewRootImpl.applyTransactionOnDrawFromReleaseSurfaces:12850 android.view.SurfaceView.applyTransactionOnVriDraw:2046 android.view.SurfaceView.releaseSurfaces:858 android.view.SurfaceView.onDetachedFromWindow:500 android.view.View.dispatchDetachedFromWindow:22538 
10-17 00:07:19.466 24677 24677 I SurfaceView@baa0d53: onWindowVisibilityChanged(0) true android.view.SurfaceView{baa0d53 V.E..V... ......I. 0,0-0,0} of ViewRootImpl@fd98f5c[MainActivity]
10-17 00:07:19.466 24677 24677 D SurfaceView@baa0d53: updateSurface: has no frame
10-17 00:07:19.473 24677 24677 I DecorView: notifyKeepScreenOnChanged: keepScreenOn=false
10-17 00:07:19.485 24677 24677 I CS3ExoPlayer: reloadPlayer
10-17 00:07:19.485 24677 24677 I CS3ExoPlayer: releasePlayer
10-17 00:07:19.486 24677 24677 I CS3ExoPlayer: Handle event: PlayerAttachedEvent(player=null, source=Player)
10-17 00:07:19.487 24677 24677 I Choreographer: Skipped 31 frames!  The application may be doing too much work on its main thread.
10-17 00:07:19.494 24677 24677 I ViewRootImpl@fd98f5c[MainActivity]: performTraversals params={(0,0)(fillxfill) sim={state=always_hidden adjust=resize} ty=BASE_APPLICATION wanim=0x1030309
10-17 00:07:19.494 24677 24677 I ViewRootImpl@fd98f5c[MainActivity]:   fl=85810100
10-17 00:07:19.494 24677 24677 I ViewRootImpl@fd98f5c[MainActivity]:   pfl=12020040
10-17 00:07:19.494 24677 24677 I ViewRootImpl@fd98f5c[MainActivity]:   vsysui=500
10-17 00:07:19.494 24677 24677 I ViewRootImpl@fd98f5c[MainActivity]:   bhv=DEFAULT
10-17 00:07:19.494 24677 24677 I ViewRootImpl@fd98f5c[MainActivity]:   fitSides= naviIconColor=0}
10-17 00:07:19.495 24677 24677 I ViewRootImpl@fd98f5c[MainActivity]: performTraversals mFirst=false windowShouldResize=false viewVisibilityChanged=false mForceNextWindowRelayout=false params={(0,0)(fillxfill) sim={state=always_hidden adjust=resize} ty=BASE_APPLICATION fmt=TRANSLUCENT wanim=0x1030309
10-17 00:07:19.495 24677 24677 I ViewRootImpl@fd98f5c[MainActivity]:   fl=85810100
10-17 00:07:19.495 24677 24677 I ViewRootImpl@fd98f5c[MainActivity]:   pfl=12020040
10-17 00:07:19.495 24677 24677 I ViewRootImpl@fd98f5c[MainActivity]:   vsysui=500
10-17 00:07:19.495 24677 24677 I ViewRootImpl@fd98f5c[MainActivity]:   bhv=DEFAULT
10-17 00:07:19.495 24677 24677 I ViewRootImpl@fd98f5c[MainActivity]:   fitSides= naviIconColor=0}
10-17 00:07:19.504 24677 24677 I ViewRootImpl@fd98f5c[MainActivity]: updateBlastSurfaceIfNeeded mBlastBufferQueue=0x7b59a2f400 isSameSurfaceControl=true
10-17 00:07:19.504 24677 24677 I BLASTBufferQueue: update, w= 1080 h= 2400 mName = ViewRootImpl@fd98f5c[MainActivity] mNativeObject= 0x7b59a2f400 sc.mNativeObject= 0x7b27717840 format= -3 caller= android.view.ViewRootImpl.updateBlastSurfaceIfNeeded:2898 android.view.ViewRootImpl.relayoutWindow:9847 android.view.ViewRootImpl.performTraversals:3884 android.view.ViewRootImpl.doTraversal:3116 android.view.ViewRootImpl$TraversalRunnable.run:10885 android.view.Choreographer$CallbackRecord.run:1301 
10-17 00:07:19.504 24677 24677 I ViewRootImpl@fd98f5c[MainActivity]: Relayout returned: old=(0,0,1080,2400) new=(0,0,1080,2400) req=(1080,2400)0 dur=9 res=0x0 s={true 0x7b59aaa800} ch=false seqId=0
10-17 00:07:19.506 24677 24677 W View    : requestLayout() improperly called by android.widget.FrameLayout{ca6f51f I.E..V... ......I. 0,0-0,0 #7f0a04e7 app:id/start_panel} during layout: running second layout pass
10-17 00:07:19.506 24677 24677 W View    : requestLayout() improperly called by android.widget.FrameLayout{6c0006c I.E..V... ......ID 1080,0-1080,2143 #7f0a0168 app:id/end_panel} during layout: running second layout pass
10-17 00:07:19.507 24677 24677 D SurfaceView@baa0d53: updateSurface: has no frame
10-17 00:07:19.512 24677 24767 I ViewRootImpl@fd98f5c[MainActivity]: mWNT: t=0x7b4307de00 mBlastBufferQueue=0x7b59a2f400 fn= 539 caller= android.view.ViewRootImpl.lambda$applyTransactionOnDraw$11$android-view-ViewRootImpl:12865 android.view.ViewRootImpl$$ExternalSyntheticLambda1.onFrameDraw:4 android.graphics.HardwareRenderer$FrameDrawingCallback.onFrameDraw:924 
10-17 00:07:19.515 24677 24677 D SurfaceView@baa0d53: updateSurface: has no frame
10-17 00:07:19.537 24677 24677 D SurfaceView@baa0d53: updateSurface: has no frame
10-17 00:07:19.558 24677 24677 D SurfaceView@baa0d53: updateSurface: has no frame
10-17 00:07:19.587 24677 24677 D SurfaceView@baa0d53: updateSurface: has no frame
10-17 00:07:19.601 24677 24677 D SurfaceView@baa0d53: updateSurface: has no frame
10-17 00:07:19.617 24677 24677 D SurfaceView@baa0d53: updateSurface: has no frame
10-17 00:07:19.633 24677 24677 D SurfaceView@baa0d53: updateSurface: has no frame
10-17 00:07:19.650 24677 24677 D SurfaceView@baa0d53: updateSurface: has no frame
10-17 00:07:19.667 24677 24677 D SurfaceView@baa0d53: updateSurface: has no frame
10-17 00:07:19.683 24677 24677 D SurfaceView@baa0d53: updateSurface: has no frame
10-17 00:07:19.700 24677 24677 D SurfaceView@baa0d53: updateSurface: has no frame
10-17 00:07:19.717 24677 24677 D SurfaceView@baa0d53: updateSurface: has no frame
10-17 00:07:19.733 24677 24677 D SurfaceView@baa0d53: updateSurface: has no frame
10-17 00:07:19.750 24677 24677 D SurfaceView@baa0d53: updateSurface: has no frame
10-17 00:07:19.767 24677 24677 D SurfaceView@baa0d53: updateSurface: has no frame
10-17 00:07:19.784 24677 24677 D SurfaceView@baa0d53: updateSurface: has no frame
10-17 00:07:19.800 24677 24677 D SurfaceView@baa0d53: updateSurface: has no frame
10-17 00:07:19.817 24677 24677 D SurfaceView@baa0d53: updateSurface: has no frame
10-17 00:07:19.833 24677 24677 D SurfaceView@baa0d53: updateSurface: has no frame
10-17 00:07:19.850 24677 24677 D SurfaceView@baa0d53: updateSurface: has no frame
10-17 00:07:19.867 24677 24677 D SurfaceView@baa0d53: updateSurface: has no frame
10-17 00:07:19.883 24677 24677 D SurfaceView@baa0d53: updateSurface: has no frame
10-17 00:07:19.900 24677 24677 D SurfaceView@baa0d53: updateSurface: has no frame
10-17 00:07:19.917 24677 24677 D SurfaceView@baa0d53: updateSurface: has no frame
10-17 00:07:19.933 24677 24677 D SurfaceView@baa0d53: updateSurface: has no frame
10-17 00:07:19.950 24677 24677 D SurfaceView@baa0d53: updateSurface: has no frame
10-17 00:07:19.967 24677 24677 D SurfaceView@baa0d53: updateSurface: has no frame
10-17 00:07:19.983 24677 24677 D SurfaceView@baa0d53: updateSurface: has no frame
10-17 00:07:20.000 24677 24677 D SurfaceView@baa0d53: updateSurface: has no frame
10-17 00:07:20.017 24677 24677 D SurfaceView@baa0d53: updateSurface: has no frame
10-17 00:07:20.034 24677 24677 D SurfaceView@baa0d53: updateSurface: has no frame
10-17 00:07:20.050 24677 24677 D SurfaceView@baa0d53: updateSurface: has no frame
10-17 00:07:20.066 24677 24677 D SurfaceView@baa0d53: updateSurface: has no frame
10-17 00:07:20.083 24677 24677 D SurfaceView@baa0d53: updateSurface: has no frame
10-17 00:07:20.100 24677 24677 D SurfaceView@baa0d53: updateSurface: has no frame
10-17 00:07:20.117 24677 24677 D SurfaceView@baa0d53: updateSurface: has no frame
10-17 00:07:20.133 24677 24677 D SurfaceView@baa0d53: updateSurface: has no frame
10-17 00:07:20.150 24677 24677 D SurfaceView@baa0d53: updateSurface: has no frame
10-17 00:07:20.166 24677 24677 D SurfaceView@baa0d53: updateSurface: has no frame
10-17 00:07:20.183 24677 24677 D SurfaceView@baa0d53: updateSurface: has no frame
10-17 00:07:20.200 24677 24677 D SurfaceView@baa0d53: updateSurface: has no frame
10-17 00:07:20.217 24677 24677 D SurfaceView@baa0d53: updateSurface: has no frame
10-17 00:07:20.234 24677 24677 D SurfaceView@baa0d53: updateSurface: has no frame
10-17 00:07:20.250 24677 24677 D SurfaceView@baa0d53: updateSurface: has no frame
10-17 00:07:20.266 24677 24677 D SurfaceView@baa0d53: updateSurface: has no frame
10-17 00:07:20.283 24677 24677 D SurfaceView@baa0d53: updateSurface: has no frame
10-17 00:07:20.300 24677 24677 D SurfaceView@baa0d53: updateSurface: has no frame
10-17 00:07:20.316 24677 24677 D SurfaceView@baa0d53: updateSurface: has no frame
10-17 00:07:20.333 24677 24677 D SurfaceView@baa0d53: updateSurface: has no frame
10-17 00:07:20.339 24677 24735 D Asia2Tv : Found 16 initial episodes.
10-17 00:07:20.344 24677 24735 D Asia2Tv : Found Serie ID: 49962, CSRF Token: true
10-17 00:07:20.344 24677 24735 D Asia2Tv : Fetching page 2...
10-17 00:07:20.349 24677 24677 D SurfaceView@baa0d53: updateSurface: has no frame
10-17 00:07:20.366 24677 24677 D SurfaceView@baa0d53: updateSurface: has no frame
10-17 00:07:20.383 24677 24677 D SurfaceView@baa0d53: updateSurface: has no frame
10-17 00:07:20.399 24677 24677 D SurfaceView@baa0d53: updateSurface: has no frame
10-17 00:07:20.416 24677 24677 D SurfaceView@baa0d53: updateSurface: has no frame
10-17 00:07:20.433 24677 24677 D SurfaceView@baa0d53: updateSurface: has no frame
10-17 00:07:20.449 24677 24677 D SurfaceView@baa0d53: updateSurface: has no frame
10-17 00:07:20.466 24677 24677 D SurfaceView@baa0d53: updateSurface: has no frame
10-17 00:07:20.483 24677 24677 D SurfaceView@baa0d53: updateSurface: has no frame
10-17 00:07:20.499 24677 24677 D SurfaceView@baa0d53: updateSurface: has no frame
10-17 00:07:20.516 24677 24677 D SurfaceView@baa0d53: updateSurface: has no frame
10-17 00:07:20.533 24677 24677 D SurfaceView@baa0d53: updateSurface: has no frame
10-17 00:07:20.549 24677 24677 D SurfaceView@baa0d53: updateSurface: has no frame
10-17 00:07:20.566 24677 24677 D SurfaceView@baa0d53: updateSurface: has no frame
10-17 00:07:20.582 24677 24677 D SurfaceView@baa0d53: updateSurface: has no frame
10-17 00:07:20.599 24677 24677 D SurfaceView@baa0d53: updateSurface: has no frame
10-17 00:07:20.616 24677 24677 D SurfaceView@baa0d53: updateSurface: has no frame
10-17 00:07:20.633 24677 24677 D SurfaceView@baa0d53: updateSurface: has no frame
10-17 00:07:20.649 24677 24677 D SurfaceView@baa0d53: updateSurface: has no frame
10-17 00:07:20.666 24677 24677 D SurfaceView@baa0d53: updateSurface: has no frame
10-17 00:07:20.683 24677 24677 D SurfaceView@baa0d53: updateSurface: has no frame
10-17 00:07:20.699 24677 24677 D SurfaceView@baa0d53: updateSurface: has no frame
10-17 00:07:20.716 24677 24677 D SurfaceView@baa0d53: updateSurface: has no frame
10-17 00:07:20.732 24677 24677 D SurfaceView@baa0d53: updateSurface: has no frame
10-17 00:07:20.749 24677 24677 D SurfaceView@baa0d53: updateSurface: has no frame
10-17 00:07:20.766 24677 24677 D SurfaceView@baa0d53: updateSurface: has no frame
10-17 00:07:20.783 24677 24677 D SurfaceView@baa0d53: updateSurface: has no frame
10-17 00:07:20.799 24677 24677 D SurfaceView@baa0d53: updateSurface: has no frame
10-17 00:07:20.816 24677 24677 D SurfaceView@baa0d53: updateSurface: has no frame
10-17 00:07:20.832 24677 24677 D SurfaceView@baa0d53: updateSurface: has no frame
10-17 00:07:20.847 24677 24735 D Asia2Tv : Raw response for page 2: {
10-17 00:07:20.847 24677 24735 D Asia2Tv :     "message": "CSRF token mismatch."
10-17 00:07:20.847 24677 24735 D Asia2Tv : }
10-17 00:07:20.849 24677 24735 D Asia2Tv : Response status was false or response was null/invalid. Stopping loop.
10-17 00:07:20.849 24677 24735 D Asia2Tv : Load function finished. Total episodes found: 16
10-17 00:07:20.849 24677 24677 D SurfaceView@baa0d53: updateSurface: has no frame
10-17 00:07:20.850 24677 24735 I RVM2    : applyMeta
10-17 00:07:20.866 24677 24677 D SurfaceView@baa0d53: updateSurface: has no frame
10-17 00:07:20.882 24677 24677 D SurfaceView@baa0d53: updateSurface: has no frame
10-17 00:07:20.899 24677 24677 D SurfaceView@baa0d53: updateSurface: has no frame
10-17 00:07:20.916 24677 24677 D SurfaceView@baa0d53: updateSurface: has no frame
10-17 00:07:20.932 24677 24677 D SurfaceView@baa0d53: updateSurface: has no frame
10-17 00:07:20.949 24677 24677 D SurfaceView@baa0d53: updateSurface: has no frame
10-17 00:07:20.965 24677 24677 D SurfaceView@baa0d53: updateSurface: has no frame
10-17 00:07:20.982 24677 24677 D SurfaceView@baa0d53: updateSurface: has no frame
10-17 00:07:20.999 24677 24677 D SurfaceView@baa0d53: updateSurface: has no frame
10-17 00:07:21.015 24677 24677 D SurfaceView@baa0d53: updateSurface: has no frame
10-17 00:07:21.032 24677 24677 D SurfaceView@baa0d53: updateSurface: has no frame
10-17 00:07:21.048 24677 24677 D SurfaceView@baa0d53: updateSurface: has no frame
10-17 00:07:21.065 24677 24677 D SurfaceView@baa0d53: updateSurface: has no frame
10-17 00:07:21.082 24677 24677 D SurfaceView@baa0d53: updateSurface: has no frame
10-17 00:07:21.099 24677 24677 D SurfaceView@baa0d53: updateSurface: has no frame
10-17 00:07:21.115 24677 24677 W PanelsChildGestureRegionObserver: failed to register view with ID 2131362800. already registered
10-17 00:07:21.120 24677 24677 E CoilImgLoader: Error loading image: coil3.request.NullRequestDataException: The request's data is null.
10-17 00:07:21.125 24677 24677 E CoilImgLoader: Error loading image: coil3.request.NullRequestDataException: The request's data is null.
10-17 00:07:21.178 24677 24744 I SYNCVM  : addFromUrl = https://asia2tv.com/serie/loves-ambition-%d8%b7%d9%85%d9%88%d8%ad-%d8%a7%d9%84%d8%ad%d8%a8
10-17 00:07:21.178 24677 24744 I SYNCUTIL: getIdsFromUrl https://asia2tv.com/serie/loves-ambition-%d8%b7%d9%85%d9%88%d8%ad-%d8%a7%d9%84%d8%ad%d8%a8
10-17 00:07:21.350 24677 24677 D SurfaceView@baa0d53: updateSurface: has no frame
10-17 00:07:21.354 24677 24677 I SurfaceView@baa0d53: Changes: creating=true format=true size=true visible=true alpha=false hint=false mUseAlpha=false visible=true left=true top=true
10-17 00:07:21.358 24677 24677 I BLASTBufferQueue: update, w= 1080 h= 525 mName = null mNativeObject= 0x7ca9456a00 sc.mNativeObject= 0x7adb923300 format= 4 caller= android.view.SurfaceView.createBlastSurfaceControls:1383 android.view.SurfaceView.updateSurface:1079 android.view.SurfaceView.lambda$new$0$android-view-SurfaceView:200 android.view.SurfaceView$$ExternalSyntheticLambda5.onPreDraw:2 android.view.ViewTreeObserver.dispatchOnPreDraw:1121 android.view.ViewRootImpl.performTraversals:4442 
10-17 00:07:21.358 24677 24677 I SurfaceView@baa0d53: 195693907 Cur surface: Surface(name=null)/@0x8cc66c
10-17 00:07:21.358 24677 24677 I SurfaceView@baa0d53: pST: sr = Rect(0, 218 - 1080, 743) sw = 1080 sh = 525
10-17 00:07:21.358 24677 24677 D SurfaceView@baa0d53: performSurfaceTransaction RenderWorker position = [0, 218, 1080, 743] surfaceSize = 1080x525
10-17 00:07:21.358 24677 24677 I SurfaceView@baa0d53: applyTransactionOnVriDraw: vri = ViewRootImpl@fd98f5c[MainActivity] fRS = false t = 0x7adb911700 android.view.SurfaceView.performSurfaceTransaction:959 android.view.SurfaceView.updateSurface:1105 android.view.SurfaceView.lambda$new$0$android-view-SurfaceView:200 
10-17 00:07:21.358 24677 24677 I ViewRootImpl@fd98f5c[MainActivity]: applyTransactionOnDraw: mRemoved = false isHardwareEnabled = true t = 0x7adb911700android.view.SurfaceView.applyTransactionOnVriDraw:2048 android.view.SurfaceView.performSurfaceTransaction:959 android.view.SurfaceView.updateSurface:1105 android.view.SurfaceView.lambda$new$0$android-view-SurfaceView:200 android.view.SurfaceView$$ExternalSyntheticLambda5.onPreDraw:2 
10-17 00:07:21.359 24677 24677 I SurfaceView@baa0d53: updateSurface: mVisible = true mSurface.isValid() = true
10-17 00:07:21.359 24677 24677 I SurfaceView@baa0d53: updateSurface: mSurfaceCreated = false surfaceChanged = true visibleChanged = true
10-17 00:07:21.359 24677 24677 I SurfaceView@baa0d53: visibleChanged -- surfaceCreated
10-17 00:07:21.359 24677 24677 I SurfaceView@baa0d53: surfaceCreated 0 #8 android.view.SurfaceView{baa0d53 V.E..V... ......ID 0,0-1080,525}
10-17 00:07:21.359 24677 24677 I SurfaceView@baa0d53: surfaceChanged -- format=4 w=1080 h=525
10-17 00:07:21.359 24677 24677 I SurfaceView@baa0d53: surfaceChanged (1080,525) 0 #8 android.view.SurfaceView{baa0d53 V.E..V... ......ID 0,0-1080,525}
10-17 00:07:21.359 24677 24677 I SurfaceView@baa0d53: surfaceRedrawNeeded
10-17 00:07:21.359 24677 24677 V SurfaceView@baa0d53: Layout: x=0 y=218 w=1080 h=525, frame=Rect(0, 0 - 1080, 525)
10-17 00:07:21.373 24677 24768 D SurfaceView@baa0d53: updateSurfacePosition RenderWorker, frameNr = 634, position = [0, 218, 1080, 743] surfaceSize = 1080x525
10-17 00:07:21.373 24677 24768 I SurfaceView@baa0d53: uSP: rtp = Rect(0, 218 - 1080, 743) rtsw = 1080 rtsh = 525
10-17 00:07:21.373 24677 24768 I SurfaceView@baa0d53: onSSPAndSRT: pl = 0 pt = 218 sx = 1.0 sy = 1.0
10-17 00:07:21.374 24677 24768 I SurfaceView@baa0d53: aOrMT: ViewRootImpl@fd98f5c[MainActivity] t = android.view.SurfaceControl$Transaction@4f03eb1 fN = 634 android.view.SurfaceView.-$$Nest$mapplyOrMergeTransaction:0 android.view.SurfaceView$SurfaceViewPositionUpdateListener.positionChanged:1537 android.graphics.RenderNode$CompositePositionUpdateListener.positionChanged:373 
10-17 00:07:21.374 24677 24768 I ViewRootImpl@fd98f5c[MainActivity]: mWNT: t=0x7adb911800 mBlastBufferQueue=0x7b59a2f400 fn= 634 caller= android.view.SurfaceView.applyOrMergeTransaction:1455 android.view.SurfaceView.-$$Nest$mapplyOrMergeTransaction:0 android.view.SurfaceView$SurfaceViewPositionUpdateListener.positionChanged:1537 
10-17 00:07:21.375 24677 24767 I ViewRootImpl@fd98f5c[MainActivity]: mWNT: t=0x7adb911700 mBlastBufferQueue=0x7b59a2f400 fn= 634 caller= android.view.ViewRootImpl.lambda$applyTransactionOnDraw$11$android-view-ViewRootImpl:12865 android.view.ViewRootImpl$$ExternalSyntheticLambda1.onFrameDraw:4 android.graphics.HardwareRenderer$FrameDrawingCallback.onFrameDraw:924 
10-17 00:07:21.444 24677 24677 I SurfaceView@baa0d53: finishedDrawing
10-17 00:07:23.033 24677 24677 I ViewRootImpl@fd98f5c[MainActivity]: ViewPostIme pointer 0
10-17 00:07:23.090 24677 24677 I SurfaceView@baa0d53: Changes: creating=false format=false size=false visible=false alpha=false hint=false mUseAlpha=false visible=false left=false top=true
10-17 00:07:23.090 24677 24677 I SurfaceView@baa0d53: 195693907 Cur surface: Surface(name=null)/@0x8cc66c
10-17 00:07:23.091 24677 24677 I SurfaceView@baa0d53: applyTransactionOnVriDraw: vri = ViewRootImpl@fd98f5c[MainActivity] fRS = false t = 0x7adb911f00 android.view.SurfaceView.performSurfaceTransaction:959 android.view.SurfaceView.updateSurface:1105 android.view.SurfaceView.lambda$new$0$android-view-SurfaceView:200 
10-17 00:07:23.091 24677 24677 I ViewRootImpl@fd98f5c[MainActivity]: applyTransactionOnDraw: mRemoved = false isHardwareEnabled = true t = 0x7adb911f00android.view.SurfaceView.applyTransactionOnVriDraw:2048 android.view.SurfaceView.performSurfaceTransaction:959 android.view.SurfaceView.updateSurface:1105 android.view.SurfaceView.lambda$new$0$android-view-SurfaceView:200 android.view.SurfaceView$$ExternalSyntheticLambda5.onPreDraw:2 
10-17 00:07:23.091 24677 24677 I SurfaceView@baa0d53: updateSurface: mVisible = true mSurface.isValid() = true
10-17 00:07:23.092 24677 24677 I SurfaceView@baa0d53: updateSurface: mSurfaceCreated = true surfaceChanged = false visibleChanged = false
10-17 00:07:23.092 24677 24677 V SurfaceView@baa0d53: Layout: x=0 y=123 w=1080 h=525, frame=Rect(0, 0 - 1080, 525)
10-17 00:07:23.096 24677 24768 D SurfaceView@baa0d53: updateSurfacePosition RenderWorker, frameNr = 668, position = [0, 123, 1080, 648] surfaceSize = 1080x525
10-17 00:07:23.096 24677 24768 I SurfaceView@baa0d53: uSP: rtp = Rect(0, 123 - 1080, 648) rtsw = 1080 rtsh = 525
10-17 00:07:23.096 24677 24768 I SurfaceView@baa0d53: onSSPAndSRT: pl = 0 pt = 123 sx = 1.0 sy = 1.0
10-17 00:07:23.096 24677 24768 I SurfaceView@baa0d53: aOrMT: ViewRootImpl@fd98f5c[MainActivity] t = android.view.SurfaceControl$Transaction@4f03eb1 fN = 668 android.view.SurfaceView.-$$Nest$mapplyOrMergeTransaction:0 android.view.SurfaceView$SurfaceViewPositionUpdateListener.positionChanged:1537 android.graphics.RenderNode$CompositePositionUpdateListener.positionChanged:373 
10-17 00:07:23.097 24677 24768 I ViewRootImpl@fd98f5c[MainActivity]: mWNT: t=0x7adb911800 mBlastBufferQueue=0x7b59a2f400 fn= 668 caller= android.view.SurfaceView.applyOrMergeTransaction:1455 android.view.SurfaceView.-$$Nest$mapplyOrMergeTransaction:0 android.view.SurfaceView$SurfaceViewPositionUpdateListener.positionChanged:1537 
10-17 00:07:23.097 24677 24768 I ViewRootImpl@fd98f5c[MainActivity]: mWNT: t=0x7adb911f00 mBlastBufferQueue=0x7b59a2f400 fn= 668 caller= android.view.ViewRootImpl.lambda$applyTransactionOnDraw$11$android-view-ViewRootImpl:12865 android.view.ViewRootImpl$$ExternalSyntheticLambda1.onFrameDraw:4 android.graphics.HardwareRenderer$FrameDrawingCallback.onFrameDraw:924 
10-17 00:07:23.106 24677 24677 I SurfaceView@baa0d53: Changes: creating=false format=false size=false visible=false alpha=false hint=false mUseAlpha=false visible=false left=false top=true
10-17 00:07:23.107 24677 24677 I SurfaceView@baa0d53: 195693907 Cur surface: Surface(name=null)/@0x8cc66c
10-17 00:07:23.107 24677 24677 I SurfaceView@baa0d53: applyTransactionOnVriDraw: vri = ViewRootImpl@fd98f5c[MainActivity] fRS = false t = 0x7adbbbb000 android.view.SurfaceView.performSurfaceTransaction:959 android.view.SurfaceView.updateSurface:1105 android.view.SurfaceView.lambda$new$0$android-view-SurfaceView:200 
10-17 00:07:23.108 24677 24677 I ViewRootImpl@fd98f5c[MainActivity]: applyTransactionOnDraw: mRemoved = false isHardwareEnabled = true t = 0x7adbbbb000android.view.SurfaceView.applyTransactionOnVriDraw:2048 android.view.SurfaceView.performSurfaceTransaction:959 android.view.SurfaceView.updateSurface:1105 android.view.SurfaceView.lambda$new$0$android-view-SurfaceView:200 android.view.SurfaceView$$ExternalSyntheticLambda5.onPreDraw:2 
10-17 00:07:23.108 24677 24677 I SurfaceView@baa0d53: updateSurface: mVisible = true mSurface.isValid() = true
10-17 00:07:23.108 24677 24677 I SurfaceView@baa0d53: updateSurface: mSurfaceCreated = true surfaceChanged = false visibleChanged = false
10-17 00:07:23.109 24677 24677 V SurfaceView@baa0d53: Layout: x=0 y=11 w=1080 h=525, frame=Rect(0, 0 - 1080, 525)
10-17 00:07:23.118 24677 24767 D SurfaceView@baa0d53: updateSurfacePosition RenderWorker, frameNr = 669, position = [0, 11, 1080, 536] surfaceSize = 1080x525
10-17 00:07:23.118 24677 24767 I SurfaceView@baa0d53: uSP: rtp = Rect(0, 11 - 1080, 536) rtsw = 1080 rtsh = 525
10-17 00:07:23.119 24677 24767 I SurfaceView@baa0d53: onSSPAndSRT: pl = 0 pt = 11 sx = 1.0 sy = 1.0
10-17 00:07:23.119 24677 24767 I SurfaceView@baa0d53: aOrMT: ViewRootImpl@fd98f5c[MainActivity] t = android.view.SurfaceControl$Transaction@4f03eb1 fN = 669 android.view.SurfaceView.-$$Nest$mapplyOrMergeTransaction:0 android.view.SurfaceView$SurfaceViewPositionUpdateListener.positionChanged:1537 android.graphics.RenderNode$CompositePositionUpdateListener.positionChanged:373 
10-17 00:07:23.119 24677 24767 I ViewRootImpl@fd98f5c[MainActivity]: mWNT: t=0x7adb911800 mBlastBufferQueue=0x7b59a2f400 fn= 669 caller= android.view.SurfaceView.applyOrMergeTransaction:1455 android.view.SurfaceView.-$$Nest$mapplyOrMergeTransaction:0 android.view.SurfaceView$SurfaceViewPositionUpdateListener.positionChanged:1537 
10-17 00:07:23.120 24677 24767 I ViewRootImpl@fd98f5c[MainActivity]: mWNT: t=0x7adbbbb000 mBlastBufferQueue=0x7b59a2f400 fn= 669 caller= android.view.ViewRootImpl.lambda$applyTransactionOnDraw$11$android-view-ViewRootImpl:12865 android.view.ViewRootImpl$$ExternalSyntheticLambda1.onFrameDraw:4 android.graphics.HardwareRenderer$FrameDrawingCallback.onFrameDraw:924 
10-17 00:07:23.122 24677 24677 I ViewRootImpl@fd98f5c[MainActivity]: ViewPostIme pointer 1
10-17 00:07:23.131 24677 24677 I SurfaceView@baa0d53: Changes: creating=false format=false size=false visible=false alpha=false hint=false mUseAlpha=false visible=false left=false top=true
10-17 00:07:23.132 24677 24677 I SurfaceView@baa0d53: 195693907 Cur surface: Surface(name=null)/@0x8cc66c
10-17 00:07:23.133 24677 24677 I SurfaceView@baa0d53: applyTransactionOnVriDraw: vri = ViewRootImpl@fd98f5c[MainActivity] fRS = false t = 0x7adbbbb500 android.view.SurfaceView.performSurfaceTransaction:959 android.view.SurfaceView.updateSurface:1105 android.view.SurfaceView.lambda$new$0$android-view-SurfaceView:200 
10-17 00:07:23.133 24677 24677 I ViewRootImpl@fd98f5c[MainActivity]: applyTransactionOnDraw: mRemoved = false isHardwareEnabled = true t = 0x7adbbbb500android.view.SurfaceView.applyTransactionOnVriDraw:2048 android.view.SurfaceView.performSurfaceTransaction:959 android.view.SurfaceView.updateSurface:1105 android.view.SurfaceView.lambda$new$0$android-view-SurfaceView:200 android.view.SurfaceView$$ExternalSyntheticLambda5.onPreDraw:2 
10-17 00:07:23.134 24677 24677 I SurfaceView@baa0d53: updateSurface: mVisible = true mSurface.isValid() = true
10-17 00:07:23.134 24677 24677 I SurfaceView@baa0d53: updateSurface: mSurfaceCreated = true surfaceChanged = false visibleChanged = false
10-17 00:07:23.134 24677 24677 V SurfaceView@baa0d53: Layout: x=0 y=-24 w=1080 h=525, frame=Rect(0, 0 - 1080, 525)
10-17 00:07:23.142 24677 24768 D SurfaceView@baa0d53: updateSurfacePosition RenderWorker, frameNr = 670, position = [0, -24, 1080, 501] surfaceSize = 1080x525
10-17 00:07:23.142 24677 24768 I SurfaceView@baa0d53: uSP: rtp = Rect(0, -24 - 1080, 501) rtsw = 1080 rtsh = 525
10-17 00:07:23.142 24677 24768 I SurfaceView@baa0d53: onSSPAndSRT: pl = 0 pt = -24 sx = 1.0 sy = 1.0
10-17 00:07:23.142 24677 24768 I SurfaceView@baa0d53: aOrMT: ViewRootImpl@fd98f5c[MainActivity] t = android.view.SurfaceControl$Transaction@4f03eb1 fN = 670 android.view.SurfaceView.-$$Nest$mapplyOrMergeTransaction:0 android.view.SurfaceView$SurfaceViewPositionUpdateListener.positionChanged:1537 android.graphics.RenderNode$CompositePositionUpdateListener.positionChanged:373 
10-17 00:07:23.142 24677 24768 I ViewRootImpl@fd98f5c[MainActivity]: mWNT: t=0x7adb911800 mBlastBufferQueue=0x7b59a2f400 fn= 670 caller= android.view.SurfaceView.applyOrMergeTransaction:1455 android.view.SurfaceView.-$$Nest$mapplyOrMergeTransaction:0 android.view.SurfaceView$SurfaceViewPositionUpdateListener.positionChanged:1537 
10-17 00:07:23.143 24677 24768 I ViewRootImpl@fd98f5c[MainActivity]: mWNT: t=0x7adbbbb500 mBlastBufferQueue=0x7b59a2f400 fn= 670 caller= android.view.ViewRootImpl.lambda$applyTransactionOnDraw$11$android-view-ViewRootImpl:12865 android.view.ViewRootImpl$$ExternalSyntheticLambda1.onFrameDraw:4 android.graphics.HardwareRenderer$FrameDrawingCallback.onFrameDraw:924 
10-17 00:07:23.148 24677 24677 I SurfaceView@baa0d53: Changes: creating=false format=false size=false visible=false alpha=false hint=false mUseAlpha=false visible=false left=false top=true
10-17 00:07:23.148 24677 24677 I SurfaceView@baa0d53: 195693907 Cur surface: Surface(name=null)/@0x8cc66c
10-17 00:07:23.149 24677 24677 I SurfaceView@baa0d53: applyTransactionOnVriDraw: vri = ViewRootImpl@fd98f5c[MainActivity] fRS = false t = 0x7adbbbb600 android.view.SurfaceView.performSurfaceTransaction:959 android.view.SurfaceView.updateSurface:1105 android.view.SurfaceView.lambda$new$0$android-view-SurfaceView:200 
10-17 00:07:23.149 24677 24677 I ViewRootImpl@fd98f5c[MainActivity]: applyTransactionOnDraw: mRemoved = false isHardwareEnabled = true t = 0x7adbbbb600android.view.SurfaceView.applyTransactionOnVriDraw:2048 android.view.SurfaceView.performSurfaceTransaction:959 android.view.SurfaceView.updateSurface:1105 android.view.SurfaceView.lambda$new$0$android-view-SurfaceView:200 android.view.SurfaceView$$ExternalSyntheticLambda5.onPreDraw:2 
10-17 00:07:23.149 24677 24677 I SurfaceView@baa0d53: updateSurface: mVisible = true mSurface.isValid() = true
10-17 00:07:23.149 24677 24677 I SurfaceView@baa0d53: updateSurface: mSurfaceCreated = true surfaceChanged = false visibleChanged = false
10-17 00:07:23.149 24677 24677 V SurfaceView@baa0d53: Layout: x=0 y=-48 w=1080 h=525, frame=Rect(0, 0 - 1080, 525)
