10-17 00:27:38.581 28526 28606 I SurfaceView@371b404: aOrMT: ViewRootImpl@6dcaa2e[MainActivity] t = android.view.SurfaceControl$Transaction@e9e2767 fN = 819 android.view.SurfaceView.-$$Nest$mapplyOrMergeTransaction:0 android.view.SurfaceView$SurfaceViewPositionUpdateListener.positionChanged:1537 android.graphics.RenderNode$CompositePositionUpdateListener.positionChanged:373 
10-17 00:27:38.581 28526 28606 I ViewRootImpl@6dcaa2e[MainActivity]: mWNT: t=0x7b2ea39700 mBlastBufferQueue=0x7b45f92500 fn= 819 caller= android.view.SurfaceView.applyOrMergeTransaction:1455 android.view.SurfaceView.-$$Nest$mapplyOrMergeTransaction:0 android.view.SurfaceView$SurfaceViewPositionUpdateListener.positionChanged:1537 
10-17 00:27:38.594 28526 28607 D SurfaceView@371b404: updateSurfacePosition RenderWorker, frameNr = 820, position = [0, -1951, 1080, -1408] surfaceSize = 1080x525
10-17 00:27:38.594 28526 28607 I SurfaceView@371b404: uSP: rtp = Rect(0, -1951 - 1080, -1408) rtsw = 1080 rtsh = 525
10-17 00:27:38.594 28526 28607 I SurfaceView@371b404: onSSPAndSRT: pl = 0 pt = -1951 sx = 1.0 sy = 1.0342857
10-17 00:27:38.594 28526 28607 I SurfaceView@371b404: aOrMT: ViewRootImpl@6dcaa2e[MainActivity] t = android.view.SurfaceControl$Transaction@e9e2767 fN = 820 android.view.SurfaceView.-$$Nest$mapplyOrMergeTransaction:0 android.view.SurfaceView$SurfaceViewPositionUpdateListener.positionChanged:1537 android.graphics.RenderNode$CompositePositionUpdateListener.positionChanged:373 
10-17 00:27:38.594 28526 28607 I ViewRootImpl@6dcaa2e[MainActivity]: mWNT: t=0x7b2ea39700 mBlastBufferQueue=0x7b45f92500 fn= 820 caller= android.view.SurfaceView.applyOrMergeTransaction:1455 android.view.SurfaceView.-$$Nest$mapplyOrMergeTransaction:0 android.view.SurfaceView$SurfaceViewPositionUpdateListener.positionChanged:1537 
10-17 00:27:38.610 28526 28606 D SurfaceView@371b404: updateSurfacePosition RenderWorker, frameNr = 821, position = [0, -1946, 1080, -1405] surfaceSize = 1080x525
10-17 00:27:38.610 28526 28606 I SurfaceView@371b404: uSP: rtp = Rect(0, -1946 - 1080, -1405) rtsw = 1080 rtsh = 525
10-17 00:27:38.610 28526 28606 I SurfaceView@371b404: onSSPAndSRT: pl = 0 pt = -1946 sx = 1.0 sy = 1.0304762
10-17 00:27:38.610 28526 28606 I SurfaceView@371b404: aOrMT: ViewRootImpl@6dcaa2e[MainActivity] t = android.view.SurfaceControl$Transaction@e9e2767 fN = 821 android.view.SurfaceView.-$$Nest$mapplyOrMergeTransaction:0 android.view.SurfaceView$SurfaceViewPositionUpdateListener.positionChanged:1537 android.graphics.RenderNode$CompositePositionUpdateListener.positionChanged:373 
10-17 00:27:38.611 28526 28606 I ViewRootImpl@6dcaa2e[MainActivity]: mWNT: t=0x7b2ea39700 mBlastBufferQueue=0x7b45f92500 fn= 821 caller= android.view.SurfaceView.applyOrMergeTransaction:1455 android.view.SurfaceView.-$$Nest$mapplyOrMergeTransaction:0 android.view.SurfaceView$SurfaceViewPositionUpdateListener.positionChanged:1537 
10-17 00:27:38.628 28526 28607 D SurfaceView@371b404: updateSurfacePosition RenderWorker, frameNr = 822, position = [0, -1940, 1080, -1403] surfaceSize = 1080x525
10-17 00:27:38.628 28526 28607 I SurfaceView@371b404: uSP: rtp = Rect(0, -1940 - 1080, -1403) rtsw = 1080 rtsh = 525
10-17 00:27:38.628 28526 28607 I SurfaceView@371b404: onSSPAndSRT: pl = 0 pt = -1940 sx = 1.0 sy = 1.0228572
10-17 00:27:38.629 28526 28607 I SurfaceView@371b404: aOrMT: ViewRootImpl@6dcaa2e[MainActivity] t = android.view.SurfaceControl$Transaction@e9e2767 fN = 822 android.view.SurfaceView.-$$Nest$mapplyOrMergeTransaction:0 android.view.SurfaceView$SurfaceViewPositionUpdateListener.positionChanged:1537 android.graphics.RenderNode$CompositePositionUpdateListener.positionChanged:373 
10-17 00:27:38.629 28526 28607 I ViewRootImpl@6dcaa2e[MainActivity]: mWNT: t=0x7b2ea39700 mBlastBufferQueue=0x7b45f92500 fn= 822 caller= android.view.SurfaceView.applyOrMergeTransaction:1455 android.view.SurfaceView.-$$Nest$mapplyOrMergeTransaction:0 android.view.SurfaceView$SurfaceViewPositionUpdateListener.positionChanged:1537 
10-17 00:27:38.645 28526 28606 D SurfaceView@371b404: updateSurfacePosition RenderWorker, frameNr = 823, position = [0, -1935, 1080, -1400] surfaceSize = 1080x525
10-17 00:27:38.645 28526 28606 I SurfaceView@371b404: uSP: rtp = Rect(0, -1935 - 1080, -1400) rtsw = 1080 rtsh = 525
10-17 00:27:38.645 28526 28606 I SurfaceView@371b404: onSSPAndSRT: pl = 0 pt = -1935 sx = 1.0 sy = 1.0190476
10-17 00:27:38.645 28526 28606 I SurfaceView@371b404: aOrMT: ViewRootImpl@6dcaa2e[MainActivity] t = android.view.SurfaceControl$Transaction@e9e2767 fN = 823 android.view.SurfaceView.-$$Nest$mapplyOrMergeTransaction:0 android.view.SurfaceView$SurfaceViewPositionUpdateListener.positionChanged:1537 android.graphics.RenderNode$CompositePositionUpdateListener.positionChanged:373 
10-17 00:27:38.646 28526 28606 I ViewRootImpl@6dcaa2e[MainActivity]: mWNT: t=0x7b2ea39700 mBlastBufferQueue=0x7b45f92500 fn= 823 caller= android.view.SurfaceView.applyOrMergeTransaction:1455 android.view.SurfaceView.-$$Nest$mapplyOrMergeTransaction:0 android.view.SurfaceView$SurfaceViewPositionUpdateListener.positionChanged:1537 
10-17 00:27:38.661 28526 28607 D SurfaceView@371b404: updateSurfacePosition RenderWorker, frameNr = 824, position = [0, -1931, 1080, -1399] surfaceSize = 1080x525
10-17 00:27:38.661 28526 28607 I SurfaceView@371b404: uSP: rtp = Rect(0, -1931 - 1080, -1399) rtsw = 1080 rtsh = 525
10-17 00:27:38.661 28526 28607 I SurfaceView@371b404: onSSPAndSRT: pl = 0 pt = -1931 sx = 1.0 sy = 1.0133333
10-17 00:27:38.662 28526 28607 I SurfaceView@371b404: aOrMT: ViewRootImpl@6dcaa2e[MainActivity] t = android.view.SurfaceControl$Transaction@e9e2767 fN = 824 android.view.SurfaceView.-$$Nest$mapplyOrMergeTransaction:0 android.view.SurfaceView$SurfaceViewPositionUpdateListener.positionChanged:1537 android.graphics.RenderNode$CompositePositionUpdateListener.positionChanged:373 
10-17 00:27:38.662 28526 28607 I ViewRootImpl@6dcaa2e[MainActivity]: mWNT: t=0x7b2ea39700 mBlastBufferQueue=0x7b45f92500 fn= 824 caller= android.view.SurfaceView.applyOrMergeTransaction:1455 android.view.SurfaceView.-$$Nest$mapplyOrMergeTransaction:0 android.view.SurfaceView$SurfaceViewPositionUpdateListener.positionChanged:1537 
10-17 00:27:38.678 28526 28606 D SurfaceView@371b404: updateSurfacePosition RenderWorker, frameNr = 825, position = [0, -1928, 1080, -1397] surfaceSize = 1080x525
10-17 00:27:38.678 28526 28606 I SurfaceView@371b404: uSP: rtp = Rect(0, -1928 - 1080, -1397) rtsw = 1080 rtsh = 525
10-17 00:27:38.678 28526 28606 I SurfaceView@371b404: onSSPAndSRT: pl = 0 pt = -1928 sx = 1.0 sy = 1.0114286
10-17 00:27:38.678 28526 28606 I SurfaceView@371b404: aOrMT: ViewRootImpl@6dcaa2e[MainActivity] t = android.view.SurfaceControl$Transaction@e9e2767 fN = 825 android.view.SurfaceView.-$$Nest$mapplyOrMergeTransaction:0 android.view.SurfaceView$SurfaceViewPositionUpdateListener.positionChanged:1537 android.graphics.RenderNode$CompositePositionUpdateListener.positionChanged:373 
10-17 00:27:38.679 28526 28606 I ViewRootImpl@6dcaa2e[MainActivity]: mWNT: t=0x7b2ea39700 mBlastBufferQueue=0x7b45f92500 fn= 825 caller= android.view.SurfaceView.applyOrMergeTransaction:1455 android.view.SurfaceView.-$$Nest$mapplyOrMergeTransaction:0 android.view.SurfaceView$SurfaceViewPositionUpdateListener.positionChanged:1537 
10-17 00:27:38.695 28526 28607 D SurfaceView@371b404: updateSurfacePosition RenderWorker, frameNr = 826, position = [0, -1925, 1080, -1396] surfaceSize = 1080x525
10-17 00:27:38.695 28526 28607 I SurfaceView@371b404: uSP: rtp = Rect(0, -1925 - 1080, -1396) rtsw = 1080 rtsh = 525
10-17 00:27:38.695 28526 28607 I SurfaceView@371b404: onSSPAndSRT: pl = 0 pt = -1925 sx = 1.0 sy = 1.007619
10-17 00:27:38.696 28526 28607 I SurfaceView@371b404: aOrMT: ViewRootImpl@6dcaa2e[MainActivity] t = android.view.SurfaceControl$Transaction@e9e2767 fN = 826 android.view.SurfaceView.-$$Nest$mapplyOrMergeTransaction:0 android.view.SurfaceView$SurfaceViewPositionUpdateListener.positionChanged:1537 android.graphics.RenderNode$CompositePositionUpdateListener.positionChanged:373 
10-17 00:27:38.696 28526 28607 I ViewRootImpl@6dcaa2e[MainActivity]: mWNT: t=0x7b2ea39700 mBlastBufferQueue=0x7b45f92500 fn= 826 caller= android.view.SurfaceView.applyOrMergeTransaction:1455 android.view.SurfaceView.-$$Nest$mapplyOrMergeTransaction:0 android.view.SurfaceView$SurfaceViewPositionUpdateListener.positionChanged:1537 
10-17 00:27:38.712 28526 28606 D SurfaceView@371b404: updateSurfacePosition RenderWorker, frameNr = 827, position = [0, -1923, 1080, -1395] surfaceSize = 1080x525
10-17 00:27:38.712 28526 28606 I SurfaceView@371b404: uSP: rtp = Rect(0, -1923 - 1080, -1395) rtsw = 1080 rtsh = 525
10-17 00:27:38.712 28526 28606 I SurfaceView@371b404: onSSPAndSRT: pl = 0 pt = -1923 sx = 1.0 sy = 1.0057143
10-17 00:27:38.712 28526 28606 I SurfaceView@371b404: aOrMT: ViewRootImpl@6dcaa2e[MainActivity] t = android.view.SurfaceControl$Transaction@e9e2767 fN = 827 android.view.SurfaceView.-$$Nest$mapplyOrMergeTransaction:0 android.view.SurfaceView$SurfaceViewPositionUpdateListener.positionChanged:1537 android.graphics.RenderNode$CompositePositionUpdateListener.positionChanged:373 
10-17 00:27:38.712 28526 28606 I ViewRootImpl@6dcaa2e[MainActivity]: mWNT: t=0x7b2ea39700 mBlastBufferQueue=0x7b45f92500 fn= 827 caller= android.view.SurfaceView.applyOrMergeTransaction:1455 android.view.SurfaceView.-$$Nest$mapplyOrMergeTransaction:0 android.view.SurfaceView$SurfaceViewPositionUpdateListener.positionChanged:1537 
10-17 00:27:38.728 28526 28607 D SurfaceView@371b404: updateSurfacePosition RenderWorker, frameNr = 828, position = [0, -1922, 1080, -1395] surfaceSize = 1080x525
10-17 00:27:38.728 28526 28607 I SurfaceView@371b404: uSP: rtp = Rect(0, -1922 - 1080, -1395) rtsw = 1080 rtsh = 525
10-17 00:27:38.728 28526 28607 I SurfaceView@371b404: onSSPAndSRT: pl = 0 pt = -1922 sx = 1.0 sy = 1.0038096
10-17 00:27:38.728 28526 28607 I SurfaceView@371b404: aOrMT: ViewRootImpl@6dcaa2e[MainActivity] t = android.view.SurfaceControl$Transaction@e9e2767 fN = 828 android.view.SurfaceView.-$$Nest$mapplyOrMergeTransaction:0 android.view.SurfaceView$SurfaceViewPositionUpdateListener.positionChanged:1537 android.graphics.RenderNode$CompositePositionUpdateListener.positionChanged:373 
10-17 00:27:38.729 28526 28607 I ViewRootImpl@6dcaa2e[MainActivity]: mWNT: t=0x7b2ea39700 mBlastBufferQueue=0x7b45f92500 fn= 828 caller= android.view.SurfaceView.applyOrMergeTransaction:1455 android.view.SurfaceView.-$$Nest$mapplyOrMergeTransaction:0 android.view.SurfaceView$SurfaceViewPositionUpdateListener.positionChanged:1537 
10-17 00:27:38.745 28526 28606 D SurfaceView@371b404: updateSurfacePosition RenderWorker, frameNr = 829, position = [0, -1921, 1080, -1394] surfaceSize = 1080x525
10-17 00:27:38.745 28526 28606 I SurfaceView@371b404: uSP: rtp = Rect(0, -1921 - 1080, -1394) rtsw = 1080 rtsh = 525
10-17 00:27:38.745 28526 28606 I SurfaceView@371b404: onSSPAndSRT: pl = 0 pt = -1921 sx = 1.0 sy = 1.0038096
10-17 00:27:38.745 28526 28606 I SurfaceView@371b404: aOrMT: ViewRootImpl@6dcaa2e[MainActivity] t = android.view.SurfaceControl$Transaction@e9e2767 fN = 829 android.view.SurfaceView.-$$Nest$mapplyOrMergeTransaction:0 android.view.SurfaceView$SurfaceViewPositionUpdateListener.positionChanged:1537 android.graphics.RenderNode$CompositePositionUpdateListener.positionChanged:373 
10-17 00:27:38.745 28526 28606 I ViewRootImpl@6dcaa2e[MainActivity]: mWNT: t=0x7b2ea39700 mBlastBufferQueue=0x7b45f92500 fn= 829 caller= android.view.SurfaceView.applyOrMergeTransaction:1455 android.view.SurfaceView.-$$Nest$mapplyOrMergeTransaction:0 android.view.SurfaceView$SurfaceViewPositionUpdateListener.positionChanged:1537 
10-17 00:27:38.762 28526 28607 D SurfaceView@371b404: updateSurfacePosition RenderWorker, frameNr = 830, position = [0, -1920, 1080, -1394] surfaceSize = 1080x525
10-17 00:27:38.762 28526 28607 I SurfaceView@371b404: uSP: rtp = Rect(0, -1920 - 1080, -1394) rtsw = 1080 rtsh = 525
10-17 00:27:38.762 28526 28607 I SurfaceView@371b404: onSSPAndSRT: pl = 0 pt = -1920 sx = 1.0 sy = 1.0019047
10-17 00:27:38.762 28526 28607 I SurfaceView@371b404: aOrMT: ViewRootImpl@6dcaa2e[MainActivity] t = android.view.SurfaceControl$Transaction@e9e2767 fN = 830 android.view.SurfaceView.-$$Nest$mapplyOrMergeTransaction:0 android.view.SurfaceView$SurfaceViewPositionUpdateListener.positionChanged:1537 android.graphics.RenderNode$CompositePositionUpdateListener.positionChanged:373 
10-17 00:27:38.762 28526 28607 I ViewRootImpl@6dcaa2e[MainActivity]: mWNT: t=0x7b2ea39700 mBlastBufferQueue=0x7b45f92500 fn= 830 caller= android.view.SurfaceView.applyOrMergeTransaction:1455 android.view.SurfaceView.-$$Nest$mapplyOrMergeTransaction:0 android.view.SurfaceView$SurfaceViewPositionUpdateListener.positionChanged:1537 
10-17 00:27:38.778 28526 28606 D SurfaceView@371b404: updateSurfacePosition RenderWorker, frameNr = 831, position = [0, -1919, 1080, -1393] surfaceSize = 1080x525
10-17 00:27:38.778 28526 28606 I SurfaceView@371b404: uSP: rtp = Rect(0, -1919 - 1080, -1393) rtsw = 1080 rtsh = 525
10-17 00:27:38.779 28526 28606 I SurfaceView@371b404: onSSPAndSRT: pl = 0 pt = -1919 sx = 1.0 sy = 1.0019047
10-17 00:27:38.779 28526 28606 I SurfaceView@371b404: aOrMT: ViewRootImpl@6dcaa2e[MainActivity] t = android.view.SurfaceControl$Transaction@e9e2767 fN = 831 android.view.SurfaceView.-$$Nest$mapplyOrMergeTransaction:0 android.view.SurfaceView$SurfaceViewPositionUpdateListener.positionChanged:1537 android.graphics.RenderNode$CompositePositionUpdateListener.positionChanged:373 
10-17 00:27:38.779 28526 28606 I ViewRootImpl@6dcaa2e[MainActivity]: mWNT: t=0x7b2ea39700 mBlastBufferQueue=0x7b45f92500 fn= 831 caller= android.view.SurfaceView.applyOrMergeTransaction:1455 android.view.SurfaceView.-$$Nest$mapplyOrMergeTransaction:0 android.view.SurfaceView$SurfaceViewPositionUpdateListener.positionChanged:1537 
10-17 00:27:38.795 28526 28607 D SurfaceView@371b404: updateSurfacePosition RenderWorker, frameNr = 832, position = [0, -1918, 1080, -1393] surfaceSize = 1080x525
10-17 00:27:38.795 28526 28607 I SurfaceView@371b404: uSP: rtp = Rect(0, -1918 - 1080, -1393) rtsw = 1080 rtsh = 525
10-17 00:27:38.795 28526 28607 I SurfaceView@371b404: onSSPAndSRT: pl = 0 pt = -1918 sx = 1.0 sy = 1.0
10-17 00:27:38.795 28526 28607 I SurfaceView@371b404: aOrMT: ViewRootImpl@6dcaa2e[MainActivity] t = android.view.SurfaceControl$Transaction@e9e2767 fN = 832 android.view.SurfaceView.-$$Nest$mapplyOrMergeTransaction:0 android.view.SurfaceView$SurfaceViewPositionUpdateListener.positionChanged:1537 android.graphics.RenderNode$CompositePositionUpdateListener.positionChanged:373 
10-17 00:27:38.796 28526 28607 I ViewRootImpl@6dcaa2e[MainActivity]: mWNT: t=0x7b2ea39700 mBlastBufferQueue=0x7b45f92500 fn= 832 caller= android.view.SurfaceView.applyOrMergeTransaction:1455 android.view.SurfaceView.-$$Nest$mapplyOrMergeTransaction:0 android.view.SurfaceView$SurfaceViewPositionUpdateListener.positionChanged:1537 
10-17 00:27:39.534 28526 28526 I ViewRootImpl@6dcaa2e[MainActivity]: ViewPostIme pointer 0
10-17 00:27:39.586 28526 28526 I SurfaceView@371b404: Changes: creating=false format=false size=false visible=false alpha=false hint=false mUseAlpha=false visible=false left=false top=true
10-17 00:27:39.586 28526 28526 I SurfaceView@371b404: 57783300 Cur surface: Surface(name=null)/@0xc48875a
10-17 00:27:39.587 28526 28526 I SurfaceView@371b404: applyTransactionOnVriDraw: vri = ViewRootImpl@6dcaa2e[MainActivity] fRS = false t = 0x7bdaa2c000 android.view.SurfaceView.performSurfaceTransaction:959 android.view.SurfaceView.updateSurface:1105 android.view.SurfaceView.lambda$new$0$android-view-SurfaceView:200 
10-17 00:27:39.587 28526 28526 I ViewRootImpl@6dcaa2e[MainActivity]: applyTransactionOnDraw: mRemoved = false isHardwareEnabled = true t = 0x7bdaa2c000android.view.SurfaceView.applyTransactionOnVriDraw:2048 android.view.SurfaceView.performSurfaceTransaction:959 android.view.SurfaceView.updateSurface:1105 android.view.SurfaceView.lambda$new$0$android-view-SurfaceView:200 android.view.SurfaceView$$ExternalSyntheticLambda5.onPreDraw:2 
10-17 00:27:39.587 28526 28526 I SurfaceView@371b404: updateSurface: mVisible = true mSurface.isValid() = true
10-17 00:27:39.587 28526 28526 I SurfaceView@371b404: updateSurface: mSurfaceCreated = true surfaceChanged = false visibleChanged = false
10-17 00:27:39.587 28526 28526 V SurfaceView@371b404: Layout: x=0 y=-1802 w=1080 h=525, frame=Rect(0, 0 - 1080, 525)
10-17 00:27:39.590 28526 28606 D SurfaceView@371b404: updateSurfacePosition RenderWorker, frameNr = 857, position = [0, -1802, 1080, -1277] surfaceSize = 1080x525
10-17 00:27:39.590 28526 28606 I SurfaceView@371b404: uSP: rtp = Rect(0, -1802 - 1080, -1277) rtsw = 1080 rtsh = 525
10-17 00:27:39.590 28526 28606 I SurfaceView@371b404: onSSPAndSRT: pl = 0 pt = -1802 sx = 1.0 sy = 1.0
10-17 00:27:39.590 28526 28606 I SurfaceView@371b404: aOrMT: ViewRootImpl@6dcaa2e[MainActivity] t = android.view.SurfaceControl$Transaction@e9e2767 fN = 857 android.view.SurfaceView.-$$Nest$mapplyOrMergeTransaction:0 android.view.SurfaceView$SurfaceViewPositionUpdateListener.positionChanged:1537 android.graphics.RenderNode$CompositePositionUpdateListener.positionChanged:373 
10-17 00:27:39.590 28526 28606 I ViewRootImpl@6dcaa2e[MainActivity]: mWNT: t=0x7b2ea39700 mBlastBufferQueue=0x7b45f92500 fn= 857 caller= android.view.SurfaceView.applyOrMergeTransaction:1455 android.view.SurfaceView.-$$Nest$mapplyOrMergeTransaction:0 android.view.SurfaceView$SurfaceViewPositionUpdateListener.positionChanged:1537 
10-17 00:27:39.591 28526 28606 I ViewRootImpl@6dcaa2e[MainActivity]: mWNT: t=0x7bdaa2c000 mBlastBufferQueue=0x7b45f92500 fn= 857 caller= android.view.ViewRootImpl.lambda$applyTransactionOnDraw$11$android-view-ViewRootImpl:12865 android.view.ViewRootImpl$$ExternalSyntheticLambda1.onFrameDraw:4 android.graphics.HardwareRenderer$FrameDrawingCallback.onFrameDraw:924 
10-17 00:27:39.602 28526 28526 I SurfaceView@371b404: Changes: creating=false format=false size=false visible=false alpha=false hint=false mUseAlpha=false visible=false left=false top=true
10-17 00:27:39.602 28526 28526 I SurfaceView@371b404: 57783300 Cur surface: Surface(name=null)/@0xc48875a
10-17 00:27:39.602 28526 28526 I SurfaceView@371b404: applyTransactionOnVriDraw: vri = ViewRootImpl@6dcaa2e[MainActivity] fRS = false t = 0x7bdaa2c100 android.view.SurfaceView.performSurfaceTransaction:959 android.view.SurfaceView.updateSurface:1105 android.view.SurfaceView.lambda$new$0$android-view-SurfaceView:200 
10-17 00:27:39.603 28526 28526 I ViewRootImpl@6dcaa2e[MainActivity]: applyTransactionOnDraw: mRemoved = false isHardwareEnabled = true t = 0x7bdaa2c100android.view.SurfaceView.applyTransactionOnVriDraw:2048 android.view.SurfaceView.performSurfaceTransaction:959 android.view.SurfaceView.updateSurface:1105 android.view.SurfaceView.lambda$new$0$android-view-SurfaceView:200 android.view.SurfaceView$$ExternalSyntheticLambda5.onPreDraw:2 
10-17 00:27:39.603 28526 28526 I SurfaceView@371b404: updateSurface: mVisible = true mSurface.isValid() = true
10-17 00:27:39.603 28526 28526 I SurfaceView@371b404: updateSurface: mSurfaceCreated = true surfaceChanged = false visibleChanged = false
10-17 00:27:39.603 28526 28526 V SurfaceView@371b404: Layout: x=0 y=-1676 w=1080 h=525, frame=Rect(0, 0 - 1080, 525)
10-17 00:27:39.607 28526 28607 D SurfaceView@371b404: updateSurfacePosition RenderWorker, frameNr = 858, position = [0, -1676, 1080, -1151] surfaceSize = 1080x525
10-17 00:27:39.607 28526 28607 I SurfaceView@371b404: uSP: rtp = Rect(0, -1676 - 1080, -1151) rtsw = 1080 rtsh = 525
10-17 00:27:39.607 28526 28607 I SurfaceView@371b404: onSSPAndSRT: pl = 0 pt = -1676 sx = 1.0 sy = 1.0
10-17 00:27:39.608 28526 28607 I SurfaceView@371b404: aOrMT: ViewRootImpl@6dcaa2e[MainActivity] t = android.view.SurfaceControl$Transaction@e9e2767 fN = 858 android.view.SurfaceView.-$$Nest$mapplyOrMergeTransaction:0 android.view.SurfaceView$SurfaceViewPositionUpdateListener.positionChanged:1537 android.graphics.RenderNode$CompositePositionUpdateListener.positionChanged:373 
10-17 00:27:39.608 28526 28607 I ViewRootImpl@6dcaa2e[MainActivity]: mWNT: t=0x7b2ea39700 mBlastBufferQueue=0x7b45f92500 fn= 858 caller= android.view.SurfaceView.applyOrMergeTransaction:1455 android.view.SurfaceView.-$$Nest$mapplyOrMergeTransaction:0 android.view.SurfaceView$SurfaceViewPositionUpdateListener.positionChanged:1537 
10-17 00:27:39.608 28526 28607 I ViewRootImpl@6dcaa2e[MainActivity]: mWNT: t=0x7bdaa2c100 mBlastBufferQueue=0x7b45f92500 fn= 858 caller= android.view.ViewRootImpl.lambda$applyTransactionOnDraw$11$android-view-ViewRootImpl:12865 android.view.ViewRootImpl$$ExternalSyntheticLambda1.onFrameDraw:4 android.graphics.HardwareRenderer$FrameDrawingCallback.onFrameDraw:924 
10-17 00:27:39.608 28526 28526 I ViewRootImpl@6dcaa2e[MainActivity]: ViewPostIme pointer 1
10-17 00:27:39.618 28526 28526 I SurfaceView@371b404: Changes: creating=false format=false size=false visible=false alpha=false hint=false mUseAlpha=false visible=false left=false top=true
10-17 00:27:39.618 28526 28526 I SurfaceView@371b404: 57783300 Cur surface: Surface(name=null)/@0xc48875a
10-17 00:27:39.619 28526 28526 I SurfaceView@371b404: applyTransactionOnVriDraw: vri = ViewRootImpl@6dcaa2e[MainActivity] fRS = false t = 0x7bdaa2c200 android.view.SurfaceView.performSurfaceTransaction:959 android.view.SurfaceView.updateSurface:1105 android.view.SurfaceView.lambda$new$0$android-view-SurfaceView:200 
10-17 00:27:39.619 28526 28526 I ViewRootImpl@6dcaa2e[MainActivity]: applyTransactionOnDraw: mRemoved = false isHardwareEnabled = true t = 0x7bdaa2c200android.view.SurfaceView.applyTransactionOnVriDraw:2048 android.view.SurfaceView.performSurfaceTransaction:959 android.view.SurfaceView.updateSurface:1105 android.view.SurfaceView.lambda$new$0$android-view-SurfaceView:200 android.view.SurfaceView$$ExternalSyntheticLambda5.onPreDraw:2 
10-17 00:27:39.619 28526 28526 I SurfaceView@371b404: updateSurface: mVisible = true mSurface.isValid() = true
10-17 00:27:39.620 28526 28526 I SurfaceView@371b404: updateSurface: mSurfaceCreated = true surfaceChanged = false visibleChanged = false
10-17 00:27:39.620 28526 28526 V SurfaceView@371b404: Layout: x=0 y=-1642 w=1080 h=525, frame=Rect(0, 0 - 1080, 525)
10-17 00:27:39.624 28526 28606 I ViewRootImpl@6dcaa2e[MainActivity]: mWNT: t=0x7bdaa2c200 mBlastBufferQueue=0x7b45f92500 fn= 859 caller= android.view.ViewRootImpl.lambda$applyTransactionOnDraw$11$android-view-ViewRootImpl:12865 android.view.ViewRootImpl$$ExternalSyntheticLambda1.onFrameDraw:4 android.graphics.HardwareRenderer$FrameDrawingCallback.onFrameDraw:924 
10-17 00:27:39.634 28526 28526 I SurfaceView@371b404: Changes: creating=false format=false size=false visible=false alpha=false hint=false mUseAlpha=false visible=false left=false top=true
10-17 00:27:39.634 28526 28526 I SurfaceView@371b404: 57783300 Cur surface: Surface(name=null)/@0xc48875a
10-17 00:27:39.635 28526 28526 I SurfaceView@371b404: applyTransactionOnVriDraw: vri = ViewRootImpl@6dcaa2e[MainActivity] fRS = false t = 0x7bdaa2c300 android.view.SurfaceView.performSurfaceTransaction:959 android.view.SurfaceView.updateSurface:1105 android.view.SurfaceView.lambda$new$0$android-view-SurfaceView:200 
10-17 00:27:39.635 28526 28526 I ViewRootImpl@6dcaa2e[MainActivity]: applyTransactionOnDraw: mRemoved = false isHardwareEnabled = true t = 0x7bdaa2c300android.view.SurfaceView.applyTransactionOnVriDraw:2048 android.view.SurfaceView.performSurfaceTransaction:959 android.view.SurfaceView.updateSurface:1105 android.view.SurfaceView.lambda$new$0$android-view-SurfaceView:200 android.view.SurfaceView$$ExternalSyntheticLambda5.onPreDraw:2 
10-17 00:27:39.635 28526 28526 I SurfaceView@371b404: updateSurface: mVisible = true mSurface.isValid() = true
10-17 00:27:39.635 28526 28526 I SurfaceView@371b404: updateSurface: mSurfaceCreated = true surfaceChanged = false visibleChanged = false
10-17 00:27:39.635 28526 28526 V SurfaceView@371b404: Layout: x=0 y=-1575 w=1080 h=525, frame=Rect(0, 0 - 1080, 525)
10-17 00:27:39.639 28526 28607 D SurfaceView@371b404: updateSurfacePosition RenderWorker, frameNr = 860, position = [0, -1575, 1080, -1050] surfaceSize = 1080x525
10-17 00:27:39.639 28526 28607 I SurfaceView@371b404: uSP: rtp = Rect(0, -1575 - 1080, -1050) rtsw = 1080 rtsh = 525
10-17 00:27:39.639 28526 28607 I SurfaceView@371b404: onSSPAndSRT: pl = 0 pt = -1575 sx = 1.0 sy = 1.0
10-17 00:27:39.639 28526 28607 I SurfaceView@371b404: aOrMT: ViewRootImpl@6dcaa2e[MainActivity] t = android.view.SurfaceControl$Transaction@e9e2767 fN = 860 android.view.SurfaceView.-$$Nest$mapplyOrMergeTransaction:0 android.view.SurfaceView$SurfaceViewPositionUpdateListener.positionChanged:1537 android.graphics.RenderNode$CompositePositionUpdateListener.positionChanged:373 
10-17 00:27:39.640 28526 28607 I ViewRootImpl@6dcaa2e[MainActivity]: mWNT: t=0x7b2ea39700 mBlastBufferQueue=0x7b45f92500 fn= 860 caller= android.view.SurfaceView.applyOrMergeTransaction:1455 android.view.SurfaceView.-$$Nest$mapplyOrMergeTransaction:0 android.view.SurfaceView$SurfaceViewPositionUpdateListener.positionChanged:1537 
10-17 00:27:39.640 28526 28607 I ViewRootImpl@6dcaa2e[MainActivity]: mWNT: t=0x7bdaa2c300 mBlastBufferQueue=0x7b45f92500 fn= 860 caller= android.view.ViewRootImpl.lambda$applyTransactionOnDraw$11$android-view-ViewRootImpl:12865 android.view.ViewRootImpl$$ExternalSyntheticLambda1.onFrameDraw:4 android.graphics.HardwareRenderer$FrameDrawingCallback.onFrameDraw:924 
10-17 00:27:39.651 28526 28526 I SurfaceView@371b404: Changes: creating=false format=false size=false visible=false alpha=false hint=false mUseAlpha=false visible=false left=false top=true
10-17 00:27:39.651 28526 28526 I SurfaceView@371b404: 57783300 Cur surface: Surface(name=null)/@0xc48875a
10-17 00:27:39.651 28526 28526 I SurfaceView@371b404: applyTransactionOnVriDraw: vri = ViewRootImpl@6dcaa2e[MainActivity] fRS = false t = 0x7bdaa2c400 android.view.SurfaceView.performSurfaceTransaction:959 android.view.SurfaceView.updateSurface:1105 android.view.SurfaceView.lambda$new$0$android-view-SurfaceView:200 
10-17 00:27:39.651 28526 28526 I ViewRootImpl@6dcaa2e[MainActivity]: applyTransactionOnDraw: mRemoved = false isHardwareEnabled = true t = 0x7bdaa2c400android.view.SurfaceView.applyTransactionOnVriDraw:2048 android.view.SurfaceView.performSurfaceTransaction:959 android.view.SurfaceView.updateSurface:1105 android.view.SurfaceView.lambda$new$0$android-view-SurfaceView:200 android.view.SurfaceView$$ExternalSyntheticLambda5.onPreDraw:2 
10-17 00:27:39.652 28526 28526 I SurfaceView@371b404: updateSurface: mVisible = true mSurface.isValid() = true
10-17 00:27:39.652 28526 28526 I SurfaceView@371b404: updateSurface: mSurfaceCreated = true surfaceChanged = false visibleChanged = false
10-17 00:27:39.652 28526 28526 V SurfaceView@371b404: Layout: x=0 y=-1475 w=1080 h=525, frame=Rect(0, 0 - 1080, 525)
10-17 00:27:39.655 28526 28606 D SurfaceView@371b404: updateSurfacePosition RenderWorker, frameNr = 861, position = [0, -1475, 1080, -950] surfaceSize = 1080x525
10-17 00:27:39.655 28526 28606 I SurfaceView@371b404: uSP: rtp = Rect(0, -1475 - 1080, -950) rtsw = 1080 rtsh = 525
10-17 00:27:39.656 28526 28606 I SurfaceView@371b404: onSSPAndSRT: pl = 0 pt = -1475 sx = 1.0 sy = 1.0
10-17 00:27:39.656 28526 28606 I SurfaceView@371b404: aOrMT: ViewRootImpl@6dcaa2e[MainActivity] t = android.view.SurfaceControl$Transaction@e9e2767 fN = 861 android.view.SurfaceView.-$$Nest$mapplyOrMergeTransaction:0 android.view.SurfaceView$SurfaceViewPositionUpdateListener.positionChanged:1537 android.graphics.RenderNode$CompositePositionUpdateListener.positionChanged:373 
10-17 00:27:39.656 28526 28606 I ViewRootImpl@6dcaa2e[MainActivity]: mWNT: t=0x7b2ea39700 mBlastBufferQueue=0x7b45f92500 fn= 861 caller= android.view.SurfaceView.applyOrMergeTransaction:1455 android.view.SurfaceView.-$$Nest$mapplyOrMergeTransaction:0 android.view.SurfaceView$SurfaceViewPositionUpdateListener.positionChanged:1537 
10-17 00:27:39.656 28526 28606 I ViewRootImpl@6dcaa2e[MainActivity]: mWNT: t=0x7bdaa2c400 mBlastBufferQueue=0x7b45f92500 fn= 861 caller= android.view.ViewRootImpl.lambda$applyTransactionOnDraw$11$android-view-ViewRootImpl:12865 android.view.ViewRootImpl$$ExternalSyntheticLambda1.onFrameDraw:4 android.graphics.HardwareRenderer$FrameDrawingCallback.onFrameDraw:924 
10-17 00:27:39.667 28526 28526 I SurfaceView@371b404: Changes: creating=false format=false size=false visible=false alpha=false hint=false mUseAlpha=false visible=false left=false top=true
10-17 00:27:39.667 28526 28526 I SurfaceView@371b404: 57783300 Cur surface: Surface(name=null)/@0xc48875a
10-17 00:27:39.668 28526 28526 I SurfaceView@371b404: applyTransactionOnVriDraw: vri = ViewRootImpl@6dcaa2e[MainActivity] fRS = false t = 0x7bdaa2c500 android.view.SurfaceView.performSurfaceTransaction:959 android.view.SurfaceView.updateSurface:1105 android.view.SurfaceView.lambda$new$0$android-view-SurfaceView:200 
10-17 00:27:39.668 28526 28526 I ViewRootImpl@6dcaa2e[MainActivity]: applyTransactionOnDraw: mRemoved = false isHardwareEnabled = true t = 0x7bdaa2c500android.view.SurfaceView.applyTransactionOnVriDraw:2048 android.view.SurfaceView.performSurfaceTransaction:959 android.view.SurfaceView.updateSurface:1105 android.view.SurfaceView.lambda$new$0$android-view-SurfaceView:200 android.view.SurfaceView$$ExternalSyntheticLambda5.onPreDraw:2 
10-17 00:27:39.668 28526 28526 I SurfaceView@371b404: updateSurface: mVisible = true mSurface.isValid() = true
10-17 00:27:39.668 28526 28526 I SurfaceView@371b404: updateSurface: mSurfaceCreated = true surfaceChanged = false visibleChanged = false
10-17 00:27:39.668 28526 28526 V SurfaceView@371b404: Layout: x=0 y=-1350 w=1080 h=525, frame=Rect(0, 0 - 1080, 525)
10-17 00:27:39.672 28526 28607 D SurfaceView@371b404: updateSurfacePosition RenderWorker, frameNr = 862, position = [0, -1350, 1080, -825] surfaceSize = 1080x525
10-17 00:27:39.672 28526 28607 I SurfaceView@371b404: uSP: rtp = Rect(0, -1350 - 1080, -825) rtsw = 1080 rtsh = 525
10-17 00:27:39.672 28526 28607 I SurfaceView@371b404: onSSPAndSRT: pl = 0 pt = -1350 sx = 1.0 sy = 1.0
10-17 00:27:39.672 28526 28607 I SurfaceView@371b404: aOrMT: ViewRootImpl@6dcaa2e[MainActivity] t = android.view.SurfaceControl$Transaction@e9e2767 fN = 862 android.view.SurfaceView.-$$Nest$mapplyOrMergeTransaction:0 android.view.SurfaceView$SurfaceViewPositionUpdateListener.positionChanged:1537 android.graphics.RenderNode$CompositePositionUpdateListener.positionChanged:373 
10-17 00:27:39.673 28526 28607 I ViewRootImpl@6dcaa2e[MainActivity]: mWNT: t=0x7b2ea39700 mBlastBufferQueue=0x7b45f92500 fn= 862 caller= android.view.SurfaceView.applyOrMergeTransaction:1455 android.view.SurfaceView.-$$Nest$mapplyOrMergeTransaction:0 android.view.SurfaceView$SurfaceViewPositionUpdateListener.positionChanged:1537 
10-17 00:27:39.673 28526 28607 I ViewRootImpl@6dcaa2e[MainActivity]: mWNT: t=0x7bdaa2c500 mBlastBufferQueue=0x7b45f92500 fn= 862 caller= android.view.ViewRootImpl.lambda$applyTransactionOnDraw$11$android-view-ViewRootImpl:12865 android.view.ViewRootImpl$$ExternalSyntheticLambda1.onFrameDraw:4 android.graphics.HardwareRenderer$FrameDrawingCallback.onFrameDraw:924 
10-17 00:27:39.684 28526 28526 I SurfaceView@371b404: Changes: creating=false format=false size=false visible=false alpha=false hint=false mUseAlpha=false visible=false left=false top=true
10-17 00:27:39.684 28526 28526 I SurfaceView@371b404: 57783300 Cur surface: Surface(name=null)/@0xc48875a
10-17 00:27:39.685 28526 28526 I SurfaceView@371b404: applyTransactionOnVriDraw: vri = ViewRootImpl@6dcaa2e[MainActivity] fRS = false t = 0x7bdaa2c600 android.view.SurfaceView.performSurfaceTransaction:959 android.view.SurfaceView.updateSurface:1105 android.view.SurfaceView.lambda$new$0$android-view-SurfaceView:200 
10-17 00:27:39.685 28526 28526 I ViewRootImpl@6dcaa2e[MainActivity]: applyTransactionOnDraw: mRemoved = false isHardwareEnabled = true t = 0x7bdaa2c600android.view.SurfaceView.applyTransactionOnVriDraw:2048 android.view.SurfaceView.performSurfaceTransaction:959 android.view.SurfaceView.updateSurface:1105 android.view.SurfaceView.lambda$new$0$android-view-SurfaceView:200 android.view.SurfaceView$$ExternalSyntheticLambda5.onPreDraw:2 
10-17 00:27:39.685 28526 28526 I SurfaceView@371b404: updateSurface: mVisible = true mSurface.isValid() = true
10-17 00:27:39.685 28526 28526 I SurfaceView@371b404: updateSurface: mSurfaceCreated = true surfaceChanged = false visibleChanged = false
10-17 00:27:39.685 28526 28526 V SurfaceView@371b404: Layout: x=0 y=-1219 w=1080 h=525, frame=Rect(0, 0 - 1080, 525)
10-17 00:27:39.689 28526 28606 D SurfaceView@371b404: updateSurfacePosition RenderWorker, frameNr = 863, position = [0, -1219, 1080, -694] surfaceSize = 1080x525
10-17 00:27:39.689 28526 28606 I SurfaceView@371b404: uSP: rtp = Rect(0, -1219 - 1080, -694) rtsw = 1080 rtsh = 525
10-17 00:27:39.690 28526 28606 I SurfaceView@371b404: onSSPAndSRT: pl = 0 pt = -1219 sx = 1.0 sy = 1.0
10-17 00:27:39.690 28526 28606 I SurfaceView@371b404: aOrMT: ViewRootImpl@6dcaa2e[MainActivity] t = android.view.SurfaceControl$Transaction@e9e2767 fN = 863 android.view.SurfaceView.-$$Nest$mapplyOrMergeTransaction:0 android.view.SurfaceView$SurfaceViewPositionUpdateListener.positionChanged:1537 android.graphics.RenderNode$CompositePositionUpdateListener.positionChanged:373 
10-17 00:27:39.690 28526 28606 I ViewRootImpl@6dcaa2e[MainActivity]: mWNT: t=0x7b2ea39700 mBlastBufferQueue=0x7b45f92500 fn= 863 caller= android.view.SurfaceView.applyOrMergeTransaction:1455 android.view.SurfaceView.-$$Nest$mapplyOrMergeTransaction:0 android.view.SurfaceView$SurfaceViewPositionUpdateListener.positionChanged:1537 
10-17 00:27:39.690 28526 28606 I ViewRootImpl@6dcaa2e[MainActivity]: mWNT: t=0x7bdaa2c600 mBlastBufferQueue=0x7b45f92500 fn= 863 caller= android.view.ViewRootImpl.lambda$applyTransactionOnDraw$11$android-view-ViewRootImpl:12865 android.view.ViewRootImpl$$ExternalSyntheticLambda1.onFrameDraw:4 android.graphics.HardwareRenderer$FrameDrawingCallback.onFrameDraw:924 
10-17 00:27:39.701 28526 28526 I SurfaceView@371b404: Changes: creating=false format=false size=false visible=false alpha=false hint=false mUseAlpha=false visible=false left=false top=true
10-17 00:27:39.701 28526 28526 I SurfaceView@371b404: 57783300 Cur surface: Surface(name=null)/@0xc48875a
10-17 00:27:39.701 28526 28526 I SurfaceView@371b404: applyTransactionOnVriDraw: vri = ViewRootImpl@6dcaa2e[MainActivity] fRS = false t = 0x7bdaa2c700 android.view.SurfaceView.performSurfaceTransaction:959 android.view.SurfaceView.updateSurface:1105 android.view.SurfaceView.lambda$new$0$android-view-SurfaceView:200 
10-17 00:27:39.701 28526 28526 I ViewRootImpl@6dcaa2e[MainActivity]: applyTransactionOnDraw: mRemoved = false isHardwareEnabled = true t = 0x7bdaa2c700android.view.SurfaceView.applyTransactionOnVriDraw:2048 android.view.SurfaceView.performSurfaceTransaction:959 android.view.SurfaceView.updateSurface:1105 android.view.SurfaceView.lambda$new$0$android-view-SurfaceView:200 android.view.SurfaceView$$ExternalSyntheticLambda5.onPreDraw:2 
10-17 00:27:39.702 28526 28526 I SurfaceView@371b404: updateSurface: mVisible = true mSurface.isValid() = true
10-17 00:27:39.702 28526 28526 I SurfaceView@371b404: updateSurface: mSurfaceCreated = true surfaceChanged = false visibleChanged = false
10-17 00:27:39.702 28526 28526 V SurfaceView@371b404: Layout: x=0 y=-1089 w=1080 h=525, frame=Rect(0, 0 - 1080, 525)
10-17 00:27:39.705 28526 28607 D SurfaceView@371b404: updateSurfacePosition RenderWorker, frameNr = 864, position = [0, -1089, 1080, -564] surfaceSize = 1080x525
10-17 00:27:39.705 28526 28607 I SurfaceView@371b404: uSP: rtp = Rect(0, -1089 - 1080, -564) rtsw = 1080 rtsh = 525
10-17 00:27:39.706 28526 28607 I SurfaceView@371b404: onSSPAndSRT: pl = 0 pt = -1089 sx = 1.0 sy = 1.0
10-17 00:27:39.706 28526 28607 I SurfaceView@371b404: aOrMT: ViewRootImpl@6dcaa2e[MainActivity] t = android.view.SurfaceControl$Transaction@e9e2767 fN = 864 android.view.SurfaceView.-$$Nest$mapplyOrMergeTransaction:0 android.view.SurfaceView$SurfaceViewPositionUpdateListener.positionChanged:1537 android.graphics.RenderNode$CompositePositionUpdateListener.positionChanged:373 
10-17 00:27:39.706 28526 28607 I ViewRootImpl@6dcaa2e[MainActivity]: mWNT: t=0x7b2ea39700 mBlastBufferQueue=0x7b45f92500 fn= 864 caller= android.view.SurfaceView.applyOrMergeTransaction:1455 android.view.SurfaceView.-$$Nest$mapplyOrMergeTransaction:0 android.view.SurfaceView$SurfaceViewPositionUpdateListener.positionChanged:1537 
10-17 00:27:39.706 28526 28607 I ViewRootImpl@6dcaa2e[MainActivity]: mWNT: t=0x7bdaa2c700 mBlastBufferQueue=0x7b45f92500 fn= 864 caller= android.view.ViewRootImpl.lambda$applyTransactionOnDraw$11$android-view-ViewRootImpl:12865 android.view.ViewRootImpl$$ExternalSyntheticLambda1.onFrameDraw:4 android.graphics.HardwareRenderer$FrameDrawingCallback.onFrameDraw:924 
10-17 00:27:39.717 28526 28526 I SurfaceView@371b404: Changes: creating=false format=false size=false visible=false alpha=false hint=false mUseAlpha=false visible=false left=false top=true
10-17 00:27:39.718 28526 28526 I SurfaceView@371b404: 57783300 Cur surface: Surface(name=null)/@0xc48875a
10-17 00:27:39.718 28526 28526 I SurfaceView@371b404: applyTransactionOnVriDraw: vri = ViewRootImpl@6dcaa2e[MainActivity] fRS = false t = 0x7bdaa2c800 android.view.SurfaceView.performSurfaceTransaction:959 android.view.SurfaceView.updateSurface:1105 android.view.SurfaceView.lambda$new$0$android-view-SurfaceView:200 
10-17 00:27:39.718 28526 28526 I ViewRootImpl@6dcaa2e[MainActivity]: applyTransactionOnDraw: mRemoved = false isHardwareEnabled = true t = 0x7bdaa2c800android.view.SurfaceView.applyTransactionOnVriDraw:2048 android.view.SurfaceView.performSurfaceTransaction:959 android.view.SurfaceView.updateSurface:1105 android.view.SurfaceView.lambda$new$0$android-view-SurfaceView:200 android.view.SurfaceView$$ExternalSyntheticLambda5.onPreDraw:2 
10-17 00:27:39.718 28526 28526 I SurfaceView@371b404: updateSurface: mVisible = true mSurface.isValid() = true
10-17 00:27:39.718 28526 28526 I SurfaceView@371b404: updateSurface: mSurfaceCreated = true surfaceChanged = false visibleChanged = false
10-17 00:27:39.718 28526 28526 V SurfaceView@371b404: Layout: x=0 y=-962 w=1080 h=525, frame=Rect(0, 0 - 1080, 525)
10-17 00:27:39.722 28526 28606 D SurfaceView@371b404: updateSurfacePosition RenderWorker, frameNr = 865, position = [0, -962, 1080, -437] surfaceSize = 1080x525
10-17 00:27:39.722 28526 28606 I SurfaceView@371b404: uSP: rtp = Rect(0, -962 - 1080, -437) rtsw = 1080 rtsh = 525
10-17 00:27:39.722 28526 28606 I SurfaceView@371b404: onSSPAndSRT: pl = 0 pt = -962 sx = 1.0 sy = 1.0
10-17 00:27:39.723 28526 28606 I SurfaceView@371b404: aOrMT: ViewRootImpl@6dcaa2e[MainActivity] t = android.view.SurfaceControl$Transaction@e9e2767 fN = 865 android.view.SurfaceView.-$$Nest$mapplyOrMergeTransaction:0 android.view.SurfaceView$SurfaceViewPositionUpdateListener.positionChanged:1537 android.graphics.RenderNode$CompositePositionUpdateListener.positionChanged:373 
10-17 00:27:39.723 28526 28606 I ViewRootImpl@6dcaa2e[MainActivity]: mWNT: t=0x7b2ea39700 mBlastBufferQueue=0x7b45f92500 fn= 865 caller= android.view.SurfaceView.applyOrMergeTransaction:1455 android.view.SurfaceView.-$$Nest$mapplyOrMergeTransaction:0 android.view.SurfaceView$SurfaceViewPositionUpdateListener.positionChanged:1537 
10-17 00:27:39.723 28526 28606 I ViewRootImpl@6dcaa2e[MainActivity]: mWNT: t=0x7bdaa2c800 mBlastBufferQueue=0x7b45f92500 fn= 865 caller= android.view.ViewRootImpl.lambda$applyTransactionOnDraw$11$android-view-ViewRootImpl:12865 android.view.ViewRootImpl$$ExternalSyntheticLambda1.onFrameDraw:4 android.graphics.HardwareRenderer$FrameDrawingCallback.onFrameDraw:924 
10-17 00:27:39.734 28526 28526 I SurfaceView@371b404: Changes: creating=false format=false size=false visible=false alpha=false hint=false mUseAlpha=false visible=false left=false top=true
10-17 00:27:39.734 28526 28526 I SurfaceView@371b404: 57783300 Cur surface: Surface(name=null)/@0xc48875a
10-17 00:27:39.735 28526 28526 I SurfaceView@371b404: applyTransactionOnVriDraw: vri = ViewRootImpl@6dcaa2e[MainActivity] fRS = false t = 0x7bdaa2c900 android.view.SurfaceView.performSurfaceTransaction:959 android.view.SurfaceView.updateSurface:1105 android.view.SurfaceView.lambda$new$0$android-view-SurfaceView:200 
10-17 00:27:39.735 28526 28526 I ViewRootImpl@6dcaa2e[MainActivity]: applyTransactionOnDraw: mRemoved = false isHardwareEnabled = true t = 0x7bdaa2c900android.view.SurfaceView.applyTransactionOnVriDraw:2048 android.view.SurfaceView.performSurfaceTransaction:959 android.view.SurfaceView.updateSurface:1105 android.view.SurfaceView.lambda$new$0$android-view-SurfaceView:200 android.view.SurfaceView$$ExternalSyntheticLambda5.onPreDraw:2 
10-17 00:27:39.735 28526 28526 I SurfaceView@371b404: updateSurface: mVisible = true mSurface.isValid() = true
10-17 00:27:39.735 28526 28526 I SurfaceView@371b404: updateSurface: mSurfaceCreated = true surfaceChanged = false visibleChanged = false
10-17 00:27:39.735 28526 28526 V SurfaceView@371b404: Layout: x=0 y=-829 w=1080 h=525, frame=Rect(0, 0 - 1080, 525)
10-17 00:27:39.740 28526 28607 D SurfaceView@371b404: updateSurfacePosition RenderWorker, frameNr = 866, position = [0, -829, 1080, -304] surfaceSize = 1080x525
10-17 00:27:39.740 28526 28607 I SurfaceView@371b404: uSP: rtp = Rect(0, -829 - 1080, -304) rtsw = 1080 rtsh = 525
10-17 00:27:39.740 28526 28607 I SurfaceView@371b404: onSSPAndSRT: pl = 0 pt = -829 sx = 1.0 sy = 1.0
10-17 00:27:39.740 28526 28607 I SurfaceView@371b404: aOrMT: ViewRootImpl@6dcaa2e[MainActivity] t = android.view.SurfaceControl$Transaction@e9e2767 fN = 866 android.view.SurfaceView.-$$Nest$mapplyOrMergeTransaction:0 android.view.SurfaceView$SurfaceViewPositionUpdateListener.positionChanged:1537 android.graphics.RenderNode$CompositePositionUpdateListener.positionChanged:373 
10-17 00:27:39.740 28526 28607 I ViewRootImpl@6dcaa2e[MainActivity]: mWNT: t=0x7b2ea39700 mBlastBufferQueue=0x7b45f92500 fn= 866 caller= android.view.SurfaceView.applyOrMergeTransaction:1455 android.view.SurfaceView.-$$Nest$mapplyOrMergeTransaction:0 android.view.SurfaceView$SurfaceViewPositionUpdateListener.positionChanged:1537 
10-17 00:27:39.740 28526 28607 I ViewRootImpl@6dcaa2e[MainActivity]: mWNT: t=0x7bdaa2c900 mBlastBufferQueue=0x7b45f92500 fn= 866 caller= android.view.ViewRootImpl.lambda$applyTransactionOnDraw$11$android-view-ViewRootImpl:12865 android.view.ViewRootImpl$$ExternalSyntheticLambda1.onFrameDraw:4 android.graphics.HardwareRenderer$FrameDrawingCallback.onFrameDraw:924 
10-17 00:27:39.750 28526 28526 I SurfaceView@371b404: Changes: creating=false format=false size=false visible=false alpha=false hint=false mUseAlpha=false visible=false left=false top=true
10-17 00:27:39.751 28526 28526 I SurfaceView@371b404: 57783300 Cur surface: Surface(name=null)/@0xc48875a
10-17 00:27:39.751 28526 28526 I SurfaceView@371b404: applyTransactionOnVriDraw: vri = ViewRootImpl@6dcaa2e[MainActivity] fRS = false t = 0x7bdaa2ca00 android.view.SurfaceView.performSurfaceTransaction:959 android.view.SurfaceView.updateSurface:1105 android.view.SurfaceView.lambda$new$0$android-view-SurfaceView:200 
10-17 00:27:39.751 28526 28526 I ViewRootImpl@6dcaa2e[MainActivity]: applyTransactionOnDraw: mRemoved = false isHardwareEnabled = true t = 0x7bdaa2ca00android.view.SurfaceView.applyTransactionOnVriDraw:2048 android.view.SurfaceView.performSurfaceTransaction:959 android.view.SurfaceView.updateSurface:1105 android.view.SurfaceView.lambda$new$0$android-view-SurfaceView:200 android.view.SurfaceView$$ExternalSyntheticLambda5.onPreDraw:2 
10-17 00:27:39.751 28526 28526 I SurfaceView@371b404: updateSurface: mVisible = true mSurface.isValid() = true
10-17 00:27:39.751 28526 28526 I SurfaceView@371b404: updateSurface: mSurfaceCreated = true surfaceChanged = false visibleChanged = false
10-17 00:27:39.751 28526 28526 V SurfaceView@371b404: Layout: x=0 y=-708 w=1080 h=525, frame=Rect(0, 0 - 1080, 525)
10-17 00:27:39.754 28526 28606 D SurfaceView@371b404: updateSurfacePosition RenderWorker, frameNr = 867, position = [0, -708, 1080, -183] surfaceSize = 1080x525
10-17 00:27:39.754 28526 28606 I SurfaceView@371b404: uSP: rtp = Rect(0, -708 - 1080, -183) rtsw = 1080 rtsh = 525
10-17 00:27:39.755 28526 28606 I SurfaceView@371b404: onSSPAndSRT: pl = 0 pt = -708 sx = 1.0 sy = 1.0
10-17 00:27:39.755 28526 28606 I SurfaceView@371b404: aOrMT: ViewRootImpl@6dcaa2e[MainActivity] t = android.view.SurfaceControl$Transaction@e9e2767 fN = 867 android.view.SurfaceView.-$$Nest$mapplyOrMergeTransaction:0 android.view.SurfaceView$SurfaceViewPositionUpdateListener.positionChanged:1537 android.graphics.RenderNode$CompositePositionUpdateListener.positionChanged:373 
10-17 00:27:39.755 28526 28606 I ViewRootImpl@6dcaa2e[MainActivity]: mWNT: t=0x7b2ea39700 mBlastBufferQueue=0x7b45f92500 fn= 867 caller= android.view.SurfaceView.applyOrMergeTransaction:1455 android.view.SurfaceView.-$$Nest$mapplyOrMergeTransaction:0 android.view.SurfaceView$SurfaceViewPositionUpdateListener.positionChanged:1537 
10-17 00:27:39.755 28526 28606 I ViewRootImpl@6dcaa2e[MainActivity]: mWNT: t=0x7bdaa2ca00 mBlastBufferQueue=0x7b45f92500 fn= 867 caller= android.view.ViewRootImpl.lambda$applyTransactionOnDraw$11$android-view-ViewRootImpl:12865 android.view.ViewRootImpl$$ExternalSyntheticLambda1.onFrameDraw:4 android.graphics.HardwareRenderer$FrameDrawingCallback.onFrameDraw:924 
10-17 00:27:39.767 28526 28526 I SurfaceView@371b404: Changes: creating=false format=false size=false visible=false alpha=false hint=false mUseAlpha=false visible=false left=false top=true
10-17 00:27:39.767 28526 28526 I SurfaceView@371b404: 57783300 Cur surface: Surface(name=null)/@0xc48875a
10-17 00:27:39.768 28526 28526 I SurfaceView@371b404: applyTransactionOnVriDraw: vri = ViewRootImpl@6dcaa2e[MainActivity] fRS = false t = 0x7bdaa2cb00 android.view.SurfaceView.performSurfaceTransaction:959 android.view.SurfaceView.updateSurface:1105 android.view.SurfaceView.lambda$new$0$android-view-SurfaceView:200 
10-17 00:27:39.768 28526 28526 I ViewRootImpl@6dcaa2e[MainActivity]: applyTransactionOnDraw: mRemoved = false isHardwareEnabled = true t = 0x7bdaa2cb00android.view.SurfaceView.applyTransactionOnVriDraw:2048 android.view.SurfaceView.performSurfaceTransaction:959 android.view.SurfaceView.updateSurface:1105 android.view.SurfaceView.lambda$new$0$android-view-SurfaceView:200 android.view.SurfaceView$$ExternalSyntheticLambda5.onPreDraw:2 
10-17 00:27:39.768 28526 28526 I SurfaceView@371b404: updateSurface: mVisible = true mSurface.isValid() = true
10-17 00:27:39.768 28526 28526 I SurfaceView@371b404: updateSurface: mSurfaceCreated = true surfaceChanged = false visibleChanged = false
10-17 00:27:39.768 28526 28526 V SurfaceView@371b404: Layout: x=0 y=-582 w=1080 h=525, frame=Rect(0, 0 - 1080, 525)
10-17 00:27:39.772 28526 28607 D SurfaceView@371b404: updateSurfacePosition RenderWorker, frameNr = 868, position = [0, -582, 1080, -57] surfaceSize = 1080x525
10-17 00:27:39.772 28526 28607 I SurfaceView@371b404: uSP: rtp = Rect(0, -582 - 1080, -57) rtsw = 1080 rtsh = 525
10-17 00:27:39.772 28526 28607 I SurfaceView@371b404: onSSPAndSRT: pl = 0 pt = -582 sx = 1.0 sy = 1.0
10-17 00:27:39.772 28526 28607 I SurfaceView@371b404: aOrMT: ViewRootImpl@6dcaa2e[MainActivity] t = android.view.SurfaceControl$Transaction@e9e2767 fN = 868 android.view.SurfaceView.-$$Nest$mapplyOrMergeTransaction:0 android.view.SurfaceView$SurfaceViewPositionUpdateListener.positionChanged:1537 android.graphics.RenderNode$CompositePositionUpdateListener.positionChanged:373 
10-17 00:27:39.772 28526 28607 I ViewRootImpl@6dcaa2e[MainActivity]: mWNT: t=0x7b2ea39700 mBlastBufferQueue=0x7b45f92500 fn= 868 caller= android.view.SurfaceView.applyOrMergeTransaction:1455 android.view.SurfaceView.-$$Nest$mapplyOrMergeTransaction:0 android.view.SurfaceView$SurfaceViewPositionUpdateListener.positionChanged:1537 
10-17 00:27:39.773 28526 28607 I ViewRootImpl@6dcaa2e[MainActivity]: mWNT: t=0x7bdaa2cb00 mBlastBufferQueue=0x7b45f92500 fn= 868 caller= android.view.ViewRootImpl.lambda$applyTransactionOnDraw$11$android-view-ViewRootImpl:12865 android.view.ViewRootImpl$$ExternalSyntheticLambda1.onFrameDraw:4 android.graphics.HardwareRenderer$FrameDrawingCallback.onFrameDraw:924 
10-17 00:27:39.783 28526 28526 I SurfaceView@371b404: Changes: creating=false format=false size=false visible=false alpha=false hint=false mUseAlpha=false visible=false left=false top=true
10-17 00:27:39.784 28526 28526 I SurfaceView@371b404: 57783300 Cur surface: Surface(name=null)/@0xc48875a
10-17 00:27:39.784 28526 28526 I SurfaceView@371b404: applyTransactionOnVriDraw: vri = ViewRootImpl@6dcaa2e[MainActivity] fRS = false t = 0x7bdaa2cc00 android.view.SurfaceView.performSurfaceTransaction:959 android.view.SurfaceView.updateSurface:1105 android.view.SurfaceView.lambda$new$0$android-view-SurfaceView:200 
10-17 00:27:39.784 28526 28526 I ViewRootImpl@6dcaa2e[MainActivity]: applyTransactionOnDraw: mRemoved = false isHardwareEnabled = true t = 0x7bdaa2cc00android.view.SurfaceView.applyTransactionOnVriDraw:2048 android.view.SurfaceView.performSurfaceTransaction:959 android.view.SurfaceView.updateSurface:1105 android.view.SurfaceView.lambda$new$0$android-view-SurfaceView:200 android.view.SurfaceView$$ExternalSyntheticLambda5.onPreDraw:2 
10-17 00:27:39.784 28526 28526 I SurfaceView@371b404: updateSurface: mVisible = true mSurface.isValid() = true
10-17 00:27:39.784 28526 28526 I SurfaceView@371b404: updateSurface: mSurfaceCreated = true surfaceChanged = false visibleChanged = false
10-17 00:27:39.784 28526 28526 V SurfaceView@371b404: Layout: x=0 y=-461 w=1080 h=525, frame=Rect(0, 0 - 1080, 525)
