10-16 17:44:36.884 17186 17186 I ViewRootImpl@562a9cf[MainActivity]:   fl=85810100
10-16 17:44:36.884 17186 17186 I ViewRootImpl@562a9cf[MainActivity]:   pfl=12020040
10-16 17:44:36.884 17186 17186 I ViewRootImpl@562a9cf[MainActivity]:   vsysui=500
10-16 17:44:36.884 17186 17186 I ViewRootImpl@562a9cf[MainActivity]:   bhv=DEFAULT
10-16 17:44:36.884 17186 17186 I ViewRootImpl@562a9cf[MainActivity]:   fitSides= naviIconColor=0}
10-16 17:44:36.892 17186 17186 I ViewRootImpl@562a9cf[MainActivity]: updateBlastSurfaceIfNeeded mBlastBufferQueue=0x7b49432100 isSameSurfaceControl=true
10-16 17:44:36.893 17186 17186 I BLASTBufferQueue: update, w= 1080 h= 2400 mName = ViewRootImpl@562a9cf[MainActivity] mNativeObject= 0x7b49432100 sc.mNativeObject= 0x7af553a880 format= -3 caller= android.view.ViewRootImpl.updateBlastSurfaceIfNeeded:2898 android.view.ViewRootImpl.relayoutWindow:9847 android.view.ViewRootImpl.performTraversals:3884 android.view.ViewRootImpl.doTraversal:3116 android.view.ViewRootImpl$TraversalRunnable.run:10885 android.view.Choreographer$CallbackRecord.run:1301 
10-16 17:44:36.893 17186 17186 I ViewRootImpl@562a9cf[MainActivity]: Relayout returned: old=(0,0,1080,2400) new=(0,0,1080,2400) req=(1080,2400)0 dur=8 res=0x0 s={true 0x7b5ba2c800} ch=false seqId=0
10-16 17:44:36.893 17186 17186 I ViewRootImpl@562a9cf[MainActivity]: updateBoundsLayer: t = android.view.SurfaceControl$Transaction@1da5614 sc = Surface(name=Bounds for - com.lagradost.cloudstream3/com.lagradost.cloudstream3.MainActivity@0)/@0x7a8eebd frame = 1341
10-16 17:44:36.893 17186 17186 I ViewRootImpl@562a9cf[MainActivity]: mWNT: t=0x7b5bb75900 mBlastBufferQueue=0x7b49432100 fn= 1341 caller= android.view.ViewRootImpl.prepareSurfaces:2985 android.view.ViewRootImpl.performTraversals:4233 android.view.ViewRootImpl.doTraversal:3116 
10-16 17:44:36.894 17186 17186 W View    : requestLayout() improperly called by android.widget.FrameLayout{3aa6453 I.E..V... ......I. 0,0-0,0 #7f0a04e7 app:id/start_panel} during layout: running second layout pass
10-16 17:44:36.894 17186 17186 W View    : requestLayout() improperly called by android.widget.FrameLayout{5503190 I.E..V... ......ID 1080,0-1080,2143 #7f0a0168 app:id/end_panel} during layout: running second layout pass
10-16 17:44:36.895 17186 17186 D SurfaceView@c63e007: updateSurface: has no frame
10-16 17:44:36.900 17186 17271 I ViewRootImpl@562a9cf[MainActivity]: mWNT: t=0x7b31281e00 mBlastBufferQueue=0x7b49432100 fn= 1341 caller= android.view.ViewRootImpl.lambda$applyTransactionOnDraw$11$android-view-ViewRootImpl:12865 android.view.ViewRootImpl$$ExternalSyntheticLambda1.onFrameDraw:4 android.graphics.HardwareRenderer$FrameDrawingCallback.onFrameDraw:924 
10-16 17:44:36.902 17186 17186 D SurfaceView@c63e007: updateSurface: has no frame
10-16 17:44:36.926 17186 17186 D SurfaceView@c63e007: updateSurface: has no frame
10-16 17:44:36.949 17186 17186 D SurfaceView@c63e007: updateSurface: has no frame
10-16 17:44:36.973 17186 17186 D SurfaceView@c63e007: updateSurface: has no frame
10-16 17:44:36.984 17186 17186 D SurfaceView@c63e007: updateSurface: has no frame
10-16 17:44:36.997 17186 17186 D SurfaceView@c63e007: updateSurface: has no frame
10-16 17:44:37.014 17186 17186 D SurfaceView@c63e007: updateSurface: has no frame
10-16 17:44:37.030 17186 17186 D SurfaceView@c63e007: updateSurface: has no frame
10-16 17:44:37.050 17186 17186 D SurfaceView@c63e007: updateSurface: has no frame
10-16 17:44:37.063 17186 17186 D SurfaceView@c63e007: updateSurface: has no frame
10-16 17:44:37.080 17186 17186 D SurfaceView@c63e007: updateSurface: has no frame
10-16 17:44:37.097 17186 17186 D SurfaceView@c63e007: updateSurface: has no frame
10-16 17:44:37.114 17186 17186 D SurfaceView@c63e007: updateSurface: has no frame
10-16 17:44:37.130 17186 17186 D SurfaceView@c63e007: updateSurface: has no frame
10-16 17:44:37.147 17186 17186 D SurfaceView@c63e007: updateSurface: has no frame
10-16 17:44:37.163 17186 17186 D SurfaceView@c63e007: updateSurface: has no frame
10-16 17:44:37.180 17186 17186 D SurfaceView@c63e007: updateSurface: has no frame
10-16 17:44:37.197 17186 17186 D SurfaceView@c63e007: updateSurface: has no frame
10-16 17:44:37.213 17186 17186 D SurfaceView@c63e007: updateSurface: has no frame
10-16 17:44:37.230 17186 17186 D SurfaceView@c63e007: updateSurface: has no frame
10-16 17:44:37.247 17186 17186 D SurfaceView@c63e007: updateSurface: has no frame
10-16 17:44:37.263 17186 17186 D SurfaceView@c63e007: updateSurface: has no frame
10-16 17:44:37.280 17186 17186 D SurfaceView@c63e007: updateSurface: has no frame
10-16 17:44:37.297 17186 17186 D SurfaceView@c63e007: updateSurface: has no frame
10-16 17:44:37.313 17186 17186 D SurfaceView@c63e007: updateSurface: has no frame
10-16 17:44:37.330 17186 17186 D SurfaceView@c63e007: updateSurface: has no frame
10-16 17:44:37.347 17186 17186 D SurfaceView@c63e007: updateSurface: has no frame
10-16 17:44:37.363 17186 17186 D SurfaceView@c63e007: updateSurface: has no frame
10-16 17:44:37.380 17186 17186 D SurfaceView@c63e007: updateSurface: has no frame
10-16 17:44:37.396 17186 17186 D SurfaceView@c63e007: updateSurface: has no frame
10-16 17:44:37.413 17186 17186 D SurfaceView@c63e007: updateSurface: has no frame
10-16 17:44:37.430 17186 17186 D SurfaceView@c63e007: updateSurface: has no frame
10-16 17:44:37.447 17186 17186 D SurfaceView@c63e007: updateSurface: has no frame
10-16 17:44:37.464 17186 17186 D SurfaceView@c63e007: updateSurface: has no frame
10-16 17:44:37.480 17186 17186 D SurfaceView@c63e007: updateSurface: has no frame
10-16 17:44:37.497 17186 17186 D SurfaceView@c63e007: updateSurface: has no frame
10-16 17:44:37.513 17186 17186 D SurfaceView@c63e007: updateSurface: has no frame
10-16 17:44:37.530 17186 17186 D SurfaceView@c63e007: updateSurface: has no frame
10-16 17:44:37.546 17186 17186 D SurfaceView@c63e007: updateSurface: has no frame
10-16 17:44:37.563 17186 17186 D SurfaceView@c63e007: updateSurface: has no frame
10-16 17:44:37.579 17186 17186 D SurfaceView@c63e007: updateSurface: has no frame
10-16 17:44:37.594 17186 17236 D Asia2Tv : Found 16 initial episodes.
10-16 17:44:37.596 17186 17186 D SurfaceView@c63e007: updateSurface: has no frame
10-16 17:44:37.598 17186 17236 D Asia2Tv : Found Serie ID: 20523, CSRF Token: true
10-16 17:44:37.598 17186 17236 D Asia2Tv : Fetching page 2...
10-16 17:44:37.613 17186 17186 D SurfaceView@c63e007: updateSurface: has no frame
10-16 17:44:37.629 17186 17186 D SurfaceView@c63e007: updateSurface: has no frame
10-16 17:44:37.646 17186 17186 D SurfaceView@c63e007: updateSurface: has no frame
10-16 17:44:37.663 17186 17186 D SurfaceView@c63e007: updateSurface: has no frame
10-16 17:44:37.679 17186 17186 D SurfaceView@c63e007: updateSurface: has no frame
10-16 17:44:37.696 17186 17186 D SurfaceView@c63e007: updateSurface: has no frame
10-16 17:44:37.713 17186 17186 D SurfaceView@c63e007: updateSurface: has no frame
10-16 17:44:37.729 17186 17186 D SurfaceView@c63e007: updateSurface: has no frame
10-16 17:44:37.746 17186 17186 D SurfaceView@c63e007: updateSurface: has no frame
10-16 17:44:37.763 17186 17186 D SurfaceView@c63e007: updateSurface: has no frame
10-16 17:44:37.779 17186 17186 D SurfaceView@c63e007: updateSurface: has no frame
10-16 17:44:37.796 17186 17186 D SurfaceView@c63e007: updateSurface: has no frame
10-16 17:44:37.812 17186 17186 D SurfaceView@c63e007: updateSurface: has no frame
10-16 17:44:37.829 17186 17186 D SurfaceView@c63e007: updateSurface: has no frame
10-16 17:44:37.846 17186 17186 D SurfaceView@c63e007: updateSurface: has no frame
10-16 17:44:37.863 17186 17186 D SurfaceView@c63e007: updateSurface: has no frame
10-16 17:44:37.879 17186 17186 D SurfaceView@c63e007: updateSurface: has no frame
10-16 17:44:37.896 17186 17186 D SurfaceView@c63e007: updateSurface: has no frame
10-16 17:44:37.913 17186 17186 D SurfaceView@c63e007: updateSurface: has no frame
10-16 17:44:37.929 17186 17186 D SurfaceView@c63e007: updateSurface: has no frame
10-16 17:44:37.946 17186 17186 D SurfaceView@c63e007: updateSurface: has no frame
10-16 17:44:37.962 17186 17186 D SurfaceView@c63e007: updateSurface: has no frame
10-16 17:44:37.979 17186 17186 D SurfaceView@c63e007: updateSurface: has no frame
10-16 17:44:37.996 17186 17186 D SurfaceView@c63e007: updateSurface: has no frame
10-16 17:44:38.012 17186 17186 D SurfaceView@c63e007: updateSurface: has no frame
10-16 17:44:38.029 17186 17186 D SurfaceView@c63e007: updateSurface: has no frame
10-16 17:44:38.046 17186 17186 D SurfaceView@c63e007: updateSurface: has no frame
10-16 17:44:38.062 17186 17186 D SurfaceView@c63e007: updateSurface: has no frame
10-16 17:44:38.079 17186 17186 D SurfaceView@c63e007: updateSurface: has no frame
10-16 17:44:38.096 17186 17186 D SurfaceView@c63e007: updateSurface: has no frame
10-16 17:44:38.106 17186 17236 D Asia2Tv : Raw response for page 2: {
10-16 17:44:38.106 17186 17236 D Asia2Tv :     "message": "CSRF token mismatch."
10-16 17:44:38.106 17186 17236 D Asia2Tv : }
10-16 17:44:38.107 17186 17236 D Asia2Tv : Response status was false or response was null/invalid. Stopping loop.
10-16 17:44:38.107 17186 17236 D Asia2Tv : Load function finished. Total episodes found: 16
10-16 17:44:38.108 17186 17236 I RVM2    : applyMeta
10-16 17:44:38.112 17186 17186 D SurfaceView@c63e007: updateSurface: has no frame
10-16 17:44:38.116 17186 17186 W PanelsChildGestureRegionObserver: failed to register view with ID 2131362800. already registered
10-16 17:44:38.119 17186 17186 E CoilImgLoader: Error loading image: coil3.request.NullRequestDataException: The request's data is null.
10-16 17:44:38.124 17186 17186 E CoilImgLoader: Error loading image: coil3.request.NullRequestDataException: The request's data is null.
10-16 17:44:38.165 17186 17242 I SYNCVM  : addFromUrl = https://asia2tv.com/serie/2016-running-man
10-16 17:44:38.166 17186 17242 I SYNCUTIL: getIdsFromUrl https://asia2tv.com/serie/2016-running-man
10-16 17:44:38.356 17186 17186 D SurfaceView@c63e007: updateSurface: has no frame
10-16 17:44:38.361 17186 17186 I SurfaceView@c63e007: Changes: creating=true format=true size=true visible=true alpha=false hint=false mUseAlpha=false visible=true left=true top=true
10-16 17:44:38.363 17186 17186 I BLASTBufferQueue: update, w= 1080 h= 525 mName = null mNativeObject= 0x7b1b1b8900 sc.mNativeObject= 0x7ae7f97400 format= 4 caller= android.view.SurfaceView.createBlastSurfaceControls:1383 android.view.SurfaceView.updateSurface:1079 android.view.SurfaceView.lambda$new$0$android-view-SurfaceView:200 android.view.SurfaceView$$ExternalSyntheticLambda5.onPreDraw:2 android.view.ViewTreeObserver.dispatchOnPreDraw:1121 android.view.ViewRootImpl.performTraversals:4442 
10-16 17:44:38.364 17186 17186 I SurfaceView@c63e007: 207872007 Cur surface: Surface(name=null)/@0xa59788c
10-16 17:44:38.364 17186 17186 I SurfaceView@c63e007: pST: sr = Rect(0, 218 - 1080, 743) sw = 1080 sh = 525
10-16 17:44:38.364 17186 17186 D SurfaceView@c63e007: performSurfaceTransaction RenderWorker position = [0, 218, 1080, 743] surfaceSize = 1080x525
10-16 17:44:38.364 17186 17186 I SurfaceView@c63e007: applyTransactionOnVriDraw: vri = ViewRootImpl@562a9cf[MainActivity] fRS = false t = 0x7ae7bc0c00 android.view.SurfaceView.performSurfaceTransaction:959 android.view.SurfaceView.updateSurface:1105 android.view.SurfaceView.lambda$new$0$android-view-SurfaceView:200 
10-16 17:44:38.364 17186 17186 I ViewRootImpl@562a9cf[MainActivity]: applyTransactionOnDraw: mRemoved = false isHardwareEnabled = true t = 0x7ae7bc0c00android.view.SurfaceView.applyTransactionOnVriDraw:2048 android.view.SurfaceView.performSurfaceTransaction:959 android.view.SurfaceView.updateSurface:1105 android.view.SurfaceView.lambda$new$0$android-view-SurfaceView:200 android.view.SurfaceView$$ExternalSyntheticLambda5.onPreDraw:2 
10-16 17:44:38.364 17186 17186 I SurfaceView@c63e007: updateSurface: mVisible = true mSurface.isValid() = true
10-16 17:44:38.364 17186 17186 I SurfaceView@c63e007: updateSurface: mSurfaceCreated = false surfaceChanged = true visibleChanged = true
10-16 17:44:38.364 17186 17186 I SurfaceView@c63e007: visibleChanged -- surfaceCreated
10-16 17:44:38.364 17186 17186 I SurfaceView@c63e007: surfaceCreated 0 #8 android.view.SurfaceView{c63e007 V.E..V... ......ID 0,0-1080,525}
10-16 17:44:38.364 17186 17186 I SurfaceView@c63e007: surfaceChanged -- format=4 w=1080 h=525
10-16 17:44:38.364 17186 17186 I SurfaceView@c63e007: surfaceChanged (1080,525) 0 #8 android.view.SurfaceView{c63e007 V.E..V... ......ID 0,0-1080,525}
10-16 17:44:38.364 17186 17186 I SurfaceView@c63e007: surfaceRedrawNeeded
10-16 17:44:38.365 17186 17186 V SurfaceView@c63e007: Layout: x=0 y=218 w=1080 h=525, frame=Rect(0, 0 - 1080, 525)
10-16 17:44:38.380 17186 17270 D SurfaceView@c63e007: updateSurfacePosition RenderWorker, frameNr = 1414, position = [0, 218, 1080, 743] surfaceSize = 1080x525
10-16 17:44:38.380 17186 17270 I SurfaceView@c63e007: uSP: rtp = Rect(0, 218 - 1080, 743) rtsw = 1080 rtsh = 525
10-16 17:44:38.380 17186 17270 I SurfaceView@c63e007: onSSPAndSRT: pl = 0 pt = 218 sx = 1.0 sy = 1.0
10-16 17:44:38.380 17186 17270 I SurfaceView@c63e007: aOrMT: ViewRootImpl@562a9cf[MainActivity] t = android.view.SurfaceControl$Transaction@2efb051 fN = 1414 android.view.SurfaceView.-$$Nest$mapplyOrMergeTransaction:0 android.view.SurfaceView$SurfaceViewPositionUpdateListener.positionChanged:1537 android.graphics.RenderNode$CompositePositionUpdateListener.positionChanged:373 
10-16 17:44:38.381 17186 17270 I ViewRootImpl@562a9cf[MainActivity]: mWNT: t=0x7ae7bc0d00 mBlastBufferQueue=0x7b49432100 fn= 1414 caller= android.view.SurfaceView.applyOrMergeTransaction:1455 android.view.SurfaceView.-$$Nest$mapplyOrMergeTransaction:0 android.view.SurfaceView$SurfaceViewPositionUpdateListener.positionChanged:1537 
10-16 17:44:38.381 17186 17271 I ViewRootImpl@562a9cf[MainActivity]: mWNT: t=0x7ae7bc0c00 mBlastBufferQueue=0x7b49432100 fn= 1414 caller= android.view.ViewRootImpl.lambda$applyTransactionOnDraw$11$android-view-ViewRootImpl:12865 android.view.ViewRootImpl$$ExternalSyntheticLambda1.onFrameDraw:4 android.graphics.HardwareRenderer$FrameDrawingCallback.onFrameDraw:924 
10-16 17:44:38.444 17186 17186 I SurfaceView@c63e007: finishedDrawing
10-16 17:44:38.850 17186 17186 E CoilImgLoader: Error loading image: coil3.network.HttpException: HTTP 404
10-16 17:44:39.203 17186 17186 E CoilImgLoader: Error loading image: coil3.network.HttpException: HTTP 404
10-16 17:44:40.031 17186 17186 I ViewRootImpl@562a9cf[MainActivity]: ViewPostIme pointer 0
10-16 17:44:40.070 17186 17186 I SurfaceView@c63e007: Changes: creating=false format=false size=false visible=false alpha=false hint=false mUseAlpha=false visible=false left=false top=true
10-16 17:44:40.070 17186 17186 I SurfaceView@c63e007: 207872007 Cur surface: Surface(name=null)/@0xa59788c
10-16 17:44:40.071 17186 17186 I SurfaceView@c63e007: applyTransactionOnVriDraw: vri = ViewRootImpl@562a9cf[MainActivity] fRS = false t = 0x7ae7fe8400 android.view.SurfaceView.performSurfaceTransaction:959 android.view.SurfaceView.updateSurface:1105 android.view.SurfaceView.lambda$new$0$android-view-SurfaceView:200 
10-16 17:44:40.071 17186 17186 I ViewRootImpl@562a9cf[MainActivity]: applyTransactionOnDraw: mRemoved = false isHardwareEnabled = true t = 0x7ae7fe8400android.view.SurfaceView.applyTransactionOnVriDraw:2048 android.view.SurfaceView.performSurfaceTransaction:959 android.view.SurfaceView.updateSurface:1105 android.view.SurfaceView.lambda$new$0$android-view-SurfaceView:200 android.view.SurfaceView$$ExternalSyntheticLambda5.onPreDraw:2 
10-16 17:44:40.071 17186 17186 I SurfaceView@c63e007: updateSurface: mVisible = true mSurface.isValid() = true
10-16 17:44:40.072 17186 17186 I SurfaceView@c63e007: updateSurface: mSurfaceCreated = true surfaceChanged = false visibleChanged = false
10-16 17:44:40.072 17186 17186 V SurfaceView@c63e007: Layout: x=0 y=188 w=1080 h=525, frame=Rect(0, 0 - 1080, 525)
10-16 17:44:40.075 17186 17270 D SurfaceView@c63e007: updateSurfacePosition RenderWorker, frameNr = 1436, position = [0, 188, 1080, 713] surfaceSize = 1080x525
10-16 17:44:40.075 17186 17270 I SurfaceView@c63e007: uSP: rtp = Rect(0, 188 - 1080, 713) rtsw = 1080 rtsh = 525
10-16 17:44:40.075 17186 17270 I SurfaceView@c63e007: onSSPAndSRT: pl = 0 pt = 188 sx = 1.0 sy = 1.0
10-16 17:44:40.076 17186 17270 I SurfaceView@c63e007: aOrMT: ViewRootImpl@562a9cf[MainActivity] t = android.view.SurfaceControl$Transaction@2efb051 fN = 1436 android.view.SurfaceView.-$$Nest$mapplyOrMergeTransaction:0 android.view.SurfaceView$SurfaceViewPositionUpdateListener.positionChanged:1537 android.graphics.RenderNode$CompositePositionUpdateListener.positionChanged:373 
10-16 17:44:40.076 17186 17270 I ViewRootImpl@562a9cf[MainActivity]: mWNT: t=0x7ae7bc0d00 mBlastBufferQueue=0x7b49432100 fn= 1436 caller= android.view.SurfaceView.applyOrMergeTransaction:1455 android.view.SurfaceView.-$$Nest$mapplyOrMergeTransaction:0 android.view.SurfaceView$SurfaceViewPositionUpdateListener.positionChanged:1537 
10-16 17:44:40.077 17186 17271 I ViewRootImpl@562a9cf[MainActivity]: mWNT: t=0x7ae7fe8400 mBlastBufferQueue=0x7b49432100 fn= 1436 caller= android.view.ViewRootImpl.lambda$applyTransactionOnDraw$11$android-view-ViewRootImpl:12865 android.view.ViewRootImpl$$ExternalSyntheticLambda1.onFrameDraw:4 android.graphics.HardwareRenderer$FrameDrawingCallback.onFrameDraw:924 
10-16 17:44:40.084 17186 17186 I SurfaceView@c63e007: Changes: creating=false format=false size=false visible=false alpha=false hint=false mUseAlpha=false visible=false left=false top=true
10-16 17:44:40.084 17186 17186 I SurfaceView@c63e007: 207872007 Cur surface: Surface(name=null)/@0xa59788c
10-16 17:44:40.085 17186 17186 I SurfaceView@c63e007: applyTransactionOnVriDraw: vri = ViewRootImpl@562a9cf[MainActivity] fRS = false t = 0x7ae7fe8500 android.view.SurfaceView.performSurfaceTransaction:959 android.view.SurfaceView.updateSurface:1105 android.view.SurfaceView.lambda$new$0$android-view-SurfaceView:200 
10-16 17:44:40.086 17186 17186 I ViewRootImpl@562a9cf[MainActivity]: applyTransactionOnDraw: mRemoved = false isHardwareEnabled = true t = 0x7ae7fe8500android.view.SurfaceView.applyTransactionOnVriDraw:2048 android.view.SurfaceView.performSurfaceTransaction:959 android.view.SurfaceView.updateSurface:1105 android.view.SurfaceView.lambda$new$0$android-view-SurfaceView:200 android.view.SurfaceView$$ExternalSyntheticLambda5.onPreDraw:2 
10-16 17:44:40.086 17186 17186 I SurfaceView@c63e007: updateSurface: mVisible = true mSurface.isValid() = true
10-16 17:44:40.086 17186 17186 I SurfaceView@c63e007: updateSurface: mSurfaceCreated = true surfaceChanged = false visibleChanged = false
10-16 17:44:40.086 17186 17186 V SurfaceView@c63e007: Layout: x=0 y=82 w=1080 h=525, frame=Rect(0, 0 - 1080, 525)
10-16 17:44:40.103 17186 17270 D SurfaceView@c63e007: updateSurfacePosition RenderWorker, frameNr = 1437, position = [0, 82, 1080, 607] surfaceSize = 1080x525
10-16 17:44:40.103 17186 17270 I SurfaceView@c63e007: uSP: rtp = Rect(0, 82 - 1080, 607) rtsw = 1080 rtsh = 525
10-16 17:44:40.103 17186 17270 I SurfaceView@c63e007: onSSPAndSRT: pl = 0 pt = 82 sx = 1.0 sy = 1.0
10-16 17:44:40.103 17186 17270 I SurfaceView@c63e007: aOrMT: ViewRootImpl@562a9cf[MainActivity] t = android.view.SurfaceControl$Transaction@2efb051 fN = 1437 android.view.SurfaceView.-$$Nest$mapplyOrMergeTransaction:0 android.view.SurfaceView$SurfaceViewPositionUpdateListener.positionChanged:1537 android.graphics.RenderNode$CompositePositionUpdateListener.positionChanged:373 
10-16 17:44:40.104 17186 17270 I ViewRootImpl@562a9cf[MainActivity]: mWNT: t=0x7ae7bc0d00 mBlastBufferQueue=0x7b49432100 fn= 1437 caller= android.view.SurfaceView.applyOrMergeTransaction:1455 android.view.SurfaceView.-$$Nest$mapplyOrMergeTransaction:0 android.view.SurfaceView$SurfaceViewPositionUpdateListener.positionChanged:1537 
10-16 17:44:40.104 17186 17270 I ViewRootImpl@562a9cf[MainActivity]: mWNT: t=0x7ae7fe8500 mBlastBufferQueue=0x7b49432100 fn= 1437 caller= android.view.ViewRootImpl.lambda$applyTransactionOnDraw$11$android-view-ViewRootImpl:12865 android.view.ViewRootImpl$$ExternalSyntheticLambda1.onFrameDraw:4 android.graphics.HardwareRenderer$FrameDrawingCallback.onFrameDraw:924 
10-16 17:44:40.111 17186 17186 I SurfaceView@c63e007: Changes: creating=false format=false size=false visible=false alpha=false hint=false mUseAlpha=false visible=false left=false top=true
10-16 17:44:40.111 17186 17186 I SurfaceView@c63e007: 207872007 Cur surface: Surface(name=null)/@0xa59788c
10-16 17:44:40.112 17186 17186 I SurfaceView@c63e007: applyTransactionOnVriDraw: vri = ViewRootImpl@562a9cf[MainActivity] fRS = false t = 0x7ae7fe8700 android.view.SurfaceView.performSurfaceTransaction:959 android.view.SurfaceView.updateSurface:1105 android.view.SurfaceView.lambda$new$0$android-view-SurfaceView:200 
10-16 17:44:40.112 17186 17186 I ViewRootImpl@562a9cf[MainActivity]: applyTransactionOnDraw: mRemoved = false isHardwareEnabled = true t = 0x7ae7fe8700android.view.SurfaceView.applyTransactionOnVriDraw:2048 android.view.SurfaceView.performSurfaceTransaction:959 android.view.SurfaceView.updateSurface:1105 android.view.SurfaceView.lambda$new$0$android-view-SurfaceView:200 android.view.SurfaceView$$ExternalSyntheticLambda5.onPreDraw:2 
10-16 17:44:40.112 17186 17186 I SurfaceView@c63e007: updateSurface: mVisible = true mSurface.isValid() = true
10-16 17:44:40.113 17186 17186 I SurfaceView@c63e007: updateSurface: mSurfaceCreated = true surfaceChanged = false visibleChanged = false
10-16 17:44:40.113 17186 17186 V SurfaceView@c63e007: Layout: x=0 y=-64 w=1080 h=525, frame=Rect(0, 0 - 1080, 525)
10-16 17:44:40.125 17186 17271 D SurfaceView@c63e007: updateSurfacePosition RenderWorker, frameNr = 1438, position = [0, -64, 1080, 461] surfaceSize = 1080x525
10-16 17:44:40.125 17186 17271 I SurfaceView@c63e007: uSP: rtp = Rect(0, -64 - 1080, 461) rtsw = 1080 rtsh = 525
10-16 17:44:40.125 17186 17271 I SurfaceView@c63e007: onSSPAndSRT: pl = 0 pt = -64 sx = 1.0 sy = 1.0
10-16 17:44:40.125 17186 17271 I SurfaceView@c63e007: aOrMT: ViewRootImpl@562a9cf[MainActivity] t = android.view.SurfaceControl$Transaction@2efb051 fN = 1438 android.view.SurfaceView.-$$Nest$mapplyOrMergeTransaction:0 android.view.SurfaceView$SurfaceViewPositionUpdateListener.positionChanged:1537 android.graphics.RenderNode$CompositePositionUpdateListener.positionChanged:373 
10-16 17:44:40.125 17186 17271 I ViewRootImpl@562a9cf[MainActivity]: mWNT: t=0x7ae7bc0d00 mBlastBufferQueue=0x7b49432100 fn= 1438 caller= android.view.SurfaceView.applyOrMergeTransaction:1455 android.view.SurfaceView.-$$Nest$mapplyOrMergeTransaction:0 android.view.SurfaceView$SurfaceViewPositionUpdateListener.positionChanged:1537 
10-16 17:44:40.126 17186 17270 I ViewRootImpl@562a9cf[MainActivity]: mWNT: t=0x7ae7fe8700 mBlastBufferQueue=0x7b49432100 fn= 1438 caller= android.view.ViewRootImpl.lambda$applyTransactionOnDraw$11$android-view-ViewRootImpl:12865 android.view.ViewRootImpl$$ExternalSyntheticLambda1.onFrameDraw:4 android.graphics.HardwareRenderer$FrameDrawingCallback.onFrameDraw:924 
10-16 17:44:40.127 17186 17186 I ViewRootImpl@562a9cf[MainActivity]: ViewPostIme pointer 1
10-16 17:44:40.135 17186 17186 I SurfaceView@c63e007: Changes: creating=false format=false size=false visible=false alpha=false hint=false mUseAlpha=false visible=false left=false top=true
10-16 17:44:40.135 17186 17186 I SurfaceView@c63e007: 207872007 Cur surface: Surface(name=null)/@0xa59788c
10-16 17:44:40.136 17186 17186 I SurfaceView@c63e007: applyTransactionOnVriDraw: vri = ViewRootImpl@562a9cf[MainActivity] fRS = false t = 0x7ae7fe8a00 android.view.SurfaceView.performSurfaceTransaction:959 android.view.SurfaceView.updateSurface:1105 android.view.SurfaceView.lambda$new$0$android-view-SurfaceView:200 
10-16 17:44:40.137 17186 17186 I ViewRootImpl@562a9cf[MainActivity]: applyTransactionOnDraw: mRemoved = false isHardwareEnabled = true t = 0x7ae7fe8a00android.view.SurfaceView.applyTransactionOnVriDraw:2048 android.view.SurfaceView.performSurfaceTransaction:959 android.view.SurfaceView.updateSurface:1105 android.view.SurfaceView.lambda$new$0$android-view-SurfaceView:200 android.view.SurfaceView$$ExternalSyntheticLambda5.onPreDraw:2 
10-16 17:44:40.137 17186 17186 I SurfaceView@c63e007: updateSurface: mVisible = true mSurface.isValid() = true
10-16 17:44:40.137 17186 17186 I SurfaceView@c63e007: updateSurface: mSurfaceCreated = true surfaceChanged = false visibleChanged = false
10-16 17:44:40.137 17186 17186 V SurfaceView@c63e007: Layout: x=0 y=-125 w=1080 h=525, frame=Rect(0, 0 - 1080, 525)
10-16 17:44:40.143 17186 17270 D SurfaceView@c63e007: updateSurfacePosition RenderWorker, frameNr = 1439, position = [0, -125, 1080, 400] surfaceSize = 1080x525
10-16 17:44:40.143 17186 17270 I SurfaceView@c63e007: uSP: rtp = Rect(0, -125 - 1080, 400) rtsw = 1080 rtsh = 525
10-16 17:44:40.143 17186 17270 I SurfaceView@c63e007: onSSPAndSRT: pl = 0 pt = -125 sx = 1.0 sy = 1.0
10-16 17:44:40.144 17186 17270 I SurfaceView@c63e007: aOrMT: ViewRootImpl@562a9cf[MainActivity] t = android.view.SurfaceControl$Transaction@2efb051 fN = 1439 android.view.SurfaceView.-$$Nest$mapplyOrMergeTransaction:0 android.view.SurfaceView$SurfaceViewPositionUpdateListener.positionChanged:1537 android.graphics.RenderNode$CompositePositionUpdateListener.positionChanged:373 
10-16 17:44:40.144 17186 17270 I ViewRootImpl@562a9cf[MainActivity]: mWNT: t=0x7ae7bc0d00 mBlastBufferQueue=0x7b49432100 fn= 1439 caller= android.view.SurfaceView.applyOrMergeTransaction:1455 android.view.SurfaceView.-$$Nest$mapplyOrMergeTransaction:0 android.view.SurfaceView$SurfaceViewPositionUpdateListener.positionChanged:1537 
10-16 17:44:40.144 17186 17270 I ViewRootImpl@562a9cf[MainActivity]: mWNT: t=0x7ae7fe8a00 mBlastBufferQueue=0x7b49432100 fn= 1439 caller= android.view.ViewRootImpl.lambda$applyTransactionOnDraw$11$android-view-ViewRootImpl:12865 android.view.ViewRootImpl$$ExternalSyntheticLambda1.onFrameDraw:4 android.graphics.HardwareRenderer$FrameDrawingCallback.onFrameDraw:924 
10-16 17:44:40.156 17186 17271 D SurfaceView@c63e007: updateSurfacePosition RenderWorker, frameNr = 1440, position = [0, -196, 1080, 329] surfaceSize = 1080x525
10-16 17:44:40.156 17186 17271 I SurfaceView@c63e007: uSP: rtp = Rect(0, -196 - 1080, 329) rtsw = 1080 rtsh = 525
10-16 17:44:40.156 17186 17271 I SurfaceView@c63e007: onSSPAndSRT: pl = 0 pt = -196 sx = 1.0 sy = 1.0
10-16 17:44:40.157 17186 17271 I SurfaceView@c63e007: aOrMT: ViewRootImpl@562a9cf[MainActivity] t = android.view.SurfaceControl$Transaction@2efb051 fN = 1440 android.view.SurfaceView.-$$Nest$mapplyOrMergeTransaction:0 android.view.SurfaceView$SurfaceViewPositionUpdateListener.positionChanged:1537 android.graphics.RenderNode$CompositePositionUpdateListener.positionChanged:373 
10-16 17:44:40.157 17186 17271 I ViewRootImpl@562a9cf[MainActivity]: mWNT: t=0x7ae7bc0d00 mBlastBufferQueue=0x7b49432100 fn= 1440 caller= android.view.SurfaceView.applyOrMergeTransaction:1455 android.view.SurfaceView.-$$Nest$mapplyOrMergeTransaction:0 android.view.SurfaceView$SurfaceViewPositionUpdateListener.positionChanged:1537 
10-16 17:44:40.163 17186 17186 I SurfaceView@c63e007: Changes: creating=false format=false size=false visible=false alpha=false hint=false mUseAlpha=false visible=false left=false top=true
10-16 17:44:40.163 17186 17186 I SurfaceView@c63e007: 207872007 Cur surface: Surface(name=null)/@0xa59788c
10-16 17:44:40.164 17186 17186 I SurfaceView@c63e007: applyTransactionOnVriDraw: vri = ViewRootImpl@562a9cf[MainActivity] fRS = false t = 0x7ae7fe8b00 android.view.SurfaceView.performSurfaceTransaction:959 android.view.SurfaceView.updateSurface:1105 android.view.SurfaceView.lambda$new$0$android-view-SurfaceView:200 
10-16 17:44:40.164 17186 17186 I ViewRootImpl@562a9cf[MainActivity]: applyTransactionOnDraw: mRemoved = false isHardwareEnabled = true t = 0x7ae7fe8b00android.view.SurfaceView.applyTransactionOnVriDraw:2048 android.view.SurfaceView.performSurfaceTransaction:959 android.view.SurfaceView.updateSurface:1105 android.view.SurfaceView.lambda$new$0$android-view-SurfaceView:200 android.view.SurfaceView$$ExternalSyntheticLambda5.onPreDraw:2 
10-16 17:44:40.164 17186 17186 I SurfaceView@c63e007: updateSurface: mVisible = true mSurface.isValid() = true
10-16 17:44:40.164 17186 17186 I SurfaceView@c63e007: updateSurface: mSurfaceCreated = true surfaceChanged = false visibleChanged = false
10-16 17:44:40.164 17186 17186 V SurfaceView@c63e007: Layout: x=0 y=-196 w=1080 h=525, frame=Rect(0, 0 - 1080, 525)
10-16 17:44:40.168 17186 17270 D SurfaceView@c63e007: updateSurfacePosition RenderWorker, frameNr = 1441, position = [0, -316, 1080, 209] surfaceSize = 1080x525
10-16 17:44:40.168 17186 17270 I SurfaceView@c63e007: uSP: rtp = Rect(0, -316 - 1080, 209) rtsw = 1080 rtsh = 525
10-16 17:44:40.168 17186 17270 I SurfaceView@c63e007: onSSPAndSRT: pl = 0 pt = -316 sx = 1.0 sy = 1.0
10-16 17:44:40.168 17186 17270 I SurfaceView@c63e007: aOrMT: ViewRootImpl@562a9cf[MainActivity] t = android.view.SurfaceControl$Transaction@2efb051 fN = 1441 android.view.SurfaceView.-$$Nest$mapplyOrMergeTransaction:0 android.view.SurfaceView$SurfaceViewPositionUpdateListener.positionChanged:1537 android.graphics.RenderNode$CompositePositionUpdateListener.positionChanged:373 
10-16 17:44:40.168 17186 17270 I ViewRootImpl@562a9cf[MainActivity]: mWNT: t=0x7ae7bc0d00 mBlastBufferQueue=0x7b49432100 fn= 1441 caller= android.view.SurfaceView.applyOrMergeTransaction:1455 android.view.SurfaceView.-$$Nest$mapplyOrMergeTransaction:0 android.view.SurfaceView$SurfaceViewPositionUpdateListener.positionChanged:1537 
10-16 17:44:40.169 17186 17270 I ViewRootImpl@562a9cf[MainActivity]: mWNT: t=0x7ae7fe8b00 mBlastBufferQueue=0x7b49432100 fn= 1441 caller= android.view.ViewRootImpl.lambda$applyTransactionOnDraw$11$android-view-ViewRootImpl:12865 android.view.ViewRootImpl$$ExternalSyntheticLambda1.onFrameDraw:4 android.graphics.HardwareRenderer$FrameDrawingCallback.onFrameDraw:924 
10-16 17:44:40.179 17186 17186 I SurfaceView@c63e007: Changes: creating=false format=false size=false visible=false alpha=false hint=false mUseAlpha=false visible=false left=false top=true
10-16 17:44:40.179 17186 17186 I SurfaceView@c63e007: 207872007 Cur surface: Surface(name=null)/@0xa59788c
10-16 17:44:40.179 17186 17186 I SurfaceView@c63e007: applyTransactionOnVriDraw: vri = ViewRootImpl@562a9cf[MainActivity] fRS = false t = 0x7ae7fe8c00 android.view.SurfaceView.performSurfaceTransaction:959 android.view.SurfaceView.updateSurface:1105 android.view.SurfaceView.lambda$new$0$android-view-SurfaceView:200 
10-16 17:44:40.180 17186 17186 I ViewRootImpl@562a9cf[MainActivity]: applyTransactionOnDraw: mRemoved = false isHardwareEnabled = true t = 0x7ae7fe8c00android.view.SurfaceView.applyTransactionOnVriDraw:2048 android.view.SurfaceView.performSurfaceTransaction:959 android.view.SurfaceView.updateSurface:1105 android.view.SurfaceView.lambda$new$0$android-view-SurfaceView:200 android.view.SurfaceView$$ExternalSyntheticLambda5.onPreDraw:2 
10-16 17:44:40.180 17186 17186 I SurfaceView@c63e007: updateSurface: mVisible = true mSurface.isValid() = true
10-16 17:44:40.180 17186 17186 I SurfaceView@c63e007: updateSurface: mSurfaceCreated = true surfaceChanged = false visibleChanged = false
10-16 17:44:40.180 17186 17186 V SurfaceView@c63e007: Layout: x=0 y=-316 w=1080 h=525, frame=Rect(0, 0 - 1080, 525)
10-16 17:44:40.182 17186 17271 D SurfaceView@c63e007: updateSurfacePosition RenderWorker, frameNr = 1442, position = [0, -456, 1080, 69] surfaceSize = 1080x525
10-16 17:44:40.183 17186 17271 I SurfaceView@c63e007: uSP: rtp = Rect(0, -456 - 1080, 69) rtsw = 1080 rtsh = 525
10-16 17:44:40.183 17186 17271 I SurfaceView@c63e007: onSSPAndSRT: pl = 0 pt = -456 sx = 1.0 sy = 1.0
10-16 17:44:40.183 17186 17271 I SurfaceView@c63e007: aOrMT: ViewRootImpl@562a9cf[MainActivity] t = android.view.SurfaceControl$Transaction@2efb051 fN = 1442 android.view.SurfaceView.-$$Nest$mapplyOrMergeTransaction:0 android.view.SurfaceView$SurfaceViewPositionUpdateListener.positionChanged:1537 android.graphics.RenderNode$CompositePositionUpdateListener.positionChanged:373 
10-16 17:44:40.183 17186 17271 I ViewRootImpl@562a9cf[MainActivity]: mWNT: t=0x7ae7bc0d00 mBlastBufferQueue=0x7b49432100 fn= 1442 caller= android.view.SurfaceView.applyOrMergeTransaction:1455 android.view.SurfaceView.-$$Nest$mapplyOrMergeTransaction:0 android.view.SurfaceView$SurfaceViewPositionUpdateListener.positionChanged:1537 
10-16 17:44:40.183 17186 17271 I ViewRootImpl@562a9cf[MainActivity]: mWNT: t=0x7ae7fe8c00 mBlastBufferQueue=0x7b49432100 fn= 1442 caller= android.view.ViewRootImpl.lambda$applyTransactionOnDraw$11$android-view-ViewRootImpl:12865 android.view.ViewRootImpl$$ExternalSyntheticLambda1.onFrameDraw:4 android.graphics.HardwareRenderer$FrameDrawingCallback.onFrameDraw:924 
10-16 17:44:40.195 17186 17186 I SurfaceView@c63e007: Changes: creating=false format=false size=false visible=false alpha=false hint=false mUseAlpha=false visible=false left=false top=true
10-16 17:44:40.195 17186 17186 I SurfaceView@c63e007: 207872007 Cur surface: Surface(name=null)/@0xa59788c
10-16 17:44:40.195 17186 17186 I SurfaceView@c63e007: applyTransactionOnVriDraw: vri = ViewRootImpl@562a9cf[MainActivity] fRS = false t = 0x7ae7fe8d00 android.view.SurfaceView.performSurfaceTransaction:959 android.view.SurfaceView.updateSurface:1105 android.view.SurfaceView.lambda$new$0$android-view-SurfaceView:200 
10-16 17:44:40.196 17186 17186 I ViewRootImpl@562a9cf[MainActivity]: applyTransactionOnDraw: mRemoved = false isHardwareEnabled = true t = 0x7ae7fe8d00android.view.SurfaceView.applyTransactionOnVriDraw:2048 android.view.SurfaceView.performSurfaceTransaction:959 android.view.SurfaceView.updateSurface:1105 android.view.SurfaceView.lambda$new$0$android-view-SurfaceView:200 android.view.SurfaceView$$ExternalSyntheticLambda5.onPreDraw:2 
10-16 17:44:40.196 17186 17186 I SurfaceView@c63e007: updateSurface: mVisible = true mSurface.isValid() = true
10-16 17:44:40.196 17186 17186 I SurfaceView@c63e007: updateSurface: mSurfaceCreated = true surfaceChanged = false visibleChanged = false
10-16 17:44:40.196 17186 17186 V SurfaceView@c63e007: Layout: x=0 y=-456 w=1080 h=525, frame=Rect(0, 0 - 1080, 525)
10-16 17:44:40.198 17186 17270 D SurfaceView@c63e007: updateSurfacePosition RenderWorker, frameNr = 1443, position = [0, -605, 1080, -80] surfaceSize = 1080x525
10-16 17:44:40.199 17186 17270 I SurfaceView@c63e007: uSP: rtp = Rect(0, -605 - 1080, -80) rtsw = 1080 rtsh = 525
10-16 17:44:40.199 17186 17270 I SurfaceView@c63e007: onSSPAndSRT: pl = 0 pt = -605 sx = 1.0 sy = 1.0
10-16 17:44:40.199 17186 17270 I SurfaceView@c63e007: aOrMT: ViewRootImpl@562a9cf[MainActivity] t = android.view.SurfaceControl$Transaction@2efb051 fN = 1443 android.view.SurfaceView.-$$Nest$mapplyOrMergeTransaction:0 android.view.SurfaceView$SurfaceViewPositionUpdateListener.positionChanged:1537 android.graphics.RenderNode$CompositePositionUpdateListener.positionChanged:373 
10-16 17:44:40.199 17186 17270 I ViewRootImpl@562a9cf[MainActivity]: mWNT: t=0x7ae7bc0d00 mBlastBufferQueue=0x7b49432100 fn= 1443 caller= android.view.SurfaceView.applyOrMergeTransaction:1455 android.view.SurfaceView.-$$Nest$mapplyOrMergeTransaction:0 android.view.SurfaceView$SurfaceViewPositionUpdateListener.positionChanged:1537 
10-16 17:44:40.199 17186 17270 I ViewRootImpl@562a9cf[MainActivity]: mWNT: t=0x7ae7fe8d00 mBlastBufferQueue=0x7b49432100 fn= 1443 caller= android.view.ViewRootImpl.lambda$applyTransactionOnDraw$11$android-view-ViewRootImpl:12865 android.view.ViewRootImpl$$ExternalSyntheticLambda1.onFrameDraw:4 android.graphics.HardwareRenderer$FrameDrawingCallback.onFrameDraw:924 
10-16 17:44:40.212 17186 17186 I SurfaceView@c63e007: Changes: creating=false format=false size=false visible=false alpha=false hint=false mUseAlpha=false visible=false left=false top=true
10-16 17:44:40.212 17186 17186 I SurfaceView@c63e007: 207872007 Cur surface: Surface(name=null)/@0xa59788c
10-16 17:44:40.212 17186 17186 I SurfaceView@c63e007: applyTransactionOnVriDraw: vri = ViewRootImpl@562a9cf[MainActivity] fRS = false t = 0x7ae7fe8e00 android.view.SurfaceView.performSurfaceTransaction:959 android.view.SurfaceView.updateSurface:1105 android.view.SurfaceView.lambda$new$0$android-view-SurfaceView:200 
10-16 17:44:40.212 17186 17186 I ViewRootImpl@562a9cf[MainActivity]: applyTransactionOnDraw: mRemoved = false isHardwareEnabled = true t = 0x7ae7fe8e00android.view.SurfaceView.applyTransactionOnVriDraw:2048 android.view.SurfaceView.performSurfaceTransaction:959 android.view.SurfaceView.updateSurface:1105 android.view.SurfaceView.lambda$new$0$android-view-SurfaceView:200 android.view.SurfaceView$$ExternalSyntheticLambda5.onPreDraw:2 
10-16 17:44:40.212 17186 17186 I SurfaceView@c63e007: updateSurface: mVisible = true mSurface.isValid() = true
10-16 17:44:40.212 17186 17186 I SurfaceView@c63e007: updateSurface: mSurfaceCreated = true surfaceChanged = false visibleChanged = false
10-16 17:44:40.212 17186 17186 V SurfaceView@c63e007: Layout: x=0 y=-605 w=1080 h=525, frame=Rect(0, 0 - 1080, 525)
10-16 17:44:40.215 17186 17271 D SurfaceView@c63e007: updateSurfacePosition RenderWorker, frameNr = 1444, position = [0, -762, 1080, -237] surfaceSize = 1080x525
10-16 17:44:40.215 17186 17271 I SurfaceView@c63e007: uSP: rtp = Rect(0, -762 - 1080, -237) rtsw = 1080 rtsh = 525
10-16 17:44:40.215 17186 17271 I SurfaceView@c63e007: onSSPAndSRT: pl = 0 pt = -762 sx = 1.0 sy = 1.0
10-16 17:44:40.215 17186 17271 I SurfaceView@c63e007: aOrMT: ViewRootImpl@562a9cf[MainActivity] t = android.view.SurfaceControl$Transaction@2efb051 fN = 1444 android.view.SurfaceView.-$$Nest$mapplyOrMergeTransaction:0 android.view.SurfaceView$SurfaceViewPositionUpdateListener.positionChanged:1537 android.graphics.RenderNode$CompositePositionUpdateListener.positionChanged:373 
10-16 17:44:40.215 17186 17271 I ViewRootImpl@562a9cf[MainActivity]: mWNT: t=0x7ae7bc0d00 mBlastBufferQueue=0x7b49432100 fn= 1444 caller= android.view.SurfaceView.applyOrMergeTransaction:1455 android.view.SurfaceView.-$$Nest$mapplyOrMergeTransaction:0 android.view.SurfaceView$SurfaceViewPositionUpdateListener.positionChanged:1537 
10-16 17:44:40.216 17186 17271 I ViewRootImpl@562a9cf[MainActivity]: mWNT: t=0x7ae7fe8e00 mBlastBufferQueue=0x7b49432100 fn= 1444 caller= android.view.ViewRootImpl.lambda$applyTransactionOnDraw$11$android-view-ViewRootImpl:12865 android.view.ViewRootImpl$$ExternalSyntheticLambda1.onFrameDraw:4 android.graphics.HardwareRenderer$FrameDrawingCallback.onFrameDraw:924 
10-16 17:44:40.228 17186 17186 I SurfaceView@c63e007: Changes: creating=false format=false size=false visible=false alpha=false hint=false mUseAlpha=false visible=false left=false top=true
10-16 17:44:40.228 17186 17186 I SurfaceView@c63e007: 207872007 Cur surface: Surface(name=null)/@0xa59788c
10-16 17:44:40.228 17186 17186 I SurfaceView@c63e007: applyTransactionOnVriDraw: vri = ViewRootImpl@562a9cf[MainActivity] fRS = false t = 0x7ae7fe8f00 android.view.SurfaceView.performSurfaceTransaction:959 android.view.SurfaceView.updateSurface:1105 android.view.SurfaceView.lambda$new$0$android-view-SurfaceView:200 
10-16 17:44:40.228 17186 17186 I ViewRootImpl@562a9cf[MainActivity]: applyTransactionOnDraw: mRemoved = false isHardwareEnabled = true t = 0x7ae7fe8f00android.view.SurfaceView.applyTransactionOnVriDraw:2048 android.view.SurfaceView.performSurfaceTransaction:959 android.view.SurfaceView.updateSurface:1105 android.view.SurfaceView.lambda$new$0$android-view-SurfaceView:200 android.view.SurfaceView$$ExternalSyntheticLambda5.onPreDraw:2 
10-16 17:44:40.229 17186 17186 I SurfaceView@c63e007: updateSurface: mVisible = true mSurface.isValid() = true
10-16 17:44:40.229 17186 17186 I SurfaceView@c63e007: updateSurface: mSurfaceCreated = true surfaceChanged = false visibleChanged = false
10-16 17:44:40.229 17186 17186 V SurfaceView@c63e007: Layout: x=0 y=-762 w=1080 h=525, frame=Rect(0, 0 - 1080, 525)
10-16 17:44:40.231 17186 17270 D SurfaceView@c63e007: updateSurfacePosition RenderWorker, frameNr = 1445, position = [0, -917, 1080, -392] surfaceSize = 1080x525
10-16 17:44:40.231 17186 17270 I SurfaceView@c63e007: uSP: rtp = Rect(0, -917 - 1080, -392) rtsw = 1080 rtsh = 525
10-16 17:44:40.231 17186 17270 I SurfaceView@c63e007: onSSPAndSRT: pl = 0 pt = -917 sx = 1.0 sy = 1.0
10-16 17:44:40.231 17186 17270 I SurfaceView@c63e007: aOrMT: ViewRootImpl@562a9cf[MainActivity] t = android.view.SurfaceControl$Transaction@2efb051 fN = 1445 android.view.SurfaceView.-$$Nest$mapplyOrMergeTransaction:0 android.view.SurfaceView$SurfaceViewPositionUpdateListener.positionChanged:1537 android.graphics.RenderNode$CompositePositionUpdateListener.positionChanged:373 
10-16 17:44:40.231 17186 17270 I ViewRootImpl@562a9cf[MainActivity]: mWNT: t=0x7ae7bc0d00 mBlastBufferQueue=0x7b49432100 fn= 1445 caller= android.view.SurfaceView.applyOrMergeTransaction:1455 android.view.SurfaceView.-$$Nest$mapplyOrMergeTransaction:0 android.view.SurfaceView$SurfaceViewPositionUpdateListener.positionChanged:1537 
10-16 17:44:40.232 17186 17270 I ViewRootImpl@562a9cf[MainActivity]: mWNT: t=0x7ae7fe8f00 mBlastBufferQueue=0x7b49432100 fn= 1445 caller= android.view.ViewRootImpl.lambda$applyTransactionOnDraw$11$android-view-ViewRootImpl:12865 android.view.ViewRootImpl$$ExternalSyntheticLambda1.onFrameDraw:4 android.graphics.HardwareRenderer$FrameDrawingCallback.onFrameDraw:924 
10-16 17:44:40.244 17186 17186 I SurfaceView@c63e007: Changes: creating=false format=false size=false visible=false alpha=false hint=false mUseAlpha=false visible=false left=false top=true
10-16 17:44:40.244 17186 17186 I SurfaceView@c63e007: 207872007 Cur surface: Surface(name=null)/@0xa59788c
10-16 17:44:40.245 17186 17186 I SurfaceView@c63e007: applyTransactionOnVriDraw: vri = ViewRootImpl@562a9cf[MainActivity] fRS = false t = 0x7bed803000 android.view.SurfaceView.performSurfaceTransaction:959 android.view.SurfaceView.updateSurface:1105 android.view.SurfaceView.lambda$new$0$android-view-SurfaceView:200 
10-16 17:44:40.245 17186 17186 I ViewRootImpl@562a9cf[MainActivity]: applyTransactionOnDraw: mRemoved = false isHardwareEnabled = true t = 0x7bed803000android.view.SurfaceView.applyTransactionOnVriDraw:2048 android.view.SurfaceView.performSurfaceTransaction:959 android.view.SurfaceView.updateSurface:1105 android.view.SurfaceView.lambda$new$0$android-view-SurfaceView:200 android.view.SurfaceView$$ExternalSyntheticLambda5.onPreDraw:2 
10-16 17:44:40.245 17186 17186 I SurfaceView@c63e007: updateSurface: mVisible = true mSurface.isValid() = true
10-16 17:44:40.245 17186 17186 I SurfaceView@c63e007: updateSurface: mSurfaceCreated = true surfaceChanged = false visibleChanged = false
10-16 17:44:40.245 17186 17186 V SurfaceView@c63e007: Layout: x=0 y=-917 w=1080 h=525, frame=Rect(0, 0 - 1080, 525)
10-16 17:44:40.247 17186 17271 D SurfaceView@c63e007: updateSurfacePosition RenderWorker, frameNr = 1446, position = [0, -1078, 1080, -553] surfaceSize = 1080x525
10-16 17:44:40.247 17186 17271 I SurfaceView@c63e007: uSP: rtp = Rect(0, -1078 - 1080, -553) rtsw = 1080 rtsh = 525
10-16 17:44:40.247 17186 17271 I SurfaceView@c63e007: onSSPAndSRT: pl = 0 pt = -1078 sx = 1.0 sy = 1.0
10-16 17:44:40.247 17186 17271 I SurfaceView@c63e007: aOrMT: ViewRootImpl@562a9cf[MainActivity] t = android.view.SurfaceControl$Transaction@2efb051 fN = 1446 android.view.SurfaceView.-$$Nest$mapplyOrMergeTransaction:0 android.view.SurfaceView$SurfaceViewPositionUpdateListener.positionChanged:1537 android.graphics.RenderNode$CompositePositionUpdateListener.positionChanged:373 
10-16 17:44:40.248 17186 17271 I ViewRootImpl@562a9cf[MainActivity]: mWNT: t=0x7ae7bc0d00 mBlastBufferQueue=0x7b49432100 fn= 1446 caller= android.view.SurfaceView.applyOrMergeTransaction:1455 android.view.SurfaceView.-$$Nest$mapplyOrMergeTransaction:0 android.view.SurfaceView$SurfaceViewPositionUpdateListener.positionChanged:1537 
10-16 17:44:40.248 17186 17271 I ViewRootImpl@562a9cf[MainActivity]: mWNT: t=0x7bed803000 mBlastBufferQueue=0x7b49432100 fn= 1446 caller= android.view.ViewRootImpl.lambda$applyTransactionOnDraw$11$android-view-ViewRootImpl:12865 android.view.ViewRootImpl$$ExternalSyntheticLambda1.onFrameDraw:4 android.graphics.HardwareRenderer$FrameDrawingCallback.onFrameDraw:924 
10-16 17:44:40.261 17186 17186 I SurfaceView@c63e007: Changes: creating=false format=false size=false visible=false alpha=false hint=false mUseAlpha=false visible=false left=false top=true
10-16 17:44:40.261 17186 17186 I SurfaceView@c63e007: 207872007 Cur surface: Surface(name=null)/@0xa59788c
10-16 17:44:40.261 17186 17186 I SurfaceView@c63e007: applyTransactionOnVriDraw: vri = ViewRootImpl@562a9cf[MainActivity] fRS = false t = 0x7bed803100 android.view.SurfaceView.performSurfaceTransaction:959 android.view.SurfaceView.updateSurface:1105 android.view.SurfaceView.lambda$new$0$android-view-SurfaceView:200 
10-16 17:44:40.262 17186 17186 I ViewRootImpl@562a9cf[MainActivity]: applyTransactionOnDraw: mRemoved = false isHardwareEnabled = true t = 0x7bed803100android.view.SurfaceView.applyTransactionOnVriDraw:2048 android.view.SurfaceView.performSurfaceTransaction:959 android.view.SurfaceView.updateSurface:1105 android.view.SurfaceView.lambda$new$0$android-view-SurfaceView:200 android.view.SurfaceView$$ExternalSyntheticLambda5.onPreDraw:2 
10-16 17:44:40.262 17186 17186 I SurfaceView@c63e007: updateSurface: mVisible = true mSurface.isValid() = true
10-16 17:44:40.262 17186 17186 I SurfaceView@c63e007: updateSurface: mSurfaceCreated = true surfaceChanged = false visibleChanged = false
10-16 17:44:40.262 17186 17186 V SurfaceView@c63e007: Layout: x=0 y=-1078 w=1080 h=525, frame=Rect(0, 0 - 1080, 525)
10-16 17:44:40.264 17186 17270 D SurfaceView@c63e007: updateSurfacePosition RenderWorker, frameNr = 1447, position = [0, -1237, 1080, -712] surfaceSize = 1080x525
10-16 17:44:40.264 17186 17270 I SurfaceView@c63e007: uSP: rtp = Rect(0, -1237 - 1080, -712) rtsw = 1080 rtsh = 525
10-16 17:44:40.264 17186 17270 I SurfaceView@c63e007: onSSPAndSRT: pl = 0 pt = -1237 sx = 1.0 sy = 1.0
10-16 17:44:40.265 17186 17270 I SurfaceView@c63e007: aOrMT: ViewRootImpl@562a9cf[MainActivity] t = android.view.SurfaceControl$Transaction@2efb051 fN = 1447 android.view.SurfaceView.-$$Nest$mapplyOrMergeTransaction:0 android.view.SurfaceView$SurfaceViewPositionUpdateListener.positionChanged:1537 android.graphics.RenderNode$CompositePositionUpdateListener.positionChanged:373 
10-16 17:44:40.265 17186 17270 I ViewRootImpl@562a9cf[MainActivity]: mWNT: t=0x7ae7bc0d00 mBlastBufferQueue=0x7b49432100 fn= 1447 caller= android.view.SurfaceView.applyOrMergeTransaction:1455 android.view.SurfaceView.-$$Nest$mapplyOrMergeTransaction:0 android.view.SurfaceView$SurfaceViewPositionUpdateListener.positionChanged:1537 
10-16 17:44:40.265 17186 17270 I ViewRootImpl@562a9cf[MainActivity]: mWNT: t=0x7bed803100 mBlastBufferQueue=0x7b49432100 fn= 1447 caller= android.view.ViewRootImpl.lambda$applyTransactionOnDraw$11$android-view-ViewRootImpl:12865 android.view.ViewRootImpl$$ExternalSyntheticLambda1.onFrameDraw:4 android.graphics.HardwareRenderer$FrameDrawingCallback.onFrameDraw:924 
10-16 17:44:40.279 17186 17186 I SurfaceView@c63e007: Changes: creating=false format=false size=false visible=false alpha=false hint=false mUseAlpha=false visible=false left=false top=true
10-16 17:44:40.279 17186 17186 I SurfaceView@c63e007: 207872007 Cur surface: Surface(name=null)/@0xa59788c
10-16 17:44:40.280 17186 17186 I SurfaceView@c63e007: applyTransactionOnVriDraw: vri = ViewRootImpl@562a9cf[MainActivity] fRS = false t = 0x7bed803200 android.view.SurfaceView.performSurfaceTransaction:959 android.view.SurfaceView.updateSurface:1105 android.view.SurfaceView.lambda$new$0$android-view-SurfaceView:200 
10-16 17:44:40.280 17186 17186 I ViewRootImpl@562a9cf[MainActivity]: applyTransactionOnDraw: mRemoved = false isHardwareEnabled = true t = 0x7bed803200android.view.SurfaceView.applyTransactionOnVriDraw:2048 android.view.SurfaceView.performSurfaceTransaction:959 android.view.SurfaceView.updateSurface:1105 android.view.SurfaceView.lambda$new$0$android-view-SurfaceView:200 android.view.SurfaceView$$ExternalSyntheticLambda5.onPreDraw:2 
10-16 17:44:40.280 17186 17186 I SurfaceView@c63e007: updateSurface: mVisible = true mSurface.isValid() = true
10-16 17:44:40.280 17186 17186 I SurfaceView@c63e007: updateSurface: mSurfaceCreated = true surfaceChanged = false visibleChanged = false
10-16 17:44:40.280 17186 17186 V SurfaceView@c63e007: Layout: x=0 y=-1237 w=1080 h=525, frame=Rect(0, 0 - 1080, 525)
10-16 17:44:40.284 17186 17271 D SurfaceView@c63e007: updateSurfacePosition RenderWorker, frameNr = 1448, position = [0, -1382, 1080, -857] surfaceSize = 1080x525
10-16 17:44:40.284 17186 17271 I SurfaceView@c63e007: uSP: rtp = Rect(0, -1382 - 1080, -857) rtsw = 1080 rtsh = 525
10-16 17:44:40.284 17186 17271 I SurfaceView@c63e007: onSSPAndSRT: pl = 0 pt = -1382 sx = 1.0 sy = 1.0
10-16 17:44:40.284 17186 17271 I SurfaceView@c63e007: aOrMT: ViewRootImpl@562a9cf[MainActivity] t = android.view.SurfaceControl$Transaction@2efb051 fN = 1448 android.view.SurfaceView.-$$Nest$mapplyOrMergeTransaction:0 android.view.SurfaceView$SurfaceViewPositionUpdateListener.positionChanged:1537 android.graphics.RenderNode$CompositePositionUpdateListener.positionChanged:373 
10-16 17:44:40.284 17186 17271 I ViewRootImpl@562a9cf[MainActivity]: mWNT: t=0x7ae7bc0d00 mBlastBufferQueue=0x7b49432100 fn= 1448 caller= android.view.SurfaceView.applyOrMergeTransaction:1455 android.view.SurfaceView.-$$Nest$mapplyOrMergeTransaction:0 android.view.SurfaceView$SurfaceViewPositionUpdateListener.positionChanged:1537 
