10-16 17:44:14.433 17186 17271 I ViewRootImpl@562a9cf[MainActivity]: mWNT: t=0x7b31469100 mBlastBufferQueue=0x7b49432100 fn= 675 caller= android.view.SurfaceView.applyOrMergeTransaction:1455 android.view.SurfaceView.-$$Nest$mapplyOrMergeTransaction:0 android.view.SurfaceView$SurfaceViewPositionUpdateListener.positionChanged:1537 
10-16 17:44:14.434 17186 17271 I ViewRootImpl@562a9cf[MainActivity]: mWNT: t=0x7af5bcfb00 mBlastBufferQueue=0x7b49432100 fn= 675 caller= android.view.ViewRootImpl.lambda$applyTransactionOnDraw$11$android-view-ViewRootImpl:12865 android.view.ViewRootImpl$$ExternalSyntheticLambda1.onFrameDraw:4 android.graphics.HardwareRenderer$FrameDrawingCallback.onFrameDraw:924 
10-16 17:44:14.435 17186 17186 I SurfaceView@d007ee0: Changes: creating=false format=false size=false visible=false alpha=false hint=false mUseAlpha=false visible=false left=false top=true
10-16 17:44:14.435 17186 17186 I SurfaceView@d007ee0: 218136288 Cur surface: Surface(name=null)/@0xb6634f9
10-16 17:44:14.435 17186 17186 I SurfaceView@d007ee0: applyTransactionOnVriDraw: vri = ViewRootImpl@562a9cf[MainActivity] fRS = false t = 0x7af5bcfc00 android.view.SurfaceView.performSurfaceTransaction:959 android.view.SurfaceView.updateSurface:1105 android.view.SurfaceView.lambda$new$0$android-view-SurfaceView:200 
10-16 17:44:14.435 17186 17186 I ViewRootImpl@562a9cf[MainActivity]: applyTransactionOnDraw: mRemoved = false isHardwareEnabled = true t = 0x7af5bcfc00android.view.SurfaceView.applyTransactionOnVriDraw:2048 android.view.SurfaceView.performSurfaceTransaction:959 android.view.SurfaceView.updateSurface:1105 android.view.SurfaceView.lambda$new$0$android-view-SurfaceView:200 android.view.SurfaceView$$ExternalSyntheticLambda5.onPreDraw:2 
10-16 17:44:14.435 17186 17186 I SurfaceView@d007ee0: updateSurface: mVisible = true mSurface.isValid() = true
10-16 17:44:14.435 17186 17186 I SurfaceView@d007ee0: updateSurface: mSurfaceCreated = true surfaceChanged = false visibleChanged = false
10-16 17:44:14.436 17186 17186 V SurfaceView@d007ee0: Layout: x=0 y=-1083 w=1080 h=525, frame=Rect(0, 0 - 1080, 525)
10-16 17:44:14.449 17186 17270 D SurfaceView@d007ee0: updateSurfacePosition RenderWorker, frameNr = 676, position = [0, -1083, 1080, -558] surfaceSize = 1080x525
10-16 17:44:14.449 17186 17270 I SurfaceView@d007ee0: uSP: rtp = Rect(0, -1083 - 1080, -558) rtsw = 1080 rtsh = 525
10-16 17:44:14.450 17186 17270 I SurfaceView@d007ee0: onSSPAndSRT: pl = 0 pt = -1083 sx = 1.0 sy = 1.0
10-16 17:44:14.450 17186 17270 I SurfaceView@d007ee0: aOrMT: ViewRootImpl@562a9cf[MainActivity] t = android.view.SurfaceControl$Transaction@7843e4a fN = 676 android.view.SurfaceView.-$$Nest$mapplyOrMergeTransaction:0 android.view.SurfaceView$SurfaceViewPositionUpdateListener.positionChanged:1537 android.graphics.RenderNode$CompositePositionUpdateListener.positionChanged:373 
10-16 17:44:14.450 17186 17270 I ViewRootImpl@562a9cf[MainActivity]: mWNT: t=0x7b31469100 mBlastBufferQueue=0x7b49432100 fn= 676 caller= android.view.SurfaceView.applyOrMergeTransaction:1455 android.view.SurfaceView.-$$Nest$mapplyOrMergeTransaction:0 android.view.SurfaceView$SurfaceViewPositionUpdateListener.positionChanged:1537 
10-16 17:44:14.450 17186 17270 I ViewRootImpl@562a9cf[MainActivity]: mWNT: t=0x7af5bcfc00 mBlastBufferQueue=0x7b49432100 fn= 676 caller= android.view.ViewRootImpl.lambda$applyTransactionOnDraw$11$android-view-ViewRootImpl:12865 android.view.ViewRootImpl$$ExternalSyntheticLambda1.onFrameDraw:4 android.graphics.HardwareRenderer$FrameDrawingCallback.onFrameDraw:924 
10-16 17:44:14.451 17186 17186 I SurfaceView@d007ee0: Changes: creating=false format=false size=false visible=false alpha=false hint=false mUseAlpha=false visible=false left=false top=true
10-16 17:44:14.452 17186 17186 I SurfaceView@d007ee0: 218136288 Cur surface: Surface(name=null)/@0xb6634f9
10-16 17:44:14.452 17186 17186 I SurfaceView@d007ee0: applyTransactionOnVriDraw: vri = ViewRootImpl@562a9cf[MainActivity] fRS = false t = 0x7af5bcfd00 android.view.SurfaceView.performSurfaceTransaction:959 android.view.SurfaceView.updateSurface:1105 android.view.SurfaceView.lambda$new$0$android-view-SurfaceView:200 
10-16 17:44:14.452 17186 17186 I ViewRootImpl@562a9cf[MainActivity]: applyTransactionOnDraw: mRemoved = false isHardwareEnabled = true t = 0x7af5bcfd00android.view.SurfaceView.applyTransactionOnVriDraw:2048 android.view.SurfaceView.performSurfaceTransaction:959 android.view.SurfaceView.updateSurface:1105 android.view.SurfaceView.lambda$new$0$android-view-SurfaceView:200 android.view.SurfaceView$$ExternalSyntheticLambda5.onPreDraw:2 
10-16 17:44:14.452 17186 17186 I SurfaceView@d007ee0: updateSurface: mVisible = true mSurface.isValid() = true
10-16 17:44:14.452 17186 17186 I SurfaceView@d007ee0: updateSurface: mSurfaceCreated = true surfaceChanged = false visibleChanged = false
10-16 17:44:14.452 17186 17186 V SurfaceView@d007ee0: Layout: x=0 y=-1097 w=1080 h=525, frame=Rect(0, 0 - 1080, 525)
10-16 17:44:14.466 17186 17271 D SurfaceView@d007ee0: updateSurfacePosition RenderWorker, frameNr = 677, position = [0, -1097, 1080, -572] surfaceSize = 1080x525
10-16 17:44:14.466 17186 17271 I SurfaceView@d007ee0: uSP: rtp = Rect(0, -1097 - 1080, -572) rtsw = 1080 rtsh = 525
10-16 17:44:14.467 17186 17271 I SurfaceView@d007ee0: onSSPAndSRT: pl = 0 pt = -1097 sx = 1.0 sy = 1.0
10-16 17:44:14.467 17186 17271 I SurfaceView@d007ee0: aOrMT: ViewRootImpl@562a9cf[MainActivity] t = android.view.SurfaceControl$Transaction@7843e4a fN = 677 android.view.SurfaceView.-$$Nest$mapplyOrMergeTransaction:0 android.view.SurfaceView$SurfaceViewPositionUpdateListener.positionChanged:1537 android.graphics.RenderNode$CompositePositionUpdateListener.positionChanged:373 
10-16 17:44:14.467 17186 17271 I ViewRootImpl@562a9cf[MainActivity]: mWNT: t=0x7b31469100 mBlastBufferQueue=0x7b49432100 fn= 677 caller= android.view.SurfaceView.applyOrMergeTransaction:1455 android.view.SurfaceView.-$$Nest$mapplyOrMergeTransaction:0 android.view.SurfaceView$SurfaceViewPositionUpdateListener.positionChanged:1537 
10-16 17:44:14.467 17186 17271 I ViewRootImpl@562a9cf[MainActivity]: mWNT: t=0x7af5bcfd00 mBlastBufferQueue=0x7b49432100 fn= 677 caller= android.view.ViewRootImpl.lambda$applyTransactionOnDraw$11$android-view-ViewRootImpl:12865 android.view.ViewRootImpl$$ExternalSyntheticLambda1.onFrameDraw:4 android.graphics.HardwareRenderer$FrameDrawingCallback.onFrameDraw:924 
10-16 17:44:14.468 17186 17186 I SurfaceView@d007ee0: Changes: creating=false format=false size=false visible=false alpha=false hint=false mUseAlpha=false visible=false left=false top=true
10-16 17:44:14.468 17186 17186 I SurfaceView@d007ee0: 218136288 Cur surface: Surface(name=null)/@0xb6634f9
10-16 17:44:14.469 17186 17186 I SurfaceView@d007ee0: applyTransactionOnVriDraw: vri = ViewRootImpl@562a9cf[MainActivity] fRS = false t = 0x7af5bcfe00 android.view.SurfaceView.performSurfaceTransaction:959 android.view.SurfaceView.updateSurface:1105 android.view.SurfaceView.lambda$new$0$android-view-SurfaceView:200 
10-16 17:44:14.469 17186 17186 I ViewRootImpl@562a9cf[MainActivity]: applyTransactionOnDraw: mRemoved = false isHardwareEnabled = true t = 0x7af5bcfe00android.view.SurfaceView.applyTransactionOnVriDraw:2048 android.view.SurfaceView.performSurfaceTransaction:959 android.view.SurfaceView.updateSurface:1105 android.view.SurfaceView.lambda$new$0$android-view-SurfaceView:200 android.view.SurfaceView$$ExternalSyntheticLambda5.onPreDraw:2 
10-16 17:44:14.469 17186 17186 I SurfaceView@d007ee0: updateSurface: mVisible = true mSurface.isValid() = true
10-16 17:44:14.469 17186 17186 I SurfaceView@d007ee0: updateSurface: mSurfaceCreated = true surfaceChanged = false visibleChanged = false
10-16 17:44:14.469 17186 17186 V SurfaceView@d007ee0: Layout: x=0 y=-1110 w=1080 h=525, frame=Rect(0, 0 - 1080, 525)
10-16 17:44:14.483 17186 17270 D SurfaceView@d007ee0: updateSurfacePosition RenderWorker, frameNr = 678, position = [0, -1110, 1080, -585] surfaceSize = 1080x525
10-16 17:44:14.483 17186 17270 I SurfaceView@d007ee0: uSP: rtp = Rect(0, -1110 - 1080, -585) rtsw = 1080 rtsh = 525
10-16 17:44:14.483 17186 17270 I SurfaceView@d007ee0: onSSPAndSRT: pl = 0 pt = -1110 sx = 1.0 sy = 1.0
10-16 17:44:14.483 17186 17270 I SurfaceView@d007ee0: aOrMT: ViewRootImpl@562a9cf[MainActivity] t = android.view.SurfaceControl$Transaction@7843e4a fN = 678 android.view.SurfaceView.-$$Nest$mapplyOrMergeTransaction:0 android.view.SurfaceView$SurfaceViewPositionUpdateListener.positionChanged:1537 android.graphics.RenderNode$CompositePositionUpdateListener.positionChanged:373 
10-16 17:44:14.483 17186 17270 I ViewRootImpl@562a9cf[MainActivity]: mWNT: t=0x7b31469100 mBlastBufferQueue=0x7b49432100 fn= 678 caller= android.view.SurfaceView.applyOrMergeTransaction:1455 android.view.SurfaceView.-$$Nest$mapplyOrMergeTransaction:0 android.view.SurfaceView$SurfaceViewPositionUpdateListener.positionChanged:1537 
10-16 17:44:14.483 17186 17270 I ViewRootImpl@562a9cf[MainActivity]: mWNT: t=0x7af5bcfe00 mBlastBufferQueue=0x7b49432100 fn= 678 caller= android.view.ViewRootImpl.lambda$applyTransactionOnDraw$11$android-view-ViewRootImpl:12865 android.view.ViewRootImpl$$ExternalSyntheticLambda1.onFrameDraw:4 android.graphics.HardwareRenderer$FrameDrawingCallback.onFrameDraw:924 
10-16 17:44:14.485 17186 17186 I SurfaceView@d007ee0: Changes: creating=false format=false size=false visible=false alpha=false hint=false mUseAlpha=false visible=false left=false top=true
10-16 17:44:14.485 17186 17186 I SurfaceView@d007ee0: 218136288 Cur surface: Surface(name=null)/@0xb6634f9
10-16 17:44:14.485 17186 17186 I SurfaceView@d007ee0: applyTransactionOnVriDraw: vri = ViewRootImpl@562a9cf[MainActivity] fRS = false t = 0x7af5bcff00 android.view.SurfaceView.performSurfaceTransaction:959 android.view.SurfaceView.updateSurface:1105 android.view.SurfaceView.lambda$new$0$android-view-SurfaceView:200 
10-16 17:44:14.485 17186 17186 I ViewRootImpl@562a9cf[MainActivity]: applyTransactionOnDraw: mRemoved = false isHardwareEnabled = true t = 0x7af5bcff00android.view.SurfaceView.applyTransactionOnVriDraw:2048 android.view.SurfaceView.performSurfaceTransaction:959 android.view.SurfaceView.updateSurface:1105 android.view.SurfaceView.lambda$new$0$android-view-SurfaceView:200 android.view.SurfaceView$$ExternalSyntheticLambda5.onPreDraw:2 
10-16 17:44:14.485 17186 17186 I SurfaceView@d007ee0: updateSurface: mVisible = true mSurface.isValid() = true
10-16 17:44:14.485 17186 17186 I SurfaceView@d007ee0: updateSurface: mSurfaceCreated = true surfaceChanged = false visibleChanged = false
10-16 17:44:14.485 17186 17186 V SurfaceView@d007ee0: Layout: x=0 y=-1123 w=1080 h=525, frame=Rect(0, 0 - 1080, 525)
10-16 17:44:14.499 17186 17271 D SurfaceView@d007ee0: updateSurfacePosition RenderWorker, frameNr = 679, position = [0, -1123, 1080, -598] surfaceSize = 1080x525
10-16 17:44:14.499 17186 17271 I SurfaceView@d007ee0: uSP: rtp = Rect(0, -1123 - 1080, -598) rtsw = 1080 rtsh = 525
10-16 17:44:14.499 17186 17271 I SurfaceView@d007ee0: onSSPAndSRT: pl = 0 pt = -1123 sx = 1.0 sy = 1.0
10-16 17:44:14.500 17186 17271 I SurfaceView@d007ee0: aOrMT: ViewRootImpl@562a9cf[MainActivity] t = android.view.SurfaceControl$Transaction@7843e4a fN = 679 android.view.SurfaceView.-$$Nest$mapplyOrMergeTransaction:0 android.view.SurfaceView$SurfaceViewPositionUpdateListener.positionChanged:1537 android.graphics.RenderNode$CompositePositionUpdateListener.positionChanged:373 
10-16 17:44:14.500 17186 17271 I ViewRootImpl@562a9cf[MainActivity]: mWNT: t=0x7b31469100 mBlastBufferQueue=0x7b49432100 fn= 679 caller= android.view.SurfaceView.applyOrMergeTransaction:1455 android.view.SurfaceView.-$$Nest$mapplyOrMergeTransaction:0 android.view.SurfaceView$SurfaceViewPositionUpdateListener.positionChanged:1537 
10-16 17:44:14.500 17186 17271 I ViewRootImpl@562a9cf[MainActivity]: mWNT: t=0x7af5bcff00 mBlastBufferQueue=0x7b49432100 fn= 679 caller= android.view.ViewRootImpl.lambda$applyTransactionOnDraw$11$android-view-ViewRootImpl:12865 android.view.ViewRootImpl$$ExternalSyntheticLambda1.onFrameDraw:4 android.graphics.HardwareRenderer$FrameDrawingCallback.onFrameDraw:924 
10-16 17:44:14.501 17186 17186 I SurfaceView@d007ee0: Changes: creating=false format=false size=false visible=false alpha=false hint=false mUseAlpha=false visible=false left=false top=true
10-16 17:44:14.501 17186 17186 I SurfaceView@d007ee0: 218136288 Cur surface: Surface(name=null)/@0xb6634f9
10-16 17:44:14.502 17186 17186 I SurfaceView@d007ee0: applyTransactionOnVriDraw: vri = ViewRootImpl@562a9cf[MainActivity] fRS = false t = 0x7b1b426000 android.view.SurfaceView.performSurfaceTransaction:959 android.view.SurfaceView.updateSurface:1105 android.view.SurfaceView.lambda$new$0$android-view-SurfaceView:200 
10-16 17:44:14.502 17186 17186 I ViewRootImpl@562a9cf[MainActivity]: applyTransactionOnDraw: mRemoved = false isHardwareEnabled = true t = 0x7b1b426000android.view.SurfaceView.applyTransactionOnVriDraw:2048 android.view.SurfaceView.performSurfaceTransaction:959 android.view.SurfaceView.updateSurface:1105 android.view.SurfaceView.lambda$new$0$android-view-SurfaceView:200 android.view.SurfaceView$$ExternalSyntheticLambda5.onPreDraw:2 
10-16 17:44:14.502 17186 17186 I SurfaceView@d007ee0: updateSurface: mVisible = true mSurface.isValid() = true
10-16 17:44:14.502 17186 17186 I SurfaceView@d007ee0: updateSurface: mSurfaceCreated = true surfaceChanged = false visibleChanged = false
10-16 17:44:14.502 17186 17186 V SurfaceView@d007ee0: Layout: x=0 y=-1135 w=1080 h=525, frame=Rect(0, 0 - 1080, 525)
10-16 17:44:14.516 17186 17270 D SurfaceView@d007ee0: updateSurfacePosition RenderWorker, frameNr = 680, position = [0, -1135, 1080, -610] surfaceSize = 1080x525
10-16 17:44:14.516 17186 17270 I SurfaceView@d007ee0: uSP: rtp = Rect(0, -1135 - 1080, -610) rtsw = 1080 rtsh = 525
10-16 17:44:14.516 17186 17270 I SurfaceView@d007ee0: onSSPAndSRT: pl = 0 pt = -1135 sx = 1.0 sy = 1.0
10-16 17:44:14.517 17186 17270 I SurfaceView@d007ee0: aOrMT: ViewRootImpl@562a9cf[MainActivity] t = android.view.SurfaceControl$Transaction@7843e4a fN = 680 android.view.SurfaceView.-$$Nest$mapplyOrMergeTransaction:0 android.view.SurfaceView$SurfaceViewPositionUpdateListener.positionChanged:1537 android.graphics.RenderNode$CompositePositionUpdateListener.positionChanged:373 
10-16 17:44:14.517 17186 17270 I ViewRootImpl@562a9cf[MainActivity]: mWNT: t=0x7b31469100 mBlastBufferQueue=0x7b49432100 fn= 680 caller= android.view.SurfaceView.applyOrMergeTransaction:1455 android.view.SurfaceView.-$$Nest$mapplyOrMergeTransaction:0 android.view.SurfaceView$SurfaceViewPositionUpdateListener.positionChanged:1537 
10-16 17:44:14.517 17186 17270 I ViewRootImpl@562a9cf[MainActivity]: mWNT: t=0x7b1b426000 mBlastBufferQueue=0x7b49432100 fn= 680 caller= android.view.ViewRootImpl.lambda$applyTransactionOnDraw$11$android-view-ViewRootImpl:12865 android.view.ViewRootImpl$$ExternalSyntheticLambda1.onFrameDraw:4 android.graphics.HardwareRenderer$FrameDrawingCallback.onFrameDraw:924 
10-16 17:44:14.518 17186 17186 I SurfaceView@d007ee0: Changes: creating=false format=false size=false visible=false alpha=false hint=false mUseAlpha=false visible=false left=false top=true
10-16 17:44:14.518 17186 17186 I SurfaceView@d007ee0: 218136288 Cur surface: Surface(name=null)/@0xb6634f9
10-16 17:44:14.519 17186 17186 I SurfaceView@d007ee0: applyTransactionOnVriDraw: vri = ViewRootImpl@562a9cf[MainActivity] fRS = false t = 0x7b1b426100 android.view.SurfaceView.performSurfaceTransaction:959 android.view.SurfaceView.updateSurface:1105 android.view.SurfaceView.lambda$new$0$android-view-SurfaceView:200 
10-16 17:44:14.519 17186 17186 I ViewRootImpl@562a9cf[MainActivity]: applyTransactionOnDraw: mRemoved = false isHardwareEnabled = true t = 0x7b1b426100android.view.SurfaceView.applyTransactionOnVriDraw:2048 android.view.SurfaceView.performSurfaceTransaction:959 android.view.SurfaceView.updateSurface:1105 android.view.SurfaceView.lambda$new$0$android-view-SurfaceView:200 android.view.SurfaceView$$ExternalSyntheticLambda5.onPreDraw:2 
10-16 17:44:14.519 17186 17186 I SurfaceView@d007ee0: updateSurface: mVisible = true mSurface.isValid() = true
10-16 17:44:14.519 17186 17186 I SurfaceView@d007ee0: updateSurface: mSurfaceCreated = true surfaceChanged = false visibleChanged = false
10-16 17:44:14.519 17186 17186 V SurfaceView@d007ee0: Layout: x=0 y=-1147 w=1080 h=525, frame=Rect(0, 0 - 1080, 525)
10-16 17:44:14.534 17186 17271 D SurfaceView@d007ee0: updateSurfacePosition RenderWorker, frameNr = 681, position = [0, -1147, 1080, -622] surfaceSize = 1080x525
10-16 17:44:14.534 17186 17271 I SurfaceView@d007ee0: uSP: rtp = Rect(0, -1147 - 1080, -622) rtsw = 1080 rtsh = 525
10-16 17:44:14.534 17186 17271 I SurfaceView@d007ee0: onSSPAndSRT: pl = 0 pt = -1147 sx = 1.0 sy = 1.0
10-16 17:44:14.534 17186 17271 I SurfaceView@d007ee0: aOrMT: ViewRootImpl@562a9cf[MainActivity] t = android.view.SurfaceControl$Transaction@7843e4a fN = 681 android.view.SurfaceView.-$$Nest$mapplyOrMergeTransaction:0 android.view.SurfaceView$SurfaceViewPositionUpdateListener.positionChanged:1537 android.graphics.RenderNode$CompositePositionUpdateListener.positionChanged:373 
10-16 17:44:14.534 17186 17271 I ViewRootImpl@562a9cf[MainActivity]: mWNT: t=0x7b31469100 mBlastBufferQueue=0x7b49432100 fn= 681 caller= android.view.SurfaceView.applyOrMergeTransaction:1455 android.view.SurfaceView.-$$Nest$mapplyOrMergeTransaction:0 android.view.SurfaceView$SurfaceViewPositionUpdateListener.positionChanged:1537 
10-16 17:44:14.534 17186 17271 I ViewRootImpl@562a9cf[MainActivity]: mWNT: t=0x7b1b426100 mBlastBufferQueue=0x7b49432100 fn= 681 caller= android.view.ViewRootImpl.lambda$applyTransactionOnDraw$11$android-view-ViewRootImpl:12865 android.view.ViewRootImpl$$ExternalSyntheticLambda1.onFrameDraw:4 android.graphics.HardwareRenderer$FrameDrawingCallback.onFrameDraw:924 
10-16 17:44:14.535 17186 17186 I SurfaceView@d007ee0: Changes: creating=false format=false size=false visible=false alpha=false hint=false mUseAlpha=false visible=false left=false top=true
10-16 17:44:14.535 17186 17186 I SurfaceView@d007ee0: 218136288 Cur surface: Surface(name=null)/@0xb6634f9
10-16 17:44:14.536 17186 17186 I SurfaceView@d007ee0: applyTransactionOnVriDraw: vri = ViewRootImpl@562a9cf[MainActivity] fRS = false t = 0x7b1b426200 android.view.SurfaceView.performSurfaceTransaction:959 android.view.SurfaceView.updateSurface:1105 android.view.SurfaceView.lambda$new$0$android-view-SurfaceView:200 
10-16 17:44:14.536 17186 17186 I ViewRootImpl@562a9cf[MainActivity]: applyTransactionOnDraw: mRemoved = false isHardwareEnabled = true t = 0x7b1b426200android.view.SurfaceView.applyTransactionOnVriDraw:2048 android.view.SurfaceView.performSurfaceTransaction:959 android.view.SurfaceView.updateSurface:1105 android.view.SurfaceView.lambda$new$0$android-view-SurfaceView:200 android.view.SurfaceView$$ExternalSyntheticLambda5.onPreDraw:2 
10-16 17:44:14.536 17186 17186 I SurfaceView@d007ee0: updateSurface: mVisible = true mSurface.isValid() = true
10-16 17:44:14.536 17186 17186 I SurfaceView@d007ee0: updateSurface: mSurfaceCreated = true surfaceChanged = false visibleChanged = false
10-16 17:44:14.536 17186 17186 V SurfaceView@d007ee0: Layout: x=0 y=-1159 w=1080 h=525, frame=Rect(0, 0 - 1080, 525)
10-16 17:44:14.551 17186 17270 D SurfaceView@d007ee0: updateSurfacePosition RenderWorker, frameNr = 682, position = [0, -1159, 1080, -634] surfaceSize = 1080x525
10-16 17:44:14.551 17186 17270 I SurfaceView@d007ee0: uSP: rtp = Rect(0, -1159 - 1080, -634) rtsw = 1080 rtsh = 525
10-16 17:44:14.551 17186 17270 I SurfaceView@d007ee0: onSSPAndSRT: pl = 0 pt = -1159 sx = 1.0 sy = 1.0
10-16 17:44:14.551 17186 17270 I SurfaceView@d007ee0: aOrMT: ViewRootImpl@562a9cf[MainActivity] t = android.view.SurfaceControl$Transaction@7843e4a fN = 682 android.view.SurfaceView.-$$Nest$mapplyOrMergeTransaction:0 android.view.SurfaceView$SurfaceViewPositionUpdateListener.positionChanged:1537 android.graphics.RenderNode$CompositePositionUpdateListener.positionChanged:373 
10-16 17:44:14.551 17186 17270 I ViewRootImpl@562a9cf[MainActivity]: mWNT: t=0x7b31469100 mBlastBufferQueue=0x7b49432100 fn= 682 caller= android.view.SurfaceView.applyOrMergeTransaction:1455 android.view.SurfaceView.-$$Nest$mapplyOrMergeTransaction:0 android.view.SurfaceView$SurfaceViewPositionUpdateListener.positionChanged:1537 
10-16 17:44:14.551 17186 17270 I ViewRootImpl@562a9cf[MainActivity]: mWNT: t=0x7b1b426200 mBlastBufferQueue=0x7b49432100 fn= 682 caller= android.view.ViewRootImpl.lambda$applyTransactionOnDraw$11$android-view-ViewRootImpl:12865 android.view.ViewRootImpl$$ExternalSyntheticLambda1.onFrameDraw:4 android.graphics.HardwareRenderer$FrameDrawingCallback.onFrameDraw:924 
10-16 17:44:14.552 17186 17186 I SurfaceView@d007ee0: Changes: creating=false format=false size=false visible=false alpha=false hint=false mUseAlpha=false visible=false left=false top=true
10-16 17:44:14.552 17186 17186 I SurfaceView@d007ee0: 218136288 Cur surface: Surface(name=null)/@0xb6634f9
10-16 17:44:14.553 17186 17186 I SurfaceView@d007ee0: applyTransactionOnVriDraw: vri = ViewRootImpl@562a9cf[MainActivity] fRS = false t = 0x7b1b426300 android.view.SurfaceView.performSurfaceTransaction:959 android.view.SurfaceView.updateSurface:1105 android.view.SurfaceView.lambda$new$0$android-view-SurfaceView:200 
10-16 17:44:14.553 17186 17186 I ViewRootImpl@562a9cf[MainActivity]: applyTransactionOnDraw: mRemoved = false isHardwareEnabled = true t = 0x7b1b426300android.view.SurfaceView.applyTransactionOnVriDraw:2048 android.view.SurfaceView.performSurfaceTransaction:959 android.view.SurfaceView.updateSurface:1105 android.view.SurfaceView.lambda$new$0$android-view-SurfaceView:200 android.view.SurfaceView$$ExternalSyntheticLambda5.onPreDraw:2 
10-16 17:44:14.553 17186 17186 I SurfaceView@d007ee0: updateSurface: mVisible = true mSurface.isValid() = true
10-16 17:44:14.553 17186 17186 I SurfaceView@d007ee0: updateSurface: mSurfaceCreated = true surfaceChanged = false visibleChanged = false
10-16 17:44:14.553 17186 17186 V SurfaceView@d007ee0: Layout: x=0 y=-1169 w=1080 h=525, frame=Rect(0, 0 - 1080, 525)
10-16 17:44:14.567 17186 17271 D SurfaceView@d007ee0: updateSurfacePosition RenderWorker, frameNr = 683, position = [0, -1169, 1080, -644] surfaceSize = 1080x525
10-16 17:44:14.567 17186 17271 I SurfaceView@d007ee0: uSP: rtp = Rect(0, -1169 - 1080, -644) rtsw = 1080 rtsh = 525
10-16 17:44:14.567 17186 17271 I SurfaceView@d007ee0: onSSPAndSRT: pl = 0 pt = -1169 sx = 1.0 sy = 1.0
10-16 17:44:14.568 17186 17271 I SurfaceView@d007ee0: aOrMT: ViewRootImpl@562a9cf[MainActivity] t = android.view.SurfaceControl$Transaction@7843e4a fN = 683 android.view.SurfaceView.-$$Nest$mapplyOrMergeTransaction:0 android.view.SurfaceView$SurfaceViewPositionUpdateListener.positionChanged:1537 android.graphics.RenderNode$CompositePositionUpdateListener.positionChanged:373 
10-16 17:44:14.568 17186 17271 I ViewRootImpl@562a9cf[MainActivity]: mWNT: t=0x7b31469100 mBlastBufferQueue=0x7b49432100 fn= 683 caller= android.view.SurfaceView.applyOrMergeTransaction:1455 android.view.SurfaceView.-$$Nest$mapplyOrMergeTransaction:0 android.view.SurfaceView$SurfaceViewPositionUpdateListener.positionChanged:1537 
10-16 17:44:14.568 17186 17186 I ViewRootImpl@562a9cf[MainActivity]: ViewPostIme pointer 0
10-16 17:44:14.568 17186 17271 I ViewRootImpl@562a9cf[MainActivity]: mWNT: t=0x7b1b426300 mBlastBufferQueue=0x7b49432100 fn= 683 caller= android.view.ViewRootImpl.lambda$applyTransactionOnDraw$11$android-view-ViewRootImpl:12865 android.view.ViewRootImpl$$ExternalSyntheticLambda1.onFrameDraw:4 android.graphics.HardwareRenderer$FrameDrawingCallback.onFrameDraw:924 
10-16 17:44:14.590 17186 17186 I SurfaceView@d007ee0: Changes: creating=false format=false size=false visible=false alpha=false hint=false mUseAlpha=false visible=false left=false top=true
10-16 17:44:14.590 17186 17186 I SurfaceView@d007ee0: 218136288 Cur surface: Surface(name=null)/@0xb6634f9
10-16 17:44:14.590 17186 17186 I SurfaceView@d007ee0: applyTransactionOnVriDraw: vri = ViewRootImpl@562a9cf[MainActivity] fRS = false t = 0x7b1b426400 android.view.SurfaceView.performSurfaceTransaction:959 android.view.SurfaceView.updateSurface:1105 android.view.SurfaceView.lambda$new$0$android-view-SurfaceView:200 
10-16 17:44:14.590 17186 17186 I ViewRootImpl@562a9cf[MainActivity]: applyTransactionOnDraw: mRemoved = false isHardwareEnabled = true t = 0x7b1b426400android.view.SurfaceView.applyTransactionOnVriDraw:2048 android.view.SurfaceView.performSurfaceTransaction:959 android.view.SurfaceView.updateSurface:1105 android.view.SurfaceView.lambda$new$0$android-view-SurfaceView:200 android.view.SurfaceView$$ExternalSyntheticLambda5.onPreDraw:2 
10-16 17:44:14.591 17186 17186 I SurfaceView@d007ee0: updateSurface: mVisible = true mSurface.isValid() = true
10-16 17:44:14.591 17186 17186 I SurfaceView@d007ee0: updateSurface: mSurfaceCreated = true surfaceChanged = false visibleChanged = false
10-16 17:44:14.591 17186 17186 V SurfaceView@d007ee0: Layout: x=0 y=-1146 w=1080 h=525, frame=Rect(0, 0 - 1080, 525)
10-16 17:44:14.597 17186 17270 D SurfaceView@d007ee0: updateSurfacePosition RenderWorker, frameNr = 685, position = [0, -1146, 1080, -621] surfaceSize = 1080x525
10-16 17:44:14.597 17186 17270 I SurfaceView@d007ee0: uSP: rtp = Rect(0, -1146 - 1080, -621) rtsw = 1080 rtsh = 525
10-16 17:44:14.597 17186 17270 I SurfaceView@d007ee0: onSSPAndSRT: pl = 0 pt = -1146 sx = 1.0 sy = 1.0
10-16 17:44:14.597 17186 17270 I SurfaceView@d007ee0: aOrMT: ViewRootImpl@562a9cf[MainActivity] t = android.view.SurfaceControl$Transaction@7843e4a fN = 685 android.view.SurfaceView.-$$Nest$mapplyOrMergeTransaction:0 android.view.SurfaceView$SurfaceViewPositionUpdateListener.positionChanged:1537 android.graphics.RenderNode$CompositePositionUpdateListener.positionChanged:373 
10-16 17:44:14.597 17186 17270 I ViewRootImpl@562a9cf[MainActivity]: mWNT: t=0x7b31469100 mBlastBufferQueue=0x7b49432100 fn= 685 caller= android.view.SurfaceView.applyOrMergeTransaction:1455 android.view.SurfaceView.-$$Nest$mapplyOrMergeTransaction:0 android.view.SurfaceView$SurfaceViewPositionUpdateListener.positionChanged:1537 
10-16 17:44:14.598 17186 17270 I ViewRootImpl@562a9cf[MainActivity]: mWNT: t=0x7b1b426400 mBlastBufferQueue=0x7b49432100 fn= 685 caller= android.view.ViewRootImpl.lambda$applyTransactionOnDraw$11$android-view-ViewRootImpl:12865 android.view.ViewRootImpl$$ExternalSyntheticLambda1.onFrameDraw:4 android.graphics.HardwareRenderer$FrameDrawingCallback.onFrameDraw:924 
10-16 17:44:14.604 17186 17186 I SurfaceView@d007ee0: Changes: creating=false format=false size=false visible=false alpha=false hint=false mUseAlpha=false visible=false left=false top=true
10-16 17:44:14.605 17186 17186 I SurfaceView@d007ee0: 218136288 Cur surface: Surface(name=null)/@0xb6634f9
10-16 17:44:14.605 17186 17186 I SurfaceView@d007ee0: applyTransactionOnVriDraw: vri = ViewRootImpl@562a9cf[MainActivity] fRS = false t = 0x7b1b426500 android.view.SurfaceView.performSurfaceTransaction:959 android.view.SurfaceView.updateSurface:1105 android.view.SurfaceView.lambda$new$0$android-view-SurfaceView:200 
10-16 17:44:14.605 17186 17186 I ViewRootImpl@562a9cf[MainActivity]: applyTransactionOnDraw: mRemoved = false isHardwareEnabled = true t = 0x7b1b426500android.view.SurfaceView.applyTransactionOnVriDraw:2048 android.view.SurfaceView.performSurfaceTransaction:959 android.view.SurfaceView.updateSurface:1105 android.view.SurfaceView.lambda$new$0$android-view-SurfaceView:200 android.view.SurfaceView$$ExternalSyntheticLambda5.onPreDraw:2 
10-16 17:44:14.605 17186 17186 I SurfaceView@d007ee0: updateSurface: mVisible = true mSurface.isValid() = true
10-16 17:44:14.605 17186 17186 I SurfaceView@d007ee0: updateSurface: mSurfaceCreated = true surfaceChanged = false visibleChanged = false
10-16 17:44:14.605 17186 17186 V SurfaceView@d007ee0: Layout: x=0 y=-1098 w=1080 h=525, frame=Rect(0, 0 - 1080, 525)
10-16 17:44:14.614 17186 17271 D SurfaceView@d007ee0: updateSurfacePosition RenderWorker, frameNr = 686, position = [0, -1098, 1080, -573] surfaceSize = 1080x525
10-16 17:44:14.614 17186 17271 I SurfaceView@d007ee0: uSP: rtp = Rect(0, -1098 - 1080, -573) rtsw = 1080 rtsh = 525
10-16 17:44:14.614 17186 17271 I SurfaceView@d007ee0: onSSPAndSRT: pl = 0 pt = -1098 sx = 1.0 sy = 1.0
10-16 17:44:14.615 17186 17271 I SurfaceView@d007ee0: aOrMT: ViewRootImpl@562a9cf[MainActivity] t = android.view.SurfaceControl$Transaction@7843e4a fN = 686 android.view.SurfaceView.-$$Nest$mapplyOrMergeTransaction:0 android.view.SurfaceView$SurfaceViewPositionUpdateListener.positionChanged:1537 android.graphics.RenderNode$CompositePositionUpdateListener.positionChanged:373 
10-16 17:44:14.615 17186 17271 I ViewRootImpl@562a9cf[MainActivity]: mWNT: t=0x7b31469100 mBlastBufferQueue=0x7b49432100 fn= 686 caller= android.view.SurfaceView.applyOrMergeTransaction:1455 android.view.SurfaceView.-$$Nest$mapplyOrMergeTransaction:0 android.view.SurfaceView$SurfaceViewPositionUpdateListener.positionChanged:1537 
10-16 17:44:14.615 17186 17271 I ViewRootImpl@562a9cf[MainActivity]: mWNT: t=0x7b1b426500 mBlastBufferQueue=0x7b49432100 fn= 686 caller= android.view.ViewRootImpl.lambda$applyTransactionOnDraw$11$android-view-ViewRootImpl:12865 android.view.ViewRootImpl$$ExternalSyntheticLambda1.onFrameDraw:4 android.graphics.HardwareRenderer$FrameDrawingCallback.onFrameDraw:924 
10-16 17:44:14.621 17186 17186 I SurfaceView@d007ee0: Changes: creating=false format=false size=false visible=false alpha=false hint=false mUseAlpha=false visible=false left=false top=true
10-16 17:44:14.621 17186 17186 I SurfaceView@d007ee0: 218136288 Cur surface: Surface(name=null)/@0xb6634f9
10-16 17:44:14.621 17186 17186 I SurfaceView@d007ee0: applyTransactionOnVriDraw: vri = ViewRootImpl@562a9cf[MainActivity] fRS = false t = 0x7b1b426700 android.view.SurfaceView.performSurfaceTransaction:959 android.view.SurfaceView.updateSurface:1105 android.view.SurfaceView.lambda$new$0$android-view-SurfaceView:200 
10-16 17:44:14.622 17186 17186 I ViewRootImpl@562a9cf[MainActivity]: applyTransactionOnDraw: mRemoved = false isHardwareEnabled = true t = 0x7b1b426700android.view.SurfaceView.applyTransactionOnVriDraw:2048 android.view.SurfaceView.performSurfaceTransaction:959 android.view.SurfaceView.updateSurface:1105 android.view.SurfaceView.lambda$new$0$android-view-SurfaceView:200 android.view.SurfaceView$$ExternalSyntheticLambda5.onPreDraw:2 
10-16 17:44:14.622 17186 17186 I SurfaceView@d007ee0: updateSurface: mVisible = true mSurface.isValid() = true
10-16 17:44:14.622 17186 17186 I SurfaceView@d007ee0: updateSurface: mSurfaceCreated = true surfaceChanged = false visibleChanged = false
10-16 17:44:14.622 17186 17186 V SurfaceView@d007ee0: Layout: x=0 y=-1030 w=1080 h=525, frame=Rect(0, 0 - 1080, 525)
10-16 17:44:14.627 17186 17270 D SurfaceView@d007ee0: updateSurfacePosition RenderWorker, frameNr = 687, position = [0, -1030, 1080, -505] surfaceSize = 1080x525
10-16 17:44:14.628 17186 17270 I SurfaceView@d007ee0: uSP: rtp = Rect(0, -1030 - 1080, -505) rtsw = 1080 rtsh = 525
10-16 17:44:14.628 17186 17270 I SurfaceView@d007ee0: onSSPAndSRT: pl = 0 pt = -1030 sx = 1.0 sy = 1.0
10-16 17:44:14.628 17186 17270 I SurfaceView@d007ee0: aOrMT: ViewRootImpl@562a9cf[MainActivity] t = android.view.SurfaceControl$Transaction@7843e4a fN = 687 android.view.SurfaceView.-$$Nest$mapplyOrMergeTransaction:0 android.view.SurfaceView$SurfaceViewPositionUpdateListener.positionChanged:1537 android.graphics.RenderNode$CompositePositionUpdateListener.positionChanged:373 
10-16 17:44:14.628 17186 17270 I ViewRootImpl@562a9cf[MainActivity]: mWNT: t=0x7b31469100 mBlastBufferQueue=0x7b49432100 fn= 687 caller= android.view.SurfaceView.applyOrMergeTransaction:1455 android.view.SurfaceView.-$$Nest$mapplyOrMergeTransaction:0 android.view.SurfaceView$SurfaceViewPositionUpdateListener.positionChanged:1537 
10-16 17:44:14.628 17186 17270 I ViewRootImpl@562a9cf[MainActivity]: mWNT: t=0x7b1b426700 mBlastBufferQueue=0x7b49432100 fn= 687 caller= android.view.ViewRootImpl.lambda$applyTransactionOnDraw$11$android-view-ViewRootImpl:12865 android.view.ViewRootImpl$$ExternalSyntheticLambda1.onFrameDraw:4 android.graphics.HardwareRenderer$FrameDrawingCallback.onFrameDraw:924 
10-16 17:44:14.636 17186 17186 I SurfaceView@d007ee0: Changes: creating=false format=false size=false visible=false alpha=false hint=false mUseAlpha=false visible=false left=false top=true
10-16 17:44:14.636 17186 17186 I SurfaceView@d007ee0: 218136288 Cur surface: Surface(name=null)/@0xb6634f9
10-16 17:44:14.636 17186 17186 I SurfaceView@d007ee0: applyTransactionOnVriDraw: vri = ViewRootImpl@562a9cf[MainActivity] fRS = false t = 0x7b1b426800 android.view.SurfaceView.performSurfaceTransaction:959 android.view.SurfaceView.updateSurface:1105 android.view.SurfaceView.lambda$new$0$android-view-SurfaceView:200 
10-16 17:44:14.637 17186 17186 I ViewRootImpl@562a9cf[MainActivity]: applyTransactionOnDraw: mRemoved = false isHardwareEnabled = true t = 0x7b1b426800android.view.SurfaceView.applyTransactionOnVriDraw:2048 android.view.SurfaceView.performSurfaceTransaction:959 android.view.SurfaceView.updateSurface:1105 android.view.SurfaceView.lambda$new$0$android-view-SurfaceView:200 android.view.SurfaceView$$ExternalSyntheticLambda5.onPreDraw:2 
10-16 17:44:14.637 17186 17186 I SurfaceView@d007ee0: updateSurface: mVisible = true mSurface.isValid() = true
10-16 17:44:14.637 17186 17186 I SurfaceView@d007ee0: updateSurface: mSurfaceCreated = true surfaceChanged = false visibleChanged = false
10-16 17:44:14.637 17186 17186 V SurfaceView@d007ee0: Layout: x=0 y=-949 w=1080 h=525, frame=Rect(0, 0 - 1080, 525)
10-16 17:44:14.646 17186 17271 D SurfaceView@d007ee0: updateSurfacePosition RenderWorker, frameNr = 688, position = [0, -949, 1080, -424] surfaceSize = 1080x525
10-16 17:44:14.646 17186 17271 I SurfaceView@d007ee0: uSP: rtp = Rect(0, -949 - 1080, -424) rtsw = 1080 rtsh = 525
10-16 17:44:14.646 17186 17271 I SurfaceView@d007ee0: onSSPAndSRT: pl = 0 pt = -949 sx = 1.0 sy = 1.0
10-16 17:44:14.647 17186 17271 I SurfaceView@d007ee0: aOrMT: ViewRootImpl@562a9cf[MainActivity] t = android.view.SurfaceControl$Transaction@7843e4a fN = 688 android.view.SurfaceView.-$$Nest$mapplyOrMergeTransaction:0 android.view.SurfaceView$SurfaceViewPositionUpdateListener.positionChanged:1537 android.graphics.RenderNode$CompositePositionUpdateListener.positionChanged:373 
10-16 17:44:14.647 17186 17271 I ViewRootImpl@562a9cf[MainActivity]: mWNT: t=0x7b31469100 mBlastBufferQueue=0x7b49432100 fn= 688 caller= android.view.SurfaceView.applyOrMergeTransaction:1455 android.view.SurfaceView.-$$Nest$mapplyOrMergeTransaction:0 android.view.SurfaceView$SurfaceViewPositionUpdateListener.positionChanged:1537 
10-16 17:44:14.647 17186 17271 I ViewRootImpl@562a9cf[MainActivity]: mWNT: t=0x7b1b426800 mBlastBufferQueue=0x7b49432100 fn= 688 caller= android.view.ViewRootImpl.lambda$applyTransactionOnDraw$11$android-view-ViewRootImpl:12865 android.view.ViewRootImpl$$ExternalSyntheticLambda1.onFrameDraw:4 android.graphics.HardwareRenderer$FrameDrawingCallback.onFrameDraw:924 
10-16 17:44:14.648 17186 17186 I ViewRootImpl@562a9cf[MainActivity]: ViewPostIme pointer 1
10-16 17:44:14.653 17186 17186 I SurfaceView@d007ee0: Changes: creating=false format=false size=false visible=false alpha=false hint=false mUseAlpha=false visible=false left=false top=true
10-16 17:44:14.653 17186 17186 I SurfaceView@d007ee0: 218136288 Cur surface: Surface(name=null)/@0xb6634f9
10-16 17:44:14.653 17186 17186 I SurfaceView@d007ee0: applyTransactionOnVriDraw: vri = ViewRootImpl@562a9cf[MainActivity] fRS = false t = 0x7b1b426900 android.view.SurfaceView.performSurfaceTransaction:959 android.view.SurfaceView.updateSurface:1105 android.view.SurfaceView.lambda$new$0$android-view-SurfaceView:200 
10-16 17:44:14.654 17186 17186 I ViewRootImpl@562a9cf[MainActivity]: applyTransactionOnDraw: mRemoved = false isHardwareEnabled = true t = 0x7b1b426900android.view.SurfaceView.applyTransactionOnVriDraw:2048 android.view.SurfaceView.performSurfaceTransaction:959 android.view.SurfaceView.updateSurface:1105 android.view.SurfaceView.lambda$new$0$android-view-SurfaceView:200 android.view.SurfaceView$$ExternalSyntheticLambda5.onPreDraw:2 
10-16 17:44:14.654 17186 17186 I SurfaceView@d007ee0: updateSurface: mVisible = true mSurface.isValid() = true
10-16 17:44:14.654 17186 17186 I SurfaceView@d007ee0: updateSurface: mSurfaceCreated = true surfaceChanged = false visibleChanged = false
10-16 17:44:14.654 17186 17186 V SurfaceView@d007ee0: Layout: x=0 y=-932 w=1080 h=525, frame=Rect(0, 0 - 1080, 525)
10-16 17:44:14.660 17186 17270 D SurfaceView@d007ee0: updateSurfacePosition RenderWorker, frameNr = 689, position = [0, -932, 1080, -407] surfaceSize = 1080x525
10-16 17:44:14.660 17186 17270 I SurfaceView@d007ee0: uSP: rtp = Rect(0, -932 - 1080, -407) rtsw = 1080 rtsh = 525
10-16 17:44:14.660 17186 17270 I SurfaceView@d007ee0: onSSPAndSRT: pl = 0 pt = -932 sx = 1.0 sy = 1.0
10-16 17:44:14.660 17186 17270 I SurfaceView@d007ee0: aOrMT: ViewRootImpl@562a9cf[MainActivity] t = android.view.SurfaceControl$Transaction@7843e4a fN = 689 android.view.SurfaceView.-$$Nest$mapplyOrMergeTransaction:0 android.view.SurfaceView$SurfaceViewPositionUpdateListener.positionChanged:1537 android.graphics.RenderNode$CompositePositionUpdateListener.positionChanged:373 
10-16 17:44:14.660 17186 17270 I ViewRootImpl@562a9cf[MainActivity]: mWNT: t=0x7b31469100 mBlastBufferQueue=0x7b49432100 fn= 689 caller= android.view.SurfaceView.applyOrMergeTransaction:1455 android.view.SurfaceView.-$$Nest$mapplyOrMergeTransaction:0 android.view.SurfaceView$SurfaceViewPositionUpdateListener.positionChanged:1537 
10-16 17:44:14.660 17186 17270 I ViewRootImpl@562a9cf[MainActivity]: mWNT: t=0x7b1b426900 mBlastBufferQueue=0x7b49432100 fn= 689 caller= android.view.ViewRootImpl.lambda$applyTransactionOnDraw$11$android-view-ViewRootImpl:12865 android.view.ViewRootImpl$$ExternalSyntheticLambda1.onFrameDraw:4 android.graphics.HardwareRenderer$FrameDrawingCallback.onFrameDraw:924 
10-16 17:44:14.669 17186 17186 I SurfaceView@d007ee0: Changes: creating=false format=false size=false visible=false alpha=false hint=false mUseAlpha=false visible=false left=false top=true
10-16 17:44:14.669 17186 17186 I SurfaceView@d007ee0: 218136288 Cur surface: Surface(name=null)/@0xb6634f9
10-16 17:44:14.669 17186 17186 I SurfaceView@d007ee0: applyTransactionOnVriDraw: vri = ViewRootImpl@562a9cf[MainActivity] fRS = false t = 0x7b1b426a00 android.view.SurfaceView.performSurfaceTransaction:959 android.view.SurfaceView.updateSurface:1105 android.view.SurfaceView.lambda$new$0$android-view-SurfaceView:200 
10-16 17:44:14.669 17186 17186 I ViewRootImpl@562a9cf[MainActivity]: applyTransactionOnDraw: mRemoved = false isHardwareEnabled = true t = 0x7b1b426a00android.view.SurfaceView.applyTransactionOnVriDraw:2048 android.view.SurfaceView.performSurfaceTransaction:959 android.view.SurfaceView.updateSurface:1105 android.view.SurfaceView.lambda$new$0$android-view-SurfaceView:200 android.view.SurfaceView$$ExternalSyntheticLambda5.onPreDraw:2 
10-16 17:44:14.669 17186 17186 I SurfaceView@d007ee0: updateSurface: mVisible = true mSurface.isValid() = true
10-16 17:44:14.669 17186 17186 I SurfaceView@d007ee0: updateSurface: mSurfaceCreated = true surfaceChanged = false visibleChanged = false
10-16 17:44:14.669 17186 17186 V SurfaceView@d007ee0: Layout: x=0 y=-887 w=1080 h=525, frame=Rect(0, 0 - 1080, 525)
10-16 17:44:14.675 17186 17271 D SurfaceView@d007ee0: updateSurfacePosition RenderWorker, frameNr = 690, position = [0, -887, 1080, -362] surfaceSize = 1080x525
10-16 17:44:14.675 17186 17271 I SurfaceView@d007ee0: uSP: rtp = Rect(0, -887 - 1080, -362) rtsw = 1080 rtsh = 525
10-16 17:44:14.675 17186 17271 I SurfaceView@d007ee0: onSSPAndSRT: pl = 0 pt = -887 sx = 1.0 sy = 1.0
10-16 17:44:14.675 17186 17271 I SurfaceView@d007ee0: aOrMT: ViewRootImpl@562a9cf[MainActivity] t = android.view.SurfaceControl$Transaction@7843e4a fN = 690 android.view.SurfaceView.-$$Nest$mapplyOrMergeTransaction:0 android.view.SurfaceView$SurfaceViewPositionUpdateListener.positionChanged:1537 android.graphics.RenderNode$CompositePositionUpdateListener.positionChanged:373 
10-16 17:44:14.675 17186 17271 I ViewRootImpl@562a9cf[MainActivity]: mWNT: t=0x7b31469100 mBlastBufferQueue=0x7b49432100 fn= 690 caller= android.view.SurfaceView.applyOrMergeTransaction:1455 android.view.SurfaceView.-$$Nest$mapplyOrMergeTransaction:0 android.view.SurfaceView$SurfaceViewPositionUpdateListener.positionChanged:1537 
10-16 17:44:14.675 17186 17271 I ViewRootImpl@562a9cf[MainActivity]: mWNT: t=0x7b1b426a00 mBlastBufferQueue=0x7b49432100 fn= 690 caller= android.view.ViewRootImpl.lambda$applyTransactionOnDraw$11$android-view-ViewRootImpl:12865 android.view.ViewRootImpl$$ExternalSyntheticLambda1.onFrameDraw:4 android.graphics.HardwareRenderer$FrameDrawingCallback.onFrameDraw:924 
10-16 17:44:14.687 17186 17186 I SurfaceView@d007ee0: Changes: creating=false format=false size=false visible=false alpha=false hint=false mUseAlpha=false visible=false left=false top=true
10-16 17:44:14.687 17186 17186 I SurfaceView@d007ee0: 218136288 Cur surface: Surface(name=null)/@0xb6634f9
10-16 17:44:14.688 17186 17186 I SurfaceView@d007ee0: applyTransactionOnVriDraw: vri = ViewRootImpl@562a9cf[MainActivity] fRS = false t = 0x7b1b426b00 android.view.SurfaceView.performSurfaceTransaction:959 android.view.SurfaceView.updateSurface:1105 android.view.SurfaceView.lambda$new$0$android-view-SurfaceView:200 
10-16 17:44:14.688 17186 17186 I ViewRootImpl@562a9cf[MainActivity]: applyTransactionOnDraw: mRemoved = false isHardwareEnabled = true t = 0x7b1b426b00android.view.SurfaceView.applyTransactionOnVriDraw:2048 android.view.SurfaceView.performSurfaceTransaction:959 android.view.SurfaceView.updateSurface:1105 android.view.SurfaceView.lambda$new$0$android-view-SurfaceView:200 android.view.SurfaceView$$ExternalSyntheticLambda5.onPreDraw:2 
10-16 17:44:14.688 17186 17186 I SurfaceView@d007ee0: updateSurface: mVisible = true mSurface.isValid() = true
10-16 17:44:14.688 17186 17186 I SurfaceView@d007ee0: updateSurface: mSurfaceCreated = true surfaceChanged = false visibleChanged = false
10-16 17:44:14.688 17186 17186 V SurfaceView@d007ee0: Layout: x=0 y=-814 w=1080 h=525, frame=Rect(0, 0 - 1080, 525)
10-16 17:44:14.694 17186 17270 D SurfaceView@d007ee0: updateSurfacePosition RenderWorker, frameNr = 691, position = [0, -814, 1080, -289] surfaceSize = 1080x525
10-16 17:44:14.694 17186 17270 I SurfaceView@d007ee0: uSP: rtp = Rect(0, -814 - 1080, -289) rtsw = 1080 rtsh = 525
10-16 17:44:14.694 17186 17270 I SurfaceView@d007ee0: onSSPAndSRT: pl = 0 pt = -814 sx = 1.0 sy = 1.0
10-16 17:44:14.694 17186 17270 I SurfaceView@d007ee0: aOrMT: ViewRootImpl@562a9cf[MainActivity] t = android.view.SurfaceControl$Transaction@7843e4a fN = 691 android.view.SurfaceView.-$$Nest$mapplyOrMergeTransaction:0 android.view.SurfaceView$SurfaceViewPositionUpdateListener.positionChanged:1537 android.graphics.RenderNode$CompositePositionUpdateListener.positionChanged:373 
10-16 17:44:14.695 17186 17270 I ViewRootImpl@562a9cf[MainActivity]: mWNT: t=0x7b31469100 mBlastBufferQueue=0x7b49432100 fn= 691 caller= android.view.SurfaceView.applyOrMergeTransaction:1455 android.view.SurfaceView.-$$Nest$mapplyOrMergeTransaction:0 android.view.SurfaceView$SurfaceViewPositionUpdateListener.positionChanged:1537 
10-16 17:44:14.695 17186 17270 I ViewRootImpl@562a9cf[MainActivity]: mWNT: t=0x7b1b426b00 mBlastBufferQueue=0x7b49432100 fn= 691 caller= android.view.ViewRootImpl.lambda$applyTransactionOnDraw$11$android-view-ViewRootImpl:12865 android.view.ViewRootImpl$$ExternalSyntheticLambda1.onFrameDraw:4 android.graphics.HardwareRenderer$FrameDrawingCallback.onFrameDraw:924 
10-16 17:44:14.704 17186 17186 I SurfaceView@d007ee0: Changes: creating=false format=false size=false visible=false alpha=false hint=false mUseAlpha=false visible=false left=false top=true
10-16 17:44:14.704 17186 17186 I SurfaceView@d007ee0: 218136288 Cur surface: Surface(name=null)/@0xb6634f9
10-16 17:44:14.704 17186 17186 I SurfaceView@d007ee0: applyTransactionOnVriDraw: vri = ViewRootImpl@562a9cf[MainActivity] fRS = false t = 0x7b1b426c00 android.view.SurfaceView.performSurfaceTransaction:959 android.view.SurfaceView.updateSurface:1105 android.view.SurfaceView.lambda$new$0$android-view-SurfaceView:200 
10-16 17:44:14.705 17186 17186 I ViewRootImpl@562a9cf[MainActivity]: applyTransactionOnDraw: mRemoved = false isHardwareEnabled = true t = 0x7b1b426c00android.view.SurfaceView.applyTransactionOnVriDraw:2048 android.view.SurfaceView.performSurfaceTransaction:959 android.view.SurfaceView.updateSurface:1105 android.view.SurfaceView.lambda$new$0$android-view-SurfaceView:200 android.view.SurfaceView$$ExternalSyntheticLambda5.onPreDraw:2 
10-16 17:44:14.705 17186 17186 I SurfaceView@d007ee0: updateSurface: mVisible = true mSurface.isValid() = true
10-16 17:44:14.705 17186 17186 I SurfaceView@d007ee0: updateSurface: mSurfaceCreated = true surfaceChanged = false visibleChanged = false
10-16 17:44:14.705 17186 17186 V SurfaceView@d007ee0: Layout: x=0 y=-736 w=1080 h=525, frame=Rect(0, 0 - 1080, 525)
10-16 17:44:14.711 17186 17271 D SurfaceView@d007ee0: updateSurfacePosition RenderWorker, frameNr = 692, position = [0, -736, 1080, -211] surfaceSize = 1080x525
10-16 17:44:14.711 17186 17271 I SurfaceView@d007ee0: uSP: rtp = Rect(0, -736 - 1080, -211) rtsw = 1080 rtsh = 525
10-16 17:44:14.711 17186 17271 I SurfaceView@d007ee0: onSSPAndSRT: pl = 0 pt = -736 sx = 1.0 sy = 1.0
10-16 17:44:14.711 17186 17271 I SurfaceView@d007ee0: aOrMT: ViewRootImpl@562a9cf[MainActivity] t = android.view.SurfaceControl$Transaction@7843e4a fN = 692 android.view.SurfaceView.-$$Nest$mapplyOrMergeTransaction:0 android.view.SurfaceView$SurfaceViewPositionUpdateListener.positionChanged:1537 android.graphics.RenderNode$CompositePositionUpdateListener.positionChanged:373 
10-16 17:44:14.711 17186 17271 I ViewRootImpl@562a9cf[MainActivity]: mWNT: t=0x7b31469100 mBlastBufferQueue=0x7b49432100 fn= 692 caller= android.view.SurfaceView.applyOrMergeTransaction:1455 android.view.SurfaceView.-$$Nest$mapplyOrMergeTransaction:0 android.view.SurfaceView$SurfaceViewPositionUpdateListener.positionChanged:1537 
10-16 17:44:14.711 17186 17271 I ViewRootImpl@562a9cf[MainActivity]: mWNT: t=0x7b1b426c00 mBlastBufferQueue=0x7b49432100 fn= 692 caller= android.view.ViewRootImpl.lambda$applyTransactionOnDraw$11$android-view-ViewRootImpl:12865 android.view.ViewRootImpl$$ExternalSyntheticLambda1.onFrameDraw:4 android.graphics.HardwareRenderer$FrameDrawingCallback.onFrameDraw:924 
10-16 17:44:14.720 17186 17186 I SurfaceView@d007ee0: Changes: creating=false format=false size=false visible=false alpha=false hint=false mUseAlpha=false visible=false left=false top=true
10-16 17:44:14.720 17186 17186 I SurfaceView@d007ee0: 218136288 Cur surface: Surface(name=null)/@0xb6634f9
10-16 17:44:14.721 17186 17186 I SurfaceView@d007ee0: applyTransactionOnVriDraw: vri = ViewRootImpl@562a9cf[MainActivity] fRS = false t = 0x7b1b426d00 android.view.SurfaceView.performSurfaceTransaction:959 android.view.SurfaceView.updateSurface:1105 android.view.SurfaceView.lambda$new$0$android-view-SurfaceView:200 
10-16 17:44:14.721 17186 17186 I ViewRootImpl@562a9cf[MainActivity]: applyTransactionOnDraw: mRemoved = false isHardwareEnabled = true t = 0x7b1b426d00android.view.SurfaceView.applyTransactionOnVriDraw:2048 android.view.SurfaceView.performSurfaceTransaction:959 android.view.SurfaceView.updateSurface:1105 android.view.SurfaceView.lambda$new$0$android-view-SurfaceView:200 android.view.SurfaceView$$ExternalSyntheticLambda5.onPreDraw:2 
10-16 17:44:14.721 17186 17186 I SurfaceView@d007ee0: updateSurface: mVisible = true mSurface.isValid() = true
10-16 17:44:14.721 17186 17186 I SurfaceView@d007ee0: updateSurface: mSurfaceCreated = true surfaceChanged = false visibleChanged = false
10-16 17:44:14.721 17186 17186 V SurfaceView@d007ee0: Layout: x=0 y=-647 w=1080 h=525, frame=Rect(0, 0 - 1080, 525)
10-16 17:44:14.730 17186 17270 D SurfaceView@d007ee0: updateSurfacePosition RenderWorker, frameNr = 693, position = [0, -647, 1080, -122] surfaceSize = 1080x525
10-16 17:44:14.730 17186 17270 I SurfaceView@d007ee0: uSP: rtp = Rect(0, -647 - 1080, -122) rtsw = 1080 rtsh = 525
10-16 17:44:14.730 17186 17270 I SurfaceView@d007ee0: onSSPAndSRT: pl = 0 pt = -647 sx = 1.0 sy = 1.0
10-16 17:44:14.730 17186 17270 I SurfaceView@d007ee0: aOrMT: ViewRootImpl@562a9cf[MainActivity] t = android.view.SurfaceControl$Transaction@7843e4a fN = 693 android.view.SurfaceView.-$$Nest$mapplyOrMergeTransaction:0 android.view.SurfaceView$SurfaceViewPositionUpdateListener.positionChanged:1537 android.graphics.RenderNode$CompositePositionUpdateListener.positionChanged:373 
10-16 17:44:14.730 17186 17270 I ViewRootImpl@562a9cf[MainActivity]: mWNT: t=0x7b31469100 mBlastBufferQueue=0x7b49432100 fn= 693 caller= android.view.SurfaceView.applyOrMergeTransaction:1455 android.view.SurfaceView.-$$Nest$mapplyOrMergeTransaction:0 android.view.SurfaceView$SurfaceViewPositionUpdateListener.positionChanged:1537 
10-16 17:44:14.731 17186 17270 I ViewRootImpl@562a9cf[MainActivity]: mWNT: t=0x7b1b426d00 mBlastBufferQueue=0x7b49432100 fn= 693 caller= android.view.ViewRootImpl.lambda$applyTransactionOnDraw$11$android-view-ViewRootImpl:12865 android.view.ViewRootImpl$$ExternalSyntheticLambda1.onFrameDraw:4 android.graphics.HardwareRenderer$FrameDrawingCallback.onFrameDraw:924 
10-16 17:44:14.737 17186 17186 I SurfaceView@d007ee0: Changes: creating=false format=false size=false visible=false alpha=false hint=false mUseAlpha=false visible=false left=false top=true
