10-17 20:28:28.414 13125 13199 I ViewRootImpl@e892618[MainActivity]: mWNT: t=0x7b46ec2d00 mBlastBufferQueue=0x7b5a8dd800 fn= 691 caller= android.view.SurfaceView.applyOrMergeTransaction:1455 android.view.SurfaceView.-$$Nest$mapplyOrMergeTransaction:0 android.view.SurfaceView$SurfaceViewPositionUpdateListener.positionChanged:1537 
10-17 20:28:28.414 13125 13199 I ViewRootImpl@e892618[MainActivity]: mWNT: t=0x7ae8c79900 mBlastBufferQueue=0x7b5a8dd800 fn= 691 caller= android.view.ViewRootImpl.lambda$applyTransactionOnDraw$11$android-view-ViewRootImpl:12865 android.view.ViewRootImpl$$ExternalSyntheticLambda1.onFrameDraw:4 android.graphics.HardwareRenderer$FrameDrawingCallback.onFrameDraw:924 
10-17 20:28:28.417 13125 13125 I SurfaceView@9cae61f: Changes: creating=false format=false size=false visible=false alpha=false hint=false mUseAlpha=false visible=false left=false top=true
10-17 20:28:28.417 13125 13125 I SurfaceView@9cae61f: 164292127 Cur surface: Surface(name=null)/@0x1923549
10-17 20:28:28.417 13125 13125 I SurfaceView@9cae61f: applyTransactionOnVriDraw: vri = ViewRootImpl@e892618[MainActivity] fRS = false t = 0x7ae8c79a00 android.view.SurfaceView.performSurfaceTransaction:959 android.view.SurfaceView.updateSurface:1105 android.view.SurfaceView.lambda$new$0$android-view-SurfaceView:200 
10-17 20:28:28.418 13125 13125 I ViewRootImpl@e892618[MainActivity]: applyTransactionOnDraw: mRemoved = false isHardwareEnabled = true t = 0x7ae8c79a00android.view.SurfaceView.applyTransactionOnVriDraw:2048 android.view.SurfaceView.performSurfaceTransaction:959 android.view.SurfaceView.updateSurface:1105 android.view.SurfaceView.lambda$new$0$android-view-SurfaceView:200 android.view.SurfaceView$$ExternalSyntheticLambda5.onPreDraw:2 
10-17 20:28:28.418 13125 13125 I SurfaceView@9cae61f: updateSurface: mVisible = true mSurface.isValid() = true
10-17 20:28:28.418 13125 13125 I SurfaceView@9cae61f: updateSurface: mSurfaceCreated = true surfaceChanged = false visibleChanged = false
10-17 20:28:28.418 13125 13125 V SurfaceView@9cae61f: Layout: x=0 y=-1064 w=1080 h=525, frame=Rect(0, 0 - 1080, 525)
10-17 20:28:28.429 13125 13200 D SurfaceView@9cae61f: updateSurfacePosition RenderWorker, frameNr = 692, position = [0, -1110, 1080, -585] surfaceSize = 1080x525
10-17 20:28:28.429 13125 13200 I SurfaceView@9cae61f: uSP: rtp = Rect(0, -1110 - 1080, -585) rtsw = 1080 rtsh = 525
10-17 20:28:28.429 13125 13200 I SurfaceView@9cae61f: onSSPAndSRT: pl = 0 pt = -1110 sx = 1.0 sy = 1.0
10-17 20:28:28.429 13125 13200 I SurfaceView@9cae61f: aOrMT: ViewRootImpl@e892618[MainActivity] t = android.view.SurfaceControl$Transaction@266d15a fN = 692 android.view.SurfaceView.-$$Nest$mapplyOrMergeTransaction:0 android.view.SurfaceView$SurfaceViewPositionUpdateListener.positionChanged:1537 android.graphics.RenderNode$CompositePositionUpdateListener.positionChanged:373 
10-17 20:28:28.430 13125 13200 I ViewRootImpl@e892618[MainActivity]: mWNT: t=0x7b46ec2d00 mBlastBufferQueue=0x7b5a8dd800 fn= 692 caller= android.view.SurfaceView.applyOrMergeTransaction:1455 android.view.SurfaceView.-$$Nest$mapplyOrMergeTransaction:0 android.view.SurfaceView$SurfaceViewPositionUpdateListener.positionChanged:1537 
10-17 20:28:28.430 13125 13200 I ViewRootImpl@e892618[MainActivity]: mWNT: t=0x7ae8c79a00 mBlastBufferQueue=0x7b5a8dd800 fn= 692 caller= android.view.ViewRootImpl.lambda$applyTransactionOnDraw$11$android-view-ViewRootImpl:12865 android.view.ViewRootImpl$$ExternalSyntheticLambda1.onFrameDraw:4 android.graphics.HardwareRenderer$FrameDrawingCallback.onFrameDraw:924 
10-17 20:28:28.432 13125 13125 I SurfaceView@9cae61f: Changes: creating=false format=false size=false visible=false alpha=false hint=false mUseAlpha=false visible=false left=false top=true
10-17 20:28:28.433 13125 13125 I SurfaceView@9cae61f: 164292127 Cur surface: Surface(name=null)/@0x1923549
10-17 20:28:28.433 13125 13125 I SurfaceView@9cae61f: applyTransactionOnVriDraw: vri = ViewRootImpl@e892618[MainActivity] fRS = false t = 0x7ae8c79b00 android.view.SurfaceView.performSurfaceTransaction:959 android.view.SurfaceView.updateSurface:1105 android.view.SurfaceView.lambda$new$0$android-view-SurfaceView:200 
10-17 20:28:28.433 13125 13125 I ViewRootImpl@e892618[MainActivity]: applyTransactionOnDraw: mRemoved = false isHardwareEnabled = true t = 0x7ae8c79b00android.view.SurfaceView.applyTransactionOnVriDraw:2048 android.view.SurfaceView.performSurfaceTransaction:959 android.view.SurfaceView.updateSurface:1105 android.view.SurfaceView.lambda$new$0$android-view-SurfaceView:200 android.view.SurfaceView$$ExternalSyntheticLambda5.onPreDraw:2 
10-17 20:28:28.433 13125 13125 I SurfaceView@9cae61f: updateSurface: mVisible = true mSurface.isValid() = true
10-17 20:28:28.433 13125 13125 I SurfaceView@9cae61f: updateSurface: mSurfaceCreated = true surfaceChanged = false visibleChanged = false
10-17 20:28:28.434 13125 13125 V SurfaceView@9cae61f: Layout: x=0 y=-1110 w=1080 h=525, frame=Rect(0, 0 - 1080, 525)
10-17 20:28:28.446 13125 13199 D SurfaceView@9cae61f: updateSurfacePosition RenderWorker, frameNr = 693, position = [0, -1152, 1080, -627] surfaceSize = 1080x525
10-17 20:28:28.446 13125 13199 I SurfaceView@9cae61f: uSP: rtp = Rect(0, -1152 - 1080, -627) rtsw = 1080 rtsh = 525
10-17 20:28:28.446 13125 13199 I SurfaceView@9cae61f: onSSPAndSRT: pl = 0 pt = -1152 sx = 1.0 sy = 1.0
10-17 20:28:28.446 13125 13199 I SurfaceView@9cae61f: aOrMT: ViewRootImpl@e892618[MainActivity] t = android.view.SurfaceControl$Transaction@266d15a fN = 693 android.view.SurfaceView.-$$Nest$mapplyOrMergeTransaction:0 android.view.SurfaceView$SurfaceViewPositionUpdateListener.positionChanged:1537 android.graphics.RenderNode$CompositePositionUpdateListener.positionChanged:373 
10-17 20:28:28.446 13125 13199 I ViewRootImpl@e892618[MainActivity]: mWNT: t=0x7b46ec2d00 mBlastBufferQueue=0x7b5a8dd800 fn= 693 caller= android.view.SurfaceView.applyOrMergeTransaction:1455 android.view.SurfaceView.-$$Nest$mapplyOrMergeTransaction:0 android.view.SurfaceView$SurfaceViewPositionUpdateListener.positionChanged:1537 
10-17 20:28:28.447 13125 13199 I ViewRootImpl@e892618[MainActivity]: mWNT: t=0x7ae8c79b00 mBlastBufferQueue=0x7b5a8dd800 fn= 693 caller= android.view.ViewRootImpl.lambda$applyTransactionOnDraw$11$android-view-ViewRootImpl:12865 android.view.ViewRootImpl$$ExternalSyntheticLambda1.onFrameDraw:4 android.graphics.HardwareRenderer$FrameDrawingCallback.onFrameDraw:924 
10-17 20:28:28.450 13125 13125 I SurfaceView@9cae61f: Changes: creating=false format=false size=false visible=false alpha=false hint=false mUseAlpha=false visible=false left=false top=true
10-17 20:28:28.450 13125 13125 I SurfaceView@9cae61f: 164292127 Cur surface: Surface(name=null)/@0x1923549
10-17 20:28:28.451 13125 13125 I SurfaceView@9cae61f: applyTransactionOnVriDraw: vri = ViewRootImpl@e892618[MainActivity] fRS = false t = 0x7ae8c79c00 android.view.SurfaceView.performSurfaceTransaction:959 android.view.SurfaceView.updateSurface:1105 android.view.SurfaceView.lambda$new$0$android-view-SurfaceView:200 
10-17 20:28:28.451 13125 13125 I ViewRootImpl@e892618[MainActivity]: applyTransactionOnDraw: mRemoved = false isHardwareEnabled = true t = 0x7ae8c79c00android.view.SurfaceView.applyTransactionOnVriDraw:2048 android.view.SurfaceView.performSurfaceTransaction:959 android.view.SurfaceView.updateSurface:1105 android.view.SurfaceView.lambda$new$0$android-view-SurfaceView:200 android.view.SurfaceView$$ExternalSyntheticLambda5.onPreDraw:2 
10-17 20:28:28.451 13125 13125 I SurfaceView@9cae61f: updateSurface: mVisible = true mSurface.isValid() = true
10-17 20:28:28.451 13125 13125 I SurfaceView@9cae61f: updateSurface: mSurfaceCreated = true surfaceChanged = false visibleChanged = false
10-17 20:28:28.451 13125 13125 V SurfaceView@9cae61f: Layout: x=0 y=-1152 w=1080 h=525, frame=Rect(0, 0 - 1080, 525)
10-17 20:28:28.464 13125 13200 D SurfaceView@9cae61f: updateSurfacePosition RenderWorker, frameNr = 694, position = [0, -1195, 1080, -670] surfaceSize = 1080x525
10-17 20:28:28.464 13125 13200 I SurfaceView@9cae61f: uSP: rtp = Rect(0, -1195 - 1080, -670) rtsw = 1080 rtsh = 525
10-17 20:28:28.465 13125 13200 I SurfaceView@9cae61f: onSSPAndSRT: pl = 0 pt = -1195 sx = 1.0 sy = 1.0
10-17 20:28:28.465 13125 13200 I SurfaceView@9cae61f: aOrMT: ViewRootImpl@e892618[MainActivity] t = android.view.SurfaceControl$Transaction@266d15a fN = 694 android.view.SurfaceView.-$$Nest$mapplyOrMergeTransaction:0 android.view.SurfaceView$SurfaceViewPositionUpdateListener.positionChanged:1537 android.graphics.RenderNode$CompositePositionUpdateListener.positionChanged:373 
10-17 20:28:28.465 13125 13200 I ViewRootImpl@e892618[MainActivity]: mWNT: t=0x7b46ec2d00 mBlastBufferQueue=0x7b5a8dd800 fn= 694 caller= android.view.SurfaceView.applyOrMergeTransaction:1455 android.view.SurfaceView.-$$Nest$mapplyOrMergeTransaction:0 android.view.SurfaceView$SurfaceViewPositionUpdateListener.positionChanged:1537 
10-17 20:28:28.465 13125 13200 I ViewRootImpl@e892618[MainActivity]: mWNT: t=0x7ae8c79c00 mBlastBufferQueue=0x7b5a8dd800 fn= 694 caller= android.view.ViewRootImpl.lambda$applyTransactionOnDraw$11$android-view-ViewRootImpl:12865 android.view.ViewRootImpl$$ExternalSyntheticLambda1.onFrameDraw:4 android.graphics.HardwareRenderer$FrameDrawingCallback.onFrameDraw:924 
10-17 20:28:28.465 13125 13125 I SurfaceView@9cae61f: Changes: creating=false format=false size=false visible=false alpha=false hint=false mUseAlpha=false visible=false left=false top=true
10-17 20:28:28.465 13125 13125 I SurfaceView@9cae61f: 164292127 Cur surface: Surface(name=null)/@0x1923549
10-17 20:28:28.466 13125 13125 I SurfaceView@9cae61f: applyTransactionOnVriDraw: vri = ViewRootImpl@e892618[MainActivity] fRS = false t = 0x7ae8c79d00 android.view.SurfaceView.performSurfaceTransaction:959 android.view.SurfaceView.updateSurface:1105 android.view.SurfaceView.lambda$new$0$android-view-SurfaceView:200 
10-17 20:28:28.466 13125 13125 I ViewRootImpl@e892618[MainActivity]: applyTransactionOnDraw: mRemoved = false isHardwareEnabled = true t = 0x7ae8c79d00android.view.SurfaceView.applyTransactionOnVriDraw:2048 android.view.SurfaceView.performSurfaceTransaction:959 android.view.SurfaceView.updateSurface:1105 android.view.SurfaceView.lambda$new$0$android-view-SurfaceView:200 android.view.SurfaceView$$ExternalSyntheticLambda5.onPreDraw:2 
10-17 20:28:28.466 13125 13125 I SurfaceView@9cae61f: updateSurface: mVisible = true mSurface.isValid() = true
10-17 20:28:28.466 13125 13125 I SurfaceView@9cae61f: updateSurface: mSurfaceCreated = true surfaceChanged = false visibleChanged = false
10-17 20:28:28.466 13125 13125 V SurfaceView@9cae61f: Layout: x=0 y=-1195 w=1080 h=525, frame=Rect(0, 0 - 1080, 525)
10-17 20:28:28.479 13125 13199 D SurfaceView@9cae61f: updateSurfacePosition RenderWorker, frameNr = 695, position = [0, -1235, 1080, -710] surfaceSize = 1080x525
10-17 20:28:28.479 13125 13199 I SurfaceView@9cae61f: uSP: rtp = Rect(0, -1235 - 1080, -710) rtsw = 1080 rtsh = 525
10-17 20:28:28.479 13125 13199 I SurfaceView@9cae61f: onSSPAndSRT: pl = 0 pt = -1235 sx = 1.0 sy = 1.0
10-17 20:28:28.480 13125 13199 I SurfaceView@9cae61f: aOrMT: ViewRootImpl@e892618[MainActivity] t = android.view.SurfaceControl$Transaction@266d15a fN = 695 android.view.SurfaceView.-$$Nest$mapplyOrMergeTransaction:0 android.view.SurfaceView$SurfaceViewPositionUpdateListener.positionChanged:1537 android.graphics.RenderNode$CompositePositionUpdateListener.positionChanged:373 
10-17 20:28:28.480 13125 13199 I ViewRootImpl@e892618[MainActivity]: mWNT: t=0x7b46ec2d00 mBlastBufferQueue=0x7b5a8dd800 fn= 695 caller= android.view.SurfaceView.applyOrMergeTransaction:1455 android.view.SurfaceView.-$$Nest$mapplyOrMergeTransaction:0 android.view.SurfaceView$SurfaceViewPositionUpdateListener.positionChanged:1537 
10-17 20:28:28.480 13125 13199 I ViewRootImpl@e892618[MainActivity]: mWNT: t=0x7ae8c79d00 mBlastBufferQueue=0x7b5a8dd800 fn= 695 caller= android.view.ViewRootImpl.lambda$applyTransactionOnDraw$11$android-view-ViewRootImpl:12865 android.view.ViewRootImpl$$ExternalSyntheticLambda1.onFrameDraw:4 android.graphics.HardwareRenderer$FrameDrawingCallback.onFrameDraw:924 
10-17 20:28:28.480 13125 13125 I SurfaceView@9cae61f: Changes: creating=false format=false size=false visible=false alpha=false hint=false mUseAlpha=false visible=false left=false top=true
10-17 20:28:28.480 13125 13125 I SurfaceView@9cae61f: 164292127 Cur surface: Surface(name=null)/@0x1923549
10-17 20:28:28.481 13125 13125 I SurfaceView@9cae61f: applyTransactionOnVriDraw: vri = ViewRootImpl@e892618[MainActivity] fRS = false t = 0x7ae8c79e00 android.view.SurfaceView.performSurfaceTransaction:959 android.view.SurfaceView.updateSurface:1105 android.view.SurfaceView.lambda$new$0$android-view-SurfaceView:200 
10-17 20:28:28.481 13125 13125 I ViewRootImpl@e892618[MainActivity]: applyTransactionOnDraw: mRemoved = false isHardwareEnabled = true t = 0x7ae8c79e00android.view.SurfaceView.applyTransactionOnVriDraw:2048 android.view.SurfaceView.performSurfaceTransaction:959 android.view.SurfaceView.updateSurface:1105 android.view.SurfaceView.lambda$new$0$android-view-SurfaceView:200 android.view.SurfaceView$$ExternalSyntheticLambda5.onPreDraw:2 
10-17 20:28:28.481 13125 13125 I SurfaceView@9cae61f: updateSurface: mVisible = true mSurface.isValid() = true
10-17 20:28:28.481 13125 13125 I SurfaceView@9cae61f: updateSurface: mSurfaceCreated = true surfaceChanged = false visibleChanged = false
10-17 20:28:28.481 13125 13125 V SurfaceView@9cae61f: Layout: x=0 y=-1235 w=1080 h=525, frame=Rect(0, 0 - 1080, 525)
10-17 20:28:28.496 13125 13200 D SurfaceView@9cae61f: updateSurfacePosition RenderWorker, frameNr = 696, position = [0, -1272, 1080, -747] surfaceSize = 1080x525
10-17 20:28:28.496 13125 13200 I SurfaceView@9cae61f: uSP: rtp = Rect(0, -1272 - 1080, -747) rtsw = 1080 rtsh = 525
10-17 20:28:28.496 13125 13200 I SurfaceView@9cae61f: onSSPAndSRT: pl = 0 pt = -1272 sx = 1.0 sy = 1.0
10-17 20:28:28.496 13125 13200 I SurfaceView@9cae61f: aOrMT: ViewRootImpl@e892618[MainActivity] t = android.view.SurfaceControl$Transaction@266d15a fN = 696 android.view.SurfaceView.-$$Nest$mapplyOrMergeTransaction:0 android.view.SurfaceView$SurfaceViewPositionUpdateListener.positionChanged:1537 android.graphics.RenderNode$CompositePositionUpdateListener.positionChanged:373 
10-17 20:28:28.496 13125 13200 I ViewRootImpl@e892618[MainActivity]: mWNT: t=0x7b46ec2d00 mBlastBufferQueue=0x7b5a8dd800 fn= 696 caller= android.view.SurfaceView.applyOrMergeTransaction:1455 android.view.SurfaceView.-$$Nest$mapplyOrMergeTransaction:0 android.view.SurfaceView$SurfaceViewPositionUpdateListener.positionChanged:1537 
10-17 20:28:28.496 13125 13200 I ViewRootImpl@e892618[MainActivity]: mWNT: t=0x7ae8c79e00 mBlastBufferQueue=0x7b5a8dd800 fn= 696 caller= android.view.ViewRootImpl.lambda$applyTransactionOnDraw$11$android-view-ViewRootImpl:12865 android.view.ViewRootImpl$$ExternalSyntheticLambda1.onFrameDraw:4 android.graphics.HardwareRenderer$FrameDrawingCallback.onFrameDraw:924 
10-17 20:28:28.497 13125 13125 I SurfaceView@9cae61f: Changes: creating=false format=false size=false visible=false alpha=false hint=false mUseAlpha=false visible=false left=false top=true
10-17 20:28:28.497 13125 13125 I SurfaceView@9cae61f: 164292127 Cur surface: Surface(name=null)/@0x1923549
10-17 20:28:28.497 13125 13125 I SurfaceView@9cae61f: applyTransactionOnVriDraw: vri = ViewRootImpl@e892618[MainActivity] fRS = false t = 0x7ae8c79f00 android.view.SurfaceView.performSurfaceTransaction:959 android.view.SurfaceView.updateSurface:1105 android.view.SurfaceView.lambda$new$0$android-view-SurfaceView:200 
10-17 20:28:28.497 13125 13125 I ViewRootImpl@e892618[MainActivity]: applyTransactionOnDraw: mRemoved = false isHardwareEnabled = true t = 0x7ae8c79f00android.view.SurfaceView.applyTransactionOnVriDraw:2048 android.view.SurfaceView.performSurfaceTransaction:959 android.view.SurfaceView.updateSurface:1105 android.view.SurfaceView.lambda$new$0$android-view-SurfaceView:200 android.view.SurfaceView$$ExternalSyntheticLambda5.onPreDraw:2 
10-17 20:28:28.497 13125 13125 I SurfaceView@9cae61f: updateSurface: mVisible = true mSurface.isValid() = true
10-17 20:28:28.497 13125 13125 I SurfaceView@9cae61f: updateSurface: mSurfaceCreated = true surfaceChanged = false visibleChanged = false
10-17 20:28:28.498 13125 13125 V SurfaceView@9cae61f: Layout: x=0 y=-1272 w=1080 h=525, frame=Rect(0, 0 - 1080, 525)
10-17 20:28:28.513 13125 13199 D SurfaceView@9cae61f: updateSurfacePosition RenderWorker, frameNr = 697, position = [0, -1309, 1080, -784] surfaceSize = 1080x525
10-17 20:28:28.513 13125 13199 I SurfaceView@9cae61f: uSP: rtp = Rect(0, -1309 - 1080, -784) rtsw = 1080 rtsh = 525
10-17 20:28:28.513 13125 13199 I SurfaceView@9cae61f: onSSPAndSRT: pl = 0 pt = -1309 sx = 1.0 sy = 1.0
10-17 20:28:28.513 13125 13199 I SurfaceView@9cae61f: aOrMT: ViewRootImpl@e892618[MainActivity] t = android.view.SurfaceControl$Transaction@266d15a fN = 697 android.view.SurfaceView.-$$Nest$mapplyOrMergeTransaction:0 android.view.SurfaceView$SurfaceViewPositionUpdateListener.positionChanged:1537 android.graphics.RenderNode$CompositePositionUpdateListener.positionChanged:373 
10-17 20:28:28.513 13125 13199 I ViewRootImpl@e892618[MainActivity]: mWNT: t=0x7b46ec2d00 mBlastBufferQueue=0x7b5a8dd800 fn= 697 caller= android.view.SurfaceView.applyOrMergeTransaction:1455 android.view.SurfaceView.-$$Nest$mapplyOrMergeTransaction:0 android.view.SurfaceView$SurfaceViewPositionUpdateListener.positionChanged:1537 
10-17 20:28:28.513 13125 13199 I ViewRootImpl@e892618[MainActivity]: mWNT: t=0x7ae8c79f00 mBlastBufferQueue=0x7b5a8dd800 fn= 697 caller= android.view.ViewRootImpl.lambda$applyTransactionOnDraw$11$android-view-ViewRootImpl:12865 android.view.ViewRootImpl$$ExternalSyntheticLambda1.onFrameDraw:4 android.graphics.HardwareRenderer$FrameDrawingCallback.onFrameDraw:924 
10-17 20:28:28.514 13125 13125 I SurfaceView@9cae61f: Changes: creating=false format=false size=false visible=false alpha=false hint=false mUseAlpha=false visible=false left=false top=true
10-17 20:28:28.514 13125 13125 I SurfaceView@9cae61f: 164292127 Cur surface: Surface(name=null)/@0x1923549
10-17 20:28:28.514 13125 13125 I SurfaceView@9cae61f: applyTransactionOnVriDraw: vri = ViewRootImpl@e892618[MainActivity] fRS = false t = 0x7b1855e000 android.view.SurfaceView.performSurfaceTransaction:959 android.view.SurfaceView.updateSurface:1105 android.view.SurfaceView.lambda$new$0$android-view-SurfaceView:200 
10-17 20:28:28.514 13125 13125 I ViewRootImpl@e892618[MainActivity]: applyTransactionOnDraw: mRemoved = false isHardwareEnabled = true t = 0x7b1855e000android.view.SurfaceView.applyTransactionOnVriDraw:2048 android.view.SurfaceView.performSurfaceTransaction:959 android.view.SurfaceView.updateSurface:1105 android.view.SurfaceView.lambda$new$0$android-view-SurfaceView:200 android.view.SurfaceView$$ExternalSyntheticLambda5.onPreDraw:2 
10-17 20:28:28.514 13125 13125 I SurfaceView@9cae61f: updateSurface: mVisible = true mSurface.isValid() = true
10-17 20:28:28.514 13125 13125 I SurfaceView@9cae61f: updateSurface: mSurfaceCreated = true surfaceChanged = false visibleChanged = false
10-17 20:28:28.514 13125 13125 V SurfaceView@9cae61f: Layout: x=0 y=-1309 w=1080 h=525, frame=Rect(0, 0 - 1080, 525)
10-17 20:28:28.530 13125 13200 D SurfaceView@9cae61f: updateSurfacePosition RenderWorker, frameNr = 698, position = [0, -1345, 1080, -820] surfaceSize = 1080x525
10-17 20:28:28.530 13125 13200 I SurfaceView@9cae61f: uSP: rtp = Rect(0, -1345 - 1080, -820) rtsw = 1080 rtsh = 525
10-17 20:28:28.530 13125 13200 I SurfaceView@9cae61f: onSSPAndSRT: pl = 0 pt = -1345 sx = 1.0 sy = 1.0
10-17 20:28:28.531 13125 13200 I SurfaceView@9cae61f: aOrMT: ViewRootImpl@e892618[MainActivity] t = android.view.SurfaceControl$Transaction@266d15a fN = 698 android.view.SurfaceView.-$$Nest$mapplyOrMergeTransaction:0 android.view.SurfaceView$SurfaceViewPositionUpdateListener.positionChanged:1537 android.graphics.RenderNode$CompositePositionUpdateListener.positionChanged:373 
10-17 20:28:28.531 13125 13200 I ViewRootImpl@e892618[MainActivity]: mWNT: t=0x7b46ec2d00 mBlastBufferQueue=0x7b5a8dd800 fn= 698 caller= android.view.SurfaceView.applyOrMergeTransaction:1455 android.view.SurfaceView.-$$Nest$mapplyOrMergeTransaction:0 android.view.SurfaceView$SurfaceViewPositionUpdateListener.positionChanged:1537 
10-17 20:28:28.531 13125 13200 I ViewRootImpl@e892618[MainActivity]: mWNT: t=0x7b1855e000 mBlastBufferQueue=0x7b5a8dd800 fn= 698 caller= android.view.ViewRootImpl.lambda$applyTransactionOnDraw$11$android-view-ViewRootImpl:12865 android.view.ViewRootImpl$$ExternalSyntheticLambda1.onFrameDraw:4 android.graphics.HardwareRenderer$FrameDrawingCallback.onFrameDraw:924 
10-17 20:28:28.531 13125 13125 I SurfaceView@9cae61f: Changes: creating=false format=false size=false visible=false alpha=false hint=false mUseAlpha=false visible=false left=false top=true
10-17 20:28:28.531 13125 13125 I SurfaceView@9cae61f: 164292127 Cur surface: Surface(name=null)/@0x1923549
10-17 20:28:28.532 13125 13125 I SurfaceView@9cae61f: applyTransactionOnVriDraw: vri = ViewRootImpl@e892618[MainActivity] fRS = false t = 0x7b1855e100 android.view.SurfaceView.performSurfaceTransaction:959 android.view.SurfaceView.updateSurface:1105 android.view.SurfaceView.lambda$new$0$android-view-SurfaceView:200 
10-17 20:28:28.532 13125 13125 I ViewRootImpl@e892618[MainActivity]: applyTransactionOnDraw: mRemoved = false isHardwareEnabled = true t = 0x7b1855e100android.view.SurfaceView.applyTransactionOnVriDraw:2048 android.view.SurfaceView.performSurfaceTransaction:959 android.view.SurfaceView.updateSurface:1105 android.view.SurfaceView.lambda$new$0$android-view-SurfaceView:200 android.view.SurfaceView$$ExternalSyntheticLambda5.onPreDraw:2 
10-17 20:28:28.532 13125 13125 I SurfaceView@9cae61f: updateSurface: mVisible = true mSurface.isValid() = true
10-17 20:28:28.532 13125 13125 I SurfaceView@9cae61f: updateSurface: mSurfaceCreated = true surfaceChanged = false visibleChanged = false
10-17 20:28:28.532 13125 13125 V SurfaceView@9cae61f: Layout: x=0 y=-1345 w=1080 h=525, frame=Rect(0, 0 - 1080, 525)
10-17 20:28:28.543 13125 13199 D SurfaceView@9cae61f: updateSurfacePosition RenderWorker, frameNr = 699, position = [0, -1378, 1080, -853] surfaceSize = 1080x525
10-17 20:28:28.543 13125 13199 I SurfaceView@9cae61f: uSP: rtp = Rect(0, -1378 - 1080, -853) rtsw = 1080 rtsh = 525
10-17 20:28:28.543 13125 13199 I SurfaceView@9cae61f: onSSPAndSRT: pl = 0 pt = -1378 sx = 1.0 sy = 1.0
10-17 20:28:28.543 13125 13199 I SurfaceView@9cae61f: aOrMT: ViewRootImpl@e892618[MainActivity] t = android.view.SurfaceControl$Transaction@266d15a fN = 699 android.view.SurfaceView.-$$Nest$mapplyOrMergeTransaction:0 android.view.SurfaceView$SurfaceViewPositionUpdateListener.positionChanged:1537 android.graphics.RenderNode$CompositePositionUpdateListener.positionChanged:373 
10-17 20:28:28.543 13125 13199 I ViewRootImpl@e892618[MainActivity]: mWNT: t=0x7b46ec2d00 mBlastBufferQueue=0x7b5a8dd800 fn= 699 caller= android.view.SurfaceView.applyOrMergeTransaction:1455 android.view.SurfaceView.-$$Nest$mapplyOrMergeTransaction:0 android.view.SurfaceView$SurfaceViewPositionUpdateListener.positionChanged:1537 
10-17 20:28:28.544 13125 13199 I ViewRootImpl@e892618[MainActivity]: mWNT: t=0x7b1855e100 mBlastBufferQueue=0x7b5a8dd800 fn= 699 caller= android.view.ViewRootImpl.lambda$applyTransactionOnDraw$11$android-view-ViewRootImpl:12865 android.view.ViewRootImpl$$ExternalSyntheticLambda1.onFrameDraw:4 android.graphics.HardwareRenderer$FrameDrawingCallback.onFrameDraw:924 
10-17 20:28:28.546 13125 13125 I SurfaceView@9cae61f: Changes: creating=false format=false size=false visible=false alpha=false hint=false mUseAlpha=false visible=false left=false top=true
10-17 20:28:28.546 13125 13125 I SurfaceView@9cae61f: 164292127 Cur surface: Surface(name=null)/@0x1923549
10-17 20:28:28.546 13125 13125 I SurfaceView@9cae61f: applyTransactionOnVriDraw: vri = ViewRootImpl@e892618[MainActivity] fRS = false t = 0x7b1855e200 android.view.SurfaceView.performSurfaceTransaction:959 android.view.SurfaceView.updateSurface:1105 android.view.SurfaceView.lambda$new$0$android-view-SurfaceView:200 
10-17 20:28:28.546 13125 13125 I ViewRootImpl@e892618[MainActivity]: applyTransactionOnDraw: mRemoved = false isHardwareEnabled = true t = 0x7b1855e200android.view.SurfaceView.applyTransactionOnVriDraw:2048 android.view.SurfaceView.performSurfaceTransaction:959 android.view.SurfaceView.updateSurface:1105 android.view.SurfaceView.lambda$new$0$android-view-SurfaceView:200 android.view.SurfaceView$$ExternalSyntheticLambda5.onPreDraw:2 
10-17 20:28:28.546 13125 13125 I SurfaceView@9cae61f: updateSurface: mVisible = true mSurface.isValid() = true
10-17 20:28:28.547 13125 13125 I SurfaceView@9cae61f: updateSurface: mSurfaceCreated = true surfaceChanged = false visibleChanged = false
10-17 20:28:28.547 13125 13125 V SurfaceView@9cae61f: Layout: x=0 y=-1378 w=1080 h=525, frame=Rect(0, 0 - 1080, 525)
10-17 20:28:28.559 13125 13200 D SurfaceView@9cae61f: updateSurfacePosition RenderWorker, frameNr = 700, position = [0, -1411, 1080, -886] surfaceSize = 1080x525
10-17 20:28:28.559 13125 13200 I SurfaceView@9cae61f: uSP: rtp = Rect(0, -1411 - 1080, -886) rtsw = 1080 rtsh = 525
10-17 20:28:28.559 13125 13200 I SurfaceView@9cae61f: onSSPAndSRT: pl = 0 pt = -1411 sx = 1.0 sy = 1.0
10-17 20:28:28.559 13125 13200 I SurfaceView@9cae61f: aOrMT: ViewRootImpl@e892618[MainActivity] t = android.view.SurfaceControl$Transaction@266d15a fN = 700 android.view.SurfaceView.-$$Nest$mapplyOrMergeTransaction:0 android.view.SurfaceView$SurfaceViewPositionUpdateListener.positionChanged:1537 android.graphics.RenderNode$CompositePositionUpdateListener.positionChanged:373 
10-17 20:28:28.560 13125 13200 I ViewRootImpl@e892618[MainActivity]: mWNT: t=0x7b46ec2d00 mBlastBufferQueue=0x7b5a8dd800 fn= 700 caller= android.view.SurfaceView.applyOrMergeTransaction:1455 android.view.SurfaceView.-$$Nest$mapplyOrMergeTransaction:0 android.view.SurfaceView$SurfaceViewPositionUpdateListener.positionChanged:1537 
10-17 20:28:28.560 13125 13200 I ViewRootImpl@e892618[MainActivity]: mWNT: t=0x7b1855e200 mBlastBufferQueue=0x7b5a8dd800 fn= 700 caller= android.view.ViewRootImpl.lambda$applyTransactionOnDraw$11$android-view-ViewRootImpl:12865 android.view.ViewRootImpl$$ExternalSyntheticLambda1.onFrameDraw:4 android.graphics.HardwareRenderer$FrameDrawingCallback.onFrameDraw:924 
10-17 20:28:28.563 13125 13125 I SurfaceView@9cae61f: Changes: creating=false format=false size=false visible=false alpha=false hint=false mUseAlpha=false visible=false left=false top=true
10-17 20:28:28.563 13125 13125 I SurfaceView@9cae61f: 164292127 Cur surface: Surface(name=null)/@0x1923549
10-17 20:28:28.563 13125 13125 I SurfaceView@9cae61f: applyTransactionOnVriDraw: vri = ViewRootImpl@e892618[MainActivity] fRS = false t = 0x7b1855e300 android.view.SurfaceView.performSurfaceTransaction:959 android.view.SurfaceView.updateSurface:1105 android.view.SurfaceView.lambda$new$0$android-view-SurfaceView:200 
10-17 20:28:28.563 13125 13125 I ViewRootImpl@e892618[MainActivity]: applyTransactionOnDraw: mRemoved = false isHardwareEnabled = true t = 0x7b1855e300android.view.SurfaceView.applyTransactionOnVriDraw:2048 android.view.SurfaceView.performSurfaceTransaction:959 android.view.SurfaceView.updateSurface:1105 android.view.SurfaceView.lambda$new$0$android-view-SurfaceView:200 android.view.SurfaceView$$ExternalSyntheticLambda5.onPreDraw:2 
10-17 20:28:28.563 13125 13125 I SurfaceView@9cae61f: updateSurface: mVisible = true mSurface.isValid() = true
10-17 20:28:28.563 13125 13125 I SurfaceView@9cae61f: updateSurface: mSurfaceCreated = true surfaceChanged = false visibleChanged = false
10-17 20:28:28.563 13125 13125 V SurfaceView@9cae61f: Layout: x=0 y=-1411 w=1080 h=525, frame=Rect(0, 0 - 1080, 525)
10-17 20:28:28.577 13125 13199 D SurfaceView@9cae61f: updateSurfacePosition RenderWorker, frameNr = 701, position = [0, -1441, 1080, -916] surfaceSize = 1080x525
10-17 20:28:28.577 13125 13199 I SurfaceView@9cae61f: uSP: rtp = Rect(0, -1441 - 1080, -916) rtsw = 1080 rtsh = 525
10-17 20:28:28.577 13125 13199 I SurfaceView@9cae61f: onSSPAndSRT: pl = 0 pt = -1441 sx = 1.0 sy = 1.0
10-17 20:28:28.577 13125 13199 I SurfaceView@9cae61f: aOrMT: ViewRootImpl@e892618[MainActivity] t = android.view.SurfaceControl$Transaction@266d15a fN = 701 android.view.SurfaceView.-$$Nest$mapplyOrMergeTransaction:0 android.view.SurfaceView$SurfaceViewPositionUpdateListener.positionChanged:1537 android.graphics.RenderNode$CompositePositionUpdateListener.positionChanged:373 
10-17 20:28:28.577 13125 13199 I ViewRootImpl@e892618[MainActivity]: mWNT: t=0x7b46ec2d00 mBlastBufferQueue=0x7b5a8dd800 fn= 701 caller= android.view.SurfaceView.applyOrMergeTransaction:1455 android.view.SurfaceView.-$$Nest$mapplyOrMergeTransaction:0 android.view.SurfaceView$SurfaceViewPositionUpdateListener.positionChanged:1537 
10-17 20:28:28.577 13125 13199 I ViewRootImpl@e892618[MainActivity]: mWNT: t=0x7b1855e300 mBlastBufferQueue=0x7b5a8dd800 fn= 701 caller= android.view.ViewRootImpl.lambda$applyTransactionOnDraw$11$android-view-ViewRootImpl:12865 android.view.ViewRootImpl$$ExternalSyntheticLambda1.onFrameDraw:4 android.graphics.HardwareRenderer$FrameDrawingCallback.onFrameDraw:924 
10-17 20:28:28.579 13125 13125 I SurfaceView@9cae61f: Changes: creating=false format=false size=false visible=false alpha=false hint=false mUseAlpha=false visible=false left=false top=true
10-17 20:28:28.579 13125 13125 I SurfaceView@9cae61f: 164292127 Cur surface: Surface(name=null)/@0x1923549
10-17 20:28:28.580 13125 13125 I SurfaceView@9cae61f: applyTransactionOnVriDraw: vri = ViewRootImpl@e892618[MainActivity] fRS = false t = 0x7b1855e400 android.view.SurfaceView.performSurfaceTransaction:959 android.view.SurfaceView.updateSurface:1105 android.view.SurfaceView.lambda$new$0$android-view-SurfaceView:200 
10-17 20:28:28.580 13125 13125 I ViewRootImpl@e892618[MainActivity]: applyTransactionOnDraw: mRemoved = false isHardwareEnabled = true t = 0x7b1855e400android.view.SurfaceView.applyTransactionOnVriDraw:2048 android.view.SurfaceView.performSurfaceTransaction:959 android.view.SurfaceView.updateSurface:1105 android.view.SurfaceView.lambda$new$0$android-view-SurfaceView:200 android.view.SurfaceView$$ExternalSyntheticLambda5.onPreDraw:2 
10-17 20:28:28.580 13125 13125 I SurfaceView@9cae61f: updateSurface: mVisible = true mSurface.isValid() = true
10-17 20:28:28.580 13125 13125 I SurfaceView@9cae61f: updateSurface: mSurfaceCreated = true surfaceChanged = false visibleChanged = false
10-17 20:28:28.580 13125 13125 V SurfaceView@9cae61f: Layout: x=0 y=-1441 w=1080 h=525, frame=Rect(0, 0 - 1080, 525)
10-17 20:28:28.595 13125 13200 D SurfaceView@9cae61f: updateSurfacePosition RenderWorker, frameNr = 702, position = [0, -1471, 1080, -946] surfaceSize = 1080x525
10-17 20:28:28.595 13125 13200 I SurfaceView@9cae61f: uSP: rtp = Rect(0, -1471 - 1080, -946) rtsw = 1080 rtsh = 525
10-17 20:28:28.595 13125 13200 I SurfaceView@9cae61f: onSSPAndSRT: pl = 0 pt = -1471 sx = 1.0 sy = 1.0
10-17 20:28:28.595 13125 13200 I SurfaceView@9cae61f: aOrMT: ViewRootImpl@e892618[MainActivity] t = android.view.SurfaceControl$Transaction@266d15a fN = 702 android.view.SurfaceView.-$$Nest$mapplyOrMergeTransaction:0 android.view.SurfaceView$SurfaceViewPositionUpdateListener.positionChanged:1537 android.graphics.RenderNode$CompositePositionUpdateListener.positionChanged:373 
10-17 20:28:28.595 13125 13200 I ViewRootImpl@e892618[MainActivity]: mWNT: t=0x7b46ec2d00 mBlastBufferQueue=0x7b5a8dd800 fn= 702 caller= android.view.SurfaceView.applyOrMergeTransaction:1455 android.view.SurfaceView.-$$Nest$mapplyOrMergeTransaction:0 android.view.SurfaceView$SurfaceViewPositionUpdateListener.positionChanged:1537 
10-17 20:28:28.596 13125 13200 I ViewRootImpl@e892618[MainActivity]: mWNT: t=0x7b1855e400 mBlastBufferQueue=0x7b5a8dd800 fn= 702 caller= android.view.ViewRootImpl.lambda$applyTransactionOnDraw$11$android-view-ViewRootImpl:12865 android.view.ViewRootImpl$$ExternalSyntheticLambda1.onFrameDraw:4 android.graphics.HardwareRenderer$FrameDrawingCallback.onFrameDraw:924 
10-17 20:28:28.596 13125 13125 I SurfaceView@9cae61f: Changes: creating=false format=false size=false visible=false alpha=false hint=false mUseAlpha=false visible=false left=false top=true
10-17 20:28:28.596 13125 13125 I SurfaceView@9cae61f: 164292127 Cur surface: Surface(name=null)/@0x1923549
10-17 20:28:28.597 13125 13125 I SurfaceView@9cae61f: applyTransactionOnVriDraw: vri = ViewRootImpl@e892618[MainActivity] fRS = false t = 0x7b1855e500 android.view.SurfaceView.performSurfaceTransaction:959 android.view.SurfaceView.updateSurface:1105 android.view.SurfaceView.lambda$new$0$android-view-SurfaceView:200 
10-17 20:28:28.597 13125 13125 I ViewRootImpl@e892618[MainActivity]: applyTransactionOnDraw: mRemoved = false isHardwareEnabled = true t = 0x7b1855e500android.view.SurfaceView.applyTransactionOnVriDraw:2048 android.view.SurfaceView.performSurfaceTransaction:959 android.view.SurfaceView.updateSurface:1105 android.view.SurfaceView.lambda$new$0$android-view-SurfaceView:200 android.view.SurfaceView$$ExternalSyntheticLambda5.onPreDraw:2 
10-17 20:28:28.597 13125 13125 I SurfaceView@9cae61f: updateSurface: mVisible = true mSurface.isValid() = true
10-17 20:28:28.597 13125 13125 I SurfaceView@9cae61f: updateSurface: mSurfaceCreated = true surfaceChanged = false visibleChanged = false
10-17 20:28:28.597 13125 13125 V SurfaceView@9cae61f: Layout: x=0 y=-1471 w=1080 h=525, frame=Rect(0, 0 - 1080, 525)
10-17 20:28:28.612 13125 13199 D SurfaceView@9cae61f: updateSurfacePosition RenderWorker, frameNr = 703, position = [0, -1500, 1080, -975] surfaceSize = 1080x525
10-17 20:28:28.612 13125 13199 I SurfaceView@9cae61f: uSP: rtp = Rect(0, -1500 - 1080, -975) rtsw = 1080 rtsh = 525
10-17 20:28:28.612 13125 13199 I SurfaceView@9cae61f: onSSPAndSRT: pl = 0 pt = -1500 sx = 1.0 sy = 1.0
10-17 20:28:28.612 13125 13199 I SurfaceView@9cae61f: aOrMT: ViewRootImpl@e892618[MainActivity] t = android.view.SurfaceControl$Transaction@266d15a fN = 703 android.view.SurfaceView.-$$Nest$mapplyOrMergeTransaction:0 android.view.SurfaceView$SurfaceViewPositionUpdateListener.positionChanged:1537 android.graphics.RenderNode$CompositePositionUpdateListener.positionChanged:373 
10-17 20:28:28.612 13125 13199 I ViewRootImpl@e892618[MainActivity]: mWNT: t=0x7b46ec2d00 mBlastBufferQueue=0x7b5a8dd800 fn= 703 caller= android.view.SurfaceView.applyOrMergeTransaction:1455 android.view.SurfaceView.-$$Nest$mapplyOrMergeTransaction:0 android.view.SurfaceView$SurfaceViewPositionUpdateListener.positionChanged:1537 
10-17 20:28:28.613 13125 13199 I ViewRootImpl@e892618[MainActivity]: mWNT: t=0x7b1855e500 mBlastBufferQueue=0x7b5a8dd800 fn= 703 caller= android.view.ViewRootImpl.lambda$applyTransactionOnDraw$11$android-view-ViewRootImpl:12865 android.view.ViewRootImpl$$ExternalSyntheticLambda1.onFrameDraw:4 android.graphics.HardwareRenderer$FrameDrawingCallback.onFrameDraw:924 
10-17 20:28:28.613 13125 13125 I SurfaceView@9cae61f: Changes: creating=false format=false size=false visible=false alpha=false hint=false mUseAlpha=false visible=false left=false top=true
10-17 20:28:28.613 13125 13125 I SurfaceView@9cae61f: 164292127 Cur surface: Surface(name=null)/@0x1923549
10-17 20:28:28.614 13125 13125 I SurfaceView@9cae61f: applyTransactionOnVriDraw: vri = ViewRootImpl@e892618[MainActivity] fRS = false t = 0x7b1855e600 android.view.SurfaceView.performSurfaceTransaction:959 android.view.SurfaceView.updateSurface:1105 android.view.SurfaceView.lambda$new$0$android-view-SurfaceView:200 
10-17 20:28:28.614 13125 13125 I ViewRootImpl@e892618[MainActivity]: applyTransactionOnDraw: mRemoved = false isHardwareEnabled = true t = 0x7b1855e600android.view.SurfaceView.applyTransactionOnVriDraw:2048 android.view.SurfaceView.performSurfaceTransaction:959 android.view.SurfaceView.updateSurface:1105 android.view.SurfaceView.lambda$new$0$android-view-SurfaceView:200 android.view.SurfaceView$$ExternalSyntheticLambda5.onPreDraw:2 
10-17 20:28:28.614 13125 13125 I SurfaceView@9cae61f: updateSurface: mVisible = true mSurface.isValid() = true
10-17 20:28:28.614 13125 13125 I SurfaceView@9cae61f: updateSurface: mSurfaceCreated = true surfaceChanged = false visibleChanged = false
10-17 20:28:28.614 13125 13125 V SurfaceView@9cae61f: Layout: x=0 y=-1500 w=1080 h=525, frame=Rect(0, 0 - 1080, 525)
10-17 20:28:28.628 13125 13200 D SurfaceView@9cae61f: updateSurfacePosition RenderWorker, frameNr = 704, position = [0, -1527, 1080, -1002] surfaceSize = 1080x525
10-17 20:28:28.629 13125 13200 I SurfaceView@9cae61f: uSP: rtp = Rect(0, -1527 - 1080, -1002) rtsw = 1080 rtsh = 525
10-17 20:28:28.629 13125 13200 I SurfaceView@9cae61f: onSSPAndSRT: pl = 0 pt = -1527 sx = 1.0 sy = 1.0
10-17 20:28:28.629 13125 13200 I SurfaceView@9cae61f: aOrMT: ViewRootImpl@e892618[MainActivity] t = android.view.SurfaceControl$Transaction@266d15a fN = 704 android.view.SurfaceView.-$$Nest$mapplyOrMergeTransaction:0 android.view.SurfaceView$SurfaceViewPositionUpdateListener.positionChanged:1537 android.graphics.RenderNode$CompositePositionUpdateListener.positionChanged:373 
10-17 20:28:28.629 13125 13200 I ViewRootImpl@e892618[MainActivity]: mWNT: t=0x7b46ec2d00 mBlastBufferQueue=0x7b5a8dd800 fn= 704 caller= android.view.SurfaceView.applyOrMergeTransaction:1455 android.view.SurfaceView.-$$Nest$mapplyOrMergeTransaction:0 android.view.SurfaceView$SurfaceViewPositionUpdateListener.positionChanged:1537 
10-17 20:28:28.629 13125 13200 I ViewRootImpl@e892618[MainActivity]: mWNT: t=0x7b1855e600 mBlastBufferQueue=0x7b5a8dd800 fn= 704 caller= android.view.ViewRootImpl.lambda$applyTransactionOnDraw$11$android-view-ViewRootImpl:12865 android.view.ViewRootImpl$$ExternalSyntheticLambda1.onFrameDraw:4 android.graphics.HardwareRenderer$FrameDrawingCallback.onFrameDraw:924 
10-17 20:28:28.630 13125 13125 I SurfaceView@9cae61f: Changes: creating=false format=false size=false visible=false alpha=false hint=false mUseAlpha=false visible=false left=false top=true
10-17 20:28:28.630 13125 13125 I SurfaceView@9cae61f: 164292127 Cur surface: Surface(name=null)/@0x1923549
10-17 20:28:28.630 13125 13125 I SurfaceView@9cae61f: applyTransactionOnVriDraw: vri = ViewRootImpl@e892618[MainActivity] fRS = false t = 0x7b1855e700 android.view.SurfaceView.performSurfaceTransaction:959 android.view.SurfaceView.updateSurface:1105 android.view.SurfaceView.lambda$new$0$android-view-SurfaceView:200 
10-17 20:28:28.630 13125 13125 I ViewRootImpl@e892618[MainActivity]: applyTransactionOnDraw: mRemoved = false isHardwareEnabled = true t = 0x7b1855e700android.view.SurfaceView.applyTransactionOnVriDraw:2048 android.view.SurfaceView.performSurfaceTransaction:959 android.view.SurfaceView.updateSurface:1105 android.view.SurfaceView.lambda$new$0$android-view-SurfaceView:200 android.view.SurfaceView$$ExternalSyntheticLambda5.onPreDraw:2 
10-17 20:28:28.630 13125 13125 I SurfaceView@9cae61f: updateSurface: mVisible = true mSurface.isValid() = true
10-17 20:28:28.630 13125 13125 I SurfaceView@9cae61f: updateSurface: mSurfaceCreated = true surfaceChanged = false visibleChanged = false
10-17 20:28:28.630 13125 13125 V SurfaceView@9cae61f: Layout: x=0 y=-1527 w=1080 h=525, frame=Rect(0, 0 - 1080, 525)
10-17 20:28:28.645 13125 13199 D SurfaceView@9cae61f: updateSurfacePosition RenderWorker, frameNr = 705, position = [0, -1554, 1080, -1029] surfaceSize = 1080x525
10-17 20:28:28.645 13125 13199 I SurfaceView@9cae61f: uSP: rtp = Rect(0, -1554 - 1080, -1029) rtsw = 1080 rtsh = 525
10-17 20:28:28.645 13125 13199 I SurfaceView@9cae61f: onSSPAndSRT: pl = 0 pt = -1554 sx = 1.0 sy = 1.0
10-17 20:28:28.645 13125 13199 I SurfaceView@9cae61f: aOrMT: ViewRootImpl@e892618[MainActivity] t = android.view.SurfaceControl$Transaction@266d15a fN = 705 android.view.SurfaceView.-$$Nest$mapplyOrMergeTransaction:0 android.view.SurfaceView$SurfaceViewPositionUpdateListener.positionChanged:1537 android.graphics.RenderNode$CompositePositionUpdateListener.positionChanged:373 
10-17 20:28:28.645 13125 13199 I ViewRootImpl@e892618[MainActivity]: mWNT: t=0x7b46ec2d00 mBlastBufferQueue=0x7b5a8dd800 fn= 705 caller= android.view.SurfaceView.applyOrMergeTransaction:1455 android.view.SurfaceView.-$$Nest$mapplyOrMergeTransaction:0 android.view.SurfaceView$SurfaceViewPositionUpdateListener.positionChanged:1537 
10-17 20:28:28.645 13125 13199 I ViewRootImpl@e892618[MainActivity]: mWNT: t=0x7b1855e700 mBlastBufferQueue=0x7b5a8dd800 fn= 705 caller= android.view.ViewRootImpl.lambda$applyTransactionOnDraw$11$android-view-ViewRootImpl:12865 android.view.ViewRootImpl$$ExternalSyntheticLambda1.onFrameDraw:4 android.graphics.HardwareRenderer$FrameDrawingCallback.onFrameDraw:924 
10-17 20:28:28.646 13125 13125 I SurfaceView@9cae61f: Changes: creating=false format=false size=false visible=false alpha=false hint=false mUseAlpha=false visible=false left=false top=true
10-17 20:28:28.646 13125 13125 I SurfaceView@9cae61f: 164292127 Cur surface: Surface(name=null)/@0x1923549
10-17 20:28:28.647 13125 13125 I SurfaceView@9cae61f: applyTransactionOnVriDraw: vri = ViewRootImpl@e892618[MainActivity] fRS = false t = 0x7b1855e800 android.view.SurfaceView.performSurfaceTransaction:959 android.view.SurfaceView.updateSurface:1105 android.view.SurfaceView.lambda$new$0$android-view-SurfaceView:200 
10-17 20:28:28.647 13125 13125 I ViewRootImpl@e892618[MainActivity]: applyTransactionOnDraw: mRemoved = false isHardwareEnabled = true t = 0x7b1855e800android.view.SurfaceView.applyTransactionOnVriDraw:2048 android.view.SurfaceView.performSurfaceTransaction:959 android.view.SurfaceView.updateSurface:1105 android.view.SurfaceView.lambda$new$0$android-view-SurfaceView:200 android.view.SurfaceView$$ExternalSyntheticLambda5.onPreDraw:2 
10-17 20:28:28.647 13125 13125 I SurfaceView@9cae61f: updateSurface: mVisible = true mSurface.isValid() = true
10-17 20:28:28.647 13125 13125 I SurfaceView@9cae61f: updateSurface: mSurfaceCreated = true surfaceChanged = false visibleChanged = false
10-17 20:28:28.647 13125 13125 V SurfaceView@9cae61f: Layout: x=0 y=-1554 w=1080 h=525, frame=Rect(0, 0 - 1080, 525)
10-17 20:28:28.662 13125 13200 D SurfaceView@9cae61f: updateSurfacePosition RenderWorker, frameNr = 706, position = [0, -1580, 1080, -1055] surfaceSize = 1080x525
10-17 20:28:28.662 13125 13200 I SurfaceView@9cae61f: uSP: rtp = Rect(0, -1580 - 1080, -1055) rtsw = 1080 rtsh = 525
10-17 20:28:28.662 13125 13200 I SurfaceView@9cae61f: onSSPAndSRT: pl = 0 pt = -1580 sx = 1.0 sy = 1.0
10-17 20:28:28.662 13125 13200 I SurfaceView@9cae61f: aOrMT: ViewRootImpl@e892618[MainActivity] t = android.view.SurfaceControl$Transaction@266d15a fN = 706 android.view.SurfaceView.-$$Nest$mapplyOrMergeTransaction:0 android.view.SurfaceView$SurfaceViewPositionUpdateListener.positionChanged:1537 android.graphics.RenderNode$CompositePositionUpdateListener.positionChanged:373 
10-17 20:28:28.662 13125 13200 I ViewRootImpl@e892618[MainActivity]: mWNT: t=0x7b46ec2d00 mBlastBufferQueue=0x7b5a8dd800 fn= 706 caller= android.view.SurfaceView.applyOrMergeTransaction:1455 android.view.SurfaceView.-$$Nest$mapplyOrMergeTransaction:0 android.view.SurfaceView$SurfaceViewPositionUpdateListener.positionChanged:1537 
10-17 20:28:28.662 13125 13200 I ViewRootImpl@e892618[MainActivity]: mWNT: t=0x7b1855e800 mBlastBufferQueue=0x7b5a8dd800 fn= 706 caller= android.view.ViewRootImpl.lambda$applyTransactionOnDraw$11$android-view-ViewRootImpl:12865 android.view.ViewRootImpl$$ExternalSyntheticLambda1.onFrameDraw:4 android.graphics.HardwareRenderer$FrameDrawingCallback.onFrameDraw:924 
10-17 20:28:28.663 13125 13125 I SurfaceView@9cae61f: Changes: creating=false format=false size=false visible=false alpha=false hint=false mUseAlpha=false visible=false left=false top=true
10-17 20:28:28.663 13125 13125 I SurfaceView@9cae61f: 164292127 Cur surface: Surface(name=null)/@0x1923549
10-17 20:28:28.663 13125 13125 I SurfaceView@9cae61f: applyTransactionOnVriDraw: vri = ViewRootImpl@e892618[MainActivity] fRS = false t = 0x7b1855e900 android.view.SurfaceView.performSurfaceTransaction:959 android.view.SurfaceView.updateSurface:1105 android.view.SurfaceView.lambda$new$0$android-view-SurfaceView:200 
10-17 20:28:28.664 13125 13125 I ViewRootImpl@e892618[MainActivity]: applyTransactionOnDraw: mRemoved = false isHardwareEnabled = true t = 0x7b1855e900android.view.SurfaceView.applyTransactionOnVriDraw:2048 android.view.SurfaceView.performSurfaceTransaction:959 android.view.SurfaceView.updateSurface:1105 android.view.SurfaceView.lambda$new$0$android-view-SurfaceView:200 android.view.SurfaceView$$ExternalSyntheticLambda5.onPreDraw:2 
10-17 20:28:28.664 13125 13125 I SurfaceView@9cae61f: updateSurface: mVisible = true mSurface.isValid() = true
10-17 20:28:28.664 13125 13125 I SurfaceView@9cae61f: updateSurface: mSurfaceCreated = true surfaceChanged = false visibleChanged = false
10-17 20:28:28.664 13125 13125 V SurfaceView@9cae61f: Layout: x=0 y=-1580 w=1080 h=525, frame=Rect(0, 0 - 1080, 525)
10-17 20:28:28.678 13125 13199 D SurfaceView@9cae61f: updateSurfacePosition RenderWorker, frameNr = 707, position = [0, -1604, 1080, -1079] surfaceSize = 1080x525
10-17 20:28:28.678 13125 13199 I SurfaceView@9cae61f: uSP: rtp = Rect(0, -1604 - 1080, -1079) rtsw = 1080 rtsh = 525
10-17 20:28:28.678 13125 13199 I SurfaceView@9cae61f: onSSPAndSRT: pl = 0 pt = -1604 sx = 1.0 sy = 1.0
10-17 20:28:28.679 13125 13199 I SurfaceView@9cae61f: aOrMT: ViewRootImpl@e892618[MainActivity] t = android.view.SurfaceControl$Transaction@266d15a fN = 707 android.view.SurfaceView.-$$Nest$mapplyOrMergeTransaction:0 android.view.SurfaceView$SurfaceViewPositionUpdateListener.positionChanged:1537 android.graphics.RenderNode$CompositePositionUpdateListener.positionChanged:373 
10-17 20:28:28.679 13125 13199 I ViewRootImpl@e892618[MainActivity]: mWNT: t=0x7b46ec2d00 mBlastBufferQueue=0x7b5a8dd800 fn= 707 caller= android.view.SurfaceView.applyOrMergeTransaction:1455 android.view.SurfaceView.-$$Nest$mapplyOrMergeTransaction:0 android.view.SurfaceView$SurfaceViewPositionUpdateListener.positionChanged:1537 
10-17 20:28:28.679 13125 13199 I ViewRootImpl@e892618[MainActivity]: mWNT: t=0x7b1855e900 mBlastBufferQueue=0x7b5a8dd800 fn= 707 caller= android.view.ViewRootImpl.lambda$applyTransactionOnDraw$11$android-view-ViewRootImpl:12865 android.view.ViewRootImpl$$ExternalSyntheticLambda1.onFrameDraw:4 android.graphics.HardwareRenderer$FrameDrawingCallback.onFrameDraw:924 
10-17 20:28:28.680 13125 13125 I SurfaceView@9cae61f: Changes: creating=false format=false size=false visible=false alpha=false hint=false mUseAlpha=false visible=false left=false top=true
10-17 20:28:28.680 13125 13125 I SurfaceView@9cae61f: 164292127 Cur surface: Surface(name=null)/@0x1923549
10-17 20:28:28.680 13125 13125 I SurfaceView@9cae61f: applyTransactionOnVriDraw: vri = ViewRootImpl@e892618[MainActivity] fRS = false t = 0x7b1855ea00 android.view.SurfaceView.performSurfaceTransaction:959 android.view.SurfaceView.updateSurface:1105 android.view.SurfaceView.lambda$new$0$android-view-SurfaceView:200 
10-17 20:28:28.680 13125 13125 I ViewRootImpl@e892618[MainActivity]: applyTransactionOnDraw: mRemoved = false isHardwareEnabled = true t = 0x7b1855ea00android.view.SurfaceView.applyTransactionOnVriDraw:2048 android.view.SurfaceView.performSurfaceTransaction:959 android.view.SurfaceView.updateSurface:1105 android.view.SurfaceView.lambda$new$0$android-view-SurfaceView:200 android.view.SurfaceView$$ExternalSyntheticLambda5.onPreDraw:2 
10-17 20:28:28.680 13125 13125 I SurfaceView@9cae61f: updateSurface: mVisible = true mSurface.isValid() = true
10-17 20:28:28.680 13125 13125 I SurfaceView@9cae61f: updateSurface: mSurfaceCreated = true surfaceChanged = false visibleChanged = false
10-17 20:28:28.681 13125 13125 V SurfaceView@9cae61f: Layout: x=0 y=-1604 w=1080 h=525, frame=Rect(0, 0 - 1080, 525)
10-17 20:28:28.695 13125 13200 D SurfaceView@9cae61f: updateSurfacePosition RenderWorker, frameNr = 708, position = [0, -1628, 1080, -1103] surfaceSize = 1080x525
10-17 20:28:28.695 13125 13200 I SurfaceView@9cae61f: uSP: rtp = Rect(0, -1628 - 1080, -1103) rtsw = 1080 rtsh = 525
10-17 20:28:28.695 13125 13200 I SurfaceView@9cae61f: onSSPAndSRT: pl = 0 pt = -1628 sx = 1.0 sy = 1.0
10-17 20:28:28.696 13125 13200 I SurfaceView@9cae61f: aOrMT: ViewRootImpl@e892618[MainActivity] t = android.view.SurfaceControl$Transaction@266d15a fN = 708 android.view.SurfaceView.-$$Nest$mapplyOrMergeTransaction:0 android.view.SurfaceView$SurfaceViewPositionUpdateListener.positionChanged:1537 android.graphics.RenderNode$CompositePositionUpdateListener.positionChanged:373 
10-17 20:28:28.696 13125 13200 I ViewRootImpl@e892618[MainActivity]: mWNT: t=0x7b46ec2d00 mBlastBufferQueue=0x7b5a8dd800 fn= 708 caller= android.view.SurfaceView.applyOrMergeTransaction:1455 android.view.SurfaceView.-$$Nest$mapplyOrMergeTransaction:0 android.view.SurfaceView$SurfaceViewPositionUpdateListener.positionChanged:1537 
10-17 20:28:28.696 13125 13200 I ViewRootImpl@e892618[MainActivity]: mWNT: t=0x7b1855ea00 mBlastBufferQueue=0x7b5a8dd800 fn= 708 caller= android.view.ViewRootImpl.lambda$applyTransactionOnDraw$11$android-view-ViewRootImpl:12865 android.view.ViewRootImpl$$ExternalSyntheticLambda1.onFrameDraw:4 android.graphics.HardwareRenderer$FrameDrawingCallback.onFrameDraw:924 
10-17 20:28:28.696 13125 13125 I SurfaceView@9cae61f: Changes: creating=false format=false size=false visible=false alpha=false hint=false mUseAlpha=false visible=false left=false top=true
10-17 20:28:28.696 13125 13125 I SurfaceView@9cae61f: 164292127 Cur surface: Surface(name=null)/@0x1923549
