10-17 19:19:54.144 26454 26454 I SurfaceView@e33655a: applyTransactionOnVriDraw: vri = ViewRootImpl@61751e2[MainActivity] fRS = false t = 0x7ae16fbf00 android.view.SurfaceView.performSurfaceTransaction:959 android.view.SurfaceView.updateSurface:1105 android.view.SurfaceView.lambda$new$0$android-view-SurfaceView:200 
10-17 19:19:54.144 26454 26454 I ViewRootImpl@61751e2[MainActivity]: applyTransactionOnDraw: mRemoved = false isHardwareEnabled = true t = 0x7ae16fbf00android.view.SurfaceView.applyTransactionOnVriDraw:2048 android.view.SurfaceView.performSurfaceTransaction:959 android.view.SurfaceView.updateSurface:1105 android.view.SurfaceView.lambda$new$0$android-view-SurfaceView:200 android.view.SurfaceView$$ExternalSyntheticLambda5.onPreDraw:2 
10-17 19:19:54.144 26454 26454 I SurfaceView@e33655a: updateSurface: mVisible = true mSurface.isValid() = true
10-17 19:19:54.144 26454 26454 I SurfaceView@e33655a: updateSurface: mSurfaceCreated = true surfaceChanged = false visibleChanged = false
10-17 19:19:54.144 26454 26454 V SurfaceView@e33655a: Layout: x=0 y=-1286 w=1080 h=525, frame=Rect(0, 0 - 1080, 525)
10-17 19:19:54.148 26454 26548 D SurfaceView@e33655a: updateSurfacePosition RenderWorker, frameNr = 639, position = [0, -1286, 1080, -761] surfaceSize = 1080x525
10-17 19:19:54.148 26454 26548 I SurfaceView@e33655a: uSP: rtp = Rect(0, -1286 - 1080, -761) rtsw = 1080 rtsh = 525
10-17 19:19:54.148 26454 26548 I SurfaceView@e33655a: onSSPAndSRT: pl = 0 pt = -1286 sx = 1.0 sy = 1.0
10-17 19:19:54.148 26454 26548 I SurfaceView@e33655a: aOrMT: ViewRootImpl@61751e2[MainActivity] t = android.view.SurfaceControl$Transaction@7e64f8d fN = 639 android.view.SurfaceView.-$$Nest$mapplyOrMergeTransaction:0 android.view.SurfaceView$SurfaceViewPositionUpdateListener.positionChanged:1537 android.graphics.RenderNode$CompositePositionUpdateListener.positionChanged:373 
10-17 19:19:54.148 26454 26548 I ViewRootImpl@61751e2[MainActivity]: mWNT: t=0x7b1aeb5b00 mBlastBufferQueue=0x7b5a1f6800 fn= 639 caller= android.view.SurfaceView.applyOrMergeTransaction:1455 android.view.SurfaceView.-$$Nest$mapplyOrMergeTransaction:0 android.view.SurfaceView$SurfaceViewPositionUpdateListener.positionChanged:1537 
10-17 19:19:54.149 26454 26548 I ViewRootImpl@61751e2[MainActivity]: mWNT: t=0x7ae16fbf00 mBlastBufferQueue=0x7b5a1f6800 fn= 639 caller= android.view.ViewRootImpl.lambda$applyTransactionOnDraw$11$android-view-ViewRootImpl:12865 android.view.ViewRootImpl$$ExternalSyntheticLambda1.onFrameDraw:4 android.graphics.HardwareRenderer$FrameDrawingCallback.onFrameDraw:924 
10-17 19:19:54.161 26454 26454 I SurfaceView@e33655a: Changes: creating=false format=false size=false visible=false alpha=false hint=false mUseAlpha=false visible=false left=false top=true
10-17 19:19:54.161 26454 26454 I SurfaceView@e33655a: 238249306 Cur surface: Surface(name=null)/@0x92b0c78
10-17 19:19:54.162 26454 26454 I SurfaceView@e33655a: applyTransactionOnVriDraw: vri = ViewRootImpl@61751e2[MainActivity] fRS = false t = 0x7ae1700000 android.view.SurfaceView.performSurfaceTransaction:959 android.view.SurfaceView.updateSurface:1105 android.view.SurfaceView.lambda$new$0$android-view-SurfaceView:200 
10-17 19:19:54.162 26454 26454 I ViewRootImpl@61751e2[MainActivity]: applyTransactionOnDraw: mRemoved = false isHardwareEnabled = true t = 0x7ae1700000android.view.SurfaceView.applyTransactionOnVriDraw:2048 android.view.SurfaceView.performSurfaceTransaction:959 android.view.SurfaceView.updateSurface:1105 android.view.SurfaceView.lambda$new$0$android-view-SurfaceView:200 android.view.SurfaceView$$ExternalSyntheticLambda5.onPreDraw:2 
10-17 19:19:54.162 26454 26454 I SurfaceView@e33655a: updateSurface: mVisible = true mSurface.isValid() = true
10-17 19:19:54.162 26454 26454 I SurfaceView@e33655a: updateSurface: mSurfaceCreated = true surfaceChanged = false visibleChanged = false
10-17 19:19:54.163 26454 26454 V SurfaceView@e33655a: Layout: x=0 y=-1220 w=1080 h=525, frame=Rect(0, 0 - 1080, 525)
10-17 19:19:54.166 26454 26549 D SurfaceView@e33655a: updateSurfacePosition RenderWorker, frameNr = 640, position = [0, -1220, 1080, -695] surfaceSize = 1080x525
10-17 19:19:54.166 26454 26549 I SurfaceView@e33655a: uSP: rtp = Rect(0, -1220 - 1080, -695) rtsw = 1080 rtsh = 525
10-17 19:19:54.166 26454 26549 I SurfaceView@e33655a: onSSPAndSRT: pl = 0 pt = -1220 sx = 1.0 sy = 1.0
10-17 19:19:54.166 26454 26549 I SurfaceView@e33655a: aOrMT: ViewRootImpl@61751e2[MainActivity] t = android.view.SurfaceControl$Transaction@7e64f8d fN = 640 android.view.SurfaceView.-$$Nest$mapplyOrMergeTransaction:0 android.view.SurfaceView$SurfaceViewPositionUpdateListener.positionChanged:1537 android.graphics.RenderNode$CompositePositionUpdateListener.positionChanged:373 
10-17 19:19:54.166 26454 26549 I ViewRootImpl@61751e2[MainActivity]: mWNT: t=0x7b1aeb5b00 mBlastBufferQueue=0x7b5a1f6800 fn= 640 caller= android.view.SurfaceView.applyOrMergeTransaction:1455 android.view.SurfaceView.-$$Nest$mapplyOrMergeTransaction:0 android.view.SurfaceView$SurfaceViewPositionUpdateListener.positionChanged:1537 
10-17 19:19:54.167 26454 26549 I ViewRootImpl@61751e2[MainActivity]: mWNT: t=0x7ae1700000 mBlastBufferQueue=0x7b5a1f6800 fn= 640 caller= android.view.ViewRootImpl.lambda$applyTransactionOnDraw$11$android-view-ViewRootImpl:12865 android.view.ViewRootImpl$$ExternalSyntheticLambda1.onFrameDraw:4 android.graphics.HardwareRenderer$FrameDrawingCallback.onFrameDraw:924 
10-17 19:19:54.178 26454 26454 I SurfaceView@e33655a: Changes: creating=false format=false size=false visible=false alpha=false hint=false mUseAlpha=false visible=false left=false top=true
10-17 19:19:54.178 26454 26454 I SurfaceView@e33655a: 238249306 Cur surface: Surface(name=null)/@0x92b0c78
10-17 19:19:54.178 26454 26454 I SurfaceView@e33655a: applyTransactionOnVriDraw: vri = ViewRootImpl@61751e2[MainActivity] fRS = false t = 0x7ae1700100 android.view.SurfaceView.performSurfaceTransaction:959 android.view.SurfaceView.updateSurface:1105 android.view.SurfaceView.lambda$new$0$android-view-SurfaceView:200 
10-17 19:19:54.178 26454 26454 I ViewRootImpl@61751e2[MainActivity]: applyTransactionOnDraw: mRemoved = false isHardwareEnabled = true t = 0x7ae1700100android.view.SurfaceView.applyTransactionOnVriDraw:2048 android.view.SurfaceView.performSurfaceTransaction:959 android.view.SurfaceView.updateSurface:1105 android.view.SurfaceView.lambda$new$0$android-view-SurfaceView:200 android.view.SurfaceView$$ExternalSyntheticLambda5.onPreDraw:2 
10-17 19:19:54.178 26454 26454 I SurfaceView@e33655a: updateSurface: mVisible = true mSurface.isValid() = true
10-17 19:19:54.178 26454 26454 I SurfaceView@e33655a: updateSurface: mSurfaceCreated = true surfaceChanged = false visibleChanged = false
10-17 19:19:54.178 26454 26454 V SurfaceView@e33655a: Layout: x=0 y=-1161 w=1080 h=525, frame=Rect(0, 0 - 1080, 525)
10-17 19:19:54.182 26454 26548 D SurfaceView@e33655a: updateSurfacePosition RenderWorker, frameNr = 641, position = [0, -1161, 1080, -636] surfaceSize = 1080x525
10-17 19:19:54.182 26454 26548 I SurfaceView@e33655a: uSP: rtp = Rect(0, -1161 - 1080, -636) rtsw = 1080 rtsh = 525
10-17 19:19:54.182 26454 26548 I SurfaceView@e33655a: onSSPAndSRT: pl = 0 pt = -1161 sx = 1.0 sy = 1.0
10-17 19:19:54.182 26454 26548 I SurfaceView@e33655a: aOrMT: ViewRootImpl@61751e2[MainActivity] t = android.view.SurfaceControl$Transaction@7e64f8d fN = 641 android.view.SurfaceView.-$$Nest$mapplyOrMergeTransaction:0 android.view.SurfaceView$SurfaceViewPositionUpdateListener.positionChanged:1537 android.graphics.RenderNode$CompositePositionUpdateListener.positionChanged:373 
10-17 19:19:54.182 26454 26548 I ViewRootImpl@61751e2[MainActivity]: mWNT: t=0x7b1aeb5b00 mBlastBufferQueue=0x7b5a1f6800 fn= 641 caller= android.view.SurfaceView.applyOrMergeTransaction:1455 android.view.SurfaceView.-$$Nest$mapplyOrMergeTransaction:0 android.view.SurfaceView$SurfaceViewPositionUpdateListener.positionChanged:1537 
10-17 19:19:54.182 26454 26548 I ViewRootImpl@61751e2[MainActivity]: mWNT: t=0x7ae1700100 mBlastBufferQueue=0x7b5a1f6800 fn= 641 caller= android.view.ViewRootImpl.lambda$applyTransactionOnDraw$11$android-view-ViewRootImpl:12865 android.view.ViewRootImpl$$ExternalSyntheticLambda1.onFrameDraw:4 android.graphics.HardwareRenderer$FrameDrawingCallback.onFrameDraw:924 
10-17 19:19:54.194 26454 26454 I SurfaceView@e33655a: Changes: creating=false format=false size=false visible=false alpha=false hint=false mUseAlpha=false visible=false left=false top=true
10-17 19:19:54.194 26454 26454 I SurfaceView@e33655a: 238249306 Cur surface: Surface(name=null)/@0x92b0c78
10-17 19:19:54.194 26454 26454 I SurfaceView@e33655a: applyTransactionOnVriDraw: vri = ViewRootImpl@61751e2[MainActivity] fRS = false t = 0x7ae1700200 android.view.SurfaceView.performSurfaceTransaction:959 android.view.SurfaceView.updateSurface:1105 android.view.SurfaceView.lambda$new$0$android-view-SurfaceView:200 
10-17 19:19:54.194 26454 26454 I ViewRootImpl@61751e2[MainActivity]: applyTransactionOnDraw: mRemoved = false isHardwareEnabled = true t = 0x7ae1700200android.view.SurfaceView.applyTransactionOnVriDraw:2048 android.view.SurfaceView.performSurfaceTransaction:959 android.view.SurfaceView.updateSurface:1105 android.view.SurfaceView.lambda$new$0$android-view-SurfaceView:200 android.view.SurfaceView$$ExternalSyntheticLambda5.onPreDraw:2 
10-17 19:19:54.194 26454 26454 I SurfaceView@e33655a: updateSurface: mVisible = true mSurface.isValid() = true
10-17 19:19:54.194 26454 26454 I SurfaceView@e33655a: updateSurface: mSurfaceCreated = true surfaceChanged = false visibleChanged = false
10-17 19:19:54.194 26454 26454 V SurfaceView@e33655a: Layout: x=0 y=-1101 w=1080 h=525, frame=Rect(0, 0 - 1080, 525)
10-17 19:19:54.197 26454 26549 D SurfaceView@e33655a: updateSurfacePosition RenderWorker, frameNr = 642, position = [0, -1101, 1080, -576] surfaceSize = 1080x525
10-17 19:19:54.197 26454 26549 I SurfaceView@e33655a: uSP: rtp = Rect(0, -1101 - 1080, -576) rtsw = 1080 rtsh = 525
10-17 19:19:54.197 26454 26549 I SurfaceView@e33655a: onSSPAndSRT: pl = 0 pt = -1101 sx = 1.0 sy = 1.0
10-17 19:19:54.198 26454 26549 I SurfaceView@e33655a: aOrMT: ViewRootImpl@61751e2[MainActivity] t = android.view.SurfaceControl$Transaction@7e64f8d fN = 642 android.view.SurfaceView.-$$Nest$mapplyOrMergeTransaction:0 android.view.SurfaceView$SurfaceViewPositionUpdateListener.positionChanged:1537 android.graphics.RenderNode$CompositePositionUpdateListener.positionChanged:373 
10-17 19:19:54.198 26454 26549 I ViewRootImpl@61751e2[MainActivity]: mWNT: t=0x7b1aeb5b00 mBlastBufferQueue=0x7b5a1f6800 fn= 642 caller= android.view.SurfaceView.applyOrMergeTransaction:1455 android.view.SurfaceView.-$$Nest$mapplyOrMergeTransaction:0 android.view.SurfaceView$SurfaceViewPositionUpdateListener.positionChanged:1537 
10-17 19:19:54.198 26454 26549 I ViewRootImpl@61751e2[MainActivity]: mWNT: t=0x7ae1700200 mBlastBufferQueue=0x7b5a1f6800 fn= 642 caller= android.view.ViewRootImpl.lambda$applyTransactionOnDraw$11$android-view-ViewRootImpl:12865 android.view.ViewRootImpl$$ExternalSyntheticLambda1.onFrameDraw:4 android.graphics.HardwareRenderer$FrameDrawingCallback.onFrameDraw:924 
10-17 19:19:54.211 26454 26454 I SurfaceView@e33655a: Changes: creating=false format=false size=false visible=false alpha=false hint=false mUseAlpha=false visible=false left=false top=true
10-17 19:19:54.211 26454 26454 I SurfaceView@e33655a: 238249306 Cur surface: Surface(name=null)/@0x92b0c78
10-17 19:19:54.212 26454 26454 I SurfaceView@e33655a: applyTransactionOnVriDraw: vri = ViewRootImpl@61751e2[MainActivity] fRS = false t = 0x7ae1700300 android.view.SurfaceView.performSurfaceTransaction:959 android.view.SurfaceView.updateSurface:1105 android.view.SurfaceView.lambda$new$0$android-view-SurfaceView:200 
10-17 19:19:54.212 26454 26454 I ViewRootImpl@61751e2[MainActivity]: applyTransactionOnDraw: mRemoved = false isHardwareEnabled = true t = 0x7ae1700300android.view.SurfaceView.applyTransactionOnVriDraw:2048 android.view.SurfaceView.performSurfaceTransaction:959 android.view.SurfaceView.updateSurface:1105 android.view.SurfaceView.lambda$new$0$android-view-SurfaceView:200 android.view.SurfaceView$$ExternalSyntheticLambda5.onPreDraw:2 
10-17 19:19:54.212 26454 26454 I SurfaceView@e33655a: updateSurface: mVisible = true mSurface.isValid() = true
10-17 19:19:54.212 26454 26454 I SurfaceView@e33655a: updateSurface: mSurfaceCreated = true surfaceChanged = false visibleChanged = false
10-17 19:19:54.212 26454 26454 V SurfaceView@e33655a: Layout: x=0 y=-1043 w=1080 h=525, frame=Rect(0, 0 - 1080, 525)
10-17 19:19:54.216 26454 26548 D SurfaceView@e33655a: updateSurfacePosition RenderWorker, frameNr = 643, position = [0, -1043, 1080, -518] surfaceSize = 1080x525
10-17 19:19:54.216 26454 26548 I SurfaceView@e33655a: uSP: rtp = Rect(0, -1043 - 1080, -518) rtsw = 1080 rtsh = 525
10-17 19:19:54.216 26454 26548 I SurfaceView@e33655a: onSSPAndSRT: pl = 0 pt = -1043 sx = 1.0 sy = 1.0
10-17 19:19:54.216 26454 26548 I SurfaceView@e33655a: aOrMT: ViewRootImpl@61751e2[MainActivity] t = android.view.SurfaceControl$Transaction@7e64f8d fN = 643 android.view.SurfaceView.-$$Nest$mapplyOrMergeTransaction:0 android.view.SurfaceView$SurfaceViewPositionUpdateListener.positionChanged:1537 android.graphics.RenderNode$CompositePositionUpdateListener.positionChanged:373 
10-17 19:19:54.217 26454 26548 I ViewRootImpl@61751e2[MainActivity]: mWNT: t=0x7b1aeb5b00 mBlastBufferQueue=0x7b5a1f6800 fn= 643 caller= android.view.SurfaceView.applyOrMergeTransaction:1455 android.view.SurfaceView.-$$Nest$mapplyOrMergeTransaction:0 android.view.SurfaceView$SurfaceViewPositionUpdateListener.positionChanged:1537 
10-17 19:19:54.217 26454 26548 I ViewRootImpl@61751e2[MainActivity]: mWNT: t=0x7ae1700300 mBlastBufferQueue=0x7b5a1f6800 fn= 643 caller= android.view.ViewRootImpl.lambda$applyTransactionOnDraw$11$android-view-ViewRootImpl:12865 android.view.ViewRootImpl$$ExternalSyntheticLambda1.onFrameDraw:4 android.graphics.HardwareRenderer$FrameDrawingCallback.onFrameDraw:924 
10-17 19:19:54.228 26454 26454 I SurfaceView@e33655a: Changes: creating=false format=false size=false visible=false alpha=false hint=false mUseAlpha=false visible=false left=false top=true
10-17 19:19:54.228 26454 26454 I SurfaceView@e33655a: 238249306 Cur surface: Surface(name=null)/@0x92b0c78
10-17 19:19:54.229 26454 26454 I SurfaceView@e33655a: applyTransactionOnVriDraw: vri = ViewRootImpl@61751e2[MainActivity] fRS = false t = 0x7ae1700400 android.view.SurfaceView.performSurfaceTransaction:959 android.view.SurfaceView.updateSurface:1105 android.view.SurfaceView.lambda$new$0$android-view-SurfaceView:200 
10-17 19:19:54.229 26454 26454 I ViewRootImpl@61751e2[MainActivity]: applyTransactionOnDraw: mRemoved = false isHardwareEnabled = true t = 0x7ae1700400android.view.SurfaceView.applyTransactionOnVriDraw:2048 android.view.SurfaceView.performSurfaceTransaction:959 android.view.SurfaceView.updateSurface:1105 android.view.SurfaceView.lambda$new$0$android-view-SurfaceView:200 android.view.SurfaceView$$ExternalSyntheticLambda5.onPreDraw:2 
10-17 19:19:54.229 26454 26454 I SurfaceView@e33655a: updateSurface: mVisible = true mSurface.isValid() = true
10-17 19:19:54.229 26454 26454 I SurfaceView@e33655a: updateSurface: mSurfaceCreated = true surfaceChanged = false visibleChanged = false
10-17 19:19:54.229 26454 26454 V SurfaceView@e33655a: Layout: x=0 y=-991 w=1080 h=525, frame=Rect(0, 0 - 1080, 525)
10-17 19:19:54.233 26454 26549 D SurfaceView@e33655a: updateSurfacePosition RenderWorker, frameNr = 644, position = [0, -991, 1080, -466] surfaceSize = 1080x525
10-17 19:19:54.233 26454 26549 I SurfaceView@e33655a: uSP: rtp = Rect(0, -991 - 1080, -466) rtsw = 1080 rtsh = 525
10-17 19:19:54.233 26454 26549 I SurfaceView@e33655a: onSSPAndSRT: pl = 0 pt = -991 sx = 1.0 sy = 1.0
10-17 19:19:54.233 26454 26549 I SurfaceView@e33655a: aOrMT: ViewRootImpl@61751e2[MainActivity] t = android.view.SurfaceControl$Transaction@7e64f8d fN = 644 android.view.SurfaceView.-$$Nest$mapplyOrMergeTransaction:0 android.view.SurfaceView$SurfaceViewPositionUpdateListener.positionChanged:1537 android.graphics.RenderNode$CompositePositionUpdateListener.positionChanged:373 
10-17 19:19:54.234 26454 26549 I ViewRootImpl@61751e2[MainActivity]: mWNT: t=0x7b1aeb5b00 mBlastBufferQueue=0x7b5a1f6800 fn= 644 caller= android.view.SurfaceView.applyOrMergeTransaction:1455 android.view.SurfaceView.-$$Nest$mapplyOrMergeTransaction:0 android.view.SurfaceView$SurfaceViewPositionUpdateListener.positionChanged:1537 
10-17 19:19:54.234 26454 26549 I ViewRootImpl@61751e2[MainActivity]: mWNT: t=0x7ae1700400 mBlastBufferQueue=0x7b5a1f6800 fn= 644 caller= android.view.ViewRootImpl.lambda$applyTransactionOnDraw$11$android-view-ViewRootImpl:12865 android.view.ViewRootImpl$$ExternalSyntheticLambda1.onFrameDraw:4 android.graphics.HardwareRenderer$FrameDrawingCallback.onFrameDraw:924 
10-17 19:19:54.245 26454 26454 I SurfaceView@e33655a: Changes: creating=false format=false size=false visible=false alpha=false hint=false mUseAlpha=false visible=false left=false top=true
10-17 19:19:54.245 26454 26454 I SurfaceView@e33655a: 238249306 Cur surface: Surface(name=null)/@0x92b0c78
10-17 19:19:54.245 26454 26454 I SurfaceView@e33655a: applyTransactionOnVriDraw: vri = ViewRootImpl@61751e2[MainActivity] fRS = false t = 0x7ae1700500 android.view.SurfaceView.performSurfaceTransaction:959 android.view.SurfaceView.updateSurface:1105 android.view.SurfaceView.lambda$new$0$android-view-SurfaceView:200 
10-17 19:19:54.246 26454 26454 I ViewRootImpl@61751e2[MainActivity]: applyTransactionOnDraw: mRemoved = false isHardwareEnabled = true t = 0x7ae1700500android.view.SurfaceView.applyTransactionOnVriDraw:2048 android.view.SurfaceView.performSurfaceTransaction:959 android.view.SurfaceView.updateSurface:1105 android.view.SurfaceView.lambda$new$0$android-view-SurfaceView:200 android.view.SurfaceView$$ExternalSyntheticLambda5.onPreDraw:2 
10-17 19:19:54.246 26454 26454 I SurfaceView@e33655a: updateSurface: mVisible = true mSurface.isValid() = true
10-17 19:19:54.246 26454 26454 I SurfaceView@e33655a: updateSurface: mSurfaceCreated = true surfaceChanged = false visibleChanged = false
10-17 19:19:54.246 26454 26454 V SurfaceView@e33655a: Layout: x=0 y=-938 w=1080 h=525, frame=Rect(0, 0 - 1080, 525)
10-17 19:19:54.249 26454 26548 D SurfaceView@e33655a: updateSurfacePosition RenderWorker, frameNr = 645, position = [0, -938, 1080, -413] surfaceSize = 1080x525
10-17 19:19:54.249 26454 26548 I SurfaceView@e33655a: uSP: rtp = Rect(0, -938 - 1080, -413) rtsw = 1080 rtsh = 525
10-17 19:19:54.249 26454 26548 I SurfaceView@e33655a: onSSPAndSRT: pl = 0 pt = -938 sx = 1.0 sy = 1.0
10-17 19:19:54.250 26454 26548 I SurfaceView@e33655a: aOrMT: ViewRootImpl@61751e2[MainActivity] t = android.view.SurfaceControl$Transaction@7e64f8d fN = 645 android.view.SurfaceView.-$$Nest$mapplyOrMergeTransaction:0 android.view.SurfaceView$SurfaceViewPositionUpdateListener.positionChanged:1537 android.graphics.RenderNode$CompositePositionUpdateListener.positionChanged:373 
10-17 19:19:54.250 26454 26548 I ViewRootImpl@61751e2[MainActivity]: mWNT: t=0x7b1aeb5b00 mBlastBufferQueue=0x7b5a1f6800 fn= 645 caller= android.view.SurfaceView.applyOrMergeTransaction:1455 android.view.SurfaceView.-$$Nest$mapplyOrMergeTransaction:0 android.view.SurfaceView$SurfaceViewPositionUpdateListener.positionChanged:1537 
10-17 19:19:54.250 26454 26548 I ViewRootImpl@61751e2[MainActivity]: mWNT: t=0x7ae1700500 mBlastBufferQueue=0x7b5a1f6800 fn= 645 caller= android.view.ViewRootImpl.lambda$applyTransactionOnDraw$11$android-view-ViewRootImpl:12865 android.view.ViewRootImpl$$ExternalSyntheticLambda1.onFrameDraw:4 android.graphics.HardwareRenderer$FrameDrawingCallback.onFrameDraw:924 
10-17 19:19:54.261 26454 26454 I SurfaceView@e33655a: Changes: creating=false format=false size=false visible=false alpha=false hint=false mUseAlpha=false visible=false left=false top=true
10-17 19:19:54.261 26454 26454 I SurfaceView@e33655a: 238249306 Cur surface: Surface(name=null)/@0x92b0c78
10-17 19:19:54.262 26454 26454 I SurfaceView@e33655a: applyTransactionOnVriDraw: vri = ViewRootImpl@61751e2[MainActivity] fRS = false t = 0x7ae1700600 android.view.SurfaceView.performSurfaceTransaction:959 android.view.SurfaceView.updateSurface:1105 android.view.SurfaceView.lambda$new$0$android-view-SurfaceView:200 
10-17 19:19:54.262 26454 26454 I ViewRootImpl@61751e2[MainActivity]: applyTransactionOnDraw: mRemoved = false isHardwareEnabled = true t = 0x7ae1700600android.view.SurfaceView.applyTransactionOnVriDraw:2048 android.view.SurfaceView.performSurfaceTransaction:959 android.view.SurfaceView.updateSurface:1105 android.view.SurfaceView.lambda$new$0$android-view-SurfaceView:200 android.view.SurfaceView$$ExternalSyntheticLambda5.onPreDraw:2 
10-17 19:19:54.262 26454 26454 I SurfaceView@e33655a: updateSurface: mVisible = true mSurface.isValid() = true
10-17 19:19:54.262 26454 26454 I SurfaceView@e33655a: updateSurface: mSurfaceCreated = true surfaceChanged = false visibleChanged = false
10-17 19:19:54.262 26454 26454 V SurfaceView@e33655a: Layout: x=0 y=-887 w=1080 h=525, frame=Rect(0, 0 - 1080, 525)
10-17 19:19:54.266 26454 26549 D SurfaceView@e33655a: updateSurfacePosition RenderWorker, frameNr = 646, position = [0, -887, 1080, -362] surfaceSize = 1080x525
10-17 19:19:54.267 26454 26549 I SurfaceView@e33655a: uSP: rtp = Rect(0, -887 - 1080, -362) rtsw = 1080 rtsh = 525
10-17 19:19:54.267 26454 26549 I SurfaceView@e33655a: onSSPAndSRT: pl = 0 pt = -887 sx = 1.0 sy = 1.0
10-17 19:19:54.267 26454 26549 I SurfaceView@e33655a: aOrMT: ViewRootImpl@61751e2[MainActivity] t = android.view.SurfaceControl$Transaction@7e64f8d fN = 646 android.view.SurfaceView.-$$Nest$mapplyOrMergeTransaction:0 android.view.SurfaceView$SurfaceViewPositionUpdateListener.positionChanged:1537 android.graphics.RenderNode$CompositePositionUpdateListener.positionChanged:373 
10-17 19:19:54.267 26454 26549 I ViewRootImpl@61751e2[MainActivity]: mWNT: t=0x7b1aeb5b00 mBlastBufferQueue=0x7b5a1f6800 fn= 646 caller= android.view.SurfaceView.applyOrMergeTransaction:1455 android.view.SurfaceView.-$$Nest$mapplyOrMergeTransaction:0 android.view.SurfaceView$SurfaceViewPositionUpdateListener.positionChanged:1537 
10-17 19:19:54.267 26454 26549 I ViewRootImpl@61751e2[MainActivity]: mWNT: t=0x7ae1700600 mBlastBufferQueue=0x7b5a1f6800 fn= 646 caller= android.view.ViewRootImpl.lambda$applyTransactionOnDraw$11$android-view-ViewRootImpl:12865 android.view.ViewRootImpl$$ExternalSyntheticLambda1.onFrameDraw:4 android.graphics.HardwareRenderer$FrameDrawingCallback.onFrameDraw:924 
10-17 19:19:54.278 26454 26454 I SurfaceView@e33655a: Changes: creating=false format=false size=false visible=false alpha=false hint=false mUseAlpha=false visible=false left=false top=true
10-17 19:19:54.278 26454 26454 I SurfaceView@e33655a: 238249306 Cur surface: Surface(name=null)/@0x92b0c78
10-17 19:19:54.278 26454 26454 I SurfaceView@e33655a: applyTransactionOnVriDraw: vri = ViewRootImpl@61751e2[MainActivity] fRS = false t = 0x7ae1700700 android.view.SurfaceView.performSurfaceTransaction:959 android.view.SurfaceView.updateSurface:1105 android.view.SurfaceView.lambda$new$0$android-view-SurfaceView:200 
10-17 19:19:54.278 26454 26454 I ViewRootImpl@61751e2[MainActivity]: applyTransactionOnDraw: mRemoved = false isHardwareEnabled = true t = 0x7ae1700700android.view.SurfaceView.applyTransactionOnVriDraw:2048 android.view.SurfaceView.performSurfaceTransaction:959 android.view.SurfaceView.updateSurface:1105 android.view.SurfaceView.lambda$new$0$android-view-SurfaceView:200 android.view.SurfaceView$$ExternalSyntheticLambda5.onPreDraw:2 
10-17 19:19:54.279 26454 26454 I SurfaceView@e33655a: updateSurface: mVisible = true mSurface.isValid() = true
10-17 19:19:54.279 26454 26454 I SurfaceView@e33655a: updateSurface: mSurfaceCreated = true surfaceChanged = false visibleChanged = false
10-17 19:19:54.279 26454 26454 V SurfaceView@e33655a: Layout: x=0 y=-842 w=1080 h=525, frame=Rect(0, 0 - 1080, 525)
10-17 19:19:54.280 26454 26548 D SurfaceView@e33655a: updateSurfacePosition RenderWorker, frameNr = 647, position = [0, -842, 1080, -317] surfaceSize = 1080x525
10-17 19:19:54.280 26454 26548 I SurfaceView@e33655a: uSP: rtp = Rect(0, -842 - 1080, -317) rtsw = 1080 rtsh = 525
10-17 19:19:54.280 26454 26548 I SurfaceView@e33655a: onSSPAndSRT: pl = 0 pt = -842 sx = 1.0 sy = 1.0
10-17 19:19:54.280 26454 26548 I SurfaceView@e33655a: aOrMT: ViewRootImpl@61751e2[MainActivity] t = android.view.SurfaceControl$Transaction@7e64f8d fN = 647 android.view.SurfaceView.-$$Nest$mapplyOrMergeTransaction:0 android.view.SurfaceView$SurfaceViewPositionUpdateListener.positionChanged:1537 android.graphics.RenderNode$CompositePositionUpdateListener.positionChanged:373 
10-17 19:19:54.280 26454 26548 I ViewRootImpl@61751e2[MainActivity]: mWNT: t=0x7b1aeb5b00 mBlastBufferQueue=0x7b5a1f6800 fn= 647 caller= android.view.SurfaceView.applyOrMergeTransaction:1455 android.view.SurfaceView.-$$Nest$mapplyOrMergeTransaction:0 android.view.SurfaceView$SurfaceViewPositionUpdateListener.positionChanged:1537 
10-17 19:19:54.281 26454 26548 I ViewRootImpl@61751e2[MainActivity]: mWNT: t=0x7ae1700700 mBlastBufferQueue=0x7b5a1f6800 fn= 647 caller= android.view.ViewRootImpl.lambda$applyTransactionOnDraw$11$android-view-ViewRootImpl:12865 android.view.ViewRootImpl$$ExternalSyntheticLambda1.onFrameDraw:4 android.graphics.HardwareRenderer$FrameDrawingCallback.onFrameDraw:924 
10-17 19:19:54.294 26454 26454 I SurfaceView@e33655a: Changes: creating=false format=false size=false visible=false alpha=false hint=false mUseAlpha=false visible=false left=false top=true
10-17 19:19:54.294 26454 26454 I SurfaceView@e33655a: 238249306 Cur surface: Surface(name=null)/@0x92b0c78
10-17 19:19:54.295 26454 26454 I SurfaceView@e33655a: applyTransactionOnVriDraw: vri = ViewRootImpl@61751e2[MainActivity] fRS = false t = 0x7ae1700800 android.view.SurfaceView.performSurfaceTransaction:959 android.view.SurfaceView.updateSurface:1105 android.view.SurfaceView.lambda$new$0$android-view-SurfaceView:200 
10-17 19:19:54.295 26454 26454 I ViewRootImpl@61751e2[MainActivity]: applyTransactionOnDraw: mRemoved = false isHardwareEnabled = true t = 0x7ae1700800android.view.SurfaceView.applyTransactionOnVriDraw:2048 android.view.SurfaceView.performSurfaceTransaction:959 android.view.SurfaceView.updateSurface:1105 android.view.SurfaceView.lambda$new$0$android-view-SurfaceView:200 android.view.SurfaceView$$ExternalSyntheticLambda5.onPreDraw:2 
10-17 19:19:54.295 26454 26454 I SurfaceView@e33655a: updateSurface: mVisible = true mSurface.isValid() = true
10-17 19:19:54.295 26454 26454 I SurfaceView@e33655a: updateSurface: mSurfaceCreated = true surfaceChanged = false visibleChanged = false
10-17 19:19:54.295 26454 26454 V SurfaceView@e33655a: Layout: x=0 y=-796 w=1080 h=525, frame=Rect(0, 0 - 1080, 525)
10-17 19:19:54.299 26454 26549 D SurfaceView@e33655a: updateSurfacePosition RenderWorker, frameNr = 648, position = [0, -796, 1080, -271] surfaceSize = 1080x525
10-17 19:19:54.299 26454 26549 I SurfaceView@e33655a: uSP: rtp = Rect(0, -796 - 1080, -271) rtsw = 1080 rtsh = 525
10-17 19:19:54.299 26454 26549 I SurfaceView@e33655a: onSSPAndSRT: pl = 0 pt = -796 sx = 1.0 sy = 1.0
10-17 19:19:54.300 26454 26549 I SurfaceView@e33655a: aOrMT: ViewRootImpl@61751e2[MainActivity] t = android.view.SurfaceControl$Transaction@7e64f8d fN = 648 android.view.SurfaceView.-$$Nest$mapplyOrMergeTransaction:0 android.view.SurfaceView$SurfaceViewPositionUpdateListener.positionChanged:1537 android.graphics.RenderNode$CompositePositionUpdateListener.positionChanged:373 
10-17 19:19:54.300 26454 26549 I ViewRootImpl@61751e2[MainActivity]: mWNT: t=0x7b1aeb5b00 mBlastBufferQueue=0x7b5a1f6800 fn= 648 caller= android.view.SurfaceView.applyOrMergeTransaction:1455 android.view.SurfaceView.-$$Nest$mapplyOrMergeTransaction:0 android.view.SurfaceView$SurfaceViewPositionUpdateListener.positionChanged:1537 
10-17 19:19:54.300 26454 26549 I ViewRootImpl@61751e2[MainActivity]: mWNT: t=0x7ae1700800 mBlastBufferQueue=0x7b5a1f6800 fn= 648 caller= android.view.ViewRootImpl.lambda$applyTransactionOnDraw$11$android-view-ViewRootImpl:12865 android.view.ViewRootImpl$$ExternalSyntheticLambda1.onFrameDraw:4 android.graphics.HardwareRenderer$FrameDrawingCallback.onFrameDraw:924 
10-17 19:19:54.311 26454 26454 I SurfaceView@e33655a: Changes: creating=false format=false size=false visible=false alpha=false hint=false mUseAlpha=false visible=false left=false top=true
10-17 19:19:54.311 26454 26454 I SurfaceView@e33655a: 238249306 Cur surface: Surface(name=null)/@0x92b0c78
10-17 19:19:54.311 26454 26454 I SurfaceView@e33655a: applyTransactionOnVriDraw: vri = ViewRootImpl@61751e2[MainActivity] fRS = false t = 0x7ae1700900 android.view.SurfaceView.performSurfaceTransaction:959 android.view.SurfaceView.updateSurface:1105 android.view.SurfaceView.lambda$new$0$android-view-SurfaceView:200 
10-17 19:19:54.312 26454 26454 I ViewRootImpl@61751e2[MainActivity]: applyTransactionOnDraw: mRemoved = false isHardwareEnabled = true t = 0x7ae1700900android.view.SurfaceView.applyTransactionOnVriDraw:2048 android.view.SurfaceView.performSurfaceTransaction:959 android.view.SurfaceView.updateSurface:1105 android.view.SurfaceView.lambda$new$0$android-view-SurfaceView:200 android.view.SurfaceView$$ExternalSyntheticLambda5.onPreDraw:2 
10-17 19:19:54.312 26454 26454 I SurfaceView@e33655a: updateSurface: mVisible = true mSurface.isValid() = true
10-17 19:19:54.312 26454 26454 I SurfaceView@e33655a: updateSurface: mSurfaceCreated = true surfaceChanged = false visibleChanged = false
10-17 19:19:54.312 26454 26454 V SurfaceView@e33655a: Layout: x=0 y=-752 w=1080 h=525, frame=Rect(0, 0 - 1080, 525)
10-17 19:19:54.313 26454 26548 D SurfaceView@e33655a: updateSurfacePosition RenderWorker, frameNr = 649, position = [0, -752, 1080, -227] surfaceSize = 1080x525
10-17 19:19:54.313 26454 26548 I SurfaceView@e33655a: uSP: rtp = Rect(0, -752 - 1080, -227) rtsw = 1080 rtsh = 525
10-17 19:19:54.313 26454 26548 I SurfaceView@e33655a: onSSPAndSRT: pl = 0 pt = -752 sx = 1.0 sy = 1.0
10-17 19:19:54.313 26454 26548 I SurfaceView@e33655a: aOrMT: ViewRootImpl@61751e2[MainActivity] t = android.view.SurfaceControl$Transaction@7e64f8d fN = 649 android.view.SurfaceView.-$$Nest$mapplyOrMergeTransaction:0 android.view.SurfaceView$SurfaceViewPositionUpdateListener.positionChanged:1537 android.graphics.RenderNode$CompositePositionUpdateListener.positionChanged:373 
10-17 19:19:54.314 26454 26548 I ViewRootImpl@61751e2[MainActivity]: mWNT: t=0x7b1aeb5b00 mBlastBufferQueue=0x7b5a1f6800 fn= 649 caller= android.view.SurfaceView.applyOrMergeTransaction:1455 android.view.SurfaceView.-$$Nest$mapplyOrMergeTransaction:0 android.view.SurfaceView$SurfaceViewPositionUpdateListener.positionChanged:1537 
10-17 19:19:54.314 26454 26548 I ViewRootImpl@61751e2[MainActivity]: mWNT: t=0x7ae1700900 mBlastBufferQueue=0x7b5a1f6800 fn= 649 caller= android.view.ViewRootImpl.lambda$applyTransactionOnDraw$11$android-view-ViewRootImpl:12865 android.view.ViewRootImpl$$ExternalSyntheticLambda1.onFrameDraw:4 android.graphics.HardwareRenderer$FrameDrawingCallback.onFrameDraw:924 
10-17 19:19:54.328 26454 26454 I SurfaceView@e33655a: Changes: creating=false format=false size=false visible=false alpha=false hint=false mUseAlpha=false visible=false left=false top=true
10-17 19:19:54.328 26454 26454 I SurfaceView@e33655a: 238249306 Cur surface: Surface(name=null)/@0x92b0c78
10-17 19:19:54.328 26454 26454 I SurfaceView@e33655a: applyTransactionOnVriDraw: vri = ViewRootImpl@61751e2[MainActivity] fRS = false t = 0x7ae1700a00 android.view.SurfaceView.performSurfaceTransaction:959 android.view.SurfaceView.updateSurface:1105 android.view.SurfaceView.lambda$new$0$android-view-SurfaceView:200 
10-17 19:19:54.328 26454 26454 I ViewRootImpl@61751e2[MainActivity]: applyTransactionOnDraw: mRemoved = false isHardwareEnabled = true t = 0x7ae1700a00android.view.SurfaceView.applyTransactionOnVriDraw:2048 android.view.SurfaceView.performSurfaceTransaction:959 android.view.SurfaceView.updateSurface:1105 android.view.SurfaceView.lambda$new$0$android-view-SurfaceView:200 android.view.SurfaceView$$ExternalSyntheticLambda5.onPreDraw:2 
10-17 19:19:54.329 26454 26454 I SurfaceView@e33655a: updateSurface: mVisible = true mSurface.isValid() = true
10-17 19:19:54.329 26454 26454 I SurfaceView@e33655a: updateSurface: mSurfaceCreated = true surfaceChanged = false visibleChanged = false
10-17 19:19:54.329 26454 26454 V SurfaceView@e33655a: Layout: x=0 y=-712 w=1080 h=525, frame=Rect(0, 0 - 1080, 525)
10-17 19:19:54.331 26454 26549 D SurfaceView@e33655a: updateSurfacePosition RenderWorker, frameNr = 650, position = [0, -712, 1080, -187] surfaceSize = 1080x525
10-17 19:19:54.331 26454 26549 I SurfaceView@e33655a: uSP: rtp = Rect(0, -712 - 1080, -187) rtsw = 1080 rtsh = 525
10-17 19:19:54.331 26454 26549 I SurfaceView@e33655a: onSSPAndSRT: pl = 0 pt = -712 sx = 1.0 sy = 1.0
10-17 19:19:54.331 26454 26549 I SurfaceView@e33655a: aOrMT: ViewRootImpl@61751e2[MainActivity] t = android.view.SurfaceControl$Transaction@7e64f8d fN = 650 android.view.SurfaceView.-$$Nest$mapplyOrMergeTransaction:0 android.view.SurfaceView$SurfaceViewPositionUpdateListener.positionChanged:1537 android.graphics.RenderNode$CompositePositionUpdateListener.positionChanged:373 
10-17 19:19:54.331 26454 26549 I ViewRootImpl@61751e2[MainActivity]: mWNT: t=0x7b1aeb5b00 mBlastBufferQueue=0x7b5a1f6800 fn= 650 caller= android.view.SurfaceView.applyOrMergeTransaction:1455 android.view.SurfaceView.-$$Nest$mapplyOrMergeTransaction:0 android.view.SurfaceView$SurfaceViewPositionUpdateListener.positionChanged:1537 
10-17 19:19:54.332 26454 26549 I ViewRootImpl@61751e2[MainActivity]: mWNT: t=0x7ae1700a00 mBlastBufferQueue=0x7b5a1f6800 fn= 650 caller= android.view.ViewRootImpl.lambda$applyTransactionOnDraw$11$android-view-ViewRootImpl:12865 android.view.ViewRootImpl$$ExternalSyntheticLambda1.onFrameDraw:4 android.graphics.HardwareRenderer$FrameDrawingCallback.onFrameDraw:924 
10-17 19:19:54.344 26454 26454 I SurfaceView@e33655a: Changes: creating=false format=false size=false visible=false alpha=false hint=false mUseAlpha=false visible=false left=false top=true
10-17 19:19:54.344 26454 26454 I SurfaceView@e33655a: 238249306 Cur surface: Surface(name=null)/@0x92b0c78
10-17 19:19:54.345 26454 26454 I SurfaceView@e33655a: applyTransactionOnVriDraw: vri = ViewRootImpl@61751e2[MainActivity] fRS = false t = 0x7ae1700b00 android.view.SurfaceView.performSurfaceTransaction:959 android.view.SurfaceView.updateSurface:1105 android.view.SurfaceView.lambda$new$0$android-view-SurfaceView:200 
10-17 19:19:54.345 26454 26454 I ViewRootImpl@61751e2[MainActivity]: applyTransactionOnDraw: mRemoved = false isHardwareEnabled = true t = 0x7ae1700b00android.view.SurfaceView.applyTransactionOnVriDraw:2048 android.view.SurfaceView.performSurfaceTransaction:959 android.view.SurfaceView.updateSurface:1105 android.view.SurfaceView.lambda$new$0$android-view-SurfaceView:200 android.view.SurfaceView$$ExternalSyntheticLambda5.onPreDraw:2 
10-17 19:19:54.345 26454 26454 I SurfaceView@e33655a: updateSurface: mVisible = true mSurface.isValid() = true
10-17 19:19:54.345 26454 26454 I SurfaceView@e33655a: updateSurface: mSurfaceCreated = true surfaceChanged = false visibleChanged = false
10-17 19:19:54.345 26454 26454 V SurfaceView@e33655a: Layout: x=0 y=-672 w=1080 h=525, frame=Rect(0, 0 - 1080, 525)
10-17 19:19:54.347 26454 26548 D SurfaceView@e33655a: updateSurfacePosition RenderWorker, frameNr = 651, position = [0, -672, 1080, -147] surfaceSize = 1080x525
10-17 19:19:54.347 26454 26548 I SurfaceView@e33655a: uSP: rtp = Rect(0, -672 - 1080, -147) rtsw = 1080 rtsh = 525
10-17 19:19:54.347 26454 26548 I SurfaceView@e33655a: onSSPAndSRT: pl = 0 pt = -672 sx = 1.0 sy = 1.0
10-17 19:19:54.348 26454 26548 I SurfaceView@e33655a: aOrMT: ViewRootImpl@61751e2[MainActivity] t = android.view.SurfaceControl$Transaction@7e64f8d fN = 651 android.view.SurfaceView.-$$Nest$mapplyOrMergeTransaction:0 android.view.SurfaceView$SurfaceViewPositionUpdateListener.positionChanged:1537 android.graphics.RenderNode$CompositePositionUpdateListener.positionChanged:373 
10-17 19:19:54.348 26454 26548 I ViewRootImpl@61751e2[MainActivity]: mWNT: t=0x7b1aeb5b00 mBlastBufferQueue=0x7b5a1f6800 fn= 651 caller= android.view.SurfaceView.applyOrMergeTransaction:1455 android.view.SurfaceView.-$$Nest$mapplyOrMergeTransaction:0 android.view.SurfaceView$SurfaceViewPositionUpdateListener.positionChanged:1537 
10-17 19:19:54.348 26454 26548 I ViewRootImpl@61751e2[MainActivity]: mWNT: t=0x7ae1700b00 mBlastBufferQueue=0x7b5a1f6800 fn= 651 caller= android.view.ViewRootImpl.lambda$applyTransactionOnDraw$11$android-view-ViewRootImpl:12865 android.view.ViewRootImpl$$ExternalSyntheticLambda1.onFrameDraw:4 android.graphics.HardwareRenderer$FrameDrawingCallback.onFrameDraw:924 
10-17 19:19:54.361 26454 26454 I SurfaceView@e33655a: Changes: creating=false format=false size=false visible=false alpha=false hint=false mUseAlpha=false visible=false left=false top=true
10-17 19:19:54.361 26454 26454 I SurfaceView@e33655a: 238249306 Cur surface: Surface(name=null)/@0x92b0c78
10-17 19:19:54.361 26454 26454 I SurfaceView@e33655a: applyTransactionOnVriDraw: vri = ViewRootImpl@61751e2[MainActivity] fRS = false t = 0x7ae1700c00 android.view.SurfaceView.performSurfaceTransaction:959 android.view.SurfaceView.updateSurface:1105 android.view.SurfaceView.lambda$new$0$android-view-SurfaceView:200 
10-17 19:19:54.362 26454 26454 I ViewRootImpl@61751e2[MainActivity]: applyTransactionOnDraw: mRemoved = false isHardwareEnabled = true t = 0x7ae1700c00android.view.SurfaceView.applyTransactionOnVriDraw:2048 android.view.SurfaceView.performSurfaceTransaction:959 android.view.SurfaceView.updateSurface:1105 android.view.SurfaceView.lambda$new$0$android-view-SurfaceView:200 android.view.SurfaceView$$ExternalSyntheticLambda5.onPreDraw:2 
10-17 19:19:54.362 26454 26454 I SurfaceView@e33655a: updateSurface: mVisible = true mSurface.isValid() = true
10-17 19:19:54.362 26454 26454 I SurfaceView@e33655a: updateSurface: mSurfaceCreated = true surfaceChanged = false visibleChanged = false
10-17 19:19:54.362 26454 26454 V SurfaceView@e33655a: Layout: x=0 y=-633 w=1080 h=525, frame=Rect(0, 0 - 1080, 525)
10-17 19:19:54.366 26454 26549 D SurfaceView@e33655a: updateSurfacePosition RenderWorker, frameNr = 652, position = [0, -633, 1080, -108] surfaceSize = 1080x525
10-17 19:19:54.366 26454 26549 I SurfaceView@e33655a: uSP: rtp = Rect(0, -633 - 1080, -108) rtsw = 1080 rtsh = 525
10-17 19:19:54.366 26454 26549 I SurfaceView@e33655a: onSSPAndSRT: pl = 0 pt = -633 sx = 1.0 sy = 1.0
10-17 19:19:54.366 26454 26549 I SurfaceView@e33655a: aOrMT: ViewRootImpl@61751e2[MainActivity] t = android.view.SurfaceControl$Transaction@7e64f8d fN = 652 android.view.SurfaceView.-$$Nest$mapplyOrMergeTransaction:0 android.view.SurfaceView$SurfaceViewPositionUpdateListener.positionChanged:1537 android.graphics.RenderNode$CompositePositionUpdateListener.positionChanged:373 
10-17 19:19:54.366 26454 26549 I ViewRootImpl@61751e2[MainActivity]: mWNT: t=0x7b1aeb5b00 mBlastBufferQueue=0x7b5a1f6800 fn= 652 caller= android.view.SurfaceView.applyOrMergeTransaction:1455 android.view.SurfaceView.-$$Nest$mapplyOrMergeTransaction:0 android.view.SurfaceView$SurfaceViewPositionUpdateListener.positionChanged:1537 
10-17 19:19:54.367 26454 26549 I ViewRootImpl@61751e2[MainActivity]: mWNT: t=0x7ae1700c00 mBlastBufferQueue=0x7b5a1f6800 fn= 652 caller= android.view.ViewRootImpl.lambda$applyTransactionOnDraw$11$android-view-ViewRootImpl:12865 android.view.ViewRootImpl$$ExternalSyntheticLambda1.onFrameDraw:4 android.graphics.HardwareRenderer$FrameDrawingCallback.onFrameDraw:924 
10-17 19:19:54.375 26454 26454 I SurfaceView@e33655a: Changes: creating=false format=false size=false visible=false alpha=false hint=false mUseAlpha=false visible=false left=false top=true
10-17 19:19:54.375 26454 26454 I SurfaceView@e33655a: 238249306 Cur surface: Surface(name=null)/@0x92b0c78
10-17 19:19:54.376 26454 26454 I SurfaceView@e33655a: applyTransactionOnVriDraw: vri = ViewRootImpl@61751e2[MainActivity] fRS = false t = 0x7ae1700d00 android.view.SurfaceView.performSurfaceTransaction:959 android.view.SurfaceView.updateSurface:1105 android.view.SurfaceView.lambda$new$0$android-view-SurfaceView:200 
10-17 19:19:54.376 26454 26454 I ViewRootImpl@61751e2[MainActivity]: applyTransactionOnDraw: mRemoved = false isHardwareEnabled = true t = 0x7ae1700d00android.view.SurfaceView.applyTransactionOnVriDraw:2048 android.view.SurfaceView.performSurfaceTransaction:959 android.view.SurfaceView.updateSurface:1105 android.view.SurfaceView.lambda$new$0$android-view-SurfaceView:200 android.view.SurfaceView$$ExternalSyntheticLambda5.onPreDraw:2 
10-17 19:19:54.376 26454 26454 I SurfaceView@e33655a: updateSurface: mVisible = true mSurface.isValid() = true
10-17 19:19:54.376 26454 26454 I SurfaceView@e33655a: updateSurface: mSurfaceCreated = true surfaceChanged = false visibleChanged = false
10-17 19:19:54.376 26454 26454 V SurfaceView@e33655a: Layout: x=0 y=-599 w=1080 h=525, frame=Rect(0, 0 - 1080, 525)
10-17 19:19:54.378 26454 26548 D SurfaceView@e33655a: updateSurfacePosition RenderWorker, frameNr = 653, position = [0, -599, 1080, -74] surfaceSize = 1080x525
10-17 19:19:54.378 26454 26548 I SurfaceView@e33655a: uSP: rtp = Rect(0, -599 - 1080, -74) rtsw = 1080 rtsh = 525
10-17 19:19:54.378 26454 26548 I SurfaceView@e33655a: onSSPAndSRT: pl = 0 pt = -599 sx = 1.0 sy = 1.0
10-17 19:19:54.378 26454 26548 I SurfaceView@e33655a: aOrMT: ViewRootImpl@61751e2[MainActivity] t = android.view.SurfaceControl$Transaction@7e64f8d fN = 653 android.view.SurfaceView.-$$Nest$mapplyOrMergeTransaction:0 android.view.SurfaceView$SurfaceViewPositionUpdateListener.positionChanged:1537 android.graphics.RenderNode$CompositePositionUpdateListener.positionChanged:373 
10-17 19:19:54.378 26454 26548 I ViewRootImpl@61751e2[MainActivity]: mWNT: t=0x7b1aeb5b00 mBlastBufferQueue=0x7b5a1f6800 fn= 653 caller= android.view.SurfaceView.applyOrMergeTransaction:1455 android.view.SurfaceView.-$$Nest$mapplyOrMergeTransaction:0 android.view.SurfaceView$SurfaceViewPositionUpdateListener.positionChanged:1537 
10-17 19:19:54.378 26454 26548 I ViewRootImpl@61751e2[MainActivity]: mWNT: t=0x7ae1700d00 mBlastBufferQueue=0x7b5a1f6800 fn= 653 caller= android.view.ViewRootImpl.lambda$applyTransactionOnDraw$11$android-view-ViewRootImpl:12865 android.view.ViewRootImpl$$ExternalSyntheticLambda1.onFrameDraw:4 android.graphics.HardwareRenderer$FrameDrawingCallback.onFrameDraw:924 
10-17 19:19:54.392 26454 26454 I SurfaceView@e33655a: Changes: creating=false format=false size=false visible=false alpha=false hint=false mUseAlpha=false visible=false left=false top=true
10-17 19:19:54.392 26454 26454 I SurfaceView@e33655a: 238249306 Cur surface: Surface(name=null)/@0x92b0c78
10-17 19:19:54.392 26454 26454 I SurfaceView@e33655a: applyTransactionOnVriDraw: vri = ViewRootImpl@61751e2[MainActivity] fRS = false t = 0x7ae1700e00 android.view.SurfaceView.performSurfaceTransaction:959 android.view.SurfaceView.updateSurface:1105 android.view.SurfaceView.lambda$new$0$android-view-SurfaceView:200 
10-17 19:19:54.393 26454 26454 I ViewRootImpl@61751e2[MainActivity]: applyTransactionOnDraw: mRemoved = false isHardwareEnabled = true t = 0x7ae1700e00android.view.SurfaceView.applyTransactionOnVriDraw:2048 android.view.SurfaceView.performSurfaceTransaction:959 android.view.SurfaceView.updateSurface:1105 android.view.SurfaceView.lambda$new$0$android-view-SurfaceView:200 android.view.SurfaceView$$ExternalSyntheticLambda5.onPreDraw:2 
10-17 19:19:54.393 26454 26454 I SurfaceView@e33655a: updateSurface: mVisible = true mSurface.isValid() = true
10-17 19:19:54.393 26454 26454 I SurfaceView@e33655a: updateSurface: mSurfaceCreated = true surfaceChanged = false visibleChanged = false
10-17 19:19:54.393 26454 26454 V SurfaceView@e33655a: Layout: x=0 y=-564 w=1080 h=525, frame=Rect(0, 0 - 1080, 525)
10-17 19:19:54.394 26454 26549 D SurfaceView@e33655a: updateSurfacePosition RenderWorker, frameNr = 654, position = [0, -564, 1080, -39] surfaceSize = 1080x525
10-17 19:19:54.394 26454 26549 I SurfaceView@e33655a: uSP: rtp = Rect(0, -564 - 1080, -39) rtsw = 1080 rtsh = 525
10-17 19:19:54.394 26454 26549 I SurfaceView@e33655a: onSSPAndSRT: pl = 0 pt = -564 sx = 1.0 sy = 1.0
10-17 19:19:54.394 26454 26549 I SurfaceView@e33655a: aOrMT: ViewRootImpl@61751e2[MainActivity] t = android.view.SurfaceControl$Transaction@7e64f8d fN = 654 android.view.SurfaceView.-$$Nest$mapplyOrMergeTransaction:0 android.view.SurfaceView$SurfaceViewPositionUpdateListener.positionChanged:1537 android.graphics.RenderNode$CompositePositionUpdateListener.positionChanged:373 
10-17 19:19:54.394 26454 26549 I ViewRootImpl@61751e2[MainActivity]: mWNT: t=0x7b1aeb5b00 mBlastBufferQueue=0x7b5a1f6800 fn= 654 caller= android.view.SurfaceView.applyOrMergeTransaction:1455 android.view.SurfaceView.-$$Nest$mapplyOrMergeTransaction:0 android.view.SurfaceView$SurfaceViewPositionUpdateListener.positionChanged:1537 
10-17 19:19:54.395 26454 26549 I ViewRootImpl@61751e2[MainActivity]: mWNT: t=0x7ae1700e00 mBlastBufferQueue=0x7b5a1f6800 fn= 654 caller= android.view.ViewRootImpl.lambda$applyTransactionOnDraw$11$android-view-ViewRootImpl:12865 android.view.ViewRootImpl$$ExternalSyntheticLambda1.onFrameDraw:4 android.graphics.HardwareRenderer$FrameDrawingCallback.onFrameDraw:924 
10-17 19:19:54.408 26454 26454 I SurfaceView@e33655a: Changes: creating=false format=false size=false visible=false alpha=false hint=false mUseAlpha=false visible=false left=false top=true
10-17 19:19:54.408 26454 26454 I SurfaceView@e33655a: 238249306 Cur surface: Surface(name=null)/@0x92b0c78
10-17 19:19:54.409 26454 26454 I SurfaceView@e33655a: applyTransactionOnVriDraw: vri = ViewRootImpl@61751e2[MainActivity] fRS = false t = 0x7ae1700f00 android.view.SurfaceView.performSurfaceTransaction:959 android.view.SurfaceView.updateSurface:1105 android.view.SurfaceView.lambda$new$0$android-view-SurfaceView:200 
10-17 19:19:54.409 26454 26454 I ViewRootImpl@61751e2[MainActivity]: applyTransactionOnDraw: mRemoved = false isHardwareEnabled = true t = 0x7ae1700f00android.view.SurfaceView.applyTransactionOnVriDraw:2048 android.view.SurfaceView.performSurfaceTransaction:959 android.view.SurfaceView.updateSurface:1105 android.view.SurfaceView.lambda$new$0$android-view-SurfaceView:200 android.view.SurfaceView$$ExternalSyntheticLambda5.onPreDraw:2 
10-17 19:19:54.409 26454 26454 I SurfaceView@e33655a: updateSurface: mVisible = true mSurface.isValid() = true
10-17 19:19:54.409 26454 26454 I SurfaceView@e33655a: updateSurface: mSurfaceCreated = true surfaceChanged = false visibleChanged = false
10-17 19:19:54.409 26454 26454 V SurfaceView@e33655a: Layout: x=0 y=-532 w=1080 h=525, frame=Rect(0, 0 - 1080, 525)
10-17 19:19:54.410 26454 26548 D SurfaceView@e33655a: updateSurfacePosition RenderWorker, frameNr = 655, position = [0, -532, 1080, -7] surfaceSize = 1080x525
10-17 19:19:54.411 26454 26548 I SurfaceView@e33655a: uSP: rtp = Rect(0, -532 - 1080, -7) rtsw = 1080 rtsh = 525
10-17 19:19:54.411 26454 26548 I SurfaceView@e33655a: onSSPAndSRT: pl = 0 pt = -532 sx = 1.0 sy = 1.0
10-17 19:19:54.411 26454 26548 I SurfaceView@e33655a: aOrMT: ViewRootImpl@61751e2[MainActivity] t = android.view.SurfaceControl$Transaction@7e64f8d fN = 655 android.view.SurfaceView.-$$Nest$mapplyOrMergeTransaction:0 android.view.SurfaceView$SurfaceViewPositionUpdateListener.positionChanged:1537 android.graphics.RenderNode$CompositePositionUpdateListener.positionChanged:373 
10-17 19:19:54.411 26454 26548 I ViewRootImpl@61751e2[MainActivity]: mWNT: t=0x7b1aeb5b00 mBlastBufferQueue=0x7b5a1f6800 fn= 655 caller= android.view.SurfaceView.applyOrMergeTransaction:1455 android.view.SurfaceView.-$$Nest$mapplyOrMergeTransaction:0 android.view.SurfaceView$SurfaceViewPositionUpdateListener.positionChanged:1537 
10-17 19:19:54.411 26454 26548 I ViewRootImpl@61751e2[MainActivity]: mWNT: t=0x7ae1700f00 mBlastBufferQueue=0x7b5a1f6800 fn= 655 caller= android.view.ViewRootImpl.lambda$applyTransactionOnDraw$11$android-view-ViewRootImpl:12865 android.view.ViewRootImpl$$ExternalSyntheticLambda1.onFrameDraw:4 android.graphics.HardwareRenderer$FrameDrawingCallback.onFrameDraw:924 
10-17 19:19:54.425 26454 26454 I SurfaceView@e33655a: Changes: creating=false format=false size=false visible=false alpha=false hint=false mUseAlpha=false visible=false left=false top=true
10-17 19:19:54.425 26454 26454 I SurfaceView@e33655a: 238249306 Cur surface: Surface(name=null)/@0x92b0c78
10-17 19:19:54.425 26454 26454 I SurfaceView@e33655a: applyTransactionOnVriDraw: vri = ViewRootImpl@61751e2[MainActivity] fRS = false t = 0x7ae1701000 android.view.SurfaceView.performSurfaceTransaction:959 android.view.SurfaceView.updateSurface:1105 android.view.SurfaceView.lambda$new$0$android-view-SurfaceView:200 
10-17 19:19:54.426 26454 26454 I ViewRootImpl@61751e2[MainActivity]: applyTransactionOnDraw: mRemoved = false isHardwareEnabled = true t = 0x7ae1701000android.view.SurfaceView.applyTransactionOnVriDraw:2048 android.view.SurfaceView.performSurfaceTransaction:959 android.view.SurfaceView.updateSurface:1105 android.view.SurfaceView.lambda$new$0$android-view-SurfaceView:200 android.view.SurfaceView$$ExternalSyntheticLambda5.onPreDraw:2 
10-17 19:19:54.426 26454 26454 I SurfaceView@e33655a: updateSurface: mVisible = true mSurface.isValid() = true
10-17 19:19:54.426 26454 26454 I SurfaceView@e33655a: updateSurface: mSurfaceCreated = true surfaceChanged = false visibleChanged = false
10-17 19:19:54.426 26454 26454 V SurfaceView@e33655a: Layout: x=0 y=-500 w=1080 h=525, frame=Rect(0, 0 - 1080, 525)
