--------- beginning of main
10-17 20:28:14.211 13125 13125 D InputTransport: Input channel destroyed: 'b636c9a', fd=150
10-17 20:28:14.260 13125 13125 I ViewRootImpl@e892618[MainActivity]: MSG_WINDOW_FOCUS_CHANGED 1 0
10-17 20:28:14.261 13125 13125 I ViewRootImpl@e892618[MainActivity]: mThreadedRenderer.initializeIfNeeded()#2 mSurface={isValid=true 0x7b5a8f0800}
10-17 20:28:14.265 13125 13125 D InputMethodManager: startInputInner - Id : 0
10-17 20:28:14.265 13125 13125 I InputMethodManager: startInputInner - mService.startInputOrWindowGainedFocus
10-17 20:28:15.174 13125 13125 I ViewRootImpl@e892618[MainActivity]: ViewPostIme pointer 0
10-17 20:28:15.264 13125 13125 D WindowOnBackDispatcher: onBackInvoked, viewRoot=ViewRootImpl@e003bde[MainActivity], callback=androidx.activity.OnBackPressedDispatcher$Api33Impl$$ExternalSyntheticLambda0@10a13eb
10-17 20:28:15.274 13125 13125 I IMM_LC  : hsifw() - flag : 0
10-17 20:28:15.274 13125 13125 I IMM_LC  : hsifw() - mService.hideSoftInput
10-17 20:28:15.283 13125 13125 D ScrollView: initGoToTop
10-17 20:28:15.322 13125 13125 E CoilImgLoader: Error loading image: coil3.request.NullRequestDataException: The request's data is null.
10-17 20:28:15.335 13125 13125 D ScrollView:  onsize change changed 
10-17 20:28:16.015 13125 13125 I ViewRootImpl@e892618[MainActivity]: ViewPostIme pointer 0
10-17 20:28:16.089 13125 13125 I ViewRootImpl@e892618[MainActivity]: ViewPostIme pointer 1
10-17 20:28:16.106 13125 13125 I NavComponent: Navigating to fragment: 2131361879
10-17 20:28:16.111 13125 13125 I IMM_LC  : hsifw() - flag : 0
10-17 20:28:16.111 13125 13125 I IMM_LC  : hsifw() - mService.hideSoftInput
10-17 20:28:16.857 13125 13125 I ViewRootImpl@e892618[MainActivity]: ViewPostIme pointer 0
10-17 20:28:16.923 13125 13125 I ViewRootImpl@e892618[MainActivity]: ViewPostIme pointer 1
10-17 20:28:16.944 13125 13125 I IMM_LC  : hsifw() - flag : 0
10-17 20:28:16.945 13125 13125 I IMM_LC  : hsifw() - mService.hideSoftInput
10-17 20:28:17.053 13125 13125 I PLG     : updatePluginList = https://raw.githubusercontent.com/adamwolker21/TestPlugins/refs/heads/master/repo.json
10-17 20:28:17.053 13125 13125 I PLG     : getPlugins = https://raw.githubusercontent.com/adamwolker21/TestPlugins/refs/heads/master/repo.json
10-17 20:28:17.281 13125 13174 D VotingApi: Requesting: https://counterapi.com/api/cs-raw.githubusercontent.com-adamwolker21-TestPlugins/vote/1faa642fe5e758ed3f1552dfe51f95ba48254ee289a6f2e93a139bd7cecf3ded?readOnly=true
10-17 20:28:18.065 13125 13125 I ViewRootImpl@e892618[MainActivity]: ViewPostIme pointer 0
10-17 20:28:18.096 13125 13125 I ViewRootImpl@e892618[MainActivity]: ViewPostIme pointer 1
10-17 20:28:18.110 13125 13174 I PLG     : handlePluginAction = https://raw.githubusercontent.com/adamwolker21/TestPlugins/refs/heads/master/repo.json, (https://raw.githubusercontent.com/adamwolker21/TestPlugins/refs/heads/master/repo.json, SitePlugin(url=https://raw.githubusercontent.com/adamwolker21/TestPlugins/builds/Asia2tv.cs3, status=1, version=37, apiVersion=1, name=Asia2tv, internalName=Asia2tv, authors=[adamwolker21], description=Asia2TV Kdrama Cdrama, repositoryUrl=https://github.com/adamwolker21/TestPlugins, tvTypes=[TvSeries, Movie, AsianDrama], language=ar, iconUrl=https://asia2tv.com/frontend/default/assets/images/logo.png?ver=1.2, fileSize=20038)), false
10-17 20:28:18.112 13125 13174 D PluginManager: Downloading plugin: https://raw.githubusercontent.com/adamwolker21/TestPlugins/builds/Asia2tv.cs3 to /data/user/0/com.lagradost.cloudstream3/files/Extensions/httpsraw.githubusercontent.comadamwolker21TestPluginsrefsheadsmasterrepo.json.113048842/Asia2tv.950460682.cs3
10-17 20:28:18.367 13125 13174 I PluginManager: Unloading plugin: /data/user/0/com.lagradost.cloudstream3/files/Extensions/httpsraw.githubusercontent.comadamwolker21TestPluginsrefsheadsmasterrepo.json.113048842/Asia2tv.950460682.cs3
10-17 20:28:18.368 13125 13174 W PluginManager: Couldn't find plugin /data/user/0/com.lagradost.cloudstream3/files/Extensions/httpsraw.githubusercontent.comadamwolker21TestPluginsrefsheadsmasterrepo.json.113048842/Asia2tv.950460682.cs3
10-17 20:28:18.369 13125 13174 I PluginManager: Loading plugin: PluginData(internalName=Asia2tv, url=https://raw.githubusercontent.com/adamwolker21/TestPlugins/builds/Asia2tv.cs3, isOnline=true, filePath=/data/user/0/com.lagradost.cloudstream3/files/Extensions/httpsraw.githubusercontent.comadamwolker21TestPluginsrefsheadsmasterrepo.json.113048842/Asia2tv.950460682.cs3, version=-2147483648)
10-17 20:28:18.437 13125 13174 I PluginInstance: Adding Asia2Tv (https://asia2tv.com) MainAPI
10-17 20:28:18.437 13125 13174 I PluginManager: Loaded plugin Asia2tv successfully
10-17 20:28:18.438 13125 13174 I PLG     : getPlugins = https://raw.githubusercontent.com/adamwolker21/TestPlugins/refs/heads/master/repo.json
10-17 20:28:18.438 13125 13125 I COMPACT : showToast = Plugin Loaded
10-17 20:28:18.446 13125 13125 D CompatibilityChangeReporter: Compat change id reported: 147798919; UID 10526; state: ENABLED
10-17 20:28:18.446 13125 13125 E Toast   : setGravity() shouldn't be called on text toasts, the values won't be used
10-17 20:28:18.446 13125 13125 I Toast   : setView: it's a custom toast
10-17 20:28:18.456 13125 13125 V Toast   : show: caller = com.lagradost.cloudstream3.CommonActivity.showToast:175 
10-17 20:28:18.519 13125 13125 V Toast   : HANDLE SHOW: android.widget.Toast$TN@3d56e39 mView=null mNextView=androidx.cardview.widget.CardView{28b7c7e V.E..V... ......ID 0,0-0,0 #7f0a0557 app:id/toast_layout_root}
10-17 20:28:18.521 13125 13125 V ToastPresenter: sipHeight = -39
10-17 20:28:18.523 13125 13125 V ToastPresenter: yOffset = 13
10-17 20:28:18.530 13125 13150 D NativeCustomFrequencyManager: [NativeCFMS] BpCustomFrequencyManager::BpCustomFrequencyManager()
10-17 20:28:18.537 13125 13125 D InsetsController: onStateChanged: InsetsState: {mDisplayFrame=Rect(0, 0 - 1080, 2400), mDisplayCutout=DisplayCutout{insets=Rect(0, 88 - 0, 0) waterfall=Insets{left=0, top=0, right=0, bottom=0} boundingRect={Bounds=[Rect(0, 0 - 0, 0), Rect(512, 0 - 568, 88), Rect(0, 0 - 0, 0), Rect(0, 0 - 0, 0)]} cutoutPathParserInfo={CutoutPathParserInfo{displayWidth=1080 displayHeight=2400 physicalDisplayWidth=1080 physicalDisplayHeight=2400 density={2.625} cutoutSpec={M 0,0 M 0,12.25101276465640 a 10.60613009248640,10.60613009248640 0 1,0 0,21.21226018497290 a 10.60613009248640,10.60613009248640 0 1,0 0,-21.21226018497290 Z @dp} rotation={0} scale={1.0} physicalPixelDisplaySizeRatio={1.0}}}}, mRoundedCorners=RoundedCorners{[RoundedCorner{position=TopLeft, radius=84, center=Point(84, 84)}, RoundedCorner{position=TopRight, radius=84, center=Point(996, 84)}, RoundedCorner{position=BottomRight, radius=84, center=Point(996, 2316)}, RoundedCorner{position=BottomLeft, radius=84, center=Point(84, 2316)}]}  mRoundedCornerFrame=Rect(0, 0 - 0, 0), mPrivacyIndicatorBounds=PrivacyIndicatorBounds {static bounds=Rect(964, 0 - 1080, 87) rotation=0}, mSources= { InsetsSource: {mType=ITYPE_NAVIGATION_BAR, mFrame=[0,2361][1080,2400], mVisible=true, mInsetsRoundedCornerFrame=false}, InsetsSource: {mType=ITYPE_LEFT_GESTURES, mFrame=[0,0][130,2400], mVisible=true, mInsetsRoundedCornerFrame=false}, InsetsSource: {mType=ITYPE_RIGHT_GESTURES, mFrame=[950,0][1080,2400], mVisible=true, mInsetsRoundedCornerFrame=false}, InsetsSource: {mType=ITYPE_TOP_MANDATORY_GESTURES, mFrame=[0,0][1080,120], mVisible=true, mInsetsRoundedCornerFrame=false}, InsetsSource: {mType=ITYPE_BOTTOM_MANDATORY_GESTURES, mFrame=[0,2316][1080,2400], mVisible=true, mInsetsRoundedCornerFrame=false}, InsetsSource: {mType=ITYPE_LEFT_DISPLAY_CUTOUT, mFrame=[0,0][-100000,2400], mVisible=true, mInsetsRoundedCornerFrame=false}, InsetsSource: {mType=ITYPE_TOP_DISPLAY_CUTOUT, mFrame=[0,0][1080,88], mVisible=true, mInsetsRoundedCornerFrame=false}, InsetsSource: {mType=ITYPE_RIGHT_DISPLAY_CUTOUT, mFrame=[100000,0][1080,2400], mVisible=true, mInsetsRoundedCornerFrame=false}, InsetsSource: {mType=ITYPE_BOTTOM_DISPLAY_CUTOUT, mFrame=[0,100000][1080,2400], mVisible=true, mInsetsRoundedCornerFrame=false}, InsetsSource: {mType=ITYPE_BOTTOM_TAPPABLE_ELEMENT, mFrame=[0,0][0,0], mVisible=true, mInsetsRoundedCornerFrame=false} } host=Toast from=android.view.ViewRootImpl.setView:1732
10-17 20:28:18.538 13125 13125 I ViewRootImpl@cc695df[Toast]: setView = androidx.cardview.widget.CardView@28b7c7e TM=true
10-17 20:28:18.546 13125 13125 I ViewRootImpl@cc695df[Toast]: performTraversals params={(0,13)(wrapxwrap) gr=BOTTOM CENTER sim={adjust=resize} ty=TOAST fmt=TRANSLUCENT wanim=0x1030004 surfaceInsets=Rect(11, 11 - 11, 11)
10-17 20:28:18.546 13125 13125 I ViewRootImpl@cc695df[Toast]:   fl=1000098
10-17 20:28:18.546 13125 13125 I ViewRootImpl@cc695df[Toast]:   pfl=12000000
10-17 20:28:18.546 13125 13125 I ViewRootImpl@cc695df[Toast]:   bhv=DEFAULT
10-17 20:28:18.546 13125 13125 I ViewRootImpl@cc695df[Toast]:   fitTypes=STATUS_BARS NAVIGATION_BARS CAPTION_BAR
10-17 20:28:18.546 13125 13125 I ViewRootImpl@cc695df[Toast]:   fitIgnoreVis naviIconColor=0}
10-17 20:28:18.546 13125 13125 I ViewRootImpl@cc695df[Toast]: performTraversals mFirst=true windowShouldResize=false viewVisibilityChanged=false mForceNextWindowRelayout=false params={(0,13)(wrapxwrap) gr=BOTTOM CENTER sim={adjust=resize} ty=TOAST fmt=TRANSLUCENT wanim=0x1030004 surfaceInsets=Rect(11, 11 - 11, 11)
10-17 20:28:18.546 13125 13125 I ViewRootImpl@cc695df[Toast]:   fl=1000098
10-17 20:28:18.546 13125 13125 I ViewRootImpl@cc695df[Toast]:   pfl=12000000
10-17 20:28:18.546 13125 13125 I ViewRootImpl@cc695df[Toast]:   bhv=DEFAULT
10-17 20:28:18.546 13125 13125 I ViewRootImpl@cc695df[Toast]:   fitTypes=STATUS_BARS NAVIGATION_BARS CAPTION_BAR
10-17 20:28:18.546 13125 13125 I ViewRootImpl@cc695df[Toast]:   fitIgnoreVis naviIconColor=0}
10-17 20:28:18.558 13125 13125 I ViewRootImpl@cc695df[Toast]: updateBlastSurfaceIfNeeded mBlastBufferQueue=null isSameSurfaceControl=false
10-17 20:28:18.559 13125 13125 I BLASTBufferQueue: new BLASTBufferQueue, mName= ViewRootImpl@cc695df[Toast] mNativeObject= 0x7bdd5d0400 sc.mNativeObject= 0x7bdd5dd520 caller= android.view.ViewRootImpl.updateBlastSurfaceIfNeeded:2909 android.view.ViewRootImpl.relayoutWindow:9847 android.view.ViewRootImpl.performTraversals:3884 android.view.ViewRootImpl.doTraversal:3116 android.view.ViewRootImpl$TraversalRunnable.run:10885 android.view.Choreographer$CallbackRecord.run:1301 android.view.Choreographer$CallbackRecord.run:1309 android.view.Choreographer.doCallbacks:923 android.view.Choreographer.doFrame:852 android.view.Choreographer$FrameDisplayEventReceiver.run:1283 
10-17 20:28:18.560 13125 13125 I BLASTBufferQueue: update, w= 373 h= 178 mName = ViewRootImpl@cc695df[Toast] mNativeObject= 0x7bdd5d0400 sc.mNativeObject= 0x7bdd5dd520 format= -3 caller= android.graphics.BLASTBufferQueue.<init>:84 android.view.ViewRootImpl.updateBlastSurfaceIfNeeded:2909 android.view.ViewRootImpl.relayoutWindow:9847 android.view.ViewRootImpl.performTraversals:3884 android.view.ViewRootImpl.doTraversal:3116 android.view.ViewRootImpl$TraversalRunnable.run:10885 
10-17 20:28:18.560 13125 13125 I ViewRootImpl@cc695df[Toast]: Relayout returned: old=(0,88,1080,2361) new=(364,2192,715,2348) req=(351,156)0 dur=12 res=0x3 s={true 0x7b1852d000} ch=true seqId=0
10-17 20:28:18.562 13125 13125 I ViewRootImpl@cc695df[Toast]: mThreadedRenderer.initialize() mSurface={isValid=true 0x7b1852d000} hwInitialized=true
10-17 20:28:18.562 13125 13150 D OpenGLRenderer: eglCreateWindowSurface
10-17 20:28:18.563 13125 13125 I ViewRootImpl@cc695df[Toast]: reportNextDraw android.view.ViewRootImpl.performTraversals:4438 android.view.ViewRootImpl.doTraversal:3116 android.view.ViewRootImpl$TraversalRunnable.run:10885 android.view.Choreographer$CallbackRecord.run:1301 android.view.Choreographer$CallbackRecord.run:1309 
10-17 20:28:18.563 13125 13125 I ViewRootImpl@cc695df[Toast]: Setup new sync id=0
10-17 20:28:18.563 13125 13125 I ViewRootImpl@cc695df[Toast]: Setting syncFrameCallback
10-17 20:28:18.563 13125 13125 I ViewRootImpl@cc695df[Toast]: registerCallbacksForSync syncBuffer=false
10-17 20:28:18.565 13125 13200 I ViewRootImpl@cc695df[Toast]: Received frameDrawingCallback syncResult=0 frameNum=1.
10-17 20:28:18.565 13125 13200 I ViewRootImpl@cc695df[Toast]: Setting up sync and frameCommitCallback
10-17 20:28:18.567 13125 13150 I BLASTBufferQueue: [ViewRootImpl@cc695df[Toast]#3](f:0,a:0) onFrameAvailable the first frame is available
10-17 20:28:18.568 13125 13150 I ViewRootImpl@cc695df[Toast]: Received frameCommittedCallback lastAttemptedDrawFrameNum=1 didProduceBuffer=true
10-17 20:28:18.571 13125 13150 D OpenGLRenderer: CFMS:: SetUp Pid : 13125    Tid : 13150
10-17 20:28:18.575 13125 13125 I ViewRootImpl@cc695df[Toast]: onSyncComplete
10-17 20:28:18.575 13125 13125 I ViewRootImpl@cc695df[Toast]: setupSync seqId=0 mSyncId=0 fn=1 caller=android.view.ViewRootImpl$$ExternalSyntheticLambda11.accept:6 android.window.SurfaceSyncer.lambda$setupSync$1$android-window-SurfaceSyncer:128 android.window.SurfaceSyncer$$ExternalSyntheticLambda1.accept:8 android.window.SurfaceSyncer$SyncSet.checkIfSyncIsComplete:382 android.window.SurfaceSyncer$SyncSet.markSyncReady:359 android.window.SurfaceSyncer.markSyncReady:151 android.view.ViewRootImpl.performTraversals:4503 
10-17 20:28:18.576 13125 13125 I ViewRootImpl@cc695df[Toast]: reportDrawFinished seqId=0 mSyncId=-1 fn=1 mSurfaceChangedTransaction=0x7bdd4bc800
10-17 20:28:19.422 13125 13125 I ViewRootImpl@e892618[MainActivity]: ViewPostIme pointer 0
10-17 20:28:19.468 13125 13125 I ViewRootImpl@e892618[MainActivity]: ViewPostIme pointer 1
10-17 20:28:19.501 13125 13125 I IMM_LC  : hsifw() - flag : 0
10-17 20:28:19.501 13125 13125 I IMM_LC  : hsifw() - mService.hideSoftInput
10-17 20:28:20.500 13125 13150 D OpenGLRenderer: setSurface called with nullptr
10-17 20:28:20.500 13125 13150 D OpenGLRenderer: setSurface() destroyed EGLSurface
10-17 20:28:20.500 13125 13150 D OpenGLRenderer: destroyEglSurface
10-17 20:28:20.502 13125 13125 I ViewRootImpl@cc695df[Toast]: dispatchDetachedFromWindow
10-17 20:28:20.511 13125 13125 D InputTransport: Input channel destroyed: '62e39e ', fd=162
10-17 20:28:20.933 13125 13135 I st.cloudstream3: Background concurrent copying GC freed 6019KB AllocSpace bytes, 40(3868KB) LOS objects, 50% free, 21MB/42MB, paused 453us,71us total 143.139ms
10-17 20:28:20.942 13125 13150 D OpenGLRenderer: setSurface called with nullptr
10-17 20:28:20.942 13125 13136 D InputTransport: Input channel destroyed: 'ClientS', fd=126
10-17 20:28:20.944 13125 13150 D OpenGLRenderer: setSurface called with nullptr
10-17 20:28:20.952 13125 13137 W System  : A resource failed to call close. 
10-17 20:28:21.219 13125 13176 D Asia2Tv : Load function started for url: https://asia2tv.com/serie/one-high-school-heroes-%d8%a7%d9%84%d8%a3%d9%88%d9%84-%d8%a3%d8%a8%d8%b7%d8%a7%d9%84-%d8%a7%d9%84%d8%ab%d8%a7%d9%86%d9%88%d9%8a%d8%a9-%d8%a7%d9%84%d8%b9%d8%a7%d9%85%d8%a9
10-17 20:28:21.219 13125 13183 D Asia2Tv : Load function started for url: https://asia2tv.com/serie/s-line-%d8%ae%d8%b7-s
10-17 20:28:21.219 13125 13174 D Asia2Tv : Load function started for url: https://asia2tv.com/serie/butterfly-%d8%a7%d9%84%d9%81%d8%b1%d8%a7%d8%b4%d8%a9
10-17 20:28:22.636 13125 13174 D Asia2Tv : Found 6 initial episodes.
10-17 20:28:22.640 13125 13174 D Asia2Tv : Found Serie ID: 49936, CSRF Token: true
10-17 20:28:22.640 13125 13174 D Asia2Tv : Fetching page 2...
10-17 20:28:22.647 13125 13183 D Asia2Tv : Found 6 initial episodes.
10-17 20:28:22.650 13125 13183 D Asia2Tv : Found Serie ID: 49923, CSRF Token: true
10-17 20:28:22.650 13125 13183 D Asia2Tv : Fetching page 2...
10-17 20:28:22.666 13125 13176 D Asia2Tv : Found 8 initial episodes.
10-17 20:28:22.669 13125 13176 D Asia2Tv : Found Serie ID: 49909, CSRF Token: true
10-17 20:28:22.669 13125 13176 D Asia2Tv : Fetching page 2...
10-17 20:28:23.119 13125 13176 D Asia2Tv : Raw response for page 2: {
10-17 20:28:23.119 13125 13176 D Asia2Tv :     "message": "CSRF token mismatch."
10-17 20:28:23.119 13125 13176 D Asia2Tv : }
10-17 20:28:23.163 13125 13183 D Asia2Tv : Raw response for page 2: {
10-17 20:28:23.163 13125 13183 D Asia2Tv :     "message": "CSRF token mismatch."
10-17 20:28:23.163 13125 13183 D Asia2Tv : }
10-17 20:28:23.166 13125 13174 D Asia2Tv : Raw response for page 2: {
10-17 20:28:23.166 13125 13174 D Asia2Tv :     "message": "CSRF token mismatch."
10-17 20:28:23.166 13125 13174 D Asia2Tv : }
10-17 20:28:23.178 13125 13176 D Asia2Tv : Response status was false or response was invalid. Stopping loop.
10-17 20:28:23.178 13125 13176 D Asia2Tv : Load function finished. Total episodes found: 6
10-17 20:28:23.178 13125 13183 D Asia2Tv : Response status was false or response was invalid. Stopping loop.
10-17 20:28:23.178 13125 13174 D Asia2Tv : Response status was false or response was invalid. Stopping loop.
10-17 20:28:23.178 13125 13174 D Asia2Tv : Load function finished. Total episodes found: 8
10-17 20:28:23.178 13125 13183 D Asia2Tv : Load function finished. Total episodes found: 6
10-17 20:28:24.231 13125 13125 I ViewRootImpl@e892618[MainActivity]: ViewPostIme pointer 0
10-17 20:28:24.312 13125 13125 I ViewRootImpl@e892618[MainActivity]: ViewPostIme pointer 1
10-17 20:28:24.321 13125 13125 I NavComponent: Navigating to fragment: 2131362274
10-17 20:28:24.341 13125 13125 I IMM_LC  : hsifw() - flag : 0
10-17 20:28:24.341 13125 13125 I IMM_LC  : hsifw() - mService.hideSoftInput
10-17 20:28:24.421 13125 13125 D ScrollView: initGoToTop
10-17 20:28:24.733 13125 13125 I SurfaceView@9cae61f: onWindowVisibilityChanged(0) true android.view.SurfaceView{9cae61f V.E..V... ......I. 0,0-0,0} of ViewRootImpl@e892618[MainActivity]
10-17 20:28:24.733 13125 13125 D SurfaceView@9cae61f: updateSurface: has no frame
10-17 20:28:24.741 13125 13125 I CS3ExoPlayer: SET STYLE = SaveCaptionStyle(foregroundColor=-1, backgroundColor=0, windowColor=0, edgeType=1, edgeColor=-16777216, typeface=null, typefaceFilePath=null, elevation=20, fixedTextSize=null, edgeSize=null, removeCaptions=false, removeBloat=true, upperCase=false, bold=false, italic=false, backgroundRadius=null)
10-17 20:28:24.757 13125 13125 D VideoClickActionHolder: allVideoClickActions: [null:com.lagradost.cloudstream3.actions.temp.PlayInBrowserAction, null:com.lagradost.cloudstream3.actions.temp.CopyClipboardAction, null:com.lagradost.cloudstream3.actions.temp.ViewM3U8Action, null:com.lagradost.cloudstream3.actions.temp.VlcPackage, null:com.lagradost.cloudstream3.actions.temp.MpvPackage, null:com.lagradost.cloudstream3.actions.temp.NextPlayerPackage, null:com.lagradost.cloudstream3.actions.temp.JustPlayerPackage, null:com.lagradost.cloudstream3.actions.temp.fcast.FcastAction, null:com.lagradost.cloudstream3.actions.temp.LibreTorrentPackage, null:com.lagradost.cloudstream3.actions.temp.BiglyBTPackage, null:com.lagradost.cloudstream3.actions.temp.VlcNightlyPackage, null:com.lagradost.cloudstream3.actions.temp.WebVideoCastPackage, null:com.lagradost.cloudstream3.actions.temp.MpvYTDLPackage, null:com.lagradost.cloudstream3.actions.temp.MpvKtPackage, null:com.lagradost.cloudstream3.actions.temp.MpvKtPreviewPackage, null:com.lagradost.cloudstream3.actions.AlwaysAskAction]
10-17 20:28:24.758 13125 13125 I IMM_LC  : hsifw() - flag : 0
10-17 20:28:24.758 13125 13125 I IMM_LC  : hsifw() - mService.hideSoftInput
10-17 20:28:24.760 13125 13175 I SYNCVM  : addFromUrl = https://asia2tv.com/serie/loves-ambition-%d8%b7%d9%85%d9%88%d8%ad-%d8%a7%d9%84%d8%ad%d8%a8
10-17 20:28:24.761 13125 13175 I SYNCUTIL: getIdsFromUrl https://asia2tv.com/serie/loves-ambition-%d8%b7%d9%85%d9%88%d8%ad-%d8%a7%d9%84%d8%ad%d8%a8
10-17 20:28:24.762 13125 13181 D Asia2Tv : Load function started for url: https://asia2tv.com/serie/loves-ambition-%d8%b7%d9%85%d9%88%d8%ad-%d8%a7%d9%84%d8%ad%d8%a8
10-17 20:28:24.776 13125 13125 I SurfaceView@9cae61f: onWindowVisibilityChanged(8) false android.view.SurfaceView{9cae61f V.E..V... ......I. 0,0-0,0} of ViewRootImpl@e892618[MainActivity]
10-17 20:28:24.776 13125 13125 D SurfaceView@9cae61f: updateSurface: has no frame
10-17 20:28:24.776 13125 13125 D SurfaceView@9cae61f: updateSurface: has no frame
10-17 20:28:24.777 13125 13125 I SurfaceView@9cae61f: onDetachedFromWindow: tryReleaseSurfaces()
10-17 20:28:24.777 13125 13125 I SurfaceView@9cae61f: releaseSurfaces: viewRoot = ViewRootImpl@e892618[MainActivity]
10-17 20:28:24.777 13125 13125 I SurfaceView@9cae61f: applyTransactionOnVriDraw: vri = ViewRootImpl@e892618[MainActivity] fRS = true t = 0x7b1c548d00 android.view.SurfaceView.releaseSurfaces:858 android.view.SurfaceView.onDetachedFromWindow:500 android.view.View.dispatchDetachedFromWindow:22538 
10-17 20:28:24.777 13125 13125 I SurfaceView@9cae61f: applyTransactionOnVriDraw: viewRoot.applyTransactionOnDrawFromReleaseSurfaces
10-17 20:28:24.778 13125 13125 I ViewRootImpl@e892618[MainActivity]: applyTransactionOnDraw: mRemoved = false isHardwareEnabled = true t = 0x7b1c548d00android.view.ViewRootImpl.applyTransactionOnDrawFromReleaseSurfaces:12850 android.view.SurfaceView.applyTransactionOnVriDraw:2046 android.view.SurfaceView.releaseSurfaces:858 android.view.SurfaceView.onDetachedFromWindow:500 android.view.View.dispatchDetachedFromWindow:22538 
10-17 20:28:24.781 13125 13125 I SurfaceView@9cae61f: onWindowVisibilityChanged(0) true android.view.SurfaceView{9cae61f V.E..V... ......I. 0,0-0,0} of ViewRootImpl@e892618[MainActivity]
10-17 20:28:24.781 13125 13125 D SurfaceView@9cae61f: updateSurface: has no frame
10-17 20:28:24.791 13125 13125 I DecorView: notifyKeepScreenOnChanged: keepScreenOn=false
10-17 20:28:24.803 13125 13125 I CS3ExoPlayer: reloadPlayer
10-17 20:28:24.804 13125 13125 I CS3ExoPlayer: releasePlayer
10-17 20:28:24.804 13125 13125 I CS3ExoPlayer: Handle event: PlayerAttachedEvent(player=null, source=Player)
10-17 20:28:24.809 13125 13125 I ViewRootImpl@e892618[MainActivity]: performTraversals params={(0,0)(fillxfill) sim={state=always_hidden adjust=resize} ty=BASE_APPLICATION wanim=0x1030309
10-17 20:28:24.809 13125 13125 I ViewRootImpl@e892618[MainActivity]:   fl=85810100
10-17 20:28:24.809 13125 13125 I ViewRootImpl@e892618[MainActivity]:   pfl=12020040
10-17 20:28:24.809 13125 13125 I ViewRootImpl@e892618[MainActivity]:   vsysui=500
10-17 20:28:24.809 13125 13125 I ViewRootImpl@e892618[MainActivity]:   bhv=DEFAULT
10-17 20:28:24.809 13125 13125 I ViewRootImpl@e892618[MainActivity]:   fitSides= naviIconColor=0}
10-17 20:28:24.810 13125 13125 I ViewRootImpl@e892618[MainActivity]: performTraversals mFirst=false windowShouldResize=false viewVisibilityChanged=false mForceNextWindowRelayout=false params={(0,0)(fillxfill) sim={state=always_hidden adjust=resize} ty=BASE_APPLICATION fmt=TRANSLUCENT wanim=0x1030309
10-17 20:28:24.810 13125 13125 I ViewRootImpl@e892618[MainActivity]:   fl=85810100
10-17 20:28:24.810 13125 13125 I ViewRootImpl@e892618[MainActivity]:   pfl=12020040
10-17 20:28:24.810 13125 13125 I ViewRootImpl@e892618[MainActivity]:   vsysui=500
10-17 20:28:24.810 13125 13125 I ViewRootImpl@e892618[MainActivity]:   bhv=DEFAULT
10-17 20:28:24.810 13125 13125 I ViewRootImpl@e892618[MainActivity]:   fitSides= naviIconColor=0}
10-17 20:28:24.820 13125 13125 I ViewRootImpl@e892618[MainActivity]: updateBlastSurfaceIfNeeded mBlastBufferQueue=0x7b5a8dd800 isSameSurfaceControl=true
10-17 20:28:24.820 13125 13125 I BLASTBufferQueue: update, w= 1080 h= 2400 mName = ViewRootImpl@e892618[MainActivity] mNativeObject= 0x7b5a8dd800 sc.mNativeObject= 0x7ae8a13180 format= -3 caller= android.view.ViewRootImpl.updateBlastSurfaceIfNeeded:2898 android.view.ViewRootImpl.relayoutWindow:9847 android.view.ViewRootImpl.performTraversals:3884 android.view.ViewRootImpl.doTraversal:3116 android.view.ViewRootImpl$TraversalRunnable.run:10885 android.view.Choreographer$CallbackRecord.run:1301 
10-17 20:28:24.820 13125 13125 I ViewRootImpl@e892618[MainActivity]: Relayout returned: old=(0,0,1080,2400) new=(0,0,1080,2400) req=(1080,2400)0 dur=10 res=0x0 s={true 0x7b5a8f0800} ch=false seqId=0
10-17 20:28:24.822 13125 13125 W View    : requestLayout() improperly called by android.widget.FrameLayout{ae93aee I.E..V... ......I. 0,0-0,0 #7f0a04e7 app:id/start_panel} during layout: running second layout pass
10-17 20:28:24.822 13125 13125 W View    : requestLayout() improperly called by android.widget.FrameLayout{756cb8f I.E..V... ......ID 1080,0-1080,2143 #7f0a0168 app:id/end_panel} during layout: running second layout pass
10-17 20:28:24.823 13125 13125 D SurfaceView@9cae61f: updateSurface: has no frame
10-17 20:28:24.828 13125 13199 I ViewRootImpl@e892618[MainActivity]: mWNT: t=0x7b1c548d00 mBlastBufferQueue=0x7b5a8dd800 fn= 535 caller= android.view.ViewRootImpl.lambda$applyTransactionOnDraw$11$android-view-ViewRootImpl:12865 android.view.ViewRootImpl$$ExternalSyntheticLambda1.onFrameDraw:4 android.graphics.HardwareRenderer$FrameDrawingCallback.onFrameDraw:924 
10-17 20:28:24.830 13125 13125 D SurfaceView@9cae61f: updateSurface: has no frame
10-17 20:28:24.848 13125 13125 D SurfaceView@9cae61f: updateSurface: has no frame
10-17 20:28:24.864 13125 13125 D SurfaceView@9cae61f: updateSurface: has no frame
10-17 20:28:24.898 13125 13125 D SurfaceView@9cae61f: updateSurface: has no frame
10-17 20:28:24.915 13125 13125 D SurfaceView@9cae61f: updateSurface: has no frame
10-17 20:28:24.932 13125 13125 D SurfaceView@9cae61f: updateSurface: has no frame
10-17 20:28:24.949 13125 13125 D SurfaceView@9cae61f: updateSurface: has no frame
10-17 20:28:24.965 13125 13125 D SurfaceView@9cae61f: updateSurface: has no frame
10-17 20:28:24.988 13125 13125 D SurfaceView@9cae61f: updateSurface: has no frame
10-17 20:28:24.999 13125 13125 D SurfaceView@9cae61f: updateSurface: has no frame
10-17 20:28:25.015 13125 13125 D SurfaceView@9cae61f: updateSurface: has no frame
10-17 20:28:25.032 13125 13125 D SurfaceView@9cae61f: updateSurface: has no frame
10-17 20:28:25.049 13125 13125 D SurfaceView@9cae61f: updateSurface: has no frame
10-17 20:28:25.065 13125 13125 D SurfaceView@9cae61f: updateSurface: has no frame
10-17 20:28:25.082 13125 13125 D SurfaceView@9cae61f: updateSurface: has no frame
10-17 20:28:25.099 13125 13125 D SurfaceView@9cae61f: updateSurface: has no frame
10-17 20:28:25.115 13125 13125 D SurfaceView@9cae61f: updateSurface: has no frame
10-17 20:28:25.132 13125 13125 D SurfaceView@9cae61f: updateSurface: has no frame
10-17 20:28:25.149 13125 13125 D SurfaceView@9cae61f: updateSurface: has no frame
10-17 20:28:25.165 13125 13125 D SurfaceView@9cae61f: updateSurface: has no frame
10-17 20:28:25.182 13125 13125 D SurfaceView@9cae61f: updateSurface: has no frame
10-17 20:28:25.199 13125 13125 D SurfaceView@9cae61f: updateSurface: has no frame
10-17 20:28:25.215 13125 13125 D SurfaceView@9cae61f: updateSurface: has no frame
10-17 20:28:25.232 13125 13125 D SurfaceView@9cae61f: updateSurface: has no frame
10-17 20:28:25.249 13125 13125 D SurfaceView@9cae61f: updateSurface: has no frame
10-17 20:28:25.265 13125 13125 D SurfaceView@9cae61f: updateSurface: has no frame
10-17 20:28:25.282 13125 13125 D SurfaceView@9cae61f: updateSurface: has no frame
10-17 20:28:25.299 13125 13125 D SurfaceView@9cae61f: updateSurface: has no frame
10-17 20:28:25.315 13125 13125 D SurfaceView@9cae61f: updateSurface: has no frame
10-17 20:28:25.332 13125 13125 D SurfaceView@9cae61f: updateSurface: has no frame
10-17 20:28:25.349 13125 13125 D SurfaceView@9cae61f: updateSurface: has no frame
10-17 20:28:25.366 13125 13125 D SurfaceView@9cae61f: updateSurface: has no frame
10-17 20:28:25.382 13125 13125 D SurfaceView@9cae61f: updateSurface: has no frame
10-17 20:28:25.399 13125 13125 D SurfaceView@9cae61f: updateSurface: has no frame
10-17 20:28:25.416 13125 13125 D SurfaceView@9cae61f: updateSurface: has no frame
10-17 20:28:25.432 13125 13125 D SurfaceView@9cae61f: updateSurface: has no frame
10-17 20:28:25.449 13125 13125 D SurfaceView@9cae61f: updateSurface: has no frame
10-17 20:28:25.465 13125 13125 D SurfaceView@9cae61f: updateSurface: has no frame
10-17 20:28:25.483 13125 13125 D SurfaceView@9cae61f: updateSurface: has no frame
10-17 20:28:25.499 13125 13125 D SurfaceView@9cae61f: updateSurface: has no frame
10-17 20:28:25.516 13125 13125 D SurfaceView@9cae61f: updateSurface: has no frame
10-17 20:28:25.533 13125 13125 D SurfaceView@9cae61f: updateSurface: has no frame
10-17 20:28:25.549 13125 13125 D SurfaceView@9cae61f: updateSurface: has no frame
10-17 20:28:25.566 13125 13125 D SurfaceView@9cae61f: updateSurface: has no frame
10-17 20:28:25.582 13125 13125 D SurfaceView@9cae61f: updateSurface: has no frame
10-17 20:28:25.599 13125 13125 D SurfaceView@9cae61f: updateSurface: has no frame
10-17 20:28:25.616 13125 13125 D SurfaceView@9cae61f: updateSurface: has no frame
10-17 20:28:25.632 13125 13125 D SurfaceView@9cae61f: updateSurface: has no frame
10-17 20:28:25.649 13125 13125 D SurfaceView@9cae61f: updateSurface: has no frame
10-17 20:28:25.665 13125 13125 D SurfaceView@9cae61f: updateSurface: has no frame
10-17 20:28:25.682 13125 13125 D SurfaceView@9cae61f: updateSurface: has no frame
10-17 20:28:25.699 13125 13125 D SurfaceView@9cae61f: updateSurface: has no frame
10-17 20:28:25.715 13125 13125 D SurfaceView@9cae61f: updateSurface: has no frame
10-17 20:28:25.721 13125 13181 D Asia2Tv : Found 16 initial episodes.
10-17 20:28:25.725 13125 13181 D Asia2Tv : Found Serie ID: 49962, CSRF Token: true
10-17 20:28:25.725 13125 13181 D Asia2Tv : Fetching page 2...
10-17 20:28:25.732 13125 13125 D SurfaceView@9cae61f: updateSurface: has no frame
10-17 20:28:25.748 13125 13125 D SurfaceView@9cae61f: updateSurface: has no frame
10-17 20:28:25.765 13125 13125 D SurfaceView@9cae61f: updateSurface: has no frame
10-17 20:28:25.782 13125 13125 D SurfaceView@9cae61f: updateSurface: has no frame
10-17 20:28:25.799 13125 13125 D SurfaceView@9cae61f: updateSurface: has no frame
10-17 20:28:25.815 13125 13125 D SurfaceView@9cae61f: updateSurface: has no frame
10-17 20:28:25.832 13125 13125 D SurfaceView@9cae61f: updateSurface: has no frame
10-17 20:28:25.848 13125 13125 D SurfaceView@9cae61f: updateSurface: has no frame
10-17 20:28:25.865 13125 13125 D SurfaceView@9cae61f: updateSurface: has no frame
10-17 20:28:25.882 13125 13125 D SurfaceView@9cae61f: updateSurface: has no frame
10-17 20:28:25.898 13125 13125 D SurfaceView@9cae61f: updateSurface: has no frame
10-17 20:28:25.915 13125 13125 D SurfaceView@9cae61f: updateSurface: has no frame
10-17 20:28:25.932 13125 13125 D SurfaceView@9cae61f: updateSurface: has no frame
10-17 20:28:25.948 13125 13125 D SurfaceView@9cae61f: updateSurface: has no frame
10-17 20:28:25.965 13125 13125 D SurfaceView@9cae61f: updateSurface: has no frame
10-17 20:28:25.982 13125 13125 D SurfaceView@9cae61f: updateSurface: has no frame
10-17 20:28:25.998 13125 13125 D SurfaceView@9cae61f: updateSurface: has no frame
10-17 20:28:26.015 13125 13125 D SurfaceView@9cae61f: updateSurface: has no frame
10-17 20:28:26.032 13125 13125 D SurfaceView@9cae61f: updateSurface: has no frame
10-17 20:28:26.048 13125 13125 D SurfaceView@9cae61f: updateSurface: has no frame
10-17 20:28:26.065 13125 13125 D SurfaceView@9cae61f: updateSurface: has no frame
10-17 20:28:26.081 13125 13125 D SurfaceView@9cae61f: updateSurface: has no frame
10-17 20:28:26.098 13125 13125 D SurfaceView@9cae61f: updateSurface: has no frame
10-17 20:28:26.115 13125 13125 D SurfaceView@9cae61f: updateSurface: has no frame
10-17 20:28:26.131 13125 13125 D SurfaceView@9cae61f: updateSurface: has no frame
10-17 20:28:26.148 13125 13125 D SurfaceView@9cae61f: updateSurface: has no frame
10-17 20:28:26.165 13125 13125 D SurfaceView@9cae61f: updateSurface: has no frame
10-17 20:28:26.181 13125 13125 D SurfaceView@9cae61f: updateSurface: has no frame
10-17 20:28:26.195 13125 13181 D Asia2Tv : Raw response for page 2: {
10-17 20:28:26.195 13125 13181 D Asia2Tv :     "message": "CSRF token mismatch."
10-17 20:28:26.195 13125 13181 D Asia2Tv : }
10-17 20:28:26.196 13125 13181 D Asia2Tv : Response status was false or response was invalid. Stopping loop.
10-17 20:28:26.196 13125 13181 D Asia2Tv : Load function finished. Total episodes found: 16
10-17 20:28:26.197 13125 13181 I RVM2    : applyMeta
10-17 20:28:26.198 13125 13125 D SurfaceView@9cae61f: updateSurface: has no frame
10-17 20:28:26.215 13125 13125 D SurfaceView@9cae61f: updateSurface: has no frame
10-17 20:28:26.231 13125 13125 D SurfaceView@9cae61f: updateSurface: has no frame
10-17 20:28:26.248 13125 13125 D SurfaceView@9cae61f: updateSurface: has no frame
10-17 20:28:26.265 13125 13125 D SurfaceView@9cae61f: updateSurface: has no frame
10-17 20:28:26.281 13125 13125 D SurfaceView@9cae61f: updateSurface: has no frame
10-17 20:28:26.298 13125 13125 D SurfaceView@9cae61f: updateSurface: has no frame
10-17 20:28:26.314 13125 13125 D SurfaceView@9cae61f: updateSurface: has no frame
10-17 20:28:26.332 13125 13125 D SurfaceView@9cae61f: updateSurface: has no frame
10-17 20:28:26.348 13125 13125 D SurfaceView@9cae61f: updateSurface: has no frame
10-17 20:28:26.365 13125 13125 D SurfaceView@9cae61f: updateSurface: has no frame
10-17 20:28:26.381 13125 13125 D SurfaceView@9cae61f: updateSurface: has no frame
10-17 20:28:26.398 13125 13125 D SurfaceView@9cae61f: updateSurface: has no frame
10-17 20:28:26.415 13125 13125 D SurfaceView@9cae61f: updateSurface: has no frame
10-17 20:28:26.432 13125 13125 D SurfaceView@9cae61f: updateSurface: has no frame
10-17 20:28:26.463 13125 13125 D SurfaceView@9cae61f: updateSurface: has no frame
10-17 20:28:26.495 13125 13125 D SurfaceView@9cae61f: updateSurface: has no frame
10-17 20:28:26.503 13125 13135 I st.cloudstream3: Background concurrent copying GC freed 11MB AllocSpace bytes, 85(7664KB) LOS objects, 48% free, 25MB/49MB, paused 175us,305us total 188.268ms
10-17 20:28:26.504 13125 13125 D SurfaceView@9cae61f: updateSurface: has no frame
10-17 20:28:26.515 13125 13125 D SurfaceView@9cae61f: updateSurface: has no frame
10-17 20:28:26.531 13125 13125 D SurfaceView@9cae61f: updateSurface: has no frame
10-17 20:28:26.543 13125 13125 W PanelsChildGestureRegionObserver: failed to register view with ID 2131362800. already registered
10-17 20:28:26.546 13125 13125 E CoilImgLoader: Error loading image: coil3.request.NullRequestDataException: The request's data is null.
10-17 20:28:26.550 13125 13125 E CoilImgLoader: Error loading image: coil3.request.NullRequestDataException: The request's data is null.
10-17 20:28:26.592 13125 13175 I SYNCVM  : addFromUrl = https://asia2tv.com/serie/loves-ambition-%d8%b7%d9%85%d9%88%d8%ad-%d8%a7%d9%84%d8%ad%d8%a8
10-17 20:28:26.592 13125 13175 I SYNCUTIL: getIdsFromUrl https://asia2tv.com/serie/loves-ambition-%d8%b7%d9%85%d9%88%d8%ad-%d8%a7%d9%84%d8%ad%d8%a8
10-17 20:28:26.785 13125 13125 D SurfaceView@9cae61f: updateSurface: has no frame
10-17 20:28:26.789 13125 13125 I SurfaceView@9cae61f: Changes: creating=true format=true size=true visible=true alpha=false hint=false mUseAlpha=false visible=true left=true top=true
10-17 20:28:26.792 13125 13125 I BLASTBufferQueue: update, w= 1080 h= 525 mName = null mNativeObject= 0x7ca9456a00 sc.mNativeObject= 0x7b186850c0 format= 4 caller= android.view.SurfaceView.createBlastSurfaceControls:1383 android.view.SurfaceView.updateSurface:1079 android.view.SurfaceView.lambda$new$0$android-view-SurfaceView:200 android.view.SurfaceView$$ExternalSyntheticLambda5.onPreDraw:2 android.view.ViewTreeObserver.dispatchOnPreDraw:1121 android.view.ViewRootImpl.performTraversals:4442 
10-17 20:28:26.792 13125 13125 I SurfaceView@9cae61f: 164292127 Cur surface: Surface(name=null)/@0x1923549
10-17 20:28:26.792 13125 13125 I SurfaceView@9cae61f: pST: sr = Rect(0, 218 - 1080, 743) sw = 1080 sh = 525
10-17 20:28:26.793 13125 13125 D SurfaceView@9cae61f: performSurfaceTransaction RenderWorker position = [0, 218, 1080, 743] surfaceSize = 1080x525
10-17 20:28:26.793 13125 13125 I SurfaceView@9cae61f: applyTransactionOnVriDraw: vri = ViewRootImpl@e892618[MainActivity] fRS = false t = 0x7b46ec2c00 android.view.SurfaceView.performSurfaceTransaction:959 android.view.SurfaceView.updateSurface:1105 android.view.SurfaceView.lambda$new$0$android-view-SurfaceView:200 
10-17 20:28:26.793 13125 13125 I ViewRootImpl@e892618[MainActivity]: applyTransactionOnDraw: mRemoved = false isHardwareEnabled = true t = 0x7b46ec2c00android.view.SurfaceView.applyTransactionOnVriDraw:2048 android.view.SurfaceView.performSurfaceTransaction:959 android.view.SurfaceView.updateSurface:1105 android.view.SurfaceView.lambda$new$0$android-view-SurfaceView:200 android.view.SurfaceView$$ExternalSyntheticLambda5.onPreDraw:2 
10-17 20:28:26.793 13125 13125 I SurfaceView@9cae61f: updateSurface: mVisible = true mSurface.isValid() = true
10-17 20:28:26.793 13125 13125 I SurfaceView@9cae61f: updateSurface: mSurfaceCreated = false surfaceChanged = true visibleChanged = true
10-17 20:28:26.793 13125 13125 I SurfaceView@9cae61f: visibleChanged -- surfaceCreated
10-17 20:28:26.793 13125 13125 I SurfaceView@9cae61f: surfaceCreated 0 #8 android.view.SurfaceView{9cae61f V.E..V... ......ID 0,0-1080,525}
10-17 20:28:26.793 13125 13125 I SurfaceView@9cae61f: surfaceChanged -- format=4 w=1080 h=525
10-17 20:28:26.793 13125 13125 I SurfaceView@9cae61f: surfaceChanged (1080,525) 0 #8 android.view.SurfaceView{9cae61f V.E..V... ......ID 0,0-1080,525}
10-17 20:28:26.793 13125 13125 I SurfaceView@9cae61f: surfaceRedrawNeeded
10-17 20:28:26.794 13125 13125 V SurfaceView@9cae61f: Layout: x=0 y=218 w=1080 h=525, frame=Rect(0, 0 - 1080, 525)
10-17 20:28:26.807 13125 13200 D SurfaceView@9cae61f: updateSurfacePosition RenderWorker, frameNr = 637, position = [0, 218, 1080, 743] surfaceSize = 1080x525
10-17 20:28:26.808 13125 13200 I SurfaceView@9cae61f: uSP: rtp = Rect(0, 218 - 1080, 743) rtsw = 1080 rtsh = 525
10-17 20:28:26.808 13125 13200 I SurfaceView@9cae61f: onSSPAndSRT: pl = 0 pt = 218 sx = 1.0 sy = 1.0
10-17 20:28:26.808 13125 13200 I SurfaceView@9cae61f: aOrMT: ViewRootImpl@e892618[MainActivity] t = android.view.SurfaceControl$Transaction@266d15a fN = 637 android.view.SurfaceView.-$$Nest$mapplyOrMergeTransaction:0 android.view.SurfaceView$SurfaceViewPositionUpdateListener.positionChanged:1537 android.graphics.RenderNode$CompositePositionUpdateListener.positionChanged:373 
10-17 20:28:26.809 13125 13200 I ViewRootImpl@e892618[MainActivity]: mWNT: t=0x7b46ec2d00 mBlastBufferQueue=0x7b5a8dd800 fn= 637 caller= android.view.SurfaceView.applyOrMergeTransaction:1455 android.view.SurfaceView.-$$Nest$mapplyOrMergeTransaction:0 android.view.SurfaceView$SurfaceViewPositionUpdateListener.positionChanged:1537 
10-17 20:28:26.809 13125 13199 I ViewRootImpl@e892618[MainActivity]: mWNT: t=0x7b46ec2c00 mBlastBufferQueue=0x7b5a8dd800 fn= 637 caller= android.view.ViewRootImpl.lambda$applyTransactionOnDraw$11$android-view-ViewRootImpl:12865 android.view.ViewRootImpl$$ExternalSyntheticLambda1.onFrameDraw:4 android.graphics.HardwareRenderer$FrameDrawingCallback.onFrameDraw:924 
10-17 20:28:26.866 13125 13125 I SurfaceView@9cae61f: finishedDrawing
10-17 20:28:28.006 13125 13125 I ViewRootImpl@e892618[MainActivity]: ViewPostIme pointer 0
10-17 20:28:28.059 13125 13125 I SurfaceView@9cae61f: Changes: creating=false format=false size=false visible=false alpha=false hint=false mUseAlpha=false visible=false left=false top=true
10-17 20:28:28.059 13125 13125 I SurfaceView@9cae61f: 164292127 Cur surface: Surface(name=null)/@0x1923549
10-17 20:28:28.061 13125 13125 I SurfaceView@9cae61f: applyTransactionOnVriDraw: vri = ViewRootImpl@e892618[MainActivity] fRS = false t = 0x7b1c1f7000 android.view.SurfaceView.performSurfaceTransaction:959 android.view.SurfaceView.updateSurface:1105 android.view.SurfaceView.lambda$new$0$android-view-SurfaceView:200 
10-17 20:28:28.061 13125 13125 I ViewRootImpl@e892618[MainActivity]: applyTransactionOnDraw: mRemoved = false isHardwareEnabled = true t = 0x7b1c1f7000android.view.SurfaceView.applyTransactionOnVriDraw:2048 android.view.SurfaceView.performSurfaceTransaction:959 android.view.SurfaceView.updateSurface:1105 android.view.SurfaceView.lambda$new$0$android-view-SurfaceView:200 android.view.SurfaceView$$ExternalSyntheticLambda5.onPreDraw:2 
10-17 20:28:28.062 13125 13125 I SurfaceView@9cae61f: updateSurface: mVisible = true mSurface.isValid() = true
10-17 20:28:28.062 13125 13125 I SurfaceView@9cae61f: updateSurface: mSurfaceCreated = true surfaceChanged = false visibleChanged = false
10-17 20:28:28.062 13125 13125 V SurfaceView@9cae61f: Layout: x=0 y=192 w=1080 h=525, frame=Rect(0, 0 - 1080, 525)
10-17 20:28:28.065 13125 13200 D SurfaceView@9cae61f: updateSurfacePosition RenderWorker, frameNr = 670, position = [0, 192, 1080, 717] surfaceSize = 1080x525
10-17 20:28:28.065 13125 13200 I SurfaceView@9cae61f: uSP: rtp = Rect(0, 192 - 1080, 717) rtsw = 1080 rtsh = 525
10-17 20:28:28.066 13125 13200 I SurfaceView@9cae61f: onSSPAndSRT: pl = 0 pt = 192 sx = 1.0 sy = 1.0
10-17 20:28:28.066 13125 13200 I SurfaceView@9cae61f: aOrMT: ViewRootImpl@e892618[MainActivity] t = android.view.SurfaceControl$Transaction@266d15a fN = 670 android.view.SurfaceView.-$$Nest$mapplyOrMergeTransaction:0 android.view.SurfaceView$SurfaceViewPositionUpdateListener.positionChanged:1537 android.graphics.RenderNode$CompositePositionUpdateListener.positionChanged:373 
10-17 20:28:28.066 13125 13200 I ViewRootImpl@e892618[MainActivity]: mWNT: t=0x7b46ec2d00 mBlastBufferQueue=0x7b5a8dd800 fn= 670 caller= android.view.SurfaceView.applyOrMergeTransaction:1455 android.view.SurfaceView.-$$Nest$mapplyOrMergeTransaction:0 android.view.SurfaceView$SurfaceViewPositionUpdateListener.positionChanged:1537 
10-17 20:28:28.067 13125 13200 I ViewRootImpl@e892618[MainActivity]: mWNT: t=0x7b1c1f7000 mBlastBufferQueue=0x7b5a8dd800 fn= 670 caller= android.view.ViewRootImpl.lambda$applyTransactionOnDraw$11$android-view-ViewRootImpl:12865 android.view.ViewRootImpl$$ExternalSyntheticLambda1.onFrameDraw:4 android.graphics.HardwareRenderer$FrameDrawingCallback.onFrameDraw:924 
10-17 20:28:28.072 13125 13125 I SurfaceView@9cae61f: Changes: creating=false format=false size=false visible=false alpha=false hint=false mUseAlpha=false visible=false left=false top=true
10-17 20:28:28.072 13125 13125 I SurfaceView@9cae61f: 164292127 Cur surface: Surface(name=null)/@0x1923549
10-17 20:28:28.073 13125 13125 I SurfaceView@9cae61f: applyTransactionOnVriDraw: vri = ViewRootImpl@e892618[MainActivity] fRS = false t = 0x7b5aa31700 android.view.SurfaceView.performSurfaceTransaction:959 android.view.SurfaceView.updateSurface:1105 android.view.SurfaceView.lambda$new$0$android-view-SurfaceView:200 
10-17 20:28:28.074 13125 13125 I ViewRootImpl@e892618[MainActivity]: applyTransactionOnDraw: mRemoved = false isHardwareEnabled = true t = 0x7b5aa31700android.view.SurfaceView.applyTransactionOnVriDraw:2048 android.view.SurfaceView.performSurfaceTransaction:959 android.view.SurfaceView.updateSurface:1105 android.view.SurfaceView.lambda$new$0$android-view-SurfaceView:200 android.view.SurfaceView$$ExternalSyntheticLambda5.onPreDraw:2 
10-17 20:28:28.074 13125 13125 I SurfaceView@9cae61f: updateSurface: mVisible = true mSurface.isValid() = true
10-17 20:28:28.074 13125 13125 I SurfaceView@9cae61f: updateSurface: mSurfaceCreated = true surfaceChanged = false visibleChanged = false
10-17 20:28:28.074 13125 13125 V SurfaceView@9cae61f: Layout: x=0 y=126 w=1080 h=525, frame=Rect(0, 0 - 1080, 525)
10-17 20:28:28.086 13125 13199 D SurfaceView@9cae61f: updateSurfacePosition RenderWorker, frameNr = 671, position = [0, 126, 1080, 651] surfaceSize = 1080x525
10-17 20:28:28.086 13125 13199 I SurfaceView@9cae61f: uSP: rtp = Rect(0, 126 - 1080, 651) rtsw = 1080 rtsh = 525
10-17 20:28:28.086 13125 13199 I SurfaceView@9cae61f: onSSPAndSRT: pl = 0 pt = 126 sx = 1.0 sy = 1.0
10-17 20:28:28.087 13125 13199 I SurfaceView@9cae61f: aOrMT: ViewRootImpl@e892618[MainActivity] t = android.view.SurfaceControl$Transaction@266d15a fN = 671 android.view.SurfaceView.-$$Nest$mapplyOrMergeTransaction:0 android.view.SurfaceView$SurfaceViewPositionUpdateListener.positionChanged:1537 android.graphics.RenderNode$CompositePositionUpdateListener.positionChanged:373 
10-17 20:28:28.087 13125 13199 I ViewRootImpl@e892618[MainActivity]: mWNT: t=0x7b46ec2d00 mBlastBufferQueue=0x7b5a8dd800 fn= 671 caller= android.view.SurfaceView.applyOrMergeTransaction:1455 android.view.SurfaceView.-$$Nest$mapplyOrMergeTransaction:0 android.view.SurfaceView$SurfaceViewPositionUpdateListener.positionChanged:1537 
10-17 20:28:28.087 13125 13199 I ViewRootImpl@e892618[MainActivity]: mWNT: t=0x7b5aa31700 mBlastBufferQueue=0x7b5a8dd800 fn= 671 caller= android.view.ViewRootImpl.lambda$applyTransactionOnDraw$11$android-view-ViewRootImpl:12865 android.view.ViewRootImpl$$ExternalSyntheticLambda1.onFrameDraw:4 android.graphics.HardwareRenderer$FrameDrawingCallback.onFrameDraw:924 
10-17 20:28:28.088 13125 13125 I ViewRootImpl@e892618[MainActivity]: ViewPostIme pointer 1
10-17 20:28:28.092 13125 13125 I SurfaceView@9cae61f: Changes: creating=false format=false size=false visible=false alpha=false hint=false mUseAlpha=false visible=false left=false top=true
10-17 20:28:28.092 13125 13125 I SurfaceView@9cae61f: 164292127 Cur surface: Surface(name=null)/@0x1923549
10-17 20:28:28.093 13125 13125 I SurfaceView@9cae61f: applyTransactionOnVriDraw: vri = ViewRootImpl@e892618[MainActivity] fRS = false t = 0x7b1c1f7100 android.view.SurfaceView.performSurfaceTransaction:959 android.view.SurfaceView.updateSurface:1105 android.view.SurfaceView.lambda$new$0$android-view-SurfaceView:200 
10-17 20:28:28.093 13125 13125 I ViewRootImpl@e892618[MainActivity]: applyTransactionOnDraw: mRemoved = false isHardwareEnabled = true t = 0x7b1c1f7100android.view.SurfaceView.applyTransactionOnVriDraw:2048 android.view.SurfaceView.performSurfaceTransaction:959 android.view.SurfaceView.updateSurface:1105 android.view.SurfaceView.lambda$new$0$android-view-SurfaceView:200 android.view.SurfaceView$$ExternalSyntheticLambda5.onPreDraw:2 
10-17 20:28:28.093 13125 13125 I SurfaceView@9cae61f: updateSurface: mVisible = true mSurface.isValid() = true
10-17 20:28:28.093 13125 13125 I SurfaceView@9cae61f: updateSurface: mSurfaceCreated = true surfaceChanged = false visibleChanged = false
10-17 20:28:28.093 13125 13125 V SurfaceView@9cae61f: Layout: x=0 y=108 w=1080 h=525, frame=Rect(0, 0 - 1080, 525)
10-17 20:28:28.104 13125 13200 D SurfaceView@9cae61f: updateSurfacePosition RenderWorker, frameNr = 672, position = [0, 108, 1080, 633] surfaceSize = 1080x525
10-17 20:28:28.104 13125 13200 I SurfaceView@9cae61f: uSP: rtp = Rect(0, 108 - 1080, 633) rtsw = 1080 rtsh = 525
10-17 20:28:28.104 13125 13200 I SurfaceView@9cae61f: onSSPAndSRT: pl = 0 pt = 108 sx = 1.0 sy = 1.0
10-17 20:28:28.104 13125 13200 I SurfaceView@9cae61f: aOrMT: ViewRootImpl@e892618[MainActivity] t = android.view.SurfaceControl$Transaction@266d15a fN = 672 android.view.SurfaceView.-$$Nest$mapplyOrMergeTransaction:0 android.view.SurfaceView$SurfaceViewPositionUpdateListener.positionChanged:1537 android.graphics.RenderNode$CompositePositionUpdateListener.positionChanged:373 
10-17 20:28:28.104 13125 13200 I ViewRootImpl@e892618[MainActivity]: mWNT: t=0x7b46ec2d00 mBlastBufferQueue=0x7b5a8dd800 fn= 672 caller= android.view.SurfaceView.applyOrMergeTransaction:1455 android.view.SurfaceView.-$$Nest$mapplyOrMergeTransaction:0 android.view.SurfaceView$SurfaceViewPositionUpdateListener.positionChanged:1537 
10-17 20:28:28.105 13125 13200 I ViewRootImpl@e892618[MainActivity]: mWNT: t=0x7b1c1f7100 mBlastBufferQueue=0x7b5a8dd800 fn= 672 caller= android.view.ViewRootImpl.lambda$applyTransactionOnDraw$11$android-view-ViewRootImpl:12865 android.view.ViewRootImpl$$ExternalSyntheticLambda1.onFrameDraw:4 android.graphics.HardwareRenderer$FrameDrawingCallback.onFrameDraw:924 
10-17 20:28:28.112 13125 13199 D SurfaceView@9cae61f: updateSurfacePosition RenderWorker, frameNr = 673, position = [0, 93, 1080, 618] surfaceSize = 1080x525
10-17 20:28:28.112 13125 13199 I SurfaceView@9cae61f: uSP: rtp = Rect(0, 93 - 1080, 618) rtsw = 1080 rtsh = 525
10-17 20:28:28.113 13125 13199 I SurfaceView@9cae61f: onSSPAndSRT: pl = 0 pt = 93 sx = 1.0 sy = 1.0
10-17 20:28:28.113 13125 13199 I SurfaceView@9cae61f: aOrMT: ViewRootImpl@e892618[MainActivity] t = android.view.SurfaceControl$Transaction@266d15a fN = 673 android.view.SurfaceView.-$$Nest$mapplyOrMergeTransaction:0 android.view.SurfaceView$SurfaceViewPositionUpdateListener.positionChanged:1537 android.graphics.RenderNode$CompositePositionUpdateListener.positionChanged:373 
10-17 20:28:28.113 13125 13199 I ViewRootImpl@e892618[MainActivity]: mWNT: t=0x7b46ec2d00 mBlastBufferQueue=0x7b5a8dd800 fn= 673 caller= android.view.SurfaceView.applyOrMergeTransaction:1455 android.view.SurfaceView.-$$Nest$mapplyOrMergeTransaction:0 android.view.SurfaceView$SurfaceViewPositionUpdateListener.positionChanged:1537 
10-17 20:28:28.115 13125 13125 I SurfaceView@9cae61f: Changes: creating=false format=false size=false visible=false alpha=false hint=false mUseAlpha=false visible=false left=false top=true
10-17 20:28:28.115 13125 13125 I SurfaceView@9cae61f: 164292127 Cur surface: Surface(name=null)/@0x1923549
10-17 20:28:28.116 13125 13125 I SurfaceView@9cae61f: applyTransactionOnVriDraw: vri = ViewRootImpl@e892618[MainActivity] fRS = false t = 0x7b1c1f7200 android.view.SurfaceView.performSurfaceTransaction:959 android.view.SurfaceView.updateSurface:1105 android.view.SurfaceView.lambda$new$0$android-view-SurfaceView:200 
10-17 20:28:28.116 13125 13125 I ViewRootImpl@e892618[MainActivity]: applyTransactionOnDraw: mRemoved = false isHardwareEnabled = true t = 0x7b1c1f7200android.view.SurfaceView.applyTransactionOnVriDraw:2048 android.view.SurfaceView.performSurfaceTransaction:959 android.view.SurfaceView.updateSurface:1105 android.view.SurfaceView.lambda$new$0$android-view-SurfaceView:200 android.view.SurfaceView$$ExternalSyntheticLambda5.onPreDraw:2 
