10-17 20:56:48.488 17496 17496 I SurfaceView@2d8fd01: Changes: creating=false format=false size=false visible=false alpha=false hint=false mUseAlpha=false visible=false left=false top=true
10-17 20:56:48.488 17496 17496 I SurfaceView@2d8fd01: 47774977 Cur surface: Surface(name=null)/@0xcf9b910
10-17 20:56:48.488 17496 17496 I SurfaceView@2d8fd01: applyTransactionOnVriDraw: vri = ViewRootImpl@61e4548[MainActivity] fRS = false t = 0x7b42c18a00 android.view.SurfaceView.performSurfaceTransaction:959 android.view.SurfaceView.updateSurface:1105 android.view.SurfaceView.lambda$new$0$android-view-SurfaceView:200 
10-17 20:56:48.489 17496 17496 I ViewRootImpl@61e4548[MainActivity]: applyTransactionOnDraw: mRemoved = false isHardwareEnabled = true t = 0x7b42c18a00android.view.SurfaceView.applyTransactionOnVriDraw:2048 android.view.SurfaceView.performSurfaceTransaction:959 android.view.SurfaceView.updateSurface:1105 android.view.SurfaceView.lambda$new$0$android-view-SurfaceView:200 android.view.SurfaceView$$ExternalSyntheticLambda5.onPreDraw:2 
10-17 20:56:48.489 17496 17496 I SurfaceView@2d8fd01: updateSurface: mVisible = true mSurface.isValid() = true
10-17 20:56:48.489 17496 17496 I SurfaceView@2d8fd01: updateSurface: mSurfaceCreated = true surfaceChanged = false visibleChanged = false
10-17 20:56:48.489 17496 17496 V SurfaceView@2d8fd01: Layout: x=0 y=-224 w=1080 h=525, frame=Rect(0, 0 - 1080, 525)
10-17 20:56:48.499 17496 17586 D SurfaceView@2d8fd01: updateSurfacePosition RenderWorker, frameNr = 654, position = [0, -224, 1080, 301] surfaceSize = 1080x525
10-17 20:56:48.499 17496 17586 I SurfaceView@2d8fd01: uSP: rtp = Rect(0, -224 - 1080, 301) rtsw = 1080 rtsh = 525
10-17 20:56:48.499 17496 17586 I SurfaceView@2d8fd01: onSSPAndSRT: pl = 0 pt = -224 sx = 1.0 sy = 1.0
10-17 20:56:48.499 17496 17586 I SurfaceView@2d8fd01: aOrMT: ViewRootImpl@61e4548[MainActivity] t = android.view.SurfaceControl$Transaction@4482fc5 fN = 654 android.view.SurfaceView.-$$Nest$mapplyOrMergeTransaction:0 android.view.SurfaceView$SurfaceViewPositionUpdateListener.positionChanged:1537 android.graphics.RenderNode$CompositePositionUpdateListener.positionChanged:373 
10-17 20:56:48.499 17496 17586 I ViewRootImpl@61e4548[MainActivity]: mWNT: t=0x7b42c18000 mBlastBufferQueue=0x7b5a926800 fn= 654 caller= android.view.SurfaceView.applyOrMergeTransaction:1455 android.view.SurfaceView.-$$Nest$mapplyOrMergeTransaction:0 android.view.SurfaceView$SurfaceViewPositionUpdateListener.positionChanged:1537 
10-17 20:56:48.500 17496 17586 I ViewRootImpl@61e4548[MainActivity]: mWNT: t=0x7b42c18a00 mBlastBufferQueue=0x7b5a926800 fn= 654 caller= android.view.ViewRootImpl.lambda$applyTransactionOnDraw$11$android-view-ViewRootImpl:12865 android.view.ViewRootImpl$$ExternalSyntheticLambda1.onFrameDraw:4 android.graphics.HardwareRenderer$FrameDrawingCallback.onFrameDraw:924 
10-17 20:56:48.504 17496 17496 I SurfaceView@2d8fd01: Changes: creating=false format=false size=false visible=false alpha=false hint=false mUseAlpha=false visible=false left=false top=true
10-17 20:56:48.504 17496 17496 I SurfaceView@2d8fd01: 47774977 Cur surface: Surface(name=null)/@0xcf9b910
10-17 20:56:48.504 17496 17496 I SurfaceView@2d8fd01: applyTransactionOnVriDraw: vri = ViewRootImpl@61e4548[MainActivity] fRS = false t = 0x7b42c18b00 android.view.SurfaceView.performSurfaceTransaction:959 android.view.SurfaceView.updateSurface:1105 android.view.SurfaceView.lambda$new$0$android-view-SurfaceView:200 
10-17 20:56:48.505 17496 17496 I ViewRootImpl@61e4548[MainActivity]: applyTransactionOnDraw: mRemoved = false isHardwareEnabled = true t = 0x7b42c18b00android.view.SurfaceView.applyTransactionOnVriDraw:2048 android.view.SurfaceView.performSurfaceTransaction:959 android.view.SurfaceView.updateSurface:1105 android.view.SurfaceView.lambda$new$0$android-view-SurfaceView:200 android.view.SurfaceView$$ExternalSyntheticLambda5.onPreDraw:2 
10-17 20:56:48.505 17496 17496 I SurfaceView@2d8fd01: updateSurface: mVisible = true mSurface.isValid() = true
10-17 20:56:48.505 17496 17496 I SurfaceView@2d8fd01: updateSurface: mSurfaceCreated = true surfaceChanged = false visibleChanged = false
10-17 20:56:48.505 17496 17496 V SurfaceView@2d8fd01: Layout: x=0 y=-348 w=1080 h=525, frame=Rect(0, 0 - 1080, 525)
10-17 20:56:48.513 17496 17587 D SurfaceView@2d8fd01: updateSurfacePosition RenderWorker, frameNr = 655, position = [0, -348, 1080, 177] surfaceSize = 1080x525
10-17 20:56:48.513 17496 17587 I SurfaceView@2d8fd01: uSP: rtp = Rect(0, -348 - 1080, 177) rtsw = 1080 rtsh = 525
10-17 20:56:48.513 17496 17587 I SurfaceView@2d8fd01: onSSPAndSRT: pl = 0 pt = -348 sx = 1.0 sy = 1.0
10-17 20:56:48.514 17496 17587 I SurfaceView@2d8fd01: aOrMT: ViewRootImpl@61e4548[MainActivity] t = android.view.SurfaceControl$Transaction@4482fc5 fN = 655 android.view.SurfaceView.-$$Nest$mapplyOrMergeTransaction:0 android.view.SurfaceView$SurfaceViewPositionUpdateListener.positionChanged:1537 android.graphics.RenderNode$CompositePositionUpdateListener.positionChanged:373 
10-17 20:56:48.514 17496 17587 I ViewRootImpl@61e4548[MainActivity]: mWNT: t=0x7b42c18000 mBlastBufferQueue=0x7b5a926800 fn= 655 caller= android.view.SurfaceView.applyOrMergeTransaction:1455 android.view.SurfaceView.-$$Nest$mapplyOrMergeTransaction:0 android.view.SurfaceView$SurfaceViewPositionUpdateListener.positionChanged:1537 
10-17 20:56:48.514 17496 17587 I ViewRootImpl@61e4548[MainActivity]: mWNT: t=0x7b42c18b00 mBlastBufferQueue=0x7b5a926800 fn= 655 caller= android.view.ViewRootImpl.lambda$applyTransactionOnDraw$11$android-view-ViewRootImpl:12865 android.view.ViewRootImpl$$ExternalSyntheticLambda1.onFrameDraw:4 android.graphics.HardwareRenderer$FrameDrawingCallback.onFrameDraw:924 
10-17 20:56:48.518 17496 17496 I SurfaceView@2d8fd01: Changes: creating=false format=false size=false visible=false alpha=false hint=false mUseAlpha=false visible=false left=false top=true
10-17 20:56:48.518 17496 17496 I SurfaceView@2d8fd01: 47774977 Cur surface: Surface(name=null)/@0xcf9b910
10-17 20:56:48.518 17496 17496 I SurfaceView@2d8fd01: applyTransactionOnVriDraw: vri = ViewRootImpl@61e4548[MainActivity] fRS = false t = 0x7b42c18c00 android.view.SurfaceView.performSurfaceTransaction:959 android.view.SurfaceView.updateSurface:1105 android.view.SurfaceView.lambda$new$0$android-view-SurfaceView:200 
10-17 20:56:48.519 17496 17496 I ViewRootImpl@61e4548[MainActivity]: applyTransactionOnDraw: mRemoved = false isHardwareEnabled = true t = 0x7b42c18c00android.view.SurfaceView.applyTransactionOnVriDraw:2048 android.view.SurfaceView.performSurfaceTransaction:959 android.view.SurfaceView.updateSurface:1105 android.view.SurfaceView.lambda$new$0$android-view-SurfaceView:200 android.view.SurfaceView$$ExternalSyntheticLambda5.onPreDraw:2 
10-17 20:56:48.519 17496 17496 I SurfaceView@2d8fd01: updateSurface: mVisible = true mSurface.isValid() = true
10-17 20:56:48.519 17496 17496 I SurfaceView@2d8fd01: updateSurface: mSurfaceCreated = true surfaceChanged = false visibleChanged = false
10-17 20:56:48.519 17496 17496 V SurfaceView@2d8fd01: Layout: x=0 y=-470 w=1080 h=525, frame=Rect(0, 0 - 1080, 525)
10-17 20:56:48.531 17496 17586 D SurfaceView@2d8fd01: updateSurfacePosition RenderWorker, frameNr = 656, position = [0, -470, 1080, 55] surfaceSize = 1080x525
10-17 20:56:48.532 17496 17586 I SurfaceView@2d8fd01: uSP: rtp = Rect(0, -470 - 1080, 55) rtsw = 1080 rtsh = 525
10-17 20:56:48.532 17496 17586 I SurfaceView@2d8fd01: onSSPAndSRT: pl = 0 pt = -470 sx = 1.0 sy = 1.0
10-17 20:56:48.532 17496 17586 I SurfaceView@2d8fd01: aOrMT: ViewRootImpl@61e4548[MainActivity] t = android.view.SurfaceControl$Transaction@4482fc5 fN = 656 android.view.SurfaceView.-$$Nest$mapplyOrMergeTransaction:0 android.view.SurfaceView$SurfaceViewPositionUpdateListener.positionChanged:1537 android.graphics.RenderNode$CompositePositionUpdateListener.positionChanged:373 
10-17 20:56:48.532 17496 17586 I ViewRootImpl@61e4548[MainActivity]: mWNT: t=0x7b42c18000 mBlastBufferQueue=0x7b5a926800 fn= 656 caller= android.view.SurfaceView.applyOrMergeTransaction:1455 android.view.SurfaceView.-$$Nest$mapplyOrMergeTransaction:0 android.view.SurfaceView$SurfaceViewPositionUpdateListener.positionChanged:1537 
10-17 20:56:48.532 17496 17586 I ViewRootImpl@61e4548[MainActivity]: mWNT: t=0x7b42c18c00 mBlastBufferQueue=0x7b5a926800 fn= 656 caller= android.view.ViewRootImpl.lambda$applyTransactionOnDraw$11$android-view-ViewRootImpl:12865 android.view.ViewRootImpl$$ExternalSyntheticLambda1.onFrameDraw:4 android.graphics.HardwareRenderer$FrameDrawingCallback.onFrameDraw:924 
10-17 20:56:48.535 17496 17496 I SurfaceView@2d8fd01: Changes: creating=false format=false size=false visible=false alpha=false hint=false mUseAlpha=false visible=false left=false top=true
10-17 20:56:48.535 17496 17496 I SurfaceView@2d8fd01: 47774977 Cur surface: Surface(name=null)/@0xcf9b910
10-17 20:56:48.535 17496 17496 I SurfaceView@2d8fd01: applyTransactionOnVriDraw: vri = ViewRootImpl@61e4548[MainActivity] fRS = false t = 0x7b42c18d00 android.view.SurfaceView.performSurfaceTransaction:959 android.view.SurfaceView.updateSurface:1105 android.view.SurfaceView.lambda$new$0$android-view-SurfaceView:200 
10-17 20:56:48.536 17496 17496 I ViewRootImpl@61e4548[MainActivity]: applyTransactionOnDraw: mRemoved = false isHardwareEnabled = true t = 0x7b42c18d00android.view.SurfaceView.applyTransactionOnVriDraw:2048 android.view.SurfaceView.performSurfaceTransaction:959 android.view.SurfaceView.updateSurface:1105 android.view.SurfaceView.lambda$new$0$android-view-SurfaceView:200 android.view.SurfaceView$$ExternalSyntheticLambda5.onPreDraw:2 
10-17 20:56:48.536 17496 17496 I SurfaceView@2d8fd01: updateSurface: mVisible = true mSurface.isValid() = true
10-17 20:56:48.536 17496 17496 I SurfaceView@2d8fd01: updateSurface: mSurfaceCreated = true surfaceChanged = false visibleChanged = false
10-17 20:56:48.536 17496 17496 V SurfaceView@2d8fd01: Layout: x=0 y=-590 w=1080 h=525, frame=Rect(0, 0 - 1080, 525)
10-17 20:56:48.547 17496 17587 D SurfaceView@2d8fd01: updateSurfacePosition RenderWorker, frameNr = 657, position = [0, -590, 1080, -65] surfaceSize = 1080x525
10-17 20:56:48.547 17496 17587 I SurfaceView@2d8fd01: uSP: rtp = Rect(0, -590 - 1080, -65) rtsw = 1080 rtsh = 525
10-17 20:56:48.547 17496 17587 I SurfaceView@2d8fd01: onSSPAndSRT: pl = 0 pt = -590 sx = 1.0 sy = 1.0
10-17 20:56:48.547 17496 17587 I SurfaceView@2d8fd01: aOrMT: ViewRootImpl@61e4548[MainActivity] t = android.view.SurfaceControl$Transaction@4482fc5 fN = 657 android.view.SurfaceView.-$$Nest$mapplyOrMergeTransaction:0 android.view.SurfaceView$SurfaceViewPositionUpdateListener.positionChanged:1537 android.graphics.RenderNode$CompositePositionUpdateListener.positionChanged:373 
10-17 20:56:48.547 17496 17587 I ViewRootImpl@61e4548[MainActivity]: mWNT: t=0x7b42c18000 mBlastBufferQueue=0x7b5a926800 fn= 657 caller= android.view.SurfaceView.applyOrMergeTransaction:1455 android.view.SurfaceView.-$$Nest$mapplyOrMergeTransaction:0 android.view.SurfaceView$SurfaceViewPositionUpdateListener.positionChanged:1537 
10-17 20:56:48.547 17496 17587 I ViewRootImpl@61e4548[MainActivity]: mWNT: t=0x7b42c18d00 mBlastBufferQueue=0x7b5a926800 fn= 657 caller= android.view.ViewRootImpl.lambda$applyTransactionOnDraw$11$android-view-ViewRootImpl:12865 android.view.ViewRootImpl$$ExternalSyntheticLambda1.onFrameDraw:4 android.graphics.HardwareRenderer$FrameDrawingCallback.onFrameDraw:924 
10-17 20:56:48.549 17496 17496 I SurfaceView@2d8fd01: Changes: creating=false format=false size=false visible=false alpha=false hint=false mUseAlpha=false visible=false left=false top=true
10-17 20:56:48.549 17496 17496 I SurfaceView@2d8fd01: 47774977 Cur surface: Surface(name=null)/@0xcf9b910
10-17 20:56:48.550 17496 17496 I SurfaceView@2d8fd01: applyTransactionOnVriDraw: vri = ViewRootImpl@61e4548[MainActivity] fRS = false t = 0x7b42c18e00 android.view.SurfaceView.performSurfaceTransaction:959 android.view.SurfaceView.updateSurface:1105 android.view.SurfaceView.lambda$new$0$android-view-SurfaceView:200 
10-17 20:56:48.550 17496 17496 I ViewRootImpl@61e4548[MainActivity]: applyTransactionOnDraw: mRemoved = false isHardwareEnabled = true t = 0x7b42c18e00android.view.SurfaceView.applyTransactionOnVriDraw:2048 android.view.SurfaceView.performSurfaceTransaction:959 android.view.SurfaceView.updateSurface:1105 android.view.SurfaceView.lambda$new$0$android-view-SurfaceView:200 android.view.SurfaceView$$ExternalSyntheticLambda5.onPreDraw:2 
10-17 20:56:48.550 17496 17496 I SurfaceView@2d8fd01: updateSurface: mVisible = true mSurface.isValid() = true
10-17 20:56:48.550 17496 17496 I SurfaceView@2d8fd01: updateSurface: mSurfaceCreated = true surfaceChanged = false visibleChanged = false
10-17 20:56:48.550 17496 17496 V SurfaceView@2d8fd01: Layout: x=0 y=-715 w=1080 h=525, frame=Rect(0, 0 - 1080, 525)
10-17 20:56:48.564 17496 17586 D SurfaceView@2d8fd01: updateSurfacePosition RenderWorker, frameNr = 658, position = [0, -715, 1080, -190] surfaceSize = 1080x525
10-17 20:56:48.565 17496 17586 I SurfaceView@2d8fd01: uSP: rtp = Rect(0, -715 - 1080, -190) rtsw = 1080 rtsh = 525
10-17 20:56:48.565 17496 17586 I SurfaceView@2d8fd01: onSSPAndSRT: pl = 0 pt = -715 sx = 1.0 sy = 1.0
10-17 20:56:48.565 17496 17586 I SurfaceView@2d8fd01: aOrMT: ViewRootImpl@61e4548[MainActivity] t = android.view.SurfaceControl$Transaction@4482fc5 fN = 658 android.view.SurfaceView.-$$Nest$mapplyOrMergeTransaction:0 android.view.SurfaceView$SurfaceViewPositionUpdateListener.positionChanged:1537 android.graphics.RenderNode$CompositePositionUpdateListener.positionChanged:373 
10-17 20:56:48.565 17496 17586 I ViewRootImpl@61e4548[MainActivity]: mWNT: t=0x7b42c18000 mBlastBufferQueue=0x7b5a926800 fn= 658 caller= android.view.SurfaceView.applyOrMergeTransaction:1455 android.view.SurfaceView.-$$Nest$mapplyOrMergeTransaction:0 android.view.SurfaceView$SurfaceViewPositionUpdateListener.positionChanged:1537 
10-17 20:56:48.565 17496 17586 I ViewRootImpl@61e4548[MainActivity]: mWNT: t=0x7b42c18e00 mBlastBufferQueue=0x7b5a926800 fn= 658 caller= android.view.ViewRootImpl.lambda$applyTransactionOnDraw$11$android-view-ViewRootImpl:12865 android.view.ViewRootImpl$$ExternalSyntheticLambda1.onFrameDraw:4 android.graphics.HardwareRenderer$FrameDrawingCallback.onFrameDraw:924 
10-17 20:56:48.569 17496 17496 I SurfaceView@2d8fd01: Changes: creating=false format=false size=false visible=false alpha=false hint=false mUseAlpha=false visible=false left=false top=true
10-17 20:56:48.569 17496 17496 I SurfaceView@2d8fd01: 47774977 Cur surface: Surface(name=null)/@0xcf9b910
10-17 20:56:48.570 17496 17496 I SurfaceView@2d8fd01: applyTransactionOnVriDraw: vri = ViewRootImpl@61e4548[MainActivity] fRS = false t = 0x7b42c18f00 android.view.SurfaceView.performSurfaceTransaction:959 android.view.SurfaceView.updateSurface:1105 android.view.SurfaceView.lambda$new$0$android-view-SurfaceView:200 
10-17 20:56:48.570 17496 17496 I ViewRootImpl@61e4548[MainActivity]: applyTransactionOnDraw: mRemoved = false isHardwareEnabled = true t = 0x7b42c18f00android.view.SurfaceView.applyTransactionOnVriDraw:2048 android.view.SurfaceView.performSurfaceTransaction:959 android.view.SurfaceView.updateSurface:1105 android.view.SurfaceView.lambda$new$0$android-view-SurfaceView:200 android.view.SurfaceView$$ExternalSyntheticLambda5.onPreDraw:2 
10-17 20:56:48.570 17496 17496 I SurfaceView@2d8fd01: updateSurface: mVisible = true mSurface.isValid() = true
10-17 20:56:48.570 17496 17496 I SurfaceView@2d8fd01: updateSurface: mSurfaceCreated = true surfaceChanged = false visibleChanged = false
10-17 20:56:48.570 17496 17496 V SurfaceView@2d8fd01: Layout: x=0 y=-837 w=1080 h=525, frame=Rect(0, 0 - 1080, 525)
10-17 20:56:48.582 17496 17587 D SurfaceView@2d8fd01: updateSurfacePosition RenderWorker, frameNr = 659, position = [0, -837, 1080, -312] surfaceSize = 1080x525
10-17 20:56:48.582 17496 17587 I SurfaceView@2d8fd01: uSP: rtp = Rect(0, -837 - 1080, -312) rtsw = 1080 rtsh = 525
10-17 20:56:48.582 17496 17587 I SurfaceView@2d8fd01: onSSPAndSRT: pl = 0 pt = -837 sx = 1.0 sy = 1.0
10-17 20:56:48.582 17496 17587 I SurfaceView@2d8fd01: aOrMT: ViewRootImpl@61e4548[MainActivity] t = android.view.SurfaceControl$Transaction@4482fc5 fN = 659 android.view.SurfaceView.-$$Nest$mapplyOrMergeTransaction:0 android.view.SurfaceView$SurfaceViewPositionUpdateListener.positionChanged:1537 android.graphics.RenderNode$CompositePositionUpdateListener.positionChanged:373 
10-17 20:56:48.583 17496 17587 I ViewRootImpl@61e4548[MainActivity]: mWNT: t=0x7b42c18000 mBlastBufferQueue=0x7b5a926800 fn= 659 caller= android.view.SurfaceView.applyOrMergeTransaction:1455 android.view.SurfaceView.-$$Nest$mapplyOrMergeTransaction:0 android.view.SurfaceView$SurfaceViewPositionUpdateListener.positionChanged:1537 
10-17 20:56:48.583 17496 17587 I ViewRootImpl@61e4548[MainActivity]: mWNT: t=0x7b42c18f00 mBlastBufferQueue=0x7b5a926800 fn= 659 caller= android.view.ViewRootImpl.lambda$applyTransactionOnDraw$11$android-view-ViewRootImpl:12865 android.view.ViewRootImpl$$ExternalSyntheticLambda1.onFrameDraw:4 android.graphics.HardwareRenderer$FrameDrawingCallback.onFrameDraw:924 
10-17 20:56:48.586 17496 17496 I SurfaceView@2d8fd01: Changes: creating=false format=false size=false visible=false alpha=false hint=false mUseAlpha=false visible=false left=false top=true
10-17 20:56:48.587 17496 17496 I SurfaceView@2d8fd01: 47774977 Cur surface: Surface(name=null)/@0xcf9b910
10-17 20:56:48.587 17496 17496 I SurfaceView@2d8fd01: applyTransactionOnVriDraw: vri = ViewRootImpl@61e4548[MainActivity] fRS = false t = 0x7ae3085000 android.view.SurfaceView.performSurfaceTransaction:959 android.view.SurfaceView.updateSurface:1105 android.view.SurfaceView.lambda$new$0$android-view-SurfaceView:200 
10-17 20:56:48.587 17496 17496 I ViewRootImpl@61e4548[MainActivity]: applyTransactionOnDraw: mRemoved = false isHardwareEnabled = true t = 0x7ae3085000android.view.SurfaceView.applyTransactionOnVriDraw:2048 android.view.SurfaceView.performSurfaceTransaction:959 android.view.SurfaceView.updateSurface:1105 android.view.SurfaceView.lambda$new$0$android-view-SurfaceView:200 android.view.SurfaceView$$ExternalSyntheticLambda5.onPreDraw:2 
10-17 20:56:48.588 17496 17496 I SurfaceView@2d8fd01: updateSurface: mVisible = true mSurface.isValid() = true
10-17 20:56:48.588 17496 17496 I SurfaceView@2d8fd01: updateSurface: mSurfaceCreated = true surfaceChanged = false visibleChanged = false
10-17 20:56:48.588 17496 17496 V SurfaceView@2d8fd01: Layout: x=0 y=-948 w=1080 h=525, frame=Rect(0, 0 - 1080, 525)
10-17 20:56:48.597 17496 17586 D SurfaceView@2d8fd01: updateSurfacePosition RenderWorker, frameNr = 660, position = [0, -948, 1080, -423] surfaceSize = 1080x525
10-17 20:56:48.597 17496 17586 I SurfaceView@2d8fd01: uSP: rtp = Rect(0, -948 - 1080, -423) rtsw = 1080 rtsh = 525
10-17 20:56:48.597 17496 17586 I SurfaceView@2d8fd01: onSSPAndSRT: pl = 0 pt = -948 sx = 1.0 sy = 1.0
10-17 20:56:48.597 17496 17586 I SurfaceView@2d8fd01: aOrMT: ViewRootImpl@61e4548[MainActivity] t = android.view.SurfaceControl$Transaction@4482fc5 fN = 660 android.view.SurfaceView.-$$Nest$mapplyOrMergeTransaction:0 android.view.SurfaceView$SurfaceViewPositionUpdateListener.positionChanged:1537 android.graphics.RenderNode$CompositePositionUpdateListener.positionChanged:373 
10-17 20:56:48.598 17496 17586 I ViewRootImpl@61e4548[MainActivity]: mWNT: t=0x7b42c18000 mBlastBufferQueue=0x7b5a926800 fn= 660 caller= android.view.SurfaceView.applyOrMergeTransaction:1455 android.view.SurfaceView.-$$Nest$mapplyOrMergeTransaction:0 android.view.SurfaceView$SurfaceViewPositionUpdateListener.positionChanged:1537 
10-17 20:56:48.598 17496 17586 I ViewRootImpl@61e4548[MainActivity]: mWNT: t=0x7ae3085000 mBlastBufferQueue=0x7b5a926800 fn= 660 caller= android.view.ViewRootImpl.lambda$applyTransactionOnDraw$11$android-view-ViewRootImpl:12865 android.view.ViewRootImpl$$ExternalSyntheticLambda1.onFrameDraw:4 android.graphics.HardwareRenderer$FrameDrawingCallback.onFrameDraw:924 
10-17 20:56:48.602 17496 17496 I SurfaceView@2d8fd01: Changes: creating=false format=false size=false visible=false alpha=false hint=false mUseAlpha=false visible=false left=false top=true
10-17 20:56:48.602 17496 17496 I SurfaceView@2d8fd01: 47774977 Cur surface: Surface(name=null)/@0xcf9b910
10-17 20:56:48.602 17496 17496 I SurfaceView@2d8fd01: applyTransactionOnVriDraw: vri = ViewRootImpl@61e4548[MainActivity] fRS = false t = 0x7ae3085100 android.view.SurfaceView.performSurfaceTransaction:959 android.view.SurfaceView.updateSurface:1105 android.view.SurfaceView.lambda$new$0$android-view-SurfaceView:200 
10-17 20:56:48.603 17496 17496 I ViewRootImpl@61e4548[MainActivity]: applyTransactionOnDraw: mRemoved = false isHardwareEnabled = true t = 0x7ae3085100android.view.SurfaceView.applyTransactionOnVriDraw:2048 android.view.SurfaceView.performSurfaceTransaction:959 android.view.SurfaceView.updateSurface:1105 android.view.SurfaceView.lambda$new$0$android-view-SurfaceView:200 android.view.SurfaceView$$ExternalSyntheticLambda5.onPreDraw:2 
10-17 20:56:48.603 17496 17496 I SurfaceView@2d8fd01: updateSurface: mVisible = true mSurface.isValid() = true
10-17 20:56:48.603 17496 17496 I SurfaceView@2d8fd01: updateSurface: mSurfaceCreated = true surfaceChanged = false visibleChanged = false
10-17 20:56:48.603 17496 17496 V SurfaceView@2d8fd01: Layout: x=0 y=-1062 w=1080 h=525, frame=Rect(0, 0 - 1080, 525)
10-17 20:56:48.609 17496 17587 D SurfaceView@2d8fd01: updateSurfacePosition RenderWorker, frameNr = 661, position = [0, -1062, 1080, -537] surfaceSize = 1080x525
10-17 20:56:48.609 17496 17587 I SurfaceView@2d8fd01: uSP: rtp = Rect(0, -1062 - 1080, -537) rtsw = 1080 rtsh = 525
10-17 20:56:48.609 17496 17587 I SurfaceView@2d8fd01: onSSPAndSRT: pl = 0 pt = -1062 sx = 1.0 sy = 1.0
10-17 20:56:48.609 17496 17587 I SurfaceView@2d8fd01: aOrMT: ViewRootImpl@61e4548[MainActivity] t = android.view.SurfaceControl$Transaction@4482fc5 fN = 661 android.view.SurfaceView.-$$Nest$mapplyOrMergeTransaction:0 android.view.SurfaceView$SurfaceViewPositionUpdateListener.positionChanged:1537 android.graphics.RenderNode$CompositePositionUpdateListener.positionChanged:373 
10-17 20:56:48.609 17496 17587 I ViewRootImpl@61e4548[MainActivity]: mWNT: t=0x7b42c18000 mBlastBufferQueue=0x7b5a926800 fn= 661 caller= android.view.SurfaceView.applyOrMergeTransaction:1455 android.view.SurfaceView.-$$Nest$mapplyOrMergeTransaction:0 android.view.SurfaceView$SurfaceViewPositionUpdateListener.positionChanged:1537 
10-17 20:56:48.609 17496 17587 I ViewRootImpl@61e4548[MainActivity]: mWNT: t=0x7ae3085100 mBlastBufferQueue=0x7b5a926800 fn= 661 caller= android.view.ViewRootImpl.lambda$applyTransactionOnDraw$11$android-view-ViewRootImpl:12865 android.view.ViewRootImpl$$ExternalSyntheticLambda1.onFrameDraw:4 android.graphics.HardwareRenderer$FrameDrawingCallback.onFrameDraw:924 
10-17 20:56:48.616 17496 17496 I SurfaceView@2d8fd01: Changes: creating=false format=false size=false visible=false alpha=false hint=false mUseAlpha=false visible=false left=false top=true
10-17 20:56:48.616 17496 17496 I SurfaceView@2d8fd01: 47774977 Cur surface: Surface(name=null)/@0xcf9b910
10-17 20:56:48.616 17496 17496 I SurfaceView@2d8fd01: applyTransactionOnVriDraw: vri = ViewRootImpl@61e4548[MainActivity] fRS = false t = 0x7ae3085200 android.view.SurfaceView.performSurfaceTransaction:959 android.view.SurfaceView.updateSurface:1105 android.view.SurfaceView.lambda$new$0$android-view-SurfaceView:200 
10-17 20:56:48.616 17496 17496 I ViewRootImpl@61e4548[MainActivity]: applyTransactionOnDraw: mRemoved = false isHardwareEnabled = true t = 0x7ae3085200android.view.SurfaceView.applyTransactionOnVriDraw:2048 android.view.SurfaceView.performSurfaceTransaction:959 android.view.SurfaceView.updateSurface:1105 android.view.SurfaceView.lambda$new$0$android-view-SurfaceView:200 android.view.SurfaceView$$ExternalSyntheticLambda5.onPreDraw:2 
10-17 20:56:48.616 17496 17496 I SurfaceView@2d8fd01: updateSurface: mVisible = true mSurface.isValid() = true
10-17 20:56:48.616 17496 17496 I SurfaceView@2d8fd01: updateSurface: mSurfaceCreated = true surfaceChanged = false visibleChanged = false
10-17 20:56:48.617 17496 17496 V SurfaceView@2d8fd01: Layout: x=0 y=-1174 w=1080 h=525, frame=Rect(0, 0 - 1080, 525)
10-17 20:56:48.625 17496 17586 D SurfaceView@2d8fd01: updateSurfacePosition RenderWorker, frameNr = 662, position = [0, -1174, 1080, -649] surfaceSize = 1080x525
10-17 20:56:48.625 17496 17586 I SurfaceView@2d8fd01: uSP: rtp = Rect(0, -1174 - 1080, -649) rtsw = 1080 rtsh = 525
10-17 20:56:48.625 17496 17586 I SurfaceView@2d8fd01: onSSPAndSRT: pl = 0 pt = -1174 sx = 1.0 sy = 1.0
10-17 20:56:48.626 17496 17586 I SurfaceView@2d8fd01: aOrMT: ViewRootImpl@61e4548[MainActivity] t = android.view.SurfaceControl$Transaction@4482fc5 fN = 662 android.view.SurfaceView.-$$Nest$mapplyOrMergeTransaction:0 android.view.SurfaceView$SurfaceViewPositionUpdateListener.positionChanged:1537 android.graphics.RenderNode$CompositePositionUpdateListener.positionChanged:373 
10-17 20:56:48.626 17496 17586 I ViewRootImpl@61e4548[MainActivity]: mWNT: t=0x7b42c18000 mBlastBufferQueue=0x7b5a926800 fn= 662 caller= android.view.SurfaceView.applyOrMergeTransaction:1455 android.view.SurfaceView.-$$Nest$mapplyOrMergeTransaction:0 android.view.SurfaceView$SurfaceViewPositionUpdateListener.positionChanged:1537 
10-17 20:56:48.626 17496 17586 I ViewRootImpl@61e4548[MainActivity]: mWNT: t=0x7ae3085200 mBlastBufferQueue=0x7b5a926800 fn= 662 caller= android.view.ViewRootImpl.lambda$applyTransactionOnDraw$11$android-view-ViewRootImpl:12865 android.view.ViewRootImpl$$ExternalSyntheticLambda1.onFrameDraw:4 android.graphics.HardwareRenderer$FrameDrawingCallback.onFrameDraw:924 
10-17 20:56:48.632 17496 17496 I SurfaceView@2d8fd01: Changes: creating=false format=false size=false visible=false alpha=false hint=false mUseAlpha=false visible=false left=false top=true
10-17 20:56:48.632 17496 17496 I SurfaceView@2d8fd01: 47774977 Cur surface: Surface(name=null)/@0xcf9b910
10-17 20:56:48.632 17496 17496 I SurfaceView@2d8fd01: applyTransactionOnVriDraw: vri = ViewRootImpl@61e4548[MainActivity] fRS = false t = 0x7ae3085300 android.view.SurfaceView.performSurfaceTransaction:959 android.view.SurfaceView.updateSurface:1105 android.view.SurfaceView.lambda$new$0$android-view-SurfaceView:200 
10-17 20:56:48.633 17496 17496 I ViewRootImpl@61e4548[MainActivity]: applyTransactionOnDraw: mRemoved = false isHardwareEnabled = true t = 0x7ae3085300android.view.SurfaceView.applyTransactionOnVriDraw:2048 android.view.SurfaceView.performSurfaceTransaction:959 android.view.SurfaceView.updateSurface:1105 android.view.SurfaceView.lambda$new$0$android-view-SurfaceView:200 android.view.SurfaceView$$ExternalSyntheticLambda5.onPreDraw:2 
10-17 20:56:48.633 17496 17496 I SurfaceView@2d8fd01: updateSurface: mVisible = true mSurface.isValid() = true
10-17 20:56:48.633 17496 17496 I SurfaceView@2d8fd01: updateSurface: mSurfaceCreated = true surfaceChanged = false visibleChanged = false
10-17 20:56:48.633 17496 17496 V SurfaceView@2d8fd01: Layout: x=0 y=-1275 w=1080 h=525, frame=Rect(0, 0 - 1080, 525)
10-17 20:56:48.640 17496 17587 D SurfaceView@2d8fd01: updateSurfacePosition RenderWorker, frameNr = 663, position = [0, -1275, 1080, -750] surfaceSize = 1080x525
10-17 20:56:48.640 17496 17587 I SurfaceView@2d8fd01: uSP: rtp = Rect(0, -1275 - 1080, -750) rtsw = 1080 rtsh = 525
10-17 20:56:48.640 17496 17587 I SurfaceView@2d8fd01: onSSPAndSRT: pl = 0 pt = -1275 sx = 1.0 sy = 1.0
10-17 20:56:48.640 17496 17587 I SurfaceView@2d8fd01: aOrMT: ViewRootImpl@61e4548[MainActivity] t = android.view.SurfaceControl$Transaction@4482fc5 fN = 663 android.view.SurfaceView.-$$Nest$mapplyOrMergeTransaction:0 android.view.SurfaceView$SurfaceViewPositionUpdateListener.positionChanged:1537 android.graphics.RenderNode$CompositePositionUpdateListener.positionChanged:373 
10-17 20:56:48.640 17496 17587 I ViewRootImpl@61e4548[MainActivity]: mWNT: t=0x7b42c18000 mBlastBufferQueue=0x7b5a926800 fn= 663 caller= android.view.SurfaceView.applyOrMergeTransaction:1455 android.view.SurfaceView.-$$Nest$mapplyOrMergeTransaction:0 android.view.SurfaceView$SurfaceViewPositionUpdateListener.positionChanged:1537 
10-17 20:56:48.640 17496 17587 I ViewRootImpl@61e4548[MainActivity]: mWNT: t=0x7ae3085300 mBlastBufferQueue=0x7b5a926800 fn= 663 caller= android.view.ViewRootImpl.lambda$applyTransactionOnDraw$11$android-view-ViewRootImpl:12865 android.view.ViewRootImpl$$ExternalSyntheticLambda1.onFrameDraw:4 android.graphics.HardwareRenderer$FrameDrawingCallback.onFrameDraw:924 
10-17 20:56:48.648 17496 17496 I SurfaceView@2d8fd01: Changes: creating=false format=false size=false visible=false alpha=false hint=false mUseAlpha=false visible=false left=false top=true
10-17 20:56:48.648 17496 17496 I SurfaceView@2d8fd01: 47774977 Cur surface: Surface(name=null)/@0xcf9b910
10-17 20:56:48.649 17496 17496 I SurfaceView@2d8fd01: applyTransactionOnVriDraw: vri = ViewRootImpl@61e4548[MainActivity] fRS = false t = 0x7ae3085500 android.view.SurfaceView.performSurfaceTransaction:959 android.view.SurfaceView.updateSurface:1105 android.view.SurfaceView.lambda$new$0$android-view-SurfaceView:200 
10-17 20:56:48.649 17496 17496 I ViewRootImpl@61e4548[MainActivity]: applyTransactionOnDraw: mRemoved = false isHardwareEnabled = true t = 0x7ae3085500android.view.SurfaceView.applyTransactionOnVriDraw:2048 android.view.SurfaceView.performSurfaceTransaction:959 android.view.SurfaceView.updateSurface:1105 android.view.SurfaceView.lambda$new$0$android-view-SurfaceView:200 android.view.SurfaceView$$ExternalSyntheticLambda5.onPreDraw:2 
10-17 20:56:48.649 17496 17496 I SurfaceView@2d8fd01: updateSurface: mVisible = true mSurface.isValid() = true
10-17 20:56:48.649 17496 17496 I SurfaceView@2d8fd01: updateSurface: mSurfaceCreated = true surfaceChanged = false visibleChanged = false
10-17 20:56:48.649 17496 17496 V SurfaceView@2d8fd01: Layout: x=0 y=-1378 w=1080 h=525, frame=Rect(0, 0 - 1080, 525)
10-17 20:56:48.656 17496 17586 D SurfaceView@2d8fd01: updateSurfacePosition RenderWorker, frameNr = 664, position = [0, -1378, 1080, -853] surfaceSize = 1080x525
10-17 20:56:48.656 17496 17586 I SurfaceView@2d8fd01: uSP: rtp = Rect(0, -1378 - 1080, -853) rtsw = 1080 rtsh = 525
10-17 20:56:48.656 17496 17586 I SurfaceView@2d8fd01: onSSPAndSRT: pl = 0 pt = -1378 sx = 1.0 sy = 1.0
10-17 20:56:48.656 17496 17586 I SurfaceView@2d8fd01: aOrMT: ViewRootImpl@61e4548[MainActivity] t = android.view.SurfaceControl$Transaction@4482fc5 fN = 664 android.view.SurfaceView.-$$Nest$mapplyOrMergeTransaction:0 android.view.SurfaceView$SurfaceViewPositionUpdateListener.positionChanged:1537 android.graphics.RenderNode$CompositePositionUpdateListener.positionChanged:373 
10-17 20:56:48.656 17496 17586 I ViewRootImpl@61e4548[MainActivity]: mWNT: t=0x7b42c18000 mBlastBufferQueue=0x7b5a926800 fn= 664 caller= android.view.SurfaceView.applyOrMergeTransaction:1455 android.view.SurfaceView.-$$Nest$mapplyOrMergeTransaction:0 android.view.SurfaceView$SurfaceViewPositionUpdateListener.positionChanged:1537 
10-17 20:56:48.657 17496 17586 I ViewRootImpl@61e4548[MainActivity]: mWNT: t=0x7ae3085500 mBlastBufferQueue=0x7b5a926800 fn= 664 caller= android.view.ViewRootImpl.lambda$applyTransactionOnDraw$11$android-view-ViewRootImpl:12865 android.view.ViewRootImpl$$ExternalSyntheticLambda1.onFrameDraw:4 android.graphics.HardwareRenderer$FrameDrawingCallback.onFrameDraw:924 
10-17 20:56:48.665 17496 17496 I SurfaceView@2d8fd01: Changes: creating=false format=false size=false visible=false alpha=false hint=false mUseAlpha=false visible=false left=false top=true
10-17 20:56:48.666 17496 17496 I SurfaceView@2d8fd01: 47774977 Cur surface: Surface(name=null)/@0xcf9b910
10-17 20:56:48.666 17496 17496 I SurfaceView@2d8fd01: applyTransactionOnVriDraw: vri = ViewRootImpl@61e4548[MainActivity] fRS = false t = 0x7ae3085600 android.view.SurfaceView.performSurfaceTransaction:959 android.view.SurfaceView.updateSurface:1105 android.view.SurfaceView.lambda$new$0$android-view-SurfaceView:200 
10-17 20:56:48.666 17496 17496 I ViewRootImpl@61e4548[MainActivity]: applyTransactionOnDraw: mRemoved = false isHardwareEnabled = true t = 0x7ae3085600android.view.SurfaceView.applyTransactionOnVriDraw:2048 android.view.SurfaceView.performSurfaceTransaction:959 android.view.SurfaceView.updateSurface:1105 android.view.SurfaceView.lambda$new$0$android-view-SurfaceView:200 android.view.SurfaceView$$ExternalSyntheticLambda5.onPreDraw:2 
10-17 20:56:48.666 17496 17496 I SurfaceView@2d8fd01: updateSurface: mVisible = true mSurface.isValid() = true
10-17 20:56:48.666 17496 17496 I SurfaceView@2d8fd01: updateSurface: mSurfaceCreated = true surfaceChanged = false visibleChanged = false
10-17 20:56:48.666 17496 17496 V SurfaceView@2d8fd01: Layout: x=0 y=-1477 w=1080 h=525, frame=Rect(0, 0 - 1080, 525)
10-17 20:56:48.675 17496 17587 D SurfaceView@2d8fd01: updateSurfacePosition RenderWorker, frameNr = 665, position = [0, -1477, 1080, -952] surfaceSize = 1080x525
10-17 20:56:48.675 17496 17587 I SurfaceView@2d8fd01: uSP: rtp = Rect(0, -1477 - 1080, -952) rtsw = 1080 rtsh = 525
10-17 20:56:48.675 17496 17587 I SurfaceView@2d8fd01: onSSPAndSRT: pl = 0 pt = -1477 sx = 1.0 sy = 1.0
10-17 20:56:48.675 17496 17587 I SurfaceView@2d8fd01: aOrMT: ViewRootImpl@61e4548[MainActivity] t = android.view.SurfaceControl$Transaction@4482fc5 fN = 665 android.view.SurfaceView.-$$Nest$mapplyOrMergeTransaction:0 android.view.SurfaceView$SurfaceViewPositionUpdateListener.positionChanged:1537 android.graphics.RenderNode$CompositePositionUpdateListener.positionChanged:373 
10-17 20:56:48.676 17496 17587 I ViewRootImpl@61e4548[MainActivity]: mWNT: t=0x7b42c18000 mBlastBufferQueue=0x7b5a926800 fn= 665 caller= android.view.SurfaceView.applyOrMergeTransaction:1455 android.view.SurfaceView.-$$Nest$mapplyOrMergeTransaction:0 android.view.SurfaceView$SurfaceViewPositionUpdateListener.positionChanged:1537 
10-17 20:56:48.676 17496 17587 I ViewRootImpl@61e4548[MainActivity]: mWNT: t=0x7ae3085600 mBlastBufferQueue=0x7b5a926800 fn= 665 caller= android.view.ViewRootImpl.lambda$applyTransactionOnDraw$11$android-view-ViewRootImpl:12865 android.view.ViewRootImpl$$ExternalSyntheticLambda1.onFrameDraw:4 android.graphics.HardwareRenderer$FrameDrawingCallback.onFrameDraw:924 
10-17 20:56:48.683 17496 17496 I SurfaceView@2d8fd01: Changes: creating=false format=false size=false visible=false alpha=false hint=false mUseAlpha=false visible=false left=false top=true
10-17 20:56:48.683 17496 17496 I SurfaceView@2d8fd01: 47774977 Cur surface: Surface(name=null)/@0xcf9b910
10-17 20:56:48.684 17496 17496 I SurfaceView@2d8fd01: applyTransactionOnVriDraw: vri = ViewRootImpl@61e4548[MainActivity] fRS = false t = 0x7ae3085700 android.view.SurfaceView.performSurfaceTransaction:959 android.view.SurfaceView.updateSurface:1105 android.view.SurfaceView.lambda$new$0$android-view-SurfaceView:200 
10-17 20:56:48.684 17496 17496 I ViewRootImpl@61e4548[MainActivity]: applyTransactionOnDraw: mRemoved = false isHardwareEnabled = true t = 0x7ae3085700android.view.SurfaceView.applyTransactionOnVriDraw:2048 android.view.SurfaceView.performSurfaceTransaction:959 android.view.SurfaceView.updateSurface:1105 android.view.SurfaceView.lambda$new$0$android-view-SurfaceView:200 android.view.SurfaceView$$ExternalSyntheticLambda5.onPreDraw:2 
10-17 20:56:48.684 17496 17496 I SurfaceView@2d8fd01: updateSurface: mVisible = true mSurface.isValid() = true
10-17 20:56:48.684 17496 17496 I SurfaceView@2d8fd01: updateSurface: mSurfaceCreated = true surfaceChanged = false visibleChanged = false
10-17 20:56:48.684 17496 17496 V SurfaceView@2d8fd01: Layout: x=0 y=-1568 w=1080 h=525, frame=Rect(0, 0 - 1080, 525)
10-17 20:56:48.692 17496 17586 D SurfaceView@2d8fd01: updateSurfacePosition RenderWorker, frameNr = 666, position = [0, -1568, 1080, -1043] surfaceSize = 1080x525
10-17 20:56:48.693 17496 17586 I SurfaceView@2d8fd01: uSP: rtp = Rect(0, -1568 - 1080, -1043) rtsw = 1080 rtsh = 525
10-17 20:56:48.693 17496 17586 I SurfaceView@2d8fd01: onSSPAndSRT: pl = 0 pt = -1568 sx = 1.0 sy = 1.0
10-17 20:56:48.693 17496 17586 I SurfaceView@2d8fd01: aOrMT: ViewRootImpl@61e4548[MainActivity] t = android.view.SurfaceControl$Transaction@4482fc5 fN = 666 android.view.SurfaceView.-$$Nest$mapplyOrMergeTransaction:0 android.view.SurfaceView$SurfaceViewPositionUpdateListener.positionChanged:1537 android.graphics.RenderNode$CompositePositionUpdateListener.positionChanged:373 
10-17 20:56:48.693 17496 17586 I ViewRootImpl@61e4548[MainActivity]: mWNT: t=0x7b42c18000 mBlastBufferQueue=0x7b5a926800 fn= 666 caller= android.view.SurfaceView.applyOrMergeTransaction:1455 android.view.SurfaceView.-$$Nest$mapplyOrMergeTransaction:0 android.view.SurfaceView$SurfaceViewPositionUpdateListener.positionChanged:1537 
10-17 20:56:48.693 17496 17586 I ViewRootImpl@61e4548[MainActivity]: mWNT: t=0x7ae3085700 mBlastBufferQueue=0x7b5a926800 fn= 666 caller= android.view.ViewRootImpl.lambda$applyTransactionOnDraw$11$android-view-ViewRootImpl:12865 android.view.ViewRootImpl$$ExternalSyntheticLambda1.onFrameDraw:4 android.graphics.HardwareRenderer$FrameDrawingCallback.onFrameDraw:924 
10-17 20:56:48.698 17496 17496 I SurfaceView@2d8fd01: Changes: creating=false format=false size=false visible=false alpha=false hint=false mUseAlpha=false visible=false left=false top=true
10-17 20:56:48.699 17496 17496 I SurfaceView@2d8fd01: 47774977 Cur surface: Surface(name=null)/@0xcf9b910
10-17 20:56:48.699 17496 17496 I SurfaceView@2d8fd01: applyTransactionOnVriDraw: vri = ViewRootImpl@61e4548[MainActivity] fRS = false t = 0x7ae3085800 android.view.SurfaceView.performSurfaceTransaction:959 android.view.SurfaceView.updateSurface:1105 android.view.SurfaceView.lambda$new$0$android-view-SurfaceView:200 
10-17 20:56:48.699 17496 17496 I ViewRootImpl@61e4548[MainActivity]: applyTransactionOnDraw: mRemoved = false isHardwareEnabled = true t = 0x7ae3085800android.view.SurfaceView.applyTransactionOnVriDraw:2048 android.view.SurfaceView.performSurfaceTransaction:959 android.view.SurfaceView.updateSurface:1105 android.view.SurfaceView.lambda$new$0$android-view-SurfaceView:200 android.view.SurfaceView$$ExternalSyntheticLambda5.onPreDraw:2 
10-17 20:56:48.699 17496 17496 I SurfaceView@2d8fd01: updateSurface: mVisible = true mSurface.isValid() = true
10-17 20:56:48.699 17496 17496 I SurfaceView@2d8fd01: updateSurface: mSurfaceCreated = true surfaceChanged = false visibleChanged = false
10-17 20:56:48.699 17496 17496 V SurfaceView@2d8fd01: Layout: x=0 y=-1660 w=1080 h=525, frame=Rect(0, 0 - 1080, 525)
10-17 20:56:48.707 17496 17587 D SurfaceView@2d8fd01: updateSurfacePosition RenderWorker, frameNr = 667, position = [0, -1660, 1080, -1135] surfaceSize = 1080x525
10-17 20:56:48.707 17496 17587 I SurfaceView@2d8fd01: uSP: rtp = Rect(0, -1660 - 1080, -1135) rtsw = 1080 rtsh = 525
10-17 20:56:48.707 17496 17587 I SurfaceView@2d8fd01: onSSPAndSRT: pl = 0 pt = -1660 sx = 1.0 sy = 1.0
10-17 20:56:48.708 17496 17587 I SurfaceView@2d8fd01: aOrMT: ViewRootImpl@61e4548[MainActivity] t = android.view.SurfaceControl$Transaction@4482fc5 fN = 667 android.view.SurfaceView.-$$Nest$mapplyOrMergeTransaction:0 android.view.SurfaceView$SurfaceViewPositionUpdateListener.positionChanged:1537 android.graphics.RenderNode$CompositePositionUpdateListener.positionChanged:373 
10-17 20:56:48.708 17496 17587 I ViewRootImpl@61e4548[MainActivity]: mWNT: t=0x7b42c18000 mBlastBufferQueue=0x7b5a926800 fn= 667 caller= android.view.SurfaceView.applyOrMergeTransaction:1455 android.view.SurfaceView.-$$Nest$mapplyOrMergeTransaction:0 android.view.SurfaceView$SurfaceViewPositionUpdateListener.positionChanged:1537 
10-17 20:56:48.708 17496 17587 I ViewRootImpl@61e4548[MainActivity]: mWNT: t=0x7ae3085800 mBlastBufferQueue=0x7b5a926800 fn= 667 caller= android.view.ViewRootImpl.lambda$applyTransactionOnDraw$11$android-view-ViewRootImpl:12865 android.view.ViewRootImpl$$ExternalSyntheticLambda1.onFrameDraw:4 android.graphics.HardwareRenderer$FrameDrawingCallback.onFrameDraw:924 
10-17 20:56:48.715 17496 17496 I SurfaceView@2d8fd01: Changes: creating=false format=false size=false visible=false alpha=false hint=false mUseAlpha=false visible=false left=false top=true
10-17 20:56:48.715 17496 17496 I SurfaceView@2d8fd01: 47774977 Cur surface: Surface(name=null)/@0xcf9b910
10-17 20:56:48.716 17496 17496 I SurfaceView@2d8fd01: applyTransactionOnVriDraw: vri = ViewRootImpl@61e4548[MainActivity] fRS = false t = 0x7ae3085900 android.view.SurfaceView.performSurfaceTransaction:959 android.view.SurfaceView.updateSurface:1105 android.view.SurfaceView.lambda$new$0$android-view-SurfaceView:200 
10-17 20:56:48.716 17496 17496 I ViewRootImpl@61e4548[MainActivity]: applyTransactionOnDraw: mRemoved = false isHardwareEnabled = true t = 0x7ae3085900android.view.SurfaceView.applyTransactionOnVriDraw:2048 android.view.SurfaceView.performSurfaceTransaction:959 android.view.SurfaceView.updateSurface:1105 android.view.SurfaceView.lambda$new$0$android-view-SurfaceView:200 android.view.SurfaceView$$ExternalSyntheticLambda5.onPreDraw:2 
10-17 20:56:48.716 17496 17496 I SurfaceView@2d8fd01: updateSurface: mVisible = true mSurface.isValid() = true
10-17 20:56:48.716 17496 17496 I SurfaceView@2d8fd01: updateSurface: mSurfaceCreated = true surfaceChanged = false visibleChanged = false
10-17 20:56:48.716 17496 17496 V SurfaceView@2d8fd01: Layout: x=0 y=-1749 w=1080 h=525, frame=Rect(0, 0 - 1080, 525)
10-17 20:56:48.725 17496 17586 D SurfaceView@2d8fd01: updateSurfacePosition RenderWorker, frameNr = 668, position = [0, -1749, 1080, -1224] surfaceSize = 1080x525
10-17 20:56:48.725 17496 17586 I SurfaceView@2d8fd01: uSP: rtp = Rect(0, -1749 - 1080, -1224) rtsw = 1080 rtsh = 525
10-17 20:56:48.725 17496 17586 I SurfaceView@2d8fd01: onSSPAndSRT: pl = 0 pt = -1749 sx = 1.0 sy = 1.0
10-17 20:56:48.725 17496 17586 I SurfaceView@2d8fd01: aOrMT: ViewRootImpl@61e4548[MainActivity] t = android.view.SurfaceControl$Transaction@4482fc5 fN = 668 android.view.SurfaceView.-$$Nest$mapplyOrMergeTransaction:0 android.view.SurfaceView$SurfaceViewPositionUpdateListener.positionChanged:1537 android.graphics.RenderNode$CompositePositionUpdateListener.positionChanged:373 
10-17 20:56:48.725 17496 17586 I ViewRootImpl@61e4548[MainActivity]: mWNT: t=0x7b42c18000 mBlastBufferQueue=0x7b5a926800 fn= 668 caller= android.view.SurfaceView.applyOrMergeTransaction:1455 android.view.SurfaceView.-$$Nest$mapplyOrMergeTransaction:0 android.view.SurfaceView$SurfaceViewPositionUpdateListener.positionChanged:1537 
10-17 20:56:48.726 17496 17586 I ViewRootImpl@61e4548[MainActivity]: mWNT: t=0x7ae3085900 mBlastBufferQueue=0x7b5a926800 fn= 668 caller= android.view.ViewRootImpl.lambda$applyTransactionOnDraw$11$android-view-ViewRootImpl:12865 android.view.ViewRootImpl$$ExternalSyntheticLambda1.onFrameDraw:4 android.graphics.HardwareRenderer$FrameDrawingCallback.onFrameDraw:924 
10-17 20:56:48.732 17496 17496 I SurfaceView@2d8fd01: Changes: creating=false format=false size=false visible=false alpha=false hint=false mUseAlpha=false visible=false left=false top=true
10-17 20:56:48.732 17496 17496 I SurfaceView@2d8fd01: 47774977 Cur surface: Surface(name=null)/@0xcf9b910
10-17 20:56:48.732 17496 17496 I SurfaceView@2d8fd01: applyTransactionOnVriDraw: vri = ViewRootImpl@61e4548[MainActivity] fRS = false t = 0x7ae3085b00 android.view.SurfaceView.performSurfaceTransaction:959 android.view.SurfaceView.updateSurface:1105 android.view.SurfaceView.lambda$new$0$android-view-SurfaceView:200 
10-17 20:56:48.733 17496 17496 I ViewRootImpl@61e4548[MainActivity]: applyTransactionOnDraw: mRemoved = false isHardwareEnabled = true t = 0x7ae3085b00android.view.SurfaceView.applyTransactionOnVriDraw:2048 android.view.SurfaceView.performSurfaceTransaction:959 android.view.SurfaceView.updateSurface:1105 android.view.SurfaceView.lambda$new$0$android-view-SurfaceView:200 android.view.SurfaceView$$ExternalSyntheticLambda5.onPreDraw:2 
10-17 20:56:48.733 17496 17496 I SurfaceView@2d8fd01: updateSurface: mVisible = true mSurface.isValid() = true
10-17 20:56:48.733 17496 17496 I SurfaceView@2d8fd01: updateSurface: mSurfaceCreated = true surfaceChanged = false visibleChanged = false
10-17 20:56:48.733 17496 17496 V SurfaceView@2d8fd01: Layout: x=0 y=-1830 w=1080 h=525, frame=Rect(0, 0 - 1080, 525)
10-17 20:56:48.739 17496 17587 D SurfaceView@2d8fd01: updateSurfacePosition RenderWorker, frameNr = 669, position = [0, -1830, 1080, -1305] surfaceSize = 1080x525
10-17 20:56:48.739 17496 17587 I SurfaceView@2d8fd01: uSP: rtp = Rect(0, -1830 - 1080, -1305) rtsw = 1080 rtsh = 525
10-17 20:56:48.739 17496 17587 I SurfaceView@2d8fd01: onSSPAndSRT: pl = 0 pt = -1830 sx = 1.0 sy = 1.0
10-17 20:56:48.739 17496 17587 I SurfaceView@2d8fd01: aOrMT: ViewRootImpl@61e4548[MainActivity] t = android.view.SurfaceControl$Transaction@4482fc5 fN = 669 android.view.SurfaceView.-$$Nest$mapplyOrMergeTransaction:0 android.view.SurfaceView$SurfaceViewPositionUpdateListener.positionChanged:1537 android.graphics.RenderNode$CompositePositionUpdateListener.positionChanged:373 
10-17 20:56:48.740 17496 17587 I ViewRootImpl@61e4548[MainActivity]: mWNT: t=0x7b42c18000 mBlastBufferQueue=0x7b5a926800 fn= 669 caller= android.view.SurfaceView.applyOrMergeTransaction:1455 android.view.SurfaceView.-$$Nest$mapplyOrMergeTransaction:0 android.view.SurfaceView$SurfaceViewPositionUpdateListener.positionChanged:1537 
10-17 20:56:48.740 17496 17587 I ViewRootImpl@61e4548[MainActivity]: mWNT: t=0x7ae3085b00 mBlastBufferQueue=0x7b5a926800 fn= 669 caller= android.view.ViewRootImpl.lambda$applyTransactionOnDraw$11$android-view-ViewRootImpl:12865 android.view.ViewRootImpl$$ExternalSyntheticLambda1.onFrameDraw:4 android.graphics.HardwareRenderer$FrameDrawingCallback.onFrameDraw:924 
10-17 20:56:48.749 17496 17496 I SurfaceView@2d8fd01: Changes: creating=false format=false size=false visible=false alpha=false hint=false mUseAlpha=false visible=false left=false top=true
10-17 20:56:48.749 17496 17496 I SurfaceView@2d8fd01: 47774977 Cur surface: Surface(name=null)/@0xcf9b910
10-17 20:56:48.750 17496 17496 I SurfaceView@2d8fd01: applyTransactionOnVriDraw: vri = ViewRootImpl@61e4548[MainActivity] fRS = false t = 0x7ae3085c00 android.view.SurfaceView.performSurfaceTransaction:959 android.view.SurfaceView.updateSurface:1105 android.view.SurfaceView.lambda$new$0$android-view-SurfaceView:200 
10-17 20:56:48.750 17496 17496 I ViewRootImpl@61e4548[MainActivity]: applyTransactionOnDraw: mRemoved = false isHardwareEnabled = true t = 0x7ae3085c00android.view.SurfaceView.applyTransactionOnVriDraw:2048 android.view.SurfaceView.performSurfaceTransaction:959 android.view.SurfaceView.updateSurface:1105 android.view.SurfaceView.lambda$new$0$android-view-SurfaceView:200 android.view.SurfaceView$$ExternalSyntheticLambda5.onPreDraw:2 
10-17 20:56:48.750 17496 17496 I SurfaceView@2d8fd01: updateSurface: mVisible = true mSurface.isValid() = true
10-17 20:56:48.750 17496 17496 I SurfaceView@2d8fd01: updateSurface: mSurfaceCreated = true surfaceChanged = false visibleChanged = false
10-17 20:56:48.750 17496 17496 V SurfaceView@2d8fd01: Layout: x=0 y=-1912 w=1080 h=525, frame=Rect(0, 0 - 1080, 525)
10-17 20:56:48.756 17496 17586 D SurfaceView@2d8fd01: updateSurfacePosition RenderWorker, frameNr = 670, position = [0, -1912, 1080, -1387] surfaceSize = 1080x525
10-17 20:56:48.756 17496 17586 I SurfaceView@2d8fd01: uSP: rtp = Rect(0, -1912 - 1080, -1387) rtsw = 1080 rtsh = 525
10-17 20:56:48.756 17496 17586 I SurfaceView@2d8fd01: onSSPAndSRT: pl = 0 pt = -1912 sx = 1.0 sy = 1.0
10-17 20:56:48.756 17496 17586 I SurfaceView@2d8fd01: aOrMT: ViewRootImpl@61e4548[MainActivity] t = android.view.SurfaceControl$Transaction@4482fc5 fN = 670 android.view.SurfaceView.-$$Nest$mapplyOrMergeTransaction:0 android.view.SurfaceView$SurfaceViewPositionUpdateListener.positionChanged:1537 android.graphics.RenderNode$CompositePositionUpdateListener.positionChanged:373 
10-17 20:56:48.756 17496 17586 I ViewRootImpl@61e4548[MainActivity]: mWNT: t=0x7b42c18000 mBlastBufferQueue=0x7b5a926800 fn= 670 caller= android.view.SurfaceView.applyOrMergeTransaction:1455 android.view.SurfaceView.-$$Nest$mapplyOrMergeTransaction:0 android.view.SurfaceView$SurfaceViewPositionUpdateListener.positionChanged:1537 
10-17 20:56:48.756 17496 17586 I ViewRootImpl@61e4548[MainActivity]: mWNT: t=0x7ae3085c00 mBlastBufferQueue=0x7b5a926800 fn= 670 caller= android.view.ViewRootImpl.lambda$applyTransactionOnDraw$11$android-view-ViewRootImpl:12865 android.view.ViewRootImpl$$ExternalSyntheticLambda1.onFrameDraw:4 android.graphics.HardwareRenderer$FrameDrawingCallback.onFrameDraw:924 
10-17 20:56:48.766 17496 17496 I SurfaceView@2d8fd01: Changes: creating=false format=false size=false visible=false alpha=false hint=false mUseAlpha=false visible=false left=false top=true
10-17 20:56:48.767 17496 17496 I SurfaceView@2d8fd01: 47774977 Cur surface: Surface(name=null)/@0xcf9b910
10-17 20:56:48.767 17496 17496 I SurfaceView@2d8fd01: applyTransactionOnVriDraw: vri = ViewRootImpl@61e4548[MainActivity] fRS = false t = 0x7ae3085e00 android.view.SurfaceView.performSurfaceTransaction:959 android.view.SurfaceView.updateSurface:1105 android.view.SurfaceView.lambda$new$0$android-view-SurfaceView:200 
10-17 20:56:48.767 17496 17496 I ViewRootImpl@61e4548[MainActivity]: applyTransactionOnDraw: mRemoved = false isHardwareEnabled = true t = 0x7ae3085e00android.view.SurfaceView.applyTransactionOnVriDraw:2048 android.view.SurfaceView.performSurfaceTransaction:959 android.view.SurfaceView.updateSurface:1105 android.view.SurfaceView.lambda$new$0$android-view-SurfaceView:200 android.view.SurfaceView$$ExternalSyntheticLambda5.onPreDraw:2 
10-17 20:56:48.767 17496 17496 I SurfaceView@2d8fd01: updateSurface: mVisible = true mSurface.isValid() = true
