10-16 17:44:14.138 17186 17186 I SurfaceView@d007ee0: updateSurface: mVisible = true mSurface.isValid() = true
10-16 17:44:14.138 17186 17186 I SurfaceView@d007ee0: updateSurface: mSurfaceCreated = true surfaceChanged = false visibleChanged = false
10-16 17:44:14.138 17186 17186 V SurfaceView@d007ee0: Layout: x=0 y=-695 w=1080 h=525, frame=Rect(0, 0 - 1080, 525)
10-16 17:44:14.144 17186 17270 D SurfaceView@d007ee0: updateSurfacePosition RenderWorker, frameNr = 658, position = [0, -695, 1080, -170] surfaceSize = 1080x525
10-16 17:44:14.144 17186 17270 I SurfaceView@d007ee0: uSP: rtp = Rect(0, -695 - 1080, -170) rtsw = 1080 rtsh = 525
10-16 17:44:14.144 17186 17270 I SurfaceView@d007ee0: onSSPAndSRT: pl = 0 pt = -695 sx = 1.0 sy = 1.0
10-16 17:44:14.144 17186 17270 I SurfaceView@d007ee0: aOrMT: ViewRootImpl@562a9cf[MainActivity] t = android.view.SurfaceControl$Transaction@7843e4a fN = 658 android.view.SurfaceView.-$$Nest$mapplyOrMergeTransaction:0 android.view.SurfaceView$SurfaceViewPositionUpdateListener.positionChanged:1537 android.graphics.RenderNode$CompositePositionUpdateListener.positionChanged:373 
10-16 17:44:14.144 17186 17270 I ViewRootImpl@562a9cf[MainActivity]: mWNT: t=0x7b31469100 mBlastBufferQueue=0x7b49432100 fn= 658 caller= android.view.SurfaceView.applyOrMergeTransaction:1455 android.view.SurfaceView.-$$Nest$mapplyOrMergeTransaction:0 android.view.SurfaceView$SurfaceViewPositionUpdateListener.positionChanged:1537 
10-16 17:44:14.144 17186 17270 I ViewRootImpl@562a9cf[MainActivity]: mWNT: t=0x7bed808a00 mBlastBufferQueue=0x7b49432100 fn= 658 caller= android.view.ViewRootImpl.lambda$applyTransactionOnDraw$11$android-view-ViewRootImpl:12865 android.view.ViewRootImpl$$ExternalSyntheticLambda1.onFrameDraw:4 android.graphics.HardwareRenderer$FrameDrawingCallback.onFrameDraw:924 
10-16 17:44:14.153 17186 17186 I SurfaceView@d007ee0: Changes: creating=false format=false size=false visible=false alpha=false hint=false mUseAlpha=false visible=false left=false top=true
10-16 17:44:14.153 17186 17186 I SurfaceView@d007ee0: 218136288 Cur surface: Surface(name=null)/@0xb6634f9
10-16 17:44:14.154 17186 17186 I SurfaceView@d007ee0: applyTransactionOnVriDraw: vri = ViewRootImpl@562a9cf[MainActivity] fRS = false t = 0x7bed808b00 android.view.SurfaceView.performSurfaceTransaction:959 android.view.SurfaceView.updateSurface:1105 android.view.SurfaceView.lambda$new$0$android-view-SurfaceView:200 
10-16 17:44:14.154 17186 17186 I ViewRootImpl@562a9cf[MainActivity]: applyTransactionOnDraw: mRemoved = false isHardwareEnabled = true t = 0x7bed808b00android.view.SurfaceView.applyTransactionOnVriDraw:2048 android.view.SurfaceView.performSurfaceTransaction:959 android.view.SurfaceView.updateSurface:1105 android.view.SurfaceView.lambda$new$0$android-view-SurfaceView:200 android.view.SurfaceView$$ExternalSyntheticLambda5.onPreDraw:2 
10-16 17:44:14.154 17186 17186 I SurfaceView@d007ee0: updateSurface: mVisible = true mSurface.isValid() = true
10-16 17:44:14.154 17186 17186 I SurfaceView@d007ee0: updateSurface: mSurfaceCreated = true surfaceChanged = false visibleChanged = false
10-16 17:44:14.154 17186 17186 V SurfaceView@d007ee0: Layout: x=0 y=-727 w=1080 h=525, frame=Rect(0, 0 - 1080, 525)
10-16 17:44:14.161 17186 17271 D SurfaceView@d007ee0: updateSurfacePosition RenderWorker, frameNr = 659, position = [0, -727, 1080, -202] surfaceSize = 1080x525
10-16 17:44:14.161 17186 17271 I SurfaceView@d007ee0: uSP: rtp = Rect(0, -727 - 1080, -202) rtsw = 1080 rtsh = 525
10-16 17:44:14.161 17186 17271 I SurfaceView@d007ee0: onSSPAndSRT: pl = 0 pt = -727 sx = 1.0 sy = 1.0
10-16 17:44:14.162 17186 17271 I SurfaceView@d007ee0: aOrMT: ViewRootImpl@562a9cf[MainActivity] t = android.view.SurfaceControl$Transaction@7843e4a fN = 659 android.view.SurfaceView.-$$Nest$mapplyOrMergeTransaction:0 android.view.SurfaceView$SurfaceViewPositionUpdateListener.positionChanged:1537 android.graphics.RenderNode$CompositePositionUpdateListener.positionChanged:373 
10-16 17:44:14.162 17186 17271 I ViewRootImpl@562a9cf[MainActivity]: mWNT: t=0x7b31469100 mBlastBufferQueue=0x7b49432100 fn= 659 caller= android.view.SurfaceView.applyOrMergeTransaction:1455 android.view.SurfaceView.-$$Nest$mapplyOrMergeTransaction:0 android.view.SurfaceView$SurfaceViewPositionUpdateListener.positionChanged:1537 
10-16 17:44:14.162 17186 17271 I ViewRootImpl@562a9cf[MainActivity]: mWNT: t=0x7bed808b00 mBlastBufferQueue=0x7b49432100 fn= 659 caller= android.view.ViewRootImpl.lambda$applyTransactionOnDraw$11$android-view-ViewRootImpl:12865 android.view.ViewRootImpl$$ExternalSyntheticLambda1.onFrameDraw:4 android.graphics.HardwareRenderer$FrameDrawingCallback.onFrameDraw:924 
10-16 17:44:14.171 17186 17186 I SurfaceView@d007ee0: Changes: creating=false format=false size=false visible=false alpha=false hint=false mUseAlpha=false visible=false left=false top=true
10-16 17:44:14.171 17186 17186 I SurfaceView@d007ee0: 218136288 Cur surface: Surface(name=null)/@0xb6634f9
10-16 17:44:14.172 17186 17186 I SurfaceView@d007ee0: applyTransactionOnVriDraw: vri = ViewRootImpl@562a9cf[MainActivity] fRS = false t = 0x7bed808c00 android.view.SurfaceView.performSurfaceTransaction:959 android.view.SurfaceView.updateSurface:1105 android.view.SurfaceView.lambda$new$0$android-view-SurfaceView:200 
10-16 17:44:14.172 17186 17186 I ViewRootImpl@562a9cf[MainActivity]: applyTransactionOnDraw: mRemoved = false isHardwareEnabled = true t = 0x7bed808c00android.view.SurfaceView.applyTransactionOnVriDraw:2048 android.view.SurfaceView.performSurfaceTransaction:959 android.view.SurfaceView.updateSurface:1105 android.view.SurfaceView.lambda$new$0$android-view-SurfaceView:200 android.view.SurfaceView$$ExternalSyntheticLambda5.onPreDraw:2 
10-16 17:44:14.172 17186 17186 I SurfaceView@d007ee0: updateSurface: mVisible = true mSurface.isValid() = true
10-16 17:44:14.172 17186 17186 I SurfaceView@d007ee0: updateSurface: mSurfaceCreated = true surfaceChanged = false visibleChanged = false
10-16 17:44:14.172 17186 17186 V SurfaceView@d007ee0: Layout: x=0 y=-755 w=1080 h=525, frame=Rect(0, 0 - 1080, 525)
10-16 17:44:14.182 17186 17270 D SurfaceView@d007ee0: updateSurfacePosition RenderWorker, frameNr = 660, position = [0, -755, 1080, -230] surfaceSize = 1080x525
10-16 17:44:14.182 17186 17270 I SurfaceView@d007ee0: uSP: rtp = Rect(0, -755 - 1080, -230) rtsw = 1080 rtsh = 525
10-16 17:44:14.182 17186 17270 I SurfaceView@d007ee0: onSSPAndSRT: pl = 0 pt = -755 sx = 1.0 sy = 1.0
10-16 17:44:14.182 17186 17270 I SurfaceView@d007ee0: aOrMT: ViewRootImpl@562a9cf[MainActivity] t = android.view.SurfaceControl$Transaction@7843e4a fN = 660 android.view.SurfaceView.-$$Nest$mapplyOrMergeTransaction:0 android.view.SurfaceView$SurfaceViewPositionUpdateListener.positionChanged:1537 android.graphics.RenderNode$CompositePositionUpdateListener.positionChanged:373 
10-16 17:44:14.182 17186 17270 I ViewRootImpl@562a9cf[MainActivity]: mWNT: t=0x7b31469100 mBlastBufferQueue=0x7b49432100 fn= 660 caller= android.view.SurfaceView.applyOrMergeTransaction:1455 android.view.SurfaceView.-$$Nest$mapplyOrMergeTransaction:0 android.view.SurfaceView$SurfaceViewPositionUpdateListener.positionChanged:1537 
10-16 17:44:14.182 17186 17270 I ViewRootImpl@562a9cf[MainActivity]: mWNT: t=0x7bed808c00 mBlastBufferQueue=0x7b49432100 fn= 660 caller= android.view.ViewRootImpl.lambda$applyTransactionOnDraw$11$android-view-ViewRootImpl:12865 android.view.ViewRootImpl$$ExternalSyntheticLambda1.onFrameDraw:4 android.graphics.HardwareRenderer$FrameDrawingCallback.onFrameDraw:924 
10-16 17:44:14.187 17186 17186 I SurfaceView@d007ee0: Changes: creating=false format=false size=false visible=false alpha=false hint=false mUseAlpha=false visible=false left=false top=true
10-16 17:44:14.188 17186 17186 I SurfaceView@d007ee0: 218136288 Cur surface: Surface(name=null)/@0xb6634f9
10-16 17:44:14.188 17186 17186 I SurfaceView@d007ee0: applyTransactionOnVriDraw: vri = ViewRootImpl@562a9cf[MainActivity] fRS = false t = 0x7bed808d00 android.view.SurfaceView.performSurfaceTransaction:959 android.view.SurfaceView.updateSurface:1105 android.view.SurfaceView.lambda$new$0$android-view-SurfaceView:200 
10-16 17:44:14.188 17186 17186 I ViewRootImpl@562a9cf[MainActivity]: applyTransactionOnDraw: mRemoved = false isHardwareEnabled = true t = 0x7bed808d00android.view.SurfaceView.applyTransactionOnVriDraw:2048 android.view.SurfaceView.performSurfaceTransaction:959 android.view.SurfaceView.updateSurface:1105 android.view.SurfaceView.lambda$new$0$android-view-SurfaceView:200 android.view.SurfaceView$$ExternalSyntheticLambda5.onPreDraw:2 
10-16 17:44:14.188 17186 17186 I SurfaceView@d007ee0: updateSurface: mVisible = true mSurface.isValid() = true
10-16 17:44:14.188 17186 17186 I SurfaceView@d007ee0: updateSurface: mSurfaceCreated = true surfaceChanged = false visibleChanged = false
10-16 17:44:14.189 17186 17186 V SurfaceView@d007ee0: Layout: x=0 y=-784 w=1080 h=525, frame=Rect(0, 0 - 1080, 525)
10-16 17:44:14.197 17186 17271 D SurfaceView@d007ee0: updateSurfacePosition RenderWorker, frameNr = 661, position = [0, -784, 1080, -259] surfaceSize = 1080x525
10-16 17:44:14.197 17186 17271 I SurfaceView@d007ee0: uSP: rtp = Rect(0, -784 - 1080, -259) rtsw = 1080 rtsh = 525
10-16 17:44:14.197 17186 17271 I SurfaceView@d007ee0: onSSPAndSRT: pl = 0 pt = -784 sx = 1.0 sy = 1.0
10-16 17:44:14.198 17186 17271 I SurfaceView@d007ee0: aOrMT: ViewRootImpl@562a9cf[MainActivity] t = android.view.SurfaceControl$Transaction@7843e4a fN = 661 android.view.SurfaceView.-$$Nest$mapplyOrMergeTransaction:0 android.view.SurfaceView$SurfaceViewPositionUpdateListener.positionChanged:1537 android.graphics.RenderNode$CompositePositionUpdateListener.positionChanged:373 
10-16 17:44:14.198 17186 17271 I ViewRootImpl@562a9cf[MainActivity]: mWNT: t=0x7b31469100 mBlastBufferQueue=0x7b49432100 fn= 661 caller= android.view.SurfaceView.applyOrMergeTransaction:1455 android.view.SurfaceView.-$$Nest$mapplyOrMergeTransaction:0 android.view.SurfaceView$SurfaceViewPositionUpdateListener.positionChanged:1537 
10-16 17:44:14.198 17186 17271 I ViewRootImpl@562a9cf[MainActivity]: mWNT: t=0x7bed808d00 mBlastBufferQueue=0x7b49432100 fn= 661 caller= android.view.ViewRootImpl.lambda$applyTransactionOnDraw$11$android-view-ViewRootImpl:12865 android.view.ViewRootImpl$$ExternalSyntheticLambda1.onFrameDraw:4 android.graphics.HardwareRenderer$FrameDrawingCallback.onFrameDraw:924 
10-16 17:44:14.205 17186 17186 I SurfaceView@d007ee0: Changes: creating=false format=false size=false visible=false alpha=false hint=false mUseAlpha=false visible=false left=false top=true
10-16 17:44:14.205 17186 17186 I SurfaceView@d007ee0: 218136288 Cur surface: Surface(name=null)/@0xb6634f9
10-16 17:44:14.206 17186 17186 I SurfaceView@d007ee0: applyTransactionOnVriDraw: vri = ViewRootImpl@562a9cf[MainActivity] fRS = false t = 0x7bed808e00 android.view.SurfaceView.performSurfaceTransaction:959 android.view.SurfaceView.updateSurface:1105 android.view.SurfaceView.lambda$new$0$android-view-SurfaceView:200 
10-16 17:44:14.206 17186 17186 I ViewRootImpl@562a9cf[MainActivity]: applyTransactionOnDraw: mRemoved = false isHardwareEnabled = true t = 0x7bed808e00android.view.SurfaceView.applyTransactionOnVriDraw:2048 android.view.SurfaceView.performSurfaceTransaction:959 android.view.SurfaceView.updateSurface:1105 android.view.SurfaceView.lambda$new$0$android-view-SurfaceView:200 android.view.SurfaceView$$ExternalSyntheticLambda5.onPreDraw:2 
10-16 17:44:14.206 17186 17186 I SurfaceView@d007ee0: updateSurface: mVisible = true mSurface.isValid() = true
10-16 17:44:14.206 17186 17186 I SurfaceView@d007ee0: updateSurface: mSurfaceCreated = true surfaceChanged = false visibleChanged = false
10-16 17:44:14.206 17186 17186 V SurfaceView@d007ee0: Layout: x=0 y=-811 w=1080 h=525, frame=Rect(0, 0 - 1080, 525)
10-16 17:44:14.214 17186 17270 D SurfaceView@d007ee0: updateSurfacePosition RenderWorker, frameNr = 662, position = [0, -811, 1080, -286] surfaceSize = 1080x525
10-16 17:44:14.214 17186 17270 I SurfaceView@d007ee0: uSP: rtp = Rect(0, -811 - 1080, -286) rtsw = 1080 rtsh = 525
10-16 17:44:14.214 17186 17270 I SurfaceView@d007ee0: onSSPAndSRT: pl = 0 pt = -811 sx = 1.0 sy = 1.0
10-16 17:44:14.214 17186 17270 I SurfaceView@d007ee0: aOrMT: ViewRootImpl@562a9cf[MainActivity] t = android.view.SurfaceControl$Transaction@7843e4a fN = 662 android.view.SurfaceView.-$$Nest$mapplyOrMergeTransaction:0 android.view.SurfaceView$SurfaceViewPositionUpdateListener.positionChanged:1537 android.graphics.RenderNode$CompositePositionUpdateListener.positionChanged:373 
10-16 17:44:14.214 17186 17270 I ViewRootImpl@562a9cf[MainActivity]: mWNT: t=0x7b31469100 mBlastBufferQueue=0x7b49432100 fn= 662 caller= android.view.SurfaceView.applyOrMergeTransaction:1455 android.view.SurfaceView.-$$Nest$mapplyOrMergeTransaction:0 android.view.SurfaceView$SurfaceViewPositionUpdateListener.positionChanged:1537 
10-16 17:44:14.215 17186 17270 I ViewRootImpl@562a9cf[MainActivity]: mWNT: t=0x7bed808e00 mBlastBufferQueue=0x7b49432100 fn= 662 caller= android.view.ViewRootImpl.lambda$applyTransactionOnDraw$11$android-view-ViewRootImpl:12865 android.view.ViewRootImpl$$ExternalSyntheticLambda1.onFrameDraw:4 android.graphics.HardwareRenderer$FrameDrawingCallback.onFrameDraw:924 
10-16 17:44:14.218 17186 17186 I SurfaceView@d007ee0: Changes: creating=false format=false size=false visible=false alpha=false hint=false mUseAlpha=false visible=false left=false top=true
10-16 17:44:14.219 17186 17186 I SurfaceView@d007ee0: 218136288 Cur surface: Surface(name=null)/@0xb6634f9
10-16 17:44:14.219 17186 17186 I SurfaceView@d007ee0: applyTransactionOnVriDraw: vri = ViewRootImpl@562a9cf[MainActivity] fRS = false t = 0x7bed808f00 android.view.SurfaceView.performSurfaceTransaction:959 android.view.SurfaceView.updateSurface:1105 android.view.SurfaceView.lambda$new$0$android-view-SurfaceView:200 
10-16 17:44:14.219 17186 17186 I ViewRootImpl@562a9cf[MainActivity]: applyTransactionOnDraw: mRemoved = false isHardwareEnabled = true t = 0x7bed808f00android.view.SurfaceView.applyTransactionOnVriDraw:2048 android.view.SurfaceView.performSurfaceTransaction:959 android.view.SurfaceView.updateSurface:1105 android.view.SurfaceView.lambda$new$0$android-view-SurfaceView:200 android.view.SurfaceView$$ExternalSyntheticLambda5.onPreDraw:2 
10-16 17:44:14.219 17186 17186 I SurfaceView@d007ee0: updateSurface: mVisible = true mSurface.isValid() = true
10-16 17:44:14.219 17186 17186 I SurfaceView@d007ee0: updateSurface: mSurfaceCreated = true surfaceChanged = false visibleChanged = false
10-16 17:44:14.219 17186 17186 V SurfaceView@d007ee0: Layout: x=0 y=-836 w=1080 h=525, frame=Rect(0, 0 - 1080, 525)
10-16 17:44:14.230 17186 17271 D SurfaceView@d007ee0: updateSurfacePosition RenderWorker, frameNr = 663, position = [0, -836, 1080, -311] surfaceSize = 1080x525
10-16 17:44:14.230 17186 17271 I SurfaceView@d007ee0: uSP: rtp = Rect(0, -836 - 1080, -311) rtsw = 1080 rtsh = 525
10-16 17:44:14.230 17186 17271 I SurfaceView@d007ee0: onSSPAndSRT: pl = 0 pt = -836 sx = 1.0 sy = 1.0
10-16 17:44:14.230 17186 17271 I SurfaceView@d007ee0: aOrMT: ViewRootImpl@562a9cf[MainActivity] t = android.view.SurfaceControl$Transaction@7843e4a fN = 663 android.view.SurfaceView.-$$Nest$mapplyOrMergeTransaction:0 android.view.SurfaceView$SurfaceViewPositionUpdateListener.positionChanged:1537 android.graphics.RenderNode$CompositePositionUpdateListener.positionChanged:373 
10-16 17:44:14.231 17186 17271 I ViewRootImpl@562a9cf[MainActivity]: mWNT: t=0x7b31469100 mBlastBufferQueue=0x7b49432100 fn= 663 caller= android.view.SurfaceView.applyOrMergeTransaction:1455 android.view.SurfaceView.-$$Nest$mapplyOrMergeTransaction:0 android.view.SurfaceView$SurfaceViewPositionUpdateListener.positionChanged:1537 
10-16 17:44:14.231 17186 17271 I ViewRootImpl@562a9cf[MainActivity]: mWNT: t=0x7bed808f00 mBlastBufferQueue=0x7b49432100 fn= 663 caller= android.view.ViewRootImpl.lambda$applyTransactionOnDraw$11$android-view-ViewRootImpl:12865 android.view.ViewRootImpl$$ExternalSyntheticLambda1.onFrameDraw:4 android.graphics.HardwareRenderer$FrameDrawingCallback.onFrameDraw:924 
10-16 17:44:14.235 17186 17186 I SurfaceView@d007ee0: Changes: creating=false format=false size=false visible=false alpha=false hint=false mUseAlpha=false visible=false left=false top=true
10-16 17:44:14.235 17186 17186 I SurfaceView@d007ee0: 218136288 Cur surface: Surface(name=null)/@0xb6634f9
10-16 17:44:14.235 17186 17186 I SurfaceView@d007ee0: applyTransactionOnVriDraw: vri = ViewRootImpl@562a9cf[MainActivity] fRS = false t = 0x7af5bcf000 android.view.SurfaceView.performSurfaceTransaction:959 android.view.SurfaceView.updateSurface:1105 android.view.SurfaceView.lambda$new$0$android-view-SurfaceView:200 
10-16 17:44:14.236 17186 17186 I ViewRootImpl@562a9cf[MainActivity]: applyTransactionOnDraw: mRemoved = false isHardwareEnabled = true t = 0x7af5bcf000android.view.SurfaceView.applyTransactionOnVriDraw:2048 android.view.SurfaceView.performSurfaceTransaction:959 android.view.SurfaceView.updateSurface:1105 android.view.SurfaceView.lambda$new$0$android-view-SurfaceView:200 android.view.SurfaceView$$ExternalSyntheticLambda5.onPreDraw:2 
10-16 17:44:14.236 17186 17186 I SurfaceView@d007ee0: updateSurface: mVisible = true mSurface.isValid() = true
10-16 17:44:14.236 17186 17186 I SurfaceView@d007ee0: updateSurface: mSurfaceCreated = true surfaceChanged = false visibleChanged = false
10-16 17:44:14.236 17186 17186 V SurfaceView@d007ee0: Layout: x=0 y=-861 w=1080 h=525, frame=Rect(0, 0 - 1080, 525)
10-16 17:44:14.250 17186 17270 D SurfaceView@d007ee0: updateSurfacePosition RenderWorker, frameNr = 664, position = [0, -861, 1080, -336] surfaceSize = 1080x525
10-16 17:44:14.250 17186 17270 I SurfaceView@d007ee0: uSP: rtp = Rect(0, -861 - 1080, -336) rtsw = 1080 rtsh = 525
10-16 17:44:14.250 17186 17270 I SurfaceView@d007ee0: onSSPAndSRT: pl = 0 pt = -861 sx = 1.0 sy = 1.0
10-16 17:44:14.250 17186 17270 I SurfaceView@d007ee0: aOrMT: ViewRootImpl@562a9cf[MainActivity] t = android.view.SurfaceControl$Transaction@7843e4a fN = 664 android.view.SurfaceView.-$$Nest$mapplyOrMergeTransaction:0 android.view.SurfaceView$SurfaceViewPositionUpdateListener.positionChanged:1537 android.graphics.RenderNode$CompositePositionUpdateListener.positionChanged:373 
10-16 17:44:14.250 17186 17270 I ViewRootImpl@562a9cf[MainActivity]: mWNT: t=0x7b31469100 mBlastBufferQueue=0x7b49432100 fn= 664 caller= android.view.SurfaceView.applyOrMergeTransaction:1455 android.view.SurfaceView.-$$Nest$mapplyOrMergeTransaction:0 android.view.SurfaceView$SurfaceViewPositionUpdateListener.positionChanged:1537 
10-16 17:44:14.250 17186 17270 I ViewRootImpl@562a9cf[MainActivity]: mWNT: t=0x7af5bcf000 mBlastBufferQueue=0x7b49432100 fn= 664 caller= android.view.ViewRootImpl.lambda$applyTransactionOnDraw$11$android-view-ViewRootImpl:12865 android.view.ViewRootImpl$$ExternalSyntheticLambda1.onFrameDraw:4 android.graphics.HardwareRenderer$FrameDrawingCallback.onFrameDraw:924 
10-16 17:44:14.252 17186 17186 I SurfaceView@d007ee0: Changes: creating=false format=false size=false visible=false alpha=false hint=false mUseAlpha=false visible=false left=false top=true
10-16 17:44:14.252 17186 17186 I SurfaceView@d007ee0: 218136288 Cur surface: Surface(name=null)/@0xb6634f9
10-16 17:44:14.252 17186 17186 I SurfaceView@d007ee0: applyTransactionOnVriDraw: vri = ViewRootImpl@562a9cf[MainActivity] fRS = false t = 0x7af5bcf100 android.view.SurfaceView.performSurfaceTransaction:959 android.view.SurfaceView.updateSurface:1105 android.view.SurfaceView.lambda$new$0$android-view-SurfaceView:200 
10-16 17:44:14.252 17186 17186 I ViewRootImpl@562a9cf[MainActivity]: applyTransactionOnDraw: mRemoved = false isHardwareEnabled = true t = 0x7af5bcf100android.view.SurfaceView.applyTransactionOnVriDraw:2048 android.view.SurfaceView.performSurfaceTransaction:959 android.view.SurfaceView.updateSurface:1105 android.view.SurfaceView.lambda$new$0$android-view-SurfaceView:200 android.view.SurfaceView$$ExternalSyntheticLambda5.onPreDraw:2 
10-16 17:44:14.253 17186 17186 I SurfaceView@d007ee0: updateSurface: mVisible = true mSurface.isValid() = true
10-16 17:44:14.253 17186 17186 I SurfaceView@d007ee0: updateSurface: mSurfaceCreated = true surfaceChanged = false visibleChanged = false
10-16 17:44:14.253 17186 17186 V SurfaceView@d007ee0: Layout: x=0 y=-884 w=1080 h=525, frame=Rect(0, 0 - 1080, 525)
10-16 17:44:14.265 17186 17271 D SurfaceView@d007ee0: updateSurfacePosition RenderWorker, frameNr = 665, position = [0, -884, 1080, -359] surfaceSize = 1080x525
10-16 17:44:14.265 17186 17271 I SurfaceView@d007ee0: uSP: rtp = Rect(0, -884 - 1080, -359) rtsw = 1080 rtsh = 525
10-16 17:44:14.265 17186 17271 I SurfaceView@d007ee0: onSSPAndSRT: pl = 0 pt = -884 sx = 1.0 sy = 1.0
10-16 17:44:14.265 17186 17271 I SurfaceView@d007ee0: aOrMT: ViewRootImpl@562a9cf[MainActivity] t = android.view.SurfaceControl$Transaction@7843e4a fN = 665 android.view.SurfaceView.-$$Nest$mapplyOrMergeTransaction:0 android.view.SurfaceView$SurfaceViewPositionUpdateListener.positionChanged:1537 android.graphics.RenderNode$CompositePositionUpdateListener.positionChanged:373 
10-16 17:44:14.265 17186 17271 I ViewRootImpl@562a9cf[MainActivity]: mWNT: t=0x7b31469100 mBlastBufferQueue=0x7b49432100 fn= 665 caller= android.view.SurfaceView.applyOrMergeTransaction:1455 android.view.SurfaceView.-$$Nest$mapplyOrMergeTransaction:0 android.view.SurfaceView$SurfaceViewPositionUpdateListener.positionChanged:1537 
10-16 17:44:14.266 17186 17271 I ViewRootImpl@562a9cf[MainActivity]: mWNT: t=0x7af5bcf100 mBlastBufferQueue=0x7b49432100 fn= 665 caller= android.view.ViewRootImpl.lambda$applyTransactionOnDraw$11$android-view-ViewRootImpl:12865 android.view.ViewRootImpl$$ExternalSyntheticLambda1.onFrameDraw:4 android.graphics.HardwareRenderer$FrameDrawingCallback.onFrameDraw:924 
10-16 17:44:14.268 17186 17186 I SurfaceView@d007ee0: Changes: creating=false format=false size=false visible=false alpha=false hint=false mUseAlpha=false visible=false left=false top=true
10-16 17:44:14.268 17186 17186 I SurfaceView@d007ee0: 218136288 Cur surface: Surface(name=null)/@0xb6634f9
10-16 17:44:14.269 17186 17186 I SurfaceView@d007ee0: applyTransactionOnVriDraw: vri = ViewRootImpl@562a9cf[MainActivity] fRS = false t = 0x7af5bcf200 android.view.SurfaceView.performSurfaceTransaction:959 android.view.SurfaceView.updateSurface:1105 android.view.SurfaceView.lambda$new$0$android-view-SurfaceView:200 
10-16 17:44:14.269 17186 17186 I ViewRootImpl@562a9cf[MainActivity]: applyTransactionOnDraw: mRemoved = false isHardwareEnabled = true t = 0x7af5bcf200android.view.SurfaceView.applyTransactionOnVriDraw:2048 android.view.SurfaceView.performSurfaceTransaction:959 android.view.SurfaceView.updateSurface:1105 android.view.SurfaceView.lambda$new$0$android-view-SurfaceView:200 android.view.SurfaceView$$ExternalSyntheticLambda5.onPreDraw:2 
10-16 17:44:14.269 17186 17186 I SurfaceView@d007ee0: updateSurface: mVisible = true mSurface.isValid() = true
10-16 17:44:14.269 17186 17186 I SurfaceView@d007ee0: updateSurface: mSurfaceCreated = true surfaceChanged = false visibleChanged = false
10-16 17:44:14.269 17186 17186 V SurfaceView@d007ee0: Layout: x=0 y=-906 w=1080 h=525, frame=Rect(0, 0 - 1080, 525)
10-16 17:44:14.280 17186 17270 D SurfaceView@d007ee0: updateSurfacePosition RenderWorker, frameNr = 666, position = [0, -906, 1080, -381] surfaceSize = 1080x525
10-16 17:44:14.280 17186 17270 I SurfaceView@d007ee0: uSP: rtp = Rect(0, -906 - 1080, -381) rtsw = 1080 rtsh = 525
10-16 17:44:14.280 17186 17270 I SurfaceView@d007ee0: onSSPAndSRT: pl = 0 pt = -906 sx = 1.0 sy = 1.0
10-16 17:44:14.280 17186 17270 I SurfaceView@d007ee0: aOrMT: ViewRootImpl@562a9cf[MainActivity] t = android.view.SurfaceControl$Transaction@7843e4a fN = 666 android.view.SurfaceView.-$$Nest$mapplyOrMergeTransaction:0 android.view.SurfaceView$SurfaceViewPositionUpdateListener.positionChanged:1537 android.graphics.RenderNode$CompositePositionUpdateListener.positionChanged:373 
10-16 17:44:14.280 17186 17270 I ViewRootImpl@562a9cf[MainActivity]: mWNT: t=0x7b31469100 mBlastBufferQueue=0x7b49432100 fn= 666 caller= android.view.SurfaceView.applyOrMergeTransaction:1455 android.view.SurfaceView.-$$Nest$mapplyOrMergeTransaction:0 android.view.SurfaceView$SurfaceViewPositionUpdateListener.positionChanged:1537 
10-16 17:44:14.281 17186 17270 I ViewRootImpl@562a9cf[MainActivity]: mWNT: t=0x7af5bcf200 mBlastBufferQueue=0x7b49432100 fn= 666 caller= android.view.ViewRootImpl.lambda$applyTransactionOnDraw$11$android-view-ViewRootImpl:12865 android.view.ViewRootImpl$$ExternalSyntheticLambda1.onFrameDraw:4 android.graphics.HardwareRenderer$FrameDrawingCallback.onFrameDraw:924 
10-16 17:44:14.285 17186 17186 I SurfaceView@d007ee0: Changes: creating=false format=false size=false visible=false alpha=false hint=false mUseAlpha=false visible=false left=false top=true
10-16 17:44:14.285 17186 17186 I SurfaceView@d007ee0: 218136288 Cur surface: Surface(name=null)/@0xb6634f9
10-16 17:44:14.285 17186 17186 I SurfaceView@d007ee0: applyTransactionOnVriDraw: vri = ViewRootImpl@562a9cf[MainActivity] fRS = false t = 0x7af5bcf300 android.view.SurfaceView.performSurfaceTransaction:959 android.view.SurfaceView.updateSurface:1105 android.view.SurfaceView.lambda$new$0$android-view-SurfaceView:200 
10-16 17:44:14.286 17186 17186 I ViewRootImpl@562a9cf[MainActivity]: applyTransactionOnDraw: mRemoved = false isHardwareEnabled = true t = 0x7af5bcf300android.view.SurfaceView.applyTransactionOnVriDraw:2048 android.view.SurfaceView.performSurfaceTransaction:959 android.view.SurfaceView.updateSurface:1105 android.view.SurfaceView.lambda$new$0$android-view-SurfaceView:200 android.view.SurfaceView$$ExternalSyntheticLambda5.onPreDraw:2 
10-16 17:44:14.286 17186 17186 I SurfaceView@d007ee0: updateSurface: mVisible = true mSurface.isValid() = true
10-16 17:44:14.286 17186 17186 I SurfaceView@d007ee0: updateSurface: mSurfaceCreated = true surfaceChanged = false visibleChanged = false
10-16 17:44:14.286 17186 17186 V SurfaceView@d007ee0: Layout: x=0 y=-927 w=1080 h=525, frame=Rect(0, 0 - 1080, 525)
10-16 17:44:14.300 17186 17271 D SurfaceView@d007ee0: updateSurfacePosition RenderWorker, frameNr = 667, position = [0, -927, 1080, -402] surfaceSize = 1080x525
10-16 17:44:14.300 17186 17271 I SurfaceView@d007ee0: uSP: rtp = Rect(0, -927 - 1080, -402) rtsw = 1080 rtsh = 525
10-16 17:44:14.300 17186 17271 I SurfaceView@d007ee0: onSSPAndSRT: pl = 0 pt = -927 sx = 1.0 sy = 1.0
10-16 17:44:14.301 17186 17271 I SurfaceView@d007ee0: aOrMT: ViewRootImpl@562a9cf[MainActivity] t = android.view.SurfaceControl$Transaction@7843e4a fN = 667 android.view.SurfaceView.-$$Nest$mapplyOrMergeTransaction:0 android.view.SurfaceView$SurfaceViewPositionUpdateListener.positionChanged:1537 android.graphics.RenderNode$CompositePositionUpdateListener.positionChanged:373 
10-16 17:44:14.301 17186 17271 I ViewRootImpl@562a9cf[MainActivity]: mWNT: t=0x7b31469100 mBlastBufferQueue=0x7b49432100 fn= 667 caller= android.view.SurfaceView.applyOrMergeTransaction:1455 android.view.SurfaceView.-$$Nest$mapplyOrMergeTransaction:0 android.view.SurfaceView$SurfaceViewPositionUpdateListener.positionChanged:1537 
10-16 17:44:14.301 17186 17271 I ViewRootImpl@562a9cf[MainActivity]: mWNT: t=0x7af5bcf300 mBlastBufferQueue=0x7b49432100 fn= 667 caller= android.view.ViewRootImpl.lambda$applyTransactionOnDraw$11$android-view-ViewRootImpl:12865 android.view.ViewRootImpl$$ExternalSyntheticLambda1.onFrameDraw:4 android.graphics.HardwareRenderer$FrameDrawingCallback.onFrameDraw:924 
10-16 17:44:14.302 17186 17186 I SurfaceView@d007ee0: Changes: creating=false format=false size=false visible=false alpha=false hint=false mUseAlpha=false visible=false left=false top=true
10-16 17:44:14.302 17186 17186 I SurfaceView@d007ee0: 218136288 Cur surface: Surface(name=null)/@0xb6634f9
10-16 17:44:14.303 17186 17186 I SurfaceView@d007ee0: applyTransactionOnVriDraw: vri = ViewRootImpl@562a9cf[MainActivity] fRS = false t = 0x7af5bcf400 android.view.SurfaceView.performSurfaceTransaction:959 android.view.SurfaceView.updateSurface:1105 android.view.SurfaceView.lambda$new$0$android-view-SurfaceView:200 
10-16 17:44:14.303 17186 17186 I ViewRootImpl@562a9cf[MainActivity]: applyTransactionOnDraw: mRemoved = false isHardwareEnabled = true t = 0x7af5bcf400android.view.SurfaceView.applyTransactionOnVriDraw:2048 android.view.SurfaceView.performSurfaceTransaction:959 android.view.SurfaceView.updateSurface:1105 android.view.SurfaceView.lambda$new$0$android-view-SurfaceView:200 android.view.SurfaceView$$ExternalSyntheticLambda5.onPreDraw:2 
10-16 17:44:14.303 17186 17186 I SurfaceView@d007ee0: updateSurface: mVisible = true mSurface.isValid() = true
10-16 17:44:14.303 17186 17186 I SurfaceView@d007ee0: updateSurface: mSurfaceCreated = true surfaceChanged = false visibleChanged = false
10-16 17:44:14.303 17186 17186 V SurfaceView@d007ee0: Layout: x=0 y=-948 w=1080 h=525, frame=Rect(0, 0 - 1080, 525)
10-16 17:44:14.317 17186 17270 D SurfaceView@d007ee0: updateSurfacePosition RenderWorker, frameNr = 668, position = [0, -948, 1080, -423] surfaceSize = 1080x525
10-16 17:44:14.317 17186 17270 I SurfaceView@d007ee0: uSP: rtp = Rect(0, -948 - 1080, -423) rtsw = 1080 rtsh = 525
10-16 17:44:14.317 17186 17270 I SurfaceView@d007ee0: onSSPAndSRT: pl = 0 pt = -948 sx = 1.0 sy = 1.0
10-16 17:44:14.317 17186 17270 I SurfaceView@d007ee0: aOrMT: ViewRootImpl@562a9cf[MainActivity] t = android.view.SurfaceControl$Transaction@7843e4a fN = 668 android.view.SurfaceView.-$$Nest$mapplyOrMergeTransaction:0 android.view.SurfaceView$SurfaceViewPositionUpdateListener.positionChanged:1537 android.graphics.RenderNode$CompositePositionUpdateListener.positionChanged:373 
10-16 17:44:14.317 17186 17270 I ViewRootImpl@562a9cf[MainActivity]: mWNT: t=0x7b31469100 mBlastBufferQueue=0x7b49432100 fn= 668 caller= android.view.SurfaceView.applyOrMergeTransaction:1455 android.view.SurfaceView.-$$Nest$mapplyOrMergeTransaction:0 android.view.SurfaceView$SurfaceViewPositionUpdateListener.positionChanged:1537 
10-16 17:44:14.318 17186 17270 I ViewRootImpl@562a9cf[MainActivity]: mWNT: t=0x7af5bcf400 mBlastBufferQueue=0x7b49432100 fn= 668 caller= android.view.ViewRootImpl.lambda$applyTransactionOnDraw$11$android-view-ViewRootImpl:12865 android.view.ViewRootImpl$$ExternalSyntheticLambda1.onFrameDraw:4 android.graphics.HardwareRenderer$FrameDrawingCallback.onFrameDraw:924 
10-16 17:44:14.318 17186 17186 I SurfaceView@d007ee0: Changes: creating=false format=false size=false visible=false alpha=false hint=false mUseAlpha=false visible=false left=false top=true
10-16 17:44:14.319 17186 17186 I SurfaceView@d007ee0: 218136288 Cur surface: Surface(name=null)/@0xb6634f9
10-16 17:44:14.319 17186 17186 I SurfaceView@d007ee0: applyTransactionOnVriDraw: vri = ViewRootImpl@562a9cf[MainActivity] fRS = false t = 0x7af5bcf500 android.view.SurfaceView.performSurfaceTransaction:959 android.view.SurfaceView.updateSurface:1105 android.view.SurfaceView.lambda$new$0$android-view-SurfaceView:200 
10-16 17:44:14.319 17186 17186 I ViewRootImpl@562a9cf[MainActivity]: applyTransactionOnDraw: mRemoved = false isHardwareEnabled = true t = 0x7af5bcf500android.view.SurfaceView.applyTransactionOnVriDraw:2048 android.view.SurfaceView.performSurfaceTransaction:959 android.view.SurfaceView.updateSurface:1105 android.view.SurfaceView.lambda$new$0$android-view-SurfaceView:200 android.view.SurfaceView$$ExternalSyntheticLambda5.onPreDraw:2 
10-16 17:44:14.319 17186 17186 I SurfaceView@d007ee0: updateSurface: mVisible = true mSurface.isValid() = true
10-16 17:44:14.319 17186 17186 I SurfaceView@d007ee0: updateSurface: mSurfaceCreated = true surfaceChanged = false visibleChanged = false
10-16 17:44:14.319 17186 17186 V SurfaceView@d007ee0: Layout: x=0 y=-967 w=1080 h=525, frame=Rect(0, 0 - 1080, 525)
10-16 17:44:14.332 17186 17271 D SurfaceView@d007ee0: updateSurfacePosition RenderWorker, frameNr = 669, position = [0, -967, 1080, -442] surfaceSize = 1080x525
10-16 17:44:14.332 17186 17271 I SurfaceView@d007ee0: uSP: rtp = Rect(0, -967 - 1080, -442) rtsw = 1080 rtsh = 525
10-16 17:44:14.332 17186 17271 I SurfaceView@d007ee0: onSSPAndSRT: pl = 0 pt = -967 sx = 1.0 sy = 1.0
10-16 17:44:14.333 17186 17271 I SurfaceView@d007ee0: aOrMT: ViewRootImpl@562a9cf[MainActivity] t = android.view.SurfaceControl$Transaction@7843e4a fN = 669 android.view.SurfaceView.-$$Nest$mapplyOrMergeTransaction:0 android.view.SurfaceView$SurfaceViewPositionUpdateListener.positionChanged:1537 android.graphics.RenderNode$CompositePositionUpdateListener.positionChanged:373 
10-16 17:44:14.333 17186 17271 I ViewRootImpl@562a9cf[MainActivity]: mWNT: t=0x7b31469100 mBlastBufferQueue=0x7b49432100 fn= 669 caller= android.view.SurfaceView.applyOrMergeTransaction:1455 android.view.SurfaceView.-$$Nest$mapplyOrMergeTransaction:0 android.view.SurfaceView$SurfaceViewPositionUpdateListener.positionChanged:1537 
10-16 17:44:14.333 17186 17271 I ViewRootImpl@562a9cf[MainActivity]: mWNT: t=0x7af5bcf500 mBlastBufferQueue=0x7b49432100 fn= 669 caller= android.view.ViewRootImpl.lambda$applyTransactionOnDraw$11$android-view-ViewRootImpl:12865 android.view.ViewRootImpl$$ExternalSyntheticLambda1.onFrameDraw:4 android.graphics.HardwareRenderer$FrameDrawingCallback.onFrameDraw:924 
10-16 17:44:14.335 17186 17186 I SurfaceView@d007ee0: Changes: creating=false format=false size=false visible=false alpha=false hint=false mUseAlpha=false visible=false left=false top=true
10-16 17:44:14.335 17186 17186 I SurfaceView@d007ee0: 218136288 Cur surface: Surface(name=null)/@0xb6634f9
10-16 17:44:14.335 17186 17186 I SurfaceView@d007ee0: applyTransactionOnVriDraw: vri = ViewRootImpl@562a9cf[MainActivity] fRS = false t = 0x7af5bcf600 android.view.SurfaceView.performSurfaceTransaction:959 android.view.SurfaceView.updateSurface:1105 android.view.SurfaceView.lambda$new$0$android-view-SurfaceView:200 
10-16 17:44:14.335 17186 17186 I ViewRootImpl@562a9cf[MainActivity]: applyTransactionOnDraw: mRemoved = false isHardwareEnabled = true t = 0x7af5bcf600android.view.SurfaceView.applyTransactionOnVriDraw:2048 android.view.SurfaceView.performSurfaceTransaction:959 android.view.SurfaceView.updateSurface:1105 android.view.SurfaceView.lambda$new$0$android-view-SurfaceView:200 android.view.SurfaceView$$ExternalSyntheticLambda5.onPreDraw:2 
10-16 17:44:14.336 17186 17186 I SurfaceView@d007ee0: updateSurface: mVisible = true mSurface.isValid() = true
10-16 17:44:14.336 17186 17186 I SurfaceView@d007ee0: updateSurface: mSurfaceCreated = true surfaceChanged = false visibleChanged = false
10-16 17:44:14.336 17186 17186 V SurfaceView@d007ee0: Layout: x=0 y=-986 w=1080 h=525, frame=Rect(0, 0 - 1080, 525)
10-16 17:44:14.349 17186 17270 D SurfaceView@d007ee0: updateSurfacePosition RenderWorker, frameNr = 670, position = [0, -986, 1080, -461] surfaceSize = 1080x525
10-16 17:44:14.349 17186 17270 I SurfaceView@d007ee0: uSP: rtp = Rect(0, -986 - 1080, -461) rtsw = 1080 rtsh = 525
10-16 17:44:14.350 17186 17270 I SurfaceView@d007ee0: onSSPAndSRT: pl = 0 pt = -986 sx = 1.0 sy = 1.0
10-16 17:44:14.350 17186 17270 I SurfaceView@d007ee0: aOrMT: ViewRootImpl@562a9cf[MainActivity] t = android.view.SurfaceControl$Transaction@7843e4a fN = 670 android.view.SurfaceView.-$$Nest$mapplyOrMergeTransaction:0 android.view.SurfaceView$SurfaceViewPositionUpdateListener.positionChanged:1537 android.graphics.RenderNode$CompositePositionUpdateListener.positionChanged:373 
10-16 17:44:14.350 17186 17270 I ViewRootImpl@562a9cf[MainActivity]: mWNT: t=0x7b31469100 mBlastBufferQueue=0x7b49432100 fn= 670 caller= android.view.SurfaceView.applyOrMergeTransaction:1455 android.view.SurfaceView.-$$Nest$mapplyOrMergeTransaction:0 android.view.SurfaceView$SurfaceViewPositionUpdateListener.positionChanged:1537 
10-16 17:44:14.350 17186 17270 I ViewRootImpl@562a9cf[MainActivity]: mWNT: t=0x7af5bcf600 mBlastBufferQueue=0x7b49432100 fn= 670 caller= android.view.ViewRootImpl.lambda$applyTransactionOnDraw$11$android-view-ViewRootImpl:12865 android.view.ViewRootImpl$$ExternalSyntheticLambda1.onFrameDraw:4 android.graphics.HardwareRenderer$FrameDrawingCallback.onFrameDraw:924 
10-16 17:44:14.351 17186 17186 I SurfaceView@d007ee0: Changes: creating=false format=false size=false visible=false alpha=false hint=false mUseAlpha=false visible=false left=false top=true
10-16 17:44:14.351 17186 17186 I SurfaceView@d007ee0: 218136288 Cur surface: Surface(name=null)/@0xb6634f9
10-16 17:44:14.352 17186 17186 I SurfaceView@d007ee0: applyTransactionOnVriDraw: vri = ViewRootImpl@562a9cf[MainActivity] fRS = false t = 0x7af5bcf700 android.view.SurfaceView.performSurfaceTransaction:959 android.view.SurfaceView.updateSurface:1105 android.view.SurfaceView.lambda$new$0$android-view-SurfaceView:200 
10-16 17:44:14.352 17186 17186 I ViewRootImpl@562a9cf[MainActivity]: applyTransactionOnDraw: mRemoved = false isHardwareEnabled = true t = 0x7af5bcf700android.view.SurfaceView.applyTransactionOnVriDraw:2048 android.view.SurfaceView.performSurfaceTransaction:959 android.view.SurfaceView.updateSurface:1105 android.view.SurfaceView.lambda$new$0$android-view-SurfaceView:200 android.view.SurfaceView$$ExternalSyntheticLambda5.onPreDraw:2 
10-16 17:44:14.352 17186 17186 I SurfaceView@d007ee0: updateSurface: mVisible = true mSurface.isValid() = true
10-16 17:44:14.352 17186 17186 I SurfaceView@d007ee0: updateSurface: mSurfaceCreated = true surfaceChanged = false visibleChanged = false
10-16 17:44:14.352 17186 17186 V SurfaceView@d007ee0: Layout: x=0 y=-1004 w=1080 h=525, frame=Rect(0, 0 - 1080, 525)
10-16 17:44:14.366 17186 17271 D SurfaceView@d007ee0: updateSurfacePosition RenderWorker, frameNr = 671, position = [0, -1004, 1080, -479] surfaceSize = 1080x525
10-16 17:44:14.366 17186 17271 I SurfaceView@d007ee0: uSP: rtp = Rect(0, -1004 - 1080, -479) rtsw = 1080 rtsh = 525
10-16 17:44:14.366 17186 17271 I SurfaceView@d007ee0: onSSPAndSRT: pl = 0 pt = -1004 sx = 1.0 sy = 1.0
10-16 17:44:14.366 17186 17271 I SurfaceView@d007ee0: aOrMT: ViewRootImpl@562a9cf[MainActivity] t = android.view.SurfaceControl$Transaction@7843e4a fN = 671 android.view.SurfaceView.-$$Nest$mapplyOrMergeTransaction:0 android.view.SurfaceView$SurfaceViewPositionUpdateListener.positionChanged:1537 android.graphics.RenderNode$CompositePositionUpdateListener.positionChanged:373 
10-16 17:44:14.367 17186 17271 I ViewRootImpl@562a9cf[MainActivity]: mWNT: t=0x7b31469100 mBlastBufferQueue=0x7b49432100 fn= 671 caller= android.view.SurfaceView.applyOrMergeTransaction:1455 android.view.SurfaceView.-$$Nest$mapplyOrMergeTransaction:0 android.view.SurfaceView$SurfaceViewPositionUpdateListener.positionChanged:1537 
10-16 17:44:14.367 17186 17271 I ViewRootImpl@562a9cf[MainActivity]: mWNT: t=0x7af5bcf700 mBlastBufferQueue=0x7b49432100 fn= 671 caller= android.view.ViewRootImpl.lambda$applyTransactionOnDraw$11$android-view-ViewRootImpl:12865 android.view.ViewRootImpl$$ExternalSyntheticLambda1.onFrameDraw:4 android.graphics.HardwareRenderer$FrameDrawingCallback.onFrameDraw:924 
10-16 17:44:14.368 17186 17186 I SurfaceView@d007ee0: Changes: creating=false format=false size=false visible=false alpha=false hint=false mUseAlpha=false visible=false left=false top=true
10-16 17:44:14.368 17186 17186 I SurfaceView@d007ee0: 218136288 Cur surface: Surface(name=null)/@0xb6634f9
10-16 17:44:14.369 17186 17186 I SurfaceView@d007ee0: applyTransactionOnVriDraw: vri = ViewRootImpl@562a9cf[MainActivity] fRS = false t = 0x7af5bcf800 android.view.SurfaceView.performSurfaceTransaction:959 android.view.SurfaceView.updateSurface:1105 android.view.SurfaceView.lambda$new$0$android-view-SurfaceView:200 
10-16 17:44:14.369 17186 17186 I ViewRootImpl@562a9cf[MainActivity]: applyTransactionOnDraw: mRemoved = false isHardwareEnabled = true t = 0x7af5bcf800android.view.SurfaceView.applyTransactionOnVriDraw:2048 android.view.SurfaceView.performSurfaceTransaction:959 android.view.SurfaceView.updateSurface:1105 android.view.SurfaceView.lambda$new$0$android-view-SurfaceView:200 android.view.SurfaceView$$ExternalSyntheticLambda5.onPreDraw:2 
10-16 17:44:14.369 17186 17186 I SurfaceView@d007ee0: updateSurface: mVisible = true mSurface.isValid() = true
10-16 17:44:14.369 17186 17186 I SurfaceView@d007ee0: updateSurface: mSurfaceCreated = true surfaceChanged = false visibleChanged = false
10-16 17:44:14.369 17186 17186 V SurfaceView@d007ee0: Layout: x=0 y=-1020 w=1080 h=525, frame=Rect(0, 0 - 1080, 525)
10-16 17:44:14.385 17186 17270 D SurfaceView@d007ee0: updateSurfacePosition RenderWorker, frameNr = 672, position = [0, -1020, 1080, -495] surfaceSize = 1080x525
10-16 17:44:14.385 17186 17270 I SurfaceView@d007ee0: uSP: rtp = Rect(0, -1020 - 1080, -495) rtsw = 1080 rtsh = 525
10-16 17:44:14.385 17186 17270 I SurfaceView@d007ee0: onSSPAndSRT: pl = 0 pt = -1020 sx = 1.0 sy = 1.0
10-16 17:44:14.385 17186 17270 I SurfaceView@d007ee0: aOrMT: ViewRootImpl@562a9cf[MainActivity] t = android.view.SurfaceControl$Transaction@7843e4a fN = 672 android.view.SurfaceView.-$$Nest$mapplyOrMergeTransaction:0 android.view.SurfaceView$SurfaceViewPositionUpdateListener.positionChanged:1537 android.graphics.RenderNode$CompositePositionUpdateListener.positionChanged:373 
10-16 17:44:14.385 17186 17270 I ViewRootImpl@562a9cf[MainActivity]: mWNT: t=0x7b31469100 mBlastBufferQueue=0x7b49432100 fn= 672 caller= android.view.SurfaceView.applyOrMergeTransaction:1455 android.view.SurfaceView.-$$Nest$mapplyOrMergeTransaction:0 android.view.SurfaceView$SurfaceViewPositionUpdateListener.positionChanged:1537 
10-16 17:44:14.385 17186 17270 I ViewRootImpl@562a9cf[MainActivity]: mWNT: t=0x7af5bcf800 mBlastBufferQueue=0x7b49432100 fn= 672 caller= android.view.ViewRootImpl.lambda$applyTransactionOnDraw$11$android-view-ViewRootImpl:12865 android.view.ViewRootImpl$$ExternalSyntheticLambda1.onFrameDraw:4 android.graphics.HardwareRenderer$FrameDrawingCallback.onFrameDraw:924 
10-16 17:44:14.386 17186 17186 I SurfaceView@d007ee0: Changes: creating=false format=false size=false visible=false alpha=false hint=false mUseAlpha=false visible=false left=false top=true
10-16 17:44:14.386 17186 17186 I SurfaceView@d007ee0: 218136288 Cur surface: Surface(name=null)/@0xb6634f9
10-16 17:44:14.387 17186 17186 I SurfaceView@d007ee0: applyTransactionOnVriDraw: vri = ViewRootImpl@562a9cf[MainActivity] fRS = false t = 0x7af5bcf900 android.view.SurfaceView.performSurfaceTransaction:959 android.view.SurfaceView.updateSurface:1105 android.view.SurfaceView.lambda$new$0$android-view-SurfaceView:200 
10-16 17:44:14.387 17186 17186 I ViewRootImpl@562a9cf[MainActivity]: applyTransactionOnDraw: mRemoved = false isHardwareEnabled = true t = 0x7af5bcf900android.view.SurfaceView.applyTransactionOnVriDraw:2048 android.view.SurfaceView.performSurfaceTransaction:959 android.view.SurfaceView.updateSurface:1105 android.view.SurfaceView.lambda$new$0$android-view-SurfaceView:200 android.view.SurfaceView$$ExternalSyntheticLambda5.onPreDraw:2 
10-16 17:44:14.387 17186 17186 I SurfaceView@d007ee0: updateSurface: mVisible = true mSurface.isValid() = true
10-16 17:44:14.387 17186 17186 I SurfaceView@d007ee0: updateSurface: mSurfaceCreated = true surfaceChanged = false visibleChanged = false
10-16 17:44:14.387 17186 17186 V SurfaceView@d007ee0: Layout: x=0 y=-1037 w=1080 h=525, frame=Rect(0, 0 - 1080, 525)
10-16 17:44:14.399 17186 17271 D SurfaceView@d007ee0: updateSurfacePosition RenderWorker, frameNr = 673, position = [0, -1037, 1080, -512] surfaceSize = 1080x525
10-16 17:44:14.400 17186 17271 I SurfaceView@d007ee0: uSP: rtp = Rect(0, -1037 - 1080, -512) rtsw = 1080 rtsh = 525
10-16 17:44:14.400 17186 17271 I SurfaceView@d007ee0: onSSPAndSRT: pl = 0 pt = -1037 sx = 1.0 sy = 1.0
10-16 17:44:14.400 17186 17271 I SurfaceView@d007ee0: aOrMT: ViewRootImpl@562a9cf[MainActivity] t = android.view.SurfaceControl$Transaction@7843e4a fN = 673 android.view.SurfaceView.-$$Nest$mapplyOrMergeTransaction:0 android.view.SurfaceView$SurfaceViewPositionUpdateListener.positionChanged:1537 android.graphics.RenderNode$CompositePositionUpdateListener.positionChanged:373 
10-16 17:44:14.400 17186 17271 I ViewRootImpl@562a9cf[MainActivity]: mWNT: t=0x7b31469100 mBlastBufferQueue=0x7b49432100 fn= 673 caller= android.view.SurfaceView.applyOrMergeTransaction:1455 android.view.SurfaceView.-$$Nest$mapplyOrMergeTransaction:0 android.view.SurfaceView$SurfaceViewPositionUpdateListener.positionChanged:1537 
10-16 17:44:14.400 17186 17271 I ViewRootImpl@562a9cf[MainActivity]: mWNT: t=0x7af5bcf900 mBlastBufferQueue=0x7b49432100 fn= 673 caller= android.view.ViewRootImpl.lambda$applyTransactionOnDraw$11$android-view-ViewRootImpl:12865 android.view.ViewRootImpl$$ExternalSyntheticLambda1.onFrameDraw:4 android.graphics.HardwareRenderer$FrameDrawingCallback.onFrameDraw:924 
10-16 17:44:14.401 17186 17186 I SurfaceView@d007ee0: Changes: creating=false format=false size=false visible=false alpha=false hint=false mUseAlpha=false visible=false left=false top=true
10-16 17:44:14.401 17186 17186 I SurfaceView@d007ee0: 218136288 Cur surface: Surface(name=null)/@0xb6634f9
10-16 17:44:14.402 17186 17186 I SurfaceView@d007ee0: applyTransactionOnVriDraw: vri = ViewRootImpl@562a9cf[MainActivity] fRS = false t = 0x7af5bcfa00 android.view.SurfaceView.performSurfaceTransaction:959 android.view.SurfaceView.updateSurface:1105 android.view.SurfaceView.lambda$new$0$android-view-SurfaceView:200 
10-16 17:44:14.402 17186 17186 I ViewRootImpl@562a9cf[MainActivity]: applyTransactionOnDraw: mRemoved = false isHardwareEnabled = true t = 0x7af5bcfa00android.view.SurfaceView.applyTransactionOnVriDraw:2048 android.view.SurfaceView.performSurfaceTransaction:959 android.view.SurfaceView.updateSurface:1105 android.view.SurfaceView.lambda$new$0$android-view-SurfaceView:200 android.view.SurfaceView$$ExternalSyntheticLambda5.onPreDraw:2 
10-16 17:44:14.402 17186 17186 I SurfaceView@d007ee0: updateSurface: mVisible = true mSurface.isValid() = true
10-16 17:44:14.402 17186 17186 I SurfaceView@d007ee0: updateSurface: mSurfaceCreated = true surfaceChanged = false visibleChanged = false
10-16 17:44:14.402 17186 17186 V SurfaceView@d007ee0: Layout: x=0 y=-1053 w=1080 h=525, frame=Rect(0, 0 - 1080, 525)
10-16 17:44:14.416 17186 17270 D SurfaceView@d007ee0: updateSurfacePosition RenderWorker, frameNr = 674, position = [0, -1053, 1080, -528] surfaceSize = 1080x525
10-16 17:44:14.416 17186 17270 I SurfaceView@d007ee0: uSP: rtp = Rect(0, -1053 - 1080, -528) rtsw = 1080 rtsh = 525
10-16 17:44:14.416 17186 17270 I SurfaceView@d007ee0: onSSPAndSRT: pl = 0 pt = -1053 sx = 1.0 sy = 1.0
10-16 17:44:14.417 17186 17270 I SurfaceView@d007ee0: aOrMT: ViewRootImpl@562a9cf[MainActivity] t = android.view.SurfaceControl$Transaction@7843e4a fN = 674 android.view.SurfaceView.-$$Nest$mapplyOrMergeTransaction:0 android.view.SurfaceView$SurfaceViewPositionUpdateListener.positionChanged:1537 android.graphics.RenderNode$CompositePositionUpdateListener.positionChanged:373 
10-16 17:44:14.417 17186 17270 I ViewRootImpl@562a9cf[MainActivity]: mWNT: t=0x7b31469100 mBlastBufferQueue=0x7b49432100 fn= 674 caller= android.view.SurfaceView.applyOrMergeTransaction:1455 android.view.SurfaceView.-$$Nest$mapplyOrMergeTransaction:0 android.view.SurfaceView$SurfaceViewPositionUpdateListener.positionChanged:1537 
10-16 17:44:14.417 17186 17270 I ViewRootImpl@562a9cf[MainActivity]: mWNT: t=0x7af5bcfa00 mBlastBufferQueue=0x7b49432100 fn= 674 caller= android.view.ViewRootImpl.lambda$applyTransactionOnDraw$11$android-view-ViewRootImpl:12865 android.view.ViewRootImpl$$ExternalSyntheticLambda1.onFrameDraw:4 android.graphics.HardwareRenderer$FrameDrawingCallback.onFrameDraw:924 
10-16 17:44:14.418 17186 17186 I SurfaceView@d007ee0: Changes: creating=false format=false size=false visible=false alpha=false hint=false mUseAlpha=false visible=false left=false top=true
10-16 17:44:14.418 17186 17186 I SurfaceView@d007ee0: 218136288 Cur surface: Surface(name=null)/@0xb6634f9
10-16 17:44:14.418 17186 17186 I SurfaceView@d007ee0: applyTransactionOnVriDraw: vri = ViewRootImpl@562a9cf[MainActivity] fRS = false t = 0x7af5bcfb00 android.view.SurfaceView.performSurfaceTransaction:959 android.view.SurfaceView.updateSurface:1105 android.view.SurfaceView.lambda$new$0$android-view-SurfaceView:200 
10-16 17:44:14.419 17186 17186 I ViewRootImpl@562a9cf[MainActivity]: applyTransactionOnDraw: mRemoved = false isHardwareEnabled = true t = 0x7af5bcfb00android.view.SurfaceView.applyTransactionOnVriDraw:2048 android.view.SurfaceView.performSurfaceTransaction:959 android.view.SurfaceView.updateSurface:1105 android.view.SurfaceView.lambda$new$0$android-view-SurfaceView:200 android.view.SurfaceView$$ExternalSyntheticLambda5.onPreDraw:2 
10-16 17:44:14.419 17186 17186 I SurfaceView@d007ee0: updateSurface: mVisible = true mSurface.isValid() = true
10-16 17:44:14.419 17186 17186 I SurfaceView@d007ee0: updateSurface: mSurfaceCreated = true surfaceChanged = false visibleChanged = false
10-16 17:44:14.419 17186 17186 V SurfaceView@d007ee0: Layout: x=0 y=-1068 w=1080 h=525, frame=Rect(0, 0 - 1080, 525)
10-16 17:44:14.433 17186 17271 D SurfaceView@d007ee0: updateSurfacePosition RenderWorker, frameNr = 675, position = [0, -1068, 1080, -543] surfaceSize = 1080x525
10-16 17:44:14.433 17186 17271 I SurfaceView@d007ee0: uSP: rtp = Rect(0, -1068 - 1080, -543) rtsw = 1080 rtsh = 525
10-16 17:44:14.433 17186 17271 I SurfaceView@d007ee0: onSSPAndSRT: pl = 0 pt = -1068 sx = 1.0 sy = 1.0
10-16 17:44:14.433 17186 17271 I SurfaceView@d007ee0: aOrMT: ViewRootImpl@562a9cf[MainActivity] t = android.view.SurfaceControl$Transaction@7843e4a fN = 675 android.view.SurfaceView.-$$Nest$mapplyOrMergeTransaction:0 android.view.SurfaceView$SurfaceViewPositionUpdateListener.positionChanged:1537 android.graphics.RenderNode$CompositePositionUpdateListener.positionChanged:373 
