10-17 20:28:28.116 13125 13125 I SurfaceView@9cae61f: updateSurface: mVisible = true mSurface.isValid() = true
10-17 20:28:28.116 13125 13125 I SurfaceView@9cae61f: updateSurface: mSurfaceCreated = true surfaceChanged = false visibleChanged = false
10-17 20:28:28.116 13125 13125 V SurfaceView@9cae61f: Layout: x=0 y=93 w=1080 h=525, frame=Rect(0, 0 - 1080, 525)
10-17 20:28:28.126 13125 13200 D SurfaceView@9cae61f: updateSurfacePosition RenderWorker, frameNr = 674, position = [0, 43, 1080, 568] surfaceSize = 1080x525
10-17 20:28:28.126 13125 13200 I SurfaceView@9cae61f: uSP: rtp = Rect(0, 43 - 1080, 568) rtsw = 1080 rtsh = 525
10-17 20:28:28.126 13125 13200 I SurfaceView@9cae61f: onSSPAndSRT: pl = 0 pt = 43 sx = 1.0 sy = 1.0
10-17 20:28:28.126 13125 13200 I SurfaceView@9cae61f: aOrMT: ViewRootImpl@e892618[MainActivity] t = android.view.SurfaceControl$Transaction@266d15a fN = 674 android.view.SurfaceView.-$$Nest$mapplyOrMergeTransaction:0 android.view.SurfaceView$SurfaceViewPositionUpdateListener.positionChanged:1537 android.graphics.RenderNode$CompositePositionUpdateListener.positionChanged:373 
10-17 20:28:28.127 13125 13200 I ViewRootImpl@e892618[MainActivity]: mWNT: t=0x7b46ec2d00 mBlastBufferQueue=0x7b5a8dd800 fn= 674 caller= android.view.SurfaceView.applyOrMergeTransaction:1455 android.view.SurfaceView.-$$Nest$mapplyOrMergeTransaction:0 android.view.SurfaceView$SurfaceViewPositionUpdateListener.positionChanged:1537 
10-17 20:28:28.127 13125 13200 I ViewRootImpl@e892618[MainActivity]: mWNT: t=0x7b1c1f7200 mBlastBufferQueue=0x7b5a8dd800 fn= 674 caller= android.view.ViewRootImpl.lambda$applyTransactionOnDraw$11$android-view-ViewRootImpl:12865 android.view.ViewRootImpl$$ExternalSyntheticLambda1.onFrameDraw:4 android.graphics.HardwareRenderer$FrameDrawingCallback.onFrameDraw:924 
10-17 20:28:28.132 13125 13125 I SurfaceView@9cae61f: Changes: creating=false format=false size=false visible=false alpha=false hint=false mUseAlpha=false visible=false left=false top=true
10-17 20:28:28.133 13125 13125 I SurfaceView@9cae61f: 164292127 Cur surface: Surface(name=null)/@0x1923549
10-17 20:28:28.133 13125 13125 I SurfaceView@9cae61f: applyTransactionOnVriDraw: vri = ViewRootImpl@e892618[MainActivity] fRS = false t = 0x7b1c1f7500 android.view.SurfaceView.performSurfaceTransaction:959 android.view.SurfaceView.updateSurface:1105 android.view.SurfaceView.lambda$new$0$android-view-SurfaceView:200 
10-17 20:28:28.133 13125 13125 I ViewRootImpl@e892618[MainActivity]: applyTransactionOnDraw: mRemoved = false isHardwareEnabled = true t = 0x7b1c1f7500android.view.SurfaceView.applyTransactionOnVriDraw:2048 android.view.SurfaceView.performSurfaceTransaction:959 android.view.SurfaceView.updateSurface:1105 android.view.SurfaceView.lambda$new$0$android-view-SurfaceView:200 android.view.SurfaceView$$ExternalSyntheticLambda5.onPreDraw:2 
10-17 20:28:28.133 13125 13125 I SurfaceView@9cae61f: updateSurface: mVisible = true mSurface.isValid() = true
10-17 20:28:28.133 13125 13125 I SurfaceView@9cae61f: updateSurface: mSurfaceCreated = true surfaceChanged = false visibleChanged = false
10-17 20:28:28.133 13125 13125 V SurfaceView@9cae61f: Layout: x=0 y=43 w=1080 h=525, frame=Rect(0, 0 - 1080, 525)
10-17 20:28:28.144 13125 13199 D SurfaceView@9cae61f: updateSurfacePosition RenderWorker, frameNr = 675, position = [0, -23, 1080, 502] surfaceSize = 1080x525
10-17 20:28:28.144 13125 13199 I SurfaceView@9cae61f: uSP: rtp = Rect(0, -23 - 1080, 502) rtsw = 1080 rtsh = 525
10-17 20:28:28.144 13125 13199 I SurfaceView@9cae61f: onSSPAndSRT: pl = 0 pt = -23 sx = 1.0 sy = 1.0
10-17 20:28:28.144 13125 13199 I SurfaceView@9cae61f: aOrMT: ViewRootImpl@e892618[MainActivity] t = android.view.SurfaceControl$Transaction@266d15a fN = 675 android.view.SurfaceView.-$$Nest$mapplyOrMergeTransaction:0 android.view.SurfaceView$SurfaceViewPositionUpdateListener.positionChanged:1537 android.graphics.RenderNode$CompositePositionUpdateListener.positionChanged:373 
10-17 20:28:28.145 13125 13199 I ViewRootImpl@e892618[MainActivity]: mWNT: t=0x7b46ec2d00 mBlastBufferQueue=0x7b5a8dd800 fn= 675 caller= android.view.SurfaceView.applyOrMergeTransaction:1455 android.view.SurfaceView.-$$Nest$mapplyOrMergeTransaction:0 android.view.SurfaceView$SurfaceViewPositionUpdateListener.positionChanged:1537 
10-17 20:28:28.145 13125 13199 I ViewRootImpl@e892618[MainActivity]: mWNT: t=0x7b1c1f7500 mBlastBufferQueue=0x7b5a8dd800 fn= 675 caller= android.view.ViewRootImpl.lambda$applyTransactionOnDraw$11$android-view-ViewRootImpl:12865 android.view.ViewRootImpl$$ExternalSyntheticLambda1.onFrameDraw:4 android.graphics.HardwareRenderer$FrameDrawingCallback.onFrameDraw:924 
10-17 20:28:28.149 13125 13125 I SurfaceView@9cae61f: Changes: creating=false format=false size=false visible=false alpha=false hint=false mUseAlpha=false visible=false left=false top=true
10-17 20:28:28.149 13125 13125 I SurfaceView@9cae61f: 164292127 Cur surface: Surface(name=null)/@0x1923549
10-17 20:28:28.150 13125 13125 I SurfaceView@9cae61f: applyTransactionOnVriDraw: vri = ViewRootImpl@e892618[MainActivity] fRS = false t = 0x7b1c1f7800 android.view.SurfaceView.performSurfaceTransaction:959 android.view.SurfaceView.updateSurface:1105 android.view.SurfaceView.lambda$new$0$android-view-SurfaceView:200 
10-17 20:28:28.150 13125 13125 I ViewRootImpl@e892618[MainActivity]: applyTransactionOnDraw: mRemoved = false isHardwareEnabled = true t = 0x7b1c1f7800android.view.SurfaceView.applyTransactionOnVriDraw:2048 android.view.SurfaceView.performSurfaceTransaction:959 android.view.SurfaceView.updateSurface:1105 android.view.SurfaceView.lambda$new$0$android-view-SurfaceView:200 android.view.SurfaceView$$ExternalSyntheticLambda5.onPreDraw:2 
10-17 20:28:28.150 13125 13125 I SurfaceView@9cae61f: updateSurface: mVisible = true mSurface.isValid() = true
10-17 20:28:28.150 13125 13125 I SurfaceView@9cae61f: updateSurface: mSurfaceCreated = true surfaceChanged = false visibleChanged = false
10-17 20:28:28.150 13125 13125 V SurfaceView@9cae61f: Layout: x=0 y=-23 w=1080 h=525, frame=Rect(0, 0 - 1080, 525)
10-17 20:28:28.165 13125 13200 D SurfaceView@9cae61f: updateSurfacePosition RenderWorker, frameNr = 676, position = [0, -97, 1080, 428] surfaceSize = 1080x525
10-17 20:28:28.165 13125 13200 I SurfaceView@9cae61f: uSP: rtp = Rect(0, -97 - 1080, 428) rtsw = 1080 rtsh = 525
10-17 20:28:28.165 13125 13200 I SurfaceView@9cae61f: onSSPAndSRT: pl = 0 pt = -97 sx = 1.0 sy = 1.0
10-17 20:28:28.165 13125 13200 I SurfaceView@9cae61f: aOrMT: ViewRootImpl@e892618[MainActivity] t = android.view.SurfaceControl$Transaction@266d15a fN = 676 android.view.SurfaceView.-$$Nest$mapplyOrMergeTransaction:0 android.view.SurfaceView$SurfaceViewPositionUpdateListener.positionChanged:1537 android.graphics.RenderNode$CompositePositionUpdateListener.positionChanged:373 
10-17 20:28:28.165 13125 13200 I ViewRootImpl@e892618[MainActivity]: mWNT: t=0x7b46ec2d00 mBlastBufferQueue=0x7b5a8dd800 fn= 676 caller= android.view.SurfaceView.applyOrMergeTransaction:1455 android.view.SurfaceView.-$$Nest$mapplyOrMergeTransaction:0 android.view.SurfaceView$SurfaceViewPositionUpdateListener.positionChanged:1537 
10-17 20:28:28.166 13125 13200 I ViewRootImpl@e892618[MainActivity]: mWNT: t=0x7b1c1f7800 mBlastBufferQueue=0x7b5a8dd800 fn= 676 caller= android.view.ViewRootImpl.lambda$applyTransactionOnDraw$11$android-view-ViewRootImpl:12865 android.view.ViewRootImpl$$ExternalSyntheticLambda1.onFrameDraw:4 android.graphics.HardwareRenderer$FrameDrawingCallback.onFrameDraw:924 
10-17 20:28:28.169 13125 13125 I SurfaceView@9cae61f: Changes: creating=false format=false size=false visible=false alpha=false hint=false mUseAlpha=false visible=false left=false top=true
10-17 20:28:28.169 13125 13125 I SurfaceView@9cae61f: 164292127 Cur surface: Surface(name=null)/@0x1923549
10-17 20:28:28.169 13125 13125 I SurfaceView@9cae61f: applyTransactionOnVriDraw: vri = ViewRootImpl@e892618[MainActivity] fRS = false t = 0x7b1c1f7900 android.view.SurfaceView.performSurfaceTransaction:959 android.view.SurfaceView.updateSurface:1105 android.view.SurfaceView.lambda$new$0$android-view-SurfaceView:200 
10-17 20:28:28.170 13125 13125 I ViewRootImpl@e892618[MainActivity]: applyTransactionOnDraw: mRemoved = false isHardwareEnabled = true t = 0x7b1c1f7900android.view.SurfaceView.applyTransactionOnVriDraw:2048 android.view.SurfaceView.performSurfaceTransaction:959 android.view.SurfaceView.updateSurface:1105 android.view.SurfaceView.lambda$new$0$android-view-SurfaceView:200 android.view.SurfaceView$$ExternalSyntheticLambda5.onPreDraw:2 
10-17 20:28:28.170 13125 13125 I SurfaceView@9cae61f: updateSurface: mVisible = true mSurface.isValid() = true
10-17 20:28:28.170 13125 13125 I SurfaceView@9cae61f: updateSurface: mSurfaceCreated = true surfaceChanged = false visibleChanged = false
10-17 20:28:28.170 13125 13125 V SurfaceView@9cae61f: Layout: x=0 y=-97 w=1080 h=525, frame=Rect(0, 0 - 1080, 525)
10-17 20:28:28.177 13125 13199 D SurfaceView@9cae61f: updateSurfacePosition RenderWorker, frameNr = 677, position = [0, -175, 1080, 350] surfaceSize = 1080x525
10-17 20:28:28.177 13125 13199 I SurfaceView@9cae61f: uSP: rtp = Rect(0, -175 - 1080, 350) rtsw = 1080 rtsh = 525
10-17 20:28:28.177 13125 13199 I SurfaceView@9cae61f: onSSPAndSRT: pl = 0 pt = -175 sx = 1.0 sy = 1.0
10-17 20:28:28.178 13125 13199 I SurfaceView@9cae61f: aOrMT: ViewRootImpl@e892618[MainActivity] t = android.view.SurfaceControl$Transaction@266d15a fN = 677 android.view.SurfaceView.-$$Nest$mapplyOrMergeTransaction:0 android.view.SurfaceView$SurfaceViewPositionUpdateListener.positionChanged:1537 android.graphics.RenderNode$CompositePositionUpdateListener.positionChanged:373 
10-17 20:28:28.178 13125 13199 I ViewRootImpl@e892618[MainActivity]: mWNT: t=0x7b46ec2d00 mBlastBufferQueue=0x7b5a8dd800 fn= 677 caller= android.view.SurfaceView.applyOrMergeTransaction:1455 android.view.SurfaceView.-$$Nest$mapplyOrMergeTransaction:0 android.view.SurfaceView$SurfaceViewPositionUpdateListener.positionChanged:1537 
10-17 20:28:28.178 13125 13199 I ViewRootImpl@e892618[MainActivity]: mWNT: t=0x7b1c1f7900 mBlastBufferQueue=0x7b5a8dd800 fn= 677 caller= android.view.ViewRootImpl.lambda$applyTransactionOnDraw$11$android-view-ViewRootImpl:12865 android.view.ViewRootImpl$$ExternalSyntheticLambda1.onFrameDraw:4 android.graphics.HardwareRenderer$FrameDrawingCallback.onFrameDraw:924 
10-17 20:28:28.182 13125 13125 I SurfaceView@9cae61f: Changes: creating=false format=false size=false visible=false alpha=false hint=false mUseAlpha=false visible=false left=false top=true
10-17 20:28:28.182 13125 13125 I SurfaceView@9cae61f: 164292127 Cur surface: Surface(name=null)/@0x1923549
10-17 20:28:28.182 13125 13125 I SurfaceView@9cae61f: applyTransactionOnVriDraw: vri = ViewRootImpl@e892618[MainActivity] fRS = false t = 0x7b1c1f7a00 android.view.SurfaceView.performSurfaceTransaction:959 android.view.SurfaceView.updateSurface:1105 android.view.SurfaceView.lambda$new$0$android-view-SurfaceView:200 
10-17 20:28:28.183 13125 13125 I ViewRootImpl@e892618[MainActivity]: applyTransactionOnDraw: mRemoved = false isHardwareEnabled = true t = 0x7b1c1f7a00android.view.SurfaceView.applyTransactionOnVriDraw:2048 android.view.SurfaceView.performSurfaceTransaction:959 android.view.SurfaceView.updateSurface:1105 android.view.SurfaceView.lambda$new$0$android-view-SurfaceView:200 android.view.SurfaceView$$ExternalSyntheticLambda5.onPreDraw:2 
10-17 20:28:28.183 13125 13125 I SurfaceView@9cae61f: updateSurface: mVisible = true mSurface.isValid() = true
10-17 20:28:28.183 13125 13125 I SurfaceView@9cae61f: updateSurface: mSurfaceCreated = true surfaceChanged = false visibleChanged = false
10-17 20:28:28.183 13125 13125 V SurfaceView@9cae61f: Layout: x=0 y=-175 w=1080 h=525, frame=Rect(0, 0 - 1080, 525)
10-17 20:28:28.194 13125 13200 D SurfaceView@9cae61f: updateSurfacePosition RenderWorker, frameNr = 678, position = [0, -252, 1080, 273] surfaceSize = 1080x525
10-17 20:28:28.194 13125 13200 I SurfaceView@9cae61f: uSP: rtp = Rect(0, -252 - 1080, 273) rtsw = 1080 rtsh = 525
10-17 20:28:28.194 13125 13200 I SurfaceView@9cae61f: onSSPAndSRT: pl = 0 pt = -252 sx = 1.0 sy = 1.0
10-17 20:28:28.195 13125 13200 I SurfaceView@9cae61f: aOrMT: ViewRootImpl@e892618[MainActivity] t = android.view.SurfaceControl$Transaction@266d15a fN = 678 android.view.SurfaceView.-$$Nest$mapplyOrMergeTransaction:0 android.view.SurfaceView$SurfaceViewPositionUpdateListener.positionChanged:1537 android.graphics.RenderNode$CompositePositionUpdateListener.positionChanged:373 
10-17 20:28:28.195 13125 13200 I ViewRootImpl@e892618[MainActivity]: mWNT: t=0x7b46ec2d00 mBlastBufferQueue=0x7b5a8dd800 fn= 678 caller= android.view.SurfaceView.applyOrMergeTransaction:1455 android.view.SurfaceView.-$$Nest$mapplyOrMergeTransaction:0 android.view.SurfaceView$SurfaceViewPositionUpdateListener.positionChanged:1537 
10-17 20:28:28.195 13125 13200 I ViewRootImpl@e892618[MainActivity]: mWNT: t=0x7b1c1f7a00 mBlastBufferQueue=0x7b5a8dd800 fn= 678 caller= android.view.ViewRootImpl.lambda$applyTransactionOnDraw$11$android-view-ViewRootImpl:12865 android.view.ViewRootImpl$$ExternalSyntheticLambda1.onFrameDraw:4 android.graphics.HardwareRenderer$FrameDrawingCallback.onFrameDraw:924 
10-17 20:28:28.199 13125 13125 I SurfaceView@9cae61f: Changes: creating=false format=false size=false visible=false alpha=false hint=false mUseAlpha=false visible=false left=false top=true
10-17 20:28:28.200 13125 13125 I SurfaceView@9cae61f: 164292127 Cur surface: Surface(name=null)/@0x1923549
10-17 20:28:28.200 13125 13125 I SurfaceView@9cae61f: applyTransactionOnVriDraw: vri = ViewRootImpl@e892618[MainActivity] fRS = false t = 0x7b1c1f7b00 android.view.SurfaceView.performSurfaceTransaction:959 android.view.SurfaceView.updateSurface:1105 android.view.SurfaceView.lambda$new$0$android-view-SurfaceView:200 
10-17 20:28:28.200 13125 13125 I ViewRootImpl@e892618[MainActivity]: applyTransactionOnDraw: mRemoved = false isHardwareEnabled = true t = 0x7b1c1f7b00android.view.SurfaceView.applyTransactionOnVriDraw:2048 android.view.SurfaceView.performSurfaceTransaction:959 android.view.SurfaceView.updateSurface:1105 android.view.SurfaceView.lambda$new$0$android-view-SurfaceView:200 android.view.SurfaceView$$ExternalSyntheticLambda5.onPreDraw:2 
10-17 20:28:28.200 13125 13125 I SurfaceView@9cae61f: updateSurface: mVisible = true mSurface.isValid() = true
10-17 20:28:28.201 13125 13125 I SurfaceView@9cae61f: updateSurface: mSurfaceCreated = true surfaceChanged = false visibleChanged = false
10-17 20:28:28.201 13125 13125 V SurfaceView@9cae61f: Layout: x=0 y=-252 w=1080 h=525, frame=Rect(0, 0 - 1080, 525)
10-17 20:28:28.209 13125 13199 D SurfaceView@9cae61f: updateSurfacePosition RenderWorker, frameNr = 679, position = [0, -332, 1080, 193] surfaceSize = 1080x525
10-17 20:28:28.209 13125 13199 I SurfaceView@9cae61f: uSP: rtp = Rect(0, -332 - 1080, 193) rtsw = 1080 rtsh = 525
10-17 20:28:28.209 13125 13199 I SurfaceView@9cae61f: onSSPAndSRT: pl = 0 pt = -332 sx = 1.0 sy = 1.0
10-17 20:28:28.210 13125 13199 I SurfaceView@9cae61f: aOrMT: ViewRootImpl@e892618[MainActivity] t = android.view.SurfaceControl$Transaction@266d15a fN = 679 android.view.SurfaceView.-$$Nest$mapplyOrMergeTransaction:0 android.view.SurfaceView$SurfaceViewPositionUpdateListener.positionChanged:1537 android.graphics.RenderNode$CompositePositionUpdateListener.positionChanged:373 
10-17 20:28:28.210 13125 13199 I ViewRootImpl@e892618[MainActivity]: mWNT: t=0x7b46ec2d00 mBlastBufferQueue=0x7b5a8dd800 fn= 679 caller= android.view.SurfaceView.applyOrMergeTransaction:1455 android.view.SurfaceView.-$$Nest$mapplyOrMergeTransaction:0 android.view.SurfaceView$SurfaceViewPositionUpdateListener.positionChanged:1537 
10-17 20:28:28.210 13125 13199 I ViewRootImpl@e892618[MainActivity]: mWNT: t=0x7b1c1f7b00 mBlastBufferQueue=0x7b5a8dd800 fn= 679 caller= android.view.ViewRootImpl.lambda$applyTransactionOnDraw$11$android-view-ViewRootImpl:12865 android.view.ViewRootImpl$$ExternalSyntheticLambda1.onFrameDraw:4 android.graphics.HardwareRenderer$FrameDrawingCallback.onFrameDraw:924 
10-17 20:28:28.215 13125 13125 I SurfaceView@9cae61f: Changes: creating=false format=false size=false visible=false alpha=false hint=false mUseAlpha=false visible=false left=false top=true
10-17 20:28:28.215 13125 13125 I SurfaceView@9cae61f: 164292127 Cur surface: Surface(name=null)/@0x1923549
10-17 20:28:28.215 13125 13125 I SurfaceView@9cae61f: applyTransactionOnVriDraw: vri = ViewRootImpl@e892618[MainActivity] fRS = false t = 0x7b1c1f7c00 android.view.SurfaceView.performSurfaceTransaction:959 android.view.SurfaceView.updateSurface:1105 android.view.SurfaceView.lambda$new$0$android-view-SurfaceView:200 
10-17 20:28:28.215 13125 13125 I ViewRootImpl@e892618[MainActivity]: applyTransactionOnDraw: mRemoved = false isHardwareEnabled = true t = 0x7b1c1f7c00android.view.SurfaceView.applyTransactionOnVriDraw:2048 android.view.SurfaceView.performSurfaceTransaction:959 android.view.SurfaceView.updateSurface:1105 android.view.SurfaceView.lambda$new$0$android-view-SurfaceView:200 android.view.SurfaceView$$ExternalSyntheticLambda5.onPreDraw:2 
10-17 20:28:28.215 13125 13125 I SurfaceView@9cae61f: updateSurface: mVisible = true mSurface.isValid() = true
10-17 20:28:28.215 13125 13125 I SurfaceView@9cae61f: updateSurface: mSurfaceCreated = true surfaceChanged = false visibleChanged = false
10-17 20:28:28.215 13125 13125 V SurfaceView@9cae61f: Layout: x=0 y=-332 w=1080 h=525, frame=Rect(0, 0 - 1080, 525)
10-17 20:28:28.224 13125 13200 D SurfaceView@9cae61f: updateSurfacePosition RenderWorker, frameNr = 680, position = [0, -409, 1080, 116] surfaceSize = 1080x525
10-17 20:28:28.224 13125 13200 I SurfaceView@9cae61f: uSP: rtp = Rect(0, -409 - 1080, 116) rtsw = 1080 rtsh = 525
10-17 20:28:28.224 13125 13200 I SurfaceView@9cae61f: onSSPAndSRT: pl = 0 pt = -409 sx = 1.0 sy = 1.0
10-17 20:28:28.224 13125 13200 I SurfaceView@9cae61f: aOrMT: ViewRootImpl@e892618[MainActivity] t = android.view.SurfaceControl$Transaction@266d15a fN = 680 android.view.SurfaceView.-$$Nest$mapplyOrMergeTransaction:0 android.view.SurfaceView$SurfaceViewPositionUpdateListener.positionChanged:1537 android.graphics.RenderNode$CompositePositionUpdateListener.positionChanged:373 
10-17 20:28:28.225 13125 13200 I ViewRootImpl@e892618[MainActivity]: mWNT: t=0x7b46ec2d00 mBlastBufferQueue=0x7b5a8dd800 fn= 680 caller= android.view.SurfaceView.applyOrMergeTransaction:1455 android.view.SurfaceView.-$$Nest$mapplyOrMergeTransaction:0 android.view.SurfaceView$SurfaceViewPositionUpdateListener.positionChanged:1537 
10-17 20:28:28.225 13125 13200 I ViewRootImpl@e892618[MainActivity]: mWNT: t=0x7b1c1f7c00 mBlastBufferQueue=0x7b5a8dd800 fn= 680 caller= android.view.ViewRootImpl.lambda$applyTransactionOnDraw$11$android-view-ViewRootImpl:12865 android.view.ViewRootImpl$$ExternalSyntheticLambda1.onFrameDraw:4 android.graphics.HardwareRenderer$FrameDrawingCallback.onFrameDraw:924 
10-17 20:28:28.232 13125 13125 I SurfaceView@9cae61f: Changes: creating=false format=false size=false visible=false alpha=false hint=false mUseAlpha=false visible=false left=false top=true
10-17 20:28:28.232 13125 13125 I SurfaceView@9cae61f: 164292127 Cur surface: Surface(name=null)/@0x1923549
10-17 20:28:28.232 13125 13125 I SurfaceView@9cae61f: applyTransactionOnVriDraw: vri = ViewRootImpl@e892618[MainActivity] fRS = false t = 0x7b1c1f7d00 android.view.SurfaceView.performSurfaceTransaction:959 android.view.SurfaceView.updateSurface:1105 android.view.SurfaceView.lambda$new$0$android-view-SurfaceView:200 
10-17 20:28:28.232 13125 13125 I ViewRootImpl@e892618[MainActivity]: applyTransactionOnDraw: mRemoved = false isHardwareEnabled = true t = 0x7b1c1f7d00android.view.SurfaceView.applyTransactionOnVriDraw:2048 android.view.SurfaceView.performSurfaceTransaction:959 android.view.SurfaceView.updateSurface:1105 android.view.SurfaceView.lambda$new$0$android-view-SurfaceView:200 android.view.SurfaceView$$ExternalSyntheticLambda5.onPreDraw:2 
10-17 20:28:28.232 13125 13125 I SurfaceView@9cae61f: updateSurface: mVisible = true mSurface.isValid() = true
10-17 20:28:28.232 13125 13125 I SurfaceView@9cae61f: updateSurface: mSurfaceCreated = true surfaceChanged = false visibleChanged = false
10-17 20:28:28.232 13125 13125 V SurfaceView@9cae61f: Layout: x=0 y=-409 w=1080 h=525, frame=Rect(0, 0 - 1080, 525)
10-17 20:28:28.240 13125 13199 D SurfaceView@9cae61f: updateSurfacePosition RenderWorker, frameNr = 681, position = [0, -479, 1080, 46] surfaceSize = 1080x525
10-17 20:28:28.240 13125 13199 I SurfaceView@9cae61f: uSP: rtp = Rect(0, -479 - 1080, 46) rtsw = 1080 rtsh = 525
10-17 20:28:28.240 13125 13199 I SurfaceView@9cae61f: onSSPAndSRT: pl = 0 pt = -479 sx = 1.0 sy = 1.0
10-17 20:28:28.240 13125 13199 I SurfaceView@9cae61f: aOrMT: ViewRootImpl@e892618[MainActivity] t = android.view.SurfaceControl$Transaction@266d15a fN = 681 android.view.SurfaceView.-$$Nest$mapplyOrMergeTransaction:0 android.view.SurfaceView$SurfaceViewPositionUpdateListener.positionChanged:1537 android.graphics.RenderNode$CompositePositionUpdateListener.positionChanged:373 
10-17 20:28:28.240 13125 13199 I ViewRootImpl@e892618[MainActivity]: mWNT: t=0x7b46ec2d00 mBlastBufferQueue=0x7b5a8dd800 fn= 681 caller= android.view.SurfaceView.applyOrMergeTransaction:1455 android.view.SurfaceView.-$$Nest$mapplyOrMergeTransaction:0 android.view.SurfaceView$SurfaceViewPositionUpdateListener.positionChanged:1537 
10-17 20:28:28.241 13125 13199 I ViewRootImpl@e892618[MainActivity]: mWNT: t=0x7b1c1f7d00 mBlastBufferQueue=0x7b5a8dd800 fn= 681 caller= android.view.ViewRootImpl.lambda$applyTransactionOnDraw$11$android-view-ViewRootImpl:12865 android.view.ViewRootImpl$$ExternalSyntheticLambda1.onFrameDraw:4 android.graphics.HardwareRenderer$FrameDrawingCallback.onFrameDraw:924 
10-17 20:28:28.249 13125 13125 I SurfaceView@9cae61f: Changes: creating=false format=false size=false visible=false alpha=false hint=false mUseAlpha=false visible=false left=false top=true
10-17 20:28:28.249 13125 13125 I SurfaceView@9cae61f: 164292127 Cur surface: Surface(name=null)/@0x1923549
10-17 20:28:28.250 13125 13125 I SurfaceView@9cae61f: applyTransactionOnVriDraw: vri = ViewRootImpl@e892618[MainActivity] fRS = false t = 0x7b1c1f7e00 android.view.SurfaceView.performSurfaceTransaction:959 android.view.SurfaceView.updateSurface:1105 android.view.SurfaceView.lambda$new$0$android-view-SurfaceView:200 
10-17 20:28:28.250 13125 13125 I ViewRootImpl@e892618[MainActivity]: applyTransactionOnDraw: mRemoved = false isHardwareEnabled = true t = 0x7b1c1f7e00android.view.SurfaceView.applyTransactionOnVriDraw:2048 android.view.SurfaceView.performSurfaceTransaction:959 android.view.SurfaceView.updateSurface:1105 android.view.SurfaceView.lambda$new$0$android-view-SurfaceView:200 android.view.SurfaceView$$ExternalSyntheticLambda5.onPreDraw:2 
10-17 20:28:28.250 13125 13125 I SurfaceView@9cae61f: updateSurface: mVisible = true mSurface.isValid() = true
10-17 20:28:28.250 13125 13125 I SurfaceView@9cae61f: updateSurface: mSurfaceCreated = true surfaceChanged = false visibleChanged = false
10-17 20:28:28.250 13125 13125 V SurfaceView@9cae61f: Layout: x=0 y=-479 w=1080 h=525, frame=Rect(0, 0 - 1080, 525)
10-17 20:28:28.260 13125 13200 D SurfaceView@9cae61f: updateSurfacePosition RenderWorker, frameNr = 682, position = [0, -550, 1080, -25] surfaceSize = 1080x525
10-17 20:28:28.261 13125 13200 I SurfaceView@9cae61f: uSP: rtp = Rect(0, -550 - 1080, -25) rtsw = 1080 rtsh = 525
10-17 20:28:28.261 13125 13200 I SurfaceView@9cae61f: onSSPAndSRT: pl = 0 pt = -550 sx = 1.0 sy = 1.0
10-17 20:28:28.261 13125 13200 I SurfaceView@9cae61f: aOrMT: ViewRootImpl@e892618[MainActivity] t = android.view.SurfaceControl$Transaction@266d15a fN = 682 android.view.SurfaceView.-$$Nest$mapplyOrMergeTransaction:0 android.view.SurfaceView$SurfaceViewPositionUpdateListener.positionChanged:1537 android.graphics.RenderNode$CompositePositionUpdateListener.positionChanged:373 
10-17 20:28:28.261 13125 13200 I ViewRootImpl@e892618[MainActivity]: mWNT: t=0x7b46ec2d00 mBlastBufferQueue=0x7b5a8dd800 fn= 682 caller= android.view.SurfaceView.applyOrMergeTransaction:1455 android.view.SurfaceView.-$$Nest$mapplyOrMergeTransaction:0 android.view.SurfaceView$SurfaceViewPositionUpdateListener.positionChanged:1537 
10-17 20:28:28.261 13125 13200 I ViewRootImpl@e892618[MainActivity]: mWNT: t=0x7b1c1f7e00 mBlastBufferQueue=0x7b5a8dd800 fn= 682 caller= android.view.ViewRootImpl.lambda$applyTransactionOnDraw$11$android-view-ViewRootImpl:12865 android.view.ViewRootImpl$$ExternalSyntheticLambda1.onFrameDraw:4 android.graphics.HardwareRenderer$FrameDrawingCallback.onFrameDraw:924 
10-17 20:28:28.265 13125 13125 I SurfaceView@9cae61f: Changes: creating=false format=false size=false visible=false alpha=false hint=false mUseAlpha=false visible=false left=false top=true
10-17 20:28:28.265 13125 13125 I SurfaceView@9cae61f: 164292127 Cur surface: Surface(name=null)/@0x1923549
10-17 20:28:28.266 13125 13125 I SurfaceView@9cae61f: applyTransactionOnVriDraw: vri = ViewRootImpl@e892618[MainActivity] fRS = false t = 0x7b1c1f7f00 android.view.SurfaceView.performSurfaceTransaction:959 android.view.SurfaceView.updateSurface:1105 android.view.SurfaceView.lambda$new$0$android-view-SurfaceView:200 
10-17 20:28:28.266 13125 13125 I ViewRootImpl@e892618[MainActivity]: applyTransactionOnDraw: mRemoved = false isHardwareEnabled = true t = 0x7b1c1f7f00android.view.SurfaceView.applyTransactionOnVriDraw:2048 android.view.SurfaceView.performSurfaceTransaction:959 android.view.SurfaceView.updateSurface:1105 android.view.SurfaceView.lambda$new$0$android-view-SurfaceView:200 android.view.SurfaceView$$ExternalSyntheticLambda5.onPreDraw:2 
10-17 20:28:28.266 13125 13125 I SurfaceView@9cae61f: updateSurface: mVisible = true mSurface.isValid() = true
10-17 20:28:28.266 13125 13125 I SurfaceView@9cae61f: updateSurface: mSurfaceCreated = true surfaceChanged = false visibleChanged = false
10-17 20:28:28.266 13125 13125 V SurfaceView@9cae61f: Layout: x=0 y=-550 w=1080 h=525, frame=Rect(0, 0 - 1080, 525)
10-17 20:28:28.276 13125 13199 D SurfaceView@9cae61f: updateSurfacePosition RenderWorker, frameNr = 683, position = [0, -619, 1080, -94] surfaceSize = 1080x525
10-17 20:28:28.276 13125 13199 I SurfaceView@9cae61f: uSP: rtp = Rect(0, -619 - 1080, -94) rtsw = 1080 rtsh = 525
10-17 20:28:28.276 13125 13199 I SurfaceView@9cae61f: onSSPAndSRT: pl = 0 pt = -619 sx = 1.0 sy = 1.0
10-17 20:28:28.276 13125 13199 I SurfaceView@9cae61f: aOrMT: ViewRootImpl@e892618[MainActivity] t = android.view.SurfaceControl$Transaction@266d15a fN = 683 android.view.SurfaceView.-$$Nest$mapplyOrMergeTransaction:0 android.view.SurfaceView$SurfaceViewPositionUpdateListener.positionChanged:1537 android.graphics.RenderNode$CompositePositionUpdateListener.positionChanged:373 
10-17 20:28:28.276 13125 13199 I ViewRootImpl@e892618[MainActivity]: mWNT: t=0x7b46ec2d00 mBlastBufferQueue=0x7b5a8dd800 fn= 683 caller= android.view.SurfaceView.applyOrMergeTransaction:1455 android.view.SurfaceView.-$$Nest$mapplyOrMergeTransaction:0 android.view.SurfaceView$SurfaceViewPositionUpdateListener.positionChanged:1537 
10-17 20:28:28.276 13125 13199 I ViewRootImpl@e892618[MainActivity]: mWNT: t=0x7b1c1f7f00 mBlastBufferQueue=0x7b5a8dd800 fn= 683 caller= android.view.ViewRootImpl.lambda$applyTransactionOnDraw$11$android-view-ViewRootImpl:12865 android.view.ViewRootImpl$$ExternalSyntheticLambda1.onFrameDraw:4 android.graphics.HardwareRenderer$FrameDrawingCallback.onFrameDraw:924 
10-17 20:28:28.282 13125 13125 I SurfaceView@9cae61f: Changes: creating=false format=false size=false visible=false alpha=false hint=false mUseAlpha=false visible=false left=false top=true
10-17 20:28:28.282 13125 13125 I SurfaceView@9cae61f: 164292127 Cur surface: Surface(name=null)/@0x1923549
10-17 20:28:28.282 13125 13125 I SurfaceView@9cae61f: applyTransactionOnVriDraw: vri = ViewRootImpl@e892618[MainActivity] fRS = false t = 0x7ae8c79000 android.view.SurfaceView.performSurfaceTransaction:959 android.view.SurfaceView.updateSurface:1105 android.view.SurfaceView.lambda$new$0$android-view-SurfaceView:200 
10-17 20:28:28.283 13125 13125 I ViewRootImpl@e892618[MainActivity]: applyTransactionOnDraw: mRemoved = false isHardwareEnabled = true t = 0x7ae8c79000android.view.SurfaceView.applyTransactionOnVriDraw:2048 android.view.SurfaceView.performSurfaceTransaction:959 android.view.SurfaceView.updateSurface:1105 android.view.SurfaceView.lambda$new$0$android-view-SurfaceView:200 android.view.SurfaceView$$ExternalSyntheticLambda5.onPreDraw:2 
10-17 20:28:28.283 13125 13125 I SurfaceView@9cae61f: updateSurface: mVisible = true mSurface.isValid() = true
10-17 20:28:28.283 13125 13125 I SurfaceView@9cae61f: updateSurface: mSurfaceCreated = true surfaceChanged = false visibleChanged = false
10-17 20:28:28.283 13125 13125 V SurfaceView@9cae61f: Layout: x=0 y=-619 w=1080 h=525, frame=Rect(0, 0 - 1080, 525)
10-17 20:28:28.292 13125 13200 D SurfaceView@9cae61f: updateSurfacePosition RenderWorker, frameNr = 684, position = [0, -681, 1080, -156] surfaceSize = 1080x525
10-17 20:28:28.292 13125 13200 I SurfaceView@9cae61f: uSP: rtp = Rect(0, -681 - 1080, -156) rtsw = 1080 rtsh = 525
10-17 20:28:28.292 13125 13200 I SurfaceView@9cae61f: onSSPAndSRT: pl = 0 pt = -681 sx = 1.0 sy = 1.0
10-17 20:28:28.293 13125 13200 I SurfaceView@9cae61f: aOrMT: ViewRootImpl@e892618[MainActivity] t = android.view.SurfaceControl$Transaction@266d15a fN = 684 android.view.SurfaceView.-$$Nest$mapplyOrMergeTransaction:0 android.view.SurfaceView$SurfaceViewPositionUpdateListener.positionChanged:1537 android.graphics.RenderNode$CompositePositionUpdateListener.positionChanged:373 
10-17 20:28:28.293 13125 13200 I ViewRootImpl@e892618[MainActivity]: mWNT: t=0x7b46ec2d00 mBlastBufferQueue=0x7b5a8dd800 fn= 684 caller= android.view.SurfaceView.applyOrMergeTransaction:1455 android.view.SurfaceView.-$$Nest$mapplyOrMergeTransaction:0 android.view.SurfaceView$SurfaceViewPositionUpdateListener.positionChanged:1537 
10-17 20:28:28.293 13125 13200 I ViewRootImpl@e892618[MainActivity]: mWNT: t=0x7ae8c79000 mBlastBufferQueue=0x7b5a8dd800 fn= 684 caller= android.view.ViewRootImpl.lambda$applyTransactionOnDraw$11$android-view-ViewRootImpl:12865 android.view.ViewRootImpl$$ExternalSyntheticLambda1.onFrameDraw:4 android.graphics.HardwareRenderer$FrameDrawingCallback.onFrameDraw:924 
10-17 20:28:28.299 13125 13125 I SurfaceView@9cae61f: Changes: creating=false format=false size=false visible=false alpha=false hint=false mUseAlpha=false visible=false left=false top=true
10-17 20:28:28.299 13125 13125 I SurfaceView@9cae61f: 164292127 Cur surface: Surface(name=null)/@0x1923549
10-17 20:28:28.300 13125 13125 I SurfaceView@9cae61f: applyTransactionOnVriDraw: vri = ViewRootImpl@e892618[MainActivity] fRS = false t = 0x7ae8c79100 android.view.SurfaceView.performSurfaceTransaction:959 android.view.SurfaceView.updateSurface:1105 android.view.SurfaceView.lambda$new$0$android-view-SurfaceView:200 
10-17 20:28:28.300 13125 13125 I ViewRootImpl@e892618[MainActivity]: applyTransactionOnDraw: mRemoved = false isHardwareEnabled = true t = 0x7ae8c79100android.view.SurfaceView.applyTransactionOnVriDraw:2048 android.view.SurfaceView.performSurfaceTransaction:959 android.view.SurfaceView.updateSurface:1105 android.view.SurfaceView.lambda$new$0$android-view-SurfaceView:200 android.view.SurfaceView$$ExternalSyntheticLambda5.onPreDraw:2 
10-17 20:28:28.300 13125 13125 I SurfaceView@9cae61f: updateSurface: mVisible = true mSurface.isValid() = true
10-17 20:28:28.300 13125 13125 I SurfaceView@9cae61f: updateSurface: mSurfaceCreated = true surfaceChanged = false visibleChanged = false
10-17 20:28:28.300 13125 13125 V SurfaceView@9cae61f: Layout: x=0 y=-681 w=1080 h=525, frame=Rect(0, 0 - 1080, 525)
10-17 20:28:28.310 13125 13199 D SurfaceView@9cae61f: updateSurfacePosition RenderWorker, frameNr = 685, position = [0, -745, 1080, -220] surfaceSize = 1080x525
10-17 20:28:28.310 13125 13199 I SurfaceView@9cae61f: uSP: rtp = Rect(0, -745 - 1080, -220) rtsw = 1080 rtsh = 525
10-17 20:28:28.310 13125 13199 I SurfaceView@9cae61f: onSSPAndSRT: pl = 0 pt = -745 sx = 1.0 sy = 1.0
10-17 20:28:28.310 13125 13199 I SurfaceView@9cae61f: aOrMT: ViewRootImpl@e892618[MainActivity] t = android.view.SurfaceControl$Transaction@266d15a fN = 685 android.view.SurfaceView.-$$Nest$mapplyOrMergeTransaction:0 android.view.SurfaceView$SurfaceViewPositionUpdateListener.positionChanged:1537 android.graphics.RenderNode$CompositePositionUpdateListener.positionChanged:373 
10-17 20:28:28.310 13125 13199 I ViewRootImpl@e892618[MainActivity]: mWNT: t=0x7b46ec2d00 mBlastBufferQueue=0x7b5a8dd800 fn= 685 caller= android.view.SurfaceView.applyOrMergeTransaction:1455 android.view.SurfaceView.-$$Nest$mapplyOrMergeTransaction:0 android.view.SurfaceView$SurfaceViewPositionUpdateListener.positionChanged:1537 
10-17 20:28:28.311 13125 13199 I ViewRootImpl@e892618[MainActivity]: mWNT: t=0x7ae8c79100 mBlastBufferQueue=0x7b5a8dd800 fn= 685 caller= android.view.ViewRootImpl.lambda$applyTransactionOnDraw$11$android-view-ViewRootImpl:12865 android.view.ViewRootImpl$$ExternalSyntheticLambda1.onFrameDraw:4 android.graphics.HardwareRenderer$FrameDrawingCallback.onFrameDraw:924 
10-17 20:28:28.315 13125 13125 I SurfaceView@9cae61f: Changes: creating=false format=false size=false visible=false alpha=false hint=false mUseAlpha=false visible=false left=false top=true
10-17 20:28:28.316 13125 13125 I SurfaceView@9cae61f: 164292127 Cur surface: Surface(name=null)/@0x1923549
10-17 20:28:28.316 13125 13125 I SurfaceView@9cae61f: applyTransactionOnVriDraw: vri = ViewRootImpl@e892618[MainActivity] fRS = false t = 0x7ae8c79200 android.view.SurfaceView.performSurfaceTransaction:959 android.view.SurfaceView.updateSurface:1105 android.view.SurfaceView.lambda$new$0$android-view-SurfaceView:200 
10-17 20:28:28.316 13125 13125 I ViewRootImpl@e892618[MainActivity]: applyTransactionOnDraw: mRemoved = false isHardwareEnabled = true t = 0x7ae8c79200android.view.SurfaceView.applyTransactionOnVriDraw:2048 android.view.SurfaceView.performSurfaceTransaction:959 android.view.SurfaceView.updateSurface:1105 android.view.SurfaceView.lambda$new$0$android-view-SurfaceView:200 android.view.SurfaceView$$ExternalSyntheticLambda5.onPreDraw:2 
10-17 20:28:28.316 13125 13125 I SurfaceView@9cae61f: updateSurface: mVisible = true mSurface.isValid() = true
10-17 20:28:28.316 13125 13125 I SurfaceView@9cae61f: updateSurface: mSurfaceCreated = true surfaceChanged = false visibleChanged = false
10-17 20:28:28.316 13125 13125 V SurfaceView@9cae61f: Layout: x=0 y=-745 w=1080 h=525, frame=Rect(0, 0 - 1080, 525)
10-17 20:28:28.326 13125 13200 D SurfaceView@9cae61f: updateSurfacePosition RenderWorker, frameNr = 686, position = [0, -805, 1080, -280] surfaceSize = 1080x525
10-17 20:28:28.326 13125 13200 I SurfaceView@9cae61f: uSP: rtp = Rect(0, -805 - 1080, -280) rtsw = 1080 rtsh = 525
10-17 20:28:28.326 13125 13200 I SurfaceView@9cae61f: onSSPAndSRT: pl = 0 pt = -805 sx = 1.0 sy = 1.0
10-17 20:28:28.327 13125 13200 I SurfaceView@9cae61f: aOrMT: ViewRootImpl@e892618[MainActivity] t = android.view.SurfaceControl$Transaction@266d15a fN = 686 android.view.SurfaceView.-$$Nest$mapplyOrMergeTransaction:0 android.view.SurfaceView$SurfaceViewPositionUpdateListener.positionChanged:1537 android.graphics.RenderNode$CompositePositionUpdateListener.positionChanged:373 
10-17 20:28:28.327 13125 13200 I ViewRootImpl@e892618[MainActivity]: mWNT: t=0x7b46ec2d00 mBlastBufferQueue=0x7b5a8dd800 fn= 686 caller= android.view.SurfaceView.applyOrMergeTransaction:1455 android.view.SurfaceView.-$$Nest$mapplyOrMergeTransaction:0 android.view.SurfaceView$SurfaceViewPositionUpdateListener.positionChanged:1537 
10-17 20:28:28.327 13125 13200 I ViewRootImpl@e892618[MainActivity]: mWNT: t=0x7ae8c79200 mBlastBufferQueue=0x7b5a8dd800 fn= 686 caller= android.view.ViewRootImpl.lambda$applyTransactionOnDraw$11$android-view-ViewRootImpl:12865 android.view.ViewRootImpl$$ExternalSyntheticLambda1.onFrameDraw:4 android.graphics.HardwareRenderer$FrameDrawingCallback.onFrameDraw:924 
10-17 20:28:28.332 13125 13125 I SurfaceView@9cae61f: Changes: creating=false format=false size=false visible=false alpha=false hint=false mUseAlpha=false visible=false left=false top=true
10-17 20:28:28.332 13125 13125 I SurfaceView@9cae61f: 164292127 Cur surface: Surface(name=null)/@0x1923549
10-17 20:28:28.333 13125 13125 I SurfaceView@9cae61f: applyTransactionOnVriDraw: vri = ViewRootImpl@e892618[MainActivity] fRS = false t = 0x7ae8c79300 android.view.SurfaceView.performSurfaceTransaction:959 android.view.SurfaceView.updateSurface:1105 android.view.SurfaceView.lambda$new$0$android-view-SurfaceView:200 
10-17 20:28:28.333 13125 13125 I ViewRootImpl@e892618[MainActivity]: applyTransactionOnDraw: mRemoved = false isHardwareEnabled = true t = 0x7ae8c79300android.view.SurfaceView.applyTransactionOnVriDraw:2048 android.view.SurfaceView.performSurfaceTransaction:959 android.view.SurfaceView.updateSurface:1105 android.view.SurfaceView.lambda$new$0$android-view-SurfaceView:200 android.view.SurfaceView$$ExternalSyntheticLambda5.onPreDraw:2 
10-17 20:28:28.333 13125 13125 I SurfaceView@9cae61f: updateSurface: mVisible = true mSurface.isValid() = true
10-17 20:28:28.333 13125 13125 I SurfaceView@9cae61f: updateSurface: mSurfaceCreated = true surfaceChanged = false visibleChanged = false
10-17 20:28:28.333 13125 13125 V SurfaceView@9cae61f: Layout: x=0 y=-805 w=1080 h=525, frame=Rect(0, 0 - 1080, 525)
10-17 20:28:28.345 13125 13199 D SurfaceView@9cae61f: updateSurfacePosition RenderWorker, frameNr = 687, position = [0, -860, 1080, -335] surfaceSize = 1080x525
10-17 20:28:28.345 13125 13199 I SurfaceView@9cae61f: uSP: rtp = Rect(0, -860 - 1080, -335) rtsw = 1080 rtsh = 525
10-17 20:28:28.345 13125 13199 I SurfaceView@9cae61f: onSSPAndSRT: pl = 0 pt = -860 sx = 1.0 sy = 1.0
10-17 20:28:28.345 13125 13199 I SurfaceView@9cae61f: aOrMT: ViewRootImpl@e892618[MainActivity] t = android.view.SurfaceControl$Transaction@266d15a fN = 687 android.view.SurfaceView.-$$Nest$mapplyOrMergeTransaction:0 android.view.SurfaceView$SurfaceViewPositionUpdateListener.positionChanged:1537 android.graphics.RenderNode$CompositePositionUpdateListener.positionChanged:373 
10-17 20:28:28.346 13125 13199 I ViewRootImpl@e892618[MainActivity]: mWNT: t=0x7b46ec2d00 mBlastBufferQueue=0x7b5a8dd800 fn= 687 caller= android.view.SurfaceView.applyOrMergeTransaction:1455 android.view.SurfaceView.-$$Nest$mapplyOrMergeTransaction:0 android.view.SurfaceView$SurfaceViewPositionUpdateListener.positionChanged:1537 
10-17 20:28:28.346 13125 13199 I ViewRootImpl@e892618[MainActivity]: mWNT: t=0x7ae8c79300 mBlastBufferQueue=0x7b5a8dd800 fn= 687 caller= android.view.ViewRootImpl.lambda$applyTransactionOnDraw$11$android-view-ViewRootImpl:12865 android.view.ViewRootImpl$$ExternalSyntheticLambda1.onFrameDraw:4 android.graphics.HardwareRenderer$FrameDrawingCallback.onFrameDraw:924 
10-17 20:28:28.349 13125 13125 I SurfaceView@9cae61f: Changes: creating=false format=false size=false visible=false alpha=false hint=false mUseAlpha=false visible=false left=false top=true
10-17 20:28:28.349 13125 13125 I SurfaceView@9cae61f: 164292127 Cur surface: Surface(name=null)/@0x1923549
10-17 20:28:28.350 13125 13125 I SurfaceView@9cae61f: applyTransactionOnVriDraw: vri = ViewRootImpl@e892618[MainActivity] fRS = false t = 0x7ae8c79400 android.view.SurfaceView.performSurfaceTransaction:959 android.view.SurfaceView.updateSurface:1105 android.view.SurfaceView.lambda$new$0$android-view-SurfaceView:200 
10-17 20:28:28.350 13125 13125 I ViewRootImpl@e892618[MainActivity]: applyTransactionOnDraw: mRemoved = false isHardwareEnabled = true t = 0x7ae8c79400android.view.SurfaceView.applyTransactionOnVriDraw:2048 android.view.SurfaceView.performSurfaceTransaction:959 android.view.SurfaceView.updateSurface:1105 android.view.SurfaceView.lambda$new$0$android-view-SurfaceView:200 android.view.SurfaceView$$ExternalSyntheticLambda5.onPreDraw:2 
10-17 20:28:28.350 13125 13125 I SurfaceView@9cae61f: updateSurface: mVisible = true mSurface.isValid() = true
10-17 20:28:28.350 13125 13125 I SurfaceView@9cae61f: updateSurface: mSurfaceCreated = true surfaceChanged = false visibleChanged = false
10-17 20:28:28.350 13125 13125 V SurfaceView@9cae61f: Layout: x=0 y=-860 w=1080 h=525, frame=Rect(0, 0 - 1080, 525)
10-17 20:28:28.361 13125 13200 D SurfaceView@9cae61f: updateSurfacePosition RenderWorker, frameNr = 688, position = [0, -915, 1080, -390] surfaceSize = 1080x525
10-17 20:28:28.361 13125 13200 I SurfaceView@9cae61f: uSP: rtp = Rect(0, -915 - 1080, -390) rtsw = 1080 rtsh = 525
10-17 20:28:28.361 13125 13200 I SurfaceView@9cae61f: onSSPAndSRT: pl = 0 pt = -915 sx = 1.0 sy = 1.0
10-17 20:28:28.361 13125 13200 I SurfaceView@9cae61f: aOrMT: ViewRootImpl@e892618[MainActivity] t = android.view.SurfaceControl$Transaction@266d15a fN = 688 android.view.SurfaceView.-$$Nest$mapplyOrMergeTransaction:0 android.view.SurfaceView$SurfaceViewPositionUpdateListener.positionChanged:1537 android.graphics.RenderNode$CompositePositionUpdateListener.positionChanged:373 
10-17 20:28:28.361 13125 13200 I ViewRootImpl@e892618[MainActivity]: mWNT: t=0x7b46ec2d00 mBlastBufferQueue=0x7b5a8dd800 fn= 688 caller= android.view.SurfaceView.applyOrMergeTransaction:1455 android.view.SurfaceView.-$$Nest$mapplyOrMergeTransaction:0 android.view.SurfaceView$SurfaceViewPositionUpdateListener.positionChanged:1537 
10-17 20:28:28.361 13125 13200 I ViewRootImpl@e892618[MainActivity]: mWNT: t=0x7ae8c79400 mBlastBufferQueue=0x7b5a8dd800 fn= 688 caller= android.view.ViewRootImpl.lambda$applyTransactionOnDraw$11$android-view-ViewRootImpl:12865 android.view.ViewRootImpl$$ExternalSyntheticLambda1.onFrameDraw:4 android.graphics.HardwareRenderer$FrameDrawingCallback.onFrameDraw:924 
10-17 20:28:28.366 13125 13125 I SurfaceView@9cae61f: Changes: creating=false format=false size=false visible=false alpha=false hint=false mUseAlpha=false visible=false left=false top=true
10-17 20:28:28.366 13125 13125 I SurfaceView@9cae61f: 164292127 Cur surface: Surface(name=null)/@0x1923549
10-17 20:28:28.366 13125 13125 I SurfaceView@9cae61f: applyTransactionOnVriDraw: vri = ViewRootImpl@e892618[MainActivity] fRS = false t = 0x7ae8c79600 android.view.SurfaceView.performSurfaceTransaction:959 android.view.SurfaceView.updateSurface:1105 android.view.SurfaceView.lambda$new$0$android-view-SurfaceView:200 
10-17 20:28:28.367 13125 13125 I ViewRootImpl@e892618[MainActivity]: applyTransactionOnDraw: mRemoved = false isHardwareEnabled = true t = 0x7ae8c79600android.view.SurfaceView.applyTransactionOnVriDraw:2048 android.view.SurfaceView.performSurfaceTransaction:959 android.view.SurfaceView.updateSurface:1105 android.view.SurfaceView.lambda$new$0$android-view-SurfaceView:200 android.view.SurfaceView$$ExternalSyntheticLambda5.onPreDraw:2 
10-17 20:28:28.367 13125 13125 I SurfaceView@9cae61f: updateSurface: mVisible = true mSurface.isValid() = true
10-17 20:28:28.367 13125 13125 I SurfaceView@9cae61f: updateSurface: mSurfaceCreated = true surfaceChanged = false visibleChanged = false
10-17 20:28:28.367 13125 13125 V SurfaceView@9cae61f: Layout: x=0 y=-915 w=1080 h=525, frame=Rect(0, 0 - 1080, 525)
10-17 20:28:28.375 13125 13199 D SurfaceView@9cae61f: updateSurfacePosition RenderWorker, frameNr = 689, position = [0, -968, 1080, -443] surfaceSize = 1080x525
10-17 20:28:28.376 13125 13199 I SurfaceView@9cae61f: uSP: rtp = Rect(0, -968 - 1080, -443) rtsw = 1080 rtsh = 525
10-17 20:28:28.376 13125 13199 I SurfaceView@9cae61f: onSSPAndSRT: pl = 0 pt = -968 sx = 1.0 sy = 1.0
10-17 20:28:28.376 13125 13199 I SurfaceView@9cae61f: aOrMT: ViewRootImpl@e892618[MainActivity] t = android.view.SurfaceControl$Transaction@266d15a fN = 689 android.view.SurfaceView.-$$Nest$mapplyOrMergeTransaction:0 android.view.SurfaceView$SurfaceViewPositionUpdateListener.positionChanged:1537 android.graphics.RenderNode$CompositePositionUpdateListener.positionChanged:373 
10-17 20:28:28.376 13125 13199 I ViewRootImpl@e892618[MainActivity]: mWNT: t=0x7b46ec2d00 mBlastBufferQueue=0x7b5a8dd800 fn= 689 caller= android.view.SurfaceView.applyOrMergeTransaction:1455 android.view.SurfaceView.-$$Nest$mapplyOrMergeTransaction:0 android.view.SurfaceView$SurfaceViewPositionUpdateListener.positionChanged:1537 
10-17 20:28:28.376 13125 13199 I ViewRootImpl@e892618[MainActivity]: mWNT: t=0x7ae8c79600 mBlastBufferQueue=0x7b5a8dd800 fn= 689 caller= android.view.ViewRootImpl.lambda$applyTransactionOnDraw$11$android-view-ViewRootImpl:12865 android.view.ViewRootImpl$$ExternalSyntheticLambda1.onFrameDraw:4 android.graphics.HardwareRenderer$FrameDrawingCallback.onFrameDraw:924 
10-17 20:28:28.382 13125 13125 I SurfaceView@9cae61f: Changes: creating=false format=false size=false visible=false alpha=false hint=false mUseAlpha=false visible=false left=false top=true
10-17 20:28:28.383 13125 13125 I SurfaceView@9cae61f: 164292127 Cur surface: Surface(name=null)/@0x1923549
10-17 20:28:28.383 13125 13125 I SurfaceView@9cae61f: applyTransactionOnVriDraw: vri = ViewRootImpl@e892618[MainActivity] fRS = false t = 0x7ae8c79700 android.view.SurfaceView.performSurfaceTransaction:959 android.view.SurfaceView.updateSurface:1105 android.view.SurfaceView.lambda$new$0$android-view-SurfaceView:200 
10-17 20:28:28.383 13125 13125 I ViewRootImpl@e892618[MainActivity]: applyTransactionOnDraw: mRemoved = false isHardwareEnabled = true t = 0x7ae8c79700android.view.SurfaceView.applyTransactionOnVriDraw:2048 android.view.SurfaceView.performSurfaceTransaction:959 android.view.SurfaceView.updateSurface:1105 android.view.SurfaceView.lambda$new$0$android-view-SurfaceView:200 android.view.SurfaceView$$ExternalSyntheticLambda5.onPreDraw:2 
10-17 20:28:28.383 13125 13125 I SurfaceView@9cae61f: updateSurface: mVisible = true mSurface.isValid() = true
10-17 20:28:28.384 13125 13125 I SurfaceView@9cae61f: updateSurface: mSurfaceCreated = true surfaceChanged = false visibleChanged = false
10-17 20:28:28.384 13125 13125 V SurfaceView@9cae61f: Layout: x=0 y=-968 w=1080 h=525, frame=Rect(0, 0 - 1080, 525)
10-17 20:28:28.392 13125 13200 D SurfaceView@9cae61f: updateSurfacePosition RenderWorker, frameNr = 690, position = [0, -1016, 1080, -491] surfaceSize = 1080x525
10-17 20:28:28.393 13125 13200 I SurfaceView@9cae61f: uSP: rtp = Rect(0, -1016 - 1080, -491) rtsw = 1080 rtsh = 525
10-17 20:28:28.393 13125 13200 I SurfaceView@9cae61f: onSSPAndSRT: pl = 0 pt = -1016 sx = 1.0 sy = 1.0
10-17 20:28:28.393 13125 13200 I SurfaceView@9cae61f: aOrMT: ViewRootImpl@e892618[MainActivity] t = android.view.SurfaceControl$Transaction@266d15a fN = 690 android.view.SurfaceView.-$$Nest$mapplyOrMergeTransaction:0 android.view.SurfaceView$SurfaceViewPositionUpdateListener.positionChanged:1537 android.graphics.RenderNode$CompositePositionUpdateListener.positionChanged:373 
10-17 20:28:28.393 13125 13200 I ViewRootImpl@e892618[MainActivity]: mWNT: t=0x7b46ec2d00 mBlastBufferQueue=0x7b5a8dd800 fn= 690 caller= android.view.SurfaceView.applyOrMergeTransaction:1455 android.view.SurfaceView.-$$Nest$mapplyOrMergeTransaction:0 android.view.SurfaceView$SurfaceViewPositionUpdateListener.positionChanged:1537 
10-17 20:28:28.393 13125 13200 I ViewRootImpl@e892618[MainActivity]: mWNT: t=0x7ae8c79700 mBlastBufferQueue=0x7b5a8dd800 fn= 690 caller= android.view.ViewRootImpl.lambda$applyTransactionOnDraw$11$android-view-ViewRootImpl:12865 android.view.ViewRootImpl$$ExternalSyntheticLambda1.onFrameDraw:4 android.graphics.HardwareRenderer$FrameDrawingCallback.onFrameDraw:924 
10-17 20:28:28.399 13125 13125 I SurfaceView@9cae61f: Changes: creating=false format=false size=false visible=false alpha=false hint=false mUseAlpha=false visible=false left=false top=true
10-17 20:28:28.399 13125 13125 I SurfaceView@9cae61f: 164292127 Cur surface: Surface(name=null)/@0x1923549
10-17 20:28:28.399 13125 13125 I SurfaceView@9cae61f: applyTransactionOnVriDraw: vri = ViewRootImpl@e892618[MainActivity] fRS = false t = 0x7ae8c79900 android.view.SurfaceView.performSurfaceTransaction:959 android.view.SurfaceView.updateSurface:1105 android.view.SurfaceView.lambda$new$0$android-view-SurfaceView:200 
10-17 20:28:28.400 13125 13125 I ViewRootImpl@e892618[MainActivity]: applyTransactionOnDraw: mRemoved = false isHardwareEnabled = true t = 0x7ae8c79900android.view.SurfaceView.applyTransactionOnVriDraw:2048 android.view.SurfaceView.performSurfaceTransaction:959 android.view.SurfaceView.updateSurface:1105 android.view.SurfaceView.lambda$new$0$android-view-SurfaceView:200 android.view.SurfaceView$$ExternalSyntheticLambda5.onPreDraw:2 
10-17 20:28:28.400 13125 13125 I SurfaceView@9cae61f: updateSurface: mVisible = true mSurface.isValid() = true
10-17 20:28:28.400 13125 13125 I SurfaceView@9cae61f: updateSurface: mSurfaceCreated = true surfaceChanged = false visibleChanged = false
10-17 20:28:28.400 13125 13125 V SurfaceView@9cae61f: Layout: x=0 y=-1016 w=1080 h=525, frame=Rect(0, 0 - 1080, 525)
10-17 20:28:28.413 13125 13199 D SurfaceView@9cae61f: updateSurfacePosition RenderWorker, frameNr = 691, position = [0, -1064, 1080, -539] surfaceSize = 1080x525
10-17 20:28:28.413 13125 13199 I SurfaceView@9cae61f: uSP: rtp = Rect(0, -1064 - 1080, -539) rtsw = 1080 rtsh = 525
10-17 20:28:28.413 13125 13199 I SurfaceView@9cae61f: onSSPAndSRT: pl = 0 pt = -1064 sx = 1.0 sy = 1.0
10-17 20:28:28.414 13125 13199 I SurfaceView@9cae61f: aOrMT: ViewRootImpl@e892618[MainActivity] t = android.view.SurfaceControl$Transaction@266d15a fN = 691 android.view.SurfaceView.-$$Nest$mapplyOrMergeTransaction:0 android.view.SurfaceView$SurfaceViewPositionUpdateListener.positionChanged:1537 android.graphics.RenderNode$CompositePositionUpdateListener.positionChanged:373 
