10-17 20:56:50.000 17496 17496 I SurfaceView@2d8fd01: updateSurface: mVisible = true mSurface.isValid() = true
10-17 20:56:50.000 17496 17496 I SurfaceView@2d8fd01: updateSurface: mSurfaceCreated = true surfaceChanged = false visibleChanged = false
10-17 20:56:50.000 17496 17496 V SurfaceView@2d8fd01: Layout: x=0 y=29 w=1080 h=525, frame=Rect(0, 0 - 1080, 525)
10-17 20:56:50.004 17496 17587 D SurfaceView@2d8fd01: updateSurfacePosition RenderWorker, frameNr = 726, position = [0, 123, 1080, 648] surfaceSize = 1080x525
10-17 20:56:50.004 17496 17587 I SurfaceView@2d8fd01: uSP: rtp = Rect(0, 123 - 1080, 648) rtsw = 1080 rtsh = 525
10-17 20:56:50.004 17496 17587 I SurfaceView@2d8fd01: onSSPAndSRT: pl = 0 pt = 123 sx = 1.0 sy = 1.0
10-17 20:56:50.004 17496 17587 I SurfaceView@2d8fd01: aOrMT: ViewRootImpl@61e4548[MainActivity] t = android.view.SurfaceControl$Transaction@4482fc5 fN = 726 android.view.SurfaceView.-$$Nest$mapplyOrMergeTransaction:0 android.view.SurfaceView$SurfaceViewPositionUpdateListener.positionChanged:1537 android.graphics.RenderNode$CompositePositionUpdateListener.positionChanged:373 
10-17 20:56:50.004 17496 17587 I ViewRootImpl@61e4548[MainActivity]: mWNT: t=0x7b42c18000 mBlastBufferQueue=0x7b5a926800 fn= 726 caller= android.view.SurfaceView.applyOrMergeTransaction:1455 android.view.SurfaceView.-$$Nest$mapplyOrMergeTransaction:0 android.view.SurfaceView$SurfaceViewPositionUpdateListener.positionChanged:1537 
10-17 20:56:50.004 17496 17587 I ViewRootImpl@61e4548[MainActivity]: mWNT: t=0x7b42e15f00 mBlastBufferQueue=0x7b5a926800 fn= 726 caller= android.view.ViewRootImpl.lambda$applyTransactionOnDraw$11$android-view-ViewRootImpl:12865 android.view.ViewRootImpl$$ExternalSyntheticLambda1.onFrameDraw:4 android.graphics.HardwareRenderer$FrameDrawingCallback.onFrameDraw:924 
10-17 20:56:50.015 17496 17496 I SurfaceView@2d8fd01: Changes: creating=false format=false size=false visible=false alpha=false hint=false mUseAlpha=false visible=false left=false top=true
10-17 20:56:50.015 17496 17496 I SurfaceView@2d8fd01: 47774977 Cur surface: Surface(name=null)/@0xcf9b910
10-17 20:56:50.016 17496 17496 I SurfaceView@2d8fd01: applyTransactionOnVriDraw: vri = ViewRootImpl@61e4548[MainActivity] fRS = false t = 0x7b1b9b0900 android.view.SurfaceView.performSurfaceTransaction:959 android.view.SurfaceView.updateSurface:1105 android.view.SurfaceView.lambda$new$0$android-view-SurfaceView:200 
10-17 20:56:50.016 17496 17496 I ViewRootImpl@61e4548[MainActivity]: applyTransactionOnDraw: mRemoved = false isHardwareEnabled = true t = 0x7b1b9b0900android.view.SurfaceView.applyTransactionOnVriDraw:2048 android.view.SurfaceView.performSurfaceTransaction:959 android.view.SurfaceView.updateSurface:1105 android.view.SurfaceView.lambda$new$0$android-view-SurfaceView:200 android.view.SurfaceView$$ExternalSyntheticLambda5.onPreDraw:2 
10-17 20:56:50.016 17496 17496 I SurfaceView@2d8fd01: updateSurface: mVisible = true mSurface.isValid() = true
10-17 20:56:50.016 17496 17496 I SurfaceView@2d8fd01: updateSurface: mSurfaceCreated = true surfaceChanged = false visibleChanged = false
10-17 20:56:50.016 17496 17496 V SurfaceView@2d8fd01: Layout: x=0 y=123 w=1080 h=525, frame=Rect(0, 0 - 1080, 525)
10-17 20:56:50.020 17496 17586 D SurfaceView@2d8fd01: updateSurfacePosition RenderWorker, frameNr = 727, position = [0, 218, 1080, 743] surfaceSize = 1080x525
10-17 20:56:50.020 17496 17586 I SurfaceView@2d8fd01: uSP: rtp = Rect(0, 218 - 1080, 743) rtsw = 1080 rtsh = 525
10-17 20:56:50.021 17496 17586 I SurfaceView@2d8fd01: onSSPAndSRT: pl = 0 pt = 218 sx = 1.0 sy = 1.0
10-17 20:56:50.021 17496 17586 I SurfaceView@2d8fd01: aOrMT: ViewRootImpl@61e4548[MainActivity] t = android.view.SurfaceControl$Transaction@4482fc5 fN = 727 android.view.SurfaceView.-$$Nest$mapplyOrMergeTransaction:0 android.view.SurfaceView$SurfaceViewPositionUpdateListener.positionChanged:1537 android.graphics.RenderNode$CompositePositionUpdateListener.positionChanged:373 
10-17 20:56:50.021 17496 17586 I ViewRootImpl@61e4548[MainActivity]: mWNT: t=0x7b42c18000 mBlastBufferQueue=0x7b5a926800 fn= 727 caller= android.view.SurfaceView.applyOrMergeTransaction:1455 android.view.SurfaceView.-$$Nest$mapplyOrMergeTransaction:0 android.view.SurfaceView$SurfaceViewPositionUpdateListener.positionChanged:1537 
10-17 20:56:50.021 17496 17586 I ViewRootImpl@61e4548[MainActivity]: mWNT: t=0x7b1b9b0900 mBlastBufferQueue=0x7b5a926800 fn= 727 caller= android.view.ViewRootImpl.lambda$applyTransactionOnDraw$11$android-view-ViewRootImpl:12865 android.view.ViewRootImpl$$ExternalSyntheticLambda1.onFrameDraw:4 android.graphics.HardwareRenderer$FrameDrawingCallback.onFrameDraw:924 
10-17 20:56:50.032 17496 17496 I SurfaceView@2d8fd01: Changes: creating=false format=false size=false visible=false alpha=false hint=false mUseAlpha=false visible=false left=false top=true
10-17 20:56:50.032 17496 17496 I SurfaceView@2d8fd01: 47774977 Cur surface: Surface(name=null)/@0xcf9b910
10-17 20:56:50.032 17496 17496 I SurfaceView@2d8fd01: applyTransactionOnVriDraw: vri = ViewRootImpl@61e4548[MainActivity] fRS = false t = 0x7ae3085a00 android.view.SurfaceView.performSurfaceTransaction:959 android.view.SurfaceView.updateSurface:1105 android.view.SurfaceView.lambda$new$0$android-view-SurfaceView:200 
10-17 20:56:50.032 17496 17496 I ViewRootImpl@61e4548[MainActivity]: applyTransactionOnDraw: mRemoved = false isHardwareEnabled = true t = 0x7ae3085a00android.view.SurfaceView.applyTransactionOnVriDraw:2048 android.view.SurfaceView.performSurfaceTransaction:959 android.view.SurfaceView.updateSurface:1105 android.view.SurfaceView.lambda$new$0$android-view-SurfaceView:200 android.view.SurfaceView$$ExternalSyntheticLambda5.onPreDraw:2 
10-17 20:56:50.033 17496 17496 I SurfaceView@2d8fd01: updateSurface: mVisible = true mSurface.isValid() = true
10-17 20:56:50.033 17496 17496 I SurfaceView@2d8fd01: updateSurface: mSurfaceCreated = true surfaceChanged = false visibleChanged = false
10-17 20:56:50.033 17496 17496 V SurfaceView@2d8fd01: Layout: x=0 y=218 w=1080 h=525, frame=Rect(0, 0 - 1080, 525)
10-17 20:56:50.036 17496 17587 I ViewRootImpl@61e4548[MainActivity]: mWNT: t=0x7ae3085a00 mBlastBufferQueue=0x7b5a926800 fn= 728 caller= android.view.ViewRootImpl.lambda$applyTransactionOnDraw$11$android-view-ViewRootImpl:12865 android.view.ViewRootImpl$$ExternalSyntheticLambda1.onFrameDraw:4 android.graphics.HardwareRenderer$FrameDrawingCallback.onFrameDraw:924 
10-17 20:56:50.053 17496 17586 D SurfaceView@2d8fd01: updateSurfacePosition RenderWorker, frameNr = 729, position = [0, 218, 1080, 748] surfaceSize = 1080x525
10-17 20:56:50.053 17496 17586 I SurfaceView@2d8fd01: uSP: rtp = Rect(0, 218 - 1080, 748) rtsw = 1080 rtsh = 525
10-17 20:56:50.053 17496 17586 I SurfaceView@2d8fd01: onSSPAndSRT: pl = 0 pt = 218 sx = 1.0 sy = 1.0095239
10-17 20:56:50.054 17496 17586 I SurfaceView@2d8fd01: aOrMT: ViewRootImpl@61e4548[MainActivity] t = android.view.SurfaceControl$Transaction@4482fc5 fN = 729 android.view.SurfaceView.-$$Nest$mapplyOrMergeTransaction:0 android.view.SurfaceView$SurfaceViewPositionUpdateListener.positionChanged:1537 android.graphics.RenderNode$CompositePositionUpdateListener.positionChanged:373 
10-17 20:56:50.054 17496 17586 I ViewRootImpl@61e4548[MainActivity]: mWNT: t=0x7b42c18000 mBlastBufferQueue=0x7b5a926800 fn= 729 caller= android.view.SurfaceView.applyOrMergeTransaction:1455 android.view.SurfaceView.-$$Nest$mapplyOrMergeTransaction:0 android.view.SurfaceView$SurfaceViewPositionUpdateListener.positionChanged:1537 
10-17 20:56:50.069 17496 17587 D SurfaceView@2d8fd01: updateSurfacePosition RenderWorker, frameNr = 730, position = [0, 218, 1080, 750] surfaceSize = 1080x525
10-17 20:56:50.070 17496 17587 I SurfaceView@2d8fd01: uSP: rtp = Rect(0, 218 - 1080, 750) rtsw = 1080 rtsh = 525
10-17 20:56:50.070 17496 17587 I SurfaceView@2d8fd01: onSSPAndSRT: pl = 0 pt = 218 sx = 1.0 sy = 1.0133333
10-17 20:56:50.070 17496 17587 I SurfaceView@2d8fd01: aOrMT: ViewRootImpl@61e4548[MainActivity] t = android.view.SurfaceControl$Transaction@4482fc5 fN = 730 android.view.SurfaceView.-$$Nest$mapplyOrMergeTransaction:0 android.view.SurfaceView$SurfaceViewPositionUpdateListener.positionChanged:1537 android.graphics.RenderNode$CompositePositionUpdateListener.positionChanged:373 
10-17 20:56:50.070 17496 17587 I ViewRootImpl@61e4548[MainActivity]: mWNT: t=0x7b42c18000 mBlastBufferQueue=0x7b5a926800 fn= 730 caller= android.view.SurfaceView.applyOrMergeTransaction:1455 android.view.SurfaceView.-$$Nest$mapplyOrMergeTransaction:0 android.view.SurfaceView$SurfaceViewPositionUpdateListener.positionChanged:1537 
10-17 20:56:50.101 17496 17586 D SurfaceView@2d8fd01: updateSurfacePosition RenderWorker, frameNr = 732, position = [0, 218, 1080, 749] surfaceSize = 1080x525
10-17 20:56:50.101 17496 17586 I SurfaceView@2d8fd01: uSP: rtp = Rect(0, 218 - 1080, 749) rtsw = 1080 rtsh = 525
10-17 20:56:50.101 17496 17586 I SurfaceView@2d8fd01: onSSPAndSRT: pl = 0 pt = 218 sx = 1.0 sy = 1.0114286
10-17 20:56:50.102 17496 17586 I SurfaceView@2d8fd01: aOrMT: ViewRootImpl@61e4548[MainActivity] t = android.view.SurfaceControl$Transaction@4482fc5 fN = 732 android.view.SurfaceView.-$$Nest$mapplyOrMergeTransaction:0 android.view.SurfaceView$SurfaceViewPositionUpdateListener.positionChanged:1537 android.graphics.RenderNode$CompositePositionUpdateListener.positionChanged:373 
10-17 20:56:50.102 17496 17586 I ViewRootImpl@61e4548[MainActivity]: mWNT: t=0x7b42c18000 mBlastBufferQueue=0x7b5a926800 fn= 732 caller= android.view.SurfaceView.applyOrMergeTransaction:1455 android.view.SurfaceView.-$$Nest$mapplyOrMergeTransaction:0 android.view.SurfaceView$SurfaceViewPositionUpdateListener.positionChanged:1537 
10-17 20:56:50.118 17496 17587 D SurfaceView@2d8fd01: updateSurfacePosition RenderWorker, frameNr = 733, position = [0, 218, 1080, 748] surfaceSize = 1080x525
10-17 20:56:50.118 17496 17587 I SurfaceView@2d8fd01: uSP: rtp = Rect(0, 218 - 1080, 748) rtsw = 1080 rtsh = 525
10-17 20:56:50.118 17496 17587 I SurfaceView@2d8fd01: onSSPAndSRT: pl = 0 pt = 218 sx = 1.0 sy = 1.0095239
10-17 20:56:50.118 17496 17587 I SurfaceView@2d8fd01: aOrMT: ViewRootImpl@61e4548[MainActivity] t = android.view.SurfaceControl$Transaction@4482fc5 fN = 733 android.view.SurfaceView.-$$Nest$mapplyOrMergeTransaction:0 android.view.SurfaceView$SurfaceViewPositionUpdateListener.positionChanged:1537 android.graphics.RenderNode$CompositePositionUpdateListener.positionChanged:373 
10-17 20:56:50.119 17496 17587 I ViewRootImpl@61e4548[MainActivity]: mWNT: t=0x7b42c18000 mBlastBufferQueue=0x7b5a926800 fn= 733 caller= android.view.SurfaceView.applyOrMergeTransaction:1455 android.view.SurfaceView.-$$Nest$mapplyOrMergeTransaction:0 android.view.SurfaceView$SurfaceViewPositionUpdateListener.positionChanged:1537 
10-17 20:56:50.130 17496 17586 D SurfaceView@2d8fd01: updateSurfacePosition RenderWorker, frameNr = 734, position = [0, 218, 1080, 747] surfaceSize = 1080x525
10-17 20:56:50.130 17496 17586 I SurfaceView@2d8fd01: uSP: rtp = Rect(0, 218 - 1080, 747) rtsw = 1080 rtsh = 525
10-17 20:56:50.130 17496 17586 I SurfaceView@2d8fd01: onSSPAndSRT: pl = 0 pt = 218 sx = 1.0 sy = 1.007619
10-17 20:56:50.130 17496 17586 I SurfaceView@2d8fd01: aOrMT: ViewRootImpl@61e4548[MainActivity] t = android.view.SurfaceControl$Transaction@4482fc5 fN = 734 android.view.SurfaceView.-$$Nest$mapplyOrMergeTransaction:0 android.view.SurfaceView$SurfaceViewPositionUpdateListener.positionChanged:1537 android.graphics.RenderNode$CompositePositionUpdateListener.positionChanged:373 
10-17 20:56:50.130 17496 17586 I ViewRootImpl@61e4548[MainActivity]: mWNT: t=0x7b42c18000 mBlastBufferQueue=0x7b5a926800 fn= 734 caller= android.view.SurfaceView.applyOrMergeTransaction:1455 android.view.SurfaceView.-$$Nest$mapplyOrMergeTransaction:0 android.view.SurfaceView$SurfaceViewPositionUpdateListener.positionChanged:1537 
10-17 20:56:50.163 17496 17587 D SurfaceView@2d8fd01: updateSurfacePosition RenderWorker, frameNr = 736, position = [0, 218, 1080, 746] surfaceSize = 1080x525
10-17 20:56:50.163 17496 17587 I SurfaceView@2d8fd01: uSP: rtp = Rect(0, 218 - 1080, 746) rtsw = 1080 rtsh = 525
10-17 20:56:50.163 17496 17587 I SurfaceView@2d8fd01: onSSPAndSRT: pl = 0 pt = 218 sx = 1.0 sy = 1.0057143
10-17 20:56:50.163 17496 17587 I SurfaceView@2d8fd01: aOrMT: ViewRootImpl@61e4548[MainActivity] t = android.view.SurfaceControl$Transaction@4482fc5 fN = 736 android.view.SurfaceView.-$$Nest$mapplyOrMergeTransaction:0 android.view.SurfaceView$SurfaceViewPositionUpdateListener.positionChanged:1537 android.graphics.RenderNode$CompositePositionUpdateListener.positionChanged:373 
10-17 20:56:50.164 17496 17587 I ViewRootImpl@61e4548[MainActivity]: mWNT: t=0x7b42c18000 mBlastBufferQueue=0x7b5a926800 fn= 736 caller= android.view.SurfaceView.applyOrMergeTransaction:1455 android.view.SurfaceView.-$$Nest$mapplyOrMergeTransaction:0 android.view.SurfaceView$SurfaceViewPositionUpdateListener.positionChanged:1537 
10-17 20:56:50.180 17496 17586 D SurfaceView@2d8fd01: updateSurfacePosition RenderWorker, frameNr = 737, position = [0, 218, 1080, 745] surfaceSize = 1080x525
10-17 20:56:50.180 17496 17586 I SurfaceView@2d8fd01: uSP: rtp = Rect(0, 218 - 1080, 745) rtsw = 1080 rtsh = 525
10-17 20:56:50.180 17496 17586 I SurfaceView@2d8fd01: onSSPAndSRT: pl = 0 pt = 218 sx = 1.0 sy = 1.0038096
10-17 20:56:50.180 17496 17586 I SurfaceView@2d8fd01: aOrMT: ViewRootImpl@61e4548[MainActivity] t = android.view.SurfaceControl$Transaction@4482fc5 fN = 737 android.view.SurfaceView.-$$Nest$mapplyOrMergeTransaction:0 android.view.SurfaceView$SurfaceViewPositionUpdateListener.positionChanged:1537 android.graphics.RenderNode$CompositePositionUpdateListener.positionChanged:373 
10-17 20:56:50.180 17496 17586 I ViewRootImpl@61e4548[MainActivity]: mWNT: t=0x7b42c18000 mBlastBufferQueue=0x7b5a926800 fn= 737 caller= android.view.SurfaceView.applyOrMergeTransaction:1455 android.view.SurfaceView.-$$Nest$mapplyOrMergeTransaction:0 android.view.SurfaceView$SurfaceViewPositionUpdateListener.positionChanged:1537 
10-17 20:56:50.213 17496 17587 D SurfaceView@2d8fd01: updateSurfacePosition RenderWorker, frameNr = 739, position = [0, 218, 1080, 744] surfaceSize = 1080x525
10-17 20:56:50.213 17496 17587 I SurfaceView@2d8fd01: uSP: rtp = Rect(0, 218 - 1080, 744) rtsw = 1080 rtsh = 525
10-17 20:56:50.213 17496 17587 I SurfaceView@2d8fd01: onSSPAndSRT: pl = 0 pt = 218 sx = 1.0 sy = 1.0019047
10-17 20:56:50.213 17496 17587 I SurfaceView@2d8fd01: aOrMT: ViewRootImpl@61e4548[MainActivity] t = android.view.SurfaceControl$Transaction@4482fc5 fN = 739 android.view.SurfaceView.-$$Nest$mapplyOrMergeTransaction:0 android.view.SurfaceView$SurfaceViewPositionUpdateListener.positionChanged:1537 android.graphics.RenderNode$CompositePositionUpdateListener.positionChanged:373 
10-17 20:56:50.213 17496 17587 I ViewRootImpl@61e4548[MainActivity]: mWNT: t=0x7b42c18000 mBlastBufferQueue=0x7b5a926800 fn= 739 caller= android.view.SurfaceView.applyOrMergeTransaction:1455 android.view.SurfaceView.-$$Nest$mapplyOrMergeTransaction:0 android.view.SurfaceView$SurfaceViewPositionUpdateListener.positionChanged:1537 
10-17 20:56:50.263 17496 17586 D SurfaceView@2d8fd01: updateSurfacePosition RenderWorker, frameNr = 742, position = [0, 218, 1080, 743] surfaceSize = 1080x525
10-17 20:56:50.263 17496 17586 I SurfaceView@2d8fd01: uSP: rtp = Rect(0, 218 - 1080, 743) rtsw = 1080 rtsh = 525
10-17 20:56:50.263 17496 17586 I SurfaceView@2d8fd01: onSSPAndSRT: pl = 0 pt = 218 sx = 1.0 sy = 1.0
10-17 20:56:50.263 17496 17586 I SurfaceView@2d8fd01: aOrMT: ViewRootImpl@61e4548[MainActivity] t = android.view.SurfaceControl$Transaction@4482fc5 fN = 742 android.view.SurfaceView.-$$Nest$mapplyOrMergeTransaction:0 android.view.SurfaceView$SurfaceViewPositionUpdateListener.positionChanged:1537 android.graphics.RenderNode$CompositePositionUpdateListener.positionChanged:373 
10-17 20:56:50.263 17496 17586 I ViewRootImpl@61e4548[MainActivity]: mWNT: t=0x7b42c18000 mBlastBufferQueue=0x7b5a926800 fn= 742 caller= android.view.SurfaceView.applyOrMergeTransaction:1455 android.view.SurfaceView.-$$Nest$mapplyOrMergeTransaction:0 android.view.SurfaceView$SurfaceViewPositionUpdateListener.positionChanged:1537 
10-17 20:56:51.515 17496 17496 I ViewRootImpl@61e4548[MainActivity]: ViewPostIme pointer 0
10-17 20:56:51.555 17496 17496 W PanelsChildGestureRegionObserver: failed to register view with ID 2131362800. already registered
10-17 20:56:51.561 17496 17496 W PanelsChildGestureRegionObserver: failed to register view with ID 2131362800. already registered
10-17 20:56:51.578 17496 17496 W PanelsChildGestureRegionObserver: failed to register view with ID 2131362800. already registered
10-17 20:56:51.595 17496 17496 W PanelsChildGestureRegionObserver: failed to register view with ID 2131362800. already registered
10-17 20:56:51.600 17496 17496 D WindowOnBackDispatcher: onBackInvoked, viewRoot=ViewRootImpl@fb73d28[Toast], callback=androidx.activity.OnBackPressedDispatcher$Api33Impl$$ExternalSyntheticLambda0@23bcddb
10-17 20:56:51.608 17496 17496 I IMM_LC  : hsifw() - flag : 0
10-17 20:56:51.608 17496 17496 I IMM_LC  : hsifw() - mService.hideSoftInput
10-17 20:56:51.614 17496 17496 I CS3ExoPlayer: onStop
10-17 20:56:51.614 17496 17496 I CS3ExoPlayer: saveData
10-17 20:56:51.615 17496 17496 I CS3ExoPlayer: handleEvent Pause
10-17 20:56:51.711 17496 17496 W PanelsChildGestureRegionObserver: failed to register view with ID 2131362800. already registered
10-17 20:56:51.919 17496 17496 W PanelsChildGestureRegionObserver: failed to register view with ID 2131362800. already registered
10-17 20:56:51.931 17496 17587 D SurfaceView@2d8fd01: updateSurfacePosition RenderWorker, frameNr = 773, position = [54, 314, 1026, 787] surfaceSize = 1080x525
10-17 20:56:51.931 17496 17587 I SurfaceView@2d8fd01: uSP: rtp = Rect(54, 314 - 1026, 787) rtsw = 1080 rtsh = 525
10-17 20:56:51.931 17496 17587 I SurfaceView@2d8fd01: onSSPAndSRT: pl = 54 pt = 314 sx = 0.9 sy = 0.9009524
10-17 20:56:51.931 17496 17587 I SurfaceView@2d8fd01: aOrMT: ViewRootImpl@61e4548[MainActivity] t = android.view.SurfaceControl$Transaction@4482fc5 fN = 773 android.view.SurfaceView.-$$Nest$mapplyOrMergeTransaction:0 android.view.SurfaceView$SurfaceViewPositionUpdateListener.positionChanged:1537 android.graphics.RenderNode$CompositePositionUpdateListener.positionChanged:373 
10-17 20:56:51.931 17496 17587 I ViewRootImpl@61e4548[MainActivity]: mWNT: t=0x7b42c18000 mBlastBufferQueue=0x7b5a926800 fn= 773 caller= android.view.SurfaceView.applyOrMergeTransaction:1455 android.view.SurfaceView.-$$Nest$mapplyOrMergeTransaction:0 android.view.SurfaceView$SurfaceViewPositionUpdateListener.positionChanged:1537 
10-17 20:56:51.932 17496 17496 I SurfaceView@2d8fd01: onWindowVisibilityChanged(8) false android.view.SurfaceView{2d8fd01 V.E..V... ........ 0,0-1080,525} of ViewRootImpl@61e4548[MainActivity]
10-17 20:56:51.932 17496 17496 I SurfaceView@2d8fd01: Changes: creating=false format=false size=false visible=true alpha=false hint=false mUseAlpha=false visible=true left=false top=false
10-17 20:56:51.932 17496 17496 I SurfaceView@2d8fd01: 47774977 Cur surface: Surface(name=null)/@0xcf9b910
10-17 20:56:51.933 17496 17496 I SurfaceView@2d8fd01: applyTransactionOnVriDraw: vri = ViewRootImpl@61e4548[MainActivity] fRS = false t = 0x7ae307b600 android.view.SurfaceView.performSurfaceTransaction:959 android.view.SurfaceView.updateSurface:1105 android.view.SurfaceView.onWindowVisibilityChanged:371 
10-17 20:56:51.933 17496 17496 I ViewRootImpl@61e4548[MainActivity]: applyTransactionOnDraw: mRemoved = false isHardwareEnabled = true t = 0x7ae307b600android.view.SurfaceView.applyTransactionOnVriDraw:2048 android.view.SurfaceView.performSurfaceTransaction:959 android.view.SurfaceView.updateSurface:1105 android.view.SurfaceView.onWindowVisibilityChanged:371 android.view.View.dispatchDetachedFromWindow:22529 
10-17 20:56:51.933 17496 17496 I SurfaceView@2d8fd01: surfaceDestroyed
10-17 20:56:51.933 17496 17496 I SurfaceView@2d8fd01: surfaceDestroyed callback.size 0 #2 android.view.SurfaceView{2d8fd01 V.E..V... ........ 0,0-1080,525}
10-17 20:56:51.933 17496 17496 I SurfaceView@2d8fd01: updateSurface: mVisible = false mSurface.isValid() = true
10-17 20:56:51.933 17496 17496 I SurfaceView@2d8fd01: releaseSurfaces: viewRoot = ViewRootImpl@61e4548[MainActivity]
10-17 20:56:51.933 17496 17496 I SurfaceView@2d8fd01: applyTransactionOnVriDraw: vri = ViewRootImpl@61e4548[MainActivity] fRS = true t = 0x7ae307b200 android.view.SurfaceView.releaseSurfaces:858 android.view.SurfaceView.updateSurface:1172 android.view.SurfaceView.onWindowVisibilityChanged:371 
10-17 20:56:51.933 17496 17496 I SurfaceView@2d8fd01: applyTransactionOnVriDraw: viewRoot.applyTransactionOnDrawFromReleaseSurfaces
10-17 20:56:51.933 17496 17496 I ViewRootImpl@61e4548[MainActivity]: applyTransactionOnDraw: mRemoved = false isHardwareEnabled = true t = 0x7ae307b200android.view.ViewRootImpl.applyTransactionOnDrawFromReleaseSurfaces:12850 android.view.SurfaceView.applyTransactionOnVriDraw:2046 android.view.SurfaceView.releaseSurfaces:858 android.view.SurfaceView.updateSurface:1172 android.view.SurfaceView.onWindowVisibilityChanged:371 
10-17 20:56:51.933 17496 17496 V SurfaceView@2d8fd01: Layout: x=0 y=218 w=1080 h=525, frame=Rect(0, 0 - 1080, 525)
10-17 20:56:51.933 17496 17496 I SurfaceView@2d8fd01: onDetachedFromWindow: tryReleaseSurfaces()
10-17 20:56:51.933 17496 17496 I SurfaceView@2d8fd01: releaseSurfaces: viewRoot = ViewRootImpl@61e4548[MainActivity]
10-17 20:56:51.934 17496 17496 I SurfaceView@2d8fd01: applyTransactionOnVriDraw: vri = ViewRootImpl@61e4548[MainActivity] fRS = true t = 0x7ae307b300 android.view.SurfaceView.releaseSurfaces:858 android.view.SurfaceView.onDetachedFromWindow:500 android.view.View.dispatchDetachedFromWindow:22538 
10-17 20:56:51.934 17496 17496 I SurfaceView@2d8fd01: applyTransactionOnVriDraw: viewRoot.applyTransactionOnDrawFromReleaseSurfaces
10-17 20:56:51.934 17496 17496 I ViewRootImpl@61e4548[MainActivity]: applyTransactionOnDraw: mRemoved = false isHardwareEnabled = true t = 0x7ae307b300android.view.ViewRootImpl.applyTransactionOnDrawFromReleaseSurfaces:12850 android.view.SurfaceView.applyTransactionOnVriDraw:2046 android.view.SurfaceView.releaseSurfaces:858 android.view.SurfaceView.onDetachedFromWindow:500 android.view.View.dispatchDetachedFromWindow:22538 
10-17 20:56:51.946 17496 17496 I DecorView: notifyKeepScreenOnChanged: keepScreenOn=false
10-17 20:56:51.947 17496 17496 I CS3ExoPlayer: releasePlayer
10-17 20:56:51.947 17496 17496 I CS3ExoPlayer: Handle event: PlayerAttachedEvent(player=null, source=Player)
10-17 20:56:51.948 17496 17496 I DecorView: notifyKeepScreenOnChanged: keepScreenOn=false
10-17 20:56:51.951 17496 17496 I ViewRootImpl@61e4548[MainActivity]: performTraversals params={(0,0)(fillxfill) sim={state=always_hidden adjust=resize} ty=BASE_APPLICATION wanim=0x1030309
10-17 20:56:51.951 17496 17496 I ViewRootImpl@61e4548[MainActivity]:   fl=85810100
10-17 20:56:51.951 17496 17496 I ViewRootImpl@61e4548[MainActivity]:   pfl=12020040
10-17 20:56:51.951 17496 17496 I ViewRootImpl@61e4548[MainActivity]:   vsysui=500
10-17 20:56:51.951 17496 17496 I ViewRootImpl@61e4548[MainActivity]:   bhv=DEFAULT
10-17 20:56:51.951 17496 17496 I ViewRootImpl@61e4548[MainActivity]:   fitSides= naviIconColor=0}
10-17 20:56:51.952 17496 17496 I ViewRootImpl@61e4548[MainActivity]: performTraversals mFirst=false windowShouldResize=false viewVisibilityChanged=false mForceNextWindowRelayout=false params={(0,0)(fillxfill) sim={state=always_hidden adjust=resize} ty=BASE_APPLICATION fmt=TRANSLUCENT wanim=0x1030309
10-17 20:56:51.952 17496 17496 I ViewRootImpl@61e4548[MainActivity]:   fl=85810100
10-17 20:56:51.952 17496 17496 I ViewRootImpl@61e4548[MainActivity]:   pfl=12020040
10-17 20:56:51.952 17496 17496 I ViewRootImpl@61e4548[MainActivity]:   vsysui=500
10-17 20:56:51.952 17496 17496 I ViewRootImpl@61e4548[MainActivity]:   bhv=DEFAULT
10-17 20:56:51.952 17496 17496 I ViewRootImpl@61e4548[MainActivity]:   fitSides= naviIconColor=0}
10-17 20:56:51.956 17496 17496 I ViewRootImpl@61e4548[MainActivity]: updateBlastSurfaceIfNeeded mBlastBufferQueue=0x7b5a926800 isSameSurfaceControl=true
10-17 20:56:51.956 17496 17496 I BLASTBufferQueue: update, w= 1080 h= 2400 mName = ViewRootImpl@61e4548[MainActivity] mNativeObject= 0x7b5a926800 sc.mNativeObject= 0x7ae3325060 format= -3 caller= android.view.ViewRootImpl.updateBlastSurfaceIfNeeded:2898 android.view.ViewRootImpl.relayoutWindow:9847 android.view.ViewRootImpl.performTraversals:3884 android.view.ViewRootImpl.doTraversal:3116 android.view.ViewRootImpl$TraversalRunnable.run:10885 android.view.Choreographer$CallbackRecord.run:1301 
10-17 20:56:51.956 17496 17496 I ViewRootImpl@61e4548[MainActivity]: Relayout returned: old=(0,0,1080,2400) new=(0,0,1080,2400) req=(1080,2400)0 dur=4 res=0x0 s={true 0x7b5a9a4800} ch=false seqId=0
10-17 20:56:51.956 17496 17496 I ViewRootImpl@61e4548[MainActivity]: updateBoundsLayer: t = android.view.SurfaceControl$Transaction@302b23a sc = Surface(name=Bounds for - com.lagradost.cloudstream3/com.lagradost.cloudstream3.MainActivity@0)/@0xd4fbeeb frame = 774
10-17 20:56:51.956 17496 17496 I ViewRootImpl@61e4548[MainActivity]: mWNT: t=0x7b5aa7f700 mBlastBufferQueue=0x7b5a926800 fn= 774 caller= android.view.ViewRootImpl.prepareSurfaces:2985 android.view.ViewRootImpl.performTraversals:4233 android.view.ViewRootImpl.doTraversal:3116 
10-17 20:56:51.958 17496 17533 D SurfaceView@2d8fd01: windowPositionLost, frameNr = 774
10-17 20:56:51.959 17496 17586 I ViewRootImpl@61e4548[MainActivity]: mWNT: t=0x7ae307b600 mBlastBufferQueue=0x7b5a926800 fn= 774 caller= android.view.ViewRootImpl.lambda$applyTransactionOnDraw$11$android-view-ViewRootImpl:12865 android.view.ViewRootImpl$$ExternalSyntheticLambda1.onFrameDraw:4 android.graphics.HardwareRenderer$FrameDrawingCallback.onFrameDraw:924 
10-17 20:56:51.959 17496 17586 I ViewRootImpl@61e4548[MainActivity]: mWNT: t=0x7ae307b200 mBlastBufferQueue=0x7b5a926800 fn= 774 caller= android.view.ViewRootImpl.lambda$applyTransactionOnDraw$11$android-view-ViewRootImpl:12865 android.view.ViewRootImpl$$ExternalSyntheticLambda1.onFrameDraw:4 android.graphics.HardwareRenderer$FrameDrawingCallback.onFrameDraw:924 
10-17 20:56:51.959 17496 17586 I ViewRootImpl@61e4548[MainActivity]: mWNT: t=0x7ae307b300 mBlastBufferQueue=0x7b5a926800 fn= 774 caller= android.view.ViewRootImpl.lambda$applyTransactionOnDraw$11$android-view-ViewRootImpl:12865 android.view.ViewRootImpl$$ExternalSyntheticLambda1.onFrameDraw:4 android.graphics.HardwareRenderer$FrameDrawingCallback.onFrameDraw:924 
10-17 20:56:52.404 17496 17496 I ViewRootImpl@61e4548[MainActivity]: ViewPostIme pointer 0
10-17 20:56:52.486 17496 17496 I ViewRootImpl@61e4548[MainActivity]: ViewPostIme pointer 1
10-17 20:56:52.503 17496 17496 I IMM_LC  : hsifw() - flag : 0
10-17 20:56:52.503 17496 17496 I IMM_LC  : hsifw() - mService.hideSoftInput
10-17 20:56:52.601 17496 17496 I PLG     : updatePluginList = https://raw.githubusercontent.com/adamwolker21/TestPlugins/refs/heads/master/repo.json
10-17 20:56:52.602 17496 17496 I PLG     : getPlugins = https://raw.githubusercontent.com/adamwolker21/TestPlugins/refs/heads/master/repo.json
10-17 20:56:53.575 17496 17496 I ViewRootImpl@61e4548[MainActivity]: ViewPostIme pointer 0
10-17 20:56:53.674 17496 17496 D WindowOnBackDispatcher: onBackInvoked, viewRoot=ViewRootImpl@fb73d28[Toast], callback=androidx.activity.OnBackPressedDispatcher$Api33Impl$$ExternalSyntheticLambda0@23bcddb
10-17 20:56:53.681 17496 17496 I IMM_LC  : hsifw() - flag : 0
10-17 20:56:53.681 17496 17496 I IMM_LC  : hsifw() - mService.hideSoftInput
10-17 20:56:54.677 17496 17496 I ViewRootImpl@61e4548[MainActivity]: ViewPostIme pointer 0
10-17 20:56:54.786 17496 17496 D WindowOnBackDispatcher: onBackInvoked, viewRoot=ViewRootImpl@fb73d28[Toast], callback=androidx.activity.OnBackPressedDispatcher$Api33Impl$$ExternalSyntheticLambda0@23bcddb
10-17 20:56:54.792 17496 17496 I IMM_LC  : hsifw() - flag : 0
10-17 20:56:54.792 17496 17496 I IMM_LC  : hsifw() - mService.hideSoftInput
10-17 20:56:54.800 17496 17496 D ScrollView: initGoToTop
10-17 20:56:54.839 17496 17496 E CoilImgLoader: Error loading image: coil3.request.NullRequestDataException: The request's data is null.
10-17 20:56:54.853 17496 17496 D ScrollView:  onsize change changed 
10-17 20:56:55.856 17496 17496 I ViewRootImpl@61e4548[MainActivity]: ViewPostIme pointer 0
10-17 20:56:55.921 17496 17496 I ViewRootImpl@61e4548[MainActivity]: ViewPostIme pointer 1
10-17 20:56:55.927 17496 17496 I NavComponent: Navigating to fragment: 2131361884
10-17 20:56:55.930 17496 17496 I IMM_LC  : hsifw() - flag : 0
10-17 20:56:55.930 17496 17496 I IMM_LC  : hsifw() - mService.hideSoftInput
10-17 20:56:56.432 17496 17496 I ViewRootImpl@61e4548[MainActivity]: ViewPostIme pointer 0
10-17 20:56:56.511 17496 17496 I ViewRootImpl@61e4548[MainActivity]: ViewPostIme pointer 1
10-17 20:56:57.427 17496 17496 I ViewRootImpl@61e4548[MainActivity]: ViewPostIme pointer 0
10-17 20:56:57.509 17496 17496 I ViewRootImpl@61e4548[MainActivity]: ViewPostIme pointer 1
10-17 20:56:57.546 17496 17496 I Dialog  : mIsDeviceDefault = false, mIsSamsungBasicInteraction = false, isMetaDataInActivity = false
10-17 20:56:57.553 17496 17496 I DecorView: [INFO] isPopOver=false config=false
10-17 20:56:57.553 17496 17496 I DecorView: updateCaptionType: isFloating=true isApplication=true hasWindowDecorCaption=false this=DecorView@fcb3a1d[]
10-17 20:56:57.553 17496 17496 D DecorView: setCaptionType = 0, this = DecorView@fcb3a1d[]
10-17 20:56:57.554 17496 17496 I DecorView: setWindowBackground: isPopOver=false color=ff010101 d=android.graphics.drawable.InsetDrawable@f865e63
10-17 20:56:57.570 17496 17496 D ScrollView: initGoToTop
10-17 20:56:57.583 17496 17533 D NativeCustomFrequencyManager: [NativeCFMS] BpCustomFrequencyManager::BpCustomFrequencyManager()
10-17 20:56:57.583 17496 17496 I DecorView: onImmersiveModeChanged: isStatusBarHidden=true
10-17 20:56:57.593 17496 17496 D InsetsController: onStateChanged: InsetsState: {mDisplayFrame=Rect(0, 0 - 1080, 2400), mDisplayCutout=DisplayCutout{insets=Rect(0, 88 - 0, 0) waterfall=Insets{left=0, top=0, right=0, bottom=0} boundingRect={Bounds=[Rect(0, 0 - 0, 0), Rect(512, 0 - 568, 88), Rect(0, 0 - 0, 0), Rect(0, 0 - 0, 0)]} cutoutPathParserInfo={CutoutPathParserInfo{displayWidth=1080 displayHeight=2400 physicalDisplayWidth=1080 physicalDisplayHeight=2400 density={2.625} cutoutSpec={M 0,0 M 0,12.25101276465640 a 10.60613009248640,10.60613009248640 0 1,0 0,21.21226018497290 a 10.60613009248640,10.60613009248640 0 1,0 0,-21.21226018497290 Z @dp} rotation={0} scale={1.0} physicalPixelDisplaySizeRatio={1.0}}}}, mRoundedCorners=RoundedCorners{[RoundedCorner{position=TopLeft, radius=84, center=Point(84, 84)}, RoundedCorner{position=TopRight, radius=84, center=Point(996, 84)}, RoundedCorner{position=BottomRight, radius=84, center=Point(996, 2316)}, RoundedCorner{position=BottomLeft, radius=84, center=Point(84, 2316)}]}  mRoundedCornerFrame=Rect(0, 0 - 1080, 2400), mPrivacyIndicatorBounds=PrivacyIndicatorBounds {static bounds=Rect(964, 0 - 1080, 87) rotation=0}, mSources= { InsetsSource: {mType=ITYPE_STATUS_BAR, mFrame=[0,0][1080,88], mVisible=true, mInsetsRoundedCornerFrame=false}, InsetsSource: {mType=ITYPE_NAVIGATION_BAR, mFrame=[0,2361][1080,2400], mVisible=true, mInsetsRoundedCornerFrame=false}, InsetsSource: {mType=ITYPE_LEFT_GESTURES, mFrame=[0,0][130,2400], mVisible=true, mInsetsRoundedCornerFrame=false}, InsetsSource: {mType=ITYPE_RIGHT_GESTURES, mFrame=[950,0][1080,2400], mVisible=true, mInsetsRoundedCornerFrame=false}, InsetsSource: {mType=ITYPE_TOP_MANDATORY_GESTURES, mFrame=[0,0][1080,120], mVisible=true, mInsetsRoundedCornerFrame=false}, InsetsSource: {mType=ITYPE_BOTTOM_MANDATORY_GESTURES, mFrame=[0,2316][1080,2400], mVisible=true, mInsetsRoundedCornerFrame=false}, InsetsSource: {mType=ITYPE_LEFT_DISPLAY_CUTOUT, mFrame=[0,0][-100000,2400], mVisible=true, mInsetsRoundedCornerFrame=false}, InsetsSource: {mType=ITYPE_TOP_DISPLAY_CUTOUT, mFrame=[0,0][1080,88], mVisible=true, mInsetsRoundedCornerFrame=false}, InsetsSource: {mType=ITYPE_RIGHT_DISPLAY_CUTOUT, mFrame=[100000,0][1080,2400], mVisible=true, mInsetsRoundedCornerFrame=false}, InsetsSource: {mType=ITYPE_BOTTOM_DISPLAY_CUTOUT, mFrame=[0,100000][1080,2400], mVisible=true, mInsetsRoundedCornerFrame=false}, InsetsSource: {mType=ITYPE_TOP_TAPPABLE_ELEMENT, mFrame=[0,0][1080,88], mVisible=true, mInsetsRoundedCornerFrame=false}, InsetsSource: {mType=ITYPE_BOTTOM_TAPPABLE_ELEMENT, mFrame=[0,0][0,0], mVisible=true, mInsetsRoundedCornerFrame=false} } host=com.lagradost.cloudstream3/com.lagradost.cloudstream3.MainActivity from=android.view.ViewRootImpl.setView:1732
10-17 20:56:57.594 17496 17496 I ViewRootImpl@c9cb48e[MainActivity]: setView = com.android.internal.policy.DecorView@fcb3a1d TM=true
