10-17 20:56:48.768 17496 17496 I SurfaceView@2d8fd01: updateSurface: mSurfaceCreated = true surfaceChanged = false visibleChanged = false
10-17 20:56:48.768 17496 17496 V SurfaceView@2d8fd01: Layout: x=0 y=-1918 w=1080 h=525, frame=Rect(0, 0 - 1080, 525)
10-17 20:56:48.774 17496 17587 D SurfaceView@2d8fd01: updateSurfacePosition RenderWorker, frameNr = 671, position = [0, -1918, 1080, -1393] surfaceSize = 1080x525
10-17 20:56:48.774 17496 17587 I SurfaceView@2d8fd01: uSP: rtp = Rect(0, -1918 - 1080, -1393) rtsw = 1080 rtsh = 525
10-17 20:56:48.774 17496 17587 I SurfaceView@2d8fd01: onSSPAndSRT: pl = 0 pt = -1918 sx = 1.0 sy = 1.0
10-17 20:56:48.774 17496 17587 I SurfaceView@2d8fd01: aOrMT: ViewRootImpl@61e4548[MainActivity] t = android.view.SurfaceControl$Transaction@4482fc5 fN = 671 android.view.SurfaceView.-$$Nest$mapplyOrMergeTransaction:0 android.view.SurfaceView$SurfaceViewPositionUpdateListener.positionChanged:1537 android.graphics.RenderNode$CompositePositionUpdateListener.positionChanged:373 
10-17 20:56:48.774 17496 17587 I ViewRootImpl@61e4548[MainActivity]: mWNT: t=0x7b42c18000 mBlastBufferQueue=0x7b5a926800 fn= 671 caller= android.view.SurfaceView.applyOrMergeTransaction:1455 android.view.SurfaceView.-$$Nest$mapplyOrMergeTransaction:0 android.view.SurfaceView$SurfaceViewPositionUpdateListener.positionChanged:1537 
10-17 20:56:48.775 17496 17587 I ViewRootImpl@61e4548[MainActivity]: mWNT: t=0x7ae3085e00 mBlastBufferQueue=0x7b5a926800 fn= 671 caller= android.view.ViewRootImpl.lambda$applyTransactionOnDraw$11$android-view-ViewRootImpl:12865 android.view.ViewRootImpl$$ExternalSyntheticLambda1.onFrameDraw:4 android.graphics.HardwareRenderer$FrameDrawingCallback.onFrameDraw:924 
10-17 20:56:49.686 17496 17496 I ViewRootImpl@61e4548[MainActivity]: ViewPostIme pointer 0
10-17 20:56:49.711 17496 17496 I ViewRootImpl@61e4548[MainActivity]: ViewPostIme pointer 1
10-17 20:56:49.716 17496 17496 I SurfaceView@2d8fd01: Changes: creating=false format=false size=false visible=false alpha=false hint=false mUseAlpha=false visible=false left=false top=true
10-17 20:56:49.716 17496 17496 I SurfaceView@2d8fd01: 47774977 Cur surface: Surface(name=null)/@0xcf9b910
10-17 20:56:49.716 17496 17496 I SurfaceView@2d8fd01: applyTransactionOnVriDraw: vri = ViewRootImpl@61e4548[MainActivity] fRS = false t = 0x7ae3085f00 android.view.SurfaceView.performSurfaceTransaction:959 android.view.SurfaceView.updateSurface:1105 android.view.SurfaceView.lambda$new$0$android-view-SurfaceView:200 
10-17 20:56:49.717 17496 17496 I ViewRootImpl@61e4548[MainActivity]: applyTransactionOnDraw: mRemoved = false isHardwareEnabled = true t = 0x7ae3085f00android.view.SurfaceView.applyTransactionOnVriDraw:2048 android.view.SurfaceView.performSurfaceTransaction:959 android.view.SurfaceView.updateSurface:1105 android.view.SurfaceView.lambda$new$0$android-view-SurfaceView:200 android.view.SurfaceView$$ExternalSyntheticLambda5.onPreDraw:2 
10-17 20:56:49.717 17496 17496 I SurfaceView@2d8fd01: updateSurface: mVisible = true mSurface.isValid() = true
10-17 20:56:49.717 17496 17496 I SurfaceView@2d8fd01: updateSurface: mSurfaceCreated = true surfaceChanged = false visibleChanged = false
10-17 20:56:49.717 17496 17496 V SurfaceView@2d8fd01: Layout: x=0 y=-1860 w=1080 h=525, frame=Rect(0, 0 - 1080, 525)
10-17 20:56:49.718 17496 17586 D SurfaceView@2d8fd01: updateSurfacePosition RenderWorker, frameNr = 709, position = [0, -1860, 1080, -1335] surfaceSize = 1080x525
10-17 20:56:49.718 17496 17586 I SurfaceView@2d8fd01: uSP: rtp = Rect(0, -1860 - 1080, -1335) rtsw = 1080 rtsh = 525
10-17 20:56:49.718 17496 17586 I SurfaceView@2d8fd01: onSSPAndSRT: pl = 0 pt = -1860 sx = 1.0 sy = 1.0
10-17 20:56:49.719 17496 17586 I SurfaceView@2d8fd01: aOrMT: ViewRootImpl@61e4548[MainActivity] t = android.view.SurfaceControl$Transaction@4482fc5 fN = 709 android.view.SurfaceView.-$$Nest$mapplyOrMergeTransaction:0 android.view.SurfaceView$SurfaceViewPositionUpdateListener.positionChanged:1537 android.graphics.RenderNode$CompositePositionUpdateListener.positionChanged:373 
10-17 20:56:49.719 17496 17586 I ViewRootImpl@61e4548[MainActivity]: mWNT: t=0x7b42c18000 mBlastBufferQueue=0x7b5a926800 fn= 709 caller= android.view.SurfaceView.applyOrMergeTransaction:1455 android.view.SurfaceView.-$$Nest$mapplyOrMergeTransaction:0 android.view.SurfaceView$SurfaceViewPositionUpdateListener.positionChanged:1537 
10-17 20:56:49.719 17496 17586 I ViewRootImpl@61e4548[MainActivity]: mWNT: t=0x7ae3085f00 mBlastBufferQueue=0x7b5a926800 fn= 709 caller= android.view.ViewRootImpl.lambda$applyTransactionOnDraw$11$android-view-ViewRootImpl:12865 android.view.ViewRootImpl$$ExternalSyntheticLambda1.onFrameDraw:4 android.graphics.HardwareRenderer$FrameDrawingCallback.onFrameDraw:924 
10-17 20:56:49.733 17496 17587 D SurfaceView@2d8fd01: updateSurfacePosition RenderWorker, frameNr = 710, position = [0, -1791, 1080, -1266] surfaceSize = 1080x525
10-17 20:56:49.733 17496 17587 I SurfaceView@2d8fd01: uSP: rtp = Rect(0, -1791 - 1080, -1266) rtsw = 1080 rtsh = 525
10-17 20:56:49.733 17496 17587 I SurfaceView@2d8fd01: onSSPAndSRT: pl = 0 pt = -1791 sx = 1.0 sy = 1.0
10-17 20:56:49.733 17496 17587 I SurfaceView@2d8fd01: aOrMT: ViewRootImpl@61e4548[MainActivity] t = android.view.SurfaceControl$Transaction@4482fc5 fN = 710 android.view.SurfaceView.-$$Nest$mapplyOrMergeTransaction:0 android.view.SurfaceView$SurfaceViewPositionUpdateListener.positionChanged:1537 android.graphics.RenderNode$CompositePositionUpdateListener.positionChanged:373 
10-17 20:56:49.733 17496 17587 I ViewRootImpl@61e4548[MainActivity]: mWNT: t=0x7b42c18000 mBlastBufferQueue=0x7b5a926800 fn= 710 caller= android.view.SurfaceView.applyOrMergeTransaction:1455 android.view.SurfaceView.-$$Nest$mapplyOrMergeTransaction:0 android.view.SurfaceView$SurfaceViewPositionUpdateListener.positionChanged:1537 
10-17 20:56:49.747 17496 17496 I SurfaceView@2d8fd01: Changes: creating=false format=false size=false visible=false alpha=false hint=false mUseAlpha=false visible=false left=false top=true
10-17 20:56:49.747 17496 17496 I SurfaceView@2d8fd01: 47774977 Cur surface: Surface(name=null)/@0xcf9b910
10-17 20:56:49.748 17496 17496 I SurfaceView@2d8fd01: applyTransactionOnVriDraw: vri = ViewRootImpl@61e4548[MainActivity] fRS = false t = 0x7b42e15000 android.view.SurfaceView.performSurfaceTransaction:959 android.view.SurfaceView.updateSurface:1105 android.view.SurfaceView.lambda$new$0$android-view-SurfaceView:200 
10-17 20:56:49.748 17496 17496 I ViewRootImpl@61e4548[MainActivity]: applyTransactionOnDraw: mRemoved = false isHardwareEnabled = true t = 0x7b42e15000android.view.SurfaceView.applyTransactionOnVriDraw:2048 android.view.SurfaceView.performSurfaceTransaction:959 android.view.SurfaceView.updateSurface:1105 android.view.SurfaceView.lambda$new$0$android-view-SurfaceView:200 android.view.SurfaceView$$ExternalSyntheticLambda5.onPreDraw:2 
10-17 20:56:49.748 17496 17496 I SurfaceView@2d8fd01: updateSurface: mVisible = true mSurface.isValid() = true
10-17 20:56:49.748 17496 17496 I SurfaceView@2d8fd01: updateSurface: mSurfaceCreated = true surfaceChanged = false visibleChanged = false
10-17 20:56:49.748 17496 17496 V SurfaceView@2d8fd01: Layout: x=0 y=-1791 w=1080 h=525, frame=Rect(0, 0 - 1080, 525)
10-17 20:56:49.751 17496 17586 D SurfaceView@2d8fd01: updateSurfacePosition RenderWorker, frameNr = 711, position = [0, -1687, 1080, -1162] surfaceSize = 1080x525
10-17 20:56:49.751 17496 17586 I SurfaceView@2d8fd01: uSP: rtp = Rect(0, -1687 - 1080, -1162) rtsw = 1080 rtsh = 525
10-17 20:56:49.751 17496 17586 I SurfaceView@2d8fd01: onSSPAndSRT: pl = 0 pt = -1687 sx = 1.0 sy = 1.0
10-17 20:56:49.751 17496 17586 I SurfaceView@2d8fd01: aOrMT: ViewRootImpl@61e4548[MainActivity] t = android.view.SurfaceControl$Transaction@4482fc5 fN = 711 android.view.SurfaceView.-$$Nest$mapplyOrMergeTransaction:0 android.view.SurfaceView$SurfaceViewPositionUpdateListener.positionChanged:1537 android.graphics.RenderNode$CompositePositionUpdateListener.positionChanged:373 
10-17 20:56:49.751 17496 17586 I ViewRootImpl@61e4548[MainActivity]: mWNT: t=0x7b42c18000 mBlastBufferQueue=0x7b5a926800 fn= 711 caller= android.view.SurfaceView.applyOrMergeTransaction:1455 android.view.SurfaceView.-$$Nest$mapplyOrMergeTransaction:0 android.view.SurfaceView$SurfaceViewPositionUpdateListener.positionChanged:1537 
10-17 20:56:49.751 17496 17586 I ViewRootImpl@61e4548[MainActivity]: mWNT: t=0x7b42e15000 mBlastBufferQueue=0x7b5a926800 fn= 711 caller= android.view.ViewRootImpl.lambda$applyTransactionOnDraw$11$android-view-ViewRootImpl:12865 android.view.ViewRootImpl$$ExternalSyntheticLambda1.onFrameDraw:4 android.graphics.HardwareRenderer$FrameDrawingCallback.onFrameDraw:924 
10-17 20:56:49.764 17496 17496 I SurfaceView@2d8fd01: Changes: creating=false format=false size=false visible=false alpha=false hint=false mUseAlpha=false visible=false left=false top=true
10-17 20:56:49.764 17496 17496 I SurfaceView@2d8fd01: 47774977 Cur surface: Surface(name=null)/@0xcf9b910
10-17 20:56:49.765 17496 17496 I SurfaceView@2d8fd01: applyTransactionOnVriDraw: vri = ViewRootImpl@61e4548[MainActivity] fRS = false t = 0x7b42e15100 android.view.SurfaceView.performSurfaceTransaction:959 android.view.SurfaceView.updateSurface:1105 android.view.SurfaceView.lambda$new$0$android-view-SurfaceView:200 
10-17 20:56:49.765 17496 17496 I ViewRootImpl@61e4548[MainActivity]: applyTransactionOnDraw: mRemoved = false isHardwareEnabled = true t = 0x7b42e15100android.view.SurfaceView.applyTransactionOnVriDraw:2048 android.view.SurfaceView.performSurfaceTransaction:959 android.view.SurfaceView.updateSurface:1105 android.view.SurfaceView.lambda$new$0$android-view-SurfaceView:200 android.view.SurfaceView$$ExternalSyntheticLambda5.onPreDraw:2 
10-17 20:56:49.765 17496 17496 I SurfaceView@2d8fd01: updateSurface: mVisible = true mSurface.isValid() = true
10-17 20:56:49.765 17496 17496 I SurfaceView@2d8fd01: updateSurface: mSurfaceCreated = true surfaceChanged = false visibleChanged = false
10-17 20:56:49.765 17496 17496 V SurfaceView@2d8fd01: Layout: x=0 y=-1687 w=1080 h=525, frame=Rect(0, 0 - 1080, 525)
10-17 20:56:49.768 17496 17587 D SurfaceView@2d8fd01: updateSurfacePosition RenderWorker, frameNr = 712, position = [0, -1559, 1080, -1034] surfaceSize = 1080x525
10-17 20:56:49.768 17496 17587 I SurfaceView@2d8fd01: uSP: rtp = Rect(0, -1559 - 1080, -1034) rtsw = 1080 rtsh = 525
10-17 20:56:49.768 17496 17587 I SurfaceView@2d8fd01: onSSPAndSRT: pl = 0 pt = -1559 sx = 1.0 sy = 1.0
10-17 20:56:49.768 17496 17587 I SurfaceView@2d8fd01: aOrMT: ViewRootImpl@61e4548[MainActivity] t = android.view.SurfaceControl$Transaction@4482fc5 fN = 712 android.view.SurfaceView.-$$Nest$mapplyOrMergeTransaction:0 android.view.SurfaceView$SurfaceViewPositionUpdateListener.positionChanged:1537 android.graphics.RenderNode$CompositePositionUpdateListener.positionChanged:373 
10-17 20:56:49.768 17496 17587 I ViewRootImpl@61e4548[MainActivity]: mWNT: t=0x7b42c18000 mBlastBufferQueue=0x7b5a926800 fn= 712 caller= android.view.SurfaceView.applyOrMergeTransaction:1455 android.view.SurfaceView.-$$Nest$mapplyOrMergeTransaction:0 android.view.SurfaceView$SurfaceViewPositionUpdateListener.positionChanged:1537 
10-17 20:56:49.768 17496 17587 I ViewRootImpl@61e4548[MainActivity]: mWNT: t=0x7b42e15100 mBlastBufferQueue=0x7b5a926800 fn= 712 caller= android.view.ViewRootImpl.lambda$applyTransactionOnDraw$11$android-view-ViewRootImpl:12865 android.view.ViewRootImpl$$ExternalSyntheticLambda1.onFrameDraw:4 android.graphics.HardwareRenderer$FrameDrawingCallback.onFrameDraw:924 
10-17 20:56:49.781 17496 17496 I SurfaceView@2d8fd01: Changes: creating=false format=false size=false visible=false alpha=false hint=false mUseAlpha=false visible=false left=false top=true
10-17 20:56:49.781 17496 17496 I SurfaceView@2d8fd01: 47774977 Cur surface: Surface(name=null)/@0xcf9b910
10-17 20:56:49.782 17496 17496 I SurfaceView@2d8fd01: applyTransactionOnVriDraw: vri = ViewRootImpl@61e4548[MainActivity] fRS = false t = 0x7b42e15200 android.view.SurfaceView.performSurfaceTransaction:959 android.view.SurfaceView.updateSurface:1105 android.view.SurfaceView.lambda$new$0$android-view-SurfaceView:200 
10-17 20:56:49.782 17496 17496 I ViewRootImpl@61e4548[MainActivity]: applyTransactionOnDraw: mRemoved = false isHardwareEnabled = true t = 0x7b42e15200android.view.SurfaceView.applyTransactionOnVriDraw:2048 android.view.SurfaceView.performSurfaceTransaction:959 android.view.SurfaceView.updateSurface:1105 android.view.SurfaceView.lambda$new$0$android-view-SurfaceView:200 android.view.SurfaceView$$ExternalSyntheticLambda5.onPreDraw:2 
10-17 20:56:49.782 17496 17496 I SurfaceView@2d8fd01: updateSurface: mVisible = true mSurface.isValid() = true
10-17 20:56:49.782 17496 17496 I SurfaceView@2d8fd01: updateSurface: mSurfaceCreated = true surfaceChanged = false visibleChanged = false
10-17 20:56:49.782 17496 17496 V SurfaceView@2d8fd01: Layout: x=0 y=-1559 w=1080 h=525, frame=Rect(0, 0 - 1080, 525)
10-17 20:56:49.785 17496 17586 D SurfaceView@2d8fd01: updateSurfacePosition RenderWorker, frameNr = 713, position = [0, -1423, 1080, -898] surfaceSize = 1080x525
10-17 20:56:49.786 17496 17586 I SurfaceView@2d8fd01: uSP: rtp = Rect(0, -1423 - 1080, -898) rtsw = 1080 rtsh = 525
10-17 20:56:49.786 17496 17586 I SurfaceView@2d8fd01: onSSPAndSRT: pl = 0 pt = -1423 sx = 1.0 sy = 1.0
10-17 20:56:49.786 17496 17586 I SurfaceView@2d8fd01: aOrMT: ViewRootImpl@61e4548[MainActivity] t = android.view.SurfaceControl$Transaction@4482fc5 fN = 713 android.view.SurfaceView.-$$Nest$mapplyOrMergeTransaction:0 android.view.SurfaceView$SurfaceViewPositionUpdateListener.positionChanged:1537 android.graphics.RenderNode$CompositePositionUpdateListener.positionChanged:373 
10-17 20:56:49.786 17496 17586 I ViewRootImpl@61e4548[MainActivity]: mWNT: t=0x7b42c18000 mBlastBufferQueue=0x7b5a926800 fn= 713 caller= android.view.SurfaceView.applyOrMergeTransaction:1455 android.view.SurfaceView.-$$Nest$mapplyOrMergeTransaction:0 android.view.SurfaceView$SurfaceViewPositionUpdateListener.positionChanged:1537 
10-17 20:56:49.786 17496 17586 I ViewRootImpl@61e4548[MainActivity]: mWNT: t=0x7b42e15200 mBlastBufferQueue=0x7b5a926800 fn= 713 caller= android.view.ViewRootImpl.lambda$applyTransactionOnDraw$11$android-view-ViewRootImpl:12865 android.view.ViewRootImpl$$ExternalSyntheticLambda1.onFrameDraw:4 android.graphics.HardwareRenderer$FrameDrawingCallback.onFrameDraw:924 
10-17 20:56:49.798 17496 17496 I SurfaceView@2d8fd01: Changes: creating=false format=false size=false visible=false alpha=false hint=false mUseAlpha=false visible=false left=false top=true
10-17 20:56:49.798 17496 17496 I SurfaceView@2d8fd01: 47774977 Cur surface: Surface(name=null)/@0xcf9b910
10-17 20:56:49.799 17496 17496 I SurfaceView@2d8fd01: applyTransactionOnVriDraw: vri = ViewRootImpl@61e4548[MainActivity] fRS = false t = 0x7b42e15300 android.view.SurfaceView.performSurfaceTransaction:959 android.view.SurfaceView.updateSurface:1105 android.view.SurfaceView.lambda$new$0$android-view-SurfaceView:200 
10-17 20:56:49.799 17496 17496 I ViewRootImpl@61e4548[MainActivity]: applyTransactionOnDraw: mRemoved = false isHardwareEnabled = true t = 0x7b42e15300android.view.SurfaceView.applyTransactionOnVriDraw:2048 android.view.SurfaceView.performSurfaceTransaction:959 android.view.SurfaceView.updateSurface:1105 android.view.SurfaceView.lambda$new$0$android-view-SurfaceView:200 android.view.SurfaceView$$ExternalSyntheticLambda5.onPreDraw:2 
10-17 20:56:49.799 17496 17496 I SurfaceView@2d8fd01: updateSurface: mVisible = true mSurface.isValid() = true
10-17 20:56:49.799 17496 17496 I SurfaceView@2d8fd01: updateSurface: mSurfaceCreated = true surfaceChanged = false visibleChanged = false
10-17 20:56:49.799 17496 17496 V SurfaceView@2d8fd01: Layout: x=0 y=-1423 w=1080 h=525, frame=Rect(0, 0 - 1080, 525)
10-17 20:56:49.802 17496 17587 D SurfaceView@2d8fd01: updateSurfacePosition RenderWorker, frameNr = 714, position = [0, -1288, 1080, -763] surfaceSize = 1080x525
10-17 20:56:49.803 17496 17587 I SurfaceView@2d8fd01: uSP: rtp = Rect(0, -1288 - 1080, -763) rtsw = 1080 rtsh = 525
10-17 20:56:49.803 17496 17587 I SurfaceView@2d8fd01: onSSPAndSRT: pl = 0 pt = -1288 sx = 1.0 sy = 1.0
10-17 20:56:49.803 17496 17587 I SurfaceView@2d8fd01: aOrMT: ViewRootImpl@61e4548[MainActivity] t = android.view.SurfaceControl$Transaction@4482fc5 fN = 714 android.view.SurfaceView.-$$Nest$mapplyOrMergeTransaction:0 android.view.SurfaceView$SurfaceViewPositionUpdateListener.positionChanged:1537 android.graphics.RenderNode$CompositePositionUpdateListener.positionChanged:373 
10-17 20:56:49.803 17496 17587 I ViewRootImpl@61e4548[MainActivity]: mWNT: t=0x7b42c18000 mBlastBufferQueue=0x7b5a926800 fn= 714 caller= android.view.SurfaceView.applyOrMergeTransaction:1455 android.view.SurfaceView.-$$Nest$mapplyOrMergeTransaction:0 android.view.SurfaceView$SurfaceViewPositionUpdateListener.positionChanged:1537 
10-17 20:56:49.803 17496 17587 I ViewRootImpl@61e4548[MainActivity]: mWNT: t=0x7b42e15300 mBlastBufferQueue=0x7b5a926800 fn= 714 caller= android.view.ViewRootImpl.lambda$applyTransactionOnDraw$11$android-view-ViewRootImpl:12865 android.view.ViewRootImpl$$ExternalSyntheticLambda1.onFrameDraw:4 android.graphics.HardwareRenderer$FrameDrawingCallback.onFrameDraw:924 
10-17 20:56:49.815 17496 17496 I SurfaceView@2d8fd01: Changes: creating=false format=false size=false visible=false alpha=false hint=false mUseAlpha=false visible=false left=false top=true
10-17 20:56:49.816 17496 17496 I SurfaceView@2d8fd01: 47774977 Cur surface: Surface(name=null)/@0xcf9b910
10-17 20:56:49.816 17496 17496 I SurfaceView@2d8fd01: applyTransactionOnVriDraw: vri = ViewRootImpl@61e4548[MainActivity] fRS = false t = 0x7b42e15400 android.view.SurfaceView.performSurfaceTransaction:959 android.view.SurfaceView.updateSurface:1105 android.view.SurfaceView.lambda$new$0$android-view-SurfaceView:200 
10-17 20:56:49.816 17496 17496 I ViewRootImpl@61e4548[MainActivity]: applyTransactionOnDraw: mRemoved = false isHardwareEnabled = true t = 0x7b42e15400android.view.SurfaceView.applyTransactionOnVriDraw:2048 android.view.SurfaceView.performSurfaceTransaction:959 android.view.SurfaceView.updateSurface:1105 android.view.SurfaceView.lambda$new$0$android-view-SurfaceView:200 android.view.SurfaceView$$ExternalSyntheticLambda5.onPreDraw:2 
10-17 20:56:49.816 17496 17496 I SurfaceView@2d8fd01: updateSurface: mVisible = true mSurface.isValid() = true
10-17 20:56:49.816 17496 17496 I SurfaceView@2d8fd01: updateSurface: mSurfaceCreated = true surfaceChanged = false visibleChanged = false
10-17 20:56:49.816 17496 17496 V SurfaceView@2d8fd01: Layout: x=0 y=-1288 w=1080 h=525, frame=Rect(0, 0 - 1080, 525)
10-17 20:56:49.820 17496 17586 D SurfaceView@2d8fd01: updateSurfacePosition RenderWorker, frameNr = 715, position = [0, -1156, 1080, -631] surfaceSize = 1080x525
10-17 20:56:49.820 17496 17586 I SurfaceView@2d8fd01: uSP: rtp = Rect(0, -1156 - 1080, -631) rtsw = 1080 rtsh = 525
10-17 20:56:49.820 17496 17586 I SurfaceView@2d8fd01: onSSPAndSRT: pl = 0 pt = -1156 sx = 1.0 sy = 1.0
10-17 20:56:49.821 17496 17586 I SurfaceView@2d8fd01: aOrMT: ViewRootImpl@61e4548[MainActivity] t = android.view.SurfaceControl$Transaction@4482fc5 fN = 715 android.view.SurfaceView.-$$Nest$mapplyOrMergeTransaction:0 android.view.SurfaceView$SurfaceViewPositionUpdateListener.positionChanged:1537 android.graphics.RenderNode$CompositePositionUpdateListener.positionChanged:373 
10-17 20:56:49.821 17496 17586 I ViewRootImpl@61e4548[MainActivity]: mWNT: t=0x7b42c18000 mBlastBufferQueue=0x7b5a926800 fn= 715 caller= android.view.SurfaceView.applyOrMergeTransaction:1455 android.view.SurfaceView.-$$Nest$mapplyOrMergeTransaction:0 android.view.SurfaceView$SurfaceViewPositionUpdateListener.positionChanged:1537 
10-17 20:56:49.821 17496 17586 I ViewRootImpl@61e4548[MainActivity]: mWNT: t=0x7b42e15400 mBlastBufferQueue=0x7b5a926800 fn= 715 caller= android.view.ViewRootImpl.lambda$applyTransactionOnDraw$11$android-view-ViewRootImpl:12865 android.view.ViewRootImpl$$ExternalSyntheticLambda1.onFrameDraw:4 android.graphics.HardwareRenderer$FrameDrawingCallback.onFrameDraw:924 
10-17 20:56:49.832 17496 17496 I SurfaceView@2d8fd01: Changes: creating=false format=false size=false visible=false alpha=false hint=false mUseAlpha=false visible=false left=false top=true
10-17 20:56:49.832 17496 17496 I SurfaceView@2d8fd01: 47774977 Cur surface: Surface(name=null)/@0xcf9b910
10-17 20:56:49.832 17496 17496 I SurfaceView@2d8fd01: applyTransactionOnVriDraw: vri = ViewRootImpl@61e4548[MainActivity] fRS = false t = 0x7b42e15500 android.view.SurfaceView.performSurfaceTransaction:959 android.view.SurfaceView.updateSurface:1105 android.view.SurfaceView.lambda$new$0$android-view-SurfaceView:200 
10-17 20:56:49.833 17496 17496 I ViewRootImpl@61e4548[MainActivity]: applyTransactionOnDraw: mRemoved = false isHardwareEnabled = true t = 0x7b42e15500android.view.SurfaceView.applyTransactionOnVriDraw:2048 android.view.SurfaceView.performSurfaceTransaction:959 android.view.SurfaceView.updateSurface:1105 android.view.SurfaceView.lambda$new$0$android-view-SurfaceView:200 android.view.SurfaceView$$ExternalSyntheticLambda5.onPreDraw:2 
10-17 20:56:49.833 17496 17496 I SurfaceView@2d8fd01: updateSurface: mVisible = true mSurface.isValid() = true
10-17 20:56:49.833 17496 17496 I SurfaceView@2d8fd01: updateSurface: mSurfaceCreated = true surfaceChanged = false visibleChanged = false
10-17 20:56:49.833 17496 17496 V SurfaceView@2d8fd01: Layout: x=0 y=-1156 w=1080 h=525, frame=Rect(0, 0 - 1080, 525)
10-17 20:56:49.837 17496 17587 D SurfaceView@2d8fd01: updateSurfacePosition RenderWorker, frameNr = 716, position = [0, -1019, 1080, -494] surfaceSize = 1080x525
10-17 20:56:49.837 17496 17587 I SurfaceView@2d8fd01: uSP: rtp = Rect(0, -1019 - 1080, -494) rtsw = 1080 rtsh = 525
10-17 20:56:49.837 17496 17587 I SurfaceView@2d8fd01: onSSPAndSRT: pl = 0 pt = -1019 sx = 1.0 sy = 1.0
10-17 20:56:49.837 17496 17587 I SurfaceView@2d8fd01: aOrMT: ViewRootImpl@61e4548[MainActivity] t = android.view.SurfaceControl$Transaction@4482fc5 fN = 716 android.view.SurfaceView.-$$Nest$mapplyOrMergeTransaction:0 android.view.SurfaceView$SurfaceViewPositionUpdateListener.positionChanged:1537 android.graphics.RenderNode$CompositePositionUpdateListener.positionChanged:373 
10-17 20:56:49.837 17496 17587 I ViewRootImpl@61e4548[MainActivity]: mWNT: t=0x7b42c18000 mBlastBufferQueue=0x7b5a926800 fn= 716 caller= android.view.SurfaceView.applyOrMergeTransaction:1455 android.view.SurfaceView.-$$Nest$mapplyOrMergeTransaction:0 android.view.SurfaceView$SurfaceViewPositionUpdateListener.positionChanged:1537 
10-17 20:56:49.838 17496 17587 I ViewRootImpl@61e4548[MainActivity]: mWNT: t=0x7b42e15500 mBlastBufferQueue=0x7b5a926800 fn= 716 caller= android.view.ViewRootImpl.lambda$applyTransactionOnDraw$11$android-view-ViewRootImpl:12865 android.view.ViewRootImpl$$ExternalSyntheticLambda1.onFrameDraw:4 android.graphics.HardwareRenderer$FrameDrawingCallback.onFrameDraw:924 
10-17 20:56:49.848 17496 17496 I SurfaceView@2d8fd01: Changes: creating=false format=false size=false visible=false alpha=false hint=false mUseAlpha=false visible=false left=false top=true
10-17 20:56:49.849 17496 17496 I SurfaceView@2d8fd01: 47774977 Cur surface: Surface(name=null)/@0xcf9b910
10-17 20:56:49.849 17496 17496 I SurfaceView@2d8fd01: applyTransactionOnVriDraw: vri = ViewRootImpl@61e4548[MainActivity] fRS = false t = 0x7b42e15600 android.view.SurfaceView.performSurfaceTransaction:959 android.view.SurfaceView.updateSurface:1105 android.view.SurfaceView.lambda$new$0$android-view-SurfaceView:200 
10-17 20:56:49.849 17496 17496 I ViewRootImpl@61e4548[MainActivity]: applyTransactionOnDraw: mRemoved = false isHardwareEnabled = true t = 0x7b42e15600android.view.SurfaceView.applyTransactionOnVriDraw:2048 android.view.SurfaceView.performSurfaceTransaction:959 android.view.SurfaceView.updateSurface:1105 android.view.SurfaceView.lambda$new$0$android-view-SurfaceView:200 android.view.SurfaceView$$ExternalSyntheticLambda5.onPreDraw:2 
10-17 20:56:49.849 17496 17496 I SurfaceView@2d8fd01: updateSurface: mVisible = true mSurface.isValid() = true
10-17 20:56:49.849 17496 17496 I SurfaceView@2d8fd01: updateSurface: mSurfaceCreated = true surfaceChanged = false visibleChanged = false
10-17 20:56:49.849 17496 17496 V SurfaceView@2d8fd01: Layout: x=0 y=-1019 w=1080 h=525, frame=Rect(0, 0 - 1080, 525)
10-17 20:56:49.854 17496 17586 D SurfaceView@2d8fd01: updateSurfacePosition RenderWorker, frameNr = 717, position = [0, -893, 1080, -368] surfaceSize = 1080x525
10-17 20:56:49.854 17496 17586 I SurfaceView@2d8fd01: uSP: rtp = Rect(0, -893 - 1080, -368) rtsw = 1080 rtsh = 525
10-17 20:56:49.854 17496 17586 I SurfaceView@2d8fd01: onSSPAndSRT: pl = 0 pt = -893 sx = 1.0 sy = 1.0
10-17 20:56:49.854 17496 17586 I SurfaceView@2d8fd01: aOrMT: ViewRootImpl@61e4548[MainActivity] t = android.view.SurfaceControl$Transaction@4482fc5 fN = 717 android.view.SurfaceView.-$$Nest$mapplyOrMergeTransaction:0 android.view.SurfaceView$SurfaceViewPositionUpdateListener.positionChanged:1537 android.graphics.RenderNode$CompositePositionUpdateListener.positionChanged:373 
10-17 20:56:49.854 17496 17586 I ViewRootImpl@61e4548[MainActivity]: mWNT: t=0x7b42c18000 mBlastBufferQueue=0x7b5a926800 fn= 717 caller= android.view.SurfaceView.applyOrMergeTransaction:1455 android.view.SurfaceView.-$$Nest$mapplyOrMergeTransaction:0 android.view.SurfaceView$SurfaceViewPositionUpdateListener.positionChanged:1537 
10-17 20:56:49.855 17496 17586 I ViewRootImpl@61e4548[MainActivity]: mWNT: t=0x7b42e15600 mBlastBufferQueue=0x7b5a926800 fn= 717 caller= android.view.ViewRootImpl.lambda$applyTransactionOnDraw$11$android-view-ViewRootImpl:12865 android.view.ViewRootImpl$$ExternalSyntheticLambda1.onFrameDraw:4 android.graphics.HardwareRenderer$FrameDrawingCallback.onFrameDraw:924 
10-17 20:56:49.865 17496 17496 I SurfaceView@2d8fd01: Changes: creating=false format=false size=false visible=false alpha=false hint=false mUseAlpha=false visible=false left=false top=true
10-17 20:56:49.865 17496 17496 I SurfaceView@2d8fd01: 47774977 Cur surface: Surface(name=null)/@0xcf9b910
10-17 20:56:49.866 17496 17496 I SurfaceView@2d8fd01: applyTransactionOnVriDraw: vri = ViewRootImpl@61e4548[MainActivity] fRS = false t = 0x7b42e15700 android.view.SurfaceView.performSurfaceTransaction:959 android.view.SurfaceView.updateSurface:1105 android.view.SurfaceView.lambda$new$0$android-view-SurfaceView:200 
10-17 20:56:49.866 17496 17496 I ViewRootImpl@61e4548[MainActivity]: applyTransactionOnDraw: mRemoved = false isHardwareEnabled = true t = 0x7b42e15700android.view.SurfaceView.applyTransactionOnVriDraw:2048 android.view.SurfaceView.performSurfaceTransaction:959 android.view.SurfaceView.updateSurface:1105 android.view.SurfaceView.lambda$new$0$android-view-SurfaceView:200 android.view.SurfaceView$$ExternalSyntheticLambda5.onPreDraw:2 
10-17 20:56:49.866 17496 17496 I SurfaceView@2d8fd01: updateSurface: mVisible = true mSurface.isValid() = true
10-17 20:56:49.866 17496 17496 I SurfaceView@2d8fd01: updateSurface: mSurfaceCreated = true surfaceChanged = false visibleChanged = false
10-17 20:56:49.866 17496 17496 V SurfaceView@2d8fd01: Layout: x=0 y=-893 w=1080 h=525, frame=Rect(0, 0 - 1080, 525)
10-17 20:56:49.869 17496 17587 D SurfaceView@2d8fd01: updateSurfacePosition RenderWorker, frameNr = 718, position = [0, -762, 1080, -237] surfaceSize = 1080x525
10-17 20:56:49.869 17496 17587 I SurfaceView@2d8fd01: uSP: rtp = Rect(0, -762 - 1080, -237) rtsw = 1080 rtsh = 525
10-17 20:56:49.869 17496 17587 I SurfaceView@2d8fd01: onSSPAndSRT: pl = 0 pt = -762 sx = 1.0 sy = 1.0
10-17 20:56:49.869 17496 17587 I SurfaceView@2d8fd01: aOrMT: ViewRootImpl@61e4548[MainActivity] t = android.view.SurfaceControl$Transaction@4482fc5 fN = 718 android.view.SurfaceView.-$$Nest$mapplyOrMergeTransaction:0 android.view.SurfaceView$SurfaceViewPositionUpdateListener.positionChanged:1537 android.graphics.RenderNode$CompositePositionUpdateListener.positionChanged:373 
10-17 20:56:49.869 17496 17587 I ViewRootImpl@61e4548[MainActivity]: mWNT: t=0x7b42c18000 mBlastBufferQueue=0x7b5a926800 fn= 718 caller= android.view.SurfaceView.applyOrMergeTransaction:1455 android.view.SurfaceView.-$$Nest$mapplyOrMergeTransaction:0 android.view.SurfaceView$SurfaceViewPositionUpdateListener.positionChanged:1537 
10-17 20:56:49.870 17496 17587 I ViewRootImpl@61e4548[MainActivity]: mWNT: t=0x7b42e15700 mBlastBufferQueue=0x7b5a926800 fn= 718 caller= android.view.ViewRootImpl.lambda$applyTransactionOnDraw$11$android-view-ViewRootImpl:12865 android.view.ViewRootImpl$$ExternalSyntheticLambda1.onFrameDraw:4 android.graphics.HardwareRenderer$FrameDrawingCallback.onFrameDraw:924 
10-17 20:56:49.882 17496 17496 I SurfaceView@2d8fd01: Changes: creating=false format=false size=false visible=false alpha=false hint=false mUseAlpha=false visible=false left=false top=true
10-17 20:56:49.882 17496 17496 I SurfaceView@2d8fd01: 47774977 Cur surface: Surface(name=null)/@0xcf9b910
10-17 20:56:49.882 17496 17496 I SurfaceView@2d8fd01: applyTransactionOnVriDraw: vri = ViewRootImpl@61e4548[MainActivity] fRS = false t = 0x7b42e15800 android.view.SurfaceView.performSurfaceTransaction:959 android.view.SurfaceView.updateSurface:1105 android.view.SurfaceView.lambda$new$0$android-view-SurfaceView:200 
10-17 20:56:49.883 17496 17496 I ViewRootImpl@61e4548[MainActivity]: applyTransactionOnDraw: mRemoved = false isHardwareEnabled = true t = 0x7b42e15800android.view.SurfaceView.applyTransactionOnVriDraw:2048 android.view.SurfaceView.performSurfaceTransaction:959 android.view.SurfaceView.updateSurface:1105 android.view.SurfaceView.lambda$new$0$android-view-SurfaceView:200 android.view.SurfaceView$$ExternalSyntheticLambda5.onPreDraw:2 
10-17 20:56:49.883 17496 17496 I SurfaceView@2d8fd01: updateSurface: mVisible = true mSurface.isValid() = true
10-17 20:56:49.883 17496 17496 I SurfaceView@2d8fd01: updateSurface: mSurfaceCreated = true surfaceChanged = false visibleChanged = false
10-17 20:56:49.883 17496 17496 V SurfaceView@2d8fd01: Layout: x=0 y=-762 w=1080 h=525, frame=Rect(0, 0 - 1080, 525)
10-17 20:56:49.888 17496 17586 D SurfaceView@2d8fd01: updateSurfacePosition RenderWorker, frameNr = 719, position = [0, -635, 1080, -110] surfaceSize = 1080x525
10-17 20:56:49.888 17496 17586 I SurfaceView@2d8fd01: uSP: rtp = Rect(0, -635 - 1080, -110) rtsw = 1080 rtsh = 525
10-17 20:56:49.888 17496 17586 I SurfaceView@2d8fd01: onSSPAndSRT: pl = 0 pt = -635 sx = 1.0 sy = 1.0
10-17 20:56:49.888 17496 17586 I SurfaceView@2d8fd01: aOrMT: ViewRootImpl@61e4548[MainActivity] t = android.view.SurfaceControl$Transaction@4482fc5 fN = 719 android.view.SurfaceView.-$$Nest$mapplyOrMergeTransaction:0 android.view.SurfaceView$SurfaceViewPositionUpdateListener.positionChanged:1537 android.graphics.RenderNode$CompositePositionUpdateListener.positionChanged:373 
10-17 20:56:49.888 17496 17586 I ViewRootImpl@61e4548[MainActivity]: mWNT: t=0x7b42c18000 mBlastBufferQueue=0x7b5a926800 fn= 719 caller= android.view.SurfaceView.applyOrMergeTransaction:1455 android.view.SurfaceView.-$$Nest$mapplyOrMergeTransaction:0 android.view.SurfaceView$SurfaceViewPositionUpdateListener.positionChanged:1537 
10-17 20:56:49.889 17496 17586 I ViewRootImpl@61e4548[MainActivity]: mWNT: t=0x7b42e15800 mBlastBufferQueue=0x7b5a926800 fn= 719 caller= android.view.ViewRootImpl.lambda$applyTransactionOnDraw$11$android-view-ViewRootImpl:12865 android.view.ViewRootImpl$$ExternalSyntheticLambda1.onFrameDraw:4 android.graphics.HardwareRenderer$FrameDrawingCallback.onFrameDraw:924 
10-17 20:56:49.899 17496 17496 I SurfaceView@2d8fd01: Changes: creating=false format=false size=false visible=false alpha=false hint=false mUseAlpha=false visible=false left=false top=true
10-17 20:56:49.899 17496 17496 I SurfaceView@2d8fd01: 47774977 Cur surface: Surface(name=null)/@0xcf9b910
10-17 20:56:49.899 17496 17496 I SurfaceView@2d8fd01: applyTransactionOnVriDraw: vri = ViewRootImpl@61e4548[MainActivity] fRS = false t = 0x7b42e15900 android.view.SurfaceView.performSurfaceTransaction:959 android.view.SurfaceView.updateSurface:1105 android.view.SurfaceView.lambda$new$0$android-view-SurfaceView:200 
10-17 20:56:49.900 17496 17496 I ViewRootImpl@61e4548[MainActivity]: applyTransactionOnDraw: mRemoved = false isHardwareEnabled = true t = 0x7b42e15900android.view.SurfaceView.applyTransactionOnVriDraw:2048 android.view.SurfaceView.performSurfaceTransaction:959 android.view.SurfaceView.updateSurface:1105 android.view.SurfaceView.lambda$new$0$android-view-SurfaceView:200 android.view.SurfaceView$$ExternalSyntheticLambda5.onPreDraw:2 
10-17 20:56:49.900 17496 17496 I SurfaceView@2d8fd01: updateSurface: mVisible = true mSurface.isValid() = true
10-17 20:56:49.900 17496 17496 I SurfaceView@2d8fd01: updateSurface: mSurfaceCreated = true surfaceChanged = false visibleChanged = false
10-17 20:56:49.900 17496 17496 V SurfaceView@2d8fd01: Layout: x=0 y=-635 w=1080 h=525, frame=Rect(0, 0 - 1080, 525)
10-17 20:56:49.903 17496 17587 D SurfaceView@2d8fd01: updateSurfacePosition RenderWorker, frameNr = 720, position = [0, -519, 1080, 6] surfaceSize = 1080x525
10-17 20:56:49.903 17496 17587 I SurfaceView@2d8fd01: uSP: rtp = Rect(0, -519 - 1080, 6) rtsw = 1080 rtsh = 525
10-17 20:56:49.903 17496 17587 I SurfaceView@2d8fd01: onSSPAndSRT: pl = 0 pt = -519 sx = 1.0 sy = 1.0
10-17 20:56:49.903 17496 17587 I SurfaceView@2d8fd01: aOrMT: ViewRootImpl@61e4548[MainActivity] t = android.view.SurfaceControl$Transaction@4482fc5 fN = 720 android.view.SurfaceView.-$$Nest$mapplyOrMergeTransaction:0 android.view.SurfaceView$SurfaceViewPositionUpdateListener.positionChanged:1537 android.graphics.RenderNode$CompositePositionUpdateListener.positionChanged:373 
10-17 20:56:49.904 17496 17587 I ViewRootImpl@61e4548[MainActivity]: mWNT: t=0x7b42c18000 mBlastBufferQueue=0x7b5a926800 fn= 720 caller= android.view.SurfaceView.applyOrMergeTransaction:1455 android.view.SurfaceView.-$$Nest$mapplyOrMergeTransaction:0 android.view.SurfaceView$SurfaceViewPositionUpdateListener.positionChanged:1537 
10-17 20:56:49.904 17496 17587 I ViewRootImpl@61e4548[MainActivity]: mWNT: t=0x7b42e15900 mBlastBufferQueue=0x7b5a926800 fn= 720 caller= android.view.ViewRootImpl.lambda$applyTransactionOnDraw$11$android-view-ViewRootImpl:12865 android.view.ViewRootImpl$$ExternalSyntheticLambda1.onFrameDraw:4 android.graphics.HardwareRenderer$FrameDrawingCallback.onFrameDraw:924 
10-17 20:56:49.915 17496 17496 I SurfaceView@2d8fd01: Changes: creating=false format=false size=false visible=false alpha=false hint=false mUseAlpha=false visible=false left=false top=true
10-17 20:56:49.915 17496 17496 I SurfaceView@2d8fd01: 47774977 Cur surface: Surface(name=null)/@0xcf9b910
10-17 20:56:49.915 17496 17496 I SurfaceView@2d8fd01: applyTransactionOnVriDraw: vri = ViewRootImpl@61e4548[MainActivity] fRS = false t = 0x7b42e15a00 android.view.SurfaceView.performSurfaceTransaction:959 android.view.SurfaceView.updateSurface:1105 android.view.SurfaceView.lambda$new$0$android-view-SurfaceView:200 
10-17 20:56:49.916 17496 17496 I ViewRootImpl@61e4548[MainActivity]: applyTransactionOnDraw: mRemoved = false isHardwareEnabled = true t = 0x7b42e15a00android.view.SurfaceView.applyTransactionOnVriDraw:2048 android.view.SurfaceView.performSurfaceTransaction:959 android.view.SurfaceView.updateSurface:1105 android.view.SurfaceView.lambda$new$0$android-view-SurfaceView:200 android.view.SurfaceView$$ExternalSyntheticLambda5.onPreDraw:2 
10-17 20:56:49.916 17496 17496 I SurfaceView@2d8fd01: updateSurface: mVisible = true mSurface.isValid() = true
10-17 20:56:49.916 17496 17496 I SurfaceView@2d8fd01: updateSurface: mSurfaceCreated = true surfaceChanged = false visibleChanged = false
10-17 20:56:49.916 17496 17496 V SurfaceView@2d8fd01: Layout: x=0 y=-519 w=1080 h=525, frame=Rect(0, 0 - 1080, 525)
10-17 20:56:49.919 17496 17586 D SurfaceView@2d8fd01: updateSurfacePosition RenderWorker, frameNr = 721, position = [0, -400, 1080, 125] surfaceSize = 1080x525
10-17 20:56:49.919 17496 17586 I SurfaceView@2d8fd01: uSP: rtp = Rect(0, -400 - 1080, 125) rtsw = 1080 rtsh = 525
10-17 20:56:49.919 17496 17586 I SurfaceView@2d8fd01: onSSPAndSRT: pl = 0 pt = -400 sx = 1.0 sy = 1.0
10-17 20:56:49.919 17496 17586 I SurfaceView@2d8fd01: aOrMT: ViewRootImpl@61e4548[MainActivity] t = android.view.SurfaceControl$Transaction@4482fc5 fN = 721 android.view.SurfaceView.-$$Nest$mapplyOrMergeTransaction:0 android.view.SurfaceView$SurfaceViewPositionUpdateListener.positionChanged:1537 android.graphics.RenderNode$CompositePositionUpdateListener.positionChanged:373 
10-17 20:56:49.919 17496 17586 I ViewRootImpl@61e4548[MainActivity]: mWNT: t=0x7b42c18000 mBlastBufferQueue=0x7b5a926800 fn= 721 caller= android.view.SurfaceView.applyOrMergeTransaction:1455 android.view.SurfaceView.-$$Nest$mapplyOrMergeTransaction:0 android.view.SurfaceView$SurfaceViewPositionUpdateListener.positionChanged:1537 
10-17 20:56:49.920 17496 17586 I ViewRootImpl@61e4548[MainActivity]: mWNT: t=0x7b42e15a00 mBlastBufferQueue=0x7b5a926800 fn= 721 caller= android.view.ViewRootImpl.lambda$applyTransactionOnDraw$11$android-view-ViewRootImpl:12865 android.view.ViewRootImpl$$ExternalSyntheticLambda1.onFrameDraw:4 android.graphics.HardwareRenderer$FrameDrawingCallback.onFrameDraw:924 
10-17 20:56:49.932 17496 17496 I SurfaceView@2d8fd01: Changes: creating=false format=false size=false visible=false alpha=false hint=false mUseAlpha=false visible=false left=false top=true
10-17 20:56:49.932 17496 17496 I SurfaceView@2d8fd01: 47774977 Cur surface: Surface(name=null)/@0xcf9b910
10-17 20:56:49.932 17496 17496 I SurfaceView@2d8fd01: applyTransactionOnVriDraw: vri = ViewRootImpl@61e4548[MainActivity] fRS = false t = 0x7b42e15b00 android.view.SurfaceView.performSurfaceTransaction:959 android.view.SurfaceView.updateSurface:1105 android.view.SurfaceView.lambda$new$0$android-view-SurfaceView:200 
10-17 20:56:49.932 17496 17496 I ViewRootImpl@61e4548[MainActivity]: applyTransactionOnDraw: mRemoved = false isHardwareEnabled = true t = 0x7b42e15b00android.view.SurfaceView.applyTransactionOnVriDraw:2048 android.view.SurfaceView.performSurfaceTransaction:959 android.view.SurfaceView.updateSurface:1105 android.view.SurfaceView.lambda$new$0$android-view-SurfaceView:200 android.view.SurfaceView$$ExternalSyntheticLambda5.onPreDraw:2 
10-17 20:56:49.933 17496 17496 I SurfaceView@2d8fd01: updateSurface: mVisible = true mSurface.isValid() = true
10-17 20:56:49.933 17496 17496 I SurfaceView@2d8fd01: updateSurface: mSurfaceCreated = true surfaceChanged = false visibleChanged = false
10-17 20:56:49.933 17496 17496 V SurfaceView@2d8fd01: Layout: x=0 y=-400 w=1080 h=525, frame=Rect(0, 0 - 1080, 525)
10-17 20:56:49.936 17496 17587 D SurfaceView@2d8fd01: updateSurfacePosition RenderWorker, frameNr = 722, position = [0, -286, 1080, 239] surfaceSize = 1080x525
10-17 20:56:49.936 17496 17587 I SurfaceView@2d8fd01: uSP: rtp = Rect(0, -286 - 1080, 239) rtsw = 1080 rtsh = 525
10-17 20:56:49.936 17496 17587 I SurfaceView@2d8fd01: onSSPAndSRT: pl = 0 pt = -286 sx = 1.0 sy = 1.0
10-17 20:56:49.936 17496 17587 I SurfaceView@2d8fd01: aOrMT: ViewRootImpl@61e4548[MainActivity] t = android.view.SurfaceControl$Transaction@4482fc5 fN = 722 android.view.SurfaceView.-$$Nest$mapplyOrMergeTransaction:0 android.view.SurfaceView$SurfaceViewPositionUpdateListener.positionChanged:1537 android.graphics.RenderNode$CompositePositionUpdateListener.positionChanged:373 
10-17 20:56:49.936 17496 17587 I ViewRootImpl@61e4548[MainActivity]: mWNT: t=0x7b42c18000 mBlastBufferQueue=0x7b5a926800 fn= 722 caller= android.view.SurfaceView.applyOrMergeTransaction:1455 android.view.SurfaceView.-$$Nest$mapplyOrMergeTransaction:0 android.view.SurfaceView$SurfaceViewPositionUpdateListener.positionChanged:1537 
10-17 20:56:49.936 17496 17587 I ViewRootImpl@61e4548[MainActivity]: mWNT: t=0x7b42e15b00 mBlastBufferQueue=0x7b5a926800 fn= 722 caller= android.view.ViewRootImpl.lambda$applyTransactionOnDraw$11$android-view-ViewRootImpl:12865 android.view.ViewRootImpl$$ExternalSyntheticLambda1.onFrameDraw:4 android.graphics.HardwareRenderer$FrameDrawingCallback.onFrameDraw:924 
10-17 20:56:49.948 17496 17496 I SurfaceView@2d8fd01: Changes: creating=false format=false size=false visible=false alpha=false hint=false mUseAlpha=false visible=false left=false top=true
10-17 20:56:49.948 17496 17496 I SurfaceView@2d8fd01: 47774977 Cur surface: Surface(name=null)/@0xcf9b910
10-17 20:56:49.949 17496 17496 I SurfaceView@2d8fd01: applyTransactionOnVriDraw: vri = ViewRootImpl@61e4548[MainActivity] fRS = false t = 0x7b42e15c00 android.view.SurfaceView.performSurfaceTransaction:959 android.view.SurfaceView.updateSurface:1105 android.view.SurfaceView.lambda$new$0$android-view-SurfaceView:200 
10-17 20:56:49.949 17496 17496 I ViewRootImpl@61e4548[MainActivity]: applyTransactionOnDraw: mRemoved = false isHardwareEnabled = true t = 0x7b42e15c00android.view.SurfaceView.applyTransactionOnVriDraw:2048 android.view.SurfaceView.performSurfaceTransaction:959 android.view.SurfaceView.updateSurface:1105 android.view.SurfaceView.lambda$new$0$android-view-SurfaceView:200 android.view.SurfaceView$$ExternalSyntheticLambda5.onPreDraw:2 
10-17 20:56:49.949 17496 17496 I SurfaceView@2d8fd01: updateSurface: mVisible = true mSurface.isValid() = true
10-17 20:56:49.949 17496 17496 I SurfaceView@2d8fd01: updateSurface: mSurfaceCreated = true surfaceChanged = false visibleChanged = false
10-17 20:56:49.949 17496 17496 V SurfaceView@2d8fd01: Layout: x=0 y=-286 w=1080 h=525, frame=Rect(0, 0 - 1080, 525)
10-17 20:56:49.953 17496 17586 D SurfaceView@2d8fd01: updateSurfacePosition RenderWorker, frameNr = 723, position = [0, -181, 1080, 344] surfaceSize = 1080x525
10-17 20:56:49.953 17496 17586 I SurfaceView@2d8fd01: uSP: rtp = Rect(0, -181 - 1080, 344) rtsw = 1080 rtsh = 525
10-17 20:56:49.953 17496 17586 I SurfaceView@2d8fd01: onSSPAndSRT: pl = 0 pt = -181 sx = 1.0 sy = 1.0
10-17 20:56:49.954 17496 17586 I SurfaceView@2d8fd01: aOrMT: ViewRootImpl@61e4548[MainActivity] t = android.view.SurfaceControl$Transaction@4482fc5 fN = 723 android.view.SurfaceView.-$$Nest$mapplyOrMergeTransaction:0 android.view.SurfaceView$SurfaceViewPositionUpdateListener.positionChanged:1537 android.graphics.RenderNode$CompositePositionUpdateListener.positionChanged:373 
10-17 20:56:49.954 17496 17586 I ViewRootImpl@61e4548[MainActivity]: mWNT: t=0x7b42c18000 mBlastBufferQueue=0x7b5a926800 fn= 723 caller= android.view.SurfaceView.applyOrMergeTransaction:1455 android.view.SurfaceView.-$$Nest$mapplyOrMergeTransaction:0 android.view.SurfaceView$SurfaceViewPositionUpdateListener.positionChanged:1537 
10-17 20:56:49.954 17496 17586 I ViewRootImpl@61e4548[MainActivity]: mWNT: t=0x7b42e15c00 mBlastBufferQueue=0x7b5a926800 fn= 723 caller= android.view.ViewRootImpl.lambda$applyTransactionOnDraw$11$android-view-ViewRootImpl:12865 android.view.ViewRootImpl$$ExternalSyntheticLambda1.onFrameDraw:4 android.graphics.HardwareRenderer$FrameDrawingCallback.onFrameDraw:924 
10-17 20:56:49.965 17496 17496 I SurfaceView@2d8fd01: Changes: creating=false format=false size=false visible=false alpha=false hint=false mUseAlpha=false visible=false left=false top=true
10-17 20:56:49.966 17496 17496 I SurfaceView@2d8fd01: 47774977 Cur surface: Surface(name=null)/@0xcf9b910
10-17 20:56:49.966 17496 17496 I SurfaceView@2d8fd01: applyTransactionOnVriDraw: vri = ViewRootImpl@61e4548[MainActivity] fRS = false t = 0x7b42e15d00 android.view.SurfaceView.performSurfaceTransaction:959 android.view.SurfaceView.updateSurface:1105 android.view.SurfaceView.lambda$new$0$android-view-SurfaceView:200 
10-17 20:56:49.966 17496 17496 I ViewRootImpl@61e4548[MainActivity]: applyTransactionOnDraw: mRemoved = false isHardwareEnabled = true t = 0x7b42e15d00android.view.SurfaceView.applyTransactionOnVriDraw:2048 android.view.SurfaceView.performSurfaceTransaction:959 android.view.SurfaceView.updateSurface:1105 android.view.SurfaceView.lambda$new$0$android-view-SurfaceView:200 android.view.SurfaceView$$ExternalSyntheticLambda5.onPreDraw:2 
10-17 20:56:49.966 17496 17496 I SurfaceView@2d8fd01: updateSurface: mVisible = true mSurface.isValid() = true
10-17 20:56:49.966 17496 17496 I SurfaceView@2d8fd01: updateSurface: mSurfaceCreated = true surfaceChanged = false visibleChanged = false
10-17 20:56:49.966 17496 17496 V SurfaceView@2d8fd01: Layout: x=0 y=-181 w=1080 h=525, frame=Rect(0, 0 - 1080, 525)
10-17 20:56:49.970 17496 17587 D SurfaceView@2d8fd01: updateSurfacePosition RenderWorker, frameNr = 724, position = [0, -73, 1080, 452] surfaceSize = 1080x525
10-17 20:56:49.970 17496 17587 I SurfaceView@2d8fd01: uSP: rtp = Rect(0, -73 - 1080, 452) rtsw = 1080 rtsh = 525
10-17 20:56:49.971 17496 17587 I SurfaceView@2d8fd01: onSSPAndSRT: pl = 0 pt = -73 sx = 1.0 sy = 1.0
10-17 20:56:49.971 17496 17587 I SurfaceView@2d8fd01: aOrMT: ViewRootImpl@61e4548[MainActivity] t = android.view.SurfaceControl$Transaction@4482fc5 fN = 724 android.view.SurfaceView.-$$Nest$mapplyOrMergeTransaction:0 android.view.SurfaceView$SurfaceViewPositionUpdateListener.positionChanged:1537 android.graphics.RenderNode$CompositePositionUpdateListener.positionChanged:373 
10-17 20:56:49.971 17496 17587 I ViewRootImpl@61e4548[MainActivity]: mWNT: t=0x7b42c18000 mBlastBufferQueue=0x7b5a926800 fn= 724 caller= android.view.SurfaceView.applyOrMergeTransaction:1455 android.view.SurfaceView.-$$Nest$mapplyOrMergeTransaction:0 android.view.SurfaceView$SurfaceViewPositionUpdateListener.positionChanged:1537 
10-17 20:56:49.971 17496 17587 I ViewRootImpl@61e4548[MainActivity]: mWNT: t=0x7b42e15d00 mBlastBufferQueue=0x7b5a926800 fn= 724 caller= android.view.ViewRootImpl.lambda$applyTransactionOnDraw$11$android-view-ViewRootImpl:12865 android.view.ViewRootImpl$$ExternalSyntheticLambda1.onFrameDraw:4 android.graphics.HardwareRenderer$FrameDrawingCallback.onFrameDraw:924 
10-17 20:56:49.982 17496 17496 I SurfaceView@2d8fd01: Changes: creating=false format=false size=false visible=false alpha=false hint=false mUseAlpha=false visible=false left=false top=true
10-17 20:56:49.982 17496 17496 I SurfaceView@2d8fd01: 47774977 Cur surface: Surface(name=null)/@0xcf9b910
10-17 20:56:49.983 17496 17496 I SurfaceView@2d8fd01: applyTransactionOnVriDraw: vri = ViewRootImpl@61e4548[MainActivity] fRS = false t = 0x7b42e15e00 android.view.SurfaceView.performSurfaceTransaction:959 android.view.SurfaceView.updateSurface:1105 android.view.SurfaceView.lambda$new$0$android-view-SurfaceView:200 
10-17 20:56:49.983 17496 17496 I ViewRootImpl@61e4548[MainActivity]: applyTransactionOnDraw: mRemoved = false isHardwareEnabled = true t = 0x7b42e15e00android.view.SurfaceView.applyTransactionOnVriDraw:2048 android.view.SurfaceView.performSurfaceTransaction:959 android.view.SurfaceView.updateSurface:1105 android.view.SurfaceView.lambda$new$0$android-view-SurfaceView:200 android.view.SurfaceView$$ExternalSyntheticLambda5.onPreDraw:2 
10-17 20:56:49.983 17496 17496 I SurfaceView@2d8fd01: updateSurface: mVisible = true mSurface.isValid() = true
10-17 20:56:49.983 17496 17496 I SurfaceView@2d8fd01: updateSurface: mSurfaceCreated = true surfaceChanged = false visibleChanged = false
10-17 20:56:49.983 17496 17496 V SurfaceView@2d8fd01: Layout: x=0 y=-73 w=1080 h=525, frame=Rect(0, 0 - 1080, 525)
10-17 20:56:49.987 17496 17586 D SurfaceView@2d8fd01: updateSurfacePosition RenderWorker, frameNr = 725, position = [0, 29, 1080, 554] surfaceSize = 1080x525
10-17 20:56:49.987 17496 17586 I SurfaceView@2d8fd01: uSP: rtp = Rect(0, 29 - 1080, 554) rtsw = 1080 rtsh = 525
10-17 20:56:49.987 17496 17586 I SurfaceView@2d8fd01: onSSPAndSRT: pl = 0 pt = 29 sx = 1.0 sy = 1.0
10-17 20:56:49.988 17496 17586 I SurfaceView@2d8fd01: aOrMT: ViewRootImpl@61e4548[MainActivity] t = android.view.SurfaceControl$Transaction@4482fc5 fN = 725 android.view.SurfaceView.-$$Nest$mapplyOrMergeTransaction:0 android.view.SurfaceView$SurfaceViewPositionUpdateListener.positionChanged:1537 android.graphics.RenderNode$CompositePositionUpdateListener.positionChanged:373 
10-17 20:56:49.988 17496 17586 I ViewRootImpl@61e4548[MainActivity]: mWNT: t=0x7b42c18000 mBlastBufferQueue=0x7b5a926800 fn= 725 caller= android.view.SurfaceView.applyOrMergeTransaction:1455 android.view.SurfaceView.-$$Nest$mapplyOrMergeTransaction:0 android.view.SurfaceView$SurfaceViewPositionUpdateListener.positionChanged:1537 
10-17 20:56:49.988 17496 17586 I ViewRootImpl@61e4548[MainActivity]: mWNT: t=0x7b42e15e00 mBlastBufferQueue=0x7b5a926800 fn= 725 caller= android.view.ViewRootImpl.lambda$applyTransactionOnDraw$11$android-view-ViewRootImpl:12865 android.view.ViewRootImpl$$ExternalSyntheticLambda1.onFrameDraw:4 android.graphics.HardwareRenderer$FrameDrawingCallback.onFrameDraw:924 
10-17 20:56:49.999 17496 17496 I SurfaceView@2d8fd01: Changes: creating=false format=false size=false visible=false alpha=false hint=false mUseAlpha=false visible=false left=false top=true
10-17 20:56:49.999 17496 17496 I SurfaceView@2d8fd01: 47774977 Cur surface: Surface(name=null)/@0xcf9b910
10-17 20:56:49.999 17496 17496 I SurfaceView@2d8fd01: applyTransactionOnVriDraw: vri = ViewRootImpl@61e4548[MainActivity] fRS = false t = 0x7b42e15f00 android.view.SurfaceView.performSurfaceTransaction:959 android.view.SurfaceView.updateSurface:1105 android.view.SurfaceView.lambda$new$0$android-view-SurfaceView:200 
10-17 20:56:50.000 17496 17496 I ViewRootImpl@61e4548[MainActivity]: applyTransactionOnDraw: mRemoved = false isHardwareEnabled = true t = 0x7b42e15f00android.view.SurfaceView.applyTransactionOnVriDraw:2048 android.view.SurfaceView.performSurfaceTransaction:959 android.view.SurfaceView.updateSurface:1105 android.view.SurfaceView.lambda$new$0$android-view-SurfaceView:200 android.view.SurfaceView$$ExternalSyntheticLambda5.onPreDraw:2 
