--------- beginning of main
10-17 19:19:41.300 26454 26454 D InputTransport: Input channel destroyed: '5f29158', fd=141
10-17 19:19:41.337 26454 26454 I ViewRootImpl@61751e2[MainActivity]: MSG_WINDOW_FOCUS_CHANGED 1 0
10-17 19:19:41.337 26454 26454 I ViewRootImpl@61751e2[MainActivity]: mThreadedRenderer.initializeIfNeeded()#2 mSurface={isValid=true 0x7b5a26d800}
10-17 19:19:41.342 26454 26454 D InputMethodManager: startInputInner - Id : 0
10-17 19:19:41.342 26454 26454 I InputMethodManager: startInputInner - mService.startInputOrWindowGainedFocus
10-17 19:19:41.863 26454 26454 I ViewRootImpl@61751e2[MainActivity]: ViewPostIme pointer 0
10-17 19:19:41.941 26454 26454 D WindowOnBackDispatcher: onBackInvoked, viewRoot=ViewRootImpl@ec441a0[MainActivity], callback=androidx.activity.OnBackPressedDispatcher$Api33Impl$$ExternalSyntheticLambda0@a5591d
10-17 19:19:41.951 26454 26454 I IMM_LC  : hsifw() - flag : 0
10-17 19:19:41.951 26454 26454 I IMM_LC  : hsifw() - mService.hideSoftInput
10-17 19:19:41.960 26454 26454 D ScrollView: initGoToTop
10-17 19:19:41.988 26454 26454 E CoilImgLoader: Error loading image: coil3.request.NullRequestDataException: The request's data is null.
10-17 19:19:41.999 26454 26454 D ScrollView:  onsize change changed 
10-17 19:19:42.580 26454 26454 I ViewRootImpl@61751e2[MainActivity]: ViewPostIme pointer 0
10-17 19:19:42.646 26454 26454 I ViewRootImpl@61751e2[MainActivity]: ViewPostIme pointer 1
10-17 19:19:42.651 26454 26454 I NavComponent: Navigating to fragment: 2131361879
10-17 19:19:42.656 26454 26454 I IMM_LC  : hsifw() - flag : 0
10-17 19:19:42.656 26454 26454 I IMM_LC  : hsifw() - mService.hideSoftInput
10-17 19:19:43.480 26454 26454 I ViewRootImpl@61751e2[MainActivity]: ViewPostIme pointer 0
10-17 19:19:43.571 26454 26454 I ViewRootImpl@61751e2[MainActivity]: ViewPostIme pointer 1
10-17 19:19:43.595 26454 26454 I IMM_LC  : hsifw() - flag : 0
10-17 19:19:43.595 26454 26454 I IMM_LC  : hsifw() - mService.hideSoftInput
10-17 19:19:43.716 26454 26454 I PLG     : updatePluginList = https://raw.githubusercontent.com/adamwolker21/TestPlugins/refs/heads/master/repo.json
10-17 19:19:43.717 26454 26454 I PLG     : getPlugins = https://raw.githubusercontent.com/adamwolker21/TestPlugins/refs/heads/master/repo.json
10-17 19:19:43.976 26454 26521 D VotingApi: Requesting: https://counterapi.com/api/cs-raw.githubusercontent.com-adamwolker21-TestPlugins/vote/1faa642fe5e758ed3f1552dfe51f95ba48254ee289a6f2e93a139bd7cecf3ded?readOnly=true
10-17 19:19:44.448 26454 26454 I ViewRootImpl@61751e2[MainActivity]: ViewPostIme pointer 0
10-17 19:19:44.555 26454 26454 I ViewRootImpl@61751e2[MainActivity]: ViewPostIme pointer 1
10-17 19:19:44.570 26454 26526 I PLG     : handlePluginAction = https://raw.githubusercontent.com/adamwolker21/TestPlugins/refs/heads/master/repo.json, (https://raw.githubusercontent.com/adamwolker21/TestPlugins/refs/heads/master/repo.json, SitePlugin(url=https://raw.githubusercontent.com/adamwolker21/TestPlugins/builds/Asia2tv.cs3, status=1, version=37, apiVersion=1, name=Asia2tv, internalName=Asia2tv, authors=[adamwolker21], description=Asia2TV Kdrama Cdrama, repositoryUrl=https://github.com/adamwolker21/TestPlugins, tvTypes=[TvSeries, Movie, AsianDrama], language=ar, iconUrl=https://asia2tv.com/frontend/default/assets/images/logo.png?ver=1.2, fileSize=20166)), false
10-17 19:19:44.571 26454 26526 D PluginManager: Downloading plugin: https://raw.githubusercontent.com/adamwolker21/TestPlugins/builds/Asia2tv.cs3 to /data/user/0/com.lagradost.cloudstream3/files/Extensions/httpsraw.githubusercontent.comadamwolker21TestPluginsrefsheadsmasterrepo.json.113048842/Asia2tv.950460682.cs3
10-17 19:19:44.641 26454 26526 I PluginManager: Unloading plugin: /data/user/0/com.lagradost.cloudstream3/files/Extensions/httpsraw.githubusercontent.comadamwolker21TestPluginsrefsheadsmasterrepo.json.113048842/Asia2tv.950460682.cs3
10-17 19:19:44.641 26454 26526 W PluginManager: Couldn't find plugin /data/user/0/com.lagradost.cloudstream3/files/Extensions/httpsraw.githubusercontent.comadamwolker21TestPluginsrefsheadsmasterrepo.json.113048842/Asia2tv.950460682.cs3
10-17 19:19:44.642 26454 26526 I PluginManager: Loading plugin: PluginData(internalName=Asia2tv, url=https://raw.githubusercontent.com/adamwolker21/TestPlugins/builds/Asia2tv.cs3, isOnline=true, filePath=/data/user/0/com.lagradost.cloudstream3/files/Extensions/httpsraw.githubusercontent.comadamwolker21TestPluginsrefsheadsmasterrepo.json.113048842/Asia2tv.950460682.cs3, version=-2147483648)
10-17 19:19:44.715 26454 26526 I st.cloudstream3: Waiting for a blocking GC ClassLinker
10-17 19:19:44.766 26454 26462 W st.cloudstream3: Cleared Reference was only reachable from finalizer (only reported once)
10-17 19:19:44.842 26454 26462 I st.cloudstream3: Background concurrent copying GC freed 23MB AllocSpace bytes, 73(3204KB) LOS objects, 49% free, 13MB/27MB, paused 571us,60us total 219.604ms
10-17 19:19:44.842 26454 26526 I st.cloudstream3: WaitForGcToComplete blocked ClassLinker on Background for 126.988ms
10-17 19:19:44.850 26454 26496 D OpenGLRenderer: setSurface called with nullptr
10-17 19:19:44.852 26454 26463 D InputTransport: Input channel destroyed: 'ClientS', fd=141
10-17 19:19:44.854 26454 26526 I PluginInstance: Adding Asia2Tv (https://asia2tv.com) MainAPI
10-17 19:19:44.854 26454 26526 I PluginManager: Loaded plugin Asia2tv successfully
10-17 19:19:44.854 26454 26526 I PLG     : getPlugins = https://raw.githubusercontent.com/adamwolker21/TestPlugins/refs/heads/master/repo.json
10-17 19:19:44.855 26454 26454 I COMPACT : showToast = Plugin Loaded
10-17 19:19:44.861 26454 26454 D CompatibilityChangeReporter: Compat change id reported: 147798919; UID 10526; state: ENABLED
10-17 19:19:44.861 26454 26454 E Toast   : setGravity() shouldn't be called on text toasts, the values won't be used
10-17 19:19:44.861 26454 26454 I Toast   : setView: it's a custom toast
10-17 19:19:44.868 26454 26454 V Toast   : show: caller = com.lagradost.cloudstream3.CommonActivity.showToast:175 
10-17 19:19:44.919 26454 26454 V Toast   : HANDLE SHOW: android.widget.Toast$TN@1fcb81a mView=null mNextView=androidx.cardview.widget.CardView{6ce7f4b V.E..V... ......ID 0,0-0,0 #7f0a0557 app:id/toast_layout_root}
10-17 19:19:44.920 26454 26454 V ToastPresenter: sipHeight = -39
10-17 19:19:44.922 26454 26454 V ToastPresenter: yOffset = 13
10-17 19:19:44.927 26454 26496 D NativeCustomFrequencyManager: [NativeCFMS] BpCustomFrequencyManager::BpCustomFrequencyManager()
10-17 19:19:44.935 26454 26454 D InsetsController: onStateChanged: InsetsState: {mDisplayFrame=Rect(0, 0 - 1080, 2400), mDisplayCutout=DisplayCutout{insets=Rect(0, 88 - 0, 0) waterfall=Insets{left=0, top=0, right=0, bottom=0} boundingRect={Bounds=[Rect(0, 0 - 0, 0), Rect(512, 0 - 568, 88), Rect(0, 0 - 0, 0), Rect(0, 0 - 0, 0)]} cutoutPathParserInfo={CutoutPathParserInfo{displayWidth=1080 displayHeight=2400 physicalDisplayWidth=1080 physicalDisplayHeight=2400 density={2.625} cutoutSpec={M 0,0 M 0,12.25101276465640 a 10.60613009248640,10.60613009248640 0 1,0 0,21.21226018497290 a 10.60613009248640,10.60613009248640 0 1,0 0,-21.21226018497290 Z @dp} rotation={0} scale={1.0} physicalPixelDisplaySizeRatio={1.0}}}}, mRoundedCorners=RoundedCorners{[RoundedCorner{position=TopLeft, radius=84, center=Point(84, 84)}, RoundedCorner{position=TopRight, radius=84, center=Point(996, 84)}, RoundedCorner{position=BottomRight, radius=84, center=Point(996, 2316)}, RoundedCorner{position=BottomLeft, radius=84, center=Point(84, 2316)}]}  mRoundedCornerFrame=Rect(0, 0 - 0, 0), mPrivacyIndicatorBounds=PrivacyIndicatorBounds {static bounds=Rect(964, 0 - 1080, 87) rotation=0}, mSources= { InsetsSource: {mType=ITYPE_NAVIGATION_BAR, mFrame=[0,2361][1080,2400], mVisible=true, mInsetsRoundedCornerFrame=false}, InsetsSource: {mType=ITYPE_LEFT_GESTURES, mFrame=[0,0][130,2400], mVisible=true, mInsetsRoundedCornerFrame=false}, InsetsSource: {mType=ITYPE_RIGHT_GESTURES, mFrame=[950,0][1080,2400], mVisible=true, mInsetsRoundedCornerFrame=false}, InsetsSource: {mType=ITYPE_TOP_MANDATORY_GESTURES, mFrame=[0,0][1080,120], mVisible=true, mInsetsRoundedCornerFrame=false}, InsetsSource: {mType=ITYPE_BOTTOM_MANDATORY_GESTURES, mFrame=[0,2316][1080,2400], mVisible=true, mInsetsRoundedCornerFrame=false}, InsetsSource: {mType=ITYPE_LEFT_DISPLAY_CUTOUT, mFrame=[0,0][-100000,2400], mVisible=true, mInsetsRoundedCornerFrame=false}, InsetsSource: {mType=ITYPE_TOP_DISPLAY_CUTOUT, mFrame=[0,0][1080,88], mVisible=true, mInsetsRoundedCornerFrame=false}, InsetsSource: {mType=ITYPE_RIGHT_DISPLAY_CUTOUT, mFrame=[100000,0][1080,2400], mVisible=true, mInsetsRoundedCornerFrame=false}, InsetsSource: {mType=ITYPE_BOTTOM_DISPLAY_CUTOUT, mFrame=[0,100000][1080,2400], mVisible=true, mInsetsRoundedCornerFrame=false}, InsetsSource: {mType=ITYPE_BOTTOM_TAPPABLE_ELEMENT, mFrame=[0,0][0,0], mVisible=true, mInsetsRoundedCornerFrame=false} } host=Toast from=android.view.ViewRootImpl.setView:1732
10-17 19:19:44.936 26454 26454 I ViewRootImpl@fb73d28[Toast]: setView = androidx.cardview.widget.CardView@6ce7f4b TM=true
10-17 19:19:44.945 26454 26454 I ViewRootImpl@fb73d28[Toast]: performTraversals params={(0,13)(wrapxwrap) gr=BOTTOM CENTER sim={adjust=resize} ty=TOAST fmt=TRANSLUCENT wanim=0x1030004 surfaceInsets=Rect(11, 11 - 11, 11)
10-17 19:19:44.945 26454 26454 I ViewRootImpl@fb73d28[Toast]:   fl=1000098
10-17 19:19:44.945 26454 26454 I ViewRootImpl@fb73d28[Toast]:   pfl=12000000
10-17 19:19:44.945 26454 26454 I ViewRootImpl@fb73d28[Toast]:   bhv=DEFAULT
10-17 19:19:44.945 26454 26454 I ViewRootImpl@fb73d28[Toast]:   fitTypes=STATUS_BARS NAVIGATION_BARS CAPTION_BAR
10-17 19:19:44.945 26454 26454 I ViewRootImpl@fb73d28[Toast]:   fitIgnoreVis naviIconColor=0}
10-17 19:19:44.945 26454 26454 I ViewRootImpl@fb73d28[Toast]: performTraversals mFirst=true windowShouldResize=false viewVisibilityChanged=false mForceNextWindowRelayout=false params={(0,13)(wrapxwrap) gr=BOTTOM CENTER sim={adjust=resize} ty=TOAST fmt=TRANSLUCENT wanim=0x1030004 surfaceInsets=Rect(11, 11 - 11, 11)
10-17 19:19:44.945 26454 26454 I ViewRootImpl@fb73d28[Toast]:   fl=1000098
10-17 19:19:44.945 26454 26454 I ViewRootImpl@fb73d28[Toast]:   pfl=12000000
10-17 19:19:44.945 26454 26454 I ViewRootImpl@fb73d28[Toast]:   bhv=DEFAULT
10-17 19:19:44.945 26454 26454 I ViewRootImpl@fb73d28[Toast]:   fitTypes=STATUS_BARS NAVIGATION_BARS CAPTION_BAR
10-17 19:19:44.945 26454 26454 I ViewRootImpl@fb73d28[Toast]:   fitIgnoreVis naviIconColor=0}
10-17 19:19:44.962 26454 26454 I ViewRootImpl@fb73d28[Toast]: updateBlastSurfaceIfNeeded mBlastBufferQueue=null isSameSurfaceControl=false
10-17 19:19:44.963 26454 26454 I BLASTBufferQueue: new BLASTBufferQueue, mName= ViewRootImpl@fb73d28[Toast] mNativeObject= 0x7bdd5abb00 sc.mNativeObject= 0x7bed852d40 caller= android.view.ViewRootImpl.updateBlastSurfaceIfNeeded:2909 android.view.ViewRootImpl.relayoutWindow:9847 android.view.ViewRootImpl.performTraversals:3884 android.view.ViewRootImpl.doTraversal:3116 android.view.ViewRootImpl$TraversalRunnable.run:10885 android.view.Choreographer$CallbackRecord.run:1301 android.view.Choreographer$CallbackRecord.run:1309 android.view.Choreographer.doCallbacks:923 android.view.Choreographer.doFrame:852 android.view.Choreographer$FrameDisplayEventReceiver.run:1283 
10-17 19:19:44.964 26454 26454 I BLASTBufferQueue: update, w= 373 h= 178 mName = ViewRootImpl@fb73d28[Toast] mNativeObject= 0x7bdd5abb00 sc.mNativeObject= 0x7bed852d40 format= -3 caller= android.graphics.BLASTBufferQueue.<init>:84 android.view.ViewRootImpl.updateBlastSurfaceIfNeeded:2909 android.view.ViewRootImpl.relayoutWindow:9847 android.view.ViewRootImpl.performTraversals:3884 android.view.ViewRootImpl.doTraversal:3116 android.view.ViewRootImpl$TraversalRunnable.run:10885 
10-17 19:19:44.964 26454 26454 I ViewRootImpl@fb73d28[Toast]: Relayout returned: old=(0,88,1080,2361) new=(364,2192,715,2348) req=(351,156)0 dur=17 res=0x3 s={true 0x7bdd486800} ch=true seqId=0
10-17 19:19:44.966 26454 26454 I ViewRootImpl@fb73d28[Toast]: mThreadedRenderer.initialize() mSurface={isValid=true 0x7bdd486800} hwInitialized=true
10-17 19:19:44.967 26454 26496 D OpenGLRenderer: eglCreateWindowSurface
10-17 19:19:44.969 26454 26454 I ViewRootImpl@fb73d28[Toast]: reportNextDraw android.view.ViewRootImpl.performTraversals:4438 android.view.ViewRootImpl.doTraversal:3116 android.view.ViewRootImpl$TraversalRunnable.run:10885 android.view.Choreographer$CallbackRecord.run:1301 android.view.Choreographer$CallbackRecord.run:1309 
10-17 19:19:44.969 26454 26454 I ViewRootImpl@fb73d28[Toast]: Setup new sync id=0
10-17 19:19:44.969 26454 26454 I ViewRootImpl@fb73d28[Toast]: Setting syncFrameCallback
10-17 19:19:44.969 26454 26454 I ViewRootImpl@fb73d28[Toast]: registerCallbacksForSync syncBuffer=false
10-17 19:19:44.971 26454 26548 I ViewRootImpl@fb73d28[Toast]: Received frameDrawingCallback syncResult=0 frameNum=1.
10-17 19:19:44.971 26454 26548 I ViewRootImpl@fb73d28[Toast]: Setting up sync and frameCommitCallback
10-17 19:19:44.973 26454 26496 I BLASTBufferQueue: [ViewRootImpl@fb73d28[Toast]#2](f:0,a:0) onFrameAvailable the first frame is available
10-17 19:19:44.974 26454 26496 I ViewRootImpl@fb73d28[Toast]: Received frameCommittedCallback lastAttemptedDrawFrameNum=1 didProduceBuffer=true
10-17 19:19:44.975 26454 26496 D OpenGLRenderer: CFMS:: SetUp Pid : 26454    Tid : 26496
10-17 19:19:44.977 26454 26454 I ViewRootImpl@fb73d28[Toast]: onSyncComplete
10-17 19:19:44.978 26454 26454 I ViewRootImpl@fb73d28[Toast]: setupSync seqId=0 mSyncId=0 fn=1 caller=android.view.ViewRootImpl$$ExternalSyntheticLambda11.accept:6 android.window.SurfaceSyncer.lambda$setupSync$1$android-window-SurfaceSyncer:128 android.window.SurfaceSyncer$$ExternalSyntheticLambda1.accept:8 android.window.SurfaceSyncer$SyncSet.checkIfSyncIsComplete:382 android.window.SurfaceSyncer$SyncSet.markSyncReady:359 android.window.SurfaceSyncer.markSyncReady:151 android.view.ViewRootImpl.performTraversals:4503 
10-17 19:19:44.978 26454 26454 I ViewRootImpl@fb73d28[Toast]: reportDrawFinished seqId=0 mSyncId=-1 fn=1 mSurfaceChangedTransaction=0x7bed816400
10-17 19:19:45.571 26454 26454 I ViewRootImpl@61751e2[MainActivity]: ViewPostIme pointer 0
10-17 19:19:45.629 26454 26454 I ViewRootImpl@61751e2[MainActivity]: ViewPostIme pointer 1
10-17 19:19:45.664 26454 26454 I IMM_LC  : hsifw() - flag : 0
10-17 19:19:45.664 26454 26454 I IMM_LC  : hsifw() - mService.hideSoftInput
10-17 19:19:46.876 26454 26496 D OpenGLRenderer: setSurface called with nullptr
10-17 19:19:46.877 26454 26496 D OpenGLRenderer: setSurface() destroyed EGLSurface
10-17 19:19:46.877 26454 26496 D OpenGLRenderer: destroyEglSurface
10-17 19:19:46.878 26454 26454 I ViewRootImpl@fb73d28[Toast]: dispatchDetachedFromWindow
10-17 19:19:46.890 26454 26454 D InputTransport: Input channel destroyed: '2145cce', fd=6
10-17 19:19:47.267 26454 26462 I st.cloudstream3: Background concurrent copying GC freed 5017KB AllocSpace bytes, 46(5660KB) LOS objects, 50% free, 16MB/33MB, paused 275us,64us total 125.900ms
10-17 19:19:47.289 26454 26496 D OpenGLRenderer: setSurface called with nullptr
10-17 19:19:47.294 26454 26464 W System  : A resource failed to call close. 
10-17 19:19:47.295 26454 26464 W System  : A resource failed to call close. 
10-17 19:19:47.390 26454 26522 D Asia2Tv : Load function started for url: https://asia2tv.com/serie/hunter-with-a-scalpel
10-17 19:19:47.390 26454 26526 D Asia2Tv : Load function started for url: https://asia2tv.com/serie/confidence-queen-%d9%85%d9%84%d9%83%d8%a9-%d8%a7%d9%84%d8%ab%d9%82%d8%a9
10-17 19:19:47.391 26454 26521 D Asia2Tv : Load function started for url: https://asia2tv.com/movie/%d9%81%d9%8a%d9%84%d9%85-love-untangled-%d8%ad%d8%a8-%d8%a8%d9%84%d8%a7-%d8%b9%d9%8f%d9%82%d9%8e%d8%af-2025
10-17 19:19:48.061 26454 26521 D Asia2Tv : Found 16 initial episodes.
10-17 19:19:48.065 26454 26521 D Asia2Tv : Found Serie ID: 49914, CSRF Token: true
10-17 19:19:48.065 26454 26521 D Asia2Tv : Fetching page 2...
10-17 19:19:48.115 26454 26526 D Asia2Tv : Found 12 initial episodes.
10-17 19:19:48.122 26454 26526 D Asia2Tv : Found Serie ID: 49943, CSRF Token: true
10-17 19:19:48.122 26454 26526 D Asia2Tv : Fetching page 2...
10-17 19:19:48.283 26454 26526 D Asia2Tv : Found 0 initial episodes.
10-17 19:19:48.286 26454 26526 D Asia2Tv : Found Serie ID: 49603, CSRF Token: true
10-17 19:19:48.286 26454 26526 D Asia2Tv : Fetching page 2...
10-17 19:19:48.528 26454 26526 D Asia2Tv : Raw response for page 2: {
10-17 19:19:48.528 26454 26526 D Asia2Tv :     "message": "CSRF token mismatch."
10-17 19:19:48.528 26454 26526 D Asia2Tv : }
10-17 19:19:48.585 26454 26521 D Asia2Tv : Raw response for page 2: {
10-17 19:19:48.585 26454 26521 D Asia2Tv :     "message": "CSRF token mismatch."
10-17 19:19:48.585 26454 26521 D Asia2Tv : }
10-17 19:19:48.590 26454 26526 D Asia2Tv : Response was empty, status false, or response null. Stopping loop.
10-17 19:19:48.590 26454 26526 D Asia2Tv : Load function finished. Total episodes found: 16
10-17 19:19:48.591 26454 26521 D Asia2Tv : Response was empty, status false, or response null. Stopping loop.
10-17 19:19:48.591 26454 26521 D Asia2Tv : Load function finished. Total episodes found: 12
10-17 19:19:48.759 26454 26521 D Asia2Tv : Raw response for page 2: {
10-17 19:19:48.759 26454 26521 D Asia2Tv :     "message": "CSRF token mismatch."
10-17 19:19:48.759 26454 26521 D Asia2Tv : }
10-17 19:19:48.761 26454 26521 D Asia2Tv : Response was empty, status false, or response null. Stopping loop.
10-17 19:19:48.761 26454 26521 D Asia2Tv : Load function finished. Total episodes found: 0
10-17 19:19:49.725 26454 26454 I ViewRootImpl@61751e2[MainActivity]: ViewPostIme pointer 0
10-17 19:19:49.790 26454 26454 I ViewRootImpl@61751e2[MainActivity]: ViewPostIme pointer 1
10-17 19:19:49.798 26454 26454 I NavComponent: Navigating to fragment: 2131362274
10-17 19:19:49.816 26454 26454 I IMM_LC  : hsifw() - flag : 0
10-17 19:19:49.816 26454 26454 I IMM_LC  : hsifw() - mService.hideSoftInput
10-17 19:19:49.890 26454 26454 D ScrollView: initGoToTop
10-17 19:19:50.271 26454 26462 I st.cloudstream3: Background concurrent copying GC freed 9691KB AllocSpace bytes, 57(4336KB) LOS objects, 49% free, 21MB/43MB, paused 455us,446us total 193.034ms
10-17 19:19:50.280 26454 26454 I SurfaceView@e33655a: onWindowVisibilityChanged(0) true android.view.SurfaceView{e33655a V.E..V... ......I. 0,0-0,0} of ViewRootImpl@61751e2[MainActivity]
10-17 19:19:50.280 26454 26454 D SurfaceView@e33655a: updateSurface: has no frame
10-17 19:19:50.290 26454 26454 I CS3ExoPlayer: SET STYLE = SaveCaptionStyle(foregroundColor=-1, backgroundColor=0, windowColor=0, edgeType=1, edgeColor=-16777216, typeface=null, typefaceFilePath=null, elevation=20, fixedTextSize=null, edgeSize=null, removeCaptions=false, removeBloat=true, upperCase=false, bold=false, italic=false, backgroundRadius=null)
10-17 19:19:50.304 26454 26454 D VideoClickActionHolder: allVideoClickActions: [null:com.lagradost.cloudstream3.actions.temp.PlayInBrowserAction, null:com.lagradost.cloudstream3.actions.temp.CopyClipboardAction, null:com.lagradost.cloudstream3.actions.temp.ViewM3U8Action, null:com.lagradost.cloudstream3.actions.temp.VlcPackage, null:com.lagradost.cloudstream3.actions.temp.MpvPackage, null:com.lagradost.cloudstream3.actions.temp.NextPlayerPackage, null:com.lagradost.cloudstream3.actions.temp.JustPlayerPackage, null:com.lagradost.cloudstream3.actions.temp.fcast.FcastAction, null:com.lagradost.cloudstream3.actions.temp.LibreTorrentPackage, null:com.lagradost.cloudstream3.actions.temp.BiglyBTPackage, null:com.lagradost.cloudstream3.actions.temp.VlcNightlyPackage, null:com.lagradost.cloudstream3.actions.temp.WebVideoCastPackage, null:com.lagradost.cloudstream3.actions.temp.MpvYTDLPackage, null:com.lagradost.cloudstream3.actions.temp.MpvKtPackage, null:com.lagradost.cloudstream3.actions.temp.MpvKtPreviewPackage, null:com.lagradost.cloudstream3.actions.AlwaysAskAction]
10-17 19:19:50.305 26454 26454 I IMM_LC  : hsifw() - flag : 0
10-17 19:19:50.305 26454 26454 I IMM_LC  : hsifw() - mService.hideSoftInput
10-17 19:19:50.308 26454 26530 I SYNCVM  : addFromUrl = https://asia2tv.com/serie/loves-ambition-%d8%b7%d9%85%d9%88%d8%ad-%d8%a7%d9%84%d8%ad%d8%a8
10-17 19:19:50.308 26454 26528 D Asia2Tv : Load function started for url: https://asia2tv.com/serie/loves-ambition-%d8%b7%d9%85%d9%88%d8%ad-%d8%a7%d9%84%d8%ad%d8%a8
10-17 19:19:50.309 26454 26530 I SYNCUTIL: getIdsFromUrl https://asia2tv.com/serie/loves-ambition-%d8%b7%d9%85%d9%88%d8%ad-%d8%a7%d9%84%d8%ad%d8%a8
10-17 19:19:50.324 26454 26454 I SurfaceView@e33655a: onWindowVisibilityChanged(8) false android.view.SurfaceView{e33655a V.E..V... ......I. 0,0-0,0} of ViewRootImpl@61751e2[MainActivity]
10-17 19:19:50.324 26454 26454 D SurfaceView@e33655a: updateSurface: has no frame
10-17 19:19:50.324 26454 26454 D SurfaceView@e33655a: updateSurface: has no frame
10-17 19:19:50.324 26454 26454 I SurfaceView@e33655a: onDetachedFromWindow: tryReleaseSurfaces()
10-17 19:19:50.324 26454 26454 I SurfaceView@e33655a: releaseSurfaces: viewRoot = ViewRootImpl@61751e2[MainActivity]
10-17 19:19:50.325 26454 26454 I SurfaceView@e33655a: applyTransactionOnVriDraw: vri = ViewRootImpl@61751e2[MainActivity] fRS = true t = 0x7bdd451c00 android.view.SurfaceView.releaseSurfaces:858 android.view.SurfaceView.onDetachedFromWindow:500 android.view.View.dispatchDetachedFromWindow:22538 
10-17 19:19:50.325 26454 26454 I SurfaceView@e33655a: applyTransactionOnVriDraw: viewRoot.applyTransactionOnDrawFromReleaseSurfaces
10-17 19:19:50.325 26454 26454 I ViewRootImpl@61751e2[MainActivity]: applyTransactionOnDraw: mRemoved = false isHardwareEnabled = true t = 0x7bdd451c00android.view.ViewRootImpl.applyTransactionOnDrawFromReleaseSurfaces:12850 android.view.SurfaceView.applyTransactionOnVriDraw:2046 android.view.SurfaceView.releaseSurfaces:858 android.view.SurfaceView.onDetachedFromWindow:500 android.view.View.dispatchDetachedFromWindow:22538 
10-17 19:19:50.326 26454 26454 I SurfaceView@e33655a: onWindowVisibilityChanged(0) true android.view.SurfaceView{e33655a V.E..V... ......I. 0,0-0,0} of ViewRootImpl@61751e2[MainActivity]
10-17 19:19:50.326 26454 26454 D SurfaceView@e33655a: updateSurface: has no frame
10-17 19:19:50.331 26454 26454 I DecorView: notifyKeepScreenOnChanged: keepScreenOn=false
10-17 19:19:50.348 26454 26454 I CS3ExoPlayer: reloadPlayer
10-17 19:19:50.348 26454 26454 I CS3ExoPlayer: releasePlayer
10-17 19:19:50.348 26454 26454 I CS3ExoPlayer: Handle event: PlayerAttachedEvent(player=null, source=Player)
10-17 19:19:50.350 26454 26454 I Choreographer: Skipped 32 frames!  The application may be doing too much work on its main thread.
10-17 19:19:50.354 26454 26454 I ViewRootImpl@61751e2[MainActivity]: performTraversals params={(0,0)(fillxfill) sim={state=always_hidden adjust=resize} ty=BASE_APPLICATION wanim=0x1030309
10-17 19:19:50.354 26454 26454 I ViewRootImpl@61751e2[MainActivity]:   fl=85810100
10-17 19:19:50.354 26454 26454 I ViewRootImpl@61751e2[MainActivity]:   pfl=12020040
10-17 19:19:50.354 26454 26454 I ViewRootImpl@61751e2[MainActivity]:   vsysui=500
10-17 19:19:50.354 26454 26454 I ViewRootImpl@61751e2[MainActivity]:   bhv=DEFAULT
10-17 19:19:50.354 26454 26454 I ViewRootImpl@61751e2[MainActivity]:   fitSides= naviIconColor=0}
10-17 19:19:50.354 26454 26454 I ViewRootImpl@61751e2[MainActivity]: performTraversals mFirst=false windowShouldResize=false viewVisibilityChanged=false mForceNextWindowRelayout=false params={(0,0)(fillxfill) sim={state=always_hidden adjust=resize} ty=BASE_APPLICATION fmt=TRANSLUCENT wanim=0x1030309
10-17 19:19:50.354 26454 26454 I ViewRootImpl@61751e2[MainActivity]:   fl=85810100
10-17 19:19:50.354 26454 26454 I ViewRootImpl@61751e2[MainActivity]:   pfl=12020040
10-17 19:19:50.354 26454 26454 I ViewRootImpl@61751e2[MainActivity]:   vsysui=500
10-17 19:19:50.354 26454 26454 I ViewRootImpl@61751e2[MainActivity]:   bhv=DEFAULT
10-17 19:19:50.354 26454 26454 I ViewRootImpl@61751e2[MainActivity]:   fitSides= naviIconColor=0}
10-17 19:19:50.362 26454 26454 I ViewRootImpl@61751e2[MainActivity]: updateBlastSurfaceIfNeeded mBlastBufferQueue=0x7b5a1f6800 isSameSurfaceControl=true
10-17 19:19:50.362 26454 26454 I BLASTBufferQueue: update, w= 1080 h= 2400 mName = ViewRootImpl@61751e2[MainActivity] mNativeObject= 0x7b5a1f6800 sc.mNativeObject= 0x7bdd3271a0 format= -3 caller= android.view.ViewRootImpl.updateBlastSurfaceIfNeeded:2898 android.view.ViewRootImpl.relayoutWindow:9847 android.view.ViewRootImpl.performTraversals:3884 android.view.ViewRootImpl.doTraversal:3116 android.view.ViewRootImpl$TraversalRunnable.run:10885 android.view.Choreographer$CallbackRecord.run:1301 
10-17 19:19:50.362 26454 26454 I ViewRootImpl@61751e2[MainActivity]: Relayout returned: old=(0,0,1080,2400) new=(0,0,1080,2400) req=(1080,2400)0 dur=8 res=0x0 s={true 0x7b5a26d800} ch=false seqId=0
10-17 19:19:50.364 26454 26454 W View    : requestLayout() improperly called by android.widget.FrameLayout{1ff81eb I.E..V... ......I. 0,0-0,0 #7f0a04e7 app:id/start_panel} during layout: running second layout pass
10-17 19:19:50.364 26454 26454 W View    : requestLayout() improperly called by android.widget.FrameLayout{a221b48 I.E..V... ......ID 1080,0-1080,2143 #7f0a0168 app:id/end_panel} during layout: running second layout pass
10-17 19:19:50.366 26454 26454 D SurfaceView@e33655a: updateSurface: has no frame
10-17 19:19:50.373 26454 26549 I ViewRootImpl@61751e2[MainActivity]: mWNT: t=0x7bdd451c00 mBlastBufferQueue=0x7b5a1f6800 fn= 456 caller= android.view.ViewRootImpl.lambda$applyTransactionOnDraw$11$android-view-ViewRootImpl:12865 android.view.ViewRootImpl$$ExternalSyntheticLambda1.onFrameDraw:4 android.graphics.HardwareRenderer$FrameDrawingCallback.onFrameDraw:924 
10-17 19:19:50.379 26454 26454 D SurfaceView@e33655a: updateSurface: has no frame
10-17 19:19:50.394 26454 26454 D SurfaceView@e33655a: updateSurface: has no frame
10-17 19:19:50.411 26454 26454 D SurfaceView@e33655a: updateSurface: has no frame
10-17 19:19:50.430 26454 26454 D SurfaceView@e33655a: updateSurface: has no frame
10-17 19:19:50.444 26454 26454 D SurfaceView@e33655a: updateSurface: has no frame
10-17 19:19:50.461 26454 26454 D SurfaceView@e33655a: updateSurface: has no frame
10-17 19:19:50.477 26454 26454 D SurfaceView@e33655a: updateSurface: has no frame
10-17 19:19:50.494 26454 26454 D SurfaceView@e33655a: updateSurface: has no frame
10-17 19:19:50.512 26454 26454 D SurfaceView@e33655a: updateSurface: has no frame
10-17 19:19:50.527 26454 26454 D SurfaceView@e33655a: updateSurface: has no frame
10-17 19:19:50.544 26454 26454 D SurfaceView@e33655a: updateSurface: has no frame
10-17 19:19:50.561 26454 26454 D SurfaceView@e33655a: updateSurface: has no frame
10-17 19:19:50.577 26454 26454 D SurfaceView@e33655a: updateSurface: has no frame
10-17 19:19:50.594 26454 26454 D SurfaceView@e33655a: updateSurface: has no frame
10-17 19:19:50.611 26454 26454 D SurfaceView@e33655a: updateSurface: has no frame
10-17 19:19:50.627 26454 26454 D SurfaceView@e33655a: updateSurface: has no frame
10-17 19:19:50.644 26454 26454 D SurfaceView@e33655a: updateSurface: has no frame
10-17 19:19:50.661 26454 26454 D SurfaceView@e33655a: updateSurface: has no frame
10-17 19:19:50.677 26454 26454 D SurfaceView@e33655a: updateSurface: has no frame
10-17 19:19:50.694 26454 26454 D SurfaceView@e33655a: updateSurface: has no frame
10-17 19:19:50.710 26454 26454 D SurfaceView@e33655a: updateSurface: has no frame
10-17 19:19:50.727 26454 26454 D SurfaceView@e33655a: updateSurface: has no frame
10-17 19:19:50.744 26454 26454 D SurfaceView@e33655a: updateSurface: has no frame
10-17 19:19:50.761 26454 26454 D SurfaceView@e33655a: updateSurface: has no frame
10-17 19:19:50.777 26454 26454 D SurfaceView@e33655a: updateSurface: has no frame
10-17 19:19:50.794 26454 26454 D SurfaceView@e33655a: updateSurface: has no frame
10-17 19:19:50.810 26454 26454 D SurfaceView@e33655a: updateSurface: has no frame
10-17 19:19:50.827 26454 26454 D SurfaceView@e33655a: updateSurface: has no frame
10-17 19:19:50.844 26454 26454 D SurfaceView@e33655a: updateSurface: has no frame
10-17 19:19:50.860 26454 26454 D SurfaceView@e33655a: updateSurface: has no frame
10-17 19:19:50.877 26454 26454 D SurfaceView@e33655a: updateSurface: has no frame
10-17 19:19:50.894 26454 26454 D SurfaceView@e33655a: updateSurface: has no frame
10-17 19:19:50.911 26454 26454 D SurfaceView@e33655a: updateSurface: has no frame
10-17 19:19:50.927 26454 26454 D SurfaceView@e33655a: updateSurface: has no frame
10-17 19:19:50.944 26454 26454 D SurfaceView@e33655a: updateSurface: has no frame
10-17 19:19:50.960 26454 26454 D SurfaceView@e33655a: updateSurface: has no frame
10-17 19:19:50.977 26454 26454 D SurfaceView@e33655a: updateSurface: has no frame
10-17 19:19:50.994 26454 26454 D SurfaceView@e33655a: updateSurface: has no frame
10-17 19:19:51.010 26454 26454 D SurfaceView@e33655a: updateSurface: has no frame
10-17 19:19:51.027 26454 26454 D SurfaceView@e33655a: updateSurface: has no frame
10-17 19:19:51.044 26454 26454 D SurfaceView@e33655a: updateSurface: has no frame
10-17 19:19:51.060 26454 26454 D SurfaceView@e33655a: updateSurface: has no frame
10-17 19:19:51.077 26454 26454 D SurfaceView@e33655a: updateSurface: has no frame
10-17 19:19:51.094 26454 26454 D SurfaceView@e33655a: updateSurface: has no frame
10-17 19:19:51.107 26454 26528 D Asia2Tv : Found 16 initial episodes.
10-17 19:19:51.110 26454 26454 D SurfaceView@e33655a: updateSurface: has no frame
10-17 19:19:51.111 26454 26528 D Asia2Tv : Found Serie ID: 49962, CSRF Token: true
10-17 19:19:51.111 26454 26528 D Asia2Tv : Fetching page 2...
10-17 19:19:51.127 26454 26454 D SurfaceView@e33655a: updateSurface: has no frame
10-17 19:19:51.144 26454 26454 D SurfaceView@e33655a: updateSurface: has no frame
10-17 19:19:51.160 26454 26454 D SurfaceView@e33655a: updateSurface: has no frame
10-17 19:19:51.177 26454 26454 D SurfaceView@e33655a: updateSurface: has no frame
10-17 19:19:51.193 26454 26454 D SurfaceView@e33655a: updateSurface: has no frame
10-17 19:19:51.210 26454 26454 D SurfaceView@e33655a: updateSurface: has no frame
10-17 19:19:51.227 26454 26454 D SurfaceView@e33655a: updateSurface: has no frame
10-17 19:19:51.244 26454 26454 D SurfaceView@e33655a: updateSurface: has no frame
10-17 19:19:51.260 26454 26454 D SurfaceView@e33655a: updateSurface: has no frame
10-17 19:19:51.277 26454 26454 D SurfaceView@e33655a: updateSurface: has no frame
10-17 19:19:51.293 26454 26454 D SurfaceView@e33655a: updateSurface: has no frame
10-17 19:19:51.310 26454 26454 D SurfaceView@e33655a: updateSurface: has no frame
10-17 19:19:51.327 26454 26454 D SurfaceView@e33655a: updateSurface: has no frame
10-17 19:19:51.344 26454 26454 D SurfaceView@e33655a: updateSurface: has no frame
10-17 19:19:51.360 26454 26454 D SurfaceView@e33655a: updateSurface: has no frame
10-17 19:19:51.377 26454 26454 D SurfaceView@e33655a: updateSurface: has no frame
10-17 19:19:51.393 26454 26454 D SurfaceView@e33655a: updateSurface: has no frame
10-17 19:19:51.410 26454 26454 D SurfaceView@e33655a: updateSurface: has no frame
10-17 19:19:51.427 26454 26454 D SurfaceView@e33655a: updateSurface: has no frame
10-17 19:19:51.443 26454 26454 D SurfaceView@e33655a: updateSurface: has no frame
10-17 19:19:51.460 26454 26454 D SurfaceView@e33655a: updateSurface: has no frame
10-17 19:19:51.477 26454 26454 D SurfaceView@e33655a: updateSurface: has no frame
10-17 19:19:51.493 26454 26454 D SurfaceView@e33655a: updateSurface: has no frame
10-17 19:19:51.510 26454 26454 D SurfaceView@e33655a: updateSurface: has no frame
10-17 19:19:51.526 26454 26454 D SurfaceView@e33655a: updateSurface: has no frame
10-17 19:19:51.543 26454 26454 D SurfaceView@e33655a: updateSurface: has no frame
10-17 19:19:51.560 26454 26454 D SurfaceView@e33655a: updateSurface: has no frame
10-17 19:19:51.572 26454 26528 D Asia2Tv : Raw response for page 2: {
10-17 19:19:51.572 26454 26528 D Asia2Tv :     "message": "CSRF token mismatch."
10-17 19:19:51.572 26454 26528 D Asia2Tv : }
10-17 19:19:51.573 26454 26528 D Asia2Tv : Response was empty, status false, or response null. Stopping loop.
10-17 19:19:51.573 26454 26528 D Asia2Tv : Load function finished. Total episodes found: 16
10-17 19:19:51.574 26454 26528 I RVM2    : applyMeta
10-17 19:19:51.577 26454 26454 D SurfaceView@e33655a: updateSurface: has no frame
10-17 19:19:51.593 26454 26454 D SurfaceView@e33655a: updateSurface: has no frame
10-17 19:19:51.610 26454 26454 D SurfaceView@e33655a: updateSurface: has no frame
10-17 19:19:51.627 26454 26454 D SurfaceView@e33655a: updateSurface: has no frame
10-17 19:19:51.643 26454 26454 D SurfaceView@e33655a: updateSurface: has no frame
10-17 19:19:51.660 26454 26454 D SurfaceView@e33655a: updateSurface: has no frame
10-17 19:19:51.676 26454 26454 D SurfaceView@e33655a: updateSurface: has no frame
10-17 19:19:51.693 26454 26454 D SurfaceView@e33655a: updateSurface: has no frame
10-17 19:19:51.710 26454 26454 D SurfaceView@e33655a: updateSurface: has no frame
10-17 19:19:51.726 26454 26454 D SurfaceView@e33655a: updateSurface: has no frame
10-17 19:19:51.743 26454 26454 D SurfaceView@e33655a: updateSurface: has no frame
10-17 19:19:51.760 26454 26454 D SurfaceView@e33655a: updateSurface: has no frame
10-17 19:19:51.776 26454 26454 D SurfaceView@e33655a: updateSurface: has no frame
10-17 19:19:51.793 26454 26454 D SurfaceView@e33655a: updateSurface: has no frame
10-17 19:19:51.810 26454 26454 D SurfaceView@e33655a: updateSurface: has no frame
10-17 19:19:51.827 26454 26454 D SurfaceView@e33655a: updateSurface: has no frame
10-17 19:19:51.843 26454 26454 D SurfaceView@e33655a: updateSurface: has no frame
10-17 19:19:51.860 26454 26454 D SurfaceView@e33655a: updateSurface: has no frame
10-17 19:19:51.873 26454 26454 W PanelsChildGestureRegionObserver: failed to register view with ID 2131362800. already registered
10-17 19:19:51.877 26454 26454 E CoilImgLoader: Error loading image: coil3.request.NullRequestDataException: The request's data is null.
10-17 19:19:51.882 26454 26454 E CoilImgLoader: Error loading image: coil3.request.NullRequestDataException: The request's data is null.
10-17 19:19:51.944 26454 26530 I SYNCVM  : addFromUrl = https://asia2tv.com/serie/loves-ambition-%d8%b7%d9%85%d9%88%d8%ad-%d8%a7%d9%84%d8%ad%d8%a8
10-17 19:19:51.944 26454 26530 I SYNCUTIL: getIdsFromUrl https://asia2tv.com/serie/loves-ambition-%d8%b7%d9%85%d9%88%d8%ad-%d8%a7%d9%84%d8%ad%d8%a8
10-17 19:19:52.131 26454 26454 D SurfaceView@e33655a: updateSurface: has no frame
10-17 19:19:52.135 26454 26454 I SurfaceView@e33655a: Changes: creating=true format=true size=true visible=true alpha=false hint=false mUseAlpha=false visible=true left=true top=true
10-17 19:19:52.139 26454 26454 I BLASTBufferQueue: update, w= 1080 h= 525 mName = null mNativeObject= 0x7bdd313600 sc.mNativeObject= 0x7ae11b9ae0 format= 4 caller= android.view.SurfaceView.createBlastSurfaceControls:1383 android.view.SurfaceView.updateSurface:1079 android.view.SurfaceView.lambda$new$0$android-view-SurfaceView:200 android.view.SurfaceView$$ExternalSyntheticLambda5.onPreDraw:2 android.view.ViewTreeObserver.dispatchOnPreDraw:1121 android.view.ViewRootImpl.performTraversals:4442 
10-17 19:19:52.139 26454 26454 I SurfaceView@e33655a: 238249306 Cur surface: Surface(name=null)/@0x92b0c78
10-17 19:19:52.139 26454 26454 I SurfaceView@e33655a: pST: sr = Rect(0, 218 - 1080, 743) sw = 1080 sh = 525
10-17 19:19:52.139 26454 26454 D SurfaceView@e33655a: performSurfaceTransaction RenderWorker position = [0, 218, 1080, 743] surfaceSize = 1080x525
10-17 19:19:52.140 26454 26454 I SurfaceView@e33655a: applyTransactionOnVriDraw: vri = ViewRootImpl@61751e2[MainActivity] fRS = false t = 0x7b1aeb5a00 android.view.SurfaceView.performSurfaceTransaction:959 android.view.SurfaceView.updateSurface:1105 android.view.SurfaceView.lambda$new$0$android-view-SurfaceView:200 
10-17 19:19:52.140 26454 26454 I ViewRootImpl@61751e2[MainActivity]: applyTransactionOnDraw: mRemoved = false isHardwareEnabled = true t = 0x7b1aeb5a00android.view.SurfaceView.applyTransactionOnVriDraw:2048 android.view.SurfaceView.performSurfaceTransaction:959 android.view.SurfaceView.updateSurface:1105 android.view.SurfaceView.lambda$new$0$android-view-SurfaceView:200 android.view.SurfaceView$$ExternalSyntheticLambda5.onPreDraw:2 
10-17 19:19:52.140 26454 26454 I SurfaceView@e33655a: updateSurface: mVisible = true mSurface.isValid() = true
10-17 19:19:52.140 26454 26454 I SurfaceView@e33655a: updateSurface: mSurfaceCreated = false surfaceChanged = true visibleChanged = true
10-17 19:19:52.140 26454 26454 I SurfaceView@e33655a: visibleChanged -- surfaceCreated
10-17 19:19:52.140 26454 26454 I SurfaceView@e33655a: surfaceCreated 0 #8 android.view.SurfaceView{e33655a V.E..V... ......ID 0,0-1080,525}
10-17 19:19:52.140 26454 26454 I SurfaceView@e33655a: surfaceChanged -- format=4 w=1080 h=525
10-17 19:19:52.140 26454 26454 I SurfaceView@e33655a: surfaceChanged (1080,525) 0 #8 android.view.SurfaceView{e33655a V.E..V... ......ID 0,0-1080,525}
10-17 19:19:52.140 26454 26454 I SurfaceView@e33655a: surfaceRedrawNeeded
10-17 19:19:52.141 26454 26454 V SurfaceView@e33655a: Layout: x=0 y=218 w=1080 h=525, frame=Rect(0, 0 - 1080, 525)
10-17 19:19:52.156 26454 26548 D SurfaceView@e33655a: updateSurfacePosition RenderWorker, frameNr = 547, position = [0, 218, 1080, 743] surfaceSize = 1080x525
10-17 19:19:52.157 26454 26548 I SurfaceView@e33655a: uSP: rtp = Rect(0, 218 - 1080, 743) rtsw = 1080 rtsh = 525
10-17 19:19:52.157 26454 26548 I SurfaceView@e33655a: onSSPAndSRT: pl = 0 pt = 218 sx = 1.0 sy = 1.0
10-17 19:19:52.158 26454 26548 I SurfaceView@e33655a: aOrMT: ViewRootImpl@61751e2[MainActivity] t = android.view.SurfaceControl$Transaction@7e64f8d fN = 547 android.view.SurfaceView.-$$Nest$mapplyOrMergeTransaction:0 android.view.SurfaceView$SurfaceViewPositionUpdateListener.positionChanged:1537 android.graphics.RenderNode$CompositePositionUpdateListener.positionChanged:373 
10-17 19:19:52.158 26454 26548 I ViewRootImpl@61751e2[MainActivity]: mWNT: t=0x7b1aeb5b00 mBlastBufferQueue=0x7b5a1f6800 fn= 547 caller= android.view.SurfaceView.applyOrMergeTransaction:1455 android.view.SurfaceView.-$$Nest$mapplyOrMergeTransaction:0 android.view.SurfaceView$SurfaceViewPositionUpdateListener.positionChanged:1537 
10-17 19:19:52.159 26454 26548 I ViewRootImpl@61751e2[MainActivity]: mWNT: t=0x7b1aeb5a00 mBlastBufferQueue=0x7b5a1f6800 fn= 547 caller= android.view.ViewRootImpl.lambda$applyTransactionOnDraw$11$android-view-ViewRootImpl:12865 android.view.ViewRootImpl$$ExternalSyntheticLambda1.onFrameDraw:4 android.graphics.HardwareRenderer$FrameDrawingCallback.onFrameDraw:924 
10-17 19:19:52.224 26454 26454 I SurfaceView@e33655a: finishedDrawing
10-17 19:19:52.785 26454 26454 I ViewRootImpl@61751e2[MainActivity]: ViewPostIme pointer 0
10-17 19:19:52.814 26454 26454 I SurfaceView@e33655a: Changes: creating=false format=false size=false visible=false alpha=false hint=false mUseAlpha=false visible=false left=false top=true
10-17 19:19:52.814 26454 26454 I SurfaceView@e33655a: 238249306 Cur surface: Surface(name=null)/@0x92b0c78
10-17 19:19:52.815 26454 26454 I SurfaceView@e33655a: applyTransactionOnVriDraw: vri = ViewRootImpl@61751e2[MainActivity] fRS = false t = 0x7b456a6d00 android.view.SurfaceView.performSurfaceTransaction:959 android.view.SurfaceView.updateSurface:1105 android.view.SurfaceView.lambda$new$0$android-view-SurfaceView:200 
10-17 19:19:52.815 26454 26454 I ViewRootImpl@61751e2[MainActivity]: applyTransactionOnDraw: mRemoved = false isHardwareEnabled = true t = 0x7b456a6d00android.view.SurfaceView.applyTransactionOnVriDraw:2048 android.view.SurfaceView.performSurfaceTransaction:959 android.view.SurfaceView.updateSurface:1105 android.view.SurfaceView.lambda$new$0$android-view-SurfaceView:200 android.view.SurfaceView$$ExternalSyntheticLambda5.onPreDraw:2 
10-17 19:19:52.815 26454 26454 I SurfaceView@e33655a: updateSurface: mVisible = true mSurface.isValid() = true
10-17 19:19:52.816 26454 26454 I SurfaceView@e33655a: updateSurface: mSurfaceCreated = true surfaceChanged = false visibleChanged = false
10-17 19:19:52.816 26454 26454 V SurfaceView@e33655a: Layout: x=0 y=207 w=1080 h=525, frame=Rect(0, 0 - 1080, 525)
10-17 19:19:52.824 26454 26549 D SurfaceView@e33655a: updateSurfacePosition RenderWorker, frameNr = 569, position = [0, 207, 1080, 732] surfaceSize = 1080x525
10-17 19:19:52.824 26454 26549 I SurfaceView@e33655a: uSP: rtp = Rect(0, 207 - 1080, 732) rtsw = 1080 rtsh = 525
10-17 19:19:52.824 26454 26549 I SurfaceView@e33655a: onSSPAndSRT: pl = 0 pt = 207 sx = 1.0 sy = 1.0
10-17 19:19:52.825 26454 26549 I SurfaceView@e33655a: aOrMT: ViewRootImpl@61751e2[MainActivity] t = android.view.SurfaceControl$Transaction@7e64f8d fN = 569 android.view.SurfaceView.-$$Nest$mapplyOrMergeTransaction:0 android.view.SurfaceView$SurfaceViewPositionUpdateListener.positionChanged:1537 android.graphics.RenderNode$CompositePositionUpdateListener.positionChanged:373 
10-17 19:19:52.825 26454 26549 I ViewRootImpl@61751e2[MainActivity]: mWNT: t=0x7b1aeb5b00 mBlastBufferQueue=0x7b5a1f6800 fn= 569 caller= android.view.SurfaceView.applyOrMergeTransaction:1455 android.view.SurfaceView.-$$Nest$mapplyOrMergeTransaction:0 android.view.SurfaceView$SurfaceViewPositionUpdateListener.positionChanged:1537 
10-17 19:19:52.825 26454 26549 I ViewRootImpl@61751e2[MainActivity]: mWNT: t=0x7b456a6d00 mBlastBufferQueue=0x7b5a1f6800 fn= 569 caller= android.view.ViewRootImpl.lambda$applyTransactionOnDraw$11$android-view-ViewRootImpl:12865 android.view.ViewRootImpl$$ExternalSyntheticLambda1.onFrameDraw:4 android.graphics.HardwareRenderer$FrameDrawingCallback.onFrameDraw:924 
10-17 19:19:52.830 26454 26454 I SurfaceView@e33655a: Changes: creating=false format=false size=false visible=false alpha=false hint=false mUseAlpha=false visible=false left=false top=true
10-17 19:19:52.830 26454 26454 I SurfaceView@e33655a: 238249306 Cur surface: Surface(name=null)/@0x92b0c78
10-17 19:19:52.830 26454 26454 I SurfaceView@e33655a: applyTransactionOnVriDraw: vri = ViewRootImpl@61751e2[MainActivity] fRS = false t = 0x7b1aeb5f00 android.view.SurfaceView.performSurfaceTransaction:959 android.view.SurfaceView.updateSurface:1105 android.view.SurfaceView.lambda$new$0$android-view-SurfaceView:200 
10-17 19:19:52.831 26454 26454 I ViewRootImpl@61751e2[MainActivity]: applyTransactionOnDraw: mRemoved = false isHardwareEnabled = true t = 0x7b1aeb5f00android.view.SurfaceView.applyTransactionOnVriDraw:2048 android.view.SurfaceView.performSurfaceTransaction:959 android.view.SurfaceView.updateSurface:1105 android.view.SurfaceView.lambda$new$0$android-view-SurfaceView:200 android.view.SurfaceView$$ExternalSyntheticLambda5.onPreDraw:2 
10-17 19:19:52.831 26454 26454 I SurfaceView@e33655a: updateSurface: mVisible = true mSurface.isValid() = true
10-17 19:19:52.831 26454 26454 I SurfaceView@e33655a: updateSurface: mSurfaceCreated = true surfaceChanged = false visibleChanged = false
10-17 19:19:52.831 26454 26454 V SurfaceView@e33655a: Layout: x=0 y=8 w=1080 h=525, frame=Rect(0, 0 - 1080, 525)
10-17 19:19:52.841 26454 26548 D SurfaceView@e33655a: updateSurfacePosition RenderWorker, frameNr = 570, position = [0, 8, 1080, 533] surfaceSize = 1080x525
10-17 19:19:52.842 26454 26548 I SurfaceView@e33655a: uSP: rtp = Rect(0, 8 - 1080, 533) rtsw = 1080 rtsh = 525
10-17 19:19:52.842 26454 26548 I SurfaceView@e33655a: onSSPAndSRT: pl = 0 pt = 8 sx = 1.0 sy = 1.0
10-17 19:19:52.842 26454 26548 I SurfaceView@e33655a: aOrMT: ViewRootImpl@61751e2[MainActivity] t = android.view.SurfaceControl$Transaction@7e64f8d fN = 570 android.view.SurfaceView.-$$Nest$mapplyOrMergeTransaction:0 android.view.SurfaceView$SurfaceViewPositionUpdateListener.positionChanged:1537 android.graphics.RenderNode$CompositePositionUpdateListener.positionChanged:373 
10-17 19:19:52.842 26454 26548 I ViewRootImpl@61751e2[MainActivity]: mWNT: t=0x7b1aeb5b00 mBlastBufferQueue=0x7b5a1f6800 fn= 570 caller= android.view.SurfaceView.applyOrMergeTransaction:1455 android.view.SurfaceView.-$$Nest$mapplyOrMergeTransaction:0 android.view.SurfaceView$SurfaceViewPositionUpdateListener.positionChanged:1537 
10-17 19:19:52.843 26454 26549 I ViewRootImpl@61751e2[MainActivity]: mWNT: t=0x7b1aeb5f00 mBlastBufferQueue=0x7b5a1f6800 fn= 570 caller= android.view.ViewRootImpl.lambda$applyTransactionOnDraw$11$android-view-ViewRootImpl:12865 android.view.ViewRootImpl$$ExternalSyntheticLambda1.onFrameDraw:4 android.graphics.HardwareRenderer$FrameDrawingCallback.onFrameDraw:924 
10-17 19:19:52.843 26454 26454 I ViewRootImpl@61751e2[MainActivity]: ViewPostIme pointer 1
10-17 19:19:52.871 26454 26548 D SurfaceView@e33655a: updateSurfacePosition RenderWorker, frameNr = 572, position = [0, -46, 1080, 479] surfaceSize = 1080x525
10-17 19:19:52.871 26454 26548 I SurfaceView@e33655a: uSP: rtp = Rect(0, -46 - 1080, 479) rtsw = 1080 rtsh = 525
10-17 19:19:52.871 26454 26548 I SurfaceView@e33655a: onSSPAndSRT: pl = 0 pt = -46 sx = 1.0 sy = 1.0
10-17 19:19:52.871 26454 26548 I SurfaceView@e33655a: aOrMT: ViewRootImpl@61751e2[MainActivity] t = android.view.SurfaceControl$Transaction@7e64f8d fN = 572 android.view.SurfaceView.-$$Nest$mapplyOrMergeTransaction:0 android.view.SurfaceView$SurfaceViewPositionUpdateListener.positionChanged:1537 android.graphics.RenderNode$CompositePositionUpdateListener.positionChanged:373 
10-17 19:19:52.871 26454 26548 I ViewRootImpl@61751e2[MainActivity]: mWNT: t=0x7b1aeb5b00 mBlastBufferQueue=0x7b5a1f6800 fn= 572 caller= android.view.SurfaceView.applyOrMergeTransaction:1455 android.view.SurfaceView.-$$Nest$mapplyOrMergeTransaction:0 android.view.SurfaceView$SurfaceViewPositionUpdateListener.positionChanged:1537 
10-17 19:19:52.878 26454 26454 I SurfaceView@e33655a: Changes: creating=false format=false size=false visible=false alpha=false hint=false mUseAlpha=false visible=false left=false top=true
10-17 19:19:52.878 26454 26454 I SurfaceView@e33655a: 238249306 Cur surface: Surface(name=null)/@0x92b0c78
10-17 19:19:52.878 26454 26454 I SurfaceView@e33655a: applyTransactionOnVriDraw: vri = ViewRootImpl@61751e2[MainActivity] fRS = false t = 0x7ae1706000 android.view.SurfaceView.performSurfaceTransaction:959 android.view.SurfaceView.updateSurface:1105 android.view.SurfaceView.lambda$new$0$android-view-SurfaceView:200 
10-17 19:19:52.878 26454 26454 I ViewRootImpl@61751e2[MainActivity]: applyTransactionOnDraw: mRemoved = false isHardwareEnabled = true t = 0x7ae1706000android.view.SurfaceView.applyTransactionOnVriDraw:2048 android.view.SurfaceView.performSurfaceTransaction:959 android.view.SurfaceView.updateSurface:1105 android.view.SurfaceView.lambda$new$0$android-view-SurfaceView:200 android.view.SurfaceView$$ExternalSyntheticLambda5.onPreDraw:2 
10-17 19:19:52.878 26454 26454 I SurfaceView@e33655a: updateSurface: mVisible = true mSurface.isValid() = true
10-17 19:19:52.878 26454 26454 I SurfaceView@e33655a: updateSurface: mSurfaceCreated = true surfaceChanged = false visibleChanged = false
10-17 19:19:52.878 26454 26454 V SurfaceView@e33655a: Layout: x=0 y=-46 w=1080 h=525, frame=Rect(0, 0 - 1080, 525)
10-17 19:19:52.884 26454 26549 D SurfaceView@e33655a: updateSurfacePosition RenderWorker, frameNr = 573, position = [0, -140, 1080, 385] surfaceSize = 1080x525
10-17 19:19:52.884 26454 26549 I SurfaceView@e33655a: uSP: rtp = Rect(0, -140 - 1080, 385) rtsw = 1080 rtsh = 525
10-17 19:19:52.884 26454 26549 I SurfaceView@e33655a: onSSPAndSRT: pl = 0 pt = -140 sx = 1.0 sy = 1.0
10-17 19:19:52.884 26454 26549 I SurfaceView@e33655a: aOrMT: ViewRootImpl@61751e2[MainActivity] t = android.view.SurfaceControl$Transaction@7e64f8d fN = 573 android.view.SurfaceView.-$$Nest$mapplyOrMergeTransaction:0 android.view.SurfaceView$SurfaceViewPositionUpdateListener.positionChanged:1537 android.graphics.RenderNode$CompositePositionUpdateListener.positionChanged:373 
10-17 19:19:52.884 26454 26549 I ViewRootImpl@61751e2[MainActivity]: mWNT: t=0x7b1aeb5b00 mBlastBufferQueue=0x7b5a1f6800 fn= 573 caller= android.view.SurfaceView.applyOrMergeTransaction:1455 android.view.SurfaceView.-$$Nest$mapplyOrMergeTransaction:0 android.view.SurfaceView$SurfaceViewPositionUpdateListener.positionChanged:1537 
10-17 19:19:52.884 26454 26549 I ViewRootImpl@61751e2[MainActivity]: mWNT: t=0x7ae1706000 mBlastBufferQueue=0x7b5a1f6800 fn= 573 caller= android.view.ViewRootImpl.lambda$applyTransactionOnDraw$11$android-view-ViewRootImpl:12865 android.view.ViewRootImpl$$ExternalSyntheticLambda1.onFrameDraw:4 android.graphics.HardwareRenderer$FrameDrawingCallback.onFrameDraw:924 
10-17 19:19:52.893 26454 26454 I SurfaceView@e33655a: Changes: creating=false format=false size=false visible=false alpha=false hint=false mUseAlpha=false visible=false left=false top=true
10-17 19:19:52.894 26454 26454 I SurfaceView@e33655a: 238249306 Cur surface: Surface(name=null)/@0x92b0c78
10-17 19:19:52.894 26454 26454 I SurfaceView@e33655a: applyTransactionOnVriDraw: vri = ViewRootImpl@61751e2[MainActivity] fRS = false t = 0x7ae1706100 android.view.SurfaceView.performSurfaceTransaction:959 android.view.SurfaceView.updateSurface:1105 android.view.SurfaceView.lambda$new$0$android-view-SurfaceView:200 
10-17 19:19:52.894 26454 26454 I ViewRootImpl@61751e2[MainActivity]: applyTransactionOnDraw: mRemoved = false isHardwareEnabled = true t = 0x7ae1706100android.view.SurfaceView.applyTransactionOnVriDraw:2048 android.view.SurfaceView.performSurfaceTransaction:959 android.view.SurfaceView.updateSurface:1105 android.view.SurfaceView.lambda$new$0$android-view-SurfaceView:200 android.view.SurfaceView$$ExternalSyntheticLambda5.onPreDraw:2 
10-17 19:19:52.894 26454 26454 I SurfaceView@e33655a: updateSurface: mVisible = true mSurface.isValid() = true
