10-17 00:07:23.154 24677 24767 I ViewRootImpl@fd98f5c[MainActivity]: mWNT: t=0x7adbbbb600 mBlastBufferQueue=0x7b59a2f400 fn= 671 caller= android.view.ViewRootImpl.lambda$applyTransactionOnDraw$11$android-view-ViewRootImpl:12865 android.view.ViewRootImpl$$ExternalSyntheticLambda1.onFrameDraw:4 android.graphics.HardwareRenderer$FrameDrawingCallback.onFrameDraw:924 
10-17 00:07:23.158 24677 24677 I SurfaceView@baa0d53: Changes: creating=false format=false size=false visible=false alpha=false hint=false mUseAlpha=false visible=false left=false top=true
10-17 00:07:23.158 24677 24677 I SurfaceView@baa0d53: 195693907 Cur surface: Surface(name=null)/@0x8cc66c
10-17 00:07:23.159 24677 24677 I SurfaceView@baa0d53: applyTransactionOnVriDraw: vri = ViewRootImpl@fd98f5c[MainActivity] fRS = false t = 0x7adbbbb700 android.view.SurfaceView.performSurfaceTransaction:959 android.view.SurfaceView.updateSurface:1105 android.view.SurfaceView.lambda$new$0$android-view-SurfaceView:200 
10-17 00:07:23.159 24677 24677 I ViewRootImpl@fd98f5c[MainActivity]: applyTransactionOnDraw: mRemoved = false isHardwareEnabled = true t = 0x7adbbbb700android.view.SurfaceView.applyTransactionOnVriDraw:2048 android.view.SurfaceView.performSurfaceTransaction:959 android.view.SurfaceView.updateSurface:1105 android.view.SurfaceView.lambda$new$0$android-view-SurfaceView:200 android.view.SurfaceView$$ExternalSyntheticLambda5.onPreDraw:2 
10-17 00:07:23.159 24677 24677 I SurfaceView@baa0d53: updateSurface: mVisible = true mSurface.isValid() = true
10-17 00:07:23.159 24677 24677 I SurfaceView@baa0d53: updateSurface: mSurfaceCreated = true surfaceChanged = false visibleChanged = false
10-17 00:07:23.159 24677 24677 V SurfaceView@baa0d53: Layout: x=0 y=-120 w=1080 h=525, frame=Rect(0, 0 - 1080, 525)
10-17 00:07:23.165 24677 24768 D SurfaceView@baa0d53: updateSurfacePosition RenderWorker, frameNr = 672, position = [0, -120, 1080, 405] surfaceSize = 1080x525
10-17 00:07:23.165 24677 24768 I SurfaceView@baa0d53: uSP: rtp = Rect(0, -120 - 1080, 405) rtsw = 1080 rtsh = 525
10-17 00:07:23.165 24677 24768 I SurfaceView@baa0d53: onSSPAndSRT: pl = 0 pt = -120 sx = 1.0 sy = 1.0
10-17 00:07:23.165 24677 24768 I SurfaceView@baa0d53: aOrMT: ViewRootImpl@fd98f5c[MainActivity] t = android.view.SurfaceControl$Transaction@4f03eb1 fN = 672 android.view.SurfaceView.-$$Nest$mapplyOrMergeTransaction:0 android.view.SurfaceView$SurfaceViewPositionUpdateListener.positionChanged:1537 android.graphics.RenderNode$CompositePositionUpdateListener.positionChanged:373 
10-17 00:07:23.165 24677 24768 I ViewRootImpl@fd98f5c[MainActivity]: mWNT: t=0x7adb911800 mBlastBufferQueue=0x7b59a2f400 fn= 672 caller= android.view.SurfaceView.applyOrMergeTransaction:1455 android.view.SurfaceView.-$$Nest$mapplyOrMergeTransaction:0 android.view.SurfaceView$SurfaceViewPositionUpdateListener.positionChanged:1537 
10-17 00:07:23.166 24677 24768 I ViewRootImpl@fd98f5c[MainActivity]: mWNT: t=0x7adbbbb700 mBlastBufferQueue=0x7b59a2f400 fn= 672 caller= android.view.ViewRootImpl.lambda$applyTransactionOnDraw$11$android-view-ViewRootImpl:12865 android.view.ViewRootImpl$$ExternalSyntheticLambda1.onFrameDraw:4 android.graphics.HardwareRenderer$FrameDrawingCallback.onFrameDraw:924 
10-17 00:07:23.169 24677 24677 I SurfaceView@baa0d53: Changes: creating=false format=false size=false visible=false alpha=false hint=false mUseAlpha=false visible=false left=false top=true
10-17 00:07:23.169 24677 24677 I SurfaceView@baa0d53: 195693907 Cur surface: Surface(name=null)/@0x8cc66c
10-17 00:07:23.170 24677 24677 I SurfaceView@baa0d53: applyTransactionOnVriDraw: vri = ViewRootImpl@fd98f5c[MainActivity] fRS = false t = 0x7adbbbb800 android.view.SurfaceView.performSurfaceTransaction:959 android.view.SurfaceView.updateSurface:1105 android.view.SurfaceView.lambda$new$0$android-view-SurfaceView:200 
10-17 00:07:23.170 24677 24677 I ViewRootImpl@fd98f5c[MainActivity]: applyTransactionOnDraw: mRemoved = false isHardwareEnabled = true t = 0x7adbbbb800android.view.SurfaceView.applyTransactionOnVriDraw:2048 android.view.SurfaceView.performSurfaceTransaction:959 android.view.SurfaceView.updateSurface:1105 android.view.SurfaceView.lambda$new$0$android-view-SurfaceView:200 android.view.SurfaceView$$ExternalSyntheticLambda5.onPreDraw:2 
10-17 00:07:23.170 24677 24677 I SurfaceView@baa0d53: updateSurface: mVisible = true mSurface.isValid() = true
10-17 00:07:23.170 24677 24677 I SurfaceView@baa0d53: updateSurface: mSurfaceCreated = true surfaceChanged = false visibleChanged = false
10-17 00:07:23.170 24677 24677 V SurfaceView@baa0d53: Layout: x=0 y=-223 w=1080 h=525, frame=Rect(0, 0 - 1080, 525)
10-17 00:07:23.178 24677 24767 D SurfaceView@baa0d53: updateSurfacePosition RenderWorker, frameNr = 673, position = [0, -223, 1080, 302] surfaceSize = 1080x525
10-17 00:07:23.179 24677 24767 I SurfaceView@baa0d53: uSP: rtp = Rect(0, -223 - 1080, 302) rtsw = 1080 rtsh = 525
10-17 00:07:23.179 24677 24767 I SurfaceView@baa0d53: onSSPAndSRT: pl = 0 pt = -223 sx = 1.0 sy = 1.0
10-17 00:07:23.179 24677 24767 I SurfaceView@baa0d53: aOrMT: ViewRootImpl@fd98f5c[MainActivity] t = android.view.SurfaceControl$Transaction@4f03eb1 fN = 673 android.view.SurfaceView.-$$Nest$mapplyOrMergeTransaction:0 android.view.SurfaceView$SurfaceViewPositionUpdateListener.positionChanged:1537 android.graphics.RenderNode$CompositePositionUpdateListener.positionChanged:373 
10-17 00:07:23.179 24677 24767 I ViewRootImpl@fd98f5c[MainActivity]: mWNT: t=0x7adb911800 mBlastBufferQueue=0x7b59a2f400 fn= 673 caller= android.view.SurfaceView.applyOrMergeTransaction:1455 android.view.SurfaceView.-$$Nest$mapplyOrMergeTransaction:0 android.view.SurfaceView$SurfaceViewPositionUpdateListener.positionChanged:1537 
10-17 00:07:23.179 24677 24767 I ViewRootImpl@fd98f5c[MainActivity]: mWNT: t=0x7adbbbb800 mBlastBufferQueue=0x7b59a2f400 fn= 673 caller= android.view.ViewRootImpl.lambda$applyTransactionOnDraw$11$android-view-ViewRootImpl:12865 android.view.ViewRootImpl$$ExternalSyntheticLambda1.onFrameDraw:4 android.graphics.HardwareRenderer$FrameDrawingCallback.onFrameDraw:924 
10-17 00:07:23.182 24677 24677 I SurfaceView@baa0d53: Changes: creating=false format=false size=false visible=false alpha=false hint=false mUseAlpha=false visible=false left=false top=true
10-17 00:07:23.182 24677 24677 I SurfaceView@baa0d53: 195693907 Cur surface: Surface(name=null)/@0x8cc66c
10-17 00:07:23.183 24677 24677 I SurfaceView@baa0d53: applyTransactionOnVriDraw: vri = ViewRootImpl@fd98f5c[MainActivity] fRS = false t = 0x7adbbbb900 android.view.SurfaceView.performSurfaceTransaction:959 android.view.SurfaceView.updateSurface:1105 android.view.SurfaceView.lambda$new$0$android-view-SurfaceView:200 
10-17 00:07:23.183 24677 24677 I ViewRootImpl@fd98f5c[MainActivity]: applyTransactionOnDraw: mRemoved = false isHardwareEnabled = true t = 0x7adbbbb900android.view.SurfaceView.applyTransactionOnVriDraw:2048 android.view.SurfaceView.performSurfaceTransaction:959 android.view.SurfaceView.updateSurface:1105 android.view.SurfaceView.lambda$new$0$android-view-SurfaceView:200 android.view.SurfaceView$$ExternalSyntheticLambda5.onPreDraw:2 
10-17 00:07:23.183 24677 24677 I SurfaceView@baa0d53: updateSurface: mVisible = true mSurface.isValid() = true
10-17 00:07:23.183 24677 24677 I SurfaceView@baa0d53: updateSurface: mSurfaceCreated = true surfaceChanged = false visibleChanged = false
10-17 00:07:23.183 24677 24677 V SurfaceView@baa0d53: Layout: x=0 y=-341 w=1080 h=525, frame=Rect(0, 0 - 1080, 525)
10-17 00:07:23.192 24677 24768 D SurfaceView@baa0d53: updateSurfacePosition RenderWorker, frameNr = 674, position = [0, -341, 1080, 184] surfaceSize = 1080x525
10-17 00:07:23.192 24677 24768 I SurfaceView@baa0d53: uSP: rtp = Rect(0, -341 - 1080, 184) rtsw = 1080 rtsh = 525
10-17 00:07:23.192 24677 24768 I SurfaceView@baa0d53: onSSPAndSRT: pl = 0 pt = -341 sx = 1.0 sy = 1.0
10-17 00:07:23.192 24677 24768 I SurfaceView@baa0d53: aOrMT: ViewRootImpl@fd98f5c[MainActivity] t = android.view.SurfaceControl$Transaction@4f03eb1 fN = 674 android.view.SurfaceView.-$$Nest$mapplyOrMergeTransaction:0 android.view.SurfaceView$SurfaceViewPositionUpdateListener.positionChanged:1537 android.graphics.RenderNode$CompositePositionUpdateListener.positionChanged:373 
10-17 00:07:23.192 24677 24768 I ViewRootImpl@fd98f5c[MainActivity]: mWNT: t=0x7adb911800 mBlastBufferQueue=0x7b59a2f400 fn= 674 caller= android.view.SurfaceView.applyOrMergeTransaction:1455 android.view.SurfaceView.-$$Nest$mapplyOrMergeTransaction:0 android.view.SurfaceView$SurfaceViewPositionUpdateListener.positionChanged:1537 
10-17 00:07:23.192 24677 24768 I ViewRootImpl@fd98f5c[MainActivity]: mWNT: t=0x7adbbbb900 mBlastBufferQueue=0x7b59a2f400 fn= 674 caller= android.view.ViewRootImpl.lambda$applyTransactionOnDraw$11$android-view-ViewRootImpl:12865 android.view.ViewRootImpl$$ExternalSyntheticLambda1.onFrameDraw:4 android.graphics.HardwareRenderer$FrameDrawingCallback.onFrameDraw:924 
10-17 00:07:23.200 24677 24677 I SurfaceView@baa0d53: Changes: creating=false format=false size=false visible=false alpha=false hint=false mUseAlpha=false visible=false left=false top=true
10-17 00:07:23.200 24677 24677 I SurfaceView@baa0d53: 195693907 Cur surface: Surface(name=null)/@0x8cc66c
10-17 00:07:23.200 24677 24677 I SurfaceView@baa0d53: applyTransactionOnVriDraw: vri = ViewRootImpl@fd98f5c[MainActivity] fRS = false t = 0x7adbbbba00 android.view.SurfaceView.performSurfaceTransaction:959 android.view.SurfaceView.updateSurface:1105 android.view.SurfaceView.lambda$new$0$android-view-SurfaceView:200 
10-17 00:07:23.200 24677 24677 I ViewRootImpl@fd98f5c[MainActivity]: applyTransactionOnDraw: mRemoved = false isHardwareEnabled = true t = 0x7adbbbba00android.view.SurfaceView.applyTransactionOnVriDraw:2048 android.view.SurfaceView.performSurfaceTransaction:959 android.view.SurfaceView.updateSurface:1105 android.view.SurfaceView.lambda$new$0$android-view-SurfaceView:200 android.view.SurfaceView$$ExternalSyntheticLambda5.onPreDraw:2 
10-17 00:07:23.200 24677 24677 I SurfaceView@baa0d53: updateSurface: mVisible = true mSurface.isValid() = true
10-17 00:07:23.200 24677 24677 I SurfaceView@baa0d53: updateSurface: mSurfaceCreated = true surfaceChanged = false visibleChanged = false
10-17 00:07:23.200 24677 24677 V SurfaceView@baa0d53: Layout: x=0 y=-466 w=1080 h=525, frame=Rect(0, 0 - 1080, 525)
10-17 00:07:23.212 24677 24767 D SurfaceView@baa0d53: updateSurfacePosition RenderWorker, frameNr = 675, position = [0, -466, 1080, 59] surfaceSize = 1080x525
10-17 00:07:23.212 24677 24767 I SurfaceView@baa0d53: uSP: rtp = Rect(0, -466 - 1080, 59) rtsw = 1080 rtsh = 525
10-17 00:07:23.212 24677 24767 I SurfaceView@baa0d53: onSSPAndSRT: pl = 0 pt = -466 sx = 1.0 sy = 1.0
10-17 00:07:23.212 24677 24767 I SurfaceView@baa0d53: aOrMT: ViewRootImpl@fd98f5c[MainActivity] t = android.view.SurfaceControl$Transaction@4f03eb1 fN = 675 android.view.SurfaceView.-$$Nest$mapplyOrMergeTransaction:0 android.view.SurfaceView$SurfaceViewPositionUpdateListener.positionChanged:1537 android.graphics.RenderNode$CompositePositionUpdateListener.positionChanged:373 
10-17 00:07:23.212 24677 24767 I ViewRootImpl@fd98f5c[MainActivity]: mWNT: t=0x7adb911800 mBlastBufferQueue=0x7b59a2f400 fn= 675 caller= android.view.SurfaceView.applyOrMergeTransaction:1455 android.view.SurfaceView.-$$Nest$mapplyOrMergeTransaction:0 android.view.SurfaceView$SurfaceViewPositionUpdateListener.positionChanged:1537 
10-17 00:07:23.212 24677 24767 I ViewRootImpl@fd98f5c[MainActivity]: mWNT: t=0x7adbbbba00 mBlastBufferQueue=0x7b59a2f400 fn= 675 caller= android.view.ViewRootImpl.lambda$applyTransactionOnDraw$11$android-view-ViewRootImpl:12865 android.view.ViewRootImpl$$ExternalSyntheticLambda1.onFrameDraw:4 android.graphics.HardwareRenderer$FrameDrawingCallback.onFrameDraw:924 
10-17 00:07:23.215 24677 24677 I SurfaceView@baa0d53: Changes: creating=false format=false size=false visible=false alpha=false hint=false mUseAlpha=false visible=false left=false top=true
10-17 00:07:23.215 24677 24677 I SurfaceView@baa0d53: 195693907 Cur surface: Surface(name=null)/@0x8cc66c
10-17 00:07:23.216 24677 24677 I SurfaceView@baa0d53: applyTransactionOnVriDraw: vri = ViewRootImpl@fd98f5c[MainActivity] fRS = false t = 0x7adbbbbb00 android.view.SurfaceView.performSurfaceTransaction:959 android.view.SurfaceView.updateSurface:1105 android.view.SurfaceView.lambda$new$0$android-view-SurfaceView:200 
10-17 00:07:23.216 24677 24677 I ViewRootImpl@fd98f5c[MainActivity]: applyTransactionOnDraw: mRemoved = false isHardwareEnabled = true t = 0x7adbbbbb00android.view.SurfaceView.applyTransactionOnVriDraw:2048 android.view.SurfaceView.performSurfaceTransaction:959 android.view.SurfaceView.updateSurface:1105 android.view.SurfaceView.lambda$new$0$android-view-SurfaceView:200 android.view.SurfaceView$$ExternalSyntheticLambda5.onPreDraw:2 
10-17 00:07:23.216 24677 24677 I SurfaceView@baa0d53: updateSurface: mVisible = true mSurface.isValid() = true
10-17 00:07:23.216 24677 24677 I SurfaceView@baa0d53: updateSurface: mSurfaceCreated = true surfaceChanged = false visibleChanged = false
10-17 00:07:23.216 24677 24677 V SurfaceView@baa0d53: Layout: x=0 y=-588 w=1080 h=525, frame=Rect(0, 0 - 1080, 525)
10-17 00:07:23.228 24677 24768 D SurfaceView@baa0d53: updateSurfacePosition RenderWorker, frameNr = 676, position = [0, -588, 1080, -63] surfaceSize = 1080x525
10-17 00:07:23.228 24677 24768 I SurfaceView@baa0d53: uSP: rtp = Rect(0, -588 - 1080, -63) rtsw = 1080 rtsh = 525
10-17 00:07:23.228 24677 24768 I SurfaceView@baa0d53: onSSPAndSRT: pl = 0 pt = -588 sx = 1.0 sy = 1.0
10-17 00:07:23.228 24677 24768 I SurfaceView@baa0d53: aOrMT: ViewRootImpl@fd98f5c[MainActivity] t = android.view.SurfaceControl$Transaction@4f03eb1 fN = 676 android.view.SurfaceView.-$$Nest$mapplyOrMergeTransaction:0 android.view.SurfaceView$SurfaceViewPositionUpdateListener.positionChanged:1537 android.graphics.RenderNode$CompositePositionUpdateListener.positionChanged:373 
10-17 00:07:23.228 24677 24768 I ViewRootImpl@fd98f5c[MainActivity]: mWNT: t=0x7adb911800 mBlastBufferQueue=0x7b59a2f400 fn= 676 caller= android.view.SurfaceView.applyOrMergeTransaction:1455 android.view.SurfaceView.-$$Nest$mapplyOrMergeTransaction:0 android.view.SurfaceView$SurfaceViewPositionUpdateListener.positionChanged:1537 
10-17 00:07:23.228 24677 24768 I ViewRootImpl@fd98f5c[MainActivity]: mWNT: t=0x7adbbbbb00 mBlastBufferQueue=0x7b59a2f400 fn= 676 caller= android.view.ViewRootImpl.lambda$applyTransactionOnDraw$11$android-view-ViewRootImpl:12865 android.view.ViewRootImpl$$ExternalSyntheticLambda1.onFrameDraw:4 android.graphics.HardwareRenderer$FrameDrawingCallback.onFrameDraw:924 
10-17 00:07:23.233 24677 24677 I SurfaceView@baa0d53: Changes: creating=false format=false size=false visible=false alpha=false hint=false mUseAlpha=false visible=false left=false top=true
10-17 00:07:23.233 24677 24677 I SurfaceView@baa0d53: 195693907 Cur surface: Surface(name=null)/@0x8cc66c
10-17 00:07:23.233 24677 24677 I SurfaceView@baa0d53: applyTransactionOnVriDraw: vri = ViewRootImpl@fd98f5c[MainActivity] fRS = false t = 0x7adbbbbc00 android.view.SurfaceView.performSurfaceTransaction:959 android.view.SurfaceView.updateSurface:1105 android.view.SurfaceView.lambda$new$0$android-view-SurfaceView:200 
10-17 00:07:23.234 24677 24677 I ViewRootImpl@fd98f5c[MainActivity]: applyTransactionOnDraw: mRemoved = false isHardwareEnabled = true t = 0x7adbbbbc00android.view.SurfaceView.applyTransactionOnVriDraw:2048 android.view.SurfaceView.performSurfaceTransaction:959 android.view.SurfaceView.updateSurface:1105 android.view.SurfaceView.lambda$new$0$android-view-SurfaceView:200 android.view.SurfaceView$$ExternalSyntheticLambda5.onPreDraw:2 
10-17 00:07:23.234 24677 24677 I SurfaceView@baa0d53: updateSurface: mVisible = true mSurface.isValid() = true
10-17 00:07:23.234 24677 24677 I SurfaceView@baa0d53: updateSurface: mSurfaceCreated = true surfaceChanged = false visibleChanged = false
10-17 00:07:23.234 24677 24677 V SurfaceView@baa0d53: Layout: x=0 y=-716 w=1080 h=525, frame=Rect(0, 0 - 1080, 525)
10-17 00:07:23.246 24677 24767 D SurfaceView@baa0d53: updateSurfacePosition RenderWorker, frameNr = 677, position = [0, -716, 1080, -191] surfaceSize = 1080x525
10-17 00:07:23.246 24677 24767 I SurfaceView@baa0d53: uSP: rtp = Rect(0, -716 - 1080, -191) rtsw = 1080 rtsh = 525
10-17 00:07:23.246 24677 24767 I SurfaceView@baa0d53: onSSPAndSRT: pl = 0 pt = -716 sx = 1.0 sy = 1.0
10-17 00:07:23.246 24677 24767 I SurfaceView@baa0d53: aOrMT: ViewRootImpl@fd98f5c[MainActivity] t = android.view.SurfaceControl$Transaction@4f03eb1 fN = 677 android.view.SurfaceView.-$$Nest$mapplyOrMergeTransaction:0 android.view.SurfaceView$SurfaceViewPositionUpdateListener.positionChanged:1537 android.graphics.RenderNode$CompositePositionUpdateListener.positionChanged:373 
10-17 00:07:23.246 24677 24767 I ViewRootImpl@fd98f5c[MainActivity]: mWNT: t=0x7adb911800 mBlastBufferQueue=0x7b59a2f400 fn= 677 caller= android.view.SurfaceView.applyOrMergeTransaction:1455 android.view.SurfaceView.-$$Nest$mapplyOrMergeTransaction:0 android.view.SurfaceView$SurfaceViewPositionUpdateListener.positionChanged:1537 
10-17 00:07:23.246 24677 24767 I ViewRootImpl@fd98f5c[MainActivity]: mWNT: t=0x7adbbbbc00 mBlastBufferQueue=0x7b59a2f400 fn= 677 caller= android.view.ViewRootImpl.lambda$applyTransactionOnDraw$11$android-view-ViewRootImpl:12865 android.view.ViewRootImpl$$ExternalSyntheticLambda1.onFrameDraw:4 android.graphics.HardwareRenderer$FrameDrawingCallback.onFrameDraw:924 
10-17 00:07:23.249 24677 24677 I SurfaceView@baa0d53: Changes: creating=false format=false size=false visible=false alpha=false hint=false mUseAlpha=false visible=false left=false top=true
10-17 00:07:23.249 24677 24677 I SurfaceView@baa0d53: 195693907 Cur surface: Surface(name=null)/@0x8cc66c
10-17 00:07:23.249 24677 24677 I SurfaceView@baa0d53: applyTransactionOnVriDraw: vri = ViewRootImpl@fd98f5c[MainActivity] fRS = false t = 0x7adbbbbd00 android.view.SurfaceView.performSurfaceTransaction:959 android.view.SurfaceView.updateSurface:1105 android.view.SurfaceView.lambda$new$0$android-view-SurfaceView:200 
10-17 00:07:23.250 24677 24677 I ViewRootImpl@fd98f5c[MainActivity]: applyTransactionOnDraw: mRemoved = false isHardwareEnabled = true t = 0x7adbbbbd00android.view.SurfaceView.applyTransactionOnVriDraw:2048 android.view.SurfaceView.performSurfaceTransaction:959 android.view.SurfaceView.updateSurface:1105 android.view.SurfaceView.lambda$new$0$android-view-SurfaceView:200 android.view.SurfaceView$$ExternalSyntheticLambda5.onPreDraw:2 
10-17 00:07:23.250 24677 24677 I SurfaceView@baa0d53: updateSurface: mVisible = true mSurface.isValid() = true
10-17 00:07:23.250 24677 24677 I SurfaceView@baa0d53: updateSurface: mSurfaceCreated = true surfaceChanged = false visibleChanged = false
10-17 00:07:23.250 24677 24677 V SurfaceView@baa0d53: Layout: x=0 y=-834 w=1080 h=525, frame=Rect(0, 0 - 1080, 525)
10-17 00:07:23.265 24677 24768 D SurfaceView@baa0d53: updateSurfacePosition RenderWorker, frameNr = 678, position = [0, -834, 1080, -309] surfaceSize = 1080x525
10-17 00:07:23.265 24677 24768 I SurfaceView@baa0d53: uSP: rtp = Rect(0, -834 - 1080, -309) rtsw = 1080 rtsh = 525
10-17 00:07:23.265 24677 24768 I SurfaceView@baa0d53: onSSPAndSRT: pl = 0 pt = -834 sx = 1.0 sy = 1.0
10-17 00:07:23.265 24677 24768 I SurfaceView@baa0d53: aOrMT: ViewRootImpl@fd98f5c[MainActivity] t = android.view.SurfaceControl$Transaction@4f03eb1 fN = 678 android.view.SurfaceView.-$$Nest$mapplyOrMergeTransaction:0 android.view.SurfaceView$SurfaceViewPositionUpdateListener.positionChanged:1537 android.graphics.RenderNode$CompositePositionUpdateListener.positionChanged:373 
10-17 00:07:23.265 24677 24768 I ViewRootImpl@fd98f5c[MainActivity]: mWNT: t=0x7adb911800 mBlastBufferQueue=0x7b59a2f400 fn= 678 caller= android.view.SurfaceView.applyOrMergeTransaction:1455 android.view.SurfaceView.-$$Nest$mapplyOrMergeTransaction:0 android.view.SurfaceView$SurfaceViewPositionUpdateListener.positionChanged:1537 
10-17 00:07:23.266 24677 24768 I ViewRootImpl@fd98f5c[MainActivity]: mWNT: t=0x7adbbbbd00 mBlastBufferQueue=0x7b59a2f400 fn= 678 caller= android.view.ViewRootImpl.lambda$applyTransactionOnDraw$11$android-view-ViewRootImpl:12865 android.view.ViewRootImpl$$ExternalSyntheticLambda1.onFrameDraw:4 android.graphics.HardwareRenderer$FrameDrawingCallback.onFrameDraw:924 
10-17 00:07:23.269 24677 24677 I SurfaceView@baa0d53: Changes: creating=false format=false size=false visible=false alpha=false hint=false mUseAlpha=false visible=false left=false top=true
10-17 00:07:23.270 24677 24677 I SurfaceView@baa0d53: 195693907 Cur surface: Surface(name=null)/@0x8cc66c
10-17 00:07:23.270 24677 24677 I SurfaceView@baa0d53: applyTransactionOnVriDraw: vri = ViewRootImpl@fd98f5c[MainActivity] fRS = false t = 0x7adbbbbe00 android.view.SurfaceView.performSurfaceTransaction:959 android.view.SurfaceView.updateSurface:1105 android.view.SurfaceView.lambda$new$0$android-view-SurfaceView:200 
10-17 00:07:23.270 24677 24677 I ViewRootImpl@fd98f5c[MainActivity]: applyTransactionOnDraw: mRemoved = false isHardwareEnabled = true t = 0x7adbbbbe00android.view.SurfaceView.applyTransactionOnVriDraw:2048 android.view.SurfaceView.performSurfaceTransaction:959 android.view.SurfaceView.updateSurface:1105 android.view.SurfaceView.lambda$new$0$android-view-SurfaceView:200 android.view.SurfaceView$$ExternalSyntheticLambda5.onPreDraw:2 
10-17 00:07:23.270 24677 24677 I SurfaceView@baa0d53: updateSurface: mVisible = true mSurface.isValid() = true
10-17 00:07:23.270 24677 24677 I SurfaceView@baa0d53: updateSurface: mSurfaceCreated = true surfaceChanged = false visibleChanged = false
10-17 00:07:23.271 24677 24677 V SurfaceView@baa0d53: Layout: x=0 y=-957 w=1080 h=525, frame=Rect(0, 0 - 1080, 525)
10-17 00:07:23.282 24677 24767 D SurfaceView@baa0d53: updateSurfacePosition RenderWorker, frameNr = 679, position = [0, -957, 1080, -432] surfaceSize = 1080x525
10-17 00:07:23.282 24677 24767 I SurfaceView@baa0d53: uSP: rtp = Rect(0, -957 - 1080, -432) rtsw = 1080 rtsh = 525
10-17 00:07:23.282 24677 24767 I SurfaceView@baa0d53: onSSPAndSRT: pl = 0 pt = -957 sx = 1.0 sy = 1.0
10-17 00:07:23.283 24677 24767 I SurfaceView@baa0d53: aOrMT: ViewRootImpl@fd98f5c[MainActivity] t = android.view.SurfaceControl$Transaction@4f03eb1 fN = 679 android.view.SurfaceView.-$$Nest$mapplyOrMergeTransaction:0 android.view.SurfaceView$SurfaceViewPositionUpdateListener.positionChanged:1537 android.graphics.RenderNode$CompositePositionUpdateListener.positionChanged:373 
10-17 00:07:23.283 24677 24767 I ViewRootImpl@fd98f5c[MainActivity]: mWNT: t=0x7adb911800 mBlastBufferQueue=0x7b59a2f400 fn= 679 caller= android.view.SurfaceView.applyOrMergeTransaction:1455 android.view.SurfaceView.-$$Nest$mapplyOrMergeTransaction:0 android.view.SurfaceView$SurfaceViewPositionUpdateListener.positionChanged:1537 
10-17 00:07:23.283 24677 24767 I ViewRootImpl@fd98f5c[MainActivity]: mWNT: t=0x7adbbbbe00 mBlastBufferQueue=0x7b59a2f400 fn= 679 caller= android.view.ViewRootImpl.lambda$applyTransactionOnDraw$11$android-view-ViewRootImpl:12865 android.view.ViewRootImpl$$ExternalSyntheticLambda1.onFrameDraw:4 android.graphics.HardwareRenderer$FrameDrawingCallback.onFrameDraw:924 
10-17 00:07:23.287 24677 24677 I SurfaceView@baa0d53: Changes: creating=false format=false size=false visible=false alpha=false hint=false mUseAlpha=false visible=false left=false top=true
10-17 00:07:23.287 24677 24677 I SurfaceView@baa0d53: 195693907 Cur surface: Surface(name=null)/@0x8cc66c
10-17 00:07:23.287 24677 24677 I SurfaceView@baa0d53: applyTransactionOnVriDraw: vri = ViewRootImpl@fd98f5c[MainActivity] fRS = false t = 0x7adbbbbf00 android.view.SurfaceView.performSurfaceTransaction:959 android.view.SurfaceView.updateSurface:1105 android.view.SurfaceView.lambda$new$0$android-view-SurfaceView:200 
10-17 00:07:23.287 24677 24677 I ViewRootImpl@fd98f5c[MainActivity]: applyTransactionOnDraw: mRemoved = false isHardwareEnabled = true t = 0x7adbbbbf00android.view.SurfaceView.applyTransactionOnVriDraw:2048 android.view.SurfaceView.performSurfaceTransaction:959 android.view.SurfaceView.updateSurface:1105 android.view.SurfaceView.lambda$new$0$android-view-SurfaceView:200 android.view.SurfaceView$$ExternalSyntheticLambda5.onPreDraw:2 
10-17 00:07:23.287 24677 24677 I SurfaceView@baa0d53: updateSurface: mVisible = true mSurface.isValid() = true
10-17 00:07:23.288 24677 24677 I SurfaceView@baa0d53: updateSurface: mSurfaceCreated = true surfaceChanged = false visibleChanged = false
10-17 00:07:23.288 24677 24677 V SurfaceView@baa0d53: Layout: x=0 y=-1074 w=1080 h=525, frame=Rect(0, 0 - 1080, 525)
10-17 00:07:23.297 24677 24768 D SurfaceView@baa0d53: updateSurfacePosition RenderWorker, frameNr = 680, position = [0, -1074, 1080, -549] surfaceSize = 1080x525
10-17 00:07:23.297 24677 24768 I SurfaceView@baa0d53: uSP: rtp = Rect(0, -1074 - 1080, -549) rtsw = 1080 rtsh = 525
10-17 00:07:23.297 24677 24768 I SurfaceView@baa0d53: onSSPAndSRT: pl = 0 pt = -1074 sx = 1.0 sy = 1.0
10-17 00:07:23.297 24677 24768 I SurfaceView@baa0d53: aOrMT: ViewRootImpl@fd98f5c[MainActivity] t = android.view.SurfaceControl$Transaction@4f03eb1 fN = 680 android.view.SurfaceView.-$$Nest$mapplyOrMergeTransaction:0 android.view.SurfaceView$SurfaceViewPositionUpdateListener.positionChanged:1537 android.graphics.RenderNode$CompositePositionUpdateListener.positionChanged:373 
10-17 00:07:23.298 24677 24768 I ViewRootImpl@fd98f5c[MainActivity]: mWNT: t=0x7adb911800 mBlastBufferQueue=0x7b59a2f400 fn= 680 caller= android.view.SurfaceView.applyOrMergeTransaction:1455 android.view.SurfaceView.-$$Nest$mapplyOrMergeTransaction:0 android.view.SurfaceView$SurfaceViewPositionUpdateListener.positionChanged:1537 
10-17 00:07:23.298 24677 24768 I ViewRootImpl@fd98f5c[MainActivity]: mWNT: t=0x7adbbbbf00 mBlastBufferQueue=0x7b59a2f400 fn= 680 caller= android.view.ViewRootImpl.lambda$applyTransactionOnDraw$11$android-view-ViewRootImpl:12865 android.view.ViewRootImpl$$ExternalSyntheticLambda1.onFrameDraw:4 android.graphics.HardwareRenderer$FrameDrawingCallback.onFrameDraw:924 
10-17 00:07:23.301 24677 24677 I SurfaceView@baa0d53: Changes: creating=false format=false size=false visible=false alpha=false hint=false mUseAlpha=false visible=false left=false top=true
10-17 00:07:23.301 24677 24677 I SurfaceView@baa0d53: 195693907 Cur surface: Surface(name=null)/@0x8cc66c
10-17 00:07:23.301 24677 24677 I SurfaceView@baa0d53: applyTransactionOnVriDraw: vri = ViewRootImpl@fd98f5c[MainActivity] fRS = false t = 0x7b2765f000 android.view.SurfaceView.performSurfaceTransaction:959 android.view.SurfaceView.updateSurface:1105 android.view.SurfaceView.lambda$new$0$android-view-SurfaceView:200 
10-17 00:07:23.301 24677 24677 I ViewRootImpl@fd98f5c[MainActivity]: applyTransactionOnDraw: mRemoved = false isHardwareEnabled = true t = 0x7b2765f000android.view.SurfaceView.applyTransactionOnVriDraw:2048 android.view.SurfaceView.performSurfaceTransaction:959 android.view.SurfaceView.updateSurface:1105 android.view.SurfaceView.lambda$new$0$android-view-SurfaceView:200 android.view.SurfaceView$$ExternalSyntheticLambda5.onPreDraw:2 
10-17 00:07:23.302 24677 24677 I SurfaceView@baa0d53: updateSurface: mVisible = true mSurface.isValid() = true
10-17 00:07:23.302 24677 24677 I SurfaceView@baa0d53: updateSurface: mSurfaceCreated = true surfaceChanged = false visibleChanged = false
10-17 00:07:23.302 24677 24677 V SurfaceView@baa0d53: Layout: x=0 y=-1182 w=1080 h=525, frame=Rect(0, 0 - 1080, 525)
10-17 00:07:23.313 24677 24767 D SurfaceView@baa0d53: updateSurfacePosition RenderWorker, frameNr = 681, position = [0, -1182, 1080, -657] surfaceSize = 1080x525
10-17 00:07:23.313 24677 24767 I SurfaceView@baa0d53: uSP: rtp = Rect(0, -1182 - 1080, -657) rtsw = 1080 rtsh = 525
10-17 00:07:23.313 24677 24767 I SurfaceView@baa0d53: onSSPAndSRT: pl = 0 pt = -1182 sx = 1.0 sy = 1.0
10-17 00:07:23.313 24677 24767 I SurfaceView@baa0d53: aOrMT: ViewRootImpl@fd98f5c[MainActivity] t = android.view.SurfaceControl$Transaction@4f03eb1 fN = 681 android.view.SurfaceView.-$$Nest$mapplyOrMergeTransaction:0 android.view.SurfaceView$SurfaceViewPositionUpdateListener.positionChanged:1537 android.graphics.RenderNode$CompositePositionUpdateListener.positionChanged:373 
10-17 00:07:23.314 24677 24767 I ViewRootImpl@fd98f5c[MainActivity]: mWNT: t=0x7adb911800 mBlastBufferQueue=0x7b59a2f400 fn= 681 caller= android.view.SurfaceView.applyOrMergeTransaction:1455 android.view.SurfaceView.-$$Nest$mapplyOrMergeTransaction:0 android.view.SurfaceView$SurfaceViewPositionUpdateListener.positionChanged:1537 
10-17 00:07:23.314 24677 24767 I ViewRootImpl@fd98f5c[MainActivity]: mWNT: t=0x7b2765f000 mBlastBufferQueue=0x7b59a2f400 fn= 681 caller= android.view.ViewRootImpl.lambda$applyTransactionOnDraw$11$android-view-ViewRootImpl:12865 android.view.ViewRootImpl$$ExternalSyntheticLambda1.onFrameDraw:4 android.graphics.HardwareRenderer$FrameDrawingCallback.onFrameDraw:924 
10-17 00:07:23.317 24677 24677 I SurfaceView@baa0d53: Changes: creating=false format=false size=false visible=false alpha=false hint=false mUseAlpha=false visible=false left=false top=true
10-17 00:07:23.318 24677 24677 I SurfaceView@baa0d53: 195693907 Cur surface: Surface(name=null)/@0x8cc66c
10-17 00:07:23.318 24677 24677 I SurfaceView@baa0d53: applyTransactionOnVriDraw: vri = ViewRootImpl@fd98f5c[MainActivity] fRS = false t = 0x7b2765f100 android.view.SurfaceView.performSurfaceTransaction:959 android.view.SurfaceView.updateSurface:1105 android.view.SurfaceView.lambda$new$0$android-view-SurfaceView:200 
10-17 00:07:23.318 24677 24677 I ViewRootImpl@fd98f5c[MainActivity]: applyTransactionOnDraw: mRemoved = false isHardwareEnabled = true t = 0x7b2765f100android.view.SurfaceView.applyTransactionOnVriDraw:2048 android.view.SurfaceView.performSurfaceTransaction:959 android.view.SurfaceView.updateSurface:1105 android.view.SurfaceView.lambda$new$0$android-view-SurfaceView:200 android.view.SurfaceView$$ExternalSyntheticLambda5.onPreDraw:2 
10-17 00:07:23.318 24677 24677 I SurfaceView@baa0d53: updateSurface: mVisible = true mSurface.isValid() = true
10-17 00:07:23.318 24677 24677 I SurfaceView@baa0d53: updateSurface: mSurfaceCreated = true surfaceChanged = false visibleChanged = false
10-17 00:07:23.319 24677 24677 V SurfaceView@baa0d53: Layout: x=0 y=-1293 w=1080 h=525, frame=Rect(0, 0 - 1080, 525)
10-17 00:07:23.331 24677 24768 D SurfaceView@baa0d53: updateSurfacePosition RenderWorker, frameNr = 682, position = [0, -1293, 1080, -768] surfaceSize = 1080x525
10-17 00:07:23.331 24677 24768 I SurfaceView@baa0d53: uSP: rtp = Rect(0, -1293 - 1080, -768) rtsw = 1080 rtsh = 525
10-17 00:07:23.331 24677 24768 I SurfaceView@baa0d53: onSSPAndSRT: pl = 0 pt = -1293 sx = 1.0 sy = 1.0
10-17 00:07:23.331 24677 24768 I SurfaceView@baa0d53: aOrMT: ViewRootImpl@fd98f5c[MainActivity] t = android.view.SurfaceControl$Transaction@4f03eb1 fN = 682 android.view.SurfaceView.-$$Nest$mapplyOrMergeTransaction:0 android.view.SurfaceView$SurfaceViewPositionUpdateListener.positionChanged:1537 android.graphics.RenderNode$CompositePositionUpdateListener.positionChanged:373 
10-17 00:07:23.331 24677 24768 I ViewRootImpl@fd98f5c[MainActivity]: mWNT: t=0x7adb911800 mBlastBufferQueue=0x7b59a2f400 fn= 682 caller= android.view.SurfaceView.applyOrMergeTransaction:1455 android.view.SurfaceView.-$$Nest$mapplyOrMergeTransaction:0 android.view.SurfaceView$SurfaceViewPositionUpdateListener.positionChanged:1537 
10-17 00:07:23.332 24677 24768 I ViewRootImpl@fd98f5c[MainActivity]: mWNT: t=0x7b2765f100 mBlastBufferQueue=0x7b59a2f400 fn= 682 caller= android.view.ViewRootImpl.lambda$applyTransactionOnDraw$11$android-view-ViewRootImpl:12865 android.view.ViewRootImpl$$ExternalSyntheticLambda1.onFrameDraw:4 android.graphics.HardwareRenderer$FrameDrawingCallback.onFrameDraw:924 
10-17 00:07:23.335 24677 24677 I SurfaceView@baa0d53: Changes: creating=false format=false size=false visible=false alpha=false hint=false mUseAlpha=false visible=false left=false top=true
10-17 00:07:23.335 24677 24677 I SurfaceView@baa0d53: 195693907 Cur surface: Surface(name=null)/@0x8cc66c
10-17 00:07:23.336 24677 24677 I SurfaceView@baa0d53: applyTransactionOnVriDraw: vri = ViewRootImpl@fd98f5c[MainActivity] fRS = false t = 0x7b2765f200 android.view.SurfaceView.performSurfaceTransaction:959 android.view.SurfaceView.updateSurface:1105 android.view.SurfaceView.lambda$new$0$android-view-SurfaceView:200 
10-17 00:07:23.336 24677 24677 I ViewRootImpl@fd98f5c[MainActivity]: applyTransactionOnDraw: mRemoved = false isHardwareEnabled = true t = 0x7b2765f200android.view.SurfaceView.applyTransactionOnVriDraw:2048 android.view.SurfaceView.performSurfaceTransaction:959 android.view.SurfaceView.updateSurface:1105 android.view.SurfaceView.lambda$new$0$android-view-SurfaceView:200 android.view.SurfaceView$$ExternalSyntheticLambda5.onPreDraw:2 
10-17 00:07:23.336 24677 24677 I SurfaceView@baa0d53: updateSurface: mVisible = true mSurface.isValid() = true
10-17 00:07:23.336 24677 24677 I SurfaceView@baa0d53: updateSurface: mSurfaceCreated = true surfaceChanged = false visibleChanged = false
10-17 00:07:23.336 24677 24677 V SurfaceView@baa0d53: Layout: x=0 y=-1400 w=1080 h=525, frame=Rect(0, 0 - 1080, 525)
10-17 00:07:23.348 24677 24767 D SurfaceView@baa0d53: updateSurfacePosition RenderWorker, frameNr = 683, position = [0, -1400, 1080, -875] surfaceSize = 1080x525
10-17 00:07:23.348 24677 24767 I SurfaceView@baa0d53: uSP: rtp = Rect(0, -1400 - 1080, -875) rtsw = 1080 rtsh = 525
10-17 00:07:23.348 24677 24767 I SurfaceView@baa0d53: onSSPAndSRT: pl = 0 pt = -1400 sx = 1.0 sy = 1.0
10-17 00:07:23.348 24677 24767 I SurfaceView@baa0d53: aOrMT: ViewRootImpl@fd98f5c[MainActivity] t = android.view.SurfaceControl$Transaction@4f03eb1 fN = 683 android.view.SurfaceView.-$$Nest$mapplyOrMergeTransaction:0 android.view.SurfaceView$SurfaceViewPositionUpdateListener.positionChanged:1537 android.graphics.RenderNode$CompositePositionUpdateListener.positionChanged:373 
10-17 00:07:23.348 24677 24767 I ViewRootImpl@fd98f5c[MainActivity]: mWNT: t=0x7adb911800 mBlastBufferQueue=0x7b59a2f400 fn= 683 caller= android.view.SurfaceView.applyOrMergeTransaction:1455 android.view.SurfaceView.-$$Nest$mapplyOrMergeTransaction:0 android.view.SurfaceView$SurfaceViewPositionUpdateListener.positionChanged:1537 
10-17 00:07:23.348 24677 24767 I ViewRootImpl@fd98f5c[MainActivity]: mWNT: t=0x7b2765f200 mBlastBufferQueue=0x7b59a2f400 fn= 683 caller= android.view.ViewRootImpl.lambda$applyTransactionOnDraw$11$android-view-ViewRootImpl:12865 android.view.ViewRootImpl$$ExternalSyntheticLambda1.onFrameDraw:4 android.graphics.HardwareRenderer$FrameDrawingCallback.onFrameDraw:924 
10-17 00:07:23.352 24677 24677 I SurfaceView@baa0d53: Changes: creating=false format=false size=false visible=false alpha=false hint=false mUseAlpha=false visible=false left=false top=true
10-17 00:07:23.352 24677 24677 I SurfaceView@baa0d53: 195693907 Cur surface: Surface(name=null)/@0x8cc66c
10-17 00:07:23.352 24677 24677 I SurfaceView@baa0d53: applyTransactionOnVriDraw: vri = ViewRootImpl@fd98f5c[MainActivity] fRS = false t = 0x7b2765f300 android.view.SurfaceView.performSurfaceTransaction:959 android.view.SurfaceView.updateSurface:1105 android.view.SurfaceView.lambda$new$0$android-view-SurfaceView:200 
10-17 00:07:23.353 24677 24677 I ViewRootImpl@fd98f5c[MainActivity]: applyTransactionOnDraw: mRemoved = false isHardwareEnabled = true t = 0x7b2765f300android.view.SurfaceView.applyTransactionOnVriDraw:2048 android.view.SurfaceView.performSurfaceTransaction:959 android.view.SurfaceView.updateSurface:1105 android.view.SurfaceView.lambda$new$0$android-view-SurfaceView:200 android.view.SurfaceView$$ExternalSyntheticLambda5.onPreDraw:2 
10-17 00:07:23.353 24677 24677 I SurfaceView@baa0d53: updateSurface: mVisible = true mSurface.isValid() = true
10-17 00:07:23.353 24677 24677 I SurfaceView@baa0d53: updateSurface: mSurfaceCreated = true surfaceChanged = false visibleChanged = false
10-17 00:07:23.353 24677 24677 V SurfaceView@baa0d53: Layout: x=0 y=-1497 w=1080 h=525, frame=Rect(0, 0 - 1080, 525)
10-17 00:07:23.362 24677 24768 D SurfaceView@baa0d53: updateSurfacePosition RenderWorker, frameNr = 684, position = [0, -1497, 1080, -972] surfaceSize = 1080x525
10-17 00:07:23.362 24677 24768 I SurfaceView@baa0d53: uSP: rtp = Rect(0, -1497 - 1080, -972) rtsw = 1080 rtsh = 525
10-17 00:07:23.362 24677 24768 I SurfaceView@baa0d53: onSSPAndSRT: pl = 0 pt = -1497 sx = 1.0 sy = 1.0
10-17 00:07:23.362 24677 24768 I SurfaceView@baa0d53: aOrMT: ViewRootImpl@fd98f5c[MainActivity] t = android.view.SurfaceControl$Transaction@4f03eb1 fN = 684 android.view.SurfaceView.-$$Nest$mapplyOrMergeTransaction:0 android.view.SurfaceView$SurfaceViewPositionUpdateListener.positionChanged:1537 android.graphics.RenderNode$CompositePositionUpdateListener.positionChanged:373 
10-17 00:07:23.362 24677 24768 I ViewRootImpl@fd98f5c[MainActivity]: mWNT: t=0x7adb911800 mBlastBufferQueue=0x7b59a2f400 fn= 684 caller= android.view.SurfaceView.applyOrMergeTransaction:1455 android.view.SurfaceView.-$$Nest$mapplyOrMergeTransaction:0 android.view.SurfaceView$SurfaceViewPositionUpdateListener.positionChanged:1537 
10-17 00:07:23.362 24677 24768 I ViewRootImpl@fd98f5c[MainActivity]: mWNT: t=0x7b2765f300 mBlastBufferQueue=0x7b59a2f400 fn= 684 caller= android.view.ViewRootImpl.lambda$applyTransactionOnDraw$11$android-view-ViewRootImpl:12865 android.view.ViewRootImpl$$ExternalSyntheticLambda1.onFrameDraw:4 android.graphics.HardwareRenderer$FrameDrawingCallback.onFrameDraw:924 
10-17 00:07:23.366 24677 24677 I SurfaceView@baa0d53: Changes: creating=false format=false size=false visible=false alpha=false hint=false mUseAlpha=false visible=false left=false top=true
10-17 00:07:23.366 24677 24677 I SurfaceView@baa0d53: 195693907 Cur surface: Surface(name=null)/@0x8cc66c
10-17 00:07:23.367 24677 24677 I SurfaceView@baa0d53: applyTransactionOnVriDraw: vri = ViewRootImpl@fd98f5c[MainActivity] fRS = false t = 0x7b2765f400 android.view.SurfaceView.performSurfaceTransaction:959 android.view.SurfaceView.updateSurface:1105 android.view.SurfaceView.lambda$new$0$android-view-SurfaceView:200 
10-17 00:07:23.367 24677 24677 I ViewRootImpl@fd98f5c[MainActivity]: applyTransactionOnDraw: mRemoved = false isHardwareEnabled = true t = 0x7b2765f400android.view.SurfaceView.applyTransactionOnVriDraw:2048 android.view.SurfaceView.performSurfaceTransaction:959 android.view.SurfaceView.updateSurface:1105 android.view.SurfaceView.lambda$new$0$android-view-SurfaceView:200 android.view.SurfaceView$$ExternalSyntheticLambda5.onPreDraw:2 
10-17 00:07:23.367 24677 24677 I SurfaceView@baa0d53: updateSurface: mVisible = true mSurface.isValid() = true
10-17 00:07:23.367 24677 24677 I SurfaceView@baa0d53: updateSurface: mSurfaceCreated = true surfaceChanged = false visibleChanged = false
10-17 00:07:23.367 24677 24677 V SurfaceView@baa0d53: Layout: x=0 y=-1596 w=1080 h=525, frame=Rect(0, 0 - 1080, 525)
10-17 00:07:23.378 24677 24767 D SurfaceView@baa0d53: updateSurfacePosition RenderWorker, frameNr = 685, position = [0, -1596, 1080, -1071] surfaceSize = 1080x525
10-17 00:07:23.378 24677 24767 I SurfaceView@baa0d53: uSP: rtp = Rect(0, -1596 - 1080, -1071) rtsw = 1080 rtsh = 525
10-17 00:07:23.378 24677 24767 I SurfaceView@baa0d53: onSSPAndSRT: pl = 0 pt = -1596 sx = 1.0 sy = 1.0
10-17 00:07:23.378 24677 24767 I SurfaceView@baa0d53: aOrMT: ViewRootImpl@fd98f5c[MainActivity] t = android.view.SurfaceControl$Transaction@4f03eb1 fN = 685 android.view.SurfaceView.-$$Nest$mapplyOrMergeTransaction:0 android.view.SurfaceView$SurfaceViewPositionUpdateListener.positionChanged:1537 android.graphics.RenderNode$CompositePositionUpdateListener.positionChanged:373 
10-17 00:07:23.378 24677 24767 I ViewRootImpl@fd98f5c[MainActivity]: mWNT: t=0x7adb911800 mBlastBufferQueue=0x7b59a2f400 fn= 685 caller= android.view.SurfaceView.applyOrMergeTransaction:1455 android.view.SurfaceView.-$$Nest$mapplyOrMergeTransaction:0 android.view.SurfaceView$SurfaceViewPositionUpdateListener.positionChanged:1537 
10-17 00:07:23.379 24677 24767 I ViewRootImpl@fd98f5c[MainActivity]: mWNT: t=0x7b2765f400 mBlastBufferQueue=0x7b59a2f400 fn= 685 caller= android.view.ViewRootImpl.lambda$applyTransactionOnDraw$11$android-view-ViewRootImpl:12865 android.view.ViewRootImpl$$ExternalSyntheticLambda1.onFrameDraw:4 android.graphics.HardwareRenderer$FrameDrawingCallback.onFrameDraw:924 
10-17 00:07:23.382 24677 24677 I SurfaceView@baa0d53: Changes: creating=false format=false size=false visible=false alpha=false hint=false mUseAlpha=false visible=false left=false top=true
10-17 00:07:23.382 24677 24677 I SurfaceView@baa0d53: 195693907 Cur surface: Surface(name=null)/@0x8cc66c
10-17 00:07:23.382 24677 24677 I SurfaceView@baa0d53: applyTransactionOnVriDraw: vri = ViewRootImpl@fd98f5c[MainActivity] fRS = false t = 0x7b2765f500 android.view.SurfaceView.performSurfaceTransaction:959 android.view.SurfaceView.updateSurface:1105 android.view.SurfaceView.lambda$new$0$android-view-SurfaceView:200 
10-17 00:07:23.382 24677 24677 I ViewRootImpl@fd98f5c[MainActivity]: applyTransactionOnDraw: mRemoved = false isHardwareEnabled = true t = 0x7b2765f500android.view.SurfaceView.applyTransactionOnVriDraw:2048 android.view.SurfaceView.performSurfaceTransaction:959 android.view.SurfaceView.updateSurface:1105 android.view.SurfaceView.lambda$new$0$android-view-SurfaceView:200 android.view.SurfaceView$$ExternalSyntheticLambda5.onPreDraw:2 
10-17 00:07:23.382 24677 24677 I SurfaceView@baa0d53: updateSurface: mVisible = true mSurface.isValid() = true
10-17 00:07:23.382 24677 24677 I SurfaceView@baa0d53: updateSurface: mSurfaceCreated = true surfaceChanged = false visibleChanged = false
10-17 00:07:23.382 24677 24677 V SurfaceView@baa0d53: Layout: x=0 y=-1686 w=1080 h=525, frame=Rect(0, 0 - 1080, 525)
10-17 00:07:23.394 24677 24768 D SurfaceView@baa0d53: updateSurfacePosition RenderWorker, frameNr = 686, position = [0, -1686, 1080, -1161] surfaceSize = 1080x525
10-17 00:07:23.394 24677 24768 I SurfaceView@baa0d53: uSP: rtp = Rect(0, -1686 - 1080, -1161) rtsw = 1080 rtsh = 525
10-17 00:07:23.394 24677 24768 I SurfaceView@baa0d53: onSSPAndSRT: pl = 0 pt = -1686 sx = 1.0 sy = 1.0
10-17 00:07:23.394 24677 24768 I SurfaceView@baa0d53: aOrMT: ViewRootImpl@fd98f5c[MainActivity] t = android.view.SurfaceControl$Transaction@4f03eb1 fN = 686 android.view.SurfaceView.-$$Nest$mapplyOrMergeTransaction:0 android.view.SurfaceView$SurfaceViewPositionUpdateListener.positionChanged:1537 android.graphics.RenderNode$CompositePositionUpdateListener.positionChanged:373 
10-17 00:07:23.395 24677 24768 I ViewRootImpl@fd98f5c[MainActivity]: mWNT: t=0x7adb911800 mBlastBufferQueue=0x7b59a2f400 fn= 686 caller= android.view.SurfaceView.applyOrMergeTransaction:1455 android.view.SurfaceView.-$$Nest$mapplyOrMergeTransaction:0 android.view.SurfaceView$SurfaceViewPositionUpdateListener.positionChanged:1537 
10-17 00:07:23.395 24677 24768 I ViewRootImpl@fd98f5c[MainActivity]: mWNT: t=0x7b2765f500 mBlastBufferQueue=0x7b59a2f400 fn= 686 caller= android.view.ViewRootImpl.lambda$applyTransactionOnDraw$11$android-view-ViewRootImpl:12865 android.view.ViewRootImpl$$ExternalSyntheticLambda1.onFrameDraw:4 android.graphics.HardwareRenderer$FrameDrawingCallback.onFrameDraw:924 
10-17 00:07:23.399 24677 24677 I SurfaceView@baa0d53: Changes: creating=false format=false size=false visible=false alpha=false hint=false mUseAlpha=false visible=false left=false top=true
10-17 00:07:23.399 24677 24677 I SurfaceView@baa0d53: 195693907 Cur surface: Surface(name=null)/@0x8cc66c
10-17 00:07:23.400 24677 24677 I SurfaceView@baa0d53: applyTransactionOnVriDraw: vri = ViewRootImpl@fd98f5c[MainActivity] fRS = false t = 0x7b2765f700 android.view.SurfaceView.performSurfaceTransaction:959 android.view.SurfaceView.updateSurface:1105 android.view.SurfaceView.lambda$new$0$android-view-SurfaceView:200 
10-17 00:07:23.400 24677 24677 I ViewRootImpl@fd98f5c[MainActivity]: applyTransactionOnDraw: mRemoved = false isHardwareEnabled = true t = 0x7b2765f700android.view.SurfaceView.applyTransactionOnVriDraw:2048 android.view.SurfaceView.performSurfaceTransaction:959 android.view.SurfaceView.updateSurface:1105 android.view.SurfaceView.lambda$new$0$android-view-SurfaceView:200 android.view.SurfaceView$$ExternalSyntheticLambda5.onPreDraw:2 
10-17 00:07:23.400 24677 24677 I SurfaceView@baa0d53: updateSurface: mVisible = true mSurface.isValid() = true
10-17 00:07:23.400 24677 24677 I SurfaceView@baa0d53: updateSurface: mSurfaceCreated = true surfaceChanged = false visibleChanged = false
10-17 00:07:23.400 24677 24677 V SurfaceView@baa0d53: Layout: x=0 y=-1778 w=1080 h=525, frame=Rect(0, 0 - 1080, 525)
10-17 00:07:23.412 24677 24767 D SurfaceView@baa0d53: updateSurfacePosition RenderWorker, frameNr = 687, position = [0, -1778, 1080, -1253] surfaceSize = 1080x525
10-17 00:07:23.412 24677 24767 I SurfaceView@baa0d53: uSP: rtp = Rect(0, -1778 - 1080, -1253) rtsw = 1080 rtsh = 525
10-17 00:07:23.412 24677 24767 I SurfaceView@baa0d53: onSSPAndSRT: pl = 0 pt = -1778 sx = 1.0 sy = 1.0
10-17 00:07:23.412 24677 24767 I SurfaceView@baa0d53: aOrMT: ViewRootImpl@fd98f5c[MainActivity] t = android.view.SurfaceControl$Transaction@4f03eb1 fN = 687 android.view.SurfaceView.-$$Nest$mapplyOrMergeTransaction:0 android.view.SurfaceView$SurfaceViewPositionUpdateListener.positionChanged:1537 android.graphics.RenderNode$CompositePositionUpdateListener.positionChanged:373 
10-17 00:07:23.412 24677 24767 I ViewRootImpl@fd98f5c[MainActivity]: mWNT: t=0x7adb911800 mBlastBufferQueue=0x7b59a2f400 fn= 687 caller= android.view.SurfaceView.applyOrMergeTransaction:1455 android.view.SurfaceView.-$$Nest$mapplyOrMergeTransaction:0 android.view.SurfaceView$SurfaceViewPositionUpdateListener.positionChanged:1537 
10-17 00:07:23.413 24677 24767 I ViewRootImpl@fd98f5c[MainActivity]: mWNT: t=0x7b2765f700 mBlastBufferQueue=0x7b59a2f400 fn= 687 caller= android.view.ViewRootImpl.lambda$applyTransactionOnDraw$11$android-view-ViewRootImpl:12865 android.view.ViewRootImpl$$ExternalSyntheticLambda1.onFrameDraw:4 android.graphics.HardwareRenderer$FrameDrawingCallback.onFrameDraw:924 
10-17 00:07:23.416 24677 24677 I SurfaceView@baa0d53: Changes: creating=false format=false size=false visible=false alpha=false hint=false mUseAlpha=false visible=false left=false top=true
10-17 00:07:23.416 24677 24677 I SurfaceView@baa0d53: 195693907 Cur surface: Surface(name=null)/@0x8cc66c
10-17 00:07:23.417 24677 24677 I SurfaceView@baa0d53: applyTransactionOnVriDraw: vri = ViewRootImpl@fd98f5c[MainActivity] fRS = false t = 0x7b2765f800 android.view.SurfaceView.performSurfaceTransaction:959 android.view.SurfaceView.updateSurface:1105 android.view.SurfaceView.lambda$new$0$android-view-SurfaceView:200 
10-17 00:07:23.417 24677 24677 I ViewRootImpl@fd98f5c[MainActivity]: applyTransactionOnDraw: mRemoved = false isHardwareEnabled = true t = 0x7b2765f800android.view.SurfaceView.applyTransactionOnVriDraw:2048 android.view.SurfaceView.performSurfaceTransaction:959 android.view.SurfaceView.updateSurface:1105 android.view.SurfaceView.lambda$new$0$android-view-SurfaceView:200 android.view.SurfaceView$$ExternalSyntheticLambda5.onPreDraw:2 
10-17 00:07:23.417 24677 24677 I SurfaceView@baa0d53: updateSurface: mVisible = true mSurface.isValid() = true
10-17 00:07:23.417 24677 24677 I SurfaceView@baa0d53: updateSurface: mSurfaceCreated = true surfaceChanged = false visibleChanged = false
10-17 00:07:23.417 24677 24677 V SurfaceView@baa0d53: Layout: x=0 y=-1867 w=1080 h=525, frame=Rect(0, 0 - 1080, 525)
10-17 00:07:23.428 24677 24768 D SurfaceView@baa0d53: updateSurfacePosition RenderWorker, frameNr = 688, position = [0, -1867, 1080, -1342] surfaceSize = 1080x525
10-17 00:07:23.428 24677 24768 I SurfaceView@baa0d53: uSP: rtp = Rect(0, -1867 - 1080, -1342) rtsw = 1080 rtsh = 525
10-17 00:07:23.428 24677 24768 I SurfaceView@baa0d53: onSSPAndSRT: pl = 0 pt = -1867 sx = 1.0 sy = 1.0
10-17 00:07:23.429 24677 24768 I SurfaceView@baa0d53: aOrMT: ViewRootImpl@fd98f5c[MainActivity] t = android.view.SurfaceControl$Transaction@4f03eb1 fN = 688 android.view.SurfaceView.-$$Nest$mapplyOrMergeTransaction:0 android.view.SurfaceView$SurfaceViewPositionUpdateListener.positionChanged:1537 android.graphics.RenderNode$CompositePositionUpdateListener.positionChanged:373 
10-17 00:07:23.429 24677 24768 I ViewRootImpl@fd98f5c[MainActivity]: mWNT: t=0x7adb911800 mBlastBufferQueue=0x7b59a2f400 fn= 688 caller= android.view.SurfaceView.applyOrMergeTransaction:1455 android.view.SurfaceView.-$$Nest$mapplyOrMergeTransaction:0 android.view.SurfaceView$SurfaceViewPositionUpdateListener.positionChanged:1537 
10-17 00:07:23.429 24677 24768 I ViewRootImpl@fd98f5c[MainActivity]: mWNT: t=0x7b2765f800 mBlastBufferQueue=0x7b59a2f400 fn= 688 caller= android.view.ViewRootImpl.lambda$applyTransactionOnDraw$11$android-view-ViewRootImpl:12865 android.view.ViewRootImpl$$ExternalSyntheticLambda1.onFrameDraw:4 android.graphics.HardwareRenderer$FrameDrawingCallback.onFrameDraw:924 
10-17 00:07:23.433 24677 24677 I SurfaceView@baa0d53: Changes: creating=false format=false size=false visible=false alpha=false hint=false mUseAlpha=false visible=false left=false top=true
10-17 00:07:23.433 24677 24677 I SurfaceView@baa0d53: 195693907 Cur surface: Surface(name=null)/@0x8cc66c
10-17 00:07:23.433 24677 24677 I SurfaceView@baa0d53: applyTransactionOnVriDraw: vri = ViewRootImpl@fd98f5c[MainActivity] fRS = false t = 0x7b2765fa00 android.view.SurfaceView.performSurfaceTransaction:959 android.view.SurfaceView.updateSurface:1105 android.view.SurfaceView.lambda$new$0$android-view-SurfaceView:200 
