10-17 19:30:45.873 29384 29384 I ViewRootImpl@61751e2[MainActivity]: applyTransactionOnDraw: mRemoved = false isHardwareEnabled = true t = 0x7bdaa8b400android.view.SurfaceView.applyTransactionOnVriDraw:2048 android.view.SurfaceView.performSurfaceTransaction:959 android.view.SurfaceView.updateSurface:1105 android.view.SurfaceView.lambda$new$0$android-view-SurfaceView:200 android.view.SurfaceView$$ExternalSyntheticLambda5.onPreDraw:2 
10-17 19:30:45.873 29384 29384 I SurfaceView@6db53c0: updateSurface: mVisible = true mSurface.isValid() = true
10-17 19:30:45.873 29384 29384 I SurfaceView@6db53c0: updateSurface: mSurfaceCreated = true surfaceChanged = false visibleChanged = false
10-17 19:30:45.873 29384 29384 V SurfaceView@6db53c0: Layout: x=0 y=-1563 w=1080 h=525, frame=Rect(0, 0 - 1080, 525)
10-17 19:30:45.878 29384 29457 I ViewRootImpl@61751e2[MainActivity]: mWNT: t=0x7bdaa8b400 mBlastBufferQueue=0x7b5c3e7900 fn= 702 caller= android.view.ViewRootImpl.lambda$applyTransactionOnDraw$11$android-view-ViewRootImpl:12865 android.view.ViewRootImpl$$ExternalSyntheticLambda1.onFrameDraw:4 android.graphics.HardwareRenderer$FrameDrawingCallback.onFrameDraw:924 
10-17 19:30:45.889 29384 29384 I SurfaceView@6db53c0: Changes: creating=false format=false size=false visible=false alpha=false hint=false mUseAlpha=false visible=false left=false top=true
10-17 19:30:45.889 29384 29384 I SurfaceView@6db53c0: 115037120 Cur surface: Surface(name=null)/@0x9f88cff
10-17 19:30:45.889 29384 29384 I SurfaceView@6db53c0: applyTransactionOnVriDraw: vri = ViewRootImpl@61751e2[MainActivity] fRS = false t = 0x7bdaa8b500 android.view.SurfaceView.performSurfaceTransaction:959 android.view.SurfaceView.updateSurface:1105 android.view.SurfaceView.lambda$new$0$android-view-SurfaceView:200 
10-17 19:30:45.889 29384 29384 I ViewRootImpl@61751e2[MainActivity]: applyTransactionOnDraw: mRemoved = false isHardwareEnabled = true t = 0x7bdaa8b500android.view.SurfaceView.applyTransactionOnVriDraw:2048 android.view.SurfaceView.performSurfaceTransaction:959 android.view.SurfaceView.updateSurface:1105 android.view.SurfaceView.lambda$new$0$android-view-SurfaceView:200 android.view.SurfaceView$$ExternalSyntheticLambda5.onPreDraw:2 
10-17 19:30:45.890 29384 29384 I SurfaceView@6db53c0: updateSurface: mVisible = true mSurface.isValid() = true
10-17 19:30:45.890 29384 29384 I SurfaceView@6db53c0: updateSurface: mSurfaceCreated = true surfaceChanged = false visibleChanged = false
10-17 19:30:45.890 29384 29384 V SurfaceView@6db53c0: Layout: x=0 y=-1444 w=1080 h=525, frame=Rect(0, 0 - 1080, 525)
10-17 19:30:45.893 29384 29456 D SurfaceView@6db53c0: updateSurfacePosition RenderWorker, frameNr = 703, position = [0, -1444, 1080, -919] surfaceSize = 1080x525
10-17 19:30:45.893 29384 29456 I SurfaceView@6db53c0: uSP: rtp = Rect(0, -1444 - 1080, -919) rtsw = 1080 rtsh = 525
10-17 19:30:45.893 29384 29456 I SurfaceView@6db53c0: onSSPAndSRT: pl = 0 pt = -1444 sx = 1.0 sy = 1.0
10-17 19:30:45.893 29384 29456 I SurfaceView@6db53c0: aOrMT: ViewRootImpl@61751e2[MainActivity] t = android.view.SurfaceControl$Transaction@6eae7b8 fN = 703 android.view.SurfaceView.-$$Nest$mapplyOrMergeTransaction:0 android.view.SurfaceView$SurfaceViewPositionUpdateListener.positionChanged:1537 android.graphics.RenderNode$CompositePositionUpdateListener.positionChanged:373 
10-17 19:30:45.893 29384 29456 I ViewRootImpl@61751e2[MainActivity]: mWNT: t=0x7b1a3d4900 mBlastBufferQueue=0x7b5c3e7900 fn= 703 caller= android.view.SurfaceView.applyOrMergeTransaction:1455 android.view.SurfaceView.-$$Nest$mapplyOrMergeTransaction:0 android.view.SurfaceView$SurfaceViewPositionUpdateListener.positionChanged:1537 
10-17 19:30:45.894 29384 29456 I ViewRootImpl@61751e2[MainActivity]: mWNT: t=0x7bdaa8b500 mBlastBufferQueue=0x7b5c3e7900 fn= 703 caller= android.view.ViewRootImpl.lambda$applyTransactionOnDraw$11$android-view-ViewRootImpl:12865 android.view.ViewRootImpl$$ExternalSyntheticLambda1.onFrameDraw:4 android.graphics.HardwareRenderer$FrameDrawingCallback.onFrameDraw:924 
10-17 19:30:45.905 29384 29384 I SurfaceView@6db53c0: Changes: creating=false format=false size=false visible=false alpha=false hint=false mUseAlpha=false visible=false left=false top=true
10-17 19:30:45.906 29384 29384 I SurfaceView@6db53c0: 115037120 Cur surface: Surface(name=null)/@0x9f88cff
10-17 19:30:45.906 29384 29384 I SurfaceView@6db53c0: applyTransactionOnVriDraw: vri = ViewRootImpl@61751e2[MainActivity] fRS = false t = 0x7bdaa8b600 android.view.SurfaceView.performSurfaceTransaction:959 android.view.SurfaceView.updateSurface:1105 android.view.SurfaceView.lambda$new$0$android-view-SurfaceView:200 
10-17 19:30:45.906 29384 29384 I ViewRootImpl@61751e2[MainActivity]: applyTransactionOnDraw: mRemoved = false isHardwareEnabled = true t = 0x7bdaa8b600android.view.SurfaceView.applyTransactionOnVriDraw:2048 android.view.SurfaceView.performSurfaceTransaction:959 android.view.SurfaceView.updateSurface:1105 android.view.SurfaceView.lambda$new$0$android-view-SurfaceView:200 android.view.SurfaceView$$ExternalSyntheticLambda5.onPreDraw:2 
10-17 19:30:45.906 29384 29384 I SurfaceView@6db53c0: updateSurface: mVisible = true mSurface.isValid() = true
10-17 19:30:45.907 29384 29384 I SurfaceView@6db53c0: updateSurface: mSurfaceCreated = true surfaceChanged = false visibleChanged = false
10-17 19:30:45.907 29384 29384 V SurfaceView@6db53c0: Layout: x=0 y=-1295 w=1080 h=525, frame=Rect(0, 0 - 1080, 525)
10-17 19:30:45.910 29384 29457 D SurfaceView@6db53c0: updateSurfacePosition RenderWorker, frameNr = 704, position = [0, -1295, 1080, -770] surfaceSize = 1080x525
10-17 19:30:45.910 29384 29457 I SurfaceView@6db53c0: uSP: rtp = Rect(0, -1295 - 1080, -770) rtsw = 1080 rtsh = 525
10-17 19:30:45.910 29384 29457 I SurfaceView@6db53c0: onSSPAndSRT: pl = 0 pt = -1295 sx = 1.0 sy = 1.0
10-17 19:30:45.910 29384 29457 I SurfaceView@6db53c0: aOrMT: ViewRootImpl@61751e2[MainActivity] t = android.view.SurfaceControl$Transaction@6eae7b8 fN = 704 android.view.SurfaceView.-$$Nest$mapplyOrMergeTransaction:0 android.view.SurfaceView$SurfaceViewPositionUpdateListener.positionChanged:1537 android.graphics.RenderNode$CompositePositionUpdateListener.positionChanged:373 
10-17 19:30:45.910 29384 29457 I ViewRootImpl@61751e2[MainActivity]: mWNT: t=0x7b1a3d4900 mBlastBufferQueue=0x7b5c3e7900 fn= 704 caller= android.view.SurfaceView.applyOrMergeTransaction:1455 android.view.SurfaceView.-$$Nest$mapplyOrMergeTransaction:0 android.view.SurfaceView$SurfaceViewPositionUpdateListener.positionChanged:1537 
10-17 19:30:45.910 29384 29457 I ViewRootImpl@61751e2[MainActivity]: mWNT: t=0x7bdaa8b600 mBlastBufferQueue=0x7b5c3e7900 fn= 704 caller= android.view.ViewRootImpl.lambda$applyTransactionOnDraw$11$android-view-ViewRootImpl:12865 android.view.ViewRootImpl$$ExternalSyntheticLambda1.onFrameDraw:4 android.graphics.HardwareRenderer$FrameDrawingCallback.onFrameDraw:924 
10-17 19:30:45.922 29384 29384 I SurfaceView@6db53c0: Changes: creating=false format=false size=false visible=false alpha=false hint=false mUseAlpha=false visible=false left=false top=true
10-17 19:30:45.922 29384 29384 I SurfaceView@6db53c0: 115037120 Cur surface: Surface(name=null)/@0x9f88cff
10-17 19:30:45.923 29384 29384 I SurfaceView@6db53c0: applyTransactionOnVriDraw: vri = ViewRootImpl@61751e2[MainActivity] fRS = false t = 0x7bdaa8b700 android.view.SurfaceView.performSurfaceTransaction:959 android.view.SurfaceView.updateSurface:1105 android.view.SurfaceView.lambda$new$0$android-view-SurfaceView:200 
10-17 19:30:45.923 29384 29384 I ViewRootImpl@61751e2[MainActivity]: applyTransactionOnDraw: mRemoved = false isHardwareEnabled = true t = 0x7bdaa8b700android.view.SurfaceView.applyTransactionOnVriDraw:2048 android.view.SurfaceView.performSurfaceTransaction:959 android.view.SurfaceView.updateSurface:1105 android.view.SurfaceView.lambda$new$0$android-view-SurfaceView:200 android.view.SurfaceView$$ExternalSyntheticLambda5.onPreDraw:2 
10-17 19:30:45.923 29384 29384 I SurfaceView@6db53c0: updateSurface: mVisible = true mSurface.isValid() = true
10-17 19:30:45.923 29384 29384 I SurfaceView@6db53c0: updateSurface: mSurfaceCreated = true surfaceChanged = false visibleChanged = false
10-17 19:30:45.923 29384 29384 V SurfaceView@6db53c0: Layout: x=0 y=-1139 w=1080 h=525, frame=Rect(0, 0 - 1080, 525)
10-17 19:30:45.927 29384 29456 D SurfaceView@6db53c0: updateSurfacePosition RenderWorker, frameNr = 705, position = [0, -1139, 1080, -614] surfaceSize = 1080x525
10-17 19:30:45.927 29384 29456 I SurfaceView@6db53c0: uSP: rtp = Rect(0, -1139 - 1080, -614) rtsw = 1080 rtsh = 525
10-17 19:30:45.927 29384 29456 I SurfaceView@6db53c0: onSSPAndSRT: pl = 0 pt = -1139 sx = 1.0 sy = 1.0
10-17 19:30:45.928 29384 29456 I SurfaceView@6db53c0: aOrMT: ViewRootImpl@61751e2[MainActivity] t = android.view.SurfaceControl$Transaction@6eae7b8 fN = 705 android.view.SurfaceView.-$$Nest$mapplyOrMergeTransaction:0 android.view.SurfaceView$SurfaceViewPositionUpdateListener.positionChanged:1537 android.graphics.RenderNode$CompositePositionUpdateListener.positionChanged:373 
10-17 19:30:45.928 29384 29456 I ViewRootImpl@61751e2[MainActivity]: mWNT: t=0x7b1a3d4900 mBlastBufferQueue=0x7b5c3e7900 fn= 705 caller= android.view.SurfaceView.applyOrMergeTransaction:1455 android.view.SurfaceView.-$$Nest$mapplyOrMergeTransaction:0 android.view.SurfaceView$SurfaceViewPositionUpdateListener.positionChanged:1537 
10-17 19:30:45.928 29384 29456 I ViewRootImpl@61751e2[MainActivity]: mWNT: t=0x7bdaa8b700 mBlastBufferQueue=0x7b5c3e7900 fn= 705 caller= android.view.ViewRootImpl.lambda$applyTransactionOnDraw$11$android-view-ViewRootImpl:12865 android.view.ViewRootImpl$$ExternalSyntheticLambda1.onFrameDraw:4 android.graphics.HardwareRenderer$FrameDrawingCallback.onFrameDraw:924 
10-17 19:30:45.939 29384 29384 I SurfaceView@6db53c0: Changes: creating=false format=false size=false visible=false alpha=false hint=false mUseAlpha=false visible=false left=false top=true
10-17 19:30:45.939 29384 29384 I SurfaceView@6db53c0: 115037120 Cur surface: Surface(name=null)/@0x9f88cff
10-17 19:30:45.939 29384 29384 I SurfaceView@6db53c0: applyTransactionOnVriDraw: vri = ViewRootImpl@61751e2[MainActivity] fRS = false t = 0x7bdaa8b800 android.view.SurfaceView.performSurfaceTransaction:959 android.view.SurfaceView.updateSurface:1105 android.view.SurfaceView.lambda$new$0$android-view-SurfaceView:200 
10-17 19:30:45.940 29384 29384 I ViewRootImpl@61751e2[MainActivity]: applyTransactionOnDraw: mRemoved = false isHardwareEnabled = true t = 0x7bdaa8b800android.view.SurfaceView.applyTransactionOnVriDraw:2048 android.view.SurfaceView.performSurfaceTransaction:959 android.view.SurfaceView.updateSurface:1105 android.view.SurfaceView.lambda$new$0$android-view-SurfaceView:200 android.view.SurfaceView$$ExternalSyntheticLambda5.onPreDraw:2 
10-17 19:30:45.940 29384 29384 I SurfaceView@6db53c0: updateSurface: mVisible = true mSurface.isValid() = true
10-17 19:30:45.940 29384 29384 I SurfaceView@6db53c0: updateSurface: mSurfaceCreated = true surfaceChanged = false visibleChanged = false
10-17 19:30:45.940 29384 29384 V SurfaceView@6db53c0: Layout: x=0 y=-984 w=1080 h=525, frame=Rect(0, 0 - 1080, 525)
10-17 19:30:45.944 29384 29457 D SurfaceView@6db53c0: updateSurfacePosition RenderWorker, frameNr = 706, position = [0, -984, 1080, -459] surfaceSize = 1080x525
10-17 19:30:45.944 29384 29457 I SurfaceView@6db53c0: uSP: rtp = Rect(0, -984 - 1080, -459) rtsw = 1080 rtsh = 525
10-17 19:30:45.944 29384 29457 I SurfaceView@6db53c0: onSSPAndSRT: pl = 0 pt = -984 sx = 1.0 sy = 1.0
10-17 19:30:45.944 29384 29457 I SurfaceView@6db53c0: aOrMT: ViewRootImpl@61751e2[MainActivity] t = android.view.SurfaceControl$Transaction@6eae7b8 fN = 706 android.view.SurfaceView.-$$Nest$mapplyOrMergeTransaction:0 android.view.SurfaceView$SurfaceViewPositionUpdateListener.positionChanged:1537 android.graphics.RenderNode$CompositePositionUpdateListener.positionChanged:373 
10-17 19:30:45.944 29384 29457 I ViewRootImpl@61751e2[MainActivity]: mWNT: t=0x7b1a3d4900 mBlastBufferQueue=0x7b5c3e7900 fn= 706 caller= android.view.SurfaceView.applyOrMergeTransaction:1455 android.view.SurfaceView.-$$Nest$mapplyOrMergeTransaction:0 android.view.SurfaceView$SurfaceViewPositionUpdateListener.positionChanged:1537 
10-17 19:30:45.945 29384 29457 I ViewRootImpl@61751e2[MainActivity]: mWNT: t=0x7bdaa8b800 mBlastBufferQueue=0x7b5c3e7900 fn= 706 caller= android.view.ViewRootImpl.lambda$applyTransactionOnDraw$11$android-view-ViewRootImpl:12865 android.view.ViewRootImpl$$ExternalSyntheticLambda1.onFrameDraw:4 android.graphics.HardwareRenderer$FrameDrawingCallback.onFrameDraw:924 
10-17 19:30:45.955 29384 29384 I SurfaceView@6db53c0: Changes: creating=false format=false size=false visible=false alpha=false hint=false mUseAlpha=false visible=false left=false top=true
10-17 19:30:45.955 29384 29384 I SurfaceView@6db53c0: 115037120 Cur surface: Surface(name=null)/@0x9f88cff
10-17 19:30:45.956 29384 29384 I SurfaceView@6db53c0: applyTransactionOnVriDraw: vri = ViewRootImpl@61751e2[MainActivity] fRS = false t = 0x7bdaa8b900 android.view.SurfaceView.performSurfaceTransaction:959 android.view.SurfaceView.updateSurface:1105 android.view.SurfaceView.lambda$new$0$android-view-SurfaceView:200 
10-17 19:30:45.956 29384 29384 I ViewRootImpl@61751e2[MainActivity]: applyTransactionOnDraw: mRemoved = false isHardwareEnabled = true t = 0x7bdaa8b900android.view.SurfaceView.applyTransactionOnVriDraw:2048 android.view.SurfaceView.performSurfaceTransaction:959 android.view.SurfaceView.updateSurface:1105 android.view.SurfaceView.lambda$new$0$android-view-SurfaceView:200 android.view.SurfaceView$$ExternalSyntheticLambda5.onPreDraw:2 
10-17 19:30:45.956 29384 29384 I SurfaceView@6db53c0: updateSurface: mVisible = true mSurface.isValid() = true
10-17 19:30:45.956 29384 29384 I SurfaceView@6db53c0: updateSurface: mSurfaceCreated = true surfaceChanged = false visibleChanged = false
10-17 19:30:45.956 29384 29384 V SurfaceView@6db53c0: Layout: x=0 y=-831 w=1080 h=525, frame=Rect(0, 0 - 1080, 525)
10-17 19:30:45.960 29384 29456 D SurfaceView@6db53c0: updateSurfacePosition RenderWorker, frameNr = 707, position = [0, -831, 1080, -306] surfaceSize = 1080x525
10-17 19:30:45.960 29384 29456 I SurfaceView@6db53c0: uSP: rtp = Rect(0, -831 - 1080, -306) rtsw = 1080 rtsh = 525
10-17 19:30:45.960 29384 29456 I SurfaceView@6db53c0: onSSPAndSRT: pl = 0 pt = -831 sx = 1.0 sy = 1.0
10-17 19:30:45.961 29384 29456 I SurfaceView@6db53c0: aOrMT: ViewRootImpl@61751e2[MainActivity] t = android.view.SurfaceControl$Transaction@6eae7b8 fN = 707 android.view.SurfaceView.-$$Nest$mapplyOrMergeTransaction:0 android.view.SurfaceView$SurfaceViewPositionUpdateListener.positionChanged:1537 android.graphics.RenderNode$CompositePositionUpdateListener.positionChanged:373 
10-17 19:30:45.961 29384 29456 I ViewRootImpl@61751e2[MainActivity]: mWNT: t=0x7b1a3d4900 mBlastBufferQueue=0x7b5c3e7900 fn= 707 caller= android.view.SurfaceView.applyOrMergeTransaction:1455 android.view.SurfaceView.-$$Nest$mapplyOrMergeTransaction:0 android.view.SurfaceView$SurfaceViewPositionUpdateListener.positionChanged:1537 
10-17 19:30:45.961 29384 29456 I ViewRootImpl@61751e2[MainActivity]: mWNT: t=0x7bdaa8b900 mBlastBufferQueue=0x7b5c3e7900 fn= 707 caller= android.view.ViewRootImpl.lambda$applyTransactionOnDraw$11$android-view-ViewRootImpl:12865 android.view.ViewRootImpl$$ExternalSyntheticLambda1.onFrameDraw:4 android.graphics.HardwareRenderer$FrameDrawingCallback.onFrameDraw:924 
10-17 19:30:45.972 29384 29384 I SurfaceView@6db53c0: Changes: creating=false format=false size=false visible=false alpha=false hint=false mUseAlpha=false visible=false left=false top=true
10-17 19:30:45.972 29384 29384 I SurfaceView@6db53c0: 115037120 Cur surface: Surface(name=null)/@0x9f88cff
10-17 19:30:45.973 29384 29384 I SurfaceView@6db53c0: applyTransactionOnVriDraw: vri = ViewRootImpl@61751e2[MainActivity] fRS = false t = 0x7bdaa8ba00 android.view.SurfaceView.performSurfaceTransaction:959 android.view.SurfaceView.updateSurface:1105 android.view.SurfaceView.lambda$new$0$android-view-SurfaceView:200 
10-17 19:30:45.973 29384 29384 I ViewRootImpl@61751e2[MainActivity]: applyTransactionOnDraw: mRemoved = false isHardwareEnabled = true t = 0x7bdaa8ba00android.view.SurfaceView.applyTransactionOnVriDraw:2048 android.view.SurfaceView.performSurfaceTransaction:959 android.view.SurfaceView.updateSurface:1105 android.view.SurfaceView.lambda$new$0$android-view-SurfaceView:200 android.view.SurfaceView$$ExternalSyntheticLambda5.onPreDraw:2 
10-17 19:30:45.973 29384 29384 I SurfaceView@6db53c0: updateSurface: mVisible = true mSurface.isValid() = true
10-17 19:30:45.973 29384 29384 I SurfaceView@6db53c0: updateSurface: mSurfaceCreated = true surfaceChanged = false visibleChanged = false
10-17 19:30:45.973 29384 29384 V SurfaceView@6db53c0: Layout: x=0 y=-672 w=1080 h=525, frame=Rect(0, 0 - 1080, 525)
10-17 19:30:45.977 29384 29457 D SurfaceView@6db53c0: updateSurfacePosition RenderWorker, frameNr = 708, position = [0, -672, 1080, -147] surfaceSize = 1080x525
10-17 19:30:45.978 29384 29457 I SurfaceView@6db53c0: uSP: rtp = Rect(0, -672 - 1080, -147) rtsw = 1080 rtsh = 525
10-17 19:30:45.978 29384 29457 I SurfaceView@6db53c0: onSSPAndSRT: pl = 0 pt = -672 sx = 1.0 sy = 1.0
10-17 19:30:45.978 29384 29457 I SurfaceView@6db53c0: aOrMT: ViewRootImpl@61751e2[MainActivity] t = android.view.SurfaceControl$Transaction@6eae7b8 fN = 708 android.view.SurfaceView.-$$Nest$mapplyOrMergeTransaction:0 android.view.SurfaceView$SurfaceViewPositionUpdateListener.positionChanged:1537 android.graphics.RenderNode$CompositePositionUpdateListener.positionChanged:373 
10-17 19:30:45.978 29384 29457 I ViewRootImpl@61751e2[MainActivity]: mWNT: t=0x7b1a3d4900 mBlastBufferQueue=0x7b5c3e7900 fn= 708 caller= android.view.SurfaceView.applyOrMergeTransaction:1455 android.view.SurfaceView.-$$Nest$mapplyOrMergeTransaction:0 android.view.SurfaceView$SurfaceViewPositionUpdateListener.positionChanged:1537 
10-17 19:30:45.978 29384 29457 I ViewRootImpl@61751e2[MainActivity]: mWNT: t=0x7bdaa8ba00 mBlastBufferQueue=0x7b5c3e7900 fn= 708 caller= android.view.ViewRootImpl.lambda$applyTransactionOnDraw$11$android-view-ViewRootImpl:12865 android.view.ViewRootImpl$$ExternalSyntheticLambda1.onFrameDraw:4 android.graphics.HardwareRenderer$FrameDrawingCallback.onFrameDraw:924 
10-17 19:30:45.989 29384 29384 I SurfaceView@6db53c0: Changes: creating=false format=false size=false visible=false alpha=false hint=false mUseAlpha=false visible=false left=false top=true
10-17 19:30:45.989 29384 29384 I SurfaceView@6db53c0: 115037120 Cur surface: Surface(name=null)/@0x9f88cff
10-17 19:30:45.990 29384 29384 I SurfaceView@6db53c0: applyTransactionOnVriDraw: vri = ViewRootImpl@61751e2[MainActivity] fRS = false t = 0x7bdaa8bb00 android.view.SurfaceView.performSurfaceTransaction:959 android.view.SurfaceView.updateSurface:1105 android.view.SurfaceView.lambda$new$0$android-view-SurfaceView:200 
10-17 19:30:45.990 29384 29384 I ViewRootImpl@61751e2[MainActivity]: applyTransactionOnDraw: mRemoved = false isHardwareEnabled = true t = 0x7bdaa8bb00android.view.SurfaceView.applyTransactionOnVriDraw:2048 android.view.SurfaceView.performSurfaceTransaction:959 android.view.SurfaceView.updateSurface:1105 android.view.SurfaceView.lambda$new$0$android-view-SurfaceView:200 android.view.SurfaceView$$ExternalSyntheticLambda5.onPreDraw:2 
10-17 19:30:45.990 29384 29384 I SurfaceView@6db53c0: updateSurface: mVisible = true mSurface.isValid() = true
10-17 19:30:45.990 29384 29384 I SurfaceView@6db53c0: updateSurface: mSurfaceCreated = true surfaceChanged = false visibleChanged = false
10-17 19:30:45.990 29384 29384 V SurfaceView@6db53c0: Layout: x=0 y=-526 w=1080 h=525, frame=Rect(0, 0 - 1080, 525)
10-17 19:30:45.994 29384 29456 D SurfaceView@6db53c0: updateSurfacePosition RenderWorker, frameNr = 709, position = [0, -526, 1080, -1] surfaceSize = 1080x525
10-17 19:30:45.994 29384 29456 I SurfaceView@6db53c0: uSP: rtp = Rect(0, -526 - 1080, -1) rtsw = 1080 rtsh = 525
10-17 19:30:45.994 29384 29456 I SurfaceView@6db53c0: onSSPAndSRT: pl = 0 pt = -526 sx = 1.0 sy = 1.0
10-17 19:30:45.994 29384 29456 I SurfaceView@6db53c0: aOrMT: ViewRootImpl@61751e2[MainActivity] t = android.view.SurfaceControl$Transaction@6eae7b8 fN = 709 android.view.SurfaceView.-$$Nest$mapplyOrMergeTransaction:0 android.view.SurfaceView$SurfaceViewPositionUpdateListener.positionChanged:1537 android.graphics.RenderNode$CompositePositionUpdateListener.positionChanged:373 
10-17 19:30:45.994 29384 29456 I ViewRootImpl@61751e2[MainActivity]: mWNT: t=0x7b1a3d4900 mBlastBufferQueue=0x7b5c3e7900 fn= 709 caller= android.view.SurfaceView.applyOrMergeTransaction:1455 android.view.SurfaceView.-$$Nest$mapplyOrMergeTransaction:0 android.view.SurfaceView$SurfaceViewPositionUpdateListener.positionChanged:1537 
10-17 19:30:45.994 29384 29456 I ViewRootImpl@61751e2[MainActivity]: mWNT: t=0x7bdaa8bb00 mBlastBufferQueue=0x7b5c3e7900 fn= 709 caller= android.view.ViewRootImpl.lambda$applyTransactionOnDraw$11$android-view-ViewRootImpl:12865 android.view.ViewRootImpl$$ExternalSyntheticLambda1.onFrameDraw:4 android.graphics.HardwareRenderer$FrameDrawingCallback.onFrameDraw:924 
10-17 19:30:46.005 29384 29384 I SurfaceView@6db53c0: Changes: creating=false format=false size=false visible=false alpha=false hint=false mUseAlpha=false visible=false left=false top=true
10-17 19:30:46.006 29384 29384 I SurfaceView@6db53c0: 115037120 Cur surface: Surface(name=null)/@0x9f88cff
10-17 19:30:46.006 29384 29384 I SurfaceView@6db53c0: applyTransactionOnVriDraw: vri = ViewRootImpl@61751e2[MainActivity] fRS = false t = 0x7bdaa8bc00 android.view.SurfaceView.performSurfaceTransaction:959 android.view.SurfaceView.updateSurface:1105 android.view.SurfaceView.lambda$new$0$android-view-SurfaceView:200 
10-17 19:30:46.006 29384 29384 I ViewRootImpl@61751e2[MainActivity]: applyTransactionOnDraw: mRemoved = false isHardwareEnabled = true t = 0x7bdaa8bc00android.view.SurfaceView.applyTransactionOnVriDraw:2048 android.view.SurfaceView.performSurfaceTransaction:959 android.view.SurfaceView.updateSurface:1105 android.view.SurfaceView.lambda$new$0$android-view-SurfaceView:200 android.view.SurfaceView$$ExternalSyntheticLambda5.onPreDraw:2 
10-17 19:30:46.006 29384 29384 I SurfaceView@6db53c0: updateSurface: mVisible = true mSurface.isValid() = true
10-17 19:30:46.006 29384 29384 I SurfaceView@6db53c0: updateSurface: mSurfaceCreated = true surfaceChanged = false visibleChanged = false
10-17 19:30:46.006 29384 29384 V SurfaceView@6db53c0: Layout: x=0 y=-374 w=1080 h=525, frame=Rect(0, 0 - 1080, 525)
10-17 19:30:46.010 29384 29457 D SurfaceView@6db53c0: updateSurfacePosition RenderWorker, frameNr = 710, position = [0, -374, 1080, 151] surfaceSize = 1080x525
10-17 19:30:46.010 29384 29457 I SurfaceView@6db53c0: uSP: rtp = Rect(0, -374 - 1080, 151) rtsw = 1080 rtsh = 525
10-17 19:30:46.010 29384 29457 I SurfaceView@6db53c0: onSSPAndSRT: pl = 0 pt = -374 sx = 1.0 sy = 1.0
10-17 19:30:46.010 29384 29457 I SurfaceView@6db53c0: aOrMT: ViewRootImpl@61751e2[MainActivity] t = android.view.SurfaceControl$Transaction@6eae7b8 fN = 710 android.view.SurfaceView.-$$Nest$mapplyOrMergeTransaction:0 android.view.SurfaceView$SurfaceViewPositionUpdateListener.positionChanged:1537 android.graphics.RenderNode$CompositePositionUpdateListener.positionChanged:373 
10-17 19:30:46.010 29384 29457 I ViewRootImpl@61751e2[MainActivity]: mWNT: t=0x7b1a3d4900 mBlastBufferQueue=0x7b5c3e7900 fn= 710 caller= android.view.SurfaceView.applyOrMergeTransaction:1455 android.view.SurfaceView.-$$Nest$mapplyOrMergeTransaction:0 android.view.SurfaceView$SurfaceViewPositionUpdateListener.positionChanged:1537 
10-17 19:30:46.010 29384 29457 I ViewRootImpl@61751e2[MainActivity]: mWNT: t=0x7bdaa8bc00 mBlastBufferQueue=0x7b5c3e7900 fn= 710 caller= android.view.ViewRootImpl.lambda$applyTransactionOnDraw$11$android-view-ViewRootImpl:12865 android.view.ViewRootImpl$$ExternalSyntheticLambda1.onFrameDraw:4 android.graphics.HardwareRenderer$FrameDrawingCallback.onFrameDraw:924 
10-17 19:30:46.022 29384 29384 I SurfaceView@6db53c0: Changes: creating=false format=false size=false visible=false alpha=false hint=false mUseAlpha=false visible=false left=false top=true
10-17 19:30:46.022 29384 29384 I SurfaceView@6db53c0: 115037120 Cur surface: Surface(name=null)/@0x9f88cff
10-17 19:30:46.023 29384 29384 I SurfaceView@6db53c0: applyTransactionOnVriDraw: vri = ViewRootImpl@61751e2[MainActivity] fRS = false t = 0x7bdaa8bd00 android.view.SurfaceView.performSurfaceTransaction:959 android.view.SurfaceView.updateSurface:1105 android.view.SurfaceView.lambda$new$0$android-view-SurfaceView:200 
10-17 19:30:46.023 29384 29384 I ViewRootImpl@61751e2[MainActivity]: applyTransactionOnDraw: mRemoved = false isHardwareEnabled = true t = 0x7bdaa8bd00android.view.SurfaceView.applyTransactionOnVriDraw:2048 android.view.SurfaceView.performSurfaceTransaction:959 android.view.SurfaceView.updateSurface:1105 android.view.SurfaceView.lambda$new$0$android-view-SurfaceView:200 android.view.SurfaceView$$ExternalSyntheticLambda5.onPreDraw:2 
10-17 19:30:46.023 29384 29384 I SurfaceView@6db53c0: updateSurface: mVisible = true mSurface.isValid() = true
10-17 19:30:46.023 29384 29384 I SurfaceView@6db53c0: updateSurface: mSurfaceCreated = true surfaceChanged = false visibleChanged = false
10-17 19:30:46.023 29384 29384 V SurfaceView@6db53c0: Layout: x=0 y=-236 w=1080 h=525, frame=Rect(0, 0 - 1080, 525)
10-17 19:30:46.026 29384 29456 D SurfaceView@6db53c0: updateSurfacePosition RenderWorker, frameNr = 711, position = [0, -236, 1080, 289] surfaceSize = 1080x525
10-17 19:30:46.026 29384 29456 I SurfaceView@6db53c0: uSP: rtp = Rect(0, -236 - 1080, 289) rtsw = 1080 rtsh = 525
10-17 19:30:46.026 29384 29456 I SurfaceView@6db53c0: onSSPAndSRT: pl = 0 pt = -236 sx = 1.0 sy = 1.0
10-17 19:30:46.026 29384 29456 I SurfaceView@6db53c0: aOrMT: ViewRootImpl@61751e2[MainActivity] t = android.view.SurfaceControl$Transaction@6eae7b8 fN = 711 android.view.SurfaceView.-$$Nest$mapplyOrMergeTransaction:0 android.view.SurfaceView$SurfaceViewPositionUpdateListener.positionChanged:1537 android.graphics.RenderNode$CompositePositionUpdateListener.positionChanged:373 
10-17 19:30:46.026 29384 29456 I ViewRootImpl@61751e2[MainActivity]: mWNT: t=0x7b1a3d4900 mBlastBufferQueue=0x7b5c3e7900 fn= 711 caller= android.view.SurfaceView.applyOrMergeTransaction:1455 android.view.SurfaceView.-$$Nest$mapplyOrMergeTransaction:0 android.view.SurfaceView$SurfaceViewPositionUpdateListener.positionChanged:1537 
10-17 19:30:46.026 29384 29456 I ViewRootImpl@61751e2[MainActivity]: mWNT: t=0x7bdaa8bd00 mBlastBufferQueue=0x7b5c3e7900 fn= 711 caller= android.view.ViewRootImpl.lambda$applyTransactionOnDraw$11$android-view-ViewRootImpl:12865 android.view.ViewRootImpl$$ExternalSyntheticLambda1.onFrameDraw:4 android.graphics.HardwareRenderer$FrameDrawingCallback.onFrameDraw:924 
10-17 19:30:46.037 29384 29384 I SurfaceView@6db53c0: Changes: creating=false format=false size=false visible=false alpha=false hint=false mUseAlpha=false visible=false left=false top=true
10-17 19:30:46.037 29384 29384 I SurfaceView@6db53c0: 115037120 Cur surface: Surface(name=null)/@0x9f88cff
10-17 19:30:46.037 29384 29384 I SurfaceView@6db53c0: applyTransactionOnVriDraw: vri = ViewRootImpl@61751e2[MainActivity] fRS = false t = 0x7bdaa8be00 android.view.SurfaceView.performSurfaceTransaction:959 android.view.SurfaceView.updateSurface:1105 android.view.SurfaceView.lambda$new$0$android-view-SurfaceView:200 
10-17 19:30:46.038 29384 29384 I ViewRootImpl@61751e2[MainActivity]: applyTransactionOnDraw: mRemoved = false isHardwareEnabled = true t = 0x7bdaa8be00android.view.SurfaceView.applyTransactionOnVriDraw:2048 android.view.SurfaceView.performSurfaceTransaction:959 android.view.SurfaceView.updateSurface:1105 android.view.SurfaceView.lambda$new$0$android-view-SurfaceView:200 android.view.SurfaceView$$ExternalSyntheticLambda5.onPreDraw:2 
10-17 19:30:46.038 29384 29384 I SurfaceView@6db53c0: updateSurface: mVisible = true mSurface.isValid() = true
10-17 19:30:46.038 29384 29384 I SurfaceView@6db53c0: updateSurface: mSurfaceCreated = true surfaceChanged = false visibleChanged = false
10-17 19:30:46.038 29384 29384 V SurfaceView@6db53c0: Layout: x=0 y=-93 w=1080 h=525, frame=Rect(0, 0 - 1080, 525)
10-17 19:30:46.040 29384 29457 D SurfaceView@6db53c0: updateSurfacePosition RenderWorker, frameNr = 712, position = [0, -93, 1080, 432] surfaceSize = 1080x525
10-17 19:30:46.040 29384 29457 I SurfaceView@6db53c0: uSP: rtp = Rect(0, -93 - 1080, 432) rtsw = 1080 rtsh = 525
10-17 19:30:46.040 29384 29457 I SurfaceView@6db53c0: onSSPAndSRT: pl = 0 pt = -93 sx = 1.0 sy = 1.0
10-17 19:30:46.040 29384 29457 I SurfaceView@6db53c0: aOrMT: ViewRootImpl@61751e2[MainActivity] t = android.view.SurfaceControl$Transaction@6eae7b8 fN = 712 android.view.SurfaceView.-$$Nest$mapplyOrMergeTransaction:0 android.view.SurfaceView$SurfaceViewPositionUpdateListener.positionChanged:1537 android.graphics.RenderNode$CompositePositionUpdateListener.positionChanged:373 
10-17 19:30:46.041 29384 29457 I ViewRootImpl@61751e2[MainActivity]: mWNT: t=0x7b1a3d4900 mBlastBufferQueue=0x7b5c3e7900 fn= 712 caller= android.view.SurfaceView.applyOrMergeTransaction:1455 android.view.SurfaceView.-$$Nest$mapplyOrMergeTransaction:0 android.view.SurfaceView$SurfaceViewPositionUpdateListener.positionChanged:1537 
10-17 19:30:46.041 29384 29457 I ViewRootImpl@61751e2[MainActivity]: mWNT: t=0x7bdaa8be00 mBlastBufferQueue=0x7b5c3e7900 fn= 712 caller= android.view.ViewRootImpl.lambda$applyTransactionOnDraw$11$android-view-ViewRootImpl:12865 android.view.ViewRootImpl$$ExternalSyntheticLambda1.onFrameDraw:4 android.graphics.HardwareRenderer$FrameDrawingCallback.onFrameDraw:924 
10-17 19:30:46.055 29384 29384 I SurfaceView@6db53c0: Changes: creating=false format=false size=false visible=false alpha=false hint=false mUseAlpha=false visible=false left=false top=true
10-17 19:30:46.055 29384 29384 I SurfaceView@6db53c0: 115037120 Cur surface: Surface(name=null)/@0x9f88cff
10-17 19:30:46.056 29384 29384 I SurfaceView@6db53c0: applyTransactionOnVriDraw: vri = ViewRootImpl@61751e2[MainActivity] fRS = false t = 0x7bdaa8bf00 android.view.SurfaceView.performSurfaceTransaction:959 android.view.SurfaceView.updateSurface:1105 android.view.SurfaceView.lambda$new$0$android-view-SurfaceView:200 
10-17 19:30:46.056 29384 29384 I ViewRootImpl@61751e2[MainActivity]: applyTransactionOnDraw: mRemoved = false isHardwareEnabled = true t = 0x7bdaa8bf00android.view.SurfaceView.applyTransactionOnVriDraw:2048 android.view.SurfaceView.performSurfaceTransaction:959 android.view.SurfaceView.updateSurface:1105 android.view.SurfaceView.lambda$new$0$android-view-SurfaceView:200 android.view.SurfaceView$$ExternalSyntheticLambda5.onPreDraw:2 
10-17 19:30:46.056 29384 29384 I SurfaceView@6db53c0: updateSurface: mVisible = true mSurface.isValid() = true
10-17 19:30:46.056 29384 29384 I SurfaceView@6db53c0: updateSurface: mSurfaceCreated = true surfaceChanged = false visibleChanged = false
10-17 19:30:46.056 29384 29384 V SurfaceView@6db53c0: Layout: x=0 y=45 w=1080 h=525, frame=Rect(0, 0 - 1080, 525)
10-17 19:30:46.059 29384 29456 D SurfaceView@6db53c0: updateSurfacePosition RenderWorker, frameNr = 713, position = [0, 45, 1080, 570] surfaceSize = 1080x525
10-17 19:30:46.059 29384 29456 I SurfaceView@6db53c0: uSP: rtp = Rect(0, 45 - 1080, 570) rtsw = 1080 rtsh = 525
10-17 19:30:46.059 29384 29456 I SurfaceView@6db53c0: onSSPAndSRT: pl = 0 pt = 45 sx = 1.0 sy = 1.0
10-17 19:30:46.059 29384 29456 I SurfaceView@6db53c0: aOrMT: ViewRootImpl@61751e2[MainActivity] t = android.view.SurfaceControl$Transaction@6eae7b8 fN = 713 android.view.SurfaceView.-$$Nest$mapplyOrMergeTransaction:0 android.view.SurfaceView$SurfaceViewPositionUpdateListener.positionChanged:1537 android.graphics.RenderNode$CompositePositionUpdateListener.positionChanged:373 
10-17 19:30:46.060 29384 29456 I ViewRootImpl@61751e2[MainActivity]: mWNT: t=0x7b1a3d4900 mBlastBufferQueue=0x7b5c3e7900 fn= 713 caller= android.view.SurfaceView.applyOrMergeTransaction:1455 android.view.SurfaceView.-$$Nest$mapplyOrMergeTransaction:0 android.view.SurfaceView$SurfaceViewPositionUpdateListener.positionChanged:1537 
10-17 19:30:46.060 29384 29456 I ViewRootImpl@61751e2[MainActivity]: mWNT: t=0x7bdaa8bf00 mBlastBufferQueue=0x7b5c3e7900 fn= 713 caller= android.view.ViewRootImpl.lambda$applyTransactionOnDraw$11$android-view-ViewRootImpl:12865 android.view.ViewRootImpl$$ExternalSyntheticLambda1.onFrameDraw:4 android.graphics.HardwareRenderer$FrameDrawingCallback.onFrameDraw:924 
10-17 19:30:46.071 29384 29384 I SurfaceView@6db53c0: Changes: creating=false format=false size=false visible=false alpha=false hint=false mUseAlpha=false visible=false left=false top=true
10-17 19:30:46.072 29384 29384 I SurfaceView@6db53c0: 115037120 Cur surface: Surface(name=null)/@0x9f88cff
10-17 19:30:46.072 29384 29384 I SurfaceView@6db53c0: applyTransactionOnVriDraw: vri = ViewRootImpl@61751e2[MainActivity] fRS = false t = 0x7b5c509000 android.view.SurfaceView.performSurfaceTransaction:959 android.view.SurfaceView.updateSurface:1105 android.view.SurfaceView.lambda$new$0$android-view-SurfaceView:200 
10-17 19:30:46.072 29384 29384 I ViewRootImpl@61751e2[MainActivity]: applyTransactionOnDraw: mRemoved = false isHardwareEnabled = true t = 0x7b5c509000android.view.SurfaceView.applyTransactionOnVriDraw:2048 android.view.SurfaceView.performSurfaceTransaction:959 android.view.SurfaceView.updateSurface:1105 android.view.SurfaceView.lambda$new$0$android-view-SurfaceView:200 android.view.SurfaceView$$ExternalSyntheticLambda5.onPreDraw:2 
10-17 19:30:46.072 29384 29384 I SurfaceView@6db53c0: updateSurface: mVisible = true mSurface.isValid() = true
10-17 19:30:46.072 29384 29384 I SurfaceView@6db53c0: updateSurface: mSurfaceCreated = true surfaceChanged = false visibleChanged = false
10-17 19:30:46.072 29384 29384 V SurfaceView@6db53c0: Layout: x=0 y=172 w=1080 h=525, frame=Rect(0, 0 - 1080, 525)
10-17 19:30:46.076 29384 29457 D SurfaceView@6db53c0: updateSurfacePosition RenderWorker, frameNr = 714, position = [0, 172, 1080, 697] surfaceSize = 1080x525
10-17 19:30:46.076 29384 29457 I SurfaceView@6db53c0: uSP: rtp = Rect(0, 172 - 1080, 697) rtsw = 1080 rtsh = 525
10-17 19:30:46.076 29384 29457 I SurfaceView@6db53c0: onSSPAndSRT: pl = 0 pt = 172 sx = 1.0 sy = 1.0
10-17 19:30:46.076 29384 29457 I SurfaceView@6db53c0: aOrMT: ViewRootImpl@61751e2[MainActivity] t = android.view.SurfaceControl$Transaction@6eae7b8 fN = 714 android.view.SurfaceView.-$$Nest$mapplyOrMergeTransaction:0 android.view.SurfaceView$SurfaceViewPositionUpdateListener.positionChanged:1537 android.graphics.RenderNode$CompositePositionUpdateListener.positionChanged:373 
10-17 19:30:46.076 29384 29457 I ViewRootImpl@61751e2[MainActivity]: mWNT: t=0x7b1a3d4900 mBlastBufferQueue=0x7b5c3e7900 fn= 714 caller= android.view.SurfaceView.applyOrMergeTransaction:1455 android.view.SurfaceView.-$$Nest$mapplyOrMergeTransaction:0 android.view.SurfaceView$SurfaceViewPositionUpdateListener.positionChanged:1537 
10-17 19:30:46.076 29384 29457 I ViewRootImpl@61751e2[MainActivity]: mWNT: t=0x7b5c509000 mBlastBufferQueue=0x7b5c3e7900 fn= 714 caller= android.view.ViewRootImpl.lambda$applyTransactionOnDraw$11$android-view-ViewRootImpl:12865 android.view.ViewRootImpl$$ExternalSyntheticLambda1.onFrameDraw:4 android.graphics.HardwareRenderer$FrameDrawingCallback.onFrameDraw:924 
10-17 19:30:46.089 29384 29384 I SurfaceView@6db53c0: Changes: creating=false format=false size=false visible=false alpha=false hint=false mUseAlpha=false visible=false left=false top=true
10-17 19:30:46.089 29384 29384 I SurfaceView@6db53c0: 115037120 Cur surface: Surface(name=null)/@0x9f88cff
10-17 19:30:46.089 29384 29384 I SurfaceView@6db53c0: applyTransactionOnVriDraw: vri = ViewRootImpl@61751e2[MainActivity] fRS = false t = 0x7b5c509100 android.view.SurfaceView.performSurfaceTransaction:959 android.view.SurfaceView.updateSurface:1105 android.view.SurfaceView.lambda$new$0$android-view-SurfaceView:200 
10-17 19:30:46.089 29384 29384 I ViewRootImpl@61751e2[MainActivity]: applyTransactionOnDraw: mRemoved = false isHardwareEnabled = true t = 0x7b5c509100android.view.SurfaceView.applyTransactionOnVriDraw:2048 android.view.SurfaceView.performSurfaceTransaction:959 android.view.SurfaceView.updateSurface:1105 android.view.SurfaceView.lambda$new$0$android-view-SurfaceView:200 android.view.SurfaceView$$ExternalSyntheticLambda5.onPreDraw:2 
10-17 19:30:46.089 29384 29384 I SurfaceView@6db53c0: updateSurface: mVisible = true mSurface.isValid() = true
10-17 19:30:46.090 29384 29384 I SurfaceView@6db53c0: updateSurface: mSurfaceCreated = true surfaceChanged = false visibleChanged = false
10-17 19:30:46.090 29384 29384 V SurfaceView@6db53c0: Layout: x=0 y=218 w=1080 h=525, frame=Rect(0, 0 - 1080, 525)
10-17 19:30:46.094 29384 29456 D SurfaceView@6db53c0: updateSurfacePosition RenderWorker, frameNr = 715, position = [0, 218, 1080, 743] surfaceSize = 1080x525
10-17 19:30:46.094 29384 29456 I SurfaceView@6db53c0: uSP: rtp = Rect(0, 218 - 1080, 743) rtsw = 1080 rtsh = 525
10-17 19:30:46.094 29384 29456 I SurfaceView@6db53c0: onSSPAndSRT: pl = 0 pt = 218 sx = 1.0 sy = 1.0
10-17 19:30:46.094 29384 29456 I SurfaceView@6db53c0: aOrMT: ViewRootImpl@61751e2[MainActivity] t = android.view.SurfaceControl$Transaction@6eae7b8 fN = 715 android.view.SurfaceView.-$$Nest$mapplyOrMergeTransaction:0 android.view.SurfaceView$SurfaceViewPositionUpdateListener.positionChanged:1537 android.graphics.RenderNode$CompositePositionUpdateListener.positionChanged:373 
10-17 19:30:46.094 29384 29456 I ViewRootImpl@61751e2[MainActivity]: mWNT: t=0x7b1a3d4900 mBlastBufferQueue=0x7b5c3e7900 fn= 715 caller= android.view.SurfaceView.applyOrMergeTransaction:1455 android.view.SurfaceView.-$$Nest$mapplyOrMergeTransaction:0 android.view.SurfaceView$SurfaceViewPositionUpdateListener.positionChanged:1537 
10-17 19:30:46.094 29384 29456 I ViewRootImpl@61751e2[MainActivity]: mWNT: t=0x7b5c509100 mBlastBufferQueue=0x7b5c3e7900 fn= 715 caller= android.view.ViewRootImpl.lambda$applyTransactionOnDraw$11$android-view-ViewRootImpl:12865 android.view.ViewRootImpl$$ExternalSyntheticLambda1.onFrameDraw:4 android.graphics.HardwareRenderer$FrameDrawingCallback.onFrameDraw:924 
10-17 19:30:48.943 29384 29384 I ViewRootImpl@61751e2[MainActivity]: ViewPostIme pointer 0
10-17 19:30:49.087 29384 29384 I ViewRootImpl@61751e2[MainActivity]: MSG_WINDOW_FOCUS_CHANGED 0 0
10-17 19:30:49.691 29384 29384 I ViewRootImpl@61751e2[MainActivity]: handleAppVisibility mAppVisible = true visible = false
10-17 19:30:49.699 29384 29384 I SurfaceView@6db53c0: onWindowVisibilityChanged(8) false android.view.SurfaceView{6db53c0 V.E..V... ........ 0,0-1080,525} of ViewRootImpl@61751e2[MainActivity]
10-17 19:30:49.699 29384 29384 I SurfaceView@6db53c0: Changes: creating=false format=false size=false visible=true alpha=false hint=false mUseAlpha=false visible=true left=false top=false
10-17 19:30:49.699 29384 29384 I SurfaceView@6db53c0: 115037120 Cur surface: Surface(name=null)/@0x9f88cff
10-17 19:30:49.699 29384 29384 I SurfaceView@6db53c0: applyTransactionOnVriDraw: vri = ViewRootImpl@61751e2[MainActivity] fRS = false t = 0x7b5c509200 android.view.SurfaceView.performSurfaceTransaction:959 android.view.SurfaceView.updateSurface:1105 android.view.SurfaceView.onWindowVisibilityChanged:371 
10-17 19:30:49.700 29384 29384 I ViewRootImpl@61751e2[MainActivity]: applyTransactionOnDraw: mRemoved = false isHardwareEnabled = true t = 0x7b5c509200android.view.SurfaceView.applyTransactionOnVriDraw:2048 android.view.SurfaceView.performSurfaceTransaction:959 android.view.SurfaceView.updateSurface:1105 android.view.SurfaceView.onWindowVisibilityChanged:371 android.view.View.dispatchWindowVisibilityChanged:15943 
10-17 19:30:49.700 29384 29384 I SurfaceView@6db53c0: surfaceDestroyed
10-17 19:30:49.700 29384 29384 I SurfaceView@6db53c0: surfaceDestroyed callback.size 0 #2 android.view.SurfaceView{6db53c0 V.E..V... ........ 0,0-1080,525}
10-17 19:30:49.700 29384 29384 I SurfaceView@6db53c0: updateSurface: mVisible = false mSurface.isValid() = true
10-17 19:30:49.700 29384 29384 I SurfaceView@6db53c0: releaseSurfaces: viewRoot = ViewRootImpl@61751e2[MainActivity]
10-17 19:30:49.700 29384 29384 I SurfaceView@6db53c0: applyTransactionOnVriDraw: vri = ViewRootImpl@61751e2[MainActivity] fRS = true t = 0x7b5c509500 android.view.SurfaceView.releaseSurfaces:858 android.view.SurfaceView.updateSurface:1172 android.view.SurfaceView.onWindowVisibilityChanged:371 
10-17 19:30:49.701 29384 29384 I SurfaceView@6db53c0: applyTransactionOnVriDraw: viewRoot.applyTransactionOnDrawFromReleaseSurfaces
10-17 19:30:49.701 29384 29384 I ViewRootImpl@61751e2[MainActivity]: from releaseSurfaces t.apply t = 0x7b5c509500
10-17 19:30:49.705 29384 29384 V SurfaceView@6db53c0: Layout: x=0 y=218 w=1080 h=525, frame=Rect(0, 0 - 1080, 525)
10-17 19:30:49.707 29384 29407 D SurfaceView@6db53c0: windowPositionLost, frameNr = 0
10-17 19:30:49.711 29384 29407 D OpenGLRenderer: setSurface called with nullptr
10-17 19:30:49.711 29384 29407 D OpenGLRenderer: setSurface() destroyed EGLSurface
10-17 19:30:49.711 29384 29407 D OpenGLRenderer: destroyEglSurface
10-17 19:30:49.713 29384 29384 I ViewRootImpl@61751e2[MainActivity]: performTraversals mFirst=false windowShouldResize=false viewVisibilityChanged=true mForceNextWindowRelayout=false params=null
10-17 19:30:49.776 29384 29384 I ViewRootImpl@61751e2[MainActivity]: Relayout returned: old=(0,0,1080,2400) new=(0,0,1080,2400) req=(1080,2400)8 dur=27 res=0x2 s={false 0x0} ch=true seqId=0
10-17 19:30:49.777 29384 29384 I SurfaceView@6db53c0: windowStopped(true) false android.view.SurfaceView{6db53c0 V.E..V... ........ 0,0-1080,525} of ViewRootImpl@61751e2[MainActivity]
10-17 19:30:49.777 29384 29384 D SurfaceView@6db53c0: updateSurface: surface is not valid
10-17 19:30:49.777 29384 29384 I SurfaceView@6db53c0: releaseSurfaces: viewRoot = ViewRootImpl@61751e2[MainActivity]
10-17 19:30:49.777 29384 29384 I SurfaceView@6db53c0: applyTransactionOnVriDraw: vri = ViewRootImpl@61751e2[MainActivity] fRS = true t = 0x7b47816600 android.view.SurfaceView.releaseSurfaces:858 android.view.SurfaceView.updateSurface:998 android.view.SurfaceView.setWindowStopped:335 
10-17 19:30:49.778 29384 29384 I SurfaceView@6db53c0: applyTransactionOnVriDraw: viewRoot.applyTransactionOnDrawFromReleaseSurfaces
10-17 19:30:49.778 29384 29384 I ViewRootImpl@61751e2[MainActivity]: from releaseSurfaces t.apply t = 0x7b47816600
10-17 19:30:49.778 29384 29384 D SurfaceView@6db53c0: updateSurface: surface is not valid
10-17 19:30:49.779 29384 29384 I SurfaceView@6db53c0: releaseSurfaces: viewRoot = ViewRootImpl@61751e2[MainActivity]
10-17 19:30:49.779 29384 29384 I SurfaceView@6db53c0: applyTransactionOnVriDraw: vri = ViewRootImpl@61751e2[MainActivity] fRS = true t = 0x7b5c509600 android.view.SurfaceView.releaseSurfaces:858 android.view.SurfaceView.updateSurface:998 android.view.SurfaceView.lambda$new$0$android-view-SurfaceView:200 
10-17 19:30:49.779 29384 29384 I SurfaceView@6db53c0: applyTransactionOnVriDraw: viewRoot.applyTransactionOnDrawFromReleaseSurfaces
10-17 19:30:49.779 29384 29384 I ViewRootImpl@61751e2[MainActivity]: from releaseSurfaces t.apply t = 0x7b5c509600
10-17 19:30:49.790 29384 29384 D InputTransport: Input channel destroyed: 'ClientS', fd=142
10-17 19:30:49.799 29384 29384 I ViewRootImpl@61751e2[MainActivity]: stopped(true) old = false
10-17 19:30:49.799 29384 29384 I ViewRootImpl@61751e2[MainActivity]: WindowStopped on com.lagradost.cloudstream3/com.lagradost.cloudstream3.MainActivity set to true
10-17 19:30:49.806 29384 29384 I AppVisibilityProxy: onAppEnteredBackground
10-17 19:30:49.816 29384 29384 I CS3ExoPlayer: onStop
10-17 19:30:49.816 29384 29384 I CS3ExoPlayer: saveData
10-17 19:30:49.817 29384 29384 I CS3ExoPlayer: handleEvent Pause
10-17 19:30:49.829 29384 29384 I MSHandlerLifeCycle: removeMultiSplitHandler: no exist. decor=DecorView@a9ff668[MainActivity]
10-17 19:30:49.834 29384 29384 I ViewRootImpl@61751e2[MainActivity]: performTraversals mFirst=false windowShouldResize=false viewVisibilityChanged=false mForceNextWindowRelayout=false params={(0,0)(fillxfill) sim={state=always_hidden adjust=pan} ty=BASE_APPLICATION fmt=TRANSLUCENT wanim=0x1030309
10-17 19:30:49.834 29384 29384 I ViewRootImpl@61751e2[MainActivity]:   fl=85810100
10-17 19:30:49.834 29384 29384 I ViewRootImpl@61751e2[MainActivity]:   pfl=12020040
10-17 19:30:49.834 29384 29384 I ViewRootImpl@61751e2[MainActivity]:   vsysui=500
10-17 19:30:49.834 29384 29384 I ViewRootImpl@61751e2[MainActivity]:   bhv=DEFAULT
10-17 19:30:49.834 29384 29384 I ViewRootImpl@61751e2[MainActivity]:   fitSides= naviIconColor=0}
10-17 19:30:49.840 29384 29384 I ViewRootImpl@61751e2[MainActivity]: Relayout returned: old=(0,0,1080,2400) new=(0,0,1080,2400) req=(1080,2400)8 dur=5 res=0x2 s={false 0x0} ch=false seqId=0
10-17 19:30:49.841 29384 29384 D SurfaceView@6db53c0: updateSurface: surface is not valid
10-17 19:30:49.841 29384 29384 I SurfaceView@6db53c0: releaseSurfaces: viewRoot = ViewRootImpl@61751e2[MainActivity]
10-17 19:30:49.841 29384 29384 I SurfaceView@6db53c0: applyTransactionOnVriDraw: vri = ViewRootImpl@61751e2[MainActivity] fRS = true t = 0x7b5c509700 android.view.SurfaceView.releaseSurfaces:858 android.view.SurfaceView.updateSurface:998 android.view.SurfaceView.lambda$new$0$android-view-SurfaceView:200 
10-17 19:30:49.841 29384 29384 I SurfaceView@6db53c0: applyTransactionOnVriDraw: viewRoot.applyTransactionOnDrawFromReleaseSurfaces
10-17 19:30:49.841 29384 29384 I ViewRootImpl@61751e2[MainActivity]: from releaseSurfaces t.apply t = 0x7b5c509700
10-17 19:30:49.855 29384 29384 W MediaRouter: Ignoring invalid provider descriptor: null
10-17 19:31:04.000 29384 29401 W st.cloudstream3: Checksum mismatch for dex Asia2tv.950460682.cs3
10-17 19:31:04.000 29384 29401 W st.cloudstream3: Could not merge the profile. Clearing the profile data.
10-17 19:31:04.047 29384 29401 W st.cloudstream3: Failed to flush directory /data/misc/profiles/cur/0/com.lagradost.cloudstream3: Permission denied
10-17 19:31:07.665 29384 29384 I ViewRootImpl@61751e2[MainActivity]: handleAppVisibility mAppVisible = false visible = true
10-17 19:31:07.671 29384 29384 I ViewRootImpl@61751e2[MainActivity]: stopped(false) old = true
10-17 19:31:07.671 29384 29384 I ViewRootImpl@61751e2[MainActivity]: WindowStopped on com.lagradost.cloudstream3/com.lagradost.cloudstream3.MainActivity set to false
10-17 19:31:07.681 29384 29384 I MSHandlerLifeCycle: removeMultiSplitHandler: no exist. decor=DecorView@a9ff668[MainActivity]
10-17 19:31:07.681 29384 29384 I ViewRootImpl@61751e2[MainActivity]: stopped(false) old = false
10-17 19:31:07.695 29384 29384 I CS3ExoPlayer: reloadPlayer
10-17 19:31:07.695 29384 29384 I CS3ExoPlayer: releasePlayer
10-17 19:31:07.695 29384 29384 I CS3ExoPlayer: Handle event: PlayerAttachedEvent(player=null, source=Player)
10-17 19:31:07.701 29384 29384 I DecorView: notifyKeepScreenOnChanged: keepScreenOn=false
10-17 19:31:07.701 29384 29384 I MSHandlerLifeCycle: removeMultiSplitHandler: no exist. decor=DecorView@a9ff668[MainActivity]
10-17 19:31:07.702 29384 29384 I SurfaceView@6db53c0: onWindowVisibilityChanged(0) false android.view.SurfaceView{6db53c0 V.E..V... ........ 0,0-1080,525} of ViewRootImpl@61751e2[MainActivity]
10-17 19:31:07.702 29384 29384 D SurfaceView@6db53c0: updateSurface: surface is not valid
10-17 19:31:07.702 29384 29384 I SurfaceView@6db53c0: releaseSurfaces: viewRoot = ViewRootImpl@61751e2[MainActivity]
10-17 19:31:07.702 29384 29384 I SurfaceView@6db53c0: applyTransactionOnVriDraw: vri = ViewRootImpl@61751e2[MainActivity] fRS = true t = 0x7b5c509800 android.view.SurfaceView.releaseSurfaces:858 android.view.SurfaceView.updateSurface:998 android.view.SurfaceView.onWindowVisibilityChanged:371 
10-17 19:31:07.702 29384 29384 I SurfaceView@6db53c0: applyTransactionOnVriDraw: viewRoot.applyTransactionOnDrawFromReleaseSurfaces
10-17 19:31:07.702 29384 29384 I ViewRootImpl@61751e2[MainActivity]: applyTransactionOnDraw: mRemoved = false isHardwareEnabled = false t = 0x7b5c509800android.view.ViewRootImpl.applyTransactionOnDrawFromReleaseSurfaces:12850 android.view.SurfaceView.applyTransactionOnVriDraw:2046 android.view.SurfaceView.releaseSurfaces:858 android.view.SurfaceView.updateSurface:998 android.view.SurfaceView.onWindowVisibilityChanged:371 
10-17 19:31:07.708 29384 29384 I ViewRootImpl@61751e2[MainActivity]: performTraversals params={(0,0)(fillxfill) sim={state=always_hidden adjust=resize forwardNavigation} ty=BASE_APPLICATION fmt=TRANSLUCENT wanim=0x1030309
10-17 19:31:07.708 29384 29384 I ViewRootImpl@61751e2[MainActivity]:   fl=85810100
10-17 19:31:07.708 29384 29384 I ViewRootImpl@61751e2[MainActivity]:   pfl=12020040
10-17 19:31:07.708 29384 29384 I ViewRootImpl@61751e2[MainActivity]:   vsysui=500
10-17 19:31:07.708 29384 29384 I ViewRootImpl@61751e2[MainActivity]:   bhv=DEFAULT
10-17 19:31:07.708 29384 29384 I ViewRootImpl@61751e2[MainActivity]:   fitSides= naviIconColor=0}
10-17 19:31:07.709 29384 29384 I ViewRootImpl@61751e2[MainActivity]: performTraversals mFirst=false windowShouldResize=false viewVisibilityChanged=true mForceNextWindowRelayout=false params={(0,0)(fillxfill) sim={state=always_hidden adjust=resize forwardNavigation} ty=BASE_APPLICATION fmt=TRANSLUCENT wanim=0x1030309
10-17 19:31:07.709 29384 29384 I ViewRootImpl@61751e2[MainActivity]:   fl=85810100
10-17 19:31:07.709 29384 29384 I ViewRootImpl@61751e2[MainActivity]:   pfl=12020040
10-17 19:31:07.709 29384 29384 I ViewRootImpl@61751e2[MainActivity]:   vsysui=500
10-17 19:31:07.709 29384 29384 I ViewRootImpl@61751e2[MainActivity]:   bhv=DEFAULT
