10-16 17:44:41.694 17186 17186 I SurfaceView@c63e007: updateSurface: mSurfaceCreated = true surfaceChanged = false visibleChanged = false
10-16 17:44:41.694 17186 17186 V SurfaceView@c63e007: Layout: x=0 y=-1501 w=1080 h=525, frame=Rect(0, 0 - 1080, 525)
10-16 17:44:41.697 17186 17271 D SurfaceView@c63e007: updateSurfacePosition RenderWorker, frameNr = 1503, position = [0, -1501, 1080, -976] surfaceSize = 1080x525
10-16 17:44:41.697 17186 17271 I SurfaceView@c63e007: uSP: rtp = Rect(0, -1501 - 1080, -976) rtsw = 1080 rtsh = 525
10-16 17:44:41.697 17186 17271 I SurfaceView@c63e007: onSSPAndSRT: pl = 0 pt = -1501 sx = 1.0 sy = 1.0
10-16 17:44:41.697 17186 17271 I SurfaceView@c63e007: aOrMT: ViewRootImpl@562a9cf[MainActivity] t = android.view.SurfaceControl$Transaction@2efb051 fN = 1503 android.view.SurfaceView.-$$Nest$mapplyOrMergeTransaction:0 android.view.SurfaceView$SurfaceViewPositionUpdateListener.positionChanged:1537 android.graphics.RenderNode$CompositePositionUpdateListener.positionChanged:373 
10-16 17:44:41.698 17186 17271 I ViewRootImpl@562a9cf[MainActivity]: mWNT: t=0x7ae7bc0d00 mBlastBufferQueue=0x7b49432100 fn= 1503 caller= android.view.SurfaceView.applyOrMergeTransaction:1455 android.view.SurfaceView.-$$Nest$mapplyOrMergeTransaction:0 android.view.SurfaceView$SurfaceViewPositionUpdateListener.positionChanged:1537 
10-16 17:44:41.698 17186 17271 I ViewRootImpl@562a9cf[MainActivity]: mWNT: t=0x7bed803e00 mBlastBufferQueue=0x7b49432100 fn= 1503 caller= android.view.ViewRootImpl.lambda$applyTransactionOnDraw$11$android-view-ViewRootImpl:12865 android.view.ViewRootImpl$$ExternalSyntheticLambda1.onFrameDraw:4 android.graphics.HardwareRenderer$FrameDrawingCallback.onFrameDraw:924 
10-16 17:44:41.711 17186 17186 I SurfaceView@c63e007: Changes: creating=false format=false size=false visible=false alpha=false hint=false mUseAlpha=false visible=false left=false top=true
10-16 17:44:41.711 17186 17186 I SurfaceView@c63e007: 207872007 Cur surface: Surface(name=null)/@0xa59788c
10-16 17:44:41.711 17186 17186 I SurfaceView@c63e007: applyTransactionOnVriDraw: vri = ViewRootImpl@562a9cf[MainActivity] fRS = false t = 0x7bed803f00 android.view.SurfaceView.performSurfaceTransaction:959 android.view.SurfaceView.updateSurface:1105 android.view.SurfaceView.lambda$new$0$android-view-SurfaceView:200 
10-16 17:44:41.711 17186 17186 I ViewRootImpl@562a9cf[MainActivity]: applyTransactionOnDraw: mRemoved = false isHardwareEnabled = true t = 0x7bed803f00android.view.SurfaceView.applyTransactionOnVriDraw:2048 android.view.SurfaceView.performSurfaceTransaction:959 android.view.SurfaceView.updateSurface:1105 android.view.SurfaceView.lambda$new$0$android-view-SurfaceView:200 android.view.SurfaceView$$ExternalSyntheticLambda5.onPreDraw:2 
10-16 17:44:41.711 17186 17186 I SurfaceView@c63e007: updateSurface: mVisible = true mSurface.isValid() = true
10-16 17:44:41.711 17186 17186 I SurfaceView@c63e007: updateSurface: mSurfaceCreated = true surfaceChanged = false visibleChanged = false
10-16 17:44:41.711 17186 17186 V SurfaceView@c63e007: Layout: x=0 y=-1336 w=1080 h=525, frame=Rect(0, 0 - 1080, 525)
10-16 17:44:41.715 17186 17270 D SurfaceView@c63e007: updateSurfacePosition RenderWorker, frameNr = 1504, position = [0, -1336, 1080, -811] surfaceSize = 1080x525
10-16 17:44:41.715 17186 17270 I SurfaceView@c63e007: uSP: rtp = Rect(0, -1336 - 1080, -811) rtsw = 1080 rtsh = 525
10-16 17:44:41.715 17186 17270 I SurfaceView@c63e007: onSSPAndSRT: pl = 0 pt = -1336 sx = 1.0 sy = 1.0
10-16 17:44:41.715 17186 17270 I SurfaceView@c63e007: aOrMT: ViewRootImpl@562a9cf[MainActivity] t = android.view.SurfaceControl$Transaction@2efb051 fN = 1504 android.view.SurfaceView.-$$Nest$mapplyOrMergeTransaction:0 android.view.SurfaceView$SurfaceViewPositionUpdateListener.positionChanged:1537 android.graphics.RenderNode$CompositePositionUpdateListener.positionChanged:373 
10-16 17:44:41.715 17186 17270 I ViewRootImpl@562a9cf[MainActivity]: mWNT: t=0x7ae7bc0d00 mBlastBufferQueue=0x7b49432100 fn= 1504 caller= android.view.SurfaceView.applyOrMergeTransaction:1455 android.view.SurfaceView.-$$Nest$mapplyOrMergeTransaction:0 android.view.SurfaceView$SurfaceViewPositionUpdateListener.positionChanged:1537 
10-16 17:44:41.715 17186 17270 I ViewRootImpl@562a9cf[MainActivity]: mWNT: t=0x7bed803f00 mBlastBufferQueue=0x7b49432100 fn= 1504 caller= android.view.ViewRootImpl.lambda$applyTransactionOnDraw$11$android-view-ViewRootImpl:12865 android.view.ViewRootImpl$$ExternalSyntheticLambda1.onFrameDraw:4 android.graphics.HardwareRenderer$FrameDrawingCallback.onFrameDraw:924 
10-16 17:44:41.727 17186 17186 I SurfaceView@c63e007: Changes: creating=false format=false size=false visible=false alpha=false hint=false mUseAlpha=false visible=false left=false top=true
10-16 17:44:41.727 17186 17186 I SurfaceView@c63e007: 207872007 Cur surface: Surface(name=null)/@0xa59788c
10-16 17:44:41.727 17186 17186 I SurfaceView@c63e007: applyTransactionOnVriDraw: vri = ViewRootImpl@562a9cf[MainActivity] fRS = false t = 0x7af5501000 android.view.SurfaceView.performSurfaceTransaction:959 android.view.SurfaceView.updateSurface:1105 android.view.SurfaceView.lambda$new$0$android-view-SurfaceView:200 
10-16 17:44:41.728 17186 17186 I ViewRootImpl@562a9cf[MainActivity]: applyTransactionOnDraw: mRemoved = false isHardwareEnabled = true t = 0x7af5501000android.view.SurfaceView.applyTransactionOnVriDraw:2048 android.view.SurfaceView.performSurfaceTransaction:959 android.view.SurfaceView.updateSurface:1105 android.view.SurfaceView.lambda$new$0$android-view-SurfaceView:200 android.view.SurfaceView$$ExternalSyntheticLambda5.onPreDraw:2 
10-16 17:44:41.728 17186 17186 I SurfaceView@c63e007: updateSurface: mVisible = true mSurface.isValid() = true
10-16 17:44:41.728 17186 17186 I SurfaceView@c63e007: updateSurface: mSurfaceCreated = true surfaceChanged = false visibleChanged = false
10-16 17:44:41.728 17186 17186 V SurfaceView@c63e007: Layout: x=0 y=-1148 w=1080 h=525, frame=Rect(0, 0 - 1080, 525)
10-16 17:44:41.730 17186 17271 D SurfaceView@c63e007: updateSurfacePosition RenderWorker, frameNr = 1505, position = [0, -1148, 1080, -623] surfaceSize = 1080x525
10-16 17:44:41.731 17186 17271 I SurfaceView@c63e007: uSP: rtp = Rect(0, -1148 - 1080, -623) rtsw = 1080 rtsh = 525
10-16 17:44:41.731 17186 17271 I SurfaceView@c63e007: onSSPAndSRT: pl = 0 pt = -1148 sx = 1.0 sy = 1.0
10-16 17:44:41.731 17186 17271 I SurfaceView@c63e007: aOrMT: ViewRootImpl@562a9cf[MainActivity] t = android.view.SurfaceControl$Transaction@2efb051 fN = 1505 android.view.SurfaceView.-$$Nest$mapplyOrMergeTransaction:0 android.view.SurfaceView$SurfaceViewPositionUpdateListener.positionChanged:1537 android.graphics.RenderNode$CompositePositionUpdateListener.positionChanged:373 
10-16 17:44:41.731 17186 17271 I ViewRootImpl@562a9cf[MainActivity]: mWNT: t=0x7ae7bc0d00 mBlastBufferQueue=0x7b49432100 fn= 1505 caller= android.view.SurfaceView.applyOrMergeTransaction:1455 android.view.SurfaceView.-$$Nest$mapplyOrMergeTransaction:0 android.view.SurfaceView$SurfaceViewPositionUpdateListener.positionChanged:1537 
10-16 17:44:41.731 17186 17271 I ViewRootImpl@562a9cf[MainActivity]: mWNT: t=0x7af5501000 mBlastBufferQueue=0x7b49432100 fn= 1505 caller= android.view.ViewRootImpl.lambda$applyTransactionOnDraw$11$android-view-ViewRootImpl:12865 android.view.ViewRootImpl$$ExternalSyntheticLambda1.onFrameDraw:4 android.graphics.HardwareRenderer$FrameDrawingCallback.onFrameDraw:924 
10-16 17:44:41.744 17186 17186 I SurfaceView@c63e007: Changes: creating=false format=false size=false visible=false alpha=false hint=false mUseAlpha=false visible=false left=false top=true
10-16 17:44:41.744 17186 17186 I SurfaceView@c63e007: 207872007 Cur surface: Surface(name=null)/@0xa59788c
10-16 17:44:41.745 17186 17186 I SurfaceView@c63e007: applyTransactionOnVriDraw: vri = ViewRootImpl@562a9cf[MainActivity] fRS = false t = 0x7af5501100 android.view.SurfaceView.performSurfaceTransaction:959 android.view.SurfaceView.updateSurface:1105 android.view.SurfaceView.lambda$new$0$android-view-SurfaceView:200 
10-16 17:44:41.745 17186 17186 I ViewRootImpl@562a9cf[MainActivity]: applyTransactionOnDraw: mRemoved = false isHardwareEnabled = true t = 0x7af5501100android.view.SurfaceView.applyTransactionOnVriDraw:2048 android.view.SurfaceView.performSurfaceTransaction:959 android.view.SurfaceView.updateSurface:1105 android.view.SurfaceView.lambda$new$0$android-view-SurfaceView:200 android.view.SurfaceView$$ExternalSyntheticLambda5.onPreDraw:2 
10-16 17:44:41.745 17186 17186 I SurfaceView@c63e007: updateSurface: mVisible = true mSurface.isValid() = true
10-16 17:44:41.745 17186 17186 I SurfaceView@c63e007: updateSurface: mSurfaceCreated = true surfaceChanged = false visibleChanged = false
10-16 17:44:41.745 17186 17186 V SurfaceView@c63e007: Layout: x=0 y=-962 w=1080 h=525, frame=Rect(0, 0 - 1080, 525)
10-16 17:44:41.748 17186 17270 D SurfaceView@c63e007: updateSurfacePosition RenderWorker, frameNr = 1506, position = [0, -962, 1080, -437] surfaceSize = 1080x525
10-16 17:44:41.748 17186 17270 I SurfaceView@c63e007: uSP: rtp = Rect(0, -962 - 1080, -437) rtsw = 1080 rtsh = 525
10-16 17:44:41.748 17186 17270 I SurfaceView@c63e007: onSSPAndSRT: pl = 0 pt = -962 sx = 1.0 sy = 1.0
10-16 17:44:41.748 17186 17270 I SurfaceView@c63e007: aOrMT: ViewRootImpl@562a9cf[MainActivity] t = android.view.SurfaceControl$Transaction@2efb051 fN = 1506 android.view.SurfaceView.-$$Nest$mapplyOrMergeTransaction:0 android.view.SurfaceView$SurfaceViewPositionUpdateListener.positionChanged:1537 android.graphics.RenderNode$CompositePositionUpdateListener.positionChanged:373 
10-16 17:44:41.748 17186 17270 I ViewRootImpl@562a9cf[MainActivity]: mWNT: t=0x7ae7bc0d00 mBlastBufferQueue=0x7b49432100 fn= 1506 caller= android.view.SurfaceView.applyOrMergeTransaction:1455 android.view.SurfaceView.-$$Nest$mapplyOrMergeTransaction:0 android.view.SurfaceView$SurfaceViewPositionUpdateListener.positionChanged:1537 
10-16 17:44:41.748 17186 17270 I ViewRootImpl@562a9cf[MainActivity]: mWNT: t=0x7af5501100 mBlastBufferQueue=0x7b49432100 fn= 1506 caller= android.view.ViewRootImpl.lambda$applyTransactionOnDraw$11$android-view-ViewRootImpl:12865 android.view.ViewRootImpl$$ExternalSyntheticLambda1.onFrameDraw:4 android.graphics.HardwareRenderer$FrameDrawingCallback.onFrameDraw:924 
10-16 17:44:41.761 17186 17186 I SurfaceView@c63e007: Changes: creating=false format=false size=false visible=false alpha=false hint=false mUseAlpha=false visible=false left=false top=true
10-16 17:44:41.761 17186 17186 I SurfaceView@c63e007: 207872007 Cur surface: Surface(name=null)/@0xa59788c
10-16 17:44:41.761 17186 17186 I SurfaceView@c63e007: applyTransactionOnVriDraw: vri = ViewRootImpl@562a9cf[MainActivity] fRS = false t = 0x7af5501200 android.view.SurfaceView.performSurfaceTransaction:959 android.view.SurfaceView.updateSurface:1105 android.view.SurfaceView.lambda$new$0$android-view-SurfaceView:200 
10-16 17:44:41.762 17186 17186 I ViewRootImpl@562a9cf[MainActivity]: applyTransactionOnDraw: mRemoved = false isHardwareEnabled = true t = 0x7af5501200android.view.SurfaceView.applyTransactionOnVriDraw:2048 android.view.SurfaceView.performSurfaceTransaction:959 android.view.SurfaceView.updateSurface:1105 android.view.SurfaceView.lambda$new$0$android-view-SurfaceView:200 android.view.SurfaceView$$ExternalSyntheticLambda5.onPreDraw:2 
10-16 17:44:41.762 17186 17186 I SurfaceView@c63e007: updateSurface: mVisible = true mSurface.isValid() = true
10-16 17:44:41.762 17186 17186 I SurfaceView@c63e007: updateSurface: mSurfaceCreated = true surfaceChanged = false visibleChanged = false
10-16 17:44:41.762 17186 17186 V SurfaceView@c63e007: Layout: x=0 y=-779 w=1080 h=525, frame=Rect(0, 0 - 1080, 525)
10-16 17:44:41.765 17186 17271 D SurfaceView@c63e007: updateSurfacePosition RenderWorker, frameNr = 1507, position = [0, -779, 1080, -254] surfaceSize = 1080x525
10-16 17:44:41.765 17186 17271 I SurfaceView@c63e007: uSP: rtp = Rect(0, -779 - 1080, -254) rtsw = 1080 rtsh = 525
10-16 17:44:41.765 17186 17271 I SurfaceView@c63e007: onSSPAndSRT: pl = 0 pt = -779 sx = 1.0 sy = 1.0
10-16 17:44:41.766 17186 17271 I SurfaceView@c63e007: aOrMT: ViewRootImpl@562a9cf[MainActivity] t = android.view.SurfaceControl$Transaction@2efb051 fN = 1507 android.view.SurfaceView.-$$Nest$mapplyOrMergeTransaction:0 android.view.SurfaceView$SurfaceViewPositionUpdateListener.positionChanged:1537 android.graphics.RenderNode$CompositePositionUpdateListener.positionChanged:373 
10-16 17:44:41.766 17186 17271 I ViewRootImpl@562a9cf[MainActivity]: mWNT: t=0x7ae7bc0d00 mBlastBufferQueue=0x7b49432100 fn= 1507 caller= android.view.SurfaceView.applyOrMergeTransaction:1455 android.view.SurfaceView.-$$Nest$mapplyOrMergeTransaction:0 android.view.SurfaceView$SurfaceViewPositionUpdateListener.positionChanged:1537 
10-16 17:44:41.766 17186 17271 I ViewRootImpl@562a9cf[MainActivity]: mWNT: t=0x7af5501200 mBlastBufferQueue=0x7b49432100 fn= 1507 caller= android.view.ViewRootImpl.lambda$applyTransactionOnDraw$11$android-view-ViewRootImpl:12865 android.view.ViewRootImpl$$ExternalSyntheticLambda1.onFrameDraw:4 android.graphics.HardwareRenderer$FrameDrawingCallback.onFrameDraw:924 
10-16 17:44:41.779 17186 17186 I SurfaceView@c63e007: Changes: creating=false format=false size=false visible=false alpha=false hint=false mUseAlpha=false visible=false left=false top=true
10-16 17:44:41.779 17186 17186 I SurfaceView@c63e007: 207872007 Cur surface: Surface(name=null)/@0xa59788c
10-16 17:44:41.779 17186 17186 I SurfaceView@c63e007: applyTransactionOnVriDraw: vri = ViewRootImpl@562a9cf[MainActivity] fRS = false t = 0x7af5501300 android.view.SurfaceView.performSurfaceTransaction:959 android.view.SurfaceView.updateSurface:1105 android.view.SurfaceView.lambda$new$0$android-view-SurfaceView:200 
10-16 17:44:41.780 17186 17186 I ViewRootImpl@562a9cf[MainActivity]: applyTransactionOnDraw: mRemoved = false isHardwareEnabled = true t = 0x7af5501300android.view.SurfaceView.applyTransactionOnVriDraw:2048 android.view.SurfaceView.performSurfaceTransaction:959 android.view.SurfaceView.updateSurface:1105 android.view.SurfaceView.lambda$new$0$android-view-SurfaceView:200 android.view.SurfaceView$$ExternalSyntheticLambda5.onPreDraw:2 
10-16 17:44:41.780 17186 17186 I SurfaceView@c63e007: updateSurface: mVisible = true mSurface.isValid() = true
10-16 17:44:41.780 17186 17186 I SurfaceView@c63e007: updateSurface: mSurfaceCreated = true surfaceChanged = false visibleChanged = false
10-16 17:44:41.780 17186 17186 V SurfaceView@c63e007: Layout: x=0 y=-586 w=1080 h=525, frame=Rect(0, 0 - 1080, 525)
10-16 17:44:41.783 17186 17270 D SurfaceView@c63e007: updateSurfacePosition RenderWorker, frameNr = 1508, position = [0, -586, 1080, -61] surfaceSize = 1080x525
10-16 17:44:41.784 17186 17270 I SurfaceView@c63e007: uSP: rtp = Rect(0, -586 - 1080, -61) rtsw = 1080 rtsh = 525
10-16 17:44:41.784 17186 17270 I SurfaceView@c63e007: onSSPAndSRT: pl = 0 pt = -586 sx = 1.0 sy = 1.0
10-16 17:44:41.784 17186 17270 I SurfaceView@c63e007: aOrMT: ViewRootImpl@562a9cf[MainActivity] t = android.view.SurfaceControl$Transaction@2efb051 fN = 1508 android.view.SurfaceView.-$$Nest$mapplyOrMergeTransaction:0 android.view.SurfaceView$SurfaceViewPositionUpdateListener.positionChanged:1537 android.graphics.RenderNode$CompositePositionUpdateListener.positionChanged:373 
10-16 17:44:41.784 17186 17270 I ViewRootImpl@562a9cf[MainActivity]: mWNT: t=0x7ae7bc0d00 mBlastBufferQueue=0x7b49432100 fn= 1508 caller= android.view.SurfaceView.applyOrMergeTransaction:1455 android.view.SurfaceView.-$$Nest$mapplyOrMergeTransaction:0 android.view.SurfaceView$SurfaceViewPositionUpdateListener.positionChanged:1537 
10-16 17:44:41.784 17186 17270 I ViewRootImpl@562a9cf[MainActivity]: mWNT: t=0x7af5501300 mBlastBufferQueue=0x7b49432100 fn= 1508 caller= android.view.ViewRootImpl.lambda$applyTransactionOnDraw$11$android-view-ViewRootImpl:12865 android.view.ViewRootImpl$$ExternalSyntheticLambda1.onFrameDraw:4 android.graphics.HardwareRenderer$FrameDrawingCallback.onFrameDraw:924 
10-16 17:44:41.795 17186 17186 I SurfaceView@c63e007: Changes: creating=false format=false size=false visible=false alpha=false hint=false mUseAlpha=false visible=false left=false top=true
10-16 17:44:41.795 17186 17186 I SurfaceView@c63e007: 207872007 Cur surface: Surface(name=null)/@0xa59788c
10-16 17:44:41.796 17186 17186 I SurfaceView@c63e007: applyTransactionOnVriDraw: vri = ViewRootImpl@562a9cf[MainActivity] fRS = false t = 0x7af5501400 android.view.SurfaceView.performSurfaceTransaction:959 android.view.SurfaceView.updateSurface:1105 android.view.SurfaceView.lambda$new$0$android-view-SurfaceView:200 
10-16 17:44:41.796 17186 17186 I ViewRootImpl@562a9cf[MainActivity]: applyTransactionOnDraw: mRemoved = false isHardwareEnabled = true t = 0x7af5501400android.view.SurfaceView.applyTransactionOnVriDraw:2048 android.view.SurfaceView.performSurfaceTransaction:959 android.view.SurfaceView.updateSurface:1105 android.view.SurfaceView.lambda$new$0$android-view-SurfaceView:200 android.view.SurfaceView$$ExternalSyntheticLambda5.onPreDraw:2 
10-16 17:44:41.796 17186 17186 I SurfaceView@c63e007: updateSurface: mVisible = true mSurface.isValid() = true
10-16 17:44:41.796 17186 17186 I SurfaceView@c63e007: updateSurface: mSurfaceCreated = true surfaceChanged = false visibleChanged = false
10-16 17:44:41.796 17186 17186 V SurfaceView@c63e007: Layout: x=0 y=-398 w=1080 h=525, frame=Rect(0, 0 - 1080, 525)
10-16 17:44:41.799 17186 17271 D SurfaceView@c63e007: updateSurfacePosition RenderWorker, frameNr = 1509, position = [0, -398, 1080, 127] surfaceSize = 1080x525
10-16 17:44:41.799 17186 17271 I SurfaceView@c63e007: uSP: rtp = Rect(0, -398 - 1080, 127) rtsw = 1080 rtsh = 525
10-16 17:44:41.799 17186 17271 I SurfaceView@c63e007: onSSPAndSRT: pl = 0 pt = -398 sx = 1.0 sy = 1.0
10-16 17:44:41.800 17186 17271 I SurfaceView@c63e007: aOrMT: ViewRootImpl@562a9cf[MainActivity] t = android.view.SurfaceControl$Transaction@2efb051 fN = 1509 android.view.SurfaceView.-$$Nest$mapplyOrMergeTransaction:0 android.view.SurfaceView$SurfaceViewPositionUpdateListener.positionChanged:1537 android.graphics.RenderNode$CompositePositionUpdateListener.positionChanged:373 
10-16 17:44:41.800 17186 17271 I ViewRootImpl@562a9cf[MainActivity]: mWNT: t=0x7ae7bc0d00 mBlastBufferQueue=0x7b49432100 fn= 1509 caller= android.view.SurfaceView.applyOrMergeTransaction:1455 android.view.SurfaceView.-$$Nest$mapplyOrMergeTransaction:0 android.view.SurfaceView$SurfaceViewPositionUpdateListener.positionChanged:1537 
10-16 17:44:41.800 17186 17271 I ViewRootImpl@562a9cf[MainActivity]: mWNT: t=0x7af5501400 mBlastBufferQueue=0x7b49432100 fn= 1509 caller= android.view.ViewRootImpl.lambda$applyTransactionOnDraw$11$android-view-ViewRootImpl:12865 android.view.ViewRootImpl$$ExternalSyntheticLambda1.onFrameDraw:4 android.graphics.HardwareRenderer$FrameDrawingCallback.onFrameDraw:924 
10-16 17:44:41.812 17186 17186 I SurfaceView@c63e007: Changes: creating=false format=false size=false visible=false alpha=false hint=false mUseAlpha=false visible=false left=false top=true
10-16 17:44:41.812 17186 17186 I SurfaceView@c63e007: 207872007 Cur surface: Surface(name=null)/@0xa59788c
10-16 17:44:41.813 17186 17186 I SurfaceView@c63e007: applyTransactionOnVriDraw: vri = ViewRootImpl@562a9cf[MainActivity] fRS = false t = 0x7af5501500 android.view.SurfaceView.performSurfaceTransaction:959 android.view.SurfaceView.updateSurface:1105 android.view.SurfaceView.lambda$new$0$android-view-SurfaceView:200 
10-16 17:44:41.813 17186 17186 I ViewRootImpl@562a9cf[MainActivity]: applyTransactionOnDraw: mRemoved = false isHardwareEnabled = true t = 0x7af5501500android.view.SurfaceView.applyTransactionOnVriDraw:2048 android.view.SurfaceView.performSurfaceTransaction:959 android.view.SurfaceView.updateSurface:1105 android.view.SurfaceView.lambda$new$0$android-view-SurfaceView:200 android.view.SurfaceView$$ExternalSyntheticLambda5.onPreDraw:2 
10-16 17:44:41.813 17186 17186 I SurfaceView@c63e007: updateSurface: mVisible = true mSurface.isValid() = true
10-16 17:44:41.813 17186 17186 I SurfaceView@c63e007: updateSurface: mSurfaceCreated = true surfaceChanged = false visibleChanged = false
10-16 17:44:41.813 17186 17186 V SurfaceView@c63e007: Layout: x=0 y=-226 w=1080 h=525, frame=Rect(0, 0 - 1080, 525)
10-16 17:44:41.817 17186 17270 D SurfaceView@c63e007: updateSurfacePosition RenderWorker, frameNr = 1510, position = [0, -226, 1080, 299] surfaceSize = 1080x525
10-16 17:44:41.817 17186 17270 I SurfaceView@c63e007: uSP: rtp = Rect(0, -226 - 1080, 299) rtsw = 1080 rtsh = 525
10-16 17:44:41.817 17186 17270 I SurfaceView@c63e007: onSSPAndSRT: pl = 0 pt = -226 sx = 1.0 sy = 1.0
10-16 17:44:41.817 17186 17270 I SurfaceView@c63e007: aOrMT: ViewRootImpl@562a9cf[MainActivity] t = android.view.SurfaceControl$Transaction@2efb051 fN = 1510 android.view.SurfaceView.-$$Nest$mapplyOrMergeTransaction:0 android.view.SurfaceView$SurfaceViewPositionUpdateListener.positionChanged:1537 android.graphics.RenderNode$CompositePositionUpdateListener.positionChanged:373 
10-16 17:44:41.817 17186 17270 I ViewRootImpl@562a9cf[MainActivity]: mWNT: t=0x7ae7bc0d00 mBlastBufferQueue=0x7b49432100 fn= 1510 caller= android.view.SurfaceView.applyOrMergeTransaction:1455 android.view.SurfaceView.-$$Nest$mapplyOrMergeTransaction:0 android.view.SurfaceView$SurfaceViewPositionUpdateListener.positionChanged:1537 
10-16 17:44:41.818 17186 17270 I ViewRootImpl@562a9cf[MainActivity]: mWNT: t=0x7af5501500 mBlastBufferQueue=0x7b49432100 fn= 1510 caller= android.view.ViewRootImpl.lambda$applyTransactionOnDraw$11$android-view-ViewRootImpl:12865 android.view.ViewRootImpl$$ExternalSyntheticLambda1.onFrameDraw:4 android.graphics.HardwareRenderer$FrameDrawingCallback.onFrameDraw:924 
10-16 17:44:41.828 17186 17186 I SurfaceView@c63e007: Changes: creating=false format=false size=false visible=false alpha=false hint=false mUseAlpha=false visible=false left=false top=true
10-16 17:44:41.828 17186 17186 I SurfaceView@c63e007: 207872007 Cur surface: Surface(name=null)/@0xa59788c
10-16 17:44:41.829 17186 17186 I SurfaceView@c63e007: applyTransactionOnVriDraw: vri = ViewRootImpl@562a9cf[MainActivity] fRS = false t = 0x7af5501600 android.view.SurfaceView.performSurfaceTransaction:959 android.view.SurfaceView.updateSurface:1105 android.view.SurfaceView.lambda$new$0$android-view-SurfaceView:200 
10-16 17:44:41.829 17186 17186 I ViewRootImpl@562a9cf[MainActivity]: applyTransactionOnDraw: mRemoved = false isHardwareEnabled = true t = 0x7af5501600android.view.SurfaceView.applyTransactionOnVriDraw:2048 android.view.SurfaceView.performSurfaceTransaction:959 android.view.SurfaceView.updateSurface:1105 android.view.SurfaceView.lambda$new$0$android-view-SurfaceView:200 android.view.SurfaceView$$ExternalSyntheticLambda5.onPreDraw:2 
10-16 17:44:41.829 17186 17186 I SurfaceView@c63e007: updateSurface: mVisible = true mSurface.isValid() = true
10-16 17:44:41.829 17186 17186 I SurfaceView@c63e007: updateSurface: mSurfaceCreated = true surfaceChanged = false visibleChanged = false
10-16 17:44:41.829 17186 17186 V SurfaceView@c63e007: Layout: x=0 y=-46 w=1080 h=525, frame=Rect(0, 0 - 1080, 525)
10-16 17:44:41.833 17186 17271 D SurfaceView@c63e007: updateSurfacePosition RenderWorker, frameNr = 1511, position = [0, -46, 1080, 479] surfaceSize = 1080x525
10-16 17:44:41.833 17186 17271 I SurfaceView@c63e007: uSP: rtp = Rect(0, -46 - 1080, 479) rtsw = 1080 rtsh = 525
10-16 17:44:41.833 17186 17271 I SurfaceView@c63e007: onSSPAndSRT: pl = 0 pt = -46 sx = 1.0 sy = 1.0
10-16 17:44:41.834 17186 17271 I SurfaceView@c63e007: aOrMT: ViewRootImpl@562a9cf[MainActivity] t = android.view.SurfaceControl$Transaction@2efb051 fN = 1511 android.view.SurfaceView.-$$Nest$mapplyOrMergeTransaction:0 android.view.SurfaceView$SurfaceViewPositionUpdateListener.positionChanged:1537 android.graphics.RenderNode$CompositePositionUpdateListener.positionChanged:373 
10-16 17:44:41.834 17186 17271 I ViewRootImpl@562a9cf[MainActivity]: mWNT: t=0x7ae7bc0d00 mBlastBufferQueue=0x7b49432100 fn= 1511 caller= android.view.SurfaceView.applyOrMergeTransaction:1455 android.view.SurfaceView.-$$Nest$mapplyOrMergeTransaction:0 android.view.SurfaceView$SurfaceViewPositionUpdateListener.positionChanged:1537 
10-16 17:44:41.834 17186 17271 I ViewRootImpl@562a9cf[MainActivity]: mWNT: t=0x7af5501600 mBlastBufferQueue=0x7b49432100 fn= 1511 caller= android.view.ViewRootImpl.lambda$applyTransactionOnDraw$11$android-view-ViewRootImpl:12865 android.view.ViewRootImpl$$ExternalSyntheticLambda1.onFrameDraw:4 android.graphics.HardwareRenderer$FrameDrawingCallback.onFrameDraw:924 
10-16 17:44:41.845 17186 17186 I SurfaceView@c63e007: Changes: creating=false format=false size=false visible=false alpha=false hint=false mUseAlpha=false visible=false left=false top=true
10-16 17:44:41.845 17186 17186 I SurfaceView@c63e007: 207872007 Cur surface: Surface(name=null)/@0xa59788c
10-16 17:44:41.846 17186 17186 I SurfaceView@c63e007: applyTransactionOnVriDraw: vri = ViewRootImpl@562a9cf[MainActivity] fRS = false t = 0x7af5501700 android.view.SurfaceView.performSurfaceTransaction:959 android.view.SurfaceView.updateSurface:1105 android.view.SurfaceView.lambda$new$0$android-view-SurfaceView:200 
10-16 17:44:41.846 17186 17186 I ViewRootImpl@562a9cf[MainActivity]: applyTransactionOnDraw: mRemoved = false isHardwareEnabled = true t = 0x7af5501700android.view.SurfaceView.applyTransactionOnVriDraw:2048 android.view.SurfaceView.performSurfaceTransaction:959 android.view.SurfaceView.updateSurface:1105 android.view.SurfaceView.lambda$new$0$android-view-SurfaceView:200 android.view.SurfaceView$$ExternalSyntheticLambda5.onPreDraw:2 
10-16 17:44:41.846 17186 17186 I SurfaceView@c63e007: updateSurface: mVisible = true mSurface.isValid() = true
10-16 17:44:41.846 17186 17186 I SurfaceView@c63e007: updateSurface: mSurfaceCreated = true surfaceChanged = false visibleChanged = false
10-16 17:44:41.846 17186 17186 V SurfaceView@c63e007: Layout: x=0 y=129 w=1080 h=525, frame=Rect(0, 0 - 1080, 525)
10-16 17:44:41.850 17186 17270 D SurfaceView@c63e007: updateSurfacePosition RenderWorker, frameNr = 1512, position = [0, 129, 1080, 654] surfaceSize = 1080x525
10-16 17:44:41.850 17186 17270 I SurfaceView@c63e007: uSP: rtp = Rect(0, 129 - 1080, 654) rtsw = 1080 rtsh = 525
10-16 17:44:41.850 17186 17270 I SurfaceView@c63e007: onSSPAndSRT: pl = 0 pt = 129 sx = 1.0 sy = 1.0
10-16 17:44:41.850 17186 17270 I SurfaceView@c63e007: aOrMT: ViewRootImpl@562a9cf[MainActivity] t = android.view.SurfaceControl$Transaction@2efb051 fN = 1512 android.view.SurfaceView.-$$Nest$mapplyOrMergeTransaction:0 android.view.SurfaceView$SurfaceViewPositionUpdateListener.positionChanged:1537 android.graphics.RenderNode$CompositePositionUpdateListener.positionChanged:373 
10-16 17:44:41.851 17186 17270 I ViewRootImpl@562a9cf[MainActivity]: mWNT: t=0x7ae7bc0d00 mBlastBufferQueue=0x7b49432100 fn= 1512 caller= android.view.SurfaceView.applyOrMergeTransaction:1455 android.view.SurfaceView.-$$Nest$mapplyOrMergeTransaction:0 android.view.SurfaceView$SurfaceViewPositionUpdateListener.positionChanged:1537 
10-16 17:44:41.851 17186 17270 I ViewRootImpl@562a9cf[MainActivity]: mWNT: t=0x7af5501700 mBlastBufferQueue=0x7b49432100 fn= 1512 caller= android.view.ViewRootImpl.lambda$applyTransactionOnDraw$11$android-view-ViewRootImpl:12865 android.view.ViewRootImpl$$ExternalSyntheticLambda1.onFrameDraw:4 android.graphics.HardwareRenderer$FrameDrawingCallback.onFrameDraw:924 
10-16 17:44:41.862 17186 17186 I SurfaceView@c63e007: Changes: creating=false format=false size=false visible=false alpha=false hint=false mUseAlpha=false visible=false left=false top=true
10-16 17:44:41.862 17186 17186 I SurfaceView@c63e007: 207872007 Cur surface: Surface(name=null)/@0xa59788c
10-16 17:44:41.863 17186 17186 I SurfaceView@c63e007: applyTransactionOnVriDraw: vri = ViewRootImpl@562a9cf[MainActivity] fRS = false t = 0x7af5501800 android.view.SurfaceView.performSurfaceTransaction:959 android.view.SurfaceView.updateSurface:1105 android.view.SurfaceView.lambda$new$0$android-view-SurfaceView:200 
10-16 17:44:41.863 17186 17186 I ViewRootImpl@562a9cf[MainActivity]: applyTransactionOnDraw: mRemoved = false isHardwareEnabled = true t = 0x7af5501800android.view.SurfaceView.applyTransactionOnVriDraw:2048 android.view.SurfaceView.performSurfaceTransaction:959 android.view.SurfaceView.updateSurface:1105 android.view.SurfaceView.lambda$new$0$android-view-SurfaceView:200 android.view.SurfaceView$$ExternalSyntheticLambda5.onPreDraw:2 
10-16 17:44:41.863 17186 17186 I SurfaceView@c63e007: updateSurface: mVisible = true mSurface.isValid() = true
10-16 17:44:41.863 17186 17186 I SurfaceView@c63e007: updateSurface: mSurfaceCreated = true surfaceChanged = false visibleChanged = false
10-16 17:44:41.863 17186 17186 V SurfaceView@c63e007: Layout: x=0 y=218 w=1080 h=525, frame=Rect(0, 0 - 1080, 525)
10-16 17:44:41.867 17186 17271 D SurfaceView@c63e007: updateSurfacePosition RenderWorker, frameNr = 1513, position = [0, 218, 1080, 743] surfaceSize = 1080x525
10-16 17:44:41.867 17186 17271 I SurfaceView@c63e007: uSP: rtp = Rect(0, 218 - 1080, 743) rtsw = 1080 rtsh = 525
10-16 17:44:41.867 17186 17271 I SurfaceView@c63e007: onSSPAndSRT: pl = 0 pt = 218 sx = 1.0 sy = 1.0
10-16 17:44:41.868 17186 17271 I SurfaceView@c63e007: aOrMT: ViewRootImpl@562a9cf[MainActivity] t = android.view.SurfaceControl$Transaction@2efb051 fN = 1513 android.view.SurfaceView.-$$Nest$mapplyOrMergeTransaction:0 android.view.SurfaceView$SurfaceViewPositionUpdateListener.positionChanged:1537 android.graphics.RenderNode$CompositePositionUpdateListener.positionChanged:373 
10-16 17:44:41.868 17186 17271 I ViewRootImpl@562a9cf[MainActivity]: mWNT: t=0x7ae7bc0d00 mBlastBufferQueue=0x7b49432100 fn= 1513 caller= android.view.SurfaceView.applyOrMergeTransaction:1455 android.view.SurfaceView.-$$Nest$mapplyOrMergeTransaction:0 android.view.SurfaceView$SurfaceViewPositionUpdateListener.positionChanged:1537 
10-16 17:44:41.868 17186 17271 I ViewRootImpl@562a9cf[MainActivity]: mWNT: t=0x7af5501800 mBlastBufferQueue=0x7b49432100 fn= 1513 caller= android.view.ViewRootImpl.lambda$applyTransactionOnDraw$11$android-view-ViewRootImpl:12865 android.view.ViewRootImpl$$ExternalSyntheticLambda1.onFrameDraw:4 android.graphics.HardwareRenderer$FrameDrawingCallback.onFrameDraw:924 
10-16 17:44:42.364 17186 17186 I ViewRootImpl@562a9cf[MainActivity]: ViewPostIme pointer 0
10-16 17:44:42.412 17186 17186 W PanelsChildGestureRegionObserver: failed to register view with ID 2131362800. already registered
10-16 17:44:42.425 17186 17186 W PanelsChildGestureRegionObserver: failed to register view with ID 2131362800. already registered
10-16 17:44:42.441 17186 17186 W PanelsChildGestureRegionObserver: failed to register view with ID 2131362800. already registered
10-16 17:44:42.458 17186 17186 W PanelsChildGestureRegionObserver: failed to register view with ID 2131362800. already registered
10-16 17:44:42.474 17186 17186 W PanelsChildGestureRegionObserver: failed to register view with ID 2131362800. already registered
10-16 17:44:42.477 17186 17186 D WindowOnBackDispatcher: onBackInvoked, viewRoot=ViewRootImpl@1a26ba5[Toast], callback=androidx.activity.OnBackPressedDispatcher$Api33Impl$$ExternalSyntheticLambda0@49f6cb7
10-16 17:44:42.485 17186 17186 I IMM_LC  : hsifw() - flag : 0
10-16 17:44:42.485 17186 17186 I IMM_LC  : hsifw() - mService.hideSoftInput
10-16 17:44:42.490 17186 17186 I CS3ExoPlayer: onStop
10-16 17:44:42.490 17186 17186 I CS3ExoPlayer: saveData
10-16 17:44:42.490 17186 17186 I CS3ExoPlayer: handleEvent Pause
10-16 17:44:42.550 17186 17186 W PanelsChildGestureRegionObserver: failed to register view with ID 2131362800. already registered
10-16 17:44:42.820 17186 17186 W PanelsChildGestureRegionObserver: failed to register view with ID 2131362800. already registered
10-16 17:44:42.835 17186 17270 D SurfaceView@c63e007: updateSurfacePosition RenderWorker, frameNr = 1549, position = [54, 314, 1026, 787] surfaceSize = 1080x525
10-16 17:44:42.835 17186 17270 I SurfaceView@c63e007: uSP: rtp = Rect(54, 314 - 1026, 787) rtsw = 1080 rtsh = 525
10-16 17:44:42.835 17186 17270 I SurfaceView@c63e007: onSSPAndSRT: pl = 54 pt = 314 sx = 0.9 sy = 0.9009524
10-16 17:44:42.835 17186 17270 I SurfaceView@c63e007: aOrMT: ViewRootImpl@562a9cf[MainActivity] t = android.view.SurfaceControl$Transaction@2efb051 fN = 1549 android.view.SurfaceView.-$$Nest$mapplyOrMergeTransaction:0 android.view.SurfaceView$SurfaceViewPositionUpdateListener.positionChanged:1537 android.graphics.RenderNode$CompositePositionUpdateListener.positionChanged:373 
10-16 17:44:42.835 17186 17270 I ViewRootImpl@562a9cf[MainActivity]: mWNT: t=0x7ae7bc0d00 mBlastBufferQueue=0x7b49432100 fn= 1549 caller= android.view.SurfaceView.applyOrMergeTransaction:1455 android.view.SurfaceView.-$$Nest$mapplyOrMergeTransaction:0 android.view.SurfaceView$SurfaceViewPositionUpdateListener.positionChanged:1537 
10-16 17:44:42.836 17186 17186 I SurfaceView@c63e007: onWindowVisibilityChanged(8) false android.view.SurfaceView{c63e007 V.E..V... ........ 0,0-1080,525} of ViewRootImpl@562a9cf[MainActivity]
10-16 17:44:42.836 17186 17186 I SurfaceView@c63e007: Changes: creating=false format=false size=false visible=true alpha=false hint=false mUseAlpha=false visible=true left=false top=false
10-16 17:44:42.836 17186 17186 I SurfaceView@c63e007: 207872007 Cur surface: Surface(name=null)/@0xa59788c
10-16 17:44:42.837 17186 17186 I SurfaceView@c63e007: applyTransactionOnVriDraw: vri = ViewRootImpl@562a9cf[MainActivity] fRS = false t = 0x7ae88ad300 android.view.SurfaceView.performSurfaceTransaction:959 android.view.SurfaceView.updateSurface:1105 android.view.SurfaceView.onWindowVisibilityChanged:371 
10-16 17:44:42.837 17186 17186 I ViewRootImpl@562a9cf[MainActivity]: applyTransactionOnDraw: mRemoved = false isHardwareEnabled = true t = 0x7ae88ad300android.view.SurfaceView.applyTransactionOnVriDraw:2048 android.view.SurfaceView.performSurfaceTransaction:959 android.view.SurfaceView.updateSurface:1105 android.view.SurfaceView.onWindowVisibilityChanged:371 android.view.View.dispatchDetachedFromWindow:22529 
10-16 17:44:42.837 17186 17186 I SurfaceView@c63e007: surfaceDestroyed
10-16 17:44:42.837 17186 17186 I SurfaceView@c63e007: surfaceDestroyed callback.size 0 #2 android.view.SurfaceView{c63e007 V.E..V... ........ 0,0-1080,525}
10-16 17:44:42.837 17186 17186 I SurfaceView@c63e007: updateSurface: mVisible = false mSurface.isValid() = true
10-16 17:44:42.837 17186 17186 I SurfaceView@c63e007: releaseSurfaces: viewRoot = ViewRootImpl@562a9cf[MainActivity]
10-16 17:44:42.838 17186 17186 I SurfaceView@c63e007: applyTransactionOnVriDraw: vri = ViewRootImpl@562a9cf[MainActivity] fRS = true t = 0x7ae88ad400 android.view.SurfaceView.releaseSurfaces:858 android.view.SurfaceView.updateSurface:1172 android.view.SurfaceView.onWindowVisibilityChanged:371 
10-16 17:44:42.838 17186 17186 I SurfaceView@c63e007: applyTransactionOnVriDraw: viewRoot.applyTransactionOnDrawFromReleaseSurfaces
10-16 17:44:42.838 17186 17186 I ViewRootImpl@562a9cf[MainActivity]: applyTransactionOnDraw: mRemoved = false isHardwareEnabled = true t = 0x7ae88ad400android.view.ViewRootImpl.applyTransactionOnDrawFromReleaseSurfaces:12850 android.view.SurfaceView.applyTransactionOnVriDraw:2046 android.view.SurfaceView.releaseSurfaces:858 android.view.SurfaceView.updateSurface:1172 android.view.SurfaceView.onWindowVisibilityChanged:371 
10-16 17:44:42.838 17186 17186 V SurfaceView@c63e007: Layout: x=0 y=218 w=1080 h=525, frame=Rect(0, 0 - 1080, 525)
10-16 17:44:42.838 17186 17186 I SurfaceView@c63e007: onDetachedFromWindow: tryReleaseSurfaces()
10-16 17:44:42.838 17186 17186 I SurfaceView@c63e007: releaseSurfaces: viewRoot = ViewRootImpl@562a9cf[MainActivity]
10-16 17:44:42.838 17186 17186 I SurfaceView@c63e007: applyTransactionOnVriDraw: vri = ViewRootImpl@562a9cf[MainActivity] fRS = true t = 0x7ae88ad500 android.view.SurfaceView.releaseSurfaces:858 android.view.SurfaceView.onDetachedFromWindow:500 android.view.View.dispatchDetachedFromWindow:22538 
10-16 17:44:42.838 17186 17186 I SurfaceView@c63e007: applyTransactionOnVriDraw: viewRoot.applyTransactionOnDrawFromReleaseSurfaces
10-16 17:44:42.839 17186 17186 I ViewRootImpl@562a9cf[MainActivity]: applyTransactionOnDraw: mRemoved = false isHardwareEnabled = true t = 0x7ae88ad500android.view.ViewRootImpl.applyTransactionOnDrawFromReleaseSurfaces:12850 android.view.SurfaceView.applyTransactionOnVriDraw:2046 android.view.SurfaceView.releaseSurfaces:858 android.view.SurfaceView.onDetachedFromWindow:500 android.view.View.dispatchDetachedFromWindow:22538 
10-16 17:44:42.854 17186 17186 I DecorView: notifyKeepScreenOnChanged: keepScreenOn=false
10-16 17:44:42.864 17186 17186 I CS3ExoPlayer: releasePlayer
10-16 17:44:42.864 17186 17186 I CS3ExoPlayer: Handle event: PlayerAttachedEvent(player=null, source=Player)
10-16 17:44:42.865 17186 17186 I DecorView: notifyKeepScreenOnChanged: keepScreenOn=false
10-16 17:44:42.866 17186 17186 I ViewRootImpl@562a9cf[MainActivity]: performTraversals params={(0,0)(fillxfill) sim={state=always_hidden adjust=resize} ty=BASE_APPLICATION wanim=0x1030309
10-16 17:44:42.866 17186 17186 I ViewRootImpl@562a9cf[MainActivity]:   fl=85810100
10-16 17:44:42.866 17186 17186 I ViewRootImpl@562a9cf[MainActivity]:   pfl=12020040
10-16 17:44:42.866 17186 17186 I ViewRootImpl@562a9cf[MainActivity]:   vsysui=500
10-16 17:44:42.866 17186 17186 I ViewRootImpl@562a9cf[MainActivity]:   bhv=DEFAULT
10-16 17:44:42.866 17186 17186 I ViewRootImpl@562a9cf[MainActivity]:   fitSides= naviIconColor=0}
10-16 17:44:42.867 17186 17186 I ViewRootImpl@562a9cf[MainActivity]: performTraversals mFirst=false windowShouldResize=false viewVisibilityChanged=false mForceNextWindowRelayout=false params={(0,0)(fillxfill) sim={state=always_hidden adjust=resize} ty=BASE_APPLICATION fmt=TRANSLUCENT wanim=0x1030309
10-16 17:44:42.867 17186 17186 I ViewRootImpl@562a9cf[MainActivity]:   fl=85810100
10-16 17:44:42.867 17186 17186 I ViewRootImpl@562a9cf[MainActivity]:   pfl=12020040
10-16 17:44:42.867 17186 17186 I ViewRootImpl@562a9cf[MainActivity]:   vsysui=500
10-16 17:44:42.867 17186 17186 I ViewRootImpl@562a9cf[MainActivity]:   bhv=DEFAULT
10-16 17:44:42.867 17186 17186 I ViewRootImpl@562a9cf[MainActivity]:   fitSides= naviIconColor=0}
10-16 17:44:42.874 17186 17186 I ViewRootImpl@562a9cf[MainActivity]: updateBlastSurfaceIfNeeded mBlastBufferQueue=0x7b49432100 isSameSurfaceControl=true
10-16 17:44:42.875 17186 17186 I BLASTBufferQueue: update, w= 1080 h= 2400 mName = ViewRootImpl@562a9cf[MainActivity] mNativeObject= 0x7b49432100 sc.mNativeObject= 0x7ae88e7a40 format= -3 caller= android.view.ViewRootImpl.updateBlastSurfaceIfNeeded:2898 android.view.ViewRootImpl.relayoutWindow:9847 android.view.ViewRootImpl.performTraversals:3884 android.view.ViewRootImpl.doTraversal:3116 android.view.ViewRootImpl$TraversalRunnable.run:10885 android.view.Choreographer$CallbackRecord.run:1301 
10-16 17:44:42.875 17186 17186 I ViewRootImpl@562a9cf[MainActivity]: Relayout returned: old=(0,0,1080,2400) new=(0,0,1080,2400) req=(1080,2400)0 dur=7 res=0x0 s={true 0x7b5ba2c800} ch=false seqId=0
10-16 17:44:42.875 17186 17186 I ViewRootImpl@562a9cf[MainActivity]: updateBoundsLayer: t = android.view.SurfaceControl$Transaction@1da5614 sc = Surface(name=Bounds for - com.lagradost.cloudstream3/com.lagradost.cloudstream3.MainActivity@0)/@0x7a8eebd frame = 1550
10-16 17:44:42.875 17186 17186 I ViewRootImpl@562a9cf[MainActivity]: mWNT: t=0x7b5bb75900 mBlastBufferQueue=0x7b49432100 fn= 1550 caller= android.view.ViewRootImpl.prepareSurfaces:2985 android.view.ViewRootImpl.performTraversals:4233 android.view.ViewRootImpl.doTraversal:3116 
10-16 17:44:42.878 17186 17212 D SurfaceView@c63e007: windowPositionLost, frameNr = 1550
10-16 17:44:42.962 17186 17271 I ViewRootImpl@562a9cf[MainActivity]: mWNT: t=0x7ae88ad300 mBlastBufferQueue=0x7b49432100 fn= 1550 caller= android.view.ViewRootImpl.lambda$applyTransactionOnDraw$11$android-view-ViewRootImpl:12865 android.view.ViewRootImpl$$ExternalSyntheticLambda1.onFrameDraw:4 android.graphics.HardwareRenderer$FrameDrawingCallback.onFrameDraw:924 
10-16 17:44:42.962 17186 17271 I ViewRootImpl@562a9cf[MainActivity]: mWNT: t=0x7ae88ad400 mBlastBufferQueue=0x7b49432100 fn= 1550 caller= android.view.ViewRootImpl.lambda$applyTransactionOnDraw$11$android-view-ViewRootImpl:12865 android.view.ViewRootImpl$$ExternalSyntheticLambda1.onFrameDraw:4 android.graphics.HardwareRenderer$FrameDrawingCallback.onFrameDraw:924 
10-16 17:44:42.962 17186 17271 I ViewRootImpl@562a9cf[MainActivity]: mWNT: t=0x7ae88ad500 mBlastBufferQueue=0x7b49432100 fn= 1550 caller= android.view.ViewRootImpl.lambda$applyTransactionOnDraw$11$android-view-ViewRootImpl:12865 android.view.ViewRootImpl$$ExternalSyntheticLambda1.onFrameDraw:4 android.graphics.HardwareRenderer$FrameDrawingCallback.onFrameDraw:924 
10-16 17:44:42.963 17186 17193 I st.cloudstream3: NativeAlloc concurrent copying GC freed 13MB AllocSpace bytes, 34(3488KB) LOS objects, 41% free, 33MB/57MB, paused 191us,158us total 248.387ms
10-16 17:44:43.637 17186 17186 I ViewRootImpl@562a9cf[MainActivity]: ViewPostIme pointer 0
10-16 17:44:43.686 17186 17186 I ViewRootImpl@562a9cf[MainActivity]: ViewPostIme pointer 1
10-16 17:44:43.694 17186 17186 I IMM_LC  : hsifw() - flag : 0
10-16 17:44:43.694 17186 17186 I IMM_LC  : hsifw() - mService.hideSoftInput
10-16 17:44:44.886 17186 17186 I ViewRootImpl@562a9cf[MainActivity]: ViewPostIme pointer 0
10-16 17:44:45.006 17186 17186 D WindowOnBackDispatcher: onBackInvoked, viewRoot=ViewRootImpl@1a26ba5[Toast], callback=androidx.activity.OnBackPressedDispatcher$Api33Impl$$ExternalSyntheticLambda0@49f6cb7
10-16 17:44:45.014 17186 17186 I IMM_LC  : hsifw() - flag : 0
10-16 17:44:45.014 17186 17186 I IMM_LC  : hsifw() - mService.hideSoftInput
10-16 17:44:45.021 17186 17186 D ScrollView: initGoToTop
10-16 17:44:45.058 17186 17186 E CoilImgLoader: Error loading image: coil3.request.NullRequestDataException: The request's data is null.
10-16 17:44:45.071 17186 17186 D ScrollView:  onsize change changed 
10-16 17:44:45.810 17186 17186 I ViewRootImpl@562a9cf[MainActivity]: ViewPostIme pointer 0
10-16 17:44:45.851 17186 17186 I ViewRootImpl@562a9cf[MainActivity]: ViewPostIme pointer 1
10-16 17:44:45.856 17186 17186 I NavComponent: Navigating to fragment: 2131361884
10-16 17:44:45.860 17186 17186 I IMM_LC  : hsifw() - flag : 0
10-16 17:44:45.860 17186 17186 I IMM_LC  : hsifw() - mService.hideSoftInput
10-16 17:44:46.439 17186 17186 I ViewRootImpl@562a9cf[MainActivity]: ViewPostIme pointer 0
10-16 17:44:46.491 17186 17186 I ViewRootImpl@562a9cf[MainActivity]: ViewPostIme pointer 1
10-16 17:44:47.198 17186 17186 I ViewRootImpl@562a9cf[MainActivity]: ViewPostIme pointer 0
10-16 17:44:47.240 17186 17186 I ViewRootImpl@562a9cf[MainActivity]: ViewPostIme pointer 1
10-16 17:44:47.276 17186 17186 I Dialog  : mIsDeviceDefault = false, mIsSamsungBasicInteraction = false, isMetaDataInActivity = false
10-16 17:44:47.282 17186 17186 I DecorView: [INFO] isPopOver=false config=false
10-16 17:44:47.283 17186 17186 I DecorView: updateCaptionType: isFloating=true isApplication=true hasWindowDecorCaption=false this=DecorView@ecb5af9[]
10-16 17:44:47.283 17186 17186 D DecorView: setCaptionType = 0, this = DecorView@ecb5af9[]
10-16 17:44:47.285 17186 17186 I DecorView: setWindowBackground: isPopOver=false color=ff010101 d=android.graphics.drawable.InsetDrawable@d90309f
10-16 17:44:47.305 17186 17186 D ScrollView: initGoToTop
10-16 17:44:47.318 17186 17212 D NativeCustomFrequencyManager: [NativeCFMS] BpCustomFrequencyManager::BpCustomFrequencyManager()
10-16 17:44:47.319 17186 17186 I DecorView: onImmersiveModeChanged: isStatusBarHidden=true
10-16 17:44:47.329 17186 17186 D InsetsController: onStateChanged: InsetsState: {mDisplayFrame=Rect(0, 0 - 1080, 2400), mDisplayCutout=DisplayCutout{insets=Rect(0, 88 - 0, 0) waterfall=Insets{left=0, top=0, right=0, bottom=0} boundingRect={Bounds=[Rect(0, 0 - 0, 0), Rect(512, 0 - 568, 88), Rect(0, 0 - 0, 0), Rect(0, 0 - 0, 0)]} cutoutPathParserInfo={CutoutPathParserInfo{displayWidth=1080 displayHeight=2400 physicalDisplayWidth=1080 physicalDisplayHeight=2400 density={2.625} cutoutSpec={M 0,0 M 0,12.25101276465640 a 10.60613009248640,10.60613009248640 0 1,0 0,21.21226018497290 a 10.60613009248640,10.60613009248640 0 1,0 0,-21.21226018497290 Z @dp} rotation={0} scale={1.0} physicalPixelDisplaySizeRatio={1.0}}}}, mRoundedCorners=RoundedCorners{[RoundedCorner{position=TopLeft, radius=84, center=Point(84, 84)}, RoundedCorner{position=TopRight, radius=84, center=Point(996, 84)}, RoundedCorner{position=BottomRight, radius=84, center=Point(996, 2316)}, RoundedCorner{position=BottomLeft, radius=84, center=Point(84, 2316)}]}  mRoundedCornerFrame=Rect(0, 0 - 1080, 2400), mPrivacyIndicatorBounds=PrivacyIndicatorBounds {static bounds=Rect(964, 0 - 1080, 87) rotation=0}, mSources= { InsetsSource: {mType=ITYPE_STATUS_BAR, mFrame=[0,0][1080,88], mVisible=true, mInsetsRoundedCornerFrame=false}, InsetsSource: {mType=ITYPE_NAVIGATION_BAR, mFrame=[0,2361][1080,2400], mVisible=true, mInsetsRoundedCornerFrame=false}, InsetsSource: {mType=ITYPE_LEFT_GESTURES, mFrame=[0,0][130,2400], mVisible=true, mInsetsRoundedCornerFrame=false}, InsetsSource: {mType=ITYPE_RIGHT_GESTURES, mFrame=[950,0][1080,2400], mVisible=true, mInsetsRoundedCornerFrame=false}, InsetsSource: {mType=ITYPE_TOP_MANDATORY_GESTURES, mFrame=[0,0][1080,120], mVisible=true, mInsetsRoundedCornerFrame=false}, InsetsSource: {mType=ITYPE_BOTTOM_MANDATORY_GESTURES, mFrame=[0,2316][1080,2400], mVisible=true, mInsetsRoundedCornerFrame=false}, InsetsSource: {mType=ITYPE_LEFT_DISPLAY_CUTOUT, mFrame=[0,0][-100000,2400], mVisible=true, mInsetsRoundedCornerFrame=false}, InsetsSource: {mType=ITYPE_TOP_DISPLAY_CUTOUT, mFrame=[0,0][1080,88], mVisible=true, mInsetsRoundedCornerFrame=false}, InsetsSource: {mType=ITYPE_RIGHT_DISPLAY_CUTOUT, mFrame=[100000,0][1080,2400], mVisible=true, mInsetsRoundedCornerFrame=false}, InsetsSource: {mType=ITYPE_BOTTOM_DISPLAY_CUTOUT, mFrame=[0,100000][1080,2400], mVisible=true, mInsetsRoundedCornerFrame=false}, InsetsSource: {mType=ITYPE_TOP_TAPPABLE_ELEMENT, mFrame=[0,0][1080,88], mVisible=true, mInsetsRoundedCornerFrame=false}, InsetsSource: {mType=ITYPE_BOTTOM_TAPPABLE_ELEMENT, mFrame=[0,0][0,0], mVisible=true, mInsetsRoundedCornerFrame=false} } host=com.lagradost.cloudstream3/com.lagradost.cloudstream3.MainActivity from=android.view.ViewRootImpl.setView:1732
10-16 17:44:47.330 17186 17186 I ViewRootImpl@23a5bfa[MainActivity]: setView = com.android.internal.policy.DecorView@ecb5af9 TM=true
