10-17 20:28:29.582 13125 13125 I SurfaceView@9cae61f: applyTransactionOnVriDraw: vri = ViewRootImpl@e892618[MainActivity] fRS = false t = 0x7b1c30a900 android.view.SurfaceView.performSurfaceTransaction:959 android.view.SurfaceView.updateSurface:1105 android.view.SurfaceView.lambda$new$0$android-view-SurfaceView:200 
10-17 20:28:29.582 13125 13125 I ViewRootImpl@e892618[MainActivity]: applyTransactionOnDraw: mRemoved = false isHardwareEnabled = true t = 0x7b1c30a900android.view.SurfaceView.applyTransactionOnVriDraw:2048 android.view.SurfaceView.performSurfaceTransaction:959 android.view.SurfaceView.updateSurface:1105 android.view.SurfaceView.lambda$new$0$android-view-SurfaceView:200 android.view.SurfaceView$$ExternalSyntheticLambda5.onPreDraw:2 
10-17 20:28:29.582 13125 13125 I SurfaceView@9cae61f: updateSurface: mVisible = true mSurface.isValid() = true
10-17 20:28:29.582 13125 13125 I SurfaceView@9cae61f: updateSurface: mSurfaceCreated = true surfaceChanged = false visibleChanged = false
10-17 20:28:29.582 13125 13125 V SurfaceView@9cae61f: Layout: x=0 y=-402 w=1080 h=525, frame=Rect(0, 0 - 1080, 525)
10-17 20:28:29.585 13125 13199 D SurfaceView@9cae61f: updateSurfacePosition RenderWorker, frameNr = 752, position = [0, -402, 1080, 123] surfaceSize = 1080x525
10-17 20:28:29.585 13125 13199 I SurfaceView@9cae61f: uSP: rtp = Rect(0, -402 - 1080, 123) rtsw = 1080 rtsh = 525
10-17 20:28:29.585 13125 13199 I SurfaceView@9cae61f: onSSPAndSRT: pl = 0 pt = -402 sx = 1.0 sy = 1.0
10-17 20:28:29.585 13125 13199 I SurfaceView@9cae61f: aOrMT: ViewRootImpl@e892618[MainActivity] t = android.view.SurfaceControl$Transaction@266d15a fN = 752 android.view.SurfaceView.-$$Nest$mapplyOrMergeTransaction:0 android.view.SurfaceView$SurfaceViewPositionUpdateListener.positionChanged:1537 android.graphics.RenderNode$CompositePositionUpdateListener.positionChanged:373 
10-17 20:28:29.585 13125 13199 I ViewRootImpl@e892618[MainActivity]: mWNT: t=0x7b46ec2d00 mBlastBufferQueue=0x7b5a8dd800 fn= 752 caller= android.view.SurfaceView.applyOrMergeTransaction:1455 android.view.SurfaceView.-$$Nest$mapplyOrMergeTransaction:0 android.view.SurfaceView$SurfaceViewPositionUpdateListener.positionChanged:1537 
10-17 20:28:29.586 13125 13199 I ViewRootImpl@e892618[MainActivity]: mWNT: t=0x7b1c30a900 mBlastBufferQueue=0x7b5a8dd800 fn= 752 caller= android.view.ViewRootImpl.lambda$applyTransactionOnDraw$11$android-view-ViewRootImpl:12865 android.view.ViewRootImpl$$ExternalSyntheticLambda1.onFrameDraw:4 android.graphics.HardwareRenderer$FrameDrawingCallback.onFrameDraw:924 
10-17 20:28:29.598 13125 13125 I SurfaceView@9cae61f: Changes: creating=false format=false size=false visible=false alpha=false hint=false mUseAlpha=false visible=false left=false top=true
10-17 20:28:29.598 13125 13125 I SurfaceView@9cae61f: 164292127 Cur surface: Surface(name=null)/@0x1923549
10-17 20:28:29.599 13125 13125 I SurfaceView@9cae61f: applyTransactionOnVriDraw: vri = ViewRootImpl@e892618[MainActivity] fRS = false t = 0x7b1c30aa00 android.view.SurfaceView.performSurfaceTransaction:959 android.view.SurfaceView.updateSurface:1105 android.view.SurfaceView.lambda$new$0$android-view-SurfaceView:200 
10-17 20:28:29.599 13125 13125 I ViewRootImpl@e892618[MainActivity]: applyTransactionOnDraw: mRemoved = false isHardwareEnabled = true t = 0x7b1c30aa00android.view.SurfaceView.applyTransactionOnVriDraw:2048 android.view.SurfaceView.performSurfaceTransaction:959 android.view.SurfaceView.updateSurface:1105 android.view.SurfaceView.lambda$new$0$android-view-SurfaceView:200 android.view.SurfaceView$$ExternalSyntheticLambda5.onPreDraw:2 
10-17 20:28:29.599 13125 13125 I SurfaceView@9cae61f: updateSurface: mVisible = true mSurface.isValid() = true
10-17 20:28:29.599 13125 13125 I SurfaceView@9cae61f: updateSurface: mSurfaceCreated = true surfaceChanged = false visibleChanged = false
10-17 20:28:29.599 13125 13125 V SurfaceView@9cae61f: Layout: x=0 y=-311 w=1080 h=525, frame=Rect(0, 0 - 1080, 525)
10-17 20:28:29.601 13125 13200 D SurfaceView@9cae61f: updateSurfacePosition RenderWorker, frameNr = 753, position = [0, -311, 1080, 214] surfaceSize = 1080x525
10-17 20:28:29.601 13125 13200 I SurfaceView@9cae61f: uSP: rtp = Rect(0, -311 - 1080, 214) rtsw = 1080 rtsh = 525
10-17 20:28:29.601 13125 13200 I SurfaceView@9cae61f: onSSPAndSRT: pl = 0 pt = -311 sx = 1.0 sy = 1.0
10-17 20:28:29.602 13125 13200 I SurfaceView@9cae61f: aOrMT: ViewRootImpl@e892618[MainActivity] t = android.view.SurfaceControl$Transaction@266d15a fN = 753 android.view.SurfaceView.-$$Nest$mapplyOrMergeTransaction:0 android.view.SurfaceView$SurfaceViewPositionUpdateListener.positionChanged:1537 android.graphics.RenderNode$CompositePositionUpdateListener.positionChanged:373 
10-17 20:28:29.602 13125 13200 I ViewRootImpl@e892618[MainActivity]: mWNT: t=0x7b46ec2d00 mBlastBufferQueue=0x7b5a8dd800 fn= 753 caller= android.view.SurfaceView.applyOrMergeTransaction:1455 android.view.SurfaceView.-$$Nest$mapplyOrMergeTransaction:0 android.view.SurfaceView$SurfaceViewPositionUpdateListener.positionChanged:1537 
10-17 20:28:29.602 13125 13200 I ViewRootImpl@e892618[MainActivity]: mWNT: t=0x7b1c30aa00 mBlastBufferQueue=0x7b5a8dd800 fn= 753 caller= android.view.ViewRootImpl.lambda$applyTransactionOnDraw$11$android-view-ViewRootImpl:12865 android.view.ViewRootImpl$$ExternalSyntheticLambda1.onFrameDraw:4 android.graphics.HardwareRenderer$FrameDrawingCallback.onFrameDraw:924 
10-17 20:28:29.616 13125 13125 I SurfaceView@9cae61f: Changes: creating=false format=false size=false visible=false alpha=false hint=false mUseAlpha=false visible=false left=false top=true
10-17 20:28:29.616 13125 13125 I SurfaceView@9cae61f: 164292127 Cur surface: Surface(name=null)/@0x1923549
10-17 20:28:29.616 13125 13125 I SurfaceView@9cae61f: applyTransactionOnVriDraw: vri = ViewRootImpl@e892618[MainActivity] fRS = false t = 0x7b1c30ab00 android.view.SurfaceView.performSurfaceTransaction:959 android.view.SurfaceView.updateSurface:1105 android.view.SurfaceView.lambda$new$0$android-view-SurfaceView:200 
10-17 20:28:29.617 13125 13125 I ViewRootImpl@e892618[MainActivity]: applyTransactionOnDraw: mRemoved = false isHardwareEnabled = true t = 0x7b1c30ab00android.view.SurfaceView.applyTransactionOnVriDraw:2048 android.view.SurfaceView.performSurfaceTransaction:959 android.view.SurfaceView.updateSurface:1105 android.view.SurfaceView.lambda$new$0$android-view-SurfaceView:200 android.view.SurfaceView$$ExternalSyntheticLambda5.onPreDraw:2 
10-17 20:28:29.617 13125 13125 I SurfaceView@9cae61f: updateSurface: mVisible = true mSurface.isValid() = true
10-17 20:28:29.617 13125 13125 I SurfaceView@9cae61f: updateSurface: mSurfaceCreated = true surfaceChanged = false visibleChanged = false
10-17 20:28:29.617 13125 13125 V SurfaceView@9cae61f: Layout: x=0 y=-218 w=1080 h=525, frame=Rect(0, 0 - 1080, 525)
10-17 20:28:29.620 13125 13199 D SurfaceView@9cae61f: updateSurfacePosition RenderWorker, frameNr = 754, position = [0, -218, 1080, 307] surfaceSize = 1080x525
10-17 20:28:29.620 13125 13199 I SurfaceView@9cae61f: uSP: rtp = Rect(0, -218 - 1080, 307) rtsw = 1080 rtsh = 525
10-17 20:28:29.620 13125 13199 I SurfaceView@9cae61f: onSSPAndSRT: pl = 0 pt = -218 sx = 1.0 sy = 1.0
10-17 20:28:29.621 13125 13199 I SurfaceView@9cae61f: aOrMT: ViewRootImpl@e892618[MainActivity] t = android.view.SurfaceControl$Transaction@266d15a fN = 754 android.view.SurfaceView.-$$Nest$mapplyOrMergeTransaction:0 android.view.SurfaceView$SurfaceViewPositionUpdateListener.positionChanged:1537 android.graphics.RenderNode$CompositePositionUpdateListener.positionChanged:373 
10-17 20:28:29.621 13125 13199 I ViewRootImpl@e892618[MainActivity]: mWNT: t=0x7b46ec2d00 mBlastBufferQueue=0x7b5a8dd800 fn= 754 caller= android.view.SurfaceView.applyOrMergeTransaction:1455 android.view.SurfaceView.-$$Nest$mapplyOrMergeTransaction:0 android.view.SurfaceView$SurfaceViewPositionUpdateListener.positionChanged:1537 
10-17 20:28:29.621 13125 13199 I ViewRootImpl@e892618[MainActivity]: mWNT: t=0x7b1c30ab00 mBlastBufferQueue=0x7b5a8dd800 fn= 754 caller= android.view.ViewRootImpl.lambda$applyTransactionOnDraw$11$android-view-ViewRootImpl:12865 android.view.ViewRootImpl$$ExternalSyntheticLambda1.onFrameDraw:4 android.graphics.HardwareRenderer$FrameDrawingCallback.onFrameDraw:924 
10-17 20:28:29.632 13125 13125 I SurfaceView@9cae61f: Changes: creating=false format=false size=false visible=false alpha=false hint=false mUseAlpha=false visible=false left=false top=true
10-17 20:28:29.632 13125 13125 I SurfaceView@9cae61f: 164292127 Cur surface: Surface(name=null)/@0x1923549
10-17 20:28:29.633 13125 13125 I SurfaceView@9cae61f: applyTransactionOnVriDraw: vri = ViewRootImpl@e892618[MainActivity] fRS = false t = 0x7b1c30ac00 android.view.SurfaceView.performSurfaceTransaction:959 android.view.SurfaceView.updateSurface:1105 android.view.SurfaceView.lambda$new$0$android-view-SurfaceView:200 
10-17 20:28:29.633 13125 13125 I ViewRootImpl@e892618[MainActivity]: applyTransactionOnDraw: mRemoved = false isHardwareEnabled = true t = 0x7b1c30ac00android.view.SurfaceView.applyTransactionOnVriDraw:2048 android.view.SurfaceView.performSurfaceTransaction:959 android.view.SurfaceView.updateSurface:1105 android.view.SurfaceView.lambda$new$0$android-view-SurfaceView:200 android.view.SurfaceView$$ExternalSyntheticLambda5.onPreDraw:2 
10-17 20:28:29.633 13125 13125 I SurfaceView@9cae61f: updateSurface: mVisible = true mSurface.isValid() = true
10-17 20:28:29.633 13125 13125 I SurfaceView@9cae61f: updateSurface: mSurfaceCreated = true surfaceChanged = false visibleChanged = false
10-17 20:28:29.633 13125 13125 V SurfaceView@9cae61f: Layout: x=0 y=-132 w=1080 h=525, frame=Rect(0, 0 - 1080, 525)
10-17 20:28:29.637 13125 13200 D SurfaceView@9cae61f: updateSurfacePosition RenderWorker, frameNr = 755, position = [0, -132, 1080, 393] surfaceSize = 1080x525
10-17 20:28:29.637 13125 13200 I SurfaceView@9cae61f: uSP: rtp = Rect(0, -132 - 1080, 393) rtsw = 1080 rtsh = 525
10-17 20:28:29.637 13125 13200 I SurfaceView@9cae61f: onSSPAndSRT: pl = 0 pt = -132 sx = 1.0 sy = 1.0
10-17 20:28:29.637 13125 13200 I SurfaceView@9cae61f: aOrMT: ViewRootImpl@e892618[MainActivity] t = android.view.SurfaceControl$Transaction@266d15a fN = 755 android.view.SurfaceView.-$$Nest$mapplyOrMergeTransaction:0 android.view.SurfaceView$SurfaceViewPositionUpdateListener.positionChanged:1537 android.graphics.RenderNode$CompositePositionUpdateListener.positionChanged:373 
10-17 20:28:29.638 13125 13200 I ViewRootImpl@e892618[MainActivity]: mWNT: t=0x7b46ec2d00 mBlastBufferQueue=0x7b5a8dd800 fn= 755 caller= android.view.SurfaceView.applyOrMergeTransaction:1455 android.view.SurfaceView.-$$Nest$mapplyOrMergeTransaction:0 android.view.SurfaceView$SurfaceViewPositionUpdateListener.positionChanged:1537 
10-17 20:28:29.638 13125 13200 I ViewRootImpl@e892618[MainActivity]: mWNT: t=0x7b1c30ac00 mBlastBufferQueue=0x7b5a8dd800 fn= 755 caller= android.view.ViewRootImpl.lambda$applyTransactionOnDraw$11$android-view-ViewRootImpl:12865 android.view.ViewRootImpl$$ExternalSyntheticLambda1.onFrameDraw:4 android.graphics.HardwareRenderer$FrameDrawingCallback.onFrameDraw:924 
10-17 20:28:29.648 13125 13125 I SurfaceView@9cae61f: Changes: creating=false format=false size=false visible=false alpha=false hint=false mUseAlpha=false visible=false left=false top=true
10-17 20:28:29.649 13125 13125 I SurfaceView@9cae61f: 164292127 Cur surface: Surface(name=null)/@0x1923549
10-17 20:28:29.649 13125 13125 I SurfaceView@9cae61f: applyTransactionOnVriDraw: vri = ViewRootImpl@e892618[MainActivity] fRS = false t = 0x7b1c30ad00 android.view.SurfaceView.performSurfaceTransaction:959 android.view.SurfaceView.updateSurface:1105 android.view.SurfaceView.lambda$new$0$android-view-SurfaceView:200 
10-17 20:28:29.649 13125 13125 I ViewRootImpl@e892618[MainActivity]: applyTransactionOnDraw: mRemoved = false isHardwareEnabled = true t = 0x7b1c30ad00android.view.SurfaceView.applyTransactionOnVriDraw:2048 android.view.SurfaceView.performSurfaceTransaction:959 android.view.SurfaceView.updateSurface:1105 android.view.SurfaceView.lambda$new$0$android-view-SurfaceView:200 android.view.SurfaceView$$ExternalSyntheticLambda5.onPreDraw:2 
10-17 20:28:29.649 13125 13125 I SurfaceView@9cae61f: updateSurface: mVisible = true mSurface.isValid() = true
10-17 20:28:29.649 13125 13125 I SurfaceView@9cae61f: updateSurface: mSurfaceCreated = true surfaceChanged = false visibleChanged = false
10-17 20:28:29.649 13125 13125 V SurfaceView@9cae61f: Layout: x=0 y=-46 w=1080 h=525, frame=Rect(0, 0 - 1080, 525)
10-17 20:28:29.653 13125 13199 D SurfaceView@9cae61f: updateSurfacePosition RenderWorker, frameNr = 756, position = [0, -46, 1080, 479] surfaceSize = 1080x525
10-17 20:28:29.653 13125 13199 I SurfaceView@9cae61f: uSP: rtp = Rect(0, -46 - 1080, 479) rtsw = 1080 rtsh = 525
10-17 20:28:29.653 13125 13199 I SurfaceView@9cae61f: onSSPAndSRT: pl = 0 pt = -46 sx = 1.0 sy = 1.0
10-17 20:28:29.654 13125 13199 I SurfaceView@9cae61f: aOrMT: ViewRootImpl@e892618[MainActivity] t = android.view.SurfaceControl$Transaction@266d15a fN = 756 android.view.SurfaceView.-$$Nest$mapplyOrMergeTransaction:0 android.view.SurfaceView$SurfaceViewPositionUpdateListener.positionChanged:1537 android.graphics.RenderNode$CompositePositionUpdateListener.positionChanged:373 
10-17 20:28:29.654 13125 13199 I ViewRootImpl@e892618[MainActivity]: mWNT: t=0x7b46ec2d00 mBlastBufferQueue=0x7b5a8dd800 fn= 756 caller= android.view.SurfaceView.applyOrMergeTransaction:1455 android.view.SurfaceView.-$$Nest$mapplyOrMergeTransaction:0 android.view.SurfaceView$SurfaceViewPositionUpdateListener.positionChanged:1537 
10-17 20:28:29.654 13125 13199 I ViewRootImpl@e892618[MainActivity]: mWNT: t=0x7b1c30ad00 mBlastBufferQueue=0x7b5a8dd800 fn= 756 caller= android.view.ViewRootImpl.lambda$applyTransactionOnDraw$11$android-view-ViewRootImpl:12865 android.view.ViewRootImpl$$ExternalSyntheticLambda1.onFrameDraw:4 android.graphics.HardwareRenderer$FrameDrawingCallback.onFrameDraw:924 
10-17 20:28:29.665 13125 13125 I SurfaceView@9cae61f: Changes: creating=false format=false size=false visible=false alpha=false hint=false mUseAlpha=false visible=false left=false top=true
10-17 20:28:29.665 13125 13125 I SurfaceView@9cae61f: 164292127 Cur surface: Surface(name=null)/@0x1923549
10-17 20:28:29.666 13125 13125 I SurfaceView@9cae61f: applyTransactionOnVriDraw: vri = ViewRootImpl@e892618[MainActivity] fRS = false t = 0x7b1c30ae00 android.view.SurfaceView.performSurfaceTransaction:959 android.view.SurfaceView.updateSurface:1105 android.view.SurfaceView.lambda$new$0$android-view-SurfaceView:200 
10-17 20:28:29.666 13125 13125 I ViewRootImpl@e892618[MainActivity]: applyTransactionOnDraw: mRemoved = false isHardwareEnabled = true t = 0x7b1c30ae00android.view.SurfaceView.applyTransactionOnVriDraw:2048 android.view.SurfaceView.performSurfaceTransaction:959 android.view.SurfaceView.updateSurface:1105 android.view.SurfaceView.lambda$new$0$android-view-SurfaceView:200 android.view.SurfaceView$$ExternalSyntheticLambda5.onPreDraw:2 
10-17 20:28:29.666 13125 13125 I SurfaceView@9cae61f: updateSurface: mVisible = true mSurface.isValid() = true
10-17 20:28:29.666 13125 13125 I SurfaceView@9cae61f: updateSurface: mSurfaceCreated = true surfaceChanged = false visibleChanged = false
10-17 20:28:29.666 13125 13125 V SurfaceView@9cae61f: Layout: x=0 y=38 w=1080 h=525, frame=Rect(0, 0 - 1080, 525)
10-17 20:28:29.668 13125 13200 D SurfaceView@9cae61f: updateSurfacePosition RenderWorker, frameNr = 757, position = [0, 38, 1080, 563] surfaceSize = 1080x525
10-17 20:28:29.668 13125 13200 I SurfaceView@9cae61f: uSP: rtp = Rect(0, 38 - 1080, 563) rtsw = 1080 rtsh = 525
10-17 20:28:29.668 13125 13200 I SurfaceView@9cae61f: onSSPAndSRT: pl = 0 pt = 38 sx = 1.0 sy = 1.0
10-17 20:28:29.669 13125 13200 I SurfaceView@9cae61f: aOrMT: ViewRootImpl@e892618[MainActivity] t = android.view.SurfaceControl$Transaction@266d15a fN = 757 android.view.SurfaceView.-$$Nest$mapplyOrMergeTransaction:0 android.view.SurfaceView$SurfaceViewPositionUpdateListener.positionChanged:1537 android.graphics.RenderNode$CompositePositionUpdateListener.positionChanged:373 
10-17 20:28:29.669 13125 13200 I ViewRootImpl@e892618[MainActivity]: mWNT: t=0x7b46ec2d00 mBlastBufferQueue=0x7b5a8dd800 fn= 757 caller= android.view.SurfaceView.applyOrMergeTransaction:1455 android.view.SurfaceView.-$$Nest$mapplyOrMergeTransaction:0 android.view.SurfaceView$SurfaceViewPositionUpdateListener.positionChanged:1537 
10-17 20:28:29.669 13125 13200 I ViewRootImpl@e892618[MainActivity]: mWNT: t=0x7b1c30ae00 mBlastBufferQueue=0x7b5a8dd800 fn= 757 caller= android.view.ViewRootImpl.lambda$applyTransactionOnDraw$11$android-view-ViewRootImpl:12865 android.view.ViewRootImpl$$ExternalSyntheticLambda1.onFrameDraw:4 android.graphics.HardwareRenderer$FrameDrawingCallback.onFrameDraw:924 
10-17 20:28:29.682 13125 13125 I SurfaceView@9cae61f: Changes: creating=false format=false size=false visible=false alpha=false hint=false mUseAlpha=false visible=false left=false top=true
10-17 20:28:29.682 13125 13125 I SurfaceView@9cae61f: 164292127 Cur surface: Surface(name=null)/@0x1923549
10-17 20:28:29.682 13125 13125 I SurfaceView@9cae61f: applyTransactionOnVriDraw: vri = ViewRootImpl@e892618[MainActivity] fRS = false t = 0x7b1c30af00 android.view.SurfaceView.performSurfaceTransaction:959 android.view.SurfaceView.updateSurface:1105 android.view.SurfaceView.lambda$new$0$android-view-SurfaceView:200 
10-17 20:28:29.683 13125 13125 I ViewRootImpl@e892618[MainActivity]: applyTransactionOnDraw: mRemoved = false isHardwareEnabled = true t = 0x7b1c30af00android.view.SurfaceView.applyTransactionOnVriDraw:2048 android.view.SurfaceView.performSurfaceTransaction:959 android.view.SurfaceView.updateSurface:1105 android.view.SurfaceView.lambda$new$0$android-view-SurfaceView:200 android.view.SurfaceView$$ExternalSyntheticLambda5.onPreDraw:2 
10-17 20:28:29.683 13125 13125 I SurfaceView@9cae61f: updateSurface: mVisible = true mSurface.isValid() = true
10-17 20:28:29.683 13125 13125 I SurfaceView@9cae61f: updateSurface: mSurfaceCreated = true surfaceChanged = false visibleChanged = false
10-17 20:28:29.683 13125 13125 V SurfaceView@9cae61f: Layout: x=0 y=113 w=1080 h=525, frame=Rect(0, 0 - 1080, 525)
10-17 20:28:29.687 13125 13199 D SurfaceView@9cae61f: updateSurfacePosition RenderWorker, frameNr = 758, position = [0, 113, 1080, 638] surfaceSize = 1080x525
10-17 20:28:29.687 13125 13199 I SurfaceView@9cae61f: uSP: rtp = Rect(0, 113 - 1080, 638) rtsw = 1080 rtsh = 525
10-17 20:28:29.687 13125 13199 I SurfaceView@9cae61f: onSSPAndSRT: pl = 0 pt = 113 sx = 1.0 sy = 1.0
10-17 20:28:29.687 13125 13199 I SurfaceView@9cae61f: aOrMT: ViewRootImpl@e892618[MainActivity] t = android.view.SurfaceControl$Transaction@266d15a fN = 758 android.view.SurfaceView.-$$Nest$mapplyOrMergeTransaction:0 android.view.SurfaceView$SurfaceViewPositionUpdateListener.positionChanged:1537 android.graphics.RenderNode$CompositePositionUpdateListener.positionChanged:373 
10-17 20:28:29.687 13125 13199 I ViewRootImpl@e892618[MainActivity]: mWNT: t=0x7b46ec2d00 mBlastBufferQueue=0x7b5a8dd800 fn= 758 caller= android.view.SurfaceView.applyOrMergeTransaction:1455 android.view.SurfaceView.-$$Nest$mapplyOrMergeTransaction:0 android.view.SurfaceView$SurfaceViewPositionUpdateListener.positionChanged:1537 
10-17 20:28:29.688 13125 13199 I ViewRootImpl@e892618[MainActivity]: mWNT: t=0x7b1c30af00 mBlastBufferQueue=0x7b5a8dd800 fn= 758 caller= android.view.ViewRootImpl.lambda$applyTransactionOnDraw$11$android-view-ViewRootImpl:12865 android.view.ViewRootImpl$$ExternalSyntheticLambda1.onFrameDraw:4 android.graphics.HardwareRenderer$FrameDrawingCallback.onFrameDraw:924 
10-17 20:28:29.698 13125 13125 I SurfaceView@9cae61f: Changes: creating=false format=false size=false visible=false alpha=false hint=false mUseAlpha=false visible=false left=false top=true
10-17 20:28:29.699 13125 13125 I SurfaceView@9cae61f: 164292127 Cur surface: Surface(name=null)/@0x1923549
10-17 20:28:29.699 13125 13125 I SurfaceView@9cae61f: applyTransactionOnVriDraw: vri = ViewRootImpl@e892618[MainActivity] fRS = false t = 0x7b46f09000 android.view.SurfaceView.performSurfaceTransaction:959 android.view.SurfaceView.updateSurface:1105 android.view.SurfaceView.lambda$new$0$android-view-SurfaceView:200 
10-17 20:28:29.699 13125 13125 I ViewRootImpl@e892618[MainActivity]: applyTransactionOnDraw: mRemoved = false isHardwareEnabled = true t = 0x7b46f09000android.view.SurfaceView.applyTransactionOnVriDraw:2048 android.view.SurfaceView.performSurfaceTransaction:959 android.view.SurfaceView.updateSurface:1105 android.view.SurfaceView.lambda$new$0$android-view-SurfaceView:200 android.view.SurfaceView$$ExternalSyntheticLambda5.onPreDraw:2 
10-17 20:28:29.699 13125 13125 I SurfaceView@9cae61f: updateSurface: mVisible = true mSurface.isValid() = true
10-17 20:28:29.700 13125 13125 I SurfaceView@9cae61f: updateSurface: mSurfaceCreated = true surfaceChanged = false visibleChanged = false
10-17 20:28:29.700 13125 13125 V SurfaceView@9cae61f: Layout: x=0 y=190 w=1080 h=525, frame=Rect(0, 0 - 1080, 525)
10-17 20:28:29.701 13125 13200 D SurfaceView@9cae61f: updateSurfacePosition RenderWorker, frameNr = 759, position = [0, 190, 1080, 715] surfaceSize = 1080x525
10-17 20:28:29.701 13125 13200 I SurfaceView@9cae61f: uSP: rtp = Rect(0, 190 - 1080, 715) rtsw = 1080 rtsh = 525
10-17 20:28:29.701 13125 13200 I SurfaceView@9cae61f: onSSPAndSRT: pl = 0 pt = 190 sx = 1.0 sy = 1.0
10-17 20:28:29.702 13125 13200 I SurfaceView@9cae61f: aOrMT: ViewRootImpl@e892618[MainActivity] t = android.view.SurfaceControl$Transaction@266d15a fN = 759 android.view.SurfaceView.-$$Nest$mapplyOrMergeTransaction:0 android.view.SurfaceView$SurfaceViewPositionUpdateListener.positionChanged:1537 android.graphics.RenderNode$CompositePositionUpdateListener.positionChanged:373 
10-17 20:28:29.702 13125 13200 I ViewRootImpl@e892618[MainActivity]: mWNT: t=0x7b46ec2d00 mBlastBufferQueue=0x7b5a8dd800 fn= 759 caller= android.view.SurfaceView.applyOrMergeTransaction:1455 android.view.SurfaceView.-$$Nest$mapplyOrMergeTransaction:0 android.view.SurfaceView$SurfaceViewPositionUpdateListener.positionChanged:1537 
10-17 20:28:29.702 13125 13200 I ViewRootImpl@e892618[MainActivity]: mWNT: t=0x7b46f09000 mBlastBufferQueue=0x7b5a8dd800 fn= 759 caller= android.view.ViewRootImpl.lambda$applyTransactionOnDraw$11$android-view-ViewRootImpl:12865 android.view.ViewRootImpl$$ExternalSyntheticLambda1.onFrameDraw:4 android.graphics.HardwareRenderer$FrameDrawingCallback.onFrameDraw:924 
10-17 20:28:29.715 13125 13125 I SurfaceView@9cae61f: Changes: creating=false format=false size=false visible=false alpha=false hint=false mUseAlpha=false visible=false left=false top=true
10-17 20:28:29.715 13125 13125 I SurfaceView@9cae61f: 164292127 Cur surface: Surface(name=null)/@0x1923549
10-17 20:28:29.716 13125 13125 I SurfaceView@9cae61f: applyTransactionOnVriDraw: vri = ViewRootImpl@e892618[MainActivity] fRS = false t = 0x7b46f09100 android.view.SurfaceView.performSurfaceTransaction:959 android.view.SurfaceView.updateSurface:1105 android.view.SurfaceView.lambda$new$0$android-view-SurfaceView:200 
10-17 20:28:29.716 13125 13125 I ViewRootImpl@e892618[MainActivity]: applyTransactionOnDraw: mRemoved = false isHardwareEnabled = true t = 0x7b46f09100android.view.SurfaceView.applyTransactionOnVriDraw:2048 android.view.SurfaceView.performSurfaceTransaction:959 android.view.SurfaceView.updateSurface:1105 android.view.SurfaceView.lambda$new$0$android-view-SurfaceView:200 android.view.SurfaceView$$ExternalSyntheticLambda5.onPreDraw:2 
10-17 20:28:29.716 13125 13125 I SurfaceView@9cae61f: updateSurface: mVisible = true mSurface.isValid() = true
10-17 20:28:29.716 13125 13125 I SurfaceView@9cae61f: updateSurface: mSurfaceCreated = true surfaceChanged = false visibleChanged = false
10-17 20:28:29.716 13125 13125 V SurfaceView@9cae61f: Layout: x=0 y=218 w=1080 h=525, frame=Rect(0, 0 - 1080, 525)
10-17 20:28:29.718 13125 13199 D SurfaceView@9cae61f: updateSurfacePosition RenderWorker, frameNr = 760, position = [0, 218, 1080, 743] surfaceSize = 1080x525
10-17 20:28:29.719 13125 13199 I SurfaceView@9cae61f: uSP: rtp = Rect(0, 218 - 1080, 743) rtsw = 1080 rtsh = 525
10-17 20:28:29.719 13125 13199 I SurfaceView@9cae61f: onSSPAndSRT: pl = 0 pt = 218 sx = 1.0 sy = 1.0
10-17 20:28:29.719 13125 13199 I SurfaceView@9cae61f: aOrMT: ViewRootImpl@e892618[MainActivity] t = android.view.SurfaceControl$Transaction@266d15a fN = 760 android.view.SurfaceView.-$$Nest$mapplyOrMergeTransaction:0 android.view.SurfaceView$SurfaceViewPositionUpdateListener.positionChanged:1537 android.graphics.RenderNode$CompositePositionUpdateListener.positionChanged:373 
10-17 20:28:29.719 13125 13199 I ViewRootImpl@e892618[MainActivity]: mWNT: t=0x7b46ec2d00 mBlastBufferQueue=0x7b5a8dd800 fn= 760 caller= android.view.SurfaceView.applyOrMergeTransaction:1455 android.view.SurfaceView.-$$Nest$mapplyOrMergeTransaction:0 android.view.SurfaceView$SurfaceViewPositionUpdateListener.positionChanged:1537 
10-17 20:28:29.719 13125 13199 I ViewRootImpl@e892618[MainActivity]: mWNT: t=0x7b46f09100 mBlastBufferQueue=0x7b5a8dd800 fn= 760 caller= android.view.ViewRootImpl.lambda$applyTransactionOnDraw$11$android-view-ViewRootImpl:12865 android.view.ViewRootImpl$$ExternalSyntheticLambda1.onFrameDraw:4 android.graphics.HardwareRenderer$FrameDrawingCallback.onFrameDraw:924 
10-17 20:28:29.790 13125 13125 I ViewRootImpl@e892618[MainActivity]: ViewPostIme pointer 0
10-17 20:28:29.831 13125 13125 W PanelsChildGestureRegionObserver: failed to register view with ID 2131362800. already registered
10-17 20:28:29.831 13125 13125 W PanelsChildGestureRegionObserver: failed to register view with ID 2131362800. already registered
10-17 20:28:29.845 13125 13125 W PanelsChildGestureRegionObserver: failed to register view with ID 2131362800. already registered
10-17 20:28:29.862 13125 13125 W PanelsChildGestureRegionObserver: failed to register view with ID 2131362800. already registered
10-17 20:28:29.873 13125 13125 D WindowOnBackDispatcher: onBackInvoked, viewRoot=ViewRootImpl@cc695df[Toast], callback=androidx.activity.OnBackPressedDispatcher$Api33Impl$$ExternalSyntheticLambda0@10a13eb
10-17 20:28:29.879 13125 13125 I IMM_LC  : hsifw() - flag : 0
10-17 20:28:29.879 13125 13125 I IMM_LC  : hsifw() - mService.hideSoftInput
10-17 20:28:29.884 13125 13125 I CS3ExoPlayer: onStop
10-17 20:28:29.884 13125 13125 I CS3ExoPlayer: saveData
10-17 20:28:29.884 13125 13125 I CS3ExoPlayer: handleEvent Pause
10-17 20:28:29.963 13125 13125 W PanelsChildGestureRegionObserver: failed to register view with ID 2131362800. already registered
10-17 20:28:30.164 13125 13125 W PanelsChildGestureRegionObserver: failed to register view with ID 2131362800. already registered
10-17 20:28:30.179 13125 13200 D SurfaceView@9cae61f: updateSurfacePosition RenderWorker, frameNr = 772, position = [54, 314, 1026, 787] surfaceSize = 1080x525
10-17 20:28:30.179 13125 13200 I SurfaceView@9cae61f: uSP: rtp = Rect(54, 314 - 1026, 787) rtsw = 1080 rtsh = 525
10-17 20:28:30.179 13125 13200 I SurfaceView@9cae61f: onSSPAndSRT: pl = 54 pt = 314 sx = 0.9 sy = 0.9009524
10-17 20:28:30.179 13125 13200 I SurfaceView@9cae61f: aOrMT: ViewRootImpl@e892618[MainActivity] t = android.view.SurfaceControl$Transaction@266d15a fN = 772 android.view.SurfaceView.-$$Nest$mapplyOrMergeTransaction:0 android.view.SurfaceView$SurfaceViewPositionUpdateListener.positionChanged:1537 android.graphics.RenderNode$CompositePositionUpdateListener.positionChanged:373 
10-17 20:28:30.180 13125 13200 I ViewRootImpl@e892618[MainActivity]: mWNT: t=0x7b46ec2d00 mBlastBufferQueue=0x7b5a8dd800 fn= 772 caller= android.view.SurfaceView.applyOrMergeTransaction:1455 android.view.SurfaceView.-$$Nest$mapplyOrMergeTransaction:0 android.view.SurfaceView$SurfaceViewPositionUpdateListener.positionChanged:1537 
10-17 20:28:30.181 13125 13125 I SurfaceView@9cae61f: onWindowVisibilityChanged(8) false android.view.SurfaceView{9cae61f V.E..V... ........ 0,0-1080,525} of ViewRootImpl@e892618[MainActivity]
10-17 20:28:30.181 13125 13125 I SurfaceView@9cae61f: Changes: creating=false format=false size=false visible=true alpha=false hint=false mUseAlpha=false visible=true left=false top=false
10-17 20:28:30.181 13125 13125 I SurfaceView@9cae61f: 164292127 Cur surface: Surface(name=null)/@0x1923549
10-17 20:28:30.181 13125 13125 I SurfaceView@9cae61f: applyTransactionOnVriDraw: vri = ViewRootImpl@e892618[MainActivity] fRS = false t = 0x7ae8daf600 android.view.SurfaceView.performSurfaceTransaction:959 android.view.SurfaceView.updateSurface:1105 android.view.SurfaceView.onWindowVisibilityChanged:371 
10-17 20:28:30.181 13125 13125 I ViewRootImpl@e892618[MainActivity]: applyTransactionOnDraw: mRemoved = false isHardwareEnabled = true t = 0x7ae8daf600android.view.SurfaceView.applyTransactionOnVriDraw:2048 android.view.SurfaceView.performSurfaceTransaction:959 android.view.SurfaceView.updateSurface:1105 android.view.SurfaceView.onWindowVisibilityChanged:371 android.view.View.dispatchDetachedFromWindow:22529 
10-17 20:28:30.181 13125 13125 I SurfaceView@9cae61f: surfaceDestroyed
10-17 20:28:30.181 13125 13125 I SurfaceView@9cae61f: surfaceDestroyed callback.size 0 #2 android.view.SurfaceView{9cae61f V.E..V... ........ 0,0-1080,525}
10-17 20:28:30.181 13125 13125 I SurfaceView@9cae61f: updateSurface: mVisible = false mSurface.isValid() = true
10-17 20:28:30.181 13125 13125 I SurfaceView@9cae61f: releaseSurfaces: viewRoot = ViewRootImpl@e892618[MainActivity]
10-17 20:28:30.182 13125 13125 I SurfaceView@9cae61f: applyTransactionOnVriDraw: vri = ViewRootImpl@e892618[MainActivity] fRS = true t = 0x7ae8daf900 android.view.SurfaceView.releaseSurfaces:858 android.view.SurfaceView.updateSurface:1172 android.view.SurfaceView.onWindowVisibilityChanged:371 
10-17 20:28:30.182 13125 13125 I SurfaceView@9cae61f: applyTransactionOnVriDraw: viewRoot.applyTransactionOnDrawFromReleaseSurfaces
10-17 20:28:30.182 13125 13125 I ViewRootImpl@e892618[MainActivity]: applyTransactionOnDraw: mRemoved = false isHardwareEnabled = true t = 0x7ae8daf900android.view.ViewRootImpl.applyTransactionOnDrawFromReleaseSurfaces:12850 android.view.SurfaceView.applyTransactionOnVriDraw:2046 android.view.SurfaceView.releaseSurfaces:858 android.view.SurfaceView.updateSurface:1172 android.view.SurfaceView.onWindowVisibilityChanged:371 
10-17 20:28:30.182 13125 13125 V SurfaceView@9cae61f: Layout: x=0 y=218 w=1080 h=525, frame=Rect(0, 0 - 1080, 525)
10-17 20:28:30.182 13125 13125 I SurfaceView@9cae61f: onDetachedFromWindow: tryReleaseSurfaces()
10-17 20:28:30.182 13125 13125 I SurfaceView@9cae61f: releaseSurfaces: viewRoot = ViewRootImpl@e892618[MainActivity]
10-17 20:28:30.182 13125 13125 I SurfaceView@9cae61f: applyTransactionOnVriDraw: vri = ViewRootImpl@e892618[MainActivity] fRS = true t = 0x7ae8dafa00 android.view.SurfaceView.releaseSurfaces:858 android.view.SurfaceView.onDetachedFromWindow:500 android.view.View.dispatchDetachedFromWindow:22538 
10-17 20:28:30.182 13125 13125 I SurfaceView@9cae61f: applyTransactionOnVriDraw: viewRoot.applyTransactionOnDrawFromReleaseSurfaces
10-17 20:28:30.182 13125 13125 I ViewRootImpl@e892618[MainActivity]: applyTransactionOnDraw: mRemoved = false isHardwareEnabled = true t = 0x7ae8dafa00android.view.ViewRootImpl.applyTransactionOnDrawFromReleaseSurfaces:12850 android.view.SurfaceView.applyTransactionOnVriDraw:2046 android.view.SurfaceView.releaseSurfaces:858 android.view.SurfaceView.onDetachedFromWindow:500 android.view.View.dispatchDetachedFromWindow:22538 
10-17 20:28:30.194 13125 13125 I DecorView: notifyKeepScreenOnChanged: keepScreenOn=false
10-17 20:28:30.195 13125 13125 I CS3ExoPlayer: releasePlayer
10-17 20:28:30.195 13125 13125 I CS3ExoPlayer: Handle event: PlayerAttachedEvent(player=null, source=Player)
10-17 20:28:30.196 13125 13125 I DecorView: notifyKeepScreenOnChanged: keepScreenOn=false
10-17 20:28:30.197 13125 13125 I ViewRootImpl@e892618[MainActivity]: performTraversals params={(0,0)(fillxfill) sim={state=always_hidden adjust=resize} ty=BASE_APPLICATION wanim=0x1030309
10-17 20:28:30.197 13125 13125 I ViewRootImpl@e892618[MainActivity]:   fl=85810100
10-17 20:28:30.197 13125 13125 I ViewRootImpl@e892618[MainActivity]:   pfl=12020040
10-17 20:28:30.197 13125 13125 I ViewRootImpl@e892618[MainActivity]:   vsysui=500
10-17 20:28:30.197 13125 13125 I ViewRootImpl@e892618[MainActivity]:   bhv=DEFAULT
10-17 20:28:30.197 13125 13125 I ViewRootImpl@e892618[MainActivity]:   fitSides= naviIconColor=0}
10-17 20:28:30.197 13125 13125 I ViewRootImpl@e892618[MainActivity]: performTraversals mFirst=false windowShouldResize=false viewVisibilityChanged=false mForceNextWindowRelayout=false params={(0,0)(fillxfill) sim={state=always_hidden adjust=resize} ty=BASE_APPLICATION fmt=TRANSLUCENT wanim=0x1030309
10-17 20:28:30.197 13125 13125 I ViewRootImpl@e892618[MainActivity]:   fl=85810100
10-17 20:28:30.197 13125 13125 I ViewRootImpl@e892618[MainActivity]:   pfl=12020040
10-17 20:28:30.197 13125 13125 I ViewRootImpl@e892618[MainActivity]:   vsysui=500
10-17 20:28:30.197 13125 13125 I ViewRootImpl@e892618[MainActivity]:   bhv=DEFAULT
10-17 20:28:30.197 13125 13125 I ViewRootImpl@e892618[MainActivity]:   fitSides= naviIconColor=0}
10-17 20:28:30.201 13125 13125 I ViewRootImpl@e892618[MainActivity]: updateBlastSurfaceIfNeeded mBlastBufferQueue=0x7b5a8dd800 isSameSurfaceControl=true
10-17 20:28:30.202 13125 13125 I BLASTBufferQueue: update, w= 1080 h= 2400 mName = ViewRootImpl@e892618[MainActivity] mNativeObject= 0x7b5a8dd800 sc.mNativeObject= 0x7adce50780 format= -3 caller= android.view.ViewRootImpl.updateBlastSurfaceIfNeeded:2898 android.view.ViewRootImpl.relayoutWindow:9847 android.view.ViewRootImpl.performTraversals:3884 android.view.ViewRootImpl.doTraversal:3116 android.view.ViewRootImpl$TraversalRunnable.run:10885 android.view.Choreographer$CallbackRecord.run:1301 
10-17 20:28:30.202 13125 13125 I ViewRootImpl@e892618[MainActivity]: Relayout returned: old=(0,0,1080,2400) new=(0,0,1080,2400) req=(1080,2400)0 dur=4 res=0x0 s={true 0x7b5a8f0800} ch=false seqId=0
10-17 20:28:30.202 13125 13125 I ViewRootImpl@e892618[MainActivity]: updateBoundsLayer: t = android.view.SurfaceControl$Transaction@d0ca00f sc = Surface(name=Bounds for - com.lagradost.cloudstream3/com.lagradost.cloudstream3.MainActivity@0)/@0x1bee89c frame = 773
10-17 20:28:30.202 13125 13125 I ViewRootImpl@e892618[MainActivity]: mWNT: t=0x7b5aa61300 mBlastBufferQueue=0x7b5a8dd800 fn= 773 caller= android.view.ViewRootImpl.prepareSurfaces:2985 android.view.ViewRootImpl.performTraversals:4233 android.view.ViewRootImpl.doTraversal:3116 
10-17 20:28:30.203 13125 13150 D SurfaceView@9cae61f: windowPositionLost, frameNr = 773
10-17 20:28:30.204 13125 13199 I ViewRootImpl@e892618[MainActivity]: mWNT: t=0x7ae8daf600 mBlastBufferQueue=0x7b5a8dd800 fn= 773 caller= android.view.ViewRootImpl.lambda$applyTransactionOnDraw$11$android-view-ViewRootImpl:12865 android.view.ViewRootImpl$$ExternalSyntheticLambda1.onFrameDraw:4 android.graphics.HardwareRenderer$FrameDrawingCallback.onFrameDraw:924 
10-17 20:28:30.204 13125 13199 I ViewRootImpl@e892618[MainActivity]: mWNT: t=0x7ae8daf900 mBlastBufferQueue=0x7b5a8dd800 fn= 773 caller= android.view.ViewRootImpl.lambda$applyTransactionOnDraw$11$android-view-ViewRootImpl:12865 android.view.ViewRootImpl$$ExternalSyntheticLambda1.onFrameDraw:4 android.graphics.HardwareRenderer$FrameDrawingCallback.onFrameDraw:924 
10-17 20:28:30.204 13125 13199 I ViewRootImpl@e892618[MainActivity]: mWNT: t=0x7ae8dafa00 mBlastBufferQueue=0x7b5a8dd800 fn= 773 caller= android.view.ViewRootImpl.lambda$applyTransactionOnDraw$11$android-view-ViewRootImpl:12865 android.view.ViewRootImpl$$ExternalSyntheticLambda1.onFrameDraw:4 android.graphics.HardwareRenderer$FrameDrawingCallback.onFrameDraw:924 
10-17 20:28:31.144 13125 13125 I ViewRootImpl@e892618[MainActivity]: ViewPostIme pointer 0
10-17 20:28:31.286 13125 13125 D WindowOnBackDispatcher: onBackInvoked, viewRoot=ViewRootImpl@cc695df[Toast], callback=androidx.activity.OnBackPressedDispatcher$Api33Impl$$ExternalSyntheticLambda0@10a13eb
10-17 20:28:31.348 13125 13125 I ViewRootImpl@e892618[MainActivity]: MSG_WINDOW_FOCUS_CHANGED 0 0
10-17 20:28:31.521 13125 13125 D InputTransport: Input channel destroyed: 'ClientS', fd=138
10-17 20:28:31.680 13125 13125 I ViewRootImpl@e892618[MainActivity]: handleAppVisibility mAppVisible = true visible = false
10-17 20:28:31.697 13125 13150 D OpenGLRenderer: setSurface called with nullptr
10-17 20:28:31.697 13125 13150 D OpenGLRenderer: setSurface() destroyed EGLSurface
10-17 20:28:31.697 13125 13150 D OpenGLRenderer: destroyEglSurface
10-17 20:28:31.699 13125 13125 I ViewRootImpl@e892618[MainActivity]: performTraversals mFirst=false windowShouldResize=false viewVisibilityChanged=true mForceNextWindowRelayout=false params=null
10-17 20:28:31.706 13125 13125 I ViewRootImpl@e892618[MainActivity]: Relayout returned: old=(0,0,1080,2400) new=(0,0,1080,2400) req=(1080,2400)8 dur=5 res=0x2 s={false 0x0} ch=true seqId=0
10-17 20:28:31.709 13125 13125 I ViewRootImpl@e892618[MainActivity]: stopped(true) old = false
10-17 20:28:31.709 13125 13125 I ViewRootImpl@e892618[MainActivity]: WindowStopped on com.lagradost.cloudstream3/com.lagradost.cloudstream3.MainActivity set to true
10-17 20:28:31.712 13125 13125 I AppVisibilityProxy: onAppEnteredBackground
10-17 20:28:31.718 13125 13125 I MSHandlerLifeCycle: removeMultiSplitHandler: no exist. decor=DecorView@84f84fe[MainActivity]
10-17 20:28:31.730 13125 13125 D MAINACT : Deleted temporary file: /data/user/0/com.lagradost.cloudstream3/cache/exoplayer
10-17 20:28:32.852 13125 13125 I MSHandlerLifeCycle: removeMultiSplitHandler: no exist. decor=DecorView@84f84fe[MainActivity]
10-17 20:28:32.853 13125 13150 D OpenGLRenderer: setSurface called with nullptr
10-17 20:28:32.853 13125 13125 I ViewRootImpl@e892618[MainActivity]: dispatchDetachedFromWindow
10-17 20:28:32.857 13125 13125 D InputTransport: Input channel destroyed: '776b379', fd=119
10-17 20:28:32.864 13125 13125 I Choreographer: Skipped 68 frames!  The application may be doing too much work on its main thread.
10-17 20:28:32.874 13125 13125 I NavComponent: Navigating to Activity: MainActivity
10-17 20:28:32.890 13125 13125 I DecorView: [INFO] isPopOver=false config=true
10-17 20:28:32.890 13125 13125 I DecorView: updateCaptionType: isFloating=false isApplication=true hasWindowDecorCaption=false this=DecorView@ffa0f2d[]
10-17 20:28:32.890 13125 13125 D DecorView: setCaptionType = 0, this = DecorView@ffa0f2d[]
10-17 20:28:32.891 13125 13125 I DecorView: getCurrentDensityDpi: from real metrics. densityDpi=420 msg=resources_loaded
10-17 20:28:32.891 13125 13125 I DecorView: setWindowBackground: isPopOver=false color=ff000000 d=android.graphics.drawable.ColorDrawable@30761f3
10-17 20:28:32.893 13125 13125 W MediaRouter: Ignoring invalid provider descriptor: null
10-17 20:28:33.042 13125 13125 I DecorView: [INFO] isPopOver=false config=true
10-17 20:28:33.042 13125 13125 I DecorView: updateCaptionType: isFloating=false isApplication=true hasWindowDecorCaption=false this=DecorView@c1fa470[]
10-17 20:28:33.042 13125 13125 D DecorView: setCaptionType = 0, this = DecorView@c1fa470[]
10-17 20:28:33.042 13125 13125 I DecorView: getCurrentDensityDpi: from real metrics. densityDpi=420 msg=resources_loaded
10-17 20:28:33.042 13125 13125 I DecorView: setWindowBackground: isPopOver=false color=ff000000 d=android.graphics.drawable.ColorDrawable@4a1e86e
10-17 20:28:33.051 13125 13125 I IMM_LC  : hsifw() - flag : 0
10-17 20:28:33.051 13125 13125 I IMM_LC  : hsifw() ignore mServedView == null or mServedView.getWindowToken() != windowToken, mServedView :0
10-17 20:28:33.051 13125 13318 I PluginManager: Loading plugin: PluginData(internalName=Asia2tv, url=https://raw.githubusercontent.com/adamwolker21/TestPlugins/builds/Asia2tv.cs3, isOnline=true, filePath=/data/user/0/com.lagradost.cloudstream3/files/Extensions/httpsraw.githubusercontent.comadamwolker21TestPluginsrefsheadsmasterrepo.json.113048842/Asia2tv.950460682.cs3, version=37)
10-17 20:28:33.056 13125 13125 I System.out: Loaded everything
10-17 20:28:33.057 13125 13318 I PluginManager: Plugin with name Asia2tv already exists
10-17 20:28:33.060 13125 13125 I AppVisibilityProxy: onAppEnteredForeground
10-17 20:28:33.061 13125 13173 D DiscoveryListener: Discovery started: _fcast._tcp
10-17 20:28:33.064 13125 13175 W PluginManager: Failed to create local directories
10-17 20:28:33.108 13125 13125 I MSHandlerLifeCycle: check: return. pkg=com.lagradost.cloudstream3 parent=null callers=com.android.internal.policy.DecorView.setVisibility:4412 android.app.ActivityThread.handleResumeActivity:5476 android.app.servertransaction.ResumeActivityItem.execute:54 android.app.servertransaction.ActivityTransactionItem.execute:45 android.app.servertransaction.TransactionExecutor.executeLifecycleState:176 
10-17 20:28:33.108 13125 13125 I MSHandlerLifeCycle: removeMultiSplitHandler: no exist. decor=DecorView@c1fa470[]
10-17 20:28:33.110 13125 13150 D NativeCustomFrequencyManager: [NativeCFMS] BpCustomFrequencyManager::BpCustomFrequencyManager()
10-17 20:28:33.112 13125 13125 I DecorView: notifyKeepScreenOnChanged: keepScreenOn=false
10-17 20:28:33.115 13125 13125 D InsetsController: onStateChanged: InsetsState: {mDisplayFrame=Rect(0, 0 - 1080, 2400), mDisplayCutout=DisplayCutout{insets=Rect(0, 88 - 0, 0) waterfall=Insets{left=0, top=0, right=0, bottom=0} boundingRect={Bounds=[Rect(0, 0 - 0, 0), Rect(512, 0 - 568, 88), Rect(0, 0 - 0, 0), Rect(0, 0 - 0, 0)]} cutoutPathParserInfo={CutoutPathParserInfo{displayWidth=1080 displayHeight=2400 physicalDisplayWidth=1080 physicalDisplayHeight=2400 density={2.625} cutoutSpec={M 0,0 M 0,12.25101276465640 a 10.60613009248640,10.60613009248640 0 1,0 0,21.21226018497290 a 10.60613009248640,10.60613009248640 0 1,0 0,-21.21226018497290 Z @dp} rotation={0} scale={1.0} physicalPixelDisplaySizeRatio={1.0}}}}, mRoundedCorners=RoundedCorners{[RoundedCorner{position=TopLeft, radius=84, center=Point(84, 84)}, RoundedCorner{position=TopRight, radius=84, center=Point(996, 84)}, RoundedCorner{position=BottomRight, radius=84, center=Point(996, 2316)}, RoundedCorner{position=BottomLeft, radius=84, center=Point(84, 2316)}]}  mRoundedCornerFrame=Rect(0, 0 - 1080, 2400), mPrivacyIndicatorBounds=PrivacyIndicatorBounds {static bounds=Rect(964, 0 - 1080, 87) rotation=0}, mSources= { InsetsSource: {mType=ITYPE_STATUS_BAR, mFrame=[0,0][1080,88], mVisible=true, mInsetsRoundedCornerFrame=false}, InsetsSource: {mType=ITYPE_NAVIGATION_BAR, mFrame=[0,2361][1080,2400], mVisible=true, mInsetsRoundedCornerFrame=false}, InsetsSource: {mType=ITYPE_LEFT_GESTURES, mFrame=[0,0][130,2400], mVisible=true, mInsetsRoundedCornerFrame=false}, InsetsSource: {mType=ITYPE_RIGHT_GESTURES, mFrame=[950,0][1080,2400], mVisible=true, mInsetsRoundedCornerFrame=false}, InsetsSource: {mType=ITYPE_TOP_MANDATORY_GESTURES, mFrame=[0,0][1080,120], mVisible=true, mInsetsRoundedCornerFrame=false}, InsetsSource: {mType=ITYPE_BOTTOM_MANDATORY_GESTURES, mFrame=[0,2316][1080,2400], mVisible=true, mInsetsRoundedCornerFrame=false}, InsetsSource: {mType=ITYPE_LEFT_DISPLAY_CUTOUT, mFrame=[0,0][-100000,2400], mVisible=true, mInsetsRoundedCornerFrame=false}, InsetsSource: {mType=ITYPE_TOP_DISPLAY_CUTOUT, mFrame=[0,0][1080,88], mVisible=true, mInsetsRoundedCornerFrame=false}, InsetsSource: {mType=ITYPE_RIGHT_DISPLAY_CUTOUT, mFrame=[100000,0][1080,2400], mVisible=true, mInsetsRoundedCornerFrame=false}, InsetsSource: {mType=ITYPE_BOTTOM_DISPLAY_CUTOUT, mFrame=[0,100000][1080,2400], mVisible=true, mInsetsRoundedCornerFrame=false}, InsetsSource: {mType=ITYPE_TOP_TAPPABLE_ELEMENT, mFrame=[0,0][1080,88], mVisible=true, mInsetsRoundedCornerFrame=false}, InsetsSource: {mType=ITYPE_BOTTOM_TAPPABLE_ELEMENT, mFrame=[0,0][0,0], mVisible=true, mInsetsRoundedCornerFrame=false} } host=com.lagradost.cloudstream3/com.lagradost.cloudstream3.MainActivity from=android.view.ViewRootImpl.setView:1732
10-17 20:28:33.116 13125 13125 I ViewRootImpl@c6094f7[MainActivity]: setView = com.android.internal.policy.DecorView@c1fa470 TM=true
10-17 20:28:33.116 13125 13125 I MSHandlerLifeCycle: removeMultiSplitHandler: no exist. decor=DecorView@c1fa470[MainActivity]
10-17 20:28:33.118 13125 13125 I SYNC_API: Local, local
10-17 20:28:33.130 13125 13125 I ViewRootImpl@c6094f7[MainActivity]: performTraversals params={(0,0)(fillxfill) sim={state=always_hidden adjust=pan forwardNavigation} ty=BASE_APPLICATION wanim=0x1030309
10-17 20:28:33.130 13125 13125 I ViewRootImpl@c6094f7[MainActivity]:   fl=85810100
10-17 20:28:33.130 13125 13125 I ViewRootImpl@c6094f7[MainActivity]:   pfl=12020040
10-17 20:28:33.130 13125 13125 I ViewRootImpl@c6094f7[MainActivity]:   vsysui=500
10-17 20:28:33.130 13125 13125 I ViewRootImpl@c6094f7[MainActivity]:   bhv=DEFAULT
10-17 20:28:33.130 13125 13125 I ViewRootImpl@c6094f7[MainActivity]:   fitSides= naviIconColor=0}
10-17 20:28:33.131 13125 13125 I ViewRootImpl@c6094f7[MainActivity]: performTraversals mFirst=true windowShouldResize=true viewVisibilityChanged=false mForceNextWindowRelayout=false params={(0,0)(fillxfill) sim={state=always_hidden adjust=pan forwardNavigation} ty=BASE_APPLICATION wanim=0x1030309
10-17 20:28:33.131 13125 13125 I ViewRootImpl@c6094f7[MainActivity]:   fl=85810100
10-17 20:28:33.131 13125 13125 I ViewRootImpl@c6094f7[MainActivity]:   pfl=12020040
10-17 20:28:33.131 13125 13125 I ViewRootImpl@c6094f7[MainActivity]:   vsysui=500
10-17 20:28:33.131 13125 13125 I ViewRootImpl@c6094f7[MainActivity]:   bhv=DEFAULT
10-17 20:28:33.131 13125 13125 I ViewRootImpl@c6094f7[MainActivity]:   fitSides= naviIconColor=0}
10-17 20:28:33.138 13125 13125 I ViewRootImpl@c6094f7[MainActivity]: updateBlastSurfaceIfNeeded mBlastBufferQueue=null isSameSurfaceControl=false
10-17 20:28:33.138 13125 13125 I BLASTBufferQueue: new BLASTBufferQueue, mName= ViewRootImpl@c6094f7[MainActivity] mNativeObject= 0x7b46ee5a00 sc.mNativeObject= 0x7b470b14a0 caller= android.view.ViewRootImpl.updateBlastSurfaceIfNeeded:2909 android.view.ViewRootImpl.relayoutWindow:9847 android.view.ViewRootImpl.performTraversals:3884 android.view.ViewRootImpl.doTraversal:3116 android.view.ViewRootImpl$TraversalRunnable.run:10885 android.view.Choreographer$CallbackRecord.run:1301 android.view.Choreographer$CallbackRecord.run:1309 android.view.Choreographer.doCallbacks:923 android.view.Choreographer.doFrame:852 android.view.Choreographer$FrameDisplayEventReceiver.run:1283 
10-17 20:28:33.138 13125 13125 I BLASTBufferQueue: update, w= 1080 h= 2400 mName = ViewRootImpl@c6094f7[MainActivity] mNativeObject= 0x7b46ee5a00 sc.mNativeObject= 0x7b470b14a0 format= -1 caller= android.graphics.BLASTBufferQueue.<init>:84 android.view.ViewRootImpl.updateBlastSurfaceIfNeeded:2909 android.view.ViewRootImpl.relayoutWindow:9847 android.view.ViewRootImpl.performTraversals:3884 android.view.ViewRootImpl.doTraversal:3116 android.view.ViewRootImpl$TraversalRunnable.run:10885 
10-17 20:28:33.139 13125 13125 I ViewRootImpl@c6094f7[MainActivity]: Relayout returned: old=(0,0,1080,2400) new=(0,0,1080,2400) req=(1080,2400)0 dur=7 res=0x3 s={true 0x7b1c389000} ch=true seqId=0
10-17 20:28:33.139 13125 13125 I ViewRootImpl@c6094f7[MainActivity]: mThreadedRenderer.initialize() mSurface={isValid=true 0x7b1c389000} hwInitialized=true
10-17 20:28:33.139 13125 13150 D OpenGLRenderer: eglCreateWindowSurface
10-17 20:28:33.141 13125 13125 I ViewRootImpl@c6094f7[MainActivity]: reportNextDraw android.view.ViewRootImpl.performTraversals:4438 android.view.ViewRootImpl.doTraversal:3116 android.view.ViewRootImpl$TraversalRunnable.run:10885 android.view.Choreographer$CallbackRecord.run:1301 android.view.Choreographer$CallbackRecord.run:1309 
10-17 20:28:33.141 13125 13125 I ViewRootImpl@c6094f7[MainActivity]: Setup new sync id=0
10-17 20:28:33.141 13125 13125 I ViewRootImpl@c6094f7[MainActivity]: Setting syncFrameCallback
10-17 20:28:33.141 13125 13125 I ViewRootImpl@c6094f7[MainActivity]: registerCallbacksForSync syncBuffer=false
10-17 20:28:33.149 13125 13200 I ViewRootImpl@c6094f7[MainActivity]: Received frameDrawingCallback syncResult=0 frameNum=1.
10-17 20:28:33.149 13125 13200 I ViewRootImpl@c6094f7[MainActivity]: Setting up sync and frameCommitCallback
10-17 20:28:33.156 13125 13150 I BLASTBufferQueue: [ViewRootImpl@c6094f7[MainActivity]#5](f:0,a:0) onFrameAvailable the first frame is available
10-17 20:28:33.157 13125 13150 I ViewRootImpl@c6094f7[MainActivity]: Received frameCommittedCallback lastAttemptedDrawFrameNum=1 didProduceBuffer=true
10-17 20:28:33.157 13125 13150 D OpenGLRenderer: CFMS:: SetUp Pid : 13125    Tid : 13150
10-17 20:28:33.158 13125 13125 I ViewRootImpl@c6094f7[MainActivity]: onSyncComplete
10-17 20:28:33.159 13125 13125 I ViewRootImpl@c6094f7[MainActivity]: setupSync seqId=0 mSyncId=0 fn=1 caller=android.view.ViewRootImpl$$ExternalSyntheticLambda11.accept:6 android.window.SurfaceSyncer.lambda$setupSync$1$android-window-SurfaceSyncer:128 android.window.SurfaceSyncer$$ExternalSyntheticLambda1.accept:8 android.window.SurfaceSyncer$SyncSet.checkIfSyncIsComplete:382 android.window.SurfaceSyncer$SyncSet.markSyncReady:359 android.window.SurfaceSyncer.markSyncReady:151 android.view.ViewRootImpl.performTraversals:4503 
10-17 20:28:33.159 13125 13125 I ViewRootImpl@c6094f7[MainActivity]: reportDrawFinished seqId=0 mSyncId=-1 fn=1 mSurfaceChangedTransaction=0x7b4708b200
10-17 20:28:33.194 13125 13125 I ViewRootImpl@c6094f7[MainActivity]: MSG_WINDOW_FOCUS_CHANGED 1 0
10-17 20:28:33.194 13125 13125 I ViewRootImpl@c6094f7[MainActivity]: mThreadedRenderer.initializeIfNeeded()#2 mSurface={isValid=true 0x7b1c389000}
10-17 20:28:33.196 13125 13125 D InputMethodManager: startInputInner - Id : 0
