10-17 00:27:39.788 28526 28606 D SurfaceView@371b404: updateSurfacePosition RenderWorker, frameNr = 869, position = [0, -461, 1080, 64] surfaceSize = 1080x525
10-17 00:27:39.788 28526 28606 I SurfaceView@371b404: uSP: rtp = Rect(0, -461 - 1080, 64) rtsw = 1080 rtsh = 525
10-17 00:27:39.788 28526 28606 I SurfaceView@371b404: onSSPAndSRT: pl = 0 pt = -461 sx = 1.0 sy = 1.0
10-17 00:27:39.788 28526 28606 I SurfaceView@371b404: aOrMT: ViewRootImpl@6dcaa2e[MainActivity] t = android.view.SurfaceControl$Transaction@e9e2767 fN = 869 android.view.SurfaceView.-$$Nest$mapplyOrMergeTransaction:0 android.view.SurfaceView$SurfaceViewPositionUpdateListener.positionChanged:1537 android.graphics.RenderNode$CompositePositionUpdateListener.positionChanged:373 
10-17 00:27:39.789 28526 28606 I ViewRootImpl@6dcaa2e[MainActivity]: mWNT: t=0x7b2ea39700 mBlastBufferQueue=0x7b45f92500 fn= 869 caller= android.view.SurfaceView.applyOrMergeTransaction:1455 android.view.SurfaceView.-$$Nest$mapplyOrMergeTransaction:0 android.view.SurfaceView$SurfaceViewPositionUpdateListener.positionChanged:1537 
10-17 00:27:39.789 28526 28606 I ViewRootImpl@6dcaa2e[MainActivity]: mWNT: t=0x7bdaa2cc00 mBlastBufferQueue=0x7b45f92500 fn= 869 caller= android.view.ViewRootImpl.lambda$applyTransactionOnDraw$11$android-view-ViewRootImpl:12865 android.view.ViewRootImpl$$ExternalSyntheticLambda1.onFrameDraw:4 android.graphics.HardwareRenderer$FrameDrawingCallback.onFrameDraw:924 
10-17 00:27:39.800 28526 28526 I SurfaceView@371b404: Changes: creating=false format=false size=false visible=false alpha=false hint=false mUseAlpha=false visible=false left=false top=true
10-17 00:27:39.800 28526 28526 I SurfaceView@371b404: 57783300 Cur surface: Surface(name=null)/@0xc48875a
10-17 00:27:39.800 28526 28526 I SurfaceView@371b404: applyTransactionOnVriDraw: vri = ViewRootImpl@6dcaa2e[MainActivity] fRS = false t = 0x7bdaa2cd00 android.view.SurfaceView.performSurfaceTransaction:959 android.view.SurfaceView.updateSurface:1105 android.view.SurfaceView.lambda$new$0$android-view-SurfaceView:200 
10-17 00:27:39.800 28526 28526 I ViewRootImpl@6dcaa2e[MainActivity]: applyTransactionOnDraw: mRemoved = false isHardwareEnabled = true t = 0x7bdaa2cd00android.view.SurfaceView.applyTransactionOnVriDraw:2048 android.view.SurfaceView.performSurfaceTransaction:959 android.view.SurfaceView.updateSurface:1105 android.view.SurfaceView.lambda$new$0$android-view-SurfaceView:200 android.view.SurfaceView$$ExternalSyntheticLambda5.onPreDraw:2 
10-17 00:27:39.800 28526 28526 I SurfaceView@371b404: updateSurface: mVisible = true mSurface.isValid() = true
10-17 00:27:39.800 28526 28526 I SurfaceView@371b404: updateSurface: mSurfaceCreated = true surfaceChanged = false visibleChanged = false
10-17 00:27:39.800 28526 28526 V SurfaceView@371b404: Layout: x=0 y=-350 w=1080 h=525, frame=Rect(0, 0 - 1080, 525)
10-17 00:27:39.803 28526 28607 D SurfaceView@371b404: updateSurfacePosition RenderWorker, frameNr = 870, position = [0, -350, 1080, 175] surfaceSize = 1080x525
10-17 00:27:39.803 28526 28607 I SurfaceView@371b404: uSP: rtp = Rect(0, -350 - 1080, 175) rtsw = 1080 rtsh = 525
10-17 00:27:39.803 28526 28607 I SurfaceView@371b404: onSSPAndSRT: pl = 0 pt = -350 sx = 1.0 sy = 1.0
10-17 00:27:39.803 28526 28607 I SurfaceView@371b404: aOrMT: ViewRootImpl@6dcaa2e[MainActivity] t = android.view.SurfaceControl$Transaction@e9e2767 fN = 870 android.view.SurfaceView.-$$Nest$mapplyOrMergeTransaction:0 android.view.SurfaceView$SurfaceViewPositionUpdateListener.positionChanged:1537 android.graphics.RenderNode$CompositePositionUpdateListener.positionChanged:373 
10-17 00:27:39.803 28526 28607 I ViewRootImpl@6dcaa2e[MainActivity]: mWNT: t=0x7b2ea39700 mBlastBufferQueue=0x7b45f92500 fn= 870 caller= android.view.SurfaceView.applyOrMergeTransaction:1455 android.view.SurfaceView.-$$Nest$mapplyOrMergeTransaction:0 android.view.SurfaceView$SurfaceViewPositionUpdateListener.positionChanged:1537 
10-17 00:27:39.803 28526 28607 I ViewRootImpl@6dcaa2e[MainActivity]: mWNT: t=0x7bdaa2cd00 mBlastBufferQueue=0x7b45f92500 fn= 870 caller= android.view.ViewRootImpl.lambda$applyTransactionOnDraw$11$android-view-ViewRootImpl:12865 android.view.ViewRootImpl$$ExternalSyntheticLambda1.onFrameDraw:4 android.graphics.HardwareRenderer$FrameDrawingCallback.onFrameDraw:924 
10-17 00:27:39.816 28526 28526 I SurfaceView@371b404: Changes: creating=false format=false size=false visible=false alpha=false hint=false mUseAlpha=false visible=false left=false top=true
10-17 00:27:39.816 28526 28526 I SurfaceView@371b404: 57783300 Cur surface: Surface(name=null)/@0xc48875a
10-17 00:27:39.817 28526 28526 I SurfaceView@371b404: applyTransactionOnVriDraw: vri = ViewRootImpl@6dcaa2e[MainActivity] fRS = false t = 0x7bdaa2ce00 android.view.SurfaceView.performSurfaceTransaction:959 android.view.SurfaceView.updateSurface:1105 android.view.SurfaceView.lambda$new$0$android-view-SurfaceView:200 
10-17 00:27:39.817 28526 28526 I ViewRootImpl@6dcaa2e[MainActivity]: applyTransactionOnDraw: mRemoved = false isHardwareEnabled = true t = 0x7bdaa2ce00android.view.SurfaceView.applyTransactionOnVriDraw:2048 android.view.SurfaceView.performSurfaceTransaction:959 android.view.SurfaceView.updateSurface:1105 android.view.SurfaceView.lambda$new$0$android-view-SurfaceView:200 android.view.SurfaceView$$ExternalSyntheticLambda5.onPreDraw:2 
10-17 00:27:39.817 28526 28526 I SurfaceView@371b404: updateSurface: mVisible = true mSurface.isValid() = true
10-17 00:27:39.817 28526 28526 I SurfaceView@371b404: updateSurface: mSurfaceCreated = true surfaceChanged = false visibleChanged = false
10-17 00:27:39.817 28526 28526 V SurfaceView@371b404: Layout: x=0 y=-235 w=1080 h=525, frame=Rect(0, 0 - 1080, 525)
10-17 00:27:39.819 28526 28606 D SurfaceView@371b404: updateSurfacePosition RenderWorker, frameNr = 871, position = [0, -235, 1080, 290] surfaceSize = 1080x525
10-17 00:27:39.819 28526 28606 I SurfaceView@371b404: uSP: rtp = Rect(0, -235 - 1080, 290) rtsw = 1080 rtsh = 525
10-17 00:27:39.820 28526 28606 I SurfaceView@371b404: onSSPAndSRT: pl = 0 pt = -235 sx = 1.0 sy = 1.0
10-17 00:27:39.820 28526 28606 I SurfaceView@371b404: aOrMT: ViewRootImpl@6dcaa2e[MainActivity] t = android.view.SurfaceControl$Transaction@e9e2767 fN = 871 android.view.SurfaceView.-$$Nest$mapplyOrMergeTransaction:0 android.view.SurfaceView$SurfaceViewPositionUpdateListener.positionChanged:1537 android.graphics.RenderNode$CompositePositionUpdateListener.positionChanged:373 
10-17 00:27:39.820 28526 28606 I ViewRootImpl@6dcaa2e[MainActivity]: mWNT: t=0x7b2ea39700 mBlastBufferQueue=0x7b45f92500 fn= 871 caller= android.view.SurfaceView.applyOrMergeTransaction:1455 android.view.SurfaceView.-$$Nest$mapplyOrMergeTransaction:0 android.view.SurfaceView$SurfaceViewPositionUpdateListener.positionChanged:1537 
10-17 00:27:39.820 28526 28606 I ViewRootImpl@6dcaa2e[MainActivity]: mWNT: t=0x7bdaa2ce00 mBlastBufferQueue=0x7b45f92500 fn= 871 caller= android.view.ViewRootImpl.lambda$applyTransactionOnDraw$11$android-view-ViewRootImpl:12865 android.view.ViewRootImpl$$ExternalSyntheticLambda1.onFrameDraw:4 android.graphics.HardwareRenderer$FrameDrawingCallback.onFrameDraw:924 
10-17 00:27:39.833 28526 28526 I SurfaceView@371b404: Changes: creating=false format=false size=false visible=false alpha=false hint=false mUseAlpha=false visible=false left=false top=true
10-17 00:27:39.833 28526 28526 I SurfaceView@371b404: 57783300 Cur surface: Surface(name=null)/@0xc48875a
10-17 00:27:39.833 28526 28526 I SurfaceView@371b404: applyTransactionOnVriDraw: vri = ViewRootImpl@6dcaa2e[MainActivity] fRS = false t = 0x7bdaa2cf00 android.view.SurfaceView.performSurfaceTransaction:959 android.view.SurfaceView.updateSurface:1105 android.view.SurfaceView.lambda$new$0$android-view-SurfaceView:200 
10-17 00:27:39.833 28526 28526 I ViewRootImpl@6dcaa2e[MainActivity]: applyTransactionOnDraw: mRemoved = false isHardwareEnabled = true t = 0x7bdaa2cf00android.view.SurfaceView.applyTransactionOnVriDraw:2048 android.view.SurfaceView.performSurfaceTransaction:959 android.view.SurfaceView.updateSurface:1105 android.view.SurfaceView.lambda$new$0$android-view-SurfaceView:200 android.view.SurfaceView$$ExternalSyntheticLambda5.onPreDraw:2 
10-17 00:27:39.833 28526 28526 I SurfaceView@371b404: updateSurface: mVisible = true mSurface.isValid() = true
10-17 00:27:39.833 28526 28526 I SurfaceView@371b404: updateSurface: mSurfaceCreated = true surfaceChanged = false visibleChanged = false
10-17 00:27:39.833 28526 28526 V SurfaceView@371b404: Layout: x=0 y=-126 w=1080 h=525, frame=Rect(0, 0 - 1080, 525)
10-17 00:27:39.836 28526 28607 D SurfaceView@371b404: updateSurfacePosition RenderWorker, frameNr = 872, position = [0, -126, 1080, 399] surfaceSize = 1080x525
10-17 00:27:39.836 28526 28607 I SurfaceView@371b404: uSP: rtp = Rect(0, -126 - 1080, 399) rtsw = 1080 rtsh = 525
10-17 00:27:39.837 28526 28607 I SurfaceView@371b404: onSSPAndSRT: pl = 0 pt = -126 sx = 1.0 sy = 1.0
10-17 00:27:39.837 28526 28607 I SurfaceView@371b404: aOrMT: ViewRootImpl@6dcaa2e[MainActivity] t = android.view.SurfaceControl$Transaction@e9e2767 fN = 872 android.view.SurfaceView.-$$Nest$mapplyOrMergeTransaction:0 android.view.SurfaceView$SurfaceViewPositionUpdateListener.positionChanged:1537 android.graphics.RenderNode$CompositePositionUpdateListener.positionChanged:373 
10-17 00:27:39.837 28526 28607 I ViewRootImpl@6dcaa2e[MainActivity]: mWNT: t=0x7b2ea39700 mBlastBufferQueue=0x7b45f92500 fn= 872 caller= android.view.SurfaceView.applyOrMergeTransaction:1455 android.view.SurfaceView.-$$Nest$mapplyOrMergeTransaction:0 android.view.SurfaceView$SurfaceViewPositionUpdateListener.positionChanged:1537 
10-17 00:27:39.837 28526 28607 I ViewRootImpl@6dcaa2e[MainActivity]: mWNT: t=0x7bdaa2cf00 mBlastBufferQueue=0x7b45f92500 fn= 872 caller= android.view.ViewRootImpl.lambda$applyTransactionOnDraw$11$android-view-ViewRootImpl:12865 android.view.ViewRootImpl$$ExternalSyntheticLambda1.onFrameDraw:4 android.graphics.HardwareRenderer$FrameDrawingCallback.onFrameDraw:924 
10-17 00:27:39.850 28526 28526 I SurfaceView@371b404: Changes: creating=false format=false size=false visible=false alpha=false hint=false mUseAlpha=false visible=false left=false top=true
10-17 00:27:39.850 28526 28526 I SurfaceView@371b404: 57783300 Cur surface: Surface(name=null)/@0xc48875a
10-17 00:27:39.850 28526 28526 I SurfaceView@371b404: applyTransactionOnVriDraw: vri = ViewRootImpl@6dcaa2e[MainActivity] fRS = false t = 0x7b5c94f100 android.view.SurfaceView.performSurfaceTransaction:959 android.view.SurfaceView.updateSurface:1105 android.view.SurfaceView.lambda$new$0$android-view-SurfaceView:200 
10-17 00:27:39.851 28526 28526 I ViewRootImpl@6dcaa2e[MainActivity]: applyTransactionOnDraw: mRemoved = false isHardwareEnabled = true t = 0x7b5c94f100android.view.SurfaceView.applyTransactionOnVriDraw:2048 android.view.SurfaceView.performSurfaceTransaction:959 android.view.SurfaceView.updateSurface:1105 android.view.SurfaceView.lambda$new$0$android-view-SurfaceView:200 android.view.SurfaceView$$ExternalSyntheticLambda5.onPreDraw:2 
10-17 00:27:39.851 28526 28526 I SurfaceView@371b404: updateSurface: mVisible = true mSurface.isValid() = true
10-17 00:27:39.851 28526 28526 I SurfaceView@371b404: updateSurface: mSurfaceCreated = true surfaceChanged = false visibleChanged = false
10-17 00:27:39.851 28526 28526 V SurfaceView@371b404: Layout: x=0 y=-26 w=1080 h=525, frame=Rect(0, 0 - 1080, 525)
10-17 00:27:39.853 28526 28606 D SurfaceView@371b404: updateSurfacePosition RenderWorker, frameNr = 873, position = [0, -26, 1080, 499] surfaceSize = 1080x525
10-17 00:27:39.854 28526 28606 I SurfaceView@371b404: uSP: rtp = Rect(0, -26 - 1080, 499) rtsw = 1080 rtsh = 525
10-17 00:27:39.854 28526 28606 I SurfaceView@371b404: onSSPAndSRT: pl = 0 pt = -26 sx = 1.0 sy = 1.0
10-17 00:27:39.854 28526 28606 I SurfaceView@371b404: aOrMT: ViewRootImpl@6dcaa2e[MainActivity] t = android.view.SurfaceControl$Transaction@e9e2767 fN = 873 android.view.SurfaceView.-$$Nest$mapplyOrMergeTransaction:0 android.view.SurfaceView$SurfaceViewPositionUpdateListener.positionChanged:1537 android.graphics.RenderNode$CompositePositionUpdateListener.positionChanged:373 
10-17 00:27:39.854 28526 28606 I ViewRootImpl@6dcaa2e[MainActivity]: mWNT: t=0x7b2ea39700 mBlastBufferQueue=0x7b45f92500 fn= 873 caller= android.view.SurfaceView.applyOrMergeTransaction:1455 android.view.SurfaceView.-$$Nest$mapplyOrMergeTransaction:0 android.view.SurfaceView$SurfaceViewPositionUpdateListener.positionChanged:1537 
10-17 00:27:39.854 28526 28606 I ViewRootImpl@6dcaa2e[MainActivity]: mWNT: t=0x7b5c94f100 mBlastBufferQueue=0x7b45f92500 fn= 873 caller= android.view.ViewRootImpl.lambda$applyTransactionOnDraw$11$android-view-ViewRootImpl:12865 android.view.ViewRootImpl$$ExternalSyntheticLambda1.onFrameDraw:4 android.graphics.HardwareRenderer$FrameDrawingCallback.onFrameDraw:924 
10-17 00:27:39.867 28526 28526 I SurfaceView@371b404: Changes: creating=false format=false size=false visible=false alpha=false hint=false mUseAlpha=false visible=false left=false top=true
10-17 00:27:39.867 28526 28526 I SurfaceView@371b404: 57783300 Cur surface: Surface(name=null)/@0xc48875a
10-17 00:27:39.868 28526 28526 I SurfaceView@371b404: applyTransactionOnVriDraw: vri = ViewRootImpl@6dcaa2e[MainActivity] fRS = false t = 0x7b12a4bc00 android.view.SurfaceView.performSurfaceTransaction:959 android.view.SurfaceView.updateSurface:1105 android.view.SurfaceView.lambda$new$0$android-view-SurfaceView:200 
10-17 00:27:39.868 28526 28526 I ViewRootImpl@6dcaa2e[MainActivity]: applyTransactionOnDraw: mRemoved = false isHardwareEnabled = true t = 0x7b12a4bc00android.view.SurfaceView.applyTransactionOnVriDraw:2048 android.view.SurfaceView.performSurfaceTransaction:959 android.view.SurfaceView.updateSurface:1105 android.view.SurfaceView.lambda$new$0$android-view-SurfaceView:200 android.view.SurfaceView$$ExternalSyntheticLambda5.onPreDraw:2 
10-17 00:27:39.868 28526 28526 I SurfaceView@371b404: updateSurface: mVisible = true mSurface.isValid() = true
10-17 00:27:39.868 28526 28526 I SurfaceView@371b404: updateSurface: mSurfaceCreated = true surfaceChanged = false visibleChanged = false
10-17 00:27:39.868 28526 28526 V SurfaceView@371b404: Layout: x=0 y=76 w=1080 h=525, frame=Rect(0, 0 - 1080, 525)
10-17 00:27:39.872 28526 28607 D SurfaceView@371b404: updateSurfacePosition RenderWorker, frameNr = 874, position = [0, 76, 1080, 601] surfaceSize = 1080x525
10-17 00:27:39.872 28526 28607 I SurfaceView@371b404: uSP: rtp = Rect(0, 76 - 1080, 601) rtsw = 1080 rtsh = 525
10-17 00:27:39.873 28526 28607 I SurfaceView@371b404: onSSPAndSRT: pl = 0 pt = 76 sx = 1.0 sy = 1.0
10-17 00:27:39.873 28526 28607 I SurfaceView@371b404: aOrMT: ViewRootImpl@6dcaa2e[MainActivity] t = android.view.SurfaceControl$Transaction@e9e2767 fN = 874 android.view.SurfaceView.-$$Nest$mapplyOrMergeTransaction:0 android.view.SurfaceView$SurfaceViewPositionUpdateListener.positionChanged:1537 android.graphics.RenderNode$CompositePositionUpdateListener.positionChanged:373 
10-17 00:27:39.873 28526 28607 I ViewRootImpl@6dcaa2e[MainActivity]: mWNT: t=0x7b2ea39700 mBlastBufferQueue=0x7b45f92500 fn= 874 caller= android.view.SurfaceView.applyOrMergeTransaction:1455 android.view.SurfaceView.-$$Nest$mapplyOrMergeTransaction:0 android.view.SurfaceView$SurfaceViewPositionUpdateListener.positionChanged:1537 
10-17 00:27:39.873 28526 28607 I ViewRootImpl@6dcaa2e[MainActivity]: mWNT: t=0x7b12a4bc00 mBlastBufferQueue=0x7b45f92500 fn= 874 caller= android.view.ViewRootImpl.lambda$applyTransactionOnDraw$11$android-view-ViewRootImpl:12865 android.view.ViewRootImpl$$ExternalSyntheticLambda1.onFrameDraw:4 android.graphics.HardwareRenderer$FrameDrawingCallback.onFrameDraw:924 
10-17 00:27:39.884 28526 28526 I SurfaceView@371b404: Changes: creating=false format=false size=false visible=false alpha=false hint=false mUseAlpha=false visible=false left=false top=true
10-17 00:27:39.884 28526 28526 I SurfaceView@371b404: 57783300 Cur surface: Surface(name=null)/@0xc48875a
10-17 00:27:39.884 28526 28526 I SurfaceView@371b404: applyTransactionOnVriDraw: vri = ViewRootImpl@6dcaa2e[MainActivity] fRS = false t = 0x7bdaa2d000 android.view.SurfaceView.performSurfaceTransaction:959 android.view.SurfaceView.updateSurface:1105 android.view.SurfaceView.lambda$new$0$android-view-SurfaceView:200 
10-17 00:27:39.885 28526 28526 I ViewRootImpl@6dcaa2e[MainActivity]: applyTransactionOnDraw: mRemoved = false isHardwareEnabled = true t = 0x7bdaa2d000android.view.SurfaceView.applyTransactionOnVriDraw:2048 android.view.SurfaceView.performSurfaceTransaction:959 android.view.SurfaceView.updateSurface:1105 android.view.SurfaceView.lambda$new$0$android-view-SurfaceView:200 android.view.SurfaceView$$ExternalSyntheticLambda5.onPreDraw:2 
10-17 00:27:39.885 28526 28526 I SurfaceView@371b404: updateSurface: mVisible = true mSurface.isValid() = true
10-17 00:27:39.885 28526 28526 I SurfaceView@371b404: updateSurface: mSurfaceCreated = true surfaceChanged = false visibleChanged = false
10-17 00:27:39.885 28526 28526 V SurfaceView@371b404: Layout: x=0 y=175 w=1080 h=525, frame=Rect(0, 0 - 1080, 525)
10-17 00:27:39.888 28526 28606 D SurfaceView@371b404: updateSurfacePosition RenderWorker, frameNr = 875, position = [0, 175, 1080, 700] surfaceSize = 1080x525
10-17 00:27:39.888 28526 28606 I SurfaceView@371b404: uSP: rtp = Rect(0, 175 - 1080, 700) rtsw = 1080 rtsh = 525
10-17 00:27:39.888 28526 28606 I SurfaceView@371b404: onSSPAndSRT: pl = 0 pt = 175 sx = 1.0 sy = 1.0
10-17 00:27:39.888 28526 28606 I SurfaceView@371b404: aOrMT: ViewRootImpl@6dcaa2e[MainActivity] t = android.view.SurfaceControl$Transaction@e9e2767 fN = 875 android.view.SurfaceView.-$$Nest$mapplyOrMergeTransaction:0 android.view.SurfaceView$SurfaceViewPositionUpdateListener.positionChanged:1537 android.graphics.RenderNode$CompositePositionUpdateListener.positionChanged:373 
10-17 00:27:39.888 28526 28606 I ViewRootImpl@6dcaa2e[MainActivity]: mWNT: t=0x7b2ea39700 mBlastBufferQueue=0x7b45f92500 fn= 875 caller= android.view.SurfaceView.applyOrMergeTransaction:1455 android.view.SurfaceView.-$$Nest$mapplyOrMergeTransaction:0 android.view.SurfaceView$SurfaceViewPositionUpdateListener.positionChanged:1537 
10-17 00:27:39.888 28526 28606 I ViewRootImpl@6dcaa2e[MainActivity]: mWNT: t=0x7bdaa2d000 mBlastBufferQueue=0x7b45f92500 fn= 875 caller= android.view.ViewRootImpl.lambda$applyTransactionOnDraw$11$android-view-ViewRootImpl:12865 android.view.ViewRootImpl$$ExternalSyntheticLambda1.onFrameDraw:4 android.graphics.HardwareRenderer$FrameDrawingCallback.onFrameDraw:924 
10-17 00:27:39.901 28526 28526 I SurfaceView@371b404: Changes: creating=false format=false size=false visible=false alpha=false hint=false mUseAlpha=false visible=false left=false top=true
10-17 00:27:39.901 28526 28526 I SurfaceView@371b404: 57783300 Cur surface: Surface(name=null)/@0xc48875a
10-17 00:27:39.901 28526 28526 I SurfaceView@371b404: applyTransactionOnVriDraw: vri = ViewRootImpl@6dcaa2e[MainActivity] fRS = false t = 0x7bdaa2d100 android.view.SurfaceView.performSurfaceTransaction:959 android.view.SurfaceView.updateSurface:1105 android.view.SurfaceView.lambda$new$0$android-view-SurfaceView:200 
10-17 00:27:39.902 28526 28526 I ViewRootImpl@6dcaa2e[MainActivity]: applyTransactionOnDraw: mRemoved = false isHardwareEnabled = true t = 0x7bdaa2d100android.view.SurfaceView.applyTransactionOnVriDraw:2048 android.view.SurfaceView.performSurfaceTransaction:959 android.view.SurfaceView.updateSurface:1105 android.view.SurfaceView.lambda$new$0$android-view-SurfaceView:200 android.view.SurfaceView$$ExternalSyntheticLambda5.onPreDraw:2 
10-17 00:27:39.902 28526 28526 I SurfaceView@371b404: updateSurface: mVisible = true mSurface.isValid() = true
10-17 00:27:39.902 28526 28526 I SurfaceView@371b404: updateSurface: mSurfaceCreated = true surfaceChanged = false visibleChanged = false
10-17 00:27:39.902 28526 28526 V SurfaceView@371b404: Layout: x=0 y=218 w=1080 h=525, frame=Rect(0, 0 - 1080, 525)
10-17 00:27:39.905 28526 28607 D SurfaceView@371b404: updateSurfacePosition RenderWorker, frameNr = 876, position = [0, 218, 1080, 743] surfaceSize = 1080x525
10-17 00:27:39.905 28526 28607 I SurfaceView@371b404: uSP: rtp = Rect(0, 218 - 1080, 743) rtsw = 1080 rtsh = 525
10-17 00:27:39.905 28526 28607 I SurfaceView@371b404: onSSPAndSRT: pl = 0 pt = 218 sx = 1.0 sy = 1.0
10-17 00:27:39.905 28526 28607 I SurfaceView@371b404: aOrMT: ViewRootImpl@6dcaa2e[MainActivity] t = android.view.SurfaceControl$Transaction@e9e2767 fN = 876 android.view.SurfaceView.-$$Nest$mapplyOrMergeTransaction:0 android.view.SurfaceView$SurfaceViewPositionUpdateListener.positionChanged:1537 android.graphics.RenderNode$CompositePositionUpdateListener.positionChanged:373 
10-17 00:27:39.906 28526 28607 I ViewRootImpl@6dcaa2e[MainActivity]: mWNT: t=0x7b2ea39700 mBlastBufferQueue=0x7b45f92500 fn= 876 caller= android.view.SurfaceView.applyOrMergeTransaction:1455 android.view.SurfaceView.-$$Nest$mapplyOrMergeTransaction:0 android.view.SurfaceView$SurfaceViewPositionUpdateListener.positionChanged:1537 
10-17 00:27:39.907 28526 28607 I ViewRootImpl@6dcaa2e[MainActivity]: mWNT: t=0x7bdaa2d100 mBlastBufferQueue=0x7b45f92500 fn= 876 caller= android.view.ViewRootImpl.lambda$applyTransactionOnDraw$11$android-view-ViewRootImpl:12865 android.view.ViewRootImpl$$ExternalSyntheticLambda1.onFrameDraw:4 android.graphics.HardwareRenderer$FrameDrawingCallback.onFrameDraw:924 
10-17 00:27:40.427 28526 28526 I ViewRootImpl@6dcaa2e[MainActivity]: ViewPostIme pointer 0
10-17 00:27:40.485 28526 28526 W PanelsChildGestureRegionObserver: failed to register view with ID 2131362800. already registered
10-17 00:27:40.497 28526 28526 W PanelsChildGestureRegionObserver: failed to register view with ID 2131362800. already registered
10-17 00:27:40.514 28526 28526 W PanelsChildGestureRegionObserver: failed to register view with ID 2131362800. already registered
10-17 00:27:40.531 28526 28526 W PanelsChildGestureRegionObserver: failed to register view with ID 2131362800. already registered
10-17 00:27:40.533 28526 28526 D WindowOnBackDispatcher: onBackInvoked, viewRoot=ViewRootImpl@f4fbeb0[Toast], callback=androidx.activity.OnBackPressedDispatcher$Api33Impl$$ExternalSyntheticLambda0@5dfade
10-17 00:27:40.542 28526 28526 I IMM_LC  : hsifw() - flag : 0
10-17 00:27:40.543 28526 28526 I IMM_LC  : hsifw() - mService.hideSoftInput
10-17 00:27:40.548 28526 28526 I CS3ExoPlayer: onStop
10-17 00:27:40.548 28526 28526 I CS3ExoPlayer: saveData
10-17 00:27:40.548 28526 28526 I CS3ExoPlayer: handleEvent Pause
10-17 00:27:40.619 28526 28526 W PanelsChildGestureRegionObserver: failed to register view with ID 2131362800. already registered
10-17 00:27:40.870 28526 28526 W PanelsChildGestureRegionObserver: failed to register view with ID 2131362800. already registered
10-17 00:27:40.884 28526 28606 D SurfaceView@371b404: updateSurfacePosition RenderWorker, frameNr = 912, position = [54, 314, 1026, 787] surfaceSize = 1080x525
10-17 00:27:40.884 28526 28606 I SurfaceView@371b404: uSP: rtp = Rect(54, 314 - 1026, 787) rtsw = 1080 rtsh = 525
10-17 00:27:40.884 28526 28606 I SurfaceView@371b404: onSSPAndSRT: pl = 54 pt = 314 sx = 0.9 sy = 0.9009524
10-17 00:27:40.884 28526 28606 I SurfaceView@371b404: aOrMT: ViewRootImpl@6dcaa2e[MainActivity] t = android.view.SurfaceControl$Transaction@e9e2767 fN = 912 android.view.SurfaceView.-$$Nest$mapplyOrMergeTransaction:0 android.view.SurfaceView$SurfaceViewPositionUpdateListener.positionChanged:1537 android.graphics.RenderNode$CompositePositionUpdateListener.positionChanged:373 
10-17 00:27:40.885 28526 28606 I ViewRootImpl@6dcaa2e[MainActivity]: mWNT: t=0x7b2ea39700 mBlastBufferQueue=0x7b45f92500 fn= 912 caller= android.view.SurfaceView.applyOrMergeTransaction:1455 android.view.SurfaceView.-$$Nest$mapplyOrMergeTransaction:0 android.view.SurfaceView$SurfaceViewPositionUpdateListener.positionChanged:1537 
10-17 00:27:40.885 28526 28526 I SurfaceView@371b404: onWindowVisibilityChanged(8) false android.view.SurfaceView{371b404 V.E..V... ........ 0,0-1080,525} of ViewRootImpl@6dcaa2e[MainActivity]
10-17 00:27:40.886 28526 28526 I SurfaceView@371b404: Changes: creating=false format=false size=false visible=true alpha=false hint=false mUseAlpha=false visible=true left=false top=false
10-17 00:27:40.886 28526 28526 I SurfaceView@371b404: 57783300 Cur surface: Surface(name=null)/@0xc48875a
10-17 00:27:40.886 28526 28526 I SurfaceView@371b404: applyTransactionOnVriDraw: vri = ViewRootImpl@6dcaa2e[MainActivity] fRS = false t = 0x7aef19a800 android.view.SurfaceView.performSurfaceTransaction:959 android.view.SurfaceView.updateSurface:1105 android.view.SurfaceView.onWindowVisibilityChanged:371 
10-17 00:27:40.886 28526 28526 I ViewRootImpl@6dcaa2e[MainActivity]: applyTransactionOnDraw: mRemoved = false isHardwareEnabled = true t = 0x7aef19a800android.view.SurfaceView.applyTransactionOnVriDraw:2048 android.view.SurfaceView.performSurfaceTransaction:959 android.view.SurfaceView.updateSurface:1105 android.view.SurfaceView.onWindowVisibilityChanged:371 android.view.View.dispatchDetachedFromWindow:22529 
10-17 00:27:40.886 28526 28526 I SurfaceView@371b404: surfaceDestroyed
10-17 00:27:40.886 28526 28526 I SurfaceView@371b404: surfaceDestroyed callback.size 0 #2 android.view.SurfaceView{371b404 V.E..V... ........ 0,0-1080,525}
10-17 00:27:40.886 28526 28526 I SurfaceView@371b404: updateSurface: mVisible = false mSurface.isValid() = true
10-17 00:27:40.886 28526 28526 I SurfaceView@371b404: releaseSurfaces: viewRoot = ViewRootImpl@6dcaa2e[MainActivity]
10-17 00:27:40.887 28526 28526 I SurfaceView@371b404: applyTransactionOnVriDraw: vri = ViewRootImpl@6dcaa2e[MainActivity] fRS = true t = 0x7aef19ab00 android.view.SurfaceView.releaseSurfaces:858 android.view.SurfaceView.updateSurface:1172 android.view.SurfaceView.onWindowVisibilityChanged:371 
10-17 00:27:40.887 28526 28526 I SurfaceView@371b404: applyTransactionOnVriDraw: viewRoot.applyTransactionOnDrawFromReleaseSurfaces
10-17 00:27:40.887 28526 28526 I ViewRootImpl@6dcaa2e[MainActivity]: applyTransactionOnDraw: mRemoved = false isHardwareEnabled = true t = 0x7aef19ab00android.view.ViewRootImpl.applyTransactionOnDrawFromReleaseSurfaces:12850 android.view.SurfaceView.applyTransactionOnVriDraw:2046 android.view.SurfaceView.releaseSurfaces:858 android.view.SurfaceView.updateSurface:1172 android.view.SurfaceView.onWindowVisibilityChanged:371 
10-17 00:27:40.887 28526 28526 V SurfaceView@371b404: Layout: x=0 y=218 w=1080 h=525, frame=Rect(0, 0 - 1080, 525)
10-17 00:27:40.887 28526 28526 I SurfaceView@371b404: onDetachedFromWindow: tryReleaseSurfaces()
10-17 00:27:40.887 28526 28526 I SurfaceView@371b404: releaseSurfaces: viewRoot = ViewRootImpl@6dcaa2e[MainActivity]
10-17 00:27:40.887 28526 28526 I SurfaceView@371b404: applyTransactionOnVriDraw: vri = ViewRootImpl@6dcaa2e[MainActivity] fRS = true t = 0x7aef19ac00 android.view.SurfaceView.releaseSurfaces:858 android.view.SurfaceView.onDetachedFromWindow:500 android.view.View.dispatchDetachedFromWindow:22538 
10-17 00:27:40.887 28526 28526 I SurfaceView@371b404: applyTransactionOnVriDraw: viewRoot.applyTransactionOnDrawFromReleaseSurfaces
10-17 00:27:40.887 28526 28526 I ViewRootImpl@6dcaa2e[MainActivity]: applyTransactionOnDraw: mRemoved = false isHardwareEnabled = true t = 0x7aef19ac00android.view.ViewRootImpl.applyTransactionOnDrawFromReleaseSurfaces:12850 android.view.SurfaceView.applyTransactionOnVriDraw:2046 android.view.SurfaceView.releaseSurfaces:858 android.view.SurfaceView.onDetachedFromWindow:500 android.view.View.dispatchDetachedFromWindow:22538 
10-17 00:27:40.904 28526 28526 I DecorView: notifyKeepScreenOnChanged: keepScreenOn=false
10-17 00:27:40.904 28526 28526 I CS3ExoPlayer: releasePlayer
10-17 00:27:40.905 28526 28526 I CS3ExoPlayer: Handle event: PlayerAttachedEvent(player=null, source=Player)
10-17 00:27:40.905 28526 28526 I DecorView: notifyKeepScreenOnChanged: keepScreenOn=false
10-17 00:27:40.906 28526 28526 I ViewRootImpl@6dcaa2e[MainActivity]: performTraversals params={(0,0)(fillxfill) sim={state=always_hidden adjust=resize} ty=BASE_APPLICATION wanim=0x1030309
10-17 00:27:40.906 28526 28526 I ViewRootImpl@6dcaa2e[MainActivity]:   fl=85810100
10-17 00:27:40.906 28526 28526 I ViewRootImpl@6dcaa2e[MainActivity]:   pfl=12020040
10-17 00:27:40.906 28526 28526 I ViewRootImpl@6dcaa2e[MainActivity]:   vsysui=500
10-17 00:27:40.906 28526 28526 I ViewRootImpl@6dcaa2e[MainActivity]:   bhv=DEFAULT
10-17 00:27:40.906 28526 28526 I ViewRootImpl@6dcaa2e[MainActivity]:   fitSides= naviIconColor=0}
10-17 00:27:40.907 28526 28526 I ViewRootImpl@6dcaa2e[MainActivity]: performTraversals mFirst=false windowShouldResize=false viewVisibilityChanged=false mForceNextWindowRelayout=false params={(0,0)(fillxfill) sim={state=always_hidden adjust=resize} ty=BASE_APPLICATION fmt=TRANSLUCENT wanim=0x1030309
10-17 00:27:40.907 28526 28526 I ViewRootImpl@6dcaa2e[MainActivity]:   fl=85810100
10-17 00:27:40.907 28526 28526 I ViewRootImpl@6dcaa2e[MainActivity]:   pfl=12020040
10-17 00:27:40.907 28526 28526 I ViewRootImpl@6dcaa2e[MainActivity]:   vsysui=500
10-17 00:27:40.907 28526 28526 I ViewRootImpl@6dcaa2e[MainActivity]:   bhv=DEFAULT
10-17 00:27:40.907 28526 28526 I ViewRootImpl@6dcaa2e[MainActivity]:   fitSides= naviIconColor=0}
10-17 00:27:40.911 28526 28526 I ViewRootImpl@6dcaa2e[MainActivity]: updateBlastSurfaceIfNeeded mBlastBufferQueue=0x7b45f92500 isSameSurfaceControl=true
10-17 00:27:40.911 28526 28526 I BLASTBufferQueue: update, w= 1080 h= 2400 mName = ViewRootImpl@6dcaa2e[MainActivity] mNativeObject= 0x7b45f92500 sc.mNativeObject= 0x7aef19dea0 format= -3 caller= android.view.ViewRootImpl.updateBlastSurfaceIfNeeded:2898 android.view.ViewRootImpl.relayoutWindow:9847 android.view.ViewRootImpl.performTraversals:3884 android.view.ViewRootImpl.doTraversal:3116 android.view.ViewRootImpl$TraversalRunnable.run:10885 android.view.Choreographer$CallbackRecord.run:1301 
10-17 00:27:40.911 28526 28526 I ViewRootImpl@6dcaa2e[MainActivity]: Relayout returned: old=(0,0,1080,2400) new=(0,0,1080,2400) req=(1080,2400)0 dur=4 res=0x0 s={true 0x7bdaa38800} ch=false seqId=0
10-17 00:27:40.911 28526 28526 I ViewRootImpl@6dcaa2e[MainActivity]: updateBoundsLayer: t = android.view.SurfaceControl$Transaction@617e23c sc = Surface(name=Bounds for - com.lagradost.cloudstream3/com.lagradost.cloudstream3.MainActivity@0)/@0x581cbc5 frame = 913
10-17 00:27:40.911 28526 28526 I ViewRootImpl@6dcaa2e[MainActivity]: mWNT: t=0x7b5caf2b00 mBlastBufferQueue=0x7b45f92500 fn= 913 caller= android.view.ViewRootImpl.prepareSurfaces:2985 android.view.ViewRootImpl.performTraversals:4233 android.view.ViewRootImpl.doTraversal:3116 
10-17 00:27:40.912 28526 28549 D SurfaceView@371b404: windowPositionLost, frameNr = 913
10-17 00:27:40.913 28526 28607 I ViewRootImpl@6dcaa2e[MainActivity]: mWNT: t=0x7aef19a800 mBlastBufferQueue=0x7b45f92500 fn= 913 caller= android.view.ViewRootImpl.lambda$applyTransactionOnDraw$11$android-view-ViewRootImpl:12865 android.view.ViewRootImpl$$ExternalSyntheticLambda1.onFrameDraw:4 android.graphics.HardwareRenderer$FrameDrawingCallback.onFrameDraw:924 
10-17 00:27:40.914 28526 28607 I ViewRootImpl@6dcaa2e[MainActivity]: mWNT: t=0x7aef19ab00 mBlastBufferQueue=0x7b45f92500 fn= 913 caller= android.view.ViewRootImpl.lambda$applyTransactionOnDraw$11$android-view-ViewRootImpl:12865 android.view.ViewRootImpl$$ExternalSyntheticLambda1.onFrameDraw:4 android.graphics.HardwareRenderer$FrameDrawingCallback.onFrameDraw:924 
10-17 00:27:40.915 28526 28607 I ViewRootImpl@6dcaa2e[MainActivity]: mWNT: t=0x7aef19ac00 mBlastBufferQueue=0x7b45f92500 fn= 913 caller= android.view.ViewRootImpl.lambda$applyTransactionOnDraw$11$android-view-ViewRootImpl:12865 android.view.ViewRootImpl$$ExternalSyntheticLambda1.onFrameDraw:4 android.graphics.HardwareRenderer$FrameDrawingCallback.onFrameDraw:924 
10-17 00:27:41.716 28526 28526 I ViewRootImpl@6dcaa2e[MainActivity]: ViewPostIme pointer 0
10-17 00:27:41.790 28526 28526 I ViewRootImpl@6dcaa2e[MainActivity]: ViewPostIme pointer 1
10-17 00:27:41.803 28526 28526 I IMM_LC  : hsifw() - flag : 0
10-17 00:27:41.803 28526 28526 I IMM_LC  : hsifw() - mService.hideSoftInput
10-17 00:27:41.884 28526 28526 I PLG     : updatePluginList = https://raw.githubusercontent.com/adamwolker21/TestPlugins/refs/heads/master/repo.json
10-17 00:27:41.884 28526 28526 I PLG     : getPlugins = https://raw.githubusercontent.com/adamwolker21/TestPlugins/refs/heads/master/repo.json
10-17 00:27:42.890 28526 28526 I ViewRootImpl@6dcaa2e[MainActivity]: ViewPostIme pointer 0
10-17 00:27:42.982 28526 28526 D WindowOnBackDispatcher: onBackInvoked, viewRoot=ViewRootImpl@f4fbeb0[Toast], callback=androidx.activity.OnBackPressedDispatcher$Api33Impl$$ExternalSyntheticLambda0@5dfade
10-17 00:27:42.989 28526 28526 I IMM_LC  : hsifw() - flag : 0
10-17 00:27:42.989 28526 28526 I IMM_LC  : hsifw() - mService.hideSoftInput
10-17 00:27:43.046 28526 28530 W st.cloudstream3: Missing inline cache for java.lang.Object com.fasterxml.jackson.module.kotlin.KotlinValueInstantiator.createFromObjectWith(com.fasterxml.jackson.databind.DeserializationContext, com.fasterxml.jackson.databind.deser.SettableBeanProperty[], com.fasterxml.jackson.databind.deser.impl.PropertyValueBuffer)
10-17 00:27:43.046 28526 28530 W st.cloudstream3: Missing inline cache for java.lang.Object com.fasterxml.jackson.module.kotlin.KotlinValueInstantiator.createFromObjectWith(com.fasterxml.jackson.databind.DeserializationContext, com.fasterxml.jackson.databind.deser.SettableBeanProperty[], com.fasterxml.jackson.databind.deser.impl.PropertyValueBuffer)
10-17 00:27:43.815 28526 28526 I ViewRootImpl@6dcaa2e[MainActivity]: ViewPostIme pointer 0
10-17 00:27:43.916 28526 28526 D WindowOnBackDispatcher: onBackInvoked, viewRoot=ViewRootImpl@f4fbeb0[Toast], callback=androidx.activity.OnBackPressedDispatcher$Api33Impl$$ExternalSyntheticLambda0@5dfade
10-17 00:27:43.923 28526 28526 I IMM_LC  : hsifw() - flag : 0
10-17 00:27:43.923 28526 28526 I IMM_LC  : hsifw() - mService.hideSoftInput
10-17 00:27:43.931 28526 28526 D ScrollView: initGoToTop
10-17 00:27:43.967 28526 28526 E CoilImgLoader: Error loading image: coil3.request.NullRequestDataException: The request's data is null.
10-17 00:27:43.981 28526 28526 D ScrollView:  onsize change changed 
10-17 00:27:44.651 28526 28526 I ViewRootImpl@6dcaa2e[MainActivity]: ViewPostIme pointer 0
10-17 00:27:44.708 28526 28526 I ViewRootImpl@6dcaa2e[MainActivity]: ViewPostIme pointer 1
10-17 00:27:44.712 28526 28526 I NavComponent: Navigating to fragment: 2131361884
10-17 00:27:44.716 28526 28526 I IMM_LC  : hsifw() - flag : 0
10-17 00:27:44.716 28526 28526 I IMM_LC  : hsifw() - mService.hideSoftInput
10-17 00:27:44.989 28526 28531 I st.cloudstream3: Background concurrent copying GC freed 13MB AllocSpace bytes, 45(1552KB) LOS objects, 46% free, 27MB/51MB, paused 211us,64us total 192.679ms
10-17 00:27:45.295 28526 28526 I ViewRootImpl@6dcaa2e[MainActivity]: ViewPostIme pointer 0
10-17 00:27:45.361 28526 28526 I ViewRootImpl@6dcaa2e[MainActivity]: ViewPostIme pointer 1
10-17 00:27:46.287 28526 28526 I ViewRootImpl@6dcaa2e[MainActivity]: ViewPostIme pointer 0
10-17 00:27:46.378 28526 28526 I ViewRootImpl@6dcaa2e[MainActivity]: ViewPostIme pointer 1
10-17 00:27:46.415 28526 28526 I Dialog  : mIsDeviceDefault = false, mIsSamsungBasicInteraction = false, isMetaDataInActivity = false
10-17 00:27:46.422 28526 28526 I DecorView: [INFO] isPopOver=false config=false
10-17 00:27:46.422 28526 28526 I DecorView: updateCaptionType: isFloating=true isApplication=true hasWindowDecorCaption=false this=DecorView@11a7e35[]
10-17 00:27:46.422 28526 28526 D DecorView: setCaptionType = 0, this = DecorView@11a7e35[]
10-17 00:27:46.424 28526 28526 I DecorView: setWindowBackground: isPopOver=false color=ff010101 d=android.graphics.drawable.InsetDrawable@f2fbc3b
10-17 00:27:46.444 28526 28526 D ScrollView: initGoToTop
10-17 00:27:46.458 28526 28549 D NativeCustomFrequencyManager: [NativeCFMS] BpCustomFrequencyManager::BpCustomFrequencyManager()
10-17 00:27:46.459 28526 28526 I DecorView: onImmersiveModeChanged: isStatusBarHidden=true
10-17 00:27:46.468 28526 28526 D InsetsController: onStateChanged: InsetsState: {mDisplayFrame=Rect(0, 0 - 1080, 2400), mDisplayCutout=DisplayCutout{insets=Rect(0, 88 - 0, 0) waterfall=Insets{left=0, top=0, right=0, bottom=0} boundingRect={Bounds=[Rect(0, 0 - 0, 0), Rect(512, 0 - 568, 88), Rect(0, 0 - 0, 0), Rect(0, 0 - 0, 0)]} cutoutPathParserInfo={CutoutPathParserInfo{displayWidth=1080 displayHeight=2400 physicalDisplayWidth=1080 physicalDisplayHeight=2400 density={2.625} cutoutSpec={M 0,0 M 0,12.25101276465640 a 10.60613009248640,10.60613009248640 0 1,0 0,21.21226018497290 a 10.60613009248640,10.60613009248640 0 1,0 0,-21.21226018497290 Z @dp} rotation={0} scale={1.0} physicalPixelDisplaySizeRatio={1.0}}}}, mRoundedCorners=RoundedCorners{[RoundedCorner{position=TopLeft, radius=84, center=Point(84, 84)}, RoundedCorner{position=TopRight, radius=84, center=Point(996, 84)}, RoundedCorner{position=BottomRight, radius=84, center=Point(996, 2316)}, RoundedCorner{position=BottomLeft, radius=84, center=Point(84, 2316)}]}  mRoundedCornerFrame=Rect(0, 0 - 1080, 2400), mPrivacyIndicatorBounds=PrivacyIndicatorBounds {static bounds=Rect(964, 0 - 1080, 87) rotation=0}, mSources= { InsetsSource: {mType=ITYPE_STATUS_BAR, mFrame=[0,0][1080,88], mVisible=true, mInsetsRoundedCornerFrame=false}, InsetsSource: {mType=ITYPE_NAVIGATION_BAR, mFrame=[0,2361][1080,2400], mVisible=true, mInsetsRoundedCornerFrame=false}, InsetsSource: {mType=ITYPE_LEFT_GESTURES, mFrame=[0,0][130,2400], mVisible=true, mInsetsRoundedCornerFrame=false}, InsetsSource: {mType=ITYPE_RIGHT_GESTURES, mFrame=[950,0][1080,2400], mVisible=true, mInsetsRoundedCornerFrame=false}, InsetsSource: {mType=ITYPE_TOP_MANDATORY_GESTURES, mFrame=[0,0][1080,120], mVisible=true, mInsetsRoundedCornerFrame=false}, InsetsSource: {mType=ITYPE_BOTTOM_MANDATORY_GESTURES, mFrame=[0,2316][1080,2400], mVisible=true, mInsetsRoundedCornerFrame=false}, InsetsSource: {mType=ITYPE_LEFT_DISPLAY_CUTOUT, mFrame=[0,0][-100000,2400], mVisible=true, mInsetsRoundedCornerFrame=false}, InsetsSource: {mType=ITYPE_TOP_DISPLAY_CUTOUT, mFrame=[0,0][1080,88], mVisible=true, mInsetsRoundedCornerFrame=false}, InsetsSource: {mType=ITYPE_RIGHT_DISPLAY_CUTOUT, mFrame=[100000,0][1080,2400], mVisible=true, mInsetsRoundedCornerFrame=false}, InsetsSource: {mType=ITYPE_BOTTOM_DISPLAY_CUTOUT, mFrame=[0,100000][1080,2400], mVisible=true, mInsetsRoundedCornerFrame=false}, InsetsSource: {mType=ITYPE_TOP_TAPPABLE_ELEMENT, mFrame=[0,0][1080,88], mVisible=true, mInsetsRoundedCornerFrame=false}, InsetsSource: {mType=ITYPE_BOTTOM_TAPPABLE_ELEMENT, mFrame=[0,0][0,0], mVisible=true, mInsetsRoundedCornerFrame=false} } host=com.lagradost.cloudstream3/com.lagradost.cloudstream3.MainActivity from=android.view.ViewRootImpl.setView:1732
10-17 00:27:46.469 28526 28526 I ViewRootImpl@b6c8c46[MainActivity]: setView = com.android.internal.policy.DecorView@11a7e35 TM=true
