10-17 00:27:38.257 28526 28607 I SurfaceView@371b404: onSSPAndSRT: pl = 0 pt = -83 sx = 1.0 sy = 1.0
10-17 00:27:38.257 28526 28607 I SurfaceView@371b404: aOrMT: ViewRootImpl@6dcaa2e[MainActivity] t = android.view.SurfaceControl$Transaction@e9e2767 fN = 799 android.view.SurfaceView.-$$Nest$mapplyOrMergeTransaction:0 android.view.SurfaceView$SurfaceViewPositionUpdateListener.positionChanged:1537 android.graphics.RenderNode$CompositePositionUpdateListener.positionChanged:373 
10-17 00:27:38.257 28526 28607 I ViewRootImpl@6dcaa2e[MainActivity]: mWNT: t=0x7b2ea39700 mBlastBufferQueue=0x7b45f92500 fn= 799 caller= android.view.SurfaceView.applyOrMergeTransaction:1455 android.view.SurfaceView.-$$Nest$mapplyOrMergeTransaction:0 android.view.SurfaceView$SurfaceViewPositionUpdateListener.positionChanged:1537 
10-17 00:27:38.258 28526 28607 I ViewRootImpl@6dcaa2e[MainActivity]: mWNT: t=0x7b2ea39e00 mBlastBufferQueue=0x7b45f92500 fn= 799 caller= android.view.ViewRootImpl.lambda$applyTransactionOnDraw$11$android-view-ViewRootImpl:12865 android.view.ViewRootImpl$$ExternalSyntheticLambda1.onFrameDraw:4 android.graphics.HardwareRenderer$FrameDrawingCallback.onFrameDraw:924 
10-17 00:27:38.267 28526 28606 D SurfaceView@371b404: updateSurfacePosition RenderWorker, frameNr = 800, position = [0, -92, 1080, 433] surfaceSize = 1080x525
10-17 00:27:38.267 28526 28606 I SurfaceView@371b404: uSP: rtp = Rect(0, -92 - 1080, 433) rtsw = 1080 rtsh = 525
10-17 00:27:38.267 28526 28606 I SurfaceView@371b404: onSSPAndSRT: pl = 0 pt = -92 sx = 1.0 sy = 1.0
10-17 00:27:38.267 28526 28606 I SurfaceView@371b404: aOrMT: ViewRootImpl@6dcaa2e[MainActivity] t = android.view.SurfaceControl$Transaction@e9e2767 fN = 800 android.view.SurfaceView.-$$Nest$mapplyOrMergeTransaction:0 android.view.SurfaceView$SurfaceViewPositionUpdateListener.positionChanged:1537 android.graphics.RenderNode$CompositePositionUpdateListener.positionChanged:373 
10-17 00:27:38.268 28526 28606 I ViewRootImpl@6dcaa2e[MainActivity]: mWNT: t=0x7b2ea39700 mBlastBufferQueue=0x7b45f92500 fn= 800 caller= android.view.SurfaceView.applyOrMergeTransaction:1455 android.view.SurfaceView.-$$Nest$mapplyOrMergeTransaction:0 android.view.SurfaceView$SurfaceViewPositionUpdateListener.positionChanged:1537 
10-17 00:27:38.271 28526 28526 I SurfaceView@371b404: Changes: creating=false format=false size=false visible=false alpha=false hint=false mUseAlpha=false visible=false left=false top=true
10-17 00:27:38.271 28526 28526 I SurfaceView@371b404: 57783300 Cur surface: Surface(name=null)/@0xc48875a
10-17 00:27:38.272 28526 28526 I SurfaceView@371b404: applyTransactionOnVriDraw: vri = ViewRootImpl@6dcaa2e[MainActivity] fRS = false t = 0x7b5c80cc00 android.view.SurfaceView.performSurfaceTransaction:959 android.view.SurfaceView.updateSurface:1105 android.view.SurfaceView.lambda$new$0$android-view-SurfaceView:200 
10-17 00:27:38.272 28526 28526 I ViewRootImpl@6dcaa2e[MainActivity]: applyTransactionOnDraw: mRemoved = false isHardwareEnabled = true t = 0x7b5c80cc00android.view.SurfaceView.applyTransactionOnVriDraw:2048 android.view.SurfaceView.performSurfaceTransaction:959 android.view.SurfaceView.updateSurface:1105 android.view.SurfaceView.lambda$new$0$android-view-SurfaceView:200 android.view.SurfaceView$$ExternalSyntheticLambda5.onPreDraw:2 
10-17 00:27:38.272 28526 28526 I SurfaceView@371b404: updateSurface: mVisible = true mSurface.isValid() = true
10-17 00:27:38.272 28526 28526 I SurfaceView@371b404: updateSurface: mSurfaceCreated = true surfaceChanged = false visibleChanged = false
10-17 00:27:38.272 28526 28526 V SurfaceView@371b404: Layout: x=0 y=-92 w=1080 h=525, frame=Rect(0, 0 - 1080, 525)
10-17 00:27:38.280 28526 28607 D SurfaceView@371b404: updateSurfacePosition RenderWorker, frameNr = 801, position = [0, -173, 1080, 352] surfaceSize = 1080x525
10-17 00:27:38.280 28526 28607 I SurfaceView@371b404: uSP: rtp = Rect(0, -173 - 1080, 352) rtsw = 1080 rtsh = 525
10-17 00:27:38.280 28526 28607 I SurfaceView@371b404: onSSPAndSRT: pl = 0 pt = -173 sx = 1.0 sy = 1.0
10-17 00:27:38.280 28526 28607 I SurfaceView@371b404: aOrMT: ViewRootImpl@6dcaa2e[MainActivity] t = android.view.SurfaceControl$Transaction@e9e2767 fN = 801 android.view.SurfaceView.-$$Nest$mapplyOrMergeTransaction:0 android.view.SurfaceView$SurfaceViewPositionUpdateListener.positionChanged:1537 android.graphics.RenderNode$CompositePositionUpdateListener.positionChanged:373 
10-17 00:27:38.280 28526 28607 I ViewRootImpl@6dcaa2e[MainActivity]: mWNT: t=0x7b2ea39700 mBlastBufferQueue=0x7b45f92500 fn= 801 caller= android.view.SurfaceView.applyOrMergeTransaction:1455 android.view.SurfaceView.-$$Nest$mapplyOrMergeTransaction:0 android.view.SurfaceView$SurfaceViewPositionUpdateListener.positionChanged:1537 
10-17 00:27:38.280 28526 28607 I ViewRootImpl@6dcaa2e[MainActivity]: mWNT: t=0x7b5c80cc00 mBlastBufferQueue=0x7b45f92500 fn= 801 caller= android.view.ViewRootImpl.lambda$applyTransactionOnDraw$11$android-view-ViewRootImpl:12865 android.view.ViewRootImpl$$ExternalSyntheticLambda1.onFrameDraw:4 android.graphics.HardwareRenderer$FrameDrawingCallback.onFrameDraw:924 
10-17 00:27:38.284 28526 28526 I SurfaceView@371b404: Changes: creating=false format=false size=false visible=false alpha=false hint=false mUseAlpha=false visible=false left=false top=true
10-17 00:27:38.284 28526 28526 I SurfaceView@371b404: 57783300 Cur surface: Surface(name=null)/@0xc48875a
10-17 00:27:38.285 28526 28526 I SurfaceView@371b404: applyTransactionOnVriDraw: vri = ViewRootImpl@6dcaa2e[MainActivity] fRS = false t = 0x7b2ea39f00 android.view.SurfaceView.performSurfaceTransaction:959 android.view.SurfaceView.updateSurface:1105 android.view.SurfaceView.lambda$new$0$android-view-SurfaceView:200 
10-17 00:27:38.285 28526 28526 I ViewRootImpl@6dcaa2e[MainActivity]: applyTransactionOnDraw: mRemoved = false isHardwareEnabled = true t = 0x7b2ea39f00android.view.SurfaceView.applyTransactionOnVriDraw:2048 android.view.SurfaceView.performSurfaceTransaction:959 android.view.SurfaceView.updateSurface:1105 android.view.SurfaceView.lambda$new$0$android-view-SurfaceView:200 android.view.SurfaceView$$ExternalSyntheticLambda5.onPreDraw:2 
10-17 00:27:38.285 28526 28526 I SurfaceView@371b404: updateSurface: mVisible = true mSurface.isValid() = true
10-17 00:27:38.285 28526 28526 I SurfaceView@371b404: updateSurface: mSurfaceCreated = true surfaceChanged = false visibleChanged = false
10-17 00:27:38.285 28526 28526 V SurfaceView@371b404: Layout: x=0 y=-173 w=1080 h=525, frame=Rect(0, 0 - 1080, 525)
10-17 00:27:38.294 28526 28606 D SurfaceView@371b404: updateSurfacePosition RenderWorker, frameNr = 802, position = [0, -289, 1080, 236] surfaceSize = 1080x525
10-17 00:27:38.294 28526 28606 I SurfaceView@371b404: uSP: rtp = Rect(0, -289 - 1080, 236) rtsw = 1080 rtsh = 525
10-17 00:27:38.294 28526 28606 I SurfaceView@371b404: onSSPAndSRT: pl = 0 pt = -289 sx = 1.0 sy = 1.0
10-17 00:27:38.294 28526 28606 I SurfaceView@371b404: aOrMT: ViewRootImpl@6dcaa2e[MainActivity] t = android.view.SurfaceControl$Transaction@e9e2767 fN = 802 android.view.SurfaceView.-$$Nest$mapplyOrMergeTransaction:0 android.view.SurfaceView$SurfaceViewPositionUpdateListener.positionChanged:1537 android.graphics.RenderNode$CompositePositionUpdateListener.positionChanged:373 
10-17 00:27:38.294 28526 28606 I ViewRootImpl@6dcaa2e[MainActivity]: mWNT: t=0x7b2ea39700 mBlastBufferQueue=0x7b45f92500 fn= 802 caller= android.view.SurfaceView.applyOrMergeTransaction:1455 android.view.SurfaceView.-$$Nest$mapplyOrMergeTransaction:0 android.view.SurfaceView$SurfaceViewPositionUpdateListener.positionChanged:1537 
10-17 00:27:38.294 28526 28606 I ViewRootImpl@6dcaa2e[MainActivity]: mWNT: t=0x7b2ea39f00 mBlastBufferQueue=0x7b45f92500 fn= 802 caller= android.view.ViewRootImpl.lambda$applyTransactionOnDraw$11$android-view-ViewRootImpl:12865 android.view.ViewRootImpl$$ExternalSyntheticLambda1.onFrameDraw:4 android.graphics.HardwareRenderer$FrameDrawingCallback.onFrameDraw:924 
10-17 00:27:38.300 28526 28526 I SurfaceView@371b404: Changes: creating=false format=false size=false visible=false alpha=false hint=false mUseAlpha=false visible=false left=false top=true
10-17 00:27:38.301 28526 28526 I SurfaceView@371b404: 57783300 Cur surface: Surface(name=null)/@0xc48875a
10-17 00:27:38.301 28526 28526 I SurfaceView@371b404: applyTransactionOnVriDraw: vri = ViewRootImpl@6dcaa2e[MainActivity] fRS = false t = 0x7b12a4b000 android.view.SurfaceView.performSurfaceTransaction:959 android.view.SurfaceView.updateSurface:1105 android.view.SurfaceView.lambda$new$0$android-view-SurfaceView:200 
10-17 00:27:38.301 28526 28526 I ViewRootImpl@6dcaa2e[MainActivity]: applyTransactionOnDraw: mRemoved = false isHardwareEnabled = true t = 0x7b12a4b000android.view.SurfaceView.applyTransactionOnVriDraw:2048 android.view.SurfaceView.performSurfaceTransaction:959 android.view.SurfaceView.updateSurface:1105 android.view.SurfaceView.lambda$new$0$android-view-SurfaceView:200 android.view.SurfaceView$$ExternalSyntheticLambda5.onPreDraw:2 
10-17 00:27:38.301 28526 28526 I SurfaceView@371b404: updateSurface: mVisible = true mSurface.isValid() = true
10-17 00:27:38.301 28526 28526 I SurfaceView@371b404: updateSurface: mSurfaceCreated = true surfaceChanged = false visibleChanged = false
10-17 00:27:38.301 28526 28526 V SurfaceView@371b404: Layout: x=0 y=-289 w=1080 h=525, frame=Rect(0, 0 - 1080, 525)
10-17 00:27:38.310 28526 28607 D SurfaceView@371b404: updateSurfacePosition RenderWorker, frameNr = 803, position = [0, -422, 1080, 103] surfaceSize = 1080x525
10-17 00:27:38.310 28526 28607 I SurfaceView@371b404: uSP: rtp = Rect(0, -422 - 1080, 103) rtsw = 1080 rtsh = 525
10-17 00:27:38.310 28526 28607 I SurfaceView@371b404: onSSPAndSRT: pl = 0 pt = -422 sx = 1.0 sy = 1.0
10-17 00:27:38.310 28526 28607 I SurfaceView@371b404: aOrMT: ViewRootImpl@6dcaa2e[MainActivity] t = android.view.SurfaceControl$Transaction@e9e2767 fN = 803 android.view.SurfaceView.-$$Nest$mapplyOrMergeTransaction:0 android.view.SurfaceView$SurfaceViewPositionUpdateListener.positionChanged:1537 android.graphics.RenderNode$CompositePositionUpdateListener.positionChanged:373 
10-17 00:27:38.310 28526 28607 I ViewRootImpl@6dcaa2e[MainActivity]: mWNT: t=0x7b2ea39700 mBlastBufferQueue=0x7b45f92500 fn= 803 caller= android.view.SurfaceView.applyOrMergeTransaction:1455 android.view.SurfaceView.-$$Nest$mapplyOrMergeTransaction:0 android.view.SurfaceView$SurfaceViewPositionUpdateListener.positionChanged:1537 
10-17 00:27:38.310 28526 28607 I ViewRootImpl@6dcaa2e[MainActivity]: mWNT: t=0x7b12a4b000 mBlastBufferQueue=0x7b45f92500 fn= 803 caller= android.view.ViewRootImpl.lambda$applyTransactionOnDraw$11$android-view-ViewRootImpl:12865 android.view.ViewRootImpl$$ExternalSyntheticLambda1.onFrameDraw:4 android.graphics.HardwareRenderer$FrameDrawingCallback.onFrameDraw:924 
10-17 00:27:38.317 28526 28526 I SurfaceView@371b404: Changes: creating=false format=false size=false visible=false alpha=false hint=false mUseAlpha=false visible=false left=false top=true
10-17 00:27:38.317 28526 28526 I SurfaceView@371b404: 57783300 Cur surface: Surface(name=null)/@0xc48875a
10-17 00:27:38.318 28526 28526 I SurfaceView@371b404: applyTransactionOnVriDraw: vri = ViewRootImpl@6dcaa2e[MainActivity] fRS = false t = 0x7b12a4b100 android.view.SurfaceView.performSurfaceTransaction:959 android.view.SurfaceView.updateSurface:1105 android.view.SurfaceView.lambda$new$0$android-view-SurfaceView:200 
10-17 00:27:38.318 28526 28526 I ViewRootImpl@6dcaa2e[MainActivity]: applyTransactionOnDraw: mRemoved = false isHardwareEnabled = true t = 0x7b12a4b100android.view.SurfaceView.applyTransactionOnVriDraw:2048 android.view.SurfaceView.performSurfaceTransaction:959 android.view.SurfaceView.updateSurface:1105 android.view.SurfaceView.lambda$new$0$android-view-SurfaceView:200 android.view.SurfaceView$$ExternalSyntheticLambda5.onPreDraw:2 
10-17 00:27:38.318 28526 28526 I SurfaceView@371b404: updateSurface: mVisible = true mSurface.isValid() = true
10-17 00:27:38.318 28526 28526 I SurfaceView@371b404: updateSurface: mSurfaceCreated = true surfaceChanged = false visibleChanged = false
10-17 00:27:38.318 28526 28526 V SurfaceView@371b404: Layout: x=0 y=-422 w=1080 h=525, frame=Rect(0, 0 - 1080, 525)
10-17 00:27:38.326 28526 28606 D SurfaceView@371b404: updateSurfacePosition RenderWorker, frameNr = 804, position = [0, -554, 1080, -29] surfaceSize = 1080x525
10-17 00:27:38.326 28526 28606 I SurfaceView@371b404: uSP: rtp = Rect(0, -554 - 1080, -29) rtsw = 1080 rtsh = 525
10-17 00:27:38.327 28526 28606 I SurfaceView@371b404: onSSPAndSRT: pl = 0 pt = -554 sx = 1.0 sy = 1.0
10-17 00:27:38.327 28526 28606 I SurfaceView@371b404: aOrMT: ViewRootImpl@6dcaa2e[MainActivity] t = android.view.SurfaceControl$Transaction@e9e2767 fN = 804 android.view.SurfaceView.-$$Nest$mapplyOrMergeTransaction:0 android.view.SurfaceView$SurfaceViewPositionUpdateListener.positionChanged:1537 android.graphics.RenderNode$CompositePositionUpdateListener.positionChanged:373 
10-17 00:27:38.327 28526 28606 I ViewRootImpl@6dcaa2e[MainActivity]: mWNT: t=0x7b2ea39700 mBlastBufferQueue=0x7b45f92500 fn= 804 caller= android.view.SurfaceView.applyOrMergeTransaction:1455 android.view.SurfaceView.-$$Nest$mapplyOrMergeTransaction:0 android.view.SurfaceView$SurfaceViewPositionUpdateListener.positionChanged:1537 
10-17 00:27:38.327 28526 28606 I ViewRootImpl@6dcaa2e[MainActivity]: mWNT: t=0x7b12a4b100 mBlastBufferQueue=0x7b45f92500 fn= 804 caller= android.view.ViewRootImpl.lambda$applyTransactionOnDraw$11$android-view-ViewRootImpl:12865 android.view.ViewRootImpl$$ExternalSyntheticLambda1.onFrameDraw:4 android.graphics.HardwareRenderer$FrameDrawingCallback.onFrameDraw:924 
10-17 00:27:38.333 28526 28526 I SurfaceView@371b404: Changes: creating=false format=false size=false visible=false alpha=false hint=false mUseAlpha=false visible=false left=false top=true
10-17 00:27:38.334 28526 28526 I SurfaceView@371b404: 57783300 Cur surface: Surface(name=null)/@0xc48875a
10-17 00:27:38.334 28526 28526 I SurfaceView@371b404: applyTransactionOnVriDraw: vri = ViewRootImpl@6dcaa2e[MainActivity] fRS = false t = 0x7b12a4b200 android.view.SurfaceView.performSurfaceTransaction:959 android.view.SurfaceView.updateSurface:1105 android.view.SurfaceView.lambda$new$0$android-view-SurfaceView:200 
10-17 00:27:38.334 28526 28526 I ViewRootImpl@6dcaa2e[MainActivity]: applyTransactionOnDraw: mRemoved = false isHardwareEnabled = true t = 0x7b12a4b200android.view.SurfaceView.applyTransactionOnVriDraw:2048 android.view.SurfaceView.performSurfaceTransaction:959 android.view.SurfaceView.updateSurface:1105 android.view.SurfaceView.lambda$new$0$android-view-SurfaceView:200 android.view.SurfaceView$$ExternalSyntheticLambda5.onPreDraw:2 
10-17 00:27:38.334 28526 28526 I SurfaceView@371b404: updateSurface: mVisible = true mSurface.isValid() = true
10-17 00:27:38.334 28526 28526 I SurfaceView@371b404: updateSurface: mSurfaceCreated = true surfaceChanged = false visibleChanged = false
10-17 00:27:38.334 28526 28526 V SurfaceView@371b404: Layout: x=0 y=-554 w=1080 h=525, frame=Rect(0, 0 - 1080, 525)
10-17 00:27:38.342 28526 28607 D SurfaceView@371b404: updateSurfacePosition RenderWorker, frameNr = 805, position = [0, -694, 1080, -169] surfaceSize = 1080x525
10-17 00:27:38.342 28526 28607 I SurfaceView@371b404: uSP: rtp = Rect(0, -694 - 1080, -169) rtsw = 1080 rtsh = 525
10-17 00:27:38.342 28526 28607 I SurfaceView@371b404: onSSPAndSRT: pl = 0 pt = -694 sx = 1.0 sy = 1.0
10-17 00:27:38.342 28526 28607 I SurfaceView@371b404: aOrMT: ViewRootImpl@6dcaa2e[MainActivity] t = android.view.SurfaceControl$Transaction@e9e2767 fN = 805 android.view.SurfaceView.-$$Nest$mapplyOrMergeTransaction:0 android.view.SurfaceView$SurfaceViewPositionUpdateListener.positionChanged:1537 android.graphics.RenderNode$CompositePositionUpdateListener.positionChanged:373 
10-17 00:27:38.343 28526 28607 I ViewRootImpl@6dcaa2e[MainActivity]: mWNT: t=0x7b2ea39700 mBlastBufferQueue=0x7b45f92500 fn= 805 caller= android.view.SurfaceView.applyOrMergeTransaction:1455 android.view.SurfaceView.-$$Nest$mapplyOrMergeTransaction:0 android.view.SurfaceView$SurfaceViewPositionUpdateListener.positionChanged:1537 
10-17 00:27:38.343 28526 28607 I ViewRootImpl@6dcaa2e[MainActivity]: mWNT: t=0x7b12a4b200 mBlastBufferQueue=0x7b45f92500 fn= 805 caller= android.view.ViewRootImpl.lambda$applyTransactionOnDraw$11$android-view-ViewRootImpl:12865 android.view.ViewRootImpl$$ExternalSyntheticLambda1.onFrameDraw:4 android.graphics.HardwareRenderer$FrameDrawingCallback.onFrameDraw:924 
10-17 00:27:38.351 28526 28526 I SurfaceView@371b404: Changes: creating=false format=false size=false visible=false alpha=false hint=false mUseAlpha=false visible=false left=false top=true
10-17 00:27:38.351 28526 28526 I SurfaceView@371b404: 57783300 Cur surface: Surface(name=null)/@0xc48875a
10-17 00:27:38.351 28526 28526 I SurfaceView@371b404: applyTransactionOnVriDraw: vri = ViewRootImpl@6dcaa2e[MainActivity] fRS = false t = 0x7b12a4b300 android.view.SurfaceView.performSurfaceTransaction:959 android.view.SurfaceView.updateSurface:1105 android.view.SurfaceView.lambda$new$0$android-view-SurfaceView:200 
10-17 00:27:38.352 28526 28526 I ViewRootImpl@6dcaa2e[MainActivity]: applyTransactionOnDraw: mRemoved = false isHardwareEnabled = true t = 0x7b12a4b300android.view.SurfaceView.applyTransactionOnVriDraw:2048 android.view.SurfaceView.performSurfaceTransaction:959 android.view.SurfaceView.updateSurface:1105 android.view.SurfaceView.lambda$new$0$android-view-SurfaceView:200 android.view.SurfaceView$$ExternalSyntheticLambda5.onPreDraw:2 
10-17 00:27:38.352 28526 28526 I SurfaceView@371b404: updateSurface: mVisible = true mSurface.isValid() = true
10-17 00:27:38.352 28526 28526 I SurfaceView@371b404: updateSurface: mSurfaceCreated = true surfaceChanged = false visibleChanged = false
10-17 00:27:38.352 28526 28526 V SurfaceView@371b404: Layout: x=0 y=-694 w=1080 h=525, frame=Rect(0, 0 - 1080, 525)
10-17 00:27:38.361 28526 28606 D SurfaceView@371b404: updateSurfacePosition RenderWorker, frameNr = 806, position = [0, -839, 1080, -314] surfaceSize = 1080x525
10-17 00:27:38.361 28526 28606 I SurfaceView@371b404: uSP: rtp = Rect(0, -839 - 1080, -314) rtsw = 1080 rtsh = 525
10-17 00:27:38.361 28526 28606 I SurfaceView@371b404: onSSPAndSRT: pl = 0 pt = -839 sx = 1.0 sy = 1.0
10-17 00:27:38.361 28526 28606 I SurfaceView@371b404: aOrMT: ViewRootImpl@6dcaa2e[MainActivity] t = android.view.SurfaceControl$Transaction@e9e2767 fN = 806 android.view.SurfaceView.-$$Nest$mapplyOrMergeTransaction:0 android.view.SurfaceView$SurfaceViewPositionUpdateListener.positionChanged:1537 android.graphics.RenderNode$CompositePositionUpdateListener.positionChanged:373 
10-17 00:27:38.361 28526 28606 I ViewRootImpl@6dcaa2e[MainActivity]: mWNT: t=0x7b2ea39700 mBlastBufferQueue=0x7b45f92500 fn= 806 caller= android.view.SurfaceView.applyOrMergeTransaction:1455 android.view.SurfaceView.-$$Nest$mapplyOrMergeTransaction:0 android.view.SurfaceView$SurfaceViewPositionUpdateListener.positionChanged:1537 
10-17 00:27:38.361 28526 28606 I ViewRootImpl@6dcaa2e[MainActivity]: mWNT: t=0x7b12a4b300 mBlastBufferQueue=0x7b45f92500 fn= 806 caller= android.view.ViewRootImpl.lambda$applyTransactionOnDraw$11$android-view-ViewRootImpl:12865 android.view.ViewRootImpl$$ExternalSyntheticLambda1.onFrameDraw:4 android.graphics.HardwareRenderer$FrameDrawingCallback.onFrameDraw:924 
10-17 00:27:38.368 28526 28526 I SurfaceView@371b404: Changes: creating=false format=false size=false visible=false alpha=false hint=false mUseAlpha=false visible=false left=false top=true
10-17 00:27:38.368 28526 28526 I SurfaceView@371b404: 57783300 Cur surface: Surface(name=null)/@0xc48875a
10-17 00:27:38.369 28526 28526 I SurfaceView@371b404: applyTransactionOnVriDraw: vri = ViewRootImpl@6dcaa2e[MainActivity] fRS = false t = 0x7b12a4b400 android.view.SurfaceView.performSurfaceTransaction:959 android.view.SurfaceView.updateSurface:1105 android.view.SurfaceView.lambda$new$0$android-view-SurfaceView:200 
10-17 00:27:38.369 28526 28526 I ViewRootImpl@6dcaa2e[MainActivity]: applyTransactionOnDraw: mRemoved = false isHardwareEnabled = true t = 0x7b12a4b400android.view.SurfaceView.applyTransactionOnVriDraw:2048 android.view.SurfaceView.performSurfaceTransaction:959 android.view.SurfaceView.updateSurface:1105 android.view.SurfaceView.lambda$new$0$android-view-SurfaceView:200 android.view.SurfaceView$$ExternalSyntheticLambda5.onPreDraw:2 
10-17 00:27:38.369 28526 28526 I SurfaceView@371b404: updateSurface: mVisible = true mSurface.isValid() = true
10-17 00:27:38.369 28526 28526 I SurfaceView@371b404: updateSurface: mSurfaceCreated = true surfaceChanged = false visibleChanged = false
10-17 00:27:38.369 28526 28526 V SurfaceView@371b404: Layout: x=0 y=-839 w=1080 h=525, frame=Rect(0, 0 - 1080, 525)
10-17 00:27:38.379 28526 28607 D SurfaceView@371b404: updateSurfacePosition RenderWorker, frameNr = 807, position = [0, -973, 1080, -448] surfaceSize = 1080x525
10-17 00:27:38.379 28526 28607 I SurfaceView@371b404: uSP: rtp = Rect(0, -973 - 1080, -448) rtsw = 1080 rtsh = 525
10-17 00:27:38.379 28526 28607 I SurfaceView@371b404: onSSPAndSRT: pl = 0 pt = -973 sx = 1.0 sy = 1.0
10-17 00:27:38.379 28526 28607 I SurfaceView@371b404: aOrMT: ViewRootImpl@6dcaa2e[MainActivity] t = android.view.SurfaceControl$Transaction@e9e2767 fN = 807 android.view.SurfaceView.-$$Nest$mapplyOrMergeTransaction:0 android.view.SurfaceView$SurfaceViewPositionUpdateListener.positionChanged:1537 android.graphics.RenderNode$CompositePositionUpdateListener.positionChanged:373 
10-17 00:27:38.380 28526 28607 I ViewRootImpl@6dcaa2e[MainActivity]: mWNT: t=0x7b2ea39700 mBlastBufferQueue=0x7b45f92500 fn= 807 caller= android.view.SurfaceView.applyOrMergeTransaction:1455 android.view.SurfaceView.-$$Nest$mapplyOrMergeTransaction:0 android.view.SurfaceView$SurfaceViewPositionUpdateListener.positionChanged:1537 
10-17 00:27:38.380 28526 28607 I ViewRootImpl@6dcaa2e[MainActivity]: mWNT: t=0x7b12a4b400 mBlastBufferQueue=0x7b45f92500 fn= 807 caller= android.view.ViewRootImpl.lambda$applyTransactionOnDraw$11$android-view-ViewRootImpl:12865 android.view.ViewRootImpl$$ExternalSyntheticLambda1.onFrameDraw:4 android.graphics.HardwareRenderer$FrameDrawingCallback.onFrameDraw:924 
10-17 00:27:38.384 28526 28526 I SurfaceView@371b404: Changes: creating=false format=false size=false visible=false alpha=false hint=false mUseAlpha=false visible=false left=false top=true
10-17 00:27:38.385 28526 28526 I SurfaceView@371b404: 57783300 Cur surface: Surface(name=null)/@0xc48875a
10-17 00:27:38.385 28526 28526 I SurfaceView@371b404: applyTransactionOnVriDraw: vri = ViewRootImpl@6dcaa2e[MainActivity] fRS = false t = 0x7b12a4b500 android.view.SurfaceView.performSurfaceTransaction:959 android.view.SurfaceView.updateSurface:1105 android.view.SurfaceView.lambda$new$0$android-view-SurfaceView:200 
10-17 00:27:38.385 28526 28526 I ViewRootImpl@6dcaa2e[MainActivity]: applyTransactionOnDraw: mRemoved = false isHardwareEnabled = true t = 0x7b12a4b500android.view.SurfaceView.applyTransactionOnVriDraw:2048 android.view.SurfaceView.performSurfaceTransaction:959 android.view.SurfaceView.updateSurface:1105 android.view.SurfaceView.lambda$new$0$android-view-SurfaceView:200 android.view.SurfaceView$$ExternalSyntheticLambda5.onPreDraw:2 
10-17 00:27:38.385 28526 28526 I SurfaceView@371b404: updateSurface: mVisible = true mSurface.isValid() = true
10-17 00:27:38.385 28526 28526 I SurfaceView@371b404: updateSurface: mSurfaceCreated = true surfaceChanged = false visibleChanged = false
10-17 00:27:38.385 28526 28526 V SurfaceView@371b404: Layout: x=0 y=-973 w=1080 h=525, frame=Rect(0, 0 - 1080, 525)
10-17 00:27:38.395 28526 28606 D SurfaceView@371b404: updateSurfacePosition RenderWorker, frameNr = 808, position = [0, -1112, 1080, -587] surfaceSize = 1080x525
10-17 00:27:38.395 28526 28606 I SurfaceView@371b404: uSP: rtp = Rect(0, -1112 - 1080, -587) rtsw = 1080 rtsh = 525
10-17 00:27:38.395 28526 28606 I SurfaceView@371b404: onSSPAndSRT: pl = 0 pt = -1112 sx = 1.0 sy = 1.0
10-17 00:27:38.395 28526 28606 I SurfaceView@371b404: aOrMT: ViewRootImpl@6dcaa2e[MainActivity] t = android.view.SurfaceControl$Transaction@e9e2767 fN = 808 android.view.SurfaceView.-$$Nest$mapplyOrMergeTransaction:0 android.view.SurfaceView$SurfaceViewPositionUpdateListener.positionChanged:1537 android.graphics.RenderNode$CompositePositionUpdateListener.positionChanged:373 
10-17 00:27:38.396 28526 28606 I ViewRootImpl@6dcaa2e[MainActivity]: mWNT: t=0x7b2ea39700 mBlastBufferQueue=0x7b45f92500 fn= 808 caller= android.view.SurfaceView.applyOrMergeTransaction:1455 android.view.SurfaceView.-$$Nest$mapplyOrMergeTransaction:0 android.view.SurfaceView$SurfaceViewPositionUpdateListener.positionChanged:1537 
10-17 00:27:38.396 28526 28606 I ViewRootImpl@6dcaa2e[MainActivity]: mWNT: t=0x7b12a4b500 mBlastBufferQueue=0x7b45f92500 fn= 808 caller= android.view.ViewRootImpl.lambda$applyTransactionOnDraw$11$android-view-ViewRootImpl:12865 android.view.ViewRootImpl$$ExternalSyntheticLambda1.onFrameDraw:4 android.graphics.HardwareRenderer$FrameDrawingCallback.onFrameDraw:924 
10-17 00:27:38.401 28526 28526 I SurfaceView@371b404: Changes: creating=false format=false size=false visible=false alpha=false hint=false mUseAlpha=false visible=false left=false top=true
10-17 00:27:38.401 28526 28526 I SurfaceView@371b404: 57783300 Cur surface: Surface(name=null)/@0xc48875a
10-17 00:27:38.402 28526 28526 I SurfaceView@371b404: applyTransactionOnVriDraw: vri = ViewRootImpl@6dcaa2e[MainActivity] fRS = false t = 0x7b12a4b600 android.view.SurfaceView.performSurfaceTransaction:959 android.view.SurfaceView.updateSurface:1105 android.view.SurfaceView.lambda$new$0$android-view-SurfaceView:200 
10-17 00:27:38.402 28526 28526 I ViewRootImpl@6dcaa2e[MainActivity]: applyTransactionOnDraw: mRemoved = false isHardwareEnabled = true t = 0x7b12a4b600android.view.SurfaceView.applyTransactionOnVriDraw:2048 android.view.SurfaceView.performSurfaceTransaction:959 android.view.SurfaceView.updateSurface:1105 android.view.SurfaceView.lambda$new$0$android-view-SurfaceView:200 android.view.SurfaceView$$ExternalSyntheticLambda5.onPreDraw:2 
10-17 00:27:38.402 28526 28526 I SurfaceView@371b404: updateSurface: mVisible = true mSurface.isValid() = true
10-17 00:27:38.402 28526 28526 I SurfaceView@371b404: updateSurface: mSurfaceCreated = true surfaceChanged = false visibleChanged = false
10-17 00:27:38.402 28526 28526 V SurfaceView@371b404: Layout: x=0 y=-1112 w=1080 h=525, frame=Rect(0, 0 - 1080, 525)
10-17 00:27:38.413 28526 28607 D SurfaceView@371b404: updateSurfacePosition RenderWorker, frameNr = 809, position = [0, -1247, 1080, -722] surfaceSize = 1080x525
10-17 00:27:38.413 28526 28607 I SurfaceView@371b404: uSP: rtp = Rect(0, -1247 - 1080, -722) rtsw = 1080 rtsh = 525
10-17 00:27:38.413 28526 28607 I SurfaceView@371b404: onSSPAndSRT: pl = 0 pt = -1247 sx = 1.0 sy = 1.0
10-17 00:27:38.413 28526 28607 I SurfaceView@371b404: aOrMT: ViewRootImpl@6dcaa2e[MainActivity] t = android.view.SurfaceControl$Transaction@e9e2767 fN = 809 android.view.SurfaceView.-$$Nest$mapplyOrMergeTransaction:0 android.view.SurfaceView$SurfaceViewPositionUpdateListener.positionChanged:1537 android.graphics.RenderNode$CompositePositionUpdateListener.positionChanged:373 
10-17 00:27:38.413 28526 28607 I ViewRootImpl@6dcaa2e[MainActivity]: mWNT: t=0x7b2ea39700 mBlastBufferQueue=0x7b45f92500 fn= 809 caller= android.view.SurfaceView.applyOrMergeTransaction:1455 android.view.SurfaceView.-$$Nest$mapplyOrMergeTransaction:0 android.view.SurfaceView$SurfaceViewPositionUpdateListener.positionChanged:1537 
10-17 00:27:38.413 28526 28607 I ViewRootImpl@6dcaa2e[MainActivity]: mWNT: t=0x7b12a4b600 mBlastBufferQueue=0x7b45f92500 fn= 809 caller= android.view.ViewRootImpl.lambda$applyTransactionOnDraw$11$android-view-ViewRootImpl:12865 android.view.ViewRootImpl$$ExternalSyntheticLambda1.onFrameDraw:4 android.graphics.HardwareRenderer$FrameDrawingCallback.onFrameDraw:924 
10-17 00:27:38.418 28526 28526 I SurfaceView@371b404: Changes: creating=false format=false size=false visible=false alpha=false hint=false mUseAlpha=false visible=false left=false top=true
10-17 00:27:38.418 28526 28526 I SurfaceView@371b404: 57783300 Cur surface: Surface(name=null)/@0xc48875a
10-17 00:27:38.419 28526 28526 I SurfaceView@371b404: applyTransactionOnVriDraw: vri = ViewRootImpl@6dcaa2e[MainActivity] fRS = false t = 0x7b12a4b700 android.view.SurfaceView.performSurfaceTransaction:959 android.view.SurfaceView.updateSurface:1105 android.view.SurfaceView.lambda$new$0$android-view-SurfaceView:200 
10-17 00:27:38.419 28526 28526 I ViewRootImpl@6dcaa2e[MainActivity]: applyTransactionOnDraw: mRemoved = false isHardwareEnabled = true t = 0x7b12a4b700android.view.SurfaceView.applyTransactionOnVriDraw:2048 android.view.SurfaceView.performSurfaceTransaction:959 android.view.SurfaceView.updateSurface:1105 android.view.SurfaceView.lambda$new$0$android-view-SurfaceView:200 android.view.SurfaceView$$ExternalSyntheticLambda5.onPreDraw:2 
10-17 00:27:38.419 28526 28526 I SurfaceView@371b404: updateSurface: mVisible = true mSurface.isValid() = true
10-17 00:27:38.419 28526 28526 I SurfaceView@371b404: updateSurface: mSurfaceCreated = true surfaceChanged = false visibleChanged = false
10-17 00:27:38.419 28526 28526 V SurfaceView@371b404: Layout: x=0 y=-1247 w=1080 h=525, frame=Rect(0, 0 - 1080, 525)
10-17 00:27:38.428 28526 28606 D SurfaceView@371b404: updateSurfacePosition RenderWorker, frameNr = 810, position = [0, -1371, 1080, -846] surfaceSize = 1080x525
10-17 00:27:38.428 28526 28606 I SurfaceView@371b404: uSP: rtp = Rect(0, -1371 - 1080, -846) rtsw = 1080 rtsh = 525
10-17 00:27:38.428 28526 28606 I SurfaceView@371b404: onSSPAndSRT: pl = 0 pt = -1371 sx = 1.0 sy = 1.0
10-17 00:27:38.428 28526 28606 I SurfaceView@371b404: aOrMT: ViewRootImpl@6dcaa2e[MainActivity] t = android.view.SurfaceControl$Transaction@e9e2767 fN = 810 android.view.SurfaceView.-$$Nest$mapplyOrMergeTransaction:0 android.view.SurfaceView$SurfaceViewPositionUpdateListener.positionChanged:1537 android.graphics.RenderNode$CompositePositionUpdateListener.positionChanged:373 
10-17 00:27:38.429 28526 28606 I ViewRootImpl@6dcaa2e[MainActivity]: mWNT: t=0x7b2ea39700 mBlastBufferQueue=0x7b45f92500 fn= 810 caller= android.view.SurfaceView.applyOrMergeTransaction:1455 android.view.SurfaceView.-$$Nest$mapplyOrMergeTransaction:0 android.view.SurfaceView$SurfaceViewPositionUpdateListener.positionChanged:1537 
10-17 00:27:38.429 28526 28606 I ViewRootImpl@6dcaa2e[MainActivity]: mWNT: t=0x7b12a4b700 mBlastBufferQueue=0x7b45f92500 fn= 810 caller= android.view.ViewRootImpl.lambda$applyTransactionOnDraw$11$android-view-ViewRootImpl:12865 android.view.ViewRootImpl$$ExternalSyntheticLambda1.onFrameDraw:4 android.graphics.HardwareRenderer$FrameDrawingCallback.onFrameDraw:924 
10-17 00:27:38.435 28526 28526 I SurfaceView@371b404: Changes: creating=false format=false size=false visible=false alpha=false hint=false mUseAlpha=false visible=false left=false top=true
10-17 00:27:38.435 28526 28526 I SurfaceView@371b404: 57783300 Cur surface: Surface(name=null)/@0xc48875a
10-17 00:27:38.435 28526 28526 I SurfaceView@371b404: applyTransactionOnVriDraw: vri = ViewRootImpl@6dcaa2e[MainActivity] fRS = false t = 0x7b12a4b800 android.view.SurfaceView.performSurfaceTransaction:959 android.view.SurfaceView.updateSurface:1105 android.view.SurfaceView.lambda$new$0$android-view-SurfaceView:200 
10-17 00:27:38.436 28526 28526 I ViewRootImpl@6dcaa2e[MainActivity]: applyTransactionOnDraw: mRemoved = false isHardwareEnabled = true t = 0x7b12a4b800android.view.SurfaceView.applyTransactionOnVriDraw:2048 android.view.SurfaceView.performSurfaceTransaction:959 android.view.SurfaceView.updateSurface:1105 android.view.SurfaceView.lambda$new$0$android-view-SurfaceView:200 android.view.SurfaceView$$ExternalSyntheticLambda5.onPreDraw:2 
10-17 00:27:38.436 28526 28526 I SurfaceView@371b404: updateSurface: mVisible = true mSurface.isValid() = true
10-17 00:27:38.436 28526 28526 I SurfaceView@371b404: updateSurface: mSurfaceCreated = true surfaceChanged = false visibleChanged = false
10-17 00:27:38.436 28526 28526 V SurfaceView@371b404: Layout: x=0 y=-1371 w=1080 h=525, frame=Rect(0, 0 - 1080, 525)
10-17 00:27:38.445 28526 28607 D SurfaceView@371b404: updateSurfacePosition RenderWorker, frameNr = 811, position = [0, -1498, 1080, -973] surfaceSize = 1080x525
10-17 00:27:38.445 28526 28607 I SurfaceView@371b404: uSP: rtp = Rect(0, -1498 - 1080, -973) rtsw = 1080 rtsh = 525
10-17 00:27:38.445 28526 28607 I SurfaceView@371b404: onSSPAndSRT: pl = 0 pt = -1498 sx = 1.0 sy = 1.0
10-17 00:27:38.445 28526 28607 I SurfaceView@371b404: aOrMT: ViewRootImpl@6dcaa2e[MainActivity] t = android.view.SurfaceControl$Transaction@e9e2767 fN = 811 android.view.SurfaceView.-$$Nest$mapplyOrMergeTransaction:0 android.view.SurfaceView$SurfaceViewPositionUpdateListener.positionChanged:1537 android.graphics.RenderNode$CompositePositionUpdateListener.positionChanged:373 
10-17 00:27:38.445 28526 28607 I ViewRootImpl@6dcaa2e[MainActivity]: mWNT: t=0x7b2ea39700 mBlastBufferQueue=0x7b45f92500 fn= 811 caller= android.view.SurfaceView.applyOrMergeTransaction:1455 android.view.SurfaceView.-$$Nest$mapplyOrMergeTransaction:0 android.view.SurfaceView$SurfaceViewPositionUpdateListener.positionChanged:1537 
10-17 00:27:38.445 28526 28607 I ViewRootImpl@6dcaa2e[MainActivity]: mWNT: t=0x7b12a4b800 mBlastBufferQueue=0x7b45f92500 fn= 811 caller= android.view.ViewRootImpl.lambda$applyTransactionOnDraw$11$android-view-ViewRootImpl:12865 android.view.ViewRootImpl$$ExternalSyntheticLambda1.onFrameDraw:4 android.graphics.HardwareRenderer$FrameDrawingCallback.onFrameDraw:924 
10-17 00:27:38.451 28526 28526 I SurfaceView@371b404: Changes: creating=false format=false size=false visible=false alpha=false hint=false mUseAlpha=false visible=false left=false top=true
10-17 00:27:38.451 28526 28526 I SurfaceView@371b404: 57783300 Cur surface: Surface(name=null)/@0xc48875a
10-17 00:27:38.452 28526 28526 I SurfaceView@371b404: applyTransactionOnVriDraw: vri = ViewRootImpl@6dcaa2e[MainActivity] fRS = false t = 0x7b12a4b900 android.view.SurfaceView.performSurfaceTransaction:959 android.view.SurfaceView.updateSurface:1105 android.view.SurfaceView.lambda$new$0$android-view-SurfaceView:200 
10-17 00:27:38.452 28526 28526 I ViewRootImpl@6dcaa2e[MainActivity]: applyTransactionOnDraw: mRemoved = false isHardwareEnabled = true t = 0x7b12a4b900android.view.SurfaceView.applyTransactionOnVriDraw:2048 android.view.SurfaceView.performSurfaceTransaction:959 android.view.SurfaceView.updateSurface:1105 android.view.SurfaceView.lambda$new$0$android-view-SurfaceView:200 android.view.SurfaceView$$ExternalSyntheticLambda5.onPreDraw:2 
10-17 00:27:38.452 28526 28526 I SurfaceView@371b404: updateSurface: mVisible = true mSurface.isValid() = true
10-17 00:27:38.452 28526 28526 I SurfaceView@371b404: updateSurface: mSurfaceCreated = true surfaceChanged = false visibleChanged = false
10-17 00:27:38.452 28526 28526 V SurfaceView@371b404: Layout: x=0 y=-1498 w=1080 h=525, frame=Rect(0, 0 - 1080, 525)
10-17 00:27:38.461 28526 28606 D SurfaceView@371b404: updateSurfacePosition RenderWorker, frameNr = 812, position = [0, -1621, 1080, -1096] surfaceSize = 1080x525
10-17 00:27:38.461 28526 28606 I SurfaceView@371b404: uSP: rtp = Rect(0, -1621 - 1080, -1096) rtsw = 1080 rtsh = 525
10-17 00:27:38.461 28526 28606 I SurfaceView@371b404: onSSPAndSRT: pl = 0 pt = -1621 sx = 1.0 sy = 1.0
10-17 00:27:38.461 28526 28606 I SurfaceView@371b404: aOrMT: ViewRootImpl@6dcaa2e[MainActivity] t = android.view.SurfaceControl$Transaction@e9e2767 fN = 812 android.view.SurfaceView.-$$Nest$mapplyOrMergeTransaction:0 android.view.SurfaceView$SurfaceViewPositionUpdateListener.positionChanged:1537 android.graphics.RenderNode$CompositePositionUpdateListener.positionChanged:373 
10-17 00:27:38.462 28526 28606 I ViewRootImpl@6dcaa2e[MainActivity]: mWNT: t=0x7b2ea39700 mBlastBufferQueue=0x7b45f92500 fn= 812 caller= android.view.SurfaceView.applyOrMergeTransaction:1455 android.view.SurfaceView.-$$Nest$mapplyOrMergeTransaction:0 android.view.SurfaceView$SurfaceViewPositionUpdateListener.positionChanged:1537 
10-17 00:27:38.462 28526 28606 I ViewRootImpl@6dcaa2e[MainActivity]: mWNT: t=0x7b12a4b900 mBlastBufferQueue=0x7b45f92500 fn= 812 caller= android.view.ViewRootImpl.lambda$applyTransactionOnDraw$11$android-view-ViewRootImpl:12865 android.view.ViewRootImpl$$ExternalSyntheticLambda1.onFrameDraw:4 android.graphics.HardwareRenderer$FrameDrawingCallback.onFrameDraw:924 
10-17 00:27:38.468 28526 28526 I SurfaceView@371b404: Changes: creating=false format=false size=false visible=false alpha=false hint=false mUseAlpha=false visible=false left=false top=true
10-17 00:27:38.468 28526 28526 I SurfaceView@371b404: 57783300 Cur surface: Surface(name=null)/@0xc48875a
10-17 00:27:38.468 28526 28526 I SurfaceView@371b404: applyTransactionOnVriDraw: vri = ViewRootImpl@6dcaa2e[MainActivity] fRS = false t = 0x7b12a4ba00 android.view.SurfaceView.performSurfaceTransaction:959 android.view.SurfaceView.updateSurface:1105 android.view.SurfaceView.lambda$new$0$android-view-SurfaceView:200 
10-17 00:27:38.469 28526 28526 I ViewRootImpl@6dcaa2e[MainActivity]: applyTransactionOnDraw: mRemoved = false isHardwareEnabled = true t = 0x7b12a4ba00android.view.SurfaceView.applyTransactionOnVriDraw:2048 android.view.SurfaceView.performSurfaceTransaction:959 android.view.SurfaceView.updateSurface:1105 android.view.SurfaceView.lambda$new$0$android-view-SurfaceView:200 android.view.SurfaceView$$ExternalSyntheticLambda5.onPreDraw:2 
10-17 00:27:38.469 28526 28526 I SurfaceView@371b404: updateSurface: mVisible = true mSurface.isValid() = true
10-17 00:27:38.469 28526 28526 I SurfaceView@371b404: updateSurface: mSurfaceCreated = true surfaceChanged = false visibleChanged = false
10-17 00:27:38.469 28526 28526 V SurfaceView@371b404: Layout: x=0 y=-1621 w=1080 h=525, frame=Rect(0, 0 - 1080, 525)
10-17 00:27:38.478 28526 28607 D SurfaceView@371b404: updateSurfacePosition RenderWorker, frameNr = 813, position = [0, -1733, 1080, -1208] surfaceSize = 1080x525
10-17 00:27:38.478 28526 28607 I SurfaceView@371b404: uSP: rtp = Rect(0, -1733 - 1080, -1208) rtsw = 1080 rtsh = 525
10-17 00:27:38.478 28526 28607 I SurfaceView@371b404: onSSPAndSRT: pl = 0 pt = -1733 sx = 1.0 sy = 1.0
10-17 00:27:38.478 28526 28607 I SurfaceView@371b404: aOrMT: ViewRootImpl@6dcaa2e[MainActivity] t = android.view.SurfaceControl$Transaction@e9e2767 fN = 813 android.view.SurfaceView.-$$Nest$mapplyOrMergeTransaction:0 android.view.SurfaceView$SurfaceViewPositionUpdateListener.positionChanged:1537 android.graphics.RenderNode$CompositePositionUpdateListener.positionChanged:373 
10-17 00:27:38.478 28526 28607 I ViewRootImpl@6dcaa2e[MainActivity]: mWNT: t=0x7b2ea39700 mBlastBufferQueue=0x7b45f92500 fn= 813 caller= android.view.SurfaceView.applyOrMergeTransaction:1455 android.view.SurfaceView.-$$Nest$mapplyOrMergeTransaction:0 android.view.SurfaceView$SurfaceViewPositionUpdateListener.positionChanged:1537 
10-17 00:27:38.478 28526 28607 I ViewRootImpl@6dcaa2e[MainActivity]: mWNT: t=0x7b12a4ba00 mBlastBufferQueue=0x7b45f92500 fn= 813 caller= android.view.ViewRootImpl.lambda$applyTransactionOnDraw$11$android-view-ViewRootImpl:12865 android.view.ViewRootImpl$$ExternalSyntheticLambda1.onFrameDraw:4 android.graphics.HardwareRenderer$FrameDrawingCallback.onFrameDraw:924 
10-17 00:27:38.485 28526 28526 I SurfaceView@371b404: Changes: creating=false format=false size=false visible=false alpha=false hint=false mUseAlpha=false visible=false left=false top=true
10-17 00:27:38.485 28526 28526 I SurfaceView@371b404: 57783300 Cur surface: Surface(name=null)/@0xc48875a
10-17 00:27:38.485 28526 28526 I SurfaceView@371b404: applyTransactionOnVriDraw: vri = ViewRootImpl@6dcaa2e[MainActivity] fRS = false t = 0x7b12a4bb00 android.view.SurfaceView.performSurfaceTransaction:959 android.view.SurfaceView.updateSurface:1105 android.view.SurfaceView.lambda$new$0$android-view-SurfaceView:200 
10-17 00:27:38.485 28526 28526 I ViewRootImpl@6dcaa2e[MainActivity]: applyTransactionOnDraw: mRemoved = false isHardwareEnabled = true t = 0x7b12a4bb00android.view.SurfaceView.applyTransactionOnVriDraw:2048 android.view.SurfaceView.performSurfaceTransaction:959 android.view.SurfaceView.updateSurface:1105 android.view.SurfaceView.lambda$new$0$android-view-SurfaceView:200 android.view.SurfaceView$$ExternalSyntheticLambda5.onPreDraw:2 
10-17 00:27:38.486 28526 28526 I SurfaceView@371b404: updateSurface: mVisible = true mSurface.isValid() = true
10-17 00:27:38.486 28526 28526 I SurfaceView@371b404: updateSurface: mSurfaceCreated = true surfaceChanged = false visibleChanged = false
10-17 00:27:38.486 28526 28526 V SurfaceView@371b404: Layout: x=0 y=-1733 w=1080 h=525, frame=Rect(0, 0 - 1080, 525)
10-17 00:27:38.493 28526 28606 D SurfaceView@371b404: updateSurfacePosition RenderWorker, frameNr = 814, position = [0, -1848, 1080, -1323] surfaceSize = 1080x525
10-17 00:27:38.493 28526 28606 I SurfaceView@371b404: uSP: rtp = Rect(0, -1848 - 1080, -1323) rtsw = 1080 rtsh = 525
10-17 00:27:38.493 28526 28606 I SurfaceView@371b404: onSSPAndSRT: pl = 0 pt = -1848 sx = 1.0 sy = 1.0
10-17 00:27:38.494 28526 28606 I SurfaceView@371b404: aOrMT: ViewRootImpl@6dcaa2e[MainActivity] t = android.view.SurfaceControl$Transaction@e9e2767 fN = 814 android.view.SurfaceView.-$$Nest$mapplyOrMergeTransaction:0 android.view.SurfaceView$SurfaceViewPositionUpdateListener.positionChanged:1537 android.graphics.RenderNode$CompositePositionUpdateListener.positionChanged:373 
10-17 00:27:38.494 28526 28606 I ViewRootImpl@6dcaa2e[MainActivity]: mWNT: t=0x7b2ea39700 mBlastBufferQueue=0x7b45f92500 fn= 814 caller= android.view.SurfaceView.applyOrMergeTransaction:1455 android.view.SurfaceView.-$$Nest$mapplyOrMergeTransaction:0 android.view.SurfaceView$SurfaceViewPositionUpdateListener.positionChanged:1537 
10-17 00:27:38.494 28526 28606 I ViewRootImpl@6dcaa2e[MainActivity]: mWNT: t=0x7b12a4bb00 mBlastBufferQueue=0x7b45f92500 fn= 814 caller= android.view.ViewRootImpl.lambda$applyTransactionOnDraw$11$android-view-ViewRootImpl:12865 android.view.ViewRootImpl$$ExternalSyntheticLambda1.onFrameDraw:4 android.graphics.HardwareRenderer$FrameDrawingCallback.onFrameDraw:924 
10-17 00:27:38.501 28526 28526 I SurfaceView@371b404: Changes: creating=false format=false size=false visible=false alpha=false hint=false mUseAlpha=false visible=false left=false top=true
10-17 00:27:38.502 28526 28526 I SurfaceView@371b404: 57783300 Cur surface: Surface(name=null)/@0xc48875a
10-17 00:27:38.502 28526 28526 I SurfaceView@371b404: applyTransactionOnVriDraw: vri = ViewRootImpl@6dcaa2e[MainActivity] fRS = false t = 0x7b12a4bd00 android.view.SurfaceView.performSurfaceTransaction:959 android.view.SurfaceView.updateSurface:1105 android.view.SurfaceView.lambda$new$0$android-view-SurfaceView:200 
10-17 00:27:38.502 28526 28526 I ViewRootImpl@6dcaa2e[MainActivity]: applyTransactionOnDraw: mRemoved = false isHardwareEnabled = true t = 0x7b12a4bd00android.view.SurfaceView.applyTransactionOnVriDraw:2048 android.view.SurfaceView.performSurfaceTransaction:959 android.view.SurfaceView.updateSurface:1105 android.view.SurfaceView.lambda$new$0$android-view-SurfaceView:200 android.view.SurfaceView$$ExternalSyntheticLambda5.onPreDraw:2 
10-17 00:27:38.503 28526 28526 I SurfaceView@371b404: updateSurface: mVisible = true mSurface.isValid() = true
10-17 00:27:38.503 28526 28526 I SurfaceView@371b404: updateSurface: mSurfaceCreated = true surfaceChanged = false visibleChanged = false
10-17 00:27:38.503 28526 28526 V SurfaceView@371b404: Layout: x=0 y=-1848 w=1080 h=525, frame=Rect(0, 0 - 1080, 525)
10-17 00:27:38.511 28526 28607 D SurfaceView@371b404: updateSurfacePosition RenderWorker, frameNr = 815, position = [0, -1918, 1080, -1393] surfaceSize = 1080x525
10-17 00:27:38.511 28526 28607 I SurfaceView@371b404: uSP: rtp = Rect(0, -1918 - 1080, -1393) rtsw = 1080 rtsh = 525
10-17 00:27:38.511 28526 28607 I SurfaceView@371b404: onSSPAndSRT: pl = 0 pt = -1918 sx = 1.0 sy = 1.0
10-17 00:27:38.512 28526 28607 I SurfaceView@371b404: aOrMT: ViewRootImpl@6dcaa2e[MainActivity] t = android.view.SurfaceControl$Transaction@e9e2767 fN = 815 android.view.SurfaceView.-$$Nest$mapplyOrMergeTransaction:0 android.view.SurfaceView$SurfaceViewPositionUpdateListener.positionChanged:1537 android.graphics.RenderNode$CompositePositionUpdateListener.positionChanged:373 
10-17 00:27:38.512 28526 28607 I ViewRootImpl@6dcaa2e[MainActivity]: mWNT: t=0x7b2ea39700 mBlastBufferQueue=0x7b45f92500 fn= 815 caller= android.view.SurfaceView.applyOrMergeTransaction:1455 android.view.SurfaceView.-$$Nest$mapplyOrMergeTransaction:0 android.view.SurfaceView$SurfaceViewPositionUpdateListener.positionChanged:1537 
10-17 00:27:38.512 28526 28607 I ViewRootImpl@6dcaa2e[MainActivity]: mWNT: t=0x7b12a4bd00 mBlastBufferQueue=0x7b45f92500 fn= 815 caller= android.view.ViewRootImpl.lambda$applyTransactionOnDraw$11$android-view-ViewRootImpl:12865 android.view.ViewRootImpl$$ExternalSyntheticLambda1.onFrameDraw:4 android.graphics.HardwareRenderer$FrameDrawingCallback.onFrameDraw:924 
10-17 00:27:38.518 28526 28526 I SurfaceView@371b404: Changes: creating=false format=false size=false visible=false alpha=false hint=false mUseAlpha=false visible=false left=false top=true
10-17 00:27:38.518 28526 28526 I SurfaceView@371b404: 57783300 Cur surface: Surface(name=null)/@0xc48875a
10-17 00:27:38.519 28526 28526 I SurfaceView@371b404: applyTransactionOnVriDraw: vri = ViewRootImpl@6dcaa2e[MainActivity] fRS = false t = 0x7b12a4be00 android.view.SurfaceView.performSurfaceTransaction:959 android.view.SurfaceView.updateSurface:1105 android.view.SurfaceView.lambda$new$0$android-view-SurfaceView:200 
10-17 00:27:38.519 28526 28526 I ViewRootImpl@6dcaa2e[MainActivity]: applyTransactionOnDraw: mRemoved = false isHardwareEnabled = true t = 0x7b12a4be00android.view.SurfaceView.applyTransactionOnVriDraw:2048 android.view.SurfaceView.performSurfaceTransaction:959 android.view.SurfaceView.updateSurface:1105 android.view.SurfaceView.lambda$new$0$android-view-SurfaceView:200 android.view.SurfaceView$$ExternalSyntheticLambda5.onPreDraw:2 
10-17 00:27:38.519 28526 28526 I SurfaceView@371b404: updateSurface: mVisible = true mSurface.isValid() = true
10-17 00:27:38.519 28526 28526 I SurfaceView@371b404: updateSurface: mSurfaceCreated = true surfaceChanged = false visibleChanged = false
10-17 00:27:38.519 28526 28526 V SurfaceView@371b404: Layout: x=0 y=-1918 w=1080 h=525, frame=Rect(0, 0 - 1080, 525)
10-17 00:27:38.527 28526 28606 D SurfaceView@371b404: updateSurfacePosition RenderWorker, frameNr = 816, position = [0, -1952, 1080, -1408] surfaceSize = 1080x525
10-17 00:27:38.527 28526 28606 I SurfaceView@371b404: uSP: rtp = Rect(0, -1952 - 1080, -1408) rtsw = 1080 rtsh = 525
10-17 00:27:38.527 28526 28606 I SurfaceView@371b404: onSSPAndSRT: pl = 0 pt = -1952 sx = 1.0 sy = 1.0361905
10-17 00:27:38.527 28526 28606 I SurfaceView@371b404: aOrMT: ViewRootImpl@6dcaa2e[MainActivity] t = android.view.SurfaceControl$Transaction@e9e2767 fN = 816 android.view.SurfaceView.-$$Nest$mapplyOrMergeTransaction:0 android.view.SurfaceView$SurfaceViewPositionUpdateListener.positionChanged:1537 android.graphics.RenderNode$CompositePositionUpdateListener.positionChanged:373 
10-17 00:27:38.527 28526 28606 I ViewRootImpl@6dcaa2e[MainActivity]: mWNT: t=0x7b2ea39700 mBlastBufferQueue=0x7b45f92500 fn= 816 caller= android.view.SurfaceView.applyOrMergeTransaction:1455 android.view.SurfaceView.-$$Nest$mapplyOrMergeTransaction:0 android.view.SurfaceView$SurfaceViewPositionUpdateListener.positionChanged:1537 
10-17 00:27:38.528 28526 28606 I ViewRootImpl@6dcaa2e[MainActivity]: mWNT: t=0x7b12a4be00 mBlastBufferQueue=0x7b45f92500 fn= 816 caller= android.view.ViewRootImpl.lambda$applyTransactionOnDraw$11$android-view-ViewRootImpl:12865 android.view.ViewRootImpl$$ExternalSyntheticLambda1.onFrameDraw:4 android.graphics.HardwareRenderer$FrameDrawingCallback.onFrameDraw:924 
10-17 00:27:38.552 28526 28607 D SurfaceView@371b404: updateSurfacePosition RenderWorker, frameNr = 817, position = [0, -1960, 1080, -1412] surfaceSize = 1080x525
10-17 00:27:38.552 28526 28607 I SurfaceView@371b404: uSP: rtp = Rect(0, -1960 - 1080, -1412) rtsw = 1080 rtsh = 525
10-17 00:27:38.552 28526 28607 I SurfaceView@371b404: onSSPAndSRT: pl = 0 pt = -1960 sx = 1.0 sy = 1.0438095
10-17 00:27:38.553 28526 28607 I SurfaceView@371b404: aOrMT: ViewRootImpl@6dcaa2e[MainActivity] t = android.view.SurfaceControl$Transaction@e9e2767 fN = 817 android.view.SurfaceView.-$$Nest$mapplyOrMergeTransaction:0 android.view.SurfaceView$SurfaceViewPositionUpdateListener.positionChanged:1537 android.graphics.RenderNode$CompositePositionUpdateListener.positionChanged:373 
10-17 00:27:38.553 28526 28607 I ViewRootImpl@6dcaa2e[MainActivity]: mWNT: t=0x7b2ea39700 mBlastBufferQueue=0x7b45f92500 fn= 817 caller= android.view.SurfaceView.applyOrMergeTransaction:1455 android.view.SurfaceView.-$$Nest$mapplyOrMergeTransaction:0 android.view.SurfaceView$SurfaceViewPositionUpdateListener.positionChanged:1537 
10-17 00:27:38.580 28526 28606 D SurfaceView@371b404: updateSurfacePosition RenderWorker, frameNr = 819, position = [0, -1956, 1080, -1410] surfaceSize = 1080x525
10-17 00:27:38.580 28526 28606 I SurfaceView@371b404: uSP: rtp = Rect(0, -1956 - 1080, -1410) rtsw = 1080 rtsh = 525
10-17 00:27:38.580 28526 28606 I SurfaceView@371b404: onSSPAndSRT: pl = 0 pt = -1956 sx = 1.0 sy = 1.04
