--------- beginning of main
10-12 20:23:24.190  1726  1726 D InputTransport: Input channel destroyed: '2b6cd7a', fd=121
10-12 20:23:24.223  1726  1726 I ViewRootImpl@562a9cf[MainActivity]: MSG_WINDOW_FOCUS_CHANGED 1 0
10-12 20:23:24.223  1726  1726 I ViewRootImpl@562a9cf[MainActivity]: mThreadedRenderer.initializeIfNeeded()#2 mSurface={isValid=true 0x7b5ad9b800}
10-12 20:23:24.227  1726  1726 D InputMethodManager: startInputInner - Id : 0
10-12 20:23:24.227  1726  1726 I InputMethodManager: startInputInner - mService.startInputOrWindowGainedFocus
10-12 20:23:25.620  1726  1726 I ViewRootImpl@562a9cf[MainActivity]: ViewPostIme pointer 0
10-12 20:23:25.730  1726  1726 I ViewRootImpl@562a9cf[MainActivity]: ViewPostIme pointer 1
10-12 20:23:26.334  1726  1726 I ViewRootImpl@562a9cf[MainActivity]: ViewPostIme pointer 0
10-12 20:23:26.441  1726  1726 D WindowOnBackDispatcher: onBackInvoked, viewRoot=ViewRootImpl@dd3ceab[MainActivity], callback=androidx.activity.OnBackPressedDispatcher$Api33Impl$$ExternalSyntheticLambda0@5dfade
10-12 20:23:26.449  1726  1726 I IMM_LC  : hsifw() - flag : 0
10-12 20:23:26.449  1726  1726 I IMM_LC  : hsifw() - mService.hideSoftInput
10-12 20:23:26.457  1726  1726 D ScrollView: initGoToTop
10-12 20:23:26.488  1726  1726 E CoilImgLoader: Error loading image: coil3.request.NullRequestDataException: The request's data is null.
10-12 20:23:26.500  1726  1726 D ScrollView:  onsize change changed 
10-12 20:23:27.495  1726  1726 I ViewRootImpl@562a9cf[MainActivity]: ViewPostIme pointer 0
10-12 20:23:27.594  1726  1726 I ViewRootImpl@562a9cf[MainActivity]: ViewPostIme pointer 1
10-12 20:23:27.973  1726  1726 I ViewRootImpl@562a9cf[MainActivity]: ViewPostIme pointer 0
10-12 20:23:28.066  1726  1726 D WindowOnBackDispatcher: onBackInvoked, viewRoot=ViewRootImpl@dd3ceab[MainActivity], callback=androidx.activity.OnBackPressedDispatcher$Api33Impl$$ExternalSyntheticLambda0@5dfade
10-12 20:23:28.074  1726  1726 I IMM_LC  : hsifw() - flag : 0
10-12 20:23:28.074  1726  1726 I IMM_LC  : hsifw() - mService.hideSoftInput
10-12 20:23:29.204  1726  1726 I ViewRootImpl@562a9cf[MainActivity]: ViewPostIme pointer 0
10-12 20:23:29.245  1726  1726 I ViewRootImpl@562a9cf[MainActivity]: ViewPostIme pointer 1
10-12 20:23:29.252  1726  1726 I NavComponent: Navigating to fragment: 2131362274
10-12 20:23:29.256  1726  1726 I IMM_LC  : hsifw() - flag : 0
10-12 20:23:29.256  1726  1726 I IMM_LC  : hsifw() - mService.hideSoftInput
10-12 20:23:29.288  1726  1726 D ScrollView: initGoToTop
10-12 20:23:29.557  1726  1726 I SurfaceView@2056a84: onWindowVisibilityChanged(0) true android.view.SurfaceView{2056a84 V.E..V... ......I. 0,0-0,0} of ViewRootImpl@562a9cf[MainActivity]
10-12 20:23:29.558  1726  1726 D SurfaceView@2056a84: updateSurface: has no frame
10-12 20:23:29.562  1726  1726 I CS3ExoPlayer: SET STYLE = SaveCaptionStyle(foregroundColor=-1, backgroundColor=0, windowColor=0, edgeType=1, edgeColor=-16777216, typeface=null, typefaceFilePath=null, elevation=20, fixedTextSize=null, edgeSize=null, removeCaptions=false, removeBloat=true, upperCase=false, bold=false, italic=false, backgroundRadius=null)
10-12 20:23:29.570  1726  1726 I IMM_LC  : hsifw() - flag : 0
10-12 20:23:29.570  1726  1726 I IMM_LC  : hsifw() - mService.hideSoftInput
10-12 20:23:29.571  1726  1783 I SYNCVM  : addFromUrl = https://tv6.egydead.live/%d9%85%d8%b4%d8%a7%d9%87%d8%af%d8%a9-%d9%81%d9%8a%d9%84%d9%85-mantis-2025-%d9%85%d8%aa%d8%b1%d8%ac%d9%85/
10-12 20:23:29.571  1726  1783 I SYNCUTIL: getIdsFromUrl https://tv6.egydead.live/%d9%85%d8%b4%d8%a7%d9%87%d8%af%d8%a9-%d9%81%d9%8a%d9%84%d9%85-mantis-2025-%d9%85%d8%aa%d8%b1%d8%ac%d9%85/
10-12 20:23:29.584  1726  1726 I SurfaceView@2056a84: onWindowVisibilityChanged(8) false android.view.SurfaceView{2056a84 V.E..V... ......I. 0,0-0,0} of ViewRootImpl@562a9cf[MainActivity]
10-12 20:23:29.584  1726  1726 D SurfaceView@2056a84: updateSurface: has no frame
10-12 20:23:29.584  1726  1726 D SurfaceView@2056a84: updateSurface: has no frame
10-12 20:23:29.584  1726  1726 I SurfaceView@2056a84: onDetachedFromWindow: tryReleaseSurfaces()
10-12 20:23:29.584  1726  1726 I SurfaceView@2056a84: releaseSurfaces: viewRoot = ViewRootImpl@562a9cf[MainActivity]
10-12 20:23:29.584  1726  1726 I SurfaceView@2056a84: applyTransactionOnVriDraw: vri = ViewRootImpl@562a9cf[MainActivity] fRS = true t = 0x7b167fd300 android.view.SurfaceView.releaseSurfaces:858 android.view.SurfaceView.onDetachedFromWindow:500 android.view.View.dispatchDetachedFromWindow:22538 
10-12 20:23:29.584  1726  1726 I SurfaceView@2056a84: applyTransactionOnVriDraw: viewRoot.applyTransactionOnDrawFromReleaseSurfaces
10-12 20:23:29.584  1726  1726 I ViewRootImpl@562a9cf[MainActivity]: applyTransactionOnDraw: mRemoved = false isHardwareEnabled = true t = 0x7b167fd300android.view.ViewRootImpl.applyTransactionOnDrawFromReleaseSurfaces:12850 android.view.SurfaceView.applyTransactionOnVriDraw:2046 android.view.SurfaceView.releaseSurfaces:858 android.view.SurfaceView.onDetachedFromWindow:500 android.view.View.dispatchDetachedFromWindow:22538 
10-12 20:23:29.586  1726  1726 I SurfaceView@2056a84: onWindowVisibilityChanged(0) true android.view.SurfaceView{2056a84 V.E..V... ......I. 0,0-0,0} of ViewRootImpl@562a9cf[MainActivity]
10-12 20:23:29.586  1726  1726 D SurfaceView@2056a84: updateSurface: has no frame
10-12 20:23:29.589  1726  1726 I DecorView: notifyKeepScreenOnChanged: keepScreenOn=false
10-12 20:23:29.600  1726  1726 I CS3ExoPlayer: reloadPlayer
10-12 20:23:29.600  1726  1726 I CS3ExoPlayer: releasePlayer
10-12 20:23:29.600  1726  1726 I CS3ExoPlayer: Handle event: PlayerAttachedEvent(player=null, source=Player)
10-12 20:23:29.606  1726  1726 I ViewRootImpl@562a9cf[MainActivity]: performTraversals params={(0,0)(fillxfill) sim={state=always_hidden adjust=resize} ty=BASE_APPLICATION wanim=0x1030309
10-12 20:23:29.606  1726  1726 I ViewRootImpl@562a9cf[MainActivity]:   fl=85810100
10-12 20:23:29.606  1726  1726 I ViewRootImpl@562a9cf[MainActivity]:   pfl=12020040
10-12 20:23:29.606  1726  1726 I ViewRootImpl@562a9cf[MainActivity]:   vsysui=500
10-12 20:23:29.606  1726  1726 I ViewRootImpl@562a9cf[MainActivity]:   bhv=DEFAULT
10-12 20:23:29.606  1726  1726 I ViewRootImpl@562a9cf[MainActivity]:   fitSides= naviIconColor=0}
10-12 20:23:29.606  1726  1726 I ViewRootImpl@562a9cf[MainActivity]: performTraversals mFirst=false windowShouldResize=false viewVisibilityChanged=false mForceNextWindowRelayout=false params={(0,0)(fillxfill) sim={state=always_hidden adjust=resize} ty=BASE_APPLICATION fmt=TRANSLUCENT wanim=0x1030309
10-12 20:23:29.606  1726  1726 I ViewRootImpl@562a9cf[MainActivity]:   fl=85810100
10-12 20:23:29.606  1726  1726 I ViewRootImpl@562a9cf[MainActivity]:   pfl=12020040
10-12 20:23:29.606  1726  1726 I ViewRootImpl@562a9cf[MainActivity]:   vsysui=500
10-12 20:23:29.606  1726  1726 I ViewRootImpl@562a9cf[MainActivity]:   bhv=DEFAULT
10-12 20:23:29.606  1726  1726 I ViewRootImpl@562a9cf[MainActivity]:   fitSides= naviIconColor=0}
10-12 20:23:29.613  1726  1726 I ViewRootImpl@562a9cf[MainActivity]: updateBlastSurfaceIfNeeded mBlastBufferQueue=0x7b5ad89400 isSameSurfaceControl=true
10-12 20:23:29.613  1726  1726 I BLASTBufferQueue: update, w= 1080 h= 2400 mName = ViewRootImpl@562a9cf[MainActivity] mNativeObject= 0x7b5ad89400 sc.mNativeObject= 0x7b16e6cd20 format= -3 caller= android.view.ViewRootImpl.updateBlastSurfaceIfNeeded:2898 android.view.ViewRootImpl.relayoutWindow:9847 android.view.ViewRootImpl.performTraversals:3884 android.view.ViewRootImpl.doTraversal:3116 android.view.ViewRootImpl$TraversalRunnable.run:10885 android.view.Choreographer$CallbackRecord.run:1301 
10-12 20:23:29.613  1726  1726 I ViewRootImpl@562a9cf[MainActivity]: Relayout returned: old=(0,0,1080,2400) new=(0,0,1080,2400) req=(1080,2400)0 dur=7 res=0x0 s={true 0x7b5ad9b800} ch=false seqId=0
10-12 20:23:29.614  1726  1726 W View    : requestLayout() improperly called by android.widget.FrameLayout{a9e6814 I.E..V... ......I. 0,0-0,0 #7f0a04e7 app:id/start_panel} during layout: running second layout pass
10-12 20:23:29.614  1726  1726 W View    : requestLayout() improperly called by android.widget.FrameLayout{ca098bd I.E..V... ......ID 1080,0-1080,2143 #7f0a0168 app:id/end_panel} during layout: running second layout pass
10-12 20:23:29.616  1726  1726 D SurfaceView@2056a84: updateSurface: has no frame
10-12 20:23:29.619  1726  1817 I ViewRootImpl@562a9cf[MainActivity]: mWNT: t=0x7b167fd300 mBlastBufferQueue=0x7b5ad89400 fn= 109 caller= android.view.ViewRootImpl.lambda$applyTransactionOnDraw$11$android-view-ViewRootImpl:12865 android.view.ViewRootImpl$$ExternalSyntheticLambda1.onFrameDraw:4 android.graphics.HardwareRenderer$FrameDrawingCallback.onFrameDraw:924 
10-12 20:23:29.622  1726  1726 D SurfaceView@2056a84: updateSurface: has no frame
10-12 20:23:29.633  1726  1726 D SurfaceView@2056a84: updateSurface: has no frame
10-12 20:23:29.651  1726  1726 D SurfaceView@2056a84: updateSurface: has no frame
10-12 20:23:29.667  1726  1726 D SurfaceView@2056a84: updateSurface: has no frame
10-12 20:23:29.682  1726  1726 D SurfaceView@2056a84: updateSurface: has no frame
10-12 20:23:29.699  1726  1726 D SurfaceView@2056a84: updateSurface: has no frame
10-12 20:23:29.716  1726  1726 D SurfaceView@2056a84: updateSurface: has no frame
10-12 20:23:29.733  1726  1726 D SurfaceView@2056a84: updateSurface: has no frame
10-12 20:23:29.750  1726  1726 D SurfaceView@2056a84: updateSurface: has no frame
10-12 20:23:29.771  1726  1726 D SurfaceView@2056a84: updateSurface: has no frame
10-12 20:23:29.783  1726  1726 D SurfaceView@2056a84: updateSurface: has no frame
10-12 20:23:29.800  1726  1726 D SurfaceView@2056a84: updateSurface: has no frame
10-12 20:23:29.816  1726  1726 D SurfaceView@2056a84: updateSurface: has no frame
10-12 20:23:29.833  1726  1726 D SurfaceView@2056a84: updateSurface: has no frame
10-12 20:23:29.850  1726  1726 D SurfaceView@2056a84: updateSurface: has no frame
10-12 20:23:29.866  1726  1726 D SurfaceView@2056a84: updateSurface: has no frame
10-12 20:23:29.883  1726  1726 D SurfaceView@2056a84: updateSurface: has no frame
10-12 20:23:29.900  1726  1726 D SurfaceView@2056a84: updateSurface: has no frame
10-12 20:23:29.916  1726  1726 D SurfaceView@2056a84: updateSurface: has no frame
10-12 20:23:29.933  1726  1726 D SurfaceView@2056a84: updateSurface: has no frame
10-12 20:23:29.950  1726  1726 D SurfaceView@2056a84: updateSurface: has no frame
10-12 20:23:29.966  1726  1726 D SurfaceView@2056a84: updateSurface: has no frame
10-12 20:23:29.983  1726  1726 D SurfaceView@2056a84: updateSurface: has no frame
10-12 20:23:30.000  1726  1726 D SurfaceView@2056a84: updateSurface: has no frame
10-12 20:23:30.016  1726  1726 D SurfaceView@2056a84: updateSurface: has no frame
10-12 20:23:30.033  1726  1726 D SurfaceView@2056a84: updateSurface: has no frame
10-12 20:23:30.050  1726  1726 D SurfaceView@2056a84: updateSurface: has no frame
10-12 20:23:30.066  1726  1726 D SurfaceView@2056a84: updateSurface: has no frame
10-12 20:23:30.083  1726  1726 D SurfaceView@2056a84: updateSurface: has no frame
10-12 20:23:30.100  1726  1726 D SurfaceView@2056a84: updateSurface: has no frame
10-12 20:23:30.116  1726  1726 D SurfaceView@2056a84: updateSurface: has no frame
10-12 20:23:30.133  1726  1726 D SurfaceView@2056a84: updateSurface: has no frame
10-12 20:23:30.150  1726  1726 D SurfaceView@2056a84: updateSurface: has no frame
10-12 20:23:30.166  1726  1726 D SurfaceView@2056a84: updateSurface: has no frame
10-12 20:23:30.183  1726  1726 D SurfaceView@2056a84: updateSurface: has no frame
10-12 20:23:30.199  1726  1726 D SurfaceView@2056a84: updateSurface: has no frame
10-12 20:23:30.217  1726  1726 D SurfaceView@2056a84: updateSurface: has no frame
10-12 20:23:30.233  1726  1726 D SurfaceView@2056a84: updateSurface: has no frame
10-12 20:23:30.249  1726  1726 D SurfaceView@2056a84: updateSurface: has no frame
10-12 20:23:30.266  1726  1726 D SurfaceView@2056a84: updateSurface: has no frame
10-12 20:23:30.283  1726  1726 D SurfaceView@2056a84: updateSurface: has no frame
10-12 20:23:30.300  1726  1726 D SurfaceView@2056a84: updateSurface: has no frame
10-12 20:23:30.316  1726  1726 D SurfaceView@2056a84: updateSurface: has no frame
10-12 20:23:30.333  1726  1726 D SurfaceView@2056a84: updateSurface: has no frame
10-12 20:23:30.350  1726  1726 D SurfaceView@2056a84: updateSurface: has no frame
10-12 20:23:30.366  1726  1726 D SurfaceView@2056a84: updateSurface: has no frame
10-12 20:23:30.383  1726  1726 D SurfaceView@2056a84: updateSurface: has no frame
10-12 20:23:30.399  1726  1726 D SurfaceView@2056a84: updateSurface: has no frame
10-12 20:23:30.416  1726  1726 D SurfaceView@2056a84: updateSurface: has no frame
10-12 20:23:30.433  1726  1726 D SurfaceView@2056a84: updateSurface: has no frame
10-12 20:23:30.449  1726  1726 D SurfaceView@2056a84: updateSurface: has no frame
10-12 20:23:30.466  1726  1726 D SurfaceView@2056a84: updateSurface: has no frame
10-12 20:23:30.482  1726  1726 D SurfaceView@2056a84: updateSurface: has no frame
10-12 20:23:30.500  1726  1726 D SurfaceView@2056a84: updateSurface: has no frame
10-12 20:23:30.511  1726  1786 I RVM2    : applyMeta
10-12 20:23:30.517  1726  1726 D SurfaceView@2056a84: updateSurface: has no frame
10-12 20:23:30.520  1726  1726 W PanelsChildGestureRegionObserver: failed to register view with ID 2131362800. already registered
10-12 20:23:30.521  1726  1726 E CoilImgLoader: Error loading image: coil3.request.NullRequestDataException: The request's data is null.
10-12 20:23:30.523  1726  1726 E CoilImgLoader: Error loading image: coil3.request.NullRequestDataException: The request's data is null.
10-12 20:23:30.544  1726  1775 I SYNCVM  : addFromUrl = https://tv6.egydead.live/%d9%85%d8%b4%d8%a7%d9%87%d8%af%d8%a9-%d9%81%d9%8a%d9%84%d9%85-mantis-2025-%d9%85%d8%aa%d8%b1%d8%ac%d9%85/
10-12 20:23:30.544  1726  1775 I SYNCUTIL: getIdsFromUrl https://tv6.egydead.live/%d9%85%d8%b4%d8%a7%d9%87%d8%af%d8%a9-%d9%81%d9%8a%d9%84%d9%85-mantis-2025-%d9%85%d8%aa%d8%b1%d8%ac%d9%85/
10-12 20:23:30.555  1726  1726 D SurfaceView@2056a84: updateSurface: has no frame
10-12 20:23:30.557  1726  1726 I SurfaceView@2056a84: Changes: creating=true format=true size=true visible=true alpha=false hint=false mUseAlpha=false visible=true left=true top=true
10-12 20:23:30.559  1726  1726 I BLASTBufferQueue: update, w= 1080 h= 525 mName = null mNativeObject= 0x7bdab1d700 sc.mNativeObject= 0x7b16e6ffc0 format= 4 caller= android.view.SurfaceView.createBlastSurfaceControls:1383 android.view.SurfaceView.updateSurface:1079 android.view.SurfaceView.lambda$new$0$android-view-SurfaceView:200 android.view.SurfaceView$$ExternalSyntheticLambda5.onPreDraw:2 android.view.ViewTreeObserver.dispatchOnPreDraw:1121 android.view.ViewRootImpl.performTraversals:4442 
10-12 20:23:30.560  1726  1726 I SurfaceView@2056a84: 33909380 Cur surface: Surface(name=null)/@0xcd1b1db
10-12 20:23:30.560  1726  1726 I SurfaceView@2056a84: pST: sr = Rect(0, 218 - 1080, 743) sw = 1080 sh = 525
10-12 20:23:30.560  1726  1726 D SurfaceView@2056a84: performSurfaceTransaction RenderWorker position = [0, 218, 1080, 743] surfaceSize = 1080x525
10-12 20:23:30.560  1726  1726 I SurfaceView@2056a84: applyTransactionOnVriDraw: vri = ViewRootImpl@562a9cf[MainActivity] fRS = false t = 0x7b167fda00 android.view.SurfaceView.performSurfaceTransaction:959 android.view.SurfaceView.updateSurface:1105 android.view.SurfaceView.lambda$new$0$android-view-SurfaceView:200 
10-12 20:23:30.560  1726  1726 I ViewRootImpl@562a9cf[MainActivity]: applyTransactionOnDraw: mRemoved = false isHardwareEnabled = true t = 0x7b167fda00android.view.SurfaceView.applyTransactionOnVriDraw:2048 android.view.SurfaceView.performSurfaceTransaction:959 android.view.SurfaceView.updateSurface:1105 android.view.SurfaceView.lambda$new$0$android-view-SurfaceView:200 android.view.SurfaceView$$ExternalSyntheticLambda5.onPreDraw:2 
10-12 20:23:30.560  1726  1726 I SurfaceView@2056a84: updateSurface: mVisible = true mSurface.isValid() = true
10-12 20:23:30.560  1726  1726 I SurfaceView@2056a84: updateSurface: mSurfaceCreated = false surfaceChanged = true visibleChanged = true
10-12 20:23:30.560  1726  1726 I SurfaceView@2056a84: visibleChanged -- surfaceCreated
10-12 20:23:30.560  1726  1726 I SurfaceView@2056a84: surfaceCreated 0 #8 android.view.SurfaceView{2056a84 V.E..V... ......ID 0,0-1080,525}
10-12 20:23:30.560  1726  1726 I SurfaceView@2056a84: surfaceChanged -- format=4 w=1080 h=525
10-12 20:23:30.560  1726  1726 I SurfaceView@2056a84: surfaceChanged (1080,525) 0 #8 android.view.SurfaceView{2056a84 V.E..V... ......ID 0,0-1080,525}
10-12 20:23:30.560  1726  1726 I SurfaceView@2056a84: surfaceRedrawNeeded
10-12 20:23:30.561  1726  1726 V SurfaceView@2056a84: Layout: x=0 y=218 w=1080 h=525, frame=Rect(0, 0 - 1080, 525)
10-12 20:23:30.569  1726  1816 D SurfaceView@2056a84: updateSurfacePosition RenderWorker, frameNr = 164, position = [0, 218, 1080, 743] surfaceSize = 1080x525
10-12 20:23:30.569  1726  1816 I SurfaceView@2056a84: uSP: rtp = Rect(0, 218 - 1080, 743) rtsw = 1080 rtsh = 525
10-12 20:23:30.569  1726  1816 I SurfaceView@2056a84: onSSPAndSRT: pl = 0 pt = 218 sx = 1.0 sy = 1.0
10-12 20:23:30.570  1726  1816 I SurfaceView@2056a84: aOrMT: ViewRootImpl@562a9cf[MainActivity] t = android.view.SurfaceControl$Transaction@caf90b7 fN = 164 android.view.SurfaceView.-$$Nest$mapplyOrMergeTransaction:0 android.view.SurfaceView$SurfaceViewPositionUpdateListener.positionChanged:1537 android.graphics.RenderNode$CompositePositionUpdateListener.positionChanged:373 
10-12 20:23:30.570  1726  1816 I ViewRootImpl@562a9cf[MainActivity]: mWNT: t=0x7b167fdc00 mBlastBufferQueue=0x7b5ad89400 fn= 164 caller= android.view.SurfaceView.applyOrMergeTransaction:1455 android.view.SurfaceView.-$$Nest$mapplyOrMergeTransaction:0 android.view.SurfaceView$SurfaceViewPositionUpdateListener.positionChanged:1537 
10-12 20:23:30.570  1726  1816 I ViewRootImpl@562a9cf[MainActivity]: mWNT: t=0x7b167fda00 mBlastBufferQueue=0x7b5ad89400 fn= 164 caller= android.view.ViewRootImpl.lambda$applyTransactionOnDraw$11$android-view-ViewRootImpl:12865 android.view.ViewRootImpl$$ExternalSyntheticLambda1.onFrameDraw:4 android.graphics.HardwareRenderer$FrameDrawingCallback.onFrameDraw:924 
10-12 20:23:30.571  1726  1726 I SurfaceView@2056a84: finishedDrawing
10-12 20:23:31.143  1726  1726 I ViewRootImpl@562a9cf[MainActivity]: ViewPostIme pointer 0
10-12 20:23:31.673  1726  1726 I Dialog  : mIsDeviceDefault = false, mIsSamsungBasicInteraction = false, isMetaDataInActivity = false
10-12 20:23:31.712  1726  1726 I DecorView: [INFO] isPopOver=false config=false
10-12 20:23:31.712  1726  1726 I DecorView: updateCaptionType: isFloating=false isApplication=true hasWindowDecorCaption=false this=DecorView@442bed8[]
10-12 20:23:31.713  1726  1726 D DecorView: setCaptionType = 0, this = DecorView@442bed8[]
10-12 20:23:31.716  1726  1726 I DecorView: getCurrentDensityDpi: from app context. densityDpi=420 msg=resources_loaded
10-12 20:23:31.716  1726  1726 I DecorView: setWindowBackground: isPopOver=false color=0 d=android.graphics.drawable.ColorDrawable@eba4d16
10-12 20:23:31.727  1726  1751 D NativeCustomFrequencyManager: [NativeCFMS] BpCustomFrequencyManager::BpCustomFrequencyManager()
10-12 20:23:31.728  1726  1726 I DecorView: notifyKeepScreenOnChanged: keepScreenOn=false
10-12 20:23:31.745  1726  1726 D InsetsController: onStateChanged: InsetsState: {mDisplayFrame=Rect(0, 0 - 1080, 2400), mDisplayCutout=DisplayCutout{insets=Rect(0, 88 - 0, 0) waterfall=Insets{left=0, top=0, right=0, bottom=0} boundingRect={Bounds=[Rect(0, 0 - 0, 0), Rect(512, 0 - 568, 88), Rect(0, 0 - 0, 0), Rect(0, 0 - 0, 0)]} cutoutPathParserInfo={CutoutPathParserInfo{displayWidth=1080 displayHeight=2400 physicalDisplayWidth=1080 physicalDisplayHeight=2400 density={2.625} cutoutSpec={M 0,0 M 0,12.25101276465640 a 10.60613009248640,10.60613009248640 0 1,0 0,21.21226018497290 a 10.60613009248640,10.60613009248640 0 1,0 0,-21.21226018497290 Z @dp} rotation={0} scale={1.0} physicalPixelDisplaySizeRatio={1.0}}}}, mRoundedCorners=RoundedCorners{[RoundedCorner{position=TopLeft, radius=84, center=Point(84, 84)}, RoundedCorner{position=TopRight, radius=84, center=Point(996, 84)}, RoundedCorner{position=BottomRight, radius=84, center=Point(996, 2316)}, RoundedCorner{position=BottomLeft, radius=84, center=Point(84, 2316)}]}  mRoundedCornerFrame=Rect(0, 0 - 1080, 2400), mPrivacyIndicatorBounds=PrivacyIndicatorBounds {static bounds=Rect(964, 0 - 1080, 87) rotation=0}, mSources= { InsetsSource: {mType=ITYPE_STATUS_BAR, mFrame=[0,0][1080,88], mVisible=true, mInsetsRoundedCornerFrame=false}, InsetsSource: {mType=ITYPE_NAVIGATION_BAR, mFrame=[0,2361][1080,2400], mVisible=true, mInsetsRoundedCornerFrame=false}, InsetsSource: {mType=ITYPE_LEFT_GESTURES, mFrame=[0,0][130,2400], mVisible=true, mInsetsRoundedCornerFrame=false}, InsetsSource: {mType=ITYPE_RIGHT_GESTURES, mFrame=[950,0][1080,2400], mVisible=true, mInsetsRoundedCornerFrame=false}, InsetsSource: {mType=ITYPE_TOP_MANDATORY_GESTURES, mFrame=[0,0][1080,120], mVisible=true, mInsetsRoundedCornerFrame=false}, InsetsSource: {mType=ITYPE_BOTTOM_MANDATORY_GESTURES, mFrame=[0,2316][1080,2400], mVisible=true, mInsetsRoundedCornerFrame=false}, InsetsSource: {mType=ITYPE_LEFT_DISPLAY_CUTOUT, mFrame=[0,0][-100000,2400], mVisible=true, mInsetsRoundedCornerFrame=false}, InsetsSource: {mType=ITYPE_TOP_DISPLAY_CUTOUT, mFrame=[0,0][1080,88], mVisible=true, mInsetsRoundedCornerFrame=false}, InsetsSource: {mType=ITYPE_RIGHT_DISPLAY_CUTOUT, mFrame=[100000,0][1080,2400], mVisible=true, mInsetsRoundedCornerFrame=false}, InsetsSource: {mType=ITYPE_BOTTOM_DISPLAY_CUTOUT, mFrame=[0,100000][1080,2400], mVisible=true, mInsetsRoundedCornerFrame=false}, InsetsSource: {mType=ITYPE_TOP_TAPPABLE_ELEMENT, mFrame=[0,0][1080,88], mVisible=true, mInsetsRoundedCornerFrame=false}, InsetsSource: {mType=ITYPE_BOTTOM_TAPPABLE_ELEMENT, mFrame=[0,0][0,0], mVisible=true, mInsetsRoundedCornerFrame=false}, InsetsSource: {mType=ITYPE_IME, mFrame=[0,0][0,0], mVisibleFrame=[0,1409][1080,2400], mVisible=false, mInsetsRoundedCornerFrame=false} } host=com.lagradost.cloudstream3/com.lagradost.cloudstream3.MainActivity from=android.view.ViewRootImpl.setView:1732
10-12 20:23:31.746  1726  1726 I ViewRootImpl@ad0e18f[MainActivity]: setView = com.android.internal.policy.DecorView@442bed8 TM=true
10-12 20:23:31.761  1726  1726 I ViewRootImpl@ad0e18f[MainActivity]: performTraversals params={(0,0)(fillxfill) gr=CENTER sim={adjust=resize forwardNavigation} ty=APPLICATION fmt=TRANSPARENT wanim=0x7f14000b
10-12 20:23:31.761  1726  1726 I ViewRootImpl@ad0e18f[MainActivity]:   fl=85810100
10-12 20:23:31.761  1726  1726 I ViewRootImpl@ad0e18f[MainActivity]:   pfl=12020040
10-12 20:23:31.761  1726  1726 I ViewRootImpl@ad0e18f[MainActivity]:   vsysui=500
10-12 20:23:31.761  1726  1726 I ViewRootImpl@ad0e18f[MainActivity]:   bhv=DEFAULT
10-12 20:23:31.761  1726  1726 I ViewRootImpl@ad0e18f[MainActivity]:   fitSides= naviIconColor=0}
10-12 20:23:31.762  1726  1726 I ViewRootImpl@ad0e18f[MainActivity]: performTraversals mFirst=true windowShouldResize=true viewVisibilityChanged=false mForceNextWindowRelayout=false params={(0,0)(fillxfill) gr=CENTER sim={adjust=resize forwardNavigation} ty=APPLICATION fmt=TRANSPARENT wanim=0x7f14000b
10-12 20:23:31.762  1726  1726 I ViewRootImpl@ad0e18f[MainActivity]:   fl=85810100
10-12 20:23:31.762  1726  1726 I ViewRootImpl@ad0e18f[MainActivity]:   pfl=12020040
10-12 20:23:31.762  1726  1726 I ViewRootImpl@ad0e18f[MainActivity]:   vsysui=500
10-12 20:23:31.762  1726  1726 I ViewRootImpl@ad0e18f[MainActivity]:   bhv=DEFAULT
10-12 20:23:31.762  1726  1726 I ViewRootImpl@ad0e18f[MainActivity]:   fitSides= naviIconColor=0}
10-12 20:23:31.778  1726  1726 I ViewRootImpl@ad0e18f[MainActivity]: updateBlastSurfaceIfNeeded mBlastBufferQueue=null isSameSurfaceControl=false
10-12 20:23:31.779  1726  1726 I BLASTBufferQueue: new BLASTBufferQueue, mName= ViewRootImpl@ad0e18f[MainActivity] mNativeObject= 0x7bdab1dd00 sc.mNativeObject= 0x7b16f1e9e0 caller= android.view.ViewRootImpl.updateBlastSurfaceIfNeeded:2909 android.view.ViewRootImpl.relayoutWindow:9847 android.view.ViewRootImpl.performTraversals:3884 android.view.ViewRootImpl.doTraversal:3116 android.view.ViewRootImpl$TraversalRunnable.run:10885 android.view.Choreographer$CallbackRecord.run:1301 android.view.Choreographer$CallbackRecord.run:1309 android.view.Choreographer.doCallbacks:923 android.view.Choreographer.doFrame:852 android.view.Choreographer$FrameDisplayEventReceiver.run:1283 
10-12 20:23:31.779  1726  1726 I BLASTBufferQueue: update, w= 1080 h= 2400 mName = ViewRootImpl@ad0e18f[MainActivity] mNativeObject= 0x7bdab1dd00 sc.mNativeObject= 0x7b16f1e9e0 format= -2 caller= android.graphics.BLASTBufferQueue.<init>:84 android.view.ViewRootImpl.updateBlastSurfaceIfNeeded:2909 android.view.ViewRootImpl.relayoutWindow:9847 android.view.ViewRootImpl.performTraversals:3884 android.view.ViewRootImpl.doTraversal:3116 android.view.ViewRootImpl$TraversalRunnable.run:10885 
10-12 20:23:31.779  1726  1726 I ViewRootImpl@ad0e18f[MainActivity]: Relayout returned: old=(0,0,1080,2400) new=(0,0,1080,2400) req=(1080,2400)0 dur=16 res=0x3 s={true 0x7b3ee5c000} ch=true seqId=0
10-12 20:23:31.780  1726  1726 I ViewRootImpl@ad0e18f[MainActivity]: mThreadedRenderer.initialize() mSurface={isValid=true 0x7b3ee5c000} hwInitialized=true
10-12 20:23:31.781  1726  1751 D OpenGLRenderer: eglCreateWindowSurface
10-12 20:23:31.805  1726  1726 D AbsListView:  in onLayout changed 
10-12 20:23:31.806  1726  1726 I ViewRootImpl@ad0e18f[MainActivity]: reportNextDraw android.view.ViewRootImpl.performTraversals:4438 android.view.ViewRootImpl.doTraversal:3116 android.view.ViewRootImpl$TraversalRunnable.run:10885 android.view.Choreographer$CallbackRecord.run:1301 android.view.Choreographer$CallbackRecord.run:1309 
10-12 20:23:31.806  1726  1726 I ViewRootImpl@ad0e18f[MainActivity]: Setup new sync id=0
10-12 20:23:31.806  1726  1726 I ViewRootImpl@ad0e18f[MainActivity]: Setting syncFrameCallback
10-12 20:23:31.807  1726  1726 I ViewRootImpl@ad0e18f[MainActivity]: registerCallbacksForSync syncBuffer=false
10-12 20:23:31.810  1726  1817 I ViewRootImpl@ad0e18f[MainActivity]: Received frameDrawingCallback syncResult=0 frameNum=1.
10-12 20:23:31.810  1726  1817 I ViewRootImpl@ad0e18f[MainActivity]: Setting up sync and frameCommitCallback
10-12 20:23:31.816  1726  1751 I BLASTBufferQueue: [ViewRootImpl@ad0e18f[MainActivity]#11](f:0,a:0) onFrameAvailable the first frame is available
10-12 20:23:31.818  1726  1751 I ViewRootImpl@ad0e18f[MainActivity]: Received frameCommittedCallback lastAttemptedDrawFrameNum=1 didProduceBuffer=true
10-12 20:23:31.820  1726  1751 D OpenGLRenderer: CFMS:: SetUp Pid : 1726    Tid : 1751
10-12 20:23:31.825  1726  1726 I ViewRootImpl@ad0e18f[MainActivity]: onSyncComplete
10-12 20:23:31.826  1726  1726 I ViewRootImpl@ad0e18f[MainActivity]: setupSync seqId=0 mSyncId=0 fn=1 caller=android.view.ViewRootImpl$$ExternalSyntheticLambda11.accept:6 android.window.SurfaceSyncer.lambda$setupSync$1$android-window-SurfaceSyncer:128 android.window.SurfaceSyncer$$ExternalSyntheticLambda1.accept:8 android.window.SurfaceSyncer$SyncSet.checkIfSyncIsComplete:382 android.window.SurfaceSyncer$SyncSet.markSyncReady:359 android.window.SurfaceSyncer.markSyncReady:151 android.view.ViewRootImpl.performTraversals:4503 
10-12 20:23:31.826  1726  1726 I ViewRootImpl@562a9cf[MainActivity]: ViewPostIme pointer 1
10-12 20:23:31.827  1726  1726 I ViewRootImpl@ad0e18f[MainActivity]: reportDrawFinished seqId=0 mSyncId=-1 fn=1 mSurfaceChangedTransaction=0x7b16403800
10-12 20:23:31.830  1726  1726 I ViewRootImpl@562a9cf[MainActivity]: MSG_WINDOW_FOCUS_CHANGED 0 0
10-12 20:23:31.885  1726  1726 I ViewRootImpl@ad0e18f[MainActivity]: MSG_WINDOW_FOCUS_CHANGED 1 0
10-12 20:23:31.886  1726  1726 I ViewRootImpl@ad0e18f[MainActivity]: mThreadedRenderer.initializeIfNeeded()#2 mSurface={isValid=true 0x7b3ee5c000}
10-12 20:23:31.887  1726  1726 D InputMethodManager: startInputInner - Id : 0
10-12 20:23:31.887  1726  1726 I InputMethodManager: startInputInner - mService.startInputOrWindowGainedFocus
10-12 20:23:32.551  1726  1726 I ViewRootImpl@ad0e18f[MainActivity]: ViewPostIme pointer 0
10-12 20:23:32.575  1726  1726 I ViewRootImpl@ad0e18f[MainActivity]: ViewPostIme pointer 1
10-12 20:23:32.577  1726  1726 D AbsListView: onTouchUp() mTouchMode : 0
10-12 20:23:32.653  1726  1726 I MSHandlerLifeCycle: removeMultiSplitHandler: no exist. decor=DecorView@442bed8[MainActivity]
10-12 20:23:32.657  1726  1751 D OpenGLRenderer: setSurface called with nullptr
10-12 20:23:32.657  1726  1751 D OpenGLRenderer: setSurface() destroyed EGLSurface
10-12 20:23:32.657  1726  1751 D OpenGLRenderer: destroyEglSurface
10-12 20:23:32.659  1726  1751 D OpenGLRenderer: endAllActiveAnimators on 0x7b3ee62900 (MaterialTextView) with handle 0x7b4ef87ba0
10-12 20:23:32.659  1726  1726 I ViewRootImpl@ad0e18f[MainActivity]: dispatchDetachedFromWindow
10-12 20:23:32.682  1726  1726 D InputTransport: Input channel destroyed: '8ec97ad', fd=152
10-12 20:23:32.684  1726  1726 I Dialog  : mIsDeviceDefault = false, mIsSamsungBasicInteraction = false, isMetaDataInActivity = false
10-12 20:23:32.746  1726  1726 I DecorView: [INFO] isPopOver=false config=false
10-12 20:23:32.746  1726  1726 I DecorView: updateCaptionType: isFloating=false isApplication=true hasWindowDecorCaption=false this=DecorView@18c28e1[]
10-12 20:23:32.746  1726  1726 D DecorView: setCaptionType = 0, this = DecorView@18c28e1[]
10-12 20:23:32.748  1726  1726 I DecorView: getCurrentDensityDpi: from app context. densityDpi=420 msg=resources_loaded
10-12 20:23:32.748  1726  1726 I DecorView: setWindowBackground: isPopOver=false color=0 d=android.graphics.drawable.ColorDrawable@75234c7
10-12 20:23:32.754  1726  1751 D NativeCustomFrequencyManager: [NativeCFMS] BpCustomFrequencyManager::BpCustomFrequencyManager()
10-12 20:23:32.755  1726  1726 I DecorView: notifyKeepScreenOnChanged: keepScreenOn=false
10-12 20:23:32.768  1726  1726 D InsetsController: onStateChanged: InsetsState: {mDisplayFrame=Rect(0, 0 - 1080, 2400), mDisplayCutout=DisplayCutout{insets=Rect(0, 88 - 0, 0) waterfall=Insets{left=0, top=0, right=0, bottom=0} boundingRect={Bounds=[Rect(0, 0 - 0, 0), Rect(512, 0 - 568, 88), Rect(0, 0 - 0, 0), Rect(0, 0 - 0, 0)]} cutoutPathParserInfo={CutoutPathParserInfo{displayWidth=1080 displayHeight=2400 physicalDisplayWidth=1080 physicalDisplayHeight=2400 density={2.625} cutoutSpec={M 0,0 M 0,12.25101276465640 a 10.60613009248640,10.60613009248640 0 1,0 0,21.21226018497290 a 10.60613009248640,10.60613009248640 0 1,0 0,-21.21226018497290 Z @dp} rotation={0} scale={1.0} physicalPixelDisplaySizeRatio={1.0}}}}, mRoundedCorners=RoundedCorners{[RoundedCorner{position=TopLeft, radius=84, center=Point(84, 84)}, RoundedCorner{position=TopRight, radius=84, center=Point(996, 84)}, RoundedCorner{position=BottomRight, radius=84, center=Point(996, 2316)}, RoundedCorner{position=BottomLeft, radius=84, center=Point(84, 2316)}]}  mRoundedCornerFrame=Rect(0, 0 - 1080, 2400), mPrivacyIndicatorBounds=PrivacyIndicatorBounds {static bounds=Rect(964, 0 - 1080, 87) rotation=0}, mSources= { InsetsSource: {mType=ITYPE_STATUS_BAR, mFrame=[0,0][1080,88], mVisible=true, mInsetsRoundedCornerFrame=false}, InsetsSource: {mType=ITYPE_NAVIGATION_BAR, mFrame=[0,2361][1080,2400], mVisible=true, mInsetsRoundedCornerFrame=false}, InsetsSource: {mType=ITYPE_LEFT_GESTURES, mFrame=[0,0][130,2400], mVisible=true, mInsetsRoundedCornerFrame=false}, InsetsSource: {mType=ITYPE_RIGHT_GESTURES, mFrame=[950,0][1080,2400], mVisible=true, mInsetsRoundedCornerFrame=false}, InsetsSource: {mType=ITYPE_TOP_MANDATORY_GESTURES, mFrame=[0,0][1080,120], mVisible=true, mInsetsRoundedCornerFrame=false}, InsetsSource: {mType=ITYPE_BOTTOM_MANDATORY_GESTURES, mFrame=[0,2316][1080,2400], mVisible=true, mInsetsRoundedCornerFrame=false}, InsetsSource: {mType=ITYPE_LEFT_DISPLAY_CUTOUT, mFrame=[0,0][-100000,2400], mVisible=true, mInsetsRoundedCornerFrame=false}, InsetsSource: {mType=ITYPE_TOP_DISPLAY_CUTOUT, mFrame=[0,0][1080,88], mVisible=true, mInsetsRoundedCornerFrame=false}, InsetsSource: {mType=ITYPE_RIGHT_DISPLAY_CUTOUT, mFrame=[100000,0][1080,2400], mVisible=true, mInsetsRoundedCornerFrame=false}, InsetsSource: {mType=ITYPE_BOTTOM_DISPLAY_CUTOUT, mFrame=[0,100000][1080,2400], mVisible=true, mInsetsRoundedCornerFrame=false}, InsetsSource: {mType=ITYPE_TOP_TAPPABLE_ELEMENT, mFrame=[0,0][1080,88], mVisible=true, mInsetsRoundedCornerFrame=false}, InsetsSource: {mType=ITYPE_BOTTOM_TAPPABLE_ELEMENT, mFrame=[0,0][0,0], mVisible=true, mInsetsRoundedCornerFrame=false}, InsetsSource: {mType=ITYPE_IME, mFrame=[0,0][0,0], mVisibleFrame=[0,1409][1080,2400], mVisible=false, mInsetsRoundedCornerFrame=false} } host=com.lagradost.cloudstream3/com.lagradost.cloudstream3.MainActivity from=android.view.ViewRootImpl.setView:1732
10-12 20:23:32.770  1726  1726 I ViewRootImpl@2f5048c[MainActivity]: setView = com.android.internal.policy.DecorView@18c28e1 TM=true
10-12 20:23:32.771  1726  1726 D InsetsController: onStateChanged: InsetsState: {mDisplayFrame=Rect(0, 0 - 1080, 2400), mDisplayCutout=DisplayCutout{insets=Rect(0, 88 - 0, 0) waterfall=Insets{left=0, top=0, right=0, bottom=0} boundingRect={Bounds=[Rect(0, 0 - 0, 0), Rect(512, 0 - 568, 88), Rect(0, 0 - 0, 0), Rect(0, 0 - 0, 0)]} cutoutPathParserInfo={CutoutPathParserInfo{displayWidth=1080 displayHeight=2400 physicalDisplayWidth=1080 physicalDisplayHeight=2400 density={2.625} cutoutSpec={M 0,0 M 0,12.25101276465640 a 10.60613009248640,10.60613009248640 0 1,0 0,21.21226018497290 a 10.60613009248640,10.60613009248640 0 1,0 0,-21.21226018497290 Z @dp} rotation={0} scale={1.0} physicalPixelDisplaySizeRatio={1.0}}}}, mRoundedCorners=RoundedCorners{[RoundedCorner{position=TopLeft, radius=84, center=Point(84, 84)}, RoundedCorner{position=TopRight, radius=84, center=Point(996, 84)}, RoundedCorner{position=BottomRight, radius=84, center=Point(996, 2316)}, RoundedCorner{position=BottomLeft, radius=84, center=Point(84, 2316)}]}  mRoundedCornerFrame=Rect(0, 0 - 1080, 2400), mPrivacyIndicatorBounds=PrivacyIndicatorBounds {static bounds=Rect(964, 0 - 1080, 87) rotation=0}, mSources= { InsetsSource: {mType=ITYPE_STATUS_BAR, mFrame=[0,0][1080,88], mVisible=true, mInsetsRoundedCornerFrame=false}, InsetsSource: {mType=ITYPE_NAVIGATION_BAR, mFrame=[0,2361][1080,2400], mVisible=true, mInsetsRoundedCornerFrame=false}, InsetsSource: {mType=ITYPE_LEFT_GESTURES, mFrame=[0,0][130,2400], mVisible=true, mInsetsRoundedCornerFrame=false}, InsetsSource: {mType=ITYPE_RIGHT_GESTURES, mFrame=[950,0][1080,2400], mVisible=true, mInsetsRoundedCornerFrame=false}, InsetsSource: {mType=ITYPE_TOP_MANDATORY_GESTURES, mFrame=[0,0][1080,120], mVisible=true, mInsetsRoundedCornerFrame=false}, InsetsSource: {mType=ITYPE_BOTTOM_MANDATORY_GESTURES, mFrame=[0,2316][1080,2400], mVisible=true, mInsetsRoundedCornerFrame=false}, InsetsSource: {mType=ITYPE_LEFT_DISPLAY_CUTOUT, mFrame=[0,0][-100000,2400], mVisible=true, mInsetsRoundedCornerFrame=false}, InsetsSource: {mType=ITYPE_TOP_DISPLAY_CUTOUT, mFrame=[0,0][1080,88], mVisible=true, mInsetsRoundedCornerFrame=false}, InsetsSource: {mType=ITYPE_RIGHT_DISPLAY_CUTOUT, mFrame=[100000,0][1080,2400], mVisible=true, mInsetsRoundedCornerFrame=false}, InsetsSource: {mType=ITYPE_BOTTOM_DISPLAY_CUTOUT, mFrame=[0,100000][1080,2400], mVisible=true, mInsetsRoundedCornerFrame=false}, InsetsSource: {mType=ITYPE_TOP_TAPPABLE_ELEMENT, mFrame=[0,0][1080,88], mVisible=true, mInsetsRoundedCornerFrame=false}, InsetsSource: {mType=ITYPE_BOTTOM_TAPPABLE_ELEMENT, mFrame=[0,0][0,0], mVisible=true, mInsetsRoundedCornerFrame=false} } host=com.lagradost.cloudstream3/com.lagradost.cloudstream3.MainActivity from=android.view.ViewRootImpl$ViewRootHandler.handleMessageImpl:6740
10-12 20:23:32.780  1726  1726 I ViewRootImpl@2f5048c[MainActivity]: performTraversals params={(0,0)(fillxfill) gr=CENTER sim={adjust=resize forwardNavigation} ty=APPLICATION fmt=TRANSPARENT wanim=0x7f14000b
10-12 20:23:32.780  1726  1726 I ViewRootImpl@2f5048c[MainActivity]:   fl=85810100
10-12 20:23:32.780  1726  1726 I ViewRootImpl@2f5048c[MainActivity]:   pfl=12020040
10-12 20:23:32.780  1726  1726 I ViewRootImpl@2f5048c[MainActivity]:   vsysui=500
10-12 20:23:32.780  1726  1726 I ViewRootImpl@2f5048c[MainActivity]:   bhv=DEFAULT
10-12 20:23:32.780  1726  1726 I ViewRootImpl@2f5048c[MainActivity]:   fitSides= naviIconColor=0}
10-12 20:23:32.781  1726  1726 I ViewRootImpl@2f5048c[MainActivity]: performTraversals mFirst=true windowShouldResize=true viewVisibilityChanged=false mForceNextWindowRelayout=false params={(0,0)(fillxfill) gr=CENTER sim={adjust=resize forwardNavigation} ty=APPLICATION fmt=TRANSPARENT wanim=0x7f14000b
10-12 20:23:32.781  1726  1726 I ViewRootImpl@2f5048c[MainActivity]:   fl=85810100
10-12 20:23:32.781  1726  1726 I ViewRootImpl@2f5048c[MainActivity]:   pfl=12020040
10-12 20:23:32.781  1726  1726 I ViewRootImpl@2f5048c[MainActivity]:   vsysui=500
10-12 20:23:32.781  1726  1726 I ViewRootImpl@2f5048c[MainActivity]:   bhv=DEFAULT
10-12 20:23:32.781  1726  1726 I ViewRootImpl@2f5048c[MainActivity]:   fitSides= naviIconColor=0}
10-12 20:23:32.797  1726  1726 I ViewRootImpl@2f5048c[MainActivity]: updateBlastSurfaceIfNeeded mBlastBufferQueue=null isSameSurfaceControl=false
10-12 20:23:32.798  1726  1726 I BLASTBufferQueue: new BLASTBufferQueue, mName= ViewRootImpl@2f5048c[MainActivity] mNativeObject= 0x7b5ad36d00 sc.mNativeObject= 0x7be17a0ce0 caller= android.view.ViewRootImpl.updateBlastSurfaceIfNeeded:2909 android.view.ViewRootImpl.relayoutWindow:9847 android.view.ViewRootImpl.performTraversals:3884 android.view.ViewRootImpl.doTraversal:3116 android.view.ViewRootImpl$TraversalRunnable.run:10885 android.view.Choreographer$CallbackRecord.run:1301 android.view.Choreographer$CallbackRecord.run:1309 android.view.Choreographer.doCallbacks:923 android.view.Choreographer.doFrame:852 android.view.Choreographer$FrameDisplayEventReceiver.run:1283 
10-12 20:23:32.798  1726  1726 I BLASTBufferQueue: update, w= 1080 h= 2400 mName = ViewRootImpl@2f5048c[MainActivity] mNativeObject= 0x7b5ad36d00 sc.mNativeObject= 0x7be17a0ce0 format= -2 caller= android.graphics.BLASTBufferQueue.<init>:84 android.view.ViewRootImpl.updateBlastSurfaceIfNeeded:2909 android.view.ViewRootImpl.relayoutWindow:9847 android.view.ViewRootImpl.performTraversals:3884 android.view.ViewRootImpl.doTraversal:3116 android.view.ViewRootImpl$TraversalRunnable.run:10885 
10-12 20:23:32.798  1726  1726 I ViewRootImpl@2f5048c[MainActivity]: Relayout returned: old=(0,0,1080,2400) new=(0,0,1080,2400) req=(1080,2400)0 dur=16 res=0x3 s={true 0x7b3eef5000} ch=true seqId=0
10-12 20:23:32.799  1726  1726 I ViewRootImpl@2f5048c[MainActivity]: mThreadedRenderer.initialize() mSurface={isValid=true 0x7b3eef5000} hwInitialized=true
10-12 20:23:32.800  1726  1751 D OpenGLRenderer: eglCreateWindowSurface
10-12 20:23:32.804  1726  1726 I ViewRootImpl@2f5048c[MainActivity]: reportNextDraw android.view.ViewRootImpl.performTraversals:4438 android.view.ViewRootImpl.doTraversal:3116 android.view.ViewRootImpl$TraversalRunnable.run:10885 android.view.Choreographer$CallbackRecord.run:1301 android.view.Choreographer$CallbackRecord.run:1309 
10-12 20:23:32.804  1726  1726 I ViewRootImpl@2f5048c[MainActivity]: Setup new sync id=0
10-12 20:23:32.804  1726  1726 I ViewRootImpl@2f5048c[MainActivity]: Setting syncFrameCallback
10-12 20:23:32.804  1726  1726 I ViewRootImpl@2f5048c[MainActivity]: registerCallbacksForSync syncBuffer=false
10-12 20:23:32.807  1726  1816 I ViewRootImpl@2f5048c[MainActivity]: Received frameDrawingCallback syncResult=0 frameNum=1.
10-12 20:23:32.807  1726  1816 I ViewRootImpl@2f5048c[MainActivity]: Setting up sync and frameCommitCallback
10-12 20:23:32.815  1726  1751 I BLASTBufferQueue: [ViewRootImpl@2f5048c[MainActivity]#12](f:0,a:0) onFrameAvailable the first frame is available
10-12 20:23:32.816  1726  1751 I ViewRootImpl@2f5048c[MainActivity]: Received frameCommittedCallback lastAttemptedDrawFrameNum=1 didProduceBuffer=true
10-12 20:23:32.818  1726  1751 D OpenGLRenderer: CFMS:: SetUp Pid : 1726    Tid : 1751
10-12 20:23:32.823  1726  1726 I ViewRootImpl@2f5048c[MainActivity]: onSyncComplete
10-12 20:23:32.824  1726  1726 I ViewRootImpl@2f5048c[MainActivity]: setupSync seqId=0 mSyncId=0 fn=1 caller=android.view.ViewRootImpl$$ExternalSyntheticLambda11.accept:6 android.window.SurfaceSyncer.lambda$setupSync$1$android-window-SurfaceSyncer:128 android.window.SurfaceSyncer$$ExternalSyntheticLambda1.accept:8 android.window.SurfaceSyncer$SyncSet.checkIfSyncIsComplete:382 android.window.SurfaceSyncer$SyncSet.markSyncReady:359 android.window.SurfaceSyncer.markSyncReady:151 android.view.ViewRootImpl.performTraversals:4503 
10-12 20:23:32.825  1726  1726 I ViewRootImpl@2f5048c[MainActivity]: reportDrawFinished seqId=0 mSyncId=-1 fn=1 mSurfaceChangedTransaction=0x7b170ef400
10-12 20:23:32.826  1726  1726 I ViewRootImpl@562a9cf[MainActivity]: MSG_WINDOW_FOCUS_CHANGED 0 0
10-12 20:23:32.848  1726  1726 I ViewRootImpl@562a9cf[MainActivity]: MSG_WINDOW_FOCUS_CHANGED 0 0
10-12 20:23:32.886  1726  1726 I ViewRootImpl@2f5048c[MainActivity]: MSG_WINDOW_FOCUS_CHANGED 1 0
10-12 20:23:32.887  1726  1726 I ViewRootImpl@2f5048c[MainActivity]: mThreadedRenderer.initializeIfNeeded()#2 mSurface={isValid=true 0x7b3eef5000}
10-12 20:23:32.887  1726  1726 D InputMethodManager: startInputInner - Id : 0
10-12 20:23:32.888  1726  1726 I InputMethodManager: startInputInner - mService.startInputOrWindowGainedFocus
10-12 20:23:33.564  1726  1733 I st.cloudstream3: Background concurrent copying GC freed 13MB AllocSpace bytes, 68(3016KB) LOS objects, 47% free, 27MB/51MB, paused 445us,77us total 203.993ms
10-12 20:23:33.605  1726  1751 D OpenGLRenderer: setSurface called with nullptr
10-12 20:23:33.605  1726  1734 D InputTransport: Input channel destroyed: 'ClientS', fd=118
10-12 20:23:33.623  1726  1751 D OpenGLRenderer: setSurface called with nullptr
10-12 20:23:33.624  1726  1734 D InputTransport: Input channel destroyed: 'ClientS', fd=157
10-12 20:23:33.624  1726  1734 D InputTransport: Input channel destroyed: 'ClientS', fd=183
10-12 20:23:33.850  1726  1775 D RepoLink: Loaded ExtractorLink: ExtractorLink(name=Bigwarp 1932 kbps, url=https://fs52.bigwarp.io/v/02/02139/mti4fk6nb3ju_x/x.mp4?t=TMfhey_yOb-k9Jjp-JVL6kiNNqMSVXPuCa-P5Jr7mNs&s=1760297014&e=43200&f=10699244&sp=1000&i=0.0&kmnr=658704105701, referer=https://bigwarp.pro/embed-mti4fk6nb3ju.html, type=VIDEO)
10-12 20:23:33.991  1726  1775 D RepoLink: Loaded ExtractorLink: ExtractorLink(name=DoodStream, url=https://cc527fo.cloudatacdn.com/u5kj7lcbq7b3sdgge66nezapdfkfs7vqffdjz6rwvy2kdwvjkwadxt2nvboa/oss7cce1kr~ENatJx9HqS?token=h6815tszbzudodacsg77c3yq, referer=https://ds2play.com/, type=VIDEO)
10-12 20:23:34.271  1726  1775 D RepoLink: Loaded ExtractorLink: ExtractorLink(name=Vidguard, url=https://zkiaa1g08m.guardstorage.net/hls_3/xVlmd_SoO-a2OkxeKM3MHxmRgq6coSMvpPnuEPFJqh2sIEBxb8ziqBU4Art1BCYbAbvuAQG5qoSKW1_Bpd7GqQ/master.m3u8?sig=cjVVUyMfFZkZUYhqllf3gQ&expires=1760306014, referer=https://listeamed.net, type=M3U8)
10-12 20:23:34.754  1726  1775 D ApiError: -------------------------------------------------------------------
10-12 20:23:34.754  1726  1775 D ApiError: safeApiCall: can't bypass captcha
10-12 20:23:34.754  1726  1775 D ApiError: safeApiCall: can't bypass captcha
10-12 20:23:34.754  1726  1775 W System.err: com.lagradost.cloudstream3.ErrorLoadingException: can't bypass captcha
10-12 20:23:34.755  1726  1775 W System.err: 	at com.lagradost.cloudstream3.extractors.Zorofile.getUrl$suspendImpl(Zorofile.kt:34)
10-12 20:23:34.755  1726  1775 W System.err: 	at com.lagradost.cloudstream3.extractors.Zorofile$getUrl$1.invokeSuspend(Unknown Source:18)
10-12 20:23:34.755  1726  1775 W System.err: 	at kotlin.coroutines.jvm.internal.BaseContinuationImpl.resumeWith(ContinuationImpl.kt:33)
10-12 20:23:34.755  1726  1775 W System.err: 	at kotlinx.coroutines.DispatchedTask.run(DispatchedTask.kt:100)
10-12 20:23:34.755  1726  1775 W System.err: 	at kotlinx.coroutines.EventLoopImplBase.processNextEvent(EventLoop.common.kt:263)
10-12 20:23:34.755  1726  1775 W System.err: 	at kotlinx.coroutines.BlockingCoroutine.joinBlocking(Builders.kt:95)
10-12 20:23:34.755  1726  1775 W System.err: 	at kotlinx.coroutines.BuildersKt__BuildersKt.runBlocking(Builders.kt:69)
10-12 20:23:34.755  1726  1775 W System.err: 	at kotlinx.coroutines.BuildersKt.runBlocking(Unknown Source:1)
10-12 20:23:34.755  1726  1775 W System.err: 	at kotlinx.coroutines.BuildersKt__BuildersKt.runBlocking$default(Builders.kt:47)
10-12 20:23:34.755  1726  1775 W System.err: 	at kotlinx.coroutines.BuildersKt.runBlocking$default(Unknown Source:1)
10-12 20:23:34.755  1726  1775 W System.err: 	at com.lagradost.cloudstream3.ParCollectionsKt.apmap(ParCollections.kt:49)
10-12 20:23:34.755  1726  1775 W System.err: 	at com.egydead.EgyDeadProvider.loadLinks(EgyDeadProvider.kt:145)
10-12 20:23:34.755  1726  1775 W System.err: 	at com.egydead.EgyDeadProvider$loadLinks$1.invokeSuspend(Unknown Source:18)
10-12 20:23:34.755  1726  1775 W System.err: 	at kotlin.coroutines.jvm.internal.BaseContinuationImpl.resumeWith(ContinuationImpl.kt:33)
10-12 20:23:34.756  1726  1775 W System.err: 	at kotlinx.coroutines.DispatchedTask.run(DispatchedTask.kt:100)
10-12 20:23:34.756  1726  1775 W System.err: 	at kotlinx.coroutines.internal.LimitedDispatcher$Worker.run(LimitedDispatcher.kt:113)
10-12 20:23:34.756  1726  1775 W System.err: 	at kotlinx.coroutines.scheduling.TaskImpl.run(Tasks.kt:89)
10-12 20:23:34.756  1726  1775 W System.err: 	at kotlinx.coroutines.scheduling.CoroutineScheduler.runSafely(CoroutineScheduler.kt:586)
10-12 20:23:34.756  1726  1775 W System.err: 	at kotlinx.coroutines.scheduling.CoroutineScheduler$Worker.executeTask(CoroutineScheduler.kt:820)
10-12 20:23:34.756  1726  1775 W System.err: 	at kotlinx.coroutines.scheduling.CoroutineScheduler$Worker.runWorker(CoroutineScheduler.kt:717)
10-12 20:23:34.756  1726  1775 W System.err: 	at kotlinx.coroutines.scheduling.CoroutineScheduler$Worker.run(CoroutineScheduler.kt:704)
10-12 20:23:34.756  1726  1775 D ApiError: -------------------------------------------------------------------
10-12 20:23:34.761  1726  1726 I MSHandlerLifeCycle: removeMultiSplitHandler: no exist. decor=DecorView@18c28e1[MainActivity]
10-12 20:23:34.774  1726  1751 D OpenGLRenderer: setSurface called with nullptr
10-12 20:23:34.774  1726  1751 D OpenGLRenderer: setSurface() destroyed EGLSurface
10-12 20:23:34.774  1726  1751 D OpenGLRenderer: destroyEglSurface
10-12 20:23:34.782  1726  1726 I ViewRootImpl@2f5048c[MainActivity]: dispatchDetachedFromWindow
10-12 20:23:34.809  1726  1726 D InputTransport: Input channel destroyed: 'ce01242', fd=152
10-12 20:23:34.812  1726  1726 I Dialog  : mIsDeviceDefault = false, mIsSamsungBasicInteraction = false, isMetaDataInActivity = false
10-12 20:23:34.849  1726  1726 I DecorView: [INFO] isPopOver=false config=false
10-12 20:23:34.849  1726  1726 I DecorView: updateCaptionType: isFloating=false isApplication=true hasWindowDecorCaption=false this=DecorView@a3eccf1[]
10-12 20:23:34.849  1726  1726 D DecorView: setCaptionType = 0, this = DecorView@a3eccf1[]
10-12 20:23:34.852  1726  1726 I DecorView: getCurrentDensityDpi: from app context. densityDpi=420 msg=resources_loaded
10-12 20:23:34.852  1726  1726 I DecorView: setWindowBackground: isPopOver=false color=0 d=android.graphics.drawable.ColorDrawable@1691f57
10-12 20:23:34.859  1726  1751 D NativeCustomFrequencyManager: [NativeCFMS] BpCustomFrequencyManager::BpCustomFrequencyManager()
10-12 20:23:34.860  1726  1726 I DecorView: notifyKeepScreenOnChanged: keepScreenOn=false
