--------- beginning of main
10-12 20:13:49.226  1726  1726 D InputTransport: Input channel destroyed: '89d6c38', fd=143
10-12 20:13:49.259  1726  1726 I ViewRootImpl@562a9cf[MainActivity]: MSG_WINDOW_FOCUS_CHANGED 1 0
10-12 20:13:49.259  1726  1726 I ViewRootImpl@562a9cf[MainActivity]: mThreadedRenderer.initializeIfNeeded()#2 mSurface={isValid=true 0x7b5ad9b800}
10-12 20:13:49.265  1726  1726 D InputMethodManager: startInputInner - Id : 0
10-12 20:13:49.265  1726  1726 I InputMethodManager: startInputInner - mService.startInputOrWindowGainedFocus
10-12 20:13:49.294  1726  1733 W st.cloudstream3: Cleared Reference was only reachable from finalizer (only reported once)
10-12 20:13:49.353  1726  1733 I st.cloudstream3: Background concurrent copying GC freed 17MB AllocSpace bytes, 75(3336KB) LOS objects, 49% free, 12MB/24MB, paused 948us,73us total 193.069ms
10-12 20:13:49.979  1726  1726 I ViewRootImpl@562a9cf[MainActivity]: ViewPostIme pointer 0
10-12 20:13:50.093  1726  1726 D WindowOnBackDispatcher: onBackInvoked, viewRoot=ViewRootImpl@6f250eb[MainActivity], callback=androidx.activity.OnBackPressedDispatcher$Api33Impl$$ExternalSyntheticLambda0@5dfade
10-12 20:13:50.102  1726  1726 I IMM_LC  : hsifw() - flag : 0
10-12 20:13:50.102  1726  1726 I IMM_LC  : hsifw() - mService.hideSoftInput
10-12 20:13:50.113  1726  1726 D ScrollView: initGoToTop
10-12 20:13:50.154  1726  1726 E CoilImgLoader: Error loading image: coil3.request.NullRequestDataException: The request's data is null.
10-12 20:13:50.170  1726  1726 D ScrollView:  onsize change changed 
10-12 20:13:51.192  1726  1726 I ViewRootImpl@562a9cf[MainActivity]: ViewPostIme pointer 0
10-12 20:13:51.241  1726  1726 I ViewRootImpl@562a9cf[MainActivity]: ViewPostIme pointer 1
10-12 20:13:51.256  1726  1726 I NavComponent: Navigating to fragment: 2131361879
10-12 20:13:51.262  1726  1726 I IMM_LC  : hsifw() - flag : 0
10-12 20:13:51.262  1726  1726 I IMM_LC  : hsifw() - mService.hideSoftInput
10-12 20:13:52.283  1726  1726 I ViewRootImpl@562a9cf[MainActivity]: ViewPostIme pointer 0
10-12 20:13:52.348  1726  1726 I ViewRootImpl@562a9cf[MainActivity]: ViewPostIme pointer 1
10-12 20:13:52.370  1726  1726 I IMM_LC  : hsifw() - flag : 0
10-12 20:13:52.370  1726  1726 I IMM_LC  : hsifw() - mService.hideSoftInput
10-12 20:13:52.501  1726  1726 I PLG     : updatePluginList = https://raw.githubusercontent.com/adamwolker21/DZ/refs/heads/master/repo.json
10-12 20:13:52.501  1726  1726 I PLG     : getPlugins = https://raw.githubusercontent.com/adamwolker21/DZ/refs/heads/master/repo.json
10-12 20:13:52.765  1726  1784 D VotingApi: Requesting: https://counterapi.com/api/cs-raw.githubusercontent.com-adamwolker21-DZ/vote/806f9e9bb0fe6eed948cf51910bda7c7a4f4470876514f9eb99299b4b4e46db4?readOnly=true
10-12 20:13:57.939  1726  1726 I ViewRootImpl@562a9cf[MainActivity]: ViewPostIme pointer 0
10-12 20:13:58.004  1726  1726 I ViewRootImpl@562a9cf[MainActivity]: ViewPostIme pointer 1
10-12 20:13:58.025  1726  1775 I PLG     : handlePluginAction = https://raw.githubusercontent.com/adamwolker21/DZ/refs/heads/master/repo.json, (https://raw.githubusercontent.com/adamwolker21/DZ/refs/heads/master/repo.json, SitePlugin(url=https://raw.githubusercontent.com/adamwolker21/DZ/builds/EgyDead.cs3, status=1, version=1, apiVersion=1, name=EgyDead, internalName=EgyDead, authors=[adamwolker21], description=EgyDead, repositoryUrl=https://github.com/adamwolker21/DZ, tvTypes=[Movie, TvSeries], language=ar, iconUrl=https://raw.githubusercontent.com/adamwolker21/DZ/refs/heads/master/EgyDead/images.jpeg, fileSize=23635)), false
10-12 20:13:58.027  1726  1775 D PluginManager: Downloading plugin: https://raw.githubusercontent.com/adamwolker21/DZ/builds/EgyDead.cs3 to /data/user/0/com.lagradost.cloudstream3/files/Extensions/httpsraw.githubusercontent.comadamwolker21DZrefsheadsmasterrepo.json.-468825824/EgyDead.-124080901.cs3
10-12 20:13:58.300  1726  1775 I PluginManager: Unloading plugin: /data/user/0/com.lagradost.cloudstream3/files/Extensions/httpsraw.githubusercontent.comadamwolker21DZrefsheadsmasterrepo.json.-468825824/EgyDead.-124080901.cs3
10-12 20:13:58.300  1726  1775 W PluginManager: Couldn't find plugin /data/user/0/com.lagradost.cloudstream3/files/Extensions/httpsraw.githubusercontent.comadamwolker21DZrefsheadsmasterrepo.json.-468825824/EgyDead.-124080901.cs3
10-12 20:13:58.300  1726  1775 I PluginManager: Loading plugin: PluginData(internalName=EgyDead, url=https://raw.githubusercontent.com/adamwolker21/DZ/builds/EgyDead.cs3, isOnline=true, filePath=/data/user/0/com.lagradost.cloudstream3/files/Extensions/httpsraw.githubusercontent.comadamwolker21DZrefsheadsmasterrepo.json.-468825824/EgyDead.-124080901.cs3, version=-2147483648)
10-12 20:13:58.359  1726  1775 I PluginInstance: Adding EgyDead (https://tv6.egydead.live) MainAPI
10-12 20:13:58.359  1726  1775 I PluginManager: Loaded plugin EgyDead successfully
10-12 20:13:58.360  1726  1775 I PLG     : getPlugins = https://raw.githubusercontent.com/adamwolker21/DZ/refs/heads/master/repo.json
10-12 20:13:58.360  1726  1726 I COMPACT : showToast = Plugin Loaded
10-12 20:13:58.368  1726  1726 D CompatibilityChangeReporter: Compat change id reported: 147798919; UID 10523; state: ENABLED
10-12 20:13:58.368  1726  1726 E Toast   : setGravity() shouldn't be called on text toasts, the values won't be used
10-12 20:13:58.368  1726  1726 I Toast   : setView: it's a custom toast
10-12 20:13:58.376  1726  1726 V Toast   : show: caller = com.lagradost.cloudstream3.CommonActivity.showToast:175 
10-12 20:13:58.441  1726  1726 V Toast   : HANDLE SHOW: android.widget.Toast$TN@d295b3d mView=null mNextView=androidx.cardview.widget.CardView{2969f32 V.E..V... ......ID 0,0-0,0 #7f0a0557 app:id/toast_layout_root}
10-12 20:13:58.443  1726  1726 V ToastPresenter: sipHeight = -39
10-12 20:13:58.444  1726  1726 V ToastPresenter: yOffset = 13
10-12 20:13:58.452  1726  1751 D NativeCustomFrequencyManager: [NativeCFMS] BpCustomFrequencyManager::BpCustomFrequencyManager()
10-12 20:13:58.461  1726  1726 D InsetsController: onStateChanged: InsetsState: {mDisplayFrame=Rect(0, 0 - 1080, 2400), mDisplayCutout=DisplayCutout{insets=Rect(0, 88 - 0, 0) waterfall=Insets{left=0, top=0, right=0, bottom=0} boundingRect={Bounds=[Rect(0, 0 - 0, 0), Rect(512, 0 - 568, 88), Rect(0, 0 - 0, 0), Rect(0, 0 - 0, 0)]} cutoutPathParserInfo={CutoutPathParserInfo{displayWidth=1080 displayHeight=2400 physicalDisplayWidth=1080 physicalDisplayHeight=2400 density={2.625} cutoutSpec={M 0,0 M 0,12.25101276465640 a 10.60613009248640,10.60613009248640 0 1,0 0,21.21226018497290 a 10.60613009248640,10.60613009248640 0 1,0 0,-21.21226018497290 Z @dp} rotation={0} scale={1.0} physicalPixelDisplaySizeRatio={1.0}}}}, mRoundedCorners=RoundedCorners{[RoundedCorner{position=TopLeft, radius=84, center=Point(84, 84)}, RoundedCorner{position=TopRight, radius=84, center=Point(996, 84)}, RoundedCorner{position=BottomRight, radius=84, center=Point(996, 2316)}, RoundedCorner{position=BottomLeft, radius=84, center=Point(84, 2316)}]}  mRoundedCornerFrame=Rect(0, 0 - 0, 0), mPrivacyIndicatorBounds=PrivacyIndicatorBounds {static bounds=Rect(964, 0 - 1080, 87) rotation=0}, mSources= { InsetsSource: {mType=ITYPE_NAVIGATION_BAR, mFrame=[0,2361][1080,2400], mVisible=true, mInsetsRoundedCornerFrame=false}, InsetsSource: {mType=ITYPE_LEFT_GESTURES, mFrame=[0,0][130,2400], mVisible=true, mInsetsRoundedCornerFrame=false}, InsetsSource: {mType=ITYPE_RIGHT_GESTURES, mFrame=[950,0][1080,2400], mVisible=true, mInsetsRoundedCornerFrame=false}, InsetsSource: {mType=ITYPE_TOP_MANDATORY_GESTURES, mFrame=[0,0][1080,120], mVisible=true, mInsetsRoundedCornerFrame=false}, InsetsSource: {mType=ITYPE_BOTTOM_MANDATORY_GESTURES, mFrame=[0,2316][1080,2400], mVisible=true, mInsetsRoundedCornerFrame=false}, InsetsSource: {mType=ITYPE_LEFT_DISPLAY_CUTOUT, mFrame=[0,0][-100000,2400], mVisible=true, mInsetsRoundedCornerFrame=false}, InsetsSource: {mType=ITYPE_TOP_DISPLAY_CUTOUT, mFrame=[0,0][1080,88], mVisible=true, mInsetsRoundedCornerFrame=false}, InsetsSource: {mType=ITYPE_RIGHT_DISPLAY_CUTOUT, mFrame=[100000,0][1080,2400], mVisible=true, mInsetsRoundedCornerFrame=false}, InsetsSource: {mType=ITYPE_BOTTOM_DISPLAY_CUTOUT, mFrame=[0,100000][1080,2400], mVisible=true, mInsetsRoundedCornerFrame=false}, InsetsSource: {mType=ITYPE_BOTTOM_TAPPABLE_ELEMENT, mFrame=[0,0][0,0], mVisible=true, mInsetsRoundedCornerFrame=false} } host=Toast from=android.view.ViewRootImpl.setView:1732
10-12 20:13:58.463  1726  1726 I ViewRootImpl@14f3483[Toast]: setView = androidx.cardview.widget.CardView@2969f32 TM=true
10-12 20:13:58.470  1726  1726 I ViewRootImpl@14f3483[Toast]: performTraversals params={(0,13)(wrapxwrap) gr=BOTTOM CENTER sim={adjust=resize} ty=TOAST fmt=TRANSLUCENT wanim=0x1030004 surfaceInsets=Rect(11, 11 - 11, 11)
10-12 20:13:58.470  1726  1726 I ViewRootImpl@14f3483[Toast]:   fl=1000098
10-12 20:13:58.470  1726  1726 I ViewRootImpl@14f3483[Toast]:   pfl=12000000
10-12 20:13:58.470  1726  1726 I ViewRootImpl@14f3483[Toast]:   bhv=DEFAULT
10-12 20:13:58.470  1726  1726 I ViewRootImpl@14f3483[Toast]:   fitTypes=STATUS_BARS NAVIGATION_BARS CAPTION_BAR
10-12 20:13:58.470  1726  1726 I ViewRootImpl@14f3483[Toast]:   fitIgnoreVis naviIconColor=0}
10-12 20:13:58.471  1726  1726 I ViewRootImpl@14f3483[Toast]: performTraversals mFirst=true windowShouldResize=false viewVisibilityChanged=false mForceNextWindowRelayout=false params={(0,13)(wrapxwrap) gr=BOTTOM CENTER sim={adjust=resize} ty=TOAST fmt=TRANSLUCENT wanim=0x1030004 surfaceInsets=Rect(11, 11 - 11, 11)
10-12 20:13:58.471  1726  1726 I ViewRootImpl@14f3483[Toast]:   fl=1000098
10-12 20:13:58.471  1726  1726 I ViewRootImpl@14f3483[Toast]:   pfl=12000000
10-12 20:13:58.471  1726  1726 I ViewRootImpl@14f3483[Toast]:   bhv=DEFAULT
10-12 20:13:58.471  1726  1726 I ViewRootImpl@14f3483[Toast]:   fitTypes=STATUS_BARS NAVIGATION_BARS CAPTION_BAR
10-12 20:13:58.471  1726  1726 I ViewRootImpl@14f3483[Toast]:   fitIgnoreVis naviIconColor=0}
10-12 20:13:58.483  1726  1726 I ViewRootImpl@14f3483[Toast]: updateBlastSurfaceIfNeeded mBlastBufferQueue=null isSameSurfaceControl=false
10-12 20:13:58.485  1726  1726 I BLASTBufferQueue: new BLASTBufferQueue, mName= ViewRootImpl@14f3483[Toast] mNativeObject= 0x7b5ad89700 sc.mNativeObject= 0x7b5ad08aa0 caller= android.view.ViewRootImpl.updateBlastSurfaceIfNeeded:2909 android.view.ViewRootImpl.relayoutWindow:9847 android.view.ViewRootImpl.performTraversals:3884 android.view.ViewRootImpl.doTraversal:3116 android.view.ViewRootImpl$TraversalRunnable.run:10885 android.view.Choreographer$CallbackRecord.run:1301 android.view.Choreographer$CallbackRecord.run:1309 android.view.Choreographer.doCallbacks:923 android.view.Choreographer.doFrame:852 android.view.Choreographer$FrameDisplayEventReceiver.run:1283 
10-12 20:13:58.485  1726  1726 I BLASTBufferQueue: update, w= 373 h= 178 mName = ViewRootImpl@14f3483[Toast] mNativeObject= 0x7b5ad89700 sc.mNativeObject= 0x7b5ad08aa0 format= -3 caller= android.graphics.BLASTBufferQueue.<init>:84 android.view.ViewRootImpl.updateBlastSurfaceIfNeeded:2909 android.view.ViewRootImpl.relayoutWindow:9847 android.view.ViewRootImpl.performTraversals:3884 android.view.ViewRootImpl.doTraversal:3116 android.view.ViewRootImpl$TraversalRunnable.run:10885 
10-12 20:13:58.486  1726  1726 I ViewRootImpl@14f3483[Toast]: Relayout returned: old=(0,88,1080,2361) new=(364,2192,715,2348) req=(351,156)0 dur=12 res=0x3 s={true 0x7bdaa07800} ch=true seqId=0
10-12 20:13:58.487  1726  1726 I ViewRootImpl@14f3483[Toast]: mThreadedRenderer.initialize() mSurface={isValid=true 0x7bdaa07800} hwInitialized=true
10-12 20:13:58.488  1726  1751 D OpenGLRenderer: eglCreateWindowSurface
10-12 20:13:58.488  1726  1726 I ViewRootImpl@14f3483[Toast]: reportNextDraw android.view.ViewRootImpl.performTraversals:4438 android.view.ViewRootImpl.doTraversal:3116 android.view.ViewRootImpl$TraversalRunnable.run:10885 android.view.Choreographer$CallbackRecord.run:1301 android.view.Choreographer$CallbackRecord.run:1309 
10-12 20:13:58.488  1726  1726 I ViewRootImpl@14f3483[Toast]: Setup new sync id=0
10-12 20:13:58.488  1726  1726 I ViewRootImpl@14f3483[Toast]: Setting syncFrameCallback
10-12 20:13:58.488  1726  1726 I ViewRootImpl@14f3483[Toast]: registerCallbacksForSync syncBuffer=false
10-12 20:13:58.490  1726  1816 I ViewRootImpl@14f3483[Toast]: Received frameDrawingCallback syncResult=0 frameNum=1.
10-12 20:13:58.490  1726  1816 I ViewRootImpl@14f3483[Toast]: Setting up sync and frameCommitCallback
10-12 20:13:58.495  1726  1751 I BLASTBufferQueue: [ViewRootImpl@14f3483[Toast]#2](f:0,a:0) onFrameAvailable the first frame is available
10-12 20:13:58.496  1726  1751 I ViewRootImpl@14f3483[Toast]: Received frameCommittedCallback lastAttemptedDrawFrameNum=1 didProduceBuffer=true
10-12 20:13:58.498  1726  1751 D OpenGLRenderer: CFMS:: SetUp Pid : 1726    Tid : 1751
10-12 20:13:58.502  1726  1726 I ViewRootImpl@14f3483[Toast]: onSyncComplete
10-12 20:13:58.502  1726  1726 I ViewRootImpl@14f3483[Toast]: setupSync seqId=0 mSyncId=0 fn=1 caller=android.view.ViewRootImpl$$ExternalSyntheticLambda11.accept:6 android.window.SurfaceSyncer.lambda$setupSync$1$android-window-SurfaceSyncer:128 android.window.SurfaceSyncer$$ExternalSyntheticLambda1.accept:8 android.window.SurfaceSyncer$SyncSet.checkIfSyncIsComplete:382 android.window.SurfaceSyncer$SyncSet.markSyncReady:359 android.window.SurfaceSyncer.markSyncReady:151 android.view.ViewRootImpl.performTraversals:4503 
10-12 20:13:58.503  1726  1726 I ViewRootImpl@14f3483[Toast]: reportDrawFinished seqId=0 mSyncId=-1 fn=1 mSurfaceChangedTransaction=0x7bdaa92b00
10-12 20:13:59.395  1726  1726 I ViewRootImpl@562a9cf[MainActivity]: ViewPostIme pointer 0
10-12 20:13:59.483  1726  1726 I ViewRootImpl@562a9cf[MainActivity]: ViewPostIme pointer 1
10-12 20:13:59.505  1726  1726 I IMM_LC  : hsifw() - flag : 0
10-12 20:13:59.505  1726  1726 I IMM_LC  : hsifw() - mService.hideSoftInput
10-12 20:13:59.681  1726  1779 I WebViewFactory: Loading com.google.android.webview version 141.0.7390.43 (code 739004333)
10-12 20:13:59.691  1726  1779 W st.cloudstream3: Failed to find entry 'classes.dex': Entry not found
10-12 20:13:59.692  1726  1779 D nativeloader: Configuring clns-6 for other apk /data/app/~~KzgKvUv1JwmzxHei_tsHXQ==/com.google.android.trichromelibrary_739004333-NHJfK8xUfQ5oC0LHEjEvPw==/base.apk. target_sdk_version=36, uses_libraries=ALL, library_path=/data/app/~~Z7EoFjMbPG94A6o-3Nb5UQ==/com.google.android.webview-eZKrupClwVmgDmxWAn78Ag==/lib/arm64:/data/app/~~Z7EoFjMbPG94A6o-3Nb5UQ==/com.google.android.webview-eZKrupClwVmgDmxWAn78Ag==/base.apk!/lib/arm64-v8a:/data/app/~~KzgKvUv1JwmzxHei_tsHXQ==/com.google.android.trichromelibrary_739004333-NHJfK8xUfQ5oC0LHEjEvPw==/base.apk!/lib/arm64-v8a, permitted_path=/data:/mnt/expand
10-12 20:13:59.692  1726  1779 D nativeloader: Extending system_exposed_libraries: libhumantracking.arcsoft.so:libPortraitDistortionCorrection.arcsoft.so:libPortraitDistortionCorrectionCali.arcsoft.so:libface_landmark.arcsoft.so:libFacialStickerEngine.arcsoft.so:libveengine.arcsoft.so:liblow_light_hdr.arcsoft.so:libhigh_dynamic_range.arcsoft.so:libFacialAttributeDetection.arcsoft.so:libBeauty_v4.camera.samsung.so:libexifa.camera.samsung.so:libjpega.camera.samsung.so:libOpenCv.camera.samsung.so:libImageScreener.camera.samsung.so:libMyFilter.camera.samsung.so:libtensorflowLite.myfilter.camera.samsung.so:libtensorflowlite_inference_api.myfilter.camera.samsung.so:libEventFinder.camera.samsung.so:libHIDTSnapJNI.camera.samsung.so:libSmartScan.camera.samsung.so:libRectify.camera.samsung.so:libDocRectifyWrapper.camera.samsung.so:libUltraWideDistortionCorrection.camera.samsung.so:libWideDistortionCorrection.camera.samsung.so:libHpr_RecGAE_cvFeature_v1.0.camera.samsung.so:libHprFace_GAE_api.camera.samsung.so:libFace_Landmark_API.camera.samsung.so:libHprFace_GAE_jn
10-12 20:13:59.701  1726  1779 D nativeloader: Configuring clns-7 for other apk /data/app/~~Z7EoFjMbPG94A6o-3Nb5UQ==/com.google.android.webview-eZKrupClwVmgDmxWAn78Ag==/base.apk. target_sdk_version=36, uses_libraries=, library_path=/data/app/~~Z7EoFjMbPG94A6o-3Nb5UQ==/com.google.android.webview-eZKrupClwVmgDmxWAn78Ag==/lib/arm64:/data/app/~~Z7EoFjMbPG94A6o-3Nb5UQ==/com.google.android.webview-eZKrupClwVmgDmxWAn78Ag==/base.apk!/lib/arm64-v8a:/data/app/~~KzgKvUv1JwmzxHei_tsHXQ==/com.google.android.trichromelibrary_739004333-NHJfK8xUfQ5oC0LHEjEvPw==/base.apk!/lib/arm64-v8a, permitted_path=/data:/mnt/expand
10-12 20:13:59.727  1726  1779 I cr_WVCFactoryProvider: version=141.0.7390.43 (739004333) minSdkVersion=29 multiprocess=true packageId=127 splits=<none>
10-12 20:13:59.733  1726  1779 D nativeloader: Load /data/app/~~KzgKvUv1JwmzxHei_tsHXQ==/com.google.android.trichromelibrary_739004333-NHJfK8xUfQ5oC0LHEjEvPw==/base.apk!/lib/arm64-v8a/libmonochrome_64.so using class loader ns clns-7 (caller=/data/app/~~Z7EoFjMbPG94A6o-3Nb5UQ==/com.google.android.webview-eZKrupClwVmgDmxWAn78Ag==/base.apk): ok
10-12 20:13:59.736  1726  1779 D nativeloader: Load /system/lib64/libwebviewchromium_plat_support.so using class loader ns clns-7 (caller=/data/app/~~Z7EoFjMbPG94A6o-3Nb5UQ==/com.google.android.webview-eZKrupClwVmgDmxWAn78Ag==/base.apk): ok
10-12 20:13:59.739  1726  1870 I chromium: [1012/201359.739163:INFO:android_webview/browser/variations/variations_seed_loader.cc:67] Failed to open file for reading.: No such file or directory (2)
10-12 20:13:59.747  1726  1779 I cr_LibraryLoader: Successfully loaded native library
10-12 20:13:59.748  1726  1779 I cr_CachingUmaRecorder: Flushed 13 samples from 13 histograms, 0 samples were dropped.
10-12 20:14:00.395  1726  1751 D OpenGLRenderer: setSurface called with nullptr
10-12 20:14:00.395  1726  1751 D OpenGLRenderer: setSurface() destroyed EGLSurface
10-12 20:14:00.395  1726  1751 D OpenGLRenderer: destroyEglSurface
10-12 20:14:00.396  1726  1726 I ViewRootImpl@14f3483[Toast]: dispatchDetachedFromWindow
10-12 20:14:00.405  1726  1726 D InputTransport: Input channel destroyed: '29d3e47', fd=148
10-12 20:14:00.522  1726  1733 I st.cloudstream3: Background concurrent copying GC freed 6373KB AllocSpace bytes, 53(2516KB) LOS objects, 49% free, 15MB/31MB, paused 465us,64us total 136.631ms
10-12 20:14:00.526  1726  1751 D OpenGLRenderer: setSurface called with nullptr
10-12 20:14:00.526  1726  1734 D InputTransport: Input channel destroyed: 'ClientS', fd=123
10-12 20:14:00.541  1726  1735 W System  : A resource failed to call close. 
10-12 20:14:01.976  1726  1726 I ViewRootImpl@562a9cf[MainActivity]: ViewPostIme pointer 0
10-12 20:14:02.142  1726  1726 I ViewRootImpl@562a9cf[MainActivity]: ViewPostIme pointer 1
10-12 20:14:02.429  1726  1726 I ViewRootImpl@562a9cf[MainActivity]: ViewPostIme pointer 0
10-12 20:14:02.744  1726  1726 I ViewRootImpl@562a9cf[MainActivity]: ViewPostIme pointer 1
10-12 20:14:02.975  1726  1726 I ViewRootImpl@562a9cf[MainActivity]: ViewPostIme pointer 0
10-12 20:14:03.265  1726  1726 I ViewRootImpl@562a9cf[MainActivity]: ViewPostIme pointer 1
10-12 20:14:04.240  1726  1726 I ViewRootImpl@562a9cf[MainActivity]: ViewPostIme pointer 0
10-12 20:14:04.359  1726  1726 I ViewRootImpl@562a9cf[MainActivity]: ViewPostIme pointer 1
10-12 20:14:05.148  1726  1726 I ViewRootImpl@562a9cf[MainActivity]: ViewPostIme pointer 0
10-12 20:14:05.206  1726  1726 I ViewRootImpl@562a9cf[MainActivity]: ViewPostIme pointer 1
10-12 20:14:05.503  1726  1726 I ViewRootImpl@562a9cf[MainActivity]: ViewPostIme pointer 0
10-12 20:14:05.552  1726  1726 I ViewRootImpl@562a9cf[MainActivity]: ViewPostIme pointer 1
10-12 20:14:05.565  1726  1726 I NavComponent: Navigating to fragment: 2131362274
10-12 20:14:05.571  1726  1726 I IMM_LC  : hsifw() - flag : 0
10-12 20:14:05.572  1726  1726 I IMM_LC  : hsifw() - mService.hideSoftInput
10-12 20:14:05.624  1726  1726 D ScrollView: initGoToTop
10-12 20:14:05.926  1726  1726 I SurfaceView@c69b839: onWindowVisibilityChanged(0) true android.view.SurfaceView{c69b839 V.E..V... ......I. 0,0-0,0} of ViewRootImpl@562a9cf[MainActivity]
10-12 20:14:05.926  1726  1726 D SurfaceView@c69b839: updateSurface: has no frame
10-12 20:14:05.936  1726  1726 I CS3ExoPlayer: SET STYLE = SaveCaptionStyle(foregroundColor=-1, backgroundColor=0, windowColor=0, edgeType=1, edgeColor=-16777216, typeface=null, typefaceFilePath=null, elevation=20, fixedTextSize=null, edgeSize=null, removeCaptions=false, removeBloat=true, upperCase=false, bold=false, italic=false, backgroundRadius=null)
10-12 20:14:05.948  1726  1726 D VideoClickActionHolder: allVideoClickActions: [null:com.lagradost.cloudstream3.actions.temp.PlayInBrowserAction, null:com.lagradost.cloudstream3.actions.temp.CopyClipboardAction, null:com.lagradost.cloudstream3.actions.temp.ViewM3U8Action, null:com.lagradost.cloudstream3.actions.temp.VlcPackage, null:com.lagradost.cloudstream3.actions.temp.MpvPackage, null:com.lagradost.cloudstream3.actions.temp.NextPlayerPackage, null:com.lagradost.cloudstream3.actions.temp.JustPlayerPackage, null:com.lagradost.cloudstream3.actions.temp.fcast.FcastAction, null:com.lagradost.cloudstream3.actions.temp.LibreTorrentPackage, null:com.lagradost.cloudstream3.actions.temp.BiglyBTPackage, null:com.lagradost.cloudstream3.actions.temp.VlcNightlyPackage, null:com.lagradost.cloudstream3.actions.temp.WebVideoCastPackage, null:com.lagradost.cloudstream3.actions.temp.MpvYTDLPackage, null:com.lagradost.cloudstream3.actions.temp.MpvKtPackage, null:com.lagradost.cloudstream3.actions.temp.MpvKtPreviewPackage, null:com.lagradost.cloudstream3.actions.AlwaysAskAction]
10-12 20:14:05.949  1726  1726 I IMM_LC  : hsifw() - flag : 0
10-12 20:14:05.949  1726  1726 I IMM_LC  : hsifw() - mService.hideSoftInput
10-12 20:14:05.951  1726  1787 I SYNCVM  : addFromUrl = https://tv6.egydead.live/%d9%85%d8%b4%d8%a7%d9%87%d8%af%d8%a9-%d9%81%d9%8a%d9%84%d9%85-pretty-crazy-2025-%d9%85%d8%aa%d8%b1%d8%ac%d9%85/
10-12 20:14:05.951  1726  1787 I SYNCUTIL: getIdsFromUrl https://tv6.egydead.live/%d9%85%d8%b4%d8%a7%d9%87%d8%af%d8%a9-%d9%81%d9%8a%d9%84%d9%85-pretty-crazy-2025-%d9%85%d8%aa%d8%b1%d8%ac%d9%85/
10-12 20:14:05.970  1726  1726 I SurfaceView@c69b839: onWindowVisibilityChanged(8) false android.view.SurfaceView{c69b839 V.E..V... ......I. 0,0-0,0} of ViewRootImpl@562a9cf[MainActivity]
10-12 20:14:05.970  1726  1726 D SurfaceView@c69b839: updateSurface: has no frame
10-12 20:14:05.970  1726  1726 D SurfaceView@c69b839: updateSurface: has no frame
10-12 20:14:05.970  1726  1726 I SurfaceView@c69b839: onDetachedFromWindow: tryReleaseSurfaces()
10-12 20:14:05.970  1726  1726 I SurfaceView@c69b839: releaseSurfaces: viewRoot = ViewRootImpl@562a9cf[MainActivity]
10-12 20:14:05.970  1726  1726 I SurfaceView@c69b839: applyTransactionOnVriDraw: vri = ViewRootImpl@562a9cf[MainActivity] fRS = true t = 0x7b66c90b00 android.view.SurfaceView.releaseSurfaces:858 android.view.SurfaceView.onDetachedFromWindow:500 android.view.View.dispatchDetachedFromWindow:22538 
10-12 20:14:05.971  1726  1726 I SurfaceView@c69b839: applyTransactionOnVriDraw: viewRoot.applyTransactionOnDrawFromReleaseSurfaces
10-12 20:14:05.971  1726  1726 I ViewRootImpl@562a9cf[MainActivity]: applyTransactionOnDraw: mRemoved = false isHardwareEnabled = true t = 0x7b66c90b00android.view.ViewRootImpl.applyTransactionOnDrawFromReleaseSurfaces:12850 android.view.SurfaceView.applyTransactionOnVriDraw:2046 android.view.SurfaceView.releaseSurfaces:858 android.view.SurfaceView.onDetachedFromWindow:500 android.view.View.dispatchDetachedFromWindow:22538 
10-12 20:14:05.972  1726  1726 I SurfaceView@c69b839: onWindowVisibilityChanged(0) true android.view.SurfaceView{c69b839 V.E..V... ......I. 0,0-0,0} of ViewRootImpl@562a9cf[MainActivity]
10-12 20:14:05.972  1726  1726 D SurfaceView@c69b839: updateSurface: has no frame
10-12 20:14:05.980  1726  1726 I DecorView: notifyKeepScreenOnChanged: keepScreenOn=false
10-12 20:14:05.991  1726  1726 I CS3ExoPlayer: reloadPlayer
10-12 20:14:05.991  1726  1726 I CS3ExoPlayer: releasePlayer
10-12 20:14:05.992  1726  1726 I CS3ExoPlayer: Handle event: PlayerAttachedEvent(player=null, source=Player)
10-12 20:14:05.997  1726  1726 I ViewRootImpl@562a9cf[MainActivity]: performTraversals params={(0,0)(fillxfill) sim={state=always_hidden adjust=resize} ty=BASE_APPLICATION wanim=0x1030309
10-12 20:14:05.997  1726  1726 I ViewRootImpl@562a9cf[MainActivity]:   fl=85810100
10-12 20:14:05.997  1726  1726 I ViewRootImpl@562a9cf[MainActivity]:   pfl=12020040
10-12 20:14:05.997  1726  1726 I ViewRootImpl@562a9cf[MainActivity]:   vsysui=500
10-12 20:14:05.997  1726  1726 I ViewRootImpl@562a9cf[MainActivity]:   bhv=DEFAULT
10-12 20:14:05.997  1726  1726 I ViewRootImpl@562a9cf[MainActivity]:   fitSides= naviIconColor=0}
10-12 20:14:05.998  1726  1726 I ViewRootImpl@562a9cf[MainActivity]: performTraversals mFirst=false windowShouldResize=false viewVisibilityChanged=false mForceNextWindowRelayout=false params={(0,0)(fillxfill) sim={state=always_hidden adjust=resize} ty=BASE_APPLICATION fmt=TRANSLUCENT wanim=0x1030309
10-12 20:14:05.998  1726  1726 I ViewRootImpl@562a9cf[MainActivity]:   fl=85810100
10-12 20:14:05.998  1726  1726 I ViewRootImpl@562a9cf[MainActivity]:   pfl=12020040
10-12 20:14:05.998  1726  1726 I ViewRootImpl@562a9cf[MainActivity]:   vsysui=500
10-12 20:14:05.998  1726  1726 I ViewRootImpl@562a9cf[MainActivity]:   bhv=DEFAULT
10-12 20:14:05.998  1726  1726 I ViewRootImpl@562a9cf[MainActivity]:   fitSides= naviIconColor=0}
10-12 20:14:06.005  1726  1726 I ViewRootImpl@562a9cf[MainActivity]: updateBlastSurfaceIfNeeded mBlastBufferQueue=0x7b5ad89400 isSameSurfaceControl=true
10-12 20:14:06.005  1726  1726 I BLASTBufferQueue: update, w= 1080 h= 2400 mName = ViewRootImpl@562a9cf[MainActivity] mNativeObject= 0x7b5ad89400 sc.mNativeObject= 0x7b6701df20 format= -3 caller= android.view.ViewRootImpl.updateBlastSurfaceIfNeeded:2898 android.view.ViewRootImpl.relayoutWindow:9847 android.view.ViewRootImpl.performTraversals:3884 android.view.ViewRootImpl.doTraversal:3116 android.view.ViewRootImpl$TraversalRunnable.run:10885 android.view.Choreographer$CallbackRecord.run:1301 
10-12 20:14:06.005  1726  1726 I ViewRootImpl@562a9cf[MainActivity]: Relayout returned: old=(0,0,1080,2400) new=(0,0,1080,2400) req=(1080,2400)0 dur=7 res=0x0 s={true 0x7b5ad9b800} ch=false seqId=0
10-12 20:14:06.007  1726  1726 W View    : requestLayout() improperly called by android.widget.FrameLayout{3b77db0 I.E..V... ......I. 0,0-0,0 #7f0a04e7 app:id/start_panel} during layout: running second layout pass
10-12 20:14:06.007  1726  1726 W View    : requestLayout() improperly called by android.widget.FrameLayout{38c5429 I.E..V... ......ID 1080,0-1080,2143 #7f0a0168 app:id/end_panel} during layout: running second layout pass
10-12 20:14:06.008  1726  1726 D SurfaceView@c69b839: updateSurface: has no frame
10-12 20:14:06.012  1726  1817 I ViewRootImpl@562a9cf[MainActivity]: mWNT: t=0x7b66c90b00 mBlastBufferQueue=0x7b5ad89400 fn= 560 caller= android.view.ViewRootImpl.lambda$applyTransactionOnDraw$11$android-view-ViewRootImpl:12865 android.view.ViewRootImpl$$ExternalSyntheticLambda1.onFrameDraw:4 android.graphics.HardwareRenderer$FrameDrawingCallback.onFrameDraw:924 
10-12 20:14:06.015  1726  1726 D SurfaceView@c69b839: updateSurface: has no frame
10-12 20:14:06.035  1726  1726 D SurfaceView@c69b839: updateSurface: has no frame
10-12 20:14:06.058  1726  1726 D SurfaceView@c69b839: updateSurface: has no frame
10-12 20:14:06.098  1726  1726 D SurfaceView@c69b839: updateSurface: has no frame
10-12 20:14:06.115  1726  1726 D SurfaceView@c69b839: updateSurface: has no frame
10-12 20:14:06.129  1726  1726 D SurfaceView@c69b839: updateSurface: has no frame
10-12 20:14:06.146  1726  1726 D SurfaceView@c69b839: updateSurface: has no frame
10-12 20:14:06.163  1726  1726 D SurfaceView@c69b839: updateSurface: has no frame
10-12 20:14:06.179  1726  1726 D SurfaceView@c69b839: updateSurface: has no frame
10-12 20:14:06.196  1726  1726 D SurfaceView@c69b839: updateSurface: has no frame
10-12 20:14:06.212  1726  1726 D SurfaceView@c69b839: updateSurface: has no frame
10-12 20:14:06.229  1726  1726 D SurfaceView@c69b839: updateSurface: has no frame
10-12 20:14:06.246  1726  1726 D SurfaceView@c69b839: updateSurface: has no frame
10-12 20:14:06.262  1726  1726 D SurfaceView@c69b839: updateSurface: has no frame
10-12 20:14:06.279  1726  1726 D SurfaceView@c69b839: updateSurface: has no frame
10-12 20:14:06.296  1726  1726 D SurfaceView@c69b839: updateSurface: has no frame
10-12 20:14:06.313  1726  1726 D SurfaceView@c69b839: updateSurface: has no frame
10-12 20:14:06.325  1726  1784 I RVM2    : applyMeta
10-12 20:14:06.329  1726  1726 D SurfaceView@c69b839: updateSurface: has no frame
10-12 20:14:06.346  1726  1726 D SurfaceView@c69b839: updateSurface: has no frame
10-12 20:14:06.363  1726  1726 D SurfaceView@c69b839: updateSurface: has no frame
10-12 20:14:06.379  1726  1726 D SurfaceView@c69b839: updateSurface: has no frame
10-12 20:14:06.396  1726  1726 D SurfaceView@c69b839: updateSurface: has no frame
10-12 20:14:06.412  1726  1726 D SurfaceView@c69b839: updateSurface: has no frame
10-12 20:14:06.429  1726  1726 D SurfaceView@c69b839: updateSurface: has no frame
10-12 20:14:06.446  1726  1726 D SurfaceView@c69b839: updateSurface: has no frame
10-12 20:14:06.464  1726  1726 D SurfaceView@c69b839: updateSurface: has no frame
10-12 20:14:06.479  1726  1726 D SurfaceView@c69b839: updateSurface: has no frame
10-12 20:14:06.496  1726  1726 D SurfaceView@c69b839: updateSurface: has no frame
10-12 20:14:06.512  1726  1726 D SurfaceView@c69b839: updateSurface: has no frame
10-12 20:14:06.529  1726  1726 D SurfaceView@c69b839: updateSurface: has no frame
10-12 20:14:06.546  1726  1726 D SurfaceView@c69b839: updateSurface: has no frame
10-12 20:14:06.566  1726  1726 D SurfaceView@c69b839: updateSurface: has no frame
10-12 20:14:06.592  1726  1726 D SurfaceView@c69b839: updateSurface: has no frame
10-12 20:14:06.610  1726  1726 D SurfaceView@c69b839: updateSurface: has no frame
10-12 20:14:06.611  1726  1733 I st.cloudstream3: Background concurrent copying GC freed 10140KB AllocSpace bytes, 58(3792KB) LOS objects, 49% free, 19MB/38MB, paused 491us,117us total 150.622ms
10-12 20:14:06.616  1726  1726 D SurfaceView@c69b839: updateSurface: has no frame
10-12 20:14:06.635  1726  1751 D OpenGLRenderer: setSurface called with nullptr
10-12 20:14:06.636  1726  1726 D SurfaceView@c69b839: updateSurface: has no frame
10-12 20:14:06.653  1726  1726 D SurfaceView@c69b839: updateSurface: has no frame
10-12 20:14:06.673  1726  1726 D SurfaceView@c69b839: updateSurface: has no frame
10-12 20:14:06.690  1726  1726 W PanelsChildGestureRegionObserver: failed to register view with ID 2131362800. already registered
10-12 20:14:06.692  1726  1726 E CoilImgLoader: Error loading image: coil3.request.NullRequestDataException: The request's data is null.
10-12 20:14:06.698  1726  1726 E CoilImgLoader: Error loading image: coil3.request.NullRequestDataException: The request's data is null.
10-12 20:14:06.733  1726  1775 I SYNCVM  : addFromUrl = https://tv6.egydead.live/%d9%85%d8%b4%d8%a7%d9%87%d8%af%d8%a9-%d9%81%d9%8a%d9%84%d9%85-pretty-crazy-2025-%d9%85%d8%aa%d8%b1%d8%ac%d9%85/
10-12 20:14:06.733  1726  1775 I SYNCUTIL: getIdsFromUrl https://tv6.egydead.live/%d9%85%d8%b4%d8%a7%d9%87%d8%af%d8%a9-%d9%81%d9%8a%d9%84%d9%85-pretty-crazy-2025-%d9%85%d8%aa%d8%b1%d8%ac%d9%85/
10-12 20:14:06.744  1726  1726 D SurfaceView@c69b839: updateSurface: has no frame
10-12 20:14:06.745  1726  1726 I SurfaceView@c69b839: Changes: creating=true format=true size=true visible=true alpha=false hint=false mUseAlpha=false visible=true left=true top=true
10-12 20:14:06.749  1726  1726 I BLASTBufferQueue: update, w= 1080 h= 525 mName = null mNativeObject= 0x7bdab1bc00 sc.mNativeObject= 0x7bdaa09600 format= 4 caller= android.view.SurfaceView.createBlastSurfaceControls:1383 android.view.SurfaceView.updateSurface:1079 android.view.SurfaceView.lambda$new$0$android-view-SurfaceView:200 android.view.SurfaceView$$ExternalSyntheticLambda5.onPreDraw:2 android.view.ViewTreeObserver.dispatchOnPreDraw:1121 android.view.ViewRootImpl.performTraversals:4442 
10-12 20:14:06.749  1726  1726 I SurfaceView@c69b839: 208255033 Cur surface: Surface(name=null)/@0x3a83e47
10-12 20:14:06.749  1726  1726 I SurfaceView@c69b839: pST: sr = Rect(0, 218 - 1080, 743) sw = 1080 sh = 525
10-12 20:14:06.749  1726  1726 D SurfaceView@c69b839: performSurfaceTransaction RenderWorker position = [0, 218, 1080, 743] surfaceSize = 1080x525
10-12 20:14:06.750  1726  1726 I SurfaceView@c69b839: applyTransactionOnVriDraw: vri = ViewRootImpl@562a9cf[MainActivity] fRS = false t = 0x7bda9f1100 android.view.SurfaceView.performSurfaceTransaction:959 android.view.SurfaceView.updateSurface:1105 android.view.SurfaceView.lambda$new$0$android-view-SurfaceView:200 
10-12 20:14:06.750  1726  1726 I ViewRootImpl@562a9cf[MainActivity]: applyTransactionOnDraw: mRemoved = false isHardwareEnabled = true t = 0x7bda9f1100android.view.SurfaceView.applyTransactionOnVriDraw:2048 android.view.SurfaceView.performSurfaceTransaction:959 android.view.SurfaceView.updateSurface:1105 android.view.SurfaceView.lambda$new$0$android-view-SurfaceView:200 android.view.SurfaceView$$ExternalSyntheticLambda5.onPreDraw:2 
10-12 20:14:06.750  1726  1726 I SurfaceView@c69b839: updateSurface: mVisible = true mSurface.isValid() = true
10-12 20:14:06.750  1726  1726 I SurfaceView@c69b839: updateSurface: mSurfaceCreated = false surfaceChanged = true visibleChanged = true
10-12 20:14:06.750  1726  1726 I SurfaceView@c69b839: visibleChanged -- surfaceCreated
10-12 20:14:06.750  1726  1726 I SurfaceView@c69b839: surfaceCreated 0 #8 android.view.SurfaceView{c69b839 V.E..V... ......ID 0,0-1080,525}
10-12 20:14:06.750  1726  1726 I SurfaceView@c69b839: surfaceChanged -- format=4 w=1080 h=525
10-12 20:14:06.750  1726  1726 I SurfaceView@c69b839: surfaceChanged (1080,525) 0 #8 android.view.SurfaceView{c69b839 V.E..V... ......ID 0,0-1080,525}
10-12 20:14:06.750  1726  1726 I SurfaceView@c69b839: surfaceRedrawNeeded
10-12 20:14:06.751  1726  1726 V SurfaceView@c69b839: Layout: x=0 y=218 w=1080 h=525, frame=Rect(0, 0 - 1080, 525)
10-12 20:14:06.761  1726  1816 D SurfaceView@c69b839: updateSurfacePosition RenderWorker, frameNr = 598, position = [0, 218, 1080, 743] surfaceSize = 1080x525
10-12 20:14:06.761  1726  1816 I SurfaceView@c69b839: uSP: rtp = Rect(0, 218 - 1080, 743) rtsw = 1080 rtsh = 525
10-12 20:14:06.761  1726  1816 I SurfaceView@c69b839: onSSPAndSRT: pl = 0 pt = 218 sx = 1.0 sy = 1.0
10-12 20:14:06.762  1726  1816 I SurfaceView@c69b839: aOrMT: ViewRootImpl@562a9cf[MainActivity] t = android.view.SurfaceControl$Transaction@5ec65e0 fN = 598 android.view.SurfaceView.-$$Nest$mapplyOrMergeTransaction:0 android.view.SurfaceView$SurfaceViewPositionUpdateListener.positionChanged:1537 android.graphics.RenderNode$CompositePositionUpdateListener.positionChanged:373 
10-12 20:14:06.762  1726  1816 I ViewRootImpl@562a9cf[MainActivity]: mWNT: t=0x7bda9f1a00 mBlastBufferQueue=0x7b5ad89400 fn= 598 caller= android.view.SurfaceView.applyOrMergeTransaction:1455 android.view.SurfaceView.-$$Nest$mapplyOrMergeTransaction:0 android.view.SurfaceView$SurfaceViewPositionUpdateListener.positionChanged:1537 
10-12 20:14:06.762  1726  1816 I ViewRootImpl@562a9cf[MainActivity]: mWNT: t=0x7bda9f1100 mBlastBufferQueue=0x7b5ad89400 fn= 598 caller= android.view.ViewRootImpl.lambda$applyTransactionOnDraw$11$android-view-ViewRootImpl:12865 android.view.ViewRootImpl$$ExternalSyntheticLambda1.onFrameDraw:4 android.graphics.HardwareRenderer$FrameDrawingCallback.onFrameDraw:924 
10-12 20:14:06.786  1726  1726 I SurfaceView@c69b839: finishedDrawing
10-12 20:14:07.670  1726  1726 I ViewRootImpl@562a9cf[MainActivity]: ViewPostIme pointer 0
10-12 20:14:08.196  1726  1726 I Dialog  : mIsDeviceDefault = false, mIsSamsungBasicInteraction = false, isMetaDataInActivity = false
10-12 20:14:08.230  1726  1726 I DecorView: [INFO] isPopOver=false config=false
10-12 20:14:08.230  1726  1726 I DecorView: updateCaptionType: isFloating=false isApplication=true hasWindowDecorCaption=false this=DecorView@f4eb4b1[]
10-12 20:14:08.230  1726  1726 D DecorView: setCaptionType = 0, this = DecorView@f4eb4b1[]
10-12 20:14:08.232  1726  1726 I DecorView: getCurrentDensityDpi: from app context. densityDpi=420 msg=resources_loaded
10-12 20:14:08.232  1726  1726 I DecorView: setWindowBackground: isPopOver=false color=0 d=android.graphics.drawable.ColorDrawable@dd8ad17
10-12 20:14:08.239  1726  1751 D NativeCustomFrequencyManager: [NativeCFMS] BpCustomFrequencyManager::BpCustomFrequencyManager()
10-12 20:14:08.240  1726  1726 I DecorView: notifyKeepScreenOnChanged: keepScreenOn=false
10-12 20:14:08.254  1726  1726 D InsetsController: onStateChanged: InsetsState: {mDisplayFrame=Rect(0, 0 - 1080, 2400), mDisplayCutout=DisplayCutout{insets=Rect(0, 88 - 0, 0) waterfall=Insets{left=0, top=0, right=0, bottom=0} boundingRect={Bounds=[Rect(0, 0 - 0, 0), Rect(512, 0 - 568, 88), Rect(0, 0 - 0, 0), Rect(0, 0 - 0, 0)]} cutoutPathParserInfo={CutoutPathParserInfo{displayWidth=1080 displayHeight=2400 physicalDisplayWidth=1080 physicalDisplayHeight=2400 density={2.625} cutoutSpec={M 0,0 M 0,12.25101276465640 a 10.60613009248640,10.60613009248640 0 1,0 0,21.21226018497290 a 10.60613009248640,10.60613009248640 0 1,0 0,-21.21226018497290 Z @dp} rotation={0} scale={1.0} physicalPixelDisplaySizeRatio={1.0}}}}, mRoundedCorners=RoundedCorners{[RoundedCorner{position=TopLeft, radius=84, center=Point(84, 84)}, RoundedCorner{position=TopRight, radius=84, center=Point(996, 84)}, RoundedCorner{position=BottomRight, radius=84, center=Point(996, 2316)}, RoundedCorner{position=BottomLeft, radius=84, center=Point(84, 2316)}]}  mRoundedCornerFrame=Rect(0, 0 - 1080, 2400), mPrivacyIndicatorBounds=PrivacyIndicatorBounds {static bounds=Rect(964, 0 - 1080, 87) rotation=0}, mSources= { InsetsSource: {mType=ITYPE_STATUS_BAR, mFrame=[0,0][1080,88], mVisible=true, mInsetsRoundedCornerFrame=false}, InsetsSource: {mType=ITYPE_NAVIGATION_BAR, mFrame=[0,2361][1080,2400], mVisible=true, mInsetsRoundedCornerFrame=false}, InsetsSource: {mType=ITYPE_LEFT_GESTURES, mFrame=[0,0][130,2400], mVisible=true, mInsetsRoundedCornerFrame=false}, InsetsSource: {mType=ITYPE_RIGHT_GESTURES, mFrame=[950,0][1080,2400], mVisible=true, mInsetsRoundedCornerFrame=false}, InsetsSource: {mType=ITYPE_TOP_MANDATORY_GESTURES, mFrame=[0,0][1080,120], mVisible=true, mInsetsRoundedCornerFrame=false}, InsetsSource: {mType=ITYPE_BOTTOM_MANDATORY_GESTURES, mFrame=[0,2316][1080,2400], mVisible=true, mInsetsRoundedCornerFrame=false}, InsetsSource: {mType=ITYPE_LEFT_DISPLAY_CUTOUT, mFrame=[0,0][-100000,2400], mVisible=true, mInsetsRoundedCornerFrame=false}, InsetsSource: {mType=ITYPE_TOP_DISPLAY_CUTOUT, mFrame=[0,0][1080,88], mVisible=true, mInsetsRoundedCornerFrame=false}, InsetsSource: {mType=ITYPE_RIGHT_DISPLAY_CUTOUT, mFrame=[100000,0][1080,2400], mVisible=true, mInsetsRoundedCornerFrame=false}, InsetsSource: {mType=ITYPE_BOTTOM_DISPLAY_CUTOUT, mFrame=[0,100000][1080,2400], mVisible=true, mInsetsRoundedCornerFrame=false}, InsetsSource: {mType=ITYPE_TOP_TAPPABLE_ELEMENT, mFrame=[0,0][1080,88], mVisible=true, mInsetsRoundedCornerFrame=false}, InsetsSource: {mType=ITYPE_BOTTOM_TAPPABLE_ELEMENT, mFrame=[0,0][0,0], mVisible=true, mInsetsRoundedCornerFrame=false}, InsetsSource: {mType=ITYPE_IME, mFrame=[0,0][0,0], mVisibleFrame=[0,1409][1080,2400], mVisible=false, mInsetsRoundedCornerFrame=false} } host=com.lagradost.cloudstream3/com.lagradost.cloudstream3.MainActivity from=android.view.ViewRootImpl.setView:1732
10-12 20:14:08.255  1726  1726 I ViewRootImpl@6f5d09c[MainActivity]: setView = com.android.internal.policy.DecorView@f4eb4b1 TM=true
10-12 20:14:08.271  1726  1726 I ViewRootImpl@6f5d09c[MainActivity]: performTraversals params={(0,0)(fillxfill) gr=CENTER sim={adjust=resize forwardNavigation} ty=APPLICATION fmt=TRANSPARENT wanim=0x7f14000b
10-12 20:14:08.271  1726  1726 I ViewRootImpl@6f5d09c[MainActivity]:   fl=85810100
10-12 20:14:08.271  1726  1726 I ViewRootImpl@6f5d09c[MainActivity]:   pfl=12020040
10-12 20:14:08.271  1726  1726 I ViewRootImpl@6f5d09c[MainActivity]:   vsysui=500
10-12 20:14:08.271  1726  1726 I ViewRootImpl@6f5d09c[MainActivity]:   bhv=DEFAULT
10-12 20:14:08.271  1726  1726 I ViewRootImpl@6f5d09c[MainActivity]:   fitSides= naviIconColor=0}
10-12 20:14:08.272  1726  1726 I ViewRootImpl@6f5d09c[MainActivity]: performTraversals mFirst=true windowShouldResize=true viewVisibilityChanged=false mForceNextWindowRelayout=false params={(0,0)(fillxfill) gr=CENTER sim={adjust=resize forwardNavigation} ty=APPLICATION fmt=TRANSPARENT wanim=0x7f14000b
10-12 20:14:08.272  1726  1726 I ViewRootImpl@6f5d09c[MainActivity]:   fl=85810100
10-12 20:14:08.272  1726  1726 I ViewRootImpl@6f5d09c[MainActivity]:   pfl=12020040
10-12 20:14:08.272  1726  1726 I ViewRootImpl@6f5d09c[MainActivity]:   vsysui=500
10-12 20:14:08.272  1726  1726 I ViewRootImpl@6f5d09c[MainActivity]:   bhv=DEFAULT
10-12 20:14:08.272  1726  1726 I ViewRootImpl@6f5d09c[MainActivity]:   fitSides= naviIconColor=0}
10-12 20:14:08.287  1726  1726 I ViewRootImpl@6f5d09c[MainActivity]: updateBlastSurfaceIfNeeded mBlastBufferQueue=null isSameSurfaceControl=false
10-12 20:14:08.288  1726  1726 I BLASTBufferQueue: new BLASTBufferQueue, mName= ViewRootImpl@6f5d09c[MainActivity] mNativeObject= 0x7bdab1c500 sc.mNativeObject= 0x7b5ad09220 caller= android.view.ViewRootImpl.updateBlastSurfaceIfNeeded:2909 android.view.ViewRootImpl.relayoutWindow:9847 android.view.ViewRootImpl.performTraversals:3884 android.view.ViewRootImpl.doTraversal:3116 android.view.ViewRootImpl$TraversalRunnable.run:10885 android.view.Choreographer$CallbackRecord.run:1301 android.view.Choreographer$CallbackRecord.run:1309 android.view.Choreographer.doCallbacks:923 android.view.Choreographer.doFrame:852 android.view.Choreographer$FrameDisplayEventReceiver.run:1283 
10-12 20:14:08.289  1726  1726 I BLASTBufferQueue: update, w= 1080 h= 2400 mName = ViewRootImpl@6f5d09c[MainActivity] mNativeObject= 0x7bdab1c500 sc.mNativeObject= 0x7b5ad09220 format= -2 caller= android.graphics.BLASTBufferQueue.<init>:84 android.view.ViewRootImpl.updateBlastSurfaceIfNeeded:2909 android.view.ViewRootImpl.relayoutWindow:9847 android.view.ViewRootImpl.performTraversals:3884 android.view.ViewRootImpl.doTraversal:3116 android.view.ViewRootImpl$TraversalRunnable.run:10885 
10-12 20:14:08.289  1726  1726 I ViewRootImpl@6f5d09c[MainActivity]: Relayout returned: old=(0,0,1080,2400) new=(0,0,1080,2400) req=(1080,2400)0 dur=15 res=0x3 s={true 0x7bda917000} ch=true seqId=0
10-12 20:14:08.290  1726  1726 I ViewRootImpl@6f5d09c[MainActivity]: mThreadedRenderer.initialize() mSurface={isValid=true 0x7bda917000} hwInitialized=true
10-12 20:14:08.291  1726  1751 D OpenGLRenderer: eglCreateWindowSurface
10-12 20:14:08.319  1726  1726 D AbsListView:  in onLayout changed 
10-12 20:14:08.320  1726  1726 I ViewRootImpl@6f5d09c[MainActivity]: reportNextDraw android.view.ViewRootImpl.performTraversals:4438 android.view.ViewRootImpl.doTraversal:3116 android.view.ViewRootImpl$TraversalRunnable.run:10885 android.view.Choreographer$CallbackRecord.run:1301 android.view.Choreographer$CallbackRecord.run:1309 
10-12 20:14:08.320  1726  1726 I ViewRootImpl@6f5d09c[MainActivity]: Setup new sync id=0
10-12 20:14:08.320  1726  1726 I ViewRootImpl@6f5d09c[MainActivity]: Setting syncFrameCallback
10-12 20:14:08.320  1726  1726 I ViewRootImpl@6f5d09c[MainActivity]: registerCallbacksForSync syncBuffer=false
10-12 20:14:08.324  1726  1817 I ViewRootImpl@6f5d09c[MainActivity]: Received frameDrawingCallback syncResult=0 frameNum=1.
10-12 20:14:08.324  1726  1817 I ViewRootImpl@6f5d09c[MainActivity]: Setting up sync and frameCommitCallback
10-12 20:14:08.329  1726  1751 I BLASTBufferQueue: [ViewRootImpl@6f5d09c[MainActivity]#4](f:0,a:0) onFrameAvailable the first frame is available
10-12 20:14:08.331  1726  1751 I ViewRootImpl@6f5d09c[MainActivity]: Received frameCommittedCallback lastAttemptedDrawFrameNum=1 didProduceBuffer=true
10-12 20:14:08.332  1726  1751 D OpenGLRenderer: CFMS:: SetUp Pid : 1726    Tid : 1751
10-12 20:14:08.336  1726  1726 I ViewRootImpl@6f5d09c[MainActivity]: onSyncComplete
10-12 20:14:08.337  1726  1726 I ViewRootImpl@6f5d09c[MainActivity]: setupSync seqId=0 mSyncId=0 fn=1 caller=android.view.ViewRootImpl$$ExternalSyntheticLambda11.accept:6 android.window.SurfaceSyncer.lambda$setupSync$1$android-window-SurfaceSyncer:128 android.window.SurfaceSyncer$$ExternalSyntheticLambda1.accept:8 android.window.SurfaceSyncer$SyncSet.checkIfSyncIsComplete:382 android.window.SurfaceSyncer$SyncSet.markSyncReady:359 android.window.SurfaceSyncer.markSyncReady:151 android.view.ViewRootImpl.performTraversals:4503 
10-12 20:14:08.337  1726  1726 I ViewRootImpl@6f5d09c[MainActivity]: reportDrawFinished seqId=0 mSyncId=-1 fn=1 mSurfaceChangedTransaction=0x7bda9f1d00
10-12 20:14:08.351  1726  1726 I ViewRootImpl@562a9cf[MainActivity]: MSG_WINDOW_FOCUS_CHANGED 0 0
10-12 20:14:08.398  1726  1726 I ViewRootImpl@6f5d09c[MainActivity]: MSG_WINDOW_FOCUS_CHANGED 1 0
10-12 20:14:08.398  1726  1726 I ViewRootImpl@6f5d09c[MainActivity]: mThreadedRenderer.initializeIfNeeded()#2 mSurface={isValid=true 0x7bda917000}
10-12 20:14:08.399  1726  1726 D InputMethodManager: startInputInner - Id : 0
10-12 20:14:08.399  1726  1726 I InputMethodManager: startInputInner - mService.startInputOrWindowGainedFocus
10-12 20:14:08.406  1726  1726 I ViewRootImpl@562a9cf[MainActivity]: ViewPostIme pointer 1
10-12 20:14:09.074  1726  1726 I ViewRootImpl@6f5d09c[MainActivity]: ViewPostIme pointer 0
10-12 20:14:09.148  1726  1726 I ViewRootImpl@6f5d09c[MainActivity]: ViewPostIme pointer 1
10-12 20:14:09.150  1726  1726 D AbsListView: onTouchUp() mTouchMode : 0
10-12 20:14:09.230  1726  1726 I MSHandlerLifeCycle: removeMultiSplitHandler: no exist. decor=DecorView@f4eb4b1[MainActivity]
10-12 20:14:09.231  1726  1751 D OpenGLRenderer: setSurface called with nullptr
10-12 20:14:09.231  1726  1751 D OpenGLRenderer: setSurface() destroyed EGLSurface
10-12 20:14:09.231  1726  1751 D OpenGLRenderer: destroyEglSurface
10-12 20:14:09.234  1726  1751 D OpenGLRenderer: endAllActiveAnimators on 0x7b440e3300 (MaterialTextView) with handle 0x7b3eb265a0
10-12 20:14:09.234  1726  1726 I ViewRootImpl@6f5d09c[MainActivity]: dispatchDetachedFromWindow
10-12 20:14:09.261  1726  1726 D InputTransport: Input channel destroyed: '2aa3f85', fd=156
10-12 20:14:09.264  1726  1726 I Dialog  : mIsDeviceDefault = false, mIsSamsungBasicInteraction = false, isMetaDataInActivity = false
10-12 20:14:09.330  1726  1726 I DecorView: [INFO] isPopOver=false config=false
10-12 20:14:09.330  1726  1726 I DecorView: updateCaptionType: isFloating=false isApplication=true hasWindowDecorCaption=false this=DecorView@20154e3[]
10-12 20:14:09.330  1726  1726 D DecorView: setCaptionType = 0, this = DecorView@20154e3[]
10-12 20:14:09.332  1726  1726 I DecorView: getCurrentDensityDpi: from app context. densityDpi=420 msg=resources_loaded
10-12 20:14:09.332  1726  1726 I DecorView: setWindowBackground: isPopOver=false color=0 d=android.graphics.drawable.ColorDrawable@11e7599
10-12 20:14:09.338  1726  1751 D NativeCustomFrequencyManager: [NativeCFMS] BpCustomFrequencyManager::BpCustomFrequencyManager()
10-12 20:14:09.339  1726  1726 I DecorView: notifyKeepScreenOnChanged: keepScreenOn=false
