--------- beginning of main
10-13 02:54:16.255 21752 21752 D InputTransport: Input channel destroyed: 'b5f17e1', fd=145
10-13 02:54:16.282 21752 21752 I ViewRootImpl@fbf792[MainActivity]: MSG_WINDOW_FOCUS_CHANGED 1 0
10-13 02:54:16.282 21752 21752 I ViewRootImpl@fbf792[MainActivity]: mThreadedRenderer.initializeIfNeeded()#2 mSurface={isValid=true 0x7b5c596800}
10-13 02:54:16.287 21752 21752 D InputMethodManager: startInputInner - Id : 0
10-13 02:54:16.287 21752 21752 I InputMethodManager: startInputInner - mService.startInputOrWindowGainedFocus
10-13 02:54:16.336 21752 21763 W st.cloudstream3: Cleared Reference was only reachable from finalizer (only reported once)
10-13 02:54:16.406 21752 21763 I st.cloudstream3: Background concurrent copying GC freed 19MB AllocSpace bytes, 102(3876KB) LOS objects, 49% free, 12MB/25MB, paused 671us,81us total 213.951ms
10-13 02:54:17.248 21752 21752 I ViewRootImpl@fbf792[MainActivity]: ViewPostIme pointer 0
10-13 02:54:17.338 21752 21752 I ViewRootImpl@fbf792[MainActivity]: ViewPostIme pointer 1
10-13 02:54:17.358 21752 21752 I IMM_LC  : hsifw() - flag : 0
10-13 02:54:17.358 21752 21752 I IMM_LC  : hsifw() - mService.hideSoftInput
10-13 02:54:18.604 21752 21752 I ViewRootImpl@fbf792[MainActivity]: ViewPostIme pointer 0
10-13 02:54:18.694 21752 21752 I ViewRootImpl@fbf792[MainActivity]: ViewPostIme pointer 1
10-13 02:54:18.712 21752 21752 I IMM_LC  : hsifw() - flag : 0
10-13 02:54:18.712 21752 21752 I IMM_LC  : hsifw() - mService.hideSoftInput
10-13 02:54:19.802 21752 21752 I ViewRootImpl@fbf792[MainActivity]: ViewPostIme pointer 0
10-13 02:54:19.879 21752 21752 I ViewRootImpl@fbf792[MainActivity]: ViewPostIme pointer 1
10-13 02:54:20.333 21752 21752 I ViewRootImpl@fbf792[MainActivity]: ViewPostIme pointer 0
10-13 02:54:20.462 21752 21752 D WindowOnBackDispatcher: onBackInvoked, viewRoot=ViewRootImpl@ea6d042[MainActivity], callback=androidx.activity.OnBackPressedDispatcher$Api33Impl$$ExternalSyntheticLambda0@a73c38d
10-13 02:54:20.469 21752 21752 I IMM_LC  : hsifw() - flag : 0
10-13 02:54:20.469 21752 21752 I IMM_LC  : hsifw() - mService.hideSoftInput
10-13 02:54:20.475 21752 21752 D ScrollView: initGoToTop
10-13 02:54:20.504 21752 21752 E CoilImgLoader: Error loading image: coil3.request.NullRequestDataException: The request's data is null.
10-13 02:54:20.516 21752 21752 D ScrollView:  onsize change changed 
10-13 02:54:21.206 21752 21752 I ViewRootImpl@fbf792[MainActivity]: ViewPostIme pointer 0
10-13 02:54:22.001 21752 21752 I ViewRootImpl@fbf792[MainActivity]: ViewPostIme pointer 0
10-13 02:54:22.068 21752 21752 I ViewRootImpl@fbf792[MainActivity]: ViewPostIme pointer 1
10-13 02:54:22.078 21752 21752 I NavComponent: Navigating to fragment: 2131361879
10-13 02:54:22.084 21752 21752 I IMM_LC  : hsifw() - flag : 0
10-13 02:54:22.084 21752 21752 I IMM_LC  : hsifw() - mService.hideSoftInput
10-13 02:54:22.945 21752 21752 I ViewRootImpl@fbf792[MainActivity]: ViewPostIme pointer 0
10-13 02:54:22.986 21752 21752 I ViewRootImpl@fbf792[MainActivity]: ViewPostIme pointer 1
10-13 02:54:23.010 21752 21752 I IMM_LC  : hsifw() - flag : 0
10-13 02:54:23.010 21752 21752 I IMM_LC  : hsifw() - mService.hideSoftInput
10-13 02:54:23.145 21752 21752 I PLG     : updatePluginList = https://raw.githubusercontent.com/adamwolker21/DZ/refs/heads/master/repo.json
10-13 02:54:23.145 21752 21752 I PLG     : getPlugins = https://raw.githubusercontent.com/adamwolker21/DZ/refs/heads/master/repo.json
10-13 02:54:23.386 21752 21804 D VotingApi: Requesting: https://counterapi.com/api/cs-raw.githubusercontent.com-adamwolker21-DZ/vote/806f9e9bb0fe6eed948cf51910bda7c7a4f4470876514f9eb99299b4b4e46db4?readOnly=true
10-13 02:54:23.880 21752 21752 I ViewRootImpl@fbf792[MainActivity]: ViewPostIme pointer 0
10-13 02:54:23.916 21752 21752 I ViewRootImpl@fbf792[MainActivity]: ViewPostIme pointer 1
10-13 02:54:23.933 21752 21810 I PLG     : handlePluginAction = https://raw.githubusercontent.com/adamwolker21/DZ/refs/heads/master/repo.json, (https://raw.githubusercontent.com/adamwolker21/DZ/refs/heads/master/repo.json, SitePlugin(url=https://raw.githubusercontent.com/adamwolker21/DZ/builds/EgyDead.cs3, status=1, version=1, apiVersion=1, name=EgyDead, internalName=EgyDead, authors=[adamwolker21], description=EgyDead, repositoryUrl=https://github.com/adamwolker21/DZ, tvTypes=[Movie, TvSeries], language=ar, iconUrl=https://raw.githubusercontent.com/adamwolker21/DZ/refs/heads/master/EgyDead/images.jpeg, fileSize=24225)), false
10-13 02:54:23.934 21752 21810 D PluginManager: Downloading plugin: https://raw.githubusercontent.com/adamwolker21/DZ/builds/EgyDead.cs3 to /data/user/0/com.lagradost.cloudstream3/files/Extensions/httpsraw.githubusercontent.comadamwolker21DZrefsheadsmasterrepo.json.-468825824/EgyDead.-124080901.cs3
10-13 02:54:24.166 21752 21810 I PluginManager: Unloading plugin: /data/user/0/com.lagradost.cloudstream3/files/Extensions/httpsraw.githubusercontent.comadamwolker21DZrefsheadsmasterrepo.json.-468825824/EgyDead.-124080901.cs3
10-13 02:54:24.166 21752 21810 W PluginManager: Couldn't find plugin /data/user/0/com.lagradost.cloudstream3/files/Extensions/httpsraw.githubusercontent.comadamwolker21DZrefsheadsmasterrepo.json.-468825824/EgyDead.-124080901.cs3
10-13 02:54:24.166 21752 21810 I PluginManager: Loading plugin: PluginData(internalName=EgyDead, url=https://raw.githubusercontent.com/adamwolker21/DZ/builds/EgyDead.cs3, isOnline=true, filePath=/data/user/0/com.lagradost.cloudstream3/files/Extensions/httpsraw.githubusercontent.comadamwolker21DZrefsheadsmasterrepo.json.-468825824/EgyDead.-124080901.cs3, version=-2147483648)
10-13 02:54:24.207 21752 21810 I PluginInstance: Adding EgyDead (https://tv6.egydead.live) MainAPI
10-13 02:54:24.207 21752 21810 I PluginManager: Loaded plugin EgyDead successfully
10-13 02:54:24.208 21752 21810 I PLG     : getPlugins = https://raw.githubusercontent.com/adamwolker21/DZ/refs/heads/master/repo.json
10-13 02:54:24.210 21752 21752 I COMPACT : showToast = Plugin Loaded
10-13 02:54:24.218 21752 21752 D CompatibilityChangeReporter: Compat change id reported: 147798919; UID 10523; state: ENABLED
10-13 02:54:24.218 21752 21752 E Toast   : setGravity() shouldn't be called on text toasts, the values won't be used
10-13 02:54:24.218 21752 21752 I Toast   : setView: it's a custom toast
10-13 02:54:24.227 21752 21752 V Toast   : show: caller = com.lagradost.cloudstream3.CommonActivity.showToast:175 
10-13 02:54:24.285 21752 21752 V Toast   : HANDLE SHOW: android.widget.Toast$TN@70f45b3 mView=null mNextView=androidx.cardview.widget.CardView{42f6770 V.E..V... ......ID 0,0-0,0 #7f0a0557 app:id/toast_layout_root}
10-13 02:54:24.286 21752 21752 V ToastPresenter: sipHeight = -39
10-13 02:54:24.288 21752 21752 V ToastPresenter: yOffset = 13
10-13 02:54:24.290 21752 21777 D NativeCustomFrequencyManager: [NativeCFMS] BpCustomFrequencyManager::BpCustomFrequencyManager()
10-13 02:54:24.297 21752 21752 D InsetsController: onStateChanged: InsetsState: {mDisplayFrame=Rect(0, 0 - 1080, 2400), mDisplayCutout=DisplayCutout{insets=Rect(0, 88 - 0, 0) waterfall=Insets{left=0, top=0, right=0, bottom=0} boundingRect={Bounds=[Rect(0, 0 - 0, 0), Rect(512, 0 - 568, 88), Rect(0, 0 - 0, 0), Rect(0, 0 - 0, 0)]} cutoutPathParserInfo={CutoutPathParserInfo{displayWidth=1080 displayHeight=2400 physicalDisplayWidth=1080 physicalDisplayHeight=2400 density={2.625} cutoutSpec={M 0,0 M 0,12.25101276465640 a 10.60613009248640,10.60613009248640 0 1,0 0,21.21226018497290 a 10.60613009248640,10.60613009248640 0 1,0 0,-21.21226018497290 Z @dp} rotation={0} scale={1.0} physicalPixelDisplaySizeRatio={1.0}}}}, mRoundedCorners=RoundedCorners{[RoundedCorner{position=TopLeft, radius=84, center=Point(84, 84)}, RoundedCorner{position=TopRight, radius=84, center=Point(996, 84)}, RoundedCorner{position=BottomRight, radius=84, center=Point(996, 2316)}, RoundedCorner{position=BottomLeft, radius=84, center=Point(84, 2316)}]}  mRoundedCornerFrame=Rect(0, 0 - 0, 0), mPrivacyIndicatorBounds=PrivacyIndicatorBounds {static bounds=Rect(964, 0 - 1080, 87) rotation=0}, mSources= { InsetsSource: {mType=ITYPE_NAVIGATION_BAR, mFrame=[0,2361][1080,2400], mVisible=true, mInsetsRoundedCornerFrame=false}, InsetsSource: {mType=ITYPE_LEFT_GESTURES, mFrame=[0,0][130,2400], mVisible=true, mInsetsRoundedCornerFrame=false}, InsetsSource: {mType=ITYPE_RIGHT_GESTURES, mFrame=[950,0][1080,2400], mVisible=true, mInsetsRoundedCornerFrame=false}, InsetsSource: {mType=ITYPE_TOP_MANDATORY_GESTURES, mFrame=[0,0][1080,120], mVisible=true, mInsetsRoundedCornerFrame=false}, InsetsSource: {mType=ITYPE_BOTTOM_MANDATORY_GESTURES, mFrame=[0,2316][1080,2400], mVisible=true, mInsetsRoundedCornerFrame=false}, InsetsSource: {mType=ITYPE_LEFT_DISPLAY_CUTOUT, mFrame=[0,0][-100000,2400], mVisible=true, mInsetsRoundedCornerFrame=false}, InsetsSource: {mType=ITYPE_TOP_DISPLAY_CUTOUT, mFrame=[0,0][1080,88], mVisible=true, mInsetsRoundedCornerFrame=false}, InsetsSource: {mType=ITYPE_RIGHT_DISPLAY_CUTOUT, mFrame=[100000,0][1080,2400], mVisible=true, mInsetsRoundedCornerFrame=false}, InsetsSource: {mType=ITYPE_BOTTOM_DISPLAY_CUTOUT, mFrame=[0,100000][1080,2400], mVisible=true, mInsetsRoundedCornerFrame=false}, InsetsSource: {mType=ITYPE_BOTTOM_TAPPABLE_ELEMENT, mFrame=[0,0][0,0], mVisible=true, mInsetsRoundedCornerFrame=false} } host=Toast from=android.view.ViewRootImpl.setView:1732
10-13 02:54:24.299 21752 21752 I ViewRootImpl@a535ae9[Toast]: setView = androidx.cardview.widget.CardView@42f6770 TM=true
10-13 02:54:24.306 21752 21752 I ViewRootImpl@a535ae9[Toast]: performTraversals params={(0,13)(wrapxwrap) gr=BOTTOM CENTER sim={adjust=resize} ty=TOAST fmt=TRANSLUCENT wanim=0x1030004 surfaceInsets=Rect(11, 11 - 11, 11)
10-13 02:54:24.306 21752 21752 I ViewRootImpl@a535ae9[Toast]:   fl=1000098
10-13 02:54:24.306 21752 21752 I ViewRootImpl@a535ae9[Toast]:   pfl=12000000
10-13 02:54:24.306 21752 21752 I ViewRootImpl@a535ae9[Toast]:   bhv=DEFAULT
10-13 02:54:24.306 21752 21752 I ViewRootImpl@a535ae9[Toast]:   fitTypes=STATUS_BARS NAVIGATION_BARS CAPTION_BAR
10-13 02:54:24.306 21752 21752 I ViewRootImpl@a535ae9[Toast]:   fitIgnoreVis naviIconColor=0}
10-13 02:54:24.306 21752 21752 I ViewRootImpl@a535ae9[Toast]: performTraversals mFirst=true windowShouldResize=false viewVisibilityChanged=false mForceNextWindowRelayout=false params={(0,13)(wrapxwrap) gr=BOTTOM CENTER sim={adjust=resize} ty=TOAST fmt=TRANSLUCENT wanim=0x1030004 surfaceInsets=Rect(11, 11 - 11, 11)
10-13 02:54:24.306 21752 21752 I ViewRootImpl@a535ae9[Toast]:   fl=1000098
10-13 02:54:24.306 21752 21752 I ViewRootImpl@a535ae9[Toast]:   pfl=12000000
10-13 02:54:24.306 21752 21752 I ViewRootImpl@a535ae9[Toast]:   bhv=DEFAULT
10-13 02:54:24.306 21752 21752 I ViewRootImpl@a535ae9[Toast]:   fitTypes=STATUS_BARS NAVIGATION_BARS CAPTION_BAR
10-13 02:54:24.306 21752 21752 I ViewRootImpl@a535ae9[Toast]:   fitIgnoreVis naviIconColor=0}
10-13 02:54:24.322 21752 21752 I ViewRootImpl@a535ae9[Toast]: updateBlastSurfaceIfNeeded mBlastBufferQueue=null isSameSurfaceControl=false
10-13 02:54:24.323 21752 21752 I BLASTBufferQueue: new BLASTBufferQueue, mName= ViewRootImpl@a535ae9[Toast] mNativeObject= 0x7b41748e00 sc.mNativeObject= 0x7b4187fb20 caller= android.view.ViewRootImpl.updateBlastSurfaceIfNeeded:2909 android.view.ViewRootImpl.relayoutWindow:9847 android.view.ViewRootImpl.performTraversals:3884 android.view.ViewRootImpl.doTraversal:3116 android.view.ViewRootImpl$TraversalRunnable.run:10885 android.view.Choreographer$CallbackRecord.run:1301 android.view.Choreographer$CallbackRecord.run:1309 android.view.Choreographer.doCallbacks:923 android.view.Choreographer.doFrame:852 android.view.Choreographer$FrameDisplayEventReceiver.run:1283 
10-13 02:54:24.323 21752 21752 I BLASTBufferQueue: update, w= 373 h= 178 mName = ViewRootImpl@a535ae9[Toast] mNativeObject= 0x7b41748e00 sc.mNativeObject= 0x7b4187fb20 format= -3 caller= android.graphics.BLASTBufferQueue.<init>:84 android.view.ViewRootImpl.updateBlastSurfaceIfNeeded:2909 android.view.ViewRootImpl.relayoutWindow:9847 android.view.ViewRootImpl.performTraversals:3884 android.view.ViewRootImpl.doTraversal:3116 android.view.ViewRootImpl$TraversalRunnable.run:10885 
10-13 02:54:24.324 21752 21752 I ViewRootImpl@a535ae9[Toast]: Relayout returned: old=(0,88,1080,2361) new=(364,2192,715,2348) req=(351,156)0 dur=16 res=0x3 s={true 0x7b0b97f000} ch=true seqId=0
10-13 02:54:24.325 21752 21752 I ViewRootImpl@a535ae9[Toast]: mThreadedRenderer.initialize() mSurface={isValid=true 0x7b0b97f000} hwInitialized=true
10-13 02:54:24.325 21752 21777 D OpenGLRenderer: eglCreateWindowSurface
10-13 02:54:24.327 21752 21752 I ViewRootImpl@a535ae9[Toast]: reportNextDraw android.view.ViewRootImpl.performTraversals:4438 android.view.ViewRootImpl.doTraversal:3116 android.view.ViewRootImpl$TraversalRunnable.run:10885 android.view.Choreographer$CallbackRecord.run:1301 android.view.Choreographer$CallbackRecord.run:1309 
10-13 02:54:24.327 21752 21752 I ViewRootImpl@a535ae9[Toast]: Setup new sync id=0
10-13 02:54:24.327 21752 21752 I ViewRootImpl@a535ae9[Toast]: Setting syncFrameCallback
10-13 02:54:24.328 21752 21752 I ViewRootImpl@a535ae9[Toast]: registerCallbacksForSync syncBuffer=false
10-13 02:54:24.330 21752 21843 I ViewRootImpl@a535ae9[Toast]: Received frameDrawingCallback syncResult=0 frameNum=1.
10-13 02:54:24.330 21752 21843 I ViewRootImpl@a535ae9[Toast]: Setting up sync and frameCommitCallback
10-13 02:54:24.333 21752 21777 I BLASTBufferQueue: [ViewRootImpl@a535ae9[Toast]#2](f:0,a:0) onFrameAvailable the first frame is available
10-13 02:54:24.334 21752 21777 I ViewRootImpl@a535ae9[Toast]: Received frameCommittedCallback lastAttemptedDrawFrameNum=1 didProduceBuffer=true
10-13 02:54:24.335 21752 21777 D OpenGLRenderer: CFMS:: SetUp Pid : 21752    Tid : 21777
10-13 02:54:24.338 21752 21752 I ViewRootImpl@a535ae9[Toast]: onSyncComplete
10-13 02:54:24.339 21752 21752 I ViewRootImpl@a535ae9[Toast]: setupSync seqId=0 mSyncId=0 fn=1 caller=android.view.ViewRootImpl$$ExternalSyntheticLambda11.accept:6 android.window.SurfaceSyncer.lambda$setupSync$1$android-window-SurfaceSyncer:128 android.window.SurfaceSyncer$$ExternalSyntheticLambda1.accept:8 android.window.SurfaceSyncer$SyncSet.checkIfSyncIsComplete:382 android.window.SurfaceSyncer$SyncSet.markSyncReady:359 android.window.SurfaceSyncer.markSyncReady:151 android.view.ViewRootImpl.performTraversals:4503 
10-13 02:54:24.339 21752 21752 I ViewRootImpl@a535ae9[Toast]: reportDrawFinished seqId=0 mSyncId=-1 fn=1 mSurfaceChangedTransaction=0x7b5c75b000
10-13 02:54:25.378 21752 21752 I ViewRootImpl@fbf792[MainActivity]: ViewPostIme pointer 0
10-13 02:54:25.435 21752 21752 I ViewRootImpl@fbf792[MainActivity]: ViewPostIme pointer 1
10-13 02:54:25.455 21752 21752 I IMM_LC  : hsifw() - flag : 0
10-13 02:54:25.455 21752 21752 I IMM_LC  : hsifw() - mService.hideSoftInput
10-13 02:54:25.589 21752 21804 I WebViewFactory: Loading com.google.android.webview version 141.0.7390.43 (code 739004333)
10-13 02:54:25.600 21752 21804 W st.cloudstream3: Failed to find entry 'classes.dex': Entry not found
10-13 02:54:25.601 21752 21804 D nativeloader: Configuring clns-6 for other apk /data/app/~~KzgKvUv1JwmzxHei_tsHXQ==/com.google.android.trichromelibrary_739004333-NHJfK8xUfQ5oC0LHEjEvPw==/base.apk. target_sdk_version=36, uses_libraries=ALL, library_path=/data/app/~~Z7EoFjMbPG94A6o-3Nb5UQ==/com.google.android.webview-eZKrupClwVmgDmxWAn78Ag==/lib/arm64:/data/app/~~Z7EoFjMbPG94A6o-3Nb5UQ==/com.google.android.webview-eZKrupClwVmgDmxWAn78Ag==/base.apk!/lib/arm64-v8a:/data/app/~~KzgKvUv1JwmzxHei_tsHXQ==/com.google.android.trichromelibrary_739004333-NHJfK8xUfQ5oC0LHEjEvPw==/base.apk!/lib/arm64-v8a, permitted_path=/data:/mnt/expand
10-13 02:54:25.602 21752 21804 D nativeloader: Extending system_exposed_libraries: libhumantracking.arcsoft.so:libPortraitDistortionCorrection.arcsoft.so:libPortraitDistortionCorrectionCali.arcsoft.so:libface_landmark.arcsoft.so:libFacialStickerEngine.arcsoft.so:libveengine.arcsoft.so:liblow_light_hdr.arcsoft.so:libhigh_dynamic_range.arcsoft.so:libFacialAttributeDetection.arcsoft.so:libBeauty_v4.camera.samsung.so:libexifa.camera.samsung.so:libjpega.camera.samsung.so:libOpenCv.camera.samsung.so:libImageScreener.camera.samsung.so:libMyFilter.camera.samsung.so:libtensorflowLite.myfilter.camera.samsung.so:libtensorflowlite_inference_api.myfilter.camera.samsung.so:libEventFinder.camera.samsung.so:libHIDTSnapJNI.camera.samsung.so:libSmartScan.camera.samsung.so:libRectify.camera.samsung.so:libDocRectifyWrapper.camera.samsung.so:libUltraWideDistortionCorrection.camera.samsung.so:libWideDistortionCorrection.camera.samsung.so:libHpr_RecGAE_cvFeature_v1.0.camera.samsung.so:libHprFace_GAE_api.camera.samsung.so:libFace_Landmark_API.camera.samsung.so:libHprFace_GAE_jn
10-13 02:54:25.612 21752 21804 D nativeloader: Configuring clns-7 for other apk /data/app/~~Z7EoFjMbPG94A6o-3Nb5UQ==/com.google.android.webview-eZKrupClwVmgDmxWAn78Ag==/base.apk. target_sdk_version=36, uses_libraries=, library_path=/data/app/~~Z7EoFjMbPG94A6o-3Nb5UQ==/com.google.android.webview-eZKrupClwVmgDmxWAn78Ag==/lib/arm64:/data/app/~~Z7EoFjMbPG94A6o-3Nb5UQ==/com.google.android.webview-eZKrupClwVmgDmxWAn78Ag==/base.apk!/lib/arm64-v8a:/data/app/~~KzgKvUv1JwmzxHei_tsHXQ==/com.google.android.trichromelibrary_739004333-NHJfK8xUfQ5oC0LHEjEvPw==/base.apk!/lib/arm64-v8a, permitted_path=/data:/mnt/expand
10-13 02:54:25.647 21752 21804 I cr_WVCFactoryProvider: version=141.0.7390.43 (739004333) minSdkVersion=29 multiprocess=true packageId=127 splits=<none>
10-13 02:54:25.654 21752 21804 D nativeloader: Load /data/app/~~KzgKvUv1JwmzxHei_tsHXQ==/com.google.android.trichromelibrary_739004333-NHJfK8xUfQ5oC0LHEjEvPw==/base.apk!/lib/arm64-v8a/libmonochrome_64.so using class loader ns clns-7 (caller=/data/app/~~Z7EoFjMbPG94A6o-3Nb5UQ==/com.google.android.webview-eZKrupClwVmgDmxWAn78Ag==/base.apk): ok
10-13 02:54:25.657 21752 21804 D nativeloader: Load /system/lib64/libwebviewchromium_plat_support.so using class loader ns clns-7 (caller=/data/app/~~Z7EoFjMbPG94A6o-3Nb5UQ==/com.google.android.webview-eZKrupClwVmgDmxWAn78Ag==/base.apk): ok
10-13 02:54:25.662 21752 21907 E chromium: [1013/025425.661665:ERROR:android_webview/browser/variations/variations_seed_loader.cc:39] Seed missing signature.
10-13 02:54:25.670 21752 21804 I cr_LibraryLoader: Successfully loaded native library
10-13 02:54:25.672 21752 21804 I cr_CachingUmaRecorder: Flushed 13 samples from 13 histograms, 0 samples were dropped.
10-13 02:54:26.028 21752 21763 I st.cloudstream3: Background concurrent copying GC freed 8932KB AllocSpace bytes, 56(1348KB) LOS objects, 50% free, 15MB/31MB, paused 462us,95us total 197.196ms
10-13 02:54:26.049 21752 21777 D OpenGLRenderer: setSurface called with nullptr
10-13 02:54:26.050 21752 21764 D InputTransport: Input channel destroyed: 'ClientS', fd=143
10-13 02:54:26.062 21752 21765 W System  : A resource failed to call close. 
10-13 02:54:26.253 21752 21777 D OpenGLRenderer: setSurface called with nullptr
10-13 02:54:26.253 21752 21777 D OpenGLRenderer: setSurface() destroyed EGLSurface
10-13 02:54:26.253 21752 21777 D OpenGLRenderer: destroyEglSurface
10-13 02:54:26.255 21752 21752 I ViewRootImpl@a535ae9[Toast]: dispatchDetachedFromWindow
10-13 02:54:26.265 21752 21752 D InputTransport: Input channel destroyed: '8b09095', fd=149
10-13 02:54:28.129 21752 21752 I ViewRootImpl@fbf792[MainActivity]: ViewPostIme pointer 0
10-13 02:54:28.493 21752 21752 I ViewRootImpl@fbf792[MainActivity]: ViewPostIme pointer 1
10-13 02:54:28.555 21752 21763 I st.cloudstream3: Background concurrent copying GC freed 8773KB AllocSpace bytes, 101(7604KB) LOS objects, 49% free, 16MB/32MB, paused 161us,215us total 178.801ms
10-13 02:54:28.570 21752 21777 D OpenGLRenderer: setSurface called with nullptr
10-13 02:54:28.908 21752 21752 I ViewRootImpl@fbf792[MainActivity]: ViewPostIme pointer 0
10-13 02:54:29.279 21752 21752 I ViewRootImpl@fbf792[MainActivity]: ViewPostIme pointer 1
10-13 02:54:30.123 21752 21752 I ViewRootImpl@fbf792[MainActivity]: ViewPostIme pointer 0
10-13 02:54:30.405 21752 21752 I ViewRootImpl@fbf792[MainActivity]: ViewPostIme pointer 1
10-13 02:54:31.050 21752 21752 I ViewRootImpl@fbf792[MainActivity]: ViewPostIme pointer 0
10-13 02:54:31.091 21752 21752 I ViewRootImpl@fbf792[MainActivity]: ViewPostIme pointer 1
10-13 02:54:31.108 21752 21752 I NavComponent: Navigating to fragment: 2131362274
10-13 02:54:31.118 21752 21752 I IMM_LC  : hsifw() - flag : 0
10-13 02:54:31.118 21752 21752 I IMM_LC  : hsifw() - mService.hideSoftInput
10-13 02:54:31.184 21752 21752 D ScrollView: initGoToTop
10-13 02:54:31.518 21752 21752 I SurfaceView@beec6f9: onWindowVisibilityChanged(0) true android.view.SurfaceView{beec6f9 V.E..V... ......I. 0,0-0,0} of ViewRootImpl@fbf792[MainActivity]
10-13 02:54:31.518 21752 21752 D SurfaceView@beec6f9: updateSurface: has no frame
10-13 02:54:31.526 21752 21752 I CS3ExoPlayer: SET STYLE = SaveCaptionStyle(foregroundColor=-1, backgroundColor=0, windowColor=0, edgeType=1, edgeColor=-16777216, typeface=null, typefaceFilePath=null, elevation=20, fixedTextSize=null, edgeSize=null, removeCaptions=false, removeBloat=true, upperCase=false, bold=false, italic=false, backgroundRadius=null)
10-13 02:54:31.541 21752 21752 D VideoClickActionHolder: allVideoClickActions: [null:com.lagradost.cloudstream3.actions.temp.PlayInBrowserAction, null:com.lagradost.cloudstream3.actions.temp.CopyClipboardAction, null:com.lagradost.cloudstream3.actions.temp.ViewM3U8Action, null:com.lagradost.cloudstream3.actions.temp.VlcPackage, null:com.lagradost.cloudstream3.actions.temp.MpvPackage, null:com.lagradost.cloudstream3.actions.temp.NextPlayerPackage, null:com.lagradost.cloudstream3.actions.temp.JustPlayerPackage, null:com.lagradost.cloudstream3.actions.temp.fcast.FcastAction, null:com.lagradost.cloudstream3.actions.temp.LibreTorrentPackage, null:com.lagradost.cloudstream3.actions.temp.BiglyBTPackage, null:com.lagradost.cloudstream3.actions.temp.VlcNightlyPackage, null:com.lagradost.cloudstream3.actions.temp.WebVideoCastPackage, null:com.lagradost.cloudstream3.actions.temp.MpvYTDLPackage, null:com.lagradost.cloudstream3.actions.temp.MpvKtPackage, null:com.lagradost.cloudstream3.actions.temp.MpvKtPreviewPackage, null:com.lagradost.cloudstream3.actions.AlwaysAskAction]
10-13 02:54:31.542 21752 21752 I IMM_LC  : hsifw() - flag : 0
10-13 02:54:31.542 21752 21752 I IMM_LC  : hsifw() - mService.hideSoftInput
10-13 02:54:31.544 21752 21811 I SYNCVM  : addFromUrl = https://tv6.egydead.live/%d9%85%d8%b4%d8%a7%d9%87%d8%af%d8%a9-%d9%81%d9%8a%d9%84%d9%85-mantis-2025-%d9%85%d8%aa%d8%b1%d8%ac%d9%85/
10-13 02:54:31.545 21752 21811 I SYNCUTIL: getIdsFromUrl https://tv6.egydead.live/%d9%85%d8%b4%d8%a7%d9%87%d8%af%d8%a9-%d9%81%d9%8a%d9%84%d9%85-mantis-2025-%d9%85%d8%aa%d8%b1%d8%ac%d9%85/
10-13 02:54:31.561 21752 21752 I SurfaceView@beec6f9: onWindowVisibilityChanged(8) false android.view.SurfaceView{beec6f9 V.E..V... ......I. 0,0-0,0} of ViewRootImpl@fbf792[MainActivity]
10-13 02:54:31.561 21752 21752 D SurfaceView@beec6f9: updateSurface: has no frame
10-13 02:54:31.561 21752 21752 D SurfaceView@beec6f9: updateSurface: has no frame
10-13 02:54:31.561 21752 21752 I SurfaceView@beec6f9: onDetachedFromWindow: tryReleaseSurfaces()
10-13 02:54:31.561 21752 21752 I SurfaceView@beec6f9: releaseSurfaces: viewRoot = ViewRootImpl@fbf792[MainActivity]
10-13 02:54:31.562 21752 21752 I SurfaceView@beec6f9: applyTransactionOnVriDraw: vri = ViewRootImpl@fbf792[MainActivity] fRS = true t = 0x7b2f39ad00 android.view.SurfaceView.releaseSurfaces:858 android.view.SurfaceView.onDetachedFromWindow:500 android.view.View.dispatchDetachedFromWindow:22538 
10-13 02:54:31.562 21752 21752 I SurfaceView@beec6f9: applyTransactionOnVriDraw: viewRoot.applyTransactionOnDrawFromReleaseSurfaces
10-13 02:54:31.562 21752 21752 I ViewRootImpl@fbf792[MainActivity]: applyTransactionOnDraw: mRemoved = false isHardwareEnabled = true t = 0x7b2f39ad00android.view.ViewRootImpl.applyTransactionOnDrawFromReleaseSurfaces:12850 android.view.SurfaceView.applyTransactionOnVriDraw:2046 android.view.SurfaceView.releaseSurfaces:858 android.view.SurfaceView.onDetachedFromWindow:500 android.view.View.dispatchDetachedFromWindow:22538 
10-13 02:54:31.564 21752 21752 I SurfaceView@beec6f9: onWindowVisibilityChanged(0) true android.view.SurfaceView{beec6f9 V.E..V... ......I. 0,0-0,0} of ViewRootImpl@fbf792[MainActivity]
10-13 02:54:31.564 21752 21752 D SurfaceView@beec6f9: updateSurface: has no frame
10-13 02:54:31.571 21752 21752 I DecorView: notifyKeepScreenOnChanged: keepScreenOn=false
10-13 02:54:31.588 21752 21752 I CS3ExoPlayer: reloadPlayer
10-13 02:54:31.588 21752 21752 I CS3ExoPlayer: releasePlayer
10-13 02:54:31.588 21752 21752 I CS3ExoPlayer: Handle event: PlayerAttachedEvent(player=null, source=Player)
10-13 02:54:31.596 21752 21752 I ViewRootImpl@fbf792[MainActivity]: performTraversals params={(0,0)(fillxfill) sim={state=always_hidden adjust=resize} ty=BASE_APPLICATION wanim=0x1030309
10-13 02:54:31.596 21752 21752 I ViewRootImpl@fbf792[MainActivity]:   fl=85810100
10-13 02:54:31.596 21752 21752 I ViewRootImpl@fbf792[MainActivity]:   pfl=12020040
10-13 02:54:31.596 21752 21752 I ViewRootImpl@fbf792[MainActivity]:   vsysui=500
10-13 02:54:31.596 21752 21752 I ViewRootImpl@fbf792[MainActivity]:   bhv=DEFAULT
10-13 02:54:31.596 21752 21752 I ViewRootImpl@fbf792[MainActivity]:   fitSides= naviIconColor=0}
10-13 02:54:31.596 21752 21752 I ViewRootImpl@fbf792[MainActivity]: performTraversals mFirst=false windowShouldResize=false viewVisibilityChanged=false mForceNextWindowRelayout=false params={(0,0)(fillxfill) sim={state=always_hidden adjust=resize} ty=BASE_APPLICATION fmt=TRANSLUCENT wanim=0x1030309
10-13 02:54:31.596 21752 21752 I ViewRootImpl@fbf792[MainActivity]:   fl=85810100
10-13 02:54:31.596 21752 21752 I ViewRootImpl@fbf792[MainActivity]:   pfl=12020040
10-13 02:54:31.596 21752 21752 I ViewRootImpl@fbf792[MainActivity]:   vsysui=500
10-13 02:54:31.596 21752 21752 I ViewRootImpl@fbf792[MainActivity]:   bhv=DEFAULT
10-13 02:54:31.596 21752 21752 I ViewRootImpl@fbf792[MainActivity]:   fitSides= naviIconColor=0}
10-13 02:54:31.605 21752 21752 I ViewRootImpl@fbf792[MainActivity]: updateBlastSurfaceIfNeeded mBlastBufferQueue=0x7b41747f00 isSameSurfaceControl=true
10-13 02:54:31.605 21752 21752 I BLASTBufferQueue: update, w= 1080 h= 2400 mName = ViewRootImpl@fbf792[MainActivity] mNativeObject= 0x7b41747f00 sc.mNativeObject= 0x7b0f0b9780 format= -3 caller= android.view.ViewRootImpl.updateBlastSurfaceIfNeeded:2898 android.view.ViewRootImpl.relayoutWindow:9847 android.view.ViewRootImpl.performTraversals:3884 android.view.ViewRootImpl.doTraversal:3116 android.view.ViewRootImpl$TraversalRunnable.run:10885 android.view.Choreographer$CallbackRecord.run:1301 
10-13 02:54:31.605 21752 21752 I ViewRootImpl@fbf792[MainActivity]: Relayout returned: old=(0,0,1080,2400) new=(0,0,1080,2400) req=(1080,2400)0 dur=9 res=0x0 s={true 0x7b5c596800} ch=false seqId=0
10-13 02:54:31.607 21752 21752 W View    : requestLayout() improperly called by android.widget.FrameLayout{156ff70 I.E..V... ......I. 0,0-0,0 #7f0a04e7 app:id/start_panel} during layout: running second layout pass
10-13 02:54:31.607 21752 21752 W View    : requestLayout() improperly called by android.widget.FrameLayout{47f12e9 I.E..V... ......ID 1080,0-1080,2143 #7f0a0168 app:id/end_panel} during layout: running second layout pass
10-13 02:54:31.609 21752 21752 D SurfaceView@beec6f9: updateSurface: has no frame
10-13 02:54:31.615 21752 21842 I ViewRootImpl@fbf792[MainActivity]: mWNT: t=0x7b2f39ad00 mBlastBufferQueue=0x7b41747f00 fn= 751 caller= android.view.ViewRootImpl.lambda$applyTransactionOnDraw$11$android-view-ViewRootImpl:12865 android.view.ViewRootImpl$$ExternalSyntheticLambda1.onFrameDraw:4 android.graphics.HardwareRenderer$FrameDrawingCallback.onFrameDraw:924 
10-13 02:54:31.619 21752 21752 D SurfaceView@beec6f9: updateSurface: has no frame
10-13 02:54:31.643 21752 21752 D SurfaceView@beec6f9: updateSurface: has no frame
10-13 02:54:31.667 21752 21752 D SurfaceView@beec6f9: updateSurface: has no frame
10-13 02:54:31.700 21752 21752 D SurfaceView@beec6f9: updateSurface: has no frame
10-13 02:54:31.714 21752 21752 D SurfaceView@beec6f9: updateSurface: has no frame
10-13 02:54:31.727 21752 21752 D SurfaceView@beec6f9: updateSurface: has no frame
10-13 02:54:31.739 21752 21752 D SurfaceView@beec6f9: updateSurface: has no frame
10-13 02:54:31.771 21752 21752 D SurfaceView@beec6f9: updateSurface: has no frame
10-13 02:54:31.789 21752 21752 D SurfaceView@beec6f9: updateSurface: has no frame
10-13 02:54:31.802 21752 21752 D SurfaceView@beec6f9: updateSurface: has no frame
10-13 02:54:31.819 21752 21752 D SurfaceView@beec6f9: updateSurface: has no frame
10-13 02:54:31.838 21752 21752 D SurfaceView@beec6f9: updateSurface: has no frame
10-13 02:54:31.852 21752 21752 D SurfaceView@beec6f9: updateSurface: has no frame
10-13 02:54:31.869 21752 21752 D SurfaceView@beec6f9: updateSurface: has no frame
10-13 02:54:31.880 21752 21803 I RVM2    : applyMeta
10-13 02:54:31.886 21752 21752 D SurfaceView@beec6f9: updateSurface: has no frame
10-13 02:54:31.902 21752 21752 D SurfaceView@beec6f9: updateSurface: has no frame
10-13 02:54:31.919 21752 21752 D SurfaceView@beec6f9: updateSurface: has no frame
10-13 02:54:31.935 21752 21752 D SurfaceView@beec6f9: updateSurface: has no frame
10-13 02:54:31.952 21752 21752 D SurfaceView@beec6f9: updateSurface: has no frame
10-13 02:54:31.969 21752 21752 D SurfaceView@beec6f9: updateSurface: has no frame
10-13 02:54:31.985 21752 21752 D SurfaceView@beec6f9: updateSurface: has no frame
10-13 02:54:32.002 21752 21752 D SurfaceView@beec6f9: updateSurface: has no frame
10-13 02:54:32.019 21752 21752 D SurfaceView@beec6f9: updateSurface: has no frame
10-13 02:54:32.035 21752 21752 D SurfaceView@beec6f9: updateSurface: has no frame
10-13 02:54:32.052 21752 21752 D SurfaceView@beec6f9: updateSurface: has no frame
10-13 02:54:32.069 21752 21752 D SurfaceView@beec6f9: updateSurface: has no frame
10-13 02:54:32.085 21752 21752 D SurfaceView@beec6f9: updateSurface: has no frame
10-13 02:54:32.102 21752 21752 D SurfaceView@beec6f9: updateSurface: has no frame
10-13 02:54:32.119 21752 21752 D SurfaceView@beec6f9: updateSurface: has no frame
10-13 02:54:32.136 21752 21752 D SurfaceView@beec6f9: updateSurface: has no frame
10-13 02:54:32.152 21752 21752 D SurfaceView@beec6f9: updateSurface: has no frame
10-13 02:54:32.168 21752 21752 D SurfaceView@beec6f9: updateSurface: has no frame
10-13 02:54:32.185 21752 21752 D SurfaceView@beec6f9: updateSurface: has no frame
10-13 02:54:32.190 21752 21752 W PanelsChildGestureRegionObserver: failed to register view with ID 2131362800. already registered
10-13 02:54:32.193 21752 21752 E CoilImgLoader: Error loading image: coil3.request.NullRequestDataException: The request's data is null.
10-13 02:54:32.199 21752 21752 E CoilImgLoader: Error loading image: coil3.request.NullRequestDataException: The request's data is null.
10-13 02:54:32.238 21752 21801 I SYNCVM  : addFromUrl = https://tv6.egydead.live/%d9%85%d8%b4%d8%a7%d9%87%d8%af%d8%a9-%d9%81%d9%8a%d9%84%d9%85-mantis-2025-%d9%85%d8%aa%d8%b1%d8%ac%d9%85/
10-13 02:54:32.238 21752 21801 I SYNCUTIL: getIdsFromUrl https://tv6.egydead.live/%d9%85%d8%b4%d8%a7%d9%87%d8%af%d8%a9-%d9%81%d9%8a%d9%84%d9%85-mantis-2025-%d9%85%d8%aa%d8%b1%d8%ac%d9%85/
10-13 02:54:32.251 21752 21752 D SurfaceView@beec6f9: updateSurface: has no frame
10-13 02:54:32.252 21752 21752 I SurfaceView@beec6f9: Changes: creating=true format=true size=true visible=true alpha=false hint=false mUseAlpha=false visible=true left=true top=true
10-13 02:54:32.256 21752 21752 I BLASTBufferQueue: update, w= 1080 h= 525 mName = null mNativeObject= 0x7bed8d1a00 sc.mNativeObject= 0x7b0f0bd060 format= 4 caller= android.view.SurfaceView.createBlastSurfaceControls:1383 android.view.SurfaceView.updateSurface:1079 android.view.SurfaceView.lambda$new$0$android-view-SurfaceView:200 android.view.SurfaceView$$ExternalSyntheticLambda5.onPreDraw:2 android.view.ViewTreeObserver.dispatchOnPreDraw:1121 android.view.ViewRootImpl.performTraversals:4442 
10-13 02:54:32.256 21752 21752 I SurfaceView@beec6f9: 200197881 Cur surface: Surface(name=null)/@0xf2a5546
10-13 02:54:32.256 21752 21752 I SurfaceView@beec6f9: pST: sr = Rect(0, 218 - 1080, 743) sw = 1080 sh = 525
10-13 02:54:32.256 21752 21752 D SurfaceView@beec6f9: performSurfaceTransaction RenderWorker position = [0, 218, 1080, 743] surfaceSize = 1080x525
10-13 02:54:32.256 21752 21752 I SurfaceView@beec6f9: applyTransactionOnVriDraw: vri = ViewRootImpl@fbf792[MainActivity] fRS = false t = 0x7bed84fd00 android.view.SurfaceView.performSurfaceTransaction:959 android.view.SurfaceView.updateSurface:1105 android.view.SurfaceView.lambda$new$0$android-view-SurfaceView:200 
10-13 02:54:32.256 21752 21752 I ViewRootImpl@fbf792[MainActivity]: applyTransactionOnDraw: mRemoved = false isHardwareEnabled = true t = 0x7bed84fd00android.view.SurfaceView.applyTransactionOnVriDraw:2048 android.view.SurfaceView.performSurfaceTransaction:959 android.view.SurfaceView.updateSurface:1105 android.view.SurfaceView.lambda$new$0$android-view-SurfaceView:200 android.view.SurfaceView$$ExternalSyntheticLambda5.onPreDraw:2 
10-13 02:54:32.256 21752 21752 I SurfaceView@beec6f9: updateSurface: mVisible = true mSurface.isValid() = true
10-13 02:54:32.256 21752 21752 I SurfaceView@beec6f9: updateSurface: mSurfaceCreated = false surfaceChanged = true visibleChanged = true
10-13 02:54:32.257 21752 21752 I SurfaceView@beec6f9: visibleChanged -- surfaceCreated
10-13 02:54:32.257 21752 21752 I SurfaceView@beec6f9: surfaceCreated 0 #8 android.view.SurfaceView{beec6f9 V.E..V... ......ID 0,0-1080,525}
10-13 02:54:32.257 21752 21752 I SurfaceView@beec6f9: surfaceChanged -- format=4 w=1080 h=525
10-13 02:54:32.257 21752 21752 I SurfaceView@beec6f9: surfaceChanged (1080,525) 0 #8 android.view.SurfaceView{beec6f9 V.E..V... ......ID 0,0-1080,525}
10-13 02:54:32.257 21752 21752 I SurfaceView@beec6f9: surfaceRedrawNeeded
10-13 02:54:32.257 21752 21752 V SurfaceView@beec6f9: Layout: x=0 y=218 w=1080 h=525, frame=Rect(0, 0 - 1080, 525)
10-13 02:54:32.267 21752 21843 D SurfaceView@beec6f9: updateSurfacePosition RenderWorker, frameNr = 785, position = [0, 218, 1080, 743] surfaceSize = 1080x525
10-13 02:54:32.267 21752 21843 I SurfaceView@beec6f9: uSP: rtp = Rect(0, 218 - 1080, 743) rtsw = 1080 rtsh = 525
10-13 02:54:32.267 21752 21843 I SurfaceView@beec6f9: onSSPAndSRT: pl = 0 pt = 218 sx = 1.0 sy = 1.0
10-13 02:54:32.268 21752 21843 I SurfaceView@beec6f9: aOrMT: ViewRootImpl@fbf792[MainActivity] t = android.view.SurfaceControl$Transaction@f6ed7a0 fN = 785 android.view.SurfaceView.-$$Nest$mapplyOrMergeTransaction:0 android.view.SurfaceView$SurfaceViewPositionUpdateListener.positionChanged:1537 android.graphics.RenderNode$CompositePositionUpdateListener.positionChanged:373 
10-13 02:54:32.268 21752 21843 I ViewRootImpl@fbf792[MainActivity]: mWNT: t=0x7b2f39b000 mBlastBufferQueue=0x7b41747f00 fn= 785 caller= android.view.SurfaceView.applyOrMergeTransaction:1455 android.view.SurfaceView.-$$Nest$mapplyOrMergeTransaction:0 android.view.SurfaceView$SurfaceViewPositionUpdateListener.positionChanged:1537 
10-13 02:54:32.268 21752 21843 I ViewRootImpl@fbf792[MainActivity]: mWNT: t=0x7bed84fd00 mBlastBufferQueue=0x7b41747f00 fn= 785 caller= android.view.ViewRootImpl.lambda$applyTransactionOnDraw$11$android-view-ViewRootImpl:12865 android.view.ViewRootImpl$$ExternalSyntheticLambda1.onFrameDraw:4 android.graphics.HardwareRenderer$FrameDrawingCallback.onFrameDraw:924 
10-13 02:54:32.292 21752 21752 I SurfaceView@beec6f9: finishedDrawing
10-13 02:54:33.059 21752 21752 I ViewRootImpl@fbf792[MainActivity]: ViewPostIme pointer 0
10-13 02:54:33.609 21752 21752 I Dialog  : mIsDeviceDefault = false, mIsSamsungBasicInteraction = false, isMetaDataInActivity = false
10-13 02:54:33.652 21752 21752 I DecorView: [INFO] isPopOver=false config=false
10-13 02:54:33.652 21752 21752 I DecorView: updateCaptionType: isFloating=false isApplication=true hasWindowDecorCaption=false this=DecorView@29ea600[]
10-13 02:54:33.652 21752 21752 D DecorView: setCaptionType = 0, this = DecorView@29ea600[]
10-13 02:54:33.654 21752 21752 I DecorView: getCurrentDensityDpi: from app context. densityDpi=420 msg=resources_loaded
10-13 02:54:33.654 21752 21752 I DecorView: setWindowBackground: isPopOver=false color=0 d=android.graphics.drawable.ColorDrawable@2ca2c7e
10-13 02:54:33.663 21752 21777 D NativeCustomFrequencyManager: [NativeCFMS] BpCustomFrequencyManager::BpCustomFrequencyManager()
10-13 02:54:33.664 21752 21752 I DecorView: notifyKeepScreenOnChanged: keepScreenOn=false
10-13 02:54:33.676 21752 21752 D InsetsController: onStateChanged: InsetsState: {mDisplayFrame=Rect(0, 0 - 1080, 2400), mDisplayCutout=DisplayCutout{insets=Rect(0, 88 - 0, 0) waterfall=Insets{left=0, top=0, right=0, bottom=0} boundingRect={Bounds=[Rect(0, 0 - 0, 0), Rect(512, 0 - 568, 88), Rect(0, 0 - 0, 0), Rect(0, 0 - 0, 0)]} cutoutPathParserInfo={CutoutPathParserInfo{displayWidth=1080 displayHeight=2400 physicalDisplayWidth=1080 physicalDisplayHeight=2400 density={2.625} cutoutSpec={M 0,0 M 0,12.25101276465640 a 10.60613009248640,10.60613009248640 0 1,0 0,21.21226018497290 a 10.60613009248640,10.60613009248640 0 1,0 0,-21.21226018497290 Z @dp} rotation={0} scale={1.0} physicalPixelDisplaySizeRatio={1.0}}}}, mRoundedCorners=RoundedCorners{[RoundedCorner{position=TopLeft, radius=84, center=Point(84, 84)}, RoundedCorner{position=TopRight, radius=84, center=Point(996, 84)}, RoundedCorner{position=BottomRight, radius=84, center=Point(996, 2316)}, RoundedCorner{position=BottomLeft, radius=84, center=Point(84, 2316)}]}  mRoundedCornerFrame=Rect(0, 0 - 1080, 2400), mPrivacyIndicatorBounds=PrivacyIndicatorBounds {static bounds=Rect(964, 0 - 1080, 87) rotation=0}, mSources= { InsetsSource: {mType=ITYPE_STATUS_BAR, mFrame=[0,0][1080,88], mVisible=true, mInsetsRoundedCornerFrame=false}, InsetsSource: {mType=ITYPE_NAVIGATION_BAR, mFrame=[0,2361][1080,2400], mVisible=true, mInsetsRoundedCornerFrame=false}, InsetsSource: {mType=ITYPE_LEFT_GESTURES, mFrame=[0,0][130,2400], mVisible=true, mInsetsRoundedCornerFrame=false}, InsetsSource: {mType=ITYPE_RIGHT_GESTURES, mFrame=[950,0][1080,2400], mVisible=true, mInsetsRoundedCornerFrame=false}, InsetsSource: {mType=ITYPE_TOP_MANDATORY_GESTURES, mFrame=[0,0][1080,120], mVisible=true, mInsetsRoundedCornerFrame=false}, InsetsSource: {mType=ITYPE_BOTTOM_MANDATORY_GESTURES, mFrame=[0,2316][1080,2400], mVisible=true, mInsetsRoundedCornerFrame=false}, InsetsSource: {mType=ITYPE_LEFT_DISPLAY_CUTOUT, mFrame=[0,0][-100000,2400], mVisible=true, mInsetsRoundedCornerFrame=false}, InsetsSource: {mType=ITYPE_TOP_DISPLAY_CUTOUT, mFrame=[0,0][1080,88], mVisible=true, mInsetsRoundedCornerFrame=false}, InsetsSource: {mType=ITYPE_RIGHT_DISPLAY_CUTOUT, mFrame=[100000,0][1080,2400], mVisible=true, mInsetsRoundedCornerFrame=false}, InsetsSource: {mType=ITYPE_BOTTOM_DISPLAY_CUTOUT, mFrame=[0,100000][1080,2400], mVisible=true, mInsetsRoundedCornerFrame=false}, InsetsSource: {mType=ITYPE_TOP_TAPPABLE_ELEMENT, mFrame=[0,0][1080,88], mVisible=true, mInsetsRoundedCornerFrame=false}, InsetsSource: {mType=ITYPE_BOTTOM_TAPPABLE_ELEMENT, mFrame=[0,0][0,0], mVisible=true, mInsetsRoundedCornerFrame=false}, InsetsSource: {mType=ITYPE_IME, mFrame=[0,0][0,0], mVisibleFrame=[0,1409][1080,2400], mVisible=false, mInsetsRoundedCornerFrame=false} } host=com.lagradost.cloudstream3/com.lagradost.cloudstream3.MainActivity from=android.view.ViewRootImpl.setView:1732
10-13 02:54:33.678 21752 21752 I ViewRootImpl@14651d7[MainActivity]: setView = com.android.internal.policy.DecorView@29ea600 TM=true
10-13 02:54:33.693 21752 21752 I ViewRootImpl@14651d7[MainActivity]: performTraversals params={(0,0)(fillxfill) gr=CENTER sim={adjust=resize forwardNavigation} ty=APPLICATION fmt=TRANSPARENT wanim=0x7f14000b
10-13 02:54:33.693 21752 21752 I ViewRootImpl@14651d7[MainActivity]:   fl=85810100
10-13 02:54:33.693 21752 21752 I ViewRootImpl@14651d7[MainActivity]:   pfl=12020040
10-13 02:54:33.693 21752 21752 I ViewRootImpl@14651d7[MainActivity]:   vsysui=500
10-13 02:54:33.693 21752 21752 I ViewRootImpl@14651d7[MainActivity]:   bhv=DEFAULT
10-13 02:54:33.693 21752 21752 I ViewRootImpl@14651d7[MainActivity]:   fitSides= naviIconColor=0}
10-13 02:54:33.694 21752 21752 I ViewRootImpl@14651d7[MainActivity]: performTraversals mFirst=true windowShouldResize=true viewVisibilityChanged=false mForceNextWindowRelayout=false params={(0,0)(fillxfill) gr=CENTER sim={adjust=resize forwardNavigation} ty=APPLICATION fmt=TRANSPARENT wanim=0x7f14000b
10-13 02:54:33.694 21752 21752 I ViewRootImpl@14651d7[MainActivity]:   fl=85810100
10-13 02:54:33.694 21752 21752 I ViewRootImpl@14651d7[MainActivity]:   pfl=12020040
10-13 02:54:33.694 21752 21752 I ViewRootImpl@14651d7[MainActivity]:   vsysui=500
10-13 02:54:33.694 21752 21752 I ViewRootImpl@14651d7[MainActivity]:   bhv=DEFAULT
10-13 02:54:33.694 21752 21752 I ViewRootImpl@14651d7[MainActivity]:   fitSides= naviIconColor=0}
10-13 02:54:33.707 21752 21752 I ViewRootImpl@14651d7[MainActivity]: updateBlastSurfaceIfNeeded mBlastBufferQueue=null isSameSurfaceControl=false
10-13 02:54:33.708 21752 21752 I BLASTBufferQueue: new BLASTBufferQueue, mName= ViewRootImpl@14651d7[MainActivity] mNativeObject= 0x7bed8cf600 sc.mNativeObject= 0x7b0f1cbb80 caller= android.view.ViewRootImpl.updateBlastSurfaceIfNeeded:2909 android.view.ViewRootImpl.relayoutWindow:9847 android.view.ViewRootImpl.performTraversals:3884 android.view.ViewRootImpl.doTraversal:3116 android.view.ViewRootImpl$TraversalRunnable.run:10885 android.view.Choreographer$CallbackRecord.run:1301 android.view.Choreographer$CallbackRecord.run:1309 android.view.Choreographer.doCallbacks:923 android.view.Choreographer.doFrame:852 android.view.Choreographer$FrameDisplayEventReceiver.run:1283 
10-13 02:54:33.708 21752 21752 I BLASTBufferQueue: update, w= 1080 h= 2400 mName = ViewRootImpl@14651d7[MainActivity] mNativeObject= 0x7bed8cf600 sc.mNativeObject= 0x7b0f1cbb80 format= -2 caller= android.graphics.BLASTBufferQueue.<init>:84 android.view.ViewRootImpl.updateBlastSurfaceIfNeeded:2909 android.view.ViewRootImpl.relayoutWindow:9847 android.view.ViewRootImpl.performTraversals:3884 android.view.ViewRootImpl.doTraversal:3116 android.view.ViewRootImpl$TraversalRunnable.run:10885 
10-13 02:54:33.708 21752 21752 I ViewRootImpl@14651d7[MainActivity]: Relayout returned: old=(0,0,1080,2400) new=(0,0,1080,2400) req=(1080,2400)0 dur=13 res=0x3 s={true 0x7bdd39d000} ch=true seqId=0
10-13 02:54:33.709 21752 21752 I ViewRootImpl@14651d7[MainActivity]: mThreadedRenderer.initialize() mSurface={isValid=true 0x7bdd39d000} hwInitialized=true
10-13 02:54:33.710 21752 21777 D OpenGLRenderer: eglCreateWindowSurface
10-13 02:54:33.739 21752 21752 D AbsListView:  in onLayout changed 
10-13 02:54:33.741 21752 21752 I ViewRootImpl@14651d7[MainActivity]: reportNextDraw android.view.ViewRootImpl.performTraversals:4438 android.view.ViewRootImpl.doTraversal:3116 android.view.ViewRootImpl$TraversalRunnable.run:10885 android.view.Choreographer$CallbackRecord.run:1301 android.view.Choreographer$CallbackRecord.run:1309 
10-13 02:54:33.741 21752 21752 I ViewRootImpl@14651d7[MainActivity]: Setup new sync id=0
10-13 02:54:33.741 21752 21752 I ViewRootImpl@14651d7[MainActivity]: Setting syncFrameCallback
10-13 02:54:33.741 21752 21752 I ViewRootImpl@14651d7[MainActivity]: registerCallbacksForSync syncBuffer=false
10-13 02:54:33.745 21752 21842 I ViewRootImpl@14651d7[MainActivity]: Received frameDrawingCallback syncResult=0 frameNum=1.
10-13 02:54:33.745 21752 21842 I ViewRootImpl@14651d7[MainActivity]: Setting up sync and frameCommitCallback
10-13 02:54:33.752 21752 21777 I BLASTBufferQueue: [ViewRootImpl@14651d7[MainActivity]#4](f:0,a:0) onFrameAvailable the first frame is available
10-13 02:54:33.753 21752 21777 I ViewRootImpl@14651d7[MainActivity]: Received frameCommittedCallback lastAttemptedDrawFrameNum=1 didProduceBuffer=true
10-13 02:54:33.755 21752 21777 D OpenGLRenderer: CFMS:: SetUp Pid : 21752    Tid : 21777
10-13 02:54:33.760 21752 21752 I ViewRootImpl@14651d7[MainActivity]: onSyncComplete
10-13 02:54:33.761 21752 21752 I ViewRootImpl@14651d7[MainActivity]: setupSync seqId=0 mSyncId=0 fn=1 caller=android.view.ViewRootImpl$$ExternalSyntheticLambda11.accept:6 android.window.SurfaceSyncer.lambda$setupSync$1$android-window-SurfaceSyncer:128 android.window.SurfaceSyncer$$ExternalSyntheticLambda1.accept:8 android.window.SurfaceSyncer$SyncSet.checkIfSyncIsComplete:382 android.window.SurfaceSyncer$SyncSet.markSyncReady:359 android.window.SurfaceSyncer.markSyncReady:151 android.view.ViewRootImpl.performTraversals:4503 
10-13 02:54:33.761 21752 21752 I ViewRootImpl@14651d7[MainActivity]: reportDrawFinished seqId=0 mSyncId=-1 fn=1 mSurfaceChangedTransaction=0x7b2f39b700
10-13 02:54:33.764 21752 21752 I ViewRootImpl@fbf792[MainActivity]: MSG_WINDOW_FOCUS_CHANGED 0 0
10-13 02:54:33.816 21752 21752 I ViewRootImpl@fbf792[MainActivity]: ViewPostIme pointer 1
10-13 02:54:33.821 21752 21752 I ViewRootImpl@14651d7[MainActivity]: MSG_WINDOW_FOCUS_CHANGED 1 0
10-13 02:54:33.821 21752 21752 I ViewRootImpl@14651d7[MainActivity]: mThreadedRenderer.initializeIfNeeded()#2 mSurface={isValid=true 0x7bdd39d000}
10-13 02:54:33.822 21752 21752 D InputMethodManager: startInputInner - Id : 0
10-13 02:54:33.823 21752 21752 I InputMethodManager: startInputInner - mService.startInputOrWindowGainedFocus
10-13 02:54:34.728 21752 21752 I ViewRootImpl@14651d7[MainActivity]: ViewPostIme pointer 0
10-13 02:54:34.752 21752 21752 I ViewRootImpl@14651d7[MainActivity]: ViewPostIme pointer 1
10-13 02:54:34.753 21752 21752 D AbsListView: onTouchUp() mTouchMode : 0
10-13 02:54:34.832 21752 21752 I MSHandlerLifeCycle: removeMultiSplitHandler: no exist. decor=DecorView@29ea600[MainActivity]
10-13 02:54:34.833 21752 21777 D OpenGLRenderer: setSurface called with nullptr
10-13 02:54:34.834 21752 21777 D OpenGLRenderer: setSurface() destroyed EGLSurface
10-13 02:54:34.834 21752 21777 D OpenGLRenderer: destroyEglSurface
10-13 02:54:34.836 21752 21777 D OpenGLRenderer: endAllActiveAnimators on 0x7b0f2e9500 (MaterialTextView) with handle 0x7b674c0ae0
10-13 02:54:34.836 21752 21752 I ViewRootImpl@14651d7[MainActivity]: dispatchDetachedFromWindow
10-13 02:54:34.859 21752 21752 D InputTransport: Input channel destroyed: '5db4127', fd=163
10-13 02:54:34.861 21752 21752 I Dialog  : mIsDeviceDefault = false, mIsSamsungBasicInteraction = false, isMetaDataInActivity = false
10-13 02:54:34.925 21752 21752 I DecorView: [INFO] isPopOver=false config=false
10-13 02:54:34.925 21752 21752 I DecorView: updateCaptionType: isFloating=false isApplication=true hasWindowDecorCaption=false this=DecorView@4020c7a[]
10-13 02:54:34.925 21752 21752 D DecorView: setCaptionType = 0, this = DecorView@4020c7a[]
10-13 02:54:34.927 21752 21752 I DecorView: getCurrentDensityDpi: from app context. densityDpi=420 msg=resources_loaded
10-13 02:54:34.927 21752 21752 I DecorView: setWindowBackground: isPopOver=false color=0 d=android.graphics.drawable.ColorDrawable@d689888
10-13 02:54:34.934 21752 21777 D NativeCustomFrequencyManager: [NativeCFMS] BpCustomFrequencyManager::BpCustomFrequencyManager()
10-13 02:54:34.935 21752 21752 I DecorView: notifyKeepScreenOnChanged: keepScreenOn=false
