--------- beginning of main
10-12 19:12:18.789 24290 24290 D InputTransport: Input channel destroyed: '8d2395c', fd=129
10-12 19:12:18.813 24290 24290 I ViewRootImpl@5436a19[MainActivity]: MSG_WINDOW_FOCUS_CHANGED 1 0
10-12 19:12:18.813 24290 24290 I ViewRootImpl@5436a19[MainActivity]: mThreadedRenderer.initializeIfNeeded()#2 mSurface={isValid=true 0x7b5c37c800}
10-12 19:12:18.816 24290 24290 D InputMethodManager: startInputInner - Id : 0
10-12 19:12:18.816 24290 24290 I InputMethodManager: startInputInner - mService.startInputOrWindowGainedFocus
10-12 19:12:19.260 24290 24290 I ViewRootImpl@5436a19[MainActivity]: ViewPostIme pointer 0
10-12 19:12:19.347 24290 24290 D WindowOnBackDispatcher: onBackInvoked, viewRoot=ViewRootImpl@3567fad[MainActivity], callback=androidx.activity.OnBackPressedDispatcher$Api33Impl$$ExternalSyntheticLambda0@a51f690
10-12 19:12:19.355 24290 24290 I IMM_LC  : hsifw() - flag : 0
10-12 19:12:19.355 24290 24290 I IMM_LC  : hsifw() - mService.hideSoftInput
10-12 19:12:19.364 24290 24290 D ScrollView: initGoToTop
10-12 19:12:19.402 24290 24290 E CoilImgLoader: Error loading image: coil3.request.NullRequestDataException: The request's data is null.
10-12 19:12:19.418 24290 24290 D ScrollView:  onsize change changed 
10-12 19:12:20.227 24290 24290 I ViewRootImpl@5436a19[MainActivity]: ViewPostIme pointer 0
10-12 19:12:20.276 24290 24290 I ViewRootImpl@5436a19[MainActivity]: ViewPostIme pointer 1
10-12 19:12:20.292 24290 24290 I NavComponent: Navigating to fragment: 2131361879
10-12 19:12:20.298 24290 24290 I IMM_LC  : hsifw() - flag : 0
10-12 19:12:20.298 24290 24290 I IMM_LC  : hsifw() - mService.hideSoftInput
10-12 19:12:21.063 24290 24290 I ViewRootImpl@5436a19[MainActivity]: ViewPostIme pointer 0
10-12 19:12:21.120 24290 24290 I ViewRootImpl@5436a19[MainActivity]: ViewPostIme pointer 1
10-12 19:12:21.133 24290 24290 I IMM_LC  : hsifw() - flag : 0
10-12 19:12:21.133 24290 24290 I IMM_LC  : hsifw() - mService.hideSoftInput
10-12 19:12:21.240 24290 24299 W st.cloudstream3: Cleared Reference was only reachable from finalizer (only reported once)
10-12 19:12:21.299 24290 24290 I PLG     : updatePluginList = https://raw.githubusercontent.com/adamwolker21/DZ/refs/heads/master/repo.json
10-12 19:12:21.299 24290 24290 I PLG     : getPlugins = https://raw.githubusercontent.com/adamwolker21/DZ/refs/heads/master/repo.json
10-12 19:12:21.323 24290 24299 I st.cloudstream3: Background concurrent copying GC freed 18MB AllocSpace bytes, 85(3640KB) LOS objects, 49% free, 12MB/25MB, paused 429us,81us total 197.268ms
10-12 19:12:21.333 24290 24315 D OpenGLRenderer: setSurface called with nullptr
10-12 19:12:21.333 24290 24300 D InputTransport: Input channel destroyed: 'ClientS', fd=129
10-12 19:12:21.491 24290 24340 D VotingApi: Requesting: https://counterapi.com/api/cs-raw.githubusercontent.com-adamwolker21-DZ/vote/806f9e9bb0fe6eed948cf51910bda7c7a4f4470876514f9eb99299b4b4e46db4?readOnly=true
10-12 19:12:21.940 24290 24290 I ViewRootImpl@5436a19[MainActivity]: ViewPostIme pointer 0
10-12 19:12:22.031 24290 24290 I ViewRootImpl@5436a19[MainActivity]: ViewPostIme pointer 1
10-12 19:12:22.046 24290 24350 I PLG     : handlePluginAction = https://raw.githubusercontent.com/adamwolker21/DZ/refs/heads/master/repo.json, (https://raw.githubusercontent.com/adamwolker21/DZ/refs/heads/master/repo.json, SitePlugin(url=https://raw.githubusercontent.com/adamwolker21/DZ/builds/EgyDead.cs3, status=1, version=1, apiVersion=1, name=EgyDead, internalName=EgyDead, authors=[adamwolker21], description=EgyDead, repositoryUrl=https://github.com/adamwolker21/DZ, tvTypes=[Movie, TvSeries], language=ar, iconUrl=https://raw.githubusercontent.com/adamwolker21/DZ/refs/heads/master/EgyDead/images.jpeg, fileSize=24954)), false
10-12 19:12:22.047 24290 24350 D PluginManager: Downloading plugin: https://raw.githubusercontent.com/adamwolker21/DZ/builds/EgyDead.cs3 to /data/user/0/com.lagradost.cloudstream3/files/Extensions/httpsraw.githubusercontent.comadamwolker21DZrefsheadsmasterrepo.json.-468825824/EgyDead.-124080901.cs3
10-12 19:12:22.288 24290 24350 I PluginManager: Unloading plugin: /data/user/0/com.lagradost.cloudstream3/files/Extensions/httpsraw.githubusercontent.comadamwolker21DZrefsheadsmasterrepo.json.-468825824/EgyDead.-124080901.cs3
10-12 19:12:22.288 24290 24350 W PluginManager: Couldn't find plugin /data/user/0/com.lagradost.cloudstream3/files/Extensions/httpsraw.githubusercontent.comadamwolker21DZrefsheadsmasterrepo.json.-468825824/EgyDead.-124080901.cs3
10-12 19:12:22.289 24290 24350 I PluginManager: Loading plugin: PluginData(internalName=EgyDead, url=https://raw.githubusercontent.com/adamwolker21/DZ/builds/EgyDead.cs3, isOnline=true, filePath=/data/user/0/com.lagradost.cloudstream3/files/Extensions/httpsraw.githubusercontent.comadamwolker21DZrefsheadsmasterrepo.json.-468825824/EgyDead.-124080901.cs3, version=-2147483648)
10-12 19:12:22.360 24290 24350 I PluginInstance: Adding EgyDead (https://tv6.egydead.live) MainAPI
10-12 19:12:22.360 24290 24350 I PluginManager: Loaded plugin EgyDead successfully
10-12 19:12:22.361 24290 24350 I PLG     : getPlugins = https://raw.githubusercontent.com/adamwolker21/DZ/refs/heads/master/repo.json
10-12 19:12:22.432 24290 24290 I COMPACT : showToast = Plugin Loaded
10-12 19:12:22.435 24290 24290 D CompatibilityChangeReporter: Compat change id reported: 147798919; UID 10523; state: ENABLED
10-12 19:12:22.436 24290 24290 E Toast   : setGravity() shouldn't be called on text toasts, the values won't be used
10-12 19:12:22.436 24290 24290 I Toast   : setView: it's a custom toast
10-12 19:12:22.439 24290 24290 V Toast   : show: caller = com.lagradost.cloudstream3.CommonActivity.showToast:175 
10-12 19:12:22.456 24290 24290 V Toast   : HANDLE SHOW: android.widget.Toast$TN@d150093 mView=null mNextView=androidx.cardview.widget.CardView{cd038d0 V.E..V... ......ID 0,0-0,0 #7f0a0557 app:id/toast_layout_root}
10-12 19:12:22.460 24290 24290 V ToastPresenter: sipHeight = -39
10-12 19:12:22.462 24290 24290 V ToastPresenter: yOffset = 13
10-12 19:12:22.474 24290 24315 D NativeCustomFrequencyManager: [NativeCFMS] BpCustomFrequencyManager::BpCustomFrequencyManager()
10-12 19:12:22.481 24290 24290 D InsetsController: onStateChanged: InsetsState: {mDisplayFrame=Rect(0, 0 - 1080, 2400), mDisplayCutout=DisplayCutout{insets=Rect(0, 88 - 0, 0) waterfall=Insets{left=0, top=0, right=0, bottom=0} boundingRect={Bounds=[Rect(0, 0 - 0, 0), Rect(512, 0 - 568, 88), Rect(0, 0 - 0, 0), Rect(0, 0 - 0, 0)]} cutoutPathParserInfo={CutoutPathParserInfo{displayWidth=1080 displayHeight=2400 physicalDisplayWidth=1080 physicalDisplayHeight=2400 density={2.625} cutoutSpec={M 0,0 M 0,12.25101276465640 a 10.60613009248640,10.60613009248640 0 1,0 0,21.21226018497290 a 10.60613009248640,10.60613009248640 0 1,0 0,-21.21226018497290 Z @dp} rotation={0} scale={1.0} physicalPixelDisplaySizeRatio={1.0}}}}, mRoundedCorners=RoundedCorners{[RoundedCorner{position=TopLeft, radius=84, center=Point(84, 84)}, RoundedCorner{position=TopRight, radius=84, center=Point(996, 84)}, RoundedCorner{position=BottomRight, radius=84, center=Point(996, 2316)}, RoundedCorner{position=BottomLeft, radius=84, center=Point(84, 2316)}]}  mRoundedCornerFrame=Rect(0, 0 - 0, 0), mPrivacyIndicatorBounds=PrivacyIndicatorBounds {static bounds=Rect(964, 0 - 1080, 87) rotation=0}, mSources= { InsetsSource: {mType=ITYPE_NAVIGATION_BAR, mFrame=[0,2361][1080,2400], mVisible=true, mInsetsRoundedCornerFrame=false}, InsetsSource: {mType=ITYPE_LEFT_GESTURES, mFrame=[0,0][130,2400], mVisible=true, mInsetsRoundedCornerFrame=false}, InsetsSource: {mType=ITYPE_RIGHT_GESTURES, mFrame=[950,0][1080,2400], mVisible=true, mInsetsRoundedCornerFrame=false}, InsetsSource: {mType=ITYPE_TOP_MANDATORY_GESTURES, mFrame=[0,0][1080,120], mVisible=true, mInsetsRoundedCornerFrame=false}, InsetsSource: {mType=ITYPE_BOTTOM_MANDATORY_GESTURES, mFrame=[0,2316][1080,2400], mVisible=true, mInsetsRoundedCornerFrame=false}, InsetsSource: {mType=ITYPE_LEFT_DISPLAY_CUTOUT, mFrame=[0,0][-100000,2400], mVisible=true, mInsetsRoundedCornerFrame=false}, InsetsSource: {mType=ITYPE_TOP_DISPLAY_CUTOUT, mFrame=[0,0][1080,88], mVisible=true, mInsetsRoundedCornerFrame=false}, InsetsSource: {mType=ITYPE_RIGHT_DISPLAY_CUTOUT, mFrame=[100000,0][1080,2400], mVisible=true, mInsetsRoundedCornerFrame=false}, InsetsSource: {mType=ITYPE_BOTTOM_DISPLAY_CUTOUT, mFrame=[0,100000][1080,2400], mVisible=true, mInsetsRoundedCornerFrame=false}, InsetsSource: {mType=ITYPE_BOTTOM_TAPPABLE_ELEMENT, mFrame=[0,0][0,0], mVisible=true, mInsetsRoundedCornerFrame=false} } host=Toast from=android.view.ViewRootImpl.setView:1732
10-12 19:12:22.482 24290 24290 I ViewRootImpl@6d7c0c9[Toast]: setView = androidx.cardview.widget.CardView@cd038d0 TM=true
10-12 19:12:22.493 24290 24290 I ViewRootImpl@6d7c0c9[Toast]: performTraversals params={(0,13)(wrapxwrap) gr=BOTTOM CENTER sim={adjust=resize} ty=TOAST fmt=TRANSLUCENT wanim=0x1030004 surfaceInsets=Rect(11, 11 - 11, 11)
10-12 19:12:22.493 24290 24290 I ViewRootImpl@6d7c0c9[Toast]:   fl=1000098
10-12 19:12:22.493 24290 24290 I ViewRootImpl@6d7c0c9[Toast]:   pfl=12000000
10-12 19:12:22.493 24290 24290 I ViewRootImpl@6d7c0c9[Toast]:   bhv=DEFAULT
10-12 19:12:22.493 24290 24290 I ViewRootImpl@6d7c0c9[Toast]:   fitTypes=STATUS_BARS NAVIGATION_BARS CAPTION_BAR
10-12 19:12:22.493 24290 24290 I ViewRootImpl@6d7c0c9[Toast]:   fitIgnoreVis naviIconColor=0}
10-12 19:12:22.494 24290 24290 I ViewRootImpl@6d7c0c9[Toast]: performTraversals mFirst=true windowShouldResize=false viewVisibilityChanged=false mForceNextWindowRelayout=false params={(0,13)(wrapxwrap) gr=BOTTOM CENTER sim={adjust=resize} ty=TOAST fmt=TRANSLUCENT wanim=0x1030004 surfaceInsets=Rect(11, 11 - 11, 11)
10-12 19:12:22.494 24290 24290 I ViewRootImpl@6d7c0c9[Toast]:   fl=1000098
10-12 19:12:22.494 24290 24290 I ViewRootImpl@6d7c0c9[Toast]:   pfl=12000000
10-12 19:12:22.494 24290 24290 I ViewRootImpl@6d7c0c9[Toast]:   bhv=DEFAULT
10-12 19:12:22.494 24290 24290 I ViewRootImpl@6d7c0c9[Toast]:   fitTypes=STATUS_BARS NAVIGATION_BARS CAPTION_BAR
10-12 19:12:22.494 24290 24290 I ViewRootImpl@6d7c0c9[Toast]:   fitIgnoreVis naviIconColor=0}
10-12 19:12:22.503 24290 24290 I ViewRootImpl@6d7c0c9[Toast]: updateBlastSurfaceIfNeeded mBlastBufferQueue=null isSameSurfaceControl=false
10-12 19:12:22.504 24290 24290 I BLASTBufferQueue: new BLASTBufferQueue, mName= ViewRootImpl@6d7c0c9[Toast] mNativeObject= 0x7bdd570d00 sc.mNativeObject= 0x7bdd4b4dc0 caller= android.view.ViewRootImpl.updateBlastSurfaceIfNeeded:2909 android.view.ViewRootImpl.relayoutWindow:9847 android.view.ViewRootImpl.performTraversals:3884 android.view.ViewRootImpl.doTraversal:3116 android.view.ViewRootImpl$TraversalRunnable.run:10885 android.view.Choreographer$CallbackRecord.run:1301 android.view.Choreographer$CallbackRecord.run:1309 android.view.Choreographer.doCallbacks:923 android.view.Choreographer.doFrame:852 android.view.Choreographer$FrameDisplayEventReceiver.run:1283 
10-12 19:12:22.504 24290 24290 I BLASTBufferQueue: update, w= 373 h= 178 mName = ViewRootImpl@6d7c0c9[Toast] mNativeObject= 0x7bdd570d00 sc.mNativeObject= 0x7bdd4b4dc0 format= -3 caller= android.graphics.BLASTBufferQueue.<init>:84 android.view.ViewRootImpl.updateBlastSurfaceIfNeeded:2909 android.view.ViewRootImpl.relayoutWindow:9847 android.view.ViewRootImpl.performTraversals:3884 android.view.ViewRootImpl.doTraversal:3116 android.view.ViewRootImpl$TraversalRunnable.run:10885 
10-12 19:12:22.505 24290 24290 I ViewRootImpl@6d7c0c9[Toast]: Relayout returned: old=(0,88,1080,2361) new=(364,2192,715,2348) req=(351,156)0 dur=9 res=0x3 s={true 0x7b2e547000} ch=true seqId=0
10-12 19:12:22.506 24290 24290 I ViewRootImpl@6d7c0c9[Toast]: mThreadedRenderer.initialize() mSurface={isValid=true 0x7b2e547000} hwInitialized=true
10-12 19:12:22.506 24290 24315 D OpenGLRenderer: eglCreateWindowSurface
10-12 19:12:22.508 24290 24290 I ViewRootImpl@6d7c0c9[Toast]: reportNextDraw android.view.ViewRootImpl.performTraversals:4438 android.view.ViewRootImpl.doTraversal:3116 android.view.ViewRootImpl$TraversalRunnable.run:10885 android.view.Choreographer$CallbackRecord.run:1301 android.view.Choreographer$CallbackRecord.run:1309 
10-12 19:12:22.509 24290 24290 I ViewRootImpl@6d7c0c9[Toast]: Setup new sync id=0
10-12 19:12:22.509 24290 24290 I ViewRootImpl@6d7c0c9[Toast]: Setting syncFrameCallback
10-12 19:12:22.509 24290 24290 I ViewRootImpl@6d7c0c9[Toast]: registerCallbacksForSync syncBuffer=false
10-12 19:12:22.510 24290 24379 I ViewRootImpl@6d7c0c9[Toast]: Received frameDrawingCallback syncResult=0 frameNum=1.
10-12 19:12:22.510 24290 24379 I ViewRootImpl@6d7c0c9[Toast]: Setting up sync and frameCommitCallback
10-12 19:12:22.513 24290 24315 I BLASTBufferQueue: [ViewRootImpl@6d7c0c9[Toast]#2](f:0,a:0) onFrameAvailable the first frame is available
10-12 19:12:22.515 24290 24315 I ViewRootImpl@6d7c0c9[Toast]: Received frameCommittedCallback lastAttemptedDrawFrameNum=1 didProduceBuffer=true
10-12 19:12:22.516 24290 24315 D OpenGLRenderer: CFMS:: SetUp Pid : 24290    Tid : 24315
10-12 19:12:22.520 24290 24290 I ViewRootImpl@6d7c0c9[Toast]: onSyncComplete
10-12 19:12:22.520 24290 24290 I ViewRootImpl@6d7c0c9[Toast]: setupSync seqId=0 mSyncId=0 fn=1 caller=android.view.ViewRootImpl$$ExternalSyntheticLambda11.accept:6 android.window.SurfaceSyncer.lambda$setupSync$1$android-window-SurfaceSyncer:128 android.window.SurfaceSyncer$$ExternalSyntheticLambda1.accept:8 android.window.SurfaceSyncer$SyncSet.checkIfSyncIsComplete:382 android.window.SurfaceSyncer$SyncSet.markSyncReady:359 android.window.SurfaceSyncer.markSyncReady:151 android.view.ViewRootImpl.performTraversals:4503 
10-12 19:12:22.521 24290 24290 I ViewRootImpl@6d7c0c9[Toast]: reportDrawFinished seqId=0 mSyncId=-1 fn=1 mSurfaceChangedTransaction=0x7bed7a0b00
10-12 19:12:23.165 24290 24290 I ViewRootImpl@5436a19[MainActivity]: ViewPostIme pointer 0
10-12 19:12:23.229 24290 24290 I ViewRootImpl@5436a19[MainActivity]: ViewPostIme pointer 1
10-12 19:12:23.257 24290 24290 I IMM_LC  : hsifw() - flag : 0
10-12 19:12:23.257 24290 24290 I IMM_LC  : hsifw() - mService.hideSoftInput
10-12 19:12:23.408 24290 24348 I WebViewFactory: Loading com.google.android.webview version 141.0.7390.43 (code 739004333)
10-12 19:12:23.419 24290 24348 W st.cloudstream3: Failed to find entry 'classes.dex': Entry not found
10-12 19:12:23.420 24290 24348 D nativeloader: Configuring clns-6 for other apk /data/app/~~KzgKvUv1JwmzxHei_tsHXQ==/com.google.android.trichromelibrary_739004333-NHJfK8xUfQ5oC0LHEjEvPw==/base.apk. target_sdk_version=36, uses_libraries=ALL, library_path=/data/app/~~Z7EoFjMbPG94A6o-3Nb5UQ==/com.google.android.webview-eZKrupClwVmgDmxWAn78Ag==/lib/arm64:/data/app/~~Z7EoFjMbPG94A6o-3Nb5UQ==/com.google.android.webview-eZKrupClwVmgDmxWAn78Ag==/base.apk!/lib/arm64-v8a:/data/app/~~KzgKvUv1JwmzxHei_tsHXQ==/com.google.android.trichromelibrary_739004333-NHJfK8xUfQ5oC0LHEjEvPw==/base.apk!/lib/arm64-v8a, permitted_path=/data:/mnt/expand
10-12 19:12:23.420 24290 24348 D nativeloader: Extending system_exposed_libraries: libhumantracking.arcsoft.so:libPortraitDistortionCorrection.arcsoft.so:libPortraitDistortionCorrectionCali.arcsoft.so:libface_landmark.arcsoft.so:libFacialStickerEngine.arcsoft.so:libveengine.arcsoft.so:liblow_light_hdr.arcsoft.so:libhigh_dynamic_range.arcsoft.so:libFacialAttributeDetection.arcsoft.so:libBeauty_v4.camera.samsung.so:libexifa.camera.samsung.so:libjpega.camera.samsung.so:libOpenCv.camera.samsung.so:libImageScreener.camera.samsung.so:libMyFilter.camera.samsung.so:libtensorflowLite.myfilter.camera.samsung.so:libtensorflowlite_inference_api.myfilter.camera.samsung.so:libEventFinder.camera.samsung.so:libHIDTSnapJNI.camera.samsung.so:libSmartScan.camera.samsung.so:libRectify.camera.samsung.so:libDocRectifyWrapper.camera.samsung.so:libUltraWideDistortionCorrection.camera.samsung.so:libWideDistortionCorrection.camera.samsung.so:libHpr_RecGAE_cvFeature_v1.0.camera.samsung.so:libHprFace_GAE_api.camera.samsung.so:libFace_Landmark_API.camera.samsung.so:libHprFace_GAE_jn
10-12 19:12:23.433 24290 24348 D nativeloader: Configuring clns-7 for other apk /data/app/~~Z7EoFjMbPG94A6o-3Nb5UQ==/com.google.android.webview-eZKrupClwVmgDmxWAn78Ag==/base.apk. target_sdk_version=36, uses_libraries=, library_path=/data/app/~~Z7EoFjMbPG94A6o-3Nb5UQ==/com.google.android.webview-eZKrupClwVmgDmxWAn78Ag==/lib/arm64:/data/app/~~Z7EoFjMbPG94A6o-3Nb5UQ==/com.google.android.webview-eZKrupClwVmgDmxWAn78Ag==/base.apk!/lib/arm64-v8a:/data/app/~~KzgKvUv1JwmzxHei_tsHXQ==/com.google.android.trichromelibrary_739004333-NHJfK8xUfQ5oC0LHEjEvPw==/base.apk!/lib/arm64-v8a, permitted_path=/data:/mnt/expand
10-12 19:12:23.471 24290 24348 I cr_WVCFactoryProvider: version=141.0.7390.43 (739004333) minSdkVersion=29 multiprocess=true packageId=127 splits=<none>
10-12 19:12:23.477 24290 24348 D nativeloader: Load /data/app/~~KzgKvUv1JwmzxHei_tsHXQ==/com.google.android.trichromelibrary_739004333-NHJfK8xUfQ5oC0LHEjEvPw==/base.apk!/lib/arm64-v8a/libmonochrome_64.so using class loader ns clns-7 (caller=/data/app/~~Z7EoFjMbPG94A6o-3Nb5UQ==/com.google.android.webview-eZKrupClwVmgDmxWAn78Ag==/base.apk): ok
10-12 19:12:23.481 24290 24348 D nativeloader: Load /system/lib64/libwebviewchromium_plat_support.so using class loader ns clns-7 (caller=/data/app/~~Z7EoFjMbPG94A6o-3Nb5UQ==/com.google.android.webview-eZKrupClwVmgDmxWAn78Ag==/base.apk): ok
10-12 19:12:23.487 24290 24424 I chromium: [1012/191223.484897:INFO:android_webview/browser/variations/variations_seed_loader.cc:67] Failed to open file for reading.: No such file or directory (2)
10-12 19:12:23.494 24290 24348 I cr_LibraryLoader: Successfully loaded native library
10-12 19:12:23.496 24290 24348 I cr_CachingUmaRecorder: Flushed 13 samples from 13 histograms, 0 samples were dropped.
10-12 19:12:24.447 24290 24315 D OpenGLRenderer: setSurface called with nullptr
10-12 19:12:24.447 24290 24315 D OpenGLRenderer: setSurface() destroyed EGLSurface
10-12 19:12:24.447 24290 24315 D OpenGLRenderer: destroyEglSurface
10-12 19:12:24.448 24290 24290 I ViewRootImpl@6d7c0c9[Toast]: dispatchDetachedFromWindow
10-12 19:12:24.464 24290 24290 D InputTransport: Input channel destroyed: '3b943a7', fd=123
10-12 19:12:24.588 24290 24299 I st.cloudstream3: Background concurrent copying GC freed 6767KB AllocSpace bytes, 67(4080KB) LOS objects, 49% free, 15MB/30MB, paused 336us,191us total 149.602ms
10-12 19:12:24.601 24290 24301 W System  : A resource failed to call close. 
10-12 19:12:26.364 24290 24290 I ViewRootImpl@5436a19[MainActivity]: ViewPostIme pointer 0
10-12 19:12:26.720 24290 24290 I ViewRootImpl@5436a19[MainActivity]: ViewPostIme pointer 1
10-12 19:12:27.250 24290 24290 I ViewRootImpl@5436a19[MainActivity]: ViewPostIme pointer 0
10-12 19:12:27.571 24290 24290 I ViewRootImpl@5436a19[MainActivity]: ViewPostIme pointer 1
10-12 19:12:28.259 24290 24290 I ViewRootImpl@5436a19[MainActivity]: ViewPostIme pointer 0
10-12 19:12:28.341 24290 24290 I ViewRootImpl@5436a19[MainActivity]: ViewPostIme pointer 1
10-12 19:12:28.602 24290 24290 I ViewRootImpl@5436a19[MainActivity]: ViewPostIme pointer 0
10-12 19:12:28.666 24290 24290 I ViewRootImpl@5436a19[MainActivity]: ViewPostIme pointer 1
10-12 19:12:28.686 24290 24290 I NavComponent: Navigating to fragment: 2131362274
10-12 19:12:28.692 24290 24290 I IMM_LC  : hsifw() - flag : 0
10-12 19:12:28.692 24290 24290 I IMM_LC  : hsifw() - mService.hideSoftInput
10-12 19:12:28.727 24290 24290 D ScrollView: initGoToTop
10-12 19:12:29.078 24290 24290 I SurfaceView@21cead7: onWindowVisibilityChanged(0) true android.view.SurfaceView{21cead7 V.E..V... ......I. 0,0-0,0} of ViewRootImpl@5436a19[MainActivity]
10-12 19:12:29.078 24290 24290 D SurfaceView@21cead7: updateSurface: has no frame
10-12 19:12:29.087 24290 24290 I CS3ExoPlayer: SET STYLE = SaveCaptionStyle(foregroundColor=-1, backgroundColor=0, windowColor=0, edgeType=1, edgeColor=-16777216, typeface=null, typefaceFilePath=null, elevation=20, fixedTextSize=null, edgeSize=null, removeCaptions=false, removeBloat=true, upperCase=false, bold=false, italic=false, backgroundRadius=null)
10-12 19:12:29.102 24290 24290 D VideoClickActionHolder: allVideoClickActions: [null:com.lagradost.cloudstream3.actions.temp.PlayInBrowserAction, null:com.lagradost.cloudstream3.actions.temp.CopyClipboardAction, null:com.lagradost.cloudstream3.actions.temp.ViewM3U8Action, null:com.lagradost.cloudstream3.actions.temp.VlcPackage, null:com.lagradost.cloudstream3.actions.temp.MpvPackage, null:com.lagradost.cloudstream3.actions.temp.NextPlayerPackage, null:com.lagradost.cloudstream3.actions.temp.JustPlayerPackage, null:com.lagradost.cloudstream3.actions.temp.fcast.FcastAction, null:com.lagradost.cloudstream3.actions.temp.LibreTorrentPackage, null:com.lagradost.cloudstream3.actions.temp.BiglyBTPackage, null:com.lagradost.cloudstream3.actions.temp.VlcNightlyPackage, null:com.lagradost.cloudstream3.actions.temp.WebVideoCastPackage, null:com.lagradost.cloudstream3.actions.temp.MpvYTDLPackage, null:com.lagradost.cloudstream3.actions.temp.MpvKtPackage, null:com.lagradost.cloudstream3.actions.temp.MpvKtPreviewPackage, null:com.lagradost.cloudstream3.actions.AlwaysAskAction]
10-12 19:12:29.103 24290 24290 I IMM_LC  : hsifw() - flag : 0
10-12 19:12:29.103 24290 24290 I IMM_LC  : hsifw() - mService.hideSoftInput
10-12 19:12:29.105 24290 24341 I SYNCVM  : addFromUrl = https://tv6.egydead.live/%d9%85%d8%b4%d8%a7%d9%87%d8%af%d8%a9-%d9%81%d9%8a%d9%84%d9%85-pretty-crazy-2025-%d9%85%d8%aa%d8%b1%d8%ac%d9%85/
10-12 19:12:29.105 24290 24341 I SYNCUTIL: getIdsFromUrl https://tv6.egydead.live/%d9%85%d8%b4%d8%a7%d9%87%d8%af%d8%a9-%d9%81%d9%8a%d9%84%d9%85-pretty-crazy-2025-%d9%85%d8%aa%d8%b1%d8%ac%d9%85/
10-12 19:12:29.127 24290 24290 I SurfaceView@21cead7: onWindowVisibilityChanged(8) false android.view.SurfaceView{21cead7 V.E..V... ......I. 0,0-0,0} of ViewRootImpl@5436a19[MainActivity]
10-12 19:12:29.127 24290 24290 D SurfaceView@21cead7: updateSurface: has no frame
10-12 19:12:29.127 24290 24290 D SurfaceView@21cead7: updateSurface: has no frame
10-12 19:12:29.127 24290 24290 I SurfaceView@21cead7: onDetachedFromWindow: tryReleaseSurfaces()
10-12 19:12:29.127 24290 24290 I SurfaceView@21cead7: releaseSurfaces: viewRoot = ViewRootImpl@5436a19[MainActivity]
10-12 19:12:29.128 24290 24290 I SurfaceView@21cead7: applyTransactionOnVriDraw: vri = ViewRootImpl@5436a19[MainActivity] fRS = true t = 0x7b1a1fdb00 android.view.SurfaceView.releaseSurfaces:858 android.view.SurfaceView.onDetachedFromWindow:500 android.view.View.dispatchDetachedFromWindow:22538 
10-12 19:12:29.128 24290 24290 I SurfaceView@21cead7: applyTransactionOnVriDraw: viewRoot.applyTransactionOnDrawFromReleaseSurfaces
10-12 19:12:29.128 24290 24290 I ViewRootImpl@5436a19[MainActivity]: applyTransactionOnDraw: mRemoved = false isHardwareEnabled = true t = 0x7b1a1fdb00android.view.ViewRootImpl.applyTransactionOnDrawFromReleaseSurfaces:12850 android.view.SurfaceView.applyTransactionOnVriDraw:2046 android.view.SurfaceView.releaseSurfaces:858 android.view.SurfaceView.onDetachedFromWindow:500 android.view.View.dispatchDetachedFromWindow:22538 
10-12 19:12:29.130 24290 24290 I SurfaceView@21cead7: onWindowVisibilityChanged(0) true android.view.SurfaceView{21cead7 V.E..V... ......I. 0,0-0,0} of ViewRootImpl@5436a19[MainActivity]
10-12 19:12:29.130 24290 24290 D SurfaceView@21cead7: updateSurface: has no frame
10-12 19:12:29.135 24290 24290 I DecorView: notifyKeepScreenOnChanged: keepScreenOn=false
10-12 19:12:29.150 24290 24290 I CS3ExoPlayer: reloadPlayer
10-12 19:12:29.150 24290 24290 I CS3ExoPlayer: releasePlayer
10-12 19:12:29.151 24290 24290 I CS3ExoPlayer: Handle event: PlayerAttachedEvent(player=null, source=Player)
10-12 19:12:29.158 24290 24290 I ViewRootImpl@5436a19[MainActivity]: performTraversals params={(0,0)(fillxfill) sim={state=always_hidden adjust=resize} ty=BASE_APPLICATION wanim=0x1030309
10-12 19:12:29.158 24290 24290 I ViewRootImpl@5436a19[MainActivity]:   fl=85810100
10-12 19:12:29.158 24290 24290 I ViewRootImpl@5436a19[MainActivity]:   pfl=12020040
10-12 19:12:29.158 24290 24290 I ViewRootImpl@5436a19[MainActivity]:   vsysui=500
10-12 19:12:29.158 24290 24290 I ViewRootImpl@5436a19[MainActivity]:   bhv=DEFAULT
10-12 19:12:29.158 24290 24290 I ViewRootImpl@5436a19[MainActivity]:   fitSides= naviIconColor=0}
10-12 19:12:29.159 24290 24290 I ViewRootImpl@5436a19[MainActivity]: performTraversals mFirst=false windowShouldResize=false viewVisibilityChanged=false mForceNextWindowRelayout=false params={(0,0)(fillxfill) sim={state=always_hidden adjust=resize} ty=BASE_APPLICATION fmt=TRANSLUCENT wanim=0x1030309
10-12 19:12:29.159 24290 24290 I ViewRootImpl@5436a19[MainActivity]:   fl=85810100
10-12 19:12:29.159 24290 24290 I ViewRootImpl@5436a19[MainActivity]:   pfl=12020040
10-12 19:12:29.159 24290 24290 I ViewRootImpl@5436a19[MainActivity]:   vsysui=500
10-12 19:12:29.159 24290 24290 I ViewRootImpl@5436a19[MainActivity]:   bhv=DEFAULT
10-12 19:12:29.159 24290 24290 I ViewRootImpl@5436a19[MainActivity]:   fitSides= naviIconColor=0}
10-12 19:12:29.164 24290 24290 I ViewRootImpl@5436a19[MainActivity]: updateBlastSurfaceIfNeeded mBlastBufferQueue=0x7b478ca000 isSameSurfaceControl=true
10-12 19:12:29.164 24290 24290 I BLASTBufferQueue: update, w= 1080 h= 2400 mName = ViewRootImpl@5436a19[MainActivity] mNativeObject= 0x7b478ca000 sc.mNativeObject= 0x7afab981e0 format= -3 caller= android.view.ViewRootImpl.updateBlastSurfaceIfNeeded:2898 android.view.ViewRootImpl.relayoutWindow:9847 android.view.ViewRootImpl.performTraversals:3884 android.view.ViewRootImpl.doTraversal:3116 android.view.ViewRootImpl$TraversalRunnable.run:10885 android.view.Choreographer$CallbackRecord.run:1301 
10-12 19:12:29.164 24290 24290 I ViewRootImpl@5436a19[MainActivity]: Relayout returned: old=(0,0,1080,2400) new=(0,0,1080,2400) req=(1080,2400)0 dur=5 res=0x0 s={true 0x7b5c37c800} ch=false seqId=0
10-12 19:12:29.166 24290 24290 W View    : requestLayout() improperly called by android.widget.FrameLayout{2526586 I.E..V... ......I. 0,0-0,0 #7f0a04e7 app:id/start_panel} during layout: running second layout pass
10-12 19:12:29.166 24290 24290 W View    : requestLayout() improperly called by android.widget.FrameLayout{3a83e47 I.E..V... ......ID 1080,0-1080,2143 #7f0a0168 app:id/end_panel} during layout: running second layout pass
10-12 19:12:29.168 24290 24290 D SurfaceView@21cead7: updateSurface: has no frame
10-12 19:12:29.175 24290 24378 I ViewRootImpl@5436a19[MainActivity]: mWNT: t=0x7b1a1fdb00 mBlastBufferQueue=0x7b478ca000 fn= 493 caller= android.view.ViewRootImpl.lambda$applyTransactionOnDraw$11$android-view-ViewRootImpl:12865 android.view.ViewRootImpl$$ExternalSyntheticLambda1.onFrameDraw:4 android.graphics.HardwareRenderer$FrameDrawingCallback.onFrameDraw:924 
10-12 19:12:29.180 24290 24290 D SurfaceView@21cead7: updateSurface: has no frame
10-12 19:12:29.194 24290 24290 D SurfaceView@21cead7: updateSurface: has no frame
10-12 19:12:29.215 24290 24290 D SurfaceView@21cead7: updateSurface: has no frame
10-12 19:12:29.242 24290 24290 D SurfaceView@21cead7: updateSurface: has no frame
10-12 19:12:29.254 24290 24290 D SurfaceView@21cead7: updateSurface: has no frame
10-12 19:12:29.267 24290 24290 D SurfaceView@21cead7: updateSurface: has no frame
10-12 19:12:29.284 24290 24290 D SurfaceView@21cead7: updateSurface: has no frame
10-12 19:12:29.300 24290 24290 D SurfaceView@21cead7: updateSurface: has no frame
10-12 19:12:29.322 24290 24290 D SurfaceView@21cead7: updateSurface: has no frame
10-12 19:12:29.334 24290 24290 D SurfaceView@21cead7: updateSurface: has no frame
10-12 19:12:29.351 24290 24290 D SurfaceView@21cead7: updateSurface: has no frame
10-12 19:12:29.367 24290 24290 D SurfaceView@21cead7: updateSurface: has no frame
10-12 19:12:29.384 24290 24290 D SurfaceView@21cead7: updateSurface: has no frame
10-12 19:12:29.400 24290 24350 I RVM2    : applyMeta
10-12 19:12:29.401 24290 24290 D SurfaceView@21cead7: updateSurface: has no frame
10-12 19:12:29.418 24290 24290 D SurfaceView@21cead7: updateSurface: has no frame
10-12 19:12:29.434 24290 24290 D SurfaceView@21cead7: updateSurface: has no frame
10-12 19:12:29.451 24290 24290 D SurfaceView@21cead7: updateSurface: has no frame
10-12 19:12:29.467 24290 24290 D SurfaceView@21cead7: updateSurface: has no frame
10-12 19:12:29.484 24290 24290 D SurfaceView@21cead7: updateSurface: has no frame
10-12 19:12:29.500 24290 24290 D SurfaceView@21cead7: updateSurface: has no frame
10-12 19:12:29.517 24290 24290 D SurfaceView@21cead7: updateSurface: has no frame
10-12 19:12:29.534 24290 24290 D SurfaceView@21cead7: updateSurface: has no frame
10-12 19:12:29.550 24290 24290 D SurfaceView@21cead7: updateSurface: has no frame
10-12 19:12:29.568 24290 24290 D SurfaceView@21cead7: updateSurface: has no frame
10-12 19:12:29.584 24290 24290 D SurfaceView@21cead7: updateSurface: has no frame
10-12 19:12:29.600 24290 24290 D SurfaceView@21cead7: updateSurface: has no frame
10-12 19:12:29.617 24290 24290 D SurfaceView@21cead7: updateSurface: has no frame
10-12 19:12:29.634 24290 24290 D SurfaceView@21cead7: updateSurface: has no frame
10-12 19:12:29.650 24290 24290 D SurfaceView@21cead7: updateSurface: has no frame
10-12 19:12:29.667 24290 24290 D SurfaceView@21cead7: updateSurface: has no frame
10-12 19:12:29.685 24290 24290 D SurfaceView@21cead7: updateSurface: has no frame
10-12 19:12:29.703 24290 24290 D SurfaceView@21cead7: updateSurface: has no frame
10-12 19:12:29.721 24290 24290 D SurfaceView@21cead7: updateSurface: has no frame
10-12 19:12:29.754 24290 24290 D SurfaceView@21cead7: updateSurface: has no frame
10-12 19:12:29.759 24290 24299 I st.cloudstream3: Background concurrent copying GC freed 9228KB AllocSpace bytes, 55(3564KB) LOS objects, 49% free, 18MB/37MB, paused 421us,283us total 196.323ms
10-12 19:12:29.767 24290 24290 D SurfaceView@21cead7: updateSurface: has no frame
10-12 19:12:29.770 24290 24315 D OpenGLRenderer: setSurface called with nullptr
10-12 19:12:29.784 24290 24290 D SurfaceView@21cead7: updateSurface: has no frame
10-12 19:12:29.800 24290 24290 D SurfaceView@21cead7: updateSurface: has no frame
10-12 19:12:29.817 24290 24290 D SurfaceView@21cead7: updateSurface: has no frame
10-12 19:12:29.832 24290 24290 W PanelsChildGestureRegionObserver: failed to register view with ID 2131362800. already registered
10-12 19:12:29.836 24290 24290 E CoilImgLoader: Error loading image: coil3.request.NullRequestDataException: The request's data is null.
10-12 19:12:29.841 24290 24290 E CoilImgLoader: Error loading image: coil3.request.NullRequestDataException: The request's data is null.
10-12 19:12:29.879 24290 24351 I SYNCVM  : addFromUrl = https://tv6.egydead.live/%d9%85%d8%b4%d8%a7%d9%87%d8%af%d8%a9-%d9%81%d9%8a%d9%84%d9%85-pretty-crazy-2025-%d9%85%d8%aa%d8%b1%d8%ac%d9%85/
10-12 19:12:29.879 24290 24351 I SYNCUTIL: getIdsFromUrl https://tv6.egydead.live/%d9%85%d8%b4%d8%a7%d9%87%d8%af%d8%a9-%d9%81%d9%8a%d9%84%d9%85-pretty-crazy-2025-%d9%85%d8%aa%d8%b1%d8%ac%d9%85/
10-12 19:12:29.893 24290 24290 D SurfaceView@21cead7: updateSurface: has no frame
10-12 19:12:29.894 24290 24290 I SurfaceView@21cead7: Changes: creating=true format=true size=true visible=true alpha=false hint=false mUseAlpha=false visible=true left=true top=true
10-12 19:12:29.897 24290 24290 I BLASTBufferQueue: update, w= 1080 h= 525 mName = null mNativeObject= 0x7bdd316700 sc.mNativeObject= 0x7bdd59b6a0 format= 4 caller= android.view.SurfaceView.createBlastSurfaceControls:1383 android.view.SurfaceView.updateSurface:1079 android.view.SurfaceView.lambda$new$0$android-view-SurfaceView:200 android.view.SurfaceView$$ExternalSyntheticLambda5.onPreDraw:2 android.view.ViewTreeObserver.dispatchOnPreDraw:1121 android.view.ViewRootImpl.performTraversals:4442 
10-12 19:12:29.897 24290 24290 I SurfaceView@21cead7: 35449559 Cur surface: Surface(name=null)/@0xff21a34
10-12 19:12:29.897 24290 24290 I SurfaceView@21cead7: pST: sr = Rect(0, 218 - 1080, 743) sw = 1080 sh = 525
10-12 19:12:29.898 24290 24290 D SurfaceView@21cead7: performSurfaceTransaction RenderWorker position = [0, 218, 1080, 743] surfaceSize = 1080x525
10-12 19:12:29.898 24290 24290 I SurfaceView@21cead7: applyTransactionOnVriDraw: vri = ViewRootImpl@5436a19[MainActivity] fRS = false t = 0x7bdd58cd00 android.view.SurfaceView.performSurfaceTransaction:959 android.view.SurfaceView.updateSurface:1105 android.view.SurfaceView.lambda$new$0$android-view-SurfaceView:200 
10-12 19:12:29.898 24290 24290 I ViewRootImpl@5436a19[MainActivity]: applyTransactionOnDraw: mRemoved = false isHardwareEnabled = true t = 0x7bdd58cd00android.view.SurfaceView.applyTransactionOnVriDraw:2048 android.view.SurfaceView.performSurfaceTransaction:959 android.view.SurfaceView.updateSurface:1105 android.view.SurfaceView.lambda$new$0$android-view-SurfaceView:200 android.view.SurfaceView$$ExternalSyntheticLambda5.onPreDraw:2 
10-12 19:12:29.898 24290 24290 I SurfaceView@21cead7: updateSurface: mVisible = true mSurface.isValid() = true
10-12 19:12:29.898 24290 24290 I SurfaceView@21cead7: updateSurface: mSurfaceCreated = false surfaceChanged = true visibleChanged = true
10-12 19:12:29.898 24290 24290 I SurfaceView@21cead7: visibleChanged -- surfaceCreated
10-12 19:12:29.898 24290 24290 I SurfaceView@21cead7: surfaceCreated 0 #8 android.view.SurfaceView{21cead7 V.E..V... ......ID 0,0-1080,525}
10-12 19:12:29.898 24290 24290 I SurfaceView@21cead7: surfaceChanged -- format=4 w=1080 h=525
10-12 19:12:29.898 24290 24290 I SurfaceView@21cead7: surfaceChanged (1080,525) 0 #8 android.view.SurfaceView{21cead7 V.E..V... ......ID 0,0-1080,525}
10-12 19:12:29.898 24290 24290 I SurfaceView@21cead7: surfaceRedrawNeeded
10-12 19:12:29.899 24290 24290 V SurfaceView@21cead7: Layout: x=0 y=218 w=1080 h=525, frame=Rect(0, 0 - 1080, 525)
10-12 19:12:29.909 24290 24379 D SurfaceView@21cead7: updateSurfacePosition RenderWorker, frameNr = 531, position = [0, 218, 1080, 743] surfaceSize = 1080x525
10-12 19:12:29.910 24290 24379 I SurfaceView@21cead7: uSP: rtp = Rect(0, 218 - 1080, 743) rtsw = 1080 rtsh = 525
10-12 19:12:29.910 24290 24379 I SurfaceView@21cead7: onSSPAndSRT: pl = 0 pt = 218 sx = 1.0 sy = 1.0
10-12 19:12:29.910 24290 24379 I SurfaceView@21cead7: aOrMT: ViewRootImpl@5436a19[MainActivity] t = android.view.SurfaceControl$Transaction@c32451e fN = 531 android.view.SurfaceView.-$$Nest$mapplyOrMergeTransaction:0 android.view.SurfaceView$SurfaceViewPositionUpdateListener.positionChanged:1537 android.graphics.RenderNode$CompositePositionUpdateListener.positionChanged:373 
10-12 19:12:29.911 24290 24379 I ViewRootImpl@5436a19[MainActivity]: mWNT: t=0x7b5c47d100 mBlastBufferQueue=0x7b478ca000 fn= 531 caller= android.view.SurfaceView.applyOrMergeTransaction:1455 android.view.SurfaceView.-$$Nest$mapplyOrMergeTransaction:0 android.view.SurfaceView$SurfaceViewPositionUpdateListener.positionChanged:1537 
10-12 19:12:29.911 24290 24379 I ViewRootImpl@5436a19[MainActivity]: mWNT: t=0x7bdd58cd00 mBlastBufferQueue=0x7b478ca000 fn= 531 caller= android.view.ViewRootImpl.lambda$applyTransactionOnDraw$11$android-view-ViewRootImpl:12865 android.view.ViewRootImpl$$ExternalSyntheticLambda1.onFrameDraw:4 android.graphics.HardwareRenderer$FrameDrawingCallback.onFrameDraw:924 
10-12 19:12:29.913 24290 24290 I SurfaceView@21cead7: finishedDrawing
10-12 19:12:30.690 24290 24290 I ViewRootImpl@5436a19[MainActivity]: ViewPostIme pointer 0
10-12 19:12:31.236 24290 24290 I Dialog  : mIsDeviceDefault = false, mIsSamsungBasicInteraction = false, isMetaDataInActivity = false
10-12 19:12:31.285 24290 24290 I DecorView: [INFO] isPopOver=false config=false
10-12 19:12:31.285 24290 24290 I DecorView: updateCaptionType: isFloating=false isApplication=true hasWindowDecorCaption=false this=DecorView@e078b56[]
10-12 19:12:31.285 24290 24290 D DecorView: setCaptionType = 0, this = DecorView@e078b56[]
10-12 19:12:31.289 24290 24290 I DecorView: getCurrentDensityDpi: from app context. densityDpi=420 msg=resources_loaded
10-12 19:12:31.289 24290 24290 I DecorView: setWindowBackground: isPopOver=false color=0 d=android.graphics.drawable.ColorDrawable@731f8c4
10-12 19:12:31.298 24290 24315 D NativeCustomFrequencyManager: [NativeCFMS] BpCustomFrequencyManager::BpCustomFrequencyManager()
10-12 19:12:31.299 24290 24290 I DecorView: notifyKeepScreenOnChanged: keepScreenOn=false
10-12 19:12:31.312 24290 24290 D InsetsController: onStateChanged: InsetsState: {mDisplayFrame=Rect(0, 0 - 1080, 2400), mDisplayCutout=DisplayCutout{insets=Rect(0, 88 - 0, 0) waterfall=Insets{left=0, top=0, right=0, bottom=0} boundingRect={Bounds=[Rect(0, 0 - 0, 0), Rect(512, 0 - 568, 88), Rect(0, 0 - 0, 0), Rect(0, 0 - 0, 0)]} cutoutPathParserInfo={CutoutPathParserInfo{displayWidth=1080 displayHeight=2400 physicalDisplayWidth=1080 physicalDisplayHeight=2400 density={2.625} cutoutSpec={M 0,0 M 0,12.25101276465640 a 10.60613009248640,10.60613009248640 0 1,0 0,21.21226018497290 a 10.60613009248640,10.60613009248640 0 1,0 0,-21.21226018497290 Z @dp} rotation={0} scale={1.0} physicalPixelDisplaySizeRatio={1.0}}}}, mRoundedCorners=RoundedCorners{[RoundedCorner{position=TopLeft, radius=84, center=Point(84, 84)}, RoundedCorner{position=TopRight, radius=84, center=Point(996, 84)}, RoundedCorner{position=BottomRight, radius=84, center=Point(996, 2316)}, RoundedCorner{position=BottomLeft, radius=84, center=Point(84, 2316)}]}  mRoundedCornerFrame=Rect(0, 0 - 1080, 2400), mPrivacyIndicatorBounds=PrivacyIndicatorBounds {static bounds=Rect(964, 0 - 1080, 87) rotation=0}, mSources= { InsetsSource: {mType=ITYPE_STATUS_BAR, mFrame=[0,0][1080,88], mVisible=true, mInsetsRoundedCornerFrame=false}, InsetsSource: {mType=ITYPE_NAVIGATION_BAR, mFrame=[0,2361][1080,2400], mVisible=true, mInsetsRoundedCornerFrame=false}, InsetsSource: {mType=ITYPE_LEFT_GESTURES, mFrame=[0,0][130,2400], mVisible=true, mInsetsRoundedCornerFrame=false}, InsetsSource: {mType=ITYPE_RIGHT_GESTURES, mFrame=[950,0][1080,2400], mVisible=true, mInsetsRoundedCornerFrame=false}, InsetsSource: {mType=ITYPE_TOP_MANDATORY_GESTURES, mFrame=[0,0][1080,120], mVisible=true, mInsetsRoundedCornerFrame=false}, InsetsSource: {mType=ITYPE_BOTTOM_MANDATORY_GESTURES, mFrame=[0,2316][1080,2400], mVisible=true, mInsetsRoundedCornerFrame=false}, InsetsSource: {mType=ITYPE_LEFT_DISPLAY_CUTOUT, mFrame=[0,0][-100000,2400], mVisible=true, mInsetsRoundedCornerFrame=false}, InsetsSource: {mType=ITYPE_TOP_DISPLAY_CUTOUT, mFrame=[0,0][1080,88], mVisible=true, mInsetsRoundedCornerFrame=false}, InsetsSource: {mType=ITYPE_RIGHT_DISPLAY_CUTOUT, mFrame=[100000,0][1080,2400], mVisible=true, mInsetsRoundedCornerFrame=false}, InsetsSource: {mType=ITYPE_BOTTOM_DISPLAY_CUTOUT, mFrame=[0,100000][1080,2400], mVisible=true, mInsetsRoundedCornerFrame=false}, InsetsSource: {mType=ITYPE_TOP_TAPPABLE_ELEMENT, mFrame=[0,0][1080,88], mVisible=true, mInsetsRoundedCornerFrame=false}, InsetsSource: {mType=ITYPE_BOTTOM_TAPPABLE_ELEMENT, mFrame=[0,0][0,0], mVisible=true, mInsetsRoundedCornerFrame=false}, InsetsSource: {mType=ITYPE_IME, mFrame=[0,0][0,0], mVisibleFrame=[0,1409][1080,2400], mVisible=false, mInsetsRoundedCornerFrame=false} } host=com.lagradost.cloudstream3/com.lagradost.cloudstream3.MainActivity from=android.view.ViewRootImpl.setView:1732
10-12 19:12:31.314 24290 24290 I ViewRootImpl@5dfcb65[MainActivity]: setView = com.android.internal.policy.DecorView@e078b56 TM=true
10-12 19:12:31.336 24290 24290 I ViewRootImpl@5dfcb65[MainActivity]: performTraversals params={(0,0)(fillxfill) gr=CENTER sim={adjust=resize forwardNavigation} ty=APPLICATION fmt=TRANSPARENT wanim=0x7f14000b
10-12 19:12:31.336 24290 24290 I ViewRootImpl@5dfcb65[MainActivity]:   fl=85810100
10-12 19:12:31.336 24290 24290 I ViewRootImpl@5dfcb65[MainActivity]:   pfl=12020040
10-12 19:12:31.336 24290 24290 I ViewRootImpl@5dfcb65[MainActivity]:   vsysui=500
10-12 19:12:31.336 24290 24290 I ViewRootImpl@5dfcb65[MainActivity]:   bhv=DEFAULT
10-12 19:12:31.336 24290 24290 I ViewRootImpl@5dfcb65[MainActivity]:   fitSides= naviIconColor=0}
10-12 19:12:31.337 24290 24290 I ViewRootImpl@5dfcb65[MainActivity]: performTraversals mFirst=true windowShouldResize=true viewVisibilityChanged=false mForceNextWindowRelayout=false params={(0,0)(fillxfill) gr=CENTER sim={adjust=resize forwardNavigation} ty=APPLICATION fmt=TRANSPARENT wanim=0x7f14000b
10-12 19:12:31.337 24290 24290 I ViewRootImpl@5dfcb65[MainActivity]:   fl=85810100
10-12 19:12:31.337 24290 24290 I ViewRootImpl@5dfcb65[MainActivity]:   pfl=12020040
10-12 19:12:31.337 24290 24290 I ViewRootImpl@5dfcb65[MainActivity]:   vsysui=500
10-12 19:12:31.337 24290 24290 I ViewRootImpl@5dfcb65[MainActivity]:   bhv=DEFAULT
10-12 19:12:31.337 24290 24290 I ViewRootImpl@5dfcb65[MainActivity]:   fitSides= naviIconColor=0}
10-12 19:12:31.351 24290 24290 I ViewRootImpl@5dfcb65[MainActivity]: updateBlastSurfaceIfNeeded mBlastBufferQueue=null isSameSurfaceControl=false
10-12 19:12:31.352 24290 24290 I BLASTBufferQueue: new BLASTBufferQueue, mName= ViewRootImpl@5dfcb65[MainActivity] mNativeObject= 0x7bdd316a00 sc.mNativeObject= 0x7b5c3156c0 caller= android.view.ViewRootImpl.updateBlastSurfaceIfNeeded:2909 android.view.ViewRootImpl.relayoutWindow:9847 android.view.ViewRootImpl.performTraversals:3884 android.view.ViewRootImpl.doTraversal:3116 android.view.ViewRootImpl$TraversalRunnable.run:10885 android.view.Choreographer$CallbackRecord.run:1301 android.view.Choreographer$CallbackRecord.run:1309 android.view.Choreographer.doCallbacks:923 android.view.Choreographer.doFrame:852 android.view.Choreographer$FrameDisplayEventReceiver.run:1283 
10-12 19:12:31.353 24290 24290 I BLASTBufferQueue: update, w= 1080 h= 2400 mName = ViewRootImpl@5dfcb65[MainActivity] mNativeObject= 0x7bdd316a00 sc.mNativeObject= 0x7b5c3156c0 format= -2 caller= android.graphics.BLASTBufferQueue.<init>:84 android.view.ViewRootImpl.updateBlastSurfaceIfNeeded:2909 android.view.ViewRootImpl.relayoutWindow:9847 android.view.ViewRootImpl.performTraversals:3884 android.view.ViewRootImpl.doTraversal:3116 android.view.ViewRootImpl$TraversalRunnable.run:10885 
10-12 19:12:31.353 24290 24290 I ViewRootImpl@5dfcb65[MainActivity]: Relayout returned: old=(0,0,1080,2400) new=(0,0,1080,2400) req=(1080,2400)0 dur=14 res=0x3 s={true 0x7b5c3ca800} ch=true seqId=0
10-12 19:12:31.355 24290 24290 I ViewRootImpl@5dfcb65[MainActivity]: mThreadedRenderer.initialize() mSurface={isValid=true 0x7b5c3ca800} hwInitialized=true
10-12 19:12:31.355 24290 24315 D OpenGLRenderer: eglCreateWindowSurface
10-12 19:12:31.382 24290 24290 D AbsListView:  in onLayout changed 
10-12 19:12:31.384 24290 24290 I ViewRootImpl@5dfcb65[MainActivity]: reportNextDraw android.view.ViewRootImpl.performTraversals:4438 android.view.ViewRootImpl.doTraversal:3116 android.view.ViewRootImpl$TraversalRunnable.run:10885 android.view.Choreographer$CallbackRecord.run:1301 android.view.Choreographer$CallbackRecord.run:1309 
10-12 19:12:31.384 24290 24290 I ViewRootImpl@5dfcb65[MainActivity]: Setup new sync id=0
10-12 19:12:31.384 24290 24290 I ViewRootImpl@5dfcb65[MainActivity]: Setting syncFrameCallback
10-12 19:12:31.384 24290 24290 I ViewRootImpl@5dfcb65[MainActivity]: registerCallbacksForSync syncBuffer=false
10-12 19:12:31.388 24290 24378 I ViewRootImpl@5dfcb65[MainActivity]: Received frameDrawingCallback syncResult=0 frameNum=1.
10-12 19:12:31.389 24290 24378 I ViewRootImpl@5dfcb65[MainActivity]: Setting up sync and frameCommitCallback
10-12 19:12:31.396 24290 24315 I BLASTBufferQueue: [ViewRootImpl@5dfcb65[MainActivity]#4](f:0,a:0) onFrameAvailable the first frame is available
10-12 19:12:31.397 24290 24315 I ViewRootImpl@5dfcb65[MainActivity]: Received frameCommittedCallback lastAttemptedDrawFrameNum=1 didProduceBuffer=true
10-12 19:12:31.400 24290 24315 D OpenGLRenderer: CFMS:: SetUp Pid : 24290    Tid : 24315
10-12 19:12:31.405 24290 24290 I ViewRootImpl@5dfcb65[MainActivity]: onSyncComplete
10-12 19:12:31.405 24290 24290 I ViewRootImpl@5dfcb65[MainActivity]: setupSync seqId=0 mSyncId=0 fn=1 caller=android.view.ViewRootImpl$$ExternalSyntheticLambda11.accept:6 android.window.SurfaceSyncer.lambda$setupSync$1$android-window-SurfaceSyncer:128 android.window.SurfaceSyncer$$ExternalSyntheticLambda1.accept:8 android.window.SurfaceSyncer$SyncSet.checkIfSyncIsComplete:382 android.window.SurfaceSyncer$SyncSet.markSyncReady:359 android.window.SurfaceSyncer.markSyncReady:151 android.view.ViewRootImpl.performTraversals:4503 
10-12 19:12:31.414 24290 24290 I ViewRootImpl@5436a19[MainActivity]: ViewPostIme pointer 1
10-12 19:12:31.415 24290 24290 I ViewRootImpl@5dfcb65[MainActivity]: reportDrawFinished seqId=0 mSyncId=-1 fn=1 mSurfaceChangedTransaction=0x7b5c47db00
10-12 19:12:31.423 24290 24290 I ViewRootImpl@5436a19[MainActivity]: MSG_WINDOW_FOCUS_CHANGED 0 0
10-12 19:12:31.468 24290 24290 I ViewRootImpl@5dfcb65[MainActivity]: MSG_WINDOW_FOCUS_CHANGED 1 0
10-12 19:12:31.469 24290 24290 I ViewRootImpl@5dfcb65[MainActivity]: mThreadedRenderer.initializeIfNeeded()#2 mSurface={isValid=true 0x7b5c3ca800}
10-12 19:12:31.470 24290 24290 D InputMethodManager: startInputInner - Id : 0
10-12 19:12:31.470 24290 24290 I InputMethodManager: startInputInner - mService.startInputOrWindowGainedFocus
10-12 19:12:32.114 24290 24290 I ViewRootImpl@5dfcb65[MainActivity]: ViewPostIme pointer 0
10-12 19:12:32.180 24290 24290 I ViewRootImpl@5dfcb65[MainActivity]: ViewPostIme pointer 1
10-12 19:12:32.181 24290 24290 D AbsListView: onTouchUp() mTouchMode : 0
10-12 19:12:32.259 24290 24290 I MSHandlerLifeCycle: removeMultiSplitHandler: no exist. decor=DecorView@e078b56[MainActivity]
10-12 19:12:32.261 24290 24315 D OpenGLRenderer: setSurface called with nullptr
10-12 19:12:32.261 24290 24315 D OpenGLRenderer: setSurface() destroyed EGLSurface
10-12 19:12:32.261 24290 24315 D OpenGLRenderer: destroyEglSurface
10-12 19:12:32.262 24290 24345 D EgyDeadProvider: loadLinks invoked for URL: https://tv6.egydead.live/%d9%85%d8%b4%d8%a7%d9%87%d8%af%d8%a9-%d9%81%d9%8a%d9%84%d9%85-pretty-crazy-2025-%d9%85%d8%aa%d8%b1%d8%ac%d9%85/
10-12 19:12:32.264 24290 24315 D OpenGLRenderer: endAllActiveAnimators on 0x7b2e76f700 (MaterialTextView) with handle 0x7b3e5e7040
10-12 19:12:32.265 24290 24290 I ViewRootImpl@5dfcb65[MainActivity]: dispatchDetachedFromWindow
10-12 19:12:32.290 24290 24290 D InputTransport: Input channel destroyed: 'b21d8e0', fd=128
10-12 19:12:32.292 24290 24290 I Dialog  : mIsDeviceDefault = false, mIsSamsungBasicInteraction = false, isMetaDataInActivity = false
10-12 19:12:32.376 24290 24290 I DecorView: [INFO] isPopOver=false config=false
10-12 19:12:32.376 24290 24290 I DecorView: updateCaptionType: isFloating=false isApplication=true hasWindowDecorCaption=false this=DecorView@e09bea0[]
10-12 19:12:32.376 24290 24290 D DecorView: setCaptionType = 0, this = DecorView@e09bea0[]
10-12 19:12:32.377 24290 24290 I DecorView: getCurrentDensityDpi: from app context. densityDpi=420 msg=resources_loaded
10-12 19:12:32.377 24290 24290 I DecorView: setWindowBackground: isPopOver=false color=0 d=android.graphics.drawable.ColorDrawable@3c7861e
10-12 19:12:32.386 24290 24315 D NativeCustomFrequencyManager: [NativeCFMS] BpCustomFrequencyManager::BpCustomFrequencyManager()
10-12 19:12:32.387 24290 24290 I DecorView: notifyKeepScreenOnChanged: keepScreenOn=false
