--------- beginning of main
10-13 02:15:56.610 14236 14236 D InputTransport: Input channel destroyed: '86022c2', fd=159
10-13 02:15:56.638 14236 14236 I ViewRootImpl@6784265[MainActivity]: MSG_WINDOW_FOCUS_CHANGED 1 0
10-13 02:15:56.638 14236 14236 I ViewRootImpl@6784265[MainActivity]: mThreadedRenderer.initializeIfNeeded()#2 mSurface={isValid=true 0x7b5d73c800}
10-13 02:15:56.643 14236 14236 D InputMethodManager: startInputInner - Id : 0
10-13 02:15:56.643 14236 14236 I InputMethodManager: startInputInner - mService.startInputOrWindowGainedFocus
10-13 02:15:57.365 14236 14236 I ViewRootImpl@6784265[MainActivity]: ViewPostIme pointer 0
10-13 02:15:57.458 14236 14236 D WindowOnBackDispatcher: onBackInvoked, viewRoot=ViewRootImpl@38942e2[MainActivity], callback=androidx.activity.OnBackPressedDispatcher$Api33Impl$$ExternalSyntheticLambda0@fcd878c
10-13 02:15:57.466 14236 14236 I IMM_LC  : hsifw() - flag : 0
10-13 02:15:57.466 14236 14236 I IMM_LC  : hsifw() - mService.hideSoftInput
10-13 02:15:57.479 14236 14236 D ScrollView: initGoToTop
10-13 02:15:57.525 14236 14236 E CoilImgLoader: Error loading image: coil3.request.NullRequestDataException: The request's data is null.
10-13 02:15:57.538 14236 14236 D ScrollView:  onsize change changed 
10-13 02:15:58.922 14236 14236 I ViewRootImpl@6784265[MainActivity]: ViewPostIme pointer 0
10-13 02:15:58.971 14236 14236 I ViewRootImpl@6784265[MainActivity]: ViewPostIme pointer 1
10-13 02:15:58.986 14236 14236 I NavComponent: Navigating to fragment: 2131361879
10-13 02:15:58.996 14236 14236 I IMM_LC  : hsifw() - flag : 0
10-13 02:15:58.997 14236 14236 I IMM_LC  : hsifw() - mService.hideSoftInput
10-13 02:15:59.666 14236 14236 I ViewRootImpl@6784265[MainActivity]: ViewPostIme pointer 0
10-13 02:15:59.854 14236 14236 I ViewRootImpl@6784265[MainActivity]: MSG_WINDOW_FOCUS_CHANGED 0 0
10-13 02:15:59.996 14236 14246 W st.cloudstream3: Cleared Reference was only reachable from finalizer (only reported once)
10-13 02:16:00.078 14236 14246 I st.cloudstream3: Background concurrent copying GC freed 19MB AllocSpace bytes, 85(3640KB) LOS objects, 49% free, 12MB/24MB, paused 597us,90us total 221.597ms
10-13 02:16:00.088 14236 14260 D OpenGLRenderer: setSurface called with nullptr
10-13 02:16:00.092 14236 14247 D InputTransport: Input channel destroyed: 'ClientS', fd=147
10-13 02:16:00.344 14236 14236 I ViewRootImpl@6784265[MainActivity]: handleAppVisibility mAppVisible = true visible = false
10-13 02:16:00.350 14236 14260 D OpenGLRenderer: setSurface called with nullptr
10-13 02:16:00.350 14236 14260 D OpenGLRenderer: setSurface() destroyed EGLSurface
10-13 02:16:00.350 14236 14260 D OpenGLRenderer: destroyEglSurface
10-13 02:16:00.360 14236 14236 I ViewRootImpl@6784265[MainActivity]: performTraversals mFirst=false windowShouldResize=false viewVisibilityChanged=true mForceNextWindowRelayout=false params=null
10-13 02:16:00.375 14236 14236 I ViewRootImpl@6784265[MainActivity]: Relayout returned: old=(0,0,1080,2400) new=(0,0,1080,2400) req=(1080,2400)8 dur=11 res=0x2 s={false 0x0} ch=true seqId=0
10-13 02:16:00.376 14236 14236 I ViewRootImpl@6784265[MainActivity]: stopped(true) old = false
10-13 02:16:00.376 14236 14236 I ViewRootImpl@6784265[MainActivity]: WindowStopped on com.lagradost.cloudstream3/com.lagradost.cloudstream3.MainActivity set to true
10-13 02:16:00.421 14236 14236 I MSHandlerLifeCycle: removeMultiSplitHandler: no exist. decor=DecorView@fcd0305[MainActivity]
10-13 02:16:00.422 14236 14236 D InputTransport: Input channel destroyed: 'ClientS', fd=136
10-13 02:16:00.445 14236 14236 I ViewRootImpl@6784265[MainActivity]: performTraversals mFirst=false windowShouldResize=false viewVisibilityChanged=false mForceNextWindowRelayout=false params={(0,0)(fillxfill) sim={state=always_hidden adjust=pan} ty=BASE_APPLICATION wanim=0x1030309
10-13 02:16:00.445 14236 14236 I ViewRootImpl@6784265[MainActivity]:   fl=85810100
10-13 02:16:00.445 14236 14236 I ViewRootImpl@6784265[MainActivity]:   pfl=12020040
10-13 02:16:00.445 14236 14236 I ViewRootImpl@6784265[MainActivity]:   vsysui=500
10-13 02:16:00.445 14236 14236 I ViewRootImpl@6784265[MainActivity]:   bhv=DEFAULT
10-13 02:16:00.445 14236 14236 I ViewRootImpl@6784265[MainActivity]:   fitSides= naviIconColor=0}
10-13 02:16:00.466 14236 14236 I ViewRootImpl@6784265[MainActivity]: Relayout returned: old=(0,0,1080,2400) new=(0,0,1080,2400) req=(1080,2400)8 dur=21 res=0x2 s={false 0x0} ch=false seqId=0
10-13 02:16:27.427 14236 14236 I ViewRootImpl@6784265[MainActivity]: handleAppVisibility mAppVisible = false visible = true
10-13 02:16:27.432 14236 14236 I ViewRootImpl@6784265[MainActivity]: stopped(false) old = true
10-13 02:16:27.432 14236 14236 I ViewRootImpl@6784265[MainActivity]: WindowStopped on com.lagradost.cloudstream3/com.lagradost.cloudstream3.MainActivity set to false
10-13 02:16:27.437 14236 14236 I AppVisibilityProxy: onAppEnteredBackground
10-13 02:16:27.453 14236 14236 I MSHandlerLifeCycle: removeMultiSplitHandler: no exist. decor=DecorView@fcd0305[MainActivity]
10-13 02:16:27.453 14236 14236 I ViewRootImpl@6784265[MainActivity]: stopped(false) old = false
10-13 02:16:27.461 14236 14236 I DecorView: notifyKeepScreenOnChanged: keepScreenOn=false
10-13 02:16:27.462 14236 14236 I MSHandlerLifeCycle: removeMultiSplitHandler: no exist. decor=DecorView@fcd0305[MainActivity]
10-13 02:16:27.471 14236 14236 I ViewRootImpl@6784265[MainActivity]: performTraversals params={(0,0)(fillxfill) sim={state=always_hidden adjust=resize forwardNavigation} ty=BASE_APPLICATION wanim=0x1030309
10-13 02:16:27.471 14236 14236 I ViewRootImpl@6784265[MainActivity]:   fl=85810100
10-13 02:16:27.471 14236 14236 I ViewRootImpl@6784265[MainActivity]:   pfl=12020040
10-13 02:16:27.471 14236 14236 I ViewRootImpl@6784265[MainActivity]:   vsysui=500
10-13 02:16:27.471 14236 14236 I ViewRootImpl@6784265[MainActivity]:   bhv=DEFAULT
10-13 02:16:27.471 14236 14236 I ViewRootImpl@6784265[MainActivity]:   fitSides= naviIconColor=0}
10-13 02:16:27.471 14236 14236 I ViewRootImpl@6784265[MainActivity]: performTraversals mFirst=false windowShouldResize=false viewVisibilityChanged=true mForceNextWindowRelayout=false params={(0,0)(fillxfill) sim={state=always_hidden adjust=resize forwardNavigation} ty=BASE_APPLICATION wanim=0x1030309
10-13 02:16:27.471 14236 14236 I ViewRootImpl@6784265[MainActivity]:   fl=85810100
10-13 02:16:27.471 14236 14236 I ViewRootImpl@6784265[MainActivity]:   pfl=12020040
10-13 02:16:27.471 14236 14236 I ViewRootImpl@6784265[MainActivity]:   vsysui=500
10-13 02:16:27.471 14236 14236 I ViewRootImpl@6784265[MainActivity]:   bhv=DEFAULT
10-13 02:16:27.471 14236 14236 I ViewRootImpl@6784265[MainActivity]:   fitSides= naviIconColor=0}
10-13 02:16:27.483 14236 14236 I ViewRootImpl@6784265[MainActivity]: updateBlastSurfaceIfNeeded mBlastBufferQueue=null isSameSurfaceControl=false
10-13 02:16:27.483 14236 14236 I BLASTBufferQueue: new BLASTBufferQueue, mName= ViewRootImpl@6784265[MainActivity] mNativeObject= 0x7b5d6bf700 sc.mNativeObject= 0x7be17bc7e0 caller= android.view.ViewRootImpl.updateBlastSurfaceIfNeeded:2909 android.view.ViewRootImpl.relayoutWindow:9847 android.view.ViewRootImpl.performTraversals:3884 android.view.ViewRootImpl.doTraversal:3116 android.view.ViewRootImpl$TraversalRunnable.run:10885 android.view.Choreographer$CallbackRecord.run:1301 android.view.Choreographer$CallbackRecord.run:1309 android.view.Choreographer.doCallbacks:923 android.view.Choreographer.doFrame:852 android.view.Choreographer$FrameDisplayEventReceiver.run:1283 
10-13 02:16:27.483 14236 14236 I BLASTBufferQueue: update, w= 1080 h= 2400 mName = ViewRootImpl@6784265[MainActivity] mNativeObject= 0x7b5d6bf700 sc.mNativeObject= 0x7be17bc7e0 format= -1 caller= android.graphics.BLASTBufferQueue.<init>:84 android.view.ViewRootImpl.updateBlastSurfaceIfNeeded:2909 android.view.ViewRootImpl.relayoutWindow:9847 android.view.ViewRootImpl.performTraversals:3884 android.view.ViewRootImpl.doTraversal:3116 android.view.ViewRootImpl$TraversalRunnable.run:10885 
10-13 02:16:27.484 14236 14236 I ViewRootImpl@6784265[MainActivity]: Relayout returned: old=(0,0,1080,2400) new=(0,0,1080,2400) req=(1080,2400)0 dur=12 res=0x3 s={true 0x7b5d73c800} ch=true seqId=0
10-13 02:16:27.484 14236 14236 I ViewRootImpl@6784265[MainActivity]: mThreadedRenderer.initialize() mSurface={isValid=true 0x7b5d73c800} hwInitialized=true
10-13 02:16:27.485 14236 14236 I ViewRootImpl@6784265[MainActivity]: reportNextDraw android.view.ViewRootImpl.performTraversals:4438 android.view.ViewRootImpl.doTraversal:3116 android.view.ViewRootImpl$TraversalRunnable.run:10885 android.view.Choreographer$CallbackRecord.run:1301 android.view.Choreographer$CallbackRecord.run:1309 
10-13 02:16:27.485 14236 14260 D OpenGLRenderer: eglCreateWindowSurface
10-13 02:16:27.485 14236 14236 I ViewRootImpl@6784265[MainActivity]: Setup new sync id=1
10-13 02:16:27.485 14236 14236 I ViewRootImpl@6784265[MainActivity]: Setting syncFrameCallback
10-13 02:16:27.485 14236 14236 I ViewRootImpl@6784265[MainActivity]: registerCallbacksForSync syncBuffer=false
10-13 02:16:27.497 14236 14319 I ViewRootImpl@6784265[MainActivity]: Received frameDrawingCallback syncResult=0 frameNum=1.
10-13 02:16:27.497 14236 14319 I ViewRootImpl@6784265[MainActivity]: Setting up sync and frameCommitCallback
10-13 02:16:27.501 14236 14260 I BLASTBufferQueue: [ViewRootImpl@6784265[MainActivity]#2](f:0,a:0) onFrameAvailable the first frame is available
10-13 02:16:27.502 14236 14260 I ViewRootImpl@6784265[MainActivity]: Received frameCommittedCallback lastAttemptedDrawFrameNum=1 didProduceBuffer=true
10-13 02:16:27.503 14236 14236 I ViewRootImpl@6784265[MainActivity]: onSyncComplete
10-13 02:16:27.503 14236 14236 I ViewRootImpl@6784265[MainActivity]: setupSync seqId=0 mSyncId=1 fn=1 caller=android.view.ViewRootImpl$$ExternalSyntheticLambda11.accept:6 android.window.SurfaceSyncer.lambda$setupSync$1$android-window-SurfaceSyncer:128 android.window.SurfaceSyncer$$ExternalSyntheticLambda1.accept:8 android.window.SurfaceSyncer$SyncSet.checkIfSyncIsComplete:382 android.window.SurfaceSyncer$SyncSet.markSyncReady:359 android.window.SurfaceSyncer.markSyncReady:151 android.view.ViewRootImpl.performTraversals:4503 
10-13 02:16:27.503 14236 14236 I ViewRootImpl@6784265[MainActivity]: reportDrawFinished seqId=0 mSyncId=-1 fn=1 mSurfaceChangedTransaction=0x7b5d83d800
10-13 02:16:27.512 14236 14236 W MediaRouter: Ignoring invalid provider descriptor: null
10-13 02:16:27.517 14236 14236 I ViewRootImpl@6784265[MainActivity]: MSG_WINDOW_FOCUS_CHANGED 1 0
10-13 02:16:27.517 14236 14236 I ViewRootImpl@6784265[MainActivity]: mThreadedRenderer.initializeIfNeeded()#2 mSurface={isValid=true 0x7b5d73c800}
10-13 02:16:27.520 14236 14236 D InputMethodManager: startInputInner - Id : 0
10-13 02:16:27.520 14236 14236 I InputMethodManager: startInputInner - mService.startInputOrWindowGainedFocus
10-13 02:16:29.277 14236 14236 I ViewRootImpl@6784265[MainActivity]: ViewPostIme pointer 0
10-13 02:16:29.396 14236 14236 I ViewRootImpl@6784265[MainActivity]: MSG_WINDOW_FOCUS_CHANGED 0 0
10-13 02:16:29.999 14236 14236 I ViewRootImpl@6784265[MainActivity]: handleAppVisibility mAppVisible = true visible = false
10-13 02:16:30.011 14236 14260 D OpenGLRenderer: setSurface called with nullptr
10-13 02:16:30.011 14236 14260 D OpenGLRenderer: setSurface() destroyed EGLSurface
10-13 02:16:30.011 14236 14260 D OpenGLRenderer: destroyEglSurface
10-13 02:16:30.013 14236 14236 I ViewRootImpl@6784265[MainActivity]: performTraversals mFirst=false windowShouldResize=false viewVisibilityChanged=true mForceNextWindowRelayout=false params=null
10-13 02:16:30.028 14236 14236 I ViewRootImpl@6784265[MainActivity]: Relayout returned: old=(0,0,1080,2400) new=(0,0,1080,2400) req=(1080,2400)8 dur=9 res=0x2 s={false 0x0} ch=true seqId=0
10-13 02:16:30.033 14236 14236 I ViewRootImpl@6784265[MainActivity]: stopped(true) old = false
10-13 02:16:30.033 14236 14236 I ViewRootImpl@6784265[MainActivity]: WindowStopped on com.lagradost.cloudstream3/com.lagradost.cloudstream3.MainActivity set to true
10-13 02:16:30.069 14236 14236 I MSHandlerLifeCycle: removeMultiSplitHandler: no exist. decor=DecorView@fcd0305[MainActivity]
10-13 02:16:30.070 14236 14236 D InputTransport: Input channel destroyed: 'ClientS', fd=119
10-13 02:16:30.077 14236 14236 I ViewRootImpl@6784265[MainActivity]: performTraversals mFirst=false windowShouldResize=false viewVisibilityChanged=false mForceNextWindowRelayout=false params={(0,0)(fillxfill) sim={state=always_hidden adjust=pan} ty=BASE_APPLICATION wanim=0x1030309
10-13 02:16:30.077 14236 14236 I ViewRootImpl@6784265[MainActivity]:   fl=85810100
10-13 02:16:30.077 14236 14236 I ViewRootImpl@6784265[MainActivity]:   pfl=12020040
10-13 02:16:30.077 14236 14236 I ViewRootImpl@6784265[MainActivity]:   vsysui=500
10-13 02:16:30.077 14236 14236 I ViewRootImpl@6784265[MainActivity]:   bhv=DEFAULT
10-13 02:16:30.077 14236 14236 I ViewRootImpl@6784265[MainActivity]:   fitSides= naviIconColor=0}
10-13 02:16:30.086 14236 14236 I ViewRootImpl@6784265[MainActivity]: Relayout returned: old=(0,0,1080,2400) new=(0,0,1080,2400) req=(1080,2400)8 dur=8 res=0x2 s={false 0x0} ch=false seqId=0
10-13 02:20:21.049 14236 14236 I ViewRootImpl@6784265[MainActivity]: handleAppVisibility mAppVisible = false visible = true
10-13 02:20:21.054 14236 14236 I ViewRootImpl@6784265[MainActivity]: stopped(false) old = true
10-13 02:20:21.054 14236 14236 I ViewRootImpl@6784265[MainActivity]: WindowStopped on com.lagradost.cloudstream3/com.lagradost.cloudstream3.MainActivity set to false
10-13 02:20:21.074 14236 14236 I MSHandlerLifeCycle: removeMultiSplitHandler: no exist. decor=DecorView@fcd0305[MainActivity]
10-13 02:20:21.075 14236 14236 I ViewRootImpl@6784265[MainActivity]: stopped(false) old = false
10-13 02:20:21.081 14236 14236 I DecorView: notifyKeepScreenOnChanged: keepScreenOn=false
10-13 02:20:21.088 14236 14236 I MSHandlerLifeCycle: removeMultiSplitHandler: no exist. decor=DecorView@fcd0305[MainActivity]
10-13 02:20:21.089 14236 14236 I ViewRootImpl@6784265[MainActivity]: performTraversals params={(0,0)(fillxfill) sim={state=always_hidden adjust=resize forwardNavigation} ty=BASE_APPLICATION wanim=0x1030309
10-13 02:20:21.089 14236 14236 I ViewRootImpl@6784265[MainActivity]:   fl=85810100
10-13 02:20:21.089 14236 14236 I ViewRootImpl@6784265[MainActivity]:   pfl=12020040
10-13 02:20:21.089 14236 14236 I ViewRootImpl@6784265[MainActivity]:   vsysui=500
10-13 02:20:21.089 14236 14236 I ViewRootImpl@6784265[MainActivity]:   bhv=DEFAULT
10-13 02:20:21.089 14236 14236 I ViewRootImpl@6784265[MainActivity]:   fitSides= naviIconColor=0}
10-13 02:20:21.090 14236 14236 I ViewRootImpl@6784265[MainActivity]: performTraversals mFirst=false windowShouldResize=false viewVisibilityChanged=true mForceNextWindowRelayout=false params={(0,0)(fillxfill) sim={state=always_hidden adjust=resize forwardNavigation} ty=BASE_APPLICATION wanim=0x1030309
10-13 02:20:21.090 14236 14236 I ViewRootImpl@6784265[MainActivity]:   fl=85810100
10-13 02:20:21.090 14236 14236 I ViewRootImpl@6784265[MainActivity]:   pfl=12020040
10-13 02:20:21.090 14236 14236 I ViewRootImpl@6784265[MainActivity]:   vsysui=500
10-13 02:20:21.090 14236 14236 I ViewRootImpl@6784265[MainActivity]:   bhv=DEFAULT
10-13 02:20:21.090 14236 14236 I ViewRootImpl@6784265[MainActivity]:   fitSides= naviIconColor=0}
10-13 02:20:21.100 14236 14236 I ViewRootImpl@6784265[MainActivity]: updateBlastSurfaceIfNeeded mBlastBufferQueue=null isSameSurfaceControl=false
10-13 02:20:21.101 14236 14236 I BLASTBufferQueue: new BLASTBufferQueue, mName= ViewRootImpl@6784265[MainActivity] mNativeObject= 0x7b5d6bf700 sc.mNativeObject= 0x7be179d720 caller= android.view.ViewRootImpl.updateBlastSurfaceIfNeeded:2909 android.view.ViewRootImpl.relayoutWindow:9847 android.view.ViewRootImpl.performTraversals:3884 android.view.ViewRootImpl.doTraversal:3116 android.view.ViewRootImpl$TraversalRunnable.run:10885 android.view.Choreographer$CallbackRecord.run:1301 android.view.Choreographer$CallbackRecord.run:1309 android.view.Choreographer.doCallbacks:923 android.view.Choreographer.doFrame:852 android.view.Choreographer$FrameDisplayEventReceiver.run:1283 
10-13 02:20:21.101 14236 14236 I BLASTBufferQueue: update, w= 1080 h= 2400 mName = ViewRootImpl@6784265[MainActivity] mNativeObject= 0x7b5d6bf700 sc.mNativeObject= 0x7be179d720 format= -1 caller= android.graphics.BLASTBufferQueue.<init>:84 android.view.ViewRootImpl.updateBlastSurfaceIfNeeded:2909 android.view.ViewRootImpl.relayoutWindow:9847 android.view.ViewRootImpl.performTraversals:3884 android.view.ViewRootImpl.doTraversal:3116 android.view.ViewRootImpl$TraversalRunnable.run:10885 
10-13 02:20:21.101 14236 14236 I ViewRootImpl@6784265[MainActivity]: Relayout returned: old=(0,0,1080,2400) new=(0,0,1080,2400) req=(1080,2400)0 dur=10 res=0x3 s={true 0x7b5d73c800} ch=true seqId=0
10-13 02:20:21.102 14236 14236 I ViewRootImpl@6784265[MainActivity]: mThreadedRenderer.initialize() mSurface={isValid=true 0x7b5d73c800} hwInitialized=true
10-13 02:20:21.102 14236 14236 I ViewRootImpl@6784265[MainActivity]: reportNextDraw android.view.ViewRootImpl.performTraversals:4438 android.view.ViewRootImpl.doTraversal:3116 android.view.ViewRootImpl$TraversalRunnable.run:10885 android.view.Choreographer$CallbackRecord.run:1301 android.view.Choreographer$CallbackRecord.run:1309 
10-13 02:20:21.102 14236 14260 D OpenGLRenderer: eglCreateWindowSurface
10-13 02:20:21.102 14236 14236 I ViewRootImpl@6784265[MainActivity]: Setup new sync id=2
10-13 02:20:21.102 14236 14236 I ViewRootImpl@6784265[MainActivity]: Setting syncFrameCallback
10-13 02:20:21.102 14236 14236 I ViewRootImpl@6784265[MainActivity]: registerCallbacksForSync syncBuffer=false
10-13 02:20:21.115 14236 14320 I ViewRootImpl@6784265[MainActivity]: Received frameDrawingCallback syncResult=0 frameNum=1.
10-13 02:20:21.115 14236 14320 I ViewRootImpl@6784265[MainActivity]: Setting up sync and frameCommitCallback
10-13 02:20:21.118 14236 14260 I BLASTBufferQueue: [ViewRootImpl@6784265[MainActivity]#3](f:0,a:0) onFrameAvailable the first frame is available
10-13 02:20:21.118 14236 14260 I ViewRootImpl@6784265[MainActivity]: Received frameCommittedCallback lastAttemptedDrawFrameNum=1 didProduceBuffer=true
10-13 02:20:21.119 14236 14236 I ViewRootImpl@6784265[MainActivity]: onSyncComplete
10-13 02:20:21.119 14236 14236 I ViewRootImpl@6784265[MainActivity]: setupSync seqId=0 mSyncId=2 fn=1 caller=android.view.ViewRootImpl$$ExternalSyntheticLambda11.accept:6 android.window.SurfaceSyncer.lambda$setupSync$1$android-window-SurfaceSyncer:128 android.window.SurfaceSyncer$$ExternalSyntheticLambda1.accept:8 android.window.SurfaceSyncer$SyncSet.checkIfSyncIsComplete:382 android.window.SurfaceSyncer$SyncSet.markSyncReady:359 android.window.SurfaceSyncer.markSyncReady:151 android.view.ViewRootImpl.performTraversals:4503 
10-13 02:20:21.119 14236 14236 I ViewRootImpl@6784265[MainActivity]: reportDrawFinished seqId=0 mSyncId=-1 fn=1 mSurfaceChangedTransaction=0x7b5d83d800
10-13 02:20:21.142 14236 14236 I ViewRootImpl@6784265[MainActivity]: MSG_WINDOW_FOCUS_CHANGED 1 0
10-13 02:20:21.142 14236 14236 I ViewRootImpl@6784265[MainActivity]: mThreadedRenderer.initializeIfNeeded()#2 mSurface={isValid=true 0x7b5d73c800}
10-13 02:20:21.144 14236 14236 D InputMethodManager: startInputInner - Id : 0
10-13 02:20:21.144 14236 14236 I InputMethodManager: startInputInner - mService.startInputOrWindowGainedFocus
10-13 02:20:22.371 14236 14236 I ViewRootImpl@6784265[MainActivity]: ViewPostIme pointer 0
10-13 02:20:22.436 14236 14236 I ViewRootImpl@6784265[MainActivity]: ViewPostIme pointer 1
10-13 02:20:22.444 14236 14236 I IMM_LC  : hsifw() - flag : 0
10-13 02:20:22.444 14236 14236 I IMM_LC  : hsifw() - mService.hideSoftInput
10-13 02:20:22.522 14236 14236 I PLG     : updatePluginList = https://raw.githubusercontent.com/adamwolker21/DZ/refs/heads/master/repo.json
10-13 02:20:22.522 14236 14236 I PLG     : getPlugins = https://raw.githubusercontent.com/adamwolker21/DZ/refs/heads/master/repo.json
10-13 02:20:23.294 14236 14291 D VotingApi: Requesting: https://counterapi.com/api/cs-raw.githubusercontent.com-adamwolker21-DZ/vote/806f9e9bb0fe6eed948cf51910bda7c7a4f4470876514f9eb99299b4b4e46db4?readOnly=true
10-13 02:20:23.782 14236 14236 I ViewRootImpl@6784265[MainActivity]: ViewPostIme pointer 0
10-13 02:20:23.856 14236 14236 I ViewRootImpl@6784265[MainActivity]: ViewPostIme pointer 1
10-13 02:20:23.878 14236 14291 I PLG     : handlePluginAction = https://raw.githubusercontent.com/adamwolker21/DZ/refs/heads/master/repo.json, (https://raw.githubusercontent.com/adamwolker21/DZ/refs/heads/master/repo.json, SitePlugin(url=https://raw.githubusercontent.com/adamwolker21/DZ/builds/EgyDead.cs3, status=1, version=1, apiVersion=1, name=EgyDead, internalName=EgyDead, authors=[adamwolker21], description=EgyDead, repositoryUrl=https://github.com/adamwolker21/DZ, tvTypes=[Movie, TvSeries], language=ar, iconUrl=https://raw.githubusercontent.com/adamwolker21/DZ/refs/heads/master/EgyDead/images.jpeg, fileSize=23974)), false
10-13 02:20:23.879 14236 14291 D PluginManager: Downloading plugin: https://raw.githubusercontent.com/adamwolker21/DZ/builds/EgyDead.cs3 to /data/user/0/com.lagradost.cloudstream3/files/Extensions/httpsraw.githubusercontent.comadamwolker21DZrefsheadsmasterrepo.json.-468825824/EgyDead.-124080901.cs3
10-13 02:20:24.138 14236 14291 I PluginManager: Unloading plugin: /data/user/0/com.lagradost.cloudstream3/files/Extensions/httpsraw.githubusercontent.comadamwolker21DZrefsheadsmasterrepo.json.-468825824/EgyDead.-124080901.cs3
10-13 02:20:24.138 14236 14291 W PluginManager: Couldn't find plugin /data/user/0/com.lagradost.cloudstream3/files/Extensions/httpsraw.githubusercontent.comadamwolker21DZrefsheadsmasterrepo.json.-468825824/EgyDead.-124080901.cs3
10-13 02:20:24.139 14236 14291 I PluginManager: Loading plugin: PluginData(internalName=EgyDead, url=https://raw.githubusercontent.com/adamwolker21/DZ/builds/EgyDead.cs3, isOnline=true, filePath=/data/user/0/com.lagradost.cloudstream3/files/Extensions/httpsraw.githubusercontent.comadamwolker21DZrefsheadsmasterrepo.json.-468825824/EgyDead.-124080901.cs3, version=-2147483648)
10-13 02:20:24.209 14236 14291 I PluginInstance: Adding EgyDead (https://tv6.egydead.live) MainAPI
10-13 02:20:24.209 14236 14291 I PluginManager: Loaded plugin EgyDead successfully
10-13 02:20:24.210 14236 14291 I PLG     : getPlugins = https://raw.githubusercontent.com/adamwolker21/DZ/refs/heads/master/repo.json
10-13 02:20:24.211 14236 14236 I COMPACT : showToast = Plugin Loaded
10-13 02:20:24.220 14236 14236 D CompatibilityChangeReporter: Compat change id reported: 147798919; UID 10523; state: ENABLED
10-13 02:20:24.220 14236 14236 E Toast   : setGravity() shouldn't be called on text toasts, the values won't be used
10-13 02:20:24.220 14236 14236 I Toast   : setView: it's a custom toast
10-13 02:20:24.229 14236 14236 V Toast   : show: caller = com.lagradost.cloudstream3.CommonActivity.showToast:175 
10-13 02:20:24.295 14236 14236 V Toast   : HANDLE SHOW: android.widget.Toast$TN@1b3d438 mView=null mNextView=androidx.cardview.widget.CardView{f8a9c11 V.E..V... ......ID 0,0-0,0 #7f0a0557 app:id/toast_layout_root}
10-13 02:20:24.297 14236 14236 V ToastPresenter: sipHeight = -39
10-13 02:20:24.298 14236 14236 V ToastPresenter: yOffset = 13
10-13 02:20:24.306 14236 14260 D NativeCustomFrequencyManager: [NativeCFMS] BpCustomFrequencyManager::BpCustomFrequencyManager()
10-13 02:20:24.315 14236 14236 D InsetsController: onStateChanged: InsetsState: {mDisplayFrame=Rect(0, 0 - 1080, 2400), mDisplayCutout=DisplayCutout{insets=Rect(0, 88 - 0, 0) waterfall=Insets{left=0, top=0, right=0, bottom=0} boundingRect={Bounds=[Rect(0, 0 - 0, 0), Rect(512, 0 - 568, 88), Rect(0, 0 - 0, 0), Rect(0, 0 - 0, 0)]} cutoutPathParserInfo={CutoutPathParserInfo{displayWidth=1080 displayHeight=2400 physicalDisplayWidth=1080 physicalDisplayHeight=2400 density={2.625} cutoutSpec={M 0,0 M 0,12.25101276465640 a 10.60613009248640,10.60613009248640 0 1,0 0,21.21226018497290 a 10.60613009248640,10.60613009248640 0 1,0 0,-21.21226018497290 Z @dp} rotation={0} scale={1.0} physicalPixelDisplaySizeRatio={1.0}}}}, mRoundedCorners=RoundedCorners{[RoundedCorner{position=TopLeft, radius=84, center=Point(84, 84)}, RoundedCorner{position=TopRight, radius=84, center=Point(996, 84)}, RoundedCorner{position=BottomRight, radius=84, center=Point(996, 2316)}, RoundedCorner{position=BottomLeft, radius=84, center=Point(84, 2316)}]}  mRoundedCornerFrame=Rect(0, 0 - 0, 0), mPrivacyIndicatorBounds=PrivacyIndicatorBounds {static bounds=Rect(964, 0 - 1080, 87) rotation=0}, mSources= { InsetsSource: {mType=ITYPE_NAVIGATION_BAR, mFrame=[0,2361][1080,2400], mVisible=true, mInsetsRoundedCornerFrame=false}, InsetsSource: {mType=ITYPE_LEFT_GESTURES, mFrame=[0,0][130,2400], mVisible=true, mInsetsRoundedCornerFrame=false}, InsetsSource: {mType=ITYPE_RIGHT_GESTURES, mFrame=[950,0][1080,2400], mVisible=true, mInsetsRoundedCornerFrame=false}, InsetsSource: {mType=ITYPE_TOP_MANDATORY_GESTURES, mFrame=[0,0][1080,120], mVisible=true, mInsetsRoundedCornerFrame=false}, InsetsSource: {mType=ITYPE_BOTTOM_MANDATORY_GESTURES, mFrame=[0,2316][1080,2400], mVisible=true, mInsetsRoundedCornerFrame=false}, InsetsSource: {mType=ITYPE_LEFT_DISPLAY_CUTOUT, mFrame=[0,0][-100000,2400], mVisible=true, mInsetsRoundedCornerFrame=false}, InsetsSource: {mType=ITYPE_TOP_DISPLAY_CUTOUT, mFrame=[0,0][1080,88], mVisible=true, mInsetsRoundedCornerFrame=false}, InsetsSource: {mType=ITYPE_RIGHT_DISPLAY_CUTOUT, mFrame=[100000,0][1080,2400], mVisible=true, mInsetsRoundedCornerFrame=false}, InsetsSource: {mType=ITYPE_BOTTOM_DISPLAY_CUTOUT, mFrame=[0,100000][1080,2400], mVisible=true, mInsetsRoundedCornerFrame=false}, InsetsSource: {mType=ITYPE_BOTTOM_TAPPABLE_ELEMENT, mFrame=[0,0][0,0], mVisible=true, mInsetsRoundedCornerFrame=false} } host=Toast from=android.view.ViewRootImpl.setView:1732
10-13 02:20:24.316 14236 14236 I ViewRootImpl@fb7d176[Toast]: setView = androidx.cardview.widget.CardView@f8a9c11 TM=true
10-13 02:20:24.324 14236 14236 I ViewRootImpl@fb7d176[Toast]: performTraversals params={(0,13)(wrapxwrap) gr=BOTTOM CENTER sim={adjust=resize} ty=TOAST fmt=TRANSLUCENT wanim=0x1030004 surfaceInsets=Rect(11, 11 - 11, 11)
10-13 02:20:24.324 14236 14236 I ViewRootImpl@fb7d176[Toast]:   fl=1000098
10-13 02:20:24.324 14236 14236 I ViewRootImpl@fb7d176[Toast]:   pfl=12000000
10-13 02:20:24.324 14236 14236 I ViewRootImpl@fb7d176[Toast]:   bhv=DEFAULT
10-13 02:20:24.324 14236 14236 I ViewRootImpl@fb7d176[Toast]:   fitTypes=STATUS_BARS NAVIGATION_BARS CAPTION_BAR
10-13 02:20:24.324 14236 14236 I ViewRootImpl@fb7d176[Toast]:   fitIgnoreVis naviIconColor=0}
10-13 02:20:24.324 14236 14236 I ViewRootImpl@fb7d176[Toast]: performTraversals mFirst=true windowShouldResize=false viewVisibilityChanged=false mForceNextWindowRelayout=false params={(0,13)(wrapxwrap) gr=BOTTOM CENTER sim={adjust=resize} ty=TOAST fmt=TRANSLUCENT wanim=0x1030004 surfaceInsets=Rect(11, 11 - 11, 11)
10-13 02:20:24.324 14236 14236 I ViewRootImpl@fb7d176[Toast]:   fl=1000098
10-13 02:20:24.324 14236 14236 I ViewRootImpl@fb7d176[Toast]:   pfl=12000000
10-13 02:20:24.324 14236 14236 I ViewRootImpl@fb7d176[Toast]:   bhv=DEFAULT
10-13 02:20:24.324 14236 14236 I ViewRootImpl@fb7d176[Toast]:   fitTypes=STATUS_BARS NAVIGATION_BARS CAPTION_BAR
10-13 02:20:24.324 14236 14236 I ViewRootImpl@fb7d176[Toast]:   fitIgnoreVis naviIconColor=0}
10-13 02:20:24.337 14236 14236 I ViewRootImpl@fb7d176[Toast]: updateBlastSurfaceIfNeeded mBlastBufferQueue=null isSameSurfaceControl=false
10-13 02:20:24.338 14236 14236 I BLASTBufferQueue: new BLASTBufferQueue, mName= ViewRootImpl@fb7d176[Toast] mNativeObject= 0x7bdaad2e00 sc.mNativeObject= 0x7bdaaf0a80 caller= android.view.ViewRootImpl.updateBlastSurfaceIfNeeded:2909 android.view.ViewRootImpl.relayoutWindow:9847 android.view.ViewRootImpl.performTraversals:3884 android.view.ViewRootImpl.doTraversal:3116 android.view.ViewRootImpl$TraversalRunnable.run:10885 android.view.Choreographer$CallbackRecord.run:1301 android.view.Choreographer$CallbackRecord.run:1309 android.view.Choreographer.doCallbacks:923 android.view.Choreographer.doFrame:852 android.view.Choreographer$FrameDisplayEventReceiver.run:1283 
10-13 02:20:24.338 14236 14236 I BLASTBufferQueue: update, w= 373 h= 178 mName = ViewRootImpl@fb7d176[Toast] mNativeObject= 0x7bdaad2e00 sc.mNativeObject= 0x7bdaaf0a80 format= -3 caller= android.graphics.BLASTBufferQueue.<init>:84 android.view.ViewRootImpl.updateBlastSurfaceIfNeeded:2909 android.view.ViewRootImpl.relayoutWindow:9847 android.view.ViewRootImpl.performTraversals:3884 android.view.ViewRootImpl.doTraversal:3116 android.view.ViewRootImpl$TraversalRunnable.run:10885 
10-13 02:20:24.339 14236 14236 I ViewRootImpl@fb7d176[Toast]: Relayout returned: old=(0,88,1080,2361) new=(364,2192,715,2348) req=(351,156)0 dur=12 res=0x3 s={true 0x7b180db000} ch=true seqId=0
10-13 02:20:24.340 14236 14236 I ViewRootImpl@fb7d176[Toast]: mThreadedRenderer.initialize() mSurface={isValid=true 0x7b180db000} hwInitialized=true
10-13 02:20:24.341 14236 14260 D OpenGLRenderer: eglCreateWindowSurface
10-13 02:20:24.344 14236 14236 I ViewRootImpl@fb7d176[Toast]: reportNextDraw android.view.ViewRootImpl.performTraversals:4438 android.view.ViewRootImpl.doTraversal:3116 android.view.ViewRootImpl$TraversalRunnable.run:10885 android.view.Choreographer$CallbackRecord.run:1301 android.view.Choreographer$CallbackRecord.run:1309 
10-13 02:20:24.344 14236 14236 I ViewRootImpl@fb7d176[Toast]: Setup new sync id=0
10-13 02:20:24.344 14236 14236 I ViewRootImpl@fb7d176[Toast]: Setting syncFrameCallback
10-13 02:20:24.344 14236 14236 I ViewRootImpl@fb7d176[Toast]: registerCallbacksForSync syncBuffer=false
10-13 02:20:24.346 14236 14319 I ViewRootImpl@fb7d176[Toast]: Received frameDrawingCallback syncResult=0 frameNum=1.
10-13 02:20:24.346 14236 14319 I ViewRootImpl@fb7d176[Toast]: Setting up sync and frameCommitCallback
10-13 02:20:24.349 14236 14260 I BLASTBufferQueue: [ViewRootImpl@fb7d176[Toast]#4](f:0,a:0) onFrameAvailable the first frame is available
10-13 02:20:24.350 14236 14260 I ViewRootImpl@fb7d176[Toast]: Received frameCommittedCallback lastAttemptedDrawFrameNum=1 didProduceBuffer=true
10-13 02:20:24.352 14236 14260 D OpenGLRenderer: CFMS:: SetUp Pid : 14236    Tid : 14260
10-13 02:20:24.357 14236 14236 I ViewRootImpl@fb7d176[Toast]: onSyncComplete
10-13 02:20:24.358 14236 14236 I ViewRootImpl@fb7d176[Toast]: setupSync seqId=0 mSyncId=0 fn=1 caller=android.view.ViewRootImpl$$ExternalSyntheticLambda11.accept:6 android.window.SurfaceSyncer.lambda$setupSync$1$android-window-SurfaceSyncer:128 android.window.SurfaceSyncer$$ExternalSyntheticLambda1.accept:8 android.window.SurfaceSyncer$SyncSet.checkIfSyncIsComplete:382 android.window.SurfaceSyncer$SyncSet.markSyncReady:359 android.window.SurfaceSyncer.markSyncReady:151 android.view.ViewRootImpl.performTraversals:4503 
10-13 02:20:24.358 14236 14236 I ViewRootImpl@fb7d176[Toast]: reportDrawFinished seqId=0 mSyncId=-1 fn=1 mSurfaceChangedTransaction=0x7bda879500
10-13 02:20:25.497 14236 14236 I ViewRootImpl@6784265[MainActivity]: ViewPostIme pointer 0
10-13 02:20:25.562 14236 14236 I ViewRootImpl@6784265[MainActivity]: ViewPostIme pointer 1
10-13 02:20:25.586 14236 14236 I IMM_LC  : hsifw() - flag : 0
10-13 02:20:25.586 14236 14236 I IMM_LC  : hsifw() - mService.hideSoftInput
10-13 02:20:25.746 14236 14294 I WebViewFactory: Loading com.google.android.webview version 141.0.7390.43 (code 739004333)
10-13 02:20:25.755 14236 14294 W st.cloudstream3: Failed to find entry 'classes.dex': Entry not found
10-13 02:20:25.756 14236 14294 D nativeloader: Configuring clns-6 for other apk /data/app/~~KzgKvUv1JwmzxHei_tsHXQ==/com.google.android.trichromelibrary_739004333-NHJfK8xUfQ5oC0LHEjEvPw==/base.apk. target_sdk_version=36, uses_libraries=ALL, library_path=/data/app/~~Z7EoFjMbPG94A6o-3Nb5UQ==/com.google.android.webview-eZKrupClwVmgDmxWAn78Ag==/lib/arm64:/data/app/~~Z7EoFjMbPG94A6o-3Nb5UQ==/com.google.android.webview-eZKrupClwVmgDmxWAn78Ag==/base.apk!/lib/arm64-v8a:/data/app/~~KzgKvUv1JwmzxHei_tsHXQ==/com.google.android.trichromelibrary_739004333-NHJfK8xUfQ5oC0LHEjEvPw==/base.apk!/lib/arm64-v8a, permitted_path=/data:/mnt/expand
10-13 02:20:25.756 14236 14294 D nativeloader: Extending system_exposed_libraries: libhumantracking.arcsoft.so:libPortraitDistortionCorrection.arcsoft.so:libPortraitDistortionCorrectionCali.arcsoft.so:libface_landmark.arcsoft.so:libFacialStickerEngine.arcsoft.so:libveengine.arcsoft.so:liblow_light_hdr.arcsoft.so:libhigh_dynamic_range.arcsoft.so:libFacialAttributeDetection.arcsoft.so:libBeauty_v4.camera.samsung.so:libexifa.camera.samsung.so:libjpega.camera.samsung.so:libOpenCv.camera.samsung.so:libImageScreener.camera.samsung.so:libMyFilter.camera.samsung.so:libtensorflowLite.myfilter.camera.samsung.so:libtensorflowlite_inference_api.myfilter.camera.samsung.so:libEventFinder.camera.samsung.so:libHIDTSnapJNI.camera.samsung.so:libSmartScan.camera.samsung.so:libRectify.camera.samsung.so:libDocRectifyWrapper.camera.samsung.so:libUltraWideDistortionCorrection.camera.samsung.so:libWideDistortionCorrection.camera.samsung.so:libHpr_RecGAE_cvFeature_v1.0.camera.samsung.so:libHprFace_GAE_api.camera.samsung.so:libFace_Landmark_API.camera.samsung.so:libHprFace_GAE_jn
10-13 02:20:25.763 14236 14294 D nativeloader: Configuring clns-7 for other apk /data/app/~~Z7EoFjMbPG94A6o-3Nb5UQ==/com.google.android.webview-eZKrupClwVmgDmxWAn78Ag==/base.apk. target_sdk_version=36, uses_libraries=, library_path=/data/app/~~Z7EoFjMbPG94A6o-3Nb5UQ==/com.google.android.webview-eZKrupClwVmgDmxWAn78Ag==/lib/arm64:/data/app/~~Z7EoFjMbPG94A6o-3Nb5UQ==/com.google.android.webview-eZKrupClwVmgDmxWAn78Ag==/base.apk!/lib/arm64-v8a:/data/app/~~KzgKvUv1JwmzxHei_tsHXQ==/com.google.android.trichromelibrary_739004333-NHJfK8xUfQ5oC0LHEjEvPw==/base.apk!/lib/arm64-v8a, permitted_path=/data:/mnt/expand
10-13 02:20:25.796 14236 14294 I cr_WVCFactoryProvider: version=141.0.7390.43 (739004333) minSdkVersion=29 multiprocess=true packageId=127 splits=<none>
10-13 02:20:25.803 14236 14294 D nativeloader: Load /data/app/~~KzgKvUv1JwmzxHei_tsHXQ==/com.google.android.trichromelibrary_739004333-NHJfK8xUfQ5oC0LHEjEvPw==/base.apk!/lib/arm64-v8a/libmonochrome_64.so using class loader ns clns-7 (caller=/data/app/~~Z7EoFjMbPG94A6o-3Nb5UQ==/com.google.android.webview-eZKrupClwVmgDmxWAn78Ag==/base.apk): ok
10-13 02:20:25.807 14236 14294 D nativeloader: Load /system/lib64/libwebviewchromium_plat_support.so using class loader ns clns-7 (caller=/data/app/~~Z7EoFjMbPG94A6o-3Nb5UQ==/com.google.android.webview-eZKrupClwVmgDmxWAn78Ag==/base.apk): ok
10-13 02:20:25.811 14236 15426 E chromium: [1013/022025.811058:ERROR:android_webview/browser/variations/variations_seed_loader.cc:39] Seed missing signature.
10-13 02:20:25.820 14236 14294 I cr_LibraryLoader: Successfully loaded native library
10-13 02:20:25.821 14236 14294 I cr_CachingUmaRecorder: Flushed 13 samples from 13 histograms, 0 samples were dropped.
10-13 02:20:25.935 14236 14236 I ViewRootImpl@6784265[MainActivity]: ViewPostIme pointer 0
10-13 02:20:25.993 14236 14236 I ViewRootImpl@6784265[MainActivity]: ViewPostIme pointer 1
10-13 02:20:26.246 14236 14260 D OpenGLRenderer: setSurface called with nullptr
10-13 02:20:26.246 14236 14260 D OpenGLRenderer: setSurface() destroyed EGLSurface
10-13 02:20:26.246 14236 14260 D OpenGLRenderer: destroyEglSurface
10-13 02:20:26.247 14236 14236 I ViewRootImpl@fb7d176[Toast]: dispatchDetachedFromWindow
10-13 02:20:26.255 14236 14236 D InputTransport: Input channel destroyed: 'd717dc8', fd=162
10-13 02:20:26.828 14236 14246 I st.cloudstream3: Background concurrent copying GC freed 7251KB AllocSpace bytes, 55(3580KB) LOS objects, 49% free, 16MB/33MB, paused 523us,405us total 180.803ms
10-13 02:20:26.844 14236 14260 D OpenGLRenderer: setSurface called with nullptr
10-13 02:20:26.863 14236 14248 W System  : A resource failed to call close. 
10-13 02:20:28.323 14236 14236 I ViewRootImpl@6784265[MainActivity]: ViewPostIme pointer 0
10-13 02:20:28.670 14236 14236 I ViewRootImpl@6784265[MainActivity]: ViewPostIme pointer 1
10-13 02:20:29.552 14236 14236 I ViewRootImpl@6784265[MainActivity]: ViewPostIme pointer 0
10-13 02:20:30.006 14236 14236 I ViewRootImpl@6784265[MainActivity]: ViewPostIme pointer 1
10-13 02:20:30.416 14236 14236 I ViewRootImpl@6784265[MainActivity]: ViewPostIme pointer 0
10-13 02:20:30.538 14236 14236 I ViewRootImpl@6784265[MainActivity]: ViewPostIme pointer 1
10-13 02:20:32.090 14236 14236 I ViewRootImpl@6784265[MainActivity]: ViewPostIme pointer 0
10-13 02:20:32.155 14236 14236 I ViewRootImpl@6784265[MainActivity]: ViewPostIme pointer 1
10-13 02:20:32.170 14236 14236 I NavComponent: Navigating to fragment: 2131362274
10-13 02:20:32.181 14236 14236 I IMM_LC  : hsifw() - flag : 0
10-13 02:20:32.182 14236 14236 I IMM_LC  : hsifw() - mService.hideSoftInput
10-13 02:20:32.243 14236 14236 D ScrollView: initGoToTop
10-13 02:20:32.595 14236 14236 I SurfaceView@70f45b3: onWindowVisibilityChanged(0) true android.view.SurfaceView{70f45b3 V.E..V... ......I. 0,0-0,0} of ViewRootImpl@6784265[MainActivity]
10-13 02:20:32.595 14236 14236 D SurfaceView@70f45b3: updateSurface: has no frame
10-13 02:20:32.604 14236 14236 I CS3ExoPlayer: SET STYLE = SaveCaptionStyle(foregroundColor=-1, backgroundColor=0, windowColor=0, edgeType=1, edgeColor=-16777216, typeface=null, typefaceFilePath=null, elevation=20, fixedTextSize=null, edgeSize=null, removeCaptions=false, removeBloat=true, upperCase=false, bold=false, italic=false, backgroundRadius=null)
10-13 02:20:32.619 14236 14236 D VideoClickActionHolder: allVideoClickActions: [null:com.lagradost.cloudstream3.actions.temp.PlayInBrowserAction, null:com.lagradost.cloudstream3.actions.temp.CopyClipboardAction, null:com.lagradost.cloudstream3.actions.temp.ViewM3U8Action, null:com.lagradost.cloudstream3.actions.temp.VlcPackage, null:com.lagradost.cloudstream3.actions.temp.MpvPackage, null:com.lagradost.cloudstream3.actions.temp.NextPlayerPackage, null:com.lagradost.cloudstream3.actions.temp.JustPlayerPackage, null:com.lagradost.cloudstream3.actions.temp.fcast.FcastAction, null:com.lagradost.cloudstream3.actions.temp.LibreTorrentPackage, null:com.lagradost.cloudstream3.actions.temp.BiglyBTPackage, null:com.lagradost.cloudstream3.actions.temp.VlcNightlyPackage, null:com.lagradost.cloudstream3.actions.temp.WebVideoCastPackage, null:com.lagradost.cloudstream3.actions.temp.MpvYTDLPackage, null:com.lagradost.cloudstream3.actions.temp.MpvKtPackage, null:com.lagradost.cloudstream3.actions.temp.MpvKtPreviewPackage, null:com.lagradost.cloudstream3.actions.AlwaysAskAction]
10-13 02:20:32.620 14236 14236 I IMM_LC  : hsifw() - flag : 0
10-13 02:20:32.620 14236 14236 I IMM_LC  : hsifw() - mService.hideSoftInput
10-13 02:20:32.622 14236 14291 I SYNCVM  : addFromUrl = https://tv6.egydead.live/%d9%85%d8%b4%d8%a7%d9%87%d8%af%d8%a9-%d9%81%d9%8a%d9%84%d9%85-mantis-2025-%d9%85%d8%aa%d8%b1%d8%ac%d9%85/
10-13 02:20:32.623 14236 14291 I SYNCUTIL: getIdsFromUrl https://tv6.egydead.live/%d9%85%d8%b4%d8%a7%d9%87%d8%af%d8%a9-%d9%81%d9%8a%d9%84%d9%85-mantis-2025-%d9%85%d8%aa%d8%b1%d8%ac%d9%85/
10-13 02:20:32.643 14236 14236 I SurfaceView@70f45b3: onWindowVisibilityChanged(8) false android.view.SurfaceView{70f45b3 V.E..V... ......I. 0,0-0,0} of ViewRootImpl@6784265[MainActivity]
10-13 02:20:32.643 14236 14236 D SurfaceView@70f45b3: updateSurface: has no frame
10-13 02:20:32.643 14236 14236 D SurfaceView@70f45b3: updateSurface: has no frame
10-13 02:20:32.643 14236 14236 I SurfaceView@70f45b3: onDetachedFromWindow: tryReleaseSurfaces()
10-13 02:20:32.643 14236 14236 I SurfaceView@70f45b3: releaseSurfaces: viewRoot = ViewRootImpl@6784265[MainActivity]
10-13 02:20:32.644 14236 14236 I SurfaceView@70f45b3: applyTransactionOnVriDraw: vri = ViewRootImpl@6784265[MainActivity] fRS = true t = 0x7b184e9d00 android.view.SurfaceView.releaseSurfaces:858 android.view.SurfaceView.onDetachedFromWindow:500 android.view.View.dispatchDetachedFromWindow:22538 
10-13 02:20:32.644 14236 14236 I SurfaceView@70f45b3: applyTransactionOnVriDraw: viewRoot.applyTransactionOnDrawFromReleaseSurfaces
10-13 02:20:32.644 14236 14236 I ViewRootImpl@6784265[MainActivity]: applyTransactionOnDraw: mRemoved = false isHardwareEnabled = true t = 0x7b184e9d00android.view.ViewRootImpl.applyTransactionOnDrawFromReleaseSurfaces:12850 android.view.SurfaceView.applyTransactionOnVriDraw:2046 android.view.SurfaceView.releaseSurfaces:858 android.view.SurfaceView.onDetachedFromWindow:500 android.view.View.dispatchDetachedFromWindow:22538 
10-13 02:20:32.646 14236 14236 I SurfaceView@70f45b3: onWindowVisibilityChanged(0) true android.view.SurfaceView{70f45b3 V.E..V... ......I. 0,0-0,0} of ViewRootImpl@6784265[MainActivity]
10-13 02:20:32.646 14236 14236 D SurfaceView@70f45b3: updateSurface: has no frame
10-13 02:20:32.652 14236 14236 I DecorView: notifyKeepScreenOnChanged: keepScreenOn=false
10-13 02:20:32.666 14236 14236 I CS3ExoPlayer: reloadPlayer
10-13 02:20:32.666 14236 14236 I CS3ExoPlayer: releasePlayer
10-13 02:20:32.666 14236 14236 I CS3ExoPlayer: Handle event: PlayerAttachedEvent(player=null, source=Player)
10-13 02:20:32.673 14236 14236 I ViewRootImpl@6784265[MainActivity]: performTraversals params={(0,0)(fillxfill) sim={state=always_hidden adjust=resize} ty=BASE_APPLICATION wanim=0x1030309
10-13 02:20:32.673 14236 14236 I ViewRootImpl@6784265[MainActivity]:   fl=85810100
10-13 02:20:32.673 14236 14236 I ViewRootImpl@6784265[MainActivity]:   pfl=12020040
10-13 02:20:32.673 14236 14236 I ViewRootImpl@6784265[MainActivity]:   vsysui=500
10-13 02:20:32.673 14236 14236 I ViewRootImpl@6784265[MainActivity]:   bhv=DEFAULT
10-13 02:20:32.673 14236 14236 I ViewRootImpl@6784265[MainActivity]:   fitSides= naviIconColor=0}
10-13 02:20:32.674 14236 14236 I ViewRootImpl@6784265[MainActivity]: performTraversals mFirst=false windowShouldResize=false viewVisibilityChanged=false mForceNextWindowRelayout=false params={(0,0)(fillxfill) sim={state=always_hidden adjust=resize} ty=BASE_APPLICATION fmt=TRANSLUCENT wanim=0x1030309
10-13 02:20:32.674 14236 14236 I ViewRootImpl@6784265[MainActivity]:   fl=85810100
10-13 02:20:32.674 14236 14236 I ViewRootImpl@6784265[MainActivity]:   pfl=12020040
10-13 02:20:32.674 14236 14236 I ViewRootImpl@6784265[MainActivity]:   vsysui=500
10-13 02:20:32.674 14236 14236 I ViewRootImpl@6784265[MainActivity]:   bhv=DEFAULT
10-13 02:20:32.674 14236 14236 I ViewRootImpl@6784265[MainActivity]:   fitSides= naviIconColor=0}
10-13 02:20:32.682 14236 14236 I ViewRootImpl@6784265[MainActivity]: updateBlastSurfaceIfNeeded mBlastBufferQueue=0x7b5d6bf700 isSameSurfaceControl=true
10-13 02:20:32.682 14236 14236 I BLASTBufferQueue: update, w= 1080 h= 2400 mName = ViewRootImpl@6784265[MainActivity] mNativeObject= 0x7b5d6bf700 sc.mNativeObject= 0x7b361ea100 format= -3 caller= android.view.ViewRootImpl.updateBlastSurfaceIfNeeded:2898 android.view.ViewRootImpl.relayoutWindow:9847 android.view.ViewRootImpl.performTraversals:3884 android.view.ViewRootImpl.doTraversal:3116 android.view.ViewRootImpl$TraversalRunnable.run:10885 android.view.Choreographer$CallbackRecord.run:1301 
10-13 02:20:32.682 14236 14236 I ViewRootImpl@6784265[MainActivity]: Relayout returned: old=(0,0,1080,2400) new=(0,0,1080,2400) req=(1080,2400)0 dur=8 res=0x0 s={true 0x7b5d73c800} ch=false seqId=0
10-13 02:20:32.684 14236 14236 W View    : requestLayout() improperly called by android.widget.FrameLayout{8fb0552 I.E..V... ......I. 0,0-0,0 #7f0a04e7 app:id/start_panel} during layout: running second layout pass
10-13 02:20:32.684 14236 14236 W View    : requestLayout() improperly called by android.widget.FrameLayout{dec7023 I.E..V... ......ID 1080,0-1080,2143 #7f0a0168 app:id/end_panel} during layout: running second layout pass
10-13 02:20:32.685 14236 14236 D SurfaceView@70f45b3: updateSurface: has no frame
10-13 02:20:32.691 14236 14320 I ViewRootImpl@6784265[MainActivity]: mWNT: t=0x7b184e9d00 mBlastBufferQueue=0x7b5d6bf700 fn= 357 caller= android.view.ViewRootImpl.lambda$applyTransactionOnDraw$11$android-view-ViewRootImpl:12865 android.view.ViewRootImpl$$ExternalSyntheticLambda1.onFrameDraw:4 android.graphics.HardwareRenderer$FrameDrawingCallback.onFrameDraw:924 
10-13 02:20:32.695 14236 14236 D SurfaceView@70f45b3: updateSurface: has no frame
10-13 02:20:32.715 14236 14236 D SurfaceView@70f45b3: updateSurface: has no frame
10-13 02:20:32.736 14236 14236 D SurfaceView@70f45b3: updateSurface: has no frame
10-13 02:20:32.764 14236 14236 D SurfaceView@70f45b3: updateSurface: has no frame
10-13 02:20:32.776 14236 14236 D SurfaceView@70f45b3: updateSurface: has no frame
10-13 02:20:32.788 14236 14236 D SurfaceView@70f45b3: updateSurface: has no frame
10-13 02:20:32.800 14236 14236 D SurfaceView@70f45b3: updateSurface: has no frame
10-13 02:20:32.816 14236 14236 D SurfaceView@70f45b3: updateSurface: has no frame
10-13 02:20:32.837 14236 14236 D SurfaceView@70f45b3: updateSurface: has no frame
10-13 02:20:32.849 14236 14236 D SurfaceView@70f45b3: updateSurface: has no frame
10-13 02:20:32.866 14236 14236 D SurfaceView@70f45b3: updateSurface: has no frame
10-13 02:20:32.883 14236 14236 D SurfaceView@70f45b3: updateSurface: has no frame
10-13 02:20:32.899 14236 14236 D SurfaceView@70f45b3: updateSurface: has no frame
10-13 02:20:32.916 14236 14236 D SurfaceView@70f45b3: updateSurface: has no frame
10-13 02:20:32.933 14236 14236 D SurfaceView@70f45b3: updateSurface: has no frame
10-13 02:20:32.950 14236 14236 D SurfaceView@70f45b3: updateSurface: has no frame
10-13 02:20:32.966 14236 14236 D SurfaceView@70f45b3: updateSurface: has no frame
10-13 02:20:32.983 14236 14236 D SurfaceView@70f45b3: updateSurface: has no frame
10-13 02:20:32.998 14236 14295 I RVM2    : applyMeta
10-13 02:20:32.999 14236 14236 D SurfaceView@70f45b3: updateSurface: has no frame
10-13 02:20:33.016 14236 14236 D SurfaceView@70f45b3: updateSurface: has no frame
10-13 02:20:33.033 14236 14236 D SurfaceView@70f45b3: updateSurface: has no frame
10-13 02:20:33.049 14236 14236 D SurfaceView@70f45b3: updateSurface: has no frame
10-13 02:20:33.066 14236 14236 D SurfaceView@70f45b3: updateSurface: has no frame
10-13 02:20:33.083 14236 14236 D SurfaceView@70f45b3: updateSurface: has no frame
10-13 02:20:33.099 14236 14236 D SurfaceView@70f45b3: updateSurface: has no frame
10-13 02:20:33.117 14236 14236 D SurfaceView@70f45b3: updateSurface: has no frame
10-13 02:20:33.132 14236 14236 D SurfaceView@70f45b3: updateSurface: has no frame
10-13 02:20:33.149 14236 14236 D SurfaceView@70f45b3: updateSurface: has no frame
10-13 02:20:33.166 14236 14236 D SurfaceView@70f45b3: updateSurface: has no frame
10-13 02:20:33.183 14236 14236 D SurfaceView@70f45b3: updateSurface: has no frame
10-13 02:20:33.200 14236 14236 D SurfaceView@70f45b3: updateSurface: has no frame
10-13 02:20:33.216 14236 14236 D SurfaceView@70f45b3: updateSurface: has no frame
10-13 02:20:33.233 14236 14236 D SurfaceView@70f45b3: updateSurface: has no frame
10-13 02:20:33.249 14236 14236 D SurfaceView@70f45b3: updateSurface: has no frame
10-13 02:20:33.266 14236 14236 D SurfaceView@70f45b3: updateSurface: has no frame
10-13 02:20:33.284 14236 14236 D SurfaceView@70f45b3: updateSurface: has no frame
10-13 02:20:33.299 14236 14236 D SurfaceView@70f45b3: updateSurface: has no frame
10-13 02:20:33.322 14236 14236 D SurfaceView@70f45b3: updateSurface: has no frame
10-13 02:20:33.359 14236 14236 D SurfaceView@70f45b3: updateSurface: has no frame
10-13 02:20:33.362 14236 14246 I st.cloudstream3: Background concurrent copying GC freed 10MB AllocSpace bytes, 70(3940KB) LOS objects, 49% free, 19MB/38MB, paused 199us,440us total 194.841ms
10-13 02:20:33.366 14236 14236 D SurfaceView@70f45b3: updateSurface: has no frame
10-13 02:20:33.382 14236 14236 D SurfaceView@70f45b3: updateSurface: has no frame
10-13 02:20:33.395 14236 14236 W PanelsChildGestureRegionObserver: failed to register view with ID 2131362800. already registered
10-13 02:20:33.398 14236 14236 E CoilImgLoader: Error loading image: coil3.request.NullRequestDataException: The request's data is null.
10-13 02:20:33.404 14236 14236 E CoilImgLoader: Error loading image: coil3.request.NullRequestDataException: The request's data is null.
10-13 02:20:33.441 14236 15446 I SYNCVM  : addFromUrl = https://tv6.egydead.live/%d9%85%d8%b4%d8%a7%d9%87%d8%af%d8%a9-%d9%81%d9%8a%d9%84%d9%85-mantis-2025-%d9%85%d8%aa%d8%b1%d8%ac%d9%85/
10-13 02:20:33.441 14236 15446 I SYNCUTIL: getIdsFromUrl https://tv6.egydead.live/%d9%85%d8%b4%d8%a7%d9%87%d8%af%d8%a9-%d9%81%d9%8a%d9%84%d9%85-mantis-2025-%d9%85%d8%aa%d8%b1%d8%ac%d9%85/
10-13 02:20:33.454 14236 14236 D SurfaceView@70f45b3: updateSurface: has no frame
10-13 02:20:33.455 14236 14236 I SurfaceView@70f45b3: Changes: creating=true format=true size=true visible=true alpha=false hint=false mUseAlpha=false visible=true left=true top=true
10-13 02:20:33.458 14236 14236 I BLASTBufferQueue: update, w= 1080 h= 525 mName = null mNativeObject= 0x7bdaad3700 sc.mNativeObject= 0x7bdaaeea00 format= 4 caller= android.view.SurfaceView.createBlastSurfaceControls:1383 android.view.SurfaceView.updateSurface:1079 android.view.SurfaceView.lambda$new$0$android-view-SurfaceView:200 android.view.SurfaceView$$ExternalSyntheticLambda5.onPreDraw:2 android.view.ViewTreeObserver.dispatchOnPreDraw:1121 android.view.ViewRootImpl.performTraversals:4442 
10-13 02:20:33.458 14236 14236 I SurfaceView@70f45b3: 118441395 Cur surface: Surface(name=null)/@0xc1e3a77
10-13 02:20:33.458 14236 14236 I SurfaceView@70f45b3: pST: sr = Rect(0, 218 - 1080, 743) sw = 1080 sh = 525
10-13 02:20:33.458 14236 14236 D SurfaceView@70f45b3: performSurfaceTransaction RenderWorker position = [0, 218, 1080, 743] surfaceSize = 1080x525
