10-12 20:38:27.829 10083 10107 I ViewRootImpl@fa84b5e[MainActivity]: Received frameCommittedCallback lastAttemptedDrawFrameNum=1 didProduceBuffer=true
10-12 20:38:27.831 10083 10107 D OpenGLRenderer: CFMS:: SetUp Pid : 10083    Tid : 10107
10-12 20:38:27.838 10083 10083 I ViewRootImpl@fa84b5e[MainActivity]: onSyncComplete
10-12 20:38:27.839 10083 10083 I ViewRootImpl@fa84b5e[MainActivity]: setupSync seqId=0 mSyncId=0 fn=1 caller=android.view.ViewRootImpl$$ExternalSyntheticLambda11.accept:6 android.window.SurfaceSyncer.lambda$setupSync$1$android-window-SurfaceSyncer:128 android.window.SurfaceSyncer$$ExternalSyntheticLambda1.accept:8 android.window.SurfaceSyncer$SyncSet.checkIfSyncIsComplete:382 android.window.SurfaceSyncer$SyncSet.markSyncReady:359 android.window.SurfaceSyncer.markSyncReady:151 android.view.ViewRootImpl.performTraversals:4503 
10-12 20:38:27.839 10083 10083 I ViewRootImpl@fa84b5e[MainActivity]: reportDrawFinished seqId=0 mSyncId=-1 fn=1 mSurfaceChangedTransaction=0x7bdd475700
10-12 20:38:27.843 10083 10083 D InsetsController: onStateChanged: InsetsState: {mDisplayFrame=Rect(0, 0 - 1080, 2400), mDisplayCutout=DisplayCutout{insets=Rect(0, 88 - 0, 0) waterfall=Insets{left=0, top=0, right=0, bottom=0} boundingRect={Bounds=[Rect(0, 0 - 0, 0), Rect(512, 0 - 568, 88), Rect(0, 0 - 0, 0), Rect(0, 0 - 0, 0)]} cutoutPathParserInfo={CutoutPathParserInfo{displayWidth=1080 displayHeight=2400 physicalDisplayWidth=1080 physicalDisplayHeight=2400 density={2.625} cutoutSpec={M 0,0 M 0,12.25101276465640 a 10.60613009248640,10.60613009248640 0 1,0 0,21.21226018497290 a 10.60613009248640,10.60613009248640 0 1,0 0,-21.21226018497290 Z @dp} rotation={0} scale={1.0} physicalPixelDisplaySizeRatio={1.0}}}}, mRoundedCorners=RoundedCorners{[RoundedCorner{position=TopLeft, radius=84, center=Point(84, 84)}, RoundedCorner{position=TopRight, radius=84, center=Point(996, 84)}, RoundedCorner{position=BottomRight, radius=84, center=Point(996, 2316)}, RoundedCorner{position=BottomLeft, radius=84, center=Point(84, 2316)}]}  mRoundedCornerFrame=Rect(0, 0 - 1080, 2400), mPrivacyIndicatorBounds=PrivacyIndicatorBounds {static bounds=Rect(964, 0 - 1080, 87) rotation=0}, mSources= { InsetsSource: {mType=ITYPE_STATUS_BAR, mFrame=[0,0][1080,88], mVisible=true, mInsetsRoundedCornerFrame=false}, InsetsSource: {mType=ITYPE_NAVIGATION_BAR, mFrame=[0,2361][1080,2400], mVisible=true, mInsetsRoundedCornerFrame=false}, InsetsSource: {mType=ITYPE_LEFT_GESTURES, mFrame=[0,0][130,2400], mVisible=true, mInsetsRoundedCornerFrame=false}, InsetsSource: {mType=ITYPE_RIGHT_GESTURES, mFrame=[950,0][1080,2400], mVisible=true, mInsetsRoundedCornerFrame=false}, InsetsSource: {mType=ITYPE_TOP_MANDATORY_GESTURES, mFrame=[0,0][1080,120], mVisible=true, mInsetsRoundedCornerFrame=false}, InsetsSource: {mType=ITYPE_BOTTOM_MANDATORY_GESTURES, mFrame=[0,2316][1080,2400], mVisible=true, mInsetsRoundedCornerFrame=false}, InsetsSource: {mType=ITYPE_LEFT_DISPLAY_CUTOUT, mFrame=[0,0][-100000,2400], mVisible=true, mInsetsRoundedCornerFrame=false}, InsetsSource: {mType=ITYPE_TOP_DISPLAY_CUTOUT, mFrame=[0,0][1080,88], mVisible=true, mInsetsRoundedCornerFrame=false}, InsetsSource: {mType=ITYPE_RIGHT_DISPLAY_CUTOUT, mFrame=[100000,0][1080,2400], mVisible=true, mInsetsRoundedCornerFrame=false}, InsetsSource: {mType=ITYPE_BOTTOM_DISPLAY_CUTOUT, mFrame=[0,100000][1080,2400], mVisible=true, mInsetsRoundedCornerFrame=false}, InsetsSource: {mType=ITYPE_TOP_TAPPABLE_ELEMENT, mFrame=[0,0][1080,88], mVisible=true, mInsetsRoundedCornerFrame=false}, InsetsSource: {mType=ITYPE_BOTTOM_TAPPABLE_ELEMENT, mFrame=[0,0][0,0], mVisible=true, mInsetsRoundedCornerFrame=false} } host=com.lagradost.cloudstream3/com.lagradost.cloudstream3.MainActivity from=android.view.ViewRootImpl$ViewRootHandler.handleMessageImpl:6740
10-12 20:38:27.844 10083 10083 I ViewRootImpl@10a13eb[MainActivity]: MSG_WINDOW_FOCUS_CHANGED 0 0
10-12 20:38:27.854 10083 10083 I ViewRootImpl@10a13eb[MainActivity]: MSG_WINDOW_FOCUS_CHANGED 0 0
10-12 20:38:27.906 10083 10083 I ViewRootImpl@fa84b5e[MainActivity]: MSG_WINDOW_FOCUS_CHANGED 1 0
10-12 20:38:27.906 10083 10083 I ViewRootImpl@fa84b5e[MainActivity]: mThreadedRenderer.initializeIfNeeded()#2 mSurface={isValid=true 0x7bdd391000}
10-12 20:38:27.907 10083 10083 D InputMethodManager: startInputInner - Id : 0
10-12 20:38:27.907 10083 10083 I InputMethodManager: startInputInner - mService.startInputOrWindowGainedFocus
10-12 20:38:30.419 10083 10083 I ViewRootImpl@fa84b5e[MainActivity]: ViewPostIme pointer 0
10-12 20:38:30.866 10083 10083 I ViewRootImpl@fa84b5e[MainActivity]: ViewPostIme pointer 1
10-12 20:38:31.549 10083 10083 I ViewRootImpl@fa84b5e[MainActivity]: ViewPostIme pointer 0
10-12 20:38:32.543 10083 10083 I ViewRootImpl@fa84b5e[MainActivity]: ViewPostIme pointer 1
10-12 20:38:33.988 10083 10083 I ViewRootImpl@fa84b5e[MainActivity]: ViewPostIme pointer 0
10-12 20:38:34.051 10083 10083 D AbsListView: reportScrollStateChange() newState : 1
10-12 20:38:34.266 10083 10083 I ViewRootImpl@fa84b5e[MainActivity]: ViewPostIme pointer 1
10-12 20:38:34.266 10083 10083 D AbsListView: onTouchUp() mTouchMode : 3
10-12 20:38:34.266 10083 10083 D AbsListView: reportScrollStateChange() newState : 0
10-12 20:38:38.670 10083 10083 I ViewRootImpl@fa84b5e[MainActivity]: ViewPostIme pointer 0
10-12 20:38:38.714 10083 10083 D AbsListView: reportScrollStateChange() newState : 1
10-12 20:38:38.967 10083 10083 I ViewRootImpl@fa84b5e[MainActivity]: ViewPostIme pointer 1
10-12 20:38:38.967 10083 10083 D AbsListView: onTouchUp() mTouchMode : 3
10-12 20:38:38.967 10083 10083 D AbsListView: reportScrollStateChange() newState : 0
10-12 20:38:39.627 10083 10083 I ViewRootImpl@fa84b5e[MainActivity]: ViewPostIme pointer 0
10-12 20:38:39.665 10083 10083 D AbsListView: reportScrollStateChange() newState : 1
10-12 20:38:39.842 10083 10083 I ViewRootImpl@fa84b5e[MainActivity]: ViewPostIme pointer 1
10-12 20:38:39.843 10083 10083 D AbsListView: onTouchUp() mTouchMode : 3
10-12 20:38:39.843 10083 10083 D AbsListView: reportScrollStateChange() newState : 0
10-12 20:38:41.877 10083 10102 W st.cloudstream3: Checksum mismatch for dex EgyDead.-124080901.cs3
10-12 20:38:41.877 10083 10102 W st.cloudstream3: Could not add methods to the existing profiler. Clearing the profile data.
10-12 20:38:41.905 10083 10102 W st.cloudstream3: Failed to flush directory /data/misc/profiles/cur/0/com.lagradost.cloudstream3: Permission denied
10-12 20:38:50.801 10083 10083 D SmartClipDataCropperImpl: doExtractSmartClipData : Extraction start! reqId = 1946  Cropped area = Rect(540, 1200 - 541, 1201)  Package = com.lagradost.cloudstream3
10-12 20:38:50.803 10083 10083 D SmartClipDataCropperImpl: traverseView : Contains meta data : Rect(0, 1101, 1080, 1227)	MaterialTextView/text1	plain_text	
10-12 20:38:50.803 10083 10083 D SmartClipDataCropperImpl: getOpaqueBackgroundRect : opaqueRect=null  element=com.samsung.android.content.smartclip.SmartClipDataElementImpl@712d310
10-12 20:38:50.803 10083 10083 D SmartClipDataCropperImpl: getOpaqueBackgroundRect : opaqueRect=Rect(0, 923 - 1080, 2361)  element=com.samsung.android.content.smartclip.SmartClipDataElementImpl@db2ee09
10-12 20:38:50.803 10083 10083 D SmartClipDataCropperImpl: getOpaqueBackgroundRect : opaqueRect=Rect(0, 923 - 1080, 2361)  element=com.samsung.android.content.smartclip.SmartClipDataElementImpl@dac480e
10-12 20:38:50.803 10083 10083 D SmartClipDataCropperImpl: getOpaqueBackgroundRect : opaqueRect=Rect(0, 923 - 1080, 2361)  element=com.samsung.android.content.smartclip.SmartClipDataElementImpl@923222f
10-12 20:38:50.803 10083 10083 D SmartClipDataCropperImpl: getOpaqueBackgroundRect : opaqueRect=Rect(0, 923 - 1080, 2361)  element=com.samsung.android.content.smartclip.SmartClipDataElementImpl@7ba103c
10-12 20:38:50.803 10083 10083 D SmartClipDataCropperImpl: addAppMetaTag : package name is com.lagradost.cloudstream3
10-12 20:38:50.804 10083 10083 D SmartClipDataCropperImpl: sendExtractionResultToSmartClipService : -- Extracted SmartClip data information --
10-12 20:38:50.804 10083 10083 D SmartClipDataCropperImpl: sendExtractionResultToSmartClipService : Request Id : 1946
10-12 20:38:50.804 10083 10083 D SmartClipDataCropperImpl: sendExtractionResultToSmartClipService : Extraction mode : 1
10-12 20:38:50.804 10083 10083 D SemSmartClipDataRepository: ----- Start of SmartClip repository informations -----
10-12 20:38:50.804 10083 10083 D SemSmartClipDataRepository: ** Content type : image
10-12 20:38:50.804 10083 10083 D SemSmartClipDataRepository: ** Meta area rect : Rect(0, 1101 - 1080, 1227)
10-12 20:38:50.804 10083 10083 D SemSmartClipDataRepository: ** Captured image file path : null
10-12 20:38:50.804 10083 10083 D SemSmartClipDataRepository: ----- End of SmartClip repository informations -----
10-12 20:38:50.811 10083 10083 D SmartClipDataCropperImpl: sendExtractionResultToSmartClipService : Elapsed = 11
10-12 20:38:51.960 10083 10083 I ViewRootImpl@fa84b5e[MainActivity]: MSG_WINDOW_FOCUS_CHANGED 0 0
10-12 20:38:52.016 10083 10083 I ViewRootImpl@fa84b5e[MainActivity]: ViewPostIme pointer 0
10-12 20:38:52.119 10083 10083 D SmartClipRemoteRequestDispatcher: dispatchScrollableAreaInfo : windowRect = Rect(0, 0 - 1080, 2400)
10-12 20:38:52.131 10083 10083 D SmartClipRemoteRequestDispatcher: dispatchScrollableAreaInfo : Scrollable view count = 2
10-12 20:38:52.131 10083 10083 D SmartClipRemoteRequestDispatcher: dispatchScrollableAreaInfo : Unscrollable view count = 0
10-12 20:38:52.132 10083 10083 D SmartClipRemoteRequestDispatcher: dispatchScrollableAreaInfo : Pkg=com.lagradost.cloudstream3 Activity=null
10-12 20:38:52.779 10083 10083 I ViewRootImpl@fa84b5e[MainActivity]: MSG_WINDOW_FOCUS_CHANGED 1 0
10-12 20:38:52.779 10083 10083 I ViewRootImpl@fa84b5e[MainActivity]: mThreadedRenderer.initializeIfNeeded()#2 mSurface={isValid=true 0x7bdd391000}
10-12 20:38:52.780 10083 10083 D InputMethodManager: startInputInner - Id : 0
10-12 20:38:52.780 10083 10083 I InputMethodManager: startInputInner - mService.startInputOrWindowGainedFocus
10-12 20:38:53.438 10083 10083 I ViewRootImpl@fa84b5e[MainActivity]: ViewPostIme pointer 0
10-12 20:38:53.602 10083 10083 D WindowOnBackDispatcher: onBackInvoked, viewRoot=ViewRootImpl@fa84b5e[MainActivity], callback=android.app.Dialog$$ExternalSyntheticLambda3@e14fc5b
10-12 20:38:53.605 10083 10083 I MSHandlerLifeCycle: removeMultiSplitHandler: no exist. decor=DecorView@c62a26b[MainActivity]
10-12 20:38:53.609 10083 10107 D OpenGLRenderer: setSurface called with nullptr
10-12 20:38:53.610 10083 10107 D OpenGLRenderer: setSurface() destroyed EGLSurface
10-12 20:38:53.617 10083 10107 D OpenGLRenderer: destroyEglSurface
10-12 20:38:53.619 10083 10083 I ViewRootImpl@fa84b5e[MainActivity]: dispatchDetachedFromWindow
10-12 20:38:53.647 10083 10083 D InputTransport: Input channel destroyed: 'e87b625', fd=145
10-12 20:38:53.654 10083 10083 D InsetsController: onStateChanged: InsetsState: {mDisplayFrame=Rect(0, 0 - 1080, 2400), mDisplayCutout=DisplayCutout{insets=Rect(0, 88 - 0, 0) waterfall=Insets{left=0, top=0, right=0, bottom=0} boundingRect={Bounds=[Rect(0, 0 - 0, 0), Rect(512, 0 - 568, 88), Rect(0, 0 - 0, 0), Rect(0, 0 - 0, 0)]} cutoutPathParserInfo={CutoutPathParserInfo{displayWidth=1080 displayHeight=2400 physicalDisplayWidth=1080 physicalDisplayHeight=2400 density={2.625} cutoutSpec={M 0,0 M 0,12.25101276465640 a 10.60613009248640,10.60613009248640 0 1,0 0,21.21226018497290 a 10.60613009248640,10.60613009248640 0 1,0 0,-21.21226018497290 Z @dp} rotation={0} scale={1.0} physicalPixelDisplaySizeRatio={1.0}}}}, mRoundedCorners=RoundedCorners{[RoundedCorner{position=TopLeft, radius=84, center=Point(84, 84)}, RoundedCorner{position=TopRight, radius=84, center=Point(996, 84)}, RoundedCorner{position=BottomRight, radius=84, center=Point(996, 2316)}, RoundedCorner{position=BottomLeft, radius=84, center=Point(84, 2316)}]}  mRoundedCornerFrame=Rect(0, 0 - 1080, 2400), mPrivacyIndicatorBounds=PrivacyIndicatorBounds {static bounds=Rect(964, 0 - 1080, 87) rotation=0}, mSources= { InsetsSource: {mType=ITYPE_STATUS_BAR, mFrame=[0,0][1080,88], mVisible=true, mInsetsRoundedCornerFrame=false}, InsetsSource: {mType=ITYPE_NAVIGATION_BAR, mFrame=[0,2361][1080,2400], mVisible=true, mInsetsRoundedCornerFrame=false}, InsetsSource: {mType=ITYPE_LEFT_GESTURES, mFrame=[0,0][130,2400], mVisible=true, mInsetsRoundedCornerFrame=false}, InsetsSource: {mType=ITYPE_RIGHT_GESTURES, mFrame=[950,0][1080,2400], mVisible=true, mInsetsRoundedCornerFrame=false}, InsetsSource: {mType=ITYPE_TOP_MANDATORY_GESTURES, mFrame=[0,0][1080,120], mVisible=true, mInsetsRoundedCornerFrame=false}, InsetsSource: {mType=ITYPE_BOTTOM_MANDATORY_GESTURES, mFrame=[0,2316][1080,2400], mVisible=true, mInsetsRoundedCornerFrame=false}, InsetsSource: {mType=ITYPE_LEFT_DISPLAY_CUTOUT, mFrame=[0,0][-100000,2400], mVisible=true, mInsetsRoundedCornerFrame=false}, InsetsSource: {mType=ITYPE_TOP_DISPLAY_CUTOUT, mFrame=[0,0][1080,88], mVisible=true, mInsetsRoundedCornerFrame=false}, InsetsSource: {mType=ITYPE_RIGHT_DISPLAY_CUTOUT, mFrame=[100000,0][1080,2400], mVisible=true, mInsetsRoundedCornerFrame=false}, InsetsSource: {mType=ITYPE_BOTTOM_DISPLAY_CUTOUT, mFrame=[0,100000][1080,2400], mVisible=true, mInsetsRoundedCornerFrame=false}, InsetsSource: {mType=ITYPE_TOP_TAPPABLE_ELEMENT, mFrame=[0,0][1080,88], mVisible=true, mInsetsRoundedCornerFrame=false}, InsetsSource: {mType=ITYPE_BOTTOM_TAPPABLE_ELEMENT, mFrame=[0,0][0,0], mVisible=true, mInsetsRoundedCornerFrame=false} } host=com.lagradost.cloudstream3/com.lagradost.cloudstream3.MainActivity from=android.view.ViewRootImpl$ViewRootHandler.handleMessageImpl:6740
10-12 20:38:53.678 10083 10083 I ViewRootImpl@10a13eb[MainActivity]: MSG_WINDOW_FOCUS_CHANGED 1 0
10-12 20:38:53.678 10083 10083 I ViewRootImpl@10a13eb[MainActivity]: mThreadedRenderer.initializeIfNeeded()#2 mSurface={isValid=true 0x7b5abbb800}
10-12 20:38:53.702 10083 10083 D InputMethodManager: startInputInner - Id : 0
10-12 20:38:53.702 10083 10083 I InputMethodManager: startInputInner - mService.startInputOrWindowGainedFocus
10-12 20:38:54.347 10083 10083 I ViewRootImpl@10a13eb[MainActivity]: ViewPostIme pointer 0
10-12 20:38:54.395 10083 10083 W PanelsChildGestureRegionObserver: failed to register view with ID 2131362800. already registered
10-12 20:38:54.409 10083 10083 W PanelsChildGestureRegionObserver: failed to register view with ID 2131362800. already registered
10-12 20:38:54.423 10083 10083 W PanelsChildGestureRegionObserver: failed to register view with ID 2131362800. already registered
10-12 20:38:54.440 10083 10083 W PanelsChildGestureRegionObserver: failed to register view with ID 2131362800. already registered
10-12 20:38:54.457 10083 10083 W PanelsChildGestureRegionObserver: failed to register view with ID 2131362800. already registered
10-12 20:38:54.465 10083 10083 D WindowOnBackDispatcher: onBackInvoked, viewRoot=ViewRootImpl@fa84b5e[MainActivity], callback=androidx.activity.OnBackPressedDispatcher$Api33Impl$$ExternalSyntheticLambda0@4ed6942
10-12 20:38:54.474 10083 10083 I IMM_LC  : hsifw() - flag : 0
10-12 20:38:54.474 10083 10083 I IMM_LC  : hsifw() - mService.hideSoftInput
10-12 20:38:54.483 10083 10083 I CS3ExoPlayer: onStop
10-12 20:38:54.483 10083 10083 I CS3ExoPlayer: saveData
10-12 20:38:54.483 10083 10083 I CS3ExoPlayer: handleEvent Pause
10-12 20:38:54.607 10083 10083 W PanelsChildGestureRegionObserver: failed to register view with ID 2131362800. already registered
10-12 20:38:54.962 10083 10083 W PanelsChildGestureRegionObserver: failed to register view with ID 2131362800. already registered
10-12 20:38:54.979 10083 10167 D SurfaceView@ccfd797: updateSurfacePosition RenderWorker, frameNr = 619, position = [54, 314, 1026, 787] surfaceSize = 1080x525
10-12 20:38:54.979 10083 10167 I SurfaceView@ccfd797: uSP: rtp = Rect(54, 314 - 1026, 787) rtsw = 1080 rtsh = 525
10-12 20:38:54.979 10083 10167 I SurfaceView@ccfd797: onSSPAndSRT: pl = 54 pt = 314 sx = 0.9 sy = 0.9009524
10-12 20:38:54.979 10083 10167 I SurfaceView@ccfd797: aOrMT: ViewRootImpl@10a13eb[MainActivity] t = android.view.SurfaceControl$Transaction@12d0ef6 fN = 619 android.view.SurfaceView.-$$Nest$mapplyOrMergeTransaction:0 android.view.SurfaceView$SurfaceViewPositionUpdateListener.positionChanged:1537 android.graphics.RenderNode$CompositePositionUpdateListener.positionChanged:373 
10-12 20:38:54.979 10083 10167 I ViewRootImpl@10a13eb[MainActivity]: mWNT: t=0x7bdd475e00 mBlastBufferQueue=0x7b44283000 fn= 619 caller= android.view.SurfaceView.applyOrMergeTransaction:1455 android.view.SurfaceView.-$$Nest$mapplyOrMergeTransaction:0 android.view.SurfaceView$SurfaceViewPositionUpdateListener.positionChanged:1537 
10-12 20:38:54.980 10083 10083 I SurfaceView@ccfd797: onWindowVisibilityChanged(8) false android.view.SurfaceView{ccfd797 V.E..V... ........ 0,0-1080,525} of ViewRootImpl@10a13eb[MainActivity]
10-12 20:38:54.980 10083 10083 I SurfaceView@ccfd797: Changes: creating=false format=false size=false visible=true alpha=false hint=false mUseAlpha=false visible=true left=false top=false
10-12 20:38:54.980 10083 10083 I SurfaceView@ccfd797: 214947735 Cur surface: Surface(name=null)/@0x4836715
10-12 20:38:54.983 10083 10083 I SurfaceView@ccfd797: applyTransactionOnVriDraw: vri = ViewRootImpl@10a13eb[MainActivity] fRS = false t = 0x7b5ad29500 android.view.SurfaceView.performSurfaceTransaction:959 android.view.SurfaceView.updateSurface:1105 android.view.SurfaceView.onWindowVisibilityChanged:371 
10-12 20:38:54.983 10083 10083 I ViewRootImpl@10a13eb[MainActivity]: applyTransactionOnDraw: mRemoved = false isHardwareEnabled = true t = 0x7b5ad29500android.view.SurfaceView.applyTransactionOnVriDraw:2048 android.view.SurfaceView.performSurfaceTransaction:959 android.view.SurfaceView.updateSurface:1105 android.view.SurfaceView.onWindowVisibilityChanged:371 android.view.View.dispatchDetachedFromWindow:22529 
10-12 20:38:54.983 10083 10083 I SurfaceView@ccfd797: surfaceDestroyed
10-12 20:38:54.983 10083 10083 I SurfaceView@ccfd797: surfaceDestroyed callback.size 0 #2 android.view.SurfaceView{ccfd797 V.E..V... ........ 0,0-1080,525}
10-12 20:38:54.983 10083 10083 I SurfaceView@ccfd797: updateSurface: mVisible = false mSurface.isValid() = true
10-12 20:38:54.984 10083 10083 I SurfaceView@ccfd797: releaseSurfaces: viewRoot = ViewRootImpl@10a13eb[MainActivity]
10-12 20:38:54.984 10083 10083 I SurfaceView@ccfd797: applyTransactionOnVriDraw: vri = ViewRootImpl@10a13eb[MainActivity] fRS = true t = 0x7b5ad29800 android.view.SurfaceView.releaseSurfaces:858 android.view.SurfaceView.updateSurface:1172 android.view.SurfaceView.onWindowVisibilityChanged:371 
10-12 20:38:54.984 10083 10083 I SurfaceView@ccfd797: applyTransactionOnVriDraw: viewRoot.applyTransactionOnDrawFromReleaseSurfaces
10-12 20:38:54.985 10083 10083 I ViewRootImpl@10a13eb[MainActivity]: applyTransactionOnDraw: mRemoved = false isHardwareEnabled = true t = 0x7b5ad29800android.view.ViewRootImpl.applyTransactionOnDrawFromReleaseSurfaces:12850 android.view.SurfaceView.applyTransactionOnVriDraw:2046 android.view.SurfaceView.releaseSurfaces:858 android.view.SurfaceView.updateSurface:1172 android.view.SurfaceView.onWindowVisibilityChanged:371 
10-12 20:38:54.985 10083 10083 V SurfaceView@ccfd797: Layout: x=0 y=218 w=1080 h=525, frame=Rect(0, 0 - 1080, 525)
10-12 20:38:54.985 10083 10083 I SurfaceView@ccfd797: onDetachedFromWindow: tryReleaseSurfaces()
10-12 20:38:54.985 10083 10083 I SurfaceView@ccfd797: releaseSurfaces: viewRoot = ViewRootImpl@10a13eb[MainActivity]
10-12 20:38:54.985 10083 10083 I SurfaceView@ccfd797: applyTransactionOnVriDraw: vri = ViewRootImpl@10a13eb[MainActivity] fRS = true t = 0x7b5ad29900 android.view.SurfaceView.releaseSurfaces:858 android.view.SurfaceView.onDetachedFromWindow:500 android.view.View.dispatchDetachedFromWindow:22538 
10-12 20:38:54.985 10083 10083 I SurfaceView@ccfd797: applyTransactionOnVriDraw: viewRoot.applyTransactionOnDrawFromReleaseSurfaces
10-12 20:38:54.985 10083 10083 I ViewRootImpl@10a13eb[MainActivity]: applyTransactionOnDraw: mRemoved = false isHardwareEnabled = true t = 0x7b5ad29900android.view.ViewRootImpl.applyTransactionOnDrawFromReleaseSurfaces:12850 android.view.SurfaceView.applyTransactionOnVriDraw:2046 android.view.SurfaceView.releaseSurfaces:858 android.view.SurfaceView.onDetachedFromWindow:500 android.view.View.dispatchDetachedFromWindow:22538 
10-12 20:38:55.001 10083 10083 I DecorView: notifyKeepScreenOnChanged: keepScreenOn=false
10-12 20:38:55.002 10083 10083 I CS3ExoPlayer: releasePlayer
10-12 20:38:55.002 10083 10083 I CS3ExoPlayer: Handle event: PlayerAttachedEvent(player=null, source=Player)
10-12 20:38:55.008 10083 10083 I DecorView: notifyKeepScreenOnChanged: keepScreenOn=false
10-12 20:38:55.010 10083 10083 I ViewRootImpl@10a13eb[MainActivity]: performTraversals params={(0,0)(fillxfill) sim={state=always_hidden adjust=resize} ty=BASE_APPLICATION wanim=0x1030309
10-12 20:38:55.010 10083 10083 I ViewRootImpl@10a13eb[MainActivity]:   fl=85810100
10-12 20:38:55.010 10083 10083 I ViewRootImpl@10a13eb[MainActivity]:   pfl=12020040
10-12 20:38:55.010 10083 10083 I ViewRootImpl@10a13eb[MainActivity]:   vsysui=500
10-12 20:38:55.010 10083 10083 I ViewRootImpl@10a13eb[MainActivity]:   bhv=DEFAULT
10-12 20:38:55.010 10083 10083 I ViewRootImpl@10a13eb[MainActivity]:   fitSides= naviIconColor=0}
10-12 20:38:55.010 10083 10083 I ViewRootImpl@10a13eb[MainActivity]: performTraversals mFirst=false windowShouldResize=false viewVisibilityChanged=false mForceNextWindowRelayout=false params={(0,0)(fillxfill) sim={state=always_hidden adjust=resize} ty=BASE_APPLICATION fmt=TRANSLUCENT wanim=0x1030309
10-12 20:38:55.010 10083 10083 I ViewRootImpl@10a13eb[MainActivity]:   fl=85810100
10-12 20:38:55.010 10083 10083 I ViewRootImpl@10a13eb[MainActivity]:   pfl=12020040
10-12 20:38:55.010 10083 10083 I ViewRootImpl@10a13eb[MainActivity]:   vsysui=500
10-12 20:38:55.010 10083 10083 I ViewRootImpl@10a13eb[MainActivity]:   bhv=DEFAULT
10-12 20:38:55.010 10083 10083 I ViewRootImpl@10a13eb[MainActivity]:   fitSides= naviIconColor=0}
10-12 20:38:55.017 10083 10083 I ViewRootImpl@10a13eb[MainActivity]: updateBlastSurfaceIfNeeded mBlastBufferQueue=0x7b44283000 isSameSurfaceControl=true
10-12 20:38:55.017 10083 10083 I BLASTBufferQueue: update, w= 1080 h= 2400 mName = ViewRootImpl@10a13eb[MainActivity] mNativeObject= 0x7b44283000 sc.mNativeObject= 0x7ae3995160 format= -3 caller= android.view.ViewRootImpl.updateBlastSurfaceIfNeeded:2898 android.view.ViewRootImpl.relayoutWindow:9847 android.view.ViewRootImpl.performTraversals:3884 android.view.ViewRootImpl.doTraversal:3116 android.view.ViewRootImpl$TraversalRunnable.run:10885 android.view.Choreographer$CallbackRecord.run:1301 
10-12 20:38:55.018 10083 10083 I ViewRootImpl@10a13eb[MainActivity]: Relayout returned: old=(0,0,1080,2400) new=(0,0,1080,2400) req=(1080,2400)0 dur=6 res=0x0 s={true 0x7b5abbb800} ch=false seqId=0
10-12 20:38:55.018 10083 10083 I ViewRootImpl@10a13eb[MainActivity]: updateBoundsLayer: t = android.view.SurfaceControl$Transaction@496285c sc = Surface(name=Bounds for - com.lagradost.cloudstream3/com.lagradost.cloudstream3.MainActivity@0)/@0x7636765 frame = 620
10-12 20:38:55.018 10083 10083 I ViewRootImpl@10a13eb[MainActivity]: mWNT: t=0x7b5ad01700 mBlastBufferQueue=0x7b44283000 fn= 620 caller= android.view.ViewRootImpl.prepareSurfaces:2985 android.view.ViewRootImpl.performTraversals:4233 android.view.ViewRootImpl.doTraversal:3116 
10-12 20:38:55.019 10083 10107 D SurfaceView@ccfd797: windowPositionLost, frameNr = 620
10-12 20:38:55.021 10083 10166 I ViewRootImpl@10a13eb[MainActivity]: mWNT: t=0x7b5ad29500 mBlastBufferQueue=0x7b44283000 fn= 620 caller= android.view.ViewRootImpl.lambda$applyTransactionOnDraw$11$android-view-ViewRootImpl:12865 android.view.ViewRootImpl$$ExternalSyntheticLambda1.onFrameDraw:4 android.graphics.HardwareRenderer$FrameDrawingCallback.onFrameDraw:924 
10-12 20:38:55.021 10083 10166 I ViewRootImpl@10a13eb[MainActivity]: mWNT: t=0x7b5ad29800 mBlastBufferQueue=0x7b44283000 fn= 620 caller= android.view.ViewRootImpl.lambda$applyTransactionOnDraw$11$android-view-ViewRootImpl:12865 android.view.ViewRootImpl$$ExternalSyntheticLambda1.onFrameDraw:4 android.graphics.HardwareRenderer$FrameDrawingCallback.onFrameDraw:924 
10-12 20:38:55.022 10083 10166 I ViewRootImpl@10a13eb[MainActivity]: mWNT: t=0x7b5ad29900 mBlastBufferQueue=0x7b44283000 fn= 620 caller= android.view.ViewRootImpl.lambda$applyTransactionOnDraw$11$android-view-ViewRootImpl:12865 android.view.ViewRootImpl$$ExternalSyntheticLambda1.onFrameDraw:4 android.graphics.HardwareRenderer$FrameDrawingCallback.onFrameDraw:924 
10-12 20:38:55.920 10083 10083 I ViewRootImpl@10a13eb[MainActivity]: ViewPostIme pointer 0
10-12 20:38:56.116 10083 10083 I ViewRootImpl@10a13eb[MainActivity]: ViewPostIme pointer 1
10-12 20:38:56.263 10083 10091 I st.cloudstream3: Background concurrent copying GC freed 14MB AllocSpace bytes, 71(7104KB) LOS objects, 49% free, 21MB/42MB, paused 536us,84us total 204.248ms
10-12 20:38:56.264 10083 10092 D InputTransport: Input channel destroyed: 'ClientS', fd=145
10-12 20:38:56.264 10083 10092 D InputTransport: Input channel destroyed: 'ClientS', fd=262
10-12 20:38:56.264 10083 10092 D InputTransport: Input channel destroyed: 'ClientS', fd=158
10-12 20:38:56.264 10083 10107 D OpenGLRenderer: setSurface called with nullptr
10-12 20:38:56.270 10083 10107 D OpenGLRenderer: setSurface called with nullptr
10-12 20:38:56.296 10083 10083 I ViewRootImpl@10a13eb[MainActivity]: ViewPostIme pointer 0
10-12 20:38:56.383 10083 10083 I ViewRootImpl@10a13eb[MainActivity]: ViewPostIme pointer 1
10-12 20:38:57.052 10083 10083 I ViewRootImpl@10a13eb[MainActivity]: ViewPostIme pointer 0
10-12 20:38:57.200 10083 10083 I ViewRootImpl@10a13eb[MainActivity]: ViewPostIme pointer 1
10-12 20:38:57.755 10083 10083 I ViewRootImpl@10a13eb[MainActivity]: ViewPostIme pointer 0
10-12 20:38:58.039 10083 10083 I ViewRootImpl@10a13eb[MainActivity]: ViewPostIme pointer 1
10-12 20:38:58.363 10083 10083 I ViewRootImpl@10a13eb[MainActivity]: ViewPostIme pointer 0
10-12 20:38:58.431 10083 10083 I ViewRootImpl@10a13eb[MainActivity]: ViewPostIme pointer 1
10-12 20:38:58.894 10083 10083 I ViewRootImpl@10a13eb[MainActivity]: ViewPostIme pointer 0
10-12 20:38:58.944 10083 10083 I ViewRootImpl@10a13eb[MainActivity]: ViewPostIme pointer 1
10-12 20:38:58.959 10083 10083 I NavComponent: Navigating to fragment: 2131362274
10-12 20:38:58.966 10083 10083 I IMM_LC  : hsifw() - flag : 0
10-12 20:38:58.966 10083 10083 I IMM_LC  : hsifw() - mService.hideSoftInput
10-12 20:38:59.122 10083 10083 D ScrollView: initGoToTop
10-12 20:38:59.526 10083 10083 I SurfaceView@55342c2: onWindowVisibilityChanged(0) true android.view.SurfaceView{55342c2 V.E..V... ......I. 0,0-0,0} of ViewRootImpl@10a13eb[MainActivity]
10-12 20:38:59.526 10083 10083 D SurfaceView@55342c2: updateSurface: has no frame
10-12 20:38:59.533 10083 10083 I CS3ExoPlayer: SET STYLE = SaveCaptionStyle(foregroundColor=-1, backgroundColor=0, windowColor=0, edgeType=1, edgeColor=-16777216, typeface=null, typefaceFilePath=null, elevation=20, fixedTextSize=null, edgeSize=null, removeCaptions=false, removeBloat=true, upperCase=false, bold=false, italic=false, backgroundRadius=null)
10-12 20:38:59.547 10083 10083 I IMM_LC  : hsifw() - flag : 0
10-12 20:38:59.547 10083 10083 I IMM_LC  : hsifw() - mService.hideSoftInput
10-12 20:38:59.550 10083 10132 I SYNCVM  : addFromUrl = https://tv6.egydead.live/%d9%85%d8%b4%d8%a7%d9%87%d8%af%d8%a9-%d9%81%d9%8a%d9%84%d9%85-omniscient-reader-the-prophecy-2025-%d9%85%d8%aa%d8%b1%d8%ac%d9%85/
10-12 20:38:59.550 10083 10132 I SYNCUTIL: getIdsFromUrl https://tv6.egydead.live/%d9%85%d8%b4%d8%a7%d9%87%d8%af%d8%a9-%d9%81%d9%8a%d9%84%d9%85-omniscient-reader-the-prophecy-2025-%d9%85%d8%aa%d8%b1%d8%ac%d9%85/
10-12 20:38:59.570 10083 10083 I SurfaceView@55342c2: onWindowVisibilityChanged(8) false android.view.SurfaceView{55342c2 V.E..V... ......I. 0,0-0,0} of ViewRootImpl@10a13eb[MainActivity]
10-12 20:38:59.570 10083 10083 D SurfaceView@55342c2: updateSurface: has no frame
10-12 20:38:59.570 10083 10083 D SurfaceView@55342c2: updateSurface: has no frame
10-12 20:38:59.570 10083 10083 I SurfaceView@55342c2: onDetachedFromWindow: tryReleaseSurfaces()
10-12 20:38:59.570 10083 10083 I SurfaceView@55342c2: releaseSurfaces: viewRoot = ViewRootImpl@10a13eb[MainActivity]
10-12 20:38:59.571 10083 10083 I SurfaceView@55342c2: applyTransactionOnVriDraw: vri = ViewRootImpl@10a13eb[MainActivity] fRS = true t = 0x7b2eaa0d00 android.view.SurfaceView.releaseSurfaces:858 android.view.SurfaceView.onDetachedFromWindow:500 android.view.View.dispatchDetachedFromWindow:22538 
10-12 20:38:59.571 10083 10083 I SurfaceView@55342c2: applyTransactionOnVriDraw: viewRoot.applyTransactionOnDrawFromReleaseSurfaces
10-12 20:38:59.571 10083 10083 I ViewRootImpl@10a13eb[MainActivity]: applyTransactionOnDraw: mRemoved = false isHardwareEnabled = true t = 0x7b2eaa0d00android.view.ViewRootImpl.applyTransactionOnDrawFromReleaseSurfaces:12850 android.view.SurfaceView.applyTransactionOnVriDraw:2046 android.view.SurfaceView.releaseSurfaces:858 android.view.SurfaceView.onDetachedFromWindow:500 android.view.View.dispatchDetachedFromWindow:22538 
10-12 20:38:59.573 10083 10083 I SurfaceView@55342c2: onWindowVisibilityChanged(0) true android.view.SurfaceView{55342c2 V.E..V... ......I. 0,0-0,0} of ViewRootImpl@10a13eb[MainActivity]
10-12 20:38:59.573 10083 10083 D SurfaceView@55342c2: updateSurface: has no frame
10-12 20:38:59.577 10083 10083 I DecorView: notifyKeepScreenOnChanged: keepScreenOn=false
10-12 20:38:59.589 10083 10083 I CS3ExoPlayer: reloadPlayer
10-12 20:38:59.589 10083 10083 I CS3ExoPlayer: releasePlayer
10-12 20:38:59.589 10083 10083 I CS3ExoPlayer: Handle event: PlayerAttachedEvent(player=null, source=Player)
10-12 20:38:59.592 10083 10083 I Choreographer: Skipped 36 frames!  The application may be doing too much work on its main thread.
10-12 20:38:59.597 10083 10083 I ViewRootImpl@10a13eb[MainActivity]: performTraversals params={(0,0)(fillxfill) sim={state=always_hidden adjust=resize} ty=BASE_APPLICATION wanim=0x1030309
10-12 20:38:59.597 10083 10083 I ViewRootImpl@10a13eb[MainActivity]:   fl=85810100
10-12 20:38:59.597 10083 10083 I ViewRootImpl@10a13eb[MainActivity]:   pfl=12020040
10-12 20:38:59.597 10083 10083 I ViewRootImpl@10a13eb[MainActivity]:   vsysui=500
10-12 20:38:59.597 10083 10083 I ViewRootImpl@10a13eb[MainActivity]:   bhv=DEFAULT
10-12 20:38:59.597 10083 10083 I ViewRootImpl@10a13eb[MainActivity]:   fitSides= naviIconColor=0}
10-12 20:38:59.597 10083 10083 I ViewRootImpl@10a13eb[MainActivity]: performTraversals mFirst=false windowShouldResize=false viewVisibilityChanged=false mForceNextWindowRelayout=false params={(0,0)(fillxfill) sim={state=always_hidden adjust=resize} ty=BASE_APPLICATION fmt=TRANSLUCENT wanim=0x1030309
10-12 20:38:59.597 10083 10083 I ViewRootImpl@10a13eb[MainActivity]:   fl=85810100
10-12 20:38:59.597 10083 10083 I ViewRootImpl@10a13eb[MainActivity]:   pfl=12020040
10-12 20:38:59.597 10083 10083 I ViewRootImpl@10a13eb[MainActivity]:   vsysui=500
10-12 20:38:59.597 10083 10083 I ViewRootImpl@10a13eb[MainActivity]:   bhv=DEFAULT
10-12 20:38:59.597 10083 10083 I ViewRootImpl@10a13eb[MainActivity]:   fitSides= naviIconColor=0}
10-12 20:38:59.607 10083 10083 I ViewRootImpl@10a13eb[MainActivity]: updateBlastSurfaceIfNeeded mBlastBufferQueue=0x7b44283000 isSameSurfaceControl=true
10-12 20:38:59.607 10083 10083 I BLASTBufferQueue: update, w= 1080 h= 2400 mName = ViewRootImpl@10a13eb[MainActivity] mNativeObject= 0x7b44283000 sc.mNativeObject= 0x7b178f2ec0 format= -3 caller= android.view.ViewRootImpl.updateBlastSurfaceIfNeeded:2898 android.view.ViewRootImpl.relayoutWindow:9847 android.view.ViewRootImpl.performTraversals:3884 android.view.ViewRootImpl.doTraversal:3116 android.view.ViewRootImpl$TraversalRunnable.run:10885 android.view.Choreographer$CallbackRecord.run:1301 
10-12 20:38:59.607 10083 10083 I ViewRootImpl@10a13eb[MainActivity]: Relayout returned: old=(0,0,1080,2400) new=(0,0,1080,2400) req=(1080,2400)0 dur=9 res=0x0 s={true 0x7b5abbb800} ch=false seqId=0
10-12 20:38:59.607 10083 10083 I ViewRootImpl@10a13eb[MainActivity]: updateBoundsLayer: t = android.view.SurfaceControl$Transaction@496285c sc = Surface(name=Bounds for - com.lagradost.cloudstream3/com.lagradost.cloudstream3.MainActivity@0)/@0x7636765 frame = 733
10-12 20:38:59.607 10083 10083 I ViewRootImpl@10a13eb[MainActivity]: mWNT: t=0x7b5ad01700 mBlastBufferQueue=0x7b44283000 fn= 733 caller= android.view.ViewRootImpl.prepareSurfaces:2985 android.view.ViewRootImpl.performTraversals:4233 android.view.ViewRootImpl.doTraversal:3116 
10-12 20:38:59.608 10083 10083 W View    : requestLayout() improperly called by android.widget.FrameLayout{d5f4bf5 I.E..V... ......I. 0,0-0,0 #7f0a04e7 app:id/start_panel} during layout: running second layout pass
10-12 20:38:59.608 10083 10083 W View    : requestLayout() improperly called by android.widget.FrameLayout{f362d8a I.E..V... ......ID 1080,0-1080,2143 #7f0a0168 app:id/end_panel} during layout: running second layout pass
10-12 20:38:59.610 10083 10083 D SurfaceView@55342c2: updateSurface: has no frame
10-12 20:38:59.615 10083 10167 I ViewRootImpl@10a13eb[MainActivity]: mWNT: t=0x7b2eaa0d00 mBlastBufferQueue=0x7b44283000 fn= 733 caller= android.view.ViewRootImpl.lambda$applyTransactionOnDraw$11$android-view-ViewRootImpl:12865 android.view.ViewRootImpl$$ExternalSyntheticLambda1.onFrameDraw:4 android.graphics.HardwareRenderer$FrameDrawingCallback.onFrameDraw:924 
10-12 20:38:59.619 10083 10083 D SurfaceView@55342c2: updateSurface: has no frame
10-12 20:38:59.684 10083 10083 D SurfaceView@55342c2: updateSurface: has no frame
10-12 20:38:59.695 10083 10096 I OpenGLRenderer: Davey! duration=700ms; Flags=0, FrameTimelineVsyncId=244484485, IntendedVsync=667458985186126, Vsync=667459584770050, InputEventId=0, HandleInputStart=667459590987973, AnimationStart=667459590996050, PerformTraversalsStart=667459591295473, DrawStart=667459609652473, FrameDeadline=667459018509224, FrameInterval=667459590874896, FrameStartTime=16656432, SyncQueued=667459612687320, SyncStart=667459612839627, IssueDrawCommandsStart=667459614005473, SwapBuffers=667459653115166, FrameCompleted=667459685923050, DequeueBufferDuration=51307, QueueBufferDuration=913616, GpuCompleted=667459685923050, SwapBuffersCompleted=667459681183204, DisplayPresentTime=667423754845076, CommandSubmissionCompleted=667459653115166, 
10-12 20:38:59.704 10083 10083 D SurfaceView@55342c2: updateSurface: has no frame
10-12 20:38:59.723 10083 10083 D SurfaceView@55342c2: updateSurface: has no frame
10-12 20:38:59.736 10083 10083 D SurfaceView@55342c2: updateSurface: has no frame
10-12 20:38:59.757 10083 10083 D SurfaceView@55342c2: updateSurface: has no frame
10-12 20:38:59.770 10083 10083 D SurfaceView@55342c2: updateSurface: has no frame
10-12 20:38:59.787 10083 10083 D SurfaceView@55342c2: updateSurface: has no frame
10-12 20:38:59.805 10083 10083 D SurfaceView@55342c2: updateSurface: has no frame
10-12 20:38:59.820 10083 10083 D SurfaceView@55342c2: updateSurface: has no frame
10-12 20:38:59.837 10083 10083 D SurfaceView@55342c2: updateSurface: has no frame
10-12 20:38:59.855 10083 10083 D SurfaceView@55342c2: updateSurface: has no frame
10-12 20:38:59.873 10083 10083 D SurfaceView@55342c2: updateSurface: has no frame
10-12 20:38:59.889 10083 10083 D SurfaceView@55342c2: updateSurface: has no frame
10-12 20:38:59.904 10083 10083 D SurfaceView@55342c2: updateSurface: has no frame
10-12 20:38:59.921 10083 10083 D SurfaceView@55342c2: updateSurface: has no frame
10-12 20:38:59.944 10083 10083 D SurfaceView@55342c2: updateSurface: has no frame
10-12 20:38:59.963 10083 10083 D SurfaceView@55342c2: updateSurface: has no frame
10-12 20:38:59.974 10083 10083 D SurfaceView@55342c2: updateSurface: has no frame
10-12 20:38:59.987 10083 10083 D SurfaceView@55342c2: updateSurface: has no frame
10-12 20:39:00.007 10083 10083 D SurfaceView@55342c2: updateSurface: has no frame
10-12 20:39:00.021 10083 10083 D SurfaceView@55342c2: updateSurface: has no frame
10-12 20:39:00.038 10083 10083 D SurfaceView@55342c2: updateSurface: has no frame
10-12 20:39:00.053 10083 10083 D SurfaceView@55342c2: updateSurface: has no frame
10-12 20:39:00.070 10083 10083 D SurfaceView@55342c2: updateSurface: has no frame
10-12 20:39:00.098 10083 10083 D SurfaceView@55342c2: updateSurface: has no frame
10-12 20:39:00.105 10083 10083 D SurfaceView@55342c2: updateSurface: has no frame
10-12 20:39:00.120 10083 10083 D SurfaceView@55342c2: updateSurface: has no frame
10-12 20:39:00.138 10083 10083 D SurfaceView@55342c2: updateSurface: has no frame
10-12 20:39:00.153 10083 10083 D SurfaceView@55342c2: updateSurface: has no frame
10-12 20:39:00.171 10083 10083 D SurfaceView@55342c2: updateSurface: has no frame
10-12 20:39:00.186 10083 10083 D SurfaceView@55342c2: updateSurface: has no frame
10-12 20:39:00.204 10083 10138 I RVM2    : applyMeta
10-12 20:39:00.204 10083 10083 D SurfaceView@55342c2: updateSurface: has no frame
10-12 20:39:00.214 10083 10083 W PanelsChildGestureRegionObserver: failed to register view with ID 2131362800. already registered
10-12 20:39:00.216 10083 10083 E CoilImgLoader: Error loading image: coil3.request.NullRequestDataException: The request's data is null.
10-12 20:39:00.223 10083 10083 E CoilImgLoader: Error loading image: coil3.request.NullRequestDataException: The request's data is null.
10-12 20:39:00.261 10083 10133 I SYNCVM  : addFromUrl = https://tv6.egydead.live/%d9%85%d8%b4%d8%a7%d9%87%d8%af%d8%a9-%d9%81%d9%8a%d9%84%d9%85-omniscient-reader-the-prophecy-2025-%d9%85%d8%aa%d8%b1%d8%ac%d9%85/
10-12 20:39:00.261 10083 10133 I SYNCUTIL: getIdsFromUrl https://tv6.egydead.live/%d9%85%d8%b4%d8%a7%d9%87%d8%af%d8%a9-%d9%81%d9%8a%d9%84%d9%85-omniscient-reader-the-prophecy-2025-%d9%85%d8%aa%d8%b1%d8%ac%d9%85/
10-12 20:39:00.273 10083 10083 D SurfaceView@55342c2: updateSurface: has no frame
10-12 20:39:00.275 10083 10083 I SurfaceView@55342c2: Changes: creating=true format=true size=true visible=true alpha=false hint=false mUseAlpha=false visible=true left=true top=true
10-12 20:39:00.277 10083 10083 I BLASTBufferQueue: update, w= 1080 h= 525 mName = null mNativeObject= 0x7bed8bac00 sc.mNativeObject= 0x7ae3995160 format= 4 caller= android.view.SurfaceView.createBlastSurfaceControls:1383 android.view.SurfaceView.updateSurface:1079 android.view.SurfaceView.lambda$new$0$android-view-SurfaceView:200 android.view.SurfaceView$$ExternalSyntheticLambda5.onPreDraw:2 android.view.ViewTreeObserver.dispatchOnPreDraw:1121 android.view.ViewRootImpl.performTraversals:4442 
10-12 20:39:00.277 10083 10083 I SurfaceView@55342c2: 89342658 Cur surface: Surface(name=null)/@0x1de1210
10-12 20:39:00.277 10083 10083 I SurfaceView@55342c2: pST: sr = Rect(0, 218 - 1080, 743) sw = 1080 sh = 525
10-12 20:39:00.277 10083 10083 D SurfaceView@55342c2: performSurfaceTransaction RenderWorker position = [0, 218, 1080, 743] surfaceSize = 1080x525
10-12 20:39:00.277 10083 10083 I SurfaceView@55342c2: applyTransactionOnVriDraw: vri = ViewRootImpl@10a13eb[MainActivity] fRS = false t = 0x7b2eab0100 android.view.SurfaceView.performSurfaceTransaction:959 android.view.SurfaceView.updateSurface:1105 android.view.SurfaceView.lambda$new$0$android-view-SurfaceView:200 
10-12 20:39:00.278 10083 10083 I ViewRootImpl@10a13eb[MainActivity]: applyTransactionOnDraw: mRemoved = false isHardwareEnabled = true t = 0x7b2eab0100android.view.SurfaceView.applyTransactionOnVriDraw:2048 android.view.SurfaceView.performSurfaceTransaction:959 android.view.SurfaceView.updateSurface:1105 android.view.SurfaceView.lambda$new$0$android-view-SurfaceView:200 android.view.SurfaceView$$ExternalSyntheticLambda5.onPreDraw:2 
10-12 20:39:00.278 10083 10083 I SurfaceView@55342c2: updateSurface: mVisible = true mSurface.isValid() = true
10-12 20:39:00.278 10083 10083 I SurfaceView@55342c2: updateSurface: mSurfaceCreated = false surfaceChanged = true visibleChanged = true
10-12 20:39:00.278 10083 10083 I SurfaceView@55342c2: visibleChanged -- surfaceCreated
10-12 20:39:00.278 10083 10083 I SurfaceView@55342c2: surfaceCreated 0 #8 android.view.SurfaceView{55342c2 V.E..V... ......ID 0,0-1080,525}
10-12 20:39:00.278 10083 10083 I SurfaceView@55342c2: surfaceChanged -- format=4 w=1080 h=525
10-12 20:39:00.278 10083 10083 I SurfaceView@55342c2: surfaceChanged (1080,525) 0 #8 android.view.SurfaceView{55342c2 V.E..V... ......ID 0,0-1080,525}
10-12 20:39:00.278 10083 10083 I SurfaceView@55342c2: surfaceRedrawNeeded
10-12 20:39:00.278 10083 10083 V SurfaceView@55342c2: Layout: x=0 y=218 w=1080 h=525, frame=Rect(0, 0 - 1080, 525)
10-12 20:39:00.294 10083 10166 D SurfaceView@55342c2: updateSurfacePosition RenderWorker, frameNr = 767, position = [0, 218, 1080, 743] surfaceSize = 1080x525
10-12 20:39:00.294 10083 10166 I SurfaceView@55342c2: uSP: rtp = Rect(0, 218 - 1080, 743) rtsw = 1080 rtsh = 525
10-12 20:39:00.294 10083 10166 I SurfaceView@55342c2: onSSPAndSRT: pl = 0 pt = 218 sx = 1.0 sy = 1.0
10-12 20:39:00.295 10083 10166 I SurfaceView@55342c2: aOrMT: ViewRootImpl@10a13eb[MainActivity] t = android.view.SurfaceControl$Transaction@d7a3f3c fN = 767 android.view.SurfaceView.-$$Nest$mapplyOrMergeTransaction:0 android.view.SurfaceView$SurfaceViewPositionUpdateListener.positionChanged:1537 android.graphics.RenderNode$CompositePositionUpdateListener.positionChanged:373 
10-12 20:39:00.295 10083 10166 I ViewRootImpl@10a13eb[MainActivity]: mWNT: t=0x7b2eab0200 mBlastBufferQueue=0x7b44283000 fn= 767 caller= android.view.SurfaceView.applyOrMergeTransaction:1455 android.view.SurfaceView.-$$Nest$mapplyOrMergeTransaction:0 android.view.SurfaceView$SurfaceViewPositionUpdateListener.positionChanged:1537 
10-12 20:39:00.295 10083 10166 I ViewRootImpl@10a13eb[MainActivity]: mWNT: t=0x7b2eab0100 mBlastBufferQueue=0x7b44283000 fn= 767 caller= android.view.ViewRootImpl.lambda$applyTransactionOnDraw$11$android-view-ViewRootImpl:12865 android.view.ViewRootImpl$$ExternalSyntheticLambda1.onFrameDraw:4 android.graphics.HardwareRenderer$FrameDrawingCallback.onFrameDraw:924 
10-12 20:39:00.318 10083 10083 I SurfaceView@55342c2: finishedDrawing
10-12 20:39:00.922 10083 10083 I ViewRootImpl@10a13eb[MainActivity]: ViewPostIme pointer 0
10-12 20:39:01.878 10083 10083 I ViewRootImpl@10a13eb[MainActivity]: ViewPostIme pointer 1
10-12 20:39:01.883 10083 10083 I Dialog  : mIsDeviceDefault = false, mIsSamsungBasicInteraction = false, isMetaDataInActivity = false
10-12 20:39:01.913 10083 10083 I DecorView: [INFO] isPopOver=false config=false
10-12 20:39:01.913 10083 10083 I DecorView: updateCaptionType: isFloating=false isApplication=true hasWindowDecorCaption=false this=DecorView@2e4588[]
10-12 20:39:01.913 10083 10083 D DecorView: setCaptionType = 0, this = DecorView@2e4588[]
10-12 20:39:01.915 10083 10083 I DecorView: getCurrentDensityDpi: from app context. densityDpi=420 msg=resources_loaded
10-12 20:39:01.915 10083 10083 I DecorView: setWindowBackground: isPopOver=false color=0 d=android.graphics.drawable.ColorDrawable@cba6b46
10-12 20:39:01.922 10083 10107 D NativeCustomFrequencyManager: [NativeCFMS] BpCustomFrequencyManager::BpCustomFrequencyManager()
10-12 20:39:01.923 10083 10083 I DecorView: notifyKeepScreenOnChanged: keepScreenOn=false
10-12 20:39:01.947 10083 10083 D InsetsController: onStateChanged: InsetsState: {mDisplayFrame=Rect(0, 0 - 1080, 2400), mDisplayCutout=DisplayCutout{insets=Rect(0, 88 - 0, 0) waterfall=Insets{left=0, top=0, right=0, bottom=0} boundingRect={Bounds=[Rect(0, 0 - 0, 0), Rect(512, 0 - 568, 88), Rect(0, 0 - 0, 0), Rect(0, 0 - 0, 0)]} cutoutPathParserInfo={CutoutPathParserInfo{displayWidth=1080 displayHeight=2400 physicalDisplayWidth=1080 physicalDisplayHeight=2400 density={2.625} cutoutSpec={M 0,0 M 0,12.25101276465640 a 10.60613009248640,10.60613009248640 0 1,0 0,21.21226018497290 a 10.60613009248640,10.60613009248640 0 1,0 0,-21.21226018497290 Z @dp} rotation={0} scale={1.0} physicalPixelDisplaySizeRatio={1.0}}}}, mRoundedCorners=RoundedCorners{[RoundedCorner{position=TopLeft, radius=84, center=Point(84, 84)}, RoundedCorner{position=TopRight, radius=84, center=Point(996, 84)}, RoundedCorner{position=BottomRight, radius=84, center=Point(996, 2316)}, RoundedCorner{position=BottomLeft, radius=84, center=Point(84, 2316)}]}  mRoundedCornerFrame=Rect(0, 0 - 1080, 2400), mPrivacyIndicatorBounds=PrivacyIndicatorBounds {static bounds=Rect(964, 0 - 1080, 87) rotation=0}, mSources= { InsetsSource: {mType=ITYPE_STATUS_BAR, mFrame=[0,0][1080,88], mVisible=true, mInsetsRoundedCornerFrame=false}, InsetsSource: {mType=ITYPE_NAVIGATION_BAR, mFrame=[0,2361][1080,2400], mVisible=true, mInsetsRoundedCornerFrame=false}, InsetsSource: {mType=ITYPE_LEFT_GESTURES, mFrame=[0,0][130,2400], mVisible=true, mInsetsRoundedCornerFrame=false}, InsetsSource: {mType=ITYPE_RIGHT_GESTURES, mFrame=[950,0][1080,2400], mVisible=true, mInsetsRoundedCornerFrame=false}, InsetsSource: {mType=ITYPE_TOP_MANDATORY_GESTURES, mFrame=[0,0][1080,120], mVisible=true, mInsetsRoundedCornerFrame=false}, InsetsSource: {mType=ITYPE_BOTTOM_MANDATORY_GESTURES, mFrame=[0,2316][1080,2400], mVisible=true, mInsetsRoundedCornerFrame=false}, InsetsSource: {mType=ITYPE_LEFT_DISPLAY_CUTOUT, mFrame=[0,0][-100000,2400], mVisible=true, mInsetsRoundedCornerFrame=false}, InsetsSource: {mType=ITYPE_TOP_DISPLAY_CUTOUT, mFrame=[0,0][1080,88], mVisible=true, mInsetsRoundedCornerFrame=false}, InsetsSource: {mType=ITYPE_RIGHT_DISPLAY_CUTOUT, mFrame=[100000,0][1080,2400], mVisible=true, mInsetsRoundedCornerFrame=false}, InsetsSource: {mType=ITYPE_BOTTOM_DISPLAY_CUTOUT, mFrame=[0,100000][1080,2400], mVisible=true, mInsetsRoundedCornerFrame=false}, InsetsSource: {mType=ITYPE_TOP_TAPPABLE_ELEMENT, mFrame=[0,0][1080,88], mVisible=true, mInsetsRoundedCornerFrame=false}, InsetsSource: {mType=ITYPE_BOTTOM_TAPPABLE_ELEMENT, mFrame=[0,0][0,0], mVisible=true, mInsetsRoundedCornerFrame=false}, InsetsSource: {mType=ITYPE_IME, mFrame=[0,0][0,0], mVisibleFrame=[0,1409][1080,2400], mVisible=false, mInsetsRoundedCornerFrame=false} } host=com.lagradost.cloudstream3/com.lagradost.cloudstream3.MainActivity from=android.view.ViewRootImpl.setView:1732
10-12 20:39:01.949 10083 10083 I ViewRootImpl@d7739ff[MainActivity]: setView = com.android.internal.policy.DecorView@2e4588 TM=true
10-12 20:39:01.965 10083 10083 I ViewRootImpl@d7739ff[MainActivity]: performTraversals params={(0,0)(fillxfill) gr=CENTER sim={adjust=resize forwardNavigation} ty=APPLICATION fmt=TRANSPARENT wanim=0x7f14000b
10-12 20:39:01.965 10083 10083 I ViewRootImpl@d7739ff[MainActivity]:   fl=85810100
10-12 20:39:01.965 10083 10083 I ViewRootImpl@d7739ff[MainActivity]:   pfl=12020040
10-12 20:39:01.965 10083 10083 I ViewRootImpl@d7739ff[MainActivity]:   vsysui=500
10-12 20:39:01.965 10083 10083 I ViewRootImpl@d7739ff[MainActivity]:   bhv=DEFAULT
10-12 20:39:01.965 10083 10083 I ViewRootImpl@d7739ff[MainActivity]:   fitSides= naviIconColor=0}
10-12 20:39:01.966 10083 10083 I ViewRootImpl@d7739ff[MainActivity]: performTraversals mFirst=true windowShouldResize=true viewVisibilityChanged=false mForceNextWindowRelayout=false params={(0,0)(fillxfill) gr=CENTER sim={adjust=resize forwardNavigation} ty=APPLICATION fmt=TRANSPARENT wanim=0x7f14000b
10-12 20:39:01.966 10083 10083 I ViewRootImpl@d7739ff[MainActivity]:   fl=85810100
10-12 20:39:01.966 10083 10083 I ViewRootImpl@d7739ff[MainActivity]:   pfl=12020040
10-12 20:39:01.966 10083 10083 I ViewRootImpl@d7739ff[MainActivity]:   vsysui=500
10-12 20:39:01.966 10083 10083 I ViewRootImpl@d7739ff[MainActivity]:   bhv=DEFAULT
10-12 20:39:01.966 10083 10083 I ViewRootImpl@d7739ff[MainActivity]:   fitSides= naviIconColor=0}
10-12 20:39:01.985 10083 10083 I ViewRootImpl@d7739ff[MainActivity]: updateBlastSurfaceIfNeeded mBlastBufferQueue=null isSameSurfaceControl=false
10-12 20:39:01.986 10083 10083 I BLASTBufferQueue: new BLASTBufferQueue, mName= ViewRootImpl@d7739ff[MainActivity] mNativeObject= 0x7b44284200 sc.mNativeObject= 0x7ae3b34f00 caller= android.view.ViewRootImpl.updateBlastSurfaceIfNeeded:2909 android.view.ViewRootImpl.relayoutWindow:9847 android.view.ViewRootImpl.performTraversals:3884 android.view.ViewRootImpl.doTraversal:3116 android.view.ViewRootImpl$TraversalRunnable.run:10885 android.view.Choreographer$CallbackRecord.run:1301 android.view.Choreographer$CallbackRecord.run:1309 android.view.Choreographer.doCallbacks:923 android.view.Choreographer.doFrame:852 android.view.Choreographer$FrameDisplayEventReceiver.run:1283 
10-12 20:39:01.986 10083 10083 I BLASTBufferQueue: update, w= 1080 h= 2400 mName = ViewRootImpl@d7739ff[MainActivity] mNativeObject= 0x7b44284200 sc.mNativeObject= 0x7ae3b34f00 format= -2 caller= android.graphics.BLASTBufferQueue.<init>:84 android.view.ViewRootImpl.updateBlastSurfaceIfNeeded:2909 android.view.ViewRootImpl.relayoutWindow:9847 android.view.ViewRootImpl.performTraversals:3884 android.view.ViewRootImpl.doTraversal:3116 android.view.ViewRootImpl$TraversalRunnable.run:10885 
10-12 20:39:01.987 10083 10083 I ViewRootImpl@d7739ff[MainActivity]: Relayout returned: old=(0,0,1080,2400) new=(0,0,1080,2400) req=(1080,2400)0 dur=19 res=0x3 s={true 0x7bdd391000} ch=true seqId=0
10-12 20:39:01.988 10083 10083 I ViewRootImpl@d7739ff[MainActivity]: mThreadedRenderer.initialize() mSurface={isValid=true 0x7bdd391000} hwInitialized=true
10-12 20:39:01.989 10083 10107 D OpenGLRenderer: eglCreateWindowSurface
10-12 20:39:02.011 10083 10083 D AbsListView:  in onLayout changed 
10-12 20:39:02.012 10083 10083 I ViewRootImpl@d7739ff[MainActivity]: reportNextDraw android.view.ViewRootImpl.performTraversals:4438 android.view.ViewRootImpl.doTraversal:3116 android.view.ViewRootImpl$TraversalRunnable.run:10885 android.view.Choreographer$CallbackRecord.run:1301 android.view.Choreographer$CallbackRecord.run:1309 
