--------- beginning of main
10-12 21:00:56.080 16380 16380 D InputTransport: Input channel destroyed: '2fc7e5f', fd=119
10-12 21:00:56.116 16380 16380 I ViewRootImpl@fbf792[MainActivity]: MSG_WINDOW_FOCUS_CHANGED 1 0
10-12 21:00:56.116 16380 16380 I ViewRootImpl@fbf792[MainActivity]: mThreadedRenderer.initializeIfNeeded()#2 mSurface={isValid=true 0x7b5e402800}
10-12 21:00:56.120 16380 16380 D InputMethodManager: startInputInner - Id : 0
10-12 21:00:56.120 16380 16380 I InputMethodManager: startInputInner - mService.startInputOrWindowGainedFocus
10-12 21:00:58.262 16380 16380 I ViewRootImpl@fbf792[MainActivity]: ViewPostIme pointer 0
10-12 21:00:58.372 16380 16380 D WindowOnBackDispatcher: onBackInvoked, viewRoot=ViewRootImpl@db6bcc0[MainActivity], callback=androidx.activity.OnBackPressedDispatcher$Api33Impl$$ExternalSyntheticLambda0@a73c38d
10-12 21:00:58.386 16380 16380 I IMM_LC  : hsifw() - flag : 0
10-12 21:00:58.386 16380 16380 I IMM_LC  : hsifw() - mService.hideSoftInput
10-12 21:00:58.395 16380 16380 D ScrollView: initGoToTop
10-12 21:00:58.437 16380 16380 E CoilImgLoader: Error loading image: coil3.request.NullRequestDataException: The request's data is null.
10-12 21:00:58.452 16380 16380 D ScrollView:  onsize change changed 
10-12 21:00:59.128 16380 16380 I ViewRootImpl@fbf792[MainActivity]: ViewPostIme pointer 0
10-12 21:00:59.185 16380 16380 I ViewRootImpl@fbf792[MainActivity]: ViewPostIme pointer 1
10-12 21:00:59.193 16380 16380 I NavComponent: Navigating to fragment: 2131361879
10-12 21:00:59.199 16380 16380 I IMM_LC  : hsifw() - flag : 0
10-12 21:00:59.199 16380 16380 I IMM_LC  : hsifw() - mService.hideSoftInput
10-12 21:01:00.368 16380 16380 I ViewRootImpl@fbf792[MainActivity]: ViewPostIme pointer 0
10-12 21:01:00.450 16380 16380 I ViewRootImpl@fbf792[MainActivity]: ViewPostIme pointer 1
10-12 21:01:00.474 16380 16380 I IMM_LC  : hsifw() - flag : 0
10-12 21:01:00.474 16380 16380 I IMM_LC  : hsifw() - mService.hideSoftInput
10-12 21:01:00.621 16380 16380 I PLG     : updatePluginList = https://raw.githubusercontent.com/adamwolker21/DZ/refs/heads/master/repo.json
10-12 21:01:00.621 16380 16380 I PLG     : getPlugins = https://raw.githubusercontent.com/adamwolker21/DZ/refs/heads/master/repo.json
10-12 21:01:00.811 16380 16426 D VotingApi: Requesting: https://counterapi.com/api/cs-raw.githubusercontent.com-adamwolker21-DZ/vote/806f9e9bb0fe6eed948cf51910bda7c7a4f4470876514f9eb99299b4b4e46db4?readOnly=true
10-12 21:01:01.514 16380 16380 I ViewRootImpl@fbf792[MainActivity]: ViewPostIme pointer 0
10-12 21:01:01.548 16380 16380 I ViewRootImpl@fbf792[MainActivity]: ViewPostIme pointer 1
10-12 21:01:01.563 16380 16426 I PLG     : handlePluginAction = https://raw.githubusercontent.com/adamwolker21/DZ/refs/heads/master/repo.json, (https://raw.githubusercontent.com/adamwolker21/DZ/refs/heads/master/repo.json, SitePlugin(url=https://raw.githubusercontent.com/adamwolker21/DZ/builds/EgyDead.cs3, status=1, version=1, apiVersion=1, name=EgyDead, internalName=EgyDead, authors=[adamwolker21], description=EgyDead, repositoryUrl=https://github.com/adamwolker21/DZ, tvTypes=[Movie, TvSeries], language=ar, iconUrl=https://raw.githubusercontent.com/adamwolker21/DZ/refs/heads/master/EgyDead/images.jpeg, fileSize=23669)), false
10-12 21:01:01.564 16380 16426 D PluginManager: Downloading plugin: https://raw.githubusercontent.com/adamwolker21/DZ/builds/EgyDead.cs3 to /data/user/0/com.lagradost.cloudstream3/files/Extensions/httpsraw.githubusercontent.comadamwolker21DZrefsheadsmasterrepo.json.-468825824/EgyDead.-124080901.cs3
10-12 21:01:01.807 16380 16426 I PluginManager: Unloading plugin: /data/user/0/com.lagradost.cloudstream3/files/Extensions/httpsraw.githubusercontent.comadamwolker21DZrefsheadsmasterrepo.json.-468825824/EgyDead.-124080901.cs3
10-12 21:01:01.807 16380 16426 W PluginManager: Couldn't find plugin /data/user/0/com.lagradost.cloudstream3/files/Extensions/httpsraw.githubusercontent.comadamwolker21DZrefsheadsmasterrepo.json.-468825824/EgyDead.-124080901.cs3
10-12 21:01:01.808 16380 16426 I PluginManager: Loading plugin: PluginData(internalName=EgyDead, url=https://raw.githubusercontent.com/adamwolker21/DZ/builds/EgyDead.cs3, isOnline=true, filePath=/data/user/0/com.lagradost.cloudstream3/files/Extensions/httpsraw.githubusercontent.comadamwolker21DZrefsheadsmasterrepo.json.-468825824/EgyDead.-124080901.cs3, version=-2147483648)
10-12 21:01:01.871 16380 16426 I PluginInstance: Adding EgyDead (https://tv6.egydead.live) MainAPI
10-12 21:01:01.871 16380 16426 I PluginManager: Loaded plugin EgyDead successfully
10-12 21:01:01.872 16380 16426 I PLG     : getPlugins = https://raw.githubusercontent.com/adamwolker21/DZ/refs/heads/master/repo.json
10-12 21:01:01.873 16380 16380 I COMPACT : showToast = Plugin Loaded
10-12 21:01:01.883 16380 16380 D CompatibilityChangeReporter: Compat change id reported: 147798919; UID 10523; state: ENABLED
10-12 21:01:01.883 16380 16380 E Toast   : setGravity() shouldn't be called on text toasts, the values won't be used
10-12 21:01:01.883 16380 16380 I Toast   : setView: it's a custom toast
10-12 21:01:01.891 16380 16380 V Toast   : show: caller = com.lagradost.cloudstream3.CommonActivity.showToast:175 
10-12 21:01:01.957 16380 16380 V Toast   : HANDLE SHOW: android.widget.Toast$TN@927d19 mView=null mNextView=androidx.cardview.widget.CardView{ad311de V.E..V... ......ID 0,0-0,0 #7f0a0557 app:id/toast_layout_root}
10-12 21:01:01.959 16380 16380 V ToastPresenter: sipHeight = -39
10-12 21:01:01.960 16380 16380 V ToastPresenter: yOffset = 13
10-12 21:01:01.970 16380 16402 D NativeCustomFrequencyManager: [NativeCFMS] BpCustomFrequencyManager::BpCustomFrequencyManager()
10-12 21:01:01.980 16380 16380 D InsetsController: onStateChanged: InsetsState: {mDisplayFrame=Rect(0, 0 - 1080, 2400), mDisplayCutout=DisplayCutout{insets=Rect(0, 88 - 0, 0) waterfall=Insets{left=0, top=0, right=0, bottom=0} boundingRect={Bounds=[Rect(0, 0 - 0, 0), Rect(512, 0 - 568, 88), Rect(0, 0 - 0, 0), Rect(0, 0 - 0, 0)]} cutoutPathParserInfo={CutoutPathParserInfo{displayWidth=1080 displayHeight=2400 physicalDisplayWidth=1080 physicalDisplayHeight=2400 density={2.625} cutoutSpec={M 0,0 M 0,12.25101276465640 a 10.60613009248640,10.60613009248640 0 1,0 0,21.21226018497290 a 10.60613009248640,10.60613009248640 0 1,0 0,-21.21226018497290 Z @dp} rotation={0} scale={1.0} physicalPixelDisplaySizeRatio={1.0}}}}, mRoundedCorners=RoundedCorners{[RoundedCorner{position=TopLeft, radius=84, center=Point(84, 84)}, RoundedCorner{position=TopRight, radius=84, center=Point(996, 84)}, RoundedCorner{position=BottomRight, radius=84, center=Point(996, 2316)}, RoundedCorner{position=BottomLeft, radius=84, center=Point(84, 2316)}]}  mRoundedCornerFrame=Rect(0, 0 - 0, 0), mPrivacyIndicatorBounds=PrivacyIndicatorBounds {static bounds=Rect(964, 0 - 1080, 87) rotation=0}, mSources= { InsetsSource: {mType=ITYPE_NAVIGATION_BAR, mFrame=[0,2361][1080,2400], mVisible=true, mInsetsRoundedCornerFrame=false}, InsetsSource: {mType=ITYPE_LEFT_GESTURES, mFrame=[0,0][130,2400], mVisible=true, mInsetsRoundedCornerFrame=false}, InsetsSource: {mType=ITYPE_RIGHT_GESTURES, mFrame=[950,0][1080,2400], mVisible=true, mInsetsRoundedCornerFrame=false}, InsetsSource: {mType=ITYPE_TOP_MANDATORY_GESTURES, mFrame=[0,0][1080,120], mVisible=true, mInsetsRoundedCornerFrame=false}, InsetsSource: {mType=ITYPE_BOTTOM_MANDATORY_GESTURES, mFrame=[0,2316][1080,2400], mVisible=true, mInsetsRoundedCornerFrame=false}, InsetsSource: {mType=ITYPE_LEFT_DISPLAY_CUTOUT, mFrame=[0,0][-100000,2400], mVisible=true, mInsetsRoundedCornerFrame=false}, InsetsSource: {mType=ITYPE_TOP_DISPLAY_CUTOUT, mFrame=[0,0][1080,88], mVisible=true, mInsetsRoundedCornerFrame=false}, InsetsSource: {mType=ITYPE_RIGHT_DISPLAY_CUTOUT, mFrame=[100000,0][1080,2400], mVisible=true, mInsetsRoundedCornerFrame=false}, InsetsSource: {mType=ITYPE_BOTTOM_DISPLAY_CUTOUT, mFrame=[0,100000][1080,2400], mVisible=true, mInsetsRoundedCornerFrame=false}, InsetsSource: {mType=ITYPE_BOTTOM_TAPPABLE_ELEMENT, mFrame=[0,0][0,0], mVisible=true, mInsetsRoundedCornerFrame=false} } host=Toast from=android.view.ViewRootImpl.setView:1732
10-12 21:01:01.981 16380 16380 I ViewRootImpl@b046fbf[Toast]: setView = androidx.cardview.widget.CardView@ad311de TM=true
10-12 21:01:01.989 16380 16380 I ViewRootImpl@b046fbf[Toast]: performTraversals params={(0,13)(wrapxwrap) gr=BOTTOM CENTER sim={adjust=resize} ty=TOAST fmt=TRANSLUCENT wanim=0x1030004 surfaceInsets=Rect(11, 11 - 11, 11)
10-12 21:01:01.989 16380 16380 I ViewRootImpl@b046fbf[Toast]:   fl=1000098
10-12 21:01:01.989 16380 16380 I ViewRootImpl@b046fbf[Toast]:   pfl=12000000
10-12 21:01:01.989 16380 16380 I ViewRootImpl@b046fbf[Toast]:   bhv=DEFAULT
10-12 21:01:01.989 16380 16380 I ViewRootImpl@b046fbf[Toast]:   fitTypes=STATUS_BARS NAVIGATION_BARS CAPTION_BAR
10-12 21:01:01.989 16380 16380 I ViewRootImpl@b046fbf[Toast]:   fitIgnoreVis naviIconColor=0}
10-12 21:01:01.990 16380 16380 I ViewRootImpl@b046fbf[Toast]: performTraversals mFirst=true windowShouldResize=false viewVisibilityChanged=false mForceNextWindowRelayout=false params={(0,13)(wrapxwrap) gr=BOTTOM CENTER sim={adjust=resize} ty=TOAST fmt=TRANSLUCENT wanim=0x1030004 surfaceInsets=Rect(11, 11 - 11, 11)
10-12 21:01:01.990 16380 16380 I ViewRootImpl@b046fbf[Toast]:   fl=1000098
10-12 21:01:01.990 16380 16380 I ViewRootImpl@b046fbf[Toast]:   pfl=12000000
10-12 21:01:01.990 16380 16380 I ViewRootImpl@b046fbf[Toast]:   bhv=DEFAULT
10-12 21:01:01.990 16380 16380 I ViewRootImpl@b046fbf[Toast]:   fitTypes=STATUS_BARS NAVIGATION_BARS CAPTION_BAR
10-12 21:01:01.990 16380 16380 I ViewRootImpl@b046fbf[Toast]:   fitIgnoreVis naviIconColor=0}
10-12 21:01:02.004 16380 16380 I ViewRootImpl@b046fbf[Toast]: updateBlastSurfaceIfNeeded mBlastBufferQueue=null isSameSurfaceControl=false
10-12 21:01:02.005 16380 16380 I BLASTBufferQueue: new BLASTBufferQueue, mName= ViewRootImpl@b046fbf[Toast] mNativeObject= 0x7b186b3500 sc.mNativeObject= 0x7b18685d40 caller= android.view.ViewRootImpl.updateBlastSurfaceIfNeeded:2909 android.view.ViewRootImpl.relayoutWindow:9847 android.view.ViewRootImpl.performTraversals:3884 android.view.ViewRootImpl.doTraversal:3116 android.view.ViewRootImpl$TraversalRunnable.run:10885 android.view.Choreographer$CallbackRecord.run:1301 android.view.Choreographer$CallbackRecord.run:1309 android.view.Choreographer.doCallbacks:923 android.view.Choreographer.doFrame:852 android.view.Choreographer$FrameDisplayEventReceiver.run:1283 
10-12 21:01:02.005 16380 16380 I BLASTBufferQueue: update, w= 373 h= 178 mName = ViewRootImpl@b046fbf[Toast] mNativeObject= 0x7b186b3500 sc.mNativeObject= 0x7b18685d40 format= -3 caller= android.graphics.BLASTBufferQueue.<init>:84 android.view.ViewRootImpl.updateBlastSurfaceIfNeeded:2909 android.view.ViewRootImpl.relayoutWindow:9847 android.view.ViewRootImpl.performTraversals:3884 android.view.ViewRootImpl.doTraversal:3116 android.view.ViewRootImpl$TraversalRunnable.run:10885 
10-12 21:01:02.006 16380 16380 I ViewRootImpl@b046fbf[Toast]: Relayout returned: old=(0,88,1080,2361) new=(364,2192,715,2348) req=(351,156)0 dur=14 res=0x3 s={true 0x7b465d2000} ch=true seqId=0
10-12 21:01:02.007 16380 16380 I ViewRootImpl@b046fbf[Toast]: mThreadedRenderer.initialize() mSurface={isValid=true 0x7b465d2000} hwInitialized=true
10-12 21:01:02.008 16380 16402 D OpenGLRenderer: eglCreateWindowSurface
10-12 21:01:02.010 16380 16380 I ViewRootImpl@b046fbf[Toast]: reportNextDraw android.view.ViewRootImpl.performTraversals:4438 android.view.ViewRootImpl.doTraversal:3116 android.view.ViewRootImpl$TraversalRunnable.run:10885 android.view.Choreographer$CallbackRecord.run:1301 android.view.Choreographer$CallbackRecord.run:1309 
10-12 21:01:02.010 16380 16380 I ViewRootImpl@b046fbf[Toast]: Setup new sync id=0
10-12 21:01:02.011 16380 16380 I ViewRootImpl@b046fbf[Toast]: Setting syncFrameCallback
10-12 21:01:02.011 16380 16380 I ViewRootImpl@b046fbf[Toast]: registerCallbacksForSync syncBuffer=false
10-12 21:01:02.012 16380 16463 I ViewRootImpl@b046fbf[Toast]: Received frameDrawingCallback syncResult=0 frameNum=1.
10-12 21:01:02.013 16380 16463 I ViewRootImpl@b046fbf[Toast]: Setting up sync and frameCommitCallback
10-12 21:01:02.016 16380 16402 I BLASTBufferQueue: [ViewRootImpl@b046fbf[Toast]#2](f:0,a:0) onFrameAvailable the first frame is available
10-12 21:01:02.018 16380 16402 I ViewRootImpl@b046fbf[Toast]: Received frameCommittedCallback lastAttemptedDrawFrameNum=1 didProduceBuffer=true
10-12 21:01:02.019 16380 16402 D OpenGLRenderer: CFMS:: SetUp Pid : 16380    Tid : 16402
10-12 21:01:02.024 16380 16380 I ViewRootImpl@b046fbf[Toast]: onSyncComplete
10-12 21:01:02.024 16380 16380 I ViewRootImpl@b046fbf[Toast]: setupSync seqId=0 mSyncId=0 fn=1 caller=android.view.ViewRootImpl$$ExternalSyntheticLambda11.accept:6 android.window.SurfaceSyncer.lambda$setupSync$1$android-window-SurfaceSyncer:128 android.window.SurfaceSyncer$$ExternalSyntheticLambda1.accept:8 android.window.SurfaceSyncer$SyncSet.checkIfSyncIsComplete:382 android.window.SurfaceSyncer$SyncSet.markSyncReady:359 android.window.SurfaceSyncer.markSyncReady:151 android.view.ViewRootImpl.performTraversals:4503 
10-12 21:01:02.025 16380 16380 I ViewRootImpl@b046fbf[Toast]: reportDrawFinished seqId=0 mSyncId=-1 fn=1 mSurfaceChangedTransaction=0x7b1b809000
10-12 21:01:03.140 16380 16380 I ViewRootImpl@fbf792[MainActivity]: ViewPostIme pointer 0
10-12 21:01:03.196 16380 16380 I ViewRootImpl@fbf792[MainActivity]: ViewPostIme pointer 1
10-12 21:01:03.223 16380 16380 I IMM_LC  : hsifw() - flag : 0
10-12 21:01:03.223 16380 16380 I IMM_LC  : hsifw() - mService.hideSoftInput
10-12 21:01:03.387 16380 16434 I WebViewFactory: Loading com.google.android.webview version 141.0.7390.43 (code 739004333)
10-12 21:01:03.402 16380 16434 W st.cloudstream3: Failed to find entry 'classes.dex': Entry not found
10-12 21:01:03.404 16380 16434 D nativeloader: Configuring clns-6 for other apk /data/app/~~KzgKvUv1JwmzxHei_tsHXQ==/com.google.android.trichromelibrary_739004333-NHJfK8xUfQ5oC0LHEjEvPw==/base.apk. target_sdk_version=36, uses_libraries=ALL, library_path=/data/app/~~Z7EoFjMbPG94A6o-3Nb5UQ==/com.google.android.webview-eZKrupClwVmgDmxWAn78Ag==/lib/arm64:/data/app/~~Z7EoFjMbPG94A6o-3Nb5UQ==/com.google.android.webview-eZKrupClwVmgDmxWAn78Ag==/base.apk!/lib/arm64-v8a:/data/app/~~KzgKvUv1JwmzxHei_tsHXQ==/com.google.android.trichromelibrary_739004333-NHJfK8xUfQ5oC0LHEjEvPw==/base.apk!/lib/arm64-v8a, permitted_path=/data:/mnt/expand
10-12 21:01:03.404 16380 16434 D nativeloader: Extending system_exposed_libraries: libhumantracking.arcsoft.so:libPortraitDistortionCorrection.arcsoft.so:libPortraitDistortionCorrectionCali.arcsoft.so:libface_landmark.arcsoft.so:libFacialStickerEngine.arcsoft.so:libveengine.arcsoft.so:liblow_light_hdr.arcsoft.so:libhigh_dynamic_range.arcsoft.so:libFacialAttributeDetection.arcsoft.so:libBeauty_v4.camera.samsung.so:libexifa.camera.samsung.so:libjpega.camera.samsung.so:libOpenCv.camera.samsung.so:libImageScreener.camera.samsung.so:libMyFilter.camera.samsung.so:libtensorflowLite.myfilter.camera.samsung.so:libtensorflowlite_inference_api.myfilter.camera.samsung.so:libEventFinder.camera.samsung.so:libHIDTSnapJNI.camera.samsung.so:libSmartScan.camera.samsung.so:libRectify.camera.samsung.so:libDocRectifyWrapper.camera.samsung.so:libUltraWideDistortionCorrection.camera.samsung.so:libWideDistortionCorrection.camera.samsung.so:libHpr_RecGAE_cvFeature_v1.0.camera.samsung.so:libHprFace_GAE_api.camera.samsung.so:libFace_Landmark_API.camera.samsung.so:libHprFace_GAE_jn
10-12 21:01:03.417 16380 16434 D nativeloader: Configuring clns-7 for other apk /data/app/~~Z7EoFjMbPG94A6o-3Nb5UQ==/com.google.android.webview-eZKrupClwVmgDmxWAn78Ag==/base.apk. target_sdk_version=36, uses_libraries=, library_path=/data/app/~~Z7EoFjMbPG94A6o-3Nb5UQ==/com.google.android.webview-eZKrupClwVmgDmxWAn78Ag==/lib/arm64:/data/app/~~Z7EoFjMbPG94A6o-3Nb5UQ==/com.google.android.webview-eZKrupClwVmgDmxWAn78Ag==/base.apk!/lib/arm64-v8a:/data/app/~~KzgKvUv1JwmzxHei_tsHXQ==/com.google.android.trichromelibrary_739004333-NHJfK8xUfQ5oC0LHEjEvPw==/base.apk!/lib/arm64-v8a, permitted_path=/data:/mnt/expand
10-12 21:01:03.456 16380 16434 I st.cloudstream3: Waiting for a blocking GC ClassLinker
10-12 21:01:03.467 16380 16386 I st.cloudstream3: Background concurrent copying GC freed 7822KB AllocSpace bytes, 54(1248KB) LOS objects, 49% free, 14MB/28MB, paused 313us,178us total 138.524ms
10-12 21:01:03.467 16380 16434 I st.cloudstream3: WaitForGcToComplete blocked ClassLinker on Background for 10.961ms
10-12 21:01:03.471 16380 16402 D OpenGLRenderer: setSurface called with nullptr
10-12 21:01:03.472 16380 16388 D InputTransport: Input channel destroyed: 'ClientS', fd=119
10-12 21:01:03.478 16380 16389 W System  : A resource failed to call close. 
10-12 21:01:03.479 16380 16434 I cr_WVCFactoryProvider: version=141.0.7390.43 (739004333) minSdkVersion=29 multiprocess=true packageId=127 splits=<none>
10-12 21:01:03.485 16380 16434 D nativeloader: Load /data/app/~~KzgKvUv1JwmzxHei_tsHXQ==/com.google.android.trichromelibrary_739004333-NHJfK8xUfQ5oC0LHEjEvPw==/base.apk!/lib/arm64-v8a/libmonochrome_64.so using class loader ns clns-7 (caller=/data/app/~~Z7EoFjMbPG94A6o-3Nb5UQ==/com.google.android.webview-eZKrupClwVmgDmxWAn78Ag==/base.apk): ok
10-12 21:01:03.488 16380 16434 D nativeloader: Load /system/lib64/libwebviewchromium_plat_support.so using class loader ns clns-7 (caller=/data/app/~~Z7EoFjMbPG94A6o-3Nb5UQ==/com.google.android.webview-eZKrupClwVmgDmxWAn78Ag==/base.apk): ok
10-12 21:01:03.491 16380 16511 I chromium: [1012/210103.491322:INFO:android_webview/browser/variations/variations_seed_loader.cc:67] Failed to open file for reading.: No such file or directory (2)
10-12 21:01:03.498 16380 16434 I cr_LibraryLoader: Successfully loaded native library
10-12 21:01:03.499 16380 16434 I cr_CachingUmaRecorder: Flushed 13 samples from 13 histograms, 0 samples were dropped.
10-12 21:01:03.918 16380 16402 D OpenGLRenderer: setSurface called with nullptr
10-12 21:01:03.918 16380 16402 D OpenGLRenderer: setSurface() destroyed EGLSurface
10-12 21:01:03.918 16380 16402 D OpenGLRenderer: destroyEglSurface
10-12 21:01:03.919 16380 16380 I ViewRootImpl@b046fbf[Toast]: dispatchDetachedFromWindow
10-12 21:01:03.930 16380 16380 D InputTransport: Input channel destroyed: '10f130d', fd=147
10-12 21:01:05.408 16380 16386 I st.cloudstream3: Background concurrent copying GC freed 5694KB AllocSpace bytes, 101(7720KB) LOS objects, 49% free, 15MB/31MB, paused 614us,110us total 162.286ms
10-12 21:01:05.409 16380 16402 D OpenGLRenderer: setSurface called with nullptr
10-12 21:01:06.295 16380 16380 I ViewRootImpl@fbf792[MainActivity]: ViewPostIme pointer 0
10-12 21:01:06.500 16380 16380 I ViewRootImpl@fbf792[MainActivity]: ViewPostIme pointer 1
10-12 21:01:06.807 16380 16380 I ViewRootImpl@fbf792[MainActivity]: ViewPostIme pointer 0
10-12 21:01:07.012 16380 16380 I ViewRootImpl@fbf792[MainActivity]: ViewPostIme pointer 1
10-12 21:01:07.287 16380 16380 I ViewRootImpl@fbf792[MainActivity]: ViewPostIme pointer 0
10-12 21:01:07.569 16380 16380 I ViewRootImpl@fbf792[MainActivity]: ViewPostIme pointer 1
10-12 21:01:08.428 16380 16380 I ViewRootImpl@fbf792[MainActivity]: ViewPostIme pointer 0
10-12 21:01:08.837 16380 16380 I ViewRootImpl@fbf792[MainActivity]: ViewPostIme pointer 1
10-12 21:01:09.363 16380 16380 I ViewRootImpl@fbf792[MainActivity]: ViewPostIme pointer 0
10-12 21:01:09.569 16380 16380 I ViewRootImpl@fbf792[MainActivity]: ViewPostIme pointer 1
10-12 21:01:10.313 16380 16380 I ViewRootImpl@fbf792[MainActivity]: ViewPostIme pointer 0
10-12 21:01:10.371 16380 16380 I ViewRootImpl@fbf792[MainActivity]: ViewPostIme pointer 1
10-12 21:01:10.636 16380 16380 I ViewRootImpl@fbf792[MainActivity]: ViewPostIme pointer 0
10-12 21:01:10.669 16380 16380 I ViewRootImpl@fbf792[MainActivity]: ViewPostIme pointer 1
10-12 21:01:10.687 16380 16380 I NavComponent: Navigating to fragment: 2131362274
10-12 21:01:10.697 16380 16380 I IMM_LC  : hsifw() - flag : 0
10-12 21:01:10.697 16380 16380 I IMM_LC  : hsifw() - mService.hideSoftInput
10-12 21:01:10.771 16380 16380 D ScrollView: initGoToTop
10-12 21:01:11.042 16380 16380 I SurfaceView@41a87c0: onWindowVisibilityChanged(0) true android.view.SurfaceView{41a87c0 V.E..V... ......I. 0,0-0,0} of ViewRootImpl@fbf792[MainActivity]
10-12 21:01:11.042 16380 16380 D SurfaceView@41a87c0: updateSurface: has no frame
10-12 21:01:11.048 16380 16380 I CS3ExoPlayer: SET STYLE = SaveCaptionStyle(foregroundColor=-1, backgroundColor=0, windowColor=0, edgeType=1, edgeColor=-16777216, typeface=null, typefaceFilePath=null, elevation=20, fixedTextSize=null, edgeSize=null, removeCaptions=false, removeBloat=true, upperCase=false, bold=false, italic=false, backgroundRadius=null)
10-12 21:01:11.061 16380 16380 D VideoClickActionHolder: allVideoClickActions: [null:com.lagradost.cloudstream3.actions.temp.PlayInBrowserAction, null:com.lagradost.cloudstream3.actions.temp.CopyClipboardAction, null:com.lagradost.cloudstream3.actions.temp.ViewM3U8Action, null:com.lagradost.cloudstream3.actions.temp.VlcPackage, null:com.lagradost.cloudstream3.actions.temp.MpvPackage, null:com.lagradost.cloudstream3.actions.temp.NextPlayerPackage, null:com.lagradost.cloudstream3.actions.temp.JustPlayerPackage, null:com.lagradost.cloudstream3.actions.temp.fcast.FcastAction, null:com.lagradost.cloudstream3.actions.temp.LibreTorrentPackage, null:com.lagradost.cloudstream3.actions.temp.BiglyBTPackage, null:com.lagradost.cloudstream3.actions.temp.VlcNightlyPackage, null:com.lagradost.cloudstream3.actions.temp.WebVideoCastPackage, null:com.lagradost.cloudstream3.actions.temp.MpvYTDLPackage, null:com.lagradost.cloudstream3.actions.temp.MpvKtPackage, null:com.lagradost.cloudstream3.actions.temp.MpvKtPreviewPackage, null:com.lagradost.cloudstream3.actions.AlwaysAskAction]
10-12 21:01:11.061 16380 16380 I IMM_LC  : hsifw() - flag : 0
10-12 21:01:11.061 16380 16380 I IMM_LC  : hsifw() - mService.hideSoftInput
10-12 21:01:11.064 16380 16434 I SYNCVM  : addFromUrl = https://tv6.egydead.live/%d9%85%d8%b4%d8%a7%d9%87%d8%af%d8%a9-%d9%81%d9%8a%d9%84%d9%85-pretty-crazy-2025-%d9%85%d8%aa%d8%b1%d8%ac%d9%85/
10-12 21:01:11.064 16380 16434 I SYNCUTIL: getIdsFromUrl https://tv6.egydead.live/%d9%85%d8%b4%d8%a7%d9%87%d8%af%d8%a9-%d9%81%d9%8a%d9%84%d9%85-pretty-crazy-2025-%d9%85%d8%aa%d8%b1%d8%ac%d9%85/
10-12 21:01:11.077 16380 16380 I SurfaceView@41a87c0: onWindowVisibilityChanged(8) false android.view.SurfaceView{41a87c0 V.E..V... ......I. 0,0-0,0} of ViewRootImpl@fbf792[MainActivity]
10-12 21:01:11.077 16380 16380 D SurfaceView@41a87c0: updateSurface: has no frame
10-12 21:01:11.077 16380 16380 D SurfaceView@41a87c0: updateSurface: has no frame
10-12 21:01:11.077 16380 16380 I SurfaceView@41a87c0: onDetachedFromWindow: tryReleaseSurfaces()
10-12 21:01:11.077 16380 16380 I SurfaceView@41a87c0: releaseSurfaces: viewRoot = ViewRootImpl@fbf792[MainActivity]
10-12 21:01:11.077 16380 16380 I SurfaceView@41a87c0: applyTransactionOnVriDraw: vri = ViewRootImpl@fbf792[MainActivity] fRS = true t = 0x7b1b697400 android.view.SurfaceView.releaseSurfaces:858 android.view.SurfaceView.onDetachedFromWindow:500 android.view.View.dispatchDetachedFromWindow:22538 
10-12 21:01:11.077 16380 16380 I SurfaceView@41a87c0: applyTransactionOnVriDraw: viewRoot.applyTransactionOnDrawFromReleaseSurfaces
10-12 21:01:11.077 16380 16380 I ViewRootImpl@fbf792[MainActivity]: applyTransactionOnDraw: mRemoved = false isHardwareEnabled = true t = 0x7b1b697400android.view.ViewRootImpl.applyTransactionOnDrawFromReleaseSurfaces:12850 android.view.SurfaceView.applyTransactionOnVriDraw:2046 android.view.SurfaceView.releaseSurfaces:858 android.view.SurfaceView.onDetachedFromWindow:500 android.view.View.dispatchDetachedFromWindow:22538 
10-12 21:01:11.079 16380 16380 I SurfaceView@41a87c0: onWindowVisibilityChanged(0) true android.view.SurfaceView{41a87c0 V.E..V... ......I. 0,0-0,0} of ViewRootImpl@fbf792[MainActivity]
10-12 21:01:11.079 16380 16380 D SurfaceView@41a87c0: updateSurface: has no frame
10-12 21:01:11.083 16380 16380 I DecorView: notifyKeepScreenOnChanged: keepScreenOn=false
10-12 21:01:11.098 16380 16380 I CS3ExoPlayer: reloadPlayer
10-12 21:01:11.098 16380 16380 I CS3ExoPlayer: releasePlayer
10-12 21:01:11.098 16380 16380 I CS3ExoPlayer: Handle event: PlayerAttachedEvent(player=null, source=Player)
10-12 21:01:11.104 16380 16380 I ViewRootImpl@fbf792[MainActivity]: performTraversals params={(0,0)(fillxfill) sim={state=always_hidden adjust=resize} ty=BASE_APPLICATION wanim=0x1030309
10-12 21:01:11.104 16380 16380 I ViewRootImpl@fbf792[MainActivity]:   fl=85810100
10-12 21:01:11.104 16380 16380 I ViewRootImpl@fbf792[MainActivity]:   pfl=12020040
10-12 21:01:11.104 16380 16380 I ViewRootImpl@fbf792[MainActivity]:   vsysui=500
10-12 21:01:11.104 16380 16380 I ViewRootImpl@fbf792[MainActivity]:   bhv=DEFAULT
10-12 21:01:11.104 16380 16380 I ViewRootImpl@fbf792[MainActivity]:   fitSides= naviIconColor=0}
10-12 21:01:11.104 16380 16380 I ViewRootImpl@fbf792[MainActivity]: performTraversals mFirst=false windowShouldResize=false viewVisibilityChanged=false mForceNextWindowRelayout=false params={(0,0)(fillxfill) sim={state=always_hidden adjust=resize} ty=BASE_APPLICATION fmt=TRANSLUCENT wanim=0x1030309
10-12 21:01:11.104 16380 16380 I ViewRootImpl@fbf792[MainActivity]:   fl=85810100
10-12 21:01:11.104 16380 16380 I ViewRootImpl@fbf792[MainActivity]:   pfl=12020040
10-12 21:01:11.104 16380 16380 I ViewRootImpl@fbf792[MainActivity]:   vsysui=500
10-12 21:01:11.104 16380 16380 I ViewRootImpl@fbf792[MainActivity]:   bhv=DEFAULT
10-12 21:01:11.104 16380 16380 I ViewRootImpl@fbf792[MainActivity]:   fitSides= naviIconColor=0}
10-12 21:01:11.112 16380 16380 I ViewRootImpl@fbf792[MainActivity]: updateBlastSurfaceIfNeeded mBlastBufferQueue=0x7b4652cc00 isSameSurfaceControl=true
10-12 21:01:11.112 16380 16380 I BLASTBufferQueue: update, w= 1080 h= 2400 mName = ViewRootImpl@fbf792[MainActivity] mNativeObject= 0x7b4652cc00 sc.mNativeObject= 0x7b18aed9e0 format= -3 caller= android.view.ViewRootImpl.updateBlastSurfaceIfNeeded:2898 android.view.ViewRootImpl.relayoutWindow:9847 android.view.ViewRootImpl.performTraversals:3884 android.view.ViewRootImpl.doTraversal:3116 android.view.ViewRootImpl$TraversalRunnable.run:10885 android.view.Choreographer$CallbackRecord.run:1301 
10-12 21:01:11.112 16380 16380 I ViewRootImpl@fbf792[MainActivity]: Relayout returned: old=(0,0,1080,2400) new=(0,0,1080,2400) req=(1080,2400)0 dur=8 res=0x0 s={true 0x7b5e402800} ch=false seqId=0
10-12 21:01:11.114 16380 16380 W View    : requestLayout() improperly called by android.widget.FrameLayout{3103b3 I.E..V... ......I. 0,0-0,0 #7f0a04e7 app:id/start_panel} during layout: running second layout pass
10-12 21:01:11.114 16380 16380 W View    : requestLayout() improperly called by android.widget.FrameLayout{3714d70 I.E..V... ......ID 1080,0-1080,2143 #7f0a0168 app:id/end_panel} during layout: running second layout pass
10-12 21:01:11.115 16380 16380 D SurfaceView@41a87c0: updateSurface: has no frame
10-12 21:01:11.121 16380 16464 I ViewRootImpl@fbf792[MainActivity]: mWNT: t=0x7b1b697400 mBlastBufferQueue=0x7b4652cc00 fn= 593 caller= android.view.ViewRootImpl.lambda$applyTransactionOnDraw$11$android-view-ViewRootImpl:12865 android.view.ViewRootImpl$$ExternalSyntheticLambda1.onFrameDraw:4 android.graphics.HardwareRenderer$FrameDrawingCallback.onFrameDraw:924 
10-12 21:01:11.123 16380 16380 D SurfaceView@41a87c0: updateSurface: has no frame
10-12 21:01:11.142 16380 16380 D SurfaceView@41a87c0: updateSurface: has no frame
10-12 21:01:11.164 16380 16380 D SurfaceView@41a87c0: updateSurface: has no frame
10-12 21:01:11.192 16380 16380 D SurfaceView@41a87c0: updateSurface: has no frame
10-12 21:01:11.203 16380 16380 D SurfaceView@41a87c0: updateSurface: has no frame
10-12 21:01:11.215 16380 16380 D SurfaceView@41a87c0: updateSurface: has no frame
10-12 21:01:11.232 16380 16380 D SurfaceView@41a87c0: updateSurface: has no frame
10-12 21:01:11.249 16380 16380 D SurfaceView@41a87c0: updateSurface: has no frame
10-12 21:01:11.265 16380 16380 D SurfaceView@41a87c0: updateSurface: has no frame
10-12 21:01:11.283 16380 16380 D SurfaceView@41a87c0: updateSurface: has no frame
10-12 21:01:11.299 16380 16380 D SurfaceView@41a87c0: updateSurface: has no frame
10-12 21:01:11.315 16380 16380 D SurfaceView@41a87c0: updateSurface: has no frame
10-12 21:01:11.332 16380 16380 D SurfaceView@41a87c0: updateSurface: has no frame
10-12 21:01:11.349 16380 16380 D SurfaceView@41a87c0: updateSurface: has no frame
10-12 21:01:11.365 16380 16380 D SurfaceView@41a87c0: updateSurface: has no frame
10-12 21:01:11.382 16380 16380 D SurfaceView@41a87c0: updateSurface: has no frame
10-12 21:01:11.399 16380 16380 D SurfaceView@41a87c0: updateSurface: has no frame
10-12 21:01:11.415 16380 16380 D SurfaceView@41a87c0: updateSurface: has no frame
10-12 21:01:11.432 16380 16380 D SurfaceView@41a87c0: updateSurface: has no frame
10-12 21:01:11.448 16380 16380 D SurfaceView@41a87c0: updateSurface: has no frame
10-12 21:01:11.465 16380 16380 D SurfaceView@41a87c0: updateSurface: has no frame
10-12 21:01:11.482 16380 16380 D SurfaceView@41a87c0: updateSurface: has no frame
10-12 21:01:11.493 16380 16431 I RVM2    : applyMeta
10-12 21:01:11.498 16380 16380 D SurfaceView@41a87c0: updateSurface: has no frame
10-12 21:01:11.515 16380 16380 D SurfaceView@41a87c0: updateSurface: has no frame
10-12 21:01:11.532 16380 16380 D SurfaceView@41a87c0: updateSurface: has no frame
10-12 21:01:11.548 16380 16380 D SurfaceView@41a87c0: updateSurface: has no frame
10-12 21:01:11.565 16380 16380 D SurfaceView@41a87c0: updateSurface: has no frame
10-12 21:01:11.582 16380 16380 D SurfaceView@41a87c0: updateSurface: has no frame
10-12 21:01:11.599 16380 16380 D SurfaceView@41a87c0: updateSurface: has no frame
10-12 21:01:11.615 16380 16380 D SurfaceView@41a87c0: updateSurface: has no frame
10-12 21:01:11.631 16380 16380 D SurfaceView@41a87c0: updateSurface: has no frame
10-12 21:01:11.648 16380 16380 D SurfaceView@41a87c0: updateSurface: has no frame
10-12 21:01:11.665 16380 16380 D SurfaceView@41a87c0: updateSurface: has no frame
10-12 21:01:11.681 16380 16380 D SurfaceView@41a87c0: updateSurface: has no frame
10-12 21:01:11.698 16380 16380 D SurfaceView@41a87c0: updateSurface: has no frame
10-12 21:01:11.716 16380 16380 D SurfaceView@41a87c0: updateSurface: has no frame
10-12 21:01:11.731 16380 16380 D SurfaceView@41a87c0: updateSurface: has no frame
10-12 21:01:11.749 16380 16380 D SurfaceView@41a87c0: updateSurface: has no frame
10-12 21:01:11.751 16380 16380 W PanelsChildGestureRegionObserver: failed to register view with ID 2131362800. already registered
10-12 21:01:11.755 16380 16380 E CoilImgLoader: Error loading image: coil3.request.NullRequestDataException: The request's data is null.
10-12 21:01:11.761 16380 16380 E CoilImgLoader: Error loading image: coil3.request.NullRequestDataException: The request's data is null.
10-12 21:01:11.790 16380 16437 I SYNCVM  : addFromUrl = https://tv6.egydead.live/%d9%85%d8%b4%d8%a7%d9%87%d8%af%d8%a9-%d9%81%d9%8a%d9%84%d9%85-pretty-crazy-2025-%d9%85%d8%aa%d8%b1%d8%ac%d9%85/
10-12 21:01:11.790 16380 16437 I SYNCUTIL: getIdsFromUrl https://tv6.egydead.live/%d9%85%d8%b4%d8%a7%d9%87%d8%af%d8%a9-%d9%81%d9%8a%d9%84%d9%85-pretty-crazy-2025-%d9%85%d8%aa%d8%b1%d8%ac%d9%85/
10-12 21:01:11.802 16380 16380 D SurfaceView@41a87c0: updateSurface: has no frame
10-12 21:01:11.803 16380 16380 I SurfaceView@41a87c0: Changes: creating=true format=true size=true visible=true alpha=false hint=false mUseAlpha=false visible=true left=true top=true
10-12 21:01:11.806 16380 16380 I BLASTBufferQueue: update, w= 1080 h= 525 mName = null mNativeObject= 0x7b1b4ae000 sc.mNativeObject= 0x7b18ba0520 format= 4 caller= android.view.SurfaceView.createBlastSurfaceControls:1383 android.view.SurfaceView.updateSurface:1079 android.view.SurfaceView.lambda$new$0$android-view-SurfaceView:200 android.view.SurfaceView$$ExternalSyntheticLambda5.onPreDraw:2 android.view.ViewTreeObserver.dispatchOnPreDraw:1121 android.view.ViewRootImpl.performTraversals:4442 
10-12 21:01:11.806 16380 16380 I SurfaceView@41a87c0: 68847552 Cur surface: Surface(name=null)/@0x7b7dd30
10-12 21:01:11.806 16380 16380 I SurfaceView@41a87c0: pST: sr = Rect(0, 218 - 1080, 743) sw = 1080 sh = 525
10-12 21:01:11.807 16380 16380 D SurfaceView@41a87c0: performSurfaceTransaction RenderWorker position = [0, 218, 1080, 743] surfaceSize = 1080x525
10-12 21:01:11.807 16380 16380 I SurfaceView@41a87c0: applyTransactionOnVriDraw: vri = ViewRootImpl@fbf792[MainActivity] fRS = false t = 0x7b36a09c00 android.view.SurfaceView.performSurfaceTransaction:959 android.view.SurfaceView.updateSurface:1105 android.view.SurfaceView.lambda$new$0$android-view-SurfaceView:200 
10-12 21:01:11.807 16380 16380 I ViewRootImpl@fbf792[MainActivity]: applyTransactionOnDraw: mRemoved = false isHardwareEnabled = true t = 0x7b36a09c00android.view.SurfaceView.applyTransactionOnVriDraw:2048 android.view.SurfaceView.performSurfaceTransaction:959 android.view.SurfaceView.updateSurface:1105 android.view.SurfaceView.lambda$new$0$android-view-SurfaceView:200 android.view.SurfaceView$$ExternalSyntheticLambda5.onPreDraw:2 
10-12 21:01:11.807 16380 16380 I SurfaceView@41a87c0: updateSurface: mVisible = true mSurface.isValid() = true
10-12 21:01:11.807 16380 16380 I SurfaceView@41a87c0: updateSurface: mSurfaceCreated = false surfaceChanged = true visibleChanged = true
10-12 21:01:11.807 16380 16380 I SurfaceView@41a87c0: visibleChanged -- surfaceCreated
10-12 21:01:11.807 16380 16380 I SurfaceView@41a87c0: surfaceCreated 0 #8 android.view.SurfaceView{41a87c0 V.E..V... ......ID 0,0-1080,525}
10-12 21:01:11.807 16380 16380 I SurfaceView@41a87c0: surfaceChanged -- format=4 w=1080 h=525
10-12 21:01:11.807 16380 16380 I SurfaceView@41a87c0: surfaceChanged (1080,525) 0 #8 android.view.SurfaceView{41a87c0 V.E..V... ......ID 0,0-1080,525}
10-12 21:01:11.807 16380 16380 I SurfaceView@41a87c0: surfaceRedrawNeeded
10-12 21:01:11.808 16380 16380 V SurfaceView@41a87c0: Layout: x=0 y=218 w=1080 h=525, frame=Rect(0, 0 - 1080, 525)
10-12 21:01:11.818 16380 16463 D SurfaceView@41a87c0: updateSurfacePosition RenderWorker, frameNr = 631, position = [0, 218, 1080, 743] surfaceSize = 1080x525
10-12 21:01:11.819 16380 16463 I SurfaceView@41a87c0: uSP: rtp = Rect(0, 218 - 1080, 743) rtsw = 1080 rtsh = 525
10-12 21:01:11.819 16380 16463 I SurfaceView@41a87c0: onSSPAndSRT: pl = 0 pt = 218 sx = 1.0 sy = 1.0
10-12 21:01:11.819 16380 16463 I SurfaceView@41a87c0: aOrMT: ViewRootImpl@fbf792[MainActivity] t = android.view.SurfaceControl$Transaction@27205bf fN = 631 android.view.SurfaceView.-$$Nest$mapplyOrMergeTransaction:0 android.view.SurfaceView$SurfaceViewPositionUpdateListener.positionChanged:1537 android.graphics.RenderNode$CompositePositionUpdateListener.positionChanged:373 
10-12 21:01:11.820 16380 16463 I ViewRootImpl@fbf792[MainActivity]: mWNT: t=0x7b36a09f00 mBlastBufferQueue=0x7b4652cc00 fn= 631 caller= android.view.SurfaceView.applyOrMergeTransaction:1455 android.view.SurfaceView.-$$Nest$mapplyOrMergeTransaction:0 android.view.SurfaceView$SurfaceViewPositionUpdateListener.positionChanged:1537 
10-12 21:01:11.820 16380 16463 I ViewRootImpl@fbf792[MainActivity]: mWNT: t=0x7b36a09c00 mBlastBufferQueue=0x7b4652cc00 fn= 631 caller= android.view.ViewRootImpl.lambda$applyTransactionOnDraw$11$android-view-ViewRootImpl:12865 android.view.ViewRootImpl$$ExternalSyntheticLambda1.onFrameDraw:4 android.graphics.HardwareRenderer$FrameDrawingCallback.onFrameDraw:924 
10-12 21:01:11.845 16380 16380 I SurfaceView@41a87c0: finishedDrawing
10-12 21:01:12.557 16380 16380 I ViewRootImpl@fbf792[MainActivity]: ViewPostIme pointer 0
10-12 21:01:13.108 16380 16380 I Dialog  : mIsDeviceDefault = false, mIsSamsungBasicInteraction = false, isMetaDataInActivity = false
10-12 21:01:13.136 16380 16380 I DecorView: [INFO] isPopOver=false config=false
10-12 21:01:13.136 16380 16380 I DecorView: updateCaptionType: isFloating=false isApplication=true hasWindowDecorCaption=false this=DecorView@d84b39a[]
10-12 21:01:13.137 16380 16380 D DecorView: setCaptionType = 0, this = DecorView@d84b39a[]
10-12 21:01:13.139 16380 16380 I DecorView: getCurrentDensityDpi: from app context. densityDpi=420 msg=resources_loaded
10-12 21:01:13.139 16380 16380 I DecorView: setWindowBackground: isPopOver=false color=0 d=android.graphics.drawable.ColorDrawable@ec864a8
10-12 21:01:13.147 16380 16402 D NativeCustomFrequencyManager: [NativeCFMS] BpCustomFrequencyManager::BpCustomFrequencyManager()
10-12 21:01:13.147 16380 16380 I DecorView: notifyKeepScreenOnChanged: keepScreenOn=false
10-12 21:01:13.166 16380 16380 D InsetsController: onStateChanged: InsetsState: {mDisplayFrame=Rect(0, 0 - 1080, 2400), mDisplayCutout=DisplayCutout{insets=Rect(0, 88 - 0, 0) waterfall=Insets{left=0, top=0, right=0, bottom=0} boundingRect={Bounds=[Rect(0, 0 - 0, 0), Rect(512, 0 - 568, 88), Rect(0, 0 - 0, 0), Rect(0, 0 - 0, 0)]} cutoutPathParserInfo={CutoutPathParserInfo{displayWidth=1080 displayHeight=2400 physicalDisplayWidth=1080 physicalDisplayHeight=2400 density={2.625} cutoutSpec={M 0,0 M 0,12.25101276465640 a 10.60613009248640,10.60613009248640 0 1,0 0,21.21226018497290 a 10.60613009248640,10.60613009248640 0 1,0 0,-21.21226018497290 Z @dp} rotation={0} scale={1.0} physicalPixelDisplaySizeRatio={1.0}}}}, mRoundedCorners=RoundedCorners{[RoundedCorner{position=TopLeft, radius=84, center=Point(84, 84)}, RoundedCorner{position=TopRight, radius=84, center=Point(996, 84)}, RoundedCorner{position=BottomRight, radius=84, center=Point(996, 2316)}, RoundedCorner{position=BottomLeft, radius=84, center=Point(84, 2316)}]}  mRoundedCornerFrame=Rect(0, 0 - 1080, 2400), mPrivacyIndicatorBounds=PrivacyIndicatorBounds {static bounds=Rect(964, 0 - 1080, 87) rotation=0}, mSources= { InsetsSource: {mType=ITYPE_STATUS_BAR, mFrame=[0,0][1080,88], mVisible=true, mInsetsRoundedCornerFrame=false}, InsetsSource: {mType=ITYPE_NAVIGATION_BAR, mFrame=[0,2361][1080,2400], mVisible=true, mInsetsRoundedCornerFrame=false}, InsetsSource: {mType=ITYPE_LEFT_GESTURES, mFrame=[0,0][130,2400], mVisible=true, mInsetsRoundedCornerFrame=false}, InsetsSource: {mType=ITYPE_RIGHT_GESTURES, mFrame=[950,0][1080,2400], mVisible=true, mInsetsRoundedCornerFrame=false}, InsetsSource: {mType=ITYPE_TOP_MANDATORY_GESTURES, mFrame=[0,0][1080,120], mVisible=true, mInsetsRoundedCornerFrame=false}, InsetsSource: {mType=ITYPE_BOTTOM_MANDATORY_GESTURES, mFrame=[0,2316][1080,2400], mVisible=true, mInsetsRoundedCornerFrame=false}, InsetsSource: {mType=ITYPE_LEFT_DISPLAY_CUTOUT, mFrame=[0,0][-100000,2400], mVisible=true, mInsetsRoundedCornerFrame=false}, InsetsSource: {mType=ITYPE_TOP_DISPLAY_CUTOUT, mFrame=[0,0][1080,88], mVisible=true, mInsetsRoundedCornerFrame=false}, InsetsSource: {mType=ITYPE_RIGHT_DISPLAY_CUTOUT, mFrame=[100000,0][1080,2400], mVisible=true, mInsetsRoundedCornerFrame=false}, InsetsSource: {mType=ITYPE_BOTTOM_DISPLAY_CUTOUT, mFrame=[0,100000][1080,2400], mVisible=true, mInsetsRoundedCornerFrame=false}, InsetsSource: {mType=ITYPE_TOP_TAPPABLE_ELEMENT, mFrame=[0,0][1080,88], mVisible=true, mInsetsRoundedCornerFrame=false}, InsetsSource: {mType=ITYPE_BOTTOM_TAPPABLE_ELEMENT, mFrame=[0,0][0,0], mVisible=true, mInsetsRoundedCornerFrame=false}, InsetsSource: {mType=ITYPE_IME, mFrame=[0,0][0,0], mVisibleFrame=[0,1409][1080,2400], mVisible=false, mInsetsRoundedCornerFrame=false} } host=com.lagradost.cloudstream3/com.lagradost.cloudstream3.MainActivity from=android.view.ViewRootImpl.setView:1732
10-12 21:01:13.167 16380 16380 I ViewRootImpl@17da1f9[MainActivity]: setView = com.android.internal.policy.DecorView@d84b39a TM=true
10-12 21:01:13.186 16380 16380 I ViewRootImpl@17da1f9[MainActivity]: performTraversals params={(0,0)(fillxfill) gr=CENTER sim={adjust=resize forwardNavigation} ty=APPLICATION fmt=TRANSPARENT wanim=0x7f14000b
10-12 21:01:13.186 16380 16380 I ViewRootImpl@17da1f9[MainActivity]:   fl=85810100
10-12 21:01:13.186 16380 16380 I ViewRootImpl@17da1f9[MainActivity]:   pfl=12020040
10-12 21:01:13.186 16380 16380 I ViewRootImpl@17da1f9[MainActivity]:   vsysui=500
10-12 21:01:13.186 16380 16380 I ViewRootImpl@17da1f9[MainActivity]:   bhv=DEFAULT
10-12 21:01:13.186 16380 16380 I ViewRootImpl@17da1f9[MainActivity]:   fitSides= naviIconColor=0}
10-12 21:01:13.187 16380 16380 I ViewRootImpl@17da1f9[MainActivity]: performTraversals mFirst=true windowShouldResize=true viewVisibilityChanged=false mForceNextWindowRelayout=false params={(0,0)(fillxfill) gr=CENTER sim={adjust=resize forwardNavigation} ty=APPLICATION fmt=TRANSPARENT wanim=0x7f14000b
10-12 21:01:13.187 16380 16380 I ViewRootImpl@17da1f9[MainActivity]:   fl=85810100
10-12 21:01:13.187 16380 16380 I ViewRootImpl@17da1f9[MainActivity]:   pfl=12020040
10-12 21:01:13.187 16380 16380 I ViewRootImpl@17da1f9[MainActivity]:   vsysui=500
10-12 21:01:13.187 16380 16380 I ViewRootImpl@17da1f9[MainActivity]:   bhv=DEFAULT
10-12 21:01:13.187 16380 16380 I ViewRootImpl@17da1f9[MainActivity]:   fitSides= naviIconColor=0}
10-12 21:01:13.202 16380 16380 I ViewRootImpl@17da1f9[MainActivity]: updateBlastSurfaceIfNeeded mBlastBufferQueue=null isSameSurfaceControl=false
10-12 21:01:13.203 16380 16380 I BLASTBufferQueue: new BLASTBufferQueue, mName= ViewRootImpl@17da1f9[MainActivity] mNativeObject= 0x7b1b4ae600 sc.mNativeObject= 0x7b18b90d60 caller= android.view.ViewRootImpl.updateBlastSurfaceIfNeeded:2909 android.view.ViewRootImpl.relayoutWindow:9847 android.view.ViewRootImpl.performTraversals:3884 android.view.ViewRootImpl.doTraversal:3116 android.view.ViewRootImpl$TraversalRunnable.run:10885 android.view.Choreographer$CallbackRecord.run:1301 android.view.Choreographer$CallbackRecord.run:1309 android.view.Choreographer.doCallbacks:923 android.view.Choreographer.doFrame:852 android.view.Choreographer$FrameDisplayEventReceiver.run:1283 
10-12 21:01:13.203 16380 16380 I BLASTBufferQueue: update, w= 1080 h= 2400 mName = ViewRootImpl@17da1f9[MainActivity] mNativeObject= 0x7b1b4ae600 sc.mNativeObject= 0x7b18b90d60 format= -2 caller= android.graphics.BLASTBufferQueue.<init>:84 android.view.ViewRootImpl.updateBlastSurfaceIfNeeded:2909 android.view.ViewRootImpl.relayoutWindow:9847 android.view.ViewRootImpl.performTraversals:3884 android.view.ViewRootImpl.doTraversal:3116 android.view.ViewRootImpl$TraversalRunnable.run:10885 
10-12 21:01:13.204 16380 16380 I ViewRootImpl@17da1f9[MainActivity]: Relayout returned: old=(0,0,1080,2400) new=(0,0,1080,2400) req=(1080,2400)0 dur=15 res=0x3 s={true 0x7b6c205000} ch=true seqId=0
10-12 21:01:13.205 16380 16380 I ViewRootImpl@17da1f9[MainActivity]: mThreadedRenderer.initialize() mSurface={isValid=true 0x7b6c205000} hwInitialized=true
10-12 21:01:13.206 16380 16402 D OpenGLRenderer: eglCreateWindowSurface
10-12 21:01:13.240 16380 16380 D AbsListView:  in onLayout changed 
10-12 21:01:13.241 16380 16380 I ViewRootImpl@17da1f9[MainActivity]: reportNextDraw android.view.ViewRootImpl.performTraversals:4438 android.view.ViewRootImpl.doTraversal:3116 android.view.ViewRootImpl$TraversalRunnable.run:10885 android.view.Choreographer$CallbackRecord.run:1301 android.view.Choreographer$CallbackRecord.run:1309 
10-12 21:01:13.241 16380 16380 I ViewRootImpl@17da1f9[MainActivity]: Setup new sync id=0
10-12 21:01:13.241 16380 16380 I ViewRootImpl@17da1f9[MainActivity]: Setting syncFrameCallback
10-12 21:01:13.241 16380 16380 I ViewRootImpl@17da1f9[MainActivity]: registerCallbacksForSync syncBuffer=false
10-12 21:01:13.245 16380 16464 I ViewRootImpl@17da1f9[MainActivity]: Received frameDrawingCallback syncResult=0 frameNum=1.
10-12 21:01:13.245 16380 16464 I ViewRootImpl@17da1f9[MainActivity]: Setting up sync and frameCommitCallback
10-12 21:01:13.251 16380 16402 I BLASTBufferQueue: [ViewRootImpl@17da1f9[MainActivity]#4](f:0,a:0) onFrameAvailable the first frame is available
10-12 21:01:13.253 16380 16402 I ViewRootImpl@17da1f9[MainActivity]: Received frameCommittedCallback lastAttemptedDrawFrameNum=1 didProduceBuffer=true
10-12 21:01:13.255 16380 16402 D OpenGLRenderer: CFMS:: SetUp Pid : 16380    Tid : 16402
10-12 21:01:13.260 16380 16380 I ViewRootImpl@17da1f9[MainActivity]: onSyncComplete
10-12 21:01:13.260 16380 16380 I ViewRootImpl@17da1f9[MainActivity]: setupSync seqId=0 mSyncId=0 fn=1 caller=android.view.ViewRootImpl$$ExternalSyntheticLambda11.accept:6 android.window.SurfaceSyncer.lambda$setupSync$1$android-window-SurfaceSyncer:128 android.window.SurfaceSyncer$$ExternalSyntheticLambda1.accept:8 android.window.SurfaceSyncer$SyncSet.checkIfSyncIsComplete:382 android.window.SurfaceSyncer$SyncSet.markSyncReady:359 android.window.SurfaceSyncer.markSyncReady:151 android.view.ViewRootImpl.performTraversals:4503 
10-12 21:01:13.260 16380 16380 I ViewRootImpl@17da1f9[MainActivity]: reportDrawFinished seqId=0 mSyncId=-1 fn=1 mSurfaceChangedTransaction=0x7b1b697700
10-12 21:01:13.262 16380 16380 I ViewRootImpl@fbf792[MainActivity]: MSG_WINDOW_FOCUS_CHANGED 0 0
10-12 21:01:13.280 16380 16380 I ViewRootImpl@fbf792[MainActivity]: ViewPostIme pointer 1
10-12 21:01:13.330 16380 16380 I ViewRootImpl@17da1f9[MainActivity]: MSG_WINDOW_FOCUS_CHANGED 1 0
10-12 21:01:13.330 16380 16380 I ViewRootImpl@17da1f9[MainActivity]: mThreadedRenderer.initializeIfNeeded()#2 mSurface={isValid=true 0x7b6c205000}
10-12 21:01:13.331 16380 16380 D InputMethodManager: startInputInner - Id : 0
10-12 21:01:13.331 16380 16380 I InputMethodManager: startInputInner - mService.startInputOrWindowGainedFocus
10-12 21:01:13.359 16380 16386 I st.cloudstream3: Background concurrent copying GC freed 10MB AllocSpace bytes, 34(1432KB) LOS objects, 49% free, 19MB/38MB, paused 251us,60us total 174.169ms
10-12 21:01:14.042 16380 16380 I ViewRootImpl@17da1f9[MainActivity]: ViewPostIme pointer 0
10-12 21:01:14.091 16380 16380 I ViewRootImpl@17da1f9[MainActivity]: ViewPostIme pointer 1
10-12 21:01:14.092 16380 16380 D AbsListView: onTouchUp() mTouchMode : 0
10-12 21:01:14.170 16380 16380 I MSHandlerLifeCycle: removeMultiSplitHandler: no exist. decor=DecorView@d84b39a[MainActivity]
10-12 21:01:14.172 16380 16431 D EgyDead : Loading links for URL: https://tv6.egydead.live/%d9%85%d8%b4%d8%a7%d9%87%d8%af%d8%a9-%d9%81%d9%8a%d9%84%d9%85-pretty-crazy-2025-%d9%85%d8%aa%d8%b1%d8%ac%d9%85/
10-12 21:01:14.173 16380 16402 D OpenGLRenderer: setSurface called with nullptr
10-12 21:01:14.173 16380 16402 D OpenGLRenderer: setSurface() destroyed EGLSurface
10-12 21:01:14.173 16380 16402 D OpenGLRenderer: destroyEglSurface
10-12 21:01:14.175 16380 16402 D OpenGLRenderer: endAllActiveAnimators on 0x7b18b0f900 (MaterialTextView) with handle 0x7b6c428b20
10-12 21:01:14.176 16380 16380 I ViewRootImpl@17da1f9[MainActivity]: dispatchDetachedFromWindow
10-12 21:01:14.200 16380 16380 D InputTransport: Input channel destroyed: '90c8d21', fd=192
10-12 21:01:14.203 16380 16380 I Dialog  : mIsDeviceDefault = false, mIsSamsungBasicInteraction = false, isMetaDataInActivity = false
10-12 21:01:14.271 16380 16380 I DecorView: [INFO] isPopOver=false config=false
10-12 21:01:14.271 16380 16380 I DecorView: updateCaptionType: isFloating=false isApplication=true hasWindowDecorCaption=false this=DecorView@fa5e8ad[]
10-12 21:01:14.271 16380 16380 D DecorView: setCaptionType = 0, this = DecorView@fa5e8ad[]
10-12 21:01:14.273 16380 16380 I DecorView: getCurrentDensityDpi: from app context. densityDpi=420 msg=resources_loaded
10-12 21:01:14.273 16380 16380 I DecorView: setWindowBackground: isPopOver=false color=0 d=android.graphics.drawable.ColorDrawable@45a9773
10-12 21:01:14.280 16380 16402 D NativeCustomFrequencyManager: [NativeCFMS] BpCustomFrequencyManager::BpCustomFrequencyManager()
10-12 21:01:14.281 16380 16380 I DecorView: notifyKeepScreenOnChanged: keepScreenOn=false
