10-13 02:20:33.458 14236 14236 I SurfaceView@70f45b3: applyTransactionOnVriDraw: vri = ViewRootImpl@6784265[MainActivity] fRS = false t = 0x7bda879600 android.view.SurfaceView.performSurfaceTransaction:959 android.view.SurfaceView.updateSurface:1105 android.view.SurfaceView.lambda$new$0$android-view-SurfaceView:200 
10-13 02:20:33.458 14236 14236 I ViewRootImpl@6784265[MainActivity]: applyTransactionOnDraw: mRemoved = false isHardwareEnabled = true t = 0x7bda879600android.view.SurfaceView.applyTransactionOnVriDraw:2048 android.view.SurfaceView.performSurfaceTransaction:959 android.view.SurfaceView.updateSurface:1105 android.view.SurfaceView.lambda$new$0$android-view-SurfaceView:200 android.view.SurfaceView$$ExternalSyntheticLambda5.onPreDraw:2 
10-13 02:20:33.459 14236 14236 I SurfaceView@70f45b3: updateSurface: mVisible = true mSurface.isValid() = true
10-13 02:20:33.459 14236 14236 I SurfaceView@70f45b3: updateSurface: mSurfaceCreated = false surfaceChanged = true visibleChanged = true
10-13 02:20:33.459 14236 14236 I SurfaceView@70f45b3: visibleChanged -- surfaceCreated
10-13 02:20:33.459 14236 14236 I SurfaceView@70f45b3: surfaceCreated 0 #8 android.view.SurfaceView{70f45b3 V.E..V... ......ID 0,0-1080,525}
10-13 02:20:33.459 14236 14236 I SurfaceView@70f45b3: surfaceChanged -- format=4 w=1080 h=525
10-13 02:20:33.459 14236 14236 I SurfaceView@70f45b3: surfaceChanged (1080,525) 0 #8 android.view.SurfaceView{70f45b3 V.E..V... ......ID 0,0-1080,525}
10-13 02:20:33.459 14236 14236 I SurfaceView@70f45b3: surfaceRedrawNeeded
10-13 02:20:33.460 14236 14236 V SurfaceView@70f45b3: Layout: x=0 y=218 w=1080 h=525, frame=Rect(0, 0 - 1080, 525)
10-13 02:20:33.469 14236 14319 D SurfaceView@70f45b3: updateSurfacePosition RenderWorker, frameNr = 398, position = [0, 218, 1080, 743] surfaceSize = 1080x525
10-13 02:20:33.469 14236 14319 I SurfaceView@70f45b3: uSP: rtp = Rect(0, 218 - 1080, 743) rtsw = 1080 rtsh = 525
10-13 02:20:33.469 14236 14319 I SurfaceView@70f45b3: onSSPAndSRT: pl = 0 pt = 218 sx = 1.0 sy = 1.0
10-13 02:20:33.470 14236 14319 I SurfaceView@70f45b3: aOrMT: ViewRootImpl@6784265[MainActivity] t = android.view.SurfaceControl$Transaction@326fd50 fN = 398 android.view.SurfaceView.-$$Nest$mapplyOrMergeTransaction:0 android.view.SurfaceView$SurfaceViewPositionUpdateListener.positionChanged:1537 android.graphics.RenderNode$CompositePositionUpdateListener.positionChanged:373 
10-13 02:20:33.470 14236 14319 I ViewRootImpl@6784265[MainActivity]: mWNT: t=0x7bda9df000 mBlastBufferQueue=0x7b5d6bf700 fn= 398 caller= android.view.SurfaceView.applyOrMergeTransaction:1455 android.view.SurfaceView.-$$Nest$mapplyOrMergeTransaction:0 android.view.SurfaceView$SurfaceViewPositionUpdateListener.positionChanged:1537 
10-13 02:20:33.471 14236 14319 I ViewRootImpl@6784265[MainActivity]: mWNT: t=0x7bda879600 mBlastBufferQueue=0x7b5d6bf700 fn= 398 caller= android.view.ViewRootImpl.lambda$applyTransactionOnDraw$11$android-view-ViewRootImpl:12865 android.view.ViewRootImpl$$ExternalSyntheticLambda1.onFrameDraw:4 android.graphics.HardwareRenderer$FrameDrawingCallback.onFrameDraw:924 
10-13 02:20:33.492 14236 14236 I SurfaceView@70f45b3: finishedDrawing
10-13 02:20:34.257 14236 14236 I ViewRootImpl@6784265[MainActivity]: ViewPostIme pointer 0
10-13 02:20:34.805 14236 14236 I Dialog  : mIsDeviceDefault = false, mIsSamsungBasicInteraction = false, isMetaDataInActivity = false
10-13 02:20:34.850 14236 14236 I DecorView: [INFO] isPopOver=false config=false
10-13 02:20:34.850 14236 14236 I DecorView: updateCaptionType: isFloating=false isApplication=true hasWindowDecorCaption=false this=DecorView@2d60d61[]
10-13 02:20:34.851 14236 14236 D DecorView: setCaptionType = 0, this = DecorView@2d60d61[]
10-13 02:20:34.853 14236 14236 I DecorView: getCurrentDensityDpi: from app context. densityDpi=420 msg=resources_loaded
10-13 02:20:34.853 14236 14236 I DecorView: setWindowBackground: isPopOver=false color=0 d=android.graphics.drawable.ColorDrawable@b15ed47
10-13 02:20:34.862 14236 14260 D NativeCustomFrequencyManager: [NativeCFMS] BpCustomFrequencyManager::BpCustomFrequencyManager()
10-13 02:20:34.863 14236 14236 I DecorView: notifyKeepScreenOnChanged: keepScreenOn=false
10-13 02:20:34.874 14236 14236 D InsetsController: onStateChanged: InsetsState: {mDisplayFrame=Rect(0, 0 - 1080, 2400), mDisplayCutout=DisplayCutout{insets=Rect(0, 88 - 0, 0) waterfall=Insets{left=0, top=0, right=0, bottom=0} boundingRect={Bounds=[Rect(0, 0 - 0, 0), Rect(512, 0 - 568, 88), Rect(0, 0 - 0, 0), Rect(0, 0 - 0, 0)]} cutoutPathParserInfo={CutoutPathParserInfo{displayWidth=1080 displayHeight=2400 physicalDisplayWidth=1080 physicalDisplayHeight=2400 density={2.625} cutoutSpec={M 0,0 M 0,12.25101276465640 a 10.60613009248640,10.60613009248640 0 1,0 0,21.21226018497290 a 10.60613009248640,10.60613009248640 0 1,0 0,-21.21226018497290 Z @dp} rotation={0} scale={1.0} physicalPixelDisplaySizeRatio={1.0}}}}, mRoundedCorners=RoundedCorners{[RoundedCorner{position=TopLeft, radius=84, center=Point(84, 84)}, RoundedCorner{position=TopRight, radius=84, center=Point(996, 84)}, RoundedCorner{position=BottomRight, radius=84, center=Point(996, 2316)}, RoundedCorner{position=BottomLeft, radius=84, center=Point(84, 2316)}]}  mRoundedCornerFrame=Rect(0, 0 - 1080, 2400), mPrivacyIndicatorBounds=PrivacyIndicatorBounds {static bounds=Rect(964, 0 - 1080, 87) rotation=0}, mSources= { InsetsSource: {mType=ITYPE_STATUS_BAR, mFrame=[0,0][1080,88], mVisible=true, mInsetsRoundedCornerFrame=false}, InsetsSource: {mType=ITYPE_NAVIGATION_BAR, mFrame=[0,2361][1080,2400], mVisible=true, mInsetsRoundedCornerFrame=false}, InsetsSource: {mType=ITYPE_LEFT_GESTURES, mFrame=[0,0][130,2400], mVisible=true, mInsetsRoundedCornerFrame=false}, InsetsSource: {mType=ITYPE_RIGHT_GESTURES, mFrame=[950,0][1080,2400], mVisible=true, mInsetsRoundedCornerFrame=false}, InsetsSource: {mType=ITYPE_TOP_MANDATORY_GESTURES, mFrame=[0,0][1080,120], mVisible=true, mInsetsRoundedCornerFrame=false}, InsetsSource: {mType=ITYPE_BOTTOM_MANDATORY_GESTURES, mFrame=[0,2316][1080,2400], mVisible=true, mInsetsRoundedCornerFrame=false}, InsetsSource: {mType=ITYPE_LEFT_DISPLAY_CUTOUT, mFrame=[0,0][-100000,2400], mVisible=true, mInsetsRoundedCornerFrame=false}, InsetsSource: {mType=ITYPE_TOP_DISPLAY_CUTOUT, mFrame=[0,0][1080,88], mVisible=true, mInsetsRoundedCornerFrame=false}, InsetsSource: {mType=ITYPE_RIGHT_DISPLAY_CUTOUT, mFrame=[100000,0][1080,2400], mVisible=true, mInsetsRoundedCornerFrame=false}, InsetsSource: {mType=ITYPE_BOTTOM_DISPLAY_CUTOUT, mFrame=[0,100000][1080,2400], mVisible=true, mInsetsRoundedCornerFrame=false}, InsetsSource: {mType=ITYPE_TOP_TAPPABLE_ELEMENT, mFrame=[0,0][1080,88], mVisible=true, mInsetsRoundedCornerFrame=false}, InsetsSource: {mType=ITYPE_BOTTOM_TAPPABLE_ELEMENT, mFrame=[0,0][0,0], mVisible=true, mInsetsRoundedCornerFrame=false}, InsetsSource: {mType=ITYPE_IME, mFrame=[0,0][0,0], mVisibleFrame=[0,1409][1080,2400], mVisible=false, mInsetsRoundedCornerFrame=false} } host=com.lagradost.cloudstream3/com.lagradost.cloudstream3.MainActivity from=android.view.ViewRootImpl.setView:1732
10-13 02:20:34.875 14236 14236 I ViewRootImpl@8b4e30c[MainActivity]: setView = com.android.internal.policy.DecorView@2d60d61 TM=true
10-13 02:20:34.892 14236 14236 I ViewRootImpl@8b4e30c[MainActivity]: performTraversals params={(0,0)(fillxfill) gr=CENTER sim={adjust=resize forwardNavigation} ty=APPLICATION fmt=TRANSPARENT wanim=0x7f14000b
10-13 02:20:34.892 14236 14236 I ViewRootImpl@8b4e30c[MainActivity]:   fl=85810100
10-13 02:20:34.892 14236 14236 I ViewRootImpl@8b4e30c[MainActivity]:   pfl=12020040
10-13 02:20:34.892 14236 14236 I ViewRootImpl@8b4e30c[MainActivity]:   vsysui=500
10-13 02:20:34.892 14236 14236 I ViewRootImpl@8b4e30c[MainActivity]:   bhv=DEFAULT
10-13 02:20:34.892 14236 14236 I ViewRootImpl@8b4e30c[MainActivity]:   fitSides= naviIconColor=0}
10-13 02:20:34.893 14236 14236 I ViewRootImpl@8b4e30c[MainActivity]: performTraversals mFirst=true windowShouldResize=true viewVisibilityChanged=false mForceNextWindowRelayout=false params={(0,0)(fillxfill) gr=CENTER sim={adjust=resize forwardNavigation} ty=APPLICATION fmt=TRANSPARENT wanim=0x7f14000b
10-13 02:20:34.893 14236 14236 I ViewRootImpl@8b4e30c[MainActivity]:   fl=85810100
10-13 02:20:34.893 14236 14236 I ViewRootImpl@8b4e30c[MainActivity]:   pfl=12020040
10-13 02:20:34.893 14236 14236 I ViewRootImpl@8b4e30c[MainActivity]:   vsysui=500
10-13 02:20:34.893 14236 14236 I ViewRootImpl@8b4e30c[MainActivity]:   bhv=DEFAULT
10-13 02:20:34.893 14236 14236 I ViewRootImpl@8b4e30c[MainActivity]:   fitSides= naviIconColor=0}
10-13 02:20:34.907 14236 14236 I ViewRootImpl@8b4e30c[MainActivity]: updateBlastSurfaceIfNeeded mBlastBufferQueue=null isSameSurfaceControl=false
10-13 02:20:34.908 14236 14236 I BLASTBufferQueue: new BLASTBufferQueue, mName= ViewRootImpl@8b4e30c[MainActivity] mNativeObject= 0x7b5d672700 sc.mNativeObject= 0x7bdaafc740 caller= android.view.ViewRootImpl.updateBlastSurfaceIfNeeded:2909 android.view.ViewRootImpl.relayoutWindow:9847 android.view.ViewRootImpl.performTraversals:3884 android.view.ViewRootImpl.doTraversal:3116 android.view.ViewRootImpl$TraversalRunnable.run:10885 android.view.Choreographer$CallbackRecord.run:1301 android.view.Choreographer$CallbackRecord.run:1309 android.view.Choreographer.doCallbacks:923 android.view.Choreographer.doFrame:852 android.view.Choreographer$FrameDisplayEventReceiver.run:1283 
10-13 02:20:34.908 14236 14236 I BLASTBufferQueue: update, w= 1080 h= 2400 mName = ViewRootImpl@8b4e30c[MainActivity] mNativeObject= 0x7b5d672700 sc.mNativeObject= 0x7bdaafc740 format= -2 caller= android.graphics.BLASTBufferQueue.<init>:84 android.view.ViewRootImpl.updateBlastSurfaceIfNeeded:2909 android.view.ViewRootImpl.relayoutWindow:9847 android.view.ViewRootImpl.performTraversals:3884 android.view.ViewRootImpl.doTraversal:3116 android.view.ViewRootImpl$TraversalRunnable.run:10885 
10-13 02:20:34.908 14236 14236 I ViewRootImpl@8b4e30c[MainActivity]: Relayout returned: old=(0,0,1080,2400) new=(0,0,1080,2400) req=(1080,2400)0 dur=14 res=0x3 s={true 0x7b5d698800} ch=true seqId=0
10-13 02:20:34.909 14236 14236 I ViewRootImpl@8b4e30c[MainActivity]: mThreadedRenderer.initialize() mSurface={isValid=true 0x7b5d698800} hwInitialized=true
10-13 02:20:34.910 14236 14260 D OpenGLRenderer: eglCreateWindowSurface
10-13 02:20:34.934 14236 14236 D AbsListView:  in onLayout changed 
10-13 02:20:34.936 14236 14236 I ViewRootImpl@8b4e30c[MainActivity]: reportNextDraw android.view.ViewRootImpl.performTraversals:4438 android.view.ViewRootImpl.doTraversal:3116 android.view.ViewRootImpl$TraversalRunnable.run:10885 android.view.Choreographer$CallbackRecord.run:1301 android.view.Choreographer$CallbackRecord.run:1309 
10-13 02:20:34.936 14236 14236 I ViewRootImpl@8b4e30c[MainActivity]: Setup new sync id=0
10-13 02:20:34.936 14236 14236 I ViewRootImpl@8b4e30c[MainActivity]: Setting syncFrameCallback
10-13 02:20:34.936 14236 14236 I ViewRootImpl@8b4e30c[MainActivity]: registerCallbacksForSync syncBuffer=false
10-13 02:20:34.940 14236 14320 I ViewRootImpl@8b4e30c[MainActivity]: Received frameDrawingCallback syncResult=0 frameNum=1.
10-13 02:20:34.940 14236 14320 I ViewRootImpl@8b4e30c[MainActivity]: Setting up sync and frameCommitCallback
10-13 02:20:34.947 14236 14260 I BLASTBufferQueue: [ViewRootImpl@8b4e30c[MainActivity]#6](f:0,a:0) onFrameAvailable the first frame is available
10-13 02:20:34.949 14236 14260 I ViewRootImpl@8b4e30c[MainActivity]: Received frameCommittedCallback lastAttemptedDrawFrameNum=1 didProduceBuffer=true
10-13 02:20:34.951 14236 14260 D OpenGLRenderer: CFMS:: SetUp Pid : 14236    Tid : 14260
10-13 02:20:34.956 14236 14236 I ViewRootImpl@8b4e30c[MainActivity]: onSyncComplete
10-13 02:20:34.956 14236 14236 I ViewRootImpl@8b4e30c[MainActivity]: setupSync seqId=0 mSyncId=0 fn=1 caller=android.view.ViewRootImpl$$ExternalSyntheticLambda11.accept:6 android.window.SurfaceSyncer.lambda$setupSync$1$android-window-SurfaceSyncer:128 android.window.SurfaceSyncer$$ExternalSyntheticLambda1.accept:8 android.window.SurfaceSyncer$SyncSet.checkIfSyncIsComplete:382 android.window.SurfaceSyncer$SyncSet.markSyncReady:359 android.window.SurfaceSyncer.markSyncReady:151 android.view.ViewRootImpl.performTraversals:4503 
10-13 02:20:34.957 14236 14236 I ViewRootImpl@8b4e30c[MainActivity]: reportDrawFinished seqId=0 mSyncId=-1 fn=1 mSurfaceChangedTransaction=0x7bdab1e100
10-13 02:20:34.960 14236 14236 I ViewRootImpl@6784265[MainActivity]: MSG_WINDOW_FOCUS_CHANGED 0 0
10-13 02:20:35.014 14236 14236 I ViewRootImpl@6784265[MainActivity]: ViewPostIme pointer 1
10-13 02:20:35.017 14236 14236 I ViewRootImpl@8b4e30c[MainActivity]: MSG_WINDOW_FOCUS_CHANGED 1 0
10-13 02:20:35.018 14236 14236 I ViewRootImpl@8b4e30c[MainActivity]: mThreadedRenderer.initializeIfNeeded()#2 mSurface={isValid=true 0x7b5d698800}
10-13 02:20:35.019 14236 14236 D InputMethodManager: startInputInner - Id : 0
10-13 02:20:35.019 14236 14236 I InputMethodManager: startInputInner - mService.startInputOrWindowGainedFocus
10-13 02:20:35.742 14236 14236 I ViewRootImpl@8b4e30c[MainActivity]: ViewPostIme pointer 0
10-13 02:20:35.832 14236 14236 I ViewRootImpl@8b4e30c[MainActivity]: ViewPostIme pointer 1
10-13 02:20:35.833 14236 14236 D AbsListView: onTouchUp() mTouchMode : 0
10-13 02:20:35.912 14236 14236 I MSHandlerLifeCycle: removeMultiSplitHandler: no exist. decor=DecorView@2d60d61[MainActivity]
10-13 02:20:35.913 14236 14260 D OpenGLRenderer: setSurface called with nullptr
10-13 02:20:35.914 14236 14260 D OpenGLRenderer: setSurface() destroyed EGLSurface
10-13 02:20:35.914 14236 14260 D OpenGLRenderer: destroyEglSurface
10-13 02:20:35.917 14236 14260 D OpenGLRenderer: endAllActiveAnimators on 0x7b45d08000 (MaterialTextView) with handle 0x7b67358b60
10-13 02:20:35.917 14236 14236 I ViewRootImpl@8b4e30c[MainActivity]: dispatchDetachedFromWindow
10-13 02:20:35.941 14236 14236 D InputTransport: Input channel destroyed: 'dff003b', fd=175
10-13 02:20:35.943 14236 14236 I Dialog  : mIsDeviceDefault = false, mIsSamsungBasicInteraction = false, isMetaDataInActivity = false
10-13 02:20:36.016 14236 14236 I DecorView: [INFO] isPopOver=false config=false
10-13 02:20:36.016 14236 14236 I DecorView: updateCaptionType: isFloating=false isApplication=true hasWindowDecorCaption=false this=DecorView@332413[]
10-13 02:20:36.016 14236 14236 D DecorView: setCaptionType = 0, this = DecorView@332413[]
10-13 02:20:36.018 14236 14236 I DecorView: getCurrentDensityDpi: from app context. densityDpi=420 msg=resources_loaded
10-13 02:20:36.018 14236 14236 I DecorView: setWindowBackground: isPopOver=false color=0 d=android.graphics.drawable.ColorDrawable@68f5049
10-13 02:20:36.024 14236 14260 D NativeCustomFrequencyManager: [NativeCFMS] BpCustomFrequencyManager::BpCustomFrequencyManager()
10-13 02:20:36.025 14236 14236 I DecorView: notifyKeepScreenOnChanged: keepScreenOn=false
10-13 02:20:36.034 14236 14236 D InsetsController: onStateChanged: InsetsState: {mDisplayFrame=Rect(0, 0 - 1080, 2400), mDisplayCutout=DisplayCutout{insets=Rect(0, 88 - 0, 0) waterfall=Insets{left=0, top=0, right=0, bottom=0} boundingRect={Bounds=[Rect(0, 0 - 0, 0), Rect(512, 0 - 568, 88), Rect(0, 0 - 0, 0), Rect(0, 0 - 0, 0)]} cutoutPathParserInfo={CutoutPathParserInfo{displayWidth=1080 displayHeight=2400 physicalDisplayWidth=1080 physicalDisplayHeight=2400 density={2.625} cutoutSpec={M 0,0 M 0,12.25101276465640 a 10.60613009248640,10.60613009248640 0 1,0 0,21.21226018497290 a 10.60613009248640,10.60613009248640 0 1,0 0,-21.21226018497290 Z @dp} rotation={0} scale={1.0} physicalPixelDisplaySizeRatio={1.0}}}}, mRoundedCorners=RoundedCorners{[RoundedCorner{position=TopLeft, radius=84, center=Point(84, 84)}, RoundedCorner{position=TopRight, radius=84, center=Point(996, 84)}, RoundedCorner{position=BottomRight, radius=84, center=Point(996, 2316)}, RoundedCorner{position=BottomLeft, radius=84, center=Point(84, 2316)}]}  mRoundedCornerFrame=Rect(0, 0 - 1080, 2400), mPrivacyIndicatorBounds=PrivacyIndicatorBounds {static bounds=Rect(964, 0 - 1080, 87) rotation=0}, mSources= { InsetsSource: {mType=ITYPE_STATUS_BAR, mFrame=[0,0][1080,88], mVisible=true, mInsetsRoundedCornerFrame=false}, InsetsSource: {mType=ITYPE_NAVIGATION_BAR, mFrame=[0,2361][1080,2400], mVisible=true, mInsetsRoundedCornerFrame=false}, InsetsSource: {mType=ITYPE_LEFT_GESTURES, mFrame=[0,0][130,2400], mVisible=true, mInsetsRoundedCornerFrame=false}, InsetsSource: {mType=ITYPE_RIGHT_GESTURES, mFrame=[950,0][1080,2400], mVisible=true, mInsetsRoundedCornerFrame=false}, InsetsSource: {mType=ITYPE_TOP_MANDATORY_GESTURES, mFrame=[0,0][1080,120], mVisible=true, mInsetsRoundedCornerFrame=false}, InsetsSource: {mType=ITYPE_BOTTOM_MANDATORY_GESTURES, mFrame=[0,2316][1080,2400], mVisible=true, mInsetsRoundedCornerFrame=false}, InsetsSource: {mType=ITYPE_LEFT_DISPLAY_CUTOUT, mFrame=[0,0][-100000,2400], mVisible=true, mInsetsRoundedCornerFrame=false}, InsetsSource: {mType=ITYPE_TOP_DISPLAY_CUTOUT, mFrame=[0,0][1080,88], mVisible=true, mInsetsRoundedCornerFrame=false}, InsetsSource: {mType=ITYPE_RIGHT_DISPLAY_CUTOUT, mFrame=[100000,0][1080,2400], mVisible=true, mInsetsRoundedCornerFrame=false}, InsetsSource: {mType=ITYPE_BOTTOM_DISPLAY_CUTOUT, mFrame=[0,100000][1080,2400], mVisible=true, mInsetsRoundedCornerFrame=false}, InsetsSource: {mType=ITYPE_TOP_TAPPABLE_ELEMENT, mFrame=[0,0][1080,88], mVisible=true, mInsetsRoundedCornerFrame=false}, InsetsSource: {mType=ITYPE_BOTTOM_TAPPABLE_ELEMENT, mFrame=[0,0][0,0], mVisible=true, mInsetsRoundedCornerFrame=false}, InsetsSource: {mType=ITYPE_IME, mFrame=[0,0][0,0], mVisibleFrame=[0,1409][1080,2400], mVisible=false, mInsetsRoundedCornerFrame=false} } host=com.lagradost.cloudstream3/com.lagradost.cloudstream3.MainActivity from=android.view.ViewRootImpl.setView:1732
10-13 02:20:36.035 14236 14236 I ViewRootImpl@8a00826[MainActivity]: setView = com.android.internal.policy.DecorView@332413 TM=true
10-13 02:20:36.040 14236 14236 I ViewRootImpl@8a00826[MainActivity]: performTraversals params={(0,0)(fillxfill) gr=CENTER sim={adjust=resize forwardNavigation} ty=APPLICATION fmt=TRANSPARENT wanim=0x7f14000b
10-13 02:20:36.040 14236 14236 I ViewRootImpl@8a00826[MainActivity]:   fl=85810100
10-13 02:20:36.040 14236 14236 I ViewRootImpl@8a00826[MainActivity]:   pfl=12020040
10-13 02:20:36.040 14236 14236 I ViewRootImpl@8a00826[MainActivity]:   vsysui=500
10-13 02:20:36.040 14236 14236 I ViewRootImpl@8a00826[MainActivity]:   bhv=DEFAULT
10-13 02:20:36.040 14236 14236 I ViewRootImpl@8a00826[MainActivity]:   fitSides= naviIconColor=0}
10-13 02:20:36.040 14236 14236 I ViewRootImpl@8a00826[MainActivity]: performTraversals mFirst=true windowShouldResize=true viewVisibilityChanged=false mForceNextWindowRelayout=false params={(0,0)(fillxfill) gr=CENTER sim={adjust=resize forwardNavigation} ty=APPLICATION fmt=TRANSPARENT wanim=0x7f14000b
10-13 02:20:36.040 14236 14236 I ViewRootImpl@8a00826[MainActivity]:   fl=85810100
10-13 02:20:36.040 14236 14236 I ViewRootImpl@8a00826[MainActivity]:   pfl=12020040
10-13 02:20:36.040 14236 14236 I ViewRootImpl@8a00826[MainActivity]:   vsysui=500
10-13 02:20:36.040 14236 14236 I ViewRootImpl@8a00826[MainActivity]:   bhv=DEFAULT
10-13 02:20:36.040 14236 14236 I ViewRootImpl@8a00826[MainActivity]:   fitSides= naviIconColor=0}
10-13 02:20:36.054 14236 14236 I ViewRootImpl@8a00826[MainActivity]: updateBlastSurfaceIfNeeded mBlastBufferQueue=null isSameSurfaceControl=false
10-13 02:20:36.055 14236 14236 I BLASTBufferQueue: new BLASTBufferQueue, mName= ViewRootImpl@8a00826[MainActivity] mNativeObject= 0x7b5d672a00 sc.mNativeObject= 0x7b45df0f60 caller= android.view.ViewRootImpl.updateBlastSurfaceIfNeeded:2909 android.view.ViewRootImpl.relayoutWindow:9847 android.view.ViewRootImpl.performTraversals:3884 android.view.ViewRootImpl.doTraversal:3116 android.view.ViewRootImpl$TraversalRunnable.run:10885 android.view.Choreographer$CallbackRecord.run:1301 android.view.Choreographer$CallbackRecord.run:1309 android.view.Choreographer.doCallbacks:923 android.view.Choreographer.doFrame:852 android.view.Choreographer$FrameDisplayEventReceiver.run:1283 
10-13 02:20:36.055 14236 14236 I BLASTBufferQueue: update, w= 1080 h= 2400 mName = ViewRootImpl@8a00826[MainActivity] mNativeObject= 0x7b5d672a00 sc.mNativeObject= 0x7b45df0f60 format= -2 caller= android.graphics.BLASTBufferQueue.<init>:84 android.view.ViewRootImpl.updateBlastSurfaceIfNeeded:2909 android.view.ViewRootImpl.relayoutWindow:9847 android.view.ViewRootImpl.performTraversals:3884 android.view.ViewRootImpl.doTraversal:3116 android.view.ViewRootImpl$TraversalRunnable.run:10885 
10-13 02:20:36.055 14236 14236 I ViewRootImpl@8a00826[MainActivity]: Relayout returned: old=(0,0,1080,2400) new=(0,0,1080,2400) req=(1080,2400)0 dur=14 res=0x3 s={true 0x7b5d698800} ch=true seqId=0
10-13 02:20:36.056 14236 14236 I ViewRootImpl@8a00826[MainActivity]: mThreadedRenderer.initialize() mSurface={isValid=true 0x7b5d698800} hwInitialized=true
10-13 02:20:36.056 14236 14260 D OpenGLRenderer: eglCreateWindowSurface
10-13 02:20:36.059 14236 14236 I ViewRootImpl@8a00826[MainActivity]: reportNextDraw android.view.ViewRootImpl.performTraversals:4438 android.view.ViewRootImpl.doTraversal:3116 android.view.ViewRootImpl$TraversalRunnable.run:10885 android.view.Choreographer$CallbackRecord.run:1301 android.view.Choreographer$CallbackRecord.run:1309 
10-13 02:20:36.059 14236 14236 I ViewRootImpl@8a00826[MainActivity]: Setup new sync id=0
10-13 02:20:36.059 14236 14236 I ViewRootImpl@8a00826[MainActivity]: Setting syncFrameCallback
10-13 02:20:36.059 14236 14236 I ViewRootImpl@8a00826[MainActivity]: registerCallbacksForSync syncBuffer=false
10-13 02:20:36.061 14236 14319 I ViewRootImpl@8a00826[MainActivity]: Received frameDrawingCallback syncResult=0 frameNum=1.
10-13 02:20:36.061 14236 14319 I ViewRootImpl@8a00826[MainActivity]: Setting up sync and frameCommitCallback
10-13 02:20:36.068 14236 14260 I BLASTBufferQueue: [ViewRootImpl@8a00826[MainActivity]#7](f:0,a:0) onFrameAvailable the first frame is available
10-13 02:20:36.069 14236 14260 I ViewRootImpl@8a00826[MainActivity]: Received frameCommittedCallback lastAttemptedDrawFrameNum=1 didProduceBuffer=true
10-13 02:20:36.071 14236 14260 D OpenGLRenderer: CFMS:: SetUp Pid : 14236    Tid : 14260
10-13 02:20:36.074 14236 14236 I ViewRootImpl@8a00826[MainActivity]: onSyncComplete
10-13 02:20:36.075 14236 14236 I ViewRootImpl@8a00826[MainActivity]: setupSync seqId=0 mSyncId=0 fn=1 caller=android.view.ViewRootImpl$$ExternalSyntheticLambda11.accept:6 android.window.SurfaceSyncer.lambda$setupSync$1$android-window-SurfaceSyncer:128 android.window.SurfaceSyncer$$ExternalSyntheticLambda1.accept:8 android.window.SurfaceSyncer$SyncSet.checkIfSyncIsComplete:382 android.window.SurfaceSyncer$SyncSet.markSyncReady:359 android.window.SurfaceSyncer.markSyncReady:151 android.view.ViewRootImpl.performTraversals:4503 
10-13 02:20:36.075 14236 14236 I ViewRootImpl@8a00826[MainActivity]: reportDrawFinished seqId=0 mSyncId=-1 fn=1 mSurfaceChangedTransaction=0x7b36045d00
10-13 02:20:36.077 14236 14236 D InsetsController: onStateChanged: InsetsState: {mDisplayFrame=Rect(0, 0 - 1080, 2400), mDisplayCutout=DisplayCutout{insets=Rect(0, 88 - 0, 0) waterfall=Insets{left=0, top=0, right=0, bottom=0} boundingRect={Bounds=[Rect(0, 0 - 0, 0), Rect(512, 0 - 568, 88), Rect(0, 0 - 0, 0), Rect(0, 0 - 0, 0)]} cutoutPathParserInfo={CutoutPathParserInfo{displayWidth=1080 displayHeight=2400 physicalDisplayWidth=1080 physicalDisplayHeight=2400 density={2.625} cutoutSpec={M 0,0 M 0,12.25101276465640 a 10.60613009248640,10.60613009248640 0 1,0 0,21.21226018497290 a 10.60613009248640,10.60613009248640 0 1,0 0,-21.21226018497290 Z @dp} rotation={0} scale={1.0} physicalPixelDisplaySizeRatio={1.0}}}}, mRoundedCorners=RoundedCorners{[RoundedCorner{position=TopLeft, radius=84, center=Point(84, 84)}, RoundedCorner{position=TopRight, radius=84, center=Point(996, 84)}, RoundedCorner{position=BottomRight, radius=84, center=Point(996, 2316)}, RoundedCorner{position=BottomLeft, radius=84, center=Point(84, 2316)}]}  mRoundedCornerFrame=Rect(0, 0 - 1080, 2400), mPrivacyIndicatorBounds=PrivacyIndicatorBounds {static bounds=Rect(964, 0 - 1080, 87) rotation=0}, mSources= { InsetsSource: {mType=ITYPE_STATUS_BAR, mFrame=[0,0][1080,88], mVisible=true, mInsetsRoundedCornerFrame=false}, InsetsSource: {mType=ITYPE_NAVIGATION_BAR, mFrame=[0,2361][1080,2400], mVisible=true, mInsetsRoundedCornerFrame=false}, InsetsSource: {mType=ITYPE_LEFT_GESTURES, mFrame=[0,0][130,2400], mVisible=true, mInsetsRoundedCornerFrame=false}, InsetsSource: {mType=ITYPE_RIGHT_GESTURES, mFrame=[950,0][1080,2400], mVisible=true, mInsetsRoundedCornerFrame=false}, InsetsSource: {mType=ITYPE_TOP_MANDATORY_GESTURES, mFrame=[0,0][1080,120], mVisible=true, mInsetsRoundedCornerFrame=false}, InsetsSource: {mType=ITYPE_BOTTOM_MANDATORY_GESTURES, mFrame=[0,2316][1080,2400], mVisible=true, mInsetsRoundedCornerFrame=false}, InsetsSource: {mType=ITYPE_LEFT_DISPLAY_CUTOUT, mFrame=[0,0][-100000,2400], mVisible=true, mInsetsRoundedCornerFrame=false}, InsetsSource: {mType=ITYPE_TOP_DISPLAY_CUTOUT, mFrame=[0,0][1080,88], mVisible=true, mInsetsRoundedCornerFrame=false}, InsetsSource: {mType=ITYPE_RIGHT_DISPLAY_CUTOUT, mFrame=[100000,0][1080,2400], mVisible=true, mInsetsRoundedCornerFrame=false}, InsetsSource: {mType=ITYPE_BOTTOM_DISPLAY_CUTOUT, mFrame=[0,100000][1080,2400], mVisible=true, mInsetsRoundedCornerFrame=false}, InsetsSource: {mType=ITYPE_TOP_TAPPABLE_ELEMENT, mFrame=[0,0][1080,88], mVisible=true, mInsetsRoundedCornerFrame=false}, InsetsSource: {mType=ITYPE_BOTTOM_TAPPABLE_ELEMENT, mFrame=[0,0][0,0], mVisible=true, mInsetsRoundedCornerFrame=false} } host=com.lagradost.cloudstream3/com.lagradost.cloudstream3.MainActivity from=android.view.ViewRootImpl$ViewRootHandler.handleMessageImpl:6740
10-13 02:20:36.079 14236 14236 I ViewRootImpl@6784265[MainActivity]: MSG_WINDOW_FOCUS_CHANGED 0 0
10-13 02:20:36.095 14236 14236 I ViewRootImpl@6784265[MainActivity]: MSG_WINDOW_FOCUS_CHANGED 0 0
10-13 02:20:36.134 14236 14236 I ViewRootImpl@8a00826[MainActivity]: MSG_WINDOW_FOCUS_CHANGED 1 0
10-13 02:20:36.134 14236 14236 I ViewRootImpl@8a00826[MainActivity]: mThreadedRenderer.initializeIfNeeded()#2 mSurface={isValid=true 0x7b5d698800}
10-13 02:20:36.135 14236 14236 D InputMethodManager: startInputInner - Id : 0
10-13 02:20:36.135 14236 14236 I InputMethodManager: startInputInner - mService.startInputOrWindowGainedFocus
10-13 02:20:36.556 14236 14295 D EgyDeadProvider_RAW_HTML: Streaming Servers Block (div.mob-servers):
10-13 02:20:36.556 14236 14295 D EgyDeadProvider_RAW_HTML: <div class="mob-servers">
10-13 02:20:36.556 14236 14295 D EgyDeadProvider_RAW_HTML:  <span><i class="fa fa-bars"></i><em> </em></span>
10-13 02:20:36.556 14236 14295 D EgyDeadProvider_RAW_HTML:  <ul>
10-13 02:20:36.556 14236 14295 D EgyDeadProvider_RAW_HTML:   <li data-link="https://hglink.to/e/kepdjzb7f4vp"><span>
10-13 02:20:36.556 14236 14295 D EgyDeadProvider_RAW_HTML:     <p>StreamHG</p></span></li>
10-13 02:20:36.556 14236 14295 D EgyDeadProvider_RAW_HTML:   <li data-link="https://bigwarp.pro/embed-mti4fk6nb3ju.html"><span>
10-13 02:20:36.556 14236 14295 D EgyDeadProvider_RAW_HTML:     <p>bigwarp</p></span></li>
10-13 02:20:36.556 14236 14295 D EgyDeadProvider_RAW_HTML:   <li data-link="https://forafile.com/embed-pfm1eaxo8q0f.html"><span>
10-13 02:20:36.556 14236 14295 D EgyDeadProvider_RAW_HTML:     <p>Forafile</p></span></li>
10-13 02:20:36.556 14236 14295 D EgyDeadProvider_RAW_HTML:   <li data-link="https://dingtezuni.com/v/7aeo1fs5utv3"><span>
10-13 02:20:36.556 14236 14295 D EgyDeadProvider_RAW_HTML:     <p>EarnVids</p></span></li>
10-13 02:20:36.556 14236 14295 D EgyDeadProvider_RAW_HTML:   <li data-link="https://mxdrop.to/e/gjovjoo0apnvl6"><span>
10-13 02:20:36.556 14236 14295 D EgyDeadProvider_RAW_HTML:     <p>Mixdrop</p></span></li>
10-13 02:20:36.556 14236 14295 D EgyDeadProvider_RAW_HTML:   <li data-link="https://dsvplay.com/e/2y1a34zost1y"><span>
10-13 02:20:36.556 14236 14295 D EgyDeadProvider_RAW_HTML:     <p>DoodStream</p></span></li>
10-13 02:20:36.556 14236 14295 D EgyDeadProvider_RAW_HTML:   <li data-link="https://listeamed.net/e/edVqE49dA44OYWm"><span>
10-13 02:20:36.556 14236 14295 D EgyDeadProvider_RAW_HTML:     <p>VidGuard</p></span></li>
10-13 02:20:36.556 14236 14295 D EgyDeadProvider_RAW_HTML:  </ul>
10-13 02:20:36.556 14236 14295 D EgyDeadProvider_RAW_HTML: </div>
10-13 02:20:36.565 14236 14295 D EgyDeadProvider_RAW_HTML: Download Servers Block (ul.donwload-servers-list):
10-13 02:20:36.565 14236 14295 D EgyDeadProvider_RAW_HTML: <ul class="donwload-servers-list">
10-13 02:20:36.565 14236 14295 D EgyDeadProvider_RAW_HTML:  <li><span class="ser-name"> </span>
10-13 02:20:36.565 14236 14295 D EgyDeadProvider_RAW_HTML:   <div class="server-info">
10-13 02:20:36.565 14236 14295 D EgyDeadProvider_RAW_HTML:    <em>1080p</em>
10-13 02:20:36.565 14236 14295 D EgyDeadProvider_RAW_HTML:   </div><a onclick="downloadCount(304937,'li.downloadCount a');$(this).removeAttr('onclick')" target="_blank" class="ser-link" href="https://forafile.com/pfm1eaxo8q0f/Mantis.2025.1080p.WEB-DL.EgyDead.CoM.mp4.html"> </a></li>
10-13 02:20:36.565 14236 14295 D EgyDeadProvider_RAW_HTML:  <li><span class="ser-name"> </span>
10-13 02:20:36.565 14236 14295 D EgyDeadProvider_RAW_HTML:   <div class="server-info">
10-13 02:20:36.565 14236 14295 D EgyDeadProvider_RAW_HTML:    <em>1080p</em>
10-13 02:20:36.565 14236 14295 D EgyDeadProvider_RAW_HTML:   </div><a onclick="downloadCount(304937,'li.downloadCount a');$(this).removeAttr('onclick')" target="_blank" class="ser-link" href="https://hglink.to/kepdjzb7f4vp"> </a></li>
10-13 02:20:36.565 14236 14295 D EgyDeadProvider_RAW_HTML:  <li><span class="ser-name">EarnVids</span>
10-13 02:20:36.565 14236 14295 D EgyDeadProvider_RAW_HTML:   <div class="server-info">
10-13 02:20:36.565 14236 14295 D EgyDeadProvider_RAW_HTML:    <em>1080p</em>
10-13 02:20:36.565 14236 14295 D EgyDeadProvider_RAW_HTML:   </div><a onclick="downloadCount(304937,'li.downloadCount a');$(this).removeAttr('onclick')" target="_blank" class="ser-link" href="https://dingtezuni.com/f/7aeo1fs5utv3"> </a></li>
10-13 02:20:36.565 14236 14295 D EgyDeadProvider_RAW_HTML:  <li><span class="ser-name">Bigwarp</span>
10-13 02:20:36.565 14236 14295 D EgyDeadProvider_RAW_HTML:   <div class="server-info">
10-13 02:20:36.565 14236 14295 D EgyDeadProvider_RAW_HTML:    <em>1080p</em>
10-13 02:20:36.565 14236 14295 D EgyDeadProvider_RAW_HTML:   </div><a onclick="downloadCount(304937,'li.downloadCount a');$(this).removeAttr('onclick')" target="_blank" class="ser-link" href="https://bigwarp.pro/mti4fk6nb3ju"> </a></li>
10-13 02:20:36.565 14236 14295 D EgyDeadProvider_RAW_HTML:  <li><span class="ser-name">DoodStream</span>
10-13 02:20:36.565 14236 14295 D EgyDeadProvider_RAW_HTML:   <div class="server-info">
10-13 02:20:36.565 14236 14295 D EgyDeadProvider_RAW_HTML:    <em>1080p</em>
10-13 02:20:36.565 14236 14295 D EgyDeadProvider_RAW_HTML:   </div><a onclick="downloadCount(304937,'li.downloadCount a');$(this).removeAttr('onclick')" target="_blank" class="ser-link" href="https://dsvplay.com/d/2y1a34zost1y"> </a></li>
10-13 02:20:36.565 14236 14295 D EgyDeadProvider_RAW_HTML:  <li><span class="ser-name">VidGuard</span>
10-13 02:20:36.565 14236 14295 D EgyDeadProvider_RAW_HTML:   <div class="server-info">
10-13 02:20:36.565 14236 14295 D EgyDeadProvider_RAW_HTML:    <em>1080p</em>
10-13 02:20:36.565 14236 14295 D EgyDeadProvider_RAW_HTML:   </div><a onclick="downloadCount(304937,'li.downloadCount a');$(this).removeAttr('onclick')" target="_blank" class="ser-link" href="https://listeamed.net/v/edVqE49dA44OYWm"> </a></li>
10-13 02:20:36.565 14236 14295 D EgyDeadProvider_RAW_HTML:  <li><span class="ser-name">Mixdrop</span>
10-13 02:20:36.565 14236 14295 D EgyDeadProvider_RAW_HTML:   <div class="server-info">
10-13 02:20:36.565 14236 14295 D EgyDeadProvider_RAW_HTML:    <em>1080p</em>
10-13 02:20:36.565 14236 14295 D EgyDeadProvider_RAW_HTML:   </div><a onclick="downloadCount(304937,'li.downloadCount a');$(this).removeAttr('onclick')" target="_blank" class="ser-link" href="https://mxdrop.to/f/gjovjoo0apnvl6"> </a></li>
10-13 02:20:36.565 14236 14295 D EgyDeadProvider_RAW_HTML:  <li><span class="ser-name">1fichier</span>
10-13 02:20:36.565 14236 14295 D EgyDeadProvider_RAW_HTML:   <div class="server-info">
10-13 02:20:36.565 14236 14295 D EgyDeadProvider_RAW_HTML:    <em>1080p</em>
10-13 02:20:36.565 14236 14295 D EgyDeadProvider_RAW_HTML:   </div><a onclick="downloadCount(304937,'li.downloadCount a');$(this).removeAttr('onclick')" target="_blank" class="ser-link" href="https://1fichier.com/?qimjpz5av3mufed2sywa"> </a></li><!--<pre dir="ltr" style="text-align: left"><li>
10-13 02:20:36.565 14236 14295 D EgyDeadProvider_RAW_HTML:                                     <span class="ser-name"> </span>
10-13 02:20:36.565 14236 14295 D EgyDeadProvider_RAW_HTML:                                     <div class="server-info">
10-13 02:20:36.565 14236 14295 D EgyDeadProvider_RAW_HTML:                                         <em>1080p</em>
10-13 02:20:36.565 14236 14295 D EgyDeadProvider_RAW_HTML:                                     </div>
10-13 02:20:36.565 14236 14295 D EgyDeadProvider_RAW_HTML:                                     <a onclick="downloadCount(304937,'li.downloadCount a');$(this).removeAttr('onclick')" target="_blank" class="ser-link" href="https://forafile.com/pfm1eaxo8q0f/Mantis.2025.1080p.WEB-DL.EgyDead.CoM.mp4.html"> </a>
10-13 02:20:36.565 14236 14295 D EgyDeadProvider_RAW_HTML:                                 </li><li>
10-13 02:20:36.565 14236 14295 D EgyDeadProvider_RAW_HTML:                                     <span class="ser-name"> </span>
10-13 02:20:36.565 14236 14295 D EgyDeadProvider_RAW_HTML:                                     <div class="server-info">
10-13 02:20:36.565 14236 14295 D EgyDeadProvider_RAW_HTML:                                         <em>1080p</em>
10-13 02:20:36.565 14236 14295 D EgyDeadProvider_RAW_HTML:                                     </div>
10-13 02:20:36.565 14236 14295 D EgyDeadProvider_RAW_HTML:                                     <a onclick="downloadCount(304937,'li.downloadCount a');$(this).removeAttr('onclick')" target="_blank" class="ser-link" href="https://hglink.to/kepdjzb7f4vp"> </a>
10-13 02:20:36.565 14236 14295 D EgyDeadProvider_RAW_HTML:                                 </li><li>
10-13 02:20:36.565 14236 14295 D EgyDeadProvider_RAW_HTML:                                     <span class="ser-name">EarnVids</span>
10-13 02:20:36.565 14236 14295 D EgyDeadProvider_RAW_HTML:                                     <div class="server-info">
10-13 02:20:36.565 14236 14295 D EgyDeadProvider_RAW_HTML:                                         <em>1080p</em>
10-13 02:20:36.565 14236 14295 D EgyDeadProvider_RAW_HTML:                                     </div>
10-13 02:20:36.565 14236 14295 D EgyDeadProvider_RAW_HTML:                                     <a onclick="downloadCount(304937,'li.downloadCount a');$(this).removeAttr('onclick')" target="_blank" class="ser-link" href="https://dingtezuni.com/f/7aeo1fs5utv3"> </a>
10-13 02:20:36.565 14236 14295 D EgyDeadProvider_RAW_HTML:                                 </li><li>
10-13 02:20:36.565 14236 14295 D EgyDeadProvider_RAW_HTML:                                     <span class="ser-name">Bigwarp</span>
10-13 02:20:36.565 14236 14295 D EgyDeadProvider_RAW_HTML:                                     <div class="server-info">
10-13 02:20:36.565 14236 14295 D EgyDeadProvider_RAW_HTML:                                         <em>1080p</em>
10-13 02:20:36.565 14236 14295 D EgyDeadProvider_RAW_HTML:                                     </div>
10-13 02:20:36.565 14236 14295 D EgyDeadProvider_RAW_HTML:                                     <a onclick="downloadCount(304937,'li.downloadCount a');$(this).removeAttr('onclick')" target="_blank" class="ser-link" href="https://bigwarp.pro/mti4fk6nb3ju"> </a>
10-13 02:20:36.565 14236 14295 D EgyDeadProvider_RAW_HTML:                                 </li><li>
10-13 02:20:36.565 14236 14295 D EgyDeadProvider_RAW_HTML:                                     <span class="ser-name">DoodStream</span>
10-13 02:20:36.565 14236 14295 D EgyDeadProvider_RAW_HTML:                                     <div class="server-info">
10-13 02:20:36.565 14236 14295 D EgyDeadProvider_RAW_HTML:                                         <em>1080p</em>
10-13 02:20:36.565 14236 14295 D EgyDeadProvider_RAW_HTML:                                     </div>
10-13 02:20:36.565 14236 14295 D EgyDeadProvider_RAW_HTML:                                     <a onclick="downloadCount(304937,'li.downloadCount a');$(this).removeAttr('onclick')" target="_blank" class="ser-link" href="https://dsvplay.com/d/2y1a34zost1y"> </a>
10-13 02:20:36.565 14236 14295 D EgyDeadProvider_RAW_HTML:                                 </li><li>
10-13 02:20:36.565 14236 14295 D EgyDeadProvider_RAW_HTML:                                     <span class="ser-name">VidGuard</span>
10-13 02:20:36.565 14236 14295 D EgyDeadProvider_RAW_HTML:                                     <div class="server-info">
10-13 02:20:36.565 14236 14295 D EgyDeadProvider_RAW_HTML:                                         <em>1080p</em>
10-13 02:20:36.565 14236 14295 D EgyDeadProvider_RAW_HTML:                                     </div>
10-13 02:20:36.565 14236 14295 D EgyDeadProvider_RAW_HTML:                                     <a onclick="downloadCount(304937,'li.downloadCount a');$(this).removeAttr('onclick')" target="_blank" class="ser-link" href="https://listeamed.net/v/edVqE49dA44OYWm"> </a>
10-13 02:20:36.565 14236 14295 D EgyDeadProvider_RAW_HTML:                                 </li><li>
10-13 02:20:36.565 14236 14295 D EgyDeadProvider_RAW_HTML:                                     <span class="ser-name">Mixdrop</span>
10-13 02:20:36.565 14236 14295 D EgyDeadProvider_RAW_HTML:                                     <div class="server-info">
10-13 02:20:36.565 14236 14295 D EgyDeadProvider_RAW_HTML:                                         <em>1080p</em>
10-13 02:20:36.565 14236 14295 D EgyDeadProvider_RAW_HTML:                                     </div>
10-13 02:20:36.565 14236 14295 D EgyDeadProvider_RAW_HTML:                                     <a onclick="downloadCount(304937,'li.downloadCount a');$(this).removeAttr('onclick')" target="_blank" class="ser-link" href="https://mxdrop.to/f/gjovjoo0apnvl6"> </a>
10-13 02:20:36.565 14236 14295 D EgyDeadProvider_RAW_HTML:                                 </li><li>
10-13 02:20:36.565 14236 14295 D EgyDeadProvider_RAW_HTML:                                     <span class="ser-name">1fichier</span>
10-13 02:20:36.565 14236 14295 D EgyDeadProvider_RAW_HTML:                                     <div class="server-info">
10-13 02:20:36.565 14236 14295 D EgyDeadProvider_RAW_HTML:                                         <em>1080p</em>
10-13 02:20:36.565 14236 14295 D EgyDeadProvider_RAW_HTML:                                     </div>
10-13 02:20:36.565 14236 14295 D EgyDeadProvider_RAW_HTML:                                     <a onclick="downloadCount(304937,'li.downloadCount a');$(this).removeAttr('onclick')" target="_blank" class="ser-link" href="https://1fichier.com/?qimjpz5av3mufed2sywa"> </a>
10-13 02:20:36.565 14236 14295 D EgyDeadProvider_RAW_HTML:                                 </li></pre>-->
10-13 02:20:36.565 14236 14295 D EgyDeadProvider_RAW_HTML:  <div class="clr"></div>
10-13 02:20:36.565 14236 14295 D EgyDeadProvider_RAW_HTML: </ul>
10-13 02:20:37.122 14236 14295 D RepoLink: Loaded ExtractorLink: ExtractorLink(name=Bigwarp 1932 kbps, url=https://fs52.bigwarp.io/v/02/02139/mti4fk6nb3ju_x/x.mp4?t=E7kFMJzIjEJrELsmaz5E-zVKRWPQ89XFrmobHiz-Qrg&s=1760318437&e=43200&f=10699244&sp=1000&i=0.0&kmnr=594588476003, referer=https://bigwarp.pro/embed-mti4fk6nb3ju.html, type=VIDEO)
10-13 02:20:37.768 14236 14295 D RepoLink: Loaded ExtractorLink: ExtractorLink(name=Vidguard, url=https://zkiaa1g08m.guardstorage.net/hls_3/xVlmd_SoO-a2OkxeKM3MHxmRgq6coSMvpPnuEPFJqh2sIEBxb8ziqBU4Art1BCYbAbvuAQG5qoSKW1_Bpd7GqQ/master.m3u8?sig=sHCYFpzjxIAuP-Dg4s1gVQ&expires=1760327437, referer=https://listeamed.net, type=M3U8)
10-13 02:20:37.800 14236 14295 D RepoLink: Loaded ExtractorLink: ExtractorLink(name=DoodStream, url=https://cc527fo.cloudatacdn.com/u5kj7lcbq7b3sdgge66nezapdfkfs7vqffdjz6rwvy2kdwvjkwaoq62nvboa/v0t588ovpj~WfmnoPKwlP?token=h6815tszbzudodacsg77c3yq, referer=https://ds2play.com/, type=VIDEO)
10-13 02:20:37.871 14236 14245 I st.cloudstream3: Compiler allocated 7061KB to compile java.lang.Object org.mozilla.javascript.Interpreter.interpretLoop(org.mozilla.javascript.Context, org.mozilla.javascript.Interpreter$CallFrame, java.lang.Object)
10-13 02:20:37.969 14236 14246 I st.cloudstream3: Background concurrent copying GC freed 12MB AllocSpace bytes, 67(5432KB) LOS objects, 49% free, 21MB/42MB, paused 537us,95us total 183.249ms
10-13 02:20:37.987 14236 14260 D OpenGLRenderer: setSurface called with nullptr
10-13 02:20:37.987 14236 14247 D InputTransport: Input channel destroyed: 'ClientS', fd=166
10-13 02:20:37.988 14236 14247 D InputTransport: Input channel destroyed: 'ClientS', fd=259
10-13 02:20:38.408 14236 14295 D ApiError: -------------------------------------------------------------------
10-13 02:20:38.408 14236 14295 D ApiError: safeApiCall: can't bypass captcha
10-13 02:20:38.408 14236 14295 D ApiError: safeApiCall: can't bypass captcha
10-13 02:20:38.408 14236 14295 W System.err: com.lagradost.cloudstream3.ErrorLoadingException: can't bypass captcha
10-13 02:20:38.408 14236 14295 W System.err: 	at com.lagradost.cloudstream3.extractors.Zorofile.getUrl$suspendImpl(Zorofile.kt:34)
10-13 02:20:38.408 14236 14295 W System.err: 	at com.lagradost.cloudstream3.extractors.Zorofile$getUrl$1.invokeSuspend(Unknown Source:18)
10-13 02:20:38.408 14236 14295 W System.err: 	at kotlin.coroutines.jvm.internal.BaseContinuationImpl.resumeWith(ContinuationImpl.kt:33)
10-13 02:20:38.408 14236 14295 W System.err: 	at kotlinx.coroutines.DispatchedTask.run(DispatchedTask.kt:100)
10-13 02:20:38.408 14236 14295 W System.err: 	at kotlinx.coroutines.EventLoopImplBase.processNextEvent(EventLoop.common.kt:263)
10-13 02:20:38.408 14236 14295 W System.err: 	at kotlinx.coroutines.BlockingCoroutine.joinBlocking(Builders.kt:95)
10-13 02:20:38.408 14236 14295 W System.err: 	at kotlinx.coroutines.BuildersKt__BuildersKt.runBlocking(Builders.kt:69)
10-13 02:20:38.408 14236 14295 W System.err: 	at kotlinx.coroutines.BuildersKt.runBlocking(Unknown Source:1)
10-13 02:20:38.408 14236 14295 W System.err: 	at kotlinx.coroutines.BuildersKt__BuildersKt.runBlocking$default(Builders.kt:47)
10-13 02:20:38.408 14236 14295 W System.err: 	at kotlinx.coroutines.BuildersKt.runBlocking$default(Unknown Source:1)
10-13 02:20:38.409 14236 14295 W System.err: 	at com.lagradost.cloudstream3.ParCollectionsKt.apmap(ParCollections.kt:49)
10-13 02:20:38.409 14236 14295 W System.err: 	at com.egydead.EgyDeadProvider.loadLinks(EgyDeadProvider.kt:130)
10-13 02:20:38.409 14236 14295 W System.err: 	at com.egydead.EgyDeadProvider$loadLinks$1.invokeSuspend(Unknown Source:18)
10-13 02:20:38.409 14236 14295 W System.err: 	at kotlin.coroutines.jvm.internal.BaseContinuationImpl.resumeWith(ContinuationImpl.kt:33)
10-13 02:20:38.409 14236 14295 W System.err: 	at kotlinx.coroutines.DispatchedTask.run(DispatchedTask.kt:100)
10-13 02:20:38.409 14236 14295 W System.err: 	at kotlinx.coroutines.internal.LimitedDispatcher$Worker.run(LimitedDispatcher.kt:113)
10-13 02:20:38.409 14236 14295 W System.err: 	at kotlinx.coroutines.scheduling.TaskImpl.run(Tasks.kt:89)
10-13 02:20:38.409 14236 14295 W System.err: 	at kotlinx.coroutines.scheduling.CoroutineScheduler.runSafely(CoroutineScheduler.kt:586)
10-13 02:20:38.409 14236 14295 W System.err: 	at kotlinx.coroutines.scheduling.CoroutineScheduler$Worker.executeTask(CoroutineScheduler.kt:820)
10-13 02:20:38.409 14236 14295 W System.err: 	at kotlinx.coroutines.scheduling.CoroutineScheduler$Worker.runWorker(CoroutineScheduler.kt:717)
10-13 02:20:38.409 14236 14295 W System.err: 	at kotlinx.coroutines.scheduling.CoroutineScheduler$Worker.run(CoroutineScheduler.kt:704)
10-13 02:20:38.409 14236 14295 D ApiError: -------------------------------------------------------------------
10-13 02:20:38.885 14236 14295 D RepoLink: Loaded ExtractorLink: ExtractorLink(name=Bigwarp 1932 kbps, url=https://fs52.bigwarp.io/v/02/02139/mti4fk6nb3ju_x/x.mp4?t=3MyxJ6tsnmlfLYWi2mUFuQ9bz8nQqbFBRE6nToSCJOw&s=1760318439&e=43200&f=10699244&sp=1000&i=0.0&kmnr=658704105701, referer=https://bigwarp.pro/mti4fk6nb3ju, type=VIDEO)
10-13 02:20:39.089 14236 14295 D RepoLink: Loaded ExtractorLink: ExtractorLink(name=Vidguard, url=https://zkiaa1g08m.guardstorage.net/hls_3/xVlmd_SoO-a2OkxeKM3MHxmRgq6coSMvpPnuEPFJqh2sIEBxb8ziqBU4Art1BCYbAbvuAQG5qoSKW1_Bpd7GqQ/master.m3u8?sig=gHPY4Kc8CfAmuZbcVf52Pw&expires=1760327439, referer=https://listeamed.net, type=M3U8)
10-13 02:20:39.121 14236 14295 D RepoLink: Loaded ExtractorLink: ExtractorLink(name=DoodStream, url=https://cc527fo.cloudatacdn.com/u5kj7lcbq7b3sdgge66nezapdfkfs7vqffdjz6rwvy2kdwvjkwaou62nvboa/oz8b2ubsno~Rf8VR2486N?token=h6815tszbzudodacsg77c3yq, referer=https://ds2play.com/, type=VIDEO)
10-13 02:20:39.127 14236 14295 D ApiError: -------------------------------------------------------------------
10-13 02:20:39.127 14236 14295 D ApiError: safeApiCall: can't bypass captcha
10-13 02:20:39.127 14236 14295 D ApiError: safeApiCall: can't bypass captcha
10-13 02:20:39.127 14236 14295 W System.err: com.lagradost.cloudstream3.ErrorLoadingException: can't bypass captcha
10-13 02:20:39.128 14236 14295 W System.err: 	at com.lagradost.cloudstream3.extractors.Zorofile.getUrl$suspendImpl(Zorofile.kt:34)
10-13 02:20:39.128 14236 14295 W System.err: 	at com.lagradost.cloudstream3.extractors.Zorofile$getUrl$1.invokeSuspend(Unknown Source:18)
10-13 02:20:39.128 14236 14295 W System.err: 	at kotlin.coroutines.jvm.internal.BaseContinuationImpl.resumeWith(ContinuationImpl.kt:33)
10-13 02:20:39.128 14236 14295 W System.err: 	at kotlinx.coroutines.DispatchedTask.run(DispatchedTask.kt:100)
10-13 02:20:39.128 14236 14295 W System.err: 	at kotlinx.coroutines.EventLoopImplBase.processNextEvent(EventLoop.common.kt:263)
10-13 02:20:39.128 14236 14295 W System.err: 	at kotlinx.coroutines.BlockingCoroutine.joinBlocking(Builders.kt:95)
10-13 02:20:39.128 14236 14295 W System.err: 	at kotlinx.coroutines.BuildersKt__BuildersKt.runBlocking(Builders.kt:69)
10-13 02:20:39.128 14236 14295 W System.err: 	at kotlinx.coroutines.BuildersKt.runBlocking(Unknown Source:1)
10-13 02:20:39.128 14236 14295 W System.err: 	at kotlinx.coroutines.BuildersKt__BuildersKt.runBlocking$default(Builders.kt:47)
10-13 02:20:39.128 14236 14295 W System.err: 	at kotlinx.coroutines.BuildersKt.runBlocking$default(Unknown Source:1)
10-13 02:20:39.128 14236 14295 W System.err: 	at com.lagradost.cloudstream3.ParCollectionsKt.apmap(ParCollections.kt:49)
10-13 02:20:39.128 14236 14295 W System.err: 	at com.egydead.EgyDeadProvider.loadLinks(EgyDeadProvider.kt:143)
10-13 02:20:39.128 14236 14295 W System.err: 	at com.egydead.EgyDeadProvider$loadLinks$1.invokeSuspend(Unknown Source:18)
10-13 02:20:39.128 14236 14295 W System.err: 	at kotlin.coroutines.jvm.internal.BaseContinuationImpl.resumeWith(ContinuationImpl.kt:33)
10-13 02:20:39.128 14236 14295 W System.err: 	at kotlinx.coroutines.DispatchedTask.run(DispatchedTask.kt:100)
10-13 02:20:39.129 14236 14295 W System.err: 	at kotlinx.coroutines.internal.LimitedDispatcher$Worker.run(LimitedDispatcher.kt:113)
10-13 02:20:39.129 14236 14295 W System.err: 	at kotlinx.coroutines.scheduling.TaskImpl.run(Tasks.kt:89)
10-13 02:20:39.129 14236 14295 W System.err: 	at kotlinx.coroutines.scheduling.CoroutineScheduler.runSafely(CoroutineScheduler.kt:586)
10-13 02:20:39.129 14236 14295 W System.err: 	at kotlinx.coroutines.scheduling.CoroutineScheduler$Worker.executeTask(CoroutineScheduler.kt:820)
10-13 02:20:39.129 14236 14295 W System.err: 	at kotlinx.coroutines.scheduling.CoroutineScheduler$Worker.runWorker(CoroutineScheduler.kt:717)
10-13 02:20:39.129 14236 14295 W System.err: 	at kotlinx.coroutines.scheduling.CoroutineScheduler$Worker.run(CoroutineScheduler.kt:704)
10-13 02:20:39.129 14236 14295 D ApiError: -------------------------------------------------------------------
10-13 02:20:39.142 14236 14236 I MSHandlerLifeCycle: removeMultiSplitHandler: no exist. decor=DecorView@332413[MainActivity]
10-13 02:20:39.157 14236 14260 D OpenGLRenderer: setSurface called with nullptr
10-13 02:20:39.157 14236 14260 D OpenGLRenderer: setSurface() destroyed EGLSurface
10-13 02:20:39.157 14236 14260 D OpenGLRenderer: destroyEglSurface
10-13 02:20:39.165 14236 14236 I ViewRootImpl@8a00826[MainActivity]: dispatchDetachedFromWindow
10-13 02:20:39.187 14236 14236 D InputTransport: Input channel destroyed: '325f0cc', fd=154
10-13 02:20:39.190 14236 14236 I Dialog  : mIsDeviceDefault = false, mIsSamsungBasicInteraction = false, isMetaDataInActivity = false
10-13 02:20:39.232 14236 14236 I DecorView: [INFO] isPopOver=false config=false
10-13 02:20:39.232 14236 14236 I DecorView: updateCaptionType: isFloating=false isApplication=true hasWindowDecorCaption=false this=DecorView@a4b7c18[]
10-13 02:20:39.232 14236 14236 D DecorView: setCaptionType = 0, this = DecorView@a4b7c18[]
10-13 02:20:39.235 14236 14236 I DecorView: getCurrentDensityDpi: from app context. densityDpi=420 msg=resources_loaded
10-13 02:20:39.235 14236 14236 I DecorView: setWindowBackground: isPopOver=false color=0 d=android.graphics.drawable.ColorDrawable@ca86c56
10-13 02:20:39.245 14236 14260 D NativeCustomFrequencyManager: [NativeCFMS] BpCustomFrequencyManager::BpCustomFrequencyManager()
