10-17 13:50:47.944  3408  3408 I SurfaceView@ac9fd46: Changes: creating=false format=false size=false visible=false alpha=false hint=false mUseAlpha=false visible=false left=false top=true
10-17 13:50:47.944  3408  3408 I SurfaceView@ac9fd46: 181009734 Cur surface: Surface(name=null)/@0xfbf9158
10-17 13:50:47.945  3408  3408 I SurfaceView@ac9fd46: applyTransactionOnVriDraw: vri = ViewRootImpl@6784265[MainActivity] fRS = false t = 0x7b311a1c00 android.view.SurfaceView.performSurfaceTransaction:959 android.view.SurfaceView.updateSurface:1105 android.view.SurfaceView.lambda$new$0$android-view-SurfaceView:200 
10-17 13:50:47.945  3408  3408 I ViewRootImpl@6784265[MainActivity]: applyTransactionOnDraw: mRemoved = false isHardwareEnabled = true t = 0x7b311a1c00android.view.SurfaceView.applyTransactionOnVriDraw:2048 android.view.SurfaceView.performSurfaceTransaction:959 android.view.SurfaceView.updateSurface:1105 android.view.SurfaceView.lambda$new$0$android-view-SurfaceView:200 android.view.SurfaceView$$ExternalSyntheticLambda5.onPreDraw:2 
10-17 13:50:47.945  3408  3408 I SurfaceView@ac9fd46: updateSurface: mVisible = true mSurface.isValid() = true
10-17 13:50:47.945  3408  3408 I SurfaceView@ac9fd46: updateSurface: mSurfaceCreated = true surfaceChanged = false visibleChanged = false
10-17 13:50:47.945  3408  3408 V SurfaceView@ac9fd46: Layout: x=0 y=-217 w=1080 h=525, frame=Rect(0, 0 - 1080, 525)
10-17 13:50:47.947  3408  3486 D SurfaceView@ac9fd46: updateSurfacePosition RenderWorker, frameNr = 833, position = [0, -218, 1080, 307] surfaceSize = 1080x525
10-17 13:50:47.947  3408  3486 I SurfaceView@ac9fd46: uSP: rtp = Rect(0, -218 - 1080, 307) rtsw = 1080 rtsh = 525
10-17 13:50:47.947  3408  3486 I SurfaceView@ac9fd46: onSSPAndSRT: pl = 0 pt = -218 sx = 1.0 sy = 1.0
10-17 13:50:47.947  3408  3486 I SurfaceView@ac9fd46: aOrMT: ViewRootImpl@6784265[MainActivity] t = android.view.SurfaceControl$Transaction@d9dc60f fN = 833 android.view.SurfaceView.-$$Nest$mapplyOrMergeTransaction:0 android.view.SurfaceView$SurfaceViewPositionUpdateListener.positionChanged:1537 android.graphics.RenderNode$CompositePositionUpdateListener.positionChanged:373 
10-17 13:50:47.947  3408  3486 I ViewRootImpl@6784265[MainActivity]: mWNT: t=0x7b12a80900 mBlastBufferQueue=0x7b5f206d00 fn= 833 caller= android.view.SurfaceView.applyOrMergeTransaction:1455 android.view.SurfaceView.-$$Nest$mapplyOrMergeTransaction:0 android.view.SurfaceView$SurfaceViewPositionUpdateListener.positionChanged:1537 
10-17 13:50:47.948  3408  3486 I ViewRootImpl@6784265[MainActivity]: mWNT: t=0x7b311a1c00 mBlastBufferQueue=0x7b5f206d00 fn= 833 caller= android.view.ViewRootImpl.lambda$applyTransactionOnDraw$11$android-view-ViewRootImpl:12865 android.view.ViewRootImpl$$ExternalSyntheticLambda1.onFrameDraw:4 android.graphics.HardwareRenderer$FrameDrawingCallback.onFrameDraw:924 
10-17 13:50:47.961  3408  3408 I SurfaceView@ac9fd46: Changes: creating=false format=false size=false visible=false alpha=false hint=false mUseAlpha=false visible=false left=false top=true
10-17 13:50:47.961  3408  3408 I SurfaceView@ac9fd46: 181009734 Cur surface: Surface(name=null)/@0xfbf9158
10-17 13:50:47.962  3408  3408 I SurfaceView@ac9fd46: applyTransactionOnVriDraw: vri = ViewRootImpl@6784265[MainActivity] fRS = false t = 0x7b311a1d00 android.view.SurfaceView.performSurfaceTransaction:959 android.view.SurfaceView.updateSurface:1105 android.view.SurfaceView.lambda$new$0$android-view-SurfaceView:200 
10-17 13:50:47.962  3408  3408 I ViewRootImpl@6784265[MainActivity]: applyTransactionOnDraw: mRemoved = false isHardwareEnabled = true t = 0x7b311a1d00android.view.SurfaceView.applyTransactionOnVriDraw:2048 android.view.SurfaceView.performSurfaceTransaction:959 android.view.SurfaceView.updateSurface:1105 android.view.SurfaceView.lambda$new$0$android-view-SurfaceView:200 android.view.SurfaceView$$ExternalSyntheticLambda5.onPreDraw:2 
10-17 13:50:47.962  3408  3408 I SurfaceView@ac9fd46: updateSurface: mVisible = true mSurface.isValid() = true
10-17 13:50:47.962  3408  3408 I SurfaceView@ac9fd46: updateSurface: mSurfaceCreated = true surfaceChanged = false visibleChanged = false
10-17 13:50:47.962  3408  3408 V SurfaceView@ac9fd46: Layout: x=0 y=-218 w=1080 h=525, frame=Rect(0, 0 - 1080, 525)
10-17 13:50:47.964  3408  3487 I ViewRootImpl@6784265[MainActivity]: mWNT: t=0x7b311a1d00 mBlastBufferQueue=0x7b5f206d00 fn= 834 caller= android.view.ViewRootImpl.lambda$applyTransactionOnDraw$11$android-view-ViewRootImpl:12865 android.view.ViewRootImpl$$ExternalSyntheticLambda1.onFrameDraw:4 android.graphics.HardwareRenderer$FrameDrawingCallback.onFrameDraw:924 
10-17 13:50:47.978  3408  3486 D SurfaceView@ac9fd46: updateSurfacePosition RenderWorker, frameNr = 835, position = [0, -219, 1080, 306] surfaceSize = 1080x525
10-17 13:50:47.978  3408  3486 I SurfaceView@ac9fd46: uSP: rtp = Rect(0, -219 - 1080, 306) rtsw = 1080 rtsh = 525
10-17 13:50:47.979  3408  3486 I SurfaceView@ac9fd46: onSSPAndSRT: pl = 0 pt = -219 sx = 1.0 sy = 1.0
10-17 13:50:47.979  3408  3486 I SurfaceView@ac9fd46: aOrMT: ViewRootImpl@6784265[MainActivity] t = android.view.SurfaceControl$Transaction@d9dc60f fN = 835 android.view.SurfaceView.-$$Nest$mapplyOrMergeTransaction:0 android.view.SurfaceView$SurfaceViewPositionUpdateListener.positionChanged:1537 android.graphics.RenderNode$CompositePositionUpdateListener.positionChanged:373 
10-17 13:50:47.979  3408  3486 I ViewRootImpl@6784265[MainActivity]: mWNT: t=0x7b12a80900 mBlastBufferQueue=0x7b5f206d00 fn= 835 caller= android.view.SurfaceView.applyOrMergeTransaction:1455 android.view.SurfaceView.-$$Nest$mapplyOrMergeTransaction:0 android.view.SurfaceView$SurfaceViewPositionUpdateListener.positionChanged:1537 
10-17 13:50:47.994  3408  3408 I SurfaceView@ac9fd46: Changes: creating=false format=false size=false visible=false alpha=false hint=false mUseAlpha=false visible=false left=false top=true
10-17 13:50:47.994  3408  3408 I SurfaceView@ac9fd46: 181009734 Cur surface: Surface(name=null)/@0xfbf9158
10-17 13:50:47.995  3408  3408 I SurfaceView@ac9fd46: applyTransactionOnVriDraw: vri = ViewRootImpl@6784265[MainActivity] fRS = false t = 0x7b311a1e00 android.view.SurfaceView.performSurfaceTransaction:959 android.view.SurfaceView.updateSurface:1105 android.view.SurfaceView.lambda$new$0$android-view-SurfaceView:200 
10-17 13:50:47.995  3408  3408 I ViewRootImpl@6784265[MainActivity]: applyTransactionOnDraw: mRemoved = false isHardwareEnabled = true t = 0x7b311a1e00android.view.SurfaceView.applyTransactionOnVriDraw:2048 android.view.SurfaceView.performSurfaceTransaction:959 android.view.SurfaceView.updateSurface:1105 android.view.SurfaceView.lambda$new$0$android-view-SurfaceView:200 android.view.SurfaceView$$ExternalSyntheticLambda5.onPreDraw:2 
10-17 13:50:47.995  3408  3408 I SurfaceView@ac9fd46: updateSurface: mVisible = true mSurface.isValid() = true
10-17 13:50:47.995  3408  3408 I SurfaceView@ac9fd46: updateSurface: mSurfaceCreated = true surfaceChanged = false visibleChanged = false
10-17 13:50:47.995  3408  3408 V SurfaceView@ac9fd46: Layout: x=0 y=-219 w=1080 h=525, frame=Rect(0, 0 - 1080, 525)
10-17 13:50:47.997  3408  3487 I ViewRootImpl@6784265[MainActivity]: mWNT: t=0x7b311a1e00 mBlastBufferQueue=0x7b5f206d00 fn= 836 caller= android.view.ViewRootImpl.lambda$applyTransactionOnDraw$11$android-view-ViewRootImpl:12865 android.view.ViewRootImpl$$ExternalSyntheticLambda1.onFrameDraw:4 android.graphics.HardwareRenderer$FrameDrawingCallback.onFrameDraw:924 
10-17 13:50:48.012  3408  3486 D SurfaceView@ac9fd46: updateSurfacePosition RenderWorker, frameNr = 837, position = [0, -220, 1080, 305] surfaceSize = 1080x525
10-17 13:50:48.012  3408  3486 I SurfaceView@ac9fd46: uSP: rtp = Rect(0, -220 - 1080, 305) rtsw = 1080 rtsh = 525
10-17 13:50:48.012  3408  3486 I SurfaceView@ac9fd46: onSSPAndSRT: pl = 0 pt = -220 sx = 1.0 sy = 1.0
10-17 13:50:48.013  3408  3486 I SurfaceView@ac9fd46: aOrMT: ViewRootImpl@6784265[MainActivity] t = android.view.SurfaceControl$Transaction@d9dc60f fN = 837 android.view.SurfaceView.-$$Nest$mapplyOrMergeTransaction:0 android.view.SurfaceView$SurfaceViewPositionUpdateListener.positionChanged:1537 android.graphics.RenderNode$CompositePositionUpdateListener.positionChanged:373 
10-17 13:50:48.013  3408  3486 I ViewRootImpl@6784265[MainActivity]: mWNT: t=0x7b12a80900 mBlastBufferQueue=0x7b5f206d00 fn= 837 caller= android.view.SurfaceView.applyOrMergeTransaction:1455 android.view.SurfaceView.-$$Nest$mapplyOrMergeTransaction:0 android.view.SurfaceView$SurfaceViewPositionUpdateListener.positionChanged:1537 
10-17 13:50:48.028  3408  3408 I SurfaceView@ac9fd46: Changes: creating=false format=false size=false visible=false alpha=false hint=false mUseAlpha=false visible=false left=false top=true
10-17 13:50:48.028  3408  3408 I SurfaceView@ac9fd46: 181009734 Cur surface: Surface(name=null)/@0xfbf9158
10-17 13:50:48.028  3408  3408 I SurfaceView@ac9fd46: applyTransactionOnVriDraw: vri = ViewRootImpl@6784265[MainActivity] fRS = false t = 0x7b311a1f00 android.view.SurfaceView.performSurfaceTransaction:959 android.view.SurfaceView.updateSurface:1105 android.view.SurfaceView.lambda$new$0$android-view-SurfaceView:200 
10-17 13:50:48.029  3408  3408 I ViewRootImpl@6784265[MainActivity]: applyTransactionOnDraw: mRemoved = false isHardwareEnabled = true t = 0x7b311a1f00android.view.SurfaceView.applyTransactionOnVriDraw:2048 android.view.SurfaceView.performSurfaceTransaction:959 android.view.SurfaceView.updateSurface:1105 android.view.SurfaceView.lambda$new$0$android-view-SurfaceView:200 android.view.SurfaceView$$ExternalSyntheticLambda5.onPreDraw:2 
10-17 13:50:48.029  3408  3408 I SurfaceView@ac9fd46: updateSurface: mVisible = true mSurface.isValid() = true
10-17 13:50:48.029  3408  3408 I SurfaceView@ac9fd46: updateSurface: mSurfaceCreated = true surfaceChanged = false visibleChanged = false
10-17 13:50:48.029  3408  3408 V SurfaceView@ac9fd46: Layout: x=0 y=-220 w=1080 h=525, frame=Rect(0, 0 - 1080, 525)
10-17 13:50:48.030  3408  3487 I ViewRootImpl@6784265[MainActivity]: mWNT: t=0x7b311a1f00 mBlastBufferQueue=0x7b5f206d00 fn= 838 caller= android.view.ViewRootImpl.lambda$applyTransactionOnDraw$11$android-view-ViewRootImpl:12865 android.view.ViewRootImpl$$ExternalSyntheticLambda1.onFrameDraw:4 android.graphics.HardwareRenderer$FrameDrawingCallback.onFrameDraw:924 
10-17 13:50:48.062  3408  3486 D SurfaceView@ac9fd46: updateSurfacePosition RenderWorker, frameNr = 840, position = [0, -221, 1080, 304] surfaceSize = 1080x525
10-17 13:50:48.062  3408  3486 I SurfaceView@ac9fd46: uSP: rtp = Rect(0, -221 - 1080, 304) rtsw = 1080 rtsh = 525
10-17 13:50:48.062  3408  3486 I SurfaceView@ac9fd46: onSSPAndSRT: pl = 0 pt = -221 sx = 1.0 sy = 1.0
10-17 13:50:48.062  3408  3486 I SurfaceView@ac9fd46: aOrMT: ViewRootImpl@6784265[MainActivity] t = android.view.SurfaceControl$Transaction@d9dc60f fN = 840 android.view.SurfaceView.-$$Nest$mapplyOrMergeTransaction:0 android.view.SurfaceView$SurfaceViewPositionUpdateListener.positionChanged:1537 android.graphics.RenderNode$CompositePositionUpdateListener.positionChanged:373 
10-17 13:50:48.062  3408  3486 I ViewRootImpl@6784265[MainActivity]: mWNT: t=0x7b12a80900 mBlastBufferQueue=0x7b5f206d00 fn= 840 caller= android.view.SurfaceView.applyOrMergeTransaction:1455 android.view.SurfaceView.-$$Nest$mapplyOrMergeTransaction:0 android.view.SurfaceView$SurfaceViewPositionUpdateListener.positionChanged:1537 
10-17 13:50:48.077  3408  3408 I SurfaceView@ac9fd46: Changes: creating=false format=false size=false visible=false alpha=false hint=false mUseAlpha=false visible=false left=false top=true
10-17 13:50:48.078  3408  3408 I SurfaceView@ac9fd46: 181009734 Cur surface: Surface(name=null)/@0xfbf9158
10-17 13:50:48.078  3408  3408 I SurfaceView@ac9fd46: applyTransactionOnVriDraw: vri = ViewRootImpl@6784265[MainActivity] fRS = false t = 0x7ae156f000 android.view.SurfaceView.performSurfaceTransaction:959 android.view.SurfaceView.updateSurface:1105 android.view.SurfaceView.lambda$new$0$android-view-SurfaceView:200 
10-17 13:50:48.078  3408  3408 I ViewRootImpl@6784265[MainActivity]: applyTransactionOnDraw: mRemoved = false isHardwareEnabled = true t = 0x7ae156f000android.view.SurfaceView.applyTransactionOnVriDraw:2048 android.view.SurfaceView.performSurfaceTransaction:959 android.view.SurfaceView.updateSurface:1105 android.view.SurfaceView.lambda$new$0$android-view-SurfaceView:200 android.view.SurfaceView$$ExternalSyntheticLambda5.onPreDraw:2 
10-17 13:50:48.078  3408  3408 I SurfaceView@ac9fd46: updateSurface: mVisible = true mSurface.isValid() = true
10-17 13:50:48.078  3408  3408 I SurfaceView@ac9fd46: updateSurface: mSurfaceCreated = true surfaceChanged = false visibleChanged = false
10-17 13:50:48.078  3408  3408 V SurfaceView@ac9fd46: Layout: x=0 y=-221 w=1080 h=525, frame=Rect(0, 0 - 1080, 525)
10-17 13:50:48.081  3408  3487 I ViewRootImpl@6784265[MainActivity]: mWNT: t=0x7ae156f000 mBlastBufferQueue=0x7b5f206d00 fn= 841 caller= android.view.ViewRootImpl.lambda$applyTransactionOnDraw$11$android-view-ViewRootImpl:12865 android.view.ViewRootImpl$$ExternalSyntheticLambda1.onFrameDraw:4 android.graphics.HardwareRenderer$FrameDrawingCallback.onFrameDraw:924 
10-17 13:50:48.266  3408  3408 I ViewRootImpl@6784265[MainActivity]: ViewPostIme pointer 0
10-17 13:50:48.329  3408  3408 I SurfaceView@ac9fd46: Changes: creating=false format=false size=false visible=false alpha=false hint=false mUseAlpha=false visible=false left=false top=true
10-17 13:50:48.331  3408  3408 I SurfaceView@ac9fd46: 181009734 Cur surface: Surface(name=null)/@0xfbf9158
10-17 13:50:48.331  3408  3408 I SurfaceView@ac9fd46: applyTransactionOnVriDraw: vri = ViewRootImpl@6784265[MainActivity] fRS = false t = 0x7ae156f100 android.view.SurfaceView.performSurfaceTransaction:959 android.view.SurfaceView.updateSurface:1105 android.view.SurfaceView.lambda$new$0$android-view-SurfaceView:200 
10-17 13:50:48.331  3408  3408 I ViewRootImpl@6784265[MainActivity]: applyTransactionOnDraw: mRemoved = false isHardwareEnabled = true t = 0x7ae156f100android.view.SurfaceView.applyTransactionOnVriDraw:2048 android.view.SurfaceView.performSurfaceTransaction:959 android.view.SurfaceView.updateSurface:1105 android.view.SurfaceView.lambda$new$0$android-view-SurfaceView:200 android.view.SurfaceView$$ExternalSyntheticLambda5.onPreDraw:2 
10-17 13:50:48.331  3408  3408 I SurfaceView@ac9fd46: updateSurface: mVisible = true mSurface.isValid() = true
10-17 13:50:48.331  3408  3408 I SurfaceView@ac9fd46: updateSurface: mSurfaceCreated = true surfaceChanged = false visibleChanged = false
10-17 13:50:48.331  3408  3408 V SurfaceView@ac9fd46: Layout: x=0 y=-274 w=1080 h=525, frame=Rect(0, 0 - 1080, 525)
10-17 13:50:48.333  3408  3486 D SurfaceView@ac9fd46: updateSurfacePosition RenderWorker, frameNr = 856, position = [0, -274, 1080, 251] surfaceSize = 1080x525
10-17 13:50:48.333  3408  3486 I SurfaceView@ac9fd46: uSP: rtp = Rect(0, -274 - 1080, 251) rtsw = 1080 rtsh = 525
10-17 13:50:48.333  3408  3486 I SurfaceView@ac9fd46: onSSPAndSRT: pl = 0 pt = -274 sx = 1.0 sy = 1.0
10-17 13:50:48.333  3408  3486 I SurfaceView@ac9fd46: aOrMT: ViewRootImpl@6784265[MainActivity] t = android.view.SurfaceControl$Transaction@d9dc60f fN = 856 android.view.SurfaceView.-$$Nest$mapplyOrMergeTransaction:0 android.view.SurfaceView$SurfaceViewPositionUpdateListener.positionChanged:1537 android.graphics.RenderNode$CompositePositionUpdateListener.positionChanged:373 
10-17 13:50:48.333  3408  3486 I ViewRootImpl@6784265[MainActivity]: mWNT: t=0x7b12a80900 mBlastBufferQueue=0x7b5f206d00 fn= 856 caller= android.view.SurfaceView.applyOrMergeTransaction:1455 android.view.SurfaceView.-$$Nest$mapplyOrMergeTransaction:0 android.view.SurfaceView$SurfaceViewPositionUpdateListener.positionChanged:1537 
10-17 13:50:48.334  3408  3486 I ViewRootImpl@6784265[MainActivity]: mWNT: t=0x7ae156f100 mBlastBufferQueue=0x7b5f206d00 fn= 856 caller= android.view.ViewRootImpl.lambda$applyTransactionOnDraw$11$android-view-ViewRootImpl:12865 android.view.ViewRootImpl$$ExternalSyntheticLambda1.onFrameDraw:4 android.graphics.HardwareRenderer$FrameDrawingCallback.onFrameDraw:924 
10-17 13:50:48.346  3408  3408 I SurfaceView@ac9fd46: Changes: creating=false format=false size=false visible=false alpha=false hint=false mUseAlpha=false visible=false left=false top=true
10-17 13:50:48.346  3408  3408 I SurfaceView@ac9fd46: 181009734 Cur surface: Surface(name=null)/@0xfbf9158
10-17 13:50:48.347  3408  3408 I SurfaceView@ac9fd46: applyTransactionOnVriDraw: vri = ViewRootImpl@6784265[MainActivity] fRS = false t = 0x7ae156f200 android.view.SurfaceView.performSurfaceTransaction:959 android.view.SurfaceView.updateSurface:1105 android.view.SurfaceView.lambda$new$0$android-view-SurfaceView:200 
10-17 13:50:48.348  3408  3408 I ViewRootImpl@6784265[MainActivity]: applyTransactionOnDraw: mRemoved = false isHardwareEnabled = true t = 0x7ae156f200android.view.SurfaceView.applyTransactionOnVriDraw:2048 android.view.SurfaceView.performSurfaceTransaction:959 android.view.SurfaceView.updateSurface:1105 android.view.SurfaceView.lambda$new$0$android-view-SurfaceView:200 android.view.SurfaceView$$ExternalSyntheticLambda5.onPreDraw:2 
10-17 13:50:48.348  3408  3408 I SurfaceView@ac9fd46: updateSurface: mVisible = true mSurface.isValid() = true
10-17 13:50:48.348  3408  3408 I SurfaceView@ac9fd46: updateSurface: mSurfaceCreated = true surfaceChanged = false visibleChanged = false
10-17 13:50:48.348  3408  3408 V SurfaceView@ac9fd46: Layout: x=0 y=-331 w=1080 h=525, frame=Rect(0, 0 - 1080, 525)
10-17 13:50:48.350  3408  3487 D SurfaceView@ac9fd46: updateSurfacePosition RenderWorker, frameNr = 857, position = [0, -331, 1080, 194] surfaceSize = 1080x525
10-17 13:50:48.350  3408  3487 I SurfaceView@ac9fd46: uSP: rtp = Rect(0, -331 - 1080, 194) rtsw = 1080 rtsh = 525
10-17 13:50:48.350  3408  3487 I SurfaceView@ac9fd46: onSSPAndSRT: pl = 0 pt = -331 sx = 1.0 sy = 1.0
10-17 13:50:48.350  3408  3487 I SurfaceView@ac9fd46: aOrMT: ViewRootImpl@6784265[MainActivity] t = android.view.SurfaceControl$Transaction@d9dc60f fN = 857 android.view.SurfaceView.-$$Nest$mapplyOrMergeTransaction:0 android.view.SurfaceView$SurfaceViewPositionUpdateListener.positionChanged:1537 android.graphics.RenderNode$CompositePositionUpdateListener.positionChanged:373 
10-17 13:50:48.351  3408  3487 I ViewRootImpl@6784265[MainActivity]: mWNT: t=0x7b12a80900 mBlastBufferQueue=0x7b5f206d00 fn= 857 caller= android.view.SurfaceView.applyOrMergeTransaction:1455 android.view.SurfaceView.-$$Nest$mapplyOrMergeTransaction:0 android.view.SurfaceView$SurfaceViewPositionUpdateListener.positionChanged:1537 
10-17 13:50:48.351  3408  3487 I ViewRootImpl@6784265[MainActivity]: mWNT: t=0x7ae156f200 mBlastBufferQueue=0x7b5f206d00 fn= 857 caller= android.view.ViewRootImpl.lambda$applyTransactionOnDraw$11$android-view-ViewRootImpl:12865 android.view.ViewRootImpl$$ExternalSyntheticLambda1.onFrameDraw:4 android.graphics.HardwareRenderer$FrameDrawingCallback.onFrameDraw:924 
10-17 13:50:48.363  3408  3408 I SurfaceView@ac9fd46: Changes: creating=false format=false size=false visible=false alpha=false hint=false mUseAlpha=false visible=false left=false top=true
10-17 13:50:48.364  3408  3408 I SurfaceView@ac9fd46: 181009734 Cur surface: Surface(name=null)/@0xfbf9158
10-17 13:50:48.364  3408  3408 I SurfaceView@ac9fd46: applyTransactionOnVriDraw: vri = ViewRootImpl@6784265[MainActivity] fRS = false t = 0x7ae156f300 android.view.SurfaceView.performSurfaceTransaction:959 android.view.SurfaceView.updateSurface:1105 android.view.SurfaceView.lambda$new$0$android-view-SurfaceView:200 
10-17 13:50:48.365  3408  3408 I ViewRootImpl@6784265[MainActivity]: applyTransactionOnDraw: mRemoved = false isHardwareEnabled = true t = 0x7ae156f300android.view.SurfaceView.applyTransactionOnVriDraw:2048 android.view.SurfaceView.performSurfaceTransaction:959 android.view.SurfaceView.updateSurface:1105 android.view.SurfaceView.lambda$new$0$android-view-SurfaceView:200 android.view.SurfaceView$$ExternalSyntheticLambda5.onPreDraw:2 
10-17 13:50:48.365  3408  3408 I SurfaceView@ac9fd46: updateSurface: mVisible = true mSurface.isValid() = true
10-17 13:50:48.365  3408  3408 I SurfaceView@ac9fd46: updateSurface: mSurfaceCreated = true surfaceChanged = false visibleChanged = false
10-17 13:50:48.365  3408  3408 V SurfaceView@ac9fd46: Layout: x=0 y=-388 w=1080 h=525, frame=Rect(0, 0 - 1080, 525)
10-17 13:50:48.368  3408  3486 D SurfaceView@ac9fd46: updateSurfacePosition RenderWorker, frameNr = 858, position = [0, -388, 1080, 137] surfaceSize = 1080x525
10-17 13:50:48.368  3408  3486 I SurfaceView@ac9fd46: uSP: rtp = Rect(0, -388 - 1080, 137) rtsw = 1080 rtsh = 525
10-17 13:50:48.368  3408  3486 I SurfaceView@ac9fd46: onSSPAndSRT: pl = 0 pt = -388 sx = 1.0 sy = 1.0
10-17 13:50:48.368  3408  3486 I SurfaceView@ac9fd46: aOrMT: ViewRootImpl@6784265[MainActivity] t = android.view.SurfaceControl$Transaction@d9dc60f fN = 858 android.view.SurfaceView.-$$Nest$mapplyOrMergeTransaction:0 android.view.SurfaceView$SurfaceViewPositionUpdateListener.positionChanged:1537 android.graphics.RenderNode$CompositePositionUpdateListener.positionChanged:373 
10-17 13:50:48.369  3408  3486 I ViewRootImpl@6784265[MainActivity]: mWNT: t=0x7b12a80900 mBlastBufferQueue=0x7b5f206d00 fn= 858 caller= android.view.SurfaceView.applyOrMergeTransaction:1455 android.view.SurfaceView.-$$Nest$mapplyOrMergeTransaction:0 android.view.SurfaceView$SurfaceViewPositionUpdateListener.positionChanged:1537 
10-17 13:50:48.369  3408  3486 I ViewRootImpl@6784265[MainActivity]: mWNT: t=0x7ae156f300 mBlastBufferQueue=0x7b5f206d00 fn= 858 caller= android.view.ViewRootImpl.lambda$applyTransactionOnDraw$11$android-view-ViewRootImpl:12865 android.view.ViewRootImpl$$ExternalSyntheticLambda1.onFrameDraw:4 android.graphics.HardwareRenderer$FrameDrawingCallback.onFrameDraw:924 
10-17 13:50:48.379  3408  3408 I SurfaceView@ac9fd46: Changes: creating=false format=false size=false visible=false alpha=false hint=false mUseAlpha=false visible=false left=false top=true
10-17 13:50:48.380  3408  3408 I SurfaceView@ac9fd46: 181009734 Cur surface: Surface(name=null)/@0xfbf9158
10-17 13:50:48.380  3408  3408 I SurfaceView@ac9fd46: applyTransactionOnVriDraw: vri = ViewRootImpl@6784265[MainActivity] fRS = false t = 0x7ae156f400 android.view.SurfaceView.performSurfaceTransaction:959 android.view.SurfaceView.updateSurface:1105 android.view.SurfaceView.lambda$new$0$android-view-SurfaceView:200 
10-17 13:50:48.381  3408  3408 I ViewRootImpl@6784265[MainActivity]: applyTransactionOnDraw: mRemoved = false isHardwareEnabled = true t = 0x7ae156f400android.view.SurfaceView.applyTransactionOnVriDraw:2048 android.view.SurfaceView.performSurfaceTransaction:959 android.view.SurfaceView.updateSurface:1105 android.view.SurfaceView.lambda$new$0$android-view-SurfaceView:200 android.view.SurfaceView$$ExternalSyntheticLambda5.onPreDraw:2 
10-17 13:50:48.381  3408  3408 I SurfaceView@ac9fd46: updateSurface: mVisible = true mSurface.isValid() = true
10-17 13:50:48.381  3408  3408 I SurfaceView@ac9fd46: updateSurface: mSurfaceCreated = true surfaceChanged = false visibleChanged = false
10-17 13:50:48.381  3408  3408 V SurfaceView@ac9fd46: Layout: x=0 y=-438 w=1080 h=525, frame=Rect(0, 0 - 1080, 525)
10-17 13:50:48.383  3408  3487 D SurfaceView@ac9fd46: updateSurfacePosition RenderWorker, frameNr = 859, position = [0, -438, 1080, 87] surfaceSize = 1080x525
10-17 13:50:48.383  3408  3487 I SurfaceView@ac9fd46: uSP: rtp = Rect(0, -438 - 1080, 87) rtsw = 1080 rtsh = 525
10-17 13:50:48.383  3408  3487 I SurfaceView@ac9fd46: onSSPAndSRT: pl = 0 pt = -438 sx = 1.0 sy = 1.0
10-17 13:50:48.383  3408  3487 I SurfaceView@ac9fd46: aOrMT: ViewRootImpl@6784265[MainActivity] t = android.view.SurfaceControl$Transaction@d9dc60f fN = 859 android.view.SurfaceView.-$$Nest$mapplyOrMergeTransaction:0 android.view.SurfaceView$SurfaceViewPositionUpdateListener.positionChanged:1537 android.graphics.RenderNode$CompositePositionUpdateListener.positionChanged:373 
10-17 13:50:48.384  3408  3487 I ViewRootImpl@6784265[MainActivity]: mWNT: t=0x7b12a80900 mBlastBufferQueue=0x7b5f206d00 fn= 859 caller= android.view.SurfaceView.applyOrMergeTransaction:1455 android.view.SurfaceView.-$$Nest$mapplyOrMergeTransaction:0 android.view.SurfaceView$SurfaceViewPositionUpdateListener.positionChanged:1537 
10-17 13:50:48.384  3408  3487 I ViewRootImpl@6784265[MainActivity]: mWNT: t=0x7ae156f400 mBlastBufferQueue=0x7b5f206d00 fn= 859 caller= android.view.ViewRootImpl.lambda$applyTransactionOnDraw$11$android-view-ViewRootImpl:12865 android.view.ViewRootImpl$$ExternalSyntheticLambda1.onFrameDraw:4 android.graphics.HardwareRenderer$FrameDrawingCallback.onFrameDraw:924 
10-17 13:50:48.396  3408  3408 I SurfaceView@ac9fd46: Changes: creating=false format=false size=false visible=false alpha=false hint=false mUseAlpha=false visible=false left=false top=true
10-17 13:50:48.396  3408  3408 I SurfaceView@ac9fd46: 181009734 Cur surface: Surface(name=null)/@0xfbf9158
10-17 13:50:48.397  3408  3408 I SurfaceView@ac9fd46: applyTransactionOnVriDraw: vri = ViewRootImpl@6784265[MainActivity] fRS = false t = 0x7ae156f500 android.view.SurfaceView.performSurfaceTransaction:959 android.view.SurfaceView.updateSurface:1105 android.view.SurfaceView.lambda$new$0$android-view-SurfaceView:200 
10-17 13:50:48.398  3408  3408 I ViewRootImpl@6784265[MainActivity]: applyTransactionOnDraw: mRemoved = false isHardwareEnabled = true t = 0x7ae156f500android.view.SurfaceView.applyTransactionOnVriDraw:2048 android.view.SurfaceView.performSurfaceTransaction:959 android.view.SurfaceView.updateSurface:1105 android.view.SurfaceView.lambda$new$0$android-view-SurfaceView:200 android.view.SurfaceView$$ExternalSyntheticLambda5.onPreDraw:2 
10-17 13:50:48.398  3408  3408 I SurfaceView@ac9fd46: updateSurface: mVisible = true mSurface.isValid() = true
10-17 13:50:48.398  3408  3408 I SurfaceView@ac9fd46: updateSurface: mSurfaceCreated = true surfaceChanged = false visibleChanged = false
10-17 13:50:48.398  3408  3408 V SurfaceView@ac9fd46: Layout: x=0 y=-483 w=1080 h=525, frame=Rect(0, 0 - 1080, 525)
10-17 13:50:48.400  3408  3486 D SurfaceView@ac9fd46: updateSurfacePosition RenderWorker, frameNr = 860, position = [0, -483, 1080, 42] surfaceSize = 1080x525
10-17 13:50:48.400  3408  3486 I SurfaceView@ac9fd46: uSP: rtp = Rect(0, -483 - 1080, 42) rtsw = 1080 rtsh = 525
10-17 13:50:48.400  3408  3486 I SurfaceView@ac9fd46: onSSPAndSRT: pl = 0 pt = -483 sx = 1.0 sy = 1.0
10-17 13:50:48.401  3408  3486 I SurfaceView@ac9fd46: aOrMT: ViewRootImpl@6784265[MainActivity] t = android.view.SurfaceControl$Transaction@d9dc60f fN = 860 android.view.SurfaceView.-$$Nest$mapplyOrMergeTransaction:0 android.view.SurfaceView$SurfaceViewPositionUpdateListener.positionChanged:1537 android.graphics.RenderNode$CompositePositionUpdateListener.positionChanged:373 
10-17 13:50:48.401  3408  3486 I ViewRootImpl@6784265[MainActivity]: mWNT: t=0x7b12a80900 mBlastBufferQueue=0x7b5f206d00 fn= 860 caller= android.view.SurfaceView.applyOrMergeTransaction:1455 android.view.SurfaceView.-$$Nest$mapplyOrMergeTransaction:0 android.view.SurfaceView$SurfaceViewPositionUpdateListener.positionChanged:1537 
10-17 13:50:48.402  3408  3486 I ViewRootImpl@6784265[MainActivity]: mWNT: t=0x7ae156f500 mBlastBufferQueue=0x7b5f206d00 fn= 860 caller= android.view.ViewRootImpl.lambda$applyTransactionOnDraw$11$android-view-ViewRootImpl:12865 android.view.ViewRootImpl$$ExternalSyntheticLambda1.onFrameDraw:4 android.graphics.HardwareRenderer$FrameDrawingCallback.onFrameDraw:924 
10-17 13:50:48.414  3408  3408 I SurfaceView@ac9fd46: Changes: creating=false format=false size=false visible=false alpha=false hint=false mUseAlpha=false visible=false left=false top=true
10-17 13:50:48.414  3408  3408 I SurfaceView@ac9fd46: 181009734 Cur surface: Surface(name=null)/@0xfbf9158
10-17 13:50:48.415  3408  3408 I SurfaceView@ac9fd46: applyTransactionOnVriDraw: vri = ViewRootImpl@6784265[MainActivity] fRS = false t = 0x7ae156f600 android.view.SurfaceView.performSurfaceTransaction:959 android.view.SurfaceView.updateSurface:1105 android.view.SurfaceView.lambda$new$0$android-view-SurfaceView:200 
10-17 13:50:48.415  3408  3408 I ViewRootImpl@6784265[MainActivity]: applyTransactionOnDraw: mRemoved = false isHardwareEnabled = true t = 0x7ae156f600android.view.SurfaceView.applyTransactionOnVriDraw:2048 android.view.SurfaceView.performSurfaceTransaction:959 android.view.SurfaceView.updateSurface:1105 android.view.SurfaceView.lambda$new$0$android-view-SurfaceView:200 android.view.SurfaceView$$ExternalSyntheticLambda5.onPreDraw:2 
10-17 13:50:48.416  3408  3408 I SurfaceView@ac9fd46: updateSurface: mVisible = true mSurface.isValid() = true
10-17 13:50:48.416  3408  3408 I SurfaceView@ac9fd46: updateSurface: mSurfaceCreated = true surfaceChanged = false visibleChanged = false
10-17 13:50:48.416  3408  3408 V SurfaceView@ac9fd46: Layout: x=0 y=-532 w=1080 h=525, frame=Rect(0, 0 - 1080, 525)
10-17 13:50:48.418  3408  3487 D SurfaceView@ac9fd46: updateSurfacePosition RenderWorker, frameNr = 861, position = [0, -532, 1080, -7] surfaceSize = 1080x525
10-17 13:50:48.418  3408  3487 I SurfaceView@ac9fd46: uSP: rtp = Rect(0, -532 - 1080, -7) rtsw = 1080 rtsh = 525
10-17 13:50:48.418  3408  3487 I SurfaceView@ac9fd46: onSSPAndSRT: pl = 0 pt = -532 sx = 1.0 sy = 1.0
10-17 13:50:48.418  3408  3487 I SurfaceView@ac9fd46: aOrMT: ViewRootImpl@6784265[MainActivity] t = android.view.SurfaceControl$Transaction@d9dc60f fN = 861 android.view.SurfaceView.-$$Nest$mapplyOrMergeTransaction:0 android.view.SurfaceView$SurfaceViewPositionUpdateListener.positionChanged:1537 android.graphics.RenderNode$CompositePositionUpdateListener.positionChanged:373 
10-17 13:50:48.419  3408  3487 I ViewRootImpl@6784265[MainActivity]: mWNT: t=0x7b12a80900 mBlastBufferQueue=0x7b5f206d00 fn= 861 caller= android.view.SurfaceView.applyOrMergeTransaction:1455 android.view.SurfaceView.-$$Nest$mapplyOrMergeTransaction:0 android.view.SurfaceView$SurfaceViewPositionUpdateListener.positionChanged:1537 
10-17 13:50:48.419  3408  3487 I ViewRootImpl@6784265[MainActivity]: mWNT: t=0x7ae156f600 mBlastBufferQueue=0x7b5f206d00 fn= 861 caller= android.view.ViewRootImpl.lambda$applyTransactionOnDraw$11$android-view-ViewRootImpl:12865 android.view.ViewRootImpl$$ExternalSyntheticLambda1.onFrameDraw:4 android.graphics.HardwareRenderer$FrameDrawingCallback.onFrameDraw:924 
10-17 13:50:48.430  3408  3408 I SurfaceView@ac9fd46: Changes: creating=false format=false size=false visible=false alpha=false hint=false mUseAlpha=false visible=false left=false top=true
10-17 13:50:48.430  3408  3408 I SurfaceView@ac9fd46: 181009734 Cur surface: Surface(name=null)/@0xfbf9158
10-17 13:50:48.430  3408  3408 I SurfaceView@ac9fd46: applyTransactionOnVriDraw: vri = ViewRootImpl@6784265[MainActivity] fRS = false t = 0x7ae156f700 android.view.SurfaceView.performSurfaceTransaction:959 android.view.SurfaceView.updateSurface:1105 android.view.SurfaceView.lambda$new$0$android-view-SurfaceView:200 
10-17 13:50:48.431  3408  3408 I ViewRootImpl@6784265[MainActivity]: applyTransactionOnDraw: mRemoved = false isHardwareEnabled = true t = 0x7ae156f700android.view.SurfaceView.applyTransactionOnVriDraw:2048 android.view.SurfaceView.performSurfaceTransaction:959 android.view.SurfaceView.updateSurface:1105 android.view.SurfaceView.lambda$new$0$android-view-SurfaceView:200 android.view.SurfaceView$$ExternalSyntheticLambda5.onPreDraw:2 
10-17 13:50:48.431  3408  3408 I SurfaceView@ac9fd46: updateSurface: mVisible = true mSurface.isValid() = true
10-17 13:50:48.431  3408  3408 I SurfaceView@ac9fd46: updateSurface: mSurfaceCreated = true surfaceChanged = false visibleChanged = false
10-17 13:50:48.431  3408  3408 V SurfaceView@ac9fd46: Layout: x=0 y=-578 w=1080 h=525, frame=Rect(0, 0 - 1080, 525)
10-17 13:50:48.433  3408  3486 D SurfaceView@ac9fd46: updateSurfacePosition RenderWorker, frameNr = 862, position = [0, -578, 1080, -53] surfaceSize = 1080x525
10-17 13:50:48.433  3408  3486 I SurfaceView@ac9fd46: uSP: rtp = Rect(0, -578 - 1080, -53) rtsw = 1080 rtsh = 525
10-17 13:50:48.434  3408  3486 I SurfaceView@ac9fd46: onSSPAndSRT: pl = 0 pt = -578 sx = 1.0 sy = 1.0
10-17 13:50:48.434  3408  3486 I SurfaceView@ac9fd46: aOrMT: ViewRootImpl@6784265[MainActivity] t = android.view.SurfaceControl$Transaction@d9dc60f fN = 862 android.view.SurfaceView.-$$Nest$mapplyOrMergeTransaction:0 android.view.SurfaceView$SurfaceViewPositionUpdateListener.positionChanged:1537 android.graphics.RenderNode$CompositePositionUpdateListener.positionChanged:373 
10-17 13:50:48.434  3408  3486 I ViewRootImpl@6784265[MainActivity]: mWNT: t=0x7b12a80900 mBlastBufferQueue=0x7b5f206d00 fn= 862 caller= android.view.SurfaceView.applyOrMergeTransaction:1455 android.view.SurfaceView.-$$Nest$mapplyOrMergeTransaction:0 android.view.SurfaceView$SurfaceViewPositionUpdateListener.positionChanged:1537 
10-17 13:50:48.435  3408  3486 I ViewRootImpl@6784265[MainActivity]: mWNT: t=0x7ae156f700 mBlastBufferQueue=0x7b5f206d00 fn= 862 caller= android.view.ViewRootImpl.lambda$applyTransactionOnDraw$11$android-view-ViewRootImpl:12865 android.view.ViewRootImpl$$ExternalSyntheticLambda1.onFrameDraw:4 android.graphics.HardwareRenderer$FrameDrawingCallback.onFrameDraw:924 
10-17 13:50:48.447  3408  3408 I SurfaceView@ac9fd46: Changes: creating=false format=false size=false visible=false alpha=false hint=false mUseAlpha=false visible=false left=false top=true
10-17 13:50:48.447  3408  3408 I SurfaceView@ac9fd46: 181009734 Cur surface: Surface(name=null)/@0xfbf9158
10-17 13:50:48.448  3408  3408 I SurfaceView@ac9fd46: applyTransactionOnVriDraw: vri = ViewRootImpl@6784265[MainActivity] fRS = false t = 0x7ae156f800 android.view.SurfaceView.performSurfaceTransaction:959 android.view.SurfaceView.updateSurface:1105 android.view.SurfaceView.lambda$new$0$android-view-SurfaceView:200 
10-17 13:50:48.449  3408  3408 I ViewRootImpl@6784265[MainActivity]: applyTransactionOnDraw: mRemoved = false isHardwareEnabled = true t = 0x7ae156f800android.view.SurfaceView.applyTransactionOnVriDraw:2048 android.view.SurfaceView.performSurfaceTransaction:959 android.view.SurfaceView.updateSurface:1105 android.view.SurfaceView.lambda$new$0$android-view-SurfaceView:200 android.view.SurfaceView$$ExternalSyntheticLambda5.onPreDraw:2 
10-17 13:50:48.449  3408  3408 I SurfaceView@ac9fd46: updateSurface: mVisible = true mSurface.isValid() = true
10-17 13:50:48.449  3408  3408 I SurfaceView@ac9fd46: updateSurface: mSurfaceCreated = true surfaceChanged = false visibleChanged = false
10-17 13:50:48.449  3408  3408 V SurfaceView@ac9fd46: Layout: x=0 y=-619 w=1080 h=525, frame=Rect(0, 0 - 1080, 525)
10-17 13:50:48.451  3408  3487 D SurfaceView@ac9fd46: updateSurfacePosition RenderWorker, frameNr = 863, position = [0, -619, 1080, -94] surfaceSize = 1080x525
10-17 13:50:48.451  3408  3487 I SurfaceView@ac9fd46: uSP: rtp = Rect(0, -619 - 1080, -94) rtsw = 1080 rtsh = 525
10-17 13:50:48.451  3408  3487 I SurfaceView@ac9fd46: onSSPAndSRT: pl = 0 pt = -619 sx = 1.0 sy = 1.0
10-17 13:50:48.452  3408  3487 I SurfaceView@ac9fd46: aOrMT: ViewRootImpl@6784265[MainActivity] t = android.view.SurfaceControl$Transaction@d9dc60f fN = 863 android.view.SurfaceView.-$$Nest$mapplyOrMergeTransaction:0 android.view.SurfaceView$SurfaceViewPositionUpdateListener.positionChanged:1537 android.graphics.RenderNode$CompositePositionUpdateListener.positionChanged:373 
10-17 13:50:48.453  3408  3487 I ViewRootImpl@6784265[MainActivity]: mWNT: t=0x7b12a80900 mBlastBufferQueue=0x7b5f206d00 fn= 863 caller= android.view.SurfaceView.applyOrMergeTransaction:1455 android.view.SurfaceView.-$$Nest$mapplyOrMergeTransaction:0 android.view.SurfaceView$SurfaceViewPositionUpdateListener.positionChanged:1537 
10-17 13:50:48.453  3408  3487 I ViewRootImpl@6784265[MainActivity]: mWNT: t=0x7ae156f800 mBlastBufferQueue=0x7b5f206d00 fn= 863 caller= android.view.ViewRootImpl.lambda$applyTransactionOnDraw$11$android-view-ViewRootImpl:12865 android.view.ViewRootImpl$$ExternalSyntheticLambda1.onFrameDraw:4 android.graphics.HardwareRenderer$FrameDrawingCallback.onFrameDraw:924 
10-17 13:50:48.463  3408  3408 I SurfaceView@ac9fd46: Changes: creating=false format=false size=false visible=false alpha=false hint=false mUseAlpha=false visible=false left=false top=true
10-17 13:50:48.463  3408  3408 I SurfaceView@ac9fd46: 181009734 Cur surface: Surface(name=null)/@0xfbf9158
10-17 13:50:48.464  3408  3408 I SurfaceView@ac9fd46: applyTransactionOnVriDraw: vri = ViewRootImpl@6784265[MainActivity] fRS = false t = 0x7ae156f900 android.view.SurfaceView.performSurfaceTransaction:959 android.view.SurfaceView.updateSurface:1105 android.view.SurfaceView.lambda$new$0$android-view-SurfaceView:200 
10-17 13:50:48.464  3408  3408 I ViewRootImpl@6784265[MainActivity]: applyTransactionOnDraw: mRemoved = false isHardwareEnabled = true t = 0x7ae156f900android.view.SurfaceView.applyTransactionOnVriDraw:2048 android.view.SurfaceView.performSurfaceTransaction:959 android.view.SurfaceView.updateSurface:1105 android.view.SurfaceView.lambda$new$0$android-view-SurfaceView:200 android.view.SurfaceView$$ExternalSyntheticLambda5.onPreDraw:2 
10-17 13:50:48.465  3408  3408 I SurfaceView@ac9fd46: updateSurface: mVisible = true mSurface.isValid() = true
10-17 13:50:48.465  3408  3408 I SurfaceView@ac9fd46: updateSurface: mSurfaceCreated = true surfaceChanged = false visibleChanged = false
10-17 13:50:48.465  3408  3408 V SurfaceView@ac9fd46: Layout: x=0 y=-655 w=1080 h=525, frame=Rect(0, 0 - 1080, 525)
10-17 13:50:48.467  3408  3486 D SurfaceView@ac9fd46: updateSurfacePosition RenderWorker, frameNr = 864, position = [0, -655, 1080, -130] surfaceSize = 1080x525
10-17 13:50:48.467  3408  3486 I SurfaceView@ac9fd46: uSP: rtp = Rect(0, -655 - 1080, -130) rtsw = 1080 rtsh = 525
10-17 13:50:48.467  3408  3486 I SurfaceView@ac9fd46: onSSPAndSRT: pl = 0 pt = -655 sx = 1.0 sy = 1.0
10-17 13:50:48.468  3408  3486 I SurfaceView@ac9fd46: aOrMT: ViewRootImpl@6784265[MainActivity] t = android.view.SurfaceControl$Transaction@d9dc60f fN = 864 android.view.SurfaceView.-$$Nest$mapplyOrMergeTransaction:0 android.view.SurfaceView$SurfaceViewPositionUpdateListener.positionChanged:1537 android.graphics.RenderNode$CompositePositionUpdateListener.positionChanged:373 
10-17 13:50:48.468  3408  3486 I ViewRootImpl@6784265[MainActivity]: mWNT: t=0x7b12a80900 mBlastBufferQueue=0x7b5f206d00 fn= 864 caller= android.view.SurfaceView.applyOrMergeTransaction:1455 android.view.SurfaceView.-$$Nest$mapplyOrMergeTransaction:0 android.view.SurfaceView$SurfaceViewPositionUpdateListener.positionChanged:1537 
10-17 13:50:48.468  3408  3486 I ViewRootImpl@6784265[MainActivity]: mWNT: t=0x7ae156f900 mBlastBufferQueue=0x7b5f206d00 fn= 864 caller= android.view.ViewRootImpl.lambda$applyTransactionOnDraw$11$android-view-ViewRootImpl:12865 android.view.ViewRootImpl$$ExternalSyntheticLambda1.onFrameDraw:4 android.graphics.HardwareRenderer$FrameDrawingCallback.onFrameDraw:924 
10-17 13:50:48.479  3408  3408 I SurfaceView@ac9fd46: Changes: creating=false format=false size=false visible=false alpha=false hint=false mUseAlpha=false visible=false left=false top=true
10-17 13:50:48.480  3408  3408 I SurfaceView@ac9fd46: 181009734 Cur surface: Surface(name=null)/@0xfbf9158
10-17 13:50:48.480  3408  3408 I SurfaceView@ac9fd46: applyTransactionOnVriDraw: vri = ViewRootImpl@6784265[MainActivity] fRS = false t = 0x7ae156fa00 android.view.SurfaceView.performSurfaceTransaction:959 android.view.SurfaceView.updateSurface:1105 android.view.SurfaceView.lambda$new$0$android-view-SurfaceView:200 
10-17 13:50:48.481  3408  3408 I ViewRootImpl@6784265[MainActivity]: applyTransactionOnDraw: mRemoved = false isHardwareEnabled = true t = 0x7ae156fa00android.view.SurfaceView.applyTransactionOnVriDraw:2048 android.view.SurfaceView.performSurfaceTransaction:959 android.view.SurfaceView.updateSurface:1105 android.view.SurfaceView.lambda$new$0$android-view-SurfaceView:200 android.view.SurfaceView$$ExternalSyntheticLambda5.onPreDraw:2 
10-17 13:50:48.481  3408  3408 I SurfaceView@ac9fd46: updateSurface: mVisible = true mSurface.isValid() = true
10-17 13:50:48.481  3408  3408 I SurfaceView@ac9fd46: updateSurface: mSurfaceCreated = true surfaceChanged = false visibleChanged = false
10-17 13:50:48.482  3408  3408 V SurfaceView@ac9fd46: Layout: x=0 y=-683 w=1080 h=525, frame=Rect(0, 0 - 1080, 525)
10-17 13:50:48.484  3408  3487 D SurfaceView@ac9fd46: updateSurfacePosition RenderWorker, frameNr = 865, position = [0, -683, 1080, -158] surfaceSize = 1080x525
10-17 13:50:48.484  3408  3487 I SurfaceView@ac9fd46: uSP: rtp = Rect(0, -683 - 1080, -158) rtsw = 1080 rtsh = 525
10-17 13:50:48.484  3408  3487 I SurfaceView@ac9fd46: onSSPAndSRT: pl = 0 pt = -683 sx = 1.0 sy = 1.0
10-17 13:50:48.485  3408  3487 I SurfaceView@ac9fd46: aOrMT: ViewRootImpl@6784265[MainActivity] t = android.view.SurfaceControl$Transaction@d9dc60f fN = 865 android.view.SurfaceView.-$$Nest$mapplyOrMergeTransaction:0 android.view.SurfaceView$SurfaceViewPositionUpdateListener.positionChanged:1537 android.graphics.RenderNode$CompositePositionUpdateListener.positionChanged:373 
10-17 13:50:48.485  3408  3487 I ViewRootImpl@6784265[MainActivity]: mWNT: t=0x7b12a80900 mBlastBufferQueue=0x7b5f206d00 fn= 865 caller= android.view.SurfaceView.applyOrMergeTransaction:1455 android.view.SurfaceView.-$$Nest$mapplyOrMergeTransaction:0 android.view.SurfaceView$SurfaceViewPositionUpdateListener.positionChanged:1537 
10-17 13:50:48.486  3408  3487 I ViewRootImpl@6784265[MainActivity]: mWNT: t=0x7ae156fa00 mBlastBufferQueue=0x7b5f206d00 fn= 865 caller= android.view.ViewRootImpl.lambda$applyTransactionOnDraw$11$android-view-ViewRootImpl:12865 android.view.ViewRootImpl$$ExternalSyntheticLambda1.onFrameDraw:4 android.graphics.HardwareRenderer$FrameDrawingCallback.onFrameDraw:924 
10-17 13:50:48.496  3408  3408 I SurfaceView@ac9fd46: Changes: creating=false format=false size=false visible=false alpha=false hint=false mUseAlpha=false visible=false left=false top=true
10-17 13:50:48.497  3408  3408 I SurfaceView@ac9fd46: 181009734 Cur surface: Surface(name=null)/@0xfbf9158
10-17 13:50:48.497  3408  3408 I SurfaceView@ac9fd46: applyTransactionOnVriDraw: vri = ViewRootImpl@6784265[MainActivity] fRS = false t = 0x7ae156fb00 android.view.SurfaceView.performSurfaceTransaction:959 android.view.SurfaceView.updateSurface:1105 android.view.SurfaceView.lambda$new$0$android-view-SurfaceView:200 
10-17 13:50:48.498  3408  3408 I ViewRootImpl@6784265[MainActivity]: applyTransactionOnDraw: mRemoved = false isHardwareEnabled = true t = 0x7ae156fb00android.view.SurfaceView.applyTransactionOnVriDraw:2048 android.view.SurfaceView.performSurfaceTransaction:959 android.view.SurfaceView.updateSurface:1105 android.view.SurfaceView.lambda$new$0$android-view-SurfaceView:200 android.view.SurfaceView$$ExternalSyntheticLambda5.onPreDraw:2 
10-17 13:50:48.498  3408  3408 I SurfaceView@ac9fd46: updateSurface: mVisible = true mSurface.isValid() = true
10-17 13:50:48.498  3408  3408 I SurfaceView@ac9fd46: updateSurface: mSurfaceCreated = true surfaceChanged = false visibleChanged = false
10-17 13:50:48.498  3408  3408 V SurfaceView@ac9fd46: Layout: x=0 y=-710 w=1080 h=525, frame=Rect(0, 0 - 1080, 525)
10-17 13:50:48.500  3408  3486 D SurfaceView@ac9fd46: updateSurfacePosition RenderWorker, frameNr = 866, position = [0, -710, 1080, -185] surfaceSize = 1080x525
10-17 13:50:48.500  3408  3486 I SurfaceView@ac9fd46: uSP: rtp = Rect(0, -710 - 1080, -185) rtsw = 1080 rtsh = 525
10-17 13:50:48.500  3408  3486 I SurfaceView@ac9fd46: onSSPAndSRT: pl = 0 pt = -710 sx = 1.0 sy = 1.0
10-17 13:50:48.501  3408  3486 I SurfaceView@ac9fd46: aOrMT: ViewRootImpl@6784265[MainActivity] t = android.view.SurfaceControl$Transaction@d9dc60f fN = 866 android.view.SurfaceView.-$$Nest$mapplyOrMergeTransaction:0 android.view.SurfaceView$SurfaceViewPositionUpdateListener.positionChanged:1537 android.graphics.RenderNode$CompositePositionUpdateListener.positionChanged:373 
10-17 13:50:48.501  3408  3486 I ViewRootImpl@6784265[MainActivity]: mWNT: t=0x7b12a80900 mBlastBufferQueue=0x7b5f206d00 fn= 866 caller= android.view.SurfaceView.applyOrMergeTransaction:1455 android.view.SurfaceView.-$$Nest$mapplyOrMergeTransaction:0 android.view.SurfaceView$SurfaceViewPositionUpdateListener.positionChanged:1537 
10-17 13:50:48.502  3408  3486 I ViewRootImpl@6784265[MainActivity]: mWNT: t=0x7ae156fb00 mBlastBufferQueue=0x7b5f206d00 fn= 866 caller= android.view.ViewRootImpl.lambda$applyTransactionOnDraw$11$android-view-ViewRootImpl:12865 android.view.ViewRootImpl$$ExternalSyntheticLambda1.onFrameDraw:4 android.graphics.HardwareRenderer$FrameDrawingCallback.onFrameDraw:924 
10-17 13:50:48.514  3408  3408 I ViewRootImpl@6784265[MainActivity]: ViewPostIme pointer 1
10-17 13:50:48.517  3408  3408 I SurfaceView@ac9fd46: Changes: creating=false format=false size=false visible=false alpha=false hint=false mUseAlpha=false visible=false left=false top=true
10-17 13:50:48.518  3408  3408 I SurfaceView@ac9fd46: 181009734 Cur surface: Surface(name=null)/@0xfbf9158
10-17 13:50:48.518  3408  3408 I SurfaceView@ac9fd46: applyTransactionOnVriDraw: vri = ViewRootImpl@6784265[MainActivity] fRS = false t = 0x7ae156fc00 android.view.SurfaceView.performSurfaceTransaction:959 android.view.SurfaceView.updateSurface:1105 android.view.SurfaceView.lambda$new$0$android-view-SurfaceView:200 
10-17 13:50:48.519  3408  3408 I ViewRootImpl@6784265[MainActivity]: applyTransactionOnDraw: mRemoved = false isHardwareEnabled = true t = 0x7ae156fc00android.view.SurfaceView.applyTransactionOnVriDraw:2048 android.view.SurfaceView.performSurfaceTransaction:959 android.view.SurfaceView.updateSurface:1105 android.view.SurfaceView.lambda$new$0$android-view-SurfaceView:200 android.view.SurfaceView$$ExternalSyntheticLambda5.onPreDraw:2 
10-17 13:50:48.519  3408  3408 I SurfaceView@ac9fd46: updateSurface: mVisible = true mSurface.isValid() = true
10-17 13:50:48.519  3408  3408 I SurfaceView@ac9fd46: updateSurface: mSurfaceCreated = true surfaceChanged = false visibleChanged = false
10-17 13:50:48.519  3408  3408 V SurfaceView@ac9fd46: Layout: x=0 y=-736 w=1080 h=525, frame=Rect(0, 0 - 1080, 525)
10-17 13:50:48.521  3408  3487 D SurfaceView@ac9fd46: updateSurfacePosition RenderWorker, frameNr = 867, position = [0, -736, 1080, -211] surfaceSize = 1080x525
10-17 13:50:48.521  3408  3487 I SurfaceView@ac9fd46: uSP: rtp = Rect(0, -736 - 1080, -211) rtsw = 1080 rtsh = 525
10-17 13:50:48.521  3408  3487 I SurfaceView@ac9fd46: onSSPAndSRT: pl = 0 pt = -736 sx = 1.0 sy = 1.0
10-17 13:50:48.522  3408  3487 I SurfaceView@ac9fd46: aOrMT: ViewRootImpl@6784265[MainActivity] t = android.view.SurfaceControl$Transaction@d9dc60f fN = 867 android.view.SurfaceView.-$$Nest$mapplyOrMergeTransaction:0 android.view.SurfaceView$SurfaceViewPositionUpdateListener.positionChanged:1537 android.graphics.RenderNode$CompositePositionUpdateListener.positionChanged:373 
10-17 13:50:48.523  3408  3487 I ViewRootImpl@6784265[MainActivity]: mWNT: t=0x7b12a80900 mBlastBufferQueue=0x7b5f206d00 fn= 867 caller= android.view.SurfaceView.applyOrMergeTransaction:1455 android.view.SurfaceView.-$$Nest$mapplyOrMergeTransaction:0 android.view.SurfaceView$SurfaceViewPositionUpdateListener.positionChanged:1537 
10-17 13:50:48.523  3408  3487 I ViewRootImpl@6784265[MainActivity]: mWNT: t=0x7ae156fc00 mBlastBufferQueue=0x7b5f206d00 fn= 867 caller= android.view.ViewRootImpl.lambda$applyTransactionOnDraw$11$android-view-ViewRootImpl:12865 android.view.ViewRootImpl$$ExternalSyntheticLambda1.onFrameDraw:4 android.graphics.HardwareRenderer$FrameDrawingCallback.onFrameDraw:924 
10-17 13:50:48.529  3408  3408 I SurfaceView@ac9fd46: Changes: creating=false format=false size=false visible=false alpha=false hint=false mUseAlpha=false visible=false left=false top=true
10-17 13:50:48.529  3408  3408 I SurfaceView@ac9fd46: 181009734 Cur surface: Surface(name=null)/@0xfbf9158
10-17 13:50:48.529  3408  3408 I SurfaceView@ac9fd46: applyTransactionOnVriDraw: vri = ViewRootImpl@6784265[MainActivity] fRS = false t = 0x7ae156fd00 android.view.SurfaceView.performSurfaceTransaction:959 android.view.SurfaceView.updateSurface:1105 android.view.SurfaceView.lambda$new$0$android-view-SurfaceView:200 
10-17 13:50:48.530  3408  3408 I ViewRootImpl@6784265[MainActivity]: applyTransactionOnDraw: mRemoved = false isHardwareEnabled = true t = 0x7ae156fd00android.view.SurfaceView.applyTransactionOnVriDraw:2048 android.view.SurfaceView.performSurfaceTransaction:959 android.view.SurfaceView.updateSurface:1105 android.view.SurfaceView.lambda$new$0$android-view-SurfaceView:200 android.view.SurfaceView$$ExternalSyntheticLambda5.onPreDraw:2 
10-17 13:50:48.530  3408  3408 I SurfaceView@ac9fd46: updateSurface: mVisible = true mSurface.isValid() = true
10-17 13:50:48.530  3408  3408 I SurfaceView@ac9fd46: updateSurface: mSurfaceCreated = true surfaceChanged = false visibleChanged = false
10-17 13:50:48.530  3408  3408 V SurfaceView@ac9fd46: Layout: x=0 y=-747 w=1080 h=525, frame=Rect(0, 0 - 1080, 525)
10-17 13:50:48.533  3408  3486 I ViewRootImpl@6784265[MainActivity]: mWNT: t=0x7ae156fd00 mBlastBufferQueue=0x7b5f206d00 fn= 868 caller= android.view.ViewRootImpl.lambda$applyTransactionOnDraw$11$android-view-ViewRootImpl:12865 android.view.ViewRootImpl$$ExternalSyntheticLambda1.onFrameDraw:4 android.graphics.HardwareRenderer$FrameDrawingCallback.onFrameDraw:924 
10-17 13:50:48.544  3408  3408 I SurfaceView@ac9fd46: Changes: creating=false format=false size=false visible=false alpha=false hint=false mUseAlpha=false visible=false left=false top=true
10-17 13:50:48.544  3408  3408 I SurfaceView@ac9fd46: 181009734 Cur surface: Surface(name=null)/@0xfbf9158
