10-17 13:50:48.829  3408  3486 D SurfaceView@ac9fd46: updateSurfacePosition RenderWorker, frameNr = 886, position = [0, -995, 1080, -470] surfaceSize = 1080x525
10-17 13:50:48.829  3408  3486 I SurfaceView@ac9fd46: uSP: rtp = Rect(0, -995 - 1080, -470) rtsw = 1080 rtsh = 525
10-17 13:50:48.829  3408  3486 I SurfaceView@ac9fd46: onSSPAndSRT: pl = 0 pt = -995 sx = 1.0 sy = 1.0
10-17 13:50:48.829  3408  3486 I SurfaceView@ac9fd46: aOrMT: ViewRootImpl@6784265[MainActivity] t = android.view.SurfaceControl$Transaction@d9dc60f fN = 886 android.view.SurfaceView.-$$Nest$mapplyOrMergeTransaction:0 android.view.SurfaceView$SurfaceViewPositionUpdateListener.positionChanged:1537 android.graphics.RenderNode$CompositePositionUpdateListener.positionChanged:373 
10-17 13:50:48.829  3408  3486 I ViewRootImpl@6784265[MainActivity]: mWNT: t=0x7b12a80900 mBlastBufferQueue=0x7b5f206d00 fn= 886 caller= android.view.SurfaceView.applyOrMergeTransaction:1455 android.view.SurfaceView.-$$Nest$mapplyOrMergeTransaction:0 android.view.SurfaceView$SurfaceViewPositionUpdateListener.positionChanged:1537 
10-17 13:50:48.829  3408  3486 I ViewRootImpl@6784265[MainActivity]: mWNT: t=0x7b12bfff00 mBlastBufferQueue=0x7b5f206d00 fn= 886 caller= android.view.ViewRootImpl.lambda$applyTransactionOnDraw$11$android-view-ViewRootImpl:12865 android.view.ViewRootImpl$$ExternalSyntheticLambda1.onFrameDraw:4 android.graphics.HardwareRenderer$FrameDrawingCallback.onFrameDraw:924 
10-17 13:50:48.845  3408  3408 I SurfaceView@ac9fd46: Changes: creating=false format=false size=false visible=false alpha=false hint=false mUseAlpha=false visible=false left=false top=true
10-17 13:50:48.845  3408  3408 I SurfaceView@ac9fd46: 181009734 Cur surface: Surface(name=null)/@0xfbf9158
10-17 13:50:48.845  3408  3408 I SurfaceView@ac9fd46: applyTransactionOnVriDraw: vri = ViewRootImpl@6784265[MainActivity] fRS = false t = 0x7bed828000 android.view.SurfaceView.performSurfaceTransaction:959 android.view.SurfaceView.updateSurface:1105 android.view.SurfaceView.lambda$new$0$android-view-SurfaceView:200 
10-17 13:50:48.846  3408  3408 I ViewRootImpl@6784265[MainActivity]: applyTransactionOnDraw: mRemoved = false isHardwareEnabled = true t = 0x7bed828000android.view.SurfaceView.applyTransactionOnVriDraw:2048 android.view.SurfaceView.performSurfaceTransaction:959 android.view.SurfaceView.updateSurface:1105 android.view.SurfaceView.lambda$new$0$android-view-SurfaceView:200 android.view.SurfaceView$$ExternalSyntheticLambda5.onPreDraw:2 
10-17 13:50:48.846  3408  3408 I SurfaceView@ac9fd46: updateSurface: mVisible = true mSurface.isValid() = true
10-17 13:50:48.846  3408  3408 I SurfaceView@ac9fd46: updateSurface: mSurfaceCreated = true surfaceChanged = false visibleChanged = false
10-17 13:50:48.846  3408  3408 V SurfaceView@ac9fd46: Layout: x=0 y=-1002 w=1080 h=525, frame=Rect(0, 0 - 1080, 525)
10-17 13:50:48.847  3408  3487 D SurfaceView@ac9fd46: updateSurfacePosition RenderWorker, frameNr = 887, position = [0, -1002, 1080, -477] surfaceSize = 1080x525
10-17 13:50:48.848  3408  3487 I SurfaceView@ac9fd46: uSP: rtp = Rect(0, -1002 - 1080, -477) rtsw = 1080 rtsh = 525
10-17 13:50:48.848  3408  3487 I SurfaceView@ac9fd46: onSSPAndSRT: pl = 0 pt = -1002 sx = 1.0 sy = 1.0
10-17 13:50:48.848  3408  3487 I SurfaceView@ac9fd46: aOrMT: ViewRootImpl@6784265[MainActivity] t = android.view.SurfaceControl$Transaction@d9dc60f fN = 887 android.view.SurfaceView.-$$Nest$mapplyOrMergeTransaction:0 android.view.SurfaceView$SurfaceViewPositionUpdateListener.positionChanged:1537 android.graphics.RenderNode$CompositePositionUpdateListener.positionChanged:373 
10-17 13:50:48.849  3408  3487 I ViewRootImpl@6784265[MainActivity]: mWNT: t=0x7b12a80900 mBlastBufferQueue=0x7b5f206d00 fn= 887 caller= android.view.SurfaceView.applyOrMergeTransaction:1455 android.view.SurfaceView.-$$Nest$mapplyOrMergeTransaction:0 android.view.SurfaceView$SurfaceViewPositionUpdateListener.positionChanged:1537 
10-17 13:50:48.850  3408  3487 I ViewRootImpl@6784265[MainActivity]: mWNT: t=0x7bed828000 mBlastBufferQueue=0x7b5f206d00 fn= 887 caller= android.view.ViewRootImpl.lambda$applyTransactionOnDraw$11$android-view-ViewRootImpl:12865 android.view.ViewRootImpl$$ExternalSyntheticLambda1.onFrameDraw:4 android.graphics.HardwareRenderer$FrameDrawingCallback.onFrameDraw:924 
10-17 13:50:48.861  3408  3408 I SurfaceView@ac9fd46: Changes: creating=false format=false size=false visible=false alpha=false hint=false mUseAlpha=false visible=false left=false top=true
10-17 13:50:48.861  3408  3408 I SurfaceView@ac9fd46: 181009734 Cur surface: Surface(name=null)/@0xfbf9158
10-17 13:50:48.861  3408  3408 I SurfaceView@ac9fd46: applyTransactionOnVriDraw: vri = ViewRootImpl@6784265[MainActivity] fRS = false t = 0x7bed828100 android.view.SurfaceView.performSurfaceTransaction:959 android.view.SurfaceView.updateSurface:1105 android.view.SurfaceView.lambda$new$0$android-view-SurfaceView:200 
10-17 13:50:48.861  3408  3408 I ViewRootImpl@6784265[MainActivity]: applyTransactionOnDraw: mRemoved = false isHardwareEnabled = true t = 0x7bed828100android.view.SurfaceView.applyTransactionOnVriDraw:2048 android.view.SurfaceView.performSurfaceTransaction:959 android.view.SurfaceView.updateSurface:1105 android.view.SurfaceView.lambda$new$0$android-view-SurfaceView:200 android.view.SurfaceView$$ExternalSyntheticLambda5.onPreDraw:2 
10-17 13:50:48.861  3408  3408 I SurfaceView@ac9fd46: updateSurface: mVisible = true mSurface.isValid() = true
10-17 13:50:48.861  3408  3408 I SurfaceView@ac9fd46: updateSurface: mSurfaceCreated = true surfaceChanged = false visibleChanged = false
10-17 13:50:48.861  3408  3408 V SurfaceView@ac9fd46: Layout: x=0 y=-1008 w=1080 h=525, frame=Rect(0, 0 - 1080, 525)
10-17 13:50:48.862  3408  3486 D SurfaceView@ac9fd46: updateSurfacePosition RenderWorker, frameNr = 888, position = [0, -1008, 1080, -483] surfaceSize = 1080x525
10-17 13:50:48.863  3408  3486 I SurfaceView@ac9fd46: uSP: rtp = Rect(0, -1008 - 1080, -483) rtsw = 1080 rtsh = 525
10-17 13:50:48.863  3408  3486 I SurfaceView@ac9fd46: onSSPAndSRT: pl = 0 pt = -1008 sx = 1.0 sy = 1.0
10-17 13:50:48.863  3408  3486 I SurfaceView@ac9fd46: aOrMT: ViewRootImpl@6784265[MainActivity] t = android.view.SurfaceControl$Transaction@d9dc60f fN = 888 android.view.SurfaceView.-$$Nest$mapplyOrMergeTransaction:0 android.view.SurfaceView$SurfaceViewPositionUpdateListener.positionChanged:1537 android.graphics.RenderNode$CompositePositionUpdateListener.positionChanged:373 
10-17 13:50:48.863  3408  3486 I ViewRootImpl@6784265[MainActivity]: mWNT: t=0x7b12a80900 mBlastBufferQueue=0x7b5f206d00 fn= 888 caller= android.view.SurfaceView.applyOrMergeTransaction:1455 android.view.SurfaceView.-$$Nest$mapplyOrMergeTransaction:0 android.view.SurfaceView$SurfaceViewPositionUpdateListener.positionChanged:1537 
10-17 13:50:48.863  3408  3486 I ViewRootImpl@6784265[MainActivity]: mWNT: t=0x7bed828100 mBlastBufferQueue=0x7b5f206d00 fn= 888 caller= android.view.ViewRootImpl.lambda$applyTransactionOnDraw$11$android-view-ViewRootImpl:12865 android.view.ViewRootImpl$$ExternalSyntheticLambda1.onFrameDraw:4 android.graphics.HardwareRenderer$FrameDrawingCallback.onFrameDraw:924 
10-17 13:50:48.877  3408  3408 I SurfaceView@ac9fd46: Changes: creating=false format=false size=false visible=false alpha=false hint=false mUseAlpha=false visible=false left=false top=true
10-17 13:50:48.877  3408  3408 I SurfaceView@ac9fd46: 181009734 Cur surface: Surface(name=null)/@0xfbf9158
10-17 13:50:48.878  3408  3408 I SurfaceView@ac9fd46: applyTransactionOnVriDraw: vri = ViewRootImpl@6784265[MainActivity] fRS = false t = 0x7bed828200 android.view.SurfaceView.performSurfaceTransaction:959 android.view.SurfaceView.updateSurface:1105 android.view.SurfaceView.lambda$new$0$android-view-SurfaceView:200 
10-17 13:50:48.878  3408  3408 I ViewRootImpl@6784265[MainActivity]: applyTransactionOnDraw: mRemoved = false isHardwareEnabled = true t = 0x7bed828200android.view.SurfaceView.applyTransactionOnVriDraw:2048 android.view.SurfaceView.performSurfaceTransaction:959 android.view.SurfaceView.updateSurface:1105 android.view.SurfaceView.lambda$new$0$android-view-SurfaceView:200 android.view.SurfaceView$$ExternalSyntheticLambda5.onPreDraw:2 
10-17 13:50:48.878  3408  3408 I SurfaceView@ac9fd46: updateSurface: mVisible = true mSurface.isValid() = true
10-17 13:50:48.878  3408  3408 I SurfaceView@ac9fd46: updateSurface: mSurfaceCreated = true surfaceChanged = false visibleChanged = false
10-17 13:50:48.878  3408  3408 V SurfaceView@ac9fd46: Layout: x=0 y=-1014 w=1080 h=525, frame=Rect(0, 0 - 1080, 525)
10-17 13:50:48.879  3408  3487 D SurfaceView@ac9fd46: updateSurfacePosition RenderWorker, frameNr = 889, position = [0, -1014, 1080, -489] surfaceSize = 1080x525
10-17 13:50:48.879  3408  3487 I SurfaceView@ac9fd46: uSP: rtp = Rect(0, -1014 - 1080, -489) rtsw = 1080 rtsh = 525
10-17 13:50:48.879  3408  3487 I SurfaceView@ac9fd46: onSSPAndSRT: pl = 0 pt = -1014 sx = 1.0 sy = 1.0
10-17 13:50:48.879  3408  3487 I SurfaceView@ac9fd46: aOrMT: ViewRootImpl@6784265[MainActivity] t = android.view.SurfaceControl$Transaction@d9dc60f fN = 889 android.view.SurfaceView.-$$Nest$mapplyOrMergeTransaction:0 android.view.SurfaceView$SurfaceViewPositionUpdateListener.positionChanged:1537 android.graphics.RenderNode$CompositePositionUpdateListener.positionChanged:373 
10-17 13:50:48.880  3408  3487 I ViewRootImpl@6784265[MainActivity]: mWNT: t=0x7b12a80900 mBlastBufferQueue=0x7b5f206d00 fn= 889 caller= android.view.SurfaceView.applyOrMergeTransaction:1455 android.view.SurfaceView.-$$Nest$mapplyOrMergeTransaction:0 android.view.SurfaceView$SurfaceViewPositionUpdateListener.positionChanged:1537 
10-17 13:50:48.880  3408  3487 I ViewRootImpl@6784265[MainActivity]: mWNT: t=0x7bed828200 mBlastBufferQueue=0x7b5f206d00 fn= 889 caller= android.view.ViewRootImpl.lambda$applyTransactionOnDraw$11$android-view-ViewRootImpl:12865 android.view.ViewRootImpl$$ExternalSyntheticLambda1.onFrameDraw:4 android.graphics.HardwareRenderer$FrameDrawingCallback.onFrameDraw:924 
10-17 13:50:48.894  3408  3408 I SurfaceView@ac9fd46: Changes: creating=false format=false size=false visible=false alpha=false hint=false mUseAlpha=false visible=false left=false top=true
10-17 13:50:48.894  3408  3408 I SurfaceView@ac9fd46: 181009734 Cur surface: Surface(name=null)/@0xfbf9158
10-17 13:50:48.895  3408  3408 I SurfaceView@ac9fd46: applyTransactionOnVriDraw: vri = ViewRootImpl@6784265[MainActivity] fRS = false t = 0x7bed828300 android.view.SurfaceView.performSurfaceTransaction:959 android.view.SurfaceView.updateSurface:1105 android.view.SurfaceView.lambda$new$0$android-view-SurfaceView:200 
10-17 13:50:48.895  3408  3408 I ViewRootImpl@6784265[MainActivity]: applyTransactionOnDraw: mRemoved = false isHardwareEnabled = true t = 0x7bed828300android.view.SurfaceView.applyTransactionOnVriDraw:2048 android.view.SurfaceView.performSurfaceTransaction:959 android.view.SurfaceView.updateSurface:1105 android.view.SurfaceView.lambda$new$0$android-view-SurfaceView:200 android.view.SurfaceView$$ExternalSyntheticLambda5.onPreDraw:2 
10-17 13:50:48.895  3408  3408 I SurfaceView@ac9fd46: updateSurface: mVisible = true mSurface.isValid() = true
10-17 13:50:48.895  3408  3408 I SurfaceView@ac9fd46: updateSurface: mSurfaceCreated = true surfaceChanged = false visibleChanged = false
10-17 13:50:48.895  3408  3408 V SurfaceView@ac9fd46: Layout: x=0 y=-1020 w=1080 h=525, frame=Rect(0, 0 - 1080, 525)
10-17 13:50:48.897  3408  3486 D SurfaceView@ac9fd46: updateSurfacePosition RenderWorker, frameNr = 890, position = [0, -1020, 1080, -495] surfaceSize = 1080x525
10-17 13:50:48.897  3408  3486 I SurfaceView@ac9fd46: uSP: rtp = Rect(0, -1020 - 1080, -495) rtsw = 1080 rtsh = 525
10-17 13:50:48.897  3408  3486 I SurfaceView@ac9fd46: onSSPAndSRT: pl = 0 pt = -1020 sx = 1.0 sy = 1.0
10-17 13:50:48.897  3408  3486 I SurfaceView@ac9fd46: aOrMT: ViewRootImpl@6784265[MainActivity] t = android.view.SurfaceControl$Transaction@d9dc60f fN = 890 android.view.SurfaceView.-$$Nest$mapplyOrMergeTransaction:0 android.view.SurfaceView$SurfaceViewPositionUpdateListener.positionChanged:1537 android.graphics.RenderNode$CompositePositionUpdateListener.positionChanged:373 
10-17 13:50:48.897  3408  3486 I ViewRootImpl@6784265[MainActivity]: mWNT: t=0x7b12a80900 mBlastBufferQueue=0x7b5f206d00 fn= 890 caller= android.view.SurfaceView.applyOrMergeTransaction:1455 android.view.SurfaceView.-$$Nest$mapplyOrMergeTransaction:0 android.view.SurfaceView$SurfaceViewPositionUpdateListener.positionChanged:1537 
10-17 13:50:48.897  3408  3486 I ViewRootImpl@6784265[MainActivity]: mWNT: t=0x7bed828300 mBlastBufferQueue=0x7b5f206d00 fn= 890 caller= android.view.ViewRootImpl.lambda$applyTransactionOnDraw$11$android-view-ViewRootImpl:12865 android.view.ViewRootImpl$$ExternalSyntheticLambda1.onFrameDraw:4 android.graphics.HardwareRenderer$FrameDrawingCallback.onFrameDraw:924 
10-17 13:50:48.911  3408  3408 I SurfaceView@ac9fd46: Changes: creating=false format=false size=false visible=false alpha=false hint=false mUseAlpha=false visible=false left=false top=true
10-17 13:50:48.911  3408  3408 I SurfaceView@ac9fd46: 181009734 Cur surface: Surface(name=null)/@0xfbf9158
10-17 13:50:48.911  3408  3408 I SurfaceView@ac9fd46: applyTransactionOnVriDraw: vri = ViewRootImpl@6784265[MainActivity] fRS = false t = 0x7bed828400 android.view.SurfaceView.performSurfaceTransaction:959 android.view.SurfaceView.updateSurface:1105 android.view.SurfaceView.lambda$new$0$android-view-SurfaceView:200 
10-17 13:50:48.912  3408  3408 I ViewRootImpl@6784265[MainActivity]: applyTransactionOnDraw: mRemoved = false isHardwareEnabled = true t = 0x7bed828400android.view.SurfaceView.applyTransactionOnVriDraw:2048 android.view.SurfaceView.performSurfaceTransaction:959 android.view.SurfaceView.updateSurface:1105 android.view.SurfaceView.lambda$new$0$android-view-SurfaceView:200 android.view.SurfaceView$$ExternalSyntheticLambda5.onPreDraw:2 
10-17 13:50:48.912  3408  3408 I SurfaceView@ac9fd46: updateSurface: mVisible = true mSurface.isValid() = true
10-17 13:50:48.912  3408  3408 I SurfaceView@ac9fd46: updateSurface: mSurfaceCreated = true surfaceChanged = false visibleChanged = false
10-17 13:50:48.912  3408  3408 V SurfaceView@ac9fd46: Layout: x=0 y=-1025 w=1080 h=525, frame=Rect(0, 0 - 1080, 525)
10-17 13:50:48.913  3408  3487 D SurfaceView@ac9fd46: updateSurfacePosition RenderWorker, frameNr = 891, position = [0, -1025, 1080, -500] surfaceSize = 1080x525
10-17 13:50:48.913  3408  3487 I SurfaceView@ac9fd46: uSP: rtp = Rect(0, -1025 - 1080, -500) rtsw = 1080 rtsh = 525
10-17 13:50:48.913  3408  3487 I SurfaceView@ac9fd46: onSSPAndSRT: pl = 0 pt = -1025 sx = 1.0 sy = 1.0
10-17 13:50:48.913  3408  3487 I SurfaceView@ac9fd46: aOrMT: ViewRootImpl@6784265[MainActivity] t = android.view.SurfaceControl$Transaction@d9dc60f fN = 891 android.view.SurfaceView.-$$Nest$mapplyOrMergeTransaction:0 android.view.SurfaceView$SurfaceViewPositionUpdateListener.positionChanged:1537 android.graphics.RenderNode$CompositePositionUpdateListener.positionChanged:373 
10-17 13:50:48.913  3408  3487 I ViewRootImpl@6784265[MainActivity]: mWNT: t=0x7b12a80900 mBlastBufferQueue=0x7b5f206d00 fn= 891 caller= android.view.SurfaceView.applyOrMergeTransaction:1455 android.view.SurfaceView.-$$Nest$mapplyOrMergeTransaction:0 android.view.SurfaceView$SurfaceViewPositionUpdateListener.positionChanged:1537 
10-17 13:50:48.914  3408  3487 I ViewRootImpl@6784265[MainActivity]: mWNT: t=0x7bed828400 mBlastBufferQueue=0x7b5f206d00 fn= 891 caller= android.view.ViewRootImpl.lambda$applyTransactionOnDraw$11$android-view-ViewRootImpl:12865 android.view.ViewRootImpl$$ExternalSyntheticLambda1.onFrameDraw:4 android.graphics.HardwareRenderer$FrameDrawingCallback.onFrameDraw:924 
10-17 13:50:48.928  3408  3408 I SurfaceView@ac9fd46: Changes: creating=false format=false size=false visible=false alpha=false hint=false mUseAlpha=false visible=false left=false top=true
10-17 13:50:48.928  3408  3408 I SurfaceView@ac9fd46: 181009734 Cur surface: Surface(name=null)/@0xfbf9158
10-17 13:50:48.928  3408  3408 I SurfaceView@ac9fd46: applyTransactionOnVriDraw: vri = ViewRootImpl@6784265[MainActivity] fRS = false t = 0x7bed828500 android.view.SurfaceView.performSurfaceTransaction:959 android.view.SurfaceView.updateSurface:1105 android.view.SurfaceView.lambda$new$0$android-view-SurfaceView:200 
10-17 13:50:48.929  3408  3408 I ViewRootImpl@6784265[MainActivity]: applyTransactionOnDraw: mRemoved = false isHardwareEnabled = true t = 0x7bed828500android.view.SurfaceView.applyTransactionOnVriDraw:2048 android.view.SurfaceView.performSurfaceTransaction:959 android.view.SurfaceView.updateSurface:1105 android.view.SurfaceView.lambda$new$0$android-view-SurfaceView:200 android.view.SurfaceView$$ExternalSyntheticLambda5.onPreDraw:2 
10-17 13:50:48.929  3408  3408 I SurfaceView@ac9fd46: updateSurface: mVisible = true mSurface.isValid() = true
10-17 13:50:48.929  3408  3408 I SurfaceView@ac9fd46: updateSurface: mSurfaceCreated = true surfaceChanged = false visibleChanged = false
10-17 13:50:48.929  3408  3408 V SurfaceView@ac9fd46: Layout: x=0 y=-1030 w=1080 h=525, frame=Rect(0, 0 - 1080, 525)
10-17 13:50:48.930  3408  3486 D SurfaceView@ac9fd46: updateSurfacePosition RenderWorker, frameNr = 892, position = [0, -1030, 1080, -505] surfaceSize = 1080x525
10-17 13:50:48.930  3408  3486 I SurfaceView@ac9fd46: uSP: rtp = Rect(0, -1030 - 1080, -505) rtsw = 1080 rtsh = 525
10-17 13:50:48.930  3408  3486 I SurfaceView@ac9fd46: onSSPAndSRT: pl = 0 pt = -1030 sx = 1.0 sy = 1.0
10-17 13:50:48.930  3408  3486 I SurfaceView@ac9fd46: aOrMT: ViewRootImpl@6784265[MainActivity] t = android.view.SurfaceControl$Transaction@d9dc60f fN = 892 android.view.SurfaceView.-$$Nest$mapplyOrMergeTransaction:0 android.view.SurfaceView$SurfaceViewPositionUpdateListener.positionChanged:1537 android.graphics.RenderNode$CompositePositionUpdateListener.positionChanged:373 
10-17 13:50:48.931  3408  3486 I ViewRootImpl@6784265[MainActivity]: mWNT: t=0x7b12a80900 mBlastBufferQueue=0x7b5f206d00 fn= 892 caller= android.view.SurfaceView.applyOrMergeTransaction:1455 android.view.SurfaceView.-$$Nest$mapplyOrMergeTransaction:0 android.view.SurfaceView$SurfaceViewPositionUpdateListener.positionChanged:1537 
10-17 13:50:48.931  3408  3486 I ViewRootImpl@6784265[MainActivity]: mWNT: t=0x7bed828500 mBlastBufferQueue=0x7b5f206d00 fn= 892 caller= android.view.ViewRootImpl.lambda$applyTransactionOnDraw$11$android-view-ViewRootImpl:12865 android.view.ViewRootImpl$$ExternalSyntheticLambda1.onFrameDraw:4 android.graphics.HardwareRenderer$FrameDrawingCallback.onFrameDraw:924 
10-17 13:50:48.944  3408  3408 I SurfaceView@ac9fd46: Changes: creating=false format=false size=false visible=false alpha=false hint=false mUseAlpha=false visible=false left=false top=true
10-17 13:50:48.945  3408  3408 I SurfaceView@ac9fd46: 181009734 Cur surface: Surface(name=null)/@0xfbf9158
10-17 13:50:48.945  3408  3408 I SurfaceView@ac9fd46: applyTransactionOnVriDraw: vri = ViewRootImpl@6784265[MainActivity] fRS = false t = 0x7bed828600 android.view.SurfaceView.performSurfaceTransaction:959 android.view.SurfaceView.updateSurface:1105 android.view.SurfaceView.lambda$new$0$android-view-SurfaceView:200 
10-17 13:50:48.945  3408  3408 I ViewRootImpl@6784265[MainActivity]: applyTransactionOnDraw: mRemoved = false isHardwareEnabled = true t = 0x7bed828600android.view.SurfaceView.applyTransactionOnVriDraw:2048 android.view.SurfaceView.performSurfaceTransaction:959 android.view.SurfaceView.updateSurface:1105 android.view.SurfaceView.lambda$new$0$android-view-SurfaceView:200 android.view.SurfaceView$$ExternalSyntheticLambda5.onPreDraw:2 
10-17 13:50:48.945  3408  3408 I SurfaceView@ac9fd46: updateSurface: mVisible = true mSurface.isValid() = true
10-17 13:50:48.946  3408  3408 I SurfaceView@ac9fd46: updateSurface: mSurfaceCreated = true surfaceChanged = false visibleChanged = false
10-17 13:50:48.946  3408  3408 V SurfaceView@ac9fd46: Layout: x=0 y=-1035 w=1080 h=525, frame=Rect(0, 0 - 1080, 525)
10-17 13:50:48.947  3408  3487 D SurfaceView@ac9fd46: updateSurfacePosition RenderWorker, frameNr = 893, position = [0, -1035, 1080, -510] surfaceSize = 1080x525
10-17 13:50:48.947  3408  3487 I SurfaceView@ac9fd46: uSP: rtp = Rect(0, -1035 - 1080, -510) rtsw = 1080 rtsh = 525
10-17 13:50:48.947  3408  3487 I SurfaceView@ac9fd46: onSSPAndSRT: pl = 0 pt = -1035 sx = 1.0 sy = 1.0
10-17 13:50:48.948  3408  3487 I SurfaceView@ac9fd46: aOrMT: ViewRootImpl@6784265[MainActivity] t = android.view.SurfaceControl$Transaction@d9dc60f fN = 893 android.view.SurfaceView.-$$Nest$mapplyOrMergeTransaction:0 android.view.SurfaceView$SurfaceViewPositionUpdateListener.positionChanged:1537 android.graphics.RenderNode$CompositePositionUpdateListener.positionChanged:373 
10-17 13:50:48.948  3408  3487 I ViewRootImpl@6784265[MainActivity]: mWNT: t=0x7b12a80900 mBlastBufferQueue=0x7b5f206d00 fn= 893 caller= android.view.SurfaceView.applyOrMergeTransaction:1455 android.view.SurfaceView.-$$Nest$mapplyOrMergeTransaction:0 android.view.SurfaceView$SurfaceViewPositionUpdateListener.positionChanged:1537 
10-17 13:50:48.948  3408  3487 I ViewRootImpl@6784265[MainActivity]: mWNT: t=0x7bed828600 mBlastBufferQueue=0x7b5f206d00 fn= 893 caller= android.view.ViewRootImpl.lambda$applyTransactionOnDraw$11$android-view-ViewRootImpl:12865 android.view.ViewRootImpl$$ExternalSyntheticLambda1.onFrameDraw:4 android.graphics.HardwareRenderer$FrameDrawingCallback.onFrameDraw:924 
10-17 13:50:48.961  3408  3408 I SurfaceView@ac9fd46: Changes: creating=false format=false size=false visible=false alpha=false hint=false mUseAlpha=false visible=false left=false top=true
10-17 13:50:48.961  3408  3408 I SurfaceView@ac9fd46: 181009734 Cur surface: Surface(name=null)/@0xfbf9158
10-17 13:50:48.962  3408  3408 I SurfaceView@ac9fd46: applyTransactionOnVriDraw: vri = ViewRootImpl@6784265[MainActivity] fRS = false t = 0x7bed828700 android.view.SurfaceView.performSurfaceTransaction:959 android.view.SurfaceView.updateSurface:1105 android.view.SurfaceView.lambda$new$0$android-view-SurfaceView:200 
10-17 13:50:48.962  3408  3408 I ViewRootImpl@6784265[MainActivity]: applyTransactionOnDraw: mRemoved = false isHardwareEnabled = true t = 0x7bed828700android.view.SurfaceView.applyTransactionOnVriDraw:2048 android.view.SurfaceView.performSurfaceTransaction:959 android.view.SurfaceView.updateSurface:1105 android.view.SurfaceView.lambda$new$0$android-view-SurfaceView:200 android.view.SurfaceView$$ExternalSyntheticLambda5.onPreDraw:2 
10-17 13:50:48.962  3408  3408 I SurfaceView@ac9fd46: updateSurface: mVisible = true mSurface.isValid() = true
10-17 13:50:48.962  3408  3408 I SurfaceView@ac9fd46: updateSurface: mSurfaceCreated = true surfaceChanged = false visibleChanged = false
10-17 13:50:48.962  3408  3408 V SurfaceView@ac9fd46: Layout: x=0 y=-1039 w=1080 h=525, frame=Rect(0, 0 - 1080, 525)
10-17 13:50:48.963  3408  3486 D SurfaceView@ac9fd46: updateSurfacePosition RenderWorker, frameNr = 894, position = [0, -1039, 1080, -514] surfaceSize = 1080x525
10-17 13:50:48.964  3408  3486 I SurfaceView@ac9fd46: uSP: rtp = Rect(0, -1039 - 1080, -514) rtsw = 1080 rtsh = 525
10-17 13:50:48.964  3408  3486 I SurfaceView@ac9fd46: onSSPAndSRT: pl = 0 pt = -1039 sx = 1.0 sy = 1.0
10-17 13:50:48.964  3408  3486 I SurfaceView@ac9fd46: aOrMT: ViewRootImpl@6784265[MainActivity] t = android.view.SurfaceControl$Transaction@d9dc60f fN = 894 android.view.SurfaceView.-$$Nest$mapplyOrMergeTransaction:0 android.view.SurfaceView$SurfaceViewPositionUpdateListener.positionChanged:1537 android.graphics.RenderNode$CompositePositionUpdateListener.positionChanged:373 
10-17 13:50:48.964  3408  3486 I ViewRootImpl@6784265[MainActivity]: mWNT: t=0x7b12a80900 mBlastBufferQueue=0x7b5f206d00 fn= 894 caller= android.view.SurfaceView.applyOrMergeTransaction:1455 android.view.SurfaceView.-$$Nest$mapplyOrMergeTransaction:0 android.view.SurfaceView$SurfaceViewPositionUpdateListener.positionChanged:1537 
10-17 13:50:48.964  3408  3486 I ViewRootImpl@6784265[MainActivity]: mWNT: t=0x7bed828700 mBlastBufferQueue=0x7b5f206d00 fn= 894 caller= android.view.ViewRootImpl.lambda$applyTransactionOnDraw$11$android-view-ViewRootImpl:12865 android.view.ViewRootImpl$$ExternalSyntheticLambda1.onFrameDraw:4 android.graphics.HardwareRenderer$FrameDrawingCallback.onFrameDraw:924 
10-17 13:50:48.978  3408  3408 I SurfaceView@ac9fd46: Changes: creating=false format=false size=false visible=false alpha=false hint=false mUseAlpha=false visible=false left=false top=true
10-17 13:50:48.978  3408  3408 I SurfaceView@ac9fd46: 181009734 Cur surface: Surface(name=null)/@0xfbf9158
10-17 13:50:48.978  3408  3408 I SurfaceView@ac9fd46: applyTransactionOnVriDraw: vri = ViewRootImpl@6784265[MainActivity] fRS = false t = 0x7bed828800 android.view.SurfaceView.performSurfaceTransaction:959 android.view.SurfaceView.updateSurface:1105 android.view.SurfaceView.lambda$new$0$android-view-SurfaceView:200 
10-17 13:50:48.978  3408  3408 I ViewRootImpl@6784265[MainActivity]: applyTransactionOnDraw: mRemoved = false isHardwareEnabled = true t = 0x7bed828800android.view.SurfaceView.applyTransactionOnVriDraw:2048 android.view.SurfaceView.performSurfaceTransaction:959 android.view.SurfaceView.updateSurface:1105 android.view.SurfaceView.lambda$new$0$android-view-SurfaceView:200 android.view.SurfaceView$$ExternalSyntheticLambda5.onPreDraw:2 
10-17 13:50:48.979  3408  3408 I SurfaceView@ac9fd46: updateSurface: mVisible = true mSurface.isValid() = true
10-17 13:50:48.979  3408  3408 I SurfaceView@ac9fd46: updateSurface: mSurfaceCreated = true surfaceChanged = false visibleChanged = false
10-17 13:50:48.979  3408  3408 V SurfaceView@ac9fd46: Layout: x=0 y=-1043 w=1080 h=525, frame=Rect(0, 0 - 1080, 525)
10-17 13:50:48.980  3408  3487 D SurfaceView@ac9fd46: updateSurfacePosition RenderWorker, frameNr = 895, position = [0, -1043, 1080, -518] surfaceSize = 1080x525
10-17 13:50:48.980  3408  3487 I SurfaceView@ac9fd46: uSP: rtp = Rect(0, -1043 - 1080, -518) rtsw = 1080 rtsh = 525
10-17 13:50:48.980  3408  3487 I SurfaceView@ac9fd46: onSSPAndSRT: pl = 0 pt = -1043 sx = 1.0 sy = 1.0
10-17 13:50:48.980  3408  3487 I SurfaceView@ac9fd46: aOrMT: ViewRootImpl@6784265[MainActivity] t = android.view.SurfaceControl$Transaction@d9dc60f fN = 895 android.view.SurfaceView.-$$Nest$mapplyOrMergeTransaction:0 android.view.SurfaceView$SurfaceViewPositionUpdateListener.positionChanged:1537 android.graphics.RenderNode$CompositePositionUpdateListener.positionChanged:373 
10-17 13:50:48.981  3408  3487 I ViewRootImpl@6784265[MainActivity]: mWNT: t=0x7b12a80900 mBlastBufferQueue=0x7b5f206d00 fn= 895 caller= android.view.SurfaceView.applyOrMergeTransaction:1455 android.view.SurfaceView.-$$Nest$mapplyOrMergeTransaction:0 android.view.SurfaceView$SurfaceViewPositionUpdateListener.positionChanged:1537 
10-17 13:50:48.981  3408  3487 I ViewRootImpl@6784265[MainActivity]: mWNT: t=0x7bed828800 mBlastBufferQueue=0x7b5f206d00 fn= 895 caller= android.view.ViewRootImpl.lambda$applyTransactionOnDraw$11$android-view-ViewRootImpl:12865 android.view.ViewRootImpl$$ExternalSyntheticLambda1.onFrameDraw:4 android.graphics.HardwareRenderer$FrameDrawingCallback.onFrameDraw:924 
10-17 13:50:48.994  3408  3408 I SurfaceView@ac9fd46: Changes: creating=false format=false size=false visible=false alpha=false hint=false mUseAlpha=false visible=false left=false top=true
10-17 13:50:48.994  3408  3408 I SurfaceView@ac9fd46: 181009734 Cur surface: Surface(name=null)/@0xfbf9158
10-17 13:50:48.995  3408  3408 I SurfaceView@ac9fd46: applyTransactionOnVriDraw: vri = ViewRootImpl@6784265[MainActivity] fRS = false t = 0x7bed828900 android.view.SurfaceView.performSurfaceTransaction:959 android.view.SurfaceView.updateSurface:1105 android.view.SurfaceView.lambda$new$0$android-view-SurfaceView:200 
10-17 13:50:48.995  3408  3408 I ViewRootImpl@6784265[MainActivity]: applyTransactionOnDraw: mRemoved = false isHardwareEnabled = true t = 0x7bed828900android.view.SurfaceView.applyTransactionOnVriDraw:2048 android.view.SurfaceView.performSurfaceTransaction:959 android.view.SurfaceView.updateSurface:1105 android.view.SurfaceView.lambda$new$0$android-view-SurfaceView:200 android.view.SurfaceView$$ExternalSyntheticLambda5.onPreDraw:2 
10-17 13:50:48.995  3408  3408 I SurfaceView@ac9fd46: updateSurface: mVisible = true mSurface.isValid() = true
10-17 13:50:48.995  3408  3408 I SurfaceView@ac9fd46: updateSurface: mSurfaceCreated = true surfaceChanged = false visibleChanged = false
10-17 13:50:48.995  3408  3408 V SurfaceView@ac9fd46: Layout: x=0 y=-1047 w=1080 h=525, frame=Rect(0, 0 - 1080, 525)
10-17 13:50:48.997  3408  3486 D SurfaceView@ac9fd46: updateSurfacePosition RenderWorker, frameNr = 896, position = [0, -1047, 1080, -522] surfaceSize = 1080x525
10-17 13:50:48.997  3408  3486 I SurfaceView@ac9fd46: uSP: rtp = Rect(0, -1047 - 1080, -522) rtsw = 1080 rtsh = 525
10-17 13:50:48.997  3408  3486 I SurfaceView@ac9fd46: onSSPAndSRT: pl = 0 pt = -1047 sx = 1.0 sy = 1.0
10-17 13:50:48.997  3408  3486 I SurfaceView@ac9fd46: aOrMT: ViewRootImpl@6784265[MainActivity] t = android.view.SurfaceControl$Transaction@d9dc60f fN = 896 android.view.SurfaceView.-$$Nest$mapplyOrMergeTransaction:0 android.view.SurfaceView$SurfaceViewPositionUpdateListener.positionChanged:1537 android.graphics.RenderNode$CompositePositionUpdateListener.positionChanged:373 
10-17 13:50:48.997  3408  3486 I ViewRootImpl@6784265[MainActivity]: mWNT: t=0x7b12a80900 mBlastBufferQueue=0x7b5f206d00 fn= 896 caller= android.view.SurfaceView.applyOrMergeTransaction:1455 android.view.SurfaceView.-$$Nest$mapplyOrMergeTransaction:0 android.view.SurfaceView$SurfaceViewPositionUpdateListener.positionChanged:1537 
10-17 13:50:48.998  3408  3486 I ViewRootImpl@6784265[MainActivity]: mWNT: t=0x7bed828900 mBlastBufferQueue=0x7b5f206d00 fn= 896 caller= android.view.ViewRootImpl.lambda$applyTransactionOnDraw$11$android-view-ViewRootImpl:12865 android.view.ViewRootImpl$$ExternalSyntheticLambda1.onFrameDraw:4 android.graphics.HardwareRenderer$FrameDrawingCallback.onFrameDraw:924 
10-17 13:50:49.011  3408  3408 I SurfaceView@ac9fd46: Changes: creating=false format=false size=false visible=false alpha=false hint=false mUseAlpha=false visible=false left=false top=true
10-17 13:50:49.011  3408  3408 I SurfaceView@ac9fd46: 181009734 Cur surface: Surface(name=null)/@0xfbf9158
10-17 13:50:49.012  3408  3408 I SurfaceView@ac9fd46: applyTransactionOnVriDraw: vri = ViewRootImpl@6784265[MainActivity] fRS = false t = 0x7bed828a00 android.view.SurfaceView.performSurfaceTransaction:959 android.view.SurfaceView.updateSurface:1105 android.view.SurfaceView.lambda$new$0$android-view-SurfaceView:200 
10-17 13:50:49.012  3408  3408 I ViewRootImpl@6784265[MainActivity]: applyTransactionOnDraw: mRemoved = false isHardwareEnabled = true t = 0x7bed828a00android.view.SurfaceView.applyTransactionOnVriDraw:2048 android.view.SurfaceView.performSurfaceTransaction:959 android.view.SurfaceView.updateSurface:1105 android.view.SurfaceView.lambda$new$0$android-view-SurfaceView:200 android.view.SurfaceView$$ExternalSyntheticLambda5.onPreDraw:2 
10-17 13:50:49.012  3408  3408 I SurfaceView@ac9fd46: updateSurface: mVisible = true mSurface.isValid() = true
10-17 13:50:49.012  3408  3408 I SurfaceView@ac9fd46: updateSurface: mSurfaceCreated = true surfaceChanged = false visibleChanged = false
10-17 13:50:49.012  3408  3408 V SurfaceView@ac9fd46: Layout: x=0 y=-1050 w=1080 h=525, frame=Rect(0, 0 - 1080, 525)
10-17 13:50:49.014  3408  3487 D SurfaceView@ac9fd46: updateSurfacePosition RenderWorker, frameNr = 897, position = [0, -1050, 1080, -525] surfaceSize = 1080x525
10-17 13:50:49.014  3408  3487 I SurfaceView@ac9fd46: uSP: rtp = Rect(0, -1050 - 1080, -525) rtsw = 1080 rtsh = 525
10-17 13:50:49.014  3408  3487 I SurfaceView@ac9fd46: onSSPAndSRT: pl = 0 pt = -1050 sx = 1.0 sy = 1.0
10-17 13:50:49.014  3408  3487 I SurfaceView@ac9fd46: aOrMT: ViewRootImpl@6784265[MainActivity] t = android.view.SurfaceControl$Transaction@d9dc60f fN = 897 android.view.SurfaceView.-$$Nest$mapplyOrMergeTransaction:0 android.view.SurfaceView$SurfaceViewPositionUpdateListener.positionChanged:1537 android.graphics.RenderNode$CompositePositionUpdateListener.positionChanged:373 
10-17 13:50:49.014  3408  3487 I ViewRootImpl@6784265[MainActivity]: mWNT: t=0x7b12a80900 mBlastBufferQueue=0x7b5f206d00 fn= 897 caller= android.view.SurfaceView.applyOrMergeTransaction:1455 android.view.SurfaceView.-$$Nest$mapplyOrMergeTransaction:0 android.view.SurfaceView$SurfaceViewPositionUpdateListener.positionChanged:1537 
10-17 13:50:49.014  3408  3487 I ViewRootImpl@6784265[MainActivity]: mWNT: t=0x7bed828a00 mBlastBufferQueue=0x7b5f206d00 fn= 897 caller= android.view.ViewRootImpl.lambda$applyTransactionOnDraw$11$android-view-ViewRootImpl:12865 android.view.ViewRootImpl$$ExternalSyntheticLambda1.onFrameDraw:4 android.graphics.HardwareRenderer$FrameDrawingCallback.onFrameDraw:924 
10-17 13:50:49.028  3408  3408 I SurfaceView@ac9fd46: Changes: creating=false format=false size=false visible=false alpha=false hint=false mUseAlpha=false visible=false left=false top=true
10-17 13:50:49.028  3408  3408 I SurfaceView@ac9fd46: 181009734 Cur surface: Surface(name=null)/@0xfbf9158
10-17 13:50:49.028  3408  3408 I SurfaceView@ac9fd46: applyTransactionOnVriDraw: vri = ViewRootImpl@6784265[MainActivity] fRS = false t = 0x7bed828b00 android.view.SurfaceView.performSurfaceTransaction:959 android.view.SurfaceView.updateSurface:1105 android.view.SurfaceView.lambda$new$0$android-view-SurfaceView:200 
10-17 13:50:49.029  3408  3408 I ViewRootImpl@6784265[MainActivity]: applyTransactionOnDraw: mRemoved = false isHardwareEnabled = true t = 0x7bed828b00android.view.SurfaceView.applyTransactionOnVriDraw:2048 android.view.SurfaceView.performSurfaceTransaction:959 android.view.SurfaceView.updateSurface:1105 android.view.SurfaceView.lambda$new$0$android-view-SurfaceView:200 android.view.SurfaceView$$ExternalSyntheticLambda5.onPreDraw:2 
10-17 13:50:49.029  3408  3408 I SurfaceView@ac9fd46: updateSurface: mVisible = true mSurface.isValid() = true
10-17 13:50:49.029  3408  3408 I SurfaceView@ac9fd46: updateSurface: mSurfaceCreated = true surfaceChanged = false visibleChanged = false
10-17 13:50:49.029  3408  3408 V SurfaceView@ac9fd46: Layout: x=0 y=-1054 w=1080 h=525, frame=Rect(0, 0 - 1080, 525)
10-17 13:50:49.030  3408  3486 D SurfaceView@ac9fd46: updateSurfacePosition RenderWorker, frameNr = 898, position = [0, -1054, 1080, -529] surfaceSize = 1080x525
10-17 13:50:49.030  3408  3486 I SurfaceView@ac9fd46: uSP: rtp = Rect(0, -1054 - 1080, -529) rtsw = 1080 rtsh = 525
10-17 13:50:49.030  3408  3486 I SurfaceView@ac9fd46: onSSPAndSRT: pl = 0 pt = -1054 sx = 1.0 sy = 1.0
10-17 13:50:49.031  3408  3486 I SurfaceView@ac9fd46: aOrMT: ViewRootImpl@6784265[MainActivity] t = android.view.SurfaceControl$Transaction@d9dc60f fN = 898 android.view.SurfaceView.-$$Nest$mapplyOrMergeTransaction:0 android.view.SurfaceView$SurfaceViewPositionUpdateListener.positionChanged:1537 android.graphics.RenderNode$CompositePositionUpdateListener.positionChanged:373 
10-17 13:50:49.031  3408  3486 I ViewRootImpl@6784265[MainActivity]: mWNT: t=0x7b12a80900 mBlastBufferQueue=0x7b5f206d00 fn= 898 caller= android.view.SurfaceView.applyOrMergeTransaction:1455 android.view.SurfaceView.-$$Nest$mapplyOrMergeTransaction:0 android.view.SurfaceView$SurfaceViewPositionUpdateListener.positionChanged:1537 
10-17 13:50:49.031  3408  3486 I ViewRootImpl@6784265[MainActivity]: mWNT: t=0x7bed828b00 mBlastBufferQueue=0x7b5f206d00 fn= 898 caller= android.view.ViewRootImpl.lambda$applyTransactionOnDraw$11$android-view-ViewRootImpl:12865 android.view.ViewRootImpl$$ExternalSyntheticLambda1.onFrameDraw:4 android.graphics.HardwareRenderer$FrameDrawingCallback.onFrameDraw:924 
10-17 13:50:49.044  3408  3408 I SurfaceView@ac9fd46: Changes: creating=false format=false size=false visible=false alpha=false hint=false mUseAlpha=false visible=false left=false top=true
10-17 13:50:49.044  3408  3408 I SurfaceView@ac9fd46: 181009734 Cur surface: Surface(name=null)/@0xfbf9158
10-17 13:50:49.045  3408  3408 I SurfaceView@ac9fd46: applyTransactionOnVriDraw: vri = ViewRootImpl@6784265[MainActivity] fRS = false t = 0x7bed828c00 android.view.SurfaceView.performSurfaceTransaction:959 android.view.SurfaceView.updateSurface:1105 android.view.SurfaceView.lambda$new$0$android-view-SurfaceView:200 
10-17 13:50:49.045  3408  3408 I ViewRootImpl@6784265[MainActivity]: applyTransactionOnDraw: mRemoved = false isHardwareEnabled = true t = 0x7bed828c00android.view.SurfaceView.applyTransactionOnVriDraw:2048 android.view.SurfaceView.performSurfaceTransaction:959 android.view.SurfaceView.updateSurface:1105 android.view.SurfaceView.lambda$new$0$android-view-SurfaceView:200 android.view.SurfaceView$$ExternalSyntheticLambda5.onPreDraw:2 
10-17 13:50:49.045  3408  3408 I SurfaceView@ac9fd46: updateSurface: mVisible = true mSurface.isValid() = true
10-17 13:50:49.045  3408  3408 I SurfaceView@ac9fd46: updateSurface: mSurfaceCreated = true surfaceChanged = false visibleChanged = false
10-17 13:50:49.045  3408  3408 V SurfaceView@ac9fd46: Layout: x=0 y=-1057 w=1080 h=525, frame=Rect(0, 0 - 1080, 525)
10-17 13:50:49.047  3408  3487 D SurfaceView@ac9fd46: updateSurfacePosition RenderWorker, frameNr = 899, position = [0, -1057, 1080, -532] surfaceSize = 1080x525
10-17 13:50:49.047  3408  3487 I SurfaceView@ac9fd46: uSP: rtp = Rect(0, -1057 - 1080, -532) rtsw = 1080 rtsh = 525
10-17 13:50:49.047  3408  3487 I SurfaceView@ac9fd46: onSSPAndSRT: pl = 0 pt = -1057 sx = 1.0 sy = 1.0
10-17 13:50:49.047  3408  3487 I SurfaceView@ac9fd46: aOrMT: ViewRootImpl@6784265[MainActivity] t = android.view.SurfaceControl$Transaction@d9dc60f fN = 899 android.view.SurfaceView.-$$Nest$mapplyOrMergeTransaction:0 android.view.SurfaceView$SurfaceViewPositionUpdateListener.positionChanged:1537 android.graphics.RenderNode$CompositePositionUpdateListener.positionChanged:373 
10-17 13:50:49.047  3408  3487 I ViewRootImpl@6784265[MainActivity]: mWNT: t=0x7b12a80900 mBlastBufferQueue=0x7b5f206d00 fn= 899 caller= android.view.SurfaceView.applyOrMergeTransaction:1455 android.view.SurfaceView.-$$Nest$mapplyOrMergeTransaction:0 android.view.SurfaceView$SurfaceViewPositionUpdateListener.positionChanged:1537 
10-17 13:50:49.048  3408  3487 I ViewRootImpl@6784265[MainActivity]: mWNT: t=0x7bed828c00 mBlastBufferQueue=0x7b5f206d00 fn= 899 caller= android.view.ViewRootImpl.lambda$applyTransactionOnDraw$11$android-view-ViewRootImpl:12865 android.view.ViewRootImpl$$ExternalSyntheticLambda1.onFrameDraw:4 android.graphics.HardwareRenderer$FrameDrawingCallback.onFrameDraw:924 
10-17 13:50:49.061  3408  3408 I SurfaceView@ac9fd46: Changes: creating=false format=false size=false visible=false alpha=false hint=false mUseAlpha=false visible=false left=false top=true
10-17 13:50:49.061  3408  3408 I SurfaceView@ac9fd46: 181009734 Cur surface: Surface(name=null)/@0xfbf9158
10-17 13:50:49.061  3408  3408 I SurfaceView@ac9fd46: applyTransactionOnVriDraw: vri = ViewRootImpl@6784265[MainActivity] fRS = false t = 0x7bed828d00 android.view.SurfaceView.performSurfaceTransaction:959 android.view.SurfaceView.updateSurface:1105 android.view.SurfaceView.lambda$new$0$android-view-SurfaceView:200 
10-17 13:50:49.062  3408  3408 I ViewRootImpl@6784265[MainActivity]: applyTransactionOnDraw: mRemoved = false isHardwareEnabled = true t = 0x7bed828d00android.view.SurfaceView.applyTransactionOnVriDraw:2048 android.view.SurfaceView.performSurfaceTransaction:959 android.view.SurfaceView.updateSurface:1105 android.view.SurfaceView.lambda$new$0$android-view-SurfaceView:200 android.view.SurfaceView$$ExternalSyntheticLambda5.onPreDraw:2 
10-17 13:50:49.062  3408  3408 I SurfaceView@ac9fd46: updateSurface: mVisible = true mSurface.isValid() = true
10-17 13:50:49.062  3408  3408 I SurfaceView@ac9fd46: updateSurface: mSurfaceCreated = true surfaceChanged = false visibleChanged = false
10-17 13:50:49.062  3408  3408 V SurfaceView@ac9fd46: Layout: x=0 y=-1060 w=1080 h=525, frame=Rect(0, 0 - 1080, 525)
10-17 13:50:49.063  3408  3486 D SurfaceView@ac9fd46: updateSurfacePosition RenderWorker, frameNr = 900, position = [0, -1060, 1080, -535] surfaceSize = 1080x525
10-17 13:50:49.063  3408  3486 I SurfaceView@ac9fd46: uSP: rtp = Rect(0, -1060 - 1080, -535) rtsw = 1080 rtsh = 525
10-17 13:50:49.063  3408  3486 I SurfaceView@ac9fd46: onSSPAndSRT: pl = 0 pt = -1060 sx = 1.0 sy = 1.0
10-17 13:50:49.064  3408  3486 I SurfaceView@ac9fd46: aOrMT: ViewRootImpl@6784265[MainActivity] t = android.view.SurfaceControl$Transaction@d9dc60f fN = 900 android.view.SurfaceView.-$$Nest$mapplyOrMergeTransaction:0 android.view.SurfaceView$SurfaceViewPositionUpdateListener.positionChanged:1537 android.graphics.RenderNode$CompositePositionUpdateListener.positionChanged:373 
10-17 13:50:49.064  3408  3486 I ViewRootImpl@6784265[MainActivity]: mWNT: t=0x7b12a80900 mBlastBufferQueue=0x7b5f206d00 fn= 900 caller= android.view.SurfaceView.applyOrMergeTransaction:1455 android.view.SurfaceView.-$$Nest$mapplyOrMergeTransaction:0 android.view.SurfaceView$SurfaceViewPositionUpdateListener.positionChanged:1537 
10-17 13:50:49.064  3408  3486 I ViewRootImpl@6784265[MainActivity]: mWNT: t=0x7bed828d00 mBlastBufferQueue=0x7b5f206d00 fn= 900 caller= android.view.ViewRootImpl.lambda$applyTransactionOnDraw$11$android-view-ViewRootImpl:12865 android.view.ViewRootImpl$$ExternalSyntheticLambda1.onFrameDraw:4 android.graphics.HardwareRenderer$FrameDrawingCallback.onFrameDraw:924 
10-17 13:50:49.077  3408  3408 I SurfaceView@ac9fd46: Changes: creating=false format=false size=false visible=false alpha=false hint=false mUseAlpha=false visible=false left=false top=true
10-17 13:50:49.077  3408  3408 I SurfaceView@ac9fd46: 181009734 Cur surface: Surface(name=null)/@0xfbf9158
10-17 13:50:49.078  3408  3408 I SurfaceView@ac9fd46: applyTransactionOnVriDraw: vri = ViewRootImpl@6784265[MainActivity] fRS = false t = 0x7bed828e00 android.view.SurfaceView.performSurfaceTransaction:959 android.view.SurfaceView.updateSurface:1105 android.view.SurfaceView.lambda$new$0$android-view-SurfaceView:200 
10-17 13:50:49.078  3408  3408 I ViewRootImpl@6784265[MainActivity]: applyTransactionOnDraw: mRemoved = false isHardwareEnabled = true t = 0x7bed828e00android.view.SurfaceView.applyTransactionOnVriDraw:2048 android.view.SurfaceView.performSurfaceTransaction:959 android.view.SurfaceView.updateSurface:1105 android.view.SurfaceView.lambda$new$0$android-view-SurfaceView:200 android.view.SurfaceView$$ExternalSyntheticLambda5.onPreDraw:2 
10-17 13:50:49.078  3408  3408 I SurfaceView@ac9fd46: updateSurface: mVisible = true mSurface.isValid() = true
10-17 13:50:49.078  3408  3408 I SurfaceView@ac9fd46: updateSurface: mSurfaceCreated = true surfaceChanged = false visibleChanged = false
10-17 13:50:49.078  3408  3408 V SurfaceView@ac9fd46: Layout: x=0 y=-1063 w=1080 h=525, frame=Rect(0, 0 - 1080, 525)
10-17 13:50:49.080  3408  3487 D SurfaceView@ac9fd46: updateSurfacePosition RenderWorker, frameNr = 901, position = [0, -1063, 1080, -538] surfaceSize = 1080x525
10-17 13:50:49.080  3408  3487 I SurfaceView@ac9fd46: uSP: rtp = Rect(0, -1063 - 1080, -538) rtsw = 1080 rtsh = 525
10-17 13:50:49.080  3408  3487 I SurfaceView@ac9fd46: onSSPAndSRT: pl = 0 pt = -1063 sx = 1.0 sy = 1.0
10-17 13:50:49.080  3408  3487 I SurfaceView@ac9fd46: aOrMT: ViewRootImpl@6784265[MainActivity] t = android.view.SurfaceControl$Transaction@d9dc60f fN = 901 android.view.SurfaceView.-$$Nest$mapplyOrMergeTransaction:0 android.view.SurfaceView$SurfaceViewPositionUpdateListener.positionChanged:1537 android.graphics.RenderNode$CompositePositionUpdateListener.positionChanged:373 
10-17 13:50:49.080  3408  3487 I ViewRootImpl@6784265[MainActivity]: mWNT: t=0x7b12a80900 mBlastBufferQueue=0x7b5f206d00 fn= 901 caller= android.view.SurfaceView.applyOrMergeTransaction:1455 android.view.SurfaceView.-$$Nest$mapplyOrMergeTransaction:0 android.view.SurfaceView$SurfaceViewPositionUpdateListener.positionChanged:1537 
10-17 13:50:49.081  3408  3487 I ViewRootImpl@6784265[MainActivity]: mWNT: t=0x7bed828e00 mBlastBufferQueue=0x7b5f206d00 fn= 901 caller= android.view.ViewRootImpl.lambda$applyTransactionOnDraw$11$android-view-ViewRootImpl:12865 android.view.ViewRootImpl$$ExternalSyntheticLambda1.onFrameDraw:4 android.graphics.HardwareRenderer$FrameDrawingCallback.onFrameDraw:924 
10-17 13:50:49.094  3408  3408 I SurfaceView@ac9fd46: Changes: creating=false format=false size=false visible=false alpha=false hint=false mUseAlpha=false visible=false left=false top=true
10-17 13:50:49.094  3408  3408 I SurfaceView@ac9fd46: 181009734 Cur surface: Surface(name=null)/@0xfbf9158
10-17 13:50:49.095  3408  3408 I SurfaceView@ac9fd46: applyTransactionOnVriDraw: vri = ViewRootImpl@6784265[MainActivity] fRS = false t = 0x7bed828f00 android.view.SurfaceView.performSurfaceTransaction:959 android.view.SurfaceView.updateSurface:1105 android.view.SurfaceView.lambda$new$0$android-view-SurfaceView:200 
10-17 13:50:49.095  3408  3408 I ViewRootImpl@6784265[MainActivity]: applyTransactionOnDraw: mRemoved = false isHardwareEnabled = true t = 0x7bed828f00android.view.SurfaceView.applyTransactionOnVriDraw:2048 android.view.SurfaceView.performSurfaceTransaction:959 android.view.SurfaceView.updateSurface:1105 android.view.SurfaceView.lambda$new$0$android-view-SurfaceView:200 android.view.SurfaceView$$ExternalSyntheticLambda5.onPreDraw:2 
10-17 13:50:49.095  3408  3408 I SurfaceView@ac9fd46: updateSurface: mVisible = true mSurface.isValid() = true
10-17 13:50:49.095  3408  3408 I SurfaceView@ac9fd46: updateSurface: mSurfaceCreated = true surfaceChanged = false visibleChanged = false
10-17 13:50:49.095  3408  3408 V SurfaceView@ac9fd46: Layout: x=0 y=-1065 w=1080 h=525, frame=Rect(0, 0 - 1080, 525)
10-17 13:50:49.096  3408  3486 D SurfaceView@ac9fd46: updateSurfacePosition RenderWorker, frameNr = 902, position = [0, -1065, 1080, -540] surfaceSize = 1080x525
10-17 13:50:49.097  3408  3486 I SurfaceView@ac9fd46: uSP: rtp = Rect(0, -1065 - 1080, -540) rtsw = 1080 rtsh = 525
10-17 13:50:49.097  3408  3486 I SurfaceView@ac9fd46: onSSPAndSRT: pl = 0 pt = -1065 sx = 1.0 sy = 1.0
10-17 13:50:49.097  3408  3486 I SurfaceView@ac9fd46: aOrMT: ViewRootImpl@6784265[MainActivity] t = android.view.SurfaceControl$Transaction@d9dc60f fN = 902 android.view.SurfaceView.-$$Nest$mapplyOrMergeTransaction:0 android.view.SurfaceView$SurfaceViewPositionUpdateListener.positionChanged:1537 android.graphics.RenderNode$CompositePositionUpdateListener.positionChanged:373 
10-17 13:50:49.097  3408  3486 I ViewRootImpl@6784265[MainActivity]: mWNT: t=0x7b12a80900 mBlastBufferQueue=0x7b5f206d00 fn= 902 caller= android.view.SurfaceView.applyOrMergeTransaction:1455 android.view.SurfaceView.-$$Nest$mapplyOrMergeTransaction:0 android.view.SurfaceView$SurfaceViewPositionUpdateListener.positionChanged:1537 
10-17 13:50:49.097  3408  3486 I ViewRootImpl@6784265[MainActivity]: mWNT: t=0x7bed828f00 mBlastBufferQueue=0x7b5f206d00 fn= 902 caller= android.view.ViewRootImpl.lambda$applyTransactionOnDraw$11$android-view-ViewRootImpl:12865 android.view.ViewRootImpl$$ExternalSyntheticLambda1.onFrameDraw:4 android.graphics.HardwareRenderer$FrameDrawingCallback.onFrameDraw:924 
10-17 13:50:49.112  3408  3408 I SurfaceView@ac9fd46: Changes: creating=false format=false size=false visible=false alpha=false hint=false mUseAlpha=false visible=false left=false top=true
10-17 13:50:49.112  3408  3408 I SurfaceView@ac9fd46: 181009734 Cur surface: Surface(name=null)/@0xfbf9158
10-17 13:50:49.113  3408  3408 I SurfaceView@ac9fd46: applyTransactionOnVriDraw: vri = ViewRootImpl@6784265[MainActivity] fRS = false t = 0x7b46c2e000 android.view.SurfaceView.performSurfaceTransaction:959 android.view.SurfaceView.updateSurface:1105 android.view.SurfaceView.lambda$new$0$android-view-SurfaceView:200 
10-17 13:50:49.114  3408  3408 I ViewRootImpl@6784265[MainActivity]: applyTransactionOnDraw: mRemoved = false isHardwareEnabled = true t = 0x7b46c2e000android.view.SurfaceView.applyTransactionOnVriDraw:2048 android.view.SurfaceView.performSurfaceTransaction:959 android.view.SurfaceView.updateSurface:1105 android.view.SurfaceView.lambda$new$0$android-view-SurfaceView:200 android.view.SurfaceView$$ExternalSyntheticLambda5.onPreDraw:2 
10-17 13:50:49.114  3408  3408 I SurfaceView@ac9fd46: updateSurface: mVisible = true mSurface.isValid() = true
10-17 13:50:49.114  3408  3408 I SurfaceView@ac9fd46: updateSurface: mSurfaceCreated = true surfaceChanged = false visibleChanged = false
10-17 13:50:49.114  3408  3408 V SurfaceView@ac9fd46: Layout: x=0 y=-1068 w=1080 h=525, frame=Rect(0, 0 - 1080, 525)
10-17 13:50:49.116  3408  3487 D SurfaceView@ac9fd46: updateSurfacePosition RenderWorker, frameNr = 903, position = [0, -1068, 1080, -543] surfaceSize = 1080x525
10-17 13:50:49.116  3408  3487 I SurfaceView@ac9fd46: uSP: rtp = Rect(0, -1068 - 1080, -543) rtsw = 1080 rtsh = 525
10-17 13:50:49.116  3408  3487 I SurfaceView@ac9fd46: onSSPAndSRT: pl = 0 pt = -1068 sx = 1.0 sy = 1.0
10-17 13:50:49.117  3408  3487 I SurfaceView@ac9fd46: aOrMT: ViewRootImpl@6784265[MainActivity] t = android.view.SurfaceControl$Transaction@d9dc60f fN = 903 android.view.SurfaceView.-$$Nest$mapplyOrMergeTransaction:0 android.view.SurfaceView$SurfaceViewPositionUpdateListener.positionChanged:1537 android.graphics.RenderNode$CompositePositionUpdateListener.positionChanged:373 
10-17 13:50:49.117  3408  3487 I ViewRootImpl@6784265[MainActivity]: mWNT: t=0x7b12a80900 mBlastBufferQueue=0x7b5f206d00 fn= 903 caller= android.view.SurfaceView.applyOrMergeTransaction:1455 android.view.SurfaceView.-$$Nest$mapplyOrMergeTransaction:0 android.view.SurfaceView$SurfaceViewPositionUpdateListener.positionChanged:1537 
