10-17 13:35:50.489   506   589 D SurfaceView@86d7559: updateSurfacePosition RenderWorker, frameNr = 680, position = [0, 188, 1080, 713] surfaceSize = 1080x525
10-17 13:35:50.490   506   589 I SurfaceView@86d7559: uSP: rtp = Rect(0, 188 - 1080, 713) rtsw = 1080 rtsh = 525
10-17 13:35:50.490   506   589 I SurfaceView@86d7559: onSSPAndSRT: pl = 0 pt = 188 sx = 1.0 sy = 1.0
10-17 13:35:50.490   506   589 I SurfaceView@86d7559: aOrMT: ViewRootImpl@6dcaa2e[MainActivity] t = android.view.SurfaceControl$Transaction@1903af6 fN = 680 android.view.SurfaceView.-$$Nest$mapplyOrMergeTransaction:0 android.view.SurfaceView$SurfaceViewPositionUpdateListener.positionChanged:1537 android.graphics.RenderNode$CompositePositionUpdateListener.positionChanged:373 
10-17 13:35:50.490   506   589 I ViewRootImpl@6dcaa2e[MainActivity]: mWNT: t=0x7b0d5b6200 mBlastBufferQueue=0x7b5b1f3400 fn= 680 caller= android.view.SurfaceView.applyOrMergeTransaction:1455 android.view.SurfaceView.-$$Nest$mapplyOrMergeTransaction:0 android.view.SurfaceView$SurfaceViewPositionUpdateListener.positionChanged:1537 
10-17 13:35:50.490   506   588 I ViewRootImpl@6dcaa2e[MainActivity]: mWNT: t=0x7bda9ee200 mBlastBufferQueue=0x7b5b1f3400 fn= 680 caller= android.view.ViewRootImpl.lambda$applyTransactionOnDraw$11$android-view-ViewRootImpl:12865 android.view.ViewRootImpl$$ExternalSyntheticLambda1.onFrameDraw:4 android.graphics.HardwareRenderer$FrameDrawingCallback.onFrameDraw:924 
10-17 13:35:50.496   506   506 I SurfaceView@86d7559: Changes: creating=false format=false size=false visible=false alpha=false hint=false mUseAlpha=false visible=false left=false top=true
10-17 13:35:50.496   506   506 I SurfaceView@86d7559: 141391193 Cur surface: Surface(name=null)/@0x1fb1a59
10-17 13:35:50.497   506   506 I SurfaceView@86d7559: applyTransactionOnVriDraw: vri = ViewRootImpl@6dcaa2e[MainActivity] fRS = false t = 0x7b0d5b6e00 android.view.SurfaceView.performSurfaceTransaction:959 android.view.SurfaceView.updateSurface:1105 android.view.SurfaceView.lambda$new$0$android-view-SurfaceView:200 
10-17 13:35:50.497   506   506 I ViewRootImpl@6dcaa2e[MainActivity]: applyTransactionOnDraw: mRemoved = false isHardwareEnabled = true t = 0x7b0d5b6e00android.view.SurfaceView.applyTransactionOnVriDraw:2048 android.view.SurfaceView.performSurfaceTransaction:959 android.view.SurfaceView.updateSurface:1105 android.view.SurfaceView.lambda$new$0$android-view-SurfaceView:200 android.view.SurfaceView$$ExternalSyntheticLambda5.onPreDraw:2 
10-17 13:35:50.497   506   506 I SurfaceView@86d7559: updateSurface: mVisible = true mSurface.isValid() = true
10-17 13:35:50.497   506   506 I SurfaceView@86d7559: updateSurface: mSurfaceCreated = true surfaceChanged = false visibleChanged = false
10-17 13:35:50.497   506   506 V SurfaceView@86d7559: Layout: x=0 y=145 w=1080 h=525, frame=Rect(0, 0 - 1080, 525)
10-17 13:35:50.511   506   589 D SurfaceView@86d7559: updateSurfacePosition RenderWorker, frameNr = 681, position = [0, 145, 1080, 670] surfaceSize = 1080x525
10-17 13:35:50.511   506   589 I SurfaceView@86d7559: uSP: rtp = Rect(0, 145 - 1080, 670) rtsw = 1080 rtsh = 525
10-17 13:35:50.511   506   589 I SurfaceView@86d7559: onSSPAndSRT: pl = 0 pt = 145 sx = 1.0 sy = 1.0
10-17 13:35:50.512   506   589 I SurfaceView@86d7559: aOrMT: ViewRootImpl@6dcaa2e[MainActivity] t = android.view.SurfaceControl$Transaction@1903af6 fN = 681 android.view.SurfaceView.-$$Nest$mapplyOrMergeTransaction:0 android.view.SurfaceView$SurfaceViewPositionUpdateListener.positionChanged:1537 android.graphics.RenderNode$CompositePositionUpdateListener.positionChanged:373 
10-17 13:35:50.512   506   589 I ViewRootImpl@6dcaa2e[MainActivity]: mWNT: t=0x7b0d5b6200 mBlastBufferQueue=0x7b5b1f3400 fn= 681 caller= android.view.SurfaceView.applyOrMergeTransaction:1455 android.view.SurfaceView.-$$Nest$mapplyOrMergeTransaction:0 android.view.SurfaceView$SurfaceViewPositionUpdateListener.positionChanged:1537 
10-17 13:35:50.513   506   589 I ViewRootImpl@6dcaa2e[MainActivity]: mWNT: t=0x7b0d5b6e00 mBlastBufferQueue=0x7b5b1f3400 fn= 681 caller= android.view.ViewRootImpl.lambda$applyTransactionOnDraw$11$android-view-ViewRootImpl:12865 android.view.ViewRootImpl$$ExternalSyntheticLambda1.onFrameDraw:4 android.graphics.HardwareRenderer$FrameDrawingCallback.onFrameDraw:924 
10-17 13:35:50.515   506   506 I SurfaceView@86d7559: Changes: creating=false format=false size=false visible=false alpha=false hint=false mUseAlpha=false visible=false left=false top=true
10-17 13:35:50.515   506   506 I SurfaceView@86d7559: 141391193 Cur surface: Surface(name=null)/@0x1fb1a59
10-17 13:35:50.515   506   506 I SurfaceView@86d7559: applyTransactionOnVriDraw: vri = ViewRootImpl@6dcaa2e[MainActivity] fRS = false t = 0x7b653f4000 android.view.SurfaceView.performSurfaceTransaction:959 android.view.SurfaceView.updateSurface:1105 android.view.SurfaceView.lambda$new$0$android-view-SurfaceView:200 
10-17 13:35:50.515   506   506 I ViewRootImpl@6dcaa2e[MainActivity]: applyTransactionOnDraw: mRemoved = false isHardwareEnabled = true t = 0x7b653f4000android.view.SurfaceView.applyTransactionOnVriDraw:2048 android.view.SurfaceView.performSurfaceTransaction:959 android.view.SurfaceView.updateSurface:1105 android.view.SurfaceView.lambda$new$0$android-view-SurfaceView:200 android.view.SurfaceView$$ExternalSyntheticLambda5.onPreDraw:2 
10-17 13:35:50.516   506   506 I SurfaceView@86d7559: updateSurface: mVisible = true mSurface.isValid() = true
10-17 13:35:50.516   506   506 I SurfaceView@86d7559: updateSurface: mSurfaceCreated = true surfaceChanged = false visibleChanged = false
10-17 13:35:50.516   506   506 V SurfaceView@86d7559: Layout: x=0 y=103 w=1080 h=525, frame=Rect(0, 0 - 1080, 525)
10-17 13:35:50.524   506   588 D SurfaceView@86d7559: updateSurfacePosition RenderWorker, frameNr = 682, position = [0, 103, 1080, 628] surfaceSize = 1080x525
10-17 13:35:50.524   506   588 I SurfaceView@86d7559: uSP: rtp = Rect(0, 103 - 1080, 628) rtsw = 1080 rtsh = 525
10-17 13:35:50.524   506   588 I SurfaceView@86d7559: onSSPAndSRT: pl = 0 pt = 103 sx = 1.0 sy = 1.0
10-17 13:35:50.524   506   588 I SurfaceView@86d7559: aOrMT: ViewRootImpl@6dcaa2e[MainActivity] t = android.view.SurfaceControl$Transaction@1903af6 fN = 682 android.view.SurfaceView.-$$Nest$mapplyOrMergeTransaction:0 android.view.SurfaceView$SurfaceViewPositionUpdateListener.positionChanged:1537 android.graphics.RenderNode$CompositePositionUpdateListener.positionChanged:373 
10-17 13:35:50.525   506   588 I ViewRootImpl@6dcaa2e[MainActivity]: mWNT: t=0x7b0d5b6200 mBlastBufferQueue=0x7b5b1f3400 fn= 682 caller= android.view.SurfaceView.applyOrMergeTransaction:1455 android.view.SurfaceView.-$$Nest$mapplyOrMergeTransaction:0 android.view.SurfaceView$SurfaceViewPositionUpdateListener.positionChanged:1537 
10-17 13:35:50.525   506   588 I ViewRootImpl@6dcaa2e[MainActivity]: mWNT: t=0x7b653f4000 mBlastBufferQueue=0x7b5b1f3400 fn= 682 caller= android.view.ViewRootImpl.lambda$applyTransactionOnDraw$11$android-view-ViewRootImpl:12865 android.view.ViewRootImpl$$ExternalSyntheticLambda1.onFrameDraw:4 android.graphics.HardwareRenderer$FrameDrawingCallback.onFrameDraw:924 
10-17 13:35:50.529   506   506 I SurfaceView@86d7559: Changes: creating=false format=false size=false visible=false alpha=false hint=false mUseAlpha=false visible=false left=false top=true
10-17 13:35:50.529   506   506 I SurfaceView@86d7559: 141391193 Cur surface: Surface(name=null)/@0x1fb1a59
10-17 13:35:50.529   506   506 I SurfaceView@86d7559: applyTransactionOnVriDraw: vri = ViewRootImpl@6dcaa2e[MainActivity] fRS = false t = 0x7b653f4400 android.view.SurfaceView.performSurfaceTransaction:959 android.view.SurfaceView.updateSurface:1105 android.view.SurfaceView.lambda$new$0$android-view-SurfaceView:200 
10-17 13:35:50.530   506   506 I ViewRootImpl@6dcaa2e[MainActivity]: applyTransactionOnDraw: mRemoved = false isHardwareEnabled = true t = 0x7b653f4400android.view.SurfaceView.applyTransactionOnVriDraw:2048 android.view.SurfaceView.performSurfaceTransaction:959 android.view.SurfaceView.updateSurface:1105 android.view.SurfaceView.lambda$new$0$android-view-SurfaceView:200 android.view.SurfaceView$$ExternalSyntheticLambda5.onPreDraw:2 
10-17 13:35:50.530   506   506 I SurfaceView@86d7559: updateSurface: mVisible = true mSurface.isValid() = true
10-17 13:35:50.530   506   506 I SurfaceView@86d7559: updateSurface: mSurfaceCreated = true surfaceChanged = false visibleChanged = false
10-17 13:35:50.530   506   506 V SurfaceView@86d7559: Layout: x=0 y=59 w=1080 h=525, frame=Rect(0, 0 - 1080, 525)
10-17 13:35:50.537   506   589 D SurfaceView@86d7559: updateSurfacePosition RenderWorker, frameNr = 683, position = [0, 59, 1080, 584] surfaceSize = 1080x525
10-17 13:35:50.538   506   589 I SurfaceView@86d7559: uSP: rtp = Rect(0, 59 - 1080, 584) rtsw = 1080 rtsh = 525
10-17 13:35:50.538   506   589 I SurfaceView@86d7559: onSSPAndSRT: pl = 0 pt = 59 sx = 1.0 sy = 1.0
10-17 13:35:50.538   506   589 I SurfaceView@86d7559: aOrMT: ViewRootImpl@6dcaa2e[MainActivity] t = android.view.SurfaceControl$Transaction@1903af6 fN = 683 android.view.SurfaceView.-$$Nest$mapplyOrMergeTransaction:0 android.view.SurfaceView$SurfaceViewPositionUpdateListener.positionChanged:1537 android.graphics.RenderNode$CompositePositionUpdateListener.positionChanged:373 
10-17 13:35:50.538   506   589 I ViewRootImpl@6dcaa2e[MainActivity]: mWNT: t=0x7b0d5b6200 mBlastBufferQueue=0x7b5b1f3400 fn= 683 caller= android.view.SurfaceView.applyOrMergeTransaction:1455 android.view.SurfaceView.-$$Nest$mapplyOrMergeTransaction:0 android.view.SurfaceView$SurfaceViewPositionUpdateListener.positionChanged:1537 
10-17 13:35:50.539   506   589 I ViewRootImpl@6dcaa2e[MainActivity]: mWNT: t=0x7b653f4400 mBlastBufferQueue=0x7b5b1f3400 fn= 683 caller= android.view.ViewRootImpl.lambda$applyTransactionOnDraw$11$android-view-ViewRootImpl:12865 android.view.ViewRootImpl$$ExternalSyntheticLambda1.onFrameDraw:4 android.graphics.HardwareRenderer$FrameDrawingCallback.onFrameDraw:924 
10-17 13:35:50.545   506   506 I SurfaceView@86d7559: Changes: creating=false format=false size=false visible=false alpha=false hint=false mUseAlpha=false visible=false left=false top=true
10-17 13:35:50.545   506   506 I SurfaceView@86d7559: 141391193 Cur surface: Surface(name=null)/@0x1fb1a59
10-17 13:35:50.546   506   506 I SurfaceView@86d7559: applyTransactionOnVriDraw: vri = ViewRootImpl@6dcaa2e[MainActivity] fRS = false t = 0x7b653f4a00 android.view.SurfaceView.performSurfaceTransaction:959 android.view.SurfaceView.updateSurface:1105 android.view.SurfaceView.lambda$new$0$android-view-SurfaceView:200 
10-17 13:35:50.546   506   506 I ViewRootImpl@6dcaa2e[MainActivity]: applyTransactionOnDraw: mRemoved = false isHardwareEnabled = true t = 0x7b653f4a00android.view.SurfaceView.applyTransactionOnVriDraw:2048 android.view.SurfaceView.performSurfaceTransaction:959 android.view.SurfaceView.updateSurface:1105 android.view.SurfaceView.lambda$new$0$android-view-SurfaceView:200 android.view.SurfaceView$$ExternalSyntheticLambda5.onPreDraw:2 
10-17 13:35:50.546   506   506 I SurfaceView@86d7559: updateSurface: mVisible = true mSurface.isValid() = true
10-17 13:35:50.546   506   506 I SurfaceView@86d7559: updateSurface: mSurfaceCreated = true surfaceChanged = false visibleChanged = false
10-17 13:35:50.546   506   506 V SurfaceView@86d7559: Layout: x=0 y=26 w=1080 h=525, frame=Rect(0, 0 - 1080, 525)
10-17 13:35:50.553   506   588 D SurfaceView@86d7559: updateSurfacePosition RenderWorker, frameNr = 684, position = [0, 26, 1080, 551] surfaceSize = 1080x525
10-17 13:35:50.553   506   588 I SurfaceView@86d7559: uSP: rtp = Rect(0, 26 - 1080, 551) rtsw = 1080 rtsh = 525
10-17 13:35:50.554   506   588 I SurfaceView@86d7559: onSSPAndSRT: pl = 0 pt = 26 sx = 1.0 sy = 1.0
10-17 13:35:50.554   506   588 I SurfaceView@86d7559: aOrMT: ViewRootImpl@6dcaa2e[MainActivity] t = android.view.SurfaceControl$Transaction@1903af6 fN = 684 android.view.SurfaceView.-$$Nest$mapplyOrMergeTransaction:0 android.view.SurfaceView$SurfaceViewPositionUpdateListener.positionChanged:1537 android.graphics.RenderNode$CompositePositionUpdateListener.positionChanged:373 
10-17 13:35:50.554   506   588 I ViewRootImpl@6dcaa2e[MainActivity]: mWNT: t=0x7b0d5b6200 mBlastBufferQueue=0x7b5b1f3400 fn= 684 caller= android.view.SurfaceView.applyOrMergeTransaction:1455 android.view.SurfaceView.-$$Nest$mapplyOrMergeTransaction:0 android.view.SurfaceView$SurfaceViewPositionUpdateListener.positionChanged:1537 
10-17 13:35:50.555   506   588 I ViewRootImpl@6dcaa2e[MainActivity]: mWNT: t=0x7b653f4a00 mBlastBufferQueue=0x7b5b1f3400 fn= 684 caller= android.view.ViewRootImpl.lambda$applyTransactionOnDraw$11$android-view-ViewRootImpl:12865 android.view.ViewRootImpl$$ExternalSyntheticLambda1.onFrameDraw:4 android.graphics.HardwareRenderer$FrameDrawingCallback.onFrameDraw:924 
10-17 13:35:50.562   506   506 I SurfaceView@86d7559: Changes: creating=false format=false size=false visible=false alpha=false hint=false mUseAlpha=false visible=false left=false top=true
10-17 13:35:50.562   506   506 I SurfaceView@86d7559: 141391193 Cur surface: Surface(name=null)/@0x1fb1a59
10-17 13:35:50.562   506   506 I SurfaceView@86d7559: applyTransactionOnVriDraw: vri = ViewRootImpl@6dcaa2e[MainActivity] fRS = false t = 0x7b653f4c00 android.view.SurfaceView.performSurfaceTransaction:959 android.view.SurfaceView.updateSurface:1105 android.view.SurfaceView.lambda$new$0$android-view-SurfaceView:200 
10-17 13:35:50.562   506   506 I ViewRootImpl@6dcaa2e[MainActivity]: applyTransactionOnDraw: mRemoved = false isHardwareEnabled = true t = 0x7b653f4c00android.view.SurfaceView.applyTransactionOnVriDraw:2048 android.view.SurfaceView.performSurfaceTransaction:959 android.view.SurfaceView.updateSurface:1105 android.view.SurfaceView.lambda$new$0$android-view-SurfaceView:200 android.view.SurfaceView$$ExternalSyntheticLambda5.onPreDraw:2 
10-17 13:35:50.562   506   506 I SurfaceView@86d7559: updateSurface: mVisible = true mSurface.isValid() = true
10-17 13:35:50.562   506   506 I SurfaceView@86d7559: updateSurface: mSurfaceCreated = true surfaceChanged = false visibleChanged = false
10-17 13:35:50.563   506   506 V SurfaceView@86d7559: Layout: x=0 y=-4 w=1080 h=525, frame=Rect(0, 0 - 1080, 525)
10-17 13:35:50.570   506   589 D SurfaceView@86d7559: updateSurfacePosition RenderWorker, frameNr = 685, position = [0, -4, 1080, 521] surfaceSize = 1080x525
10-17 13:35:50.570   506   589 I SurfaceView@86d7559: uSP: rtp = Rect(0, -4 - 1080, 521) rtsw = 1080 rtsh = 525
10-17 13:35:50.570   506   589 I SurfaceView@86d7559: onSSPAndSRT: pl = 0 pt = -4 sx = 1.0 sy = 1.0
10-17 13:35:50.570   506   589 I SurfaceView@86d7559: aOrMT: ViewRootImpl@6dcaa2e[MainActivity] t = android.view.SurfaceControl$Transaction@1903af6 fN = 685 android.view.SurfaceView.-$$Nest$mapplyOrMergeTransaction:0 android.view.SurfaceView$SurfaceViewPositionUpdateListener.positionChanged:1537 android.graphics.RenderNode$CompositePositionUpdateListener.positionChanged:373 
10-17 13:35:50.570   506   589 I ViewRootImpl@6dcaa2e[MainActivity]: mWNT: t=0x7b0d5b6200 mBlastBufferQueue=0x7b5b1f3400 fn= 685 caller= android.view.SurfaceView.applyOrMergeTransaction:1455 android.view.SurfaceView.-$$Nest$mapplyOrMergeTransaction:0 android.view.SurfaceView$SurfaceViewPositionUpdateListener.positionChanged:1537 
10-17 13:35:50.571   506   589 I ViewRootImpl@6dcaa2e[MainActivity]: mWNT: t=0x7b653f4c00 mBlastBufferQueue=0x7b5b1f3400 fn= 685 caller= android.view.ViewRootImpl.lambda$applyTransactionOnDraw$11$android-view-ViewRootImpl:12865 android.view.ViewRootImpl$$ExternalSyntheticLambda1.onFrameDraw:4 android.graphics.HardwareRenderer$FrameDrawingCallback.onFrameDraw:924 
10-17 13:35:50.578   506   506 I SurfaceView@86d7559: Changes: creating=false format=false size=false visible=false alpha=false hint=false mUseAlpha=false visible=false left=false top=true
10-17 13:35:50.578   506   506 I SurfaceView@86d7559: 141391193 Cur surface: Surface(name=null)/@0x1fb1a59
10-17 13:35:50.579   506   506 I SurfaceView@86d7559: applyTransactionOnVriDraw: vri = ViewRootImpl@6dcaa2e[MainActivity] fRS = false t = 0x7b653f4e00 android.view.SurfaceView.performSurfaceTransaction:959 android.view.SurfaceView.updateSurface:1105 android.view.SurfaceView.lambda$new$0$android-view-SurfaceView:200 
10-17 13:35:50.579   506   506 I ViewRootImpl@6dcaa2e[MainActivity]: applyTransactionOnDraw: mRemoved = false isHardwareEnabled = true t = 0x7b653f4e00android.view.SurfaceView.applyTransactionOnVriDraw:2048 android.view.SurfaceView.performSurfaceTransaction:959 android.view.SurfaceView.updateSurface:1105 android.view.SurfaceView.lambda$new$0$android-view-SurfaceView:200 android.view.SurfaceView$$ExternalSyntheticLambda5.onPreDraw:2 
10-17 13:35:50.579   506   506 I SurfaceView@86d7559: updateSurface: mVisible = true mSurface.isValid() = true
10-17 13:35:50.579   506   506 I SurfaceView@86d7559: updateSurface: mSurfaceCreated = true surfaceChanged = false visibleChanged = false
10-17 13:35:50.579   506   506 V SurfaceView@86d7559: Layout: x=0 y=-32 w=1080 h=525, frame=Rect(0, 0 - 1080, 525)
10-17 13:35:50.586   506   588 D SurfaceView@86d7559: updateSurfacePosition RenderWorker, frameNr = 686, position = [0, -32, 1080, 493] surfaceSize = 1080x525
10-17 13:35:50.586   506   588 I SurfaceView@86d7559: uSP: rtp = Rect(0, -32 - 1080, 493) rtsw = 1080 rtsh = 525
10-17 13:35:50.586   506   588 I SurfaceView@86d7559: onSSPAndSRT: pl = 0 pt = -32 sx = 1.0 sy = 1.0
10-17 13:35:50.586   506   588 I SurfaceView@86d7559: aOrMT: ViewRootImpl@6dcaa2e[MainActivity] t = android.view.SurfaceControl$Transaction@1903af6 fN = 686 android.view.SurfaceView.-$$Nest$mapplyOrMergeTransaction:0 android.view.SurfaceView$SurfaceViewPositionUpdateListener.positionChanged:1537 android.graphics.RenderNode$CompositePositionUpdateListener.positionChanged:373 
10-17 13:35:50.587   506   588 I ViewRootImpl@6dcaa2e[MainActivity]: mWNT: t=0x7b0d5b6200 mBlastBufferQueue=0x7b5b1f3400 fn= 686 caller= android.view.SurfaceView.applyOrMergeTransaction:1455 android.view.SurfaceView.-$$Nest$mapplyOrMergeTransaction:0 android.view.SurfaceView$SurfaceViewPositionUpdateListener.positionChanged:1537 
10-17 13:35:50.587   506   588 I ViewRootImpl@6dcaa2e[MainActivity]: mWNT: t=0x7b653f4e00 mBlastBufferQueue=0x7b5b1f3400 fn= 686 caller= android.view.ViewRootImpl.lambda$applyTransactionOnDraw$11$android-view-ViewRootImpl:12865 android.view.ViewRootImpl$$ExternalSyntheticLambda1.onFrameDraw:4 android.graphics.HardwareRenderer$FrameDrawingCallback.onFrameDraw:924 
10-17 13:35:50.595   506   506 I SurfaceView@86d7559: Changes: creating=false format=false size=false visible=false alpha=false hint=false mUseAlpha=false visible=false left=false top=true
10-17 13:35:50.595   506   506 I SurfaceView@86d7559: 141391193 Cur surface: Surface(name=null)/@0x1fb1a59
10-17 13:35:50.595   506   506 I SurfaceView@86d7559: applyTransactionOnVriDraw: vri = ViewRootImpl@6dcaa2e[MainActivity] fRS = false t = 0x7b65434000 android.view.SurfaceView.performSurfaceTransaction:959 android.view.SurfaceView.updateSurface:1105 android.view.SurfaceView.lambda$new$0$android-view-SurfaceView:200 
10-17 13:35:50.595   506   506 I ViewRootImpl@6dcaa2e[MainActivity]: applyTransactionOnDraw: mRemoved = false isHardwareEnabled = true t = 0x7b65434000android.view.SurfaceView.applyTransactionOnVriDraw:2048 android.view.SurfaceView.performSurfaceTransaction:959 android.view.SurfaceView.updateSurface:1105 android.view.SurfaceView.lambda$new$0$android-view-SurfaceView:200 android.view.SurfaceView$$ExternalSyntheticLambda5.onPreDraw:2 
10-17 13:35:50.595   506   506 I SurfaceView@86d7559: updateSurface: mVisible = true mSurface.isValid() = true
10-17 13:35:50.595   506   506 I SurfaceView@86d7559: updateSurface: mSurfaceCreated = true surfaceChanged = false visibleChanged = false
10-17 13:35:50.595   506   506 V SurfaceView@86d7559: Layout: x=0 y=-55 w=1080 h=525, frame=Rect(0, 0 - 1080, 525)
10-17 13:35:50.603   506   589 D SurfaceView@86d7559: updateSurfacePosition RenderWorker, frameNr = 687, position = [0, -55, 1080, 470] surfaceSize = 1080x525
10-17 13:35:50.603   506   589 I SurfaceView@86d7559: uSP: rtp = Rect(0, -55 - 1080, 470) rtsw = 1080 rtsh = 525
10-17 13:35:50.603   506   589 I SurfaceView@86d7559: onSSPAndSRT: pl = 0 pt = -55 sx = 1.0 sy = 1.0
10-17 13:35:50.604   506   589 I SurfaceView@86d7559: aOrMT: ViewRootImpl@6dcaa2e[MainActivity] t = android.view.SurfaceControl$Transaction@1903af6 fN = 687 android.view.SurfaceView.-$$Nest$mapplyOrMergeTransaction:0 android.view.SurfaceView$SurfaceViewPositionUpdateListener.positionChanged:1537 android.graphics.RenderNode$CompositePositionUpdateListener.positionChanged:373 
10-17 13:35:50.604   506   589 I ViewRootImpl@6dcaa2e[MainActivity]: mWNT: t=0x7b0d5b6200 mBlastBufferQueue=0x7b5b1f3400 fn= 687 caller= android.view.SurfaceView.applyOrMergeTransaction:1455 android.view.SurfaceView.-$$Nest$mapplyOrMergeTransaction:0 android.view.SurfaceView$SurfaceViewPositionUpdateListener.positionChanged:1537 
10-17 13:35:50.604   506   589 I ViewRootImpl@6dcaa2e[MainActivity]: mWNT: t=0x7b65434000 mBlastBufferQueue=0x7b5b1f3400 fn= 687 caller= android.view.ViewRootImpl.lambda$applyTransactionOnDraw$11$android-view-ViewRootImpl:12865 android.view.ViewRootImpl$$ExternalSyntheticLambda1.onFrameDraw:4 android.graphics.HardwareRenderer$FrameDrawingCallback.onFrameDraw:924 
10-17 13:35:50.611   506   506 I SurfaceView@86d7559: Changes: creating=false format=false size=false visible=false alpha=false hint=false mUseAlpha=false visible=false left=false top=true
10-17 13:35:50.611   506   506 I SurfaceView@86d7559: 141391193 Cur surface: Surface(name=null)/@0x1fb1a59
10-17 13:35:50.612   506   506 I SurfaceView@86d7559: applyTransactionOnVriDraw: vri = ViewRootImpl@6dcaa2e[MainActivity] fRS = false t = 0x7b65434200 android.view.SurfaceView.performSurfaceTransaction:959 android.view.SurfaceView.updateSurface:1105 android.view.SurfaceView.lambda$new$0$android-view-SurfaceView:200 
10-17 13:35:50.612   506   506 I ViewRootImpl@6dcaa2e[MainActivity]: applyTransactionOnDraw: mRemoved = false isHardwareEnabled = true t = 0x7b65434200android.view.SurfaceView.applyTransactionOnVriDraw:2048 android.view.SurfaceView.performSurfaceTransaction:959 android.view.SurfaceView.updateSurface:1105 android.view.SurfaceView.lambda$new$0$android-view-SurfaceView:200 android.view.SurfaceView$$ExternalSyntheticLambda5.onPreDraw:2 
10-17 13:35:50.612   506   506 I SurfaceView@86d7559: updateSurface: mVisible = true mSurface.isValid() = true
10-17 13:35:50.612   506   506 I SurfaceView@86d7559: updateSurface: mSurfaceCreated = true surfaceChanged = false visibleChanged = false
10-17 13:35:50.612   506   506 V SurfaceView@86d7559: Layout: x=0 y=-74 w=1080 h=525, frame=Rect(0, 0 - 1080, 525)
10-17 13:35:50.621   506   588 D SurfaceView@86d7559: updateSurfacePosition RenderWorker, frameNr = 688, position = [0, -74, 1080, 451] surfaceSize = 1080x525
10-17 13:35:50.621   506   588 I SurfaceView@86d7559: uSP: rtp = Rect(0, -74 - 1080, 451) rtsw = 1080 rtsh = 525
10-17 13:35:50.621   506   588 I SurfaceView@86d7559: onSSPAndSRT: pl = 0 pt = -74 sx = 1.0 sy = 1.0
10-17 13:35:50.621   506   588 I SurfaceView@86d7559: aOrMT: ViewRootImpl@6dcaa2e[MainActivity] t = android.view.SurfaceControl$Transaction@1903af6 fN = 688 android.view.SurfaceView.-$$Nest$mapplyOrMergeTransaction:0 android.view.SurfaceView$SurfaceViewPositionUpdateListener.positionChanged:1537 android.graphics.RenderNode$CompositePositionUpdateListener.positionChanged:373 
10-17 13:35:50.622   506   588 I ViewRootImpl@6dcaa2e[MainActivity]: mWNT: t=0x7b0d5b6200 mBlastBufferQueue=0x7b5b1f3400 fn= 688 caller= android.view.SurfaceView.applyOrMergeTransaction:1455 android.view.SurfaceView.-$$Nest$mapplyOrMergeTransaction:0 android.view.SurfaceView$SurfaceViewPositionUpdateListener.positionChanged:1537 
10-17 13:35:50.622   506   588 I ViewRootImpl@6dcaa2e[MainActivity]: mWNT: t=0x7b65434200 mBlastBufferQueue=0x7b5b1f3400 fn= 688 caller= android.view.ViewRootImpl.lambda$applyTransactionOnDraw$11$android-view-ViewRootImpl:12865 android.view.ViewRootImpl$$ExternalSyntheticLambda1.onFrameDraw:4 android.graphics.HardwareRenderer$FrameDrawingCallback.onFrameDraw:924 
10-17 13:35:50.628   506   506 I SurfaceView@86d7559: Changes: creating=false format=false size=false visible=false alpha=false hint=false mUseAlpha=false visible=false left=false top=true
10-17 13:35:50.628   506   506 I SurfaceView@86d7559: 141391193 Cur surface: Surface(name=null)/@0x1fb1a59
10-17 13:35:50.629   506   506 I SurfaceView@86d7559: applyTransactionOnVriDraw: vri = ViewRootImpl@6dcaa2e[MainActivity] fRS = false t = 0x7b65434400 android.view.SurfaceView.performSurfaceTransaction:959 android.view.SurfaceView.updateSurface:1105 android.view.SurfaceView.lambda$new$0$android-view-SurfaceView:200 
10-17 13:35:50.629   506   506 I ViewRootImpl@6dcaa2e[MainActivity]: applyTransactionOnDraw: mRemoved = false isHardwareEnabled = true t = 0x7b65434400android.view.SurfaceView.applyTransactionOnVriDraw:2048 android.view.SurfaceView.performSurfaceTransaction:959 android.view.SurfaceView.updateSurface:1105 android.view.SurfaceView.lambda$new$0$android-view-SurfaceView:200 android.view.SurfaceView$$ExternalSyntheticLambda5.onPreDraw:2 
10-17 13:35:50.629   506   506 I SurfaceView@86d7559: updateSurface: mVisible = true mSurface.isValid() = true
10-17 13:35:50.629   506   506 I SurfaceView@86d7559: updateSurface: mSurfaceCreated = true surfaceChanged = false visibleChanged = false
10-17 13:35:50.629   506   506 V SurfaceView@86d7559: Layout: x=0 y=-95 w=1080 h=525, frame=Rect(0, 0 - 1080, 525)
10-17 13:35:50.636   506   589 D SurfaceView@86d7559: updateSurfacePosition RenderWorker, frameNr = 689, position = [0, -95, 1080, 430] surfaceSize = 1080x525
10-17 13:35:50.636   506   589 I SurfaceView@86d7559: uSP: rtp = Rect(0, -95 - 1080, 430) rtsw = 1080 rtsh = 525
10-17 13:35:50.636   506   589 I SurfaceView@86d7559: onSSPAndSRT: pl = 0 pt = -95 sx = 1.0 sy = 1.0
10-17 13:35:50.636   506   589 I SurfaceView@86d7559: aOrMT: ViewRootImpl@6dcaa2e[MainActivity] t = android.view.SurfaceControl$Transaction@1903af6 fN = 689 android.view.SurfaceView.-$$Nest$mapplyOrMergeTransaction:0 android.view.SurfaceView$SurfaceViewPositionUpdateListener.positionChanged:1537 android.graphics.RenderNode$CompositePositionUpdateListener.positionChanged:373 
10-17 13:35:50.636   506   589 I ViewRootImpl@6dcaa2e[MainActivity]: mWNT: t=0x7b0d5b6200 mBlastBufferQueue=0x7b5b1f3400 fn= 689 caller= android.view.SurfaceView.applyOrMergeTransaction:1455 android.view.SurfaceView.-$$Nest$mapplyOrMergeTransaction:0 android.view.SurfaceView$SurfaceViewPositionUpdateListener.positionChanged:1537 
10-17 13:35:50.637   506   589 I ViewRootImpl@6dcaa2e[MainActivity]: mWNT: t=0x7b65434400 mBlastBufferQueue=0x7b5b1f3400 fn= 689 caller= android.view.ViewRootImpl.lambda$applyTransactionOnDraw$11$android-view-ViewRootImpl:12865 android.view.ViewRootImpl$$ExternalSyntheticLambda1.onFrameDraw:4 android.graphics.HardwareRenderer$FrameDrawingCallback.onFrameDraw:924 
10-17 13:35:50.645   506   506 I SurfaceView@86d7559: Changes: creating=false format=false size=false visible=false alpha=false hint=false mUseAlpha=false visible=false left=false top=true
10-17 13:35:50.645   506   506 I SurfaceView@86d7559: 141391193 Cur surface: Surface(name=null)/@0x1fb1a59
10-17 13:35:50.645   506   506 I SurfaceView@86d7559: applyTransactionOnVriDraw: vri = ViewRootImpl@6dcaa2e[MainActivity] fRS = false t = 0x7b65434600 android.view.SurfaceView.performSurfaceTransaction:959 android.view.SurfaceView.updateSurface:1105 android.view.SurfaceView.lambda$new$0$android-view-SurfaceView:200 
10-17 13:35:50.645   506   506 I ViewRootImpl@6dcaa2e[MainActivity]: applyTransactionOnDraw: mRemoved = false isHardwareEnabled = true t = 0x7b65434600android.view.SurfaceView.applyTransactionOnVriDraw:2048 android.view.SurfaceView.performSurfaceTransaction:959 android.view.SurfaceView.updateSurface:1105 android.view.SurfaceView.lambda$new$0$android-view-SurfaceView:200 android.view.SurfaceView$$ExternalSyntheticLambda5.onPreDraw:2 
10-17 13:35:50.645   506   506 I SurfaceView@86d7559: updateSurface: mVisible = true mSurface.isValid() = true
10-17 13:35:50.646   506   506 I SurfaceView@86d7559: updateSurface: mSurfaceCreated = true surfaceChanged = false visibleChanged = false
10-17 13:35:50.646   506   506 V SurfaceView@86d7559: Layout: x=0 y=-115 w=1080 h=525, frame=Rect(0, 0 - 1080, 525)
10-17 13:35:50.653   506   588 D SurfaceView@86d7559: updateSurfacePosition RenderWorker, frameNr = 690, position = [0, -115, 1080, 410] surfaceSize = 1080x525
10-17 13:35:50.653   506   588 I SurfaceView@86d7559: uSP: rtp = Rect(0, -115 - 1080, 410) rtsw = 1080 rtsh = 525
10-17 13:35:50.653   506   588 I SurfaceView@86d7559: onSSPAndSRT: pl = 0 pt = -115 sx = 1.0 sy = 1.0
10-17 13:35:50.653   506   588 I SurfaceView@86d7559: aOrMT: ViewRootImpl@6dcaa2e[MainActivity] t = android.view.SurfaceControl$Transaction@1903af6 fN = 690 android.view.SurfaceView.-$$Nest$mapplyOrMergeTransaction:0 android.view.SurfaceView$SurfaceViewPositionUpdateListener.positionChanged:1537 android.graphics.RenderNode$CompositePositionUpdateListener.positionChanged:373 
10-17 13:35:50.653   506   588 I ViewRootImpl@6dcaa2e[MainActivity]: mWNT: t=0x7b0d5b6200 mBlastBufferQueue=0x7b5b1f3400 fn= 690 caller= android.view.SurfaceView.applyOrMergeTransaction:1455 android.view.SurfaceView.-$$Nest$mapplyOrMergeTransaction:0 android.view.SurfaceView$SurfaceViewPositionUpdateListener.positionChanged:1537 
10-17 13:35:50.653   506   588 I ViewRootImpl@6dcaa2e[MainActivity]: mWNT: t=0x7b65434600 mBlastBufferQueue=0x7b5b1f3400 fn= 690 caller= android.view.ViewRootImpl.lambda$applyTransactionOnDraw$11$android-view-ViewRootImpl:12865 android.view.ViewRootImpl$$ExternalSyntheticLambda1.onFrameDraw:4 android.graphics.HardwareRenderer$FrameDrawingCallback.onFrameDraw:924 
10-17 13:35:50.662   506   506 I SurfaceView@86d7559: Changes: creating=false format=false size=false visible=false alpha=false hint=false mUseAlpha=false visible=false left=false top=true
10-17 13:35:50.662   506   506 I SurfaceView@86d7559: 141391193 Cur surface: Surface(name=null)/@0x1fb1a59
10-17 13:35:50.662   506   506 I SurfaceView@86d7559: applyTransactionOnVriDraw: vri = ViewRootImpl@6dcaa2e[MainActivity] fRS = false t = 0x7b65434800 android.view.SurfaceView.performSurfaceTransaction:959 android.view.SurfaceView.updateSurface:1105 android.view.SurfaceView.lambda$new$0$android-view-SurfaceView:200 
10-17 13:35:50.662   506   506 I ViewRootImpl@6dcaa2e[MainActivity]: applyTransactionOnDraw: mRemoved = false isHardwareEnabled = true t = 0x7b65434800android.view.SurfaceView.applyTransactionOnVriDraw:2048 android.view.SurfaceView.performSurfaceTransaction:959 android.view.SurfaceView.updateSurface:1105 android.view.SurfaceView.lambda$new$0$android-view-SurfaceView:200 android.view.SurfaceView$$ExternalSyntheticLambda5.onPreDraw:2 
10-17 13:35:50.663   506   506 I SurfaceView@86d7559: updateSurface: mVisible = true mSurface.isValid() = true
10-17 13:35:50.663   506   506 I SurfaceView@86d7559: updateSurface: mSurfaceCreated = true surfaceChanged = false visibleChanged = false
10-17 13:35:50.663   506   506 V SurfaceView@86d7559: Layout: x=0 y=-137 w=1080 h=525, frame=Rect(0, 0 - 1080, 525)
10-17 13:35:50.670   506   589 D SurfaceView@86d7559: updateSurfacePosition RenderWorker, frameNr = 691, position = [0, -137, 1080, 388] surfaceSize = 1080x525
10-17 13:35:50.670   506   589 I SurfaceView@86d7559: uSP: rtp = Rect(0, -137 - 1080, 388) rtsw = 1080 rtsh = 525
10-17 13:35:50.670   506   589 I SurfaceView@86d7559: onSSPAndSRT: pl = 0 pt = -137 sx = 1.0 sy = 1.0
10-17 13:35:50.671   506   589 I SurfaceView@86d7559: aOrMT: ViewRootImpl@6dcaa2e[MainActivity] t = android.view.SurfaceControl$Transaction@1903af6 fN = 691 android.view.SurfaceView.-$$Nest$mapplyOrMergeTransaction:0 android.view.SurfaceView$SurfaceViewPositionUpdateListener.positionChanged:1537 android.graphics.RenderNode$CompositePositionUpdateListener.positionChanged:373 
10-17 13:35:50.671   506   589 I ViewRootImpl@6dcaa2e[MainActivity]: mWNT: t=0x7b0d5b6200 mBlastBufferQueue=0x7b5b1f3400 fn= 691 caller= android.view.SurfaceView.applyOrMergeTransaction:1455 android.view.SurfaceView.-$$Nest$mapplyOrMergeTransaction:0 android.view.SurfaceView$SurfaceViewPositionUpdateListener.positionChanged:1537 
10-17 13:35:50.672   506   589 I ViewRootImpl@6dcaa2e[MainActivity]: mWNT: t=0x7b65434800 mBlastBufferQueue=0x7b5b1f3400 fn= 691 caller= android.view.ViewRootImpl.lambda$applyTransactionOnDraw$11$android-view-ViewRootImpl:12865 android.view.ViewRootImpl$$ExternalSyntheticLambda1.onFrameDraw:4 android.graphics.HardwareRenderer$FrameDrawingCallback.onFrameDraw:924 
10-17 13:35:50.678   506   506 I SurfaceView@86d7559: Changes: creating=false format=false size=false visible=false alpha=false hint=false mUseAlpha=false visible=false left=false top=true
10-17 13:35:50.678   506   506 I SurfaceView@86d7559: 141391193 Cur surface: Surface(name=null)/@0x1fb1a59
10-17 13:35:50.679   506   506 I SurfaceView@86d7559: applyTransactionOnVriDraw: vri = ViewRootImpl@6dcaa2e[MainActivity] fRS = false t = 0x7b65434a00 android.view.SurfaceView.performSurfaceTransaction:959 android.view.SurfaceView.updateSurface:1105 android.view.SurfaceView.lambda$new$0$android-view-SurfaceView:200 
10-17 13:35:50.679   506   506 I ViewRootImpl@6dcaa2e[MainActivity]: applyTransactionOnDraw: mRemoved = false isHardwareEnabled = true t = 0x7b65434a00android.view.SurfaceView.applyTransactionOnVriDraw:2048 android.view.SurfaceView.performSurfaceTransaction:959 android.view.SurfaceView.updateSurface:1105 android.view.SurfaceView.lambda$new$0$android-view-SurfaceView:200 android.view.SurfaceView$$ExternalSyntheticLambda5.onPreDraw:2 
10-17 13:35:50.679   506   506 I SurfaceView@86d7559: updateSurface: mVisible = true mSurface.isValid() = true
10-17 13:35:50.679   506   506 I SurfaceView@86d7559: updateSurface: mSurfaceCreated = true surfaceChanged = false visibleChanged = false
10-17 13:35:50.679   506   506 V SurfaceView@86d7559: Layout: x=0 y=-163 w=1080 h=525, frame=Rect(0, 0 - 1080, 525)
10-17 13:35:50.686   506   588 D SurfaceView@86d7559: updateSurfacePosition RenderWorker, frameNr = 692, position = [0, -163, 1080, 362] surfaceSize = 1080x525
10-17 13:35:50.687   506   588 I SurfaceView@86d7559: uSP: rtp = Rect(0, -163 - 1080, 362) rtsw = 1080 rtsh = 525
10-17 13:35:50.687   506   588 I SurfaceView@86d7559: onSSPAndSRT: pl = 0 pt = -163 sx = 1.0 sy = 1.0
10-17 13:35:50.687   506   588 I SurfaceView@86d7559: aOrMT: ViewRootImpl@6dcaa2e[MainActivity] t = android.view.SurfaceControl$Transaction@1903af6 fN = 692 android.view.SurfaceView.-$$Nest$mapplyOrMergeTransaction:0 android.view.SurfaceView$SurfaceViewPositionUpdateListener.positionChanged:1537 android.graphics.RenderNode$CompositePositionUpdateListener.positionChanged:373 
10-17 13:35:50.687   506   588 I ViewRootImpl@6dcaa2e[MainActivity]: mWNT: t=0x7b0d5b6200 mBlastBufferQueue=0x7b5b1f3400 fn= 692 caller= android.view.SurfaceView.applyOrMergeTransaction:1455 android.view.SurfaceView.-$$Nest$mapplyOrMergeTransaction:0 android.view.SurfaceView$SurfaceViewPositionUpdateListener.positionChanged:1537 
10-17 13:35:50.688   506   588 I ViewRootImpl@6dcaa2e[MainActivity]: mWNT: t=0x7b65434a00 mBlastBufferQueue=0x7b5b1f3400 fn= 692 caller= android.view.ViewRootImpl.lambda$applyTransactionOnDraw$11$android-view-ViewRootImpl:12865 android.view.ViewRootImpl$$ExternalSyntheticLambda1.onFrameDraw:4 android.graphics.HardwareRenderer$FrameDrawingCallback.onFrameDraw:924 
10-17 13:35:50.695   506   506 I SurfaceView@86d7559: Changes: creating=false format=false size=false visible=false alpha=false hint=false mUseAlpha=false visible=false left=false top=true
10-17 13:35:50.695   506   506 I SurfaceView@86d7559: 141391193 Cur surface: Surface(name=null)/@0x1fb1a59
10-17 13:35:50.696   506   506 I SurfaceView@86d7559: applyTransactionOnVriDraw: vri = ViewRootImpl@6dcaa2e[MainActivity] fRS = false t = 0x7b65434c00 android.view.SurfaceView.performSurfaceTransaction:959 android.view.SurfaceView.updateSurface:1105 android.view.SurfaceView.lambda$new$0$android-view-SurfaceView:200 
10-17 13:35:50.696   506   506 I ViewRootImpl@6dcaa2e[MainActivity]: applyTransactionOnDraw: mRemoved = false isHardwareEnabled = true t = 0x7b65434c00android.view.SurfaceView.applyTransactionOnVriDraw:2048 android.view.SurfaceView.performSurfaceTransaction:959 android.view.SurfaceView.updateSurface:1105 android.view.SurfaceView.lambda$new$0$android-view-SurfaceView:200 android.view.SurfaceView$$ExternalSyntheticLambda5.onPreDraw:2 
10-17 13:35:50.696   506   506 I SurfaceView@86d7559: updateSurface: mVisible = true mSurface.isValid() = true
10-17 13:35:50.696   506   506 I SurfaceView@86d7559: updateSurface: mSurfaceCreated = true surfaceChanged = false visibleChanged = false
10-17 13:35:50.696   506   506 V SurfaceView@86d7559: Layout: x=0 y=-193 w=1080 h=525, frame=Rect(0, 0 - 1080, 525)
10-17 13:35:50.706   506   589 D SurfaceView@86d7559: updateSurfacePosition RenderWorker, frameNr = 693, position = [0, -193, 1080, 332] surfaceSize = 1080x525
10-17 13:35:50.706   506   589 I SurfaceView@86d7559: uSP: rtp = Rect(0, -193 - 1080, 332) rtsw = 1080 rtsh = 525
10-17 13:35:50.706   506   589 I SurfaceView@86d7559: onSSPAndSRT: pl = 0 pt = -193 sx = 1.0 sy = 1.0
10-17 13:35:50.706   506   589 I SurfaceView@86d7559: aOrMT: ViewRootImpl@6dcaa2e[MainActivity] t = android.view.SurfaceControl$Transaction@1903af6 fN = 693 android.view.SurfaceView.-$$Nest$mapplyOrMergeTransaction:0 android.view.SurfaceView$SurfaceViewPositionUpdateListener.positionChanged:1537 android.graphics.RenderNode$CompositePositionUpdateListener.positionChanged:373 
10-17 13:35:50.707   506   589 I ViewRootImpl@6dcaa2e[MainActivity]: mWNT: t=0x7b0d5b6200 mBlastBufferQueue=0x7b5b1f3400 fn= 693 caller= android.view.SurfaceView.applyOrMergeTransaction:1455 android.view.SurfaceView.-$$Nest$mapplyOrMergeTransaction:0 android.view.SurfaceView$SurfaceViewPositionUpdateListener.positionChanged:1537 
10-17 13:35:50.707   506   589 I ViewRootImpl@6dcaa2e[MainActivity]: mWNT: t=0x7b65434c00 mBlastBufferQueue=0x7b5b1f3400 fn= 693 caller= android.view.ViewRootImpl.lambda$applyTransactionOnDraw$11$android-view-ViewRootImpl:12865 android.view.ViewRootImpl$$ExternalSyntheticLambda1.onFrameDraw:4 android.graphics.HardwareRenderer$FrameDrawingCallback.onFrameDraw:924 
10-17 13:35:50.713   506   506 I SurfaceView@86d7559: Changes: creating=false format=false size=false visible=false alpha=false hint=false mUseAlpha=false visible=false left=false top=true
10-17 13:35:50.713   506   506 I SurfaceView@86d7559: 141391193 Cur surface: Surface(name=null)/@0x1fb1a59
10-17 13:35:50.714   506   506 I SurfaceView@86d7559: applyTransactionOnVriDraw: vri = ViewRootImpl@6dcaa2e[MainActivity] fRS = false t = 0x7b65434e00 android.view.SurfaceView.performSurfaceTransaction:959 android.view.SurfaceView.updateSurface:1105 android.view.SurfaceView.lambda$new$0$android-view-SurfaceView:200 
10-17 13:35:50.714   506   506 I ViewRootImpl@6dcaa2e[MainActivity]: applyTransactionOnDraw: mRemoved = false isHardwareEnabled = true t = 0x7b65434e00android.view.SurfaceView.applyTransactionOnVriDraw:2048 android.view.SurfaceView.performSurfaceTransaction:959 android.view.SurfaceView.updateSurface:1105 android.view.SurfaceView.lambda$new$0$android-view-SurfaceView:200 android.view.SurfaceView$$ExternalSyntheticLambda5.onPreDraw:2 
10-17 13:35:50.714   506   506 I SurfaceView@86d7559: updateSurface: mVisible = true mSurface.isValid() = true
10-17 13:35:50.714   506   506 I SurfaceView@86d7559: updateSurface: mSurfaceCreated = true surfaceChanged = false visibleChanged = false
10-17 13:35:50.714   506   506 V SurfaceView@86d7559: Layout: x=0 y=-219 w=1080 h=525, frame=Rect(0, 0 - 1080, 525)
10-17 13:35:50.726   506   506 I ViewRootImpl@6dcaa2e[MainActivity]: ViewPostIme pointer 1
10-17 13:35:50.726   506   589 D SurfaceView@86d7559: updateSurfacePosition RenderWorker, frameNr = 694, position = [0, -219, 1080, 306] surfaceSize = 1080x525
10-17 13:35:50.726   506   589 I SurfaceView@86d7559: uSP: rtp = Rect(0, -219 - 1080, 306) rtsw = 1080 rtsh = 525
10-17 13:35:50.726   506   588 I ViewRootImpl@6dcaa2e[MainActivity]: mWNT: t=0x7b65434e00 mBlastBufferQueue=0x7b5b1f3400 fn= 694 caller= android.view.ViewRootImpl.lambda$applyTransactionOnDraw$11$android-view-ViewRootImpl:12865 android.view.ViewRootImpl$$ExternalSyntheticLambda1.onFrameDraw:4 android.graphics.HardwareRenderer$FrameDrawingCallback.onFrameDraw:924 
10-17 13:35:50.729   506   589 I SurfaceView@86d7559: onSSPAndSRT: pl = 0 pt = -219 sx = 1.0 sy = 1.0
10-17 13:35:50.730   506   589 I SurfaceView@86d7559: aOrMT: ViewRootImpl@6dcaa2e[MainActivity] t = android.view.SurfaceControl$Transaction@1903af6 fN = 694 android.view.SurfaceView.-$$Nest$mapplyOrMergeTransaction:0 android.view.SurfaceView$SurfaceViewPositionUpdateListener.positionChanged:1537 android.graphics.RenderNode$CompositePositionUpdateListener.positionChanged:373 
10-17 13:35:50.730   506   589 I ViewRootImpl@6dcaa2e[MainActivity]: mWNT: t=0x7b0d5b6200 mBlastBufferQueue=0x7b5b1f3400 fn= 694 caller= android.view.SurfaceView.applyOrMergeTransaction:1455 android.view.SurfaceView.-$$Nest$mapplyOrMergeTransaction:0 android.view.SurfaceView$SurfaceViewPositionUpdateListener.positionChanged:1537 
10-17 13:35:50.751   506   588 D SurfaceView@86d7559: updateSurfacePosition RenderWorker, frameNr = 696, position = [0, -234, 1080, 291] surfaceSize = 1080x525
10-17 13:35:50.752   506   588 I SurfaceView@86d7559: uSP: rtp = Rect(0, -234 - 1080, 291) rtsw = 1080 rtsh = 525
10-17 13:35:50.752   506   588 I SurfaceView@86d7559: onSSPAndSRT: pl = 0 pt = -234 sx = 1.0 sy = 1.0
10-17 13:35:50.752   506   588 I SurfaceView@86d7559: aOrMT: ViewRootImpl@6dcaa2e[MainActivity] t = android.view.SurfaceControl$Transaction@1903af6 fN = 696 android.view.SurfaceView.-$$Nest$mapplyOrMergeTransaction:0 android.view.SurfaceView$SurfaceViewPositionUpdateListener.positionChanged:1537 android.graphics.RenderNode$CompositePositionUpdateListener.positionChanged:373 
10-17 13:35:50.752   506   588 I ViewRootImpl@6dcaa2e[MainActivity]: mWNT: t=0x7b0d5b6200 mBlastBufferQueue=0x7b5b1f3400 fn= 696 caller= android.view.SurfaceView.applyOrMergeTransaction:1455 android.view.SurfaceView.-$$Nest$mapplyOrMergeTransaction:0 android.view.SurfaceView$SurfaceViewPositionUpdateListener.positionChanged:1537 
10-17 13:35:50.761   506   506 I SurfaceView@86d7559: Changes: creating=false format=false size=false visible=false alpha=false hint=false mUseAlpha=false visible=false left=false top=true
10-17 13:35:50.762   506   506 I SurfaceView@86d7559: 141391193 Cur surface: Surface(name=null)/@0x1fb1a59
10-17 13:35:50.762   506   506 I SurfaceView@86d7559: applyTransactionOnVriDraw: vri = ViewRootImpl@6dcaa2e[MainActivity] fRS = false t = 0x7b6544b100 android.view.SurfaceView.performSurfaceTransaction:959 android.view.SurfaceView.updateSurface:1105 android.view.SurfaceView.lambda$new$0$android-view-SurfaceView:200 
10-17 13:35:50.762   506   506 I ViewRootImpl@6dcaa2e[MainActivity]: applyTransactionOnDraw: mRemoved = false isHardwareEnabled = true t = 0x7b6544b100android.view.SurfaceView.applyTransactionOnVriDraw:2048 android.view.SurfaceView.performSurfaceTransaction:959 android.view.SurfaceView.updateSurface:1105 android.view.SurfaceView.lambda$new$0$android-view-SurfaceView:200 android.view.SurfaceView$$ExternalSyntheticLambda5.onPreDraw:2 
10-17 13:35:50.762   506   506 I SurfaceView@86d7559: updateSurface: mVisible = true mSurface.isValid() = true
10-17 13:35:50.762   506   506 I SurfaceView@86d7559: updateSurface: mSurfaceCreated = true surfaceChanged = false visibleChanged = false
10-17 13:35:50.762   506   506 V SurfaceView@86d7559: Layout: x=0 y=-234 w=1080 h=525, frame=Rect(0, 0 - 1080, 525)
10-17 13:35:50.773   506   589 D SurfaceView@86d7559: updateSurfacePosition RenderWorker, frameNr = 697, position = [0, -256, 1080, 269] surfaceSize = 1080x525
10-17 13:35:50.773   506   589 I SurfaceView@86d7559: uSP: rtp = Rect(0, -256 - 1080, 269) rtsw = 1080 rtsh = 525
10-17 13:35:50.773   506   589 I SurfaceView@86d7559: onSSPAndSRT: pl = 0 pt = -256 sx = 1.0 sy = 1.0
10-17 13:35:50.773   506   589 I SurfaceView@86d7559: aOrMT: ViewRootImpl@6dcaa2e[MainActivity] t = android.view.SurfaceControl$Transaction@1903af6 fN = 697 android.view.SurfaceView.-$$Nest$mapplyOrMergeTransaction:0 android.view.SurfaceView$SurfaceViewPositionUpdateListener.positionChanged:1537 android.graphics.RenderNode$CompositePositionUpdateListener.positionChanged:373 
10-17 13:35:50.773   506   589 I ViewRootImpl@6dcaa2e[MainActivity]: mWNT: t=0x7b0d5b6200 mBlastBufferQueue=0x7b5b1f3400 fn= 697 caller= android.view.SurfaceView.applyOrMergeTransaction:1455 android.view.SurfaceView.-$$Nest$mapplyOrMergeTransaction:0 android.view.SurfaceView$SurfaceViewPositionUpdateListener.positionChanged:1537 
10-17 13:35:50.773   506   589 I ViewRootImpl@6dcaa2e[MainActivity]: mWNT: t=0x7b6544b100 mBlastBufferQueue=0x7b5b1f3400 fn= 697 caller= android.view.ViewRootImpl.lambda$applyTransactionOnDraw$11$android-view-ViewRootImpl:12865 android.view.ViewRootImpl$$ExternalSyntheticLambda1.onFrameDraw:4 android.graphics.HardwareRenderer$FrameDrawingCallback.onFrameDraw:924 
10-17 13:35:50.779   506   506 I SurfaceView@86d7559: Changes: creating=false format=false size=false visible=false alpha=false hint=false mUseAlpha=false visible=false left=false top=true
10-17 13:35:50.779   506   506 I SurfaceView@86d7559: 141391193 Cur surface: Surface(name=null)/@0x1fb1a59
10-17 13:35:50.779   506   506 I SurfaceView@86d7559: applyTransactionOnVriDraw: vri = ViewRootImpl@6dcaa2e[MainActivity] fRS = false t = 0x7b6544b300 android.view.SurfaceView.performSurfaceTransaction:959 android.view.SurfaceView.updateSurface:1105 android.view.SurfaceView.lambda$new$0$android-view-SurfaceView:200 
10-17 13:35:50.780   506   506 I ViewRootImpl@6dcaa2e[MainActivity]: applyTransactionOnDraw: mRemoved = false isHardwareEnabled = true t = 0x7b6544b300android.view.SurfaceView.applyTransactionOnVriDraw:2048 android.view.SurfaceView.performSurfaceTransaction:959 android.view.SurfaceView.updateSurface:1105 android.view.SurfaceView.lambda$new$0$android-view-SurfaceView:200 android.view.SurfaceView$$ExternalSyntheticLambda5.onPreDraw:2 
10-17 13:35:50.780   506   506 I SurfaceView@86d7559: updateSurface: mVisible = true mSurface.isValid() = true
10-17 13:35:50.780   506   506 I SurfaceView@86d7559: updateSurface: mSurfaceCreated = true surfaceChanged = false visibleChanged = false
10-17 13:35:50.780   506   506 V SurfaceView@86d7559: Layout: x=0 y=-256 w=1080 h=525, frame=Rect(0, 0 - 1080, 525)
10-17 13:35:50.788   506   588 D SurfaceView@86d7559: updateSurfacePosition RenderWorker, frameNr = 698, position = [0, -282, 1080, 243] surfaceSize = 1080x525
10-17 13:35:50.788   506   588 I SurfaceView@86d7559: uSP: rtp = Rect(0, -282 - 1080, 243) rtsw = 1080 rtsh = 525
10-17 13:35:50.788   506   588 I SurfaceView@86d7559: onSSPAndSRT: pl = 0 pt = -282 sx = 1.0 sy = 1.0
10-17 13:35:50.788   506   588 I SurfaceView@86d7559: aOrMT: ViewRootImpl@6dcaa2e[MainActivity] t = android.view.SurfaceControl$Transaction@1903af6 fN = 698 android.view.SurfaceView.-$$Nest$mapplyOrMergeTransaction:0 android.view.SurfaceView$SurfaceViewPositionUpdateListener.positionChanged:1537 android.graphics.RenderNode$CompositePositionUpdateListener.positionChanged:373 
10-17 13:35:50.788   506   588 I ViewRootImpl@6dcaa2e[MainActivity]: mWNT: t=0x7b0d5b6200 mBlastBufferQueue=0x7b5b1f3400 fn= 698 caller= android.view.SurfaceView.applyOrMergeTransaction:1455 android.view.SurfaceView.-$$Nest$mapplyOrMergeTransaction:0 android.view.SurfaceView$SurfaceViewPositionUpdateListener.positionChanged:1537 
10-17 13:35:50.788   506   588 I ViewRootImpl@6dcaa2e[MainActivity]: mWNT: t=0x7b6544b300 mBlastBufferQueue=0x7b5b1f3400 fn= 698 caller= android.view.ViewRootImpl.lambda$applyTransactionOnDraw$11$android-view-ViewRootImpl:12865 android.view.ViewRootImpl$$ExternalSyntheticLambda1.onFrameDraw:4 android.graphics.HardwareRenderer$FrameDrawingCallback.onFrameDraw:924 
10-17 13:35:50.795   506   506 I SurfaceView@86d7559: Changes: creating=false format=false size=false visible=false alpha=false hint=false mUseAlpha=false visible=false left=false top=true
10-17 13:35:50.795   506   506 I SurfaceView@86d7559: 141391193 Cur surface: Surface(name=null)/@0x1fb1a59
10-17 13:35:50.796   506   506 I SurfaceView@86d7559: applyTransactionOnVriDraw: vri = ViewRootImpl@6dcaa2e[MainActivity] fRS = false t = 0x7b6544b500 android.view.SurfaceView.performSurfaceTransaction:959 android.view.SurfaceView.updateSurface:1105 android.view.SurfaceView.lambda$new$0$android-view-SurfaceView:200 
10-17 13:35:50.796   506   506 I ViewRootImpl@6dcaa2e[MainActivity]: applyTransactionOnDraw: mRemoved = false isHardwareEnabled = true t = 0x7b6544b500android.view.SurfaceView.applyTransactionOnVriDraw:2048 android.view.SurfaceView.performSurfaceTransaction:959 android.view.SurfaceView.updateSurface:1105 android.view.SurfaceView.lambda$new$0$android-view-SurfaceView:200 android.view.SurfaceView$$ExternalSyntheticLambda5.onPreDraw:2 
10-17 13:35:50.796   506   506 I SurfaceView@86d7559: updateSurface: mVisible = true mSurface.isValid() = true
10-17 13:35:50.796   506   506 I SurfaceView@86d7559: updateSurface: mSurfaceCreated = true surfaceChanged = false visibleChanged = false
10-17 13:35:50.796   506   506 V SurfaceView@86d7559: Layout: x=0 y=-282 w=1080 h=525, frame=Rect(0, 0 - 1080, 525)
