10-17 13:50:47.354  3408  3486 I SurfaceView@ac9fd46: onSSPAndSRT: pl = 0 pt = 58 sx = 1.0 sy = 1.0
10-17 13:50:47.354  3408  3486 I SurfaceView@ac9fd46: aOrMT: ViewRootImpl@6784265[MainActivity] t = android.view.SurfaceControl$Transaction@d9dc60f fN = 797 android.view.SurfaceView.-$$Nest$mapplyOrMergeTransaction:0 android.view.SurfaceView$SurfaceViewPositionUpdateListener.positionChanged:1537 android.graphics.RenderNode$CompositePositionUpdateListener.positionChanged:373 
10-17 13:50:47.354  3408  3486 I ViewRootImpl@6784265[MainActivity]: mWNT: t=0x7b12a80900 mBlastBufferQueue=0x7b5f206d00 fn= 797 caller= android.view.SurfaceView.applyOrMergeTransaction:1455 android.view.SurfaceView.-$$Nest$mapplyOrMergeTransaction:0 android.view.SurfaceView$SurfaceViewPositionUpdateListener.positionChanged:1537 
10-17 13:50:47.354  3408  3486 I ViewRootImpl@6784265[MainActivity]: mWNT: t=0x7ad91fdb00 mBlastBufferQueue=0x7b5f206d00 fn= 797 caller= android.view.ViewRootImpl.lambda$applyTransactionOnDraw$11$android-view-ViewRootImpl:12865 android.view.ViewRootImpl$$ExternalSyntheticLambda1.onFrameDraw:4 android.graphics.HardwareRenderer$FrameDrawingCallback.onFrameDraw:924 
10-17 13:50:47.363  3408  3408 I SurfaceView@ac9fd46: Changes: creating=false format=false size=false visible=false alpha=false hint=false mUseAlpha=false visible=false left=false top=true
10-17 13:50:47.363  3408  3408 I SurfaceView@ac9fd46: 181009734 Cur surface: Surface(name=null)/@0xfbf9158
10-17 13:50:47.364  3408  3408 I SurfaceView@ac9fd46: applyTransactionOnVriDraw: vri = ViewRootImpl@6784265[MainActivity] fRS = false t = 0x7ad91fdc00 android.view.SurfaceView.performSurfaceTransaction:959 android.view.SurfaceView.updateSurface:1105 android.view.SurfaceView.lambda$new$0$android-view-SurfaceView:200 
10-17 13:50:47.364  3408  3408 I ViewRootImpl@6784265[MainActivity]: applyTransactionOnDraw: mRemoved = false isHardwareEnabled = true t = 0x7ad91fdc00android.view.SurfaceView.applyTransactionOnVriDraw:2048 android.view.SurfaceView.performSurfaceTransaction:959 android.view.SurfaceView.updateSurface:1105 android.view.SurfaceView.lambda$new$0$android-view-SurfaceView:200 android.view.SurfaceView$$ExternalSyntheticLambda5.onPreDraw:2 
10-17 13:50:47.364  3408  3408 I SurfaceView@ac9fd46: updateSurface: mVisible = true mSurface.isValid() = true
10-17 13:50:47.364  3408  3408 I SurfaceView@ac9fd46: updateSurface: mSurfaceCreated = true surfaceChanged = false visibleChanged = false
10-17 13:50:47.364  3408  3408 V SurfaceView@ac9fd46: Layout: x=0 y=31 w=1080 h=525, frame=Rect(0, 0 - 1080, 525)
10-17 13:50:47.367  3408  3487 D SurfaceView@ac9fd46: updateSurfacePosition RenderWorker, frameNr = 798, position = [0, 31, 1080, 556] surfaceSize = 1080x525
10-17 13:50:47.368  3408  3487 I SurfaceView@ac9fd46: uSP: rtp = Rect(0, 31 - 1080, 556) rtsw = 1080 rtsh = 525
10-17 13:50:47.368  3408  3487 I SurfaceView@ac9fd46: onSSPAndSRT: pl = 0 pt = 31 sx = 1.0 sy = 1.0
10-17 13:50:47.368  3408  3487 I SurfaceView@ac9fd46: aOrMT: ViewRootImpl@6784265[MainActivity] t = android.view.SurfaceControl$Transaction@d9dc60f fN = 798 android.view.SurfaceView.-$$Nest$mapplyOrMergeTransaction:0 android.view.SurfaceView$SurfaceViewPositionUpdateListener.positionChanged:1537 android.graphics.RenderNode$CompositePositionUpdateListener.positionChanged:373 
10-17 13:50:47.369  3408  3487 I ViewRootImpl@6784265[MainActivity]: mWNT: t=0x7b12a80900 mBlastBufferQueue=0x7b5f206d00 fn= 798 caller= android.view.SurfaceView.applyOrMergeTransaction:1455 android.view.SurfaceView.-$$Nest$mapplyOrMergeTransaction:0 android.view.SurfaceView$SurfaceViewPositionUpdateListener.positionChanged:1537 
10-17 13:50:47.369  3408  3487 I ViewRootImpl@6784265[MainActivity]: mWNT: t=0x7ad91fdc00 mBlastBufferQueue=0x7b5f206d00 fn= 798 caller= android.view.ViewRootImpl.lambda$applyTransactionOnDraw$11$android-view-ViewRootImpl:12865 android.view.ViewRootImpl$$ExternalSyntheticLambda1.onFrameDraw:4 android.graphics.HardwareRenderer$FrameDrawingCallback.onFrameDraw:924 
10-17 13:50:47.382  3408  3408 I SurfaceView@ac9fd46: Changes: creating=false format=false size=false visible=false alpha=false hint=false mUseAlpha=false visible=false left=false top=true
10-17 13:50:47.382  3408  3408 I SurfaceView@ac9fd46: 181009734 Cur surface: Surface(name=null)/@0xfbf9158
10-17 13:50:47.382  3408  3408 I SurfaceView@ac9fd46: applyTransactionOnVriDraw: vri = ViewRootImpl@6784265[MainActivity] fRS = false t = 0x7ad91fdd00 android.view.SurfaceView.performSurfaceTransaction:959 android.view.SurfaceView.updateSurface:1105 android.view.SurfaceView.lambda$new$0$android-view-SurfaceView:200 
10-17 13:50:47.382  3408  3408 I ViewRootImpl@6784265[MainActivity]: applyTransactionOnDraw: mRemoved = false isHardwareEnabled = true t = 0x7ad91fdd00android.view.SurfaceView.applyTransactionOnVriDraw:2048 android.view.SurfaceView.performSurfaceTransaction:959 android.view.SurfaceView.updateSurface:1105 android.view.SurfaceView.lambda$new$0$android-view-SurfaceView:200 android.view.SurfaceView$$ExternalSyntheticLambda5.onPreDraw:2 
10-17 13:50:47.382  3408  3408 I SurfaceView@ac9fd46: updateSurface: mVisible = true mSurface.isValid() = true
10-17 13:50:47.382  3408  3408 I SurfaceView@ac9fd46: updateSurface: mSurfaceCreated = true surfaceChanged = false visibleChanged = false
10-17 13:50:47.382  3408  3408 V SurfaceView@ac9fd46: Layout: x=0 y=7 w=1080 h=525, frame=Rect(0, 0 - 1080, 525)
10-17 13:50:47.385  3408  3486 D SurfaceView@ac9fd46: updateSurfacePosition RenderWorker, frameNr = 799, position = [0, 7, 1080, 532] surfaceSize = 1080x525
10-17 13:50:47.386  3408  3486 I SurfaceView@ac9fd46: uSP: rtp = Rect(0, 7 - 1080, 532) rtsw = 1080 rtsh = 525
10-17 13:50:47.386  3408  3486 I SurfaceView@ac9fd46: onSSPAndSRT: pl = 0 pt = 7 sx = 1.0 sy = 1.0
10-17 13:50:47.386  3408  3486 I SurfaceView@ac9fd46: aOrMT: ViewRootImpl@6784265[MainActivity] t = android.view.SurfaceControl$Transaction@d9dc60f fN = 799 android.view.SurfaceView.-$$Nest$mapplyOrMergeTransaction:0 android.view.SurfaceView$SurfaceViewPositionUpdateListener.positionChanged:1537 android.graphics.RenderNode$CompositePositionUpdateListener.positionChanged:373 
10-17 13:50:47.386  3408  3486 I ViewRootImpl@6784265[MainActivity]: mWNT: t=0x7b12a80900 mBlastBufferQueue=0x7b5f206d00 fn= 799 caller= android.view.SurfaceView.applyOrMergeTransaction:1455 android.view.SurfaceView.-$$Nest$mapplyOrMergeTransaction:0 android.view.SurfaceView$SurfaceViewPositionUpdateListener.positionChanged:1537 
10-17 13:50:47.387  3408  3486 I ViewRootImpl@6784265[MainActivity]: mWNT: t=0x7ad91fdd00 mBlastBufferQueue=0x7b5f206d00 fn= 799 caller= android.view.ViewRootImpl.lambda$applyTransactionOnDraw$11$android-view-ViewRootImpl:12865 android.view.ViewRootImpl$$ExternalSyntheticLambda1.onFrameDraw:4 android.graphics.HardwareRenderer$FrameDrawingCallback.onFrameDraw:924 
10-17 13:50:47.397  3408  3408 I SurfaceView@ac9fd46: Changes: creating=false format=false size=false visible=false alpha=false hint=false mUseAlpha=false visible=false left=false top=true
10-17 13:50:47.397  3408  3408 I SurfaceView@ac9fd46: 181009734 Cur surface: Surface(name=null)/@0xfbf9158
10-17 13:50:47.397  3408  3408 I SurfaceView@ac9fd46: applyTransactionOnVriDraw: vri = ViewRootImpl@6784265[MainActivity] fRS = false t = 0x7ad91fde00 android.view.SurfaceView.performSurfaceTransaction:959 android.view.SurfaceView.updateSurface:1105 android.view.SurfaceView.lambda$new$0$android-view-SurfaceView:200 
10-17 13:50:47.397  3408  3408 I ViewRootImpl@6784265[MainActivity]: applyTransactionOnDraw: mRemoved = false isHardwareEnabled = true t = 0x7ad91fde00android.view.SurfaceView.applyTransactionOnVriDraw:2048 android.view.SurfaceView.performSurfaceTransaction:959 android.view.SurfaceView.updateSurface:1105 android.view.SurfaceView.lambda$new$0$android-view-SurfaceView:200 android.view.SurfaceView$$ExternalSyntheticLambda5.onPreDraw:2 
10-17 13:50:47.397  3408  3408 I SurfaceView@ac9fd46: updateSurface: mVisible = true mSurface.isValid() = true
10-17 13:50:47.398  3408  3408 I SurfaceView@ac9fd46: updateSurface: mSurfaceCreated = true surfaceChanged = false visibleChanged = false
10-17 13:50:47.398  3408  3408 V SurfaceView@ac9fd46: Layout: x=0 y=-17 w=1080 h=525, frame=Rect(0, 0 - 1080, 525)
10-17 13:50:47.400  3408  3487 D SurfaceView@ac9fd46: updateSurfacePosition RenderWorker, frameNr = 800, position = [0, -17, 1080, 508] surfaceSize = 1080x525
10-17 13:50:47.401  3408  3487 I SurfaceView@ac9fd46: uSP: rtp = Rect(0, -17 - 1080, 508) rtsw = 1080 rtsh = 525
10-17 13:50:47.401  3408  3487 I SurfaceView@ac9fd46: onSSPAndSRT: pl = 0 pt = -17 sx = 1.0 sy = 1.0
10-17 13:50:47.402  3408  3487 I SurfaceView@ac9fd46: aOrMT: ViewRootImpl@6784265[MainActivity] t = android.view.SurfaceControl$Transaction@d9dc60f fN = 800 android.view.SurfaceView.-$$Nest$mapplyOrMergeTransaction:0 android.view.SurfaceView$SurfaceViewPositionUpdateListener.positionChanged:1537 android.graphics.RenderNode$CompositePositionUpdateListener.positionChanged:373 
10-17 13:50:47.402  3408  3487 I ViewRootImpl@6784265[MainActivity]: mWNT: t=0x7b12a80900 mBlastBufferQueue=0x7b5f206d00 fn= 800 caller= android.view.SurfaceView.applyOrMergeTransaction:1455 android.view.SurfaceView.-$$Nest$mapplyOrMergeTransaction:0 android.view.SurfaceView$SurfaceViewPositionUpdateListener.positionChanged:1537 
10-17 13:50:47.403  3408  3487 I ViewRootImpl@6784265[MainActivity]: mWNT: t=0x7ad91fde00 mBlastBufferQueue=0x7b5f206d00 fn= 800 caller= android.view.ViewRootImpl.lambda$applyTransactionOnDraw$11$android-view-ViewRootImpl:12865 android.view.ViewRootImpl$$ExternalSyntheticLambda1.onFrameDraw:4 android.graphics.HardwareRenderer$FrameDrawingCallback.onFrameDraw:924 
10-17 13:50:47.414  3408  3408 I SurfaceView@ac9fd46: Changes: creating=false format=false size=false visible=false alpha=false hint=false mUseAlpha=false visible=false left=false top=true
10-17 13:50:47.415  3408  3408 I SurfaceView@ac9fd46: 181009734 Cur surface: Surface(name=null)/@0xfbf9158
10-17 13:50:47.415  3408  3408 I SurfaceView@ac9fd46: applyTransactionOnVriDraw: vri = ViewRootImpl@6784265[MainActivity] fRS = false t = 0x7ad91fdf00 android.view.SurfaceView.performSurfaceTransaction:959 android.view.SurfaceView.updateSurface:1105 android.view.SurfaceView.lambda$new$0$android-view-SurfaceView:200 
10-17 13:50:47.415  3408  3408 I ViewRootImpl@6784265[MainActivity]: applyTransactionOnDraw: mRemoved = false isHardwareEnabled = true t = 0x7ad91fdf00android.view.SurfaceView.applyTransactionOnVriDraw:2048 android.view.SurfaceView.performSurfaceTransaction:959 android.view.SurfaceView.updateSurface:1105 android.view.SurfaceView.lambda$new$0$android-view-SurfaceView:200 android.view.SurfaceView$$ExternalSyntheticLambda5.onPreDraw:2 
10-17 13:50:47.415  3408  3408 I SurfaceView@ac9fd46: updateSurface: mVisible = true mSurface.isValid() = true
10-17 13:50:47.415  3408  3408 I SurfaceView@ac9fd46: updateSurface: mSurfaceCreated = true surfaceChanged = false visibleChanged = false
10-17 13:50:47.415  3408  3408 V SurfaceView@ac9fd46: Layout: x=0 y=-40 w=1080 h=525, frame=Rect(0, 0 - 1080, 525)
10-17 13:50:47.418  3408  3486 D SurfaceView@ac9fd46: updateSurfacePosition RenderWorker, frameNr = 801, position = [0, -40, 1080, 485] surfaceSize = 1080x525
10-17 13:50:47.419  3408  3486 I SurfaceView@ac9fd46: uSP: rtp = Rect(0, -40 - 1080, 485) rtsw = 1080 rtsh = 525
10-17 13:50:47.419  3408  3486 I SurfaceView@ac9fd46: onSSPAndSRT: pl = 0 pt = -40 sx = 1.0 sy = 1.0
10-17 13:50:47.419  3408  3486 I SurfaceView@ac9fd46: aOrMT: ViewRootImpl@6784265[MainActivity] t = android.view.SurfaceControl$Transaction@d9dc60f fN = 801 android.view.SurfaceView.-$$Nest$mapplyOrMergeTransaction:0 android.view.SurfaceView$SurfaceViewPositionUpdateListener.positionChanged:1537 android.graphics.RenderNode$CompositePositionUpdateListener.positionChanged:373 
10-17 13:50:47.419  3408  3486 I ViewRootImpl@6784265[MainActivity]: mWNT: t=0x7b12a80900 mBlastBufferQueue=0x7b5f206d00 fn= 801 caller= android.view.SurfaceView.applyOrMergeTransaction:1455 android.view.SurfaceView.-$$Nest$mapplyOrMergeTransaction:0 android.view.SurfaceView$SurfaceViewPositionUpdateListener.positionChanged:1537 
10-17 13:50:47.420  3408  3486 I ViewRootImpl@6784265[MainActivity]: mWNT: t=0x7ad91fdf00 mBlastBufferQueue=0x7b5f206d00 fn= 801 caller= android.view.ViewRootImpl.lambda$applyTransactionOnDraw$11$android-view-ViewRootImpl:12865 android.view.ViewRootImpl$$ExternalSyntheticLambda1.onFrameDraw:4 android.graphics.HardwareRenderer$FrameDrawingCallback.onFrameDraw:924 
10-17 13:50:47.430  3408  3408 I SurfaceView@ac9fd46: Changes: creating=false format=false size=false visible=false alpha=false hint=false mUseAlpha=false visible=false left=false top=true
10-17 13:50:47.430  3408  3408 I SurfaceView@ac9fd46: 181009734 Cur surface: Surface(name=null)/@0xfbf9158
10-17 13:50:47.430  3408  3408 I SurfaceView@ac9fd46: applyTransactionOnVriDraw: vri = ViewRootImpl@6784265[MainActivity] fRS = false t = 0x7b12c06000 android.view.SurfaceView.performSurfaceTransaction:959 android.view.SurfaceView.updateSurface:1105 android.view.SurfaceView.lambda$new$0$android-view-SurfaceView:200 
10-17 13:50:47.430  3408  3408 I ViewRootImpl@6784265[MainActivity]: applyTransactionOnDraw: mRemoved = false isHardwareEnabled = true t = 0x7b12c06000android.view.SurfaceView.applyTransactionOnVriDraw:2048 android.view.SurfaceView.performSurfaceTransaction:959 android.view.SurfaceView.updateSurface:1105 android.view.SurfaceView.lambda$new$0$android-view-SurfaceView:200 android.view.SurfaceView$$ExternalSyntheticLambda5.onPreDraw:2 
10-17 13:50:47.431  3408  3408 I SurfaceView@ac9fd46: updateSurface: mVisible = true mSurface.isValid() = true
10-17 13:50:47.431  3408  3408 I SurfaceView@ac9fd46: updateSurface: mSurfaceCreated = true surfaceChanged = false visibleChanged = false
10-17 13:50:47.431  3408  3408 V SurfaceView@ac9fd46: Layout: x=0 y=-60 w=1080 h=525, frame=Rect(0, 0 - 1080, 525)
10-17 13:50:47.433  3408  3487 D SurfaceView@ac9fd46: updateSurfacePosition RenderWorker, frameNr = 802, position = [0, -60, 1080, 465] surfaceSize = 1080x525
10-17 13:50:47.433  3408  3487 I SurfaceView@ac9fd46: uSP: rtp = Rect(0, -60 - 1080, 465) rtsw = 1080 rtsh = 525
10-17 13:50:47.434  3408  3487 I SurfaceView@ac9fd46: onSSPAndSRT: pl = 0 pt = -60 sx = 1.0 sy = 1.0
10-17 13:50:47.434  3408  3487 I SurfaceView@ac9fd46: aOrMT: ViewRootImpl@6784265[MainActivity] t = android.view.SurfaceControl$Transaction@d9dc60f fN = 802 android.view.SurfaceView.-$$Nest$mapplyOrMergeTransaction:0 android.view.SurfaceView$SurfaceViewPositionUpdateListener.positionChanged:1537 android.graphics.RenderNode$CompositePositionUpdateListener.positionChanged:373 
10-17 13:50:47.434  3408  3487 I ViewRootImpl@6784265[MainActivity]: mWNT: t=0x7b12a80900 mBlastBufferQueue=0x7b5f206d00 fn= 802 caller= android.view.SurfaceView.applyOrMergeTransaction:1455 android.view.SurfaceView.-$$Nest$mapplyOrMergeTransaction:0 android.view.SurfaceView$SurfaceViewPositionUpdateListener.positionChanged:1537 
10-17 13:50:47.435  3408  3487 I ViewRootImpl@6784265[MainActivity]: mWNT: t=0x7b12c06000 mBlastBufferQueue=0x7b5f206d00 fn= 802 caller= android.view.ViewRootImpl.lambda$applyTransactionOnDraw$11$android-view-ViewRootImpl:12865 android.view.ViewRootImpl$$ExternalSyntheticLambda1.onFrameDraw:4 android.graphics.HardwareRenderer$FrameDrawingCallback.onFrameDraw:924 
10-17 13:50:47.449  3408  3408 I SurfaceView@ac9fd46: Changes: creating=false format=false size=false visible=false alpha=false hint=false mUseAlpha=false visible=false left=false top=true
10-17 13:50:47.449  3408  3408 I SurfaceView@ac9fd46: 181009734 Cur surface: Surface(name=null)/@0xfbf9158
10-17 13:50:47.450  3408  3408 I SurfaceView@ac9fd46: applyTransactionOnVriDraw: vri = ViewRootImpl@6784265[MainActivity] fRS = false t = 0x7b12c06100 android.view.SurfaceView.performSurfaceTransaction:959 android.view.SurfaceView.updateSurface:1105 android.view.SurfaceView.lambda$new$0$android-view-SurfaceView:200 
10-17 13:50:47.450  3408  3408 I ViewRootImpl@6784265[MainActivity]: applyTransactionOnDraw: mRemoved = false isHardwareEnabled = true t = 0x7b12c06100android.view.SurfaceView.applyTransactionOnVriDraw:2048 android.view.SurfaceView.performSurfaceTransaction:959 android.view.SurfaceView.updateSurface:1105 android.view.SurfaceView.lambda$new$0$android-view-SurfaceView:200 android.view.SurfaceView$$ExternalSyntheticLambda5.onPreDraw:2 
10-17 13:50:47.450  3408  3408 I SurfaceView@ac9fd46: updateSurface: mVisible = true mSurface.isValid() = true
10-17 13:50:47.450  3408  3408 I SurfaceView@ac9fd46: updateSurface: mSurfaceCreated = true surfaceChanged = false visibleChanged = false
10-17 13:50:47.450  3408  3408 V SurfaceView@ac9fd46: Layout: x=0 y=-76 w=1080 h=525, frame=Rect(0, 0 - 1080, 525)
10-17 13:50:47.453  3408  3486 D SurfaceView@ac9fd46: updateSurfacePosition RenderWorker, frameNr = 803, position = [0, -76, 1080, 449] surfaceSize = 1080x525
10-17 13:50:47.453  3408  3486 I SurfaceView@ac9fd46: uSP: rtp = Rect(0, -76 - 1080, 449) rtsw = 1080 rtsh = 525
10-17 13:50:47.453  3408  3486 I SurfaceView@ac9fd46: onSSPAndSRT: pl = 0 pt = -76 sx = 1.0 sy = 1.0
10-17 13:50:47.453  3408  3486 I SurfaceView@ac9fd46: aOrMT: ViewRootImpl@6784265[MainActivity] t = android.view.SurfaceControl$Transaction@d9dc60f fN = 803 android.view.SurfaceView.-$$Nest$mapplyOrMergeTransaction:0 android.view.SurfaceView$SurfaceViewPositionUpdateListener.positionChanged:1537 android.graphics.RenderNode$CompositePositionUpdateListener.positionChanged:373 
10-17 13:50:47.454  3408  3486 I ViewRootImpl@6784265[MainActivity]: mWNT: t=0x7b12a80900 mBlastBufferQueue=0x7b5f206d00 fn= 803 caller= android.view.SurfaceView.applyOrMergeTransaction:1455 android.view.SurfaceView.-$$Nest$mapplyOrMergeTransaction:0 android.view.SurfaceView$SurfaceViewPositionUpdateListener.positionChanged:1537 
10-17 13:50:47.454  3408  3486 I ViewRootImpl@6784265[MainActivity]: mWNT: t=0x7b12c06100 mBlastBufferQueue=0x7b5f206d00 fn= 803 caller= android.view.ViewRootImpl.lambda$applyTransactionOnDraw$11$android-view-ViewRootImpl:12865 android.view.ViewRootImpl$$ExternalSyntheticLambda1.onFrameDraw:4 android.graphics.HardwareRenderer$FrameDrawingCallback.onFrameDraw:924 
10-17 13:50:47.463  3408  3408 I SurfaceView@ac9fd46: Changes: creating=false format=false size=false visible=false alpha=false hint=false mUseAlpha=false visible=false left=false top=true
10-17 13:50:47.463  3408  3408 I SurfaceView@ac9fd46: 181009734 Cur surface: Surface(name=null)/@0xfbf9158
10-17 13:50:47.463  3408  3408 I SurfaceView@ac9fd46: applyTransactionOnVriDraw: vri = ViewRootImpl@6784265[MainActivity] fRS = false t = 0x7b12c06200 android.view.SurfaceView.performSurfaceTransaction:959 android.view.SurfaceView.updateSurface:1105 android.view.SurfaceView.lambda$new$0$android-view-SurfaceView:200 
10-17 13:50:47.464  3408  3408 I ViewRootImpl@6784265[MainActivity]: applyTransactionOnDraw: mRemoved = false isHardwareEnabled = true t = 0x7b12c06200android.view.SurfaceView.applyTransactionOnVriDraw:2048 android.view.SurfaceView.performSurfaceTransaction:959 android.view.SurfaceView.updateSurface:1105 android.view.SurfaceView.lambda$new$0$android-view-SurfaceView:200 android.view.SurfaceView$$ExternalSyntheticLambda5.onPreDraw:2 
10-17 13:50:47.464  3408  3408 I SurfaceView@ac9fd46: updateSurface: mVisible = true mSurface.isValid() = true
10-17 13:50:47.464  3408  3408 I SurfaceView@ac9fd46: updateSurface: mSurfaceCreated = true surfaceChanged = false visibleChanged = false
10-17 13:50:47.464  3408  3408 V SurfaceView@ac9fd46: Layout: x=0 y=-90 w=1080 h=525, frame=Rect(0, 0 - 1080, 525)
10-17 13:50:47.467  3408  3487 D SurfaceView@ac9fd46: updateSurfacePosition RenderWorker, frameNr = 804, position = [0, -90, 1080, 435] surfaceSize = 1080x525
10-17 13:50:47.467  3408  3487 I SurfaceView@ac9fd46: uSP: rtp = Rect(0, -90 - 1080, 435) rtsw = 1080 rtsh = 525
10-17 13:50:47.467  3408  3487 I SurfaceView@ac9fd46: onSSPAndSRT: pl = 0 pt = -90 sx = 1.0 sy = 1.0
10-17 13:50:47.467  3408  3487 I SurfaceView@ac9fd46: aOrMT: ViewRootImpl@6784265[MainActivity] t = android.view.SurfaceControl$Transaction@d9dc60f fN = 804 android.view.SurfaceView.-$$Nest$mapplyOrMergeTransaction:0 android.view.SurfaceView$SurfaceViewPositionUpdateListener.positionChanged:1537 android.graphics.RenderNode$CompositePositionUpdateListener.positionChanged:373 
10-17 13:50:47.468  3408  3487 I ViewRootImpl@6784265[MainActivity]: mWNT: t=0x7b12a80900 mBlastBufferQueue=0x7b5f206d00 fn= 804 caller= android.view.SurfaceView.applyOrMergeTransaction:1455 android.view.SurfaceView.-$$Nest$mapplyOrMergeTransaction:0 android.view.SurfaceView$SurfaceViewPositionUpdateListener.positionChanged:1537 
10-17 13:50:47.468  3408  3487 I ViewRootImpl@6784265[MainActivity]: mWNT: t=0x7b12c06200 mBlastBufferQueue=0x7b5f206d00 fn= 804 caller= android.view.ViewRootImpl.lambda$applyTransactionOnDraw$11$android-view-ViewRootImpl:12865 android.view.ViewRootImpl$$ExternalSyntheticLambda1.onFrameDraw:4 android.graphics.HardwareRenderer$FrameDrawingCallback.onFrameDraw:924 
10-17 13:50:47.481  3408  3408 I SurfaceView@ac9fd46: Changes: creating=false format=false size=false visible=false alpha=false hint=false mUseAlpha=false visible=false left=false top=true
10-17 13:50:47.481  3408  3408 I SurfaceView@ac9fd46: 181009734 Cur surface: Surface(name=null)/@0xfbf9158
10-17 13:50:47.481  3408  3408 I SurfaceView@ac9fd46: applyTransactionOnVriDraw: vri = ViewRootImpl@6784265[MainActivity] fRS = false t = 0x7b12c06300 android.view.SurfaceView.performSurfaceTransaction:959 android.view.SurfaceView.updateSurface:1105 android.view.SurfaceView.lambda$new$0$android-view-SurfaceView:200 
10-17 13:50:47.482  3408  3408 I ViewRootImpl@6784265[MainActivity]: applyTransactionOnDraw: mRemoved = false isHardwareEnabled = true t = 0x7b12c06300android.view.SurfaceView.applyTransactionOnVriDraw:2048 android.view.SurfaceView.performSurfaceTransaction:959 android.view.SurfaceView.updateSurface:1105 android.view.SurfaceView.lambda$new$0$android-view-SurfaceView:200 android.view.SurfaceView$$ExternalSyntheticLambda5.onPreDraw:2 
10-17 13:50:47.482  3408  3408 I SurfaceView@ac9fd46: updateSurface: mVisible = true mSurface.isValid() = true
10-17 13:50:47.482  3408  3408 I SurfaceView@ac9fd46: updateSurface: mSurfaceCreated = true surfaceChanged = false visibleChanged = false
10-17 13:50:47.482  3408  3408 V SurfaceView@ac9fd46: Layout: x=0 y=-103 w=1080 h=525, frame=Rect(0, 0 - 1080, 525)
10-17 13:50:47.485  3408  3486 D SurfaceView@ac9fd46: updateSurfacePosition RenderWorker, frameNr = 805, position = [0, -103, 1080, 422] surfaceSize = 1080x525
10-17 13:50:47.485  3408  3486 I SurfaceView@ac9fd46: uSP: rtp = Rect(0, -103 - 1080, 422) rtsw = 1080 rtsh = 525
10-17 13:50:47.485  3408  3486 I SurfaceView@ac9fd46: onSSPAndSRT: pl = 0 pt = -103 sx = 1.0 sy = 1.0
10-17 13:50:47.486  3408  3486 I SurfaceView@ac9fd46: aOrMT: ViewRootImpl@6784265[MainActivity] t = android.view.SurfaceControl$Transaction@d9dc60f fN = 805 android.view.SurfaceView.-$$Nest$mapplyOrMergeTransaction:0 android.view.SurfaceView$SurfaceViewPositionUpdateListener.positionChanged:1537 android.graphics.RenderNode$CompositePositionUpdateListener.positionChanged:373 
10-17 13:50:47.486  3408  3486 I ViewRootImpl@6784265[MainActivity]: mWNT: t=0x7b12a80900 mBlastBufferQueue=0x7b5f206d00 fn= 805 caller= android.view.SurfaceView.applyOrMergeTransaction:1455 android.view.SurfaceView.-$$Nest$mapplyOrMergeTransaction:0 android.view.SurfaceView$SurfaceViewPositionUpdateListener.positionChanged:1537 
10-17 13:50:47.486  3408  3486 I ViewRootImpl@6784265[MainActivity]: mWNT: t=0x7b12c06300 mBlastBufferQueue=0x7b5f206d00 fn= 805 caller= android.view.ViewRootImpl.lambda$applyTransactionOnDraw$11$android-view-ViewRootImpl:12865 android.view.ViewRootImpl$$ExternalSyntheticLambda1.onFrameDraw:4 android.graphics.HardwareRenderer$FrameDrawingCallback.onFrameDraw:924 
10-17 13:50:47.498  3408  3408 I SurfaceView@ac9fd46: Changes: creating=false format=false size=false visible=false alpha=false hint=false mUseAlpha=false visible=false left=false top=true
10-17 13:50:47.498  3408  3408 I SurfaceView@ac9fd46: 181009734 Cur surface: Surface(name=null)/@0xfbf9158
10-17 13:50:47.499  3408  3408 I SurfaceView@ac9fd46: applyTransactionOnVriDraw: vri = ViewRootImpl@6784265[MainActivity] fRS = false t = 0x7b12c06400 android.view.SurfaceView.performSurfaceTransaction:959 android.view.SurfaceView.updateSurface:1105 android.view.SurfaceView.lambda$new$0$android-view-SurfaceView:200 
10-17 13:50:47.499  3408  3408 I ViewRootImpl@6784265[MainActivity]: applyTransactionOnDraw: mRemoved = false isHardwareEnabled = true t = 0x7b12c06400android.view.SurfaceView.applyTransactionOnVriDraw:2048 android.view.SurfaceView.performSurfaceTransaction:959 android.view.SurfaceView.updateSurface:1105 android.view.SurfaceView.lambda$new$0$android-view-SurfaceView:200 android.view.SurfaceView$$ExternalSyntheticLambda5.onPreDraw:2 
10-17 13:50:47.499  3408  3408 I SurfaceView@ac9fd46: updateSurface: mVisible = true mSurface.isValid() = true
10-17 13:50:47.499  3408  3408 I SurfaceView@ac9fd46: updateSurface: mSurfaceCreated = true surfaceChanged = false visibleChanged = false
10-17 13:50:47.499  3408  3408 V SurfaceView@ac9fd46: Layout: x=0 y=-121 w=1080 h=525, frame=Rect(0, 0 - 1080, 525)
10-17 13:50:47.502  3408  3487 D SurfaceView@ac9fd46: updateSurfacePosition RenderWorker, frameNr = 806, position = [0, -121, 1080, 404] surfaceSize = 1080x525
10-17 13:50:47.502  3408  3487 I SurfaceView@ac9fd46: uSP: rtp = Rect(0, -121 - 1080, 404) rtsw = 1080 rtsh = 525
10-17 13:50:47.502  3408  3487 I SurfaceView@ac9fd46: onSSPAndSRT: pl = 0 pt = -121 sx = 1.0 sy = 1.0
10-17 13:50:47.502  3408  3487 I SurfaceView@ac9fd46: aOrMT: ViewRootImpl@6784265[MainActivity] t = android.view.SurfaceControl$Transaction@d9dc60f fN = 806 android.view.SurfaceView.-$$Nest$mapplyOrMergeTransaction:0 android.view.SurfaceView$SurfaceViewPositionUpdateListener.positionChanged:1537 android.graphics.RenderNode$CompositePositionUpdateListener.positionChanged:373 
10-17 13:50:47.502  3408  3408 I ViewRootImpl@6784265[MainActivity]: ViewPostIme pointer 1
10-17 13:50:47.502  3408  3487 I ViewRootImpl@6784265[MainActivity]: mWNT: t=0x7b12a80900 mBlastBufferQueue=0x7b5f206d00 fn= 806 caller= android.view.SurfaceView.applyOrMergeTransaction:1455 android.view.SurfaceView.-$$Nest$mapplyOrMergeTransaction:0 android.view.SurfaceView$SurfaceViewPositionUpdateListener.positionChanged:1537 
10-17 13:50:47.503  3408  3487 I ViewRootImpl@6784265[MainActivity]: mWNT: t=0x7b12c06400 mBlastBufferQueue=0x7b5f206d00 fn= 806 caller= android.view.ViewRootImpl.lambda$applyTransactionOnDraw$11$android-view-ViewRootImpl:12865 android.view.ViewRootImpl$$ExternalSyntheticLambda1.onFrameDraw:4 android.graphics.HardwareRenderer$FrameDrawingCallback.onFrameDraw:924 
10-17 13:50:47.515  3408  3486 D SurfaceView@ac9fd46: updateSurfacePosition RenderWorker, frameNr = 807, position = [0, -126, 1080, 399] surfaceSize = 1080x525
10-17 13:50:47.515  3408  3486 I SurfaceView@ac9fd46: uSP: rtp = Rect(0, -126 - 1080, 399) rtsw = 1080 rtsh = 525
10-17 13:50:47.515  3408  3486 I SurfaceView@ac9fd46: onSSPAndSRT: pl = 0 pt = -126 sx = 1.0 sy = 1.0
10-17 13:50:47.515  3408  3486 I SurfaceView@ac9fd46: aOrMT: ViewRootImpl@6784265[MainActivity] t = android.view.SurfaceControl$Transaction@d9dc60f fN = 807 android.view.SurfaceView.-$$Nest$mapplyOrMergeTransaction:0 android.view.SurfaceView$SurfaceViewPositionUpdateListener.positionChanged:1537 android.graphics.RenderNode$CompositePositionUpdateListener.positionChanged:373 
10-17 13:50:47.515  3408  3486 I ViewRootImpl@6784265[MainActivity]: mWNT: t=0x7b12a80900 mBlastBufferQueue=0x7b5f206d00 fn= 807 caller= android.view.SurfaceView.applyOrMergeTransaction:1455 android.view.SurfaceView.-$$Nest$mapplyOrMergeTransaction:0 android.view.SurfaceView$SurfaceViewPositionUpdateListener.positionChanged:1537 
10-17 13:50:47.529  3408  3408 I SurfaceView@ac9fd46: Changes: creating=false format=false size=false visible=false alpha=false hint=false mUseAlpha=false visible=false left=false top=true
10-17 13:50:47.530  3408  3408 I SurfaceView@ac9fd46: 181009734 Cur surface: Surface(name=null)/@0xfbf9158
10-17 13:50:47.530  3408  3408 I SurfaceView@ac9fd46: applyTransactionOnVriDraw: vri = ViewRootImpl@6784265[MainActivity] fRS = false t = 0x7b12c06500 android.view.SurfaceView.performSurfaceTransaction:959 android.view.SurfaceView.updateSurface:1105 android.view.SurfaceView.lambda$new$0$android-view-SurfaceView:200 
10-17 13:50:47.530  3408  3408 I ViewRootImpl@6784265[MainActivity]: applyTransactionOnDraw: mRemoved = false isHardwareEnabled = true t = 0x7b12c06500android.view.SurfaceView.applyTransactionOnVriDraw:2048 android.view.SurfaceView.performSurfaceTransaction:959 android.view.SurfaceView.updateSurface:1105 android.view.SurfaceView.lambda$new$0$android-view-SurfaceView:200 android.view.SurfaceView$$ExternalSyntheticLambda5.onPreDraw:2 
10-17 13:50:47.530  3408  3408 I SurfaceView@ac9fd46: updateSurface: mVisible = true mSurface.isValid() = true
10-17 13:50:47.530  3408  3408 I SurfaceView@ac9fd46: updateSurface: mSurfaceCreated = true surfaceChanged = false visibleChanged = false
10-17 13:50:47.530  3408  3408 V SurfaceView@ac9fd46: Layout: x=0 y=-126 w=1080 h=525, frame=Rect(0, 0 - 1080, 525)
10-17 13:50:47.533  3408  3487 D SurfaceView@ac9fd46: updateSurfacePosition RenderWorker, frameNr = 808, position = [0, -131, 1080, 394] surfaceSize = 1080x525
10-17 13:50:47.533  3408  3487 I SurfaceView@ac9fd46: uSP: rtp = Rect(0, -131 - 1080, 394) rtsw = 1080 rtsh = 525
10-17 13:50:47.534  3408  3487 I SurfaceView@ac9fd46: onSSPAndSRT: pl = 0 pt = -131 sx = 1.0 sy = 1.0
10-17 13:50:47.534  3408  3487 I SurfaceView@ac9fd46: aOrMT: ViewRootImpl@6784265[MainActivity] t = android.view.SurfaceControl$Transaction@d9dc60f fN = 808 android.view.SurfaceView.-$$Nest$mapplyOrMergeTransaction:0 android.view.SurfaceView$SurfaceViewPositionUpdateListener.positionChanged:1537 android.graphics.RenderNode$CompositePositionUpdateListener.positionChanged:373 
10-17 13:50:47.534  3408  3487 I ViewRootImpl@6784265[MainActivity]: mWNT: t=0x7b12a80900 mBlastBufferQueue=0x7b5f206d00 fn= 808 caller= android.view.SurfaceView.applyOrMergeTransaction:1455 android.view.SurfaceView.-$$Nest$mapplyOrMergeTransaction:0 android.view.SurfaceView$SurfaceViewPositionUpdateListener.positionChanged:1537 
10-17 13:50:47.534  3408  3487 I ViewRootImpl@6784265[MainActivity]: mWNT: t=0x7b12c06500 mBlastBufferQueue=0x7b5f206d00 fn= 808 caller= android.view.ViewRootImpl.lambda$applyTransactionOnDraw$11$android-view-ViewRootImpl:12865 android.view.ViewRootImpl$$ExternalSyntheticLambda1.onFrameDraw:4 android.graphics.HardwareRenderer$FrameDrawingCallback.onFrameDraw:924 
10-17 13:50:47.545  3408  3408 I SurfaceView@ac9fd46: Changes: creating=false format=false size=false visible=false alpha=false hint=false mUseAlpha=false visible=false left=false top=true
10-17 13:50:47.545  3408  3408 I SurfaceView@ac9fd46: 181009734 Cur surface: Surface(name=null)/@0xfbf9158
10-17 13:50:47.546  3408  3408 I SurfaceView@ac9fd46: applyTransactionOnVriDraw: vri = ViewRootImpl@6784265[MainActivity] fRS = false t = 0x7b12c06600 android.view.SurfaceView.performSurfaceTransaction:959 android.view.SurfaceView.updateSurface:1105 android.view.SurfaceView.lambda$new$0$android-view-SurfaceView:200 
10-17 13:50:47.546  3408  3408 I ViewRootImpl@6784265[MainActivity]: applyTransactionOnDraw: mRemoved = false isHardwareEnabled = true t = 0x7b12c06600android.view.SurfaceView.applyTransactionOnVriDraw:2048 android.view.SurfaceView.performSurfaceTransaction:959 android.view.SurfaceView.updateSurface:1105 android.view.SurfaceView.lambda$new$0$android-view-SurfaceView:200 android.view.SurfaceView$$ExternalSyntheticLambda5.onPreDraw:2 
10-17 13:50:47.546  3408  3408 I SurfaceView@ac9fd46: updateSurface: mVisible = true mSurface.isValid() = true
10-17 13:50:47.546  3408  3408 I SurfaceView@ac9fd46: updateSurface: mSurfaceCreated = true surfaceChanged = false visibleChanged = false
10-17 13:50:47.546  3408  3408 V SurfaceView@ac9fd46: Layout: x=0 y=-131 w=1080 h=525, frame=Rect(0, 0 - 1080, 525)
10-17 13:50:47.547  3408  3486 D SurfaceView@ac9fd46: updateSurfacePosition RenderWorker, frameNr = 809, position = [0, -138, 1080, 387] surfaceSize = 1080x525
10-17 13:50:47.547  3408  3486 I SurfaceView@ac9fd46: uSP: rtp = Rect(0, -138 - 1080, 387) rtsw = 1080 rtsh = 525
10-17 13:50:47.547  3408  3486 I SurfaceView@ac9fd46: onSSPAndSRT: pl = 0 pt = -138 sx = 1.0 sy = 1.0
10-17 13:50:47.548  3408  3486 I SurfaceView@ac9fd46: aOrMT: ViewRootImpl@6784265[MainActivity] t = android.view.SurfaceControl$Transaction@d9dc60f fN = 809 android.view.SurfaceView.-$$Nest$mapplyOrMergeTransaction:0 android.view.SurfaceView$SurfaceViewPositionUpdateListener.positionChanged:1537 android.graphics.RenderNode$CompositePositionUpdateListener.positionChanged:373 
10-17 13:50:47.548  3408  3486 I ViewRootImpl@6784265[MainActivity]: mWNT: t=0x7b12a80900 mBlastBufferQueue=0x7b5f206d00 fn= 809 caller= android.view.SurfaceView.applyOrMergeTransaction:1455 android.view.SurfaceView.-$$Nest$mapplyOrMergeTransaction:0 android.view.SurfaceView$SurfaceViewPositionUpdateListener.positionChanged:1537 
10-17 13:50:47.548  3408  3486 I ViewRootImpl@6784265[MainActivity]: mWNT: t=0x7b12c06600 mBlastBufferQueue=0x7b5f206d00 fn= 809 caller= android.view.ViewRootImpl.lambda$applyTransactionOnDraw$11$android-view-ViewRootImpl:12865 android.view.ViewRootImpl$$ExternalSyntheticLambda1.onFrameDraw:4 android.graphics.HardwareRenderer$FrameDrawingCallback.onFrameDraw:924 
10-17 13:50:47.564  3408  3408 I SurfaceView@ac9fd46: Changes: creating=false format=false size=false visible=false alpha=false hint=false mUseAlpha=false visible=false left=false top=true
10-17 13:50:47.564  3408  3408 I SurfaceView@ac9fd46: 181009734 Cur surface: Surface(name=null)/@0xfbf9158
10-17 13:50:47.565  3408  3408 I SurfaceView@ac9fd46: applyTransactionOnVriDraw: vri = ViewRootImpl@6784265[MainActivity] fRS = false t = 0x7b12c06700 android.view.SurfaceView.performSurfaceTransaction:959 android.view.SurfaceView.updateSurface:1105 android.view.SurfaceView.lambda$new$0$android-view-SurfaceView:200 
10-17 13:50:47.565  3408  3408 I ViewRootImpl@6784265[MainActivity]: applyTransactionOnDraw: mRemoved = false isHardwareEnabled = true t = 0x7b12c06700android.view.SurfaceView.applyTransactionOnVriDraw:2048 android.view.SurfaceView.performSurfaceTransaction:959 android.view.SurfaceView.updateSurface:1105 android.view.SurfaceView.lambda$new$0$android-view-SurfaceView:200 android.view.SurfaceView$$ExternalSyntheticLambda5.onPreDraw:2 
10-17 13:50:47.565  3408  3408 I SurfaceView@ac9fd46: updateSurface: mVisible = true mSurface.isValid() = true
10-17 13:50:47.565  3408  3408 I SurfaceView@ac9fd46: updateSurface: mSurfaceCreated = true surfaceChanged = false visibleChanged = false
10-17 13:50:47.565  3408  3408 V SurfaceView@ac9fd46: Layout: x=0 y=-138 w=1080 h=525, frame=Rect(0, 0 - 1080, 525)
10-17 13:50:47.568  3408  3487 D SurfaceView@ac9fd46: updateSurfacePosition RenderWorker, frameNr = 810, position = [0, -147, 1080, 378] surfaceSize = 1080x525
10-17 13:50:47.568  3408  3487 I SurfaceView@ac9fd46: uSP: rtp = Rect(0, -147 - 1080, 378) rtsw = 1080 rtsh = 525
10-17 13:50:47.568  3408  3487 I SurfaceView@ac9fd46: onSSPAndSRT: pl = 0 pt = -147 sx = 1.0 sy = 1.0
10-17 13:50:47.569  3408  3487 I SurfaceView@ac9fd46: aOrMT: ViewRootImpl@6784265[MainActivity] t = android.view.SurfaceControl$Transaction@d9dc60f fN = 810 android.view.SurfaceView.-$$Nest$mapplyOrMergeTransaction:0 android.view.SurfaceView$SurfaceViewPositionUpdateListener.positionChanged:1537 android.graphics.RenderNode$CompositePositionUpdateListener.positionChanged:373 
10-17 13:50:47.569  3408  3487 I ViewRootImpl@6784265[MainActivity]: mWNT: t=0x7b12a80900 mBlastBufferQueue=0x7b5f206d00 fn= 810 caller= android.view.SurfaceView.applyOrMergeTransaction:1455 android.view.SurfaceView.-$$Nest$mapplyOrMergeTransaction:0 android.view.SurfaceView$SurfaceViewPositionUpdateListener.positionChanged:1537 
10-17 13:50:47.569  3408  3487 I ViewRootImpl@6784265[MainActivity]: mWNT: t=0x7b12c06700 mBlastBufferQueue=0x7b5f206d00 fn= 810 caller= android.view.ViewRootImpl.lambda$applyTransactionOnDraw$11$android-view-ViewRootImpl:12865 android.view.ViewRootImpl$$ExternalSyntheticLambda1.onFrameDraw:4 android.graphics.HardwareRenderer$FrameDrawingCallback.onFrameDraw:924 
10-17 13:50:47.580  3408  3408 I SurfaceView@ac9fd46: Changes: creating=false format=false size=false visible=false alpha=false hint=false mUseAlpha=false visible=false left=false top=true
10-17 13:50:47.580  3408  3408 I SurfaceView@ac9fd46: 181009734 Cur surface: Surface(name=null)/@0xfbf9158
10-17 13:50:47.580  3408  3408 I SurfaceView@ac9fd46: applyTransactionOnVriDraw: vri = ViewRootImpl@6784265[MainActivity] fRS = false t = 0x7b12c06800 android.view.SurfaceView.performSurfaceTransaction:959 android.view.SurfaceView.updateSurface:1105 android.view.SurfaceView.lambda$new$0$android-view-SurfaceView:200 
10-17 13:50:47.580  3408  3408 I ViewRootImpl@6784265[MainActivity]: applyTransactionOnDraw: mRemoved = false isHardwareEnabled = true t = 0x7b12c06800android.view.SurfaceView.applyTransactionOnVriDraw:2048 android.view.SurfaceView.performSurfaceTransaction:959 android.view.SurfaceView.updateSurface:1105 android.view.SurfaceView.lambda$new$0$android-view-SurfaceView:200 android.view.SurfaceView$$ExternalSyntheticLambda5.onPreDraw:2 
10-17 13:50:47.580  3408  3408 I SurfaceView@ac9fd46: updateSurface: mVisible = true mSurface.isValid() = true
10-17 13:50:47.580  3408  3408 I SurfaceView@ac9fd46: updateSurface: mSurfaceCreated = true surfaceChanged = false visibleChanged = false
10-17 13:50:47.580  3408  3408 V SurfaceView@ac9fd46: Layout: x=0 y=-147 w=1080 h=525, frame=Rect(0, 0 - 1080, 525)
10-17 13:50:47.582  3408  3486 D SurfaceView@ac9fd46: updateSurfacePosition RenderWorker, frameNr = 811, position = [0, -155, 1080, 370] surfaceSize = 1080x525
10-17 13:50:47.582  3408  3486 I SurfaceView@ac9fd46: uSP: rtp = Rect(0, -155 - 1080, 370) rtsw = 1080 rtsh = 525
10-17 13:50:47.582  3408  3486 I SurfaceView@ac9fd46: onSSPAndSRT: pl = 0 pt = -155 sx = 1.0 sy = 1.0
10-17 13:50:47.583  3408  3486 I SurfaceView@ac9fd46: aOrMT: ViewRootImpl@6784265[MainActivity] t = android.view.SurfaceControl$Transaction@d9dc60f fN = 811 android.view.SurfaceView.-$$Nest$mapplyOrMergeTransaction:0 android.view.SurfaceView$SurfaceViewPositionUpdateListener.positionChanged:1537 android.graphics.RenderNode$CompositePositionUpdateListener.positionChanged:373 
10-17 13:50:47.583  3408  3486 I ViewRootImpl@6784265[MainActivity]: mWNT: t=0x7b12a80900 mBlastBufferQueue=0x7b5f206d00 fn= 811 caller= android.view.SurfaceView.applyOrMergeTransaction:1455 android.view.SurfaceView.-$$Nest$mapplyOrMergeTransaction:0 android.view.SurfaceView$SurfaceViewPositionUpdateListener.positionChanged:1537 
10-17 13:50:47.583  3408  3486 I ViewRootImpl@6784265[MainActivity]: mWNT: t=0x7b12c06800 mBlastBufferQueue=0x7b5f206d00 fn= 811 caller= android.view.ViewRootImpl.lambda$applyTransactionOnDraw$11$android-view-ViewRootImpl:12865 android.view.ViewRootImpl$$ExternalSyntheticLambda1.onFrameDraw:4 android.graphics.HardwareRenderer$FrameDrawingCallback.onFrameDraw:924 
10-17 13:50:47.596  3408  3408 I SurfaceView@ac9fd46: Changes: creating=false format=false size=false visible=false alpha=false hint=false mUseAlpha=false visible=false left=false top=true
10-17 13:50:47.596  3408  3408 I SurfaceView@ac9fd46: 181009734 Cur surface: Surface(name=null)/@0xfbf9158
10-17 13:50:47.596  3408  3408 I SurfaceView@ac9fd46: applyTransactionOnVriDraw: vri = ViewRootImpl@6784265[MainActivity] fRS = false t = 0x7b12c06900 android.view.SurfaceView.performSurfaceTransaction:959 android.view.SurfaceView.updateSurface:1105 android.view.SurfaceView.lambda$new$0$android-view-SurfaceView:200 
10-17 13:50:47.596  3408  3408 I ViewRootImpl@6784265[MainActivity]: applyTransactionOnDraw: mRemoved = false isHardwareEnabled = true t = 0x7b12c06900android.view.SurfaceView.applyTransactionOnVriDraw:2048 android.view.SurfaceView.performSurfaceTransaction:959 android.view.SurfaceView.updateSurface:1105 android.view.SurfaceView.lambda$new$0$android-view-SurfaceView:200 android.view.SurfaceView$$ExternalSyntheticLambda5.onPreDraw:2 
10-17 13:50:47.596  3408  3408 I SurfaceView@ac9fd46: updateSurface: mVisible = true mSurface.isValid() = true
10-17 13:50:47.597  3408  3408 I SurfaceView@ac9fd46: updateSurface: mSurfaceCreated = true surfaceChanged = false visibleChanged = false
10-17 13:50:47.597  3408  3408 V SurfaceView@ac9fd46: Layout: x=0 y=-155 w=1080 h=525, frame=Rect(0, 0 - 1080, 525)
10-17 13:50:47.598  3408  3487 D SurfaceView@ac9fd46: updateSurfacePosition RenderWorker, frameNr = 812, position = [0, -162, 1080, 363] surfaceSize = 1080x525
10-17 13:50:47.598  3408  3487 I SurfaceView@ac9fd46: uSP: rtp = Rect(0, -162 - 1080, 363) rtsw = 1080 rtsh = 525
10-17 13:50:47.598  3408  3487 I SurfaceView@ac9fd46: onSSPAndSRT: pl = 0 pt = -162 sx = 1.0 sy = 1.0
10-17 13:50:47.599  3408  3487 I SurfaceView@ac9fd46: aOrMT: ViewRootImpl@6784265[MainActivity] t = android.view.SurfaceControl$Transaction@d9dc60f fN = 812 android.view.SurfaceView.-$$Nest$mapplyOrMergeTransaction:0 android.view.SurfaceView$SurfaceViewPositionUpdateListener.positionChanged:1537 android.graphics.RenderNode$CompositePositionUpdateListener.positionChanged:373 
10-17 13:50:47.599  3408  3487 I ViewRootImpl@6784265[MainActivity]: mWNT: t=0x7b12a80900 mBlastBufferQueue=0x7b5f206d00 fn= 812 caller= android.view.SurfaceView.applyOrMergeTransaction:1455 android.view.SurfaceView.-$$Nest$mapplyOrMergeTransaction:0 android.view.SurfaceView$SurfaceViewPositionUpdateListener.positionChanged:1537 
10-17 13:50:47.599  3408  3487 I ViewRootImpl@6784265[MainActivity]: mWNT: t=0x7b12c06900 mBlastBufferQueue=0x7b5f206d00 fn= 812 caller= android.view.ViewRootImpl.lambda$applyTransactionOnDraw$11$android-view-ViewRootImpl:12865 android.view.ViewRootImpl$$ExternalSyntheticLambda1.onFrameDraw:4 android.graphics.HardwareRenderer$FrameDrawingCallback.onFrameDraw:924 
10-17 13:50:47.614  3408  3408 I SurfaceView@ac9fd46: Changes: creating=false format=false size=false visible=false alpha=false hint=false mUseAlpha=false visible=false left=false top=true
10-17 13:50:47.614  3408  3408 I SurfaceView@ac9fd46: 181009734 Cur surface: Surface(name=null)/@0xfbf9158
10-17 13:50:47.615  3408  3408 I SurfaceView@ac9fd46: applyTransactionOnVriDraw: vri = ViewRootImpl@6784265[MainActivity] fRS = false t = 0x7b12c06a00 android.view.SurfaceView.performSurfaceTransaction:959 android.view.SurfaceView.updateSurface:1105 android.view.SurfaceView.lambda$new$0$android-view-SurfaceView:200 
10-17 13:50:47.615  3408  3408 I ViewRootImpl@6784265[MainActivity]: applyTransactionOnDraw: mRemoved = false isHardwareEnabled = true t = 0x7b12c06a00android.view.SurfaceView.applyTransactionOnVriDraw:2048 android.view.SurfaceView.performSurfaceTransaction:959 android.view.SurfaceView.updateSurface:1105 android.view.SurfaceView.lambda$new$0$android-view-SurfaceView:200 android.view.SurfaceView$$ExternalSyntheticLambda5.onPreDraw:2 
10-17 13:50:47.615  3408  3408 I SurfaceView@ac9fd46: updateSurface: mVisible = true mSurface.isValid() = true
10-17 13:50:47.615  3408  3408 I SurfaceView@ac9fd46: updateSurface: mSurfaceCreated = true surfaceChanged = false visibleChanged = false
10-17 13:50:47.615  3408  3408 V SurfaceView@ac9fd46: Layout: x=0 y=-162 w=1080 h=525, frame=Rect(0, 0 - 1080, 525)
10-17 13:50:47.617  3408  3486 D SurfaceView@ac9fd46: updateSurfacePosition RenderWorker, frameNr = 813, position = [0, -169, 1080, 356] surfaceSize = 1080x525
10-17 13:50:47.617  3408  3486 I SurfaceView@ac9fd46: uSP: rtp = Rect(0, -169 - 1080, 356) rtsw = 1080 rtsh = 525
10-17 13:50:47.617  3408  3486 I SurfaceView@ac9fd46: onSSPAndSRT: pl = 0 pt = -169 sx = 1.0 sy = 1.0
10-17 13:50:47.618  3408  3486 I SurfaceView@ac9fd46: aOrMT: ViewRootImpl@6784265[MainActivity] t = android.view.SurfaceControl$Transaction@d9dc60f fN = 813 android.view.SurfaceView.-$$Nest$mapplyOrMergeTransaction:0 android.view.SurfaceView$SurfaceViewPositionUpdateListener.positionChanged:1537 android.graphics.RenderNode$CompositePositionUpdateListener.positionChanged:373 
10-17 13:50:47.618  3408  3486 I ViewRootImpl@6784265[MainActivity]: mWNT: t=0x7b12a80900 mBlastBufferQueue=0x7b5f206d00 fn= 813 caller= android.view.SurfaceView.applyOrMergeTransaction:1455 android.view.SurfaceView.-$$Nest$mapplyOrMergeTransaction:0 android.view.SurfaceView$SurfaceViewPositionUpdateListener.positionChanged:1537 
10-17 13:50:47.618  3408  3486 I ViewRootImpl@6784265[MainActivity]: mWNT: t=0x7b12c06a00 mBlastBufferQueue=0x7b5f206d00 fn= 813 caller= android.view.ViewRootImpl.lambda$applyTransactionOnDraw$11$android-view-ViewRootImpl:12865 android.view.ViewRootImpl$$ExternalSyntheticLambda1.onFrameDraw:4 android.graphics.HardwareRenderer$FrameDrawingCallback.onFrameDraw:924 
10-17 13:50:47.630  3408  3408 I SurfaceView@ac9fd46: Changes: creating=false format=false size=false visible=false alpha=false hint=false mUseAlpha=false visible=false left=false top=true
10-17 13:50:47.630  3408  3408 I SurfaceView@ac9fd46: 181009734 Cur surface: Surface(name=null)/@0xfbf9158
10-17 13:50:47.630  3408  3408 I SurfaceView@ac9fd46: applyTransactionOnVriDraw: vri = ViewRootImpl@6784265[MainActivity] fRS = false t = 0x7b12c06b00 android.view.SurfaceView.performSurfaceTransaction:959 android.view.SurfaceView.updateSurface:1105 android.view.SurfaceView.lambda$new$0$android-view-SurfaceView:200 
10-17 13:50:47.631  3408  3408 I ViewRootImpl@6784265[MainActivity]: applyTransactionOnDraw: mRemoved = false isHardwareEnabled = true t = 0x7b12c06b00android.view.SurfaceView.applyTransactionOnVriDraw:2048 android.view.SurfaceView.performSurfaceTransaction:959 android.view.SurfaceView.updateSurface:1105 android.view.SurfaceView.lambda$new$0$android-view-SurfaceView:200 android.view.SurfaceView$$ExternalSyntheticLambda5.onPreDraw:2 
10-17 13:50:47.631  3408  3408 I SurfaceView@ac9fd46: updateSurface: mVisible = true mSurface.isValid() = true
10-17 13:50:47.631  3408  3408 I SurfaceView@ac9fd46: updateSurface: mSurfaceCreated = true surfaceChanged = false visibleChanged = false
10-17 13:50:47.631  3408  3408 V SurfaceView@ac9fd46: Layout: x=0 y=-169 w=1080 h=525, frame=Rect(0, 0 - 1080, 525)
10-17 13:50:47.632  3408  3487 D SurfaceView@ac9fd46: updateSurfacePosition RenderWorker, frameNr = 814, position = [0, -174, 1080, 351] surfaceSize = 1080x525
10-17 13:50:47.632  3408  3487 I SurfaceView@ac9fd46: uSP: rtp = Rect(0, -174 - 1080, 351) rtsw = 1080 rtsh = 525
10-17 13:50:47.632  3408  3487 I SurfaceView@ac9fd46: onSSPAndSRT: pl = 0 pt = -174 sx = 1.0 sy = 1.0
10-17 13:50:47.632  3408  3487 I SurfaceView@ac9fd46: aOrMT: ViewRootImpl@6784265[MainActivity] t = android.view.SurfaceControl$Transaction@d9dc60f fN = 814 android.view.SurfaceView.-$$Nest$mapplyOrMergeTransaction:0 android.view.SurfaceView$SurfaceViewPositionUpdateListener.positionChanged:1537 android.graphics.RenderNode$CompositePositionUpdateListener.positionChanged:373 
10-17 13:50:47.633  3408  3487 I ViewRootImpl@6784265[MainActivity]: mWNT: t=0x7b12a80900 mBlastBufferQueue=0x7b5f206d00 fn= 814 caller= android.view.SurfaceView.applyOrMergeTransaction:1455 android.view.SurfaceView.-$$Nest$mapplyOrMergeTransaction:0 android.view.SurfaceView$SurfaceViewPositionUpdateListener.positionChanged:1537 
10-17 13:50:47.633  3408  3487 I ViewRootImpl@6784265[MainActivity]: mWNT: t=0x7b12c06b00 mBlastBufferQueue=0x7b5f206d00 fn= 814 caller= android.view.ViewRootImpl.lambda$applyTransactionOnDraw$11$android-view-ViewRootImpl:12865 android.view.ViewRootImpl$$ExternalSyntheticLambda1.onFrameDraw:4 android.graphics.HardwareRenderer$FrameDrawingCallback.onFrameDraw:924 
10-17 13:50:47.649  3408  3408 I SurfaceView@ac9fd46: Changes: creating=false format=false size=false visible=false alpha=false hint=false mUseAlpha=false visible=false left=false top=true
10-17 13:50:47.649  3408  3408 I SurfaceView@ac9fd46: 181009734 Cur surface: Surface(name=null)/@0xfbf9158
10-17 13:50:47.649  3408  3408 I SurfaceView@ac9fd46: applyTransactionOnVriDraw: vri = ViewRootImpl@6784265[MainActivity] fRS = false t = 0x7b12c06c00 android.view.SurfaceView.performSurfaceTransaction:959 android.view.SurfaceView.updateSurface:1105 android.view.SurfaceView.lambda$new$0$android-view-SurfaceView:200 
10-17 13:50:47.650  3408  3408 I ViewRootImpl@6784265[MainActivity]: applyTransactionOnDraw: mRemoved = false isHardwareEnabled = true t = 0x7b12c06c00android.view.SurfaceView.applyTransactionOnVriDraw:2048 android.view.SurfaceView.performSurfaceTransaction:959 android.view.SurfaceView.updateSurface:1105 android.view.SurfaceView.lambda$new$0$android-view-SurfaceView:200 android.view.SurfaceView$$ExternalSyntheticLambda5.onPreDraw:2 
10-17 13:50:47.650  3408  3408 I SurfaceView@ac9fd46: updateSurface: mVisible = true mSurface.isValid() = true
10-17 13:50:47.650  3408  3408 I SurfaceView@ac9fd46: updateSurface: mSurfaceCreated = true surfaceChanged = false visibleChanged = false
10-17 13:50:47.650  3408  3408 V SurfaceView@ac9fd46: Layout: x=0 y=-174 w=1080 h=525, frame=Rect(0, 0 - 1080, 525)
10-17 13:50:47.652  3408  3486 D SurfaceView@ac9fd46: updateSurfacePosition RenderWorker, frameNr = 815, position = [0, -180, 1080, 345] surfaceSize = 1080x525
10-17 13:50:47.652  3408  3486 I SurfaceView@ac9fd46: uSP: rtp = Rect(0, -180 - 1080, 345) rtsw = 1080 rtsh = 525
10-17 13:50:47.652  3408  3486 I SurfaceView@ac9fd46: onSSPAndSRT: pl = 0 pt = -180 sx = 1.0 sy = 1.0
