--------- beginning of main
10-17 13:35:26.162   506   506 D InputTransport: Input channel destroyed: 'ba62e2f', fd=162
10-17 13:35:26.198   506   506 I ViewRootImpl@6dcaa2e[MainActivity]: MSG_WINDOW_FOCUS_CHANGED 1 0
10-17 13:35:26.198   506   506 I ViewRootImpl@6dcaa2e[MainActivity]: mThreadedRenderer.initializeIfNeeded()#2 mSurface={isValid=true 0x7b5b272800}
10-17 13:35:26.199   506   506 D InputMethodManager: startInputInner - Id : 0
10-17 13:35:26.199   506   506 I InputMethodManager: startInputInner - mService.startInputOrWindowGainedFocus
10-17 13:35:26.216   506   511 W st.cloudstream3: Cleared Reference was only reachable from finalizer (only reported once)
10-17 13:35:26.284   506   511 I st.cloudstream3: Background concurrent copying GC freed 18MB AllocSpace bytes, 69(3124KB) LOS objects, 49% free, 12MB/24MB, paused 477us,129us total 187.318ms
10-17 13:35:26.553   506   506 I ViewRootImpl@6dcaa2e[MainActivity]: ViewPostIme pointer 0
10-17 13:35:26.631   506   506 D WindowOnBackDispatcher: onBackInvoked, viewRoot=ViewRootImpl@d3477df[MainActivity], callback=androidx.activity.OnBackPressedDispatcher$Api33Impl$$ExternalSyntheticLambda0@a6887b6
10-17 13:35:26.642   506   506 I IMM_LC  : hsifw() - flag : 0
10-17 13:35:26.642   506   506 I IMM_LC  : hsifw() - mService.hideSoftInput
10-17 13:35:26.649   506   506 D ScrollView: initGoToTop
10-17 13:35:26.673   506   506 E CoilImgLoader: Error loading image: coil3.request.NullRequestDataException: The request's data is null.
10-17 13:35:26.683   506   506 D ScrollView:  onsize change changed 
10-17 13:35:28.549   506   506 I ViewRootImpl@6dcaa2e[MainActivity]: MSG_WINDOW_FOCUS_CHANGED 0 0
10-17 13:35:34.272   506   506 D InsetsSourceConsumer: ensureControlPosition: Point(0, 2274) for ITYPE_NAVIGATION_BAR on com.lagradost.cloudstream3/com.lagradost.cloudstream3.MainActivity from android.view.InsetsSourceConsumer.setControl:211
10-17 13:35:34.275   506   588 I ViewRootImpl@6dcaa2e[MainActivity]: mWNT: t=0x7bed8c0a00 mBlastBufferQueue=0x7b5b1f3400 fn= 166 caller= android.view.SyncRtSurfaceTransactionApplier.applyTransaction:96 android.view.SyncRtSurfaceTransactionApplier.lambda$scheduleApply$0$android-view-SyncRtSurfaceTransactionApplier:69 android.view.SyncRtSurfaceTransactionApplier$$ExternalSyntheticLambda0.onFrameDraw:4 
10-17 13:35:34.279   506   506 I ViewRootImpl@6dcaa2e[MainActivity]: MSG_WINDOW_FOCUS_CHANGED 1 0
10-17 13:35:34.279   506   506 I ViewRootImpl@6dcaa2e[MainActivity]: mThreadedRenderer.initializeIfNeeded()#2 mSurface={isValid=true 0x7b5b272800}
10-17 13:35:34.281   506   506 D InputMethodManager: startInputInner - Id : 0
10-17 13:35:34.281   506   506 I InputMethodManager: startInputInner - mService.startInputOrWindowGainedFocus
10-17 13:35:35.016   506   506 I ViewRootImpl@6dcaa2e[MainActivity]: ViewPostIme pointer 0
10-17 13:35:35.090   506   506 I ViewRootImpl@6dcaa2e[MainActivity]: ViewPostIme pointer 1
10-17 13:35:35.092   506   506 I NavComponent: Navigating to fragment: 2131361879
10-17 13:35:35.095   506   506 I IMM_LC  : hsifw() - flag : 0
10-17 13:35:35.095   506   506 I IMM_LC  : hsifw() - mService.hideSoftInput
10-17 13:35:36.024   506   506 I ViewRootImpl@6dcaa2e[MainActivity]: ViewPostIme pointer 0
10-17 13:35:36.081   506   506 I ViewRootImpl@6dcaa2e[MainActivity]: ViewPostIme pointer 1
10-17 13:35:36.095   506   506 I IMM_LC  : hsifw() - flag : 0
10-17 13:35:36.095   506   506 I IMM_LC  : hsifw() - mService.hideSoftInput
10-17 13:35:36.186   506   506 I PLG     : updatePluginList = https://raw.githubusercontent.com/adamwolker21/DZ/refs/heads/master/repo.json
10-17 13:35:36.186   506   506 I PLG     : getPlugins = https://raw.githubusercontent.com/adamwolker21/DZ/refs/heads/master/repo.json
10-17 13:35:36.333   506   553 D VotingApi: Requesting: https://counterapi.com/api/cs-raw.githubusercontent.com-adamwolker21-DZ/vote/6dc8375a9c21c941e4f4638f351ba59129efb002ec683156e6e11dbcbd8c1d5d?readOnly=true
10-17 13:35:36.353   506   553 D VotingApi: Requesting: https://counterapi.com/api/cs-raw.githubusercontent.com-adamwolker21-DZ/vote/806f9e9bb0fe6eed948cf51910bda7c7a4f4470876514f9eb99299b4b4e46db4?readOnly=true
10-17 13:35:37.232   506   506 I ViewRootImpl@6dcaa2e[MainActivity]: ViewPostIme pointer 0
10-17 13:35:37.306   506   506 I ViewRootImpl@6dcaa2e[MainActivity]: ViewPostIme pointer 1
10-17 13:35:37.327   506   554 I PLG     : handlePluginAction = https://raw.githubusercontent.com/adamwolker21/DZ/refs/heads/master/repo.json, (https://raw.githubusercontent.com/adamwolker21/DZ/refs/heads/master/repo.json, SitePlugin(url=https://raw.githubusercontent.com/adamwolker21/DZ/builds/Asiatv.one.cs3, status=1, version=1, apiVersion=1, name=Asiatv.one, internalName=Asiatv.one, authors=[adamwolker21], description=Asiatv.one, repositoryUrl=https://github.com/adamwolker21/DZ, tvTypes=[Movie, TvSeries], language=ar, iconUrl=https://asiatv.one/wp-content/uploads/2021/09/cropped-asiadrama-192x192.png.webp, fileSize=18391)), false
10-17 13:35:37.330   506   554 D PluginManager: Downloading plugin: https://raw.githubusercontent.com/adamwolker21/DZ/builds/Asiatv.one.cs3 to /data/user/0/com.lagradost.cloudstream3/files/Extensions/httpsraw.githubusercontent.comadamwolker21DZrefsheadsmasterrepo.json.-468825824/Asiatv.one.344131172.cs3
10-17 13:35:37.581   506   554 I PluginManager: Unloading plugin: /data/user/0/com.lagradost.cloudstream3/files/Extensions/httpsraw.githubusercontent.comadamwolker21DZrefsheadsmasterrepo.json.-468825824/Asiatv.one.344131172.cs3
10-17 13:35:37.582   506   554 W PluginManager: Couldn't find plugin /data/user/0/com.lagradost.cloudstream3/files/Extensions/httpsraw.githubusercontent.comadamwolker21DZrefsheadsmasterrepo.json.-468825824/Asiatv.one.344131172.cs3
10-17 13:35:37.582   506   554 I PluginManager: Loading plugin: PluginData(internalName=Asiatv.one, url=https://raw.githubusercontent.com/adamwolker21/DZ/builds/Asiatv.one.cs3, isOnline=true, filePath=/data/user/0/com.lagradost.cloudstream3/files/Extensions/httpsraw.githubusercontent.comadamwolker21DZrefsheadsmasterrepo.json.-468825824/Asiatv.one.344131172.cs3, version=-2147483648)
10-17 13:35:37.626   506   554 I PluginInstance: Adding AsiaTV (https://asiatv.one) MainAPI
10-17 13:35:37.626   506   554 I PluginInstance: Adding AsiaTvPlayer (https://www.asiatvplayer.com) ExtractorApi
10-17 13:35:37.645   506   554 I PluginManager: Loaded plugin Asiatv.one successfully
10-17 13:35:37.646   506   554 I PLG     : getPlugins = https://raw.githubusercontent.com/adamwolker21/DZ/refs/heads/master/repo.json
10-17 13:35:37.647   506   506 I COMPACT : showToast = Plugin Loaded
10-17 13:35:37.652   506   506 D CompatibilityChangeReporter: Compat change id reported: 147798919; UID 10526; state: ENABLED
10-17 13:35:37.653   506   506 E Toast   : setGravity() shouldn't be called on text toasts, the values won't be used
10-17 13:35:37.653   506   506 I Toast   : setView: it's a custom toast
10-17 13:35:37.659   506   506 V Toast   : show: caller = com.lagradost.cloudstream3.CommonActivity.showToast:175 
10-17 13:35:37.706   506   506 V Toast   : HANDLE SHOW: android.widget.Toast$TN@182d182 mView=null mNextView=androidx.cardview.widget.CardView{d150093 V.E..V... ......ID 0,0-0,0 #7f0a0557 app:id/toast_layout_root}
10-17 13:35:37.708   506   506 V ToastPresenter: sipHeight = -39
10-17 13:35:37.711   506   506 V ToastPresenter: yOffset = 13
10-17 13:35:37.716   506   529 D NativeCustomFrequencyManager: [NativeCFMS] BpCustomFrequencyManager::BpCustomFrequencyManager()
10-17 13:35:37.724   506   506 D InsetsController: onStateChanged: InsetsState: {mDisplayFrame=Rect(0, 0 - 1080, 2400), mDisplayCutout=DisplayCutout{insets=Rect(0, 88 - 0, 0) waterfall=Insets{left=0, top=0, right=0, bottom=0} boundingRect={Bounds=[Rect(0, 0 - 0, 0), Rect(512, 0 - 568, 88), Rect(0, 0 - 0, 0), Rect(0, 0 - 0, 0)]} cutoutPathParserInfo={CutoutPathParserInfo{displayWidth=1080 displayHeight=2400 physicalDisplayWidth=1080 physicalDisplayHeight=2400 density={2.625} cutoutSpec={M 0,0 M 0,12.25101276465640 a 10.60613009248640,10.60613009248640 0 1,0 0,21.21226018497290 a 10.60613009248640,10.60613009248640 0 1,0 0,-21.21226018497290 Z @dp} rotation={0} scale={1.0} physicalPixelDisplaySizeRatio={1.0}}}}, mRoundedCorners=RoundedCorners{[RoundedCorner{position=TopLeft, radius=84, center=Point(84, 84)}, RoundedCorner{position=TopRight, radius=84, center=Point(996, 84)}, RoundedCorner{position=BottomRight, radius=84, center=Point(996, 2316)}, RoundedCorner{position=BottomLeft, radius=84, center=Point(84, 2316)}]}  mRoundedCornerFrame=Rect(0, 0 - 0, 0), mPrivacyIndicatorBounds=PrivacyIndicatorBounds {static bounds=Rect(964, 0 - 1080, 87) rotation=0}, mSources= { InsetsSource: {mType=ITYPE_NAVIGATION_BAR, mFrame=[0,2361][1080,2400], mVisible=true, mInsetsRoundedCornerFrame=false}, InsetsSource: {mType=ITYPE_LEFT_GESTURES, mFrame=[0,0][130,2400], mVisible=true, mInsetsRoundedCornerFrame=false}, InsetsSource: {mType=ITYPE_RIGHT_GESTURES, mFrame=[950,0][1080,2400], mVisible=true, mInsetsRoundedCornerFrame=false}, InsetsSource: {mType=ITYPE_TOP_MANDATORY_GESTURES, mFrame=[0,0][1080,120], mVisible=true, mInsetsRoundedCornerFrame=false}, InsetsSource: {mType=ITYPE_BOTTOM_MANDATORY_GESTURES, mFrame=[0,2316][1080,2400], mVisible=true, mInsetsRoundedCornerFrame=false}, InsetsSource: {mType=ITYPE_LEFT_DISPLAY_CUTOUT, mFrame=[0,0][-100000,2400], mVisible=true, mInsetsRoundedCornerFrame=false}, InsetsSource: {mType=ITYPE_TOP_DISPLAY_CUTOUT, mFrame=[0,0][1080,88], mVisible=true, mInsetsRoundedCornerFrame=false}, InsetsSource: {mType=ITYPE_RIGHT_DISPLAY_CUTOUT, mFrame=[100000,0][1080,2400], mVisible=true, mInsetsRoundedCornerFrame=false}, InsetsSource: {mType=ITYPE_BOTTOM_DISPLAY_CUTOUT, mFrame=[0,100000][1080,2400], mVisible=true, mInsetsRoundedCornerFrame=false}, InsetsSource: {mType=ITYPE_BOTTOM_TAPPABLE_ELEMENT, mFrame=[0,0][0,0], mVisible=true, mInsetsRoundedCornerFrame=false} } host=Toast from=android.view.ViewRootImpl.setView:1732
10-17 13:35:37.725   506   506 I ViewRootImpl@cd038d0[Toast]: setView = androidx.cardview.widget.CardView@d150093 TM=true
10-17 13:35:37.731   506   506 I ViewRootImpl@cd038d0[Toast]: performTraversals params={(0,13)(wrapxwrap) gr=BOTTOM CENTER sim={adjust=resize} ty=TOAST fmt=TRANSLUCENT wanim=0x1030004 surfaceInsets=Rect(11, 11 - 11, 11)
10-17 13:35:37.731   506   506 I ViewRootImpl@cd038d0[Toast]:   fl=1000098
10-17 13:35:37.731   506   506 I ViewRootImpl@cd038d0[Toast]:   pfl=12000000
10-17 13:35:37.731   506   506 I ViewRootImpl@cd038d0[Toast]:   bhv=DEFAULT
10-17 13:35:37.731   506   506 I ViewRootImpl@cd038d0[Toast]:   fitTypes=STATUS_BARS NAVIGATION_BARS CAPTION_BAR
10-17 13:35:37.731   506   506 I ViewRootImpl@cd038d0[Toast]:   fitIgnoreVis naviIconColor=0}
10-17 13:35:37.732   506   506 I ViewRootImpl@cd038d0[Toast]: performTraversals mFirst=true windowShouldResize=false viewVisibilityChanged=false mForceNextWindowRelayout=false params={(0,13)(wrapxwrap) gr=BOTTOM CENTER sim={adjust=resize} ty=TOAST fmt=TRANSLUCENT wanim=0x1030004 surfaceInsets=Rect(11, 11 - 11, 11)
10-17 13:35:37.732   506   506 I ViewRootImpl@cd038d0[Toast]:   fl=1000098
10-17 13:35:37.732   506   506 I ViewRootImpl@cd038d0[Toast]:   pfl=12000000
10-17 13:35:37.732   506   506 I ViewRootImpl@cd038d0[Toast]:   bhv=DEFAULT
10-17 13:35:37.732   506   506 I ViewRootImpl@cd038d0[Toast]:   fitTypes=STATUS_BARS NAVIGATION_BARS CAPTION_BAR
10-17 13:35:37.732   506   506 I ViewRootImpl@cd038d0[Toast]:   fitIgnoreVis naviIconColor=0}
10-17 13:35:37.740   506   506 I ViewRootImpl@cd038d0[Toast]: updateBlastSurfaceIfNeeded mBlastBufferQueue=null isSameSurfaceControl=false
10-17 13:35:37.741   506   506 I BLASTBufferQueue: new BLASTBufferQueue, mName= ViewRootImpl@cd038d0[Toast] mNativeObject= 0x7b5b1a0d00 sc.mNativeObject= 0x7b5b197340 caller= android.view.ViewRootImpl.updateBlastSurfaceIfNeeded:2909 android.view.ViewRootImpl.relayoutWindow:9847 android.view.ViewRootImpl.performTraversals:3884 android.view.ViewRootImpl.doTraversal:3116 android.view.ViewRootImpl$TraversalRunnable.run:10885 android.view.Choreographer$CallbackRecord.run:1301 android.view.Choreographer$CallbackRecord.run:1309 android.view.Choreographer.doCallbacks:923 android.view.Choreographer.doFrame:852 android.view.Choreographer$FrameDisplayEventReceiver.run:1283 
10-17 13:35:37.741   506   506 I BLASTBufferQueue: update, w= 373 h= 178 mName = ViewRootImpl@cd038d0[Toast] mNativeObject= 0x7b5b1a0d00 sc.mNativeObject= 0x7b5b197340 format= -3 caller= android.graphics.BLASTBufferQueue.<init>:84 android.view.ViewRootImpl.updateBlastSurfaceIfNeeded:2909 android.view.ViewRootImpl.relayoutWindow:9847 android.view.ViewRootImpl.performTraversals:3884 android.view.ViewRootImpl.doTraversal:3116 android.view.ViewRootImpl$TraversalRunnable.run:10885 
10-17 13:35:37.742   506   506 I ViewRootImpl@cd038d0[Toast]: Relayout returned: old=(0,88,1080,2361) new=(364,2192,715,2348) req=(351,156)0 dur=8 res=0x3 s={true 0x7b0d1ce000} ch=true seqId=0
10-17 13:35:37.743   506   506 I ViewRootImpl@cd038d0[Toast]: mThreadedRenderer.initialize() mSurface={isValid=true 0x7b0d1ce000} hwInitialized=true
10-17 13:35:37.744   506   529 D OpenGLRenderer: eglCreateWindowSurface
10-17 13:35:37.744   506   506 I ViewRootImpl@cd038d0[Toast]: reportNextDraw android.view.ViewRootImpl.performTraversals:4438 android.view.ViewRootImpl.doTraversal:3116 android.view.ViewRootImpl$TraversalRunnable.run:10885 android.view.Choreographer$CallbackRecord.run:1301 android.view.Choreographer$CallbackRecord.run:1309 
10-17 13:35:37.744   506   506 I ViewRootImpl@cd038d0[Toast]: Setup new sync id=0
10-17 13:35:37.744   506   506 I ViewRootImpl@cd038d0[Toast]: Setting syncFrameCallback
10-17 13:35:37.744   506   506 I ViewRootImpl@cd038d0[Toast]: registerCallbacksForSync syncBuffer=false
10-17 13:35:37.746   506   589 I ViewRootImpl@cd038d0[Toast]: Received frameDrawingCallback syncResult=0 frameNum=1.
10-17 13:35:37.746   506   589 I ViewRootImpl@cd038d0[Toast]: Setting up sync and frameCommitCallback
10-17 13:35:37.750   506   529 I BLASTBufferQueue: [ViewRootImpl@cd038d0[Toast]#2](f:0,a:0) onFrameAvailable the first frame is available
10-17 13:35:37.751   506   529 I ViewRootImpl@cd038d0[Toast]: Received frameCommittedCallback lastAttemptedDrawFrameNum=1 didProduceBuffer=true
10-17 13:35:37.752   506   529 D OpenGLRenderer: CFMS:: SetUp Pid : 506    Tid : 529
10-17 13:35:37.756   506   506 I ViewRootImpl@cd038d0[Toast]: onSyncComplete
10-17 13:35:37.757   506   506 I ViewRootImpl@cd038d0[Toast]: setupSync seqId=0 mSyncId=0 fn=1 caller=android.view.ViewRootImpl$$ExternalSyntheticLambda11.accept:6 android.window.SurfaceSyncer.lambda$setupSync$1$android-window-SurfaceSyncer:128 android.window.SurfaceSyncer$$ExternalSyntheticLambda1.accept:8 android.window.SurfaceSyncer$SyncSet.checkIfSyncIsComplete:382 android.window.SurfaceSyncer$SyncSet.markSyncReady:359 android.window.SurfaceSyncer.markSyncReady:151 android.view.ViewRootImpl.performTraversals:4503 
10-17 13:35:37.757   506   506 I ViewRootImpl@cd038d0[Toast]: reportDrawFinished seqId=0 mSyncId=-1 fn=1 mSurfaceChangedTransaction=0x7b5b362800
10-17 13:35:38.904   506   506 I ViewRootImpl@6dcaa2e[MainActivity]: ViewPostIme pointer 0
10-17 13:35:38.961   506   506 I ViewRootImpl@6dcaa2e[MainActivity]: ViewPostIme pointer 1
10-17 13:35:38.990   506   506 I IMM_LC  : hsifw() - flag : 0
10-17 13:35:38.990   506   506 I IMM_LC  : hsifw() - mService.hideSoftInput
10-17 13:35:39.465   506   511 I st.cloudstream3: Background concurrent copying GC freed 6934KB AllocSpace bytes, 26(1852KB) LOS objects, 48% free, 25MB/49MB, paused 292us,209us total 156.605ms
10-17 13:35:39.468   506   512 D InputTransport: Input channel destroyed: 'ClientS', fd=152
10-17 13:35:39.469   506   512 D InputTransport: Input channel destroyed: 'ClientS', fd=134
10-17 13:35:39.483   506   529 D OpenGLRenderer: setSurface called with nullptr
10-17 13:35:39.504   506   513 W System  : A resource failed to call close. 
10-17 13:35:39.677   506   529 D OpenGLRenderer: setSurface called with nullptr
10-17 13:35:39.677   506   529 D OpenGLRenderer: setSurface() destroyed EGLSurface
10-17 13:35:39.677   506   529 D OpenGLRenderer: destroyEglSurface
10-17 13:35:39.678   506   506 I ViewRootImpl@cd038d0[Toast]: dispatchDetachedFromWindow
10-17 13:35:39.688   506   506 D InputTransport: Input channel destroyed: 'f66f6ee', fd=151
10-17 13:35:42.483   506   506 I ViewRootImpl@6dcaa2e[MainActivity]: ViewPostIme pointer 0
10-17 13:35:42.857   506   506 I ViewRootImpl@6dcaa2e[MainActivity]: ViewPostIme pointer 1
10-17 13:35:43.174   506   506 I ViewRootImpl@6dcaa2e[MainActivity]: ViewPostIme pointer 0
10-17 13:35:43.323   506   506 I ViewRootImpl@6dcaa2e[MainActivity]: ViewPostIme pointer 1
10-17 13:35:43.720   506   506 I ViewRootImpl@6dcaa2e[MainActivity]: ViewPostIme pointer 0
10-17 13:35:43.893   506   506 I ViewRootImpl@6dcaa2e[MainActivity]: ViewPostIme pointer 1
10-17 13:35:44.316   506   506 I ViewRootImpl@6dcaa2e[MainActivity]: ViewPostIme pointer 0
10-17 13:35:44.595   506   506 I ViewRootImpl@6dcaa2e[MainActivity]: ViewPostIme pointer 1
10-17 13:35:44.967   506   506 I ViewRootImpl@6dcaa2e[MainActivity]: ViewPostIme pointer 0
10-17 13:35:45.224   506   506 I ViewRootImpl@6dcaa2e[MainActivity]: ViewPostIme pointer 1
10-17 13:35:46.306   506   506 I ViewRootImpl@6dcaa2e[MainActivity]: ViewPostIme pointer 0
10-17 13:35:46.372   506   506 I ViewRootImpl@6dcaa2e[MainActivity]: ViewPostIme pointer 1
10-17 13:35:46.386   506   506 I Dialog  : mIsDeviceDefault = false, mIsSamsungBasicInteraction = false, isMetaDataInActivity = false
10-17 13:35:46.427   506   506 I DecorView: [INFO] isPopOver=false config=false
10-17 13:35:46.427   506   506 I DecorView: updateCaptionType: isFloating=false isApplication=true hasWindowDecorCaption=false this=DecorView@a478ecf[]
10-17 13:35:46.427   506   506 D DecorView: setCaptionType = 0, this = DecorView@a478ecf[]
10-17 13:35:46.429   506   506 I DecorView: getCurrentDensityDpi: from app context. densityDpi=420 msg=resources_loaded
10-17 13:35:46.429   506   506 I DecorView: setWindowBackground: isPopOver=false color=0 d=android.graphics.drawable.ColorDrawable@41c2f65
10-17 13:35:46.441   506   529 D NativeCustomFrequencyManager: [NativeCFMS] BpCustomFrequencyManager::BpCustomFrequencyManager()
10-17 13:35:46.442   506   506 I DecorView: notifyKeepScreenOnChanged: keepScreenOn=false
10-17 13:35:46.460   506   506 D InsetsController: onStateChanged: InsetsState: {mDisplayFrame=Rect(0, 0 - 1080, 2400), mDisplayCutout=DisplayCutout{insets=Rect(0, 88 - 0, 0) waterfall=Insets{left=0, top=0, right=0, bottom=0} boundingRect={Bounds=[Rect(0, 0 - 0, 0), Rect(512, 0 - 568, 88), Rect(0, 0 - 0, 0), Rect(0, 0 - 0, 0)]} cutoutPathParserInfo={CutoutPathParserInfo{displayWidth=1080 displayHeight=2400 physicalDisplayWidth=1080 physicalDisplayHeight=2400 density={2.625} cutoutSpec={M 0,0 M 0,12.25101276465640 a 10.60613009248640,10.60613009248640 0 1,0 0,21.21226018497290 a 10.60613009248640,10.60613009248640 0 1,0 0,-21.21226018497290 Z @dp} rotation={0} scale={1.0} physicalPixelDisplaySizeRatio={1.0}}}}, mRoundedCorners=RoundedCorners{[RoundedCorner{position=TopLeft, radius=84, center=Point(84, 84)}, RoundedCorner{position=TopRight, radius=84, center=Point(996, 84)}, RoundedCorner{position=BottomRight, radius=84, center=Point(996, 2316)}, RoundedCorner{position=BottomLeft, radius=84, center=Point(84, 2316)}]}  mRoundedCornerFrame=Rect(0, 0 - 1080, 2400), mPrivacyIndicatorBounds=PrivacyIndicatorBounds {static bounds=Rect(964, 0 - 1080, 87) rotation=0}, mSources= { InsetsSource: {mType=ITYPE_STATUS_BAR, mFrame=[0,0][1080,88], mVisible=true, mInsetsRoundedCornerFrame=false}, InsetsSource: {mType=ITYPE_NAVIGATION_BAR, mFrame=[0,2361][1080,2400], mVisible=true, mInsetsRoundedCornerFrame=false}, InsetsSource: {mType=ITYPE_LEFT_GESTURES, mFrame=[0,0][130,2400], mVisible=true, mInsetsRoundedCornerFrame=false}, InsetsSource: {mType=ITYPE_RIGHT_GESTURES, mFrame=[950,0][1080,2400], mVisible=true, mInsetsRoundedCornerFrame=false}, InsetsSource: {mType=ITYPE_TOP_MANDATORY_GESTURES, mFrame=[0,0][1080,120], mVisible=true, mInsetsRoundedCornerFrame=false}, InsetsSource: {mType=ITYPE_BOTTOM_MANDATORY_GESTURES, mFrame=[0,2316][1080,2400], mVisible=true, mInsetsRoundedCornerFrame=false}, InsetsSource: {mType=ITYPE_LEFT_DISPLAY_CUTOUT, mFrame=[0,0][-100000,2400], mVisible=true, mInsetsRoundedCornerFrame=false}, InsetsSource: {mType=ITYPE_TOP_DISPLAY_CUTOUT, mFrame=[0,0][1080,88], mVisible=true, mInsetsRoundedCornerFrame=false}, InsetsSource: {mType=ITYPE_RIGHT_DISPLAY_CUTOUT, mFrame=[100000,0][1080,2400], mVisible=true, mInsetsRoundedCornerFrame=false}, InsetsSource: {mType=ITYPE_BOTTOM_DISPLAY_CUTOUT, mFrame=[0,100000][1080,2400], mVisible=true, mInsetsRoundedCornerFrame=false}, InsetsSource: {mType=ITYPE_TOP_TAPPABLE_ELEMENT, mFrame=[0,0][1080,88], mVisible=true, mInsetsRoundedCornerFrame=false}, InsetsSource: {mType=ITYPE_BOTTOM_TAPPABLE_ELEMENT, mFrame=[0,0][0,0], mVisible=true, mInsetsRoundedCornerFrame=false}, InsetsSource: {mType=ITYPE_IME, mFrame=[0,0][0,0], mVisibleFrame=[0,1409][1080,2400], mVisible=false, mInsetsRoundedCornerFrame=false} } host=com.lagradost.cloudstream3/com.lagradost.cloudstream3.MainActivity from=android.view.ViewRootImpl.setView:1732
10-17 13:35:46.462   506   506 I ViewRootImpl@762ea63[MainActivity]: setView = com.android.internal.policy.DecorView@a478ecf TM=true
10-17 13:35:46.655   506   506 I ViewRootImpl@762ea63[MainActivity]: performTraversals params={(0,0)(fillxfill) gr=CENTER sim={adjust=resize forwardNavigation} ty=APPLICATION fmt=TRANSPARENT wanim=0x7f14000b
10-17 13:35:46.655   506   506 I ViewRootImpl@762ea63[MainActivity]:   fl=85810100
10-17 13:35:46.655   506   506 I ViewRootImpl@762ea63[MainActivity]:   pfl=12020040
10-17 13:35:46.655   506   506 I ViewRootImpl@762ea63[MainActivity]:   vsysui=500
10-17 13:35:46.655   506   506 I ViewRootImpl@762ea63[MainActivity]:   bhv=DEFAULT
10-17 13:35:46.655   506   506 I ViewRootImpl@762ea63[MainActivity]:   fitSides= naviIconColor=0}
10-17 13:35:46.656   506   506 I ViewRootImpl@762ea63[MainActivity]: performTraversals mFirst=true windowShouldResize=true viewVisibilityChanged=false mForceNextWindowRelayout=false params={(0,0)(fillxfill) gr=CENTER sim={adjust=resize forwardNavigation} ty=APPLICATION fmt=TRANSPARENT wanim=0x7f14000b
10-17 13:35:46.656   506   506 I ViewRootImpl@762ea63[MainActivity]:   fl=85810100
10-17 13:35:46.656   506   506 I ViewRootImpl@762ea63[MainActivity]:   pfl=12020040
10-17 13:35:46.656   506   506 I ViewRootImpl@762ea63[MainActivity]:   vsysui=500
10-17 13:35:46.656   506   506 I ViewRootImpl@762ea63[MainActivity]:   bhv=DEFAULT
10-17 13:35:46.656   506   506 I ViewRootImpl@762ea63[MainActivity]:   fitSides= naviIconColor=0}
10-17 13:35:46.669   506   506 I ViewRootImpl@762ea63[MainActivity]: updateBlastSurfaceIfNeeded mBlastBufferQueue=null isSameSurfaceControl=false
10-17 13:35:46.669   506   506 I BLASTBufferQueue: new BLASTBufferQueue, mName= ViewRootImpl@762ea63[MainActivity] mNativeObject= 0x7bed8d1d00 sc.mNativeObject= 0x7b65573ae0 caller= android.view.ViewRootImpl.updateBlastSurfaceIfNeeded:2909 android.view.ViewRootImpl.relayoutWindow:9847 android.view.ViewRootImpl.performTraversals:3884 android.view.ViewRootImpl.doTraversal:3116 android.view.ViewRootImpl$TraversalRunnable.run:10885 android.view.Choreographer$CallbackRecord.run:1301 android.view.Choreographer$CallbackRecord.run:1309 android.view.Choreographer.doCallbacks:923 android.view.Choreographer.doFrame:852 android.view.Choreographer$FrameDisplayEventReceiver.run:1283 
10-17 13:35:46.670   506   506 I BLASTBufferQueue: update, w= 1080 h= 2400 mName = ViewRootImpl@762ea63[MainActivity] mNativeObject= 0x7bed8d1d00 sc.mNativeObject= 0x7b65573ae0 format= -2 caller= android.graphics.BLASTBufferQueue.<init>:84 android.view.ViewRootImpl.updateBlastSurfaceIfNeeded:2909 android.view.ViewRootImpl.relayoutWindow:9847 android.view.ViewRootImpl.performTraversals:3884 android.view.ViewRootImpl.doTraversal:3116 android.view.ViewRootImpl$TraversalRunnable.run:10885 
10-17 13:35:46.670   506   506 I ViewRootImpl@762ea63[MainActivity]: Relayout returned: old=(0,0,1080,2400) new=(0,0,1080,2400) req=(1080,2400)0 dur=13 res=0x3 s={true 0x7b65577000} ch=true seqId=0
10-17 13:35:46.671   506   506 I ViewRootImpl@762ea63[MainActivity]: mThreadedRenderer.initialize() mSurface={isValid=true 0x7b65577000} hwInitialized=true
10-17 13:35:46.671   506   529 D OpenGLRenderer: eglCreateWindowSurface
10-17 13:35:46.676   506   506 I ViewRootImpl@762ea63[MainActivity]: reportNextDraw android.view.ViewRootImpl.performTraversals:4438 android.view.ViewRootImpl.doTraversal:3116 android.view.ViewRootImpl$TraversalRunnable.run:10885 android.view.Choreographer$CallbackRecord.run:1301 android.view.Choreographer$CallbackRecord.run:1309 
10-17 13:35:46.691   506   506 I ViewRootImpl@762ea63[MainActivity]: Setup new sync id=0
10-17 13:35:46.691   506   506 I ViewRootImpl@762ea63[MainActivity]: Setting syncFrameCallback
10-17 13:35:46.691   506   506 I ViewRootImpl@762ea63[MainActivity]: registerCallbacksForSync syncBuffer=false
10-17 13:35:46.710   506   588 I ViewRootImpl@762ea63[MainActivity]: Received frameDrawingCallback syncResult=0 frameNum=1.
10-17 13:35:46.710   506   588 I ViewRootImpl@762ea63[MainActivity]: Setting up sync and frameCommitCallback
10-17 13:35:46.715   506   529 I BLASTBufferQueue: [ViewRootImpl@762ea63[MainActivity]#3](f:0,a:0) onFrameAvailable the first frame is available
10-17 13:35:46.716   506   529 I ViewRootImpl@762ea63[MainActivity]: Received frameCommittedCallback lastAttemptedDrawFrameNum=1 didProduceBuffer=true
10-17 13:35:46.719   506   529 D OpenGLRenderer: CFMS:: SetUp Pid : 506    Tid : 529
10-17 13:35:46.724   506   506 I ViewRootImpl@762ea63[MainActivity]: onSyncComplete
10-17 13:35:46.724   506   506 I ViewRootImpl@762ea63[MainActivity]: setupSync seqId=0 mSyncId=0 fn=1 caller=android.view.ViewRootImpl$$ExternalSyntheticLambda11.accept:6 android.window.SurfaceSyncer.lambda$setupSync$1$android-window-SurfaceSyncer:128 android.window.SurfaceSyncer$$ExternalSyntheticLambda1.accept:8 android.window.SurfaceSyncer$SyncSet.checkIfSyncIsComplete:382 android.window.SurfaceSyncer$SyncSet.markSyncReady:359 android.window.SurfaceSyncer.markSyncReady:151 android.view.ViewRootImpl.performTraversals:4503 
10-17 13:35:46.724   506   506 I ViewRootImpl@762ea63[MainActivity]: reportDrawFinished seqId=0 mSyncId=-1 fn=1 mSurfaceChangedTransaction=0x7b445d2a00
10-17 13:35:46.731   506   506 I ViewRootImpl@6dcaa2e[MainActivity]: MSG_WINDOW_FOCUS_CHANGED 0 0
10-17 13:35:46.799   506   506 I ViewRootImpl@762ea63[MainActivity]: MSG_WINDOW_FOCUS_CHANGED 1 0
10-17 13:35:46.799   506   506 I ViewRootImpl@762ea63[MainActivity]: mThreadedRenderer.initializeIfNeeded()#2 mSurface={isValid=true 0x7b65577000}
10-17 13:35:46.800   506   506 D InputMethodManager: startInputInner - Id : 0
10-17 13:35:46.800   506   506 I InputMethodManager: startInputInner - mService.startInputOrWindowGainedFocus
10-17 13:35:47.331   506   506 I ViewRootImpl@762ea63[MainActivity]: ViewPostIme pointer 0
10-17 13:35:47.432   506   506 I ViewRootImpl@762ea63[MainActivity]: ViewPostIme pointer 1
10-17 13:35:48.587   506   506 I ViewRootImpl@762ea63[MainActivity]: ViewPostIme pointer 0
10-17 13:35:48.620   506   506 I ViewRootImpl@762ea63[MainActivity]: ViewPostIme pointer 1
10-17 13:35:48.630   506   506 I NavComponent: Navigating to fragment: 2131362274
10-17 13:35:48.640   506   506 I IMM_LC  : hsifw() - flag : 0
10-17 13:35:48.640   506   506 I IMM_LC  : hsifw() ignore mServedView == null or mServedView.getWindowToken() != windowToken, mServedView :DecorView@a478ecf[MainActivity]
10-17 13:35:48.643   506   506 I MSHandlerLifeCycle: check: return. pkg=com.lagradost.cloudstream3 isActivity=false callers=com.android.internal.policy.DecorView.setVisibility:4412 android.app.Dialog.hide:767 com.lagradost.cloudstream3.utils.AppContextUtils.ownHide:123 com.lagradost.cloudstream3.ui.home.HomeFragment$Companion.loadHomepageList$lambda$3:185 com.lagradost.cloudstream3.ui.home.HomeFragment$Companion.$r8$lambda$MoQSIPnUiyzkK5n4sMwjTMvpPNA:0 
10-17 13:35:48.643   506   506 I MSHandlerLifeCycle: removeMultiSplitHandler: no exist. decor=DecorView@a478ecf[MainActivity]
10-17 13:35:48.680   506   506 D ScrollView: initGoToTop
10-17 13:35:49.018   506   506 I SurfaceView@86d7559: onWindowVisibilityChanged(0) true android.view.SurfaceView{86d7559 V.E..V... ......I. 0,0-0,0} of ViewRootImpl@6dcaa2e[MainActivity]
10-17 13:35:49.018   506   506 D SurfaceView@86d7559: updateSurface: has no frame
10-17 13:35:49.028   506   506 I CS3ExoPlayer: SET STYLE = SaveCaptionStyle(foregroundColor=-1, backgroundColor=0, windowColor=0, edgeType=1, edgeColor=-16777216, typeface=null, typefaceFilePath=null, elevation=20, fixedTextSize=null, edgeSize=null, removeCaptions=false, removeBloat=true, upperCase=false, bold=false, italic=false, backgroundRadius=null)
10-17 13:35:49.046   506   506 D VideoClickActionHolder: allVideoClickActions: [null:com.lagradost.cloudstream3.actions.temp.PlayInBrowserAction, null:com.lagradost.cloudstream3.actions.temp.CopyClipboardAction, null:com.lagradost.cloudstream3.actions.temp.ViewM3U8Action, null:com.lagradost.cloudstream3.actions.temp.VlcPackage, null:com.lagradost.cloudstream3.actions.temp.MpvPackage, null:com.lagradost.cloudstream3.actions.temp.NextPlayerPackage, null:com.lagradost.cloudstream3.actions.temp.JustPlayerPackage, null:com.lagradost.cloudstream3.actions.temp.fcast.FcastAction, null:com.lagradost.cloudstream3.actions.temp.LibreTorrentPackage, null:com.lagradost.cloudstream3.actions.temp.BiglyBTPackage, null:com.lagradost.cloudstream3.actions.temp.VlcNightlyPackage, null:com.lagradost.cloudstream3.actions.temp.WebVideoCastPackage, null:com.lagradost.cloudstream3.actions.temp.MpvYTDLPackage, null:com.lagradost.cloudstream3.actions.temp.MpvKtPackage, null:com.lagradost.cloudstream3.actions.temp.MpvKtPreviewPackage, null:com.lagradost.cloudstream3.actions.AlwaysAskAction]
10-17 13:35:49.047   506   506 I IMM_LC  : hsifw() - flag : 0
10-17 13:35:49.047   506   506 I IMM_LC  : hsifw() ignore mServedView == null or mServedView.getWindowToken() != windowToken, mServedView :DecorView@a478ecf[MainActivity]
10-17 13:35:49.049   506   556 I SYNCVM  : addFromUrl = https://asiatv.one/drama/tempest-%d9%85%d8%b3%d9%84%d8%b3%d9%84-%d8%a7%d9%84%d8%b9%d8%a7%d8%b5%d9%81%d8%a9-%d8%aa%d9%82%d8%b1%d9%8a%d8%b1-%d8%ad%d9%84%d9%82%d8%a7%d8%aa-%d9%85%d8%aa%d8%b1%d8%ac%d9%85%d8%a9/
10-17 13:35:49.049   506   556 I SYNCUTIL: getIdsFromUrl https://asiatv.one/drama/tempest-%d9%85%d8%b3%d9%84%d8%b3%d9%84-%d8%a7%d9%84%d8%b9%d8%a7%d8%b5%d9%81%d8%a9-%d8%aa%d9%82%d8%b1%d9%8a%d8%b1-%d8%ad%d9%84%d9%82%d8%a7%d8%aa-%d9%85%d8%aa%d8%b1%d8%ac%d9%85%d8%a9/
10-17 13:35:49.073   506   506 I SurfaceView@86d7559: onWindowVisibilityChanged(8) false android.view.SurfaceView{86d7559 V.E..V... ......I. 0,0-0,0} of ViewRootImpl@6dcaa2e[MainActivity]
10-17 13:35:49.074   506   506 D SurfaceView@86d7559: updateSurface: has no frame
10-17 13:35:49.074   506   506 D SurfaceView@86d7559: updateSurface: has no frame
10-17 13:35:49.074   506   506 I SurfaceView@86d7559: onDetachedFromWindow: tryReleaseSurfaces()
10-17 13:35:49.074   506   506 I SurfaceView@86d7559: releaseSurfaces: viewRoot = ViewRootImpl@6dcaa2e[MainActivity]
10-17 13:35:49.074   506   506 I SurfaceView@86d7559: applyTransactionOnVriDraw: vri = ViewRootImpl@6dcaa2e[MainActivity] fRS = true t = 0x7aed1b6600 android.view.SurfaceView.releaseSurfaces:858 android.view.SurfaceView.onDetachedFromWindow:500 android.view.View.dispatchDetachedFromWindow:22538 
10-17 13:35:49.074   506   506 I SurfaceView@86d7559: applyTransactionOnVriDraw: viewRoot.applyTransactionOnDrawFromReleaseSurfaces
10-17 13:35:49.074   506   506 I ViewRootImpl@6dcaa2e[MainActivity]: applyTransactionOnDraw: mRemoved = false isHardwareEnabled = true t = 0x7aed1b6600android.view.ViewRootImpl.applyTransactionOnDrawFromReleaseSurfaces:12850 android.view.SurfaceView.applyTransactionOnVriDraw:2046 android.view.SurfaceView.releaseSurfaces:858 android.view.SurfaceView.onDetachedFromWindow:500 android.view.View.dispatchDetachedFromWindow:22538 
10-17 13:35:49.076   506   506 I SurfaceView@86d7559: onWindowVisibilityChanged(0) true android.view.SurfaceView{86d7559 V.E..V... ......I. 0,0-0,0} of ViewRootImpl@6dcaa2e[MainActivity]
10-17 13:35:49.076   506   506 D SurfaceView@86d7559: updateSurface: has no frame
10-17 13:35:49.088   506   506 I DecorView: notifyKeepScreenOnChanged: keepScreenOn=false
10-17 13:35:49.123   506   506 I CS3ExoPlayer: reloadPlayer
10-17 13:35:49.123   506   506 I CS3ExoPlayer: releasePlayer
10-17 13:35:49.124   506   506 I CS3ExoPlayer: Handle event: PlayerAttachedEvent(player=null, source=Player)
10-17 13:35:49.132   506   511 I st.cloudstream3: Background concurrent copying GC freed 12MB AllocSpace bytes, 140(16MB) LOS objects, 49% free, 21MB/42MB, paused 283us,67us total 162.724ms
10-17 13:35:49.134   506   506 I ViewRootImpl@6dcaa2e[MainActivity]: performTraversals params={(0,0)(fillxfill) sim={state=always_hidden adjust=resize} ty=BASE_APPLICATION wanim=0x1030309
10-17 13:35:49.134   506   506 I ViewRootImpl@6dcaa2e[MainActivity]:   fl=85810100
10-17 13:35:49.134   506   506 I ViewRootImpl@6dcaa2e[MainActivity]:   pfl=12020040
10-17 13:35:49.134   506   506 I ViewRootImpl@6dcaa2e[MainActivity]:   vsysui=500
10-17 13:35:49.134   506   506 I ViewRootImpl@6dcaa2e[MainActivity]:   bhv=DEFAULT
10-17 13:35:49.134   506   506 I ViewRootImpl@6dcaa2e[MainActivity]:   fitSides= naviIconColor=0}
10-17 13:35:49.134   506   506 I ViewRootImpl@6dcaa2e[MainActivity]: performTraversals mFirst=false windowShouldResize=false viewVisibilityChanged=false mForceNextWindowRelayout=false params={(0,0)(fillxfill) sim={state=always_hidden adjust=resize} ty=BASE_APPLICATION fmt=TRANSLUCENT wanim=0x1030309
10-17 13:35:49.134   506   506 I ViewRootImpl@6dcaa2e[MainActivity]:   fl=85810100
10-17 13:35:49.134   506   506 I ViewRootImpl@6dcaa2e[MainActivity]:   pfl=12020040
10-17 13:35:49.134   506   506 I ViewRootImpl@6dcaa2e[MainActivity]:   vsysui=500
10-17 13:35:49.134   506   506 I ViewRootImpl@6dcaa2e[MainActivity]:   bhv=DEFAULT
10-17 13:35:49.134   506   506 I ViewRootImpl@6dcaa2e[MainActivity]:   fitSides= naviIconColor=0}
10-17 13:35:49.135   506   529 D OpenGLRenderer: setSurface called with nullptr
10-17 13:35:49.137   506   512 D InputTransport: Input channel destroyed: 'ClientS', fd=153
10-17 13:35:49.139   506   506 I ViewRootImpl@6dcaa2e[MainActivity]: updateBlastSurfaceIfNeeded mBlastBufferQueue=0x7b5b1f3400 isSameSurfaceControl=true
10-17 13:35:49.139   506   506 I BLASTBufferQueue: update, w= 1080 h= 2400 mName = ViewRootImpl@6dcaa2e[MainActivity] mNativeObject= 0x7b5b1f3400 sc.mNativeObject= 0x7aed19d5e0 format= -3 caller= android.view.ViewRootImpl.updateBlastSurfaceIfNeeded:2898 android.view.ViewRootImpl.relayoutWindow:9847 android.view.ViewRootImpl.performTraversals:3884 android.view.ViewRootImpl.doTraversal:3116 android.view.ViewRootImpl$TraversalRunnable.run:10885 android.view.Choreographer$CallbackRecord.run:1301 
10-17 13:35:49.139   506   506 I ViewRootImpl@6dcaa2e[MainActivity]: Relayout returned: old=(0,0,1080,2400) new=(0,0,1080,2400) req=(1080,2400)0 dur=5 res=0x0 s={true 0x7b5b272800} ch=false seqId=0
10-17 13:35:49.141   506   506 W View    : requestLayout() improperly called by android.widget.FrameLayout{65e9f6f I.E..V... ......I. 0,0-0,0 #7f0a04e7 app:id/start_panel} during layout: running second layout pass
10-17 13:35:49.141   506   506 W View    : requestLayout() improperly called by android.widget.FrameLayout{9b7e47c I.E..V... ......ID 1080,0-1080,2143 #7f0a0168 app:id/end_panel} during layout: running second layout pass
10-17 13:35:49.143   506   506 D SurfaceView@86d7559: updateSurface: has no frame
10-17 13:35:49.147   506   589 I ViewRootImpl@6dcaa2e[MainActivity]: mWNT: t=0x7aed1b6600 mBlastBufferQueue=0x7b5b1f3400 fn= 631 caller= android.view.ViewRootImpl.lambda$applyTransactionOnDraw$11$android-view-ViewRootImpl:12865 android.view.ViewRootImpl$$ExternalSyntheticLambda1.onFrameDraw:4 android.graphics.HardwareRenderer$FrameDrawingCallback.onFrameDraw:924 
10-17 13:35:49.153   506   529 D OpenGLRenderer: setSurface called with nullptr
10-17 13:35:49.153   506   529 D OpenGLRenderer: setSurface() destroyed EGLSurface
10-17 13:35:49.154   506   529 D OpenGLRenderer: destroyEglSurface
10-17 13:35:49.156   506   506 I ViewRootImpl@762ea63[MainActivity]: performTraversals mFirst=false windowShouldResize=false viewVisibilityChanged=true mForceNextWindowRelayout=false params={(0,0)(fillxfill) gr=CENTER sim={adjust=pan} ty=APPLICATION fmt=TRANSPARENT wanim=0x7f14000b
10-17 13:35:49.156   506   506 I ViewRootImpl@762ea63[MainActivity]:   fl=85810100
10-17 13:35:49.156   506   506 I ViewRootImpl@762ea63[MainActivity]:   pfl=12020040
10-17 13:35:49.156   506   506 I ViewRootImpl@762ea63[MainActivity]:   vsysui=500
10-17 13:35:49.156   506   506 I ViewRootImpl@762ea63[MainActivity]:   bhv=DEFAULT
10-17 13:35:49.156   506   506 I ViewRootImpl@762ea63[MainActivity]:   fitSides= naviIconColor=0}
10-17 13:35:49.166   506   506 D InsetsController: onStateChanged: InsetsState: {mDisplayFrame=Rect(0, 0 - 1080, 2400), mDisplayCutout=DisplayCutout{insets=Rect(0, 88 - 0, 0) waterfall=Insets{left=0, top=0, right=0, bottom=0} boundingRect={Bounds=[Rect(0, 0 - 0, 0), Rect(512, 0 - 568, 88), Rect(0, 0 - 0, 0), Rect(0, 0 - 0, 0)]} cutoutPathParserInfo={CutoutPathParserInfo{displayWidth=1080 displayHeight=2400 physicalDisplayWidth=1080 physicalDisplayHeight=2400 density={2.625} cutoutSpec={M 0,0 M 0,12.25101276465640 a 10.60613009248640,10.60613009248640 0 1,0 0,21.21226018497290 a 10.60613009248640,10.60613009248640 0 1,0 0,-21.21226018497290 Z @dp} rotation={0} scale={1.0} physicalPixelDisplaySizeRatio={1.0}}}}, mRoundedCorners=RoundedCorners{[RoundedCorner{position=TopLeft, radius=84, center=Point(84, 84)}, RoundedCorner{position=TopRight, radius=84, center=Point(996, 84)}, RoundedCorner{position=BottomRight, radius=84, center=Point(996, 2316)}, RoundedCorner{position=BottomLeft, radius=84, center=Point(84, 2316)}]}  mRoundedCornerFrame=Rect(0, 0 - 1080, 2400), mPrivacyIndicatorBounds=PrivacyIndicatorBounds {static bounds=Rect(964, 0 - 1080, 87) rotation=0}, mSources= { InsetsSource: {mType=ITYPE_STATUS_BAR, mFrame=[0,0][1080,88], mVisible=true, mInsetsRoundedCornerFrame=false}, InsetsSource: {mType=ITYPE_NAVIGATION_BAR, mFrame=[0,2361][1080,2400], mVisible=true, mInsetsRoundedCornerFrame=false}, InsetsSource: {mType=ITYPE_LEFT_GESTURES, mFrame=[0,0][130,2400], mVisible=true, mInsetsRoundedCornerFrame=false}, InsetsSource: {mType=ITYPE_RIGHT_GESTURES, mFrame=[950,0][1080,2400], mVisible=true, mInsetsRoundedCornerFrame=false}, InsetsSource: {mType=ITYPE_TOP_MANDATORY_GESTURES, mFrame=[0,0][1080,120], mVisible=true, mInsetsRoundedCornerFrame=false}, InsetsSource: {mType=ITYPE_BOTTOM_MANDATORY_GESTURES, mFrame=[0,2316][1080,2400], mVisible=true, mInsetsRoundedCornerFrame=false}, InsetsSource: {mType=ITYPE_LEFT_DISPLAY_CUTOUT, mFrame=[0,0][-100000,2400], mVisible=true, mInsetsRoundedCornerFrame=false}, InsetsSource: {mType=ITYPE_TOP_DISPLAY_CUTOUT, mFrame=[0,0][1080,88], mVisible=true, mInsetsRoundedCornerFrame=false}, InsetsSource: {mType=ITYPE_RIGHT_DISPLAY_CUTOUT, mFrame=[100000,0][1080,2400], mVisible=true, mInsetsRoundedCornerFrame=false}, InsetsSource: {mType=ITYPE_BOTTOM_DISPLAY_CUTOUT, mFrame=[0,100000][1080,2400], mVisible=true, mInsetsRoundedCornerFrame=false}, InsetsSource: {mType=ITYPE_TOP_TAPPABLE_ELEMENT, mFrame=[0,0][1080,88], mVisible=true, mInsetsRoundedCornerFrame=false}, InsetsSource: {mType=ITYPE_BOTTOM_TAPPABLE_ELEMENT, mFrame=[0,0][0,0], mVisible=true, mInsetsRoundedCornerFrame=false} } host=com.lagradost.cloudstream3/com.lagradost.cloudstream3.MainActivity from=android.view.ViewRootImpl.relayoutWindow:9802
10-17 13:35:49.168   506   506 I ViewRootImpl@762ea63[MainActivity]: Relayout returned: old=(0,0,1080,2400) new=(0,0,1080,2400) req=(1080,2400)8 dur=11 res=0x2 s={false 0x0} ch=true seqId=0
10-17 13:35:49.172   506   506 D SurfaceView@86d7559: updateSurface: has no frame
10-17 13:35:49.177   506   506 D SurfaceView@86d7559: updateSurface: has no frame
10-17 13:35:49.194   506   506 D SurfaceView@86d7559: updateSurface: has no frame
10-17 13:35:49.211   506   506 D SurfaceView@86d7559: updateSurface: has no frame
10-17 13:35:49.217   506   506 I ViewRootImpl@762ea63[MainActivity]: MSG_WINDOW_FOCUS_CHANGED 0 0
10-17 13:35:49.219   506   506 I ViewRootImpl@6dcaa2e[MainActivity]: MSG_WINDOW_FOCUS_CHANGED 1 0
10-17 13:35:49.220   506   506 I ViewRootImpl@6dcaa2e[MainActivity]: mThreadedRenderer.initializeIfNeeded()#2 mSurface={isValid=true 0x7b5b272800}
10-17 13:35:49.227   506   506 D InputMethodManager: startInputInner - Id : 0
10-17 13:35:49.227   506   506 I InputMethodManager: startInputInner - mService.startInputOrWindowGainedFocus
10-17 13:35:49.231   506   506 D SurfaceView@86d7559: updateSurface: has no frame
10-17 13:35:49.244   506   506 D SurfaceView@86d7559: updateSurface: has no frame
10-17 13:35:49.248   506   554 I RVM2    : applyMeta
10-17 13:35:49.261   506   506 D SurfaceView@86d7559: updateSurface: has no frame
10-17 13:35:49.277   506   506 D SurfaceView@86d7559: updateSurface: has no frame
10-17 13:35:49.286   506   506 I MSHandlerLifeCycle: check: return. pkg=com.lagradost.cloudstream3 isActivity=false callers=com.android.internal.policy.DecorView.setVisibility:4412 android.app.Dialog.hide:767 com.lagradost.cloudstream3.utils.AppContextUtils.ownHide:123 com.lagradost.cloudstream3.ui.home.HomeFragment.onDestroyView:459 androidx.fragment.app.Fragment.performDestroyView:3357 
10-17 13:35:49.286   506   506 I MSHandlerLifeCycle: removeMultiSplitHandler: no exist. decor=DecorView@a478ecf[MainActivity]
10-17 13:35:49.294   506   506 D SurfaceView@86d7559: updateSurface: has no frame
10-17 13:35:49.311   506   506 D SurfaceView@86d7559: updateSurface: has no frame
10-17 13:35:49.328   506   506 D SurfaceView@86d7559: updateSurface: has no frame
10-17 13:35:49.344   506   506 D SurfaceView@86d7559: updateSurface: has no frame
10-17 13:35:49.361   506   506 D SurfaceView@86d7559: updateSurface: has no frame
10-17 13:35:49.378   506   506 D SurfaceView@86d7559: updateSurface: has no frame
10-17 13:35:49.394   506   506 D SurfaceView@86d7559: updateSurface: has no frame
10-17 13:35:49.411   506   506 D SurfaceView@86d7559: updateSurface: has no frame
10-17 13:35:49.428   506   506 D SurfaceView@86d7559: updateSurface: has no frame
10-17 13:35:49.444   506   506 D SurfaceView@86d7559: updateSurface: has no frame
10-17 13:35:49.461   506   506 D SurfaceView@86d7559: updateSurface: has no frame
10-17 13:35:49.478   506   506 D SurfaceView@86d7559: updateSurface: has no frame
10-17 13:35:49.494   506   506 D SurfaceView@86d7559: updateSurface: has no frame
10-17 13:35:49.511   506   506 D SurfaceView@86d7559: updateSurface: has no frame
10-17 13:35:49.524   506   506 W PanelsChildGestureRegionObserver: failed to register view with ID 2131362800. already registered
10-17 13:35:49.526   506   506 E CoilImgLoader: Error loading image: coil3.request.NullRequestDataException: The request's data is null.
10-17 13:35:49.530   506   506 E CoilImgLoader: Error loading image: coil3.request.NullRequestDataException: The request's data is null.
10-17 13:35:49.586   506   556 I SYNCVM  : addFromUrl = https://asiatv.one/drama/tempest-%d9%85%d8%b3%d9%84%d8%b3%d9%84-%d8%a7%d9%84%d8%b9%d8%a7%d8%b5%d9%81%d8%a9-%d8%aa%d9%82%d8%b1%d9%8a%d8%b1-%d8%ad%d9%84%d9%82%d8%a7%d8%aa-%d9%85%d8%aa%d8%b1%d8%ac%d9%85%d8%a9/
10-17 13:35:49.586   506   556 I SYNCUTIL: getIdsFromUrl https://asiatv.one/drama/tempest-%d9%85%d8%b3%d9%84%d8%b3%d9%84-%d8%a7%d9%84%d8%b9%d8%a7%d8%b5%d9%81%d8%a9-%d8%aa%d9%82%d8%b1%d9%8a%d8%b1-%d8%ad%d9%84%d9%82%d8%a7%d8%aa-%d9%85%d8%aa%d8%b1%d8%ac%d9%85%d8%a9/
10-17 13:35:49.733   506   506 D SurfaceView@86d7559: updateSurface: has no frame
10-17 13:35:49.735   506   506 I SurfaceView@86d7559: Changes: creating=true format=true size=true visible=true alpha=false hint=false mUseAlpha=false visible=true left=true top=true
10-17 13:35:49.740   506   506 I BLASTBufferQueue: update, w= 1080 h= 525 mName = null mNativeObject= 0x7ca9456d00 sc.mNativeObject= 0x7b655454e0 format= 4 caller= android.view.SurfaceView.createBlastSurfaceControls:1383 android.view.SurfaceView.updateSurface:1079 android.view.SurfaceView.lambda$new$0$android-view-SurfaceView:200 android.view.SurfaceView$$ExternalSyntheticLambda5.onPreDraw:2 android.view.ViewTreeObserver.dispatchOnPreDraw:1121 android.view.ViewRootImpl.performTraversals:4442 
10-17 13:35:49.740   506   506 I SurfaceView@86d7559: 141391193 Cur surface: Surface(name=null)/@0x1fb1a59
10-17 13:35:49.740   506   506 I SurfaceView@86d7559: pST: sr = Rect(0, 218 - 1080, 743) sw = 1080 sh = 525
10-17 13:35:49.740   506   506 D SurfaceView@86d7559: performSurfaceTransaction RenderWorker position = [0, 218, 1080, 743] surfaceSize = 1080x525
10-17 13:35:49.740   506   506 I SurfaceView@86d7559: applyTransactionOnVriDraw: vri = ViewRootImpl@6dcaa2e[MainActivity] fRS = false t = 0x7b0d5b6000 android.view.SurfaceView.performSurfaceTransaction:959 android.view.SurfaceView.updateSurface:1105 android.view.SurfaceView.lambda$new$0$android-view-SurfaceView:200 
10-17 13:35:49.740   506   506 I ViewRootImpl@6dcaa2e[MainActivity]: applyTransactionOnDraw: mRemoved = false isHardwareEnabled = true t = 0x7b0d5b6000android.view.SurfaceView.applyTransactionOnVriDraw:2048 android.view.SurfaceView.performSurfaceTransaction:959 android.view.SurfaceView.updateSurface:1105 android.view.SurfaceView.lambda$new$0$android-view-SurfaceView:200 android.view.SurfaceView$$ExternalSyntheticLambda5.onPreDraw:2 
10-17 13:35:49.740   506   506 I SurfaceView@86d7559: updateSurface: mVisible = true mSurface.isValid() = true
10-17 13:35:49.740   506   506 I SurfaceView@86d7559: updateSurface: mSurfaceCreated = false surfaceChanged = true visibleChanged = true
10-17 13:35:49.740   506   506 I SurfaceView@86d7559: visibleChanged -- surfaceCreated
10-17 13:35:49.740   506   506 I SurfaceView@86d7559: surfaceCreated 0 #8 android.view.SurfaceView{86d7559 V.E..V... ......ID 0,0-1080,525}
10-17 13:35:49.740   506   506 I SurfaceView@86d7559: surfaceChanged -- format=4 w=1080 h=525
10-17 13:35:49.740   506   506 I SurfaceView@86d7559: surfaceChanged (1080,525) 0 #8 android.view.SurfaceView{86d7559 V.E..V... ......ID 0,0-1080,525}
10-17 13:35:49.740   506   506 I SurfaceView@86d7559: surfaceRedrawNeeded
10-17 13:35:49.741   506   506 V SurfaceView@86d7559: Layout: x=0 y=218 w=1080 h=525, frame=Rect(0, 0 - 1080, 525)
10-17 13:35:49.758   506   588 D SurfaceView@86d7559: updateSurfacePosition RenderWorker, frameNr = 654, position = [0, 218, 1080, 743] surfaceSize = 1080x525
10-17 13:35:49.758   506   588 I SurfaceView@86d7559: uSP: rtp = Rect(0, 218 - 1080, 743) rtsw = 1080 rtsh = 525
10-17 13:35:49.758   506   588 I SurfaceView@86d7559: onSSPAndSRT: pl = 0 pt = 218 sx = 1.0 sy = 1.0
10-17 13:35:49.758   506   588 I SurfaceView@86d7559: aOrMT: ViewRootImpl@6dcaa2e[MainActivity] t = android.view.SurfaceControl$Transaction@1903af6 fN = 654 android.view.SurfaceView.-$$Nest$mapplyOrMergeTransaction:0 android.view.SurfaceView$SurfaceViewPositionUpdateListener.positionChanged:1537 android.graphics.RenderNode$CompositePositionUpdateListener.positionChanged:373 
10-17 13:35:49.759   506   588 I ViewRootImpl@6dcaa2e[MainActivity]: mWNT: t=0x7b0d5b6200 mBlastBufferQueue=0x7b5b1f3400 fn= 654 caller= android.view.SurfaceView.applyOrMergeTransaction:1455 android.view.SurfaceView.-$$Nest$mapplyOrMergeTransaction:0 android.view.SurfaceView$SurfaceViewPositionUpdateListener.positionChanged:1537 
10-17 13:35:49.759   506   588 I ViewRootImpl@6dcaa2e[MainActivity]: mWNT: t=0x7b0d5b6000 mBlastBufferQueue=0x7b5b1f3400 fn= 654 caller= android.view.ViewRootImpl.lambda$applyTransactionOnDraw$11$android-view-ViewRootImpl:12865 android.view.ViewRootImpl$$ExternalSyntheticLambda1.onFrameDraw:4 android.graphics.HardwareRenderer$FrameDrawingCallback.onFrameDraw:924 
10-17 13:35:49.802   506   506 I SurfaceView@86d7559: finishedDrawing
10-17 13:35:50.427   506   506 I ViewRootImpl@6dcaa2e[MainActivity]: ViewPostIme pointer 0
10-17 13:35:50.482   506   506 I SurfaceView@86d7559: Changes: creating=false format=false size=false visible=false alpha=false hint=false mUseAlpha=false visible=false left=false top=true
10-17 13:35:50.482   506   506 I SurfaceView@86d7559: 141391193 Cur surface: Surface(name=null)/@0x1fb1a59
10-17 13:35:50.482   506   506 I SurfaceView@86d7559: applyTransactionOnVriDraw: vri = ViewRootImpl@6dcaa2e[MainActivity] fRS = false t = 0x7bda9ee200 android.view.SurfaceView.performSurfaceTransaction:959 android.view.SurfaceView.updateSurface:1105 android.view.SurfaceView.lambda$new$0$android-view-SurfaceView:200 
10-17 13:35:50.483   506   506 I ViewRootImpl@6dcaa2e[MainActivity]: applyTransactionOnDraw: mRemoved = false isHardwareEnabled = true t = 0x7bda9ee200android.view.SurfaceView.applyTransactionOnVriDraw:2048 android.view.SurfaceView.performSurfaceTransaction:959 android.view.SurfaceView.updateSurface:1105 android.view.SurfaceView.lambda$new$0$android-view-SurfaceView:200 android.view.SurfaceView$$ExternalSyntheticLambda5.onPreDraw:2 
10-17 13:35:50.483   506   506 I SurfaceView@86d7559: updateSurface: mVisible = true mSurface.isValid() = true
10-17 13:35:50.483   506   506 I SurfaceView@86d7559: updateSurface: mSurfaceCreated = true surfaceChanged = false visibleChanged = false
10-17 13:35:50.483   506   506 V SurfaceView@86d7559: Layout: x=0 y=188 w=1080 h=525, frame=Rect(0, 0 - 1080, 525)
