10-17 14:48:27.509 14381 14461 I ViewRootImpl@562a9cf[MainActivity]: mWNT: t=0x7b5b272100 mBlastBufferQueue=0x7b443aa800 fn= 823 caller= android.view.SurfaceView.applyOrMergeTransaction:1455 android.view.SurfaceView.-$$Nest$mapplyOrMergeTransaction:0 android.view.SurfaceView$SurfaceViewPositionUpdateListener.positionChanged:1537 
10-17 14:48:27.509 14381 14461 I ViewRootImpl@562a9cf[MainActivity]: mWNT: t=0x7b18cacd00 mBlastBufferQueue=0x7b443aa800 fn= 823 caller= android.view.ViewRootImpl.lambda$applyTransactionOnDraw$11$android-view-ViewRootImpl:12865 android.view.ViewRootImpl$$ExternalSyntheticLambda1.onFrameDraw:4 android.graphics.HardwareRenderer$FrameDrawingCallback.onFrameDraw:924 
10-17 14:48:27.526 14381 14381 I SurfaceView@551d8ae: Changes: creating=false format=false size=false visible=false alpha=false hint=false mUseAlpha=false visible=false left=false top=true
10-17 14:48:27.526 14381 14381 I SurfaceView@551d8ae: 89249966 Cur surface: Surface(name=null)/@0x734a30a
10-17 14:48:27.527 14381 14381 I SurfaceView@551d8ae: applyTransactionOnVriDraw: vri = ViewRootImpl@562a9cf[MainActivity] fRS = false t = 0x7b18cf0100 android.view.SurfaceView.performSurfaceTransaction:959 android.view.SurfaceView.updateSurface:1105 android.view.SurfaceView.lambda$new$0$android-view-SurfaceView:200 
10-17 14:48:27.527 14381 14381 I ViewRootImpl@562a9cf[MainActivity]: applyTransactionOnDraw: mRemoved = false isHardwareEnabled = true t = 0x7b18cf0100android.view.SurfaceView.applyTransactionOnVriDraw:2048 android.view.SurfaceView.performSurfaceTransaction:959 android.view.SurfaceView.updateSurface:1105 android.view.SurfaceView.lambda$new$0$android-view-SurfaceView:200 android.view.SurfaceView$$ExternalSyntheticLambda5.onPreDraw:2 
10-17 14:48:27.527 14381 14381 I SurfaceView@551d8ae: updateSurface: mVisible = true mSurface.isValid() = true
10-17 14:48:27.527 14381 14381 I SurfaceView@551d8ae: updateSurface: mSurfaceCreated = true surfaceChanged = false visibleChanged = false
10-17 14:48:27.527 14381 14381 V SurfaceView@551d8ae: Layout: x=0 y=-1035 w=1080 h=525, frame=Rect(0, 0 - 1080, 525)
10-17 14:48:27.529 14381 14463 D SurfaceView@551d8ae: updateSurfacePosition RenderWorker, frameNr = 824, position = [0, -1035, 1080, -510] surfaceSize = 1080x525
10-17 14:48:27.529 14381 14463 I SurfaceView@551d8ae: uSP: rtp = Rect(0, -1035 - 1080, -510) rtsw = 1080 rtsh = 525
10-17 14:48:27.529 14381 14463 I SurfaceView@551d8ae: onSSPAndSRT: pl = 0 pt = -1035 sx = 1.0 sy = 1.0
10-17 14:48:27.530 14381 14463 I SurfaceView@551d8ae: aOrMT: ViewRootImpl@562a9cf[MainActivity] t = android.view.SurfaceControl$Transaction@f894229 fN = 824 android.view.SurfaceView.-$$Nest$mapplyOrMergeTransaction:0 android.view.SurfaceView$SurfaceViewPositionUpdateListener.positionChanged:1537 android.graphics.RenderNode$CompositePositionUpdateListener.positionChanged:373 
10-17 14:48:27.530 14381 14463 I ViewRootImpl@562a9cf[MainActivity]: mWNT: t=0x7b5b272100 mBlastBufferQueue=0x7b443aa800 fn= 824 caller= android.view.SurfaceView.applyOrMergeTransaction:1455 android.view.SurfaceView.-$$Nest$mapplyOrMergeTransaction:0 android.view.SurfaceView$SurfaceViewPositionUpdateListener.positionChanged:1537 
10-17 14:48:27.530 14381 14463 I ViewRootImpl@562a9cf[MainActivity]: mWNT: t=0x7b18cf0100 mBlastBufferQueue=0x7b443aa800 fn= 824 caller= android.view.ViewRootImpl.lambda$applyTransactionOnDraw$11$android-view-ViewRootImpl:12865 android.view.ViewRootImpl$$ExternalSyntheticLambda1.onFrameDraw:4 android.graphics.HardwareRenderer$FrameDrawingCallback.onFrameDraw:924 
10-17 14:48:27.541 14381 14381 I SurfaceView@551d8ae: Changes: creating=false format=false size=false visible=false alpha=false hint=false mUseAlpha=false visible=false left=false top=true
10-17 14:48:27.542 14381 14381 I SurfaceView@551d8ae: 89249966 Cur surface: Surface(name=null)/@0x734a30a
10-17 14:48:27.542 14381 14381 I SurfaceView@551d8ae: applyTransactionOnVriDraw: vri = ViewRootImpl@562a9cf[MainActivity] fRS = false t = 0x7b18cf0300 android.view.SurfaceView.performSurfaceTransaction:959 android.view.SurfaceView.updateSurface:1105 android.view.SurfaceView.lambda$new$0$android-view-SurfaceView:200 
10-17 14:48:27.542 14381 14381 I ViewRootImpl@562a9cf[MainActivity]: applyTransactionOnDraw: mRemoved = false isHardwareEnabled = true t = 0x7b18cf0300android.view.SurfaceView.applyTransactionOnVriDraw:2048 android.view.SurfaceView.performSurfaceTransaction:959 android.view.SurfaceView.updateSurface:1105 android.view.SurfaceView.lambda$new$0$android-view-SurfaceView:200 android.view.SurfaceView$$ExternalSyntheticLambda5.onPreDraw:2 
10-17 14:48:27.542 14381 14381 I SurfaceView@551d8ae: updateSurface: mVisible = true mSurface.isValid() = true
10-17 14:48:27.542 14381 14381 I SurfaceView@551d8ae: updateSurface: mSurfaceCreated = true surfaceChanged = false visibleChanged = false
10-17 14:48:27.543 14381 14381 V SurfaceView@551d8ae: Layout: x=0 y=-1030 w=1080 h=525, frame=Rect(0, 0 - 1080, 525)
10-17 14:48:27.546 14381 14461 D SurfaceView@551d8ae: updateSurfacePosition RenderWorker, frameNr = 825, position = [0, -1030, 1080, -505] surfaceSize = 1080x525
10-17 14:48:27.546 14381 14461 I SurfaceView@551d8ae: uSP: rtp = Rect(0, -1030 - 1080, -505) rtsw = 1080 rtsh = 525
10-17 14:48:27.546 14381 14461 I SurfaceView@551d8ae: onSSPAndSRT: pl = 0 pt = -1030 sx = 1.0 sy = 1.0
10-17 14:48:27.546 14381 14461 I SurfaceView@551d8ae: aOrMT: ViewRootImpl@562a9cf[MainActivity] t = android.view.SurfaceControl$Transaction@f894229 fN = 825 android.view.SurfaceView.-$$Nest$mapplyOrMergeTransaction:0 android.view.SurfaceView$SurfaceViewPositionUpdateListener.positionChanged:1537 android.graphics.RenderNode$CompositePositionUpdateListener.positionChanged:373 
10-17 14:48:27.547 14381 14461 I ViewRootImpl@562a9cf[MainActivity]: mWNT: t=0x7b5b272100 mBlastBufferQueue=0x7b443aa800 fn= 825 caller= android.view.SurfaceView.applyOrMergeTransaction:1455 android.view.SurfaceView.-$$Nest$mapplyOrMergeTransaction:0 android.view.SurfaceView$SurfaceViewPositionUpdateListener.positionChanged:1537 
10-17 14:48:27.547 14381 14461 I ViewRootImpl@562a9cf[MainActivity]: mWNT: t=0x7b18cf0300 mBlastBufferQueue=0x7b443aa800 fn= 825 caller= android.view.ViewRootImpl.lambda$applyTransactionOnDraw$11$android-view-ViewRootImpl:12865 android.view.ViewRootImpl$$ExternalSyntheticLambda1.onFrameDraw:4 android.graphics.HardwareRenderer$FrameDrawingCallback.onFrameDraw:924 
10-17 14:48:27.557 14381 14381 I SurfaceView@551d8ae: Changes: creating=false format=false size=false visible=false alpha=false hint=false mUseAlpha=false visible=false left=false top=true
10-17 14:48:27.557 14381 14381 I SurfaceView@551d8ae: 89249966 Cur surface: Surface(name=null)/@0x734a30a
10-17 14:48:27.558 14381 14381 I SurfaceView@551d8ae: applyTransactionOnVriDraw: vri = ViewRootImpl@562a9cf[MainActivity] fRS = false t = 0x7b18cf0500 android.view.SurfaceView.performSurfaceTransaction:959 android.view.SurfaceView.updateSurface:1105 android.view.SurfaceView.lambda$new$0$android-view-SurfaceView:200 
10-17 14:48:27.558 14381 14381 I ViewRootImpl@562a9cf[MainActivity]: applyTransactionOnDraw: mRemoved = false isHardwareEnabled = true t = 0x7b18cf0500android.view.SurfaceView.applyTransactionOnVriDraw:2048 android.view.SurfaceView.performSurfaceTransaction:959 android.view.SurfaceView.updateSurface:1105 android.view.SurfaceView.lambda$new$0$android-view-SurfaceView:200 android.view.SurfaceView$$ExternalSyntheticLambda5.onPreDraw:2 
10-17 14:48:27.558 14381 14381 I SurfaceView@551d8ae: updateSurface: mVisible = true mSurface.isValid() = true
10-17 14:48:27.558 14381 14381 I SurfaceView@551d8ae: updateSurface: mSurfaceCreated = true surfaceChanged = false visibleChanged = false
10-17 14:48:27.558 14381 14381 V SurfaceView@551d8ae: Layout: x=0 y=-1022 w=1080 h=525, frame=Rect(0, 0 - 1080, 525)
10-17 14:48:27.561 14381 14463 D SurfaceView@551d8ae: updateSurfacePosition RenderWorker, frameNr = 826, position = [0, -1022, 1080, -497] surfaceSize = 1080x525
10-17 14:48:27.561 14381 14463 I SurfaceView@551d8ae: uSP: rtp = Rect(0, -1022 - 1080, -497) rtsw = 1080 rtsh = 525
10-17 14:48:27.561 14381 14463 I SurfaceView@551d8ae: onSSPAndSRT: pl = 0 pt = -1022 sx = 1.0 sy = 1.0
10-17 14:48:27.561 14381 14463 I SurfaceView@551d8ae: aOrMT: ViewRootImpl@562a9cf[MainActivity] t = android.view.SurfaceControl$Transaction@f894229 fN = 826 android.view.SurfaceView.-$$Nest$mapplyOrMergeTransaction:0 android.view.SurfaceView$SurfaceViewPositionUpdateListener.positionChanged:1537 android.graphics.RenderNode$CompositePositionUpdateListener.positionChanged:373 
10-17 14:48:27.561 14381 14463 I ViewRootImpl@562a9cf[MainActivity]: mWNT: t=0x7b5b272100 mBlastBufferQueue=0x7b443aa800 fn= 826 caller= android.view.SurfaceView.applyOrMergeTransaction:1455 android.view.SurfaceView.-$$Nest$mapplyOrMergeTransaction:0 android.view.SurfaceView$SurfaceViewPositionUpdateListener.positionChanged:1537 
10-17 14:48:27.561 14381 14463 I ViewRootImpl@562a9cf[MainActivity]: mWNT: t=0x7b18cf0500 mBlastBufferQueue=0x7b443aa800 fn= 826 caller= android.view.ViewRootImpl.lambda$applyTransactionOnDraw$11$android-view-ViewRootImpl:12865 android.view.ViewRootImpl$$ExternalSyntheticLambda1.onFrameDraw:4 android.graphics.HardwareRenderer$FrameDrawingCallback.onFrameDraw:924 
10-17 14:48:27.575 14381 14381 I SurfaceView@551d8ae: Changes: creating=false format=false size=false visible=false alpha=false hint=false mUseAlpha=false visible=false left=false top=true
10-17 14:48:27.575 14381 14381 I SurfaceView@551d8ae: 89249966 Cur surface: Surface(name=null)/@0x734a30a
10-17 14:48:27.576 14381 14381 I SurfaceView@551d8ae: applyTransactionOnVriDraw: vri = ViewRootImpl@562a9cf[MainActivity] fRS = false t = 0x7b18cf0700 android.view.SurfaceView.performSurfaceTransaction:959 android.view.SurfaceView.updateSurface:1105 android.view.SurfaceView.lambda$new$0$android-view-SurfaceView:200 
10-17 14:48:27.576 14381 14381 I ViewRootImpl@562a9cf[MainActivity]: applyTransactionOnDraw: mRemoved = false isHardwareEnabled = true t = 0x7b18cf0700android.view.SurfaceView.applyTransactionOnVriDraw:2048 android.view.SurfaceView.performSurfaceTransaction:959 android.view.SurfaceView.updateSurface:1105 android.view.SurfaceView.lambda$new$0$android-view-SurfaceView:200 android.view.SurfaceView$$ExternalSyntheticLambda5.onPreDraw:2 
10-17 14:48:27.576 14381 14381 I SurfaceView@551d8ae: updateSurface: mVisible = true mSurface.isValid() = true
10-17 14:48:27.576 14381 14381 I SurfaceView@551d8ae: updateSurface: mSurfaceCreated = true surfaceChanged = false visibleChanged = false
10-17 14:48:27.576 14381 14381 V SurfaceView@551d8ae: Layout: x=0 y=-1015 w=1080 h=525, frame=Rect(0, 0 - 1080, 525)
10-17 14:48:27.579 14381 14461 D SurfaceView@551d8ae: updateSurfacePosition RenderWorker, frameNr = 827, position = [0, -1015, 1080, -490] surfaceSize = 1080x525
10-17 14:48:27.579 14381 14461 I SurfaceView@551d8ae: uSP: rtp = Rect(0, -1015 - 1080, -490) rtsw = 1080 rtsh = 525
10-17 14:48:27.579 14381 14461 I SurfaceView@551d8ae: onSSPAndSRT: pl = 0 pt = -1015 sx = 1.0 sy = 1.0
10-17 14:48:27.579 14381 14461 I SurfaceView@551d8ae: aOrMT: ViewRootImpl@562a9cf[MainActivity] t = android.view.SurfaceControl$Transaction@f894229 fN = 827 android.view.SurfaceView.-$$Nest$mapplyOrMergeTransaction:0 android.view.SurfaceView$SurfaceViewPositionUpdateListener.positionChanged:1537 android.graphics.RenderNode$CompositePositionUpdateListener.positionChanged:373 
10-17 14:48:27.579 14381 14461 I ViewRootImpl@562a9cf[MainActivity]: mWNT: t=0x7b5b272100 mBlastBufferQueue=0x7b443aa800 fn= 827 caller= android.view.SurfaceView.applyOrMergeTransaction:1455 android.view.SurfaceView.-$$Nest$mapplyOrMergeTransaction:0 android.view.SurfaceView$SurfaceViewPositionUpdateListener.positionChanged:1537 
10-17 14:48:27.580 14381 14461 I ViewRootImpl@562a9cf[MainActivity]: mWNT: t=0x7b18cf0700 mBlastBufferQueue=0x7b443aa800 fn= 827 caller= android.view.ViewRootImpl.lambda$applyTransactionOnDraw$11$android-view-ViewRootImpl:12865 android.view.ViewRootImpl$$ExternalSyntheticLambda1.onFrameDraw:4 android.graphics.HardwareRenderer$FrameDrawingCallback.onFrameDraw:924 
10-17 14:48:27.590 14381 14381 I SurfaceView@551d8ae: Changes: creating=false format=false size=false visible=false alpha=false hint=false mUseAlpha=false visible=false left=false top=true
10-17 14:48:27.590 14381 14381 I SurfaceView@551d8ae: 89249966 Cur surface: Surface(name=null)/@0x734a30a
10-17 14:48:27.590 14381 14381 I SurfaceView@551d8ae: applyTransactionOnVriDraw: vri = ViewRootImpl@562a9cf[MainActivity] fRS = false t = 0x7b18cf0900 android.view.SurfaceView.performSurfaceTransaction:959 android.view.SurfaceView.updateSurface:1105 android.view.SurfaceView.lambda$new$0$android-view-SurfaceView:200 
10-17 14:48:27.590 14381 14381 I ViewRootImpl@562a9cf[MainActivity]: applyTransactionOnDraw: mRemoved = false isHardwareEnabled = true t = 0x7b18cf0900android.view.SurfaceView.applyTransactionOnVriDraw:2048 android.view.SurfaceView.performSurfaceTransaction:959 android.view.SurfaceView.updateSurface:1105 android.view.SurfaceView.lambda$new$0$android-view-SurfaceView:200 android.view.SurfaceView$$ExternalSyntheticLambda5.onPreDraw:2 
10-17 14:48:27.590 14381 14381 I SurfaceView@551d8ae: updateSurface: mVisible = true mSurface.isValid() = true
10-17 14:48:27.590 14381 14381 I SurfaceView@551d8ae: updateSurface: mSurfaceCreated = true surfaceChanged = false visibleChanged = false
10-17 14:48:27.590 14381 14381 V SurfaceView@551d8ae: Layout: x=0 y=-1007 w=1080 h=525, frame=Rect(0, 0 - 1080, 525)
10-17 14:48:27.592 14381 14463 D SurfaceView@551d8ae: updateSurfacePosition RenderWorker, frameNr = 828, position = [0, -1007, 1080, -482] surfaceSize = 1080x525
10-17 14:48:27.592 14381 14463 I SurfaceView@551d8ae: uSP: rtp = Rect(0, -1007 - 1080, -482) rtsw = 1080 rtsh = 525
10-17 14:48:27.592 14381 14463 I SurfaceView@551d8ae: onSSPAndSRT: pl = 0 pt = -1007 sx = 1.0 sy = 1.0
10-17 14:48:27.592 14381 14463 I SurfaceView@551d8ae: aOrMT: ViewRootImpl@562a9cf[MainActivity] t = android.view.SurfaceControl$Transaction@f894229 fN = 828 android.view.SurfaceView.-$$Nest$mapplyOrMergeTransaction:0 android.view.SurfaceView$SurfaceViewPositionUpdateListener.positionChanged:1537 android.graphics.RenderNode$CompositePositionUpdateListener.positionChanged:373 
10-17 14:48:27.593 14381 14463 I ViewRootImpl@562a9cf[MainActivity]: mWNT: t=0x7b5b272100 mBlastBufferQueue=0x7b443aa800 fn= 828 caller= android.view.SurfaceView.applyOrMergeTransaction:1455 android.view.SurfaceView.-$$Nest$mapplyOrMergeTransaction:0 android.view.SurfaceView$SurfaceViewPositionUpdateListener.positionChanged:1537 
10-17 14:48:27.593 14381 14463 I ViewRootImpl@562a9cf[MainActivity]: mWNT: t=0x7b18cf0900 mBlastBufferQueue=0x7b443aa800 fn= 828 caller= android.view.ViewRootImpl.lambda$applyTransactionOnDraw$11$android-view-ViewRootImpl:12865 android.view.ViewRootImpl$$ExternalSyntheticLambda1.onFrameDraw:4 android.graphics.HardwareRenderer$FrameDrawingCallback.onFrameDraw:924 
10-17 14:48:27.607 14381 14381 I SurfaceView@551d8ae: Changes: creating=false format=false size=false visible=false alpha=false hint=false mUseAlpha=false visible=false left=false top=true
10-17 14:48:27.607 14381 14381 I SurfaceView@551d8ae: 89249966 Cur surface: Surface(name=null)/@0x734a30a
10-17 14:48:27.607 14381 14381 I SurfaceView@551d8ae: applyTransactionOnVriDraw: vri = ViewRootImpl@562a9cf[MainActivity] fRS = false t = 0x7b18cf0b00 android.view.SurfaceView.performSurfaceTransaction:959 android.view.SurfaceView.updateSurface:1105 android.view.SurfaceView.lambda$new$0$android-view-SurfaceView:200 
10-17 14:48:27.607 14381 14381 I ViewRootImpl@562a9cf[MainActivity]: applyTransactionOnDraw: mRemoved = false isHardwareEnabled = true t = 0x7b18cf0b00android.view.SurfaceView.applyTransactionOnVriDraw:2048 android.view.SurfaceView.performSurfaceTransaction:959 android.view.SurfaceView.updateSurface:1105 android.view.SurfaceView.lambda$new$0$android-view-SurfaceView:200 android.view.SurfaceView$$ExternalSyntheticLambda5.onPreDraw:2 
10-17 14:48:27.607 14381 14381 I SurfaceView@551d8ae: updateSurface: mVisible = true mSurface.isValid() = true
10-17 14:48:27.607 14381 14381 I SurfaceView@551d8ae: updateSurface: mSurfaceCreated = true surfaceChanged = false visibleChanged = false
10-17 14:48:27.607 14381 14381 V SurfaceView@551d8ae: Layout: x=0 y=-1001 w=1080 h=525, frame=Rect(0, 0 - 1080, 525)
10-17 14:48:27.609 14381 14461 D SurfaceView@551d8ae: updateSurfacePosition RenderWorker, frameNr = 829, position = [0, -1001, 1080, -476] surfaceSize = 1080x525
10-17 14:48:27.609 14381 14461 I SurfaceView@551d8ae: uSP: rtp = Rect(0, -1001 - 1080, -476) rtsw = 1080 rtsh = 525
10-17 14:48:27.610 14381 14461 I SurfaceView@551d8ae: onSSPAndSRT: pl = 0 pt = -1001 sx = 1.0 sy = 1.0
10-17 14:48:27.610 14381 14461 I SurfaceView@551d8ae: aOrMT: ViewRootImpl@562a9cf[MainActivity] t = android.view.SurfaceControl$Transaction@f894229 fN = 829 android.view.SurfaceView.-$$Nest$mapplyOrMergeTransaction:0 android.view.SurfaceView$SurfaceViewPositionUpdateListener.positionChanged:1537 android.graphics.RenderNode$CompositePositionUpdateListener.positionChanged:373 
10-17 14:48:27.610 14381 14461 I ViewRootImpl@562a9cf[MainActivity]: mWNT: t=0x7b5b272100 mBlastBufferQueue=0x7b443aa800 fn= 829 caller= android.view.SurfaceView.applyOrMergeTransaction:1455 android.view.SurfaceView.-$$Nest$mapplyOrMergeTransaction:0 android.view.SurfaceView$SurfaceViewPositionUpdateListener.positionChanged:1537 
10-17 14:48:27.610 14381 14461 I ViewRootImpl@562a9cf[MainActivity]: mWNT: t=0x7b18cf0b00 mBlastBufferQueue=0x7b443aa800 fn= 829 caller= android.view.ViewRootImpl.lambda$applyTransactionOnDraw$11$android-view-ViewRootImpl:12865 android.view.ViewRootImpl$$ExternalSyntheticLambda1.onFrameDraw:4 android.graphics.HardwareRenderer$FrameDrawingCallback.onFrameDraw:924 
10-17 14:48:27.624 14381 14381 I SurfaceView@551d8ae: Changes: creating=false format=false size=false visible=false alpha=false hint=false mUseAlpha=false visible=false left=false top=true
10-17 14:48:27.624 14381 14381 I SurfaceView@551d8ae: 89249966 Cur surface: Surface(name=null)/@0x734a30a
10-17 14:48:27.624 14381 14381 I SurfaceView@551d8ae: applyTransactionOnVriDraw: vri = ViewRootImpl@562a9cf[MainActivity] fRS = false t = 0x7b18cf0c00 android.view.SurfaceView.performSurfaceTransaction:959 android.view.SurfaceView.updateSurface:1105 android.view.SurfaceView.lambda$new$0$android-view-SurfaceView:200 
10-17 14:48:27.624 14381 14381 I ViewRootImpl@562a9cf[MainActivity]: applyTransactionOnDraw: mRemoved = false isHardwareEnabled = true t = 0x7b18cf0c00android.view.SurfaceView.applyTransactionOnVriDraw:2048 android.view.SurfaceView.performSurfaceTransaction:959 android.view.SurfaceView.updateSurface:1105 android.view.SurfaceView.lambda$new$0$android-view-SurfaceView:200 android.view.SurfaceView$$ExternalSyntheticLambda5.onPreDraw:2 
10-17 14:48:27.624 14381 14381 I SurfaceView@551d8ae: updateSurface: mVisible = true mSurface.isValid() = true
10-17 14:48:27.624 14381 14381 I SurfaceView@551d8ae: updateSurface: mSurfaceCreated = true surfaceChanged = false visibleChanged = false
10-17 14:48:27.625 14381 14381 V SurfaceView@551d8ae: Layout: x=0 y=-995 w=1080 h=525, frame=Rect(0, 0 - 1080, 525)
10-17 14:48:27.627 14381 14463 D SurfaceView@551d8ae: updateSurfacePosition RenderWorker, frameNr = 830, position = [0, -995, 1080, -470] surfaceSize = 1080x525
10-17 14:48:27.627 14381 14463 I SurfaceView@551d8ae: uSP: rtp = Rect(0, -995 - 1080, -470) rtsw = 1080 rtsh = 525
10-17 14:48:27.627 14381 14463 I SurfaceView@551d8ae: onSSPAndSRT: pl = 0 pt = -995 sx = 1.0 sy = 1.0
10-17 14:48:27.627 14381 14463 I SurfaceView@551d8ae: aOrMT: ViewRootImpl@562a9cf[MainActivity] t = android.view.SurfaceControl$Transaction@f894229 fN = 830 android.view.SurfaceView.-$$Nest$mapplyOrMergeTransaction:0 android.view.SurfaceView$SurfaceViewPositionUpdateListener.positionChanged:1537 android.graphics.RenderNode$CompositePositionUpdateListener.positionChanged:373 
10-17 14:48:27.627 14381 14463 I ViewRootImpl@562a9cf[MainActivity]: mWNT: t=0x7b5b272100 mBlastBufferQueue=0x7b443aa800 fn= 830 caller= android.view.SurfaceView.applyOrMergeTransaction:1455 android.view.SurfaceView.-$$Nest$mapplyOrMergeTransaction:0 android.view.SurfaceView$SurfaceViewPositionUpdateListener.positionChanged:1537 
10-17 14:48:27.627 14381 14463 I ViewRootImpl@562a9cf[MainActivity]: mWNT: t=0x7b18cf0c00 mBlastBufferQueue=0x7b443aa800 fn= 830 caller= android.view.ViewRootImpl.lambda$applyTransactionOnDraw$11$android-view-ViewRootImpl:12865 android.view.ViewRootImpl$$ExternalSyntheticLambda1.onFrameDraw:4 android.graphics.HardwareRenderer$FrameDrawingCallback.onFrameDraw:924 
10-17 14:48:27.639 14381 14381 I SurfaceView@551d8ae: Changes: creating=false format=false size=false visible=false alpha=false hint=false mUseAlpha=false visible=false left=false top=true
10-17 14:48:27.640 14381 14381 I SurfaceView@551d8ae: 89249966 Cur surface: Surface(name=null)/@0x734a30a
10-17 14:48:27.640 14381 14381 I SurfaceView@551d8ae: applyTransactionOnVriDraw: vri = ViewRootImpl@562a9cf[MainActivity] fRS = false t = 0x7b18d5a000 android.view.SurfaceView.performSurfaceTransaction:959 android.view.SurfaceView.updateSurface:1105 android.view.SurfaceView.lambda$new$0$android-view-SurfaceView:200 
10-17 14:48:27.640 14381 14381 I ViewRootImpl@562a9cf[MainActivity]: applyTransactionOnDraw: mRemoved = false isHardwareEnabled = true t = 0x7b18d5a000android.view.SurfaceView.applyTransactionOnVriDraw:2048 android.view.SurfaceView.performSurfaceTransaction:959 android.view.SurfaceView.updateSurface:1105 android.view.SurfaceView.lambda$new$0$android-view-SurfaceView:200 android.view.SurfaceView$$ExternalSyntheticLambda5.onPreDraw:2 
10-17 14:48:27.640 14381 14381 I SurfaceView@551d8ae: updateSurface: mVisible = true mSurface.isValid() = true
10-17 14:48:27.640 14381 14381 I SurfaceView@551d8ae: updateSurface: mSurfaceCreated = true surfaceChanged = false visibleChanged = false
10-17 14:48:27.640 14381 14381 V SurfaceView@551d8ae: Layout: x=0 y=-989 w=1080 h=525, frame=Rect(0, 0 - 1080, 525)
10-17 14:48:27.642 14381 14461 D SurfaceView@551d8ae: updateSurfacePosition RenderWorker, frameNr = 831, position = [0, -989, 1080, -464] surfaceSize = 1080x525
10-17 14:48:27.642 14381 14461 I SurfaceView@551d8ae: uSP: rtp = Rect(0, -989 - 1080, -464) rtsw = 1080 rtsh = 525
10-17 14:48:27.642 14381 14461 I SurfaceView@551d8ae: onSSPAndSRT: pl = 0 pt = -989 sx = 1.0 sy = 1.0
10-17 14:48:27.642 14381 14461 I SurfaceView@551d8ae: aOrMT: ViewRootImpl@562a9cf[MainActivity] t = android.view.SurfaceControl$Transaction@f894229 fN = 831 android.view.SurfaceView.-$$Nest$mapplyOrMergeTransaction:0 android.view.SurfaceView$SurfaceViewPositionUpdateListener.positionChanged:1537 android.graphics.RenderNode$CompositePositionUpdateListener.positionChanged:373 
10-17 14:48:27.642 14381 14461 I ViewRootImpl@562a9cf[MainActivity]: mWNT: t=0x7b5b272100 mBlastBufferQueue=0x7b443aa800 fn= 831 caller= android.view.SurfaceView.applyOrMergeTransaction:1455 android.view.SurfaceView.-$$Nest$mapplyOrMergeTransaction:0 android.view.SurfaceView$SurfaceViewPositionUpdateListener.positionChanged:1537 
10-17 14:48:27.643 14381 14461 I ViewRootImpl@562a9cf[MainActivity]: mWNT: t=0x7b18d5a000 mBlastBufferQueue=0x7b443aa800 fn= 831 caller= android.view.ViewRootImpl.lambda$applyTransactionOnDraw$11$android-view-ViewRootImpl:12865 android.view.ViewRootImpl$$ExternalSyntheticLambda1.onFrameDraw:4 android.graphics.HardwareRenderer$FrameDrawingCallback.onFrameDraw:924 
10-17 14:48:27.657 14381 14381 I SurfaceView@551d8ae: Changes: creating=false format=false size=false visible=false alpha=false hint=false mUseAlpha=false visible=false left=false top=true
10-17 14:48:27.657 14381 14381 I SurfaceView@551d8ae: 89249966 Cur surface: Surface(name=null)/@0x734a30a
10-17 14:48:27.658 14381 14381 I SurfaceView@551d8ae: applyTransactionOnVriDraw: vri = ViewRootImpl@562a9cf[MainActivity] fRS = false t = 0x7b18d5a400 android.view.SurfaceView.performSurfaceTransaction:959 android.view.SurfaceView.updateSurface:1105 android.view.SurfaceView.lambda$new$0$android-view-SurfaceView:200 
10-17 14:48:27.658 14381 14381 I ViewRootImpl@562a9cf[MainActivity]: applyTransactionOnDraw: mRemoved = false isHardwareEnabled = true t = 0x7b18d5a400android.view.SurfaceView.applyTransactionOnVriDraw:2048 android.view.SurfaceView.performSurfaceTransaction:959 android.view.SurfaceView.updateSurface:1105 android.view.SurfaceView.lambda$new$0$android-view-SurfaceView:200 android.view.SurfaceView$$ExternalSyntheticLambda5.onPreDraw:2 
10-17 14:48:27.658 14381 14381 I SurfaceView@551d8ae: updateSurface: mVisible = true mSurface.isValid() = true
10-17 14:48:27.658 14381 14381 I SurfaceView@551d8ae: updateSurface: mSurfaceCreated = true surfaceChanged = false visibleChanged = false
10-17 14:48:27.658 14381 14381 V SurfaceView@551d8ae: Layout: x=0 y=-985 w=1080 h=525, frame=Rect(0, 0 - 1080, 525)
10-17 14:48:27.660 14381 14463 D SurfaceView@551d8ae: updateSurfacePosition RenderWorker, frameNr = 832, position = [0, -985, 1080, -460] surfaceSize = 1080x525
10-17 14:48:27.660 14381 14463 I SurfaceView@551d8ae: uSP: rtp = Rect(0, -985 - 1080, -460) rtsw = 1080 rtsh = 525
10-17 14:48:27.660 14381 14463 I SurfaceView@551d8ae: onSSPAndSRT: pl = 0 pt = -985 sx = 1.0 sy = 1.0
10-17 14:48:27.661 14381 14463 I SurfaceView@551d8ae: aOrMT: ViewRootImpl@562a9cf[MainActivity] t = android.view.SurfaceControl$Transaction@f894229 fN = 832 android.view.SurfaceView.-$$Nest$mapplyOrMergeTransaction:0 android.view.SurfaceView$SurfaceViewPositionUpdateListener.positionChanged:1537 android.graphics.RenderNode$CompositePositionUpdateListener.positionChanged:373 
10-17 14:48:27.661 14381 14463 I ViewRootImpl@562a9cf[MainActivity]: mWNT: t=0x7b5b272100 mBlastBufferQueue=0x7b443aa800 fn= 832 caller= android.view.SurfaceView.applyOrMergeTransaction:1455 android.view.SurfaceView.-$$Nest$mapplyOrMergeTransaction:0 android.view.SurfaceView$SurfaceViewPositionUpdateListener.positionChanged:1537 
10-17 14:48:27.661 14381 14463 I ViewRootImpl@562a9cf[MainActivity]: mWNT: t=0x7b18d5a400 mBlastBufferQueue=0x7b443aa800 fn= 832 caller= android.view.ViewRootImpl.lambda$applyTransactionOnDraw$11$android-view-ViewRootImpl:12865 android.view.ViewRootImpl$$ExternalSyntheticLambda1.onFrameDraw:4 android.graphics.HardwareRenderer$FrameDrawingCallback.onFrameDraw:924 
10-17 14:48:27.674 14381 14381 I SurfaceView@551d8ae: Changes: creating=false format=false size=false visible=false alpha=false hint=false mUseAlpha=false visible=false left=false top=true
10-17 14:48:27.674 14381 14381 I SurfaceView@551d8ae: 89249966 Cur surface: Surface(name=null)/@0x734a30a
10-17 14:48:27.674 14381 14381 I SurfaceView@551d8ae: applyTransactionOnVriDraw: vri = ViewRootImpl@562a9cf[MainActivity] fRS = false t = 0x7b18d5a600 android.view.SurfaceView.performSurfaceTransaction:959 android.view.SurfaceView.updateSurface:1105 android.view.SurfaceView.lambda$new$0$android-view-SurfaceView:200 
10-17 14:48:27.674 14381 14381 I ViewRootImpl@562a9cf[MainActivity]: applyTransactionOnDraw: mRemoved = false isHardwareEnabled = true t = 0x7b18d5a600android.view.SurfaceView.applyTransactionOnVriDraw:2048 android.view.SurfaceView.performSurfaceTransaction:959 android.view.SurfaceView.updateSurface:1105 android.view.SurfaceView.lambda$new$0$android-view-SurfaceView:200 android.view.SurfaceView$$ExternalSyntheticLambda5.onPreDraw:2 
10-17 14:48:27.674 14381 14381 I SurfaceView@551d8ae: updateSurface: mVisible = true mSurface.isValid() = true
10-17 14:48:27.674 14381 14381 I SurfaceView@551d8ae: updateSurface: mSurfaceCreated = true surfaceChanged = false visibleChanged = false
10-17 14:48:27.674 14381 14381 V SurfaceView@551d8ae: Layout: x=0 y=-981 w=1080 h=525, frame=Rect(0, 0 - 1080, 525)
10-17 14:48:27.677 14381 14461 D SurfaceView@551d8ae: updateSurfacePosition RenderWorker, frameNr = 833, position = [0, -981, 1080, -456] surfaceSize = 1080x525
10-17 14:48:27.678 14381 14461 I SurfaceView@551d8ae: uSP: rtp = Rect(0, -981 - 1080, -456) rtsw = 1080 rtsh = 525
10-17 14:48:27.678 14381 14461 I SurfaceView@551d8ae: onSSPAndSRT: pl = 0 pt = -981 sx = 1.0 sy = 1.0
10-17 14:48:27.678 14381 14461 I SurfaceView@551d8ae: aOrMT: ViewRootImpl@562a9cf[MainActivity] t = android.view.SurfaceControl$Transaction@f894229 fN = 833 android.view.SurfaceView.-$$Nest$mapplyOrMergeTransaction:0 android.view.SurfaceView$SurfaceViewPositionUpdateListener.positionChanged:1537 android.graphics.RenderNode$CompositePositionUpdateListener.positionChanged:373 
10-17 14:48:27.678 14381 14461 I ViewRootImpl@562a9cf[MainActivity]: mWNT: t=0x7b5b272100 mBlastBufferQueue=0x7b443aa800 fn= 833 caller= android.view.SurfaceView.applyOrMergeTransaction:1455 android.view.SurfaceView.-$$Nest$mapplyOrMergeTransaction:0 android.view.SurfaceView$SurfaceViewPositionUpdateListener.positionChanged:1537 
10-17 14:48:27.678 14381 14461 I ViewRootImpl@562a9cf[MainActivity]: mWNT: t=0x7b18d5a600 mBlastBufferQueue=0x7b443aa800 fn= 833 caller= android.view.ViewRootImpl.lambda$applyTransactionOnDraw$11$android-view-ViewRootImpl:12865 android.view.ViewRootImpl$$ExternalSyntheticLambda1.onFrameDraw:4 android.graphics.HardwareRenderer$FrameDrawingCallback.onFrameDraw:924 
10-17 14:48:27.691 14381 14381 I SurfaceView@551d8ae: Changes: creating=false format=false size=false visible=false alpha=false hint=false mUseAlpha=false visible=false left=false top=true
10-17 14:48:27.691 14381 14381 I SurfaceView@551d8ae: 89249966 Cur surface: Surface(name=null)/@0x734a30a
10-17 14:48:27.691 14381 14381 I SurfaceView@551d8ae: applyTransactionOnVriDraw: vri = ViewRootImpl@562a9cf[MainActivity] fRS = false t = 0x7b18d5a800 android.view.SurfaceView.performSurfaceTransaction:959 android.view.SurfaceView.updateSurface:1105 android.view.SurfaceView.lambda$new$0$android-view-SurfaceView:200 
10-17 14:48:27.691 14381 14381 I ViewRootImpl@562a9cf[MainActivity]: applyTransactionOnDraw: mRemoved = false isHardwareEnabled = true t = 0x7b18d5a800android.view.SurfaceView.applyTransactionOnVriDraw:2048 android.view.SurfaceView.performSurfaceTransaction:959 android.view.SurfaceView.updateSurface:1105 android.view.SurfaceView.lambda$new$0$android-view-SurfaceView:200 android.view.SurfaceView$$ExternalSyntheticLambda5.onPreDraw:2 
10-17 14:48:27.691 14381 14381 I SurfaceView@551d8ae: updateSurface: mVisible = true mSurface.isValid() = true
10-17 14:48:27.691 14381 14381 I SurfaceView@551d8ae: updateSurface: mSurfaceCreated = true surfaceChanged = false visibleChanged = false
10-17 14:48:27.692 14381 14381 V SurfaceView@551d8ae: Layout: x=0 y=-979 w=1080 h=525, frame=Rect(0, 0 - 1080, 525)
10-17 14:48:27.695 14381 14463 D SurfaceView@551d8ae: updateSurfacePosition RenderWorker, frameNr = 834, position = [0, -979, 1080, -454] surfaceSize = 1080x525
10-17 14:48:27.695 14381 14463 I SurfaceView@551d8ae: uSP: rtp = Rect(0, -979 - 1080, -454) rtsw = 1080 rtsh = 525
10-17 14:48:27.695 14381 14463 I SurfaceView@551d8ae: onSSPAndSRT: pl = 0 pt = -979 sx = 1.0 sy = 1.0
10-17 14:48:27.695 14381 14463 I SurfaceView@551d8ae: aOrMT: ViewRootImpl@562a9cf[MainActivity] t = android.view.SurfaceControl$Transaction@f894229 fN = 834 android.view.SurfaceView.-$$Nest$mapplyOrMergeTransaction:0 android.view.SurfaceView$SurfaceViewPositionUpdateListener.positionChanged:1537 android.graphics.RenderNode$CompositePositionUpdateListener.positionChanged:373 
10-17 14:48:27.696 14381 14463 I ViewRootImpl@562a9cf[MainActivity]: mWNT: t=0x7b5b272100 mBlastBufferQueue=0x7b443aa800 fn= 834 caller= android.view.SurfaceView.applyOrMergeTransaction:1455 android.view.SurfaceView.-$$Nest$mapplyOrMergeTransaction:0 android.view.SurfaceView$SurfaceViewPositionUpdateListener.positionChanged:1537 
10-17 14:48:27.696 14381 14463 I ViewRootImpl@562a9cf[MainActivity]: mWNT: t=0x7b18d5a800 mBlastBufferQueue=0x7b443aa800 fn= 834 caller= android.view.ViewRootImpl.lambda$applyTransactionOnDraw$11$android-view-ViewRootImpl:12865 android.view.ViewRootImpl$$ExternalSyntheticLambda1.onFrameDraw:4 android.graphics.HardwareRenderer$FrameDrawingCallback.onFrameDraw:924 
10-17 14:48:27.707 14381 14381 I SurfaceView@551d8ae: Changes: creating=false format=false size=false visible=false alpha=false hint=false mUseAlpha=false visible=false left=false top=true
10-17 14:48:27.707 14381 14381 I SurfaceView@551d8ae: 89249966 Cur surface: Surface(name=null)/@0x734a30a
10-17 14:48:27.707 14381 14381 I SurfaceView@551d8ae: applyTransactionOnVriDraw: vri = ViewRootImpl@562a9cf[MainActivity] fRS = false t = 0x7b18d5aa00 android.view.SurfaceView.performSurfaceTransaction:959 android.view.SurfaceView.updateSurface:1105 android.view.SurfaceView.lambda$new$0$android-view-SurfaceView:200 
10-17 14:48:27.708 14381 14381 I ViewRootImpl@562a9cf[MainActivity]: applyTransactionOnDraw: mRemoved = false isHardwareEnabled = true t = 0x7b18d5aa00android.view.SurfaceView.applyTransactionOnVriDraw:2048 android.view.SurfaceView.performSurfaceTransaction:959 android.view.SurfaceView.updateSurface:1105 android.view.SurfaceView.lambda$new$0$android-view-SurfaceView:200 android.view.SurfaceView$$ExternalSyntheticLambda5.onPreDraw:2 
10-17 14:48:27.708 14381 14381 I SurfaceView@551d8ae: updateSurface: mVisible = true mSurface.isValid() = true
10-17 14:48:27.708 14381 14381 I SurfaceView@551d8ae: updateSurface: mSurfaceCreated = true surfaceChanged = false visibleChanged = false
10-17 14:48:27.708 14381 14381 V SurfaceView@551d8ae: Layout: x=0 y=-977 w=1080 h=525, frame=Rect(0, 0 - 1080, 525)
10-17 14:48:27.710 14381 14461 D SurfaceView@551d8ae: updateSurfacePosition RenderWorker, frameNr = 835, position = [0, -977, 1080, -452] surfaceSize = 1080x525
10-17 14:48:27.711 14381 14461 I SurfaceView@551d8ae: uSP: rtp = Rect(0, -977 - 1080, -452) rtsw = 1080 rtsh = 525
10-17 14:48:27.711 14381 14461 I SurfaceView@551d8ae: onSSPAndSRT: pl = 0 pt = -977 sx = 1.0 sy = 1.0
10-17 14:48:27.711 14381 14461 I SurfaceView@551d8ae: aOrMT: ViewRootImpl@562a9cf[MainActivity] t = android.view.SurfaceControl$Transaction@f894229 fN = 835 android.view.SurfaceView.-$$Nest$mapplyOrMergeTransaction:0 android.view.SurfaceView$SurfaceViewPositionUpdateListener.positionChanged:1537 android.graphics.RenderNode$CompositePositionUpdateListener.positionChanged:373 
10-17 14:48:27.711 14381 14461 I ViewRootImpl@562a9cf[MainActivity]: mWNT: t=0x7b5b272100 mBlastBufferQueue=0x7b443aa800 fn= 835 caller= android.view.SurfaceView.applyOrMergeTransaction:1455 android.view.SurfaceView.-$$Nest$mapplyOrMergeTransaction:0 android.view.SurfaceView$SurfaceViewPositionUpdateListener.positionChanged:1537 
10-17 14:48:27.712 14381 14461 I ViewRootImpl@562a9cf[MainActivity]: mWNT: t=0x7b18d5aa00 mBlastBufferQueue=0x7b443aa800 fn= 835 caller= android.view.ViewRootImpl.lambda$applyTransactionOnDraw$11$android-view-ViewRootImpl:12865 android.view.ViewRootImpl$$ExternalSyntheticLambda1.onFrameDraw:4 android.graphics.HardwareRenderer$FrameDrawingCallback.onFrameDraw:924 
10-17 14:48:27.724 14381 14381 I SurfaceView@551d8ae: Changes: creating=false format=false size=false visible=false alpha=false hint=false mUseAlpha=false visible=false left=false top=true
10-17 14:48:27.724 14381 14381 I SurfaceView@551d8ae: 89249966 Cur surface: Surface(name=null)/@0x734a30a
10-17 14:48:27.724 14381 14381 I SurfaceView@551d8ae: applyTransactionOnVriDraw: vri = ViewRootImpl@562a9cf[MainActivity] fRS = false t = 0x7b18e09300 android.view.SurfaceView.performSurfaceTransaction:959 android.view.SurfaceView.updateSurface:1105 android.view.SurfaceView.lambda$new$0$android-view-SurfaceView:200 
10-17 14:48:27.724 14381 14381 I ViewRootImpl@562a9cf[MainActivity]: applyTransactionOnDraw: mRemoved = false isHardwareEnabled = true t = 0x7b18e09300android.view.SurfaceView.applyTransactionOnVriDraw:2048 android.view.SurfaceView.performSurfaceTransaction:959 android.view.SurfaceView.updateSurface:1105 android.view.SurfaceView.lambda$new$0$android-view-SurfaceView:200 android.view.SurfaceView$$ExternalSyntheticLambda5.onPreDraw:2 
10-17 14:48:27.724 14381 14381 I SurfaceView@551d8ae: updateSurface: mVisible = true mSurface.isValid() = true
10-17 14:48:27.724 14381 14381 I SurfaceView@551d8ae: updateSurface: mSurfaceCreated = true surfaceChanged = false visibleChanged = false
10-17 14:48:27.724 14381 14381 V SurfaceView@551d8ae: Layout: x=0 y=-976 w=1080 h=525, frame=Rect(0, 0 - 1080, 525)
10-17 14:48:27.727 14381 14463 D SurfaceView@551d8ae: updateSurfacePosition RenderWorker, frameNr = 836, position = [0, -976, 1080, -451] surfaceSize = 1080x525
10-17 14:48:27.727 14381 14463 I SurfaceView@551d8ae: uSP: rtp = Rect(0, -976 - 1080, -451) rtsw = 1080 rtsh = 525
10-17 14:48:27.727 14381 14463 I SurfaceView@551d8ae: onSSPAndSRT: pl = 0 pt = -976 sx = 1.0 sy = 1.0
10-17 14:48:27.728 14381 14463 I SurfaceView@551d8ae: aOrMT: ViewRootImpl@562a9cf[MainActivity] t = android.view.SurfaceControl$Transaction@f894229 fN = 836 android.view.SurfaceView.-$$Nest$mapplyOrMergeTransaction:0 android.view.SurfaceView$SurfaceViewPositionUpdateListener.positionChanged:1537 android.graphics.RenderNode$CompositePositionUpdateListener.positionChanged:373 
10-17 14:48:27.728 14381 14463 I ViewRootImpl@562a9cf[MainActivity]: mWNT: t=0x7b5b272100 mBlastBufferQueue=0x7b443aa800 fn= 836 caller= android.view.SurfaceView.applyOrMergeTransaction:1455 android.view.SurfaceView.-$$Nest$mapplyOrMergeTransaction:0 android.view.SurfaceView$SurfaceViewPositionUpdateListener.positionChanged:1537 
10-17 14:48:27.729 14381 14463 I ViewRootImpl@562a9cf[MainActivity]: mWNT: t=0x7b18e09300 mBlastBufferQueue=0x7b443aa800 fn= 836 caller= android.view.ViewRootImpl.lambda$applyTransactionOnDraw$11$android-view-ViewRootImpl:12865 android.view.ViewRootImpl$$ExternalSyntheticLambda1.onFrameDraw:4 android.graphics.HardwareRenderer$FrameDrawingCallback.onFrameDraw:924 
10-17 14:48:27.740 14381 14381 I SurfaceView@551d8ae: Changes: creating=false format=false size=false visible=false alpha=false hint=false mUseAlpha=false visible=false left=false top=true
10-17 14:48:27.740 14381 14381 I SurfaceView@551d8ae: 89249966 Cur surface: Surface(name=null)/@0x734a30a
10-17 14:48:27.741 14381 14381 I SurfaceView@551d8ae: applyTransactionOnVriDraw: vri = ViewRootImpl@562a9cf[MainActivity] fRS = false t = 0x7b18ef4000 android.view.SurfaceView.performSurfaceTransaction:959 android.view.SurfaceView.updateSurface:1105 android.view.SurfaceView.lambda$new$0$android-view-SurfaceView:200 
10-17 14:48:27.741 14381 14381 I ViewRootImpl@562a9cf[MainActivity]: applyTransactionOnDraw: mRemoved = false isHardwareEnabled = true t = 0x7b18ef4000android.view.SurfaceView.applyTransactionOnVriDraw:2048 android.view.SurfaceView.performSurfaceTransaction:959 android.view.SurfaceView.updateSurface:1105 android.view.SurfaceView.lambda$new$0$android-view-SurfaceView:200 android.view.SurfaceView$$ExternalSyntheticLambda5.onPreDraw:2 
10-17 14:48:27.741 14381 14381 I SurfaceView@551d8ae: updateSurface: mVisible = true mSurface.isValid() = true
10-17 14:48:27.741 14381 14381 I SurfaceView@551d8ae: updateSurface: mSurfaceCreated = true surfaceChanged = false visibleChanged = false
10-17 14:48:27.741 14381 14381 V SurfaceView@551d8ae: Layout: x=0 y=-974 w=1080 h=525, frame=Rect(0, 0 - 1080, 525)
10-17 14:48:27.744 14381 14461 D SurfaceView@551d8ae: updateSurfacePosition RenderWorker, frameNr = 837, position = [0, -974, 1080, -449] surfaceSize = 1080x525
10-17 14:48:27.744 14381 14461 I SurfaceView@551d8ae: uSP: rtp = Rect(0, -974 - 1080, -449) rtsw = 1080 rtsh = 525
10-17 14:48:27.744 14381 14461 I SurfaceView@551d8ae: onSSPAndSRT: pl = 0 pt = -974 sx = 1.0 sy = 1.0
10-17 14:48:27.744 14381 14461 I SurfaceView@551d8ae: aOrMT: ViewRootImpl@562a9cf[MainActivity] t = android.view.SurfaceControl$Transaction@f894229 fN = 837 android.view.SurfaceView.-$$Nest$mapplyOrMergeTransaction:0 android.view.SurfaceView$SurfaceViewPositionUpdateListener.positionChanged:1537 android.graphics.RenderNode$CompositePositionUpdateListener.positionChanged:373 
10-17 14:48:27.745 14381 14461 I ViewRootImpl@562a9cf[MainActivity]: mWNT: t=0x7b5b272100 mBlastBufferQueue=0x7b443aa800 fn= 837 caller= android.view.SurfaceView.applyOrMergeTransaction:1455 android.view.SurfaceView.-$$Nest$mapplyOrMergeTransaction:0 android.view.SurfaceView$SurfaceViewPositionUpdateListener.positionChanged:1537 
10-17 14:48:27.745 14381 14461 I ViewRootImpl@562a9cf[MainActivity]: mWNT: t=0x7b18ef4000 mBlastBufferQueue=0x7b443aa800 fn= 837 caller= android.view.ViewRootImpl.lambda$applyTransactionOnDraw$11$android-view-ViewRootImpl:12865 android.view.ViewRootImpl$$ExternalSyntheticLambda1.onFrameDraw:4 android.graphics.HardwareRenderer$FrameDrawingCallback.onFrameDraw:924 
10-17 14:48:27.770 14381 14381 I ViewRootImpl@562a9cf[MainActivity]: ViewPostIme pointer 1
10-17 14:48:28.053 14381 14381 I ViewRootImpl@562a9cf[MainActivity]: ViewPostIme pointer 0
10-17 14:48:28.603 14381 14381 I Dialog  : mIsDeviceDefault = false, mIsSamsungBasicInteraction = false, isMetaDataInActivity = false
10-17 14:48:28.644 14381 14381 I DecorView: [INFO] isPopOver=false config=false
10-17 14:48:28.644 14381 14381 I DecorView: updateCaptionType: isFloating=false isApplication=true hasWindowDecorCaption=false this=DecorView@bbd273c[]
10-17 14:48:28.644 14381 14381 D DecorView: setCaptionType = 0, this = DecorView@bbd273c[]
10-17 14:48:28.646 14381 14381 I DecorView: getCurrentDensityDpi: from app context. densityDpi=420 msg=resources_loaded
10-17 14:48:28.646 14381 14381 I DecorView: setWindowBackground: isPopOver=false color=0 d=android.graphics.drawable.ColorDrawable@a03461a
10-17 14:48:28.655 14381 14402 D NativeCustomFrequencyManager: [NativeCFMS] BpCustomFrequencyManager::BpCustomFrequencyManager()
10-17 14:48:28.655 14381 14381 I DecorView: notifyKeepScreenOnChanged: keepScreenOn=false
10-17 14:48:28.667 14381 14381 D InsetsController: onStateChanged: InsetsState: {mDisplayFrame=Rect(0, 0 - 1080, 2400), mDisplayCutout=DisplayCutout{insets=Rect(0, 88 - 0, 0) waterfall=Insets{left=0, top=0, right=0, bottom=0} boundingRect={Bounds=[Rect(0, 0 - 0, 0), Rect(512, 0 - 568, 88), Rect(0, 0 - 0, 0), Rect(0, 0 - 0, 0)]} cutoutPathParserInfo={CutoutPathParserInfo{displayWidth=1080 displayHeight=2400 physicalDisplayWidth=1080 physicalDisplayHeight=2400 density={2.625} cutoutSpec={M 0,0 M 0,12.25101276465640 a 10.60613009248640,10.60613009248640 0 1,0 0,21.21226018497290 a 10.60613009248640,10.60613009248640 0 1,0 0,-21.21226018497290 Z @dp} rotation={0} scale={1.0} physicalPixelDisplaySizeRatio={1.0}}}}, mRoundedCorners=RoundedCorners{[RoundedCorner{position=TopLeft, radius=84, center=Point(84, 84)}, RoundedCorner{position=TopRight, radius=84, center=Point(996, 84)}, RoundedCorner{position=BottomRight, radius=84, center=Point(996, 2316)}, RoundedCorner{position=BottomLeft, radius=84, center=Point(84, 2316)}]}  mRoundedCornerFrame=Rect(0, 0 - 1080, 2400), mPrivacyIndicatorBounds=PrivacyIndicatorBounds {static bounds=Rect(964, 0 - 1080, 87) rotation=0}, mSources= { InsetsSource: {mType=ITYPE_STATUS_BAR, mFrame=[0,0][1080,88], mVisible=true, mInsetsRoundedCornerFrame=false}, InsetsSource: {mType=ITYPE_NAVIGATION_BAR, mFrame=[0,2361][1080,2400], mVisible=true, mInsetsRoundedCornerFrame=false}, InsetsSource: {mType=ITYPE_LEFT_GESTURES, mFrame=[0,0][130,2400], mVisible=true, mInsetsRoundedCornerFrame=false}, InsetsSource: {mType=ITYPE_RIGHT_GESTURES, mFrame=[950,0][1080,2400], mVisible=true, mInsetsRoundedCornerFrame=false}, InsetsSource: {mType=ITYPE_TOP_MANDATORY_GESTURES, mFrame=[0,0][1080,120], mVisible=true, mInsetsRoundedCornerFrame=false}, InsetsSource: {mType=ITYPE_BOTTOM_MANDATORY_GESTURES, mFrame=[0,2316][1080,2400], mVisible=true, mInsetsRoundedCornerFrame=false}, InsetsSource: {mType=ITYPE_LEFT_DISPLAY_CUTOUT, mFrame=[0,0][-100000,2400], mVisible=true, mInsetsRoundedCornerFrame=false}, InsetsSource: {mType=ITYPE_TOP_DISPLAY_CUTOUT, mFrame=[0,0][1080,88], mVisible=true, mInsetsRoundedCornerFrame=false}, InsetsSource: {mType=ITYPE_RIGHT_DISPLAY_CUTOUT, mFrame=[100000,0][1080,2400], mVisible=true, mInsetsRoundedCornerFrame=false}, InsetsSource: {mType=ITYPE_BOTTOM_DISPLAY_CUTOUT, mFrame=[0,100000][1080,2400], mVisible=true, mInsetsRoundedCornerFrame=false}, InsetsSource: {mType=ITYPE_TOP_TAPPABLE_ELEMENT, mFrame=[0,0][1080,88], mVisible=true, mInsetsRoundedCornerFrame=false}, InsetsSource: {mType=ITYPE_BOTTOM_TAPPABLE_ELEMENT, mFrame=[0,0][0,0], mVisible=true, mInsetsRoundedCornerFrame=false}, InsetsSource: {mType=ITYPE_IME, mFrame=[0,0][0,0], mVisibleFrame=[0,1409][1080,2400], mVisible=false, mInsetsRoundedCornerFrame=false} } host=com.lagradost.cloudstream3/com.lagradost.cloudstream3.MainActivity from=android.view.ViewRootImpl.setView:1732
10-17 14:48:28.669 14381 14381 I ViewRootImpl@e04c2c3[MainActivity]: setView = com.android.internal.policy.DecorView@bbd273c TM=true
10-17 14:48:28.687 14381 14381 I ViewRootImpl@e04c2c3[MainActivity]: performTraversals params={(0,0)(fillxfill) gr=CENTER sim={adjust=resize forwardNavigation} ty=APPLICATION fmt=TRANSPARENT wanim=0x7f14000b
10-17 14:48:28.687 14381 14381 I ViewRootImpl@e04c2c3[MainActivity]:   fl=85810100
10-17 14:48:28.687 14381 14381 I ViewRootImpl@e04c2c3[MainActivity]:   pfl=12020040
10-17 14:48:28.687 14381 14381 I ViewRootImpl@e04c2c3[MainActivity]:   vsysui=500
10-17 14:48:28.687 14381 14381 I ViewRootImpl@e04c2c3[MainActivity]:   bhv=DEFAULT
10-17 14:48:28.687 14381 14381 I ViewRootImpl@e04c2c3[MainActivity]:   fitSides= naviIconColor=0}
10-17 14:48:28.688 14381 14381 I ViewRootImpl@e04c2c3[MainActivity]: performTraversals mFirst=true windowShouldResize=true viewVisibilityChanged=false mForceNextWindowRelayout=false params={(0,0)(fillxfill) gr=CENTER sim={adjust=resize forwardNavigation} ty=APPLICATION fmt=TRANSPARENT wanim=0x7f14000b
10-17 14:48:28.688 14381 14381 I ViewRootImpl@e04c2c3[MainActivity]:   fl=85810100
10-17 14:48:28.688 14381 14381 I ViewRootImpl@e04c2c3[MainActivity]:   pfl=12020040
10-17 14:48:28.688 14381 14381 I ViewRootImpl@e04c2c3[MainActivity]:   vsysui=500
10-17 14:48:28.688 14381 14381 I ViewRootImpl@e04c2c3[MainActivity]:   bhv=DEFAULT
10-17 14:48:28.688 14381 14381 I ViewRootImpl@e04c2c3[MainActivity]:   fitSides= naviIconColor=0}
10-17 14:48:28.699 14381 14381 I ViewRootImpl@e04c2c3[MainActivity]: updateBlastSurfaceIfNeeded mBlastBufferQueue=null isSameSurfaceControl=false
10-17 14:48:28.700 14381 14381 I BLASTBufferQueue: new BLASTBufferQueue, mName= ViewRootImpl@e04c2c3[MainActivity] mNativeObject= 0x7b5b0db100 sc.mNativeObject= 0x7b25097740 caller= android.view.ViewRootImpl.updateBlastSurfaceIfNeeded:2909 android.view.ViewRootImpl.relayoutWindow:9847 android.view.ViewRootImpl.performTraversals:3884 android.view.ViewRootImpl.doTraversal:3116 android.view.ViewRootImpl$TraversalRunnable.run:10885 android.view.Choreographer$CallbackRecord.run:1301 android.view.Choreographer$CallbackRecord.run:1309 android.view.Choreographer.doCallbacks:923 android.view.Choreographer.doFrame:852 android.view.Choreographer$FrameDisplayEventReceiver.run:1283 
10-17 14:48:28.701 14381 14381 I BLASTBufferQueue: update, w= 1080 h= 2400 mName = ViewRootImpl@e04c2c3[MainActivity] mNativeObject= 0x7b5b0db100 sc.mNativeObject= 0x7b25097740 format= -2 caller= android.graphics.BLASTBufferQueue.<init>:84 android.view.ViewRootImpl.updateBlastSurfaceIfNeeded:2909 android.view.ViewRootImpl.relayoutWindow:9847 android.view.ViewRootImpl.performTraversals:3884 android.view.ViewRootImpl.doTraversal:3116 android.view.ViewRootImpl$TraversalRunnable.run:10885 
10-17 14:48:28.701 14381 14381 I ViewRootImpl@e04c2c3[MainActivity]: Relayout returned: old=(0,0,1080,2400) new=(0,0,1080,2400) req=(1080,2400)0 dur=11 res=0x3 s={true 0x7bdd4bf000} ch=true seqId=0
10-17 14:48:28.702 14381 14381 I ViewRootImpl@e04c2c3[MainActivity]: mThreadedRenderer.initialize() mSurface={isValid=true 0x7bdd4bf000} hwInitialized=true
10-17 14:48:28.703 14381 14402 D OpenGLRenderer: eglCreateWindowSurface
10-17 14:48:28.730 14381 14381 D AbsListView:  in onLayout changed 
10-17 14:48:28.731 14381 14381 I ViewRootImpl@e04c2c3[MainActivity]: reportNextDraw android.view.ViewRootImpl.performTraversals:4438 android.view.ViewRootImpl.doTraversal:3116 android.view.ViewRootImpl$TraversalRunnable.run:10885 android.view.Choreographer$CallbackRecord.run:1301 android.view.Choreographer$CallbackRecord.run:1309 
10-17 14:48:28.731 14381 14381 I ViewRootImpl@e04c2c3[MainActivity]: Setup new sync id=0
10-17 14:48:28.731 14381 14381 I ViewRootImpl@e04c2c3[MainActivity]: Setting syncFrameCallback
10-17 14:48:28.731 14381 14381 I ViewRootImpl@e04c2c3[MainActivity]: registerCallbacksForSync syncBuffer=false
10-17 14:48:28.734 14381 14463 I ViewRootImpl@e04c2c3[MainActivity]: Received frameDrawingCallback syncResult=0 frameNum=1.
10-17 14:48:28.735 14381 14463 I ViewRootImpl@e04c2c3[MainActivity]: Setting up sync and frameCommitCallback
10-17 14:48:28.745 14381 14402 I BLASTBufferQueue: [ViewRootImpl@e04c2c3[MainActivity]#4](f:0,a:0) onFrameAvailable the first frame is available
10-17 14:48:28.746 14381 14402 I ViewRootImpl@e04c2c3[MainActivity]: Received frameCommittedCallback lastAttemptedDrawFrameNum=1 didProduceBuffer=true
10-17 14:48:28.750 14381 14402 D OpenGLRenderer: CFMS:: SetUp Pid : 14381    Tid : 14402
10-17 14:48:28.754 14381 14381 I ViewRootImpl@e04c2c3[MainActivity]: onSyncComplete
