10-17 14:48:26.853 14381 14463 I ViewRootImpl@562a9cf[MainActivity]: mWNT: t=0x7b5b272100 mBlastBufferQueue=0x7b443aa800 fn= 788 caller= android.view.SurfaceView.applyOrMergeTransaction:1455 android.view.SurfaceView.-$$Nest$mapplyOrMergeTransaction:0 android.view.SurfaceView$SurfaceViewPositionUpdateListener.positionChanged:1537 
10-17 14:48:26.853 14381 14463 I ViewRootImpl@562a9cf[MainActivity]: mWNT: t=0x7b252f5700 mBlastBufferQueue=0x7b443aa800 fn= 788 caller= android.view.ViewRootImpl.lambda$applyTransactionOnDraw$11$android-view-ViewRootImpl:12865 android.view.ViewRootImpl$$ExternalSyntheticLambda1.onFrameDraw:4 android.graphics.HardwareRenderer$FrameDrawingCallback.onFrameDraw:924 
10-17 14:48:26.855 14381 14381 I SurfaceView@551d8ae: Changes: creating=false format=false size=false visible=false alpha=false hint=false mUseAlpha=false visible=false left=false top=true
10-17 14:48:26.855 14381 14381 I SurfaceView@551d8ae: 89249966 Cur surface: Surface(name=null)/@0x734a30a
10-17 14:48:26.855 14381 14381 I SurfaceView@551d8ae: applyTransactionOnVriDraw: vri = ViewRootImpl@562a9cf[MainActivity] fRS = false t = 0x7b252f5b00 android.view.SurfaceView.performSurfaceTransaction:959 android.view.SurfaceView.updateSurface:1105 android.view.SurfaceView.lambda$new$0$android-view-SurfaceView:200 
10-17 14:48:26.856 14381 14381 I ViewRootImpl@562a9cf[MainActivity]: applyTransactionOnDraw: mRemoved = false isHardwareEnabled = true t = 0x7b252f5b00android.view.SurfaceView.applyTransactionOnVriDraw:2048 android.view.SurfaceView.performSurfaceTransaction:959 android.view.SurfaceView.updateSurface:1105 android.view.SurfaceView.lambda$new$0$android-view-SurfaceView:200 android.view.SurfaceView$$ExternalSyntheticLambda5.onPreDraw:2 
10-17 14:48:26.856 14381 14381 I SurfaceView@551d8ae: updateSurface: mVisible = true mSurface.isValid() = true
10-17 14:48:26.856 14381 14381 I SurfaceView@551d8ae: updateSurface: mSurfaceCreated = true surfaceChanged = false visibleChanged = false
10-17 14:48:26.856 14381 14381 V SurfaceView@551d8ae: Layout: x=0 y=-874 w=1080 h=525, frame=Rect(0, 0 - 1080, 525)
10-17 14:48:26.863 14381 14461 D SurfaceView@551d8ae: updateSurfacePosition RenderWorker, frameNr = 789, position = [0, -884, 1080, -359] surfaceSize = 1080x525
10-17 14:48:26.863 14381 14461 I SurfaceView@551d8ae: uSP: rtp = Rect(0, -884 - 1080, -359) rtsw = 1080 rtsh = 525
10-17 14:48:26.863 14381 14461 I SurfaceView@551d8ae: onSSPAndSRT: pl = 0 pt = -884 sx = 1.0 sy = 1.0
10-17 14:48:26.863 14381 14461 I SurfaceView@551d8ae: aOrMT: ViewRootImpl@562a9cf[MainActivity] t = android.view.SurfaceControl$Transaction@f894229 fN = 789 android.view.SurfaceView.-$$Nest$mapplyOrMergeTransaction:0 android.view.SurfaceView$SurfaceViewPositionUpdateListener.positionChanged:1537 android.graphics.RenderNode$CompositePositionUpdateListener.positionChanged:373 
10-17 14:48:26.863 14381 14461 I ViewRootImpl@562a9cf[MainActivity]: mWNT: t=0x7b5b272100 mBlastBufferQueue=0x7b443aa800 fn= 789 caller= android.view.SurfaceView.applyOrMergeTransaction:1455 android.view.SurfaceView.-$$Nest$mapplyOrMergeTransaction:0 android.view.SurfaceView$SurfaceViewPositionUpdateListener.positionChanged:1537 
10-17 14:48:26.863 14381 14461 I ViewRootImpl@562a9cf[MainActivity]: mWNT: t=0x7b252f5b00 mBlastBufferQueue=0x7b443aa800 fn= 789 caller= android.view.ViewRootImpl.lambda$applyTransactionOnDraw$11$android-view-ViewRootImpl:12865 android.view.ViewRootImpl$$ExternalSyntheticLambda1.onFrameDraw:4 android.graphics.HardwareRenderer$FrameDrawingCallback.onFrameDraw:924 
10-17 14:48:26.872 14381 14381 I SurfaceView@551d8ae: Changes: creating=false format=false size=false visible=false alpha=false hint=false mUseAlpha=false visible=false left=false top=true
10-17 14:48:26.872 14381 14381 I SurfaceView@551d8ae: 89249966 Cur surface: Surface(name=null)/@0x734a30a
10-17 14:48:26.873 14381 14381 I SurfaceView@551d8ae: applyTransactionOnVriDraw: vri = ViewRootImpl@562a9cf[MainActivity] fRS = false t = 0x7b25328100 android.view.SurfaceView.performSurfaceTransaction:959 android.view.SurfaceView.updateSurface:1105 android.view.SurfaceView.lambda$new$0$android-view-SurfaceView:200 
10-17 14:48:26.873 14381 14381 I ViewRootImpl@562a9cf[MainActivity]: applyTransactionOnDraw: mRemoved = false isHardwareEnabled = true t = 0x7b25328100android.view.SurfaceView.applyTransactionOnVriDraw:2048 android.view.SurfaceView.performSurfaceTransaction:959 android.view.SurfaceView.updateSurface:1105 android.view.SurfaceView.lambda$new$0$android-view-SurfaceView:200 android.view.SurfaceView$$ExternalSyntheticLambda5.onPreDraw:2 
10-17 14:48:26.873 14381 14381 I SurfaceView@551d8ae: updateSurface: mVisible = true mSurface.isValid() = true
10-17 14:48:26.873 14381 14381 I SurfaceView@551d8ae: updateSurface: mSurfaceCreated = true surfaceChanged = false visibleChanged = false
10-17 14:48:26.873 14381 14381 V SurfaceView@551d8ae: Layout: x=0 y=-884 w=1080 h=525, frame=Rect(0, 0 - 1080, 525)
10-17 14:48:26.884 14381 14463 D SurfaceView@551d8ae: updateSurfacePosition RenderWorker, frameNr = 790, position = [0, -894, 1080, -369] surfaceSize = 1080x525
10-17 14:48:26.884 14381 14463 I SurfaceView@551d8ae: uSP: rtp = Rect(0, -894 - 1080, -369) rtsw = 1080 rtsh = 525
10-17 14:48:26.884 14381 14463 I SurfaceView@551d8ae: onSSPAndSRT: pl = 0 pt = -894 sx = 1.0 sy = 1.0
10-17 14:48:26.884 14381 14463 I SurfaceView@551d8ae: aOrMT: ViewRootImpl@562a9cf[MainActivity] t = android.view.SurfaceControl$Transaction@f894229 fN = 790 android.view.SurfaceView.-$$Nest$mapplyOrMergeTransaction:0 android.view.SurfaceView$SurfaceViewPositionUpdateListener.positionChanged:1537 android.graphics.RenderNode$CompositePositionUpdateListener.positionChanged:373 
10-17 14:48:26.884 14381 14463 I ViewRootImpl@562a9cf[MainActivity]: mWNT: t=0x7b5b272100 mBlastBufferQueue=0x7b443aa800 fn= 790 caller= android.view.SurfaceView.applyOrMergeTransaction:1455 android.view.SurfaceView.-$$Nest$mapplyOrMergeTransaction:0 android.view.SurfaceView$SurfaceViewPositionUpdateListener.positionChanged:1537 
10-17 14:48:26.884 14381 14463 I ViewRootImpl@562a9cf[MainActivity]: mWNT: t=0x7b25328100 mBlastBufferQueue=0x7b443aa800 fn= 790 caller= android.view.ViewRootImpl.lambda$applyTransactionOnDraw$11$android-view-ViewRootImpl:12865 android.view.ViewRootImpl$$ExternalSyntheticLambda1.onFrameDraw:4 android.graphics.HardwareRenderer$FrameDrawingCallback.onFrameDraw:924 
10-17 14:48:26.889 14381 14381 I SurfaceView@551d8ae: Changes: creating=false format=false size=false visible=false alpha=false hint=false mUseAlpha=false visible=false left=false top=true
10-17 14:48:26.889 14381 14381 I SurfaceView@551d8ae: 89249966 Cur surface: Surface(name=null)/@0x734a30a
10-17 14:48:26.889 14381 14381 I SurfaceView@551d8ae: applyTransactionOnVriDraw: vri = ViewRootImpl@562a9cf[MainActivity] fRS = false t = 0x7b25328300 android.view.SurfaceView.performSurfaceTransaction:959 android.view.SurfaceView.updateSurface:1105 android.view.SurfaceView.lambda$new$0$android-view-SurfaceView:200 
10-17 14:48:26.889 14381 14381 I ViewRootImpl@562a9cf[MainActivity]: applyTransactionOnDraw: mRemoved = false isHardwareEnabled = true t = 0x7b25328300android.view.SurfaceView.applyTransactionOnVriDraw:2048 android.view.SurfaceView.performSurfaceTransaction:959 android.view.SurfaceView.updateSurface:1105 android.view.SurfaceView.lambda$new$0$android-view-SurfaceView:200 android.view.SurfaceView$$ExternalSyntheticLambda5.onPreDraw:2 
10-17 14:48:26.890 14381 14381 I SurfaceView@551d8ae: updateSurface: mVisible = true mSurface.isValid() = true
10-17 14:48:26.890 14381 14381 I SurfaceView@551d8ae: updateSurface: mSurfaceCreated = true surfaceChanged = false visibleChanged = false
10-17 14:48:26.890 14381 14381 V SurfaceView@551d8ae: Layout: x=0 y=-894 w=1080 h=525, frame=Rect(0, 0 - 1080, 525)
10-17 14:48:26.901 14381 14461 D SurfaceView@551d8ae: updateSurfacePosition RenderWorker, frameNr = 791, position = [0, -903, 1080, -378] surfaceSize = 1080x525
10-17 14:48:26.901 14381 14461 I SurfaceView@551d8ae: uSP: rtp = Rect(0, -903 - 1080, -378) rtsw = 1080 rtsh = 525
10-17 14:48:26.902 14381 14461 I SurfaceView@551d8ae: onSSPAndSRT: pl = 0 pt = -903 sx = 1.0 sy = 1.0
10-17 14:48:26.902 14381 14461 I SurfaceView@551d8ae: aOrMT: ViewRootImpl@562a9cf[MainActivity] t = android.view.SurfaceControl$Transaction@f894229 fN = 791 android.view.SurfaceView.-$$Nest$mapplyOrMergeTransaction:0 android.view.SurfaceView$SurfaceViewPositionUpdateListener.positionChanged:1537 android.graphics.RenderNode$CompositePositionUpdateListener.positionChanged:373 
10-17 14:48:26.902 14381 14461 I ViewRootImpl@562a9cf[MainActivity]: mWNT: t=0x7b5b272100 mBlastBufferQueue=0x7b443aa800 fn= 791 caller= android.view.SurfaceView.applyOrMergeTransaction:1455 android.view.SurfaceView.-$$Nest$mapplyOrMergeTransaction:0 android.view.SurfaceView$SurfaceViewPositionUpdateListener.positionChanged:1537 
10-17 14:48:26.902 14381 14461 I ViewRootImpl@562a9cf[MainActivity]: mWNT: t=0x7b25328300 mBlastBufferQueue=0x7b443aa800 fn= 791 caller= android.view.ViewRootImpl.lambda$applyTransactionOnDraw$11$android-view-ViewRootImpl:12865 android.view.ViewRootImpl$$ExternalSyntheticLambda1.onFrameDraw:4 android.graphics.HardwareRenderer$FrameDrawingCallback.onFrameDraw:924 
10-17 14:48:26.906 14381 14381 I SurfaceView@551d8ae: Changes: creating=false format=false size=false visible=false alpha=false hint=false mUseAlpha=false visible=false left=false top=true
10-17 14:48:26.906 14381 14381 I SurfaceView@551d8ae: 89249966 Cur surface: Surface(name=null)/@0x734a30a
10-17 14:48:26.906 14381 14381 I SurfaceView@551d8ae: applyTransactionOnVriDraw: vri = ViewRootImpl@562a9cf[MainActivity] fRS = false t = 0x7b25328500 android.view.SurfaceView.performSurfaceTransaction:959 android.view.SurfaceView.updateSurface:1105 android.view.SurfaceView.lambda$new$0$android-view-SurfaceView:200 
10-17 14:48:26.906 14381 14381 I ViewRootImpl@562a9cf[MainActivity]: applyTransactionOnDraw: mRemoved = false isHardwareEnabled = true t = 0x7b25328500android.view.SurfaceView.applyTransactionOnVriDraw:2048 android.view.SurfaceView.performSurfaceTransaction:959 android.view.SurfaceView.updateSurface:1105 android.view.SurfaceView.lambda$new$0$android-view-SurfaceView:200 android.view.SurfaceView$$ExternalSyntheticLambda5.onPreDraw:2 
10-17 14:48:26.907 14381 14381 I SurfaceView@551d8ae: updateSurface: mVisible = true mSurface.isValid() = true
10-17 14:48:26.907 14381 14381 I SurfaceView@551d8ae: updateSurface: mSurfaceCreated = true surfaceChanged = false visibleChanged = false
10-17 14:48:26.907 14381 14381 V SurfaceView@551d8ae: Layout: x=0 y=-903 w=1080 h=525, frame=Rect(0, 0 - 1080, 525)
10-17 14:48:26.919 14381 14463 D SurfaceView@551d8ae: updateSurfacePosition RenderWorker, frameNr = 792, position = [0, -912, 1080, -387] surfaceSize = 1080x525
10-17 14:48:26.919 14381 14463 I SurfaceView@551d8ae: uSP: rtp = Rect(0, -912 - 1080, -387) rtsw = 1080 rtsh = 525
10-17 14:48:26.919 14381 14463 I SurfaceView@551d8ae: onSSPAndSRT: pl = 0 pt = -912 sx = 1.0 sy = 1.0
10-17 14:48:26.919 14381 14463 I SurfaceView@551d8ae: aOrMT: ViewRootImpl@562a9cf[MainActivity] t = android.view.SurfaceControl$Transaction@f894229 fN = 792 android.view.SurfaceView.-$$Nest$mapplyOrMergeTransaction:0 android.view.SurfaceView$SurfaceViewPositionUpdateListener.positionChanged:1537 android.graphics.RenderNode$CompositePositionUpdateListener.positionChanged:373 
10-17 14:48:26.920 14381 14463 I ViewRootImpl@562a9cf[MainActivity]: mWNT: t=0x7b5b272100 mBlastBufferQueue=0x7b443aa800 fn= 792 caller= android.view.SurfaceView.applyOrMergeTransaction:1455 android.view.SurfaceView.-$$Nest$mapplyOrMergeTransaction:0 android.view.SurfaceView$SurfaceViewPositionUpdateListener.positionChanged:1537 
10-17 14:48:26.920 14381 14463 I ViewRootImpl@562a9cf[MainActivity]: mWNT: t=0x7b25328500 mBlastBufferQueue=0x7b443aa800 fn= 792 caller= android.view.ViewRootImpl.lambda$applyTransactionOnDraw$11$android-view-ViewRootImpl:12865 android.view.ViewRootImpl$$ExternalSyntheticLambda1.onFrameDraw:4 android.graphics.HardwareRenderer$FrameDrawingCallback.onFrameDraw:924 
10-17 14:48:26.922 14381 14381 I SurfaceView@551d8ae: Changes: creating=false format=false size=false visible=false alpha=false hint=false mUseAlpha=false visible=false left=false top=true
10-17 14:48:26.922 14381 14381 I SurfaceView@551d8ae: 89249966 Cur surface: Surface(name=null)/@0x734a30a
10-17 14:48:26.923 14381 14381 I SurfaceView@551d8ae: applyTransactionOnVriDraw: vri = ViewRootImpl@562a9cf[MainActivity] fRS = false t = 0x7b25328700 android.view.SurfaceView.performSurfaceTransaction:959 android.view.SurfaceView.updateSurface:1105 android.view.SurfaceView.lambda$new$0$android-view-SurfaceView:200 
10-17 14:48:26.923 14381 14381 I ViewRootImpl@562a9cf[MainActivity]: applyTransactionOnDraw: mRemoved = false isHardwareEnabled = true t = 0x7b25328700android.view.SurfaceView.applyTransactionOnVriDraw:2048 android.view.SurfaceView.performSurfaceTransaction:959 android.view.SurfaceView.updateSurface:1105 android.view.SurfaceView.lambda$new$0$android-view-SurfaceView:200 android.view.SurfaceView$$ExternalSyntheticLambda5.onPreDraw:2 
10-17 14:48:26.923 14381 14381 I SurfaceView@551d8ae: updateSurface: mVisible = true mSurface.isValid() = true
10-17 14:48:26.923 14381 14381 I SurfaceView@551d8ae: updateSurface: mSurfaceCreated = true surfaceChanged = false visibleChanged = false
10-17 14:48:26.923 14381 14381 V SurfaceView@551d8ae: Layout: x=0 y=-912 w=1080 h=525, frame=Rect(0, 0 - 1080, 525)
10-17 14:48:26.935 14381 14461 D SurfaceView@551d8ae: updateSurfacePosition RenderWorker, frameNr = 793, position = [0, -920, 1080, -395] surfaceSize = 1080x525
10-17 14:48:26.935 14381 14461 I SurfaceView@551d8ae: uSP: rtp = Rect(0, -920 - 1080, -395) rtsw = 1080 rtsh = 525
10-17 14:48:26.935 14381 14461 I SurfaceView@551d8ae: onSSPAndSRT: pl = 0 pt = -920 sx = 1.0 sy = 1.0
10-17 14:48:26.936 14381 14461 I SurfaceView@551d8ae: aOrMT: ViewRootImpl@562a9cf[MainActivity] t = android.view.SurfaceControl$Transaction@f894229 fN = 793 android.view.SurfaceView.-$$Nest$mapplyOrMergeTransaction:0 android.view.SurfaceView$SurfaceViewPositionUpdateListener.positionChanged:1537 android.graphics.RenderNode$CompositePositionUpdateListener.positionChanged:373 
10-17 14:48:26.936 14381 14461 I ViewRootImpl@562a9cf[MainActivity]: mWNT: t=0x7b5b272100 mBlastBufferQueue=0x7b443aa800 fn= 793 caller= android.view.SurfaceView.applyOrMergeTransaction:1455 android.view.SurfaceView.-$$Nest$mapplyOrMergeTransaction:0 android.view.SurfaceView$SurfaceViewPositionUpdateListener.positionChanged:1537 
10-17 14:48:26.936 14381 14461 I ViewRootImpl@562a9cf[MainActivity]: mWNT: t=0x7b25328700 mBlastBufferQueue=0x7b443aa800 fn= 793 caller= android.view.ViewRootImpl.lambda$applyTransactionOnDraw$11$android-view-ViewRootImpl:12865 android.view.ViewRootImpl$$ExternalSyntheticLambda1.onFrameDraw:4 android.graphics.HardwareRenderer$FrameDrawingCallback.onFrameDraw:924 
10-17 14:48:26.939 14381 14381 I SurfaceView@551d8ae: Changes: creating=false format=false size=false visible=false alpha=false hint=false mUseAlpha=false visible=false left=false top=true
10-17 14:48:26.939 14381 14381 I SurfaceView@551d8ae: 89249966 Cur surface: Surface(name=null)/@0x734a30a
10-17 14:48:26.939 14381 14381 I SurfaceView@551d8ae: applyTransactionOnVriDraw: vri = ViewRootImpl@562a9cf[MainActivity] fRS = false t = 0x7b25328a00 android.view.SurfaceView.performSurfaceTransaction:959 android.view.SurfaceView.updateSurface:1105 android.view.SurfaceView.lambda$new$0$android-view-SurfaceView:200 
10-17 14:48:26.940 14381 14381 I ViewRootImpl@562a9cf[MainActivity]: applyTransactionOnDraw: mRemoved = false isHardwareEnabled = true t = 0x7b25328a00android.view.SurfaceView.applyTransactionOnVriDraw:2048 android.view.SurfaceView.performSurfaceTransaction:959 android.view.SurfaceView.updateSurface:1105 android.view.SurfaceView.lambda$new$0$android-view-SurfaceView:200 android.view.SurfaceView$$ExternalSyntheticLambda5.onPreDraw:2 
10-17 14:48:26.940 14381 14381 I SurfaceView@551d8ae: updateSurface: mVisible = true mSurface.isValid() = true
10-17 14:48:26.940 14381 14381 I SurfaceView@551d8ae: updateSurface: mSurfaceCreated = true surfaceChanged = false visibleChanged = false
10-17 14:48:26.940 14381 14381 V SurfaceView@551d8ae: Layout: x=0 y=-920 w=1080 h=525, frame=Rect(0, 0 - 1080, 525)
10-17 14:48:26.954 14381 14463 D SurfaceView@551d8ae: updateSurfacePosition RenderWorker, frameNr = 794, position = [0, -929, 1080, -404] surfaceSize = 1080x525
10-17 14:48:26.954 14381 14463 I SurfaceView@551d8ae: uSP: rtp = Rect(0, -929 - 1080, -404) rtsw = 1080 rtsh = 525
10-17 14:48:26.954 14381 14463 I SurfaceView@551d8ae: onSSPAndSRT: pl = 0 pt = -929 sx = 1.0 sy = 1.0
10-17 14:48:26.955 14381 14463 I SurfaceView@551d8ae: aOrMT: ViewRootImpl@562a9cf[MainActivity] t = android.view.SurfaceControl$Transaction@f894229 fN = 794 android.view.SurfaceView.-$$Nest$mapplyOrMergeTransaction:0 android.view.SurfaceView$SurfaceViewPositionUpdateListener.positionChanged:1537 android.graphics.RenderNode$CompositePositionUpdateListener.positionChanged:373 
10-17 14:48:26.955 14381 14463 I ViewRootImpl@562a9cf[MainActivity]: mWNT: t=0x7b5b272100 mBlastBufferQueue=0x7b443aa800 fn= 794 caller= android.view.SurfaceView.applyOrMergeTransaction:1455 android.view.SurfaceView.-$$Nest$mapplyOrMergeTransaction:0 android.view.SurfaceView$SurfaceViewPositionUpdateListener.positionChanged:1537 
10-17 14:48:26.955 14381 14463 I ViewRootImpl@562a9cf[MainActivity]: mWNT: t=0x7b25328a00 mBlastBufferQueue=0x7b443aa800 fn= 794 caller= android.view.ViewRootImpl.lambda$applyTransactionOnDraw$11$android-view-ViewRootImpl:12865 android.view.ViewRootImpl$$ExternalSyntheticLambda1.onFrameDraw:4 android.graphics.HardwareRenderer$FrameDrawingCallback.onFrameDraw:924 
10-17 14:48:26.956 14381 14381 I SurfaceView@551d8ae: Changes: creating=false format=false size=false visible=false alpha=false hint=false mUseAlpha=false visible=false left=false top=true
10-17 14:48:26.956 14381 14381 I SurfaceView@551d8ae: 89249966 Cur surface: Surface(name=null)/@0x734a30a
10-17 14:48:26.956 14381 14381 I SurfaceView@551d8ae: applyTransactionOnVriDraw: vri = ViewRootImpl@562a9cf[MainActivity] fRS = false t = 0x7b25328e00 android.view.SurfaceView.performSurfaceTransaction:959 android.view.SurfaceView.updateSurface:1105 android.view.SurfaceView.lambda$new$0$android-view-SurfaceView:200 
10-17 14:48:26.957 14381 14381 I ViewRootImpl@562a9cf[MainActivity]: applyTransactionOnDraw: mRemoved = false isHardwareEnabled = true t = 0x7b25328e00android.view.SurfaceView.applyTransactionOnVriDraw:2048 android.view.SurfaceView.performSurfaceTransaction:959 android.view.SurfaceView.updateSurface:1105 android.view.SurfaceView.lambda$new$0$android-view-SurfaceView:200 android.view.SurfaceView$$ExternalSyntheticLambda5.onPreDraw:2 
10-17 14:48:26.957 14381 14381 I SurfaceView@551d8ae: updateSurface: mVisible = true mSurface.isValid() = true
10-17 14:48:26.957 14381 14381 I SurfaceView@551d8ae: updateSurface: mSurfaceCreated = true surfaceChanged = false visibleChanged = false
10-17 14:48:26.957 14381 14381 V SurfaceView@551d8ae: Layout: x=0 y=-929 w=1080 h=525, frame=Rect(0, 0 - 1080, 525)
10-17 14:48:26.971 14381 14461 D SurfaceView@551d8ae: updateSurfacePosition RenderWorker, frameNr = 795, position = [0, -936, 1080, -411] surfaceSize = 1080x525
10-17 14:48:26.971 14381 14461 I SurfaceView@551d8ae: uSP: rtp = Rect(0, -936 - 1080, -411) rtsw = 1080 rtsh = 525
10-17 14:48:26.971 14381 14461 I SurfaceView@551d8ae: onSSPAndSRT: pl = 0 pt = -936 sx = 1.0 sy = 1.0
10-17 14:48:26.971 14381 14461 I SurfaceView@551d8ae: aOrMT: ViewRootImpl@562a9cf[MainActivity] t = android.view.SurfaceControl$Transaction@f894229 fN = 795 android.view.SurfaceView.-$$Nest$mapplyOrMergeTransaction:0 android.view.SurfaceView$SurfaceViewPositionUpdateListener.positionChanged:1537 android.graphics.RenderNode$CompositePositionUpdateListener.positionChanged:373 
10-17 14:48:26.971 14381 14461 I ViewRootImpl@562a9cf[MainActivity]: mWNT: t=0x7b5b272100 mBlastBufferQueue=0x7b443aa800 fn= 795 caller= android.view.SurfaceView.applyOrMergeTransaction:1455 android.view.SurfaceView.-$$Nest$mapplyOrMergeTransaction:0 android.view.SurfaceView$SurfaceViewPositionUpdateListener.positionChanged:1537 
10-17 14:48:26.971 14381 14461 I ViewRootImpl@562a9cf[MainActivity]: mWNT: t=0x7b25328e00 mBlastBufferQueue=0x7b443aa800 fn= 795 caller= android.view.ViewRootImpl.lambda$applyTransactionOnDraw$11$android-view-ViewRootImpl:12865 android.view.ViewRootImpl$$ExternalSyntheticLambda1.onFrameDraw:4 android.graphics.HardwareRenderer$FrameDrawingCallback.onFrameDraw:924 
10-17 14:48:26.972 14381 14381 I SurfaceView@551d8ae: Changes: creating=false format=false size=false visible=false alpha=false hint=false mUseAlpha=false visible=false left=false top=true
10-17 14:48:26.973 14381 14381 I SurfaceView@551d8ae: 89249966 Cur surface: Surface(name=null)/@0x734a30a
10-17 14:48:26.973 14381 14381 I SurfaceView@551d8ae: applyTransactionOnVriDraw: vri = ViewRootImpl@562a9cf[MainActivity] fRS = false t = 0x7b25381600 android.view.SurfaceView.performSurfaceTransaction:959 android.view.SurfaceView.updateSurface:1105 android.view.SurfaceView.lambda$new$0$android-view-SurfaceView:200 
10-17 14:48:26.973 14381 14381 I ViewRootImpl@562a9cf[MainActivity]: applyTransactionOnDraw: mRemoved = false isHardwareEnabled = true t = 0x7b25381600android.view.SurfaceView.applyTransactionOnVriDraw:2048 android.view.SurfaceView.performSurfaceTransaction:959 android.view.SurfaceView.updateSurface:1105 android.view.SurfaceView.lambda$new$0$android-view-SurfaceView:200 android.view.SurfaceView$$ExternalSyntheticLambda5.onPreDraw:2 
10-17 14:48:26.973 14381 14381 I SurfaceView@551d8ae: updateSurface: mVisible = true mSurface.isValid() = true
10-17 14:48:26.973 14381 14381 I SurfaceView@551d8ae: updateSurface: mSurfaceCreated = true surfaceChanged = false visibleChanged = false
10-17 14:48:26.973 14381 14381 V SurfaceView@551d8ae: Layout: x=0 y=-936 w=1080 h=525, frame=Rect(0, 0 - 1080, 525)
10-17 14:48:26.985 14381 14463 D SurfaceView@551d8ae: updateSurfacePosition RenderWorker, frameNr = 796, position = [0, -944, 1080, -419] surfaceSize = 1080x525
10-17 14:48:26.985 14381 14463 I SurfaceView@551d8ae: uSP: rtp = Rect(0, -944 - 1080, -419) rtsw = 1080 rtsh = 525
10-17 14:48:26.985 14381 14463 I SurfaceView@551d8ae: onSSPAndSRT: pl = 0 pt = -944 sx = 1.0 sy = 1.0
10-17 14:48:26.986 14381 14463 I SurfaceView@551d8ae: aOrMT: ViewRootImpl@562a9cf[MainActivity] t = android.view.SurfaceControl$Transaction@f894229 fN = 796 android.view.SurfaceView.-$$Nest$mapplyOrMergeTransaction:0 android.view.SurfaceView$SurfaceViewPositionUpdateListener.positionChanged:1537 android.graphics.RenderNode$CompositePositionUpdateListener.positionChanged:373 
10-17 14:48:26.986 14381 14463 I ViewRootImpl@562a9cf[MainActivity]: mWNT: t=0x7b5b272100 mBlastBufferQueue=0x7b443aa800 fn= 796 caller= android.view.SurfaceView.applyOrMergeTransaction:1455 android.view.SurfaceView.-$$Nest$mapplyOrMergeTransaction:0 android.view.SurfaceView$SurfaceViewPositionUpdateListener.positionChanged:1537 
10-17 14:48:26.986 14381 14463 I ViewRootImpl@562a9cf[MainActivity]: mWNT: t=0x7b25381600 mBlastBufferQueue=0x7b443aa800 fn= 796 caller= android.view.ViewRootImpl.lambda$applyTransactionOnDraw$11$android-view-ViewRootImpl:12865 android.view.ViewRootImpl$$ExternalSyntheticLambda1.onFrameDraw:4 android.graphics.HardwareRenderer$FrameDrawingCallback.onFrameDraw:924 
10-17 14:48:26.989 14381 14381 I SurfaceView@551d8ae: Changes: creating=false format=false size=false visible=false alpha=false hint=false mUseAlpha=false visible=false left=false top=true
10-17 14:48:26.989 14381 14381 I SurfaceView@551d8ae: 89249966 Cur surface: Surface(name=null)/@0x734a30a
10-17 14:48:26.989 14381 14381 I SurfaceView@551d8ae: applyTransactionOnVriDraw: vri = ViewRootImpl@562a9cf[MainActivity] fRS = false t = 0x7b253c6a00 android.view.SurfaceView.performSurfaceTransaction:959 android.view.SurfaceView.updateSurface:1105 android.view.SurfaceView.lambda$new$0$android-view-SurfaceView:200 
10-17 14:48:26.989 14381 14381 I ViewRootImpl@562a9cf[MainActivity]: applyTransactionOnDraw: mRemoved = false isHardwareEnabled = true t = 0x7b253c6a00android.view.SurfaceView.applyTransactionOnVriDraw:2048 android.view.SurfaceView.performSurfaceTransaction:959 android.view.SurfaceView.updateSurface:1105 android.view.SurfaceView.lambda$new$0$android-view-SurfaceView:200 android.view.SurfaceView$$ExternalSyntheticLambda5.onPreDraw:2 
10-17 14:48:26.990 14381 14381 I SurfaceView@551d8ae: updateSurface: mVisible = true mSurface.isValid() = true
10-17 14:48:26.990 14381 14381 I SurfaceView@551d8ae: updateSurface: mSurfaceCreated = true surfaceChanged = false visibleChanged = false
10-17 14:48:26.990 14381 14381 V SurfaceView@551d8ae: Layout: x=0 y=-944 w=1080 h=525, frame=Rect(0, 0 - 1080, 525)
10-17 14:48:27.002 14381 14461 D SurfaceView@551d8ae: updateSurfacePosition RenderWorker, frameNr = 797, position = [0, -950, 1080, -425] surfaceSize = 1080x525
10-17 14:48:27.002 14381 14461 I SurfaceView@551d8ae: uSP: rtp = Rect(0, -950 - 1080, -425) rtsw = 1080 rtsh = 525
10-17 14:48:27.002 14381 14461 I SurfaceView@551d8ae: onSSPAndSRT: pl = 0 pt = -950 sx = 1.0 sy = 1.0
10-17 14:48:27.002 14381 14461 I SurfaceView@551d8ae: aOrMT: ViewRootImpl@562a9cf[MainActivity] t = android.view.SurfaceControl$Transaction@f894229 fN = 797 android.view.SurfaceView.-$$Nest$mapplyOrMergeTransaction:0 android.view.SurfaceView$SurfaceViewPositionUpdateListener.positionChanged:1537 android.graphics.RenderNode$CompositePositionUpdateListener.positionChanged:373 
10-17 14:48:27.003 14381 14461 I ViewRootImpl@562a9cf[MainActivity]: mWNT: t=0x7b5b272100 mBlastBufferQueue=0x7b443aa800 fn= 797 caller= android.view.SurfaceView.applyOrMergeTransaction:1455 android.view.SurfaceView.-$$Nest$mapplyOrMergeTransaction:0 android.view.SurfaceView$SurfaceViewPositionUpdateListener.positionChanged:1537 
10-17 14:48:27.003 14381 14461 I ViewRootImpl@562a9cf[MainActivity]: mWNT: t=0x7b253c6a00 mBlastBufferQueue=0x7b443aa800 fn= 797 caller= android.view.ViewRootImpl.lambda$applyTransactionOnDraw$11$android-view-ViewRootImpl:12865 android.view.ViewRootImpl$$ExternalSyntheticLambda1.onFrameDraw:4 android.graphics.HardwareRenderer$FrameDrawingCallback.onFrameDraw:924 
10-17 14:48:27.005 14381 14381 I SurfaceView@551d8ae: Changes: creating=false format=false size=false visible=false alpha=false hint=false mUseAlpha=false visible=false left=false top=true
10-17 14:48:27.006 14381 14381 I SurfaceView@551d8ae: 89249966 Cur surface: Surface(name=null)/@0x734a30a
10-17 14:48:27.006 14381 14381 I SurfaceView@551d8ae: applyTransactionOnVriDraw: vri = ViewRootImpl@562a9cf[MainActivity] fRS = false t = 0x7b253c6c00 android.view.SurfaceView.performSurfaceTransaction:959 android.view.SurfaceView.updateSurface:1105 android.view.SurfaceView.lambda$new$0$android-view-SurfaceView:200 
10-17 14:48:27.006 14381 14381 I ViewRootImpl@562a9cf[MainActivity]: applyTransactionOnDraw: mRemoved = false isHardwareEnabled = true t = 0x7b253c6c00android.view.SurfaceView.applyTransactionOnVriDraw:2048 android.view.SurfaceView.performSurfaceTransaction:959 android.view.SurfaceView.updateSurface:1105 android.view.SurfaceView.lambda$new$0$android-view-SurfaceView:200 android.view.SurfaceView$$ExternalSyntheticLambda5.onPreDraw:2 
10-17 14:48:27.006 14381 14381 I SurfaceView@551d8ae: updateSurface: mVisible = true mSurface.isValid() = true
10-17 14:48:27.006 14381 14381 I SurfaceView@551d8ae: updateSurface: mSurfaceCreated = true surfaceChanged = false visibleChanged = false
10-17 14:48:27.007 14381 14381 V SurfaceView@551d8ae: Layout: x=0 y=-950 w=1080 h=525, frame=Rect(0, 0 - 1080, 525)
10-17 14:48:27.019 14381 14463 D SurfaceView@551d8ae: updateSurfacePosition RenderWorker, frameNr = 798, position = [0, -957, 1080, -432] surfaceSize = 1080x525
10-17 14:48:27.019 14381 14463 I SurfaceView@551d8ae: uSP: rtp = Rect(0, -957 - 1080, -432) rtsw = 1080 rtsh = 525
10-17 14:48:27.019 14381 14463 I SurfaceView@551d8ae: onSSPAndSRT: pl = 0 pt = -957 sx = 1.0 sy = 1.0
10-17 14:48:27.019 14381 14463 I SurfaceView@551d8ae: aOrMT: ViewRootImpl@562a9cf[MainActivity] t = android.view.SurfaceControl$Transaction@f894229 fN = 798 android.view.SurfaceView.-$$Nest$mapplyOrMergeTransaction:0 android.view.SurfaceView$SurfaceViewPositionUpdateListener.positionChanged:1537 android.graphics.RenderNode$CompositePositionUpdateListener.positionChanged:373 
10-17 14:48:27.019 14381 14463 I ViewRootImpl@562a9cf[MainActivity]: mWNT: t=0x7b5b272100 mBlastBufferQueue=0x7b443aa800 fn= 798 caller= android.view.SurfaceView.applyOrMergeTransaction:1455 android.view.SurfaceView.-$$Nest$mapplyOrMergeTransaction:0 android.view.SurfaceView$SurfaceViewPositionUpdateListener.positionChanged:1537 
10-17 14:48:27.020 14381 14463 I ViewRootImpl@562a9cf[MainActivity]: mWNT: t=0x7b253c6c00 mBlastBufferQueue=0x7b443aa800 fn= 798 caller= android.view.ViewRootImpl.lambda$applyTransactionOnDraw$11$android-view-ViewRootImpl:12865 android.view.ViewRootImpl$$ExternalSyntheticLambda1.onFrameDraw:4 android.graphics.HardwareRenderer$FrameDrawingCallback.onFrameDraw:924 
10-17 14:48:27.022 14381 14381 I SurfaceView@551d8ae: Changes: creating=false format=false size=false visible=false alpha=false hint=false mUseAlpha=false visible=false left=false top=true
10-17 14:48:27.022 14381 14381 I SurfaceView@551d8ae: 89249966 Cur surface: Surface(name=null)/@0x734a30a
10-17 14:48:27.022 14381 14381 I SurfaceView@551d8ae: applyTransactionOnVriDraw: vri = ViewRootImpl@562a9cf[MainActivity] fRS = false t = 0x7b253c6e00 android.view.SurfaceView.performSurfaceTransaction:959 android.view.SurfaceView.updateSurface:1105 android.view.SurfaceView.lambda$new$0$android-view-SurfaceView:200 
10-17 14:48:27.023 14381 14381 I ViewRootImpl@562a9cf[MainActivity]: applyTransactionOnDraw: mRemoved = false isHardwareEnabled = true t = 0x7b253c6e00android.view.SurfaceView.applyTransactionOnVriDraw:2048 android.view.SurfaceView.performSurfaceTransaction:959 android.view.SurfaceView.updateSurface:1105 android.view.SurfaceView.lambda$new$0$android-view-SurfaceView:200 android.view.SurfaceView$$ExternalSyntheticLambda5.onPreDraw:2 
10-17 14:48:27.023 14381 14381 I SurfaceView@551d8ae: updateSurface: mVisible = true mSurface.isValid() = true
10-17 14:48:27.023 14381 14381 I SurfaceView@551d8ae: updateSurface: mSurfaceCreated = true surfaceChanged = false visibleChanged = false
10-17 14:48:27.023 14381 14381 V SurfaceView@551d8ae: Layout: x=0 y=-957 w=1080 h=525, frame=Rect(0, 0 - 1080, 525)
10-17 14:48:27.035 14381 14461 D SurfaceView@551d8ae: updateSurfacePosition RenderWorker, frameNr = 799, position = [0, -964, 1080, -439] surfaceSize = 1080x525
10-17 14:48:27.035 14381 14461 I SurfaceView@551d8ae: uSP: rtp = Rect(0, -964 - 1080, -439) rtsw = 1080 rtsh = 525
10-17 14:48:27.035 14381 14461 I SurfaceView@551d8ae: onSSPAndSRT: pl = 0 pt = -964 sx = 1.0 sy = 1.0
10-17 14:48:27.035 14381 14461 I SurfaceView@551d8ae: aOrMT: ViewRootImpl@562a9cf[MainActivity] t = android.view.SurfaceControl$Transaction@f894229 fN = 799 android.view.SurfaceView.-$$Nest$mapplyOrMergeTransaction:0 android.view.SurfaceView$SurfaceViewPositionUpdateListener.positionChanged:1537 android.graphics.RenderNode$CompositePositionUpdateListener.positionChanged:373 
10-17 14:48:27.036 14381 14461 I ViewRootImpl@562a9cf[MainActivity]: mWNT: t=0x7b5b272100 mBlastBufferQueue=0x7b443aa800 fn= 799 caller= android.view.SurfaceView.applyOrMergeTransaction:1455 android.view.SurfaceView.-$$Nest$mapplyOrMergeTransaction:0 android.view.SurfaceView$SurfaceViewPositionUpdateListener.positionChanged:1537 
10-17 14:48:27.036 14381 14461 I ViewRootImpl@562a9cf[MainActivity]: mWNT: t=0x7b253c6e00 mBlastBufferQueue=0x7b443aa800 fn= 799 caller= android.view.ViewRootImpl.lambda$applyTransactionOnDraw$11$android-view-ViewRootImpl:12865 android.view.ViewRootImpl$$ExternalSyntheticLambda1.onFrameDraw:4 android.graphics.HardwareRenderer$FrameDrawingCallback.onFrameDraw:924 
10-17 14:48:27.039 14381 14381 I SurfaceView@551d8ae: Changes: creating=false format=false size=false visible=false alpha=false hint=false mUseAlpha=false visible=false left=false top=true
10-17 14:48:27.039 14381 14381 I SurfaceView@551d8ae: 89249966 Cur surface: Surface(name=null)/@0x734a30a
10-17 14:48:27.039 14381 14381 I SurfaceView@551d8ae: applyTransactionOnVriDraw: vri = ViewRootImpl@562a9cf[MainActivity] fRS = false t = 0x7b253d9900 android.view.SurfaceView.performSurfaceTransaction:959 android.view.SurfaceView.updateSurface:1105 android.view.SurfaceView.lambda$new$0$android-view-SurfaceView:200 
10-17 14:48:27.040 14381 14381 I ViewRootImpl@562a9cf[MainActivity]: applyTransactionOnDraw: mRemoved = false isHardwareEnabled = true t = 0x7b253d9900android.view.SurfaceView.applyTransactionOnVriDraw:2048 android.view.SurfaceView.performSurfaceTransaction:959 android.view.SurfaceView.updateSurface:1105 android.view.SurfaceView.lambda$new$0$android-view-SurfaceView:200 android.view.SurfaceView$$ExternalSyntheticLambda5.onPreDraw:2 
10-17 14:48:27.040 14381 14381 I SurfaceView@551d8ae: updateSurface: mVisible = true mSurface.isValid() = true
10-17 14:48:27.040 14381 14381 I SurfaceView@551d8ae: updateSurface: mSurfaceCreated = true surfaceChanged = false visibleChanged = false
10-17 14:48:27.040 14381 14381 V SurfaceView@551d8ae: Layout: x=0 y=-964 w=1080 h=525, frame=Rect(0, 0 - 1080, 525)
10-17 14:48:27.052 14381 14463 D SurfaceView@551d8ae: updateSurfacePosition RenderWorker, frameNr = 800, position = [0, -970, 1080, -445] surfaceSize = 1080x525
10-17 14:48:27.052 14381 14463 I SurfaceView@551d8ae: uSP: rtp = Rect(0, -970 - 1080, -445) rtsw = 1080 rtsh = 525
10-17 14:48:27.052 14381 14463 I SurfaceView@551d8ae: onSSPAndSRT: pl = 0 pt = -970 sx = 1.0 sy = 1.0
10-17 14:48:27.052 14381 14463 I SurfaceView@551d8ae: aOrMT: ViewRootImpl@562a9cf[MainActivity] t = android.view.SurfaceControl$Transaction@f894229 fN = 800 android.view.SurfaceView.-$$Nest$mapplyOrMergeTransaction:0 android.view.SurfaceView$SurfaceViewPositionUpdateListener.positionChanged:1537 android.graphics.RenderNode$CompositePositionUpdateListener.positionChanged:373 
10-17 14:48:27.052 14381 14463 I ViewRootImpl@562a9cf[MainActivity]: mWNT: t=0x7b5b272100 mBlastBufferQueue=0x7b443aa800 fn= 800 caller= android.view.SurfaceView.applyOrMergeTransaction:1455 android.view.SurfaceView.-$$Nest$mapplyOrMergeTransaction:0 android.view.SurfaceView$SurfaceViewPositionUpdateListener.positionChanged:1537 
10-17 14:48:27.052 14381 14463 I ViewRootImpl@562a9cf[MainActivity]: mWNT: t=0x7b253d9900 mBlastBufferQueue=0x7b443aa800 fn= 800 caller= android.view.ViewRootImpl.lambda$applyTransactionOnDraw$11$android-view-ViewRootImpl:12865 android.view.ViewRootImpl$$ExternalSyntheticLambda1.onFrameDraw:4 android.graphics.HardwareRenderer$FrameDrawingCallback.onFrameDraw:924 
10-17 14:48:27.055 14381 14381 I SurfaceView@551d8ae: Changes: creating=false format=false size=false visible=false alpha=false hint=false mUseAlpha=false visible=false left=false top=true
10-17 14:48:27.056 14381 14381 I SurfaceView@551d8ae: 89249966 Cur surface: Surface(name=null)/@0x734a30a
10-17 14:48:27.056 14381 14381 I SurfaceView@551d8ae: applyTransactionOnVriDraw: vri = ViewRootImpl@562a9cf[MainActivity] fRS = false t = 0x7b18ac5900 android.view.SurfaceView.performSurfaceTransaction:959 android.view.SurfaceView.updateSurface:1105 android.view.SurfaceView.lambda$new$0$android-view-SurfaceView:200 
10-17 14:48:27.056 14381 14381 I ViewRootImpl@562a9cf[MainActivity]: applyTransactionOnDraw: mRemoved = false isHardwareEnabled = true t = 0x7b18ac5900android.view.SurfaceView.applyTransactionOnVriDraw:2048 android.view.SurfaceView.performSurfaceTransaction:959 android.view.SurfaceView.updateSurface:1105 android.view.SurfaceView.lambda$new$0$android-view-SurfaceView:200 android.view.SurfaceView$$ExternalSyntheticLambda5.onPreDraw:2 
10-17 14:48:27.056 14381 14381 I SurfaceView@551d8ae: updateSurface: mVisible = true mSurface.isValid() = true
10-17 14:48:27.056 14381 14381 I SurfaceView@551d8ae: updateSurface: mSurfaceCreated = true surfaceChanged = false visibleChanged = false
10-17 14:48:27.057 14381 14381 V SurfaceView@551d8ae: Layout: x=0 y=-970 w=1080 h=525, frame=Rect(0, 0 - 1080, 525)
10-17 14:48:27.069 14381 14461 D SurfaceView@551d8ae: updateSurfacePosition RenderWorker, frameNr = 801, position = [0, -976, 1080, -451] surfaceSize = 1080x525
10-17 14:48:27.069 14381 14461 I SurfaceView@551d8ae: uSP: rtp = Rect(0, -976 - 1080, -451) rtsw = 1080 rtsh = 525
10-17 14:48:27.069 14381 14461 I SurfaceView@551d8ae: onSSPAndSRT: pl = 0 pt = -976 sx = 1.0 sy = 1.0
10-17 14:48:27.069 14381 14461 I SurfaceView@551d8ae: aOrMT: ViewRootImpl@562a9cf[MainActivity] t = android.view.SurfaceControl$Transaction@f894229 fN = 801 android.view.SurfaceView.-$$Nest$mapplyOrMergeTransaction:0 android.view.SurfaceView$SurfaceViewPositionUpdateListener.positionChanged:1537 android.graphics.RenderNode$CompositePositionUpdateListener.positionChanged:373 
10-17 14:48:27.070 14381 14461 I ViewRootImpl@562a9cf[MainActivity]: mWNT: t=0x7b5b272100 mBlastBufferQueue=0x7b443aa800 fn= 801 caller= android.view.SurfaceView.applyOrMergeTransaction:1455 android.view.SurfaceView.-$$Nest$mapplyOrMergeTransaction:0 android.view.SurfaceView$SurfaceViewPositionUpdateListener.positionChanged:1537 
10-17 14:48:27.070 14381 14461 I ViewRootImpl@562a9cf[MainActivity]: mWNT: t=0x7b18ac5900 mBlastBufferQueue=0x7b443aa800 fn= 801 caller= android.view.ViewRootImpl.lambda$applyTransactionOnDraw$11$android-view-ViewRootImpl:12865 android.view.ViewRootImpl$$ExternalSyntheticLambda1.onFrameDraw:4 android.graphics.HardwareRenderer$FrameDrawingCallback.onFrameDraw:924 
10-17 14:48:27.072 14381 14381 I SurfaceView@551d8ae: Changes: creating=false format=false size=false visible=false alpha=false hint=false mUseAlpha=false visible=false left=false top=true
10-17 14:48:27.072 14381 14381 I SurfaceView@551d8ae: 89249966 Cur surface: Surface(name=null)/@0x734a30a
10-17 14:48:27.073 14381 14381 I SurfaceView@551d8ae: applyTransactionOnVriDraw: vri = ViewRootImpl@562a9cf[MainActivity] fRS = false t = 0x7b18afe300 android.view.SurfaceView.performSurfaceTransaction:959 android.view.SurfaceView.updateSurface:1105 android.view.SurfaceView.lambda$new$0$android-view-SurfaceView:200 
10-17 14:48:27.073 14381 14381 I ViewRootImpl@562a9cf[MainActivity]: applyTransactionOnDraw: mRemoved = false isHardwareEnabled = true t = 0x7b18afe300android.view.SurfaceView.applyTransactionOnVriDraw:2048 android.view.SurfaceView.performSurfaceTransaction:959 android.view.SurfaceView.updateSurface:1105 android.view.SurfaceView.lambda$new$0$android-view-SurfaceView:200 android.view.SurfaceView$$ExternalSyntheticLambda5.onPreDraw:2 
10-17 14:48:27.073 14381 14381 I SurfaceView@551d8ae: updateSurface: mVisible = true mSurface.isValid() = true
10-17 14:48:27.073 14381 14381 I SurfaceView@551d8ae: updateSurface: mSurfaceCreated = true surfaceChanged = false visibleChanged = false
10-17 14:48:27.073 14381 14381 V SurfaceView@551d8ae: Layout: x=0 y=-976 w=1080 h=525, frame=Rect(0, 0 - 1080, 525)
10-17 14:48:27.085 14381 14463 D SurfaceView@551d8ae: updateSurfacePosition RenderWorker, frameNr = 802, position = [0, -982, 1080, -457] surfaceSize = 1080x525
10-17 14:48:27.086 14381 14463 I SurfaceView@551d8ae: uSP: rtp = Rect(0, -982 - 1080, -457) rtsw = 1080 rtsh = 525
10-17 14:48:27.086 14381 14463 I SurfaceView@551d8ae: onSSPAndSRT: pl = 0 pt = -982 sx = 1.0 sy = 1.0
10-17 14:48:27.086 14381 14463 I SurfaceView@551d8ae: aOrMT: ViewRootImpl@562a9cf[MainActivity] t = android.view.SurfaceControl$Transaction@f894229 fN = 802 android.view.SurfaceView.-$$Nest$mapplyOrMergeTransaction:0 android.view.SurfaceView$SurfaceViewPositionUpdateListener.positionChanged:1537 android.graphics.RenderNode$CompositePositionUpdateListener.positionChanged:373 
10-17 14:48:27.086 14381 14463 I ViewRootImpl@562a9cf[MainActivity]: mWNT: t=0x7b5b272100 mBlastBufferQueue=0x7b443aa800 fn= 802 caller= android.view.SurfaceView.applyOrMergeTransaction:1455 android.view.SurfaceView.-$$Nest$mapplyOrMergeTransaction:0 android.view.SurfaceView$SurfaceViewPositionUpdateListener.positionChanged:1537 
10-17 14:48:27.086 14381 14463 I ViewRootImpl@562a9cf[MainActivity]: mWNT: t=0x7b18afe300 mBlastBufferQueue=0x7b443aa800 fn= 802 caller= android.view.ViewRootImpl.lambda$applyTransactionOnDraw$11$android-view-ViewRootImpl:12865 android.view.ViewRootImpl$$ExternalSyntheticLambda1.onFrameDraw:4 android.graphics.HardwareRenderer$FrameDrawingCallback.onFrameDraw:924 
10-17 14:48:27.089 14381 14381 I SurfaceView@551d8ae: Changes: creating=false format=false size=false visible=false alpha=false hint=false mUseAlpha=false visible=false left=false top=true
10-17 14:48:27.089 14381 14381 I SurfaceView@551d8ae: 89249966 Cur surface: Surface(name=null)/@0x734a30a
10-17 14:48:27.089 14381 14381 I SurfaceView@551d8ae: applyTransactionOnVriDraw: vri = ViewRootImpl@562a9cf[MainActivity] fRS = false t = 0x7b18afe500 android.view.SurfaceView.performSurfaceTransaction:959 android.view.SurfaceView.updateSurface:1105 android.view.SurfaceView.lambda$new$0$android-view-SurfaceView:200 
10-17 14:48:27.090 14381 14381 I ViewRootImpl@562a9cf[MainActivity]: applyTransactionOnDraw: mRemoved = false isHardwareEnabled = true t = 0x7b18afe500android.view.SurfaceView.applyTransactionOnVriDraw:2048 android.view.SurfaceView.performSurfaceTransaction:959 android.view.SurfaceView.updateSurface:1105 android.view.SurfaceView.lambda$new$0$android-view-SurfaceView:200 android.view.SurfaceView$$ExternalSyntheticLambda5.onPreDraw:2 
10-17 14:48:27.090 14381 14381 I SurfaceView@551d8ae: updateSurface: mVisible = true mSurface.isValid() = true
10-17 14:48:27.090 14381 14381 I SurfaceView@551d8ae: updateSurface: mSurfaceCreated = true surfaceChanged = false visibleChanged = false
10-17 14:48:27.090 14381 14381 V SurfaceView@551d8ae: Layout: x=0 y=-982 w=1080 h=525, frame=Rect(0, 0 - 1080, 525)
10-17 14:48:27.105 14381 14461 D SurfaceView@551d8ae: updateSurfacePosition RenderWorker, frameNr = 803, position = [0, -987, 1080, -462] surfaceSize = 1080x525
10-17 14:48:27.105 14381 14461 I SurfaceView@551d8ae: uSP: rtp = Rect(0, -987 - 1080, -462) rtsw = 1080 rtsh = 525
10-17 14:48:27.105 14381 14461 I SurfaceView@551d8ae: onSSPAndSRT: pl = 0 pt = -987 sx = 1.0 sy = 1.0
10-17 14:48:27.105 14381 14461 I SurfaceView@551d8ae: aOrMT: ViewRootImpl@562a9cf[MainActivity] t = android.view.SurfaceControl$Transaction@f894229 fN = 803 android.view.SurfaceView.-$$Nest$mapplyOrMergeTransaction:0 android.view.SurfaceView$SurfaceViewPositionUpdateListener.positionChanged:1537 android.graphics.RenderNode$CompositePositionUpdateListener.positionChanged:373 
10-17 14:48:27.105 14381 14461 I ViewRootImpl@562a9cf[MainActivity]: mWNT: t=0x7b5b272100 mBlastBufferQueue=0x7b443aa800 fn= 803 caller= android.view.SurfaceView.applyOrMergeTransaction:1455 android.view.SurfaceView.-$$Nest$mapplyOrMergeTransaction:0 android.view.SurfaceView$SurfaceViewPositionUpdateListener.positionChanged:1537 
10-17 14:48:27.105 14381 14461 I ViewRootImpl@562a9cf[MainActivity]: mWNT: t=0x7b18afe500 mBlastBufferQueue=0x7b443aa800 fn= 803 caller= android.view.ViewRootImpl.lambda$applyTransactionOnDraw$11$android-view-ViewRootImpl:12865 android.view.ViewRootImpl$$ExternalSyntheticLambda1.onFrameDraw:4 android.graphics.HardwareRenderer$FrameDrawingCallback.onFrameDraw:924 
10-17 14:48:27.106 14381 14381 I SurfaceView@551d8ae: Changes: creating=false format=false size=false visible=false alpha=false hint=false mUseAlpha=false visible=false left=false top=true
10-17 14:48:27.106 14381 14381 I SurfaceView@551d8ae: 89249966 Cur surface: Surface(name=null)/@0x734a30a
10-17 14:48:27.106 14381 14381 I SurfaceView@551d8ae: applyTransactionOnVriDraw: vri = ViewRootImpl@562a9cf[MainActivity] fRS = false t = 0x7b18afe700 android.view.SurfaceView.performSurfaceTransaction:959 android.view.SurfaceView.updateSurface:1105 android.view.SurfaceView.lambda$new$0$android-view-SurfaceView:200 
10-17 14:48:27.106 14381 14381 I ViewRootImpl@562a9cf[MainActivity]: applyTransactionOnDraw: mRemoved = false isHardwareEnabled = true t = 0x7b18afe700android.view.SurfaceView.applyTransactionOnVriDraw:2048 android.view.SurfaceView.performSurfaceTransaction:959 android.view.SurfaceView.updateSurface:1105 android.view.SurfaceView.lambda$new$0$android-view-SurfaceView:200 android.view.SurfaceView$$ExternalSyntheticLambda5.onPreDraw:2 
10-17 14:48:27.106 14381 14381 I SurfaceView@551d8ae: updateSurface: mVisible = true mSurface.isValid() = true
10-17 14:48:27.106 14381 14381 I SurfaceView@551d8ae: updateSurface: mSurfaceCreated = true surfaceChanged = false visibleChanged = false
10-17 14:48:27.106 14381 14381 V SurfaceView@551d8ae: Layout: x=0 y=-987 w=1080 h=525, frame=Rect(0, 0 - 1080, 525)
10-17 14:48:27.114 14381 14463 D SurfaceView@551d8ae: updateSurfacePosition RenderWorker, frameNr = 804, position = [0, -993, 1080, -468] surfaceSize = 1080x525
10-17 14:48:27.114 14381 14463 I SurfaceView@551d8ae: uSP: rtp = Rect(0, -993 - 1080, -468) rtsw = 1080 rtsh = 525
10-17 14:48:27.114 14381 14463 I SurfaceView@551d8ae: onSSPAndSRT: pl = 0 pt = -993 sx = 1.0 sy = 1.0
10-17 14:48:27.114 14381 14463 I SurfaceView@551d8ae: aOrMT: ViewRootImpl@562a9cf[MainActivity] t = android.view.SurfaceControl$Transaction@f894229 fN = 804 android.view.SurfaceView.-$$Nest$mapplyOrMergeTransaction:0 android.view.SurfaceView$SurfaceViewPositionUpdateListener.positionChanged:1537 android.graphics.RenderNode$CompositePositionUpdateListener.positionChanged:373 
10-17 14:48:27.114 14381 14463 I ViewRootImpl@562a9cf[MainActivity]: mWNT: t=0x7b5b272100 mBlastBufferQueue=0x7b443aa800 fn= 804 caller= android.view.SurfaceView.applyOrMergeTransaction:1455 android.view.SurfaceView.-$$Nest$mapplyOrMergeTransaction:0 android.view.SurfaceView$SurfaceViewPositionUpdateListener.positionChanged:1537 
10-17 14:48:27.114 14381 14463 I ViewRootImpl@562a9cf[MainActivity]: mWNT: t=0x7b18afe700 mBlastBufferQueue=0x7b443aa800 fn= 804 caller= android.view.ViewRootImpl.lambda$applyTransactionOnDraw$11$android-view-ViewRootImpl:12865 android.view.ViewRootImpl$$ExternalSyntheticLambda1.onFrameDraw:4 android.graphics.HardwareRenderer$FrameDrawingCallback.onFrameDraw:924 
10-17 14:48:27.122 14381 14381 I SurfaceView@551d8ae: Changes: creating=false format=false size=false visible=false alpha=false hint=false mUseAlpha=false visible=false left=false top=true
10-17 14:48:27.122 14381 14381 I SurfaceView@551d8ae: 89249966 Cur surface: Surface(name=null)/@0x734a30a
10-17 14:48:27.122 14381 14381 I SurfaceView@551d8ae: applyTransactionOnVriDraw: vri = ViewRootImpl@562a9cf[MainActivity] fRS = false t = 0x7b18afe900 android.view.SurfaceView.performSurfaceTransaction:959 android.view.SurfaceView.updateSurface:1105 android.view.SurfaceView.lambda$new$0$android-view-SurfaceView:200 
10-17 14:48:27.122 14381 14381 I ViewRootImpl@562a9cf[MainActivity]: applyTransactionOnDraw: mRemoved = false isHardwareEnabled = true t = 0x7b18afe900android.view.SurfaceView.applyTransactionOnVriDraw:2048 android.view.SurfaceView.performSurfaceTransaction:959 android.view.SurfaceView.updateSurface:1105 android.view.SurfaceView.lambda$new$0$android-view-SurfaceView:200 android.view.SurfaceView$$ExternalSyntheticLambda5.onPreDraw:2 
10-17 14:48:27.122 14381 14381 I SurfaceView@551d8ae: updateSurface: mVisible = true mSurface.isValid() = true
10-17 14:48:27.123 14381 14381 I SurfaceView@551d8ae: updateSurface: mSurfaceCreated = true surfaceChanged = false visibleChanged = false
10-17 14:48:27.123 14381 14381 V SurfaceView@551d8ae: Layout: x=0 y=-993 w=1080 h=525, frame=Rect(0, 0 - 1080, 525)
10-17 14:48:27.133 14381 14461 D SurfaceView@551d8ae: updateSurfacePosition RenderWorker, frameNr = 805, position = [0, -998, 1080, -473] surfaceSize = 1080x525
10-17 14:48:27.133 14381 14461 I SurfaceView@551d8ae: uSP: rtp = Rect(0, -998 - 1080, -473) rtsw = 1080 rtsh = 525
10-17 14:48:27.133 14381 14461 I SurfaceView@551d8ae: onSSPAndSRT: pl = 0 pt = -998 sx = 1.0 sy = 1.0
10-17 14:48:27.133 14381 14461 I SurfaceView@551d8ae: aOrMT: ViewRootImpl@562a9cf[MainActivity] t = android.view.SurfaceControl$Transaction@f894229 fN = 805 android.view.SurfaceView.-$$Nest$mapplyOrMergeTransaction:0 android.view.SurfaceView$SurfaceViewPositionUpdateListener.positionChanged:1537 android.graphics.RenderNode$CompositePositionUpdateListener.positionChanged:373 
10-17 14:48:27.133 14381 14461 I ViewRootImpl@562a9cf[MainActivity]: mWNT: t=0x7b5b272100 mBlastBufferQueue=0x7b443aa800 fn= 805 caller= android.view.SurfaceView.applyOrMergeTransaction:1455 android.view.SurfaceView.-$$Nest$mapplyOrMergeTransaction:0 android.view.SurfaceView$SurfaceViewPositionUpdateListener.positionChanged:1537 
10-17 14:48:27.133 14381 14461 I ViewRootImpl@562a9cf[MainActivity]: mWNT: t=0x7b18afe900 mBlastBufferQueue=0x7b443aa800 fn= 805 caller= android.view.ViewRootImpl.lambda$applyTransactionOnDraw$11$android-view-ViewRootImpl:12865 android.view.ViewRootImpl$$ExternalSyntheticLambda1.onFrameDraw:4 android.graphics.HardwareRenderer$FrameDrawingCallback.onFrameDraw:924 
10-17 14:48:27.138 14381 14381 I SurfaceView@551d8ae: Changes: creating=false format=false size=false visible=false alpha=false hint=false mUseAlpha=false visible=false left=false top=true
10-17 14:48:27.138 14381 14381 I SurfaceView@551d8ae: 89249966 Cur surface: Surface(name=null)/@0x734a30a
