10-17 13:35:51.088   506   588 I ViewRootImpl@6dcaa2e[MainActivity]: mWNT: t=0x7b654b3300 mBlastBufferQueue=0x7b5b1f3400 fn= 716 caller= android.view.ViewRootImpl.lambda$applyTransactionOnDraw$11$android-view-ViewRootImpl:12865 android.view.ViewRootImpl$$ExternalSyntheticLambda1.onFrameDraw:4 android.graphics.HardwareRenderer$FrameDrawingCallback.onFrameDraw:924 
10-17 13:35:51.093   506   506 I SurfaceView@86d7559: Changes: creating=false format=false size=false visible=false alpha=false hint=false mUseAlpha=false visible=false left=false top=true
10-17 13:35:51.093   506   506 I SurfaceView@86d7559: 141391193 Cur surface: Surface(name=null)/@0x1fb1a59
10-17 13:35:51.093   506   506 I SurfaceView@86d7559: applyTransactionOnVriDraw: vri = ViewRootImpl@6dcaa2e[MainActivity] fRS = false t = 0x7bdd587100 android.view.SurfaceView.performSurfaceTransaction:959 android.view.SurfaceView.updateSurface:1105 android.view.SurfaceView.lambda$new$0$android-view-SurfaceView:200 
10-17 13:35:51.093   506   506 I ViewRootImpl@6dcaa2e[MainActivity]: applyTransactionOnDraw: mRemoved = false isHardwareEnabled = true t = 0x7bdd587100android.view.SurfaceView.applyTransactionOnVriDraw:2048 android.view.SurfaceView.performSurfaceTransaction:959 android.view.SurfaceView.updateSurface:1105 android.view.SurfaceView.lambda$new$0$android-view-SurfaceView:200 android.view.SurfaceView$$ExternalSyntheticLambda5.onPreDraw:2 
10-17 13:35:51.093   506   506 I SurfaceView@86d7559: updateSurface: mVisible = true mSurface.isValid() = true
10-17 13:35:51.093   506   506 I SurfaceView@86d7559: updateSurface: mSurfaceCreated = true surfaceChanged = false visibleChanged = false
10-17 13:35:51.093   506   506 V SurfaceView@86d7559: Layout: x=0 y=-618 w=1080 h=525, frame=Rect(0, 0 - 1080, 525)
10-17 13:35:51.102   506   589 D SurfaceView@86d7559: updateSurfacePosition RenderWorker, frameNr = 717, position = [0, -628, 1080, -103] surfaceSize = 1080x525
10-17 13:35:51.102   506   589 I SurfaceView@86d7559: uSP: rtp = Rect(0, -628 - 1080, -103) rtsw = 1080 rtsh = 525
10-17 13:35:51.102   506   589 I SurfaceView@86d7559: onSSPAndSRT: pl = 0 pt = -628 sx = 1.0 sy = 1.0
10-17 13:35:51.103   506   589 I SurfaceView@86d7559: aOrMT: ViewRootImpl@6dcaa2e[MainActivity] t = android.view.SurfaceControl$Transaction@1903af6 fN = 717 android.view.SurfaceView.-$$Nest$mapplyOrMergeTransaction:0 android.view.SurfaceView$SurfaceViewPositionUpdateListener.positionChanged:1537 android.graphics.RenderNode$CompositePositionUpdateListener.positionChanged:373 
10-17 13:35:51.103   506   589 I ViewRootImpl@6dcaa2e[MainActivity]: mWNT: t=0x7b0d5b6200 mBlastBufferQueue=0x7b5b1f3400 fn= 717 caller= android.view.SurfaceView.applyOrMergeTransaction:1455 android.view.SurfaceView.-$$Nest$mapplyOrMergeTransaction:0 android.view.SurfaceView$SurfaceViewPositionUpdateListener.positionChanged:1537 
10-17 13:35:51.103   506   589 I ViewRootImpl@6dcaa2e[MainActivity]: mWNT: t=0x7bdd587100 mBlastBufferQueue=0x7b5b1f3400 fn= 717 caller= android.view.ViewRootImpl.lambda$applyTransactionOnDraw$11$android-view-ViewRootImpl:12865 android.view.ViewRootImpl$$ExternalSyntheticLambda1.onFrameDraw:4 android.graphics.HardwareRenderer$FrameDrawingCallback.onFrameDraw:924 
10-17 13:35:51.109   506   506 I SurfaceView@86d7559: Changes: creating=false format=false size=false visible=false alpha=false hint=false mUseAlpha=false visible=false left=false top=true
10-17 13:35:51.110   506   506 I SurfaceView@86d7559: 141391193 Cur surface: Surface(name=null)/@0x1fb1a59
10-17 13:35:51.110   506   506 I SurfaceView@86d7559: applyTransactionOnVriDraw: vri = ViewRootImpl@6dcaa2e[MainActivity] fRS = false t = 0x7b654b3500 android.view.SurfaceView.performSurfaceTransaction:959 android.view.SurfaceView.updateSurface:1105 android.view.SurfaceView.lambda$new$0$android-view-SurfaceView:200 
10-17 13:35:51.110   506   506 I ViewRootImpl@6dcaa2e[MainActivity]: applyTransactionOnDraw: mRemoved = false isHardwareEnabled = true t = 0x7b654b3500android.view.SurfaceView.applyTransactionOnVriDraw:2048 android.view.SurfaceView.performSurfaceTransaction:959 android.view.SurfaceView.updateSurface:1105 android.view.SurfaceView.lambda$new$0$android-view-SurfaceView:200 android.view.SurfaceView$$ExternalSyntheticLambda5.onPreDraw:2 
10-17 13:35:51.110   506   506 I SurfaceView@86d7559: updateSurface: mVisible = true mSurface.isValid() = true
10-17 13:35:51.110   506   506 I SurfaceView@86d7559: updateSurface: mSurfaceCreated = true surfaceChanged = false visibleChanged = false
10-17 13:35:51.110   506   506 V SurfaceView@86d7559: Layout: x=0 y=-628 w=1080 h=525, frame=Rect(0, 0 - 1080, 525)
10-17 13:35:51.121   506   588 D SurfaceView@86d7559: updateSurfacePosition RenderWorker, frameNr = 718, position = [0, -637, 1080, -112] surfaceSize = 1080x525
10-17 13:35:51.121   506   588 I SurfaceView@86d7559: uSP: rtp = Rect(0, -637 - 1080, -112) rtsw = 1080 rtsh = 525
10-17 13:35:51.121   506   588 I SurfaceView@86d7559: onSSPAndSRT: pl = 0 pt = -637 sx = 1.0 sy = 1.0
10-17 13:35:51.121   506   588 I SurfaceView@86d7559: aOrMT: ViewRootImpl@6dcaa2e[MainActivity] t = android.view.SurfaceControl$Transaction@1903af6 fN = 718 android.view.SurfaceView.-$$Nest$mapplyOrMergeTransaction:0 android.view.SurfaceView$SurfaceViewPositionUpdateListener.positionChanged:1537 android.graphics.RenderNode$CompositePositionUpdateListener.positionChanged:373 
10-17 13:35:51.121   506   588 I ViewRootImpl@6dcaa2e[MainActivity]: mWNT: t=0x7b0d5b6200 mBlastBufferQueue=0x7b5b1f3400 fn= 718 caller= android.view.SurfaceView.applyOrMergeTransaction:1455 android.view.SurfaceView.-$$Nest$mapplyOrMergeTransaction:0 android.view.SurfaceView$SurfaceViewPositionUpdateListener.positionChanged:1537 
10-17 13:35:51.121   506   588 I ViewRootImpl@6dcaa2e[MainActivity]: mWNT: t=0x7b654b3500 mBlastBufferQueue=0x7b5b1f3400 fn= 718 caller= android.view.ViewRootImpl.lambda$applyTransactionOnDraw$11$android-view-ViewRootImpl:12865 android.view.ViewRootImpl$$ExternalSyntheticLambda1.onFrameDraw:4 android.graphics.HardwareRenderer$FrameDrawingCallback.onFrameDraw:924 
10-17 13:35:51.126   506   506 I SurfaceView@86d7559: Changes: creating=false format=false size=false visible=false alpha=false hint=false mUseAlpha=false visible=false left=false top=true
10-17 13:35:51.126   506   506 I SurfaceView@86d7559: 141391193 Cur surface: Surface(name=null)/@0x1fb1a59
10-17 13:35:51.127   506   506 I SurfaceView@86d7559: applyTransactionOnVriDraw: vri = ViewRootImpl@6dcaa2e[MainActivity] fRS = false t = 0x7b654b3700 android.view.SurfaceView.performSurfaceTransaction:959 android.view.SurfaceView.updateSurface:1105 android.view.SurfaceView.lambda$new$0$android-view-SurfaceView:200 
10-17 13:35:51.127   506   506 I ViewRootImpl@6dcaa2e[MainActivity]: applyTransactionOnDraw: mRemoved = false isHardwareEnabled = true t = 0x7b654b3700android.view.SurfaceView.applyTransactionOnVriDraw:2048 android.view.SurfaceView.performSurfaceTransaction:959 android.view.SurfaceView.updateSurface:1105 android.view.SurfaceView.lambda$new$0$android-view-SurfaceView:200 android.view.SurfaceView$$ExternalSyntheticLambda5.onPreDraw:2 
10-17 13:35:51.127   506   506 I SurfaceView@86d7559: updateSurface: mVisible = true mSurface.isValid() = true
10-17 13:35:51.127   506   506 I SurfaceView@86d7559: updateSurface: mSurfaceCreated = true surfaceChanged = false visibleChanged = false
10-17 13:35:51.127   506   506 V SurfaceView@86d7559: Layout: x=0 y=-637 w=1080 h=525, frame=Rect(0, 0 - 1080, 525)
10-17 13:35:51.140   506   589 D SurfaceView@86d7559: updateSurfacePosition RenderWorker, frameNr = 719, position = [0, -646, 1080, -121] surfaceSize = 1080x525
10-17 13:35:51.140   506   589 I SurfaceView@86d7559: uSP: rtp = Rect(0, -646 - 1080, -121) rtsw = 1080 rtsh = 525
10-17 13:35:51.140   506   589 I SurfaceView@86d7559: onSSPAndSRT: pl = 0 pt = -646 sx = 1.0 sy = 1.0
10-17 13:35:51.141   506   589 I SurfaceView@86d7559: aOrMT: ViewRootImpl@6dcaa2e[MainActivity] t = android.view.SurfaceControl$Transaction@1903af6 fN = 719 android.view.SurfaceView.-$$Nest$mapplyOrMergeTransaction:0 android.view.SurfaceView$SurfaceViewPositionUpdateListener.positionChanged:1537 android.graphics.RenderNode$CompositePositionUpdateListener.positionChanged:373 
10-17 13:35:51.141   506   506 I ViewRootImpl@6dcaa2e[MainActivity]: ViewPostIme pointer 0
10-17 13:35:51.141   506   589 I ViewRootImpl@6dcaa2e[MainActivity]: mWNT: t=0x7b0d5b6200 mBlastBufferQueue=0x7b5b1f3400 fn= 719 caller= android.view.SurfaceView.applyOrMergeTransaction:1455 android.view.SurfaceView.-$$Nest$mapplyOrMergeTransaction:0 android.view.SurfaceView$SurfaceViewPositionUpdateListener.positionChanged:1537 
10-17 13:35:51.141   506   589 I ViewRootImpl@6dcaa2e[MainActivity]: mWNT: t=0x7b654b3700 mBlastBufferQueue=0x7b5b1f3400 fn= 719 caller= android.view.ViewRootImpl.lambda$applyTransactionOnDraw$11$android-view-ViewRootImpl:12865 android.view.ViewRootImpl$$ExternalSyntheticLambda1.onFrameDraw:4 android.graphics.HardwareRenderer$FrameDrawingCallback.onFrameDraw:924 
10-17 13:35:51.143   506   506 I SurfaceView@86d7559: Changes: creating=false format=false size=false visible=false alpha=false hint=false mUseAlpha=false visible=false left=false top=true
10-17 13:35:51.143   506   506 I SurfaceView@86d7559: 141391193 Cur surface: Surface(name=null)/@0x1fb1a59
10-17 13:35:51.144   506   506 I SurfaceView@86d7559: applyTransactionOnVriDraw: vri = ViewRootImpl@6dcaa2e[MainActivity] fRS = false t = 0x7b654b3900 android.view.SurfaceView.performSurfaceTransaction:959 android.view.SurfaceView.updateSurface:1105 android.view.SurfaceView.lambda$new$0$android-view-SurfaceView:200 
10-17 13:35:51.144   506   506 I ViewRootImpl@6dcaa2e[MainActivity]: applyTransactionOnDraw: mRemoved = false isHardwareEnabled = true t = 0x7b654b3900android.view.SurfaceView.applyTransactionOnVriDraw:2048 android.view.SurfaceView.performSurfaceTransaction:959 android.view.SurfaceView.updateSurface:1105 android.view.SurfaceView.lambda$new$0$android-view-SurfaceView:200 android.view.SurfaceView$$ExternalSyntheticLambda5.onPreDraw:2 
10-17 13:35:51.144   506   506 I SurfaceView@86d7559: updateSurface: mVisible = true mSurface.isValid() = true
10-17 13:35:51.144   506   506 I SurfaceView@86d7559: updateSurface: mSurfaceCreated = true surfaceChanged = false visibleChanged = false
10-17 13:35:51.144   506   506 V SurfaceView@86d7559: Layout: x=0 y=-646 w=1080 h=525, frame=Rect(0, 0 - 1080, 525)
10-17 13:35:51.158   506   588 I ViewRootImpl@6dcaa2e[MainActivity]: mWNT: t=0x7b654b3900 mBlastBufferQueue=0x7b5b1f3400 fn= 720 caller= android.view.ViewRootImpl.lambda$applyTransactionOnDraw$11$android-view-ViewRootImpl:12865 android.view.ViewRootImpl$$ExternalSyntheticLambda1.onFrameDraw:4 android.graphics.HardwareRenderer$FrameDrawingCallback.onFrameDraw:924 
10-17 13:35:51.161   506   506 I SurfaceView@86d7559: Changes: creating=false format=false size=false visible=false alpha=false hint=false mUseAlpha=false visible=false left=false top=true
10-17 13:35:51.161   506   506 I SurfaceView@86d7559: 141391193 Cur surface: Surface(name=null)/@0x1fb1a59
10-17 13:35:51.162   506   506 I SurfaceView@86d7559: applyTransactionOnVriDraw: vri = ViewRootImpl@6dcaa2e[MainActivity] fRS = false t = 0x7b654b3b00 android.view.SurfaceView.performSurfaceTransaction:959 android.view.SurfaceView.updateSurface:1105 android.view.SurfaceView.lambda$new$0$android-view-SurfaceView:200 
10-17 13:35:51.162   506   506 I ViewRootImpl@6dcaa2e[MainActivity]: applyTransactionOnDraw: mRemoved = false isHardwareEnabled = true t = 0x7b654b3b00android.view.SurfaceView.applyTransactionOnVriDraw:2048 android.view.SurfaceView.performSurfaceTransaction:959 android.view.SurfaceView.updateSurface:1105 android.view.SurfaceView.lambda$new$0$android-view-SurfaceView:200 android.view.SurfaceView$$ExternalSyntheticLambda5.onPreDraw:2 
10-17 13:35:51.162   506   506 I SurfaceView@86d7559: updateSurface: mVisible = true mSurface.isValid() = true
10-17 13:35:51.162   506   506 I SurfaceView@86d7559: updateSurface: mSurfaceCreated = true surfaceChanged = false visibleChanged = false
10-17 13:35:51.162   506   506 V SurfaceView@86d7559: Layout: x=0 y=-665 w=1080 h=525, frame=Rect(0, 0 - 1080, 525)
10-17 13:35:51.179   506   589 D SurfaceView@86d7559: updateSurfacePosition RenderWorker, frameNr = 721, position = [0, -665, 1080, -140] surfaceSize = 1080x525
10-17 13:35:51.179   506   589 I SurfaceView@86d7559: uSP: rtp = Rect(0, -665 - 1080, -140) rtsw = 1080 rtsh = 525
10-17 13:35:51.179   506   589 I SurfaceView@86d7559: onSSPAndSRT: pl = 0 pt = -665 sx = 1.0 sy = 1.0
10-17 13:35:51.179   506   589 I SurfaceView@86d7559: aOrMT: ViewRootImpl@6dcaa2e[MainActivity] t = android.view.SurfaceControl$Transaction@1903af6 fN = 721 android.view.SurfaceView.-$$Nest$mapplyOrMergeTransaction:0 android.view.SurfaceView$SurfaceViewPositionUpdateListener.positionChanged:1537 android.graphics.RenderNode$CompositePositionUpdateListener.positionChanged:373 
10-17 13:35:51.180   506   589 I ViewRootImpl@6dcaa2e[MainActivity]: mWNT: t=0x7b0d5b6200 mBlastBufferQueue=0x7b5b1f3400 fn= 721 caller= android.view.SurfaceView.applyOrMergeTransaction:1455 android.view.SurfaceView.-$$Nest$mapplyOrMergeTransaction:0 android.view.SurfaceView$SurfaceViewPositionUpdateListener.positionChanged:1537 
10-17 13:35:51.180   506   589 I ViewRootImpl@6dcaa2e[MainActivity]: mWNT: t=0x7b654b3b00 mBlastBufferQueue=0x7b5b1f3400 fn= 721 caller= android.view.ViewRootImpl.lambda$applyTransactionOnDraw$11$android-view-ViewRootImpl:12865 android.view.ViewRootImpl$$ExternalSyntheticLambda1.onFrameDraw:4 android.graphics.HardwareRenderer$FrameDrawingCallback.onFrameDraw:924 
10-17 13:35:51.181   506   506 I SurfaceView@86d7559: Changes: creating=false format=false size=false visible=false alpha=false hint=false mUseAlpha=false visible=false left=false top=true
10-17 13:35:51.181   506   506 I SurfaceView@86d7559: 141391193 Cur surface: Surface(name=null)/@0x1fb1a59
10-17 13:35:51.181   506   506 I SurfaceView@86d7559: applyTransactionOnVriDraw: vri = ViewRootImpl@6dcaa2e[MainActivity] fRS = false t = 0x7b654b3d00 android.view.SurfaceView.performSurfaceTransaction:959 android.view.SurfaceView.updateSurface:1105 android.view.SurfaceView.lambda$new$0$android-view-SurfaceView:200 
10-17 13:35:51.181   506   506 I ViewRootImpl@6dcaa2e[MainActivity]: applyTransactionOnDraw: mRemoved = false isHardwareEnabled = true t = 0x7b654b3d00android.view.SurfaceView.applyTransactionOnVriDraw:2048 android.view.SurfaceView.performSurfaceTransaction:959 android.view.SurfaceView.updateSurface:1105 android.view.SurfaceView.lambda$new$0$android-view-SurfaceView:200 android.view.SurfaceView$$ExternalSyntheticLambda5.onPreDraw:2 
10-17 13:35:51.182   506   506 I SurfaceView@86d7559: updateSurface: mVisible = true mSurface.isValid() = true
10-17 13:35:51.182   506   506 I SurfaceView@86d7559: updateSurface: mSurfaceCreated = true surfaceChanged = false visibleChanged = false
10-17 13:35:51.182   506   506 V SurfaceView@86d7559: Layout: x=0 y=-706 w=1080 h=525, frame=Rect(0, 0 - 1080, 525)
10-17 13:35:51.194   506   588 D SurfaceView@86d7559: updateSurfacePosition RenderWorker, frameNr = 722, position = [0, -706, 1080, -181] surfaceSize = 1080x525
10-17 13:35:51.194   506   588 I SurfaceView@86d7559: uSP: rtp = Rect(0, -706 - 1080, -181) rtsw = 1080 rtsh = 525
10-17 13:35:51.194   506   588 I SurfaceView@86d7559: onSSPAndSRT: pl = 0 pt = -706 sx = 1.0 sy = 1.0
10-17 13:35:51.194   506   588 I SurfaceView@86d7559: aOrMT: ViewRootImpl@6dcaa2e[MainActivity] t = android.view.SurfaceControl$Transaction@1903af6 fN = 722 android.view.SurfaceView.-$$Nest$mapplyOrMergeTransaction:0 android.view.SurfaceView$SurfaceViewPositionUpdateListener.positionChanged:1537 android.graphics.RenderNode$CompositePositionUpdateListener.positionChanged:373 
10-17 13:35:51.194   506   588 I ViewRootImpl@6dcaa2e[MainActivity]: mWNT: t=0x7b0d5b6200 mBlastBufferQueue=0x7b5b1f3400 fn= 722 caller= android.view.SurfaceView.applyOrMergeTransaction:1455 android.view.SurfaceView.-$$Nest$mapplyOrMergeTransaction:0 android.view.SurfaceView$SurfaceViewPositionUpdateListener.positionChanged:1537 
10-17 13:35:51.194   506   588 I ViewRootImpl@6dcaa2e[MainActivity]: mWNT: t=0x7b654b3d00 mBlastBufferQueue=0x7b5b1f3400 fn= 722 caller= android.view.ViewRootImpl.lambda$applyTransactionOnDraw$11$android-view-ViewRootImpl:12865 android.view.ViewRootImpl$$ExternalSyntheticLambda1.onFrameDraw:4 android.graphics.HardwareRenderer$FrameDrawingCallback.onFrameDraw:924 
10-17 13:35:51.195   506   506 I SurfaceView@86d7559: Changes: creating=false format=false size=false visible=false alpha=false hint=false mUseAlpha=false visible=false left=false top=true
10-17 13:35:51.195   506   506 I SurfaceView@86d7559: 141391193 Cur surface: Surface(name=null)/@0x1fb1a59
10-17 13:35:51.196   506   506 I SurfaceView@86d7559: applyTransactionOnVriDraw: vri = ViewRootImpl@6dcaa2e[MainActivity] fRS = false t = 0x7b654b3f00 android.view.SurfaceView.performSurfaceTransaction:959 android.view.SurfaceView.updateSurface:1105 android.view.SurfaceView.lambda$new$0$android-view-SurfaceView:200 
10-17 13:35:51.196   506   506 I ViewRootImpl@6dcaa2e[MainActivity]: applyTransactionOnDraw: mRemoved = false isHardwareEnabled = true t = 0x7b654b3f00android.view.SurfaceView.applyTransactionOnVriDraw:2048 android.view.SurfaceView.performSurfaceTransaction:959 android.view.SurfaceView.updateSurface:1105 android.view.SurfaceView.lambda$new$0$android-view-SurfaceView:200 android.view.SurfaceView$$ExternalSyntheticLambda5.onPreDraw:2 
10-17 13:35:51.196   506   506 I SurfaceView@86d7559: updateSurface: mVisible = true mSurface.isValid() = true
10-17 13:35:51.196   506   506 I SurfaceView@86d7559: updateSurface: mSurfaceCreated = true surfaceChanged = false visibleChanged = false
10-17 13:35:51.196   506   506 V SurfaceView@86d7559: Layout: x=0 y=-742 w=1080 h=525, frame=Rect(0, 0 - 1080, 525)
10-17 13:35:51.206   506   589 D SurfaceView@86d7559: updateSurfacePosition RenderWorker, frameNr = 723, position = [0, -742, 1080, -217] surfaceSize = 1080x525
10-17 13:35:51.206   506   589 I SurfaceView@86d7559: uSP: rtp = Rect(0, -742 - 1080, -217) rtsw = 1080 rtsh = 525
10-17 13:35:51.206   506   589 I SurfaceView@86d7559: onSSPAndSRT: pl = 0 pt = -742 sx = 1.0 sy = 1.0
10-17 13:35:51.207   506   589 I SurfaceView@86d7559: aOrMT: ViewRootImpl@6dcaa2e[MainActivity] t = android.view.SurfaceControl$Transaction@1903af6 fN = 723 android.view.SurfaceView.-$$Nest$mapplyOrMergeTransaction:0 android.view.SurfaceView$SurfaceViewPositionUpdateListener.positionChanged:1537 android.graphics.RenderNode$CompositePositionUpdateListener.positionChanged:373 
10-17 13:35:51.207   506   589 I ViewRootImpl@6dcaa2e[MainActivity]: mWNT: t=0x7b0d5b6200 mBlastBufferQueue=0x7b5b1f3400 fn= 723 caller= android.view.SurfaceView.applyOrMergeTransaction:1455 android.view.SurfaceView.-$$Nest$mapplyOrMergeTransaction:0 android.view.SurfaceView$SurfaceViewPositionUpdateListener.positionChanged:1537 
10-17 13:35:51.207   506   589 I ViewRootImpl@6dcaa2e[MainActivity]: mWNT: t=0x7b654b3f00 mBlastBufferQueue=0x7b5b1f3400 fn= 723 caller= android.view.ViewRootImpl.lambda$applyTransactionOnDraw$11$android-view-ViewRootImpl:12865 android.view.ViewRootImpl$$ExternalSyntheticLambda1.onFrameDraw:4 android.graphics.HardwareRenderer$FrameDrawingCallback.onFrameDraw:924 
10-17 13:35:51.210   506   506 I SurfaceView@86d7559: Changes: creating=false format=false size=false visible=false alpha=false hint=false mUseAlpha=false visible=false left=false top=true
10-17 13:35:51.211   506   506 I SurfaceView@86d7559: 141391193 Cur surface: Surface(name=null)/@0x1fb1a59
10-17 13:35:51.211   506   506 I SurfaceView@86d7559: applyTransactionOnVriDraw: vri = ViewRootImpl@6dcaa2e[MainActivity] fRS = false t = 0x7b654fc100 android.view.SurfaceView.performSurfaceTransaction:959 android.view.SurfaceView.updateSurface:1105 android.view.SurfaceView.lambda$new$0$android-view-SurfaceView:200 
10-17 13:35:51.211   506   506 I ViewRootImpl@6dcaa2e[MainActivity]: applyTransactionOnDraw: mRemoved = false isHardwareEnabled = true t = 0x7b654fc100android.view.SurfaceView.applyTransactionOnVriDraw:2048 android.view.SurfaceView.performSurfaceTransaction:959 android.view.SurfaceView.updateSurface:1105 android.view.SurfaceView.lambda$new$0$android-view-SurfaceView:200 android.view.SurfaceView$$ExternalSyntheticLambda5.onPreDraw:2 
10-17 13:35:51.211   506   506 I SurfaceView@86d7559: updateSurface: mVisible = true mSurface.isValid() = true
10-17 13:35:51.211   506   506 I SurfaceView@86d7559: updateSurface: mSurfaceCreated = true surfaceChanged = false visibleChanged = false
10-17 13:35:51.211   506   506 V SurfaceView@86d7559: Layout: x=0 y=-768 w=1080 h=525, frame=Rect(0, 0 - 1080, 525)
10-17 13:35:51.228   506   588 D SurfaceView@86d7559: updateSurfacePosition RenderWorker, frameNr = 724, position = [0, -768, 1080, -243] surfaceSize = 1080x525
10-17 13:35:51.228   506   588 I SurfaceView@86d7559: uSP: rtp = Rect(0, -768 - 1080, -243) rtsw = 1080 rtsh = 525
10-17 13:35:51.228   506   588 I SurfaceView@86d7559: onSSPAndSRT: pl = 0 pt = -768 sx = 1.0 sy = 1.0
10-17 13:35:51.228   506   588 I SurfaceView@86d7559: aOrMT: ViewRootImpl@6dcaa2e[MainActivity] t = android.view.SurfaceControl$Transaction@1903af6 fN = 724 android.view.SurfaceView.-$$Nest$mapplyOrMergeTransaction:0 android.view.SurfaceView$SurfaceViewPositionUpdateListener.positionChanged:1537 android.graphics.RenderNode$CompositePositionUpdateListener.positionChanged:373 
10-17 13:35:51.229   506   588 I ViewRootImpl@6dcaa2e[MainActivity]: mWNT: t=0x7b0d5b6200 mBlastBufferQueue=0x7b5b1f3400 fn= 724 caller= android.view.SurfaceView.applyOrMergeTransaction:1455 android.view.SurfaceView.-$$Nest$mapplyOrMergeTransaction:0 android.view.SurfaceView$SurfaceViewPositionUpdateListener.positionChanged:1537 
10-17 13:35:51.229   506   588 I ViewRootImpl@6dcaa2e[MainActivity]: mWNT: t=0x7b654fc100 mBlastBufferQueue=0x7b5b1f3400 fn= 724 caller= android.view.ViewRootImpl.lambda$applyTransactionOnDraw$11$android-view-ViewRootImpl:12865 android.view.ViewRootImpl$$ExternalSyntheticLambda1.onFrameDraw:4 android.graphics.HardwareRenderer$FrameDrawingCallback.onFrameDraw:924 
10-17 13:35:51.230   506   506 I SurfaceView@86d7559: Changes: creating=false format=false size=false visible=false alpha=false hint=false mUseAlpha=false visible=false left=false top=true
10-17 13:35:51.230   506   506 I SurfaceView@86d7559: 141391193 Cur surface: Surface(name=null)/@0x1fb1a59
10-17 13:35:51.230   506   506 I SurfaceView@86d7559: applyTransactionOnVriDraw: vri = ViewRootImpl@6dcaa2e[MainActivity] fRS = false t = 0x7b654fc300 android.view.SurfaceView.performSurfaceTransaction:959 android.view.SurfaceView.updateSurface:1105 android.view.SurfaceView.lambda$new$0$android-view-SurfaceView:200 
10-17 13:35:51.230   506   506 I ViewRootImpl@6dcaa2e[MainActivity]: applyTransactionOnDraw: mRemoved = false isHardwareEnabled = true t = 0x7b654fc300android.view.SurfaceView.applyTransactionOnVriDraw:2048 android.view.SurfaceView.performSurfaceTransaction:959 android.view.SurfaceView.updateSurface:1105 android.view.SurfaceView.lambda$new$0$android-view-SurfaceView:200 android.view.SurfaceView$$ExternalSyntheticLambda5.onPreDraw:2 
10-17 13:35:51.231   506   506 I SurfaceView@86d7559: updateSurface: mVisible = true mSurface.isValid() = true
10-17 13:35:51.231   506   506 I SurfaceView@86d7559: updateSurface: mSurfaceCreated = true surfaceChanged = false visibleChanged = false
10-17 13:35:51.231   506   506 V SurfaceView@86d7559: Layout: x=0 y=-779 w=1080 h=525, frame=Rect(0, 0 - 1080, 525)
10-17 13:35:51.247   506   588 D SurfaceView@86d7559: updateSurfacePosition RenderWorker, frameNr = 725, position = [0, -779, 1080, -254] surfaceSize = 1080x525
10-17 13:35:51.247   506   588 I SurfaceView@86d7559: uSP: rtp = Rect(0, -779 - 1080, -254) rtsw = 1080 rtsh = 525
10-17 13:35:51.247   506   588 I SurfaceView@86d7559: onSSPAndSRT: pl = 0 pt = -779 sx = 1.0 sy = 1.0
10-17 13:35:51.248   506   589 I ViewRootImpl@6dcaa2e[MainActivity]: mWNT: t=0x7b654fc300 mBlastBufferQueue=0x7b5b1f3400 fn= 725 caller= android.view.ViewRootImpl.lambda$applyTransactionOnDraw$11$android-view-ViewRootImpl:12865 android.view.ViewRootImpl$$ExternalSyntheticLambda1.onFrameDraw:4 android.graphics.HardwareRenderer$FrameDrawingCallback.onFrameDraw:924 
10-17 13:35:51.248   506   588 I SurfaceView@86d7559: aOrMT: ViewRootImpl@6dcaa2e[MainActivity] t = android.view.SurfaceControl$Transaction@1903af6 fN = 725 android.view.SurfaceView.-$$Nest$mapplyOrMergeTransaction:0 android.view.SurfaceView$SurfaceViewPositionUpdateListener.positionChanged:1537 android.graphics.RenderNode$CompositePositionUpdateListener.positionChanged:373 
10-17 13:35:51.248   506   588 I ViewRootImpl@6dcaa2e[MainActivity]: mWNT: t=0x7b0d5b6200 mBlastBufferQueue=0x7b5b1f3400 fn= 725 caller= android.view.SurfaceView.applyOrMergeTransaction:1455 android.view.SurfaceView.-$$Nest$mapplyOrMergeTransaction:0 android.view.SurfaceView$SurfaceViewPositionUpdateListener.positionChanged:1537 
10-17 13:35:51.250   506   506 I SurfaceView@86d7559: Changes: creating=false format=false size=false visible=false alpha=false hint=false mUseAlpha=false visible=false left=false top=true
10-17 13:35:51.251   506   506 I SurfaceView@86d7559: 141391193 Cur surface: Surface(name=null)/@0x1fb1a59
10-17 13:35:51.251   506   506 I SurfaceView@86d7559: applyTransactionOnVriDraw: vri = ViewRootImpl@6dcaa2e[MainActivity] fRS = false t = 0x7b654fc600 android.view.SurfaceView.performSurfaceTransaction:959 android.view.SurfaceView.updateSurface:1105 android.view.SurfaceView.lambda$new$0$android-view-SurfaceView:200 
10-17 13:35:51.252   506   506 I ViewRootImpl@6dcaa2e[MainActivity]: applyTransactionOnDraw: mRemoved = false isHardwareEnabled = true t = 0x7b654fc600android.view.SurfaceView.applyTransactionOnVriDraw:2048 android.view.SurfaceView.performSurfaceTransaction:959 android.view.SurfaceView.updateSurface:1105 android.view.SurfaceView.lambda$new$0$android-view-SurfaceView:200 android.view.SurfaceView$$ExternalSyntheticLambda5.onPreDraw:2 
10-17 13:35:51.252   506   506 I SurfaceView@86d7559: updateSurface: mVisible = true mSurface.isValid() = true
10-17 13:35:51.252   506   506 I SurfaceView@86d7559: updateSurface: mSurfaceCreated = true surfaceChanged = false visibleChanged = false
10-17 13:35:51.252   506   506 V SurfaceView@86d7559: Layout: x=0 y=-789 w=1080 h=525, frame=Rect(0, 0 - 1080, 525)
10-17 13:35:51.264   506   589 D SurfaceView@86d7559: updateSurfacePosition RenderWorker, frameNr = 726, position = [0, -789, 1080, -264] surfaceSize = 1080x525
10-17 13:35:51.264   506   589 I SurfaceView@86d7559: uSP: rtp = Rect(0, -789 - 1080, -264) rtsw = 1080 rtsh = 525
10-17 13:35:51.264   506   589 I SurfaceView@86d7559: onSSPAndSRT: pl = 0 pt = -789 sx = 1.0 sy = 1.0
10-17 13:35:51.265   506   589 I SurfaceView@86d7559: aOrMT: ViewRootImpl@6dcaa2e[MainActivity] t = android.view.SurfaceControl$Transaction@1903af6 fN = 726 android.view.SurfaceView.-$$Nest$mapplyOrMergeTransaction:0 android.view.SurfaceView$SurfaceViewPositionUpdateListener.positionChanged:1537 android.graphics.RenderNode$CompositePositionUpdateListener.positionChanged:373 
10-17 13:35:51.266   506   589 I ViewRootImpl@6dcaa2e[MainActivity]: mWNT: t=0x7b0d5b6200 mBlastBufferQueue=0x7b5b1f3400 fn= 726 caller= android.view.SurfaceView.applyOrMergeTransaction:1455 android.view.SurfaceView.-$$Nest$mapplyOrMergeTransaction:0 android.view.SurfaceView$SurfaceViewPositionUpdateListener.positionChanged:1537 
10-17 13:35:51.266   506   506 I SurfaceView@86d7559: Changes: creating=false format=false size=false visible=false alpha=false hint=false mUseAlpha=false visible=false left=false top=true
10-17 13:35:51.266   506   506 I SurfaceView@86d7559: 141391193 Cur surface: Surface(name=null)/@0x1fb1a59
10-17 13:35:51.266   506   589 I ViewRootImpl@6dcaa2e[MainActivity]: mWNT: t=0x7b654fc600 mBlastBufferQueue=0x7b5b1f3400 fn= 726 caller= android.view.ViewRootImpl.lambda$applyTransactionOnDraw$11$android-view-ViewRootImpl:12865 android.view.ViewRootImpl$$ExternalSyntheticLambda1.onFrameDraw:4 android.graphics.HardwareRenderer$FrameDrawingCallback.onFrameDraw:924 
10-17 13:35:51.267   506   506 I SurfaceView@86d7559: applyTransactionOnVriDraw: vri = ViewRootImpl@6dcaa2e[MainActivity] fRS = false t = 0x7b654fc800 android.view.SurfaceView.performSurfaceTransaction:959 android.view.SurfaceView.updateSurface:1105 android.view.SurfaceView.lambda$new$0$android-view-SurfaceView:200 
10-17 13:35:51.267   506   506 I ViewRootImpl@6dcaa2e[MainActivity]: applyTransactionOnDraw: mRemoved = false isHardwareEnabled = true t = 0x7b654fc800android.view.SurfaceView.applyTransactionOnVriDraw:2048 android.view.SurfaceView.performSurfaceTransaction:959 android.view.SurfaceView.updateSurface:1105 android.view.SurfaceView.lambda$new$0$android-view-SurfaceView:200 android.view.SurfaceView$$ExternalSyntheticLambda5.onPreDraw:2 
10-17 13:35:51.267   506   506 I SurfaceView@86d7559: updateSurface: mVisible = true mSurface.isValid() = true
10-17 13:35:51.267   506   506 I SurfaceView@86d7559: updateSurface: mSurfaceCreated = true surfaceChanged = false visibleChanged = false
10-17 13:35:51.267   506   506 V SurfaceView@86d7559: Layout: x=0 y=-796 w=1080 h=525, frame=Rect(0, 0 - 1080, 525)
10-17 13:35:51.276   506   588 D SurfaceView@86d7559: updateSurfacePosition RenderWorker, frameNr = 727, position = [0, -796, 1080, -271] surfaceSize = 1080x525
10-17 13:35:51.276   506   588 I SurfaceView@86d7559: uSP: rtp = Rect(0, -796 - 1080, -271) rtsw = 1080 rtsh = 525
10-17 13:35:51.276   506   588 I SurfaceView@86d7559: onSSPAndSRT: pl = 0 pt = -796 sx = 1.0 sy = 1.0
10-17 13:35:51.276   506   588 I SurfaceView@86d7559: aOrMT: ViewRootImpl@6dcaa2e[MainActivity] t = android.view.SurfaceControl$Transaction@1903af6 fN = 727 android.view.SurfaceView.-$$Nest$mapplyOrMergeTransaction:0 android.view.SurfaceView$SurfaceViewPositionUpdateListener.positionChanged:1537 android.graphics.RenderNode$CompositePositionUpdateListener.positionChanged:373 
10-17 13:35:51.276   506   588 I ViewRootImpl@6dcaa2e[MainActivity]: mWNT: t=0x7b0d5b6200 mBlastBufferQueue=0x7b5b1f3400 fn= 727 caller= android.view.SurfaceView.applyOrMergeTransaction:1455 android.view.SurfaceView.-$$Nest$mapplyOrMergeTransaction:0 android.view.SurfaceView$SurfaceViewPositionUpdateListener.positionChanged:1537 
10-17 13:35:51.276   506   588 I ViewRootImpl@6dcaa2e[MainActivity]: mWNT: t=0x7b654fc800 mBlastBufferQueue=0x7b5b1f3400 fn= 727 caller= android.view.ViewRootImpl.lambda$applyTransactionOnDraw$11$android-view-ViewRootImpl:12865 android.view.ViewRootImpl$$ExternalSyntheticLambda1.onFrameDraw:4 android.graphics.HardwareRenderer$FrameDrawingCallback.onFrameDraw:924 
10-17 13:35:51.277   506   506 I SurfaceView@86d7559: Changes: creating=false format=false size=false visible=false alpha=false hint=false mUseAlpha=false visible=false left=false top=true
10-17 13:35:51.278   506   506 I SurfaceView@86d7559: 141391193 Cur surface: Surface(name=null)/@0x1fb1a59
10-17 13:35:51.278   506   506 I SurfaceView@86d7559: applyTransactionOnVriDraw: vri = ViewRootImpl@6dcaa2e[MainActivity] fRS = false t = 0x7b654fca00 android.view.SurfaceView.performSurfaceTransaction:959 android.view.SurfaceView.updateSurface:1105 android.view.SurfaceView.lambda$new$0$android-view-SurfaceView:200 
10-17 13:35:51.278   506   506 I ViewRootImpl@6dcaa2e[MainActivity]: applyTransactionOnDraw: mRemoved = false isHardwareEnabled = true t = 0x7b654fca00android.view.SurfaceView.applyTransactionOnVriDraw:2048 android.view.SurfaceView.performSurfaceTransaction:959 android.view.SurfaceView.updateSurface:1105 android.view.SurfaceView.lambda$new$0$android-view-SurfaceView:200 android.view.SurfaceView$$ExternalSyntheticLambda5.onPreDraw:2 
10-17 13:35:51.278   506   506 I SurfaceView@86d7559: updateSurface: mVisible = true mSurface.isValid() = true
10-17 13:35:51.278   506   506 I SurfaceView@86d7559: updateSurface: mSurfaceCreated = true surfaceChanged = false visibleChanged = false
10-17 13:35:51.278   506   506 V SurfaceView@86d7559: Layout: x=0 y=-800 w=1080 h=525, frame=Rect(0, 0 - 1080, 525)
10-17 13:35:51.288   506   589 D SurfaceView@86d7559: updateSurfacePosition RenderWorker, frameNr = 728, position = [0, -800, 1080, -275] surfaceSize = 1080x525
10-17 13:35:51.288   506   589 I SurfaceView@86d7559: uSP: rtp = Rect(0, -800 - 1080, -275) rtsw = 1080 rtsh = 525
10-17 13:35:51.288   506   589 I SurfaceView@86d7559: onSSPAndSRT: pl = 0 pt = -800 sx = 1.0 sy = 1.0
10-17 13:35:51.288   506   589 I SurfaceView@86d7559: aOrMT: ViewRootImpl@6dcaa2e[MainActivity] t = android.view.SurfaceControl$Transaction@1903af6 fN = 728 android.view.SurfaceView.-$$Nest$mapplyOrMergeTransaction:0 android.view.SurfaceView$SurfaceViewPositionUpdateListener.positionChanged:1537 android.graphics.RenderNode$CompositePositionUpdateListener.positionChanged:373 
10-17 13:35:51.288   506   589 I ViewRootImpl@6dcaa2e[MainActivity]: mWNT: t=0x7b0d5b6200 mBlastBufferQueue=0x7b5b1f3400 fn= 728 caller= android.view.SurfaceView.applyOrMergeTransaction:1455 android.view.SurfaceView.-$$Nest$mapplyOrMergeTransaction:0 android.view.SurfaceView$SurfaceViewPositionUpdateListener.positionChanged:1537 
10-17 13:35:51.288   506   589 I ViewRootImpl@6dcaa2e[MainActivity]: mWNT: t=0x7b654fca00 mBlastBufferQueue=0x7b5b1f3400 fn= 728 caller= android.view.ViewRootImpl.lambda$applyTransactionOnDraw$11$android-view-ViewRootImpl:12865 android.view.ViewRootImpl$$ExternalSyntheticLambda1.onFrameDraw:4 android.graphics.HardwareRenderer$FrameDrawingCallback.onFrameDraw:924 
10-17 13:35:51.293   506   506 I SurfaceView@86d7559: Changes: creating=false format=false size=false visible=false alpha=false hint=false mUseAlpha=false visible=false left=false top=true
10-17 13:35:51.293   506   506 I SurfaceView@86d7559: 141391193 Cur surface: Surface(name=null)/@0x1fb1a59
10-17 13:35:51.294   506   506 I SurfaceView@86d7559: applyTransactionOnVriDraw: vri = ViewRootImpl@6dcaa2e[MainActivity] fRS = false t = 0x7b654fce00 android.view.SurfaceView.performSurfaceTransaction:959 android.view.SurfaceView.updateSurface:1105 android.view.SurfaceView.lambda$new$0$android-view-SurfaceView:200 
10-17 13:35:51.294   506   506 I ViewRootImpl@6dcaa2e[MainActivity]: applyTransactionOnDraw: mRemoved = false isHardwareEnabled = true t = 0x7b654fce00android.view.SurfaceView.applyTransactionOnVriDraw:2048 android.view.SurfaceView.performSurfaceTransaction:959 android.view.SurfaceView.updateSurface:1105 android.view.SurfaceView.lambda$new$0$android-view-SurfaceView:200 android.view.SurfaceView$$ExternalSyntheticLambda5.onPreDraw:2 
10-17 13:35:51.294   506   506 I SurfaceView@86d7559: updateSurface: mVisible = true mSurface.isValid() = true
10-17 13:35:51.294   506   506 I SurfaceView@86d7559: updateSurface: mSurfaceCreated = true surfaceChanged = false visibleChanged = false
10-17 13:35:51.294   506   506 V SurfaceView@86d7559: Layout: x=0 y=-801 w=1080 h=525, frame=Rect(0, 0 - 1080, 525)
10-17 13:35:51.302   506   588 D SurfaceView@86d7559: updateSurfacePosition RenderWorker, frameNr = 729, position = [0, -801, 1080, -276] surfaceSize = 1080x525
10-17 13:35:51.302   506   588 I SurfaceView@86d7559: uSP: rtp = Rect(0, -801 - 1080, -276) rtsw = 1080 rtsh = 525
10-17 13:35:51.302   506   588 I SurfaceView@86d7559: onSSPAndSRT: pl = 0 pt = -801 sx = 1.0 sy = 1.0
10-17 13:35:51.302   506   588 I SurfaceView@86d7559: aOrMT: ViewRootImpl@6dcaa2e[MainActivity] t = android.view.SurfaceControl$Transaction@1903af6 fN = 729 android.view.SurfaceView.-$$Nest$mapplyOrMergeTransaction:0 android.view.SurfaceView$SurfaceViewPositionUpdateListener.positionChanged:1537 android.graphics.RenderNode$CompositePositionUpdateListener.positionChanged:373 
10-17 13:35:51.303   506   588 I ViewRootImpl@6dcaa2e[MainActivity]: mWNT: t=0x7b0d5b6200 mBlastBufferQueue=0x7b5b1f3400 fn= 729 caller= android.view.SurfaceView.applyOrMergeTransaction:1455 android.view.SurfaceView.-$$Nest$mapplyOrMergeTransaction:0 android.view.SurfaceView$SurfaceViewPositionUpdateListener.positionChanged:1537 
10-17 13:35:51.303   506   588 I ViewRootImpl@6dcaa2e[MainActivity]: mWNT: t=0x7b654fce00 mBlastBufferQueue=0x7b5b1f3400 fn= 729 caller= android.view.ViewRootImpl.lambda$applyTransactionOnDraw$11$android-view-ViewRootImpl:12865 android.view.ViewRootImpl$$ExternalSyntheticLambda1.onFrameDraw:4 android.graphics.HardwareRenderer$FrameDrawingCallback.onFrameDraw:924 
10-17 13:35:51.310   506   506 I SurfaceView@86d7559: Changes: creating=false format=false size=false visible=false alpha=false hint=false mUseAlpha=false visible=false left=false top=true
10-17 13:35:51.310   506   506 I SurfaceView@86d7559: 141391193 Cur surface: Surface(name=null)/@0x1fb1a59
10-17 13:35:51.310   506   506 I SurfaceView@86d7559: applyTransactionOnVriDraw: vri = ViewRootImpl@6dcaa2e[MainActivity] fRS = false t = 0x7b65525000 android.view.SurfaceView.performSurfaceTransaction:959 android.view.SurfaceView.updateSurface:1105 android.view.SurfaceView.lambda$new$0$android-view-SurfaceView:200 
10-17 13:35:51.311   506   506 I ViewRootImpl@6dcaa2e[MainActivity]: applyTransactionOnDraw: mRemoved = false isHardwareEnabled = true t = 0x7b65525000android.view.SurfaceView.applyTransactionOnVriDraw:2048 android.view.SurfaceView.performSurfaceTransaction:959 android.view.SurfaceView.updateSurface:1105 android.view.SurfaceView.lambda$new$0$android-view-SurfaceView:200 android.view.SurfaceView$$ExternalSyntheticLambda5.onPreDraw:2 
10-17 13:35:51.311   506   506 I SurfaceView@86d7559: updateSurface: mVisible = true mSurface.isValid() = true
10-17 13:35:51.311   506   506 I SurfaceView@86d7559: updateSurface: mSurfaceCreated = true surfaceChanged = false visibleChanged = false
10-17 13:35:51.311   506   506 V SurfaceView@86d7559: Layout: x=0 y=-802 w=1080 h=525, frame=Rect(0, 0 - 1080, 525)
10-17 13:35:51.319   506   589 D SurfaceView@86d7559: updateSurfacePosition RenderWorker, frameNr = 730, position = [0, -802, 1080, -277] surfaceSize = 1080x525
10-17 13:35:51.319   506   589 I SurfaceView@86d7559: uSP: rtp = Rect(0, -802 - 1080, -277) rtsw = 1080 rtsh = 525
10-17 13:35:51.319   506   589 I SurfaceView@86d7559: onSSPAndSRT: pl = 0 pt = -802 sx = 1.0 sy = 1.0
10-17 13:35:51.319   506   589 I SurfaceView@86d7559: aOrMT: ViewRootImpl@6dcaa2e[MainActivity] t = android.view.SurfaceControl$Transaction@1903af6 fN = 730 android.view.SurfaceView.-$$Nest$mapplyOrMergeTransaction:0 android.view.SurfaceView$SurfaceViewPositionUpdateListener.positionChanged:1537 android.graphics.RenderNode$CompositePositionUpdateListener.positionChanged:373 
10-17 13:35:51.319   506   589 I ViewRootImpl@6dcaa2e[MainActivity]: mWNT: t=0x7b0d5b6200 mBlastBufferQueue=0x7b5b1f3400 fn= 730 caller= android.view.SurfaceView.applyOrMergeTransaction:1455 android.view.SurfaceView.-$$Nest$mapplyOrMergeTransaction:0 android.view.SurfaceView$SurfaceViewPositionUpdateListener.positionChanged:1537 
10-17 13:35:51.319   506   589 I ViewRootImpl@6dcaa2e[MainActivity]: mWNT: t=0x7b65525000 mBlastBufferQueue=0x7b5b1f3400 fn= 730 caller= android.view.ViewRootImpl.lambda$applyTransactionOnDraw$11$android-view-ViewRootImpl:12865 android.view.ViewRootImpl$$ExternalSyntheticLambda1.onFrameDraw:4 android.graphics.HardwareRenderer$FrameDrawingCallback.onFrameDraw:924 
10-17 13:35:51.360   506   506 I SurfaceView@86d7559: Changes: creating=false format=false size=false visible=false alpha=false hint=false mUseAlpha=false visible=false left=false top=true
10-17 13:35:51.361   506   506 I SurfaceView@86d7559: 141391193 Cur surface: Surface(name=null)/@0x1fb1a59
10-17 13:35:51.361   506   506 I SurfaceView@86d7559: applyTransactionOnVriDraw: vri = ViewRootImpl@6dcaa2e[MainActivity] fRS = false t = 0x7b65525200 android.view.SurfaceView.performSurfaceTransaction:959 android.view.SurfaceView.updateSurface:1105 android.view.SurfaceView.lambda$new$0$android-view-SurfaceView:200 
10-17 13:35:51.361   506   506 I ViewRootImpl@6dcaa2e[MainActivity]: applyTransactionOnDraw: mRemoved = false isHardwareEnabled = true t = 0x7b65525200android.view.SurfaceView.applyTransactionOnVriDraw:2048 android.view.SurfaceView.performSurfaceTransaction:959 android.view.SurfaceView.updateSurface:1105 android.view.SurfaceView.lambda$new$0$android-view-SurfaceView:200 android.view.SurfaceView$$ExternalSyntheticLambda5.onPreDraw:2 
10-17 13:35:51.361   506   506 I SurfaceView@86d7559: updateSurface: mVisible = true mSurface.isValid() = true
10-17 13:35:51.361   506   506 I SurfaceView@86d7559: updateSurface: mSurfaceCreated = true surfaceChanged = false visibleChanged = false
10-17 13:35:51.362   506   506 V SurfaceView@86d7559: Layout: x=0 y=-804 w=1080 h=525, frame=Rect(0, 0 - 1080, 525)
10-17 13:35:51.373   506   588 D SurfaceView@86d7559: updateSurfacePosition RenderWorker, frameNr = 733, position = [0, -804, 1080, -279] surfaceSize = 1080x525
10-17 13:35:51.373   506   588 I SurfaceView@86d7559: uSP: rtp = Rect(0, -804 - 1080, -279) rtsw = 1080 rtsh = 525
10-17 13:35:51.373   506   588 I SurfaceView@86d7559: onSSPAndSRT: pl = 0 pt = -804 sx = 1.0 sy = 1.0
10-17 13:35:51.373   506   588 I SurfaceView@86d7559: aOrMT: ViewRootImpl@6dcaa2e[MainActivity] t = android.view.SurfaceControl$Transaction@1903af6 fN = 733 android.view.SurfaceView.-$$Nest$mapplyOrMergeTransaction:0 android.view.SurfaceView$SurfaceViewPositionUpdateListener.positionChanged:1537 android.graphics.RenderNode$CompositePositionUpdateListener.positionChanged:373 
10-17 13:35:51.373   506   588 I ViewRootImpl@6dcaa2e[MainActivity]: mWNT: t=0x7b0d5b6200 mBlastBufferQueue=0x7b5b1f3400 fn= 733 caller= android.view.SurfaceView.applyOrMergeTransaction:1455 android.view.SurfaceView.-$$Nest$mapplyOrMergeTransaction:0 android.view.SurfaceView$SurfaceViewPositionUpdateListener.positionChanged:1537 
10-17 13:35:51.374   506   588 I ViewRootImpl@6dcaa2e[MainActivity]: mWNT: t=0x7b65525200 mBlastBufferQueue=0x7b5b1f3400 fn= 733 caller= android.view.ViewRootImpl.lambda$applyTransactionOnDraw$11$android-view-ViewRootImpl:12865 android.view.ViewRootImpl$$ExternalSyntheticLambda1.onFrameDraw:4 android.graphics.HardwareRenderer$FrameDrawingCallback.onFrameDraw:924 
10-17 13:35:51.376   506   506 I ViewRootImpl@6dcaa2e[MainActivity]: ViewPostIme pointer 1
10-17 13:35:51.377   506   506 I SurfaceView@86d7559: Changes: creating=false format=false size=false visible=false alpha=false hint=false mUseAlpha=false visible=false left=false top=true
10-17 13:35:51.377   506   506 I SurfaceView@86d7559: 141391193 Cur surface: Surface(name=null)/@0x1fb1a59
10-17 13:35:51.377   506   506 I SurfaceView@86d7559: applyTransactionOnVriDraw: vri = ViewRootImpl@6dcaa2e[MainActivity] fRS = false t = 0x7b65525400 android.view.SurfaceView.performSurfaceTransaction:959 android.view.SurfaceView.updateSurface:1105 android.view.SurfaceView.lambda$new$0$android-view-SurfaceView:200 
10-17 13:35:51.378   506   506 I ViewRootImpl@6dcaa2e[MainActivity]: applyTransactionOnDraw: mRemoved = false isHardwareEnabled = true t = 0x7b65525400android.view.SurfaceView.applyTransactionOnVriDraw:2048 android.view.SurfaceView.performSurfaceTransaction:959 android.view.SurfaceView.updateSurface:1105 android.view.SurfaceView.lambda$new$0$android-view-SurfaceView:200 android.view.SurfaceView$$ExternalSyntheticLambda5.onPreDraw:2 
10-17 13:35:51.378   506   506 I SurfaceView@86d7559: updateSurface: mVisible = true mSurface.isValid() = true
10-17 13:35:51.378   506   506 I SurfaceView@86d7559: updateSurface: mSurfaceCreated = true surfaceChanged = false visibleChanged = false
10-17 13:35:51.378   506   506 V SurfaceView@86d7559: Layout: x=0 y=-805 w=1080 h=525, frame=Rect(0, 0 - 1080, 525)
10-17 13:35:51.389   506   589 D SurfaceView@86d7559: updateSurfacePosition RenderWorker, frameNr = 734, position = [0, -805, 1080, -280] surfaceSize = 1080x525
10-17 13:35:51.389   506   589 I SurfaceView@86d7559: uSP: rtp = Rect(0, -805 - 1080, -280) rtsw = 1080 rtsh = 525
10-17 13:35:51.389   506   589 I SurfaceView@86d7559: onSSPAndSRT: pl = 0 pt = -805 sx = 1.0 sy = 1.0
10-17 13:35:51.389   506   589 I SurfaceView@86d7559: aOrMT: ViewRootImpl@6dcaa2e[MainActivity] t = android.view.SurfaceControl$Transaction@1903af6 fN = 734 android.view.SurfaceView.-$$Nest$mapplyOrMergeTransaction:0 android.view.SurfaceView$SurfaceViewPositionUpdateListener.positionChanged:1537 android.graphics.RenderNode$CompositePositionUpdateListener.positionChanged:373 
10-17 13:35:51.390   506   589 I ViewRootImpl@6dcaa2e[MainActivity]: mWNT: t=0x7b0d5b6200 mBlastBufferQueue=0x7b5b1f3400 fn= 734 caller= android.view.SurfaceView.applyOrMergeTransaction:1455 android.view.SurfaceView.-$$Nest$mapplyOrMergeTransaction:0 android.view.SurfaceView$SurfaceViewPositionUpdateListener.positionChanged:1537 
10-17 13:35:51.390   506   589 I ViewRootImpl@6dcaa2e[MainActivity]: mWNT: t=0x7b65525400 mBlastBufferQueue=0x7b5b1f3400 fn= 734 caller= android.view.ViewRootImpl.lambda$applyTransactionOnDraw$11$android-view-ViewRootImpl:12865 android.view.ViewRootImpl$$ExternalSyntheticLambda1.onFrameDraw:4 android.graphics.HardwareRenderer$FrameDrawingCallback.onFrameDraw:924 
10-17 13:35:51.724   506   506 I ViewRootImpl@6dcaa2e[MainActivity]: ViewPostIme pointer 0
10-17 13:35:52.253   506   506 I Dialog  : mIsDeviceDefault = false, mIsSamsungBasicInteraction = false, isMetaDataInActivity = false
10-17 13:35:52.295   506   506 I DecorView: [INFO] isPopOver=false config=false
10-17 13:35:52.295   506   506 I DecorView: updateCaptionType: isFloating=false isApplication=true hasWindowDecorCaption=false this=DecorView@4835671[]
10-17 13:35:52.295   506   506 D DecorView: setCaptionType = 0, this = DecorView@4835671[]
10-17 13:35:52.299   506   506 I DecorView: getCurrentDensityDpi: from app context. densityDpi=420 msg=resources_loaded
10-17 13:35:52.299   506   506 I DecorView: setWindowBackground: isPopOver=false color=0 d=android.graphics.drawable.ColorDrawable@53c84d7
10-17 13:35:52.313   506   529 D NativeCustomFrequencyManager: [NativeCFMS] BpCustomFrequencyManager::BpCustomFrequencyManager()
10-17 13:35:52.314   506   506 I DecorView: notifyKeepScreenOnChanged: keepScreenOn=false
10-17 13:35:52.335   506   506 D InsetsController: onStateChanged: InsetsState: {mDisplayFrame=Rect(0, 0 - 1080, 2400), mDisplayCutout=DisplayCutout{insets=Rect(0, 88 - 0, 0) waterfall=Insets{left=0, top=0, right=0, bottom=0} boundingRect={Bounds=[Rect(0, 0 - 0, 0), Rect(512, 0 - 568, 88), Rect(0, 0 - 0, 0), Rect(0, 0 - 0, 0)]} cutoutPathParserInfo={CutoutPathParserInfo{displayWidth=1080 displayHeight=2400 physicalDisplayWidth=1080 physicalDisplayHeight=2400 density={2.625} cutoutSpec={M 0,0 M 0,12.25101276465640 a 10.60613009248640,10.60613009248640 0 1,0 0,21.21226018497290 a 10.60613009248640,10.60613009248640 0 1,0 0,-21.21226018497290 Z @dp} rotation={0} scale={1.0} physicalPixelDisplaySizeRatio={1.0}}}}, mRoundedCorners=RoundedCorners{[RoundedCorner{position=TopLeft, radius=84, center=Point(84, 84)}, RoundedCorner{position=TopRight, radius=84, center=Point(996, 84)}, RoundedCorner{position=BottomRight, radius=84, center=Point(996, 2316)}, RoundedCorner{position=BottomLeft, radius=84, center=Point(84, 2316)}]}  mRoundedCornerFrame=Rect(0, 0 - 1080, 2400), mPrivacyIndicatorBounds=PrivacyIndicatorBounds {static bounds=Rect(964, 0 - 1080, 87) rotation=0}, mSources= { InsetsSource: {mType=ITYPE_STATUS_BAR, mFrame=[0,0][1080,88], mVisible=true, mInsetsRoundedCornerFrame=false}, InsetsSource: {mType=ITYPE_NAVIGATION_BAR, mFrame=[0,2361][1080,2400], mVisible=true, mInsetsRoundedCornerFrame=false}, InsetsSource: {mType=ITYPE_LEFT_GESTURES, mFrame=[0,0][130,2400], mVisible=true, mInsetsRoundedCornerFrame=false}, InsetsSource: {mType=ITYPE_RIGHT_GESTURES, mFrame=[950,0][1080,2400], mVisible=true, mInsetsRoundedCornerFrame=false}, InsetsSource: {mType=ITYPE_TOP_MANDATORY_GESTURES, mFrame=[0,0][1080,120], mVisible=true, mInsetsRoundedCornerFrame=false}, InsetsSource: {mType=ITYPE_BOTTOM_MANDATORY_GESTURES, mFrame=[0,2316][1080,2400], mVisible=true, mInsetsRoundedCornerFrame=false}, InsetsSource: {mType=ITYPE_LEFT_DISPLAY_CUTOUT, mFrame=[0,0][-100000,2400], mVisible=true, mInsetsRoundedCornerFrame=false}, InsetsSource: {mType=ITYPE_TOP_DISPLAY_CUTOUT, mFrame=[0,0][1080,88], mVisible=true, mInsetsRoundedCornerFrame=false}, InsetsSource: {mType=ITYPE_RIGHT_DISPLAY_CUTOUT, mFrame=[100000,0][1080,2400], mVisible=true, mInsetsRoundedCornerFrame=false}, InsetsSource: {mType=ITYPE_BOTTOM_DISPLAY_CUTOUT, mFrame=[0,100000][1080,2400], mVisible=true, mInsetsRoundedCornerFrame=false}, InsetsSource: {mType=ITYPE_TOP_TAPPABLE_ELEMENT, mFrame=[0,0][1080,88], mVisible=true, mInsetsRoundedCornerFrame=false}, InsetsSource: {mType=ITYPE_BOTTOM_TAPPABLE_ELEMENT, mFrame=[0,0][0,0], mVisible=true, mInsetsRoundedCornerFrame=false}, InsetsSource: {mType=ITYPE_IME, mFrame=[0,0][0,0], mVisibleFrame=[0,1409][1080,2400], mVisible=false, mInsetsRoundedCornerFrame=false} } host=com.lagradost.cloudstream3/com.lagradost.cloudstream3.MainActivity from=android.view.ViewRootImpl.setView:1732
10-17 13:35:52.337   506   506 I ViewRootImpl@22c055c[MainActivity]: setView = com.android.internal.policy.DecorView@4835671 TM=true
10-17 13:35:52.359   506   506 I ViewRootImpl@22c055c[MainActivity]: performTraversals params={(0,0)(fillxfill) gr=CENTER sim={adjust=resize forwardNavigation} ty=APPLICATION fmt=TRANSPARENT wanim=0x7f14000b
10-17 13:35:52.359   506   506 I ViewRootImpl@22c055c[MainActivity]:   fl=85810100
10-17 13:35:52.359   506   506 I ViewRootImpl@22c055c[MainActivity]:   pfl=12020040
10-17 13:35:52.359   506   506 I ViewRootImpl@22c055c[MainActivity]:   vsysui=500
10-17 13:35:52.359   506   506 I ViewRootImpl@22c055c[MainActivity]:   bhv=DEFAULT
