10-17 14:48:26.277 14381 14381 I SurfaceView@551d8ae: Changes: creating=false format=false size=false visible=false alpha=false hint=false mUseAlpha=false visible=false left=false top=true
10-17 14:48:26.277 14381 14381 I SurfaceView@551d8ae: 89249966 Cur surface: Surface(name=null)/@0x734a30a
10-17 14:48:26.277 14381 14381 I SurfaceView@551d8ae: applyTransactionOnVriDraw: vri = ViewRootImpl@562a9cf[MainActivity] fRS = false t = 0x7b44580600 android.view.SurfaceView.performSurfaceTransaction:959 android.view.SurfaceView.updateSurface:1105 android.view.SurfaceView.lambda$new$0$android-view-SurfaceView:200 
10-17 14:48:26.278 14381 14381 I ViewRootImpl@562a9cf[MainActivity]: applyTransactionOnDraw: mRemoved = false isHardwareEnabled = true t = 0x7b44580600android.view.SurfaceView.applyTransactionOnVriDraw:2048 android.view.SurfaceView.performSurfaceTransaction:959 android.view.SurfaceView.updateSurface:1105 android.view.SurfaceView.lambda$new$0$android-view-SurfaceView:200 android.view.SurfaceView$$ExternalSyntheticLambda5.onPreDraw:2 
10-17 14:48:26.278 14381 14381 I SurfaceView@551d8ae: updateSurface: mVisible = true mSurface.isValid() = true
10-17 14:48:26.278 14381 14381 I SurfaceView@551d8ae: updateSurface: mSurfaceCreated = true surfaceChanged = false visibleChanged = false
10-17 14:48:26.278 14381 14381 V SurfaceView@551d8ae: Layout: x=0 y=8 w=1080 h=525, frame=Rect(0, 0 - 1080, 525)
10-17 14:48:26.286 14381 14461 D SurfaceView@551d8ae: updateSurfacePosition RenderWorker, frameNr = 754, position = [0, -37, 1080, 488] surfaceSize = 1080x525
10-17 14:48:26.286 14381 14461 I SurfaceView@551d8ae: uSP: rtp = Rect(0, -37 - 1080, 488) rtsw = 1080 rtsh = 525
10-17 14:48:26.286 14381 14461 I SurfaceView@551d8ae: onSSPAndSRT: pl = 0 pt = -37 sx = 1.0 sy = 1.0
10-17 14:48:26.286 14381 14461 I SurfaceView@551d8ae: aOrMT: ViewRootImpl@562a9cf[MainActivity] t = android.view.SurfaceControl$Transaction@f894229 fN = 754 android.view.SurfaceView.-$$Nest$mapplyOrMergeTransaction:0 android.view.SurfaceView$SurfaceViewPositionUpdateListener.positionChanged:1537 android.graphics.RenderNode$CompositePositionUpdateListener.positionChanged:373 
10-17 14:48:26.287 14381 14461 I ViewRootImpl@562a9cf[MainActivity]: mWNT: t=0x7b5b272100 mBlastBufferQueue=0x7b443aa800 fn= 754 caller= android.view.SurfaceView.applyOrMergeTransaction:1455 android.view.SurfaceView.-$$Nest$mapplyOrMergeTransaction:0 android.view.SurfaceView$SurfaceViewPositionUpdateListener.positionChanged:1537 
10-17 14:48:26.287 14381 14461 I ViewRootImpl@562a9cf[MainActivity]: mWNT: t=0x7b44580600 mBlastBufferQueue=0x7b443aa800 fn= 754 caller= android.view.ViewRootImpl.lambda$applyTransactionOnDraw$11$android-view-ViewRootImpl:12865 android.view.ViewRootImpl$$ExternalSyntheticLambda1.onFrameDraw:4 android.graphics.HardwareRenderer$FrameDrawingCallback.onFrameDraw:924 
10-17 14:48:26.292 14381 14381 I SurfaceView@551d8ae: Changes: creating=false format=false size=false visible=false alpha=false hint=false mUseAlpha=false visible=false left=false top=true
10-17 14:48:26.293 14381 14381 I SurfaceView@551d8ae: 89249966 Cur surface: Surface(name=null)/@0x734a30a
10-17 14:48:26.293 14381 14381 I SurfaceView@551d8ae: applyTransactionOnVriDraw: vri = ViewRootImpl@562a9cf[MainActivity] fRS = false t = 0x7b44580800 android.view.SurfaceView.performSurfaceTransaction:959 android.view.SurfaceView.updateSurface:1105 android.view.SurfaceView.lambda$new$0$android-view-SurfaceView:200 
10-17 14:48:26.294 14381 14381 I ViewRootImpl@562a9cf[MainActivity]: applyTransactionOnDraw: mRemoved = false isHardwareEnabled = true t = 0x7b44580800android.view.SurfaceView.applyTransactionOnVriDraw:2048 android.view.SurfaceView.performSurfaceTransaction:959 android.view.SurfaceView.updateSurface:1105 android.view.SurfaceView.lambda$new$0$android-view-SurfaceView:200 android.view.SurfaceView$$ExternalSyntheticLambda5.onPreDraw:2 
10-17 14:48:26.294 14381 14381 I SurfaceView@551d8ae: updateSurface: mVisible = true mSurface.isValid() = true
10-17 14:48:26.294 14381 14381 I SurfaceView@551d8ae: updateSurface: mSurfaceCreated = true surfaceChanged = false visibleChanged = false
10-17 14:48:26.294 14381 14381 V SurfaceView@551d8ae: Layout: x=0 y=-37 w=1080 h=525, frame=Rect(0, 0 - 1080, 525)
10-17 14:48:26.307 14381 14463 D SurfaceView@551d8ae: updateSurfacePosition RenderWorker, frameNr = 755, position = [0, -84, 1080, 441] surfaceSize = 1080x525
10-17 14:48:26.307 14381 14463 I SurfaceView@551d8ae: uSP: rtp = Rect(0, -84 - 1080, 441) rtsw = 1080 rtsh = 525
10-17 14:48:26.307 14381 14463 I SurfaceView@551d8ae: onSSPAndSRT: pl = 0 pt = -84 sx = 1.0 sy = 1.0
10-17 14:48:26.308 14381 14463 I SurfaceView@551d8ae: aOrMT: ViewRootImpl@562a9cf[MainActivity] t = android.view.SurfaceControl$Transaction@f894229 fN = 755 android.view.SurfaceView.-$$Nest$mapplyOrMergeTransaction:0 android.view.SurfaceView$SurfaceViewPositionUpdateListener.positionChanged:1537 android.graphics.RenderNode$CompositePositionUpdateListener.positionChanged:373 
10-17 14:48:26.308 14381 14463 I ViewRootImpl@562a9cf[MainActivity]: mWNT: t=0x7b5b272100 mBlastBufferQueue=0x7b443aa800 fn= 755 caller= android.view.SurfaceView.applyOrMergeTransaction:1455 android.view.SurfaceView.-$$Nest$mapplyOrMergeTransaction:0 android.view.SurfaceView$SurfaceViewPositionUpdateListener.positionChanged:1537 
10-17 14:48:26.308 14381 14463 I ViewRootImpl@562a9cf[MainActivity]: mWNT: t=0x7b44580800 mBlastBufferQueue=0x7b443aa800 fn= 755 caller= android.view.ViewRootImpl.lambda$applyTransactionOnDraw$11$android-view-ViewRootImpl:12865 android.view.ViewRootImpl$$ExternalSyntheticLambda1.onFrameDraw:4 android.graphics.HardwareRenderer$FrameDrawingCallback.onFrameDraw:924 
10-17 14:48:26.311 14381 14381 I SurfaceView@551d8ae: Changes: creating=false format=false size=false visible=false alpha=false hint=false mUseAlpha=false visible=false left=false top=true
10-17 14:48:26.311 14381 14381 I SurfaceView@551d8ae: 89249966 Cur surface: Surface(name=null)/@0x734a30a
10-17 14:48:26.311 14381 14381 I SurfaceView@551d8ae: applyTransactionOnVriDraw: vri = ViewRootImpl@562a9cf[MainActivity] fRS = false t = 0x7b44580e00 android.view.SurfaceView.performSurfaceTransaction:959 android.view.SurfaceView.updateSurface:1105 android.view.SurfaceView.lambda$new$0$android-view-SurfaceView:200 
10-17 14:48:26.312 14381 14381 I ViewRootImpl@562a9cf[MainActivity]: applyTransactionOnDraw: mRemoved = false isHardwareEnabled = true t = 0x7b44580e00android.view.SurfaceView.applyTransactionOnVriDraw:2048 android.view.SurfaceView.performSurfaceTransaction:959 android.view.SurfaceView.updateSurface:1105 android.view.SurfaceView.lambda$new$0$android-view-SurfaceView:200 android.view.SurfaceView$$ExternalSyntheticLambda5.onPreDraw:2 
10-17 14:48:26.312 14381 14381 I SurfaceView@551d8ae: updateSurface: mVisible = true mSurface.isValid() = true
10-17 14:48:26.312 14381 14381 I SurfaceView@551d8ae: updateSurface: mSurfaceCreated = true surfaceChanged = false visibleChanged = false
10-17 14:48:26.312 14381 14381 V SurfaceView@551d8ae: Layout: x=0 y=-84 w=1080 h=525, frame=Rect(0, 0 - 1080, 525)
10-17 14:48:26.317 14381 14461 D SurfaceView@551d8ae: updateSurfacePosition RenderWorker, frameNr = 756, position = [0, -129, 1080, 396] surfaceSize = 1080x525
10-17 14:48:26.318 14381 14461 I SurfaceView@551d8ae: uSP: rtp = Rect(0, -129 - 1080, 396) rtsw = 1080 rtsh = 525
10-17 14:48:26.318 14381 14461 I SurfaceView@551d8ae: onSSPAndSRT: pl = 0 pt = -129 sx = 1.0 sy = 1.0
10-17 14:48:26.318 14381 14461 I SurfaceView@551d8ae: aOrMT: ViewRootImpl@562a9cf[MainActivity] t = android.view.SurfaceControl$Transaction@f894229 fN = 756 android.view.SurfaceView.-$$Nest$mapplyOrMergeTransaction:0 android.view.SurfaceView$SurfaceViewPositionUpdateListener.positionChanged:1537 android.graphics.RenderNode$CompositePositionUpdateListener.positionChanged:373 
10-17 14:48:26.318 14381 14461 I ViewRootImpl@562a9cf[MainActivity]: mWNT: t=0x7b5b272100 mBlastBufferQueue=0x7b443aa800 fn= 756 caller= android.view.SurfaceView.applyOrMergeTransaction:1455 android.view.SurfaceView.-$$Nest$mapplyOrMergeTransaction:0 android.view.SurfaceView$SurfaceViewPositionUpdateListener.positionChanged:1537 
10-17 14:48:26.318 14381 14461 I ViewRootImpl@562a9cf[MainActivity]: mWNT: t=0x7b44580e00 mBlastBufferQueue=0x7b443aa800 fn= 756 caller= android.view.ViewRootImpl.lambda$applyTransactionOnDraw$11$android-view-ViewRootImpl:12865 android.view.ViewRootImpl$$ExternalSyntheticLambda1.onFrameDraw:4 android.graphics.HardwareRenderer$FrameDrawingCallback.onFrameDraw:924 
10-17 14:48:26.324 14381 14381 I SurfaceView@551d8ae: Changes: creating=false format=false size=false visible=false alpha=false hint=false mUseAlpha=false visible=false left=false top=true
10-17 14:48:26.324 14381 14381 I SurfaceView@551d8ae: 89249966 Cur surface: Surface(name=null)/@0x734a30a
10-17 14:48:26.324 14381 14381 I SurfaceView@551d8ae: applyTransactionOnVriDraw: vri = ViewRootImpl@562a9cf[MainActivity] fRS = false t = 0x7b4458c000 android.view.SurfaceView.performSurfaceTransaction:959 android.view.SurfaceView.updateSurface:1105 android.view.SurfaceView.lambda$new$0$android-view-SurfaceView:200 
10-17 14:48:26.324 14381 14381 I ViewRootImpl@562a9cf[MainActivity]: applyTransactionOnDraw: mRemoved = false isHardwareEnabled = true t = 0x7b4458c000android.view.SurfaceView.applyTransactionOnVriDraw:2048 android.view.SurfaceView.performSurfaceTransaction:959 android.view.SurfaceView.updateSurface:1105 android.view.SurfaceView.lambda$new$0$android-view-SurfaceView:200 android.view.SurfaceView$$ExternalSyntheticLambda5.onPreDraw:2 
10-17 14:48:26.324 14381 14381 I SurfaceView@551d8ae: updateSurface: mVisible = true mSurface.isValid() = true
10-17 14:48:26.324 14381 14381 I SurfaceView@551d8ae: updateSurface: mSurfaceCreated = true surfaceChanged = false visibleChanged = false
10-17 14:48:26.324 14381 14381 V SurfaceView@551d8ae: Layout: x=0 y=-129 w=1080 h=525, frame=Rect(0, 0 - 1080, 525)
10-17 14:48:26.332 14381 14463 D SurfaceView@551d8ae: updateSurfacePosition RenderWorker, frameNr = 757, position = [0, -172, 1080, 353] surfaceSize = 1080x525
10-17 14:48:26.332 14381 14463 I SurfaceView@551d8ae: uSP: rtp = Rect(0, -172 - 1080, 353) rtsw = 1080 rtsh = 525
10-17 14:48:26.332 14381 14463 I SurfaceView@551d8ae: onSSPAndSRT: pl = 0 pt = -172 sx = 1.0 sy = 1.0
10-17 14:48:26.332 14381 14463 I SurfaceView@551d8ae: aOrMT: ViewRootImpl@562a9cf[MainActivity] t = android.view.SurfaceControl$Transaction@f894229 fN = 757 android.view.SurfaceView.-$$Nest$mapplyOrMergeTransaction:0 android.view.SurfaceView$SurfaceViewPositionUpdateListener.positionChanged:1537 android.graphics.RenderNode$CompositePositionUpdateListener.positionChanged:373 
10-17 14:48:26.332 14381 14463 I ViewRootImpl@562a9cf[MainActivity]: mWNT: t=0x7b5b272100 mBlastBufferQueue=0x7b443aa800 fn= 757 caller= android.view.SurfaceView.applyOrMergeTransaction:1455 android.view.SurfaceView.-$$Nest$mapplyOrMergeTransaction:0 android.view.SurfaceView$SurfaceViewPositionUpdateListener.positionChanged:1537 
10-17 14:48:26.332 14381 14463 I ViewRootImpl@562a9cf[MainActivity]: mWNT: t=0x7b4458c000 mBlastBufferQueue=0x7b443aa800 fn= 757 caller= android.view.ViewRootImpl.lambda$applyTransactionOnDraw$11$android-view-ViewRootImpl:12865 android.view.ViewRootImpl$$ExternalSyntheticLambda1.onFrameDraw:4 android.graphics.HardwareRenderer$FrameDrawingCallback.onFrameDraw:924 
10-17 14:48:26.341 14381 14381 I SurfaceView@551d8ae: Changes: creating=false format=false size=false visible=false alpha=false hint=false mUseAlpha=false visible=false left=false top=true
10-17 14:48:26.341 14381 14381 I SurfaceView@551d8ae: 89249966 Cur surface: Surface(name=null)/@0x734a30a
10-17 14:48:26.341 14381 14381 I SurfaceView@551d8ae: applyTransactionOnVriDraw: vri = ViewRootImpl@562a9cf[MainActivity] fRS = false t = 0x7ca93b4300 android.view.SurfaceView.performSurfaceTransaction:959 android.view.SurfaceView.updateSurface:1105 android.view.SurfaceView.lambda$new$0$android-view-SurfaceView:200 
10-17 14:48:26.341 14381 14381 I ViewRootImpl@562a9cf[MainActivity]: applyTransactionOnDraw: mRemoved = false isHardwareEnabled = true t = 0x7ca93b4300android.view.SurfaceView.applyTransactionOnVriDraw:2048 android.view.SurfaceView.performSurfaceTransaction:959 android.view.SurfaceView.updateSurface:1105 android.view.SurfaceView.lambda$new$0$android-view-SurfaceView:200 android.view.SurfaceView$$ExternalSyntheticLambda5.onPreDraw:2 
10-17 14:48:26.341 14381 14381 I SurfaceView@551d8ae: updateSurface: mVisible = true mSurface.isValid() = true
10-17 14:48:26.341 14381 14381 I SurfaceView@551d8ae: updateSurface: mSurfaceCreated = true surfaceChanged = false visibleChanged = false
10-17 14:48:26.341 14381 14381 V SurfaceView@551d8ae: Layout: x=0 y=-172 w=1080 h=525, frame=Rect(0, 0 - 1080, 525)
10-17 14:48:26.351 14381 14461 D SurfaceView@551d8ae: updateSurfacePosition RenderWorker, frameNr = 758, position = [0, -217, 1080, 308] surfaceSize = 1080x525
10-17 14:48:26.351 14381 14461 I SurfaceView@551d8ae: uSP: rtp = Rect(0, -217 - 1080, 308) rtsw = 1080 rtsh = 525
10-17 14:48:26.351 14381 14461 I SurfaceView@551d8ae: onSSPAndSRT: pl = 0 pt = -217 sx = 1.0 sy = 1.0
10-17 14:48:26.352 14381 14461 I SurfaceView@551d8ae: aOrMT: ViewRootImpl@562a9cf[MainActivity] t = android.view.SurfaceControl$Transaction@f894229 fN = 758 android.view.SurfaceView.-$$Nest$mapplyOrMergeTransaction:0 android.view.SurfaceView$SurfaceViewPositionUpdateListener.positionChanged:1537 android.graphics.RenderNode$CompositePositionUpdateListener.positionChanged:373 
10-17 14:48:26.352 14381 14461 I ViewRootImpl@562a9cf[MainActivity]: mWNT: t=0x7b5b272100 mBlastBufferQueue=0x7b443aa800 fn= 758 caller= android.view.SurfaceView.applyOrMergeTransaction:1455 android.view.SurfaceView.-$$Nest$mapplyOrMergeTransaction:0 android.view.SurfaceView$SurfaceViewPositionUpdateListener.positionChanged:1537 
10-17 14:48:26.352 14381 14461 I ViewRootImpl@562a9cf[MainActivity]: mWNT: t=0x7ca93b4300 mBlastBufferQueue=0x7b443aa800 fn= 758 caller= android.view.ViewRootImpl.lambda$applyTransactionOnDraw$11$android-view-ViewRootImpl:12865 android.view.ViewRootImpl$$ExternalSyntheticLambda1.onFrameDraw:4 android.graphics.HardwareRenderer$FrameDrawingCallback.onFrameDraw:924 
10-17 14:48:26.358 14381 14381 I SurfaceView@551d8ae: Changes: creating=false format=false size=false visible=false alpha=false hint=false mUseAlpha=false visible=false left=false top=true
10-17 14:48:26.358 14381 14381 I SurfaceView@551d8ae: 89249966 Cur surface: Surface(name=null)/@0x734a30a
10-17 14:48:26.358 14381 14381 I SurfaceView@551d8ae: applyTransactionOnVriDraw: vri = ViewRootImpl@562a9cf[MainActivity] fRS = false t = 0x7ca93b4600 android.view.SurfaceView.performSurfaceTransaction:959 android.view.SurfaceView.updateSurface:1105 android.view.SurfaceView.lambda$new$0$android-view-SurfaceView:200 
10-17 14:48:26.359 14381 14381 I ViewRootImpl@562a9cf[MainActivity]: applyTransactionOnDraw: mRemoved = false isHardwareEnabled = true t = 0x7ca93b4600android.view.SurfaceView.applyTransactionOnVriDraw:2048 android.view.SurfaceView.performSurfaceTransaction:959 android.view.SurfaceView.updateSurface:1105 android.view.SurfaceView.lambda$new$0$android-view-SurfaceView:200 android.view.SurfaceView$$ExternalSyntheticLambda5.onPreDraw:2 
10-17 14:48:26.359 14381 14381 I SurfaceView@551d8ae: updateSurface: mVisible = true mSurface.isValid() = true
10-17 14:48:26.359 14381 14381 I SurfaceView@551d8ae: updateSurface: mSurfaceCreated = true surfaceChanged = false visibleChanged = false
10-17 14:48:26.359 14381 14381 V SurfaceView@551d8ae: Layout: x=0 y=-217 w=1080 h=525, frame=Rect(0, 0 - 1080, 525)
10-17 14:48:26.370 14381 14463 D SurfaceView@551d8ae: updateSurfacePosition RenderWorker, frameNr = 759, position = [0, -257, 1080, 268] surfaceSize = 1080x525
10-17 14:48:26.370 14381 14463 I SurfaceView@551d8ae: uSP: rtp = Rect(0, -257 - 1080, 268) rtsw = 1080 rtsh = 525
10-17 14:48:26.370 14381 14463 I SurfaceView@551d8ae: onSSPAndSRT: pl = 0 pt = -257 sx = 1.0 sy = 1.0
10-17 14:48:26.370 14381 14463 I SurfaceView@551d8ae: aOrMT: ViewRootImpl@562a9cf[MainActivity] t = android.view.SurfaceControl$Transaction@f894229 fN = 759 android.view.SurfaceView.-$$Nest$mapplyOrMergeTransaction:0 android.view.SurfaceView$SurfaceViewPositionUpdateListener.positionChanged:1537 android.graphics.RenderNode$CompositePositionUpdateListener.positionChanged:373 
10-17 14:48:26.370 14381 14463 I ViewRootImpl@562a9cf[MainActivity]: mWNT: t=0x7b5b272100 mBlastBufferQueue=0x7b443aa800 fn= 759 caller= android.view.SurfaceView.applyOrMergeTransaction:1455 android.view.SurfaceView.-$$Nest$mapplyOrMergeTransaction:0 android.view.SurfaceView$SurfaceViewPositionUpdateListener.positionChanged:1537 
10-17 14:48:26.371 14381 14463 I ViewRootImpl@562a9cf[MainActivity]: mWNT: t=0x7ca93b4600 mBlastBufferQueue=0x7b443aa800 fn= 759 caller= android.view.ViewRootImpl.lambda$applyTransactionOnDraw$11$android-view-ViewRootImpl:12865 android.view.ViewRootImpl$$ExternalSyntheticLambda1.onFrameDraw:4 android.graphics.HardwareRenderer$FrameDrawingCallback.onFrameDraw:924 
10-17 14:48:26.375 14381 14381 I SurfaceView@551d8ae: Changes: creating=false format=false size=false visible=false alpha=false hint=false mUseAlpha=false visible=false left=false top=true
10-17 14:48:26.375 14381 14381 I SurfaceView@551d8ae: 89249966 Cur surface: Surface(name=null)/@0x734a30a
10-17 14:48:26.376 14381 14381 I SurfaceView@551d8ae: applyTransactionOnVriDraw: vri = ViewRootImpl@562a9cf[MainActivity] fRS = false t = 0x7b4458c200 android.view.SurfaceView.performSurfaceTransaction:959 android.view.SurfaceView.updateSurface:1105 android.view.SurfaceView.lambda$new$0$android-view-SurfaceView:200 
10-17 14:48:26.376 14381 14381 I ViewRootImpl@562a9cf[MainActivity]: applyTransactionOnDraw: mRemoved = false isHardwareEnabled = true t = 0x7b4458c200android.view.SurfaceView.applyTransactionOnVriDraw:2048 android.view.SurfaceView.performSurfaceTransaction:959 android.view.SurfaceView.updateSurface:1105 android.view.SurfaceView.lambda$new$0$android-view-SurfaceView:200 android.view.SurfaceView$$ExternalSyntheticLambda5.onPreDraw:2 
10-17 14:48:26.376 14381 14381 I SurfaceView@551d8ae: updateSurface: mVisible = true mSurface.isValid() = true
10-17 14:48:26.376 14381 14381 I SurfaceView@551d8ae: updateSurface: mSurfaceCreated = true surfaceChanged = false visibleChanged = false
10-17 14:48:26.376 14381 14381 V SurfaceView@551d8ae: Layout: x=0 y=-257 w=1080 h=525, frame=Rect(0, 0 - 1080, 525)
10-17 14:48:26.387 14381 14461 D SurfaceView@551d8ae: updateSurfacePosition RenderWorker, frameNr = 760, position = [0, -297, 1080, 228] surfaceSize = 1080x525
10-17 14:48:26.387 14381 14461 I SurfaceView@551d8ae: uSP: rtp = Rect(0, -297 - 1080, 228) rtsw = 1080 rtsh = 525
10-17 14:48:26.387 14381 14461 I SurfaceView@551d8ae: onSSPAndSRT: pl = 0 pt = -297 sx = 1.0 sy = 1.0
10-17 14:48:26.387 14381 14461 I SurfaceView@551d8ae: aOrMT: ViewRootImpl@562a9cf[MainActivity] t = android.view.SurfaceControl$Transaction@f894229 fN = 760 android.view.SurfaceView.-$$Nest$mapplyOrMergeTransaction:0 android.view.SurfaceView$SurfaceViewPositionUpdateListener.positionChanged:1537 android.graphics.RenderNode$CompositePositionUpdateListener.positionChanged:373 
10-17 14:48:26.387 14381 14461 I ViewRootImpl@562a9cf[MainActivity]: mWNT: t=0x7b5b272100 mBlastBufferQueue=0x7b443aa800 fn= 760 caller= android.view.SurfaceView.applyOrMergeTransaction:1455 android.view.SurfaceView.-$$Nest$mapplyOrMergeTransaction:0 android.view.SurfaceView$SurfaceViewPositionUpdateListener.positionChanged:1537 
10-17 14:48:26.388 14381 14461 I ViewRootImpl@562a9cf[MainActivity]: mWNT: t=0x7b4458c200 mBlastBufferQueue=0x7b443aa800 fn= 760 caller= android.view.ViewRootImpl.lambda$applyTransactionOnDraw$11$android-view-ViewRootImpl:12865 android.view.ViewRootImpl$$ExternalSyntheticLambda1.onFrameDraw:4 android.graphics.HardwareRenderer$FrameDrawingCallback.onFrameDraw:924 
10-17 14:48:26.392 14381 14381 I SurfaceView@551d8ae: Changes: creating=false format=false size=false visible=false alpha=false hint=false mUseAlpha=false visible=false left=false top=true
10-17 14:48:26.392 14381 14381 I SurfaceView@551d8ae: 89249966 Cur surface: Surface(name=null)/@0x734a30a
10-17 14:48:26.392 14381 14381 I SurfaceView@551d8ae: applyTransactionOnVriDraw: vri = ViewRootImpl@562a9cf[MainActivity] fRS = false t = 0x7b4458c400 android.view.SurfaceView.performSurfaceTransaction:959 android.view.SurfaceView.updateSurface:1105 android.view.SurfaceView.lambda$new$0$android-view-SurfaceView:200 
10-17 14:48:26.392 14381 14381 I ViewRootImpl@562a9cf[MainActivity]: applyTransactionOnDraw: mRemoved = false isHardwareEnabled = true t = 0x7b4458c400android.view.SurfaceView.applyTransactionOnVriDraw:2048 android.view.SurfaceView.performSurfaceTransaction:959 android.view.SurfaceView.updateSurface:1105 android.view.SurfaceView.lambda$new$0$android-view-SurfaceView:200 android.view.SurfaceView$$ExternalSyntheticLambda5.onPreDraw:2 
10-17 14:48:26.393 14381 14381 I SurfaceView@551d8ae: updateSurface: mVisible = true mSurface.isValid() = true
10-17 14:48:26.393 14381 14381 I SurfaceView@551d8ae: updateSurface: mSurfaceCreated = true surfaceChanged = false visibleChanged = false
10-17 14:48:26.393 14381 14381 V SurfaceView@551d8ae: Layout: x=0 y=-297 w=1080 h=525, frame=Rect(0, 0 - 1080, 525)
10-17 14:48:26.404 14381 14463 D SurfaceView@551d8ae: updateSurfacePosition RenderWorker, frameNr = 761, position = [0, -336, 1080, 189] surfaceSize = 1080x525
10-17 14:48:26.404 14381 14463 I SurfaceView@551d8ae: uSP: rtp = Rect(0, -336 - 1080, 189) rtsw = 1080 rtsh = 525
10-17 14:48:26.404 14381 14463 I SurfaceView@551d8ae: onSSPAndSRT: pl = 0 pt = -336 sx = 1.0 sy = 1.0
10-17 14:48:26.405 14381 14463 I SurfaceView@551d8ae: aOrMT: ViewRootImpl@562a9cf[MainActivity] t = android.view.SurfaceControl$Transaction@f894229 fN = 761 android.view.SurfaceView.-$$Nest$mapplyOrMergeTransaction:0 android.view.SurfaceView$SurfaceViewPositionUpdateListener.positionChanged:1537 android.graphics.RenderNode$CompositePositionUpdateListener.positionChanged:373 
10-17 14:48:26.405 14381 14463 I ViewRootImpl@562a9cf[MainActivity]: mWNT: t=0x7b5b272100 mBlastBufferQueue=0x7b443aa800 fn= 761 caller= android.view.SurfaceView.applyOrMergeTransaction:1455 android.view.SurfaceView.-$$Nest$mapplyOrMergeTransaction:0 android.view.SurfaceView$SurfaceViewPositionUpdateListener.positionChanged:1537 
10-17 14:48:26.405 14381 14463 I ViewRootImpl@562a9cf[MainActivity]: mWNT: t=0x7b4458c400 mBlastBufferQueue=0x7b443aa800 fn= 761 caller= android.view.ViewRootImpl.lambda$applyTransactionOnDraw$11$android-view-ViewRootImpl:12865 android.view.ViewRootImpl$$ExternalSyntheticLambda1.onFrameDraw:4 android.graphics.HardwareRenderer$FrameDrawingCallback.onFrameDraw:924 
10-17 14:48:26.408 14381 14381 I SurfaceView@551d8ae: Changes: creating=false format=false size=false visible=false alpha=false hint=false mUseAlpha=false visible=false left=false top=true
10-17 14:48:26.408 14381 14381 I SurfaceView@551d8ae: 89249966 Cur surface: Surface(name=null)/@0x734a30a
10-17 14:48:26.409 14381 14381 I SurfaceView@551d8ae: applyTransactionOnVriDraw: vri = ViewRootImpl@562a9cf[MainActivity] fRS = false t = 0x7b4458c600 android.view.SurfaceView.performSurfaceTransaction:959 android.view.SurfaceView.updateSurface:1105 android.view.SurfaceView.lambda$new$0$android-view-SurfaceView:200 
10-17 14:48:26.409 14381 14381 I ViewRootImpl@562a9cf[MainActivity]: applyTransactionOnDraw: mRemoved = false isHardwareEnabled = true t = 0x7b4458c600android.view.SurfaceView.applyTransactionOnVriDraw:2048 android.view.SurfaceView.performSurfaceTransaction:959 android.view.SurfaceView.updateSurface:1105 android.view.SurfaceView.lambda$new$0$android-view-SurfaceView:200 android.view.SurfaceView$$ExternalSyntheticLambda5.onPreDraw:2 
10-17 14:48:26.409 14381 14381 I SurfaceView@551d8ae: updateSurface: mVisible = true mSurface.isValid() = true
10-17 14:48:26.409 14381 14381 I SurfaceView@551d8ae: updateSurface: mSurfaceCreated = true surfaceChanged = false visibleChanged = false
10-17 14:48:26.409 14381 14381 V SurfaceView@551d8ae: Layout: x=0 y=-336 w=1080 h=525, frame=Rect(0, 0 - 1080, 525)
10-17 14:48:26.423 14381 14461 D SurfaceView@551d8ae: updateSurfacePosition RenderWorker, frameNr = 762, position = [0, -370, 1080, 155] surfaceSize = 1080x525
10-17 14:48:26.423 14381 14461 I SurfaceView@551d8ae: uSP: rtp = Rect(0, -370 - 1080, 155) rtsw = 1080 rtsh = 525
10-17 14:48:26.423 14381 14461 I SurfaceView@551d8ae: onSSPAndSRT: pl = 0 pt = -370 sx = 1.0 sy = 1.0
10-17 14:48:26.424 14381 14461 I SurfaceView@551d8ae: aOrMT: ViewRootImpl@562a9cf[MainActivity] t = android.view.SurfaceControl$Transaction@f894229 fN = 762 android.view.SurfaceView.-$$Nest$mapplyOrMergeTransaction:0 android.view.SurfaceView$SurfaceViewPositionUpdateListener.positionChanged:1537 android.graphics.RenderNode$CompositePositionUpdateListener.positionChanged:373 
10-17 14:48:26.424 14381 14461 I ViewRootImpl@562a9cf[MainActivity]: mWNT: t=0x7b5b272100 mBlastBufferQueue=0x7b443aa800 fn= 762 caller= android.view.SurfaceView.applyOrMergeTransaction:1455 android.view.SurfaceView.-$$Nest$mapplyOrMergeTransaction:0 android.view.SurfaceView$SurfaceViewPositionUpdateListener.positionChanged:1537 
10-17 14:48:26.425 14381 14461 I ViewRootImpl@562a9cf[MainActivity]: mWNT: t=0x7b4458c600 mBlastBufferQueue=0x7b443aa800 fn= 762 caller= android.view.ViewRootImpl.lambda$applyTransactionOnDraw$11$android-view-ViewRootImpl:12865 android.view.ViewRootImpl$$ExternalSyntheticLambda1.onFrameDraw:4 android.graphics.HardwareRenderer$FrameDrawingCallback.onFrameDraw:924 
10-17 14:48:26.426 14381 14381 I SurfaceView@551d8ae: Changes: creating=false format=false size=false visible=false alpha=false hint=false mUseAlpha=false visible=false left=false top=true
10-17 14:48:26.427 14381 14381 I SurfaceView@551d8ae: 89249966 Cur surface: Surface(name=null)/@0x734a30a
10-17 14:48:26.427 14381 14381 I SurfaceView@551d8ae: applyTransactionOnVriDraw: vri = ViewRootImpl@562a9cf[MainActivity] fRS = false t = 0x7b4458cb00 android.view.SurfaceView.performSurfaceTransaction:959 android.view.SurfaceView.updateSurface:1105 android.view.SurfaceView.lambda$new$0$android-view-SurfaceView:200 
10-17 14:48:26.428 14381 14381 I ViewRootImpl@562a9cf[MainActivity]: applyTransactionOnDraw: mRemoved = false isHardwareEnabled = true t = 0x7b4458cb00android.view.SurfaceView.applyTransactionOnVriDraw:2048 android.view.SurfaceView.performSurfaceTransaction:959 android.view.SurfaceView.updateSurface:1105 android.view.SurfaceView.lambda$new$0$android-view-SurfaceView:200 android.view.SurfaceView$$ExternalSyntheticLambda5.onPreDraw:2 
10-17 14:48:26.428 14381 14381 I SurfaceView@551d8ae: updateSurface: mVisible = true mSurface.isValid() = true
10-17 14:48:26.428 14381 14381 I SurfaceView@551d8ae: updateSurface: mSurfaceCreated = true surfaceChanged = false visibleChanged = false
10-17 14:48:26.428 14381 14381 V SurfaceView@551d8ae: Layout: x=0 y=-370 w=1080 h=525, frame=Rect(0, 0 - 1080, 525)
10-17 14:48:26.438 14381 14463 D SurfaceView@551d8ae: updateSurfacePosition RenderWorker, frameNr = 763, position = [0, -405, 1080, 120] surfaceSize = 1080x525
10-17 14:48:26.439 14381 14463 I SurfaceView@551d8ae: uSP: rtp = Rect(0, -405 - 1080, 120) rtsw = 1080 rtsh = 525
10-17 14:48:26.439 14381 14463 I SurfaceView@551d8ae: onSSPAndSRT: pl = 0 pt = -405 sx = 1.0 sy = 1.0
10-17 14:48:26.439 14381 14463 I SurfaceView@551d8ae: aOrMT: ViewRootImpl@562a9cf[MainActivity] t = android.view.SurfaceControl$Transaction@f894229 fN = 763 android.view.SurfaceView.-$$Nest$mapplyOrMergeTransaction:0 android.view.SurfaceView$SurfaceViewPositionUpdateListener.positionChanged:1537 android.graphics.RenderNode$CompositePositionUpdateListener.positionChanged:373 
10-17 14:48:26.439 14381 14463 I ViewRootImpl@562a9cf[MainActivity]: mWNT: t=0x7b5b272100 mBlastBufferQueue=0x7b443aa800 fn= 763 caller= android.view.SurfaceView.applyOrMergeTransaction:1455 android.view.SurfaceView.-$$Nest$mapplyOrMergeTransaction:0 android.view.SurfaceView$SurfaceViewPositionUpdateListener.positionChanged:1537 
10-17 14:48:26.439 14381 14463 I ViewRootImpl@562a9cf[MainActivity]: mWNT: t=0x7b4458cb00 mBlastBufferQueue=0x7b443aa800 fn= 763 caller= android.view.ViewRootImpl.lambda$applyTransactionOnDraw$11$android-view-ViewRootImpl:12865 android.view.ViewRootImpl$$ExternalSyntheticLambda1.onFrameDraw:4 android.graphics.HardwareRenderer$FrameDrawingCallback.onFrameDraw:924 
10-17 14:48:26.441 14381 14381 I SurfaceView@551d8ae: Changes: creating=false format=false size=false visible=false alpha=false hint=false mUseAlpha=false visible=false left=false top=true
10-17 14:48:26.441 14381 14381 I SurfaceView@551d8ae: 89249966 Cur surface: Surface(name=null)/@0x734a30a
10-17 14:48:26.442 14381 14381 I SurfaceView@551d8ae: applyTransactionOnVriDraw: vri = ViewRootImpl@562a9cf[MainActivity] fRS = false t = 0x7b4458cd00 android.view.SurfaceView.performSurfaceTransaction:959 android.view.SurfaceView.updateSurface:1105 android.view.SurfaceView.lambda$new$0$android-view-SurfaceView:200 
10-17 14:48:26.442 14381 14381 I ViewRootImpl@562a9cf[MainActivity]: applyTransactionOnDraw: mRemoved = false isHardwareEnabled = true t = 0x7b4458cd00android.view.SurfaceView.applyTransactionOnVriDraw:2048 android.view.SurfaceView.performSurfaceTransaction:959 android.view.SurfaceView.updateSurface:1105 android.view.SurfaceView.lambda$new$0$android-view-SurfaceView:200 android.view.SurfaceView$$ExternalSyntheticLambda5.onPreDraw:2 
10-17 14:48:26.442 14381 14381 I SurfaceView@551d8ae: updateSurface: mVisible = true mSurface.isValid() = true
10-17 14:48:26.442 14381 14381 I SurfaceView@551d8ae: updateSurface: mSurfaceCreated = true surfaceChanged = false visibleChanged = false
10-17 14:48:26.442 14381 14381 V SurfaceView@551d8ae: Layout: x=0 y=-405 w=1080 h=525, frame=Rect(0, 0 - 1080, 525)
10-17 14:48:26.451 14381 14461 D SurfaceView@551d8ae: updateSurfacePosition RenderWorker, frameNr = 764, position = [0, -437, 1080, 88] surfaceSize = 1080x525
10-17 14:48:26.451 14381 14461 I SurfaceView@551d8ae: uSP: rtp = Rect(0, -437 - 1080, 88) rtsw = 1080 rtsh = 525
10-17 14:48:26.451 14381 14461 I SurfaceView@551d8ae: onSSPAndSRT: pl = 0 pt = -437 sx = 1.0 sy = 1.0
10-17 14:48:26.451 14381 14461 I SurfaceView@551d8ae: aOrMT: ViewRootImpl@562a9cf[MainActivity] t = android.view.SurfaceControl$Transaction@f894229 fN = 764 android.view.SurfaceView.-$$Nest$mapplyOrMergeTransaction:0 android.view.SurfaceView$SurfaceViewPositionUpdateListener.positionChanged:1537 android.graphics.RenderNode$CompositePositionUpdateListener.positionChanged:373 
10-17 14:48:26.451 14381 14461 I ViewRootImpl@562a9cf[MainActivity]: mWNT: t=0x7b5b272100 mBlastBufferQueue=0x7b443aa800 fn= 764 caller= android.view.SurfaceView.applyOrMergeTransaction:1455 android.view.SurfaceView.-$$Nest$mapplyOrMergeTransaction:0 android.view.SurfaceView$SurfaceViewPositionUpdateListener.positionChanged:1537 
10-17 14:48:26.451 14381 14461 I ViewRootImpl@562a9cf[MainActivity]: mWNT: t=0x7b4458cd00 mBlastBufferQueue=0x7b443aa800 fn= 764 caller= android.view.ViewRootImpl.lambda$applyTransactionOnDraw$11$android-view-ViewRootImpl:12865 android.view.ViewRootImpl$$ExternalSyntheticLambda1.onFrameDraw:4 android.graphics.HardwareRenderer$FrameDrawingCallback.onFrameDraw:924 
10-17 14:48:26.457 14381 14381 I SurfaceView@551d8ae: Changes: creating=false format=false size=false visible=false alpha=false hint=false mUseAlpha=false visible=false left=false top=true
10-17 14:48:26.458 14381 14381 I SurfaceView@551d8ae: 89249966 Cur surface: Surface(name=null)/@0x734a30a
10-17 14:48:26.458 14381 14381 I SurfaceView@551d8ae: applyTransactionOnVriDraw: vri = ViewRootImpl@562a9cf[MainActivity] fRS = false t = 0x7b446cef00 android.view.SurfaceView.performSurfaceTransaction:959 android.view.SurfaceView.updateSurface:1105 android.view.SurfaceView.lambda$new$0$android-view-SurfaceView:200 
10-17 14:48:26.458 14381 14381 I ViewRootImpl@562a9cf[MainActivity]: applyTransactionOnDraw: mRemoved = false isHardwareEnabled = true t = 0x7b446cef00android.view.SurfaceView.applyTransactionOnVriDraw:2048 android.view.SurfaceView.performSurfaceTransaction:959 android.view.SurfaceView.updateSurface:1105 android.view.SurfaceView.lambda$new$0$android-view-SurfaceView:200 android.view.SurfaceView$$ExternalSyntheticLambda5.onPreDraw:2 
10-17 14:48:26.458 14381 14381 I SurfaceView@551d8ae: updateSurface: mVisible = true mSurface.isValid() = true
10-17 14:48:26.458 14381 14381 I SurfaceView@551d8ae: updateSurface: mSurfaceCreated = true surfaceChanged = false visibleChanged = false
10-17 14:48:26.458 14381 14381 V SurfaceView@551d8ae: Layout: x=0 y=-437 w=1080 h=525, frame=Rect(0, 0 - 1080, 525)
10-17 14:48:26.465 14381 14463 D SurfaceView@551d8ae: updateSurfacePosition RenderWorker, frameNr = 765, position = [0, -466, 1080, 59] surfaceSize = 1080x525
10-17 14:48:26.465 14381 14463 I SurfaceView@551d8ae: uSP: rtp = Rect(0, -466 - 1080, 59) rtsw = 1080 rtsh = 525
10-17 14:48:26.465 14381 14463 I SurfaceView@551d8ae: onSSPAndSRT: pl = 0 pt = -466 sx = 1.0 sy = 1.0
10-17 14:48:26.465 14381 14463 I SurfaceView@551d8ae: aOrMT: ViewRootImpl@562a9cf[MainActivity] t = android.view.SurfaceControl$Transaction@f894229 fN = 765 android.view.SurfaceView.-$$Nest$mapplyOrMergeTransaction:0 android.view.SurfaceView$SurfaceViewPositionUpdateListener.positionChanged:1537 android.graphics.RenderNode$CompositePositionUpdateListener.positionChanged:373 
10-17 14:48:26.465 14381 14463 I ViewRootImpl@562a9cf[MainActivity]: mWNT: t=0x7b5b272100 mBlastBufferQueue=0x7b443aa800 fn= 765 caller= android.view.SurfaceView.applyOrMergeTransaction:1455 android.view.SurfaceView.-$$Nest$mapplyOrMergeTransaction:0 android.view.SurfaceView$SurfaceViewPositionUpdateListener.positionChanged:1537 
10-17 14:48:26.465 14381 14463 I ViewRootImpl@562a9cf[MainActivity]: mWNT: t=0x7b446cef00 mBlastBufferQueue=0x7b443aa800 fn= 765 caller= android.view.ViewRootImpl.lambda$applyTransactionOnDraw$11$android-view-ViewRootImpl:12865 android.view.ViewRootImpl$$ExternalSyntheticLambda1.onFrameDraw:4 android.graphics.HardwareRenderer$FrameDrawingCallback.onFrameDraw:924 
10-17 14:48:26.476 14381 14381 I SurfaceView@551d8ae: Changes: creating=false format=false size=false visible=false alpha=false hint=false mUseAlpha=false visible=false left=false top=true
10-17 14:48:26.476 14381 14381 I SurfaceView@551d8ae: 89249966 Cur surface: Surface(name=null)/@0x734a30a
10-17 14:48:26.477 14381 14381 I SurfaceView@551d8ae: applyTransactionOnVriDraw: vri = ViewRootImpl@562a9cf[MainActivity] fRS = false t = 0x7b446dc000 android.view.SurfaceView.performSurfaceTransaction:959 android.view.SurfaceView.updateSurface:1105 android.view.SurfaceView.lambda$new$0$android-view-SurfaceView:200 
10-17 14:48:26.477 14381 14381 I ViewRootImpl@562a9cf[MainActivity]: applyTransactionOnDraw: mRemoved = false isHardwareEnabled = true t = 0x7b446dc000android.view.SurfaceView.applyTransactionOnVriDraw:2048 android.view.SurfaceView.performSurfaceTransaction:959 android.view.SurfaceView.updateSurface:1105 android.view.SurfaceView.lambda$new$0$android-view-SurfaceView:200 android.view.SurfaceView$$ExternalSyntheticLambda5.onPreDraw:2 
10-17 14:48:26.477 14381 14381 I SurfaceView@551d8ae: updateSurface: mVisible = true mSurface.isValid() = true
10-17 14:48:26.477 14381 14381 I SurfaceView@551d8ae: updateSurface: mSurfaceCreated = true surfaceChanged = false visibleChanged = false
10-17 14:48:26.477 14381 14381 V SurfaceView@551d8ae: Layout: x=0 y=-466 w=1080 h=525, frame=Rect(0, 0 - 1080, 525)
10-17 14:48:26.487 14381 14461 D SurfaceView@551d8ae: updateSurfacePosition RenderWorker, frameNr = 766, position = [0, -496, 1080, 29] surfaceSize = 1080x525
10-17 14:48:26.487 14381 14461 I SurfaceView@551d8ae: uSP: rtp = Rect(0, -496 - 1080, 29) rtsw = 1080 rtsh = 525
10-17 14:48:26.487 14381 14461 I SurfaceView@551d8ae: onSSPAndSRT: pl = 0 pt = -496 sx = 1.0 sy = 1.0
10-17 14:48:26.487 14381 14461 I SurfaceView@551d8ae: aOrMT: ViewRootImpl@562a9cf[MainActivity] t = android.view.SurfaceControl$Transaction@f894229 fN = 766 android.view.SurfaceView.-$$Nest$mapplyOrMergeTransaction:0 android.view.SurfaceView$SurfaceViewPositionUpdateListener.positionChanged:1537 android.graphics.RenderNode$CompositePositionUpdateListener.positionChanged:373 
10-17 14:48:26.488 14381 14461 I ViewRootImpl@562a9cf[MainActivity]: mWNT: t=0x7b5b272100 mBlastBufferQueue=0x7b443aa800 fn= 766 caller= android.view.SurfaceView.applyOrMergeTransaction:1455 android.view.SurfaceView.-$$Nest$mapplyOrMergeTransaction:0 android.view.SurfaceView$SurfaceViewPositionUpdateListener.positionChanged:1537 
10-17 14:48:26.488 14381 14461 I ViewRootImpl@562a9cf[MainActivity]: mWNT: t=0x7b446dc000 mBlastBufferQueue=0x7b443aa800 fn= 766 caller= android.view.ViewRootImpl.lambda$applyTransactionOnDraw$11$android-view-ViewRootImpl:12865 android.view.ViewRootImpl$$ExternalSyntheticLambda1.onFrameDraw:4 android.graphics.HardwareRenderer$FrameDrawingCallback.onFrameDraw:924 
10-17 14:48:26.491 14381 14381 I SurfaceView@551d8ae: Changes: creating=false format=false size=false visible=false alpha=false hint=false mUseAlpha=false visible=false left=false top=true
10-17 14:48:26.491 14381 14381 I SurfaceView@551d8ae: 89249966 Cur surface: Surface(name=null)/@0x734a30a
10-17 14:48:26.491 14381 14381 I SurfaceView@551d8ae: applyTransactionOnVriDraw: vri = ViewRootImpl@562a9cf[MainActivity] fRS = false t = 0x7b446dc200 android.view.SurfaceView.performSurfaceTransaction:959 android.view.SurfaceView.updateSurface:1105 android.view.SurfaceView.lambda$new$0$android-view-SurfaceView:200 
10-17 14:48:26.491 14381 14381 I ViewRootImpl@562a9cf[MainActivity]: applyTransactionOnDraw: mRemoved = false isHardwareEnabled = true t = 0x7b446dc200android.view.SurfaceView.applyTransactionOnVriDraw:2048 android.view.SurfaceView.performSurfaceTransaction:959 android.view.SurfaceView.updateSurface:1105 android.view.SurfaceView.lambda$new$0$android-view-SurfaceView:200 android.view.SurfaceView$$ExternalSyntheticLambda5.onPreDraw:2 
10-17 14:48:26.491 14381 14381 I SurfaceView@551d8ae: updateSurface: mVisible = true mSurface.isValid() = true
10-17 14:48:26.492 14381 14381 I SurfaceView@551d8ae: updateSurface: mSurfaceCreated = true surfaceChanged = false visibleChanged = false
10-17 14:48:26.492 14381 14381 V SurfaceView@551d8ae: Layout: x=0 y=-496 w=1080 h=525, frame=Rect(0, 0 - 1080, 525)
10-17 14:48:26.500 14381 14463 D SurfaceView@551d8ae: updateSurfacePosition RenderWorker, frameNr = 767, position = [0, -524, 1080, 1] surfaceSize = 1080x525
10-17 14:48:26.500 14381 14463 I SurfaceView@551d8ae: uSP: rtp = Rect(0, -524 - 1080, 1) rtsw = 1080 rtsh = 525
10-17 14:48:26.500 14381 14463 I SurfaceView@551d8ae: onSSPAndSRT: pl = 0 pt = -524 sx = 1.0 sy = 1.0
10-17 14:48:26.500 14381 14463 I SurfaceView@551d8ae: aOrMT: ViewRootImpl@562a9cf[MainActivity] t = android.view.SurfaceControl$Transaction@f894229 fN = 767 android.view.SurfaceView.-$$Nest$mapplyOrMergeTransaction:0 android.view.SurfaceView$SurfaceViewPositionUpdateListener.positionChanged:1537 android.graphics.RenderNode$CompositePositionUpdateListener.positionChanged:373 
10-17 14:48:26.500 14381 14463 I ViewRootImpl@562a9cf[MainActivity]: mWNT: t=0x7b5b272100 mBlastBufferQueue=0x7b443aa800 fn= 767 caller= android.view.SurfaceView.applyOrMergeTransaction:1455 android.view.SurfaceView.-$$Nest$mapplyOrMergeTransaction:0 android.view.SurfaceView$SurfaceViewPositionUpdateListener.positionChanged:1537 
10-17 14:48:26.501 14381 14463 I ViewRootImpl@562a9cf[MainActivity]: mWNT: t=0x7b446dc200 mBlastBufferQueue=0x7b443aa800 fn= 767 caller= android.view.ViewRootImpl.lambda$applyTransactionOnDraw$11$android-view-ViewRootImpl:12865 android.view.ViewRootImpl$$ExternalSyntheticLambda1.onFrameDraw:4 android.graphics.HardwareRenderer$FrameDrawingCallback.onFrameDraw:924 
10-17 14:48:26.507 14381 14381 I SurfaceView@551d8ae: Changes: creating=false format=false size=false visible=false alpha=false hint=false mUseAlpha=false visible=false left=false top=true
10-17 14:48:26.507 14381 14381 I SurfaceView@551d8ae: 89249966 Cur surface: Surface(name=null)/@0x734a30a
10-17 14:48:26.508 14381 14381 I SurfaceView@551d8ae: applyTransactionOnVriDraw: vri = ViewRootImpl@562a9cf[MainActivity] fRS = false t = 0x7b446dc400 android.view.SurfaceView.performSurfaceTransaction:959 android.view.SurfaceView.updateSurface:1105 android.view.SurfaceView.lambda$new$0$android-view-SurfaceView:200 
10-17 14:48:26.508 14381 14381 I ViewRootImpl@562a9cf[MainActivity]: applyTransactionOnDraw: mRemoved = false isHardwareEnabled = true t = 0x7b446dc400android.view.SurfaceView.applyTransactionOnVriDraw:2048 android.view.SurfaceView.performSurfaceTransaction:959 android.view.SurfaceView.updateSurface:1105 android.view.SurfaceView.lambda$new$0$android-view-SurfaceView:200 android.view.SurfaceView$$ExternalSyntheticLambda5.onPreDraw:2 
10-17 14:48:26.508 14381 14381 I SurfaceView@551d8ae: updateSurface: mVisible = true mSurface.isValid() = true
10-17 14:48:26.508 14381 14381 I SurfaceView@551d8ae: updateSurface: mSurfaceCreated = true surfaceChanged = false visibleChanged = false
10-17 14:48:26.508 14381 14381 V SurfaceView@551d8ae: Layout: x=0 y=-524 w=1080 h=525, frame=Rect(0, 0 - 1080, 525)
10-17 14:48:26.517 14381 14461 D SurfaceView@551d8ae: updateSurfacePosition RenderWorker, frameNr = 768, position = [0, -549, 1080, -24] surfaceSize = 1080x525
10-17 14:48:26.517 14381 14461 I SurfaceView@551d8ae: uSP: rtp = Rect(0, -549 - 1080, -24) rtsw = 1080 rtsh = 525
10-17 14:48:26.517 14381 14461 I SurfaceView@551d8ae: onSSPAndSRT: pl = 0 pt = -549 sx = 1.0 sy = 1.0
10-17 14:48:26.518 14381 14461 I SurfaceView@551d8ae: aOrMT: ViewRootImpl@562a9cf[MainActivity] t = android.view.SurfaceControl$Transaction@f894229 fN = 768 android.view.SurfaceView.-$$Nest$mapplyOrMergeTransaction:0 android.view.SurfaceView$SurfaceViewPositionUpdateListener.positionChanged:1537 android.graphics.RenderNode$CompositePositionUpdateListener.positionChanged:373 
10-17 14:48:26.518 14381 14461 I ViewRootImpl@562a9cf[MainActivity]: mWNT: t=0x7b5b272100 mBlastBufferQueue=0x7b443aa800 fn= 768 caller= android.view.SurfaceView.applyOrMergeTransaction:1455 android.view.SurfaceView.-$$Nest$mapplyOrMergeTransaction:0 android.view.SurfaceView$SurfaceViewPositionUpdateListener.positionChanged:1537 
10-17 14:48:26.518 14381 14461 I ViewRootImpl@562a9cf[MainActivity]: mWNT: t=0x7b446dc400 mBlastBufferQueue=0x7b443aa800 fn= 768 caller= android.view.ViewRootImpl.lambda$applyTransactionOnDraw$11$android-view-ViewRootImpl:12865 android.view.ViewRootImpl$$ExternalSyntheticLambda1.onFrameDraw:4 android.graphics.HardwareRenderer$FrameDrawingCallback.onFrameDraw:924 
10-17 14:48:26.524 14381 14381 I SurfaceView@551d8ae: Changes: creating=false format=false size=false visible=false alpha=false hint=false mUseAlpha=false visible=false left=false top=true
10-17 14:48:26.524 14381 14381 I SurfaceView@551d8ae: 89249966 Cur surface: Surface(name=null)/@0x734a30a
10-17 14:48:26.525 14381 14381 I SurfaceView@551d8ae: applyTransactionOnVriDraw: vri = ViewRootImpl@562a9cf[MainActivity] fRS = false t = 0x7b446dc600 android.view.SurfaceView.performSurfaceTransaction:959 android.view.SurfaceView.updateSurface:1105 android.view.SurfaceView.lambda$new$0$android-view-SurfaceView:200 
10-17 14:48:26.525 14381 14381 I ViewRootImpl@562a9cf[MainActivity]: applyTransactionOnDraw: mRemoved = false isHardwareEnabled = true t = 0x7b446dc600android.view.SurfaceView.applyTransactionOnVriDraw:2048 android.view.SurfaceView.performSurfaceTransaction:959 android.view.SurfaceView.updateSurface:1105 android.view.SurfaceView.lambda$new$0$android-view-SurfaceView:200 android.view.SurfaceView$$ExternalSyntheticLambda5.onPreDraw:2 
10-17 14:48:26.525 14381 14381 I SurfaceView@551d8ae: updateSurface: mVisible = true mSurface.isValid() = true
10-17 14:48:26.525 14381 14381 I SurfaceView@551d8ae: updateSurface: mSurfaceCreated = true surfaceChanged = false visibleChanged = false
10-17 14:48:26.525 14381 14381 V SurfaceView@551d8ae: Layout: x=0 y=-549 w=1080 h=525, frame=Rect(0, 0 - 1080, 525)
10-17 14:48:26.536 14381 14463 D SurfaceView@551d8ae: updateSurfacePosition RenderWorker, frameNr = 769, position = [0, -574, 1080, -49] surfaceSize = 1080x525
10-17 14:48:26.536 14381 14463 I SurfaceView@551d8ae: uSP: rtp = Rect(0, -574 - 1080, -49) rtsw = 1080 rtsh = 525
10-17 14:48:26.536 14381 14463 I SurfaceView@551d8ae: onSSPAndSRT: pl = 0 pt = -574 sx = 1.0 sy = 1.0
10-17 14:48:26.536 14381 14463 I SurfaceView@551d8ae: aOrMT: ViewRootImpl@562a9cf[MainActivity] t = android.view.SurfaceControl$Transaction@f894229 fN = 769 android.view.SurfaceView.-$$Nest$mapplyOrMergeTransaction:0 android.view.SurfaceView$SurfaceViewPositionUpdateListener.positionChanged:1537 android.graphics.RenderNode$CompositePositionUpdateListener.positionChanged:373 
10-17 14:48:26.537 14381 14463 I ViewRootImpl@562a9cf[MainActivity]: mWNT: t=0x7b5b272100 mBlastBufferQueue=0x7b443aa800 fn= 769 caller= android.view.SurfaceView.applyOrMergeTransaction:1455 android.view.SurfaceView.-$$Nest$mapplyOrMergeTransaction:0 android.view.SurfaceView$SurfaceViewPositionUpdateListener.positionChanged:1537 
10-17 14:48:26.537 14381 14463 I ViewRootImpl@562a9cf[MainActivity]: mWNT: t=0x7b446dc600 mBlastBufferQueue=0x7b443aa800 fn= 769 caller= android.view.ViewRootImpl.lambda$applyTransactionOnDraw$11$android-view-ViewRootImpl:12865 android.view.ViewRootImpl$$ExternalSyntheticLambda1.onFrameDraw:4 android.graphics.HardwareRenderer$FrameDrawingCallback.onFrameDraw:924 
10-17 14:48:26.542 14381 14381 I SurfaceView@551d8ae: Changes: creating=false format=false size=false visible=false alpha=false hint=false mUseAlpha=false visible=false left=false top=true
10-17 14:48:26.543 14381 14381 I SurfaceView@551d8ae: 89249966 Cur surface: Surface(name=null)/@0x734a30a
10-17 14:48:26.543 14381 14381 I SurfaceView@551d8ae: applyTransactionOnVriDraw: vri = ViewRootImpl@562a9cf[MainActivity] fRS = false t = 0x7b446dc800 android.view.SurfaceView.performSurfaceTransaction:959 android.view.SurfaceView.updateSurface:1105 android.view.SurfaceView.lambda$new$0$android-view-SurfaceView:200 
10-17 14:48:26.543 14381 14381 I ViewRootImpl@562a9cf[MainActivity]: applyTransactionOnDraw: mRemoved = false isHardwareEnabled = true t = 0x7b446dc800android.view.SurfaceView.applyTransactionOnVriDraw:2048 android.view.SurfaceView.performSurfaceTransaction:959 android.view.SurfaceView.updateSurface:1105 android.view.SurfaceView.lambda$new$0$android-view-SurfaceView:200 android.view.SurfaceView$$ExternalSyntheticLambda5.onPreDraw:2 
10-17 14:48:26.543 14381 14381 I SurfaceView@551d8ae: updateSurface: mVisible = true mSurface.isValid() = true
10-17 14:48:26.544 14381 14381 I SurfaceView@551d8ae: updateSurface: mSurfaceCreated = true surfaceChanged = false visibleChanged = false
10-17 14:48:26.544 14381 14381 V SurfaceView@551d8ae: Layout: x=0 y=-574 w=1080 h=525, frame=Rect(0, 0 - 1080, 525)
10-17 14:48:26.552 14381 14461 D SurfaceView@551d8ae: updateSurfacePosition RenderWorker, frameNr = 770, position = [0, -598, 1080, -73] surfaceSize = 1080x525
10-17 14:48:26.552 14381 14461 I SurfaceView@551d8ae: uSP: rtp = Rect(0, -598 - 1080, -73) rtsw = 1080 rtsh = 525
10-17 14:48:26.552 14381 14461 I SurfaceView@551d8ae: onSSPAndSRT: pl = 0 pt = -598 sx = 1.0 sy = 1.0
10-17 14:48:26.552 14381 14461 I SurfaceView@551d8ae: aOrMT: ViewRootImpl@562a9cf[MainActivity] t = android.view.SurfaceControl$Transaction@f894229 fN = 770 android.view.SurfaceView.-$$Nest$mapplyOrMergeTransaction:0 android.view.SurfaceView$SurfaceViewPositionUpdateListener.positionChanged:1537 android.graphics.RenderNode$CompositePositionUpdateListener.positionChanged:373 
10-17 14:48:26.552 14381 14461 I ViewRootImpl@562a9cf[MainActivity]: mWNT: t=0x7b5b272100 mBlastBufferQueue=0x7b443aa800 fn= 770 caller= android.view.SurfaceView.applyOrMergeTransaction:1455 android.view.SurfaceView.-$$Nest$mapplyOrMergeTransaction:0 android.view.SurfaceView$SurfaceViewPositionUpdateListener.positionChanged:1537 
10-17 14:48:26.552 14381 14461 I ViewRootImpl@562a9cf[MainActivity]: mWNT: t=0x7b446dc800 mBlastBufferQueue=0x7b443aa800 fn= 770 caller= android.view.ViewRootImpl.lambda$applyTransactionOnDraw$11$android-view-ViewRootImpl:12865 android.view.ViewRootImpl$$ExternalSyntheticLambda1.onFrameDraw:4 android.graphics.HardwareRenderer$FrameDrawingCallback.onFrameDraw:924 
10-17 14:48:26.556 14381 14381 I SurfaceView@551d8ae: Changes: creating=false format=false size=false visible=false alpha=false hint=false mUseAlpha=false visible=false left=false top=true
10-17 14:48:26.556 14381 14381 I SurfaceView@551d8ae: 89249966 Cur surface: Surface(name=null)/@0x734a30a
10-17 14:48:26.557 14381 14381 I SurfaceView@551d8ae: applyTransactionOnVriDraw: vri = ViewRootImpl@562a9cf[MainActivity] fRS = false t = 0x7b446dca00 android.view.SurfaceView.performSurfaceTransaction:959 android.view.SurfaceView.updateSurface:1105 android.view.SurfaceView.lambda$new$0$android-view-SurfaceView:200 
10-17 14:48:26.557 14381 14381 I ViewRootImpl@562a9cf[MainActivity]: applyTransactionOnDraw: mRemoved = false isHardwareEnabled = true t = 0x7b446dca00android.view.SurfaceView.applyTransactionOnVriDraw:2048 android.view.SurfaceView.performSurfaceTransaction:959 android.view.SurfaceView.updateSurface:1105 android.view.SurfaceView.lambda$new$0$android-view-SurfaceView:200 android.view.SurfaceView$$ExternalSyntheticLambda5.onPreDraw:2 
10-17 14:48:26.557 14381 14381 I SurfaceView@551d8ae: updateSurface: mVisible = true mSurface.isValid() = true
