10-17 13:24:41.259 30796 30894 I ViewRootImpl@fd98f5c[MainActivity]: mWNT: t=0x7b164d5800 mBlastBufferQueue=0x7b5d0d9400 fn= 900 caller= android.view.ViewRootImpl.lambda$applyTransactionOnDraw$11$android-view-ViewRootImpl:12865 android.view.ViewRootImpl$$ExternalSyntheticLambda1.onFrameDraw:4 android.graphics.HardwareRenderer$FrameDrawingCallback.onFrameDraw:924 
10-17 13:24:41.271 30796 30796 I SurfaceView@ed20430: Changes: creating=false format=false size=false visible=false alpha=false hint=false mUseAlpha=false visible=false left=false top=true
10-17 13:24:41.271 30796 30796 I SurfaceView@ed20430: 248644656 Cur surface: Surface(name=null)/@0xb0906e2
10-17 13:24:41.272 30796 30796 I SurfaceView@ed20430: applyTransactionOnVriDraw: vri = ViewRootImpl@fd98f5c[MainActivity] fRS = false t = 0x7b164d5e00 android.view.SurfaceView.performSurfaceTransaction:959 android.view.SurfaceView.updateSurface:1105 android.view.SurfaceView.lambda$new$0$android-view-SurfaceView:200 
10-17 13:24:41.272 30796 30796 I ViewRootImpl@fd98f5c[MainActivity]: applyTransactionOnDraw: mRemoved = false isHardwareEnabled = true t = 0x7b164d5e00android.view.SurfaceView.applyTransactionOnVriDraw:2048 android.view.SurfaceView.performSurfaceTransaction:959 android.view.SurfaceView.updateSurface:1105 android.view.SurfaceView.lambda$new$0$android-view-SurfaceView:200 android.view.SurfaceView$$ExternalSyntheticLambda5.onPreDraw:2 
10-17 13:24:41.272 30796 30796 I SurfaceView@ed20430: updateSurface: mVisible = true mSurface.isValid() = true
10-17 13:24:41.272 30796 30796 I SurfaceView@ed20430: updateSurface: mSurfaceCreated = true surfaceChanged = false visibleChanged = false
10-17 13:24:41.272 30796 30796 V SurfaceView@ed20430: Layout: x=0 y=-131 w=1080 h=525, frame=Rect(0, 0 - 1080, 525)
10-17 13:24:41.275 30796 30895 D SurfaceView@ed20430: updateSurfacePosition RenderWorker, frameNr = 901, position = [0, -131, 1080, 394] surfaceSize = 1080x525
10-17 13:24:41.275 30796 30895 I SurfaceView@ed20430: uSP: rtp = Rect(0, -131 - 1080, 394) rtsw = 1080 rtsh = 525
10-17 13:24:41.275 30796 30895 I SurfaceView@ed20430: onSSPAndSRT: pl = 0 pt = -131 sx = 1.0 sy = 1.0
10-17 13:24:41.275 30796 30895 I SurfaceView@ed20430: aOrMT: ViewRootImpl@fd98f5c[MainActivity] t = android.view.SurfaceControl$Transaction@b744c7 fN = 901 android.view.SurfaceView.-$$Nest$mapplyOrMergeTransaction:0 android.view.SurfaceView$SurfaceViewPositionUpdateListener.positionChanged:1537 android.graphics.RenderNode$CompositePositionUpdateListener.positionChanged:373 
10-17 13:24:41.276 30796 30895 I ViewRootImpl@fd98f5c[MainActivity]: mWNT: t=0x7b16488000 mBlastBufferQueue=0x7b5d0d9400 fn= 901 caller= android.view.SurfaceView.applyOrMergeTransaction:1455 android.view.SurfaceView.-$$Nest$mapplyOrMergeTransaction:0 android.view.SurfaceView$SurfaceViewPositionUpdateListener.positionChanged:1537 
10-17 13:24:41.276 30796 30895 I ViewRootImpl@fd98f5c[MainActivity]: mWNT: t=0x7b164d5e00 mBlastBufferQueue=0x7b5d0d9400 fn= 901 caller= android.view.ViewRootImpl.lambda$applyTransactionOnDraw$11$android-view-ViewRootImpl:12865 android.view.ViewRootImpl$$ExternalSyntheticLambda1.onFrameDraw:4 android.graphics.HardwareRenderer$FrameDrawingCallback.onFrameDraw:924 
10-17 13:24:41.287 30796 30796 I SurfaceView@ed20430: Changes: creating=false format=false size=false visible=false alpha=false hint=false mUseAlpha=false visible=false left=false top=true
10-17 13:24:41.287 30796 30796 I SurfaceView@ed20430: 248644656 Cur surface: Surface(name=null)/@0xb0906e2
10-17 13:24:41.288 30796 30796 I SurfaceView@ed20430: applyTransactionOnVriDraw: vri = ViewRootImpl@fd98f5c[MainActivity] fRS = false t = 0x7b16599300 android.view.SurfaceView.performSurfaceTransaction:959 android.view.SurfaceView.updateSurface:1105 android.view.SurfaceView.lambda$new$0$android-view-SurfaceView:200 
10-17 13:24:41.288 30796 30796 I ViewRootImpl@fd98f5c[MainActivity]: applyTransactionOnDraw: mRemoved = false isHardwareEnabled = true t = 0x7b16599300android.view.SurfaceView.applyTransactionOnVriDraw:2048 android.view.SurfaceView.performSurfaceTransaction:959 android.view.SurfaceView.updateSurface:1105 android.view.SurfaceView.lambda$new$0$android-view-SurfaceView:200 android.view.SurfaceView$$ExternalSyntheticLambda5.onPreDraw:2 
10-17 13:24:41.288 30796 30796 I SurfaceView@ed20430: updateSurface: mVisible = true mSurface.isValid() = true
10-17 13:24:41.288 30796 30796 I SurfaceView@ed20430: updateSurface: mSurfaceCreated = true surfaceChanged = false visibleChanged = false
10-17 13:24:41.288 30796 30796 V SurfaceView@ed20430: Layout: x=0 y=-205 w=1080 h=525, frame=Rect(0, 0 - 1080, 525)
10-17 13:24:41.290 30796 30894 D SurfaceView@ed20430: updateSurfacePosition RenderWorker, frameNr = 902, position = [0, -205, 1080, 320] surfaceSize = 1080x525
10-17 13:24:41.290 30796 30894 I SurfaceView@ed20430: uSP: rtp = Rect(0, -205 - 1080, 320) rtsw = 1080 rtsh = 525
10-17 13:24:41.290 30796 30894 I SurfaceView@ed20430: onSSPAndSRT: pl = 0 pt = -205 sx = 1.0 sy = 1.0
10-17 13:24:41.290 30796 30894 I SurfaceView@ed20430: aOrMT: ViewRootImpl@fd98f5c[MainActivity] t = android.view.SurfaceControl$Transaction@b744c7 fN = 902 android.view.SurfaceView.-$$Nest$mapplyOrMergeTransaction:0 android.view.SurfaceView$SurfaceViewPositionUpdateListener.positionChanged:1537 android.graphics.RenderNode$CompositePositionUpdateListener.positionChanged:373 
10-17 13:24:41.291 30796 30894 I ViewRootImpl@fd98f5c[MainActivity]: mWNT: t=0x7b16488000 mBlastBufferQueue=0x7b5d0d9400 fn= 902 caller= android.view.SurfaceView.applyOrMergeTransaction:1455 android.view.SurfaceView.-$$Nest$mapplyOrMergeTransaction:0 android.view.SurfaceView$SurfaceViewPositionUpdateListener.positionChanged:1537 
10-17 13:24:41.291 30796 30894 I ViewRootImpl@fd98f5c[MainActivity]: mWNT: t=0x7b16599300 mBlastBufferQueue=0x7b5d0d9400 fn= 902 caller= android.view.ViewRootImpl.lambda$applyTransactionOnDraw$11$android-view-ViewRootImpl:12865 android.view.ViewRootImpl$$ExternalSyntheticLambda1.onFrameDraw:4 android.graphics.HardwareRenderer$FrameDrawingCallback.onFrameDraw:924 
10-17 13:24:41.305 30796 30796 I SurfaceView@ed20430: Changes: creating=false format=false size=false visible=false alpha=false hint=false mUseAlpha=false visible=false left=false top=true
10-17 13:24:41.305 30796 30796 I SurfaceView@ed20430: 248644656 Cur surface: Surface(name=null)/@0xb0906e2
10-17 13:24:41.305 30796 30796 I SurfaceView@ed20430: applyTransactionOnVriDraw: vri = ViewRootImpl@fd98f5c[MainActivity] fRS = false t = 0x7b16599500 android.view.SurfaceView.performSurfaceTransaction:959 android.view.SurfaceView.updateSurface:1105 android.view.SurfaceView.lambda$new$0$android-view-SurfaceView:200 
10-17 13:24:41.305 30796 30796 I ViewRootImpl@fd98f5c[MainActivity]: applyTransactionOnDraw: mRemoved = false isHardwareEnabled = true t = 0x7b16599500android.view.SurfaceView.applyTransactionOnVriDraw:2048 android.view.SurfaceView.performSurfaceTransaction:959 android.view.SurfaceView.updateSurface:1105 android.view.SurfaceView.lambda$new$0$android-view-SurfaceView:200 android.view.SurfaceView$$ExternalSyntheticLambda5.onPreDraw:2 
10-17 13:24:41.305 30796 30796 I SurfaceView@ed20430: updateSurface: mVisible = true mSurface.isValid() = true
10-17 13:24:41.305 30796 30796 I SurfaceView@ed20430: updateSurface: mSurfaceCreated = true surfaceChanged = false visibleChanged = false
10-17 13:24:41.305 30796 30796 V SurfaceView@ed20430: Layout: x=0 y=-261 w=1080 h=525, frame=Rect(0, 0 - 1080, 525)
10-17 13:24:41.308 30796 30895 D SurfaceView@ed20430: updateSurfacePosition RenderWorker, frameNr = 903, position = [0, -261, 1080, 264] surfaceSize = 1080x525
10-17 13:24:41.309 30796 30895 I SurfaceView@ed20430: uSP: rtp = Rect(0, -261 - 1080, 264) rtsw = 1080 rtsh = 525
10-17 13:24:41.309 30796 30895 I SurfaceView@ed20430: onSSPAndSRT: pl = 0 pt = -261 sx = 1.0 sy = 1.0
10-17 13:24:41.309 30796 30895 I SurfaceView@ed20430: aOrMT: ViewRootImpl@fd98f5c[MainActivity] t = android.view.SurfaceControl$Transaction@b744c7 fN = 903 android.view.SurfaceView.-$$Nest$mapplyOrMergeTransaction:0 android.view.SurfaceView$SurfaceViewPositionUpdateListener.positionChanged:1537 android.graphics.RenderNode$CompositePositionUpdateListener.positionChanged:373 
10-17 13:24:41.309 30796 30895 I ViewRootImpl@fd98f5c[MainActivity]: mWNT: t=0x7b16488000 mBlastBufferQueue=0x7b5d0d9400 fn= 903 caller= android.view.SurfaceView.applyOrMergeTransaction:1455 android.view.SurfaceView.-$$Nest$mapplyOrMergeTransaction:0 android.view.SurfaceView$SurfaceViewPositionUpdateListener.positionChanged:1537 
10-17 13:24:41.310 30796 30895 I ViewRootImpl@fd98f5c[MainActivity]: mWNT: t=0x7b16599500 mBlastBufferQueue=0x7b5d0d9400 fn= 903 caller= android.view.ViewRootImpl.lambda$applyTransactionOnDraw$11$android-view-ViewRootImpl:12865 android.view.ViewRootImpl$$ExternalSyntheticLambda1.onFrameDraw:4 android.graphics.HardwareRenderer$FrameDrawingCallback.onFrameDraw:924 
10-17 13:24:41.322 30796 30796 I SurfaceView@ed20430: Changes: creating=false format=false size=false visible=false alpha=false hint=false mUseAlpha=false visible=false left=false top=true
10-17 13:24:41.322 30796 30796 I SurfaceView@ed20430: 248644656 Cur surface: Surface(name=null)/@0xb0906e2
10-17 13:24:41.323 30796 30796 I SurfaceView@ed20430: applyTransactionOnVriDraw: vri = ViewRootImpl@fd98f5c[MainActivity] fRS = false t = 0x7b16599700 android.view.SurfaceView.performSurfaceTransaction:959 android.view.SurfaceView.updateSurface:1105 android.view.SurfaceView.lambda$new$0$android-view-SurfaceView:200 
10-17 13:24:41.323 30796 30796 I ViewRootImpl@fd98f5c[MainActivity]: applyTransactionOnDraw: mRemoved = false isHardwareEnabled = true t = 0x7b16599700android.view.SurfaceView.applyTransactionOnVriDraw:2048 android.view.SurfaceView.performSurfaceTransaction:959 android.view.SurfaceView.updateSurface:1105 android.view.SurfaceView.lambda$new$0$android-view-SurfaceView:200 android.view.SurfaceView$$ExternalSyntheticLambda5.onPreDraw:2 
10-17 13:24:41.323 30796 30796 I SurfaceView@ed20430: updateSurface: mVisible = true mSurface.isValid() = true
10-17 13:24:41.323 30796 30796 I SurfaceView@ed20430: updateSurface: mSurfaceCreated = true surfaceChanged = false visibleChanged = false
10-17 13:24:41.323 30796 30796 V SurfaceView@ed20430: Layout: x=0 y=-308 w=1080 h=525, frame=Rect(0, 0 - 1080, 525)
10-17 13:24:41.325 30796 30894 D SurfaceView@ed20430: updateSurfacePosition RenderWorker, frameNr = 904, position = [0, -308, 1080, 217] surfaceSize = 1080x525
10-17 13:24:41.326 30796 30894 I SurfaceView@ed20430: uSP: rtp = Rect(0, -308 - 1080, 217) rtsw = 1080 rtsh = 525
10-17 13:24:41.326 30796 30894 I SurfaceView@ed20430: onSSPAndSRT: pl = 0 pt = -308 sx = 1.0 sy = 1.0
10-17 13:24:41.326 30796 30894 I SurfaceView@ed20430: aOrMT: ViewRootImpl@fd98f5c[MainActivity] t = android.view.SurfaceControl$Transaction@b744c7 fN = 904 android.view.SurfaceView.-$$Nest$mapplyOrMergeTransaction:0 android.view.SurfaceView$SurfaceViewPositionUpdateListener.positionChanged:1537 android.graphics.RenderNode$CompositePositionUpdateListener.positionChanged:373 
10-17 13:24:41.326 30796 30894 I ViewRootImpl@fd98f5c[MainActivity]: mWNT: t=0x7b16488000 mBlastBufferQueue=0x7b5d0d9400 fn= 904 caller= android.view.SurfaceView.applyOrMergeTransaction:1455 android.view.SurfaceView.-$$Nest$mapplyOrMergeTransaction:0 android.view.SurfaceView$SurfaceViewPositionUpdateListener.positionChanged:1537 
10-17 13:24:41.326 30796 30894 I ViewRootImpl@fd98f5c[MainActivity]: mWNT: t=0x7b16599700 mBlastBufferQueue=0x7b5d0d9400 fn= 904 caller= android.view.ViewRootImpl.lambda$applyTransactionOnDraw$11$android-view-ViewRootImpl:12865 android.view.ViewRootImpl$$ExternalSyntheticLambda1.onFrameDraw:4 android.graphics.HardwareRenderer$FrameDrawingCallback.onFrameDraw:924 
10-17 13:24:41.338 30796 30796 I SurfaceView@ed20430: Changes: creating=false format=false size=false visible=false alpha=false hint=false mUseAlpha=false visible=false left=false top=true
10-17 13:24:41.339 30796 30796 I SurfaceView@ed20430: 248644656 Cur surface: Surface(name=null)/@0xb0906e2
10-17 13:24:41.339 30796 30796 I SurfaceView@ed20430: applyTransactionOnVriDraw: vri = ViewRootImpl@fd98f5c[MainActivity] fRS = false t = 0x7b16599900 android.view.SurfaceView.performSurfaceTransaction:959 android.view.SurfaceView.updateSurface:1105 android.view.SurfaceView.lambda$new$0$android-view-SurfaceView:200 
10-17 13:24:41.339 30796 30796 I ViewRootImpl@fd98f5c[MainActivity]: applyTransactionOnDraw: mRemoved = false isHardwareEnabled = true t = 0x7b16599900android.view.SurfaceView.applyTransactionOnVriDraw:2048 android.view.SurfaceView.performSurfaceTransaction:959 android.view.SurfaceView.updateSurface:1105 android.view.SurfaceView.lambda$new$0$android-view-SurfaceView:200 android.view.SurfaceView$$ExternalSyntheticLambda5.onPreDraw:2 
10-17 13:24:41.339 30796 30796 I SurfaceView@ed20430: updateSurface: mVisible = true mSurface.isValid() = true
10-17 13:24:41.340 30796 30796 I SurfaceView@ed20430: updateSurface: mSurfaceCreated = true surfaceChanged = false visibleChanged = false
10-17 13:24:41.340 30796 30796 V SurfaceView@ed20430: Layout: x=0 y=-346 w=1080 h=525, frame=Rect(0, 0 - 1080, 525)
10-17 13:24:41.343 30796 30895 D SurfaceView@ed20430: updateSurfacePosition RenderWorker, frameNr = 905, position = [0, -346, 1080, 179] surfaceSize = 1080x525
10-17 13:24:41.343 30796 30895 I SurfaceView@ed20430: uSP: rtp = Rect(0, -346 - 1080, 179) rtsw = 1080 rtsh = 525
10-17 13:24:41.343 30796 30895 I SurfaceView@ed20430: onSSPAndSRT: pl = 0 pt = -346 sx = 1.0 sy = 1.0
10-17 13:24:41.343 30796 30895 I SurfaceView@ed20430: aOrMT: ViewRootImpl@fd98f5c[MainActivity] t = android.view.SurfaceControl$Transaction@b744c7 fN = 905 android.view.SurfaceView.-$$Nest$mapplyOrMergeTransaction:0 android.view.SurfaceView$SurfaceViewPositionUpdateListener.positionChanged:1537 android.graphics.RenderNode$CompositePositionUpdateListener.positionChanged:373 
10-17 13:24:41.343 30796 30895 I ViewRootImpl@fd98f5c[MainActivity]: mWNT: t=0x7b16488000 mBlastBufferQueue=0x7b5d0d9400 fn= 905 caller= android.view.SurfaceView.applyOrMergeTransaction:1455 android.view.SurfaceView.-$$Nest$mapplyOrMergeTransaction:0 android.view.SurfaceView$SurfaceViewPositionUpdateListener.positionChanged:1537 
10-17 13:24:41.344 30796 30895 I ViewRootImpl@fd98f5c[MainActivity]: mWNT: t=0x7b16599900 mBlastBufferQueue=0x7b5d0d9400 fn= 905 caller= android.view.ViewRootImpl.lambda$applyTransactionOnDraw$11$android-view-ViewRootImpl:12865 android.view.ViewRootImpl$$ExternalSyntheticLambda1.onFrameDraw:4 android.graphics.HardwareRenderer$FrameDrawingCallback.onFrameDraw:924 
10-17 13:24:41.354 30796 30796 I SurfaceView@ed20430: Changes: creating=false format=false size=false visible=false alpha=false hint=false mUseAlpha=false visible=false left=false top=true
10-17 13:24:41.354 30796 30796 I SurfaceView@ed20430: 248644656 Cur surface: Surface(name=null)/@0xb0906e2
10-17 13:24:41.354 30796 30796 I SurfaceView@ed20430: applyTransactionOnVriDraw: vri = ViewRootImpl@fd98f5c[MainActivity] fRS = false t = 0x7b165c2200 android.view.SurfaceView.performSurfaceTransaction:959 android.view.SurfaceView.updateSurface:1105 android.view.SurfaceView.lambda$new$0$android-view-SurfaceView:200 
10-17 13:24:41.354 30796 30796 I ViewRootImpl@fd98f5c[MainActivity]: applyTransactionOnDraw: mRemoved = false isHardwareEnabled = true t = 0x7b165c2200android.view.SurfaceView.applyTransactionOnVriDraw:2048 android.view.SurfaceView.performSurfaceTransaction:959 android.view.SurfaceView.updateSurface:1105 android.view.SurfaceView.lambda$new$0$android-view-SurfaceView:200 android.view.SurfaceView$$ExternalSyntheticLambda5.onPreDraw:2 
10-17 13:24:41.354 30796 30796 I SurfaceView@ed20430: updateSurface: mVisible = true mSurface.isValid() = true
10-17 13:24:41.354 30796 30796 I SurfaceView@ed20430: updateSurface: mSurfaceCreated = true surfaceChanged = false visibleChanged = false
10-17 13:24:41.354 30796 30796 V SurfaceView@ed20430: Layout: x=0 y=-374 w=1080 h=525, frame=Rect(0, 0 - 1080, 525)
10-17 13:24:41.357 30796 30894 D SurfaceView@ed20430: updateSurfacePosition RenderWorker, frameNr = 906, position = [0, -374, 1080, 151] surfaceSize = 1080x525
10-17 13:24:41.357 30796 30894 I SurfaceView@ed20430: uSP: rtp = Rect(0, -374 - 1080, 151) rtsw = 1080 rtsh = 525
10-17 13:24:41.357 30796 30894 I SurfaceView@ed20430: onSSPAndSRT: pl = 0 pt = -374 sx = 1.0 sy = 1.0
10-17 13:24:41.358 30796 30894 I SurfaceView@ed20430: aOrMT: ViewRootImpl@fd98f5c[MainActivity] t = android.view.SurfaceControl$Transaction@b744c7 fN = 906 android.view.SurfaceView.-$$Nest$mapplyOrMergeTransaction:0 android.view.SurfaceView$SurfaceViewPositionUpdateListener.positionChanged:1537 android.graphics.RenderNode$CompositePositionUpdateListener.positionChanged:373 
10-17 13:24:41.358 30796 30894 I ViewRootImpl@fd98f5c[MainActivity]: mWNT: t=0x7b16488000 mBlastBufferQueue=0x7b5d0d9400 fn= 906 caller= android.view.SurfaceView.applyOrMergeTransaction:1455 android.view.SurfaceView.-$$Nest$mapplyOrMergeTransaction:0 android.view.SurfaceView$SurfaceViewPositionUpdateListener.positionChanged:1537 
10-17 13:24:41.358 30796 30894 I ViewRootImpl@fd98f5c[MainActivity]: mWNT: t=0x7b165c2200 mBlastBufferQueue=0x7b5d0d9400 fn= 906 caller= android.view.ViewRootImpl.lambda$applyTransactionOnDraw$11$android-view-ViewRootImpl:12865 android.view.ViewRootImpl$$ExternalSyntheticLambda1.onFrameDraw:4 android.graphics.HardwareRenderer$FrameDrawingCallback.onFrameDraw:924 
10-17 13:24:41.372 30796 30796 I SurfaceView@ed20430: Changes: creating=false format=false size=false visible=false alpha=false hint=false mUseAlpha=false visible=false left=false top=true
10-17 13:24:41.372 30796 30796 I SurfaceView@ed20430: 248644656 Cur surface: Surface(name=null)/@0xb0906e2
10-17 13:24:41.373 30796 30796 I SurfaceView@ed20430: applyTransactionOnVriDraw: vri = ViewRootImpl@fd98f5c[MainActivity] fRS = false t = 0x7b165c2400 android.view.SurfaceView.performSurfaceTransaction:959 android.view.SurfaceView.updateSurface:1105 android.view.SurfaceView.lambda$new$0$android-view-SurfaceView:200 
10-17 13:24:41.373 30796 30796 I ViewRootImpl@fd98f5c[MainActivity]: applyTransactionOnDraw: mRemoved = false isHardwareEnabled = true t = 0x7b165c2400android.view.SurfaceView.applyTransactionOnVriDraw:2048 android.view.SurfaceView.performSurfaceTransaction:959 android.view.SurfaceView.updateSurface:1105 android.view.SurfaceView.lambda$new$0$android-view-SurfaceView:200 android.view.SurfaceView$$ExternalSyntheticLambda5.onPreDraw:2 
10-17 13:24:41.373 30796 30796 I SurfaceView@ed20430: updateSurface: mVisible = true mSurface.isValid() = true
10-17 13:24:41.373 30796 30796 I SurfaceView@ed20430: updateSurface: mSurfaceCreated = true surfaceChanged = false visibleChanged = false
10-17 13:24:41.374 30796 30796 V SurfaceView@ed20430: Layout: x=0 y=-392 w=1080 h=525, frame=Rect(0, 0 - 1080, 525)
10-17 13:24:41.377 30796 30895 D SurfaceView@ed20430: updateSurfacePosition RenderWorker, frameNr = 907, position = [0, -392, 1080, 133] surfaceSize = 1080x525
10-17 13:24:41.377 30796 30895 I SurfaceView@ed20430: uSP: rtp = Rect(0, -392 - 1080, 133) rtsw = 1080 rtsh = 525
10-17 13:24:41.377 30796 30895 I SurfaceView@ed20430: onSSPAndSRT: pl = 0 pt = -392 sx = 1.0 sy = 1.0
10-17 13:24:41.377 30796 30895 I SurfaceView@ed20430: aOrMT: ViewRootImpl@fd98f5c[MainActivity] t = android.view.SurfaceControl$Transaction@b744c7 fN = 907 android.view.SurfaceView.-$$Nest$mapplyOrMergeTransaction:0 android.view.SurfaceView$SurfaceViewPositionUpdateListener.positionChanged:1537 android.graphics.RenderNode$CompositePositionUpdateListener.positionChanged:373 
10-17 13:24:41.378 30796 30895 I ViewRootImpl@fd98f5c[MainActivity]: mWNT: t=0x7b16488000 mBlastBufferQueue=0x7b5d0d9400 fn= 907 caller= android.view.SurfaceView.applyOrMergeTransaction:1455 android.view.SurfaceView.-$$Nest$mapplyOrMergeTransaction:0 android.view.SurfaceView$SurfaceViewPositionUpdateListener.positionChanged:1537 
10-17 13:24:41.378 30796 30895 I ViewRootImpl@fd98f5c[MainActivity]: mWNT: t=0x7b165c2400 mBlastBufferQueue=0x7b5d0d9400 fn= 907 caller= android.view.ViewRootImpl.lambda$applyTransactionOnDraw$11$android-view-ViewRootImpl:12865 android.view.ViewRootImpl$$ExternalSyntheticLambda1.onFrameDraw:4 android.graphics.HardwareRenderer$FrameDrawingCallback.onFrameDraw:924 
10-17 13:24:41.388 30796 30796 I SurfaceView@ed20430: Changes: creating=false format=false size=false visible=false alpha=false hint=false mUseAlpha=false visible=false left=false top=true
10-17 13:24:41.388 30796 30796 I SurfaceView@ed20430: 248644656 Cur surface: Surface(name=null)/@0xb0906e2
10-17 13:24:41.389 30796 30796 I SurfaceView@ed20430: applyTransactionOnVriDraw: vri = ViewRootImpl@fd98f5c[MainActivity] fRS = false t = 0x7b165c2600 android.view.SurfaceView.performSurfaceTransaction:959 android.view.SurfaceView.updateSurface:1105 android.view.SurfaceView.lambda$new$0$android-view-SurfaceView:200 
10-17 13:24:41.389 30796 30796 I ViewRootImpl@fd98f5c[MainActivity]: applyTransactionOnDraw: mRemoved = false isHardwareEnabled = true t = 0x7b165c2600android.view.SurfaceView.applyTransactionOnVriDraw:2048 android.view.SurfaceView.performSurfaceTransaction:959 android.view.SurfaceView.updateSurface:1105 android.view.SurfaceView.lambda$new$0$android-view-SurfaceView:200 android.view.SurfaceView$$ExternalSyntheticLambda5.onPreDraw:2 
10-17 13:24:41.389 30796 30796 I SurfaceView@ed20430: updateSurface: mVisible = true mSurface.isValid() = true
10-17 13:24:41.389 30796 30796 I SurfaceView@ed20430: updateSurface: mSurfaceCreated = true surfaceChanged = false visibleChanged = false
10-17 13:24:41.389 30796 30796 V SurfaceView@ed20430: Layout: x=0 y=-408 w=1080 h=525, frame=Rect(0, 0 - 1080, 525)
10-17 13:24:41.391 30796 30894 D SurfaceView@ed20430: updateSurfacePosition RenderWorker, frameNr = 908, position = [0, -408, 1080, 117] surfaceSize = 1080x525
10-17 13:24:41.391 30796 30894 I SurfaceView@ed20430: uSP: rtp = Rect(0, -408 - 1080, 117) rtsw = 1080 rtsh = 525
10-17 13:24:41.391 30796 30894 I SurfaceView@ed20430: onSSPAndSRT: pl = 0 pt = -408 sx = 1.0 sy = 1.0
10-17 13:24:41.392 30796 30894 I SurfaceView@ed20430: aOrMT: ViewRootImpl@fd98f5c[MainActivity] t = android.view.SurfaceControl$Transaction@b744c7 fN = 908 android.view.SurfaceView.-$$Nest$mapplyOrMergeTransaction:0 android.view.SurfaceView$SurfaceViewPositionUpdateListener.positionChanged:1537 android.graphics.RenderNode$CompositePositionUpdateListener.positionChanged:373 
10-17 13:24:41.392 30796 30894 I ViewRootImpl@fd98f5c[MainActivity]: mWNT: t=0x7b16488000 mBlastBufferQueue=0x7b5d0d9400 fn= 908 caller= android.view.SurfaceView.applyOrMergeTransaction:1455 android.view.SurfaceView.-$$Nest$mapplyOrMergeTransaction:0 android.view.SurfaceView$SurfaceViewPositionUpdateListener.positionChanged:1537 
10-17 13:24:41.392 30796 30894 I ViewRootImpl@fd98f5c[MainActivity]: mWNT: t=0x7b165c2600 mBlastBufferQueue=0x7b5d0d9400 fn= 908 caller= android.view.ViewRootImpl.lambda$applyTransactionOnDraw$11$android-view-ViewRootImpl:12865 android.view.ViewRootImpl$$ExternalSyntheticLambda1.onFrameDraw:4 android.graphics.HardwareRenderer$FrameDrawingCallback.onFrameDraw:924 
10-17 13:24:41.404 30796 30796 I SurfaceView@ed20430: Changes: creating=false format=false size=false visible=false alpha=false hint=false mUseAlpha=false visible=false left=false top=true
10-17 13:24:41.404 30796 30796 I SurfaceView@ed20430: 248644656 Cur surface: Surface(name=null)/@0xb0906e2
10-17 13:24:41.404 30796 30796 I SurfaceView@ed20430: applyTransactionOnVriDraw: vri = ViewRootImpl@fd98f5c[MainActivity] fRS = false t = 0x7b165c7000 android.view.SurfaceView.performSurfaceTransaction:959 android.view.SurfaceView.updateSurface:1105 android.view.SurfaceView.lambda$new$0$android-view-SurfaceView:200 
10-17 13:24:41.404 30796 30796 I ViewRootImpl@fd98f5c[MainActivity]: applyTransactionOnDraw: mRemoved = false isHardwareEnabled = true t = 0x7b165c7000android.view.SurfaceView.applyTransactionOnVriDraw:2048 android.view.SurfaceView.performSurfaceTransaction:959 android.view.SurfaceView.updateSurface:1105 android.view.SurfaceView.lambda$new$0$android-view-SurfaceView:200 android.view.SurfaceView$$ExternalSyntheticLambda5.onPreDraw:2 
10-17 13:24:41.404 30796 30796 I SurfaceView@ed20430: updateSurface: mVisible = true mSurface.isValid() = true
10-17 13:24:41.404 30796 30796 I SurfaceView@ed20430: updateSurface: mSurfaceCreated = true surfaceChanged = false visibleChanged = false
10-17 13:24:41.404 30796 30796 V SurfaceView@ed20430: Layout: x=0 y=-421 w=1080 h=525, frame=Rect(0, 0 - 1080, 525)
10-17 13:24:41.407 30796 30895 D SurfaceView@ed20430: updateSurfacePosition RenderWorker, frameNr = 909, position = [0, -421, 1080, 104] surfaceSize = 1080x525
10-17 13:24:41.407 30796 30895 I SurfaceView@ed20430: uSP: rtp = Rect(0, -421 - 1080, 104) rtsw = 1080 rtsh = 525
10-17 13:24:41.407 30796 30895 I SurfaceView@ed20430: onSSPAndSRT: pl = 0 pt = -421 sx = 1.0 sy = 1.0
10-17 13:24:41.408 30796 30895 I SurfaceView@ed20430: aOrMT: ViewRootImpl@fd98f5c[MainActivity] t = android.view.SurfaceControl$Transaction@b744c7 fN = 909 android.view.SurfaceView.-$$Nest$mapplyOrMergeTransaction:0 android.view.SurfaceView$SurfaceViewPositionUpdateListener.positionChanged:1537 android.graphics.RenderNode$CompositePositionUpdateListener.positionChanged:373 
10-17 13:24:41.408 30796 30895 I ViewRootImpl@fd98f5c[MainActivity]: mWNT: t=0x7b16488000 mBlastBufferQueue=0x7b5d0d9400 fn= 909 caller= android.view.SurfaceView.applyOrMergeTransaction:1455 android.view.SurfaceView.-$$Nest$mapplyOrMergeTransaction:0 android.view.SurfaceView$SurfaceViewPositionUpdateListener.positionChanged:1537 
10-17 13:24:41.408 30796 30895 I ViewRootImpl@fd98f5c[MainActivity]: mWNT: t=0x7b165c7000 mBlastBufferQueue=0x7b5d0d9400 fn= 909 caller= android.view.ViewRootImpl.lambda$applyTransactionOnDraw$11$android-view-ViewRootImpl:12865 android.view.ViewRootImpl$$ExternalSyntheticLambda1.onFrameDraw:4 android.graphics.HardwareRenderer$FrameDrawingCallback.onFrameDraw:924 
10-17 13:24:41.421 30796 30796 I SurfaceView@ed20430: Changes: creating=false format=false size=false visible=false alpha=false hint=false mUseAlpha=false visible=false left=false top=true
10-17 13:24:41.421 30796 30796 I SurfaceView@ed20430: 248644656 Cur surface: Surface(name=null)/@0xb0906e2
10-17 13:24:41.422 30796 30796 I SurfaceView@ed20430: applyTransactionOnVriDraw: vri = ViewRootImpl@fd98f5c[MainActivity] fRS = false t = 0x7b165c7200 android.view.SurfaceView.performSurfaceTransaction:959 android.view.SurfaceView.updateSurface:1105 android.view.SurfaceView.lambda$new$0$android-view-SurfaceView:200 
10-17 13:24:41.422 30796 30796 I ViewRootImpl@fd98f5c[MainActivity]: applyTransactionOnDraw: mRemoved = false isHardwareEnabled = true t = 0x7b165c7200android.view.SurfaceView.applyTransactionOnVriDraw:2048 android.view.SurfaceView.performSurfaceTransaction:959 android.view.SurfaceView.updateSurface:1105 android.view.SurfaceView.lambda$new$0$android-view-SurfaceView:200 android.view.SurfaceView$$ExternalSyntheticLambda5.onPreDraw:2 
10-17 13:24:41.422 30796 30796 I SurfaceView@ed20430: updateSurface: mVisible = true mSurface.isValid() = true
10-17 13:24:41.422 30796 30796 I SurfaceView@ed20430: updateSurface: mSurfaceCreated = true surfaceChanged = false visibleChanged = false
10-17 13:24:41.422 30796 30796 V SurfaceView@ed20430: Layout: x=0 y=-428 w=1080 h=525, frame=Rect(0, 0 - 1080, 525)
10-17 13:24:41.425 30796 30894 D SurfaceView@ed20430: updateSurfacePosition RenderWorker, frameNr = 910, position = [0, -428, 1080, 97] surfaceSize = 1080x525
10-17 13:24:41.425 30796 30894 I SurfaceView@ed20430: uSP: rtp = Rect(0, -428 - 1080, 97) rtsw = 1080 rtsh = 525
10-17 13:24:41.425 30796 30894 I SurfaceView@ed20430: onSSPAndSRT: pl = 0 pt = -428 sx = 1.0 sy = 1.0
10-17 13:24:41.425 30796 30894 I SurfaceView@ed20430: aOrMT: ViewRootImpl@fd98f5c[MainActivity] t = android.view.SurfaceControl$Transaction@b744c7 fN = 910 android.view.SurfaceView.-$$Nest$mapplyOrMergeTransaction:0 android.view.SurfaceView$SurfaceViewPositionUpdateListener.positionChanged:1537 android.graphics.RenderNode$CompositePositionUpdateListener.positionChanged:373 
10-17 13:24:41.425 30796 30894 I ViewRootImpl@fd98f5c[MainActivity]: mWNT: t=0x7b16488000 mBlastBufferQueue=0x7b5d0d9400 fn= 910 caller= android.view.SurfaceView.applyOrMergeTransaction:1455 android.view.SurfaceView.-$$Nest$mapplyOrMergeTransaction:0 android.view.SurfaceView$SurfaceViewPositionUpdateListener.positionChanged:1537 
10-17 13:24:41.426 30796 30894 I ViewRootImpl@fd98f5c[MainActivity]: mWNT: t=0x7b165c7200 mBlastBufferQueue=0x7b5d0d9400 fn= 910 caller= android.view.ViewRootImpl.lambda$applyTransactionOnDraw$11$android-view-ViewRootImpl:12865 android.view.ViewRootImpl$$ExternalSyntheticLambda1.onFrameDraw:4 android.graphics.HardwareRenderer$FrameDrawingCallback.onFrameDraw:924 
10-17 13:24:41.438 30796 30796 I SurfaceView@ed20430: Changes: creating=false format=false size=false visible=false alpha=false hint=false mUseAlpha=false visible=false left=false top=true
10-17 13:24:41.438 30796 30796 I SurfaceView@ed20430: 248644656 Cur surface: Surface(name=null)/@0xb0906e2
10-17 13:24:41.438 30796 30796 I SurfaceView@ed20430: applyTransactionOnVriDraw: vri = ViewRootImpl@fd98f5c[MainActivity] fRS = false t = 0x7b165c7300 android.view.SurfaceView.performSurfaceTransaction:959 android.view.SurfaceView.updateSurface:1105 android.view.SurfaceView.lambda$new$0$android-view-SurfaceView:200 
10-17 13:24:41.438 30796 30796 I ViewRootImpl@fd98f5c[MainActivity]: applyTransactionOnDraw: mRemoved = false isHardwareEnabled = true t = 0x7b165c7300android.view.SurfaceView.applyTransactionOnVriDraw:2048 android.view.SurfaceView.performSurfaceTransaction:959 android.view.SurfaceView.updateSurface:1105 android.view.SurfaceView.lambda$new$0$android-view-SurfaceView:200 android.view.SurfaceView$$ExternalSyntheticLambda5.onPreDraw:2 
10-17 13:24:41.438 30796 30796 I SurfaceView@ed20430: updateSurface: mVisible = true mSurface.isValid() = true
10-17 13:24:41.438 30796 30796 I SurfaceView@ed20430: updateSurface: mSurfaceCreated = true surfaceChanged = false visibleChanged = false
10-17 13:24:41.438 30796 30796 V SurfaceView@ed20430: Layout: x=0 y=-433 w=1080 h=525, frame=Rect(0, 0 - 1080, 525)
10-17 13:24:41.441 30796 30895 D SurfaceView@ed20430: updateSurfacePosition RenderWorker, frameNr = 911, position = [0, -433, 1080, 92] surfaceSize = 1080x525
10-17 13:24:41.441 30796 30895 I SurfaceView@ed20430: uSP: rtp = Rect(0, -433 - 1080, 92) rtsw = 1080 rtsh = 525
10-17 13:24:41.441 30796 30895 I SurfaceView@ed20430: onSSPAndSRT: pl = 0 pt = -433 sx = 1.0 sy = 1.0
10-17 13:24:41.441 30796 30895 I SurfaceView@ed20430: aOrMT: ViewRootImpl@fd98f5c[MainActivity] t = android.view.SurfaceControl$Transaction@b744c7 fN = 911 android.view.SurfaceView.-$$Nest$mapplyOrMergeTransaction:0 android.view.SurfaceView$SurfaceViewPositionUpdateListener.positionChanged:1537 android.graphics.RenderNode$CompositePositionUpdateListener.positionChanged:373 
10-17 13:24:41.442 30796 30895 I ViewRootImpl@fd98f5c[MainActivity]: mWNT: t=0x7b16488000 mBlastBufferQueue=0x7b5d0d9400 fn= 911 caller= android.view.SurfaceView.applyOrMergeTransaction:1455 android.view.SurfaceView.-$$Nest$mapplyOrMergeTransaction:0 android.view.SurfaceView$SurfaceViewPositionUpdateListener.positionChanged:1537 
10-17 13:24:41.442 30796 30895 I ViewRootImpl@fd98f5c[MainActivity]: mWNT: t=0x7b165c7300 mBlastBufferQueue=0x7b5d0d9400 fn= 911 caller= android.view.ViewRootImpl.lambda$applyTransactionOnDraw$11$android-view-ViewRootImpl:12865 android.view.ViewRootImpl$$ExternalSyntheticLambda1.onFrameDraw:4 android.graphics.HardwareRenderer$FrameDrawingCallback.onFrameDraw:924 
10-17 13:24:41.454 30796 30796 I SurfaceView@ed20430: Changes: creating=false format=false size=false visible=false alpha=false hint=false mUseAlpha=false visible=false left=false top=true
10-17 13:24:41.454 30796 30796 I SurfaceView@ed20430: 248644656 Cur surface: Surface(name=null)/@0xb0906e2
10-17 13:24:41.454 30796 30796 I SurfaceView@ed20430: applyTransactionOnVriDraw: vri = ViewRootImpl@fd98f5c[MainActivity] fRS = false t = 0x7b165ca400 android.view.SurfaceView.performSurfaceTransaction:959 android.view.SurfaceView.updateSurface:1105 android.view.SurfaceView.lambda$new$0$android-view-SurfaceView:200 
10-17 13:24:41.455 30796 30796 I ViewRootImpl@fd98f5c[MainActivity]: applyTransactionOnDraw: mRemoved = false isHardwareEnabled = true t = 0x7b165ca400android.view.SurfaceView.applyTransactionOnVriDraw:2048 android.view.SurfaceView.performSurfaceTransaction:959 android.view.SurfaceView.updateSurface:1105 android.view.SurfaceView.lambda$new$0$android-view-SurfaceView:200 android.view.SurfaceView$$ExternalSyntheticLambda5.onPreDraw:2 
10-17 13:24:41.455 30796 30796 I SurfaceView@ed20430: updateSurface: mVisible = true mSurface.isValid() = true
10-17 13:24:41.455 30796 30796 I SurfaceView@ed20430: updateSurface: mSurfaceCreated = true surfaceChanged = false visibleChanged = false
10-17 13:24:41.455 30796 30796 V SurfaceView@ed20430: Layout: x=0 y=-435 w=1080 h=525, frame=Rect(0, 0 - 1080, 525)
10-17 13:24:41.457 30796 30894 D SurfaceView@ed20430: updateSurfacePosition RenderWorker, frameNr = 912, position = [0, -435, 1080, 90] surfaceSize = 1080x525
10-17 13:24:41.457 30796 30894 I SurfaceView@ed20430: uSP: rtp = Rect(0, -435 - 1080, 90) rtsw = 1080 rtsh = 525
10-17 13:24:41.457 30796 30894 I SurfaceView@ed20430: onSSPAndSRT: pl = 0 pt = -435 sx = 1.0 sy = 1.0
10-17 13:24:41.458 30796 30894 I SurfaceView@ed20430: aOrMT: ViewRootImpl@fd98f5c[MainActivity] t = android.view.SurfaceControl$Transaction@b744c7 fN = 912 android.view.SurfaceView.-$$Nest$mapplyOrMergeTransaction:0 android.view.SurfaceView$SurfaceViewPositionUpdateListener.positionChanged:1537 android.graphics.RenderNode$CompositePositionUpdateListener.positionChanged:373 
10-17 13:24:41.458 30796 30894 I ViewRootImpl@fd98f5c[MainActivity]: mWNT: t=0x7b16488000 mBlastBufferQueue=0x7b5d0d9400 fn= 912 caller= android.view.SurfaceView.applyOrMergeTransaction:1455 android.view.SurfaceView.-$$Nest$mapplyOrMergeTransaction:0 android.view.SurfaceView$SurfaceViewPositionUpdateListener.positionChanged:1537 
10-17 13:24:41.458 30796 30894 I ViewRootImpl@fd98f5c[MainActivity]: mWNT: t=0x7b165ca400 mBlastBufferQueue=0x7b5d0d9400 fn= 912 caller= android.view.ViewRootImpl.lambda$applyTransactionOnDraw$11$android-view-ViewRootImpl:12865 android.view.ViewRootImpl$$ExternalSyntheticLambda1.onFrameDraw:4 android.graphics.HardwareRenderer$FrameDrawingCallback.onFrameDraw:924 
10-17 13:24:41.471 30796 30796 I SurfaceView@ed20430: Changes: creating=false format=false size=false visible=false alpha=false hint=false mUseAlpha=false visible=false left=false top=true
10-17 13:24:41.471 30796 30796 I SurfaceView@ed20430: 248644656 Cur surface: Surface(name=null)/@0xb0906e2
10-17 13:24:41.472 30796 30796 I SurfaceView@ed20430: applyTransactionOnVriDraw: vri = ViewRootImpl@fd98f5c[MainActivity] fRS = false t = 0x7b165ca500 android.view.SurfaceView.performSurfaceTransaction:959 android.view.SurfaceView.updateSurface:1105 android.view.SurfaceView.lambda$new$0$android-view-SurfaceView:200 
10-17 13:24:41.472 30796 30796 I ViewRootImpl@fd98f5c[MainActivity]: applyTransactionOnDraw: mRemoved = false isHardwareEnabled = true t = 0x7b165ca500android.view.SurfaceView.applyTransactionOnVriDraw:2048 android.view.SurfaceView.performSurfaceTransaction:959 android.view.SurfaceView.updateSurface:1105 android.view.SurfaceView.lambda$new$0$android-view-SurfaceView:200 android.view.SurfaceView$$ExternalSyntheticLambda5.onPreDraw:2 
10-17 13:24:41.472 30796 30796 I SurfaceView@ed20430: updateSurface: mVisible = true mSurface.isValid() = true
10-17 13:24:41.472 30796 30796 I SurfaceView@ed20430: updateSurface: mSurfaceCreated = true surfaceChanged = false visibleChanged = false
10-17 13:24:41.472 30796 30796 V SurfaceView@ed20430: Layout: x=0 y=-437 w=1080 h=525, frame=Rect(0, 0 - 1080, 525)
10-17 13:24:41.475 30796 30895 D SurfaceView@ed20430: updateSurfacePosition RenderWorker, frameNr = 913, position = [0, -437, 1080, 88] surfaceSize = 1080x525
10-17 13:24:41.475 30796 30895 I SurfaceView@ed20430: uSP: rtp = Rect(0, -437 - 1080, 88) rtsw = 1080 rtsh = 525
10-17 13:24:41.476 30796 30895 I SurfaceView@ed20430: onSSPAndSRT: pl = 0 pt = -437 sx = 1.0 sy = 1.0
10-17 13:24:41.476 30796 30895 I SurfaceView@ed20430: aOrMT: ViewRootImpl@fd98f5c[MainActivity] t = android.view.SurfaceControl$Transaction@b744c7 fN = 913 android.view.SurfaceView.-$$Nest$mapplyOrMergeTransaction:0 android.view.SurfaceView$SurfaceViewPositionUpdateListener.positionChanged:1537 android.graphics.RenderNode$CompositePositionUpdateListener.positionChanged:373 
10-17 13:24:41.477 30796 30895 I ViewRootImpl@fd98f5c[MainActivity]: mWNT: t=0x7b16488000 mBlastBufferQueue=0x7b5d0d9400 fn= 913 caller= android.view.SurfaceView.applyOrMergeTransaction:1455 android.view.SurfaceView.-$$Nest$mapplyOrMergeTransaction:0 android.view.SurfaceView$SurfaceViewPositionUpdateListener.positionChanged:1537 
10-17 13:24:41.477 30796 30895 I ViewRootImpl@fd98f5c[MainActivity]: mWNT: t=0x7b165ca500 mBlastBufferQueue=0x7b5d0d9400 fn= 913 caller= android.view.ViewRootImpl.lambda$applyTransactionOnDraw$11$android-view-ViewRootImpl:12865 android.view.ViewRootImpl$$ExternalSyntheticLambda1.onFrameDraw:4 android.graphics.HardwareRenderer$FrameDrawingCallback.onFrameDraw:924 
10-17 13:24:41.478 30796 30796 I ViewRootImpl@fd98f5c[MainActivity]: ViewPostIme pointer 1
10-17 13:24:42.066 30796 30796 I ViewRootImpl@fd98f5c[MainActivity]: ViewPostIme pointer 0
10-17 13:24:42.624 30796 30796 I Dialog  : mIsDeviceDefault = false, mIsSamsungBasicInteraction = false, isMetaDataInActivity = false
10-17 13:24:42.666 30796 30796 I DecorView: [INFO] isPopOver=false config=false
10-17 13:24:42.666 30796 30796 I DecorView: updateCaptionType: isFloating=false isApplication=true hasWindowDecorCaption=false this=DecorView@d84b39a[]
10-17 13:24:42.666 30796 30796 D DecorView: setCaptionType = 0, this = DecorView@d84b39a[]
10-17 13:24:42.669 30796 30796 I DecorView: getCurrentDensityDpi: from app context. densityDpi=420 msg=resources_loaded
10-17 13:24:42.670 30796 30796 I DecorView: setWindowBackground: isPopOver=false color=0 d=android.graphics.drawable.ColorDrawable@ec864a8
10-17 13:24:42.679 30796 30821 D NativeCustomFrequencyManager: [NativeCFMS] BpCustomFrequencyManager::BpCustomFrequencyManager()
10-17 13:24:42.680 30796 30796 I DecorView: notifyKeepScreenOnChanged: keepScreenOn=false
10-17 13:24:42.691 30796 30796 D InsetsController: onStateChanged: InsetsState: {mDisplayFrame=Rect(0, 0 - 1080, 2400), mDisplayCutout=DisplayCutout{insets=Rect(0, 88 - 0, 0) waterfall=Insets{left=0, top=0, right=0, bottom=0} boundingRect={Bounds=[Rect(0, 0 - 0, 0), Rect(512, 0 - 568, 88), Rect(0, 0 - 0, 0), Rect(0, 0 - 0, 0)]} cutoutPathParserInfo={CutoutPathParserInfo{displayWidth=1080 displayHeight=2400 physicalDisplayWidth=1080 physicalDisplayHeight=2400 density={2.625} cutoutSpec={M 0,0 M 0,12.25101276465640 a 10.60613009248640,10.60613009248640 0 1,0 0,21.21226018497290 a 10.60613009248640,10.60613009248640 0 1,0 0,-21.21226018497290 Z @dp} rotation={0} scale={1.0} physicalPixelDisplaySizeRatio={1.0}}}}, mRoundedCorners=RoundedCorners{[RoundedCorner{position=TopLeft, radius=84, center=Point(84, 84)}, RoundedCorner{position=TopRight, radius=84, center=Point(996, 84)}, RoundedCorner{position=BottomRight, radius=84, center=Point(996, 2316)}, RoundedCorner{position=BottomLeft, radius=84, center=Point(84, 2316)}]}  mRoundedCornerFrame=Rect(0, 0 - 1080, 2400), mPrivacyIndicatorBounds=PrivacyIndicatorBounds {static bounds=Rect(964, 0 - 1080, 87) rotation=0}, mSources= { InsetsSource: {mType=ITYPE_STATUS_BAR, mFrame=[0,0][1080,88], mVisible=true, mInsetsRoundedCornerFrame=false}, InsetsSource: {mType=ITYPE_NAVIGATION_BAR, mFrame=[0,2361][1080,2400], mVisible=true, mInsetsRoundedCornerFrame=false}, InsetsSource: {mType=ITYPE_LEFT_GESTURES, mFrame=[0,0][130,2400], mVisible=true, mInsetsRoundedCornerFrame=false}, InsetsSource: {mType=ITYPE_RIGHT_GESTURES, mFrame=[950,0][1080,2400], mVisible=true, mInsetsRoundedCornerFrame=false}, InsetsSource: {mType=ITYPE_TOP_MANDATORY_GESTURES, mFrame=[0,0][1080,120], mVisible=true, mInsetsRoundedCornerFrame=false}, InsetsSource: {mType=ITYPE_BOTTOM_MANDATORY_GESTURES, mFrame=[0,2316][1080,2400], mVisible=true, mInsetsRoundedCornerFrame=false}, InsetsSource: {mType=ITYPE_LEFT_DISPLAY_CUTOUT, mFrame=[0,0][-100000,2400], mVisible=true, mInsetsRoundedCornerFrame=false}, InsetsSource: {mType=ITYPE_TOP_DISPLAY_CUTOUT, mFrame=[0,0][1080,88], mVisible=true, mInsetsRoundedCornerFrame=false}, InsetsSource: {mType=ITYPE_RIGHT_DISPLAY_CUTOUT, mFrame=[100000,0][1080,2400], mVisible=true, mInsetsRoundedCornerFrame=false}, InsetsSource: {mType=ITYPE_BOTTOM_DISPLAY_CUTOUT, mFrame=[0,100000][1080,2400], mVisible=true, mInsetsRoundedCornerFrame=false}, InsetsSource: {mType=ITYPE_TOP_TAPPABLE_ELEMENT, mFrame=[0,0][1080,88], mVisible=true, mInsetsRoundedCornerFrame=false}, InsetsSource: {mType=ITYPE_BOTTOM_TAPPABLE_ELEMENT, mFrame=[0,0][0,0], mVisible=true, mInsetsRoundedCornerFrame=false}, InsetsSource: {mType=ITYPE_IME, mFrame=[0,0][0,0], mVisibleFrame=[0,1409][1080,2400], mVisible=false, mInsetsRoundedCornerFrame=false} } host=com.lagradost.cloudstream3/com.lagradost.cloudstream3.MainActivity from=android.view.ViewRootImpl.setView:1732
10-17 13:24:42.692 30796 30796 I ViewRootImpl@17da1f9[MainActivity]: setView = com.android.internal.policy.DecorView@d84b39a TM=true
10-17 13:24:42.708 30796 30796 I ViewRootImpl@17da1f9[MainActivity]: performTraversals params={(0,0)(fillxfill) gr=CENTER sim={adjust=resize forwardNavigation} ty=APPLICATION fmt=TRANSPARENT wanim=0x7f14000b
10-17 13:24:42.708 30796 30796 I ViewRootImpl@17da1f9[MainActivity]:   fl=85810100
10-17 13:24:42.708 30796 30796 I ViewRootImpl@17da1f9[MainActivity]:   pfl=12020040
10-17 13:24:42.708 30796 30796 I ViewRootImpl@17da1f9[MainActivity]:   vsysui=500
10-17 13:24:42.708 30796 30796 I ViewRootImpl@17da1f9[MainActivity]:   bhv=DEFAULT
10-17 13:24:42.708 30796 30796 I ViewRootImpl@17da1f9[MainActivity]:   fitSides= naviIconColor=0}
10-17 13:24:42.709 30796 30796 I ViewRootImpl@17da1f9[MainActivity]: performTraversals mFirst=true windowShouldResize=true viewVisibilityChanged=false mForceNextWindowRelayout=false params={(0,0)(fillxfill) gr=CENTER sim={adjust=resize forwardNavigation} ty=APPLICATION fmt=TRANSPARENT wanim=0x7f14000b
10-17 13:24:42.709 30796 30796 I ViewRootImpl@17da1f9[MainActivity]:   fl=85810100
10-17 13:24:42.709 30796 30796 I ViewRootImpl@17da1f9[MainActivity]:   pfl=12020040
10-17 13:24:42.709 30796 30796 I ViewRootImpl@17da1f9[MainActivity]:   vsysui=500
10-17 13:24:42.709 30796 30796 I ViewRootImpl@17da1f9[MainActivity]:   bhv=DEFAULT
10-17 13:24:42.709 30796 30796 I ViewRootImpl@17da1f9[MainActivity]:   fitSides= naviIconColor=0}
10-17 13:24:42.721 30796 30796 I ViewRootImpl@17da1f9[MainActivity]: updateBlastSurfaceIfNeeded mBlastBufferQueue=null isSameSurfaceControl=false
10-17 13:24:42.722 30796 30796 I BLASTBufferQueue: new BLASTBufferQueue, mName= ViewRootImpl@17da1f9[MainActivity] mNativeObject= 0x7bdaac2b00 sc.mNativeObject= 0x7b07888800 caller= android.view.ViewRootImpl.updateBlastSurfaceIfNeeded:2909 android.view.ViewRootImpl.relayoutWindow:9847 android.view.ViewRootImpl.performTraversals:3884 android.view.ViewRootImpl.doTraversal:3116 android.view.ViewRootImpl$TraversalRunnable.run:10885 android.view.Choreographer$CallbackRecord.run:1301 android.view.Choreographer$CallbackRecord.run:1309 android.view.Choreographer.doCallbacks:923 android.view.Choreographer.doFrame:852 android.view.Choreographer$FrameDisplayEventReceiver.run:1283 
10-17 13:24:42.722 30796 30796 I BLASTBufferQueue: update, w= 1080 h= 2400 mName = ViewRootImpl@17da1f9[MainActivity] mNativeObject= 0x7bdaac2b00 sc.mNativeObject= 0x7b07888800 format= -2 caller= android.graphics.BLASTBufferQueue.<init>:84 android.view.ViewRootImpl.updateBlastSurfaceIfNeeded:2909 android.view.ViewRootImpl.relayoutWindow:9847 android.view.ViewRootImpl.performTraversals:3884 android.view.ViewRootImpl.doTraversal:3116 android.view.ViewRootImpl$TraversalRunnable.run:10885 
10-17 13:24:42.722 30796 30796 I ViewRootImpl@17da1f9[MainActivity]: Relayout returned: old=(0,0,1080,2400) new=(0,0,1080,2400) req=(1080,2400)0 dur=12 res=0x3 s={true 0x7aea8c5000} ch=true seqId=0
10-17 13:24:42.723 30796 30796 I ViewRootImpl@17da1f9[MainActivity]: mThreadedRenderer.initialize() mSurface={isValid=true 0x7aea8c5000} hwInitialized=true
10-17 13:24:42.723 30796 30821 D OpenGLRenderer: eglCreateWindowSurface
10-17 13:24:42.743 30796 30796 D AbsListView:  in onLayout changed 
10-17 13:24:42.744 30796 30796 I ViewRootImpl@17da1f9[MainActivity]: reportNextDraw android.view.ViewRootImpl.performTraversals:4438 android.view.ViewRootImpl.doTraversal:3116 android.view.ViewRootImpl$TraversalRunnable.run:10885 android.view.Choreographer$CallbackRecord.run:1301 android.view.Choreographer$CallbackRecord.run:1309 
10-17 13:24:42.744 30796 30796 I ViewRootImpl@17da1f9[MainActivity]: Setup new sync id=0
10-17 13:24:42.744 30796 30796 I ViewRootImpl@17da1f9[MainActivity]: Setting syncFrameCallback
10-17 13:24:42.744 30796 30796 I ViewRootImpl@17da1f9[MainActivity]: registerCallbacksForSync syncBuffer=false
10-17 13:24:42.747 30796 30894 I ViewRootImpl@17da1f9[MainActivity]: Received frameDrawingCallback syncResult=0 frameNum=1.
10-17 13:24:42.747 30796 30894 I ViewRootImpl@17da1f9[MainActivity]: Setting up sync and frameCommitCallback
10-17 13:24:42.755 30796 30821 I BLASTBufferQueue: [ViewRootImpl@17da1f9[MainActivity]#5](f:0,a:0) onFrameAvailable the first frame is available
10-17 13:24:42.758 30796 30821 I ViewRootImpl@17da1f9[MainActivity]: Received frameCommittedCallback lastAttemptedDrawFrameNum=1 didProduceBuffer=true
10-17 13:24:42.760 30796 30821 D OpenGLRenderer: CFMS:: SetUp Pid : 30796    Tid : 30821
10-17 13:24:42.764 30796 30796 I ViewRootImpl@17da1f9[MainActivity]: onSyncComplete
10-17 13:24:42.765 30796 30796 I ViewRootImpl@17da1f9[MainActivity]: setupSync seqId=0 mSyncId=0 fn=1 caller=android.view.ViewRootImpl$$ExternalSyntheticLambda11.accept:6 android.window.SurfaceSyncer.lambda$setupSync$1$android-window-SurfaceSyncer:128 android.window.SurfaceSyncer$$ExternalSyntheticLambda1.accept:8 android.window.SurfaceSyncer$SyncSet.checkIfSyncIsComplete:382 android.window.SurfaceSyncer$SyncSet.markSyncReady:359 android.window.SurfaceSyncer.markSyncReady:151 android.view.ViewRootImpl.performTraversals:4503 
10-17 13:24:42.765 30796 30796 I ViewRootImpl@17da1f9[MainActivity]: reportDrawFinished seqId=0 mSyncId=-1 fn=1 mSurfaceChangedTransaction=0x7b165ca600
10-17 13:24:42.768 30796 30796 I ViewRootImpl@fd98f5c[MainActivity]: MSG_WINDOW_FOCUS_CHANGED 0 0
10-17 13:24:42.821 30796 30796 I ViewRootImpl@17da1f9[MainActivity]: MSG_WINDOW_FOCUS_CHANGED 1 0
10-17 13:24:42.821 30796 30796 I ViewRootImpl@17da1f9[MainActivity]: mThreadedRenderer.initializeIfNeeded()#2 mSurface={isValid=true 0x7aea8c5000}
10-17 13:24:42.822 30796 30796 D InputMethodManager: startInputInner - Id : 0
10-17 13:24:42.822 30796 30796 I InputMethodManager: startInputInner - mService.startInputOrWindowGainedFocus
10-17 13:24:42.893 30796 30796 I ViewRootImpl@fd98f5c[MainActivity]: ViewPostIme pointer 1
10-17 13:24:43.539 30796 30796 I ViewRootImpl@17da1f9[MainActivity]: ViewPostIme pointer 0
10-17 13:24:43.579 30796 30796 I ViewRootImpl@17da1f9[MainActivity]: ViewPostIme pointer 1
10-17 13:24:43.580 30796 30796 D AbsListView: onTouchUp() mTouchMode : 0
10-17 13:24:43.660 30796 30796 I MSHandlerLifeCycle: removeMultiSplitHandler: no exist. decor=DecorView@d84b39a[MainActivity]
10-17 13:24:43.661 30796 30821 D OpenGLRenderer: setSurface called with nullptr
10-17 13:24:43.661 30796 30821 D OpenGLRenderer: setSurface() destroyed EGLSurface
10-17 13:24:43.661 30796 30821 D OpenGLRenderer: destroyEglSurface
10-17 13:24:43.663 30796 30821 D OpenGLRenderer: endAllActiveAnimators on 0x7aea8cff00 (MaterialTextView) with handle 0x7b406c94e0
10-17 13:24:43.664 30796 30796 I ViewRootImpl@17da1f9[MainActivity]: dispatchDetachedFromWindow
10-17 13:24:43.664 30796 30872 D AsiaTVLogs: loadLinks started for: https://asiatv.one/episodes/tempest-%d8%ad1-%d9%85%d8%b3%d9%84%d8%b3%d9%84-%d8%a7%d9%84%d8%b9%d8%a7%d8%b5%d9%81%d8%a9-%d8%a7%d9%84%d8%ad%d9%84%d9%82%d8%a9-1-%d9%85%d8%aa%d8%b1%d8%ac%d9%85%d8%a9/
10-17 13:24:43.688 30796 30796 D InputTransport: Input channel destroyed: '3262a3c', fd=159
10-17 13:24:43.691 30796 30796 I Dialog  : mIsDeviceDefault = false, mIsSamsungBasicInteraction = false, isMetaDataInActivity = false
10-17 13:24:43.745 30796 30796 I DecorView: [INFO] isPopOver=false config=false
10-17 13:24:43.746 30796 30796 I DecorView: updateCaptionType: isFloating=false isApplication=true hasWindowDecorCaption=false this=DecorView@8841c4[]
10-17 13:24:43.746 30796 30796 D DecorView: setCaptionType = 0, this = DecorView@8841c4[]
10-17 13:24:43.747 30796 30796 I DecorView: getCurrentDensityDpi: from app context. densityDpi=420 msg=resources_loaded
10-17 13:24:43.747 30796 30796 I DecorView: setWindowBackground: isPopOver=false color=0 d=android.graphics.drawable.ColorDrawable@956f7e2
10-17 13:24:43.753 30796 30821 D NativeCustomFrequencyManager: [NativeCFMS] BpCustomFrequencyManager::BpCustomFrequencyManager()
10-17 13:24:43.753 30796 30796 I DecorView: notifyKeepScreenOnChanged: keepScreenOn=false
