--------- beginning of main
10-17 13:24:21.371 30796 30796 I ViewRootImpl@fd98f5c[MainActivity]: MSG_WINDOW_FOCUS_CHANGED 1 0
10-17 13:24:21.371 30796 30796 I ViewRootImpl@fd98f5c[MainActivity]: mThreadedRenderer.initializeIfNeeded()#2 mSurface={isValid=true 0x7b5d15b800}
10-17 13:24:21.375 30796 30796 D InputMethodManager: startInputInner - Id : 0
10-17 13:24:21.375 30796 30796 I InputMethodManager: startInputInner - mService.startInputOrWindowGainedFocus
10-17 13:24:22.071 30796 30796 I ViewRootImpl@fd98f5c[MainActivity]: ViewPostIme pointer 0
10-17 13:24:22.207 30796 30796 D WindowOnBackDispatcher: onBackInvoked, viewRoot=ViewRootImpl@167efd[MainActivity], callback=androidx.activity.OnBackPressedDispatcher$Api33Impl$$ExternalSyntheticLambda0@27a4bf
10-17 13:24:22.220 30796 30796 I IMM_LC  : hsifw() - flag : 0
10-17 13:24:22.220 30796 30796 I IMM_LC  : hsifw() - mService.hideSoftInput
10-17 13:24:22.225 30796 30796 D ScrollView: initGoToTop
10-17 13:24:22.258 30796 30796 E CoilImgLoader: Error loading image: coil3.request.NullRequestDataException: The request's data is null.
10-17 13:24:22.268 30796 30796 D ScrollView:  onsize change changed 
10-17 13:24:22.889 30796 30796 I ViewRootImpl@fd98f5c[MainActivity]: ViewPostIme pointer 0
10-17 13:24:22.929 30796 30796 I ViewRootImpl@fd98f5c[MainActivity]: ViewPostIme pointer 1
10-17 13:24:22.935 30796 30796 I NavComponent: Navigating to fragment: 2131361879
10-17 13:24:22.940 30796 30796 I IMM_LC  : hsifw() - flag : 0
10-17 13:24:22.940 30796 30796 I IMM_LC  : hsifw() - mService.hideSoftInput
10-17 13:24:23.758 30796 30796 I ViewRootImpl@fd98f5c[MainActivity]: ViewPostIme pointer 0
10-17 13:24:23.798 30796 30796 I ViewRootImpl@fd98f5c[MainActivity]: ViewPostIme pointer 1
10-17 13:24:23.830 30796 30796 I IMM_LC  : hsifw() - flag : 0
10-17 13:24:23.830 30796 30796 I IMM_LC  : hsifw() - mService.hideSoftInput
10-17 13:24:23.934 30796 30796 I PLG     : updatePluginList = https://raw.githubusercontent.com/adamwolker21/DZ/refs/heads/master/repo.json
10-17 13:24:23.935 30796 30796 I PLG     : getPlugins = https://raw.githubusercontent.com/adamwolker21/DZ/refs/heads/master/repo.json
10-17 13:24:24.189 30796 30867 D VotingApi: Requesting: https://counterapi.com/api/cs-raw.githubusercontent.com-adamwolker21-DZ/vote/6dc8375a9c21c941e4f4638f351ba59129efb002ec683156e6e11dbcbd8c1d5d?readOnly=true
10-17 13:24:24.207 30796 30867 D VotingApi: Requesting: https://counterapi.com/api/cs-raw.githubusercontent.com-adamwolker21-DZ/vote/806f9e9bb0fe6eed948cf51910bda7c7a4f4470876514f9eb99299b4b4e46db4?readOnly=true
10-17 13:24:25.918 30796 30796 I ViewRootImpl@fd98f5c[MainActivity]: ViewPostIme pointer 0
10-17 13:24:25.960 30796 30796 I ViewRootImpl@fd98f5c[MainActivity]: ViewPostIme pointer 1
10-17 13:24:25.973 30796 30871 I PLG     : handlePluginAction = https://raw.githubusercontent.com/adamwolker21/DZ/refs/heads/master/repo.json, (https://raw.githubusercontent.com/adamwolker21/DZ/refs/heads/master/repo.json, SitePlugin(url=https://raw.githubusercontent.com/adamwolker21/DZ/builds/Asiatv.one.cs3, status=1, version=1, apiVersion=1, name=Asiatv.one, internalName=Asiatv.one, authors=[adamwolker21], description=Asiatv.one, repositoryUrl=https://github.com/adamwolker21/DZ, tvTypes=[Movie, TvSeries], language=ar, iconUrl=https://asiatv.one/wp-content/uploads/2021/09/cropped-asiadrama-192x192.png.webp, fileSize=18396)), false
10-17 13:24:25.978 30796 30871 D PluginManager: Downloading plugin: https://raw.githubusercontent.com/adamwolker21/DZ/builds/Asiatv.one.cs3 to /data/user/0/com.lagradost.cloudstream3/files/Extensions/httpsraw.githubusercontent.comadamwolker21DZrefsheadsmasterrepo.json.-468825824/Asiatv.one.344131172.cs3
10-17 13:24:26.245 30796 30871 I PluginManager: Unloading plugin: /data/user/0/com.lagradost.cloudstream3/files/Extensions/httpsraw.githubusercontent.comadamwolker21DZrefsheadsmasterrepo.json.-468825824/Asiatv.one.344131172.cs3
10-17 13:24:26.246 30796 30871 W PluginManager: Couldn't find plugin /data/user/0/com.lagradost.cloudstream3/files/Extensions/httpsraw.githubusercontent.comadamwolker21DZrefsheadsmasterrepo.json.-468825824/Asiatv.one.344131172.cs3
10-17 13:24:26.246 30796 30871 I PluginManager: Loading plugin: PluginData(internalName=Asiatv.one, url=https://raw.githubusercontent.com/adamwolker21/DZ/builds/Asiatv.one.cs3, isOnline=true, filePath=/data/user/0/com.lagradost.cloudstream3/files/Extensions/httpsraw.githubusercontent.comadamwolker21DZrefsheadsmasterrepo.json.-468825824/Asiatv.one.344131172.cs3, version=-2147483648)
10-17 13:24:26.303 30796 30871 I PluginInstance: Adding AsiaTV (https://asiatv.one) MainAPI
10-17 13:24:26.304 30796 30871 I PluginInstance: Adding AsiaTvPlayer (https://www.asiatvplayer.com) ExtractorApi
10-17 13:24:26.325 30796 30871 I PluginManager: Loaded plugin Asiatv.one successfully
10-17 13:24:26.325 30796 30871 I PLG     : getPlugins = https://raw.githubusercontent.com/adamwolker21/DZ/refs/heads/master/repo.json
10-17 13:24:26.325 30796 30796 I COMPACT : showToast = Plugin Loaded
10-17 13:24:26.333 30796 30796 D CompatibilityChangeReporter: Compat change id reported: 147798919; UID 10526; state: ENABLED
10-17 13:24:26.333 30796 30796 E Toast   : setGravity() shouldn't be called on text toasts, the values won't be used
10-17 13:24:26.333 30796 30796 I Toast   : setView: it's a custom toast
10-17 13:24:26.342 30796 30796 V Toast   : show: caller = com.lagradost.cloudstream3.CommonActivity.showToast:175 
10-17 13:24:26.403 30796 30796 V Toast   : HANDLE SHOW: android.widget.Toast$TN@37a6dea mView=null mNextView=androidx.cardview.widget.CardView{59a48db V.E..V... ......ID 0,0-0,0 #7f0a0557 app:id/toast_layout_root}
10-17 13:24:26.404 30796 30796 V ToastPresenter: sipHeight = -39
10-17 13:24:26.408 30796 30796 V ToastPresenter: yOffset = 13
10-17 13:24:26.416 30796 30821 D NativeCustomFrequencyManager: [NativeCFMS] BpCustomFrequencyManager::BpCustomFrequencyManager()
10-17 13:24:26.424 30796 30796 D InsetsController: onStateChanged: InsetsState: {mDisplayFrame=Rect(0, 0 - 1080, 2400), mDisplayCutout=DisplayCutout{insets=Rect(0, 88 - 0, 0) waterfall=Insets{left=0, top=0, right=0, bottom=0} boundingRect={Bounds=[Rect(0, 0 - 0, 0), Rect(512, 0 - 568, 88), Rect(0, 0 - 0, 0), Rect(0, 0 - 0, 0)]} cutoutPathParserInfo={CutoutPathParserInfo{displayWidth=1080 displayHeight=2400 physicalDisplayWidth=1080 physicalDisplayHeight=2400 density={2.625} cutoutSpec={M 0,0 M 0,12.25101276465640 a 10.60613009248640,10.60613009248640 0 1,0 0,21.21226018497290 a 10.60613009248640,10.60613009248640 0 1,0 0,-21.21226018497290 Z @dp} rotation={0} scale={1.0} physicalPixelDisplaySizeRatio={1.0}}}}, mRoundedCorners=RoundedCorners{[RoundedCorner{position=TopLeft, radius=84, center=Point(84, 84)}, RoundedCorner{position=TopRight, radius=84, center=Point(996, 84)}, RoundedCorner{position=BottomRight, radius=84, center=Point(996, 2316)}, RoundedCorner{position=BottomLeft, radius=84, center=Point(84, 2316)}]}  mRoundedCornerFrame=Rect(0, 0 - 0, 0), mPrivacyIndicatorBounds=PrivacyIndicatorBounds {static bounds=Rect(964, 0 - 1080, 87) rotation=0}, mSources= { InsetsSource: {mType=ITYPE_NAVIGATION_BAR, mFrame=[0,2361][1080,2400], mVisible=true, mInsetsRoundedCornerFrame=false}, InsetsSource: {mType=ITYPE_LEFT_GESTURES, mFrame=[0,0][130,2400], mVisible=true, mInsetsRoundedCornerFrame=false}, InsetsSource: {mType=ITYPE_RIGHT_GESTURES, mFrame=[950,0][1080,2400], mVisible=true, mInsetsRoundedCornerFrame=false}, InsetsSource: {mType=ITYPE_TOP_MANDATORY_GESTURES, mFrame=[0,0][1080,120], mVisible=true, mInsetsRoundedCornerFrame=false}, InsetsSource: {mType=ITYPE_BOTTOM_MANDATORY_GESTURES, mFrame=[0,2316][1080,2400], mVisible=true, mInsetsRoundedCornerFrame=false}, InsetsSource: {mType=ITYPE_LEFT_DISPLAY_CUTOUT, mFrame=[0,0][-100000,2400], mVisible=true, mInsetsRoundedCornerFrame=false}, InsetsSource: {mType=ITYPE_TOP_DISPLAY_CUTOUT, mFrame=[0,0][1080,88], mVisible=true, mInsetsRoundedCornerFrame=false}, InsetsSource: {mType=ITYPE_RIGHT_DISPLAY_CUTOUT, mFrame=[100000,0][1080,2400], mVisible=true, mInsetsRoundedCornerFrame=false}, InsetsSource: {mType=ITYPE_BOTTOM_DISPLAY_CUTOUT, mFrame=[0,100000][1080,2400], mVisible=true, mInsetsRoundedCornerFrame=false}, InsetsSource: {mType=ITYPE_BOTTOM_TAPPABLE_ELEMENT, mFrame=[0,0][0,0], mVisible=true, mInsetsRoundedCornerFrame=false} } host=Toast from=android.view.ViewRootImpl.setView:1732
10-17 13:24:26.426 30796 30796 I ViewRootImpl@8db651[Toast]: setView = androidx.cardview.widget.CardView@59a48db TM=true
10-17 13:24:26.440 30796 30796 I ViewRootImpl@8db651[Toast]: performTraversals params={(0,13)(wrapxwrap) gr=BOTTOM CENTER sim={adjust=resize} ty=TOAST fmt=TRANSLUCENT wanim=0x1030004 surfaceInsets=Rect(11, 11 - 11, 11)
10-17 13:24:26.440 30796 30796 I ViewRootImpl@8db651[Toast]:   fl=1000098
10-17 13:24:26.440 30796 30796 I ViewRootImpl@8db651[Toast]:   pfl=12000000
10-17 13:24:26.440 30796 30796 I ViewRootImpl@8db651[Toast]:   bhv=DEFAULT
10-17 13:24:26.440 30796 30796 I ViewRootImpl@8db651[Toast]:   fitTypes=STATUS_BARS NAVIGATION_BARS CAPTION_BAR
10-17 13:24:26.440 30796 30796 I ViewRootImpl@8db651[Toast]:   fitIgnoreVis naviIconColor=0}
10-17 13:24:26.441 30796 30796 I ViewRootImpl@8db651[Toast]: performTraversals mFirst=true windowShouldResize=false viewVisibilityChanged=false mForceNextWindowRelayout=false params={(0,13)(wrapxwrap) gr=BOTTOM CENTER sim={adjust=resize} ty=TOAST fmt=TRANSLUCENT wanim=0x1030004 surfaceInsets=Rect(11, 11 - 11, 11)
10-17 13:24:26.441 30796 30796 I ViewRootImpl@8db651[Toast]:   fl=1000098
10-17 13:24:26.441 30796 30796 I ViewRootImpl@8db651[Toast]:   pfl=12000000
10-17 13:24:26.441 30796 30796 I ViewRootImpl@8db651[Toast]:   bhv=DEFAULT
10-17 13:24:26.441 30796 30796 I ViewRootImpl@8db651[Toast]:   fitTypes=STATUS_BARS NAVIGATION_BARS CAPTION_BAR
10-17 13:24:26.441 30796 30796 I ViewRootImpl@8db651[Toast]:   fitIgnoreVis naviIconColor=0}
10-17 13:24:26.452 30796 30796 I ViewRootImpl@8db651[Toast]: updateBlastSurfaceIfNeeded mBlastBufferQueue=null isSameSurfaceControl=false
10-17 13:24:26.453 30796 30796 I BLASTBufferQueue: new BLASTBufferQueue, mName= ViewRootImpl@8db651[Toast] mNativeObject= 0x7b5d08aa00 sc.mNativeObject= 0x7b5d080300 caller= android.view.ViewRootImpl.updateBlastSurfaceIfNeeded:2909 android.view.ViewRootImpl.relayoutWindow:9847 android.view.ViewRootImpl.performTraversals:3884 android.view.ViewRootImpl.doTraversal:3116 android.view.ViewRootImpl$TraversalRunnable.run:10885 android.view.Choreographer$CallbackRecord.run:1301 android.view.Choreographer$CallbackRecord.run:1309 android.view.Choreographer.doCallbacks:923 android.view.Choreographer.doFrame:852 android.view.Choreographer$FrameDisplayEventReceiver.run:1283 
10-17 13:24:26.454 30796 30796 I BLASTBufferQueue: update, w= 373 h= 178 mName = ViewRootImpl@8db651[Toast] mNativeObject= 0x7b5d08aa00 sc.mNativeObject= 0x7b5d080300 format= -3 caller= android.graphics.BLASTBufferQueue.<init>:84 android.view.ViewRootImpl.updateBlastSurfaceIfNeeded:2909 android.view.ViewRootImpl.relayoutWindow:9847 android.view.ViewRootImpl.performTraversals:3884 android.view.ViewRootImpl.doTraversal:3116 android.view.ViewRootImpl$TraversalRunnable.run:10885 
10-17 13:24:26.454 30796 30796 I ViewRootImpl@8db651[Toast]: Relayout returned: old=(0,88,1080,2361) new=(364,2192,715,2348) req=(351,156)0 dur=11 res=0x3 s={true 0x7b168d9000} ch=true seqId=0
10-17 13:24:26.455 30796 30796 I ViewRootImpl@8db651[Toast]: mThreadedRenderer.initialize() mSurface={isValid=true 0x7b168d9000} hwInitialized=true
10-17 13:24:26.456 30796 30821 D OpenGLRenderer: eglCreateWindowSurface
10-17 13:24:26.456 30796 30796 I ViewRootImpl@8db651[Toast]: reportNextDraw android.view.ViewRootImpl.performTraversals:4438 android.view.ViewRootImpl.doTraversal:3116 android.view.ViewRootImpl$TraversalRunnable.run:10885 android.view.Choreographer$CallbackRecord.run:1301 android.view.Choreographer$CallbackRecord.run:1309 
10-17 13:24:26.456 30796 30796 I ViewRootImpl@8db651[Toast]: Setup new sync id=0
10-17 13:24:26.456 30796 30796 I ViewRootImpl@8db651[Toast]: Setting syncFrameCallback
10-17 13:24:26.456 30796 30796 I ViewRootImpl@8db651[Toast]: registerCallbacksForSync syncBuffer=false
10-17 13:24:26.458 30796 30895 I ViewRootImpl@8db651[Toast]: Received frameDrawingCallback syncResult=0 frameNum=1.
10-17 13:24:26.459 30796 30895 I ViewRootImpl@8db651[Toast]: Setting up sync and frameCommitCallback
10-17 13:24:26.462 30796 30821 I BLASTBufferQueue: [ViewRootImpl@8db651[Toast]#3](f:0,a:0) onFrameAvailable the first frame is available
10-17 13:24:26.463 30796 30821 I ViewRootImpl@8db651[Toast]: Received frameCommittedCallback lastAttemptedDrawFrameNum=1 didProduceBuffer=true
10-17 13:24:26.465 30796 30821 D OpenGLRenderer: CFMS:: SetUp Pid : 30796    Tid : 30821
10-17 13:24:26.469 30796 30796 I ViewRootImpl@8db651[Toast]: onSyncComplete
10-17 13:24:26.470 30796 30796 I ViewRootImpl@8db651[Toast]: setupSync seqId=0 mSyncId=0 fn=1 caller=android.view.ViewRootImpl$$ExternalSyntheticLambda11.accept:6 android.window.SurfaceSyncer.lambda$setupSync$1$android-window-SurfaceSyncer:128 android.window.SurfaceSyncer$$ExternalSyntheticLambda1.accept:8 android.window.SurfaceSyncer$SyncSet.checkIfSyncIsComplete:382 android.window.SurfaceSyncer$SyncSet.markSyncReady:359 android.window.SurfaceSyncer.markSyncReady:151 android.view.ViewRootImpl.performTraversals:4503 
10-17 13:24:26.470 30796 30796 I ViewRootImpl@8db651[Toast]: reportDrawFinished seqId=0 mSyncId=-1 fn=1 mSurfaceChangedTransaction=0x7b45459500
10-17 13:24:27.293 30796 30796 I ViewRootImpl@fd98f5c[MainActivity]: ViewPostIme pointer 0
10-17 13:24:27.350 30796 30796 I ViewRootImpl@fd98f5c[MainActivity]: ViewPostIme pointer 1
10-17 13:24:27.380 30796 30796 I IMM_LC  : hsifw() - flag : 0
10-17 13:24:27.380 30796 30796 I IMM_LC  : hsifw() - mService.hideSoftInput
10-17 13:24:28.285 30796 30804 I st.cloudstream3: Background concurrent copying GC freed 7487KB AllocSpace bytes, 26(1852KB) LOS objects, 49% free, 19MB/38MB, paused 787us,65us total 144.274ms
10-17 13:24:28.303 30796 30821 D OpenGLRenderer: setSurface called with nullptr
10-17 13:24:28.303 30796 30805 D InputTransport: Input channel destroyed: 'ClientS', fd=119
10-17 13:24:28.319 30796 30806 W System  : A resource failed to call close. 
10-17 13:24:28.376 30796 30821 D OpenGLRenderer: setSurface called with nullptr
10-17 13:24:28.376 30796 30821 D OpenGLRenderer: setSurface() destroyed EGLSurface
10-17 13:24:28.376 30796 30821 D OpenGLRenderer: destroyEglSurface
10-17 13:24:28.378 30796 30796 I ViewRootImpl@8db651[Toast]: dispatchDetachedFromWindow
10-17 13:24:28.386 30796 30796 D InputTransport: Input channel destroyed: '2415226', fd=133
10-17 13:24:31.667 30796 30804 I st.cloudstream3: Background concurrent copying GC freed 6539KB AllocSpace bytes, 136(16MB) LOS objects, 49% free, 15MB/30MB, paused 560us,150us total 158.480ms
10-17 13:24:31.668 30796 30821 D OpenGLRenderer: setSurface called with nullptr
10-17 13:24:33.135 30796 30796 I ViewRootImpl@fd98f5c[MainActivity]: ViewPostIme pointer 0
10-17 13:24:33.270 30796 30796 I ViewRootImpl@fd98f5c[MainActivity]: ViewPostIme pointer 1
10-17 13:24:35.285 30796 30796 I ViewRootImpl@fd98f5c[MainActivity]: ViewPostIme pointer 0
10-17 13:24:35.820 30796 30796 I ViewRootImpl@fd98f5c[MainActivity]: ViewPostIme pointer 1
10-17 13:24:36.327 30796 30796 I ViewRootImpl@fd98f5c[MainActivity]: ViewPostIme pointer 0
10-17 13:24:36.999 30796 30796 I ViewRootImpl@fd98f5c[MainActivity]: ViewPostIme pointer 1
10-17 13:24:37.461 30796 30796 I ViewRootImpl@fd98f5c[MainActivity]: ViewPostIme pointer 0
10-17 13:24:37.510 30796 30796 I ViewRootImpl@fd98f5c[MainActivity]: ViewPostIme pointer 1
10-17 13:24:37.642 30796 30796 I ViewRootImpl@fd98f5c[MainActivity]: ViewPostIme pointer 0
10-17 13:24:37.707 30796 30796 I ViewRootImpl@fd98f5c[MainActivity]: ViewPostIme pointer 1
10-17 13:24:37.724 30796 30796 I NavComponent: Navigating to fragment: 2131362274
10-17 13:24:37.730 30796 30796 I IMM_LC  : hsifw() - flag : 0
10-17 13:24:37.730 30796 30796 I IMM_LC  : hsifw() - mService.hideSoftInput
10-17 13:24:37.754 30796 30796 D ScrollView: initGoToTop
10-17 13:24:38.047 30796 30796 I SurfaceView@ed20430: onWindowVisibilityChanged(0) true android.view.SurfaceView{ed20430 V.E..V... ......I. 0,0-0,0} of ViewRootImpl@fd98f5c[MainActivity]
10-17 13:24:38.047 30796 30796 D SurfaceView@ed20430: updateSurface: has no frame
10-17 13:24:38.054 30796 30796 I CS3ExoPlayer: SET STYLE = SaveCaptionStyle(foregroundColor=-1, backgroundColor=0, windowColor=0, edgeType=1, edgeColor=-16777216, typeface=null, typefaceFilePath=null, elevation=20, fixedTextSize=null, edgeSize=null, removeCaptions=false, removeBloat=true, upperCase=false, bold=false, italic=false, backgroundRadius=null)
10-17 13:24:38.068 30796 30796 D VideoClickActionHolder: allVideoClickActions: [null:com.lagradost.cloudstream3.actions.temp.PlayInBrowserAction, null:com.lagradost.cloudstream3.actions.temp.CopyClipboardAction, null:com.lagradost.cloudstream3.actions.temp.ViewM3U8Action, null:com.lagradost.cloudstream3.actions.temp.VlcPackage, null:com.lagradost.cloudstream3.actions.temp.MpvPackage, null:com.lagradost.cloudstream3.actions.temp.NextPlayerPackage, null:com.lagradost.cloudstream3.actions.temp.JustPlayerPackage, null:com.lagradost.cloudstream3.actions.temp.fcast.FcastAction, null:com.lagradost.cloudstream3.actions.temp.LibreTorrentPackage, null:com.lagradost.cloudstream3.actions.temp.BiglyBTPackage, null:com.lagradost.cloudstream3.actions.temp.VlcNightlyPackage, null:com.lagradost.cloudstream3.actions.temp.WebVideoCastPackage, null:com.lagradost.cloudstream3.actions.temp.MpvYTDLPackage, null:com.lagradost.cloudstream3.actions.temp.MpvKtPackage, null:com.lagradost.cloudstream3.actions.temp.MpvKtPreviewPackage, null:com.lagradost.cloudstream3.actions.AlwaysAskAction]
10-17 13:24:38.069 30796 30796 I IMM_LC  : hsifw() - flag : 0
10-17 13:24:38.069 30796 30796 I IMM_LC  : hsifw() - mService.hideSoftInput
10-17 13:24:38.071 30796 30870 I SYNCVM  : addFromUrl = https://asiatv.one/drama/tempest-%d9%85%d8%b3%d9%84%d8%b3%d9%84-%d8%a7%d9%84%d8%b9%d8%a7%d8%b5%d9%81%d8%a9-%d8%aa%d9%82%d8%b1%d9%8a%d8%b1-%d8%ad%d9%84%d9%82%d8%a7%d8%aa-%d9%85%d8%aa%d8%b1%d8%ac%d9%85%d8%a9/
10-17 13:24:38.073 30796 30870 I SYNCUTIL: getIdsFromUrl https://asiatv.one/drama/tempest-%d9%85%d8%b3%d9%84%d8%b3%d9%84-%d8%a7%d9%84%d8%b9%d8%a7%d8%b5%d9%81%d8%a9-%d8%aa%d9%82%d8%b1%d9%8a%d8%b1-%d8%ad%d9%84%d9%82%d8%a7%d8%aa-%d9%85%d8%aa%d8%b1%d8%ac%d9%85%d8%a9/
10-17 13:24:38.087 30796 30796 I SurfaceView@ed20430: onWindowVisibilityChanged(8) false android.view.SurfaceView{ed20430 V.E..V... ......I. 0,0-0,0} of ViewRootImpl@fd98f5c[MainActivity]
10-17 13:24:38.087 30796 30796 D SurfaceView@ed20430: updateSurface: has no frame
10-17 13:24:38.087 30796 30796 D SurfaceView@ed20430: updateSurface: has no frame
10-17 13:24:38.087 30796 30796 I SurfaceView@ed20430: onDetachedFromWindow: tryReleaseSurfaces()
10-17 13:24:38.087 30796 30796 I SurfaceView@ed20430: releaseSurfaces: viewRoot = ViewRootImpl@fd98f5c[MainActivity]
10-17 13:24:38.087 30796 30796 I SurfaceView@ed20430: applyTransactionOnVriDraw: vri = ViewRootImpl@fd98f5c[MainActivity] fRS = true t = 0x7b16726900 android.view.SurfaceView.releaseSurfaces:858 android.view.SurfaceView.onDetachedFromWindow:500 android.view.View.dispatchDetachedFromWindow:22538 
10-17 13:24:38.087 30796 30796 I SurfaceView@ed20430: applyTransactionOnVriDraw: viewRoot.applyTransactionOnDrawFromReleaseSurfaces
10-17 13:24:38.087 30796 30796 I ViewRootImpl@fd98f5c[MainActivity]: applyTransactionOnDraw: mRemoved = false isHardwareEnabled = true t = 0x7b16726900android.view.ViewRootImpl.applyTransactionOnDrawFromReleaseSurfaces:12850 android.view.SurfaceView.applyTransactionOnVriDraw:2046 android.view.SurfaceView.releaseSurfaces:858 android.view.SurfaceView.onDetachedFromWindow:500 android.view.View.dispatchDetachedFromWindow:22538 
10-17 13:24:38.089 30796 30796 I SurfaceView@ed20430: onWindowVisibilityChanged(0) true android.view.SurfaceView{ed20430 V.E..V... ......I. 0,0-0,0} of ViewRootImpl@fd98f5c[MainActivity]
10-17 13:24:38.089 30796 30796 D SurfaceView@ed20430: updateSurface: has no frame
10-17 13:24:38.100 30796 30796 I DecorView: notifyKeepScreenOnChanged: keepScreenOn=false
10-17 13:24:38.118 30796 30796 I CS3ExoPlayer: reloadPlayer
10-17 13:24:38.118 30796 30796 I CS3ExoPlayer: releasePlayer
10-17 13:24:38.118 30796 30796 I CS3ExoPlayer: Handle event: PlayerAttachedEvent(player=null, source=Player)
10-17 13:24:38.124 30796 30796 I ViewRootImpl@fd98f5c[MainActivity]: performTraversals params={(0,0)(fillxfill) sim={state=always_hidden adjust=resize} ty=BASE_APPLICATION wanim=0x1030309
10-17 13:24:38.124 30796 30796 I ViewRootImpl@fd98f5c[MainActivity]:   fl=85810100
10-17 13:24:38.124 30796 30796 I ViewRootImpl@fd98f5c[MainActivity]:   pfl=12020040
10-17 13:24:38.124 30796 30796 I ViewRootImpl@fd98f5c[MainActivity]:   vsysui=500
10-17 13:24:38.124 30796 30796 I ViewRootImpl@fd98f5c[MainActivity]:   bhv=DEFAULT
10-17 13:24:38.124 30796 30796 I ViewRootImpl@fd98f5c[MainActivity]:   fitSides= naviIconColor=0}
10-17 13:24:38.124 30796 30796 I ViewRootImpl@fd98f5c[MainActivity]: performTraversals mFirst=false windowShouldResize=false viewVisibilityChanged=false mForceNextWindowRelayout=false params={(0,0)(fillxfill) sim={state=always_hidden adjust=resize} ty=BASE_APPLICATION fmt=TRANSLUCENT wanim=0x1030309
10-17 13:24:38.124 30796 30796 I ViewRootImpl@fd98f5c[MainActivity]:   fl=85810100
10-17 13:24:38.124 30796 30796 I ViewRootImpl@fd98f5c[MainActivity]:   pfl=12020040
10-17 13:24:38.124 30796 30796 I ViewRootImpl@fd98f5c[MainActivity]:   vsysui=500
10-17 13:24:38.124 30796 30796 I ViewRootImpl@fd98f5c[MainActivity]:   bhv=DEFAULT
10-17 13:24:38.124 30796 30796 I ViewRootImpl@fd98f5c[MainActivity]:   fitSides= naviIconColor=0}
10-17 13:24:38.132 30796 30796 I ViewRootImpl@fd98f5c[MainActivity]: updateBlastSurfaceIfNeeded mBlastBufferQueue=0x7b5d0d9400 isSameSurfaceControl=true
10-17 13:24:38.132 30796 30796 I BLASTBufferQueue: update, w= 1080 h= 2400 mName = ViewRootImpl@fd98f5c[MainActivity] mNativeObject= 0x7b5d0d9400 sc.mNativeObject= 0x7b07889700 format= -3 caller= android.view.ViewRootImpl.updateBlastSurfaceIfNeeded:2898 android.view.ViewRootImpl.relayoutWindow:9847 android.view.ViewRootImpl.performTraversals:3884 android.view.ViewRootImpl.doTraversal:3116 android.view.ViewRootImpl$TraversalRunnable.run:10885 android.view.Choreographer$CallbackRecord.run:1301 
10-17 13:24:38.132 30796 30796 I ViewRootImpl@fd98f5c[MainActivity]: Relayout returned: old=(0,0,1080,2400) new=(0,0,1080,2400) req=(1080,2400)0 dur=8 res=0x0 s={true 0x7b5d15b800} ch=false seqId=0
10-17 13:24:38.134 30796 30796 W View    : requestLayout() improperly called by android.widget.FrameLayout{7f1d099 I.E..V... ......I. 0,0-0,0 #7f0a04e7 app:id/start_panel} during layout: running second layout pass
10-17 13:24:38.134 30796 30796 W View    : requestLayout() improperly called by android.widget.FrameLayout{eda9f5e I.E..V... ......ID 1080,0-1080,2143 #7f0a0168 app:id/end_panel} during layout: running second layout pass
10-17 13:24:38.135 30796 30796 D SurfaceView@ed20430: updateSurface: has no frame
10-17 13:24:38.140 30796 30894 I ViewRootImpl@fd98f5c[MainActivity]: mWNT: t=0x7b16726900 mBlastBufferQueue=0x7b5d0d9400 fn= 746 caller= android.view.ViewRootImpl.lambda$applyTransactionOnDraw$11$android-view-ViewRootImpl:12865 android.view.ViewRootImpl$$ExternalSyntheticLambda1.onFrameDraw:4 android.graphics.HardwareRenderer$FrameDrawingCallback.onFrameDraw:924 
10-17 13:24:38.143 30796 30796 D SurfaceView@ed20430: updateSurface: has no frame
10-17 13:24:38.166 30796 30796 D SurfaceView@ed20430: updateSurface: has no frame
10-17 13:24:38.186 30796 30796 D SurfaceView@ed20430: updateSurface: has no frame
10-17 13:24:38.205 30796 30796 D SurfaceView@ed20430: updateSurface: has no frame
10-17 13:24:38.221 30796 30796 D SurfaceView@ed20430: updateSurface: has no frame
10-17 13:24:38.237 30796 30796 D SurfaceView@ed20430: updateSurface: has no frame
10-17 13:24:38.254 30796 30796 D SurfaceView@ed20430: updateSurface: has no frame
10-17 13:24:38.281 30796 30796 D SurfaceView@ed20430: updateSurface: has no frame
10-17 13:24:38.288 30796 30796 D SurfaceView@ed20430: updateSurface: has no frame
10-17 13:24:38.304 30796 30796 D SurfaceView@ed20430: updateSurface: has no frame
10-17 13:24:38.321 30796 30796 D SurfaceView@ed20430: updateSurface: has no frame
10-17 13:24:38.338 30796 30796 D SurfaceView@ed20430: updateSurface: has no frame
10-17 13:24:38.354 30796 30796 D SurfaceView@ed20430: updateSurface: has no frame
10-17 13:24:38.371 30796 30796 D SurfaceView@ed20430: updateSurface: has no frame
10-17 13:24:38.387 30796 30796 D SurfaceView@ed20430: updateSurface: has no frame
10-17 13:24:38.404 30796 30796 D SurfaceView@ed20430: updateSurface: has no frame
10-17 13:24:38.421 30796 30796 D SurfaceView@ed20430: updateSurface: has no frame
10-17 13:24:38.438 30796 30796 D SurfaceView@ed20430: updateSurface: has no frame
10-17 13:24:38.454 30796 30796 D SurfaceView@ed20430: updateSurface: has no frame
10-17 13:24:38.471 30796 30796 D SurfaceView@ed20430: updateSurface: has no frame
10-17 13:24:38.487 30796 30796 D SurfaceView@ed20430: updateSurface: has no frame
10-17 13:24:38.504 30796 30796 D SurfaceView@ed20430: updateSurface: has no frame
10-17 13:24:38.521 30796 30796 D SurfaceView@ed20430: updateSurface: has no frame
10-17 13:24:38.538 30796 30796 D SurfaceView@ed20430: updateSurface: has no frame
10-17 13:24:38.554 30796 30796 D SurfaceView@ed20430: updateSurface: has no frame
10-17 13:24:38.571 30796 30796 D SurfaceView@ed20430: updateSurface: has no frame
10-17 13:24:38.587 30796 30796 D SurfaceView@ed20430: updateSurface: has no frame
10-17 13:24:38.604 30796 30796 D SurfaceView@ed20430: updateSurface: has no frame
10-17 13:24:38.621 30796 30796 D SurfaceView@ed20430: updateSurface: has no frame
10-17 13:24:38.637 30796 30796 D SurfaceView@ed20430: updateSurface: has no frame
10-17 13:24:38.654 30796 30796 D SurfaceView@ed20430: updateSurface: has no frame
10-17 13:24:38.671 30796 30796 D SurfaceView@ed20430: updateSurface: has no frame
10-17 13:24:38.687 30796 30796 D SurfaceView@ed20430: updateSurface: has no frame
10-17 13:24:38.704 30796 30796 D SurfaceView@ed20430: updateSurface: has no frame
10-17 13:24:38.720 30796 30796 D SurfaceView@ed20430: updateSurface: has no frame
10-17 13:24:38.737 30796 30796 D SurfaceView@ed20430: updateSurface: has no frame
10-17 13:24:38.754 30796 30796 D SurfaceView@ed20430: updateSurface: has no frame
10-17 13:24:38.770 30796 30796 D SurfaceView@ed20430: updateSurface: has no frame
10-17 13:24:38.787 30796 30796 D SurfaceView@ed20430: updateSurface: has no frame
10-17 13:24:38.804 30796 30796 D SurfaceView@ed20430: updateSurface: has no frame
10-17 13:24:38.821 30796 30796 D SurfaceView@ed20430: updateSurface: has no frame
10-17 13:24:38.837 30796 30796 D SurfaceView@ed20430: updateSurface: has no frame
10-17 13:24:38.854 30796 30796 D SurfaceView@ed20430: updateSurface: has no frame
10-17 13:24:38.870 30796 30796 D SurfaceView@ed20430: updateSurface: has no frame
10-17 13:24:38.887 30796 30796 D SurfaceView@ed20430: updateSurface: has no frame
10-17 13:24:38.904 30796 30796 D SurfaceView@ed20430: updateSurface: has no frame
10-17 13:24:38.920 30796 30796 D SurfaceView@ed20430: updateSurface: has no frame
10-17 13:24:38.937 30796 30796 D SurfaceView@ed20430: updateSurface: has no frame
10-17 13:24:38.954 30796 30796 D SurfaceView@ed20430: updateSurface: has no frame
10-17 13:24:38.970 30796 30796 D SurfaceView@ed20430: updateSurface: has no frame
10-17 13:24:38.987 30796 30796 D SurfaceView@ed20430: updateSurface: has no frame
10-17 13:24:39.004 30796 30796 D SurfaceView@ed20430: updateSurface: has no frame
10-17 13:24:39.020 30796 30796 D SurfaceView@ed20430: updateSurface: has no frame
10-17 13:24:39.037 30796 30796 D SurfaceView@ed20430: updateSurface: has no frame
10-17 13:24:39.054 30796 30796 D SurfaceView@ed20430: updateSurface: has no frame
10-17 13:24:39.070 30796 30796 D SurfaceView@ed20430: updateSurface: has no frame
10-17 13:24:39.087 30796 30796 D SurfaceView@ed20430: updateSurface: has no frame
10-17 13:24:39.104 30796 30796 D SurfaceView@ed20430: updateSurface: has no frame
10-17 13:24:39.120 30796 30796 D SurfaceView@ed20430: updateSurface: has no frame
10-17 13:24:39.137 30796 30796 D SurfaceView@ed20430: updateSurface: has no frame
10-17 13:24:39.153 30796 30796 D SurfaceView@ed20430: updateSurface: has no frame
10-17 13:24:39.170 30796 30796 D SurfaceView@ed20430: updateSurface: has no frame
10-17 13:24:39.187 30796 30796 D SurfaceView@ed20430: updateSurface: has no frame
10-17 13:24:39.204 30796 30796 D SurfaceView@ed20430: updateSurface: has no frame
10-17 13:24:39.220 30796 30796 D SurfaceView@ed20430: updateSurface: has no frame
10-17 13:24:39.237 30796 30796 D SurfaceView@ed20430: updateSurface: has no frame
10-17 13:24:39.253 30796 30796 D SurfaceView@ed20430: updateSurface: has no frame
10-17 13:24:39.270 30796 30796 D SurfaceView@ed20430: updateSurface: has no frame
10-17 13:24:39.287 30796 30796 D SurfaceView@ed20430: updateSurface: has no frame
10-17 13:24:39.303 30796 30796 D SurfaceView@ed20430: updateSurface: has no frame
10-17 13:24:39.320 30796 30796 D SurfaceView@ed20430: updateSurface: has no frame
10-17 13:24:39.337 30796 30796 D SurfaceView@ed20430: updateSurface: has no frame
10-17 13:24:39.354 30796 30796 D SurfaceView@ed20430: updateSurface: has no frame
10-17 13:24:39.370 30796 30796 D SurfaceView@ed20430: updateSurface: has no frame
10-17 13:24:39.387 30796 30796 D SurfaceView@ed20430: updateSurface: has no frame
10-17 13:24:39.404 30796 30796 D SurfaceView@ed20430: updateSurface: has no frame
10-17 13:24:39.420 30796 30796 D SurfaceView@ed20430: updateSurface: has no frame
10-17 13:24:39.437 30796 30796 D SurfaceView@ed20430: updateSurface: has no frame
10-17 13:24:39.453 30796 30796 D SurfaceView@ed20430: updateSurface: has no frame
10-17 13:24:39.470 30796 30796 D SurfaceView@ed20430: updateSurface: has no frame
10-17 13:24:39.486 30796 30796 D SurfaceView@ed20430: updateSurface: has no frame
10-17 13:24:39.503 30796 30796 D SurfaceView@ed20430: updateSurface: has no frame
10-17 13:24:39.520 30796 30796 D SurfaceView@ed20430: updateSurface: has no frame
10-17 13:24:39.537 30796 30796 D SurfaceView@ed20430: updateSurface: has no frame
10-17 13:24:39.553 30796 30796 D SurfaceView@ed20430: updateSurface: has no frame
10-17 13:24:39.570 30796 30796 D SurfaceView@ed20430: updateSurface: has no frame
10-17 13:24:39.587 30796 30796 D SurfaceView@ed20430: updateSurface: has no frame
10-17 13:24:39.603 30796 30796 D SurfaceView@ed20430: updateSurface: has no frame
10-17 13:24:39.620 30796 30796 D SurfaceView@ed20430: updateSurface: has no frame
10-17 13:24:39.636 30796 30796 D SurfaceView@ed20430: updateSurface: has no frame
10-17 13:24:39.653 30796 30796 D SurfaceView@ed20430: updateSurface: has no frame
10-17 13:24:39.670 30796 30796 D SurfaceView@ed20430: updateSurface: has no frame
10-17 13:24:39.686 30796 30796 D SurfaceView@ed20430: updateSurface: has no frame
10-17 13:24:39.703 30796 30796 D SurfaceView@ed20430: updateSurface: has no frame
10-17 13:24:39.720 30796 30796 D SurfaceView@ed20430: updateSurface: has no frame
10-17 13:24:39.736 30796 30796 D SurfaceView@ed20430: updateSurface: has no frame
10-17 13:24:39.753 30796 30796 D SurfaceView@ed20430: updateSurface: has no frame
10-17 13:24:39.759 30796 30871 I RVM2    : applyMeta
10-17 13:24:39.769 30796 30796 D SurfaceView@ed20430: updateSurface: has no frame
10-17 13:24:39.786 30796 30796 D SurfaceView@ed20430: updateSurface: has no frame
10-17 13:24:39.803 30796 30796 D SurfaceView@ed20430: updateSurface: has no frame
10-17 13:24:39.819 30796 30796 D SurfaceView@ed20430: updateSurface: has no frame
10-17 13:24:39.836 30796 30796 D SurfaceView@ed20430: updateSurface: has no frame
10-17 13:24:39.853 30796 30796 D SurfaceView@ed20430: updateSurface: has no frame
10-17 13:24:39.869 30796 30796 D SurfaceView@ed20430: updateSurface: has no frame
10-17 13:24:39.887 30796 30796 D SurfaceView@ed20430: updateSurface: has no frame
10-17 13:24:39.903 30796 30796 D SurfaceView@ed20430: updateSurface: has no frame
10-17 13:24:39.919 30796 30796 D SurfaceView@ed20430: updateSurface: has no frame
10-17 13:24:39.936 30796 30796 D SurfaceView@ed20430: updateSurface: has no frame
10-17 13:24:39.953 30796 30796 D SurfaceView@ed20430: updateSurface: has no frame
10-17 13:24:39.969 30796 30796 D SurfaceView@ed20430: updateSurface: has no frame
10-17 13:24:39.996 30796 30796 D SurfaceView@ed20430: updateSurface: has no frame
10-17 13:24:40.014 30796 30796 D SurfaceView@ed20430: updateSurface: has no frame
10-17 13:24:40.026 30796 30796 D SurfaceView@ed20430: updateSurface: has no frame
10-17 13:24:40.033 30796 30804 I st.cloudstream3: Background concurrent copying GC freed 8560KB AllocSpace bytes, 20(1996KB) LOS objects, 50% free, 21MB/42MB, paused 284us,139us total 151.620ms
10-17 13:24:40.036 30796 30796 D SurfaceView@ed20430: updateSurface: has no frame
10-17 13:24:40.053 30796 30796 D SurfaceView@ed20430: updateSurface: has no frame
10-17 13:24:40.069 30796 30796 D SurfaceView@ed20430: updateSurface: has no frame
10-17 13:24:40.086 30796 30796 D SurfaceView@ed20430: updateSurface: has no frame
10-17 13:24:40.103 30796 30796 D SurfaceView@ed20430: updateSurface: has no frame
10-17 13:24:40.113 30796 30796 W PanelsChildGestureRegionObserver: failed to register view with ID 2131362800. already registered
10-17 13:24:40.116 30796 30796 E CoilImgLoader: Error loading image: coil3.request.NullRequestDataException: The request's data is null.
10-17 13:24:40.122 30796 30796 E CoilImgLoader: Error loading image: coil3.request.NullRequestDataException: The request's data is null.
10-17 13:24:40.175 30796 30870 I SYNCVM  : addFromUrl = https://asiatv.one/drama/tempest-%d9%85%d8%b3%d9%84%d8%b3%d9%84-%d8%a7%d9%84%d8%b9%d8%a7%d8%b5%d9%81%d8%a9-%d8%aa%d9%82%d8%b1%d9%8a%d8%b1-%d8%ad%d9%84%d9%82%d8%a7%d8%aa-%d9%85%d8%aa%d8%b1%d8%ac%d9%85%d8%a9/
10-17 13:24:40.175 30796 30870 I SYNCUTIL: getIdsFromUrl https://asiatv.one/drama/tempest-%d9%85%d8%b3%d9%84%d8%b3%d9%84-%d8%a7%d9%84%d8%b9%d8%a7%d8%b5%d9%81%d8%a9-%d8%aa%d9%82%d8%b1%d9%8a%d8%b1-%d8%ad%d9%84%d9%82%d8%a7%d8%aa-%d9%85%d8%aa%d8%b1%d8%ac%d9%85%d8%a9/
10-17 13:24:40.314 30796 30796 D SurfaceView@ed20430: updateSurface: has no frame
10-17 13:24:40.317 30796 30796 I SurfaceView@ed20430: Changes: creating=true format=true size=true visible=true alpha=false hint=false mUseAlpha=false visible=true left=true top=true
10-17 13:24:40.321 30796 30796 I BLASTBufferQueue: update, w= 1080 h= 525 mName = null mNativeObject= 0x7bda866300 sc.mNativeObject= 0x7b07795800 format= 4 caller= android.view.SurfaceView.createBlastSurfaceControls:1383 android.view.SurfaceView.updateSurface:1079 android.view.SurfaceView.lambda$new$0$android-view-SurfaceView:200 android.view.SurfaceView$$ExternalSyntheticLambda5.onPreDraw:2 android.view.ViewTreeObserver.dispatchOnPreDraw:1121 android.view.ViewRootImpl.performTraversals:4442 
10-17 13:24:40.321 30796 30796 I SurfaceView@ed20430: 248644656 Cur surface: Surface(name=null)/@0xb0906e2
10-17 13:24:40.321 30796 30796 I SurfaceView@ed20430: pST: sr = Rect(0, 218 - 1080, 743) sw = 1080 sh = 525
10-17 13:24:40.321 30796 30796 D SurfaceView@ed20430: performSurfaceTransaction RenderWorker position = [0, 218, 1080, 743] surfaceSize = 1080x525
10-17 13:24:40.321 30796 30796 I SurfaceView@ed20430: applyTransactionOnVriDraw: vri = ViewRootImpl@fd98f5c[MainActivity] fRS = false t = 0x7b2a75ef00 android.view.SurfaceView.performSurfaceTransaction:959 android.view.SurfaceView.updateSurface:1105 android.view.SurfaceView.lambda$new$0$android-view-SurfaceView:200 
10-17 13:24:40.321 30796 30796 I ViewRootImpl@fd98f5c[MainActivity]: applyTransactionOnDraw: mRemoved = false isHardwareEnabled = true t = 0x7b2a75ef00android.view.SurfaceView.applyTransactionOnVriDraw:2048 android.view.SurfaceView.performSurfaceTransaction:959 android.view.SurfaceView.updateSurface:1105 android.view.SurfaceView.lambda$new$0$android-view-SurfaceView:200 android.view.SurfaceView$$ExternalSyntheticLambda5.onPreDraw:2 
10-17 13:24:40.322 30796 30796 I SurfaceView@ed20430: updateSurface: mVisible = true mSurface.isValid() = true
10-17 13:24:40.322 30796 30796 I SurfaceView@ed20430: updateSurface: mSurfaceCreated = false surfaceChanged = true visibleChanged = true
10-17 13:24:40.322 30796 30796 I SurfaceView@ed20430: visibleChanged -- surfaceCreated
10-17 13:24:40.322 30796 30796 I SurfaceView@ed20430: surfaceCreated 0 #8 android.view.SurfaceView{ed20430 V.E..V... ......ID 0,0-1080,525}
10-17 13:24:40.322 30796 30796 I SurfaceView@ed20430: surfaceChanged -- format=4 w=1080 h=525
10-17 13:24:40.322 30796 30796 I SurfaceView@ed20430: surfaceChanged (1080,525) 0 #8 android.view.SurfaceView{ed20430 V.E..V... ......ID 0,0-1080,525}
10-17 13:24:40.322 30796 30796 I SurfaceView@ed20430: surfaceRedrawNeeded
10-17 13:24:40.322 30796 30796 V SurfaceView@ed20430: Layout: x=0 y=218 w=1080 h=525, frame=Rect(0, 0 - 1080, 525)
10-17 13:24:40.342 30796 30895 D SurfaceView@ed20430: updateSurfacePosition RenderWorker, frameNr = 865, position = [0, 218, 1080, 743] surfaceSize = 1080x525
10-17 13:24:40.342 30796 30895 I SurfaceView@ed20430: uSP: rtp = Rect(0, 218 - 1080, 743) rtsw = 1080 rtsh = 525
10-17 13:24:40.342 30796 30895 I SurfaceView@ed20430: onSSPAndSRT: pl = 0 pt = 218 sx = 1.0 sy = 1.0
10-17 13:24:40.342 30796 30895 I SurfaceView@ed20430: aOrMT: ViewRootImpl@fd98f5c[MainActivity] t = android.view.SurfaceControl$Transaction@b744c7 fN = 865 android.view.SurfaceView.-$$Nest$mapplyOrMergeTransaction:0 android.view.SurfaceView$SurfaceViewPositionUpdateListener.positionChanged:1537 android.graphics.RenderNode$CompositePositionUpdateListener.positionChanged:373 
10-17 13:24:40.343 30796 30895 I ViewRootImpl@fd98f5c[MainActivity]: mWNT: t=0x7b16488000 mBlastBufferQueue=0x7b5d0d9400 fn= 865 caller= android.view.SurfaceView.applyOrMergeTransaction:1455 android.view.SurfaceView.-$$Nest$mapplyOrMergeTransaction:0 android.view.SurfaceView$SurfaceViewPositionUpdateListener.positionChanged:1537 
10-17 13:24:40.344 30796 30894 I ViewRootImpl@fd98f5c[MainActivity]: mWNT: t=0x7b2a75ef00 mBlastBufferQueue=0x7b5d0d9400 fn= 865 caller= android.view.ViewRootImpl.lambda$applyTransactionOnDraw$11$android-view-ViewRootImpl:12865 android.view.ViewRootImpl$$ExternalSyntheticLambda1.onFrameDraw:4 android.graphics.HardwareRenderer$FrameDrawingCallback.onFrameDraw:924 
10-17 13:24:40.383 30796 30796 I SurfaceView@ed20430: finishedDrawing
10-17 13:24:41.164 30796 30796 I ViewRootImpl@fd98f5c[MainActivity]: ViewPostIme pointer 0
10-17 13:24:41.208 30796 30796 I SurfaceView@ed20430: Changes: creating=false format=false size=false visible=false alpha=false hint=false mUseAlpha=false visible=false left=false top=true
10-17 13:24:41.208 30796 30796 I SurfaceView@ed20430: 248644656 Cur surface: Surface(name=null)/@0xb0906e2
10-17 13:24:41.208 30796 30796 I SurfaceView@ed20430: applyTransactionOnVriDraw: vri = ViewRootImpl@fd98f5c[MainActivity] fRS = false t = 0x7b45602700 android.view.SurfaceView.performSurfaceTransaction:959 android.view.SurfaceView.updateSurface:1105 android.view.SurfaceView.lambda$new$0$android-view-SurfaceView:200 
10-17 13:24:41.208 30796 30796 I ViewRootImpl@fd98f5c[MainActivity]: applyTransactionOnDraw: mRemoved = false isHardwareEnabled = true t = 0x7b45602700android.view.SurfaceView.applyTransactionOnVriDraw:2048 android.view.SurfaceView.performSurfaceTransaction:959 android.view.SurfaceView.updateSurface:1105 android.view.SurfaceView.lambda$new$0$android-view-SurfaceView:200 android.view.SurfaceView$$ExternalSyntheticLambda5.onPreDraw:2 
10-17 13:24:41.208 30796 30796 I SurfaceView@ed20430: updateSurface: mVisible = true mSurface.isValid() = true
10-17 13:24:41.208 30796 30796 I SurfaceView@ed20430: updateSurface: mSurfaceCreated = true surfaceChanged = false visibleChanged = false
10-17 13:24:41.209 30796 30796 V SurfaceView@ed20430: Layout: x=0 y=167 w=1080 h=525, frame=Rect(0, 0 - 1080, 525)
10-17 13:24:41.210 30796 30895 D SurfaceView@ed20430: updateSurfacePosition RenderWorker, frameNr = 897, position = [0, 167, 1080, 692] surfaceSize = 1080x525
10-17 13:24:41.210 30796 30895 I SurfaceView@ed20430: uSP: rtp = Rect(0, 167 - 1080, 692) rtsw = 1080 rtsh = 525
10-17 13:24:41.210 30796 30895 I SurfaceView@ed20430: onSSPAndSRT: pl = 0 pt = 167 sx = 1.0 sy = 1.0
10-17 13:24:41.210 30796 30895 I SurfaceView@ed20430: aOrMT: ViewRootImpl@fd98f5c[MainActivity] t = android.view.SurfaceControl$Transaction@b744c7 fN = 897 android.view.SurfaceView.-$$Nest$mapplyOrMergeTransaction:0 android.view.SurfaceView$SurfaceViewPositionUpdateListener.positionChanged:1537 android.graphics.RenderNode$CompositePositionUpdateListener.positionChanged:373 
10-17 13:24:41.211 30796 30895 I ViewRootImpl@fd98f5c[MainActivity]: mWNT: t=0x7b16488000 mBlastBufferQueue=0x7b5d0d9400 fn= 897 caller= android.view.SurfaceView.applyOrMergeTransaction:1455 android.view.SurfaceView.-$$Nest$mapplyOrMergeTransaction:0 android.view.SurfaceView$SurfaceViewPositionUpdateListener.positionChanged:1537 
10-17 13:24:41.211 30796 30895 I ViewRootImpl@fd98f5c[MainActivity]: mWNT: t=0x7b45602700 mBlastBufferQueue=0x7b5d0d9400 fn= 897 caller= android.view.ViewRootImpl.lambda$applyTransactionOnDraw$11$android-view-ViewRootImpl:12865 android.view.ViewRootImpl$$ExternalSyntheticLambda1.onFrameDraw:4 android.graphics.HardwareRenderer$FrameDrawingCallback.onFrameDraw:924 
10-17 13:24:41.221 30796 30796 I SurfaceView@ed20430: Changes: creating=false format=false size=false visible=false alpha=false hint=false mUseAlpha=false visible=false left=false top=true
10-17 13:24:41.221 30796 30796 I SurfaceView@ed20430: 248644656 Cur surface: Surface(name=null)/@0xb0906e2
10-17 13:24:41.221 30796 30796 I SurfaceView@ed20430: applyTransactionOnVriDraw: vri = ViewRootImpl@fd98f5c[MainActivity] fRS = false t = 0x7b16488a00 android.view.SurfaceView.performSurfaceTransaction:959 android.view.SurfaceView.updateSurface:1105 android.view.SurfaceView.lambda$new$0$android-view-SurfaceView:200 
10-17 13:24:41.222 30796 30796 I ViewRootImpl@fd98f5c[MainActivity]: applyTransactionOnDraw: mRemoved = false isHardwareEnabled = true t = 0x7b16488a00android.view.SurfaceView.applyTransactionOnVriDraw:2048 android.view.SurfaceView.performSurfaceTransaction:959 android.view.SurfaceView.updateSurface:1105 android.view.SurfaceView.lambda$new$0$android-view-SurfaceView:200 android.view.SurfaceView$$ExternalSyntheticLambda5.onPreDraw:2 
10-17 13:24:41.222 30796 30796 I SurfaceView@ed20430: updateSurface: mVisible = true mSurface.isValid() = true
10-17 13:24:41.222 30796 30796 I SurfaceView@ed20430: updateSurface: mSurfaceCreated = true surfaceChanged = false visibleChanged = false
10-17 13:24:41.222 30796 30796 V SurfaceView@ed20430: Layout: x=0 y=97 w=1080 h=525, frame=Rect(0, 0 - 1080, 525)
10-17 13:24:41.228 30796 30894 D SurfaceView@ed20430: updateSurfacePosition RenderWorker, frameNr = 898, position = [0, 97, 1080, 622] surfaceSize = 1080x525
10-17 13:24:41.229 30796 30894 I SurfaceView@ed20430: uSP: rtp = Rect(0, 97 - 1080, 622) rtsw = 1080 rtsh = 525
10-17 13:24:41.229 30796 30894 I SurfaceView@ed20430: onSSPAndSRT: pl = 0 pt = 97 sx = 1.0 sy = 1.0
10-17 13:24:41.229 30796 30894 I SurfaceView@ed20430: aOrMT: ViewRootImpl@fd98f5c[MainActivity] t = android.view.SurfaceControl$Transaction@b744c7 fN = 898 android.view.SurfaceView.-$$Nest$mapplyOrMergeTransaction:0 android.view.SurfaceView$SurfaceViewPositionUpdateListener.positionChanged:1537 android.graphics.RenderNode$CompositePositionUpdateListener.positionChanged:373 
10-17 13:24:41.230 30796 30894 I ViewRootImpl@fd98f5c[MainActivity]: mWNT: t=0x7b16488000 mBlastBufferQueue=0x7b5d0d9400 fn= 898 caller= android.view.SurfaceView.applyOrMergeTransaction:1455 android.view.SurfaceView.-$$Nest$mapplyOrMergeTransaction:0 android.view.SurfaceView$SurfaceViewPositionUpdateListener.positionChanged:1537 
10-17 13:24:41.230 30796 30894 I ViewRootImpl@fd98f5c[MainActivity]: mWNT: t=0x7b16488a00 mBlastBufferQueue=0x7b5d0d9400 fn= 898 caller= android.view.ViewRootImpl.lambda$applyTransactionOnDraw$11$android-view-ViewRootImpl:12865 android.view.ViewRootImpl$$ExternalSyntheticLambda1.onFrameDraw:4 android.graphics.HardwareRenderer$FrameDrawingCallback.onFrameDraw:924 
10-17 13:24:41.239 30796 30796 I SurfaceView@ed20430: Changes: creating=false format=false size=false visible=false alpha=false hint=false mUseAlpha=false visible=false left=false top=true
10-17 13:24:41.239 30796 30796 I SurfaceView@ed20430: 248644656 Cur surface: Surface(name=null)/@0xb0906e2
10-17 13:24:41.240 30796 30796 I SurfaceView@ed20430: applyTransactionOnVriDraw: vri = ViewRootImpl@fd98f5c[MainActivity] fRS = false t = 0x7b164d5500 android.view.SurfaceView.performSurfaceTransaction:959 android.view.SurfaceView.updateSurface:1105 android.view.SurfaceView.lambda$new$0$android-view-SurfaceView:200 
10-17 13:24:41.240 30796 30796 I ViewRootImpl@fd98f5c[MainActivity]: applyTransactionOnDraw: mRemoved = false isHardwareEnabled = true t = 0x7b164d5500android.view.SurfaceView.applyTransactionOnVriDraw:2048 android.view.SurfaceView.performSurfaceTransaction:959 android.view.SurfaceView.updateSurface:1105 android.view.SurfaceView.lambda$new$0$android-view-SurfaceView:200 android.view.SurfaceView$$ExternalSyntheticLambda5.onPreDraw:2 
10-17 13:24:41.240 30796 30796 I SurfaceView@ed20430: updateSurface: mVisible = true mSurface.isValid() = true
10-17 13:24:41.240 30796 30796 I SurfaceView@ed20430: updateSurface: mSurfaceCreated = true surfaceChanged = false visibleChanged = false
10-17 13:24:41.240 30796 30796 V SurfaceView@ed20430: Layout: x=0 y=21 w=1080 h=525, frame=Rect(0, 0 - 1080, 525)
10-17 13:24:41.245 30796 30895 D SurfaceView@ed20430: updateSurfacePosition RenderWorker, frameNr = 899, position = [0, 21, 1080, 546] surfaceSize = 1080x525
10-17 13:24:41.245 30796 30895 I SurfaceView@ed20430: uSP: rtp = Rect(0, 21 - 1080, 546) rtsw = 1080 rtsh = 525
10-17 13:24:41.245 30796 30895 I SurfaceView@ed20430: onSSPAndSRT: pl = 0 pt = 21 sx = 1.0 sy = 1.0
10-17 13:24:41.246 30796 30895 I SurfaceView@ed20430: aOrMT: ViewRootImpl@fd98f5c[MainActivity] t = android.view.SurfaceControl$Transaction@b744c7 fN = 899 android.view.SurfaceView.-$$Nest$mapplyOrMergeTransaction:0 android.view.SurfaceView$SurfaceViewPositionUpdateListener.positionChanged:1537 android.graphics.RenderNode$CompositePositionUpdateListener.positionChanged:373 
10-17 13:24:41.246 30796 30895 I ViewRootImpl@fd98f5c[MainActivity]: mWNT: t=0x7b16488000 mBlastBufferQueue=0x7b5d0d9400 fn= 899 caller= android.view.SurfaceView.applyOrMergeTransaction:1455 android.view.SurfaceView.-$$Nest$mapplyOrMergeTransaction:0 android.view.SurfaceView$SurfaceViewPositionUpdateListener.positionChanged:1537 
10-17 13:24:41.247 30796 30895 I ViewRootImpl@fd98f5c[MainActivity]: mWNT: t=0x7b164d5500 mBlastBufferQueue=0x7b5d0d9400 fn= 899 caller= android.view.ViewRootImpl.lambda$applyTransactionOnDraw$11$android-view-ViewRootImpl:12865 android.view.ViewRootImpl$$ExternalSyntheticLambda1.onFrameDraw:4 android.graphics.HardwareRenderer$FrameDrawingCallback.onFrameDraw:924 
10-17 13:24:41.254 30796 30796 I SurfaceView@ed20430: Changes: creating=false format=false size=false visible=false alpha=false hint=false mUseAlpha=false visible=false left=false top=true
10-17 13:24:41.254 30796 30796 I SurfaceView@ed20430: 248644656 Cur surface: Surface(name=null)/@0xb0906e2
10-17 13:24:41.254 30796 30796 I SurfaceView@ed20430: applyTransactionOnVriDraw: vri = ViewRootImpl@fd98f5c[MainActivity] fRS = false t = 0x7b164d5800 android.view.SurfaceView.performSurfaceTransaction:959 android.view.SurfaceView.updateSurface:1105 android.view.SurfaceView.lambda$new$0$android-view-SurfaceView:200 
10-17 13:24:41.255 30796 30796 I ViewRootImpl@fd98f5c[MainActivity]: applyTransactionOnDraw: mRemoved = false isHardwareEnabled = true t = 0x7b164d5800android.view.SurfaceView.applyTransactionOnVriDraw:2048 android.view.SurfaceView.performSurfaceTransaction:959 android.view.SurfaceView.updateSurface:1105 android.view.SurfaceView.lambda$new$0$android-view-SurfaceView:200 android.view.SurfaceView$$ExternalSyntheticLambda5.onPreDraw:2 
10-17 13:24:41.255 30796 30796 I SurfaceView@ed20430: updateSurface: mVisible = true mSurface.isValid() = true
10-17 13:24:41.255 30796 30796 I SurfaceView@ed20430: updateSurface: mSurfaceCreated = true surfaceChanged = false visibleChanged = false
10-17 13:24:41.255 30796 30796 V SurfaceView@ed20430: Layout: x=0 y=-56 w=1080 h=525, frame=Rect(0, 0 - 1080, 525)
10-17 13:24:41.257 30796 30894 D SurfaceView@ed20430: updateSurfacePosition RenderWorker, frameNr = 900, position = [0, -56, 1080, 469] surfaceSize = 1080x525
10-17 13:24:41.258 30796 30894 I SurfaceView@ed20430: uSP: rtp = Rect(0, -56 - 1080, 469) rtsw = 1080 rtsh = 525
10-17 13:24:41.258 30796 30894 I SurfaceView@ed20430: onSSPAndSRT: pl = 0 pt = -56 sx = 1.0 sy = 1.0
10-17 13:24:41.258 30796 30894 I SurfaceView@ed20430: aOrMT: ViewRootImpl@fd98f5c[MainActivity] t = android.view.SurfaceControl$Transaction@b744c7 fN = 900 android.view.SurfaceView.-$$Nest$mapplyOrMergeTransaction:0 android.view.SurfaceView$SurfaceViewPositionUpdateListener.positionChanged:1537 android.graphics.RenderNode$CompositePositionUpdateListener.positionChanged:373 
10-17 13:24:41.259 30796 30894 I ViewRootImpl@fd98f5c[MainActivity]: mWNT: t=0x7b16488000 mBlastBufferQueue=0x7b5d0d9400 fn= 900 caller= android.view.SurfaceView.applyOrMergeTransaction:1455 android.view.SurfaceView.-$$Nest$mapplyOrMergeTransaction:0 android.view.SurfaceView$SurfaceViewPositionUpdateListener.positionChanged:1537 
