10-17 14:48:27.139 14381 14381 I SurfaceView@551d8ae: applyTransactionOnVriDraw: vri = ViewRootImpl@562a9cf[MainActivity] fRS = false t = 0x7b18afea00 android.view.SurfaceView.performSurfaceTransaction:959 android.view.SurfaceView.updateSurface:1105 android.view.SurfaceView.lambda$new$0$android-view-SurfaceView:200 
10-17 14:48:27.139 14381 14381 I ViewRootImpl@562a9cf[MainActivity]: applyTransactionOnDraw: mRemoved = false isHardwareEnabled = true t = 0x7b18afea00android.view.SurfaceView.applyTransactionOnVriDraw:2048 android.view.SurfaceView.performSurfaceTransaction:959 android.view.SurfaceView.updateSurface:1105 android.view.SurfaceView.lambda$new$0$android-view-SurfaceView:200 android.view.SurfaceView$$ExternalSyntheticLambda5.onPreDraw:2 
10-17 14:48:27.139 14381 14381 I SurfaceView@551d8ae: updateSurface: mVisible = true mSurface.isValid() = true
10-17 14:48:27.139 14381 14381 I SurfaceView@551d8ae: updateSurface: mSurfaceCreated = true surfaceChanged = false visibleChanged = false
10-17 14:48:27.139 14381 14381 V SurfaceView@551d8ae: Layout: x=0 y=-998 w=1080 h=525, frame=Rect(0, 0 - 1080, 525)
10-17 14:48:27.151 14381 14463 D SurfaceView@551d8ae: updateSurfacePosition RenderWorker, frameNr = 806, position = [0, -1003, 1080, -478] surfaceSize = 1080x525
10-17 14:48:27.151 14381 14463 I SurfaceView@551d8ae: uSP: rtp = Rect(0, -1003 - 1080, -478) rtsw = 1080 rtsh = 525
10-17 14:48:27.151 14381 14463 I SurfaceView@551d8ae: onSSPAndSRT: pl = 0 pt = -1003 sx = 1.0 sy = 1.0
10-17 14:48:27.151 14381 14463 I SurfaceView@551d8ae: aOrMT: ViewRootImpl@562a9cf[MainActivity] t = android.view.SurfaceControl$Transaction@f894229 fN = 806 android.view.SurfaceView.-$$Nest$mapplyOrMergeTransaction:0 android.view.SurfaceView$SurfaceViewPositionUpdateListener.positionChanged:1537 android.graphics.RenderNode$CompositePositionUpdateListener.positionChanged:373 
10-17 14:48:27.152 14381 14463 I ViewRootImpl@562a9cf[MainActivity]: mWNT: t=0x7b5b272100 mBlastBufferQueue=0x7b443aa800 fn= 806 caller= android.view.SurfaceView.applyOrMergeTransaction:1455 android.view.SurfaceView.-$$Nest$mapplyOrMergeTransaction:0 android.view.SurfaceView$SurfaceViewPositionUpdateListener.positionChanged:1537 
10-17 14:48:27.152 14381 14463 I ViewRootImpl@562a9cf[MainActivity]: mWNT: t=0x7b18afea00 mBlastBufferQueue=0x7b443aa800 fn= 806 caller= android.view.ViewRootImpl.lambda$applyTransactionOnDraw$11$android-view-ViewRootImpl:12865 android.view.ViewRootImpl$$ExternalSyntheticLambda1.onFrameDraw:4 android.graphics.HardwareRenderer$FrameDrawingCallback.onFrameDraw:924 
10-17 14:48:27.155 14381 14381 I SurfaceView@551d8ae: Changes: creating=false format=false size=false visible=false alpha=false hint=false mUseAlpha=false visible=false left=false top=true
10-17 14:48:27.155 14381 14381 I SurfaceView@551d8ae: 89249966 Cur surface: Surface(name=null)/@0x734a30a
10-17 14:48:27.156 14381 14381 I SurfaceView@551d8ae: applyTransactionOnVriDraw: vri = ViewRootImpl@562a9cf[MainActivity] fRS = false t = 0x7b18afee00 android.view.SurfaceView.performSurfaceTransaction:959 android.view.SurfaceView.updateSurface:1105 android.view.SurfaceView.lambda$new$0$android-view-SurfaceView:200 
10-17 14:48:27.156 14381 14381 I ViewRootImpl@562a9cf[MainActivity]: applyTransactionOnDraw: mRemoved = false isHardwareEnabled = true t = 0x7b18afee00android.view.SurfaceView.applyTransactionOnVriDraw:2048 android.view.SurfaceView.performSurfaceTransaction:959 android.view.SurfaceView.updateSurface:1105 android.view.SurfaceView.lambda$new$0$android-view-SurfaceView:200 android.view.SurfaceView$$ExternalSyntheticLambda5.onPreDraw:2 
10-17 14:48:27.156 14381 14381 I SurfaceView@551d8ae: updateSurface: mVisible = true mSurface.isValid() = true
10-17 14:48:27.156 14381 14381 I SurfaceView@551d8ae: updateSurface: mSurfaceCreated = true surfaceChanged = false visibleChanged = false
10-17 14:48:27.156 14381 14381 V SurfaceView@551d8ae: Layout: x=0 y=-1003 w=1080 h=525, frame=Rect(0, 0 - 1080, 525)
10-17 14:48:27.167 14381 14461 D SurfaceView@551d8ae: updateSurfacePosition RenderWorker, frameNr = 807, position = [0, -1007, 1080, -482] surfaceSize = 1080x525
10-17 14:48:27.167 14381 14461 I SurfaceView@551d8ae: uSP: rtp = Rect(0, -1007 - 1080, -482) rtsw = 1080 rtsh = 525
10-17 14:48:27.167 14381 14461 I SurfaceView@551d8ae: onSSPAndSRT: pl = 0 pt = -1007 sx = 1.0 sy = 1.0
10-17 14:48:27.167 14381 14461 I SurfaceView@551d8ae: aOrMT: ViewRootImpl@562a9cf[MainActivity] t = android.view.SurfaceControl$Transaction@f894229 fN = 807 android.view.SurfaceView.-$$Nest$mapplyOrMergeTransaction:0 android.view.SurfaceView$SurfaceViewPositionUpdateListener.positionChanged:1537 android.graphics.RenderNode$CompositePositionUpdateListener.positionChanged:373 
10-17 14:48:27.168 14381 14461 I ViewRootImpl@562a9cf[MainActivity]: mWNT: t=0x7b5b272100 mBlastBufferQueue=0x7b443aa800 fn= 807 caller= android.view.SurfaceView.applyOrMergeTransaction:1455 android.view.SurfaceView.-$$Nest$mapplyOrMergeTransaction:0 android.view.SurfaceView$SurfaceViewPositionUpdateListener.positionChanged:1537 
10-17 14:48:27.168 14381 14461 I ViewRootImpl@562a9cf[MainActivity]: mWNT: t=0x7b18afee00 mBlastBufferQueue=0x7b443aa800 fn= 807 caller= android.view.ViewRootImpl.lambda$applyTransactionOnDraw$11$android-view-ViewRootImpl:12865 android.view.ViewRootImpl$$ExternalSyntheticLambda1.onFrameDraw:4 android.graphics.HardwareRenderer$FrameDrawingCallback.onFrameDraw:924 
10-17 14:48:27.172 14381 14381 I SurfaceView@551d8ae: Changes: creating=false format=false size=false visible=false alpha=false hint=false mUseAlpha=false visible=false left=false top=true
10-17 14:48:27.172 14381 14381 I SurfaceView@551d8ae: 89249966 Cur surface: Surface(name=null)/@0x734a30a
10-17 14:48:27.172 14381 14381 I SurfaceView@551d8ae: applyTransactionOnVriDraw: vri = ViewRootImpl@562a9cf[MainActivity] fRS = false t = 0x7b18afef00 android.view.SurfaceView.performSurfaceTransaction:959 android.view.SurfaceView.updateSurface:1105 android.view.SurfaceView.lambda$new$0$android-view-SurfaceView:200 
10-17 14:48:27.173 14381 14381 I ViewRootImpl@562a9cf[MainActivity]: applyTransactionOnDraw: mRemoved = false isHardwareEnabled = true t = 0x7b18afef00android.view.SurfaceView.applyTransactionOnVriDraw:2048 android.view.SurfaceView.performSurfaceTransaction:959 android.view.SurfaceView.updateSurface:1105 android.view.SurfaceView.lambda$new$0$android-view-SurfaceView:200 android.view.SurfaceView$$ExternalSyntheticLambda5.onPreDraw:2 
10-17 14:48:27.173 14381 14381 I SurfaceView@551d8ae: updateSurface: mVisible = true mSurface.isValid() = true
10-17 14:48:27.173 14381 14381 I SurfaceView@551d8ae: updateSurface: mSurfaceCreated = true surfaceChanged = false visibleChanged = false
10-17 14:48:27.173 14381 14381 V SurfaceView@551d8ae: Layout: x=0 y=-1007 w=1080 h=525, frame=Rect(0, 0 - 1080, 525)
10-17 14:48:27.185 14381 14463 D SurfaceView@551d8ae: updateSurfacePosition RenderWorker, frameNr = 808, position = [0, -1011, 1080, -486] surfaceSize = 1080x525
10-17 14:48:27.185 14381 14463 I SurfaceView@551d8ae: uSP: rtp = Rect(0, -1011 - 1080, -486) rtsw = 1080 rtsh = 525
10-17 14:48:27.185 14381 14463 I SurfaceView@551d8ae: onSSPAndSRT: pl = 0 pt = -1011 sx = 1.0 sy = 1.0
10-17 14:48:27.185 14381 14463 I SurfaceView@551d8ae: aOrMT: ViewRootImpl@562a9cf[MainActivity] t = android.view.SurfaceControl$Transaction@f894229 fN = 808 android.view.SurfaceView.-$$Nest$mapplyOrMergeTransaction:0 android.view.SurfaceView$SurfaceViewPositionUpdateListener.positionChanged:1537 android.graphics.RenderNode$CompositePositionUpdateListener.positionChanged:373 
10-17 14:48:27.185 14381 14463 I ViewRootImpl@562a9cf[MainActivity]: mWNT: t=0x7b5b272100 mBlastBufferQueue=0x7b443aa800 fn= 808 caller= android.view.SurfaceView.applyOrMergeTransaction:1455 android.view.SurfaceView.-$$Nest$mapplyOrMergeTransaction:0 android.view.SurfaceView$SurfaceViewPositionUpdateListener.positionChanged:1537 
10-17 14:48:27.186 14381 14463 I ViewRootImpl@562a9cf[MainActivity]: mWNT: t=0x7b18afef00 mBlastBufferQueue=0x7b443aa800 fn= 808 caller= android.view.ViewRootImpl.lambda$applyTransactionOnDraw$11$android-view-ViewRootImpl:12865 android.view.ViewRootImpl$$ExternalSyntheticLambda1.onFrameDraw:4 android.graphics.HardwareRenderer$FrameDrawingCallback.onFrameDraw:924 
10-17 14:48:27.189 14381 14381 I SurfaceView@551d8ae: Changes: creating=false format=false size=false visible=false alpha=false hint=false mUseAlpha=false visible=false left=false top=true
10-17 14:48:27.189 14381 14381 I SurfaceView@551d8ae: 89249966 Cur surface: Surface(name=null)/@0x734a30a
10-17 14:48:27.189 14381 14381 I SurfaceView@551d8ae: applyTransactionOnVriDraw: vri = ViewRootImpl@562a9cf[MainActivity] fRS = false t = 0x7b18b58000 android.view.SurfaceView.performSurfaceTransaction:959 android.view.SurfaceView.updateSurface:1105 android.view.SurfaceView.lambda$new$0$android-view-SurfaceView:200 
10-17 14:48:27.189 14381 14381 I ViewRootImpl@562a9cf[MainActivity]: applyTransactionOnDraw: mRemoved = false isHardwareEnabled = true t = 0x7b18b58000android.view.SurfaceView.applyTransactionOnVriDraw:2048 android.view.SurfaceView.performSurfaceTransaction:959 android.view.SurfaceView.updateSurface:1105 android.view.SurfaceView.lambda$new$0$android-view-SurfaceView:200 android.view.SurfaceView$$ExternalSyntheticLambda5.onPreDraw:2 
10-17 14:48:27.189 14381 14381 I SurfaceView@551d8ae: updateSurface: mVisible = true mSurface.isValid() = true
10-17 14:48:27.189 14381 14381 I SurfaceView@551d8ae: updateSurface: mSurfaceCreated = true surfaceChanged = false visibleChanged = false
10-17 14:48:27.190 14381 14381 V SurfaceView@551d8ae: Layout: x=0 y=-1011 w=1080 h=525, frame=Rect(0, 0 - 1080, 525)
10-17 14:48:27.201 14381 14461 D SurfaceView@551d8ae: updateSurfacePosition RenderWorker, frameNr = 809, position = [0, -1016, 1080, -491] surfaceSize = 1080x525
10-17 14:48:27.202 14381 14461 I SurfaceView@551d8ae: uSP: rtp = Rect(0, -1016 - 1080, -491) rtsw = 1080 rtsh = 525
10-17 14:48:27.202 14381 14461 I SurfaceView@551d8ae: onSSPAndSRT: pl = 0 pt = -1016 sx = 1.0 sy = 1.0
10-17 14:48:27.202 14381 14461 I SurfaceView@551d8ae: aOrMT: ViewRootImpl@562a9cf[MainActivity] t = android.view.SurfaceControl$Transaction@f894229 fN = 809 android.view.SurfaceView.-$$Nest$mapplyOrMergeTransaction:0 android.view.SurfaceView$SurfaceViewPositionUpdateListener.positionChanged:1537 android.graphics.RenderNode$CompositePositionUpdateListener.positionChanged:373 
10-17 14:48:27.202 14381 14461 I ViewRootImpl@562a9cf[MainActivity]: mWNT: t=0x7b5b272100 mBlastBufferQueue=0x7b443aa800 fn= 809 caller= android.view.SurfaceView.applyOrMergeTransaction:1455 android.view.SurfaceView.-$$Nest$mapplyOrMergeTransaction:0 android.view.SurfaceView$SurfaceViewPositionUpdateListener.positionChanged:1537 
10-17 14:48:27.202 14381 14461 I ViewRootImpl@562a9cf[MainActivity]: mWNT: t=0x7b18b58000 mBlastBufferQueue=0x7b443aa800 fn= 809 caller= android.view.ViewRootImpl.lambda$applyTransactionOnDraw$11$android-view-ViewRootImpl:12865 android.view.ViewRootImpl$$ExternalSyntheticLambda1.onFrameDraw:4 android.graphics.HardwareRenderer$FrameDrawingCallback.onFrameDraw:924 
10-17 14:48:27.205 14381 14381 I SurfaceView@551d8ae: Changes: creating=false format=false size=false visible=false alpha=false hint=false mUseAlpha=false visible=false left=false top=true
10-17 14:48:27.205 14381 14381 I SurfaceView@551d8ae: 89249966 Cur surface: Surface(name=null)/@0x734a30a
10-17 14:48:27.206 14381 14381 I SurfaceView@551d8ae: applyTransactionOnVriDraw: vri = ViewRootImpl@562a9cf[MainActivity] fRS = false t = 0x7b18b58100 android.view.SurfaceView.performSurfaceTransaction:959 android.view.SurfaceView.updateSurface:1105 android.view.SurfaceView.lambda$new$0$android-view-SurfaceView:200 
10-17 14:48:27.206 14381 14381 I ViewRootImpl@562a9cf[MainActivity]: applyTransactionOnDraw: mRemoved = false isHardwareEnabled = true t = 0x7b18b58100android.view.SurfaceView.applyTransactionOnVriDraw:2048 android.view.SurfaceView.performSurfaceTransaction:959 android.view.SurfaceView.updateSurface:1105 android.view.SurfaceView.lambda$new$0$android-view-SurfaceView:200 android.view.SurfaceView$$ExternalSyntheticLambda5.onPreDraw:2 
10-17 14:48:27.206 14381 14381 I SurfaceView@551d8ae: updateSurface: mVisible = true mSurface.isValid() = true
10-17 14:48:27.206 14381 14381 I SurfaceView@551d8ae: updateSurface: mSurfaceCreated = true surfaceChanged = false visibleChanged = false
10-17 14:48:27.206 14381 14381 V SurfaceView@551d8ae: Layout: x=0 y=-1016 w=1080 h=525, frame=Rect(0, 0 - 1080, 525)
10-17 14:48:27.218 14381 14463 D SurfaceView@551d8ae: updateSurfacePosition RenderWorker, frameNr = 810, position = [0, -1020, 1080, -495] surfaceSize = 1080x525
10-17 14:48:27.219 14381 14463 I SurfaceView@551d8ae: uSP: rtp = Rect(0, -1020 - 1080, -495) rtsw = 1080 rtsh = 525
10-17 14:48:27.219 14381 14463 I SurfaceView@551d8ae: onSSPAndSRT: pl = 0 pt = -1020 sx = 1.0 sy = 1.0
10-17 14:48:27.219 14381 14463 I SurfaceView@551d8ae: aOrMT: ViewRootImpl@562a9cf[MainActivity] t = android.view.SurfaceControl$Transaction@f894229 fN = 810 android.view.SurfaceView.-$$Nest$mapplyOrMergeTransaction:0 android.view.SurfaceView$SurfaceViewPositionUpdateListener.positionChanged:1537 android.graphics.RenderNode$CompositePositionUpdateListener.positionChanged:373 
10-17 14:48:27.219 14381 14463 I ViewRootImpl@562a9cf[MainActivity]: mWNT: t=0x7b5b272100 mBlastBufferQueue=0x7b443aa800 fn= 810 caller= android.view.SurfaceView.applyOrMergeTransaction:1455 android.view.SurfaceView.-$$Nest$mapplyOrMergeTransaction:0 android.view.SurfaceView$SurfaceViewPositionUpdateListener.positionChanged:1537 
10-17 14:48:27.219 14381 14463 I ViewRootImpl@562a9cf[MainActivity]: mWNT: t=0x7b18b58100 mBlastBufferQueue=0x7b443aa800 fn= 810 caller= android.view.ViewRootImpl.lambda$applyTransactionOnDraw$11$android-view-ViewRootImpl:12865 android.view.ViewRootImpl$$ExternalSyntheticLambda1.onFrameDraw:4 android.graphics.HardwareRenderer$FrameDrawingCallback.onFrameDraw:924 
10-17 14:48:27.222 14381 14381 I SurfaceView@551d8ae: Changes: creating=false format=false size=false visible=false alpha=false hint=false mUseAlpha=false visible=false left=false top=true
10-17 14:48:27.222 14381 14381 I SurfaceView@551d8ae: 89249966 Cur surface: Surface(name=null)/@0x734a30a
10-17 14:48:27.223 14381 14381 I SurfaceView@551d8ae: applyTransactionOnVriDraw: vri = ViewRootImpl@562a9cf[MainActivity] fRS = false t = 0x7b446fb400 android.view.SurfaceView.performSurfaceTransaction:959 android.view.SurfaceView.updateSurface:1105 android.view.SurfaceView.lambda$new$0$android-view-SurfaceView:200 
10-17 14:48:27.223 14381 14381 I ViewRootImpl@562a9cf[MainActivity]: applyTransactionOnDraw: mRemoved = false isHardwareEnabled = true t = 0x7b446fb400android.view.SurfaceView.applyTransactionOnVriDraw:2048 android.view.SurfaceView.performSurfaceTransaction:959 android.view.SurfaceView.updateSurface:1105 android.view.SurfaceView.lambda$new$0$android-view-SurfaceView:200 android.view.SurfaceView$$ExternalSyntheticLambda5.onPreDraw:2 
10-17 14:48:27.223 14381 14381 I SurfaceView@551d8ae: updateSurface: mVisible = true mSurface.isValid() = true
10-17 14:48:27.223 14381 14381 I SurfaceView@551d8ae: updateSurface: mSurfaceCreated = true surfaceChanged = false visibleChanged = false
10-17 14:48:27.223 14381 14381 V SurfaceView@551d8ae: Layout: x=0 y=-1020 w=1080 h=525, frame=Rect(0, 0 - 1080, 525)
10-17 14:48:27.235 14381 14461 D SurfaceView@551d8ae: updateSurfacePosition RenderWorker, frameNr = 811, position = [0, -1023, 1080, -498] surfaceSize = 1080x525
10-17 14:48:27.236 14381 14461 I SurfaceView@551d8ae: uSP: rtp = Rect(0, -1023 - 1080, -498) rtsw = 1080 rtsh = 525
10-17 14:48:27.236 14381 14461 I SurfaceView@551d8ae: onSSPAndSRT: pl = 0 pt = -1023 sx = 1.0 sy = 1.0
10-17 14:48:27.236 14381 14461 I SurfaceView@551d8ae: aOrMT: ViewRootImpl@562a9cf[MainActivity] t = android.view.SurfaceControl$Transaction@f894229 fN = 811 android.view.SurfaceView.-$$Nest$mapplyOrMergeTransaction:0 android.view.SurfaceView$SurfaceViewPositionUpdateListener.positionChanged:1537 android.graphics.RenderNode$CompositePositionUpdateListener.positionChanged:373 
10-17 14:48:27.236 14381 14461 I ViewRootImpl@562a9cf[MainActivity]: mWNT: t=0x7b5b272100 mBlastBufferQueue=0x7b443aa800 fn= 811 caller= android.view.SurfaceView.applyOrMergeTransaction:1455 android.view.SurfaceView.-$$Nest$mapplyOrMergeTransaction:0 android.view.SurfaceView$SurfaceViewPositionUpdateListener.positionChanged:1537 
10-17 14:48:27.236 14381 14461 I ViewRootImpl@562a9cf[MainActivity]: mWNT: t=0x7b446fb400 mBlastBufferQueue=0x7b443aa800 fn= 811 caller= android.view.ViewRootImpl.lambda$applyTransactionOnDraw$11$android-view-ViewRootImpl:12865 android.view.ViewRootImpl$$ExternalSyntheticLambda1.onFrameDraw:4 android.graphics.HardwareRenderer$FrameDrawingCallback.onFrameDraw:924 
10-17 14:48:27.239 14381 14381 I SurfaceView@551d8ae: Changes: creating=false format=false size=false visible=false alpha=false hint=false mUseAlpha=false visible=false left=false top=true
10-17 14:48:27.239 14381 14381 I SurfaceView@551d8ae: 89249966 Cur surface: Surface(name=null)/@0x734a30a
10-17 14:48:27.239 14381 14381 I SurfaceView@551d8ae: applyTransactionOnVriDraw: vri = ViewRootImpl@562a9cf[MainActivity] fRS = false t = 0x7b18b58800 android.view.SurfaceView.performSurfaceTransaction:959 android.view.SurfaceView.updateSurface:1105 android.view.SurfaceView.lambda$new$0$android-view-SurfaceView:200 
10-17 14:48:27.240 14381 14381 I ViewRootImpl@562a9cf[MainActivity]: applyTransactionOnDraw: mRemoved = false isHardwareEnabled = true t = 0x7b18b58800android.view.SurfaceView.applyTransactionOnVriDraw:2048 android.view.SurfaceView.performSurfaceTransaction:959 android.view.SurfaceView.updateSurface:1105 android.view.SurfaceView.lambda$new$0$android-view-SurfaceView:200 android.view.SurfaceView$$ExternalSyntheticLambda5.onPreDraw:2 
10-17 14:48:27.240 14381 14381 I SurfaceView@551d8ae: updateSurface: mVisible = true mSurface.isValid() = true
10-17 14:48:27.240 14381 14381 I SurfaceView@551d8ae: updateSurface: mSurfaceCreated = true surfaceChanged = false visibleChanged = false
10-17 14:48:27.240 14381 14381 V SurfaceView@551d8ae: Layout: x=0 y=-1023 w=1080 h=525, frame=Rect(0, 0 - 1080, 525)
10-17 14:48:27.252 14381 14463 D SurfaceView@551d8ae: updateSurfacePosition RenderWorker, frameNr = 812, position = [0, -1027, 1080, -502] surfaceSize = 1080x525
10-17 14:48:27.252 14381 14463 I SurfaceView@551d8ae: uSP: rtp = Rect(0, -1027 - 1080, -502) rtsw = 1080 rtsh = 525
10-17 14:48:27.252 14381 14463 I SurfaceView@551d8ae: onSSPAndSRT: pl = 0 pt = -1027 sx = 1.0 sy = 1.0
10-17 14:48:27.252 14381 14463 I SurfaceView@551d8ae: aOrMT: ViewRootImpl@562a9cf[MainActivity] t = android.view.SurfaceControl$Transaction@f894229 fN = 812 android.view.SurfaceView.-$$Nest$mapplyOrMergeTransaction:0 android.view.SurfaceView$SurfaceViewPositionUpdateListener.positionChanged:1537 android.graphics.RenderNode$CompositePositionUpdateListener.positionChanged:373 
10-17 14:48:27.252 14381 14463 I ViewRootImpl@562a9cf[MainActivity]: mWNT: t=0x7b5b272100 mBlastBufferQueue=0x7b443aa800 fn= 812 caller= android.view.SurfaceView.applyOrMergeTransaction:1455 android.view.SurfaceView.-$$Nest$mapplyOrMergeTransaction:0 android.view.SurfaceView$SurfaceViewPositionUpdateListener.positionChanged:1537 
10-17 14:48:27.253 14381 14463 I ViewRootImpl@562a9cf[MainActivity]: mWNT: t=0x7b18b58800 mBlastBufferQueue=0x7b443aa800 fn= 812 caller= android.view.ViewRootImpl.lambda$applyTransactionOnDraw$11$android-view-ViewRootImpl:12865 android.view.ViewRootImpl$$ExternalSyntheticLambda1.onFrameDraw:4 android.graphics.HardwareRenderer$FrameDrawingCallback.onFrameDraw:924 
10-17 14:48:27.256 14381 14381 I SurfaceView@551d8ae: Changes: creating=false format=false size=false visible=false alpha=false hint=false mUseAlpha=false visible=false left=false top=true
10-17 14:48:27.256 14381 14381 I SurfaceView@551d8ae: 89249966 Cur surface: Surface(name=null)/@0x734a30a
10-17 14:48:27.256 14381 14381 I SurfaceView@551d8ae: applyTransactionOnVriDraw: vri = ViewRootImpl@562a9cf[MainActivity] fRS = false t = 0x7b18b58900 android.view.SurfaceView.performSurfaceTransaction:959 android.view.SurfaceView.updateSurface:1105 android.view.SurfaceView.lambda$new$0$android-view-SurfaceView:200 
10-17 14:48:27.256 14381 14381 I ViewRootImpl@562a9cf[MainActivity]: applyTransactionOnDraw: mRemoved = false isHardwareEnabled = true t = 0x7b18b58900android.view.SurfaceView.applyTransactionOnVriDraw:2048 android.view.SurfaceView.performSurfaceTransaction:959 android.view.SurfaceView.updateSurface:1105 android.view.SurfaceView.lambda$new$0$android-view-SurfaceView:200 android.view.SurfaceView$$ExternalSyntheticLambda5.onPreDraw:2 
10-17 14:48:27.257 14381 14381 I SurfaceView@551d8ae: updateSurface: mVisible = true mSurface.isValid() = true
10-17 14:48:27.257 14381 14381 I SurfaceView@551d8ae: updateSurface: mSurfaceCreated = true surfaceChanged = false visibleChanged = false
10-17 14:48:27.257 14381 14381 V SurfaceView@551d8ae: Layout: x=0 y=-1027 w=1080 h=525, frame=Rect(0, 0 - 1080, 525)
10-17 14:48:27.271 14381 14461 D SurfaceView@551d8ae: updateSurfacePosition RenderWorker, frameNr = 813, position = [0, -1031, 1080, -506] surfaceSize = 1080x525
10-17 14:48:27.271 14381 14461 I SurfaceView@551d8ae: uSP: rtp = Rect(0, -1031 - 1080, -506) rtsw = 1080 rtsh = 525
10-17 14:48:27.271 14381 14461 I SurfaceView@551d8ae: onSSPAndSRT: pl = 0 pt = -1031 sx = 1.0 sy = 1.0
10-17 14:48:27.272 14381 14461 I SurfaceView@551d8ae: aOrMT: ViewRootImpl@562a9cf[MainActivity] t = android.view.SurfaceControl$Transaction@f894229 fN = 813 android.view.SurfaceView.-$$Nest$mapplyOrMergeTransaction:0 android.view.SurfaceView$SurfaceViewPositionUpdateListener.positionChanged:1537 android.graphics.RenderNode$CompositePositionUpdateListener.positionChanged:373 
10-17 14:48:27.272 14381 14461 I ViewRootImpl@562a9cf[MainActivity]: mWNT: t=0x7b5b272100 mBlastBufferQueue=0x7b443aa800 fn= 813 caller= android.view.SurfaceView.applyOrMergeTransaction:1455 android.view.SurfaceView.-$$Nest$mapplyOrMergeTransaction:0 android.view.SurfaceView$SurfaceViewPositionUpdateListener.positionChanged:1537 
10-17 14:48:27.272 14381 14461 I ViewRootImpl@562a9cf[MainActivity]: mWNT: t=0x7b18b58900 mBlastBufferQueue=0x7b443aa800 fn= 813 caller= android.view.ViewRootImpl.lambda$applyTransactionOnDraw$11$android-view-ViewRootImpl:12865 android.view.ViewRootImpl$$ExternalSyntheticLambda1.onFrameDraw:4 android.graphics.HardwareRenderer$FrameDrawingCallback.onFrameDraw:924 
10-17 14:48:27.272 14381 14381 I SurfaceView@551d8ae: Changes: creating=false format=false size=false visible=false alpha=false hint=false mUseAlpha=false visible=false left=false top=true
10-17 14:48:27.272 14381 14381 I SurfaceView@551d8ae: 89249966 Cur surface: Surface(name=null)/@0x734a30a
10-17 14:48:27.273 14381 14381 I SurfaceView@551d8ae: applyTransactionOnVriDraw: vri = ViewRootImpl@562a9cf[MainActivity] fRS = false t = 0x7b18b58b00 android.view.SurfaceView.performSurfaceTransaction:959 android.view.SurfaceView.updateSurface:1105 android.view.SurfaceView.lambda$new$0$android-view-SurfaceView:200 
10-17 14:48:27.273 14381 14381 I ViewRootImpl@562a9cf[MainActivity]: applyTransactionOnDraw: mRemoved = false isHardwareEnabled = true t = 0x7b18b58b00android.view.SurfaceView.applyTransactionOnVriDraw:2048 android.view.SurfaceView.performSurfaceTransaction:959 android.view.SurfaceView.updateSurface:1105 android.view.SurfaceView.lambda$new$0$android-view-SurfaceView:200 android.view.SurfaceView$$ExternalSyntheticLambda5.onPreDraw:2 
10-17 14:48:27.273 14381 14381 I SurfaceView@551d8ae: updateSurface: mVisible = true mSurface.isValid() = true
10-17 14:48:27.273 14381 14381 I SurfaceView@551d8ae: updateSurface: mSurfaceCreated = true surfaceChanged = false visibleChanged = false
10-17 14:48:27.273 14381 14381 V SurfaceView@551d8ae: Layout: x=0 y=-1031 w=1080 h=525, frame=Rect(0, 0 - 1080, 525)
10-17 14:48:27.288 14381 14463 D SurfaceView@551d8ae: updateSurfacePosition RenderWorker, frameNr = 814, position = [0, -1034, 1080, -509] surfaceSize = 1080x525
10-17 14:48:27.288 14381 14463 I SurfaceView@551d8ae: uSP: rtp = Rect(0, -1034 - 1080, -509) rtsw = 1080 rtsh = 525
10-17 14:48:27.288 14381 14463 I SurfaceView@551d8ae: onSSPAndSRT: pl = 0 pt = -1034 sx = 1.0 sy = 1.0
10-17 14:48:27.289 14381 14463 I SurfaceView@551d8ae: aOrMT: ViewRootImpl@562a9cf[MainActivity] t = android.view.SurfaceControl$Transaction@f894229 fN = 814 android.view.SurfaceView.-$$Nest$mapplyOrMergeTransaction:0 android.view.SurfaceView$SurfaceViewPositionUpdateListener.positionChanged:1537 android.graphics.RenderNode$CompositePositionUpdateListener.positionChanged:373 
10-17 14:48:27.289 14381 14463 I ViewRootImpl@562a9cf[MainActivity]: mWNT: t=0x7b5b272100 mBlastBufferQueue=0x7b443aa800 fn= 814 caller= android.view.SurfaceView.applyOrMergeTransaction:1455 android.view.SurfaceView.-$$Nest$mapplyOrMergeTransaction:0 android.view.SurfaceView$SurfaceViewPositionUpdateListener.positionChanged:1537 
10-17 14:48:27.289 14381 14463 I ViewRootImpl@562a9cf[MainActivity]: mWNT: t=0x7b18b58b00 mBlastBufferQueue=0x7b443aa800 fn= 814 caller= android.view.ViewRootImpl.lambda$applyTransactionOnDraw$11$android-view-ViewRootImpl:12865 android.view.ViewRootImpl$$ExternalSyntheticLambda1.onFrameDraw:4 android.graphics.HardwareRenderer$FrameDrawingCallback.onFrameDraw:924 
10-17 14:48:27.289 14381 14381 I SurfaceView@551d8ae: Changes: creating=false format=false size=false visible=false alpha=false hint=false mUseAlpha=false visible=false left=false top=true
10-17 14:48:27.289 14381 14381 I SurfaceView@551d8ae: 89249966 Cur surface: Surface(name=null)/@0x734a30a
10-17 14:48:27.290 14381 14381 I SurfaceView@551d8ae: applyTransactionOnVriDraw: vri = ViewRootImpl@562a9cf[MainActivity] fRS = false t = 0x7b18b58c00 android.view.SurfaceView.performSurfaceTransaction:959 android.view.SurfaceView.updateSurface:1105 android.view.SurfaceView.lambda$new$0$android-view-SurfaceView:200 
10-17 14:48:27.290 14381 14381 I ViewRootImpl@562a9cf[MainActivity]: applyTransactionOnDraw: mRemoved = false isHardwareEnabled = true t = 0x7b18b58c00android.view.SurfaceView.applyTransactionOnVriDraw:2048 android.view.SurfaceView.performSurfaceTransaction:959 android.view.SurfaceView.updateSurface:1105 android.view.SurfaceView.lambda$new$0$android-view-SurfaceView:200 android.view.SurfaceView$$ExternalSyntheticLambda5.onPreDraw:2 
10-17 14:48:27.290 14381 14381 I SurfaceView@551d8ae: updateSurface: mVisible = true mSurface.isValid() = true
10-17 14:48:27.290 14381 14381 I SurfaceView@551d8ae: updateSurface: mSurfaceCreated = true surfaceChanged = false visibleChanged = false
10-17 14:48:27.290 14381 14381 V SurfaceView@551d8ae: Layout: x=0 y=-1034 w=1080 h=525, frame=Rect(0, 0 - 1080, 525)
10-17 14:48:27.305 14381 14461 D SurfaceView@551d8ae: updateSurfacePosition RenderWorker, frameNr = 815, position = [0, -1037, 1080, -512] surfaceSize = 1080x525
10-17 14:48:27.305 14381 14461 I SurfaceView@551d8ae: uSP: rtp = Rect(0, -1037 - 1080, -512) rtsw = 1080 rtsh = 525
10-17 14:48:27.305 14381 14461 I SurfaceView@551d8ae: onSSPAndSRT: pl = 0 pt = -1037 sx = 1.0 sy = 1.0
10-17 14:48:27.305 14381 14461 I SurfaceView@551d8ae: aOrMT: ViewRootImpl@562a9cf[MainActivity] t = android.view.SurfaceControl$Transaction@f894229 fN = 815 android.view.SurfaceView.-$$Nest$mapplyOrMergeTransaction:0 android.view.SurfaceView$SurfaceViewPositionUpdateListener.positionChanged:1537 android.graphics.RenderNode$CompositePositionUpdateListener.positionChanged:373 
10-17 14:48:27.306 14381 14461 I ViewRootImpl@562a9cf[MainActivity]: mWNT: t=0x7b5b272100 mBlastBufferQueue=0x7b443aa800 fn= 815 caller= android.view.SurfaceView.applyOrMergeTransaction:1455 android.view.SurfaceView.-$$Nest$mapplyOrMergeTransaction:0 android.view.SurfaceView$SurfaceViewPositionUpdateListener.positionChanged:1537 
10-17 14:48:27.306 14381 14461 I ViewRootImpl@562a9cf[MainActivity]: mWNT: t=0x7b18b58c00 mBlastBufferQueue=0x7b443aa800 fn= 815 caller= android.view.ViewRootImpl.lambda$applyTransactionOnDraw$11$android-view-ViewRootImpl:12865 android.view.ViewRootImpl$$ExternalSyntheticLambda1.onFrameDraw:4 android.graphics.HardwareRenderer$FrameDrawingCallback.onFrameDraw:924 
10-17 14:48:27.306 14381 14381 I SurfaceView@551d8ae: Changes: creating=false format=false size=false visible=false alpha=false hint=false mUseAlpha=false visible=false left=false top=true
10-17 14:48:27.306 14381 14381 I SurfaceView@551d8ae: 89249966 Cur surface: Surface(name=null)/@0x734a30a
10-17 14:48:27.306 14381 14381 I SurfaceView@551d8ae: applyTransactionOnVriDraw: vri = ViewRootImpl@562a9cf[MainActivity] fRS = false t = 0x7b18b58f00 android.view.SurfaceView.performSurfaceTransaction:959 android.view.SurfaceView.updateSurface:1105 android.view.SurfaceView.lambda$new$0$android-view-SurfaceView:200 
10-17 14:48:27.307 14381 14381 I ViewRootImpl@562a9cf[MainActivity]: applyTransactionOnDraw: mRemoved = false isHardwareEnabled = true t = 0x7b18b58f00android.view.SurfaceView.applyTransactionOnVriDraw:2048 android.view.SurfaceView.performSurfaceTransaction:959 android.view.SurfaceView.updateSurface:1105 android.view.SurfaceView.lambda$new$0$android-view-SurfaceView:200 android.view.SurfaceView$$ExternalSyntheticLambda5.onPreDraw:2 
10-17 14:48:27.307 14381 14381 I SurfaceView@551d8ae: updateSurface: mVisible = true mSurface.isValid() = true
10-17 14:48:27.307 14381 14381 I SurfaceView@551d8ae: updateSurface: mSurfaceCreated = true surfaceChanged = false visibleChanged = false
10-17 14:48:27.307 14381 14381 V SurfaceView@551d8ae: Layout: x=0 y=-1037 w=1080 h=525, frame=Rect(0, 0 - 1080, 525)
10-17 14:48:27.322 14381 14463 D SurfaceView@551d8ae: updateSurfacePosition RenderWorker, frameNr = 816, position = [0, -1040, 1080, -515] surfaceSize = 1080x525
10-17 14:48:27.322 14381 14463 I SurfaceView@551d8ae: uSP: rtp = Rect(0, -1040 - 1080, -515) rtsw = 1080 rtsh = 525
10-17 14:48:27.323 14381 14463 I SurfaceView@551d8ae: onSSPAndSRT: pl = 0 pt = -1040 sx = 1.0 sy = 1.0
10-17 14:48:27.323 14381 14381 I SurfaceView@551d8ae: Changes: creating=false format=false size=false visible=false alpha=false hint=false mUseAlpha=false visible=false left=false top=true
10-17 14:48:27.323 14381 14463 I SurfaceView@551d8ae: aOrMT: ViewRootImpl@562a9cf[MainActivity] t = android.view.SurfaceControl$Transaction@f894229 fN = 816 android.view.SurfaceView.-$$Nest$mapplyOrMergeTransaction:0 android.view.SurfaceView$SurfaceViewPositionUpdateListener.positionChanged:1537 android.graphics.RenderNode$CompositePositionUpdateListener.positionChanged:373 
10-17 14:48:27.323 14381 14381 I SurfaceView@551d8ae: 89249966 Cur surface: Surface(name=null)/@0x734a30a
10-17 14:48:27.324 14381 14463 I ViewRootImpl@562a9cf[MainActivity]: mWNT: t=0x7b5b272100 mBlastBufferQueue=0x7b443aa800 fn= 816 caller= android.view.SurfaceView.applyOrMergeTransaction:1455 android.view.SurfaceView.-$$Nest$mapplyOrMergeTransaction:0 android.view.SurfaceView$SurfaceViewPositionUpdateListener.positionChanged:1537 
10-17 14:48:27.324 14381 14381 I SurfaceView@551d8ae: applyTransactionOnVriDraw: vri = ViewRootImpl@562a9cf[MainActivity] fRS = false t = 0x7b18cac200 android.view.SurfaceView.performSurfaceTransaction:959 android.view.SurfaceView.updateSurface:1105 android.view.SurfaceView.lambda$new$0$android-view-SurfaceView:200 
10-17 14:48:27.324 14381 14463 I ViewRootImpl@562a9cf[MainActivity]: mWNT: t=0x7b18b58f00 mBlastBufferQueue=0x7b443aa800 fn= 816 caller= android.view.ViewRootImpl.lambda$applyTransactionOnDraw$11$android-view-ViewRootImpl:12865 android.view.ViewRootImpl$$ExternalSyntheticLambda1.onFrameDraw:4 android.graphics.HardwareRenderer$FrameDrawingCallback.onFrameDraw:924 
10-17 14:48:27.324 14381 14381 I ViewRootImpl@562a9cf[MainActivity]: applyTransactionOnDraw: mRemoved = false isHardwareEnabled = true t = 0x7b18cac200android.view.SurfaceView.applyTransactionOnVriDraw:2048 android.view.SurfaceView.performSurfaceTransaction:959 android.view.SurfaceView.updateSurface:1105 android.view.SurfaceView.lambda$new$0$android-view-SurfaceView:200 android.view.SurfaceView$$ExternalSyntheticLambda5.onPreDraw:2 
10-17 14:48:27.324 14381 14381 I SurfaceView@551d8ae: updateSurface: mVisible = true mSurface.isValid() = true
10-17 14:48:27.324 14381 14381 I SurfaceView@551d8ae: updateSurface: mSurfaceCreated = true surfaceChanged = false visibleChanged = false
10-17 14:48:27.325 14381 14381 V SurfaceView@551d8ae: Layout: x=0 y=-1040 w=1080 h=525, frame=Rect(0, 0 - 1080, 525)
10-17 14:48:27.335 14381 14461 D SurfaceView@551d8ae: updateSurfacePosition RenderWorker, frameNr = 817, position = [0, -1043, 1080, -518] surfaceSize = 1080x525
10-17 14:48:27.335 14381 14461 I SurfaceView@551d8ae: uSP: rtp = Rect(0, -1043 - 1080, -518) rtsw = 1080 rtsh = 525
10-17 14:48:27.335 14381 14461 I SurfaceView@551d8ae: onSSPAndSRT: pl = 0 pt = -1043 sx = 1.0 sy = 1.0
10-17 14:48:27.335 14381 14461 I SurfaceView@551d8ae: aOrMT: ViewRootImpl@562a9cf[MainActivity] t = android.view.SurfaceControl$Transaction@f894229 fN = 817 android.view.SurfaceView.-$$Nest$mapplyOrMergeTransaction:0 android.view.SurfaceView$SurfaceViewPositionUpdateListener.positionChanged:1537 android.graphics.RenderNode$CompositePositionUpdateListener.positionChanged:373 
10-17 14:48:27.335 14381 14461 I ViewRootImpl@562a9cf[MainActivity]: mWNT: t=0x7b5b272100 mBlastBufferQueue=0x7b443aa800 fn= 817 caller= android.view.SurfaceView.applyOrMergeTransaction:1455 android.view.SurfaceView.-$$Nest$mapplyOrMergeTransaction:0 android.view.SurfaceView$SurfaceViewPositionUpdateListener.positionChanged:1537 
10-17 14:48:27.335 14381 14461 I ViewRootImpl@562a9cf[MainActivity]: mWNT: t=0x7b18cac200 mBlastBufferQueue=0x7b443aa800 fn= 817 caller= android.view.ViewRootImpl.lambda$applyTransactionOnDraw$11$android-view-ViewRootImpl:12865 android.view.ViewRootImpl$$ExternalSyntheticLambda1.onFrameDraw:4 android.graphics.HardwareRenderer$FrameDrawingCallback.onFrameDraw:924 
10-17 14:48:27.339 14381 14381 I SurfaceView@551d8ae: Changes: creating=false format=false size=false visible=false alpha=false hint=false mUseAlpha=false visible=false left=false top=true
10-17 14:48:27.339 14381 14381 I SurfaceView@551d8ae: 89249966 Cur surface: Surface(name=null)/@0x734a30a
10-17 14:48:27.339 14381 14381 I SurfaceView@551d8ae: applyTransactionOnVriDraw: vri = ViewRootImpl@562a9cf[MainActivity] fRS = false t = 0x7b18cac600 android.view.SurfaceView.performSurfaceTransaction:959 android.view.SurfaceView.updateSurface:1105 android.view.SurfaceView.lambda$new$0$android-view-SurfaceView:200 
10-17 14:48:27.340 14381 14381 I ViewRootImpl@562a9cf[MainActivity]: applyTransactionOnDraw: mRemoved = false isHardwareEnabled = true t = 0x7b18cac600android.view.SurfaceView.applyTransactionOnVriDraw:2048 android.view.SurfaceView.performSurfaceTransaction:959 android.view.SurfaceView.updateSurface:1105 android.view.SurfaceView.lambda$new$0$android-view-SurfaceView:200 android.view.SurfaceView$$ExternalSyntheticLambda5.onPreDraw:2 
10-17 14:48:27.340 14381 14381 I SurfaceView@551d8ae: updateSurface: mVisible = true mSurface.isValid() = true
10-17 14:48:27.340 14381 14381 I SurfaceView@551d8ae: updateSurface: mSurfaceCreated = true surfaceChanged = false visibleChanged = false
10-17 14:48:27.340 14381 14381 V SurfaceView@551d8ae: Layout: x=0 y=-1043 w=1080 h=525, frame=Rect(0, 0 - 1080, 525)
10-17 14:48:27.352 14381 14463 D SurfaceView@551d8ae: updateSurfacePosition RenderWorker, frameNr = 818, position = [0, -1045, 1080, -520] surfaceSize = 1080x525
10-17 14:48:27.352 14381 14463 I SurfaceView@551d8ae: uSP: rtp = Rect(0, -1045 - 1080, -520) rtsw = 1080 rtsh = 525
10-17 14:48:27.352 14381 14463 I SurfaceView@551d8ae: onSSPAndSRT: pl = 0 pt = -1045 sx = 1.0 sy = 1.0
10-17 14:48:27.353 14381 14463 I SurfaceView@551d8ae: aOrMT: ViewRootImpl@562a9cf[MainActivity] t = android.view.SurfaceControl$Transaction@f894229 fN = 818 android.view.SurfaceView.-$$Nest$mapplyOrMergeTransaction:0 android.view.SurfaceView$SurfaceViewPositionUpdateListener.positionChanged:1537 android.graphics.RenderNode$CompositePositionUpdateListener.positionChanged:373 
10-17 14:48:27.353 14381 14463 I ViewRootImpl@562a9cf[MainActivity]: mWNT: t=0x7b5b272100 mBlastBufferQueue=0x7b443aa800 fn= 818 caller= android.view.SurfaceView.applyOrMergeTransaction:1455 android.view.SurfaceView.-$$Nest$mapplyOrMergeTransaction:0 android.view.SurfaceView$SurfaceViewPositionUpdateListener.positionChanged:1537 
10-17 14:48:27.353 14381 14463 I ViewRootImpl@562a9cf[MainActivity]: mWNT: t=0x7b18cac600 mBlastBufferQueue=0x7b443aa800 fn= 818 caller= android.view.ViewRootImpl.lambda$applyTransactionOnDraw$11$android-view-ViewRootImpl:12865 android.view.ViewRootImpl$$ExternalSyntheticLambda1.onFrameDraw:4 android.graphics.HardwareRenderer$FrameDrawingCallback.onFrameDraw:924 
10-17 14:48:27.355 14381 14381 I SurfaceView@551d8ae: Changes: creating=false format=false size=false visible=false alpha=false hint=false mUseAlpha=false visible=false left=false top=true
10-17 14:48:27.356 14381 14381 I SurfaceView@551d8ae: 89249966 Cur surface: Surface(name=null)/@0x734a30a
10-17 14:48:27.356 14381 14381 I SurfaceView@551d8ae: applyTransactionOnVriDraw: vri = ViewRootImpl@562a9cf[MainActivity] fRS = false t = 0x7b4443ef00 android.view.SurfaceView.performSurfaceTransaction:959 android.view.SurfaceView.updateSurface:1105 android.view.SurfaceView.lambda$new$0$android-view-SurfaceView:200 
10-17 14:48:27.357 14381 14381 I ViewRootImpl@562a9cf[MainActivity]: applyTransactionOnDraw: mRemoved = false isHardwareEnabled = true t = 0x7b4443ef00android.view.SurfaceView.applyTransactionOnVriDraw:2048 android.view.SurfaceView.performSurfaceTransaction:959 android.view.SurfaceView.updateSurface:1105 android.view.SurfaceView.lambda$new$0$android-view-SurfaceView:200 android.view.SurfaceView$$ExternalSyntheticLambda5.onPreDraw:2 
10-17 14:48:27.357 14381 14381 I SurfaceView@551d8ae: updateSurface: mVisible = true mSurface.isValid() = true
10-17 14:48:27.357 14381 14381 I SurfaceView@551d8ae: updateSurface: mSurfaceCreated = true surfaceChanged = false visibleChanged = false
10-17 14:48:27.357 14381 14381 V SurfaceView@551d8ae: Layout: x=0 y=-1045 w=1080 h=525, frame=Rect(0, 0 - 1080, 525)
10-17 14:48:27.372 14381 14461 D SurfaceView@551d8ae: updateSurfacePosition RenderWorker, frameNr = 819, position = [0, -1048, 1080, -523] surfaceSize = 1080x525
10-17 14:48:27.372 14381 14461 I SurfaceView@551d8ae: uSP: rtp = Rect(0, -1048 - 1080, -523) rtsw = 1080 rtsh = 525
10-17 14:48:27.372 14381 14461 I SurfaceView@551d8ae: onSSPAndSRT: pl = 0 pt = -1048 sx = 1.0 sy = 1.0
10-17 14:48:27.373 14381 14381 I ViewRootImpl@562a9cf[MainActivity]: ViewPostIme pointer 0
10-17 14:48:27.373 14381 14461 I SurfaceView@551d8ae: aOrMT: ViewRootImpl@562a9cf[MainActivity] t = android.view.SurfaceControl$Transaction@f894229 fN = 819 android.view.SurfaceView.-$$Nest$mapplyOrMergeTransaction:0 android.view.SurfaceView$SurfaceViewPositionUpdateListener.positionChanged:1537 android.graphics.RenderNode$CompositePositionUpdateListener.positionChanged:373 
10-17 14:48:27.374 14381 14461 I ViewRootImpl@562a9cf[MainActivity]: mWNT: t=0x7b5b272100 mBlastBufferQueue=0x7b443aa800 fn= 819 caller= android.view.SurfaceView.applyOrMergeTransaction:1455 android.view.SurfaceView.-$$Nest$mapplyOrMergeTransaction:0 android.view.SurfaceView$SurfaceViewPositionUpdateListener.positionChanged:1537 
10-17 14:48:27.374 14381 14461 I ViewRootImpl@562a9cf[MainActivity]: mWNT: t=0x7b4443ef00 mBlastBufferQueue=0x7b443aa800 fn= 819 caller= android.view.ViewRootImpl.lambda$applyTransactionOnDraw$11$android-view-ViewRootImpl:12865 android.view.ViewRootImpl$$ExternalSyntheticLambda1.onFrameDraw:4 android.graphics.HardwareRenderer$FrameDrawingCallback.onFrameDraw:924 
10-17 14:48:27.374 14381 14381 I SurfaceView@551d8ae: Changes: creating=false format=false size=false visible=false alpha=false hint=false mUseAlpha=false visible=false left=false top=true
10-17 14:48:27.375 14381 14381 I SurfaceView@551d8ae: 89249966 Cur surface: Surface(name=null)/@0x734a30a
10-17 14:48:27.375 14381 14381 I SurfaceView@551d8ae: applyTransactionOnVriDraw: vri = ViewRootImpl@562a9cf[MainActivity] fRS = false t = 0x7b25328c00 android.view.SurfaceView.performSurfaceTransaction:959 android.view.SurfaceView.updateSurface:1105 android.view.SurfaceView.lambda$new$0$android-view-SurfaceView:200 
10-17 14:48:27.375 14381 14381 I ViewRootImpl@562a9cf[MainActivity]: applyTransactionOnDraw: mRemoved = false isHardwareEnabled = true t = 0x7b25328c00android.view.SurfaceView.applyTransactionOnVriDraw:2048 android.view.SurfaceView.performSurfaceTransaction:959 android.view.SurfaceView.updateSurface:1105 android.view.SurfaceView.lambda$new$0$android-view-SurfaceView:200 android.view.SurfaceView$$ExternalSyntheticLambda5.onPreDraw:2 
10-17 14:48:27.375 14381 14381 I SurfaceView@551d8ae: updateSurface: mVisible = true mSurface.isValid() = true
10-17 14:48:27.375 14381 14381 I SurfaceView@551d8ae: updateSurface: mSurfaceCreated = true surfaceChanged = false visibleChanged = false
10-17 14:48:27.375 14381 14381 V SurfaceView@551d8ae: Layout: x=0 y=-1048 w=1080 h=525, frame=Rect(0, 0 - 1080, 525)
10-17 14:48:27.383 14381 14463 I ViewRootImpl@562a9cf[MainActivity]: mWNT: t=0x7b25328c00 mBlastBufferQueue=0x7b443aa800 fn= 820 caller= android.view.ViewRootImpl.lambda$applyTransactionOnDraw$11$android-view-ViewRootImpl:12865 android.view.ViewRootImpl$$ExternalSyntheticLambda1.onFrameDraw:4 android.graphics.HardwareRenderer$FrameDrawingCallback.onFrameDraw:924 
10-17 14:48:27.472 14381 14381 I SurfaceView@551d8ae: Changes: creating=false format=false size=false visible=false alpha=false hint=false mUseAlpha=false visible=false left=false top=true
10-17 14:48:27.472 14381 14381 I SurfaceView@551d8ae: 89249966 Cur surface: Surface(name=null)/@0x734a30a
10-17 14:48:27.473 14381 14381 I SurfaceView@551d8ae: applyTransactionOnVriDraw: vri = ViewRootImpl@562a9cf[MainActivity] fRS = false t = 0x7b18caca00 android.view.SurfaceView.performSurfaceTransaction:959 android.view.SurfaceView.updateSurface:1105 android.view.SurfaceView.lambda$new$0$android-view-SurfaceView:200 
10-17 14:48:27.473 14381 14381 I ViewRootImpl@562a9cf[MainActivity]: applyTransactionOnDraw: mRemoved = false isHardwareEnabled = true t = 0x7b18caca00android.view.SurfaceView.applyTransactionOnVriDraw:2048 android.view.SurfaceView.performSurfaceTransaction:959 android.view.SurfaceView.updateSurface:1105 android.view.SurfaceView.lambda$new$0$android-view-SurfaceView:200 android.view.SurfaceView$$ExternalSyntheticLambda5.onPreDraw:2 
10-17 14:48:27.473 14381 14381 I SurfaceView@551d8ae: updateSurface: mVisible = true mSurface.isValid() = true
10-17 14:48:27.473 14381 14381 I SurfaceView@551d8ae: updateSurface: mSurfaceCreated = true surfaceChanged = false visibleChanged = false
10-17 14:48:27.473 14381 14381 V SurfaceView@551d8ae: Layout: x=0 y=-1047 w=1080 h=525, frame=Rect(0, 0 - 1080, 525)
10-17 14:48:27.474 14381 14461 D SurfaceView@551d8ae: updateSurfacePosition RenderWorker, frameNr = 821, position = [0, -1047, 1080, -522] surfaceSize = 1080x525
10-17 14:48:27.474 14381 14461 I SurfaceView@551d8ae: uSP: rtp = Rect(0, -1047 - 1080, -522) rtsw = 1080 rtsh = 525
10-17 14:48:27.475 14381 14461 I SurfaceView@551d8ae: onSSPAndSRT: pl = 0 pt = -1047 sx = 1.0 sy = 1.0
10-17 14:48:27.475 14381 14461 I SurfaceView@551d8ae: aOrMT: ViewRootImpl@562a9cf[MainActivity] t = android.view.SurfaceControl$Transaction@f894229 fN = 821 android.view.SurfaceView.-$$Nest$mapplyOrMergeTransaction:0 android.view.SurfaceView$SurfaceViewPositionUpdateListener.positionChanged:1537 android.graphics.RenderNode$CompositePositionUpdateListener.positionChanged:373 
10-17 14:48:27.475 14381 14461 I ViewRootImpl@562a9cf[MainActivity]: mWNT: t=0x7b5b272100 mBlastBufferQueue=0x7b443aa800 fn= 821 caller= android.view.SurfaceView.applyOrMergeTransaction:1455 android.view.SurfaceView.-$$Nest$mapplyOrMergeTransaction:0 android.view.SurfaceView$SurfaceViewPositionUpdateListener.positionChanged:1537 
10-17 14:48:27.476 14381 14461 I ViewRootImpl@562a9cf[MainActivity]: mWNT: t=0x7b18caca00 mBlastBufferQueue=0x7b443aa800 fn= 821 caller= android.view.ViewRootImpl.lambda$applyTransactionOnDraw$11$android-view-ViewRootImpl:12865 android.view.ViewRootImpl$$ExternalSyntheticLambda1.onFrameDraw:4 android.graphics.HardwareRenderer$FrameDrawingCallback.onFrameDraw:924 
10-17 14:48:27.489 14381 14381 I SurfaceView@551d8ae: Changes: creating=false format=false size=false visible=false alpha=false hint=false mUseAlpha=false visible=false left=false top=true
10-17 14:48:27.490 14381 14381 I SurfaceView@551d8ae: 89249966 Cur surface: Surface(name=null)/@0x734a30a
10-17 14:48:27.490 14381 14381 I SurfaceView@551d8ae: applyTransactionOnVriDraw: vri = ViewRootImpl@562a9cf[MainActivity] fRS = false t = 0x7b18cacc00 android.view.SurfaceView.performSurfaceTransaction:959 android.view.SurfaceView.updateSurface:1105 android.view.SurfaceView.lambda$new$0$android-view-SurfaceView:200 
10-17 14:48:27.490 14381 14381 I ViewRootImpl@562a9cf[MainActivity]: applyTransactionOnDraw: mRemoved = false isHardwareEnabled = true t = 0x7b18cacc00android.view.SurfaceView.applyTransactionOnVriDraw:2048 android.view.SurfaceView.performSurfaceTransaction:959 android.view.SurfaceView.updateSurface:1105 android.view.SurfaceView.lambda$new$0$android-view-SurfaceView:200 android.view.SurfaceView$$ExternalSyntheticLambda5.onPreDraw:2 
10-17 14:48:27.491 14381 14381 I SurfaceView@551d8ae: updateSurface: mVisible = true mSurface.isValid() = true
10-17 14:48:27.491 14381 14381 I SurfaceView@551d8ae: updateSurface: mSurfaceCreated = true surfaceChanged = false visibleChanged = false
10-17 14:48:27.491 14381 14381 V SurfaceView@551d8ae: Layout: x=0 y=-1044 w=1080 h=525, frame=Rect(0, 0 - 1080, 525)
10-17 14:48:27.492 14381 14463 D SurfaceView@551d8ae: updateSurfacePosition RenderWorker, frameNr = 822, position = [0, -1044, 1080, -519] surfaceSize = 1080x525
10-17 14:48:27.492 14381 14463 I SurfaceView@551d8ae: uSP: rtp = Rect(0, -1044 - 1080, -519) rtsw = 1080 rtsh = 525
10-17 14:48:27.492 14381 14463 I SurfaceView@551d8ae: onSSPAndSRT: pl = 0 pt = -1044 sx = 1.0 sy = 1.0
10-17 14:48:27.492 14381 14463 I SurfaceView@551d8ae: aOrMT: ViewRootImpl@562a9cf[MainActivity] t = android.view.SurfaceControl$Transaction@f894229 fN = 822 android.view.SurfaceView.-$$Nest$mapplyOrMergeTransaction:0 android.view.SurfaceView$SurfaceViewPositionUpdateListener.positionChanged:1537 android.graphics.RenderNode$CompositePositionUpdateListener.positionChanged:373 
10-17 14:48:27.492 14381 14463 I ViewRootImpl@562a9cf[MainActivity]: mWNT: t=0x7b5b272100 mBlastBufferQueue=0x7b443aa800 fn= 822 caller= android.view.SurfaceView.applyOrMergeTransaction:1455 android.view.SurfaceView.-$$Nest$mapplyOrMergeTransaction:0 android.view.SurfaceView$SurfaceViewPositionUpdateListener.positionChanged:1537 
10-17 14:48:27.493 14381 14463 I ViewRootImpl@562a9cf[MainActivity]: mWNT: t=0x7b18cacc00 mBlastBufferQueue=0x7b443aa800 fn= 822 caller= android.view.ViewRootImpl.lambda$applyTransactionOnDraw$11$android-view-ViewRootImpl:12865 android.view.ViewRootImpl$$ExternalSyntheticLambda1.onFrameDraw:4 android.graphics.HardwareRenderer$FrameDrawingCallback.onFrameDraw:924 
10-17 14:48:27.506 14381 14381 I SurfaceView@551d8ae: Changes: creating=false format=false size=false visible=false alpha=false hint=false mUseAlpha=false visible=false left=false top=true
10-17 14:48:27.506 14381 14381 I SurfaceView@551d8ae: 89249966 Cur surface: Surface(name=null)/@0x734a30a
10-17 14:48:27.507 14381 14381 I SurfaceView@551d8ae: applyTransactionOnVriDraw: vri = ViewRootImpl@562a9cf[MainActivity] fRS = false t = 0x7b18cacd00 android.view.SurfaceView.performSurfaceTransaction:959 android.view.SurfaceView.updateSurface:1105 android.view.SurfaceView.lambda$new$0$android-view-SurfaceView:200 
10-17 14:48:27.507 14381 14381 I ViewRootImpl@562a9cf[MainActivity]: applyTransactionOnDraw: mRemoved = false isHardwareEnabled = true t = 0x7b18cacd00android.view.SurfaceView.applyTransactionOnVriDraw:2048 android.view.SurfaceView.performSurfaceTransaction:959 android.view.SurfaceView.updateSurface:1105 android.view.SurfaceView.lambda$new$0$android-view-SurfaceView:200 android.view.SurfaceView$$ExternalSyntheticLambda5.onPreDraw:2 
10-17 14:48:27.507 14381 14381 I SurfaceView@551d8ae: updateSurface: mVisible = true mSurface.isValid() = true
10-17 14:48:27.507 14381 14381 I SurfaceView@551d8ae: updateSurface: mSurfaceCreated = true surfaceChanged = false visibleChanged = false
10-17 14:48:27.507 14381 14381 V SurfaceView@551d8ae: Layout: x=0 y=-1041 w=1080 h=525, frame=Rect(0, 0 - 1080, 525)
10-17 14:48:27.508 14381 14461 D SurfaceView@551d8ae: updateSurfacePosition RenderWorker, frameNr = 823, position = [0, -1041, 1080, -516] surfaceSize = 1080x525
10-17 14:48:27.508 14381 14461 I SurfaceView@551d8ae: uSP: rtp = Rect(0, -1041 - 1080, -516) rtsw = 1080 rtsh = 525
10-17 14:48:27.508 14381 14461 I SurfaceView@551d8ae: onSSPAndSRT: pl = 0 pt = -1041 sx = 1.0 sy = 1.0
10-17 14:48:27.508 14381 14461 I SurfaceView@551d8ae: aOrMT: ViewRootImpl@562a9cf[MainActivity] t = android.view.SurfaceControl$Transaction@f894229 fN = 823 android.view.SurfaceView.-$$Nest$mapplyOrMergeTransaction:0 android.view.SurfaceView$SurfaceViewPositionUpdateListener.positionChanged:1537 android.graphics.RenderNode$CompositePositionUpdateListener.positionChanged:373 
