--------- beginning of main
10-17 13:50:28.946  3408  3408 I ViewRootImpl@6784265[MainActivity]: MSG_WINDOW_FOCUS_CHANGED 1 0
10-17 13:50:28.946  3408  3408 I ViewRootImpl@6784265[MainActivity]: mThreadedRenderer.initializeIfNeeded()#2 mSurface={isValid=true 0x7bdd4da800}
10-17 13:50:28.951  3408  3408 D InputMethodManager: startInputInner - Id : 0
10-17 13:50:28.951  3408  3408 I InputMethodManager: startInputInner - mService.startInputOrWindowGainedFocus
10-17 13:50:29.424  3408  3408 I ViewRootImpl@6784265[MainActivity]: ViewPostIme pointer 0
10-17 13:50:29.501  3408  3408 D WindowOnBackDispatcher: onBackInvoked, viewRoot=ViewRootImpl@dd674ef[MainActivity], callback=androidx.activity.OnBackPressedDispatcher$Api33Impl$$ExternalSyntheticLambda0@fcd878c
10-17 13:50:29.511  3408  3408 I IMM_LC  : hsifw() - flag : 0
10-17 13:50:29.511  3408  3408 I IMM_LC  : hsifw() - mService.hideSoftInput
10-17 13:50:29.520  3408  3408 D ScrollView: initGoToTop
10-17 13:50:29.560  3408  3408 E CoilImgLoader: Error loading image: coil3.request.NullRequestDataException: The request's data is null.
10-17 13:50:29.578  3408  3408 D ScrollView:  onsize change changed 
10-17 13:50:30.257  3408  3408 I ViewRootImpl@6784265[MainActivity]: ViewPostIme pointer 0
10-17 13:50:30.307  3408  3408 I ViewRootImpl@6784265[MainActivity]: ViewPostIme pointer 1
10-17 13:50:30.326  3408  3408 I NavComponent: Navigating to fragment: 2131361879
10-17 13:50:30.331  3408  3408 I IMM_LC  : hsifw() - flag : 0
10-17 13:50:30.332  3408  3408 I IMM_LC  : hsifw() - mService.hideSoftInput
10-17 13:50:31.667  3408  3408 I ViewRootImpl@6784265[MainActivity]: ViewPostIme pointer 0
10-17 13:50:31.732  3408  3408 I ViewRootImpl@6784265[MainActivity]: ViewPostIme pointer 1
10-17 13:50:31.754  3408  3408 I IMM_LC  : hsifw() - flag : 0
10-17 13:50:31.754  3408  3408 I IMM_LC  : hsifw() - mService.hideSoftInput
10-17 13:50:31.863  3408  3408 I PLG     : updatePluginList = https://raw.githubusercontent.com/adamwolker21/DZ/refs/heads/master/repo.json
10-17 13:50:31.864  3408  3408 I PLG     : getPlugins = https://raw.githubusercontent.com/adamwolker21/DZ/refs/heads/master/repo.json
10-17 13:50:32.059  3408  3460 D VotingApi: Requesting: https://counterapi.com/api/cs-raw.githubusercontent.com-adamwolker21-DZ/vote/6dc8375a9c21c941e4f4638f351ba59129efb002ec683156e6e11dbcbd8c1d5d?readOnly=true
10-17 13:50:32.083  3408  3460 D VotingApi: Requesting: https://counterapi.com/api/cs-raw.githubusercontent.com-adamwolker21-DZ/vote/806f9e9bb0fe6eed948cf51910bda7c7a4f4470876514f9eb99299b4b4e46db4?readOnly=true
10-17 13:50:32.469  3408  3414 W st.cloudstream3: Cleared Reference was only reachable from finalizer (only reported once)
10-17 13:50:32.534  3408  3414 I st.cloudstream3: Background concurrent copying GC freed 26MB AllocSpace bytes, 77(3284KB) LOS objects, 49% free, 17MB/34MB, paused 385us,137us total 215.267ms
10-17 13:50:32.535  3408  3415 D InputTransport: Input channel destroyed: 'ClientS', fd=132
10-17 13:50:32.540  3408  3431 D OpenGLRenderer: setSurface called with nullptr
10-17 13:50:33.333  3408  3408 I ViewRootImpl@6784265[MainActivity]: ViewPostIme pointer 0
10-17 13:50:33.381  3408  3408 I ViewRootImpl@6784265[MainActivity]: ViewPostIme pointer 1
10-17 13:50:33.394  3408  3460 I PLG     : handlePluginAction = https://raw.githubusercontent.com/adamwolker21/DZ/refs/heads/master/repo.json, (https://raw.githubusercontent.com/adamwolker21/DZ/refs/heads/master/repo.json, SitePlugin(url=https://raw.githubusercontent.com/adamwolker21/DZ/builds/Asiatv.one.cs3, status=1, version=1, apiVersion=1, name=Asiatv.one, internalName=Asiatv.one, authors=[adamwolker21], description=Asiatv.one, repositoryUrl=https://github.com/adamwolker21/DZ, tvTypes=[Movie, TvSeries], language=ar, iconUrl=https://asiatv.one/wp-content/uploads/2021/09/cropped-asiadrama-192x192.png.webp, fileSize=18391)), false
10-17 13:50:33.396  3408  3460 D PluginManager: Downloading plugin: https://raw.githubusercontent.com/adamwolker21/DZ/builds/Asiatv.one.cs3 to /data/user/0/com.lagradost.cloudstream3/files/Extensions/httpsraw.githubusercontent.comadamwolker21DZrefsheadsmasterrepo.json.-468825824/Asiatv.one.344131172.cs3
10-17 13:50:33.651  3408  3460 I PluginManager: Unloading plugin: /data/user/0/com.lagradost.cloudstream3/files/Extensions/httpsraw.githubusercontent.comadamwolker21DZrefsheadsmasterrepo.json.-468825824/Asiatv.one.344131172.cs3
10-17 13:50:33.652  3408  3460 W PluginManager: Couldn't find plugin /data/user/0/com.lagradost.cloudstream3/files/Extensions/httpsraw.githubusercontent.comadamwolker21DZrefsheadsmasterrepo.json.-468825824/Asiatv.one.344131172.cs3
10-17 13:50:33.652  3408  3460 I PluginManager: Loading plugin: PluginData(internalName=Asiatv.one, url=https://raw.githubusercontent.com/adamwolker21/DZ/builds/Asiatv.one.cs3, isOnline=true, filePath=/data/user/0/com.lagradost.cloudstream3/files/Extensions/httpsraw.githubusercontent.comadamwolker21DZrefsheadsmasterrepo.json.-468825824/Asiatv.one.344131172.cs3, version=-2147483648)
10-17 13:50:33.705  3408  3460 I PluginInstance: Adding AsiaTV (https://asiatv.one) MainAPI
10-17 13:50:33.706  3408  3460 I PluginInstance: Adding AsiaTvPlayer (https://www.asiatvplayer.com) ExtractorApi
10-17 13:50:33.722  3408  3460 I PluginManager: Loaded plugin Asiatv.one successfully
10-17 13:50:33.722  3408  3460 I PLG     : getPlugins = https://raw.githubusercontent.com/adamwolker21/DZ/refs/heads/master/repo.json
10-17 13:50:33.723  3408  3408 I COMPACT : showToast = Plugin Loaded
10-17 13:50:33.732  3408  3408 D CompatibilityChangeReporter: Compat change id reported: 147798919; UID 10526; state: ENABLED
10-17 13:50:33.733  3408  3408 E Toast   : setGravity() shouldn't be called on text toasts, the values won't be used
10-17 13:50:33.733  3408  3408 I Toast   : setView: it's a custom toast
10-17 13:50:33.739  3408  3408 V Toast   : show: caller = com.lagradost.cloudstream3.CommonActivity.showToast:175 
10-17 13:50:33.802  3408  3408 V Toast   : HANDLE SHOW: android.widget.Toast$TN@439ef0b mView=null mNextView=androidx.cardview.widget.CardView{10251e8 V.E..V... ......ID 0,0-0,0 #7f0a0557 app:id/toast_layout_root}
10-17 13:50:33.804  3408  3408 V ToastPresenter: sipHeight = -39
10-17 13:50:33.807  3408  3408 V ToastPresenter: yOffset = 13
10-17 13:50:33.812  3408  3431 D NativeCustomFrequencyManager: [NativeCFMS] BpCustomFrequencyManager::BpCustomFrequencyManager()
10-17 13:50:33.818  3408  3408 D InsetsController: onStateChanged: InsetsState: {mDisplayFrame=Rect(0, 0 - 1080, 2400), mDisplayCutout=DisplayCutout{insets=Rect(0, 88 - 0, 0) waterfall=Insets{left=0, top=0, right=0, bottom=0} boundingRect={Bounds=[Rect(0, 0 - 0, 0), Rect(512, 0 - 568, 88), Rect(0, 0 - 0, 0), Rect(0, 0 - 0, 0)]} cutoutPathParserInfo={CutoutPathParserInfo{displayWidth=1080 displayHeight=2400 physicalDisplayWidth=1080 physicalDisplayHeight=2400 density={2.625} cutoutSpec={M 0,0 M 0,12.25101276465640 a 10.60613009248640,10.60613009248640 0 1,0 0,21.21226018497290 a 10.60613009248640,10.60613009248640 0 1,0 0,-21.21226018497290 Z @dp} rotation={0} scale={1.0} physicalPixelDisplaySizeRatio={1.0}}}}, mRoundedCorners=RoundedCorners{[RoundedCorner{position=TopLeft, radius=84, center=Point(84, 84)}, RoundedCorner{position=TopRight, radius=84, center=Point(996, 84)}, RoundedCorner{position=BottomRight, radius=84, center=Point(996, 2316)}, RoundedCorner{position=BottomLeft, radius=84, center=Point(84, 2316)}]}  mRoundedCornerFrame=Rect(0, 0 - 0, 0), mPrivacyIndicatorBounds=PrivacyIndicatorBounds {static bounds=Rect(964, 0 - 1080, 87) rotation=0}, mSources= { InsetsSource: {mType=ITYPE_NAVIGATION_BAR, mFrame=[0,2361][1080,2400], mVisible=true, mInsetsRoundedCornerFrame=false}, InsetsSource: {mType=ITYPE_LEFT_GESTURES, mFrame=[0,0][130,2400], mVisible=true, mInsetsRoundedCornerFrame=false}, InsetsSource: {mType=ITYPE_RIGHT_GESTURES, mFrame=[950,0][1080,2400], mVisible=true, mInsetsRoundedCornerFrame=false}, InsetsSource: {mType=ITYPE_TOP_MANDATORY_GESTURES, mFrame=[0,0][1080,120], mVisible=true, mInsetsRoundedCornerFrame=false}, InsetsSource: {mType=ITYPE_BOTTOM_MANDATORY_GESTURES, mFrame=[0,2316][1080,2400], mVisible=true, mInsetsRoundedCornerFrame=false}, InsetsSource: {mType=ITYPE_LEFT_DISPLAY_CUTOUT, mFrame=[0,0][-100000,2400], mVisible=true, mInsetsRoundedCornerFrame=false}, InsetsSource: {mType=ITYPE_TOP_DISPLAY_CUTOUT, mFrame=[0,0][1080,88], mVisible=true, mInsetsRoundedCornerFrame=false}, InsetsSource: {mType=ITYPE_RIGHT_DISPLAY_CUTOUT, mFrame=[100000,0][1080,2400], mVisible=true, mInsetsRoundedCornerFrame=false}, InsetsSource: {mType=ITYPE_BOTTOM_DISPLAY_CUTOUT, mFrame=[0,100000][1080,2400], mVisible=true, mInsetsRoundedCornerFrame=false}, InsetsSource: {mType=ITYPE_BOTTOM_TAPPABLE_ELEMENT, mFrame=[0,0][0,0], mVisible=true, mInsetsRoundedCornerFrame=false} } host=Toast from=android.view.ViewRootImpl.setView:1732
10-17 13:50:33.819  3408  3408 I ViewRootImpl@7e53ea6[Toast]: setView = androidx.cardview.widget.CardView@10251e8 TM=true
10-17 13:50:33.824  3408  3408 I ViewRootImpl@7e53ea6[Toast]: performTraversals params={(0,13)(wrapxwrap) gr=BOTTOM CENTER sim={adjust=resize} ty=TOAST fmt=TRANSLUCENT wanim=0x1030004 surfaceInsets=Rect(11, 11 - 11, 11)
10-17 13:50:33.824  3408  3408 I ViewRootImpl@7e53ea6[Toast]:   fl=1000098
10-17 13:50:33.824  3408  3408 I ViewRootImpl@7e53ea6[Toast]:   pfl=12000000
10-17 13:50:33.824  3408  3408 I ViewRootImpl@7e53ea6[Toast]:   bhv=DEFAULT
10-17 13:50:33.824  3408  3408 I ViewRootImpl@7e53ea6[Toast]:   fitTypes=STATUS_BARS NAVIGATION_BARS CAPTION_BAR
10-17 13:50:33.824  3408  3408 I ViewRootImpl@7e53ea6[Toast]:   fitIgnoreVis naviIconColor=0}
10-17 13:50:33.825  3408  3408 I ViewRootImpl@7e53ea6[Toast]: performTraversals mFirst=true windowShouldResize=false viewVisibilityChanged=false mForceNextWindowRelayout=false params={(0,13)(wrapxwrap) gr=BOTTOM CENTER sim={adjust=resize} ty=TOAST fmt=TRANSLUCENT wanim=0x1030004 surfaceInsets=Rect(11, 11 - 11, 11)
10-17 13:50:33.825  3408  3408 I ViewRootImpl@7e53ea6[Toast]:   fl=1000098
10-17 13:50:33.825  3408  3408 I ViewRootImpl@7e53ea6[Toast]:   pfl=12000000
10-17 13:50:33.825  3408  3408 I ViewRootImpl@7e53ea6[Toast]:   bhv=DEFAULT
10-17 13:50:33.825  3408  3408 I ViewRootImpl@7e53ea6[Toast]:   fitTypes=STATUS_BARS NAVIGATION_BARS CAPTION_BAR
10-17 13:50:33.825  3408  3408 I ViewRootImpl@7e53ea6[Toast]:   fitIgnoreVis naviIconColor=0}
10-17 13:50:33.835  3408  3408 I ViewRootImpl@7e53ea6[Toast]: updateBlastSurfaceIfNeeded mBlastBufferQueue=null isSameSurfaceControl=false
10-17 13:50:33.835  3408  3408 I BLASTBufferQueue: new BLASTBufferQueue, mName= ViewRootImpl@7e53ea6[Toast] mNativeObject= 0x7b5f1b1900 sc.mNativeObject= 0x7bdd48ab80 caller= android.view.ViewRootImpl.updateBlastSurfaceIfNeeded:2909 android.view.ViewRootImpl.relayoutWindow:9847 android.view.ViewRootImpl.performTraversals:3884 android.view.ViewRootImpl.doTraversal:3116 android.view.ViewRootImpl$TraversalRunnable.run:10885 android.view.Choreographer$CallbackRecord.run:1301 android.view.Choreographer$CallbackRecord.run:1309 android.view.Choreographer.doCallbacks:923 android.view.Choreographer.doFrame:852 android.view.Choreographer$FrameDisplayEventReceiver.run:1283 
10-17 13:50:33.835  3408  3408 I BLASTBufferQueue: update, w= 373 h= 178 mName = ViewRootImpl@7e53ea6[Toast] mNativeObject= 0x7b5f1b1900 sc.mNativeObject= 0x7bdd48ab80 format= -3 caller= android.graphics.BLASTBufferQueue.<init>:84 android.view.ViewRootImpl.updateBlastSurfaceIfNeeded:2909 android.view.ViewRootImpl.relayoutWindow:9847 android.view.ViewRootImpl.performTraversals:3884 android.view.ViewRootImpl.doTraversal:3116 android.view.ViewRootImpl$TraversalRunnable.run:10885 
10-17 13:50:33.836  3408  3408 I ViewRootImpl@7e53ea6[Toast]: Relayout returned: old=(0,88,1080,2361) new=(364,2192,715,2348) req=(351,156)0 dur=10 res=0x3 s={true 0x7b46cc7800} ch=true seqId=0
10-17 13:50:33.836  3408  3408 I ViewRootImpl@7e53ea6[Toast]: mThreadedRenderer.initialize() mSurface={isValid=true 0x7b46cc7800} hwInitialized=true
10-17 13:50:33.837  3408  3431 D OpenGLRenderer: eglCreateWindowSurface
10-17 13:50:33.837  3408  3408 I ViewRootImpl@7e53ea6[Toast]: reportNextDraw android.view.ViewRootImpl.performTraversals:4438 android.view.ViewRootImpl.doTraversal:3116 android.view.ViewRootImpl$TraversalRunnable.run:10885 android.view.Choreographer$CallbackRecord.run:1301 android.view.Choreographer$CallbackRecord.run:1309 
10-17 13:50:33.837  3408  3408 I ViewRootImpl@7e53ea6[Toast]: Setup new sync id=0
10-17 13:50:33.837  3408  3408 I ViewRootImpl@7e53ea6[Toast]: Setting syncFrameCallback
10-17 13:50:33.837  3408  3408 I ViewRootImpl@7e53ea6[Toast]: registerCallbacksForSync syncBuffer=false
10-17 13:50:33.849  3408  3486 I ViewRootImpl@7e53ea6[Toast]: Received frameDrawingCallback syncResult=0 frameNum=1.
10-17 13:50:33.850  3408  3486 I ViewRootImpl@7e53ea6[Toast]: Setting up sync and frameCommitCallback
10-17 13:50:33.853  3408  3431 I BLASTBufferQueue: [ViewRootImpl@7e53ea6[Toast]#2](f:0,a:0) onFrameAvailable the first frame is available
10-17 13:50:33.855  3408  3431 I ViewRootImpl@7e53ea6[Toast]: Received frameCommittedCallback lastAttemptedDrawFrameNum=1 didProduceBuffer=true
10-17 13:50:33.857  3408  3431 D OpenGLRenderer: CFMS:: SetUp Pid : 3408    Tid : 3431
10-17 13:50:33.861  3408  3408 I ViewRootImpl@7e53ea6[Toast]: onSyncComplete
10-17 13:50:33.861  3408  3408 I ViewRootImpl@7e53ea6[Toast]: setupSync seqId=0 mSyncId=0 fn=1 caller=android.view.ViewRootImpl$$ExternalSyntheticLambda11.accept:6 android.window.SurfaceSyncer.lambda$setupSync$1$android-window-SurfaceSyncer:128 android.window.SurfaceSyncer$$ExternalSyntheticLambda1.accept:8 android.window.SurfaceSyncer$SyncSet.checkIfSyncIsComplete:382 android.window.SurfaceSyncer$SyncSet.markSyncReady:359 android.window.SurfaceSyncer.markSyncReady:151 android.view.ViewRootImpl.performTraversals:4503 
10-17 13:50:33.862  3408  3408 I ViewRootImpl@7e53ea6[Toast]: reportDrawFinished seqId=0 mSyncId=-1 fn=1 mSurfaceChangedTransaction=0x7bed868500
10-17 13:50:35.345  3408  3408 I ViewRootImpl@6784265[MainActivity]: ViewPostIme pointer 0
10-17 13:50:35.426  3408  3408 I ViewRootImpl@6784265[MainActivity]: ViewPostIme pointer 1
10-17 13:50:35.452  3408  3408 I IMM_LC  : hsifw() - flag : 0
10-17 13:50:35.452  3408  3408 I IMM_LC  : hsifw() - mService.hideSoftInput
10-17 13:50:35.764  3408  3431 D OpenGLRenderer: setSurface called with nullptr
10-17 13:50:35.764  3408  3431 D OpenGLRenderer: setSurface() destroyed EGLSurface
10-17 13:50:35.764  3408  3431 D OpenGLRenderer: destroyEglSurface
10-17 13:50:35.765  3408  3408 I ViewRootImpl@7e53ea6[Toast]: dispatchDetachedFromWindow
10-17 13:50:35.777  3408  3408 D InputTransport: Input channel destroyed: 'd66f411', fd=154
10-17 13:50:36.131  3408  3414 I st.cloudstream3: Background concurrent copying GC freed 6689KB AllocSpace bytes, 76(8844KB) LOS objects, 49% free, 19MB/39MB, paused 214us,66us total 123.253ms
10-17 13:50:36.134  3408  3431 D OpenGLRenderer: setSurface called with nullptr
10-17 13:50:36.144  3408  3416 W System  : A resource failed to call close. 
10-17 13:50:39.879  3408  3408 I ViewRootImpl@6784265[MainActivity]: ViewPostIme pointer 0
10-17 13:50:39.959  3408  3408 I ViewRootImpl@6784265[MainActivity]: ViewPostIme pointer 1
10-17 13:50:41.278  3408  3408 I ViewRootImpl@6784265[MainActivity]: ViewPostIme pointer 0
10-17 13:50:41.390  3408  3408 I ViewRootImpl@6784265[MainActivity]: ViewPostIme pointer 1
10-17 13:50:42.196  3408  3414 I st.cloudstream3: Background concurrent copying GC freed 9910KB AllocSpace bytes, 82(9956KB) LOS objects, 49% free, 20MB/40MB, paused 306us,60us total 177.225ms
10-17 13:50:42.625  3408  3408 I ViewRootImpl@6784265[MainActivity]: ViewPostIme pointer 0
10-17 13:50:42.731  3408  3408 I ViewRootImpl@6784265[MainActivity]: ViewPostIme pointer 1
10-17 13:50:43.104  3408  3408 I ViewRootImpl@6784265[MainActivity]: ViewPostIme pointer 0
10-17 13:50:43.155  3408  3408 I ViewRootImpl@6784265[MainActivity]: ViewPostIme pointer 1
10-17 13:50:44.041  3408  3408 I ViewRootImpl@6784265[MainActivity]: ViewPostIme pointer 0
10-17 13:50:44.122  3408  3408 I ViewRootImpl@6784265[MainActivity]: ViewPostIme pointer 1
10-17 13:50:44.133  3408  3408 I NavComponent: Navigating to fragment: 2131362274
10-17 13:50:44.142  3408  3408 I IMM_LC  : hsifw() - flag : 0
10-17 13:50:44.142  3408  3408 I IMM_LC  : hsifw() - mService.hideSoftInput
10-17 13:50:44.180  3408  3408 D ScrollView: initGoToTop
10-17 13:50:44.484  3408  3408 I SurfaceView@ac9fd46: onWindowVisibilityChanged(0) true android.view.SurfaceView{ac9fd46 V.E..V... ......I. 0,0-0,0} of ViewRootImpl@6784265[MainActivity]
10-17 13:50:44.484  3408  3408 D SurfaceView@ac9fd46: updateSurface: has no frame
10-17 13:50:44.491  3408  3408 I CS3ExoPlayer: SET STYLE = SaveCaptionStyle(foregroundColor=-1, backgroundColor=0, windowColor=0, edgeType=1, edgeColor=-16777216, typeface=null, typefaceFilePath=null, elevation=20, fixedTextSize=null, edgeSize=null, removeCaptions=false, removeBloat=true, upperCase=false, bold=false, italic=false, backgroundRadius=null)
10-17 13:50:44.505  3408  3408 D VideoClickActionHolder: allVideoClickActions: [null:com.lagradost.cloudstream3.actions.temp.PlayInBrowserAction, null:com.lagradost.cloudstream3.actions.temp.CopyClipboardAction, null:com.lagradost.cloudstream3.actions.temp.ViewM3U8Action, null:com.lagradost.cloudstream3.actions.temp.VlcPackage, null:com.lagradost.cloudstream3.actions.temp.MpvPackage, null:com.lagradost.cloudstream3.actions.temp.NextPlayerPackage, null:com.lagradost.cloudstream3.actions.temp.JustPlayerPackage, null:com.lagradost.cloudstream3.actions.temp.fcast.FcastAction, null:com.lagradost.cloudstream3.actions.temp.LibreTorrentPackage, null:com.lagradost.cloudstream3.actions.temp.BiglyBTPackage, null:com.lagradost.cloudstream3.actions.temp.VlcNightlyPackage, null:com.lagradost.cloudstream3.actions.temp.WebVideoCastPackage, null:com.lagradost.cloudstream3.actions.temp.MpvYTDLPackage, null:com.lagradost.cloudstream3.actions.temp.MpvKtPackage, null:com.lagradost.cloudstream3.actions.temp.MpvKtPreviewPackage, null:com.lagradost.cloudstream3.actions.AlwaysAskAction]
10-17 13:50:44.506  3408  3408 I IMM_LC  : hsifw() - flag : 0
10-17 13:50:44.506  3408  3408 I IMM_LC  : hsifw() - mService.hideSoftInput
10-17 13:50:44.509  3408  3455 I SYNCVM  : addFromUrl = https://asiatv.one/drama/tempest-%d9%85%d8%b3%d9%84%d8%b3%d9%84-%d8%a7%d9%84%d8%b9%d8%a7%d8%b5%d9%81%d8%a9-%d8%aa%d9%82%d8%b1%d9%8a%d8%b1-%d8%ad%d9%84%d9%82%d8%a7%d8%aa-%d9%85%d8%aa%d8%b1%d8%ac%d9%85%d8%a9/
10-17 13:50:44.510  3408  3455 I SYNCUTIL: getIdsFromUrl https://asiatv.one/drama/tempest-%d9%85%d8%b3%d9%84%d8%b3%d9%84-%d8%a7%d9%84%d8%b9%d8%a7%d8%b5%d9%81%d8%a9-%d8%aa%d9%82%d8%b1%d9%8a%d8%b1-%d8%ad%d9%84%d9%82%d8%a7%d8%aa-%d9%85%d8%aa%d8%b1%d8%ac%d9%85%d8%a9/
10-17 13:50:44.523  3408  3408 I SurfaceView@ac9fd46: onWindowVisibilityChanged(8) false android.view.SurfaceView{ac9fd46 V.E..V... ......I. 0,0-0,0} of ViewRootImpl@6784265[MainActivity]
10-17 13:50:44.524  3408  3408 D SurfaceView@ac9fd46: updateSurface: has no frame
10-17 13:50:44.524  3408  3408 D SurfaceView@ac9fd46: updateSurface: has no frame
10-17 13:50:44.524  3408  3408 I SurfaceView@ac9fd46: onDetachedFromWindow: tryReleaseSurfaces()
10-17 13:50:44.524  3408  3408 I SurfaceView@ac9fd46: releaseSurfaces: viewRoot = ViewRootImpl@6784265[MainActivity]
10-17 13:50:44.524  3408  3408 I SurfaceView@ac9fd46: applyTransactionOnVriDraw: vri = ViewRootImpl@6784265[MainActivity] fRS = true t = 0x7b46bdcb00 android.view.SurfaceView.releaseSurfaces:858 android.view.SurfaceView.onDetachedFromWindow:500 android.view.View.dispatchDetachedFromWindow:22538 
10-17 13:50:44.524  3408  3408 I SurfaceView@ac9fd46: applyTransactionOnVriDraw: viewRoot.applyTransactionOnDrawFromReleaseSurfaces
10-17 13:50:44.524  3408  3408 I ViewRootImpl@6784265[MainActivity]: applyTransactionOnDraw: mRemoved = false isHardwareEnabled = true t = 0x7b46bdcb00android.view.ViewRootImpl.applyTransactionOnDrawFromReleaseSurfaces:12850 android.view.SurfaceView.applyTransactionOnVriDraw:2046 android.view.SurfaceView.releaseSurfaces:858 android.view.SurfaceView.onDetachedFromWindow:500 android.view.View.dispatchDetachedFromWindow:22538 
10-17 13:50:44.526  3408  3408 I SurfaceView@ac9fd46: onWindowVisibilityChanged(0) true android.view.SurfaceView{ac9fd46 V.E..V... ......I. 0,0-0,0} of ViewRootImpl@6784265[MainActivity]
10-17 13:50:44.526  3408  3408 D SurfaceView@ac9fd46: updateSurface: has no frame
10-17 13:50:44.530  3408  3408 I DecorView: notifyKeepScreenOnChanged: keepScreenOn=false
10-17 13:50:44.543  3408  3408 I CS3ExoPlayer: reloadPlayer
10-17 13:50:44.543  3408  3408 I CS3ExoPlayer: releasePlayer
10-17 13:50:44.544  3408  3408 I CS3ExoPlayer: Handle event: PlayerAttachedEvent(player=null, source=Player)
10-17 13:50:44.549  3408  3408 I ViewRootImpl@6784265[MainActivity]: performTraversals params={(0,0)(fillxfill) sim={state=always_hidden adjust=resize} ty=BASE_APPLICATION wanim=0x1030309
10-17 13:50:44.549  3408  3408 I ViewRootImpl@6784265[MainActivity]:   fl=85810100
10-17 13:50:44.549  3408  3408 I ViewRootImpl@6784265[MainActivity]:   pfl=12020040
10-17 13:50:44.549  3408  3408 I ViewRootImpl@6784265[MainActivity]:   vsysui=500
10-17 13:50:44.549  3408  3408 I ViewRootImpl@6784265[MainActivity]:   bhv=DEFAULT
10-17 13:50:44.549  3408  3408 I ViewRootImpl@6784265[MainActivity]:   fitSides= naviIconColor=0}
10-17 13:50:44.550  3408  3408 I ViewRootImpl@6784265[MainActivity]: performTraversals mFirst=false windowShouldResize=false viewVisibilityChanged=false mForceNextWindowRelayout=false params={(0,0)(fillxfill) sim={state=always_hidden adjust=resize} ty=BASE_APPLICATION fmt=TRANSLUCENT wanim=0x1030309
10-17 13:50:44.550  3408  3408 I ViewRootImpl@6784265[MainActivity]:   fl=85810100
10-17 13:50:44.550  3408  3408 I ViewRootImpl@6784265[MainActivity]:   pfl=12020040
10-17 13:50:44.550  3408  3408 I ViewRootImpl@6784265[MainActivity]:   vsysui=500
10-17 13:50:44.550  3408  3408 I ViewRootImpl@6784265[MainActivity]:   bhv=DEFAULT
10-17 13:50:44.550  3408  3408 I ViewRootImpl@6784265[MainActivity]:   fitSides= naviIconColor=0}
10-17 13:50:44.555  3408  3408 I ViewRootImpl@6784265[MainActivity]: updateBlastSurfaceIfNeeded mBlastBufferQueue=0x7b5f206d00 isSameSurfaceControl=true
10-17 13:50:44.555  3408  3408 I BLASTBufferQueue: update, w= 1080 h= 2400 mName = ViewRootImpl@6784265[MainActivity] mNativeObject= 0x7b5f206d00 sc.mNativeObject= 0x7b12d2ac60 format= -3 caller= android.view.ViewRootImpl.updateBlastSurfaceIfNeeded:2898 android.view.ViewRootImpl.relayoutWindow:9847 android.view.ViewRootImpl.performTraversals:3884 android.view.ViewRootImpl.doTraversal:3116 android.view.ViewRootImpl$TraversalRunnable.run:10885 android.view.Choreographer$CallbackRecord.run:1301 
10-17 13:50:44.556  3408  3408 I ViewRootImpl@6784265[MainActivity]: Relayout returned: old=(0,0,1080,2400) new=(0,0,1080,2400) req=(1080,2400)0 dur=5 res=0x0 s={true 0x7bdd4da800} ch=false seqId=0
10-17 13:50:44.557  3408  3408 W View    : requestLayout() improperly called by android.widget.FrameLayout{c1e3a77 I.E..V... ......I. 0,0-0,0 #7f0a04e7 app:id/start_panel} during layout: running second layout pass
10-17 13:50:44.557  3408  3408 W View    : requestLayout() improperly called by android.widget.FrameLayout{db956e4 I.E..V... ......ID 1080,0-1080,2143 #7f0a0168 app:id/end_panel} during layout: running second layout pass
10-17 13:50:44.558  3408  3408 D SurfaceView@ac9fd46: updateSurface: has no frame
10-17 13:50:44.563  3408  3487 I ViewRootImpl@6784265[MainActivity]: mWNT: t=0x7b46bdcb00 mBlastBufferQueue=0x7b5f206d00 fn= 730 caller= android.view.ViewRootImpl.lambda$applyTransactionOnDraw$11$android-view-ViewRootImpl:12865 android.view.ViewRootImpl$$ExternalSyntheticLambda1.onFrameDraw:4 android.graphics.HardwareRenderer$FrameDrawingCallback.onFrameDraw:924 
10-17 13:50:44.566  3408  3408 D SurfaceView@ac9fd46: updateSurface: has no frame
10-17 13:50:44.583  3408  3408 D SurfaceView@ac9fd46: updateSurface: has no frame
10-17 13:50:44.603  3408  3408 D SurfaceView@ac9fd46: updateSurface: has no frame
10-17 13:50:44.619  3408  3408 D SurfaceView@ac9fd46: updateSurface: has no frame
10-17 13:50:44.632  3408  3408 D SurfaceView@ac9fd46: updateSurface: has no frame
10-17 13:50:44.641  3408  3457 I RVM2    : applyMeta
10-17 13:50:44.646  3408  3408 D SurfaceView@ac9fd46: updateSurface: has no frame
10-17 13:50:44.663  3408  3408 D SurfaceView@ac9fd46: updateSurface: has no frame
10-17 13:50:44.680  3408  3408 D SurfaceView@ac9fd46: updateSurface: has no frame
10-17 13:50:44.697  3408  3408 D SurfaceView@ac9fd46: updateSurface: has no frame
10-17 13:50:44.714  3408  3408 D SurfaceView@ac9fd46: updateSurface: has no frame
10-17 13:50:44.730  3408  3408 D SurfaceView@ac9fd46: updateSurface: has no frame
10-17 13:50:44.747  3408  3408 D SurfaceView@ac9fd46: updateSurface: has no frame
10-17 13:50:44.764  3408  3408 D SurfaceView@ac9fd46: updateSurface: has no frame
10-17 13:50:44.780  3408  3408 D SurfaceView@ac9fd46: updateSurface: has no frame
10-17 13:50:44.796  3408  3408 D SurfaceView@ac9fd46: updateSurface: has no frame
10-17 13:50:44.813  3408  3408 D SurfaceView@ac9fd46: updateSurface: has no frame
10-17 13:50:44.830  3408  3408 D SurfaceView@ac9fd46: updateSurface: has no frame
10-17 13:50:44.847  3408  3408 D SurfaceView@ac9fd46: updateSurface: has no frame
10-17 13:50:44.863  3408  3408 D SurfaceView@ac9fd46: updateSurface: has no frame
10-17 13:50:44.880  3408  3408 D SurfaceView@ac9fd46: updateSurface: has no frame
10-17 13:50:44.896  3408  3408 D SurfaceView@ac9fd46: updateSurface: has no frame
10-17 13:50:44.910  3408  3408 W PanelsChildGestureRegionObserver: failed to register view with ID 2131362800. already registered
10-17 13:50:44.913  3408  3408 E CoilImgLoader: Error loading image: coil3.request.NullRequestDataException: The request's data is null.
10-17 13:50:44.918  3408  3408 E CoilImgLoader: Error loading image: coil3.request.NullRequestDataException: The request's data is null.
10-17 13:50:44.974  3408  3455 I SYNCVM  : addFromUrl = https://asiatv.one/drama/tempest-%d9%85%d8%b3%d9%84%d8%b3%d9%84-%d8%a7%d9%84%d8%b9%d8%a7%d8%b5%d9%81%d8%a9-%d8%aa%d9%82%d8%b1%d9%8a%d8%b1-%d8%ad%d9%84%d9%82%d8%a7%d8%aa-%d9%85%d8%aa%d8%b1%d8%ac%d9%85%d8%a9/
10-17 13:50:44.974  3408  3455 I SYNCUTIL: getIdsFromUrl https://asiatv.one/drama/tempest-%d9%85%d8%b3%d9%84%d8%b3%d9%84-%d8%a7%d9%84%d8%b9%d8%a7%d8%b5%d9%81%d8%a9-%d8%aa%d9%82%d8%b1%d9%8a%d8%b1-%d8%ad%d9%84%d9%82%d8%a7%d8%aa-%d9%85%d8%aa%d8%b1%d8%ac%d9%85%d8%a9/
10-17 13:50:45.105  3408  3408 D SurfaceView@ac9fd46: updateSurface: has no frame
10-17 13:50:45.108  3408  3408 I SurfaceView@ac9fd46: Changes: creating=true format=true size=true visible=true alpha=false hint=false mUseAlpha=false visible=true left=true top=true
10-17 13:50:45.110  3408  3408 I BLASTBufferQueue: update, w= 1080 h= 525 mName = null mNativeObject= 0x7b5f1b1000 sc.mNativeObject= 0x7ad91a4280 format= 4 caller= android.view.SurfaceView.createBlastSurfaceControls:1383 android.view.SurfaceView.updateSurface:1079 android.view.SurfaceView.lambda$new$0$android-view-SurfaceView:200 android.view.SurfaceView$$ExternalSyntheticLambda5.onPreDraw:2 android.view.ViewTreeObserver.dispatchOnPreDraw:1121 android.view.ViewRootImpl.performTraversals:4442 
10-17 13:50:45.111  3408  3408 I SurfaceView@ac9fd46: 181009734 Cur surface: Surface(name=null)/@0xfbf9158
10-17 13:50:45.111  3408  3408 I SurfaceView@ac9fd46: pST: sr = Rect(0, 218 - 1080, 743) sw = 1080 sh = 525
10-17 13:50:45.111  3408  3408 D SurfaceView@ac9fd46: performSurfaceTransaction RenderWorker position = [0, 218, 1080, 743] surfaceSize = 1080x525
10-17 13:50:45.111  3408  3408 I SurfaceView@ac9fd46: applyTransactionOnVriDraw: vri = ViewRootImpl@6784265[MainActivity] fRS = false t = 0x7b12a80800 android.view.SurfaceView.performSurfaceTransaction:959 android.view.SurfaceView.updateSurface:1105 android.view.SurfaceView.lambda$new$0$android-view-SurfaceView:200 
10-17 13:50:45.111  3408  3408 I ViewRootImpl@6784265[MainActivity]: applyTransactionOnDraw: mRemoved = false isHardwareEnabled = true t = 0x7b12a80800android.view.SurfaceView.applyTransactionOnVriDraw:2048 android.view.SurfaceView.performSurfaceTransaction:959 android.view.SurfaceView.updateSurface:1105 android.view.SurfaceView.lambda$new$0$android-view-SurfaceView:200 android.view.SurfaceView$$ExternalSyntheticLambda5.onPreDraw:2 
10-17 13:50:45.111  3408  3408 I SurfaceView@ac9fd46: updateSurface: mVisible = true mSurface.isValid() = true
10-17 13:50:45.111  3408  3408 I SurfaceView@ac9fd46: updateSurface: mSurfaceCreated = false surfaceChanged = true visibleChanged = true
10-17 13:50:45.111  3408  3408 I SurfaceView@ac9fd46: visibleChanged -- surfaceCreated
10-17 13:50:45.111  3408  3408 I SurfaceView@ac9fd46: surfaceCreated 0 #8 android.view.SurfaceView{ac9fd46 V.E..V... ......ID 0,0-1080,525}
10-17 13:50:45.111  3408  3408 I SurfaceView@ac9fd46: surfaceChanged -- format=4 w=1080 h=525
10-17 13:50:45.111  3408  3408 I SurfaceView@ac9fd46: surfaceChanged (1080,525) 0 #8 android.view.SurfaceView{ac9fd46 V.E..V... ......ID 0,0-1080,525}
10-17 13:50:45.111  3408  3408 I SurfaceView@ac9fd46: surfaceRedrawNeeded
10-17 13:50:45.112  3408  3408 V SurfaceView@ac9fd46: Layout: x=0 y=218 w=1080 h=525, frame=Rect(0, 0 - 1080, 525)
10-17 13:50:45.131  3408  3486 D SurfaceView@ac9fd46: updateSurfacePosition RenderWorker, frameNr = 751, position = [0, 218, 1080, 743] surfaceSize = 1080x525
10-17 13:50:45.131  3408  3486 I SurfaceView@ac9fd46: uSP: rtp = Rect(0, 218 - 1080, 743) rtsw = 1080 rtsh = 525
10-17 13:50:45.131  3408  3486 I SurfaceView@ac9fd46: onSSPAndSRT: pl = 0 pt = 218 sx = 1.0 sy = 1.0
10-17 13:50:45.133  3408  3486 I SurfaceView@ac9fd46: aOrMT: ViewRootImpl@6784265[MainActivity] t = android.view.SurfaceControl$Transaction@d9dc60f fN = 751 android.view.SurfaceView.-$$Nest$mapplyOrMergeTransaction:0 android.view.SurfaceView$SurfaceViewPositionUpdateListener.positionChanged:1537 android.graphics.RenderNode$CompositePositionUpdateListener.positionChanged:373 
10-17 13:50:45.134  3408  3486 I ViewRootImpl@6784265[MainActivity]: mWNT: t=0x7b12a80900 mBlastBufferQueue=0x7b5f206d00 fn= 751 caller= android.view.SurfaceView.applyOrMergeTransaction:1455 android.view.SurfaceView.-$$Nest$mapplyOrMergeTransaction:0 android.view.SurfaceView$SurfaceViewPositionUpdateListener.positionChanged:1537 
10-17 13:50:45.134  3408  3486 I ViewRootImpl@6784265[MainActivity]: mWNT: t=0x7b12a80800 mBlastBufferQueue=0x7b5f206d00 fn= 751 caller= android.view.ViewRootImpl.lambda$applyTransactionOnDraw$11$android-view-ViewRootImpl:12865 android.view.ViewRootImpl$$ExternalSyntheticLambda1.onFrameDraw:4 android.graphics.HardwareRenderer$FrameDrawingCallback.onFrameDraw:924 
10-17 13:50:45.170  3408  3408 I SurfaceView@ac9fd46: finishedDrawing
10-17 13:50:47.172  3408  3408 I ViewRootImpl@6784265[MainActivity]: ViewPostIme pointer 0
10-17 13:50:47.240  3408  3408 I SurfaceView@ac9fd46: Changes: creating=false format=false size=false visible=false alpha=false hint=false mUseAlpha=false visible=false left=false top=true
10-17 13:50:47.241  3408  3408 I SurfaceView@ac9fd46: 181009734 Cur surface: Surface(name=null)/@0xfbf9158
10-17 13:50:47.241  3408  3408 I SurfaceView@ac9fd46: applyTransactionOnVriDraw: vri = ViewRootImpl@6784265[MainActivity] fRS = false t = 0x7b12a80d00 android.view.SurfaceView.performSurfaceTransaction:959 android.view.SurfaceView.updateSurface:1105 android.view.SurfaceView.lambda$new$0$android-view-SurfaceView:200 
10-17 13:50:47.242  3408  3408 I ViewRootImpl@6784265[MainActivity]: applyTransactionOnDraw: mRemoved = false isHardwareEnabled = true t = 0x7b12a80d00android.view.SurfaceView.applyTransactionOnVriDraw:2048 android.view.SurfaceView.performSurfaceTransaction:959 android.view.SurfaceView.updateSurface:1105 android.view.SurfaceView.lambda$new$0$android-view-SurfaceView:200 android.view.SurfaceView$$ExternalSyntheticLambda5.onPreDraw:2 
10-17 13:50:47.242  3408  3408 I SurfaceView@ac9fd46: updateSurface: mVisible = true mSurface.isValid() = true
10-17 13:50:47.242  3408  3408 I SurfaceView@ac9fd46: updateSurface: mSurfaceCreated = true surfaceChanged = false visibleChanged = false
10-17 13:50:47.242  3408  3408 V SurfaceView@ac9fd46: Layout: x=0 y=211 w=1080 h=525, frame=Rect(0, 0 - 1080, 525)
10-17 13:50:47.248  3408  3487 D SurfaceView@ac9fd46: updateSurfacePosition RenderWorker, frameNr = 791, position = [0, 211, 1080, 736] surfaceSize = 1080x525
10-17 13:50:47.250  3408  3487 I SurfaceView@ac9fd46: uSP: rtp = Rect(0, 211 - 1080, 736) rtsw = 1080 rtsh = 525
10-17 13:50:47.250  3408  3487 I SurfaceView@ac9fd46: onSSPAndSRT: pl = 0 pt = 211 sx = 1.0 sy = 1.0
10-17 13:50:47.250  3408  3487 I SurfaceView@ac9fd46: aOrMT: ViewRootImpl@6784265[MainActivity] t = android.view.SurfaceControl$Transaction@d9dc60f fN = 791 android.view.SurfaceView.-$$Nest$mapplyOrMergeTransaction:0 android.view.SurfaceView$SurfaceViewPositionUpdateListener.positionChanged:1537 android.graphics.RenderNode$CompositePositionUpdateListener.positionChanged:373 
10-17 13:50:47.251  3408  3487 I ViewRootImpl@6784265[MainActivity]: mWNT: t=0x7b12a80900 mBlastBufferQueue=0x7b5f206d00 fn= 791 caller= android.view.SurfaceView.applyOrMergeTransaction:1455 android.view.SurfaceView.-$$Nest$mapplyOrMergeTransaction:0 android.view.SurfaceView$SurfaceViewPositionUpdateListener.positionChanged:1537 
10-17 13:50:47.252  3408  3486 I ViewRootImpl@6784265[MainActivity]: mWNT: t=0x7b12a80d00 mBlastBufferQueue=0x7b5f206d00 fn= 791 caller= android.view.ViewRootImpl.lambda$applyTransactionOnDraw$11$android-view-ViewRootImpl:12865 android.view.ViewRootImpl$$ExternalSyntheticLambda1.onFrameDraw:4 android.graphics.HardwareRenderer$FrameDrawingCallback.onFrameDraw:924 
10-17 13:50:47.252  3408  3408 I SurfaceView@ac9fd46: Changes: creating=false format=false size=false visible=false alpha=false hint=false mUseAlpha=false visible=false left=false top=true
10-17 13:50:47.253  3408  3408 I SurfaceView@ac9fd46: 181009734 Cur surface: Surface(name=null)/@0xfbf9158
10-17 13:50:47.253  3408  3408 I SurfaceView@ac9fd46: applyTransactionOnVriDraw: vri = ViewRootImpl@6784265[MainActivity] fRS = false t = 0x7ad91fd600 android.view.SurfaceView.performSurfaceTransaction:959 android.view.SurfaceView.updateSurface:1105 android.view.SurfaceView.lambda$new$0$android-view-SurfaceView:200 
10-17 13:50:47.254  3408  3408 I ViewRootImpl@6784265[MainActivity]: applyTransactionOnDraw: mRemoved = false isHardwareEnabled = true t = 0x7ad91fd600android.view.SurfaceView.applyTransactionOnVriDraw:2048 android.view.SurfaceView.performSurfaceTransaction:959 android.view.SurfaceView.updateSurface:1105 android.view.SurfaceView.lambda$new$0$android-view-SurfaceView:200 android.view.SurfaceView$$ExternalSyntheticLambda5.onPreDraw:2 
10-17 13:50:47.254  3408  3408 I SurfaceView@ac9fd46: updateSurface: mVisible = true mSurface.isValid() = true
10-17 13:50:47.254  3408  3408 I SurfaceView@ac9fd46: updateSurface: mSurfaceCreated = true surfaceChanged = false visibleChanged = false
10-17 13:50:47.254  3408  3408 V SurfaceView@ac9fd46: Layout: x=0 y=194 w=1080 h=525, frame=Rect(0, 0 - 1080, 525)
10-17 13:50:47.276  3408  3487 D SurfaceView@ac9fd46: updateSurfacePosition RenderWorker, frameNr = 792, position = [0, 194, 1080, 719] surfaceSize = 1080x525
10-17 13:50:47.277  3408  3487 I SurfaceView@ac9fd46: uSP: rtp = Rect(0, 194 - 1080, 719) rtsw = 1080 rtsh = 525
10-17 13:50:47.277  3408  3487 I SurfaceView@ac9fd46: onSSPAndSRT: pl = 0 pt = 194 sx = 1.0 sy = 1.0
10-17 13:50:47.277  3408  3487 I SurfaceView@ac9fd46: aOrMT: ViewRootImpl@6784265[MainActivity] t = android.view.SurfaceControl$Transaction@d9dc60f fN = 792 android.view.SurfaceView.-$$Nest$mapplyOrMergeTransaction:0 android.view.SurfaceView$SurfaceViewPositionUpdateListener.positionChanged:1537 android.graphics.RenderNode$CompositePositionUpdateListener.positionChanged:373 
10-17 13:50:47.277  3408  3487 I ViewRootImpl@6784265[MainActivity]: mWNT: t=0x7b12a80900 mBlastBufferQueue=0x7b5f206d00 fn= 792 caller= android.view.SurfaceView.applyOrMergeTransaction:1455 android.view.SurfaceView.-$$Nest$mapplyOrMergeTransaction:0 android.view.SurfaceView$SurfaceViewPositionUpdateListener.positionChanged:1537 
10-17 13:50:47.278  3408  3487 I ViewRootImpl@6784265[MainActivity]: mWNT: t=0x7ad91fd600 mBlastBufferQueue=0x7b5f206d00 fn= 792 caller= android.view.ViewRootImpl.lambda$applyTransactionOnDraw$11$android-view-ViewRootImpl:12865 android.view.ViewRootImpl$$ExternalSyntheticLambda1.onFrameDraw:4 android.graphics.HardwareRenderer$FrameDrawingCallback.onFrameDraw:924 
10-17 13:50:47.282  3408  3408 I SurfaceView@ac9fd46: Changes: creating=false format=false size=false visible=false alpha=false hint=false mUseAlpha=false visible=false left=false top=true
10-17 13:50:47.283  3408  3408 I SurfaceView@ac9fd46: 181009734 Cur surface: Surface(name=null)/@0xfbf9158
10-17 13:50:47.283  3408  3408 I SurfaceView@ac9fd46: applyTransactionOnVriDraw: vri = ViewRootImpl@6784265[MainActivity] fRS = false t = 0x7ad91fd800 android.view.SurfaceView.performSurfaceTransaction:959 android.view.SurfaceView.updateSurface:1105 android.view.SurfaceView.lambda$new$0$android-view-SurfaceView:200 
10-17 13:50:47.283  3408  3408 I ViewRootImpl@6784265[MainActivity]: applyTransactionOnDraw: mRemoved = false isHardwareEnabled = true t = 0x7ad91fd800android.view.SurfaceView.applyTransactionOnVriDraw:2048 android.view.SurfaceView.performSurfaceTransaction:959 android.view.SurfaceView.updateSurface:1105 android.view.SurfaceView.lambda$new$0$android-view-SurfaceView:200 android.view.SurfaceView$$ExternalSyntheticLambda5.onPreDraw:2 
10-17 13:50:47.283  3408  3408 I SurfaceView@ac9fd46: updateSurface: mVisible = true mSurface.isValid() = true
10-17 13:50:47.283  3408  3408 I SurfaceView@ac9fd46: updateSurface: mSurfaceCreated = true surfaceChanged = false visibleChanged = false
10-17 13:50:47.283  3408  3408 V SurfaceView@ac9fd46: Layout: x=0 y=154 w=1080 h=525, frame=Rect(0, 0 - 1080, 525)
10-17 13:50:47.286  3408  3486 D SurfaceView@ac9fd46: updateSurfacePosition RenderWorker, frameNr = 793, position = [0, 154, 1080, 679] surfaceSize = 1080x525
10-17 13:50:47.287  3408  3486 I SurfaceView@ac9fd46: uSP: rtp = Rect(0, 154 - 1080, 679) rtsw = 1080 rtsh = 525
10-17 13:50:47.287  3408  3486 I SurfaceView@ac9fd46: onSSPAndSRT: pl = 0 pt = 154 sx = 1.0 sy = 1.0
10-17 13:50:47.287  3408  3486 I SurfaceView@ac9fd46: aOrMT: ViewRootImpl@6784265[MainActivity] t = android.view.SurfaceControl$Transaction@d9dc60f fN = 793 android.view.SurfaceView.-$$Nest$mapplyOrMergeTransaction:0 android.view.SurfaceView$SurfaceViewPositionUpdateListener.positionChanged:1537 android.graphics.RenderNode$CompositePositionUpdateListener.positionChanged:373 
10-17 13:50:47.288  3408  3486 I ViewRootImpl@6784265[MainActivity]: mWNT: t=0x7b12a80900 mBlastBufferQueue=0x7b5f206d00 fn= 793 caller= android.view.SurfaceView.applyOrMergeTransaction:1455 android.view.SurfaceView.-$$Nest$mapplyOrMergeTransaction:0 android.view.SurfaceView$SurfaceViewPositionUpdateListener.positionChanged:1537 
10-17 13:50:47.288  3408  3486 I ViewRootImpl@6784265[MainActivity]: mWNT: t=0x7ad91fd800 mBlastBufferQueue=0x7b5f206d00 fn= 793 caller= android.view.ViewRootImpl.lambda$applyTransactionOnDraw$11$android-view-ViewRootImpl:12865 android.view.ViewRootImpl$$ExternalSyntheticLambda1.onFrameDraw:4 android.graphics.HardwareRenderer$FrameDrawingCallback.onFrameDraw:924 
10-17 13:50:47.297  3408  3408 I SurfaceView@ac9fd46: Changes: creating=false format=false size=false visible=false alpha=false hint=false mUseAlpha=false visible=false left=false top=true
10-17 13:50:47.297  3408  3408 I SurfaceView@ac9fd46: 181009734 Cur surface: Surface(name=null)/@0xfbf9158
10-17 13:50:47.297  3408  3408 I SurfaceView@ac9fd46: applyTransactionOnVriDraw: vri = ViewRootImpl@6784265[MainActivity] fRS = false t = 0x7ad91fd900 android.view.SurfaceView.performSurfaceTransaction:959 android.view.SurfaceView.updateSurface:1105 android.view.SurfaceView.lambda$new$0$android-view-SurfaceView:200 
10-17 13:50:47.297  3408  3408 I ViewRootImpl@6784265[MainActivity]: applyTransactionOnDraw: mRemoved = false isHardwareEnabled = true t = 0x7ad91fd900android.view.SurfaceView.applyTransactionOnVriDraw:2048 android.view.SurfaceView.performSurfaceTransaction:959 android.view.SurfaceView.updateSurface:1105 android.view.SurfaceView.lambda$new$0$android-view-SurfaceView:200 android.view.SurfaceView$$ExternalSyntheticLambda5.onPreDraw:2 
10-17 13:50:47.297  3408  3408 I SurfaceView@ac9fd46: updateSurface: mVisible = true mSurface.isValid() = true
10-17 13:50:47.297  3408  3408 I SurfaceView@ac9fd46: updateSurface: mSurfaceCreated = true surfaceChanged = false visibleChanged = false
10-17 13:50:47.297  3408  3408 V SurfaceView@ac9fd46: Layout: x=0 y=132 w=1080 h=525, frame=Rect(0, 0 - 1080, 525)
10-17 13:50:47.300  3408  3487 D SurfaceView@ac9fd46: updateSurfacePosition RenderWorker, frameNr = 794, position = [0, 132, 1080, 657] surfaceSize = 1080x525
10-17 13:50:47.300  3408  3487 I SurfaceView@ac9fd46: uSP: rtp = Rect(0, 132 - 1080, 657) rtsw = 1080 rtsh = 525
10-17 13:50:47.300  3408  3487 I SurfaceView@ac9fd46: onSSPAndSRT: pl = 0 pt = 132 sx = 1.0 sy = 1.0
10-17 13:50:47.301  3408  3487 I SurfaceView@ac9fd46: aOrMT: ViewRootImpl@6784265[MainActivity] t = android.view.SurfaceControl$Transaction@d9dc60f fN = 794 android.view.SurfaceView.-$$Nest$mapplyOrMergeTransaction:0 android.view.SurfaceView$SurfaceViewPositionUpdateListener.positionChanged:1537 android.graphics.RenderNode$CompositePositionUpdateListener.positionChanged:373 
10-17 13:50:47.301  3408  3487 I ViewRootImpl@6784265[MainActivity]: mWNT: t=0x7b12a80900 mBlastBufferQueue=0x7b5f206d00 fn= 794 caller= android.view.SurfaceView.applyOrMergeTransaction:1455 android.view.SurfaceView.-$$Nest$mapplyOrMergeTransaction:0 android.view.SurfaceView$SurfaceViewPositionUpdateListener.positionChanged:1537 
10-17 13:50:47.302  3408  3487 I ViewRootImpl@6784265[MainActivity]: mWNT: t=0x7ad91fd900 mBlastBufferQueue=0x7b5f206d00 fn= 794 caller= android.view.ViewRootImpl.lambda$applyTransactionOnDraw$11$android-view-ViewRootImpl:12865 android.view.ViewRootImpl$$ExternalSyntheticLambda1.onFrameDraw:4 android.graphics.HardwareRenderer$FrameDrawingCallback.onFrameDraw:924 
10-17 13:50:47.313  3408  3408 I SurfaceView@ac9fd46: Changes: creating=false format=false size=false visible=false alpha=false hint=false mUseAlpha=false visible=false left=false top=true
10-17 13:50:47.313  3408  3408 I SurfaceView@ac9fd46: 181009734 Cur surface: Surface(name=null)/@0xfbf9158
10-17 13:50:47.313  3408  3408 I SurfaceView@ac9fd46: applyTransactionOnVriDraw: vri = ViewRootImpl@6784265[MainActivity] fRS = false t = 0x7b30ffcc00 android.view.SurfaceView.performSurfaceTransaction:959 android.view.SurfaceView.updateSurface:1105 android.view.SurfaceView.lambda$new$0$android-view-SurfaceView:200 
10-17 13:50:47.314  3408  3408 I ViewRootImpl@6784265[MainActivity]: applyTransactionOnDraw: mRemoved = false isHardwareEnabled = true t = 0x7b30ffcc00android.view.SurfaceView.applyTransactionOnVriDraw:2048 android.view.SurfaceView.performSurfaceTransaction:959 android.view.SurfaceView.updateSurface:1105 android.view.SurfaceView.lambda$new$0$android-view-SurfaceView:200 android.view.SurfaceView$$ExternalSyntheticLambda5.onPreDraw:2 
10-17 13:50:47.314  3408  3408 I SurfaceView@ac9fd46: updateSurface: mVisible = true mSurface.isValid() = true
10-17 13:50:47.314  3408  3408 I SurfaceView@ac9fd46: updateSurface: mSurfaceCreated = true surfaceChanged = false visibleChanged = false
10-17 13:50:47.314  3408  3408 V SurfaceView@ac9fd46: Layout: x=0 y=105 w=1080 h=525, frame=Rect(0, 0 - 1080, 525)
10-17 13:50:47.317  3408  3486 D SurfaceView@ac9fd46: updateSurfacePosition RenderWorker, frameNr = 795, position = [0, 105, 1080, 630] surfaceSize = 1080x525
10-17 13:50:47.317  3408  3486 I SurfaceView@ac9fd46: uSP: rtp = Rect(0, 105 - 1080, 630) rtsw = 1080 rtsh = 525
10-17 13:50:47.317  3408  3486 I SurfaceView@ac9fd46: onSSPAndSRT: pl = 0 pt = 105 sx = 1.0 sy = 1.0
10-17 13:50:47.317  3408  3486 I SurfaceView@ac9fd46: aOrMT: ViewRootImpl@6784265[MainActivity] t = android.view.SurfaceControl$Transaction@d9dc60f fN = 795 android.view.SurfaceView.-$$Nest$mapplyOrMergeTransaction:0 android.view.SurfaceView$SurfaceViewPositionUpdateListener.positionChanged:1537 android.graphics.RenderNode$CompositePositionUpdateListener.positionChanged:373 
10-17 13:50:47.318  3408  3486 I ViewRootImpl@6784265[MainActivity]: mWNT: t=0x7b12a80900 mBlastBufferQueue=0x7b5f206d00 fn= 795 caller= android.view.SurfaceView.applyOrMergeTransaction:1455 android.view.SurfaceView.-$$Nest$mapplyOrMergeTransaction:0 android.view.SurfaceView$SurfaceViewPositionUpdateListener.positionChanged:1537 
10-17 13:50:47.318  3408  3486 I ViewRootImpl@6784265[MainActivity]: mWNT: t=0x7b30ffcc00 mBlastBufferQueue=0x7b5f206d00 fn= 795 caller= android.view.ViewRootImpl.lambda$applyTransactionOnDraw$11$android-view-ViewRootImpl:12865 android.view.ViewRootImpl$$ExternalSyntheticLambda1.onFrameDraw:4 android.graphics.HardwareRenderer$FrameDrawingCallback.onFrameDraw:924 
10-17 13:50:47.330  3408  3408 I SurfaceView@ac9fd46: Changes: creating=false format=false size=false visible=false alpha=false hint=false mUseAlpha=false visible=false left=false top=true
10-17 13:50:47.330  3408  3408 I SurfaceView@ac9fd46: 181009734 Cur surface: Surface(name=null)/@0xfbf9158
10-17 13:50:47.330  3408  3408 I SurfaceView@ac9fd46: applyTransactionOnVriDraw: vri = ViewRootImpl@6784265[MainActivity] fRS = false t = 0x7ad91fda00 android.view.SurfaceView.performSurfaceTransaction:959 android.view.SurfaceView.updateSurface:1105 android.view.SurfaceView.lambda$new$0$android-view-SurfaceView:200 
10-17 13:50:47.330  3408  3408 I ViewRootImpl@6784265[MainActivity]: applyTransactionOnDraw: mRemoved = false isHardwareEnabled = true t = 0x7ad91fda00android.view.SurfaceView.applyTransactionOnVriDraw:2048 android.view.SurfaceView.performSurfaceTransaction:959 android.view.SurfaceView.updateSurface:1105 android.view.SurfaceView.lambda$new$0$android-view-SurfaceView:200 android.view.SurfaceView$$ExternalSyntheticLambda5.onPreDraw:2 
10-17 13:50:47.330  3408  3408 I SurfaceView@ac9fd46: updateSurface: mVisible = true mSurface.isValid() = true
10-17 13:50:47.330  3408  3408 I SurfaceView@ac9fd46: updateSurface: mSurfaceCreated = true surfaceChanged = false visibleChanged = false
10-17 13:50:47.330  3408  3408 V SurfaceView@ac9fd46: Layout: x=0 y=80 w=1080 h=525, frame=Rect(0, 0 - 1080, 525)
10-17 13:50:47.333  3408  3487 D SurfaceView@ac9fd46: updateSurfacePosition RenderWorker, frameNr = 796, position = [0, 80, 1080, 605] surfaceSize = 1080x525
10-17 13:50:47.333  3408  3487 I SurfaceView@ac9fd46: uSP: rtp = Rect(0, 80 - 1080, 605) rtsw = 1080 rtsh = 525
10-17 13:50:47.333  3408  3487 I SurfaceView@ac9fd46: onSSPAndSRT: pl = 0 pt = 80 sx = 1.0 sy = 1.0
10-17 13:50:47.333  3408  3487 I SurfaceView@ac9fd46: aOrMT: ViewRootImpl@6784265[MainActivity] t = android.view.SurfaceControl$Transaction@d9dc60f fN = 796 android.view.SurfaceView.-$$Nest$mapplyOrMergeTransaction:0 android.view.SurfaceView$SurfaceViewPositionUpdateListener.positionChanged:1537 android.graphics.RenderNode$CompositePositionUpdateListener.positionChanged:373 
10-17 13:50:47.334  3408  3487 I ViewRootImpl@6784265[MainActivity]: mWNT: t=0x7b12a80900 mBlastBufferQueue=0x7b5f206d00 fn= 796 caller= android.view.SurfaceView.applyOrMergeTransaction:1455 android.view.SurfaceView.-$$Nest$mapplyOrMergeTransaction:0 android.view.SurfaceView$SurfaceViewPositionUpdateListener.positionChanged:1537 
10-17 13:50:47.334  3408  3487 I ViewRootImpl@6784265[MainActivity]: mWNT: t=0x7ad91fda00 mBlastBufferQueue=0x7b5f206d00 fn= 796 caller= android.view.ViewRootImpl.lambda$applyTransactionOnDraw$11$android-view-ViewRootImpl:12865 android.view.ViewRootImpl$$ExternalSyntheticLambda1.onFrameDraw:4 android.graphics.HardwareRenderer$FrameDrawingCallback.onFrameDraw:924 
10-17 13:50:47.349  3408  3408 I SurfaceView@ac9fd46: Changes: creating=false format=false size=false visible=false alpha=false hint=false mUseAlpha=false visible=false left=false top=true
10-17 13:50:47.349  3408  3408 I SurfaceView@ac9fd46: 181009734 Cur surface: Surface(name=null)/@0xfbf9158
10-17 13:50:47.350  3408  3408 I SurfaceView@ac9fd46: applyTransactionOnVriDraw: vri = ViewRootImpl@6784265[MainActivity] fRS = false t = 0x7ad91fdb00 android.view.SurfaceView.performSurfaceTransaction:959 android.view.SurfaceView.updateSurface:1105 android.view.SurfaceView.lambda$new$0$android-view-SurfaceView:200 
10-17 13:50:47.350  3408  3408 I ViewRootImpl@6784265[MainActivity]: applyTransactionOnDraw: mRemoved = false isHardwareEnabled = true t = 0x7ad91fdb00android.view.SurfaceView.applyTransactionOnVriDraw:2048 android.view.SurfaceView.performSurfaceTransaction:959 android.view.SurfaceView.updateSurface:1105 android.view.SurfaceView.lambda$new$0$android-view-SurfaceView:200 android.view.SurfaceView$$ExternalSyntheticLambda5.onPreDraw:2 
10-17 13:50:47.350  3408  3408 I SurfaceView@ac9fd46: updateSurface: mVisible = true mSurface.isValid() = true
10-17 13:50:47.350  3408  3408 I SurfaceView@ac9fd46: updateSurface: mSurfaceCreated = true surfaceChanged = false visibleChanged = false
10-17 13:50:47.350  3408  3408 V SurfaceView@ac9fd46: Layout: x=0 y=58 w=1080 h=525, frame=Rect(0, 0 - 1080, 525)
10-17 13:50:47.353  3408  3486 D SurfaceView@ac9fd46: updateSurfacePosition RenderWorker, frameNr = 797, position = [0, 58, 1080, 583] surfaceSize = 1080x525
10-17 13:50:47.353  3408  3486 I SurfaceView@ac9fd46: uSP: rtp = Rect(0, 58 - 1080, 583) rtsw = 1080 rtsh = 525
