10-17 13:36:04.078   506   506 I SurfaceView@86d7559: releaseSurfaces: viewRoot = ViewRootImpl@6dcaa2e[MainActivity]
10-17 13:36:04.078   506   506 I SurfaceView@86d7559: applyTransactionOnVriDraw: vri = ViewRootImpl@6dcaa2e[MainActivity] fRS = true t = 0x7b0d5b6000 android.view.SurfaceView.releaseSurfaces:858 android.view.SurfaceView.updateSurface:998 android.view.SurfaceView.setWindowStopped:335 
10-17 13:36:04.078   506   506 I SurfaceView@86d7559: applyTransactionOnVriDraw: viewRoot.applyTransactionOnDrawFromReleaseSurfaces
10-17 13:36:04.078   506   506 I ViewRootImpl@6dcaa2e[MainActivity]: from releaseSurfaces t.apply t = 0x7b0d5b6000
10-17 13:36:04.079   506   506 D SurfaceView@86d7559: updateSurface: surface is not valid
10-17 13:36:04.079   506   506 I SurfaceView@86d7559: releaseSurfaces: viewRoot = ViewRootImpl@6dcaa2e[MainActivity]
10-17 13:36:04.080   506   506 I SurfaceView@86d7559: applyTransactionOnVriDraw: vri = ViewRootImpl@6dcaa2e[MainActivity] fRS = true t = 0x7b2b3c0800 android.view.SurfaceView.releaseSurfaces:858 android.view.SurfaceView.updateSurface:998 android.view.SurfaceView.lambda$new$0$android-view-SurfaceView:200 
10-17 13:36:04.080   506   506 I SurfaceView@86d7559: applyTransactionOnVriDraw: viewRoot.applyTransactionOnDrawFromReleaseSurfaces
10-17 13:36:04.080   506   506 I ViewRootImpl@6dcaa2e[MainActivity]: from releaseSurfaces t.apply t = 0x7b2b3c0800
10-17 13:36:04.082   506   506 D InputTransport: Input channel destroyed: 'ClientS', fd=145
10-17 13:36:04.108   506   506 I ViewRootImpl@762ea63[MainActivity]: stopped(true) old = false
10-17 13:36:04.108   506   506 I ViewRootImpl@762ea63[MainActivity]: WindowStopped on com.lagradost.cloudstream3/com.lagradost.cloudstream3.MainActivity set to true
10-17 13:36:04.111   506   506 I ViewRootImpl@6dcaa2e[MainActivity]: stopped(true) old = false
10-17 13:36:04.111   506   506 I ViewRootImpl@6dcaa2e[MainActivity]: WindowStopped on com.lagradost.cloudstream3/com.lagradost.cloudstream3.MainActivity set to true
10-17 13:36:04.134   506   506 I AppVisibilityProxy: onAppEnteredBackground
10-17 13:36:04.149   506   506 I CS3ExoPlayer: onStop
10-17 13:36:04.149   506   506 I CS3ExoPlayer: saveData
10-17 13:36:04.150   506   506 I CS3ExoPlayer: handleEvent Pause
10-17 13:36:04.178   506   506 I MSHandlerLifeCycle: removeMultiSplitHandler: no exist. decor=DecorView@cb21114[MainActivity]
10-17 13:36:04.181   506   506 I ViewRootImpl@6dcaa2e[MainActivity]: performTraversals mFirst=false windowShouldResize=false viewVisibilityChanged=false mForceNextWindowRelayout=false params={(0,0)(fillxfill) sim={state=always_hidden adjust=pan} ty=BASE_APPLICATION fmt=TRANSLUCENT wanim=0x1030309
10-17 13:36:04.181   506   506 I ViewRootImpl@6dcaa2e[MainActivity]:   fl=85810100
10-17 13:36:04.181   506   506 I ViewRootImpl@6dcaa2e[MainActivity]:   pfl=12020040
10-17 13:36:04.181   506   506 I ViewRootImpl@6dcaa2e[MainActivity]:   vsysui=500
10-17 13:36:04.181   506   506 I ViewRootImpl@6dcaa2e[MainActivity]:   bhv=DEFAULT
10-17 13:36:04.181   506   506 I ViewRootImpl@6dcaa2e[MainActivity]:   fitSides= naviIconColor=0}
10-17 13:36:04.190   506   506 I ViewRootImpl@6dcaa2e[MainActivity]: Relayout returned: old=(0,0,1080,2400) new=(0,0,1080,2400) req=(1080,2400)8 dur=8 res=0x2 s={false 0x0} ch=false seqId=0
10-17 13:36:04.190   506   506 D SurfaceView@86d7559: updateSurface: surface is not valid
10-17 13:36:04.190   506   506 I SurfaceView@86d7559: releaseSurfaces: viewRoot = ViewRootImpl@6dcaa2e[MainActivity]
10-17 13:36:04.191   506   506 I SurfaceView@86d7559: applyTransactionOnVriDraw: vri = ViewRootImpl@6dcaa2e[MainActivity] fRS = true t = 0x7b0d5b6400 android.view.SurfaceView.releaseSurfaces:858 android.view.SurfaceView.updateSurface:998 android.view.SurfaceView.lambda$new$0$android-view-SurfaceView:200 
10-17 13:36:04.191   506   506 I SurfaceView@86d7559: applyTransactionOnVriDraw: viewRoot.applyTransactionOnDrawFromReleaseSurfaces
10-17 13:36:04.191   506   506 I ViewRootImpl@6dcaa2e[MainActivity]: from releaseSurfaces t.apply t = 0x7b0d5b6400
10-17 13:36:04.214   506   506 W MediaRouter: Ignoring invalid provider descriptor: null
10-17 13:36:04.512   506   529 D OpenGLRenderer: setSurface called with nullptr
10-17 13:36:04.518   506   529 D OpenGLRenderer: setSurface called with nullptr
10-17 13:36:04.519   506   512 D InputTransport: Input channel destroyed: 'ClientS', fd=195
10-17 13:36:04.519   506   512 D InputTransport: Input channel destroyed: 'ClientS', fd=113
10-17 13:36:06.994   506   506 I ViewRootImpl@762ea63[MainActivity]: handleAppVisibility mAppVisible = false visible = true
10-17 13:36:06.995   506   506 I ViewRootImpl@6dcaa2e[MainActivity]: handleAppVisibility mAppVisible = false visible = true
10-17 13:36:07.003   506   506 I ViewRootImpl@762ea63[MainActivity]: stopped(false) old = true
10-17 13:36:07.003   506   506 I ViewRootImpl@762ea63[MainActivity]: WindowStopped on com.lagradost.cloudstream3/com.lagradost.cloudstream3.MainActivity set to false
10-17 13:36:07.003   506   506 I ViewRootImpl@6dcaa2e[MainActivity]: stopped(false) old = true
10-17 13:36:07.003   506   506 I ViewRootImpl@6dcaa2e[MainActivity]: WindowStopped on com.lagradost.cloudstream3/com.lagradost.cloudstream3.MainActivity set to false
10-17 13:36:07.026   506   506 I MSHandlerLifeCycle: removeMultiSplitHandler: no exist. decor=DecorView@cb21114[MainActivity]
10-17 13:36:07.027   506   506 I ViewRootImpl@762ea63[MainActivity]: stopped(false) old = false
10-17 13:36:07.027   506   506 I ViewRootImpl@6dcaa2e[MainActivity]: stopped(false) old = false
10-17 13:36:07.032   506   506 I CS3ExoPlayer: reloadPlayer
10-17 13:36:07.032   506   506 I CS3ExoPlayer: releasePlayer
10-17 13:36:07.032   506   506 I CS3ExoPlayer: Handle event: PlayerAttachedEvent(player=null, source=Player)
10-17 13:36:07.038   506   506 I DecorView: notifyKeepScreenOnChanged: keepScreenOn=false
10-17 13:36:07.042   506   506 I MSHandlerLifeCycle: removeMultiSplitHandler: no exist. decor=DecorView@cb21114[MainActivity]
10-17 13:36:07.042   506   529 D OpenGLRenderer: setSurface called with nullptr
10-17 13:36:07.043   506   506 I ViewRootImpl@762ea63[MainActivity]: performTraversals mFirst=false windowShouldResize=false viewVisibilityChanged=true mForceNextWindowRelayout=false params=null
10-17 13:36:07.047   506   506 D InsetsController: onStateChanged: InsetsState: {mDisplayFrame=Rect(0, 0 - 1080, 2400), mDisplayCutout=DisplayCutout{insets=Rect(0, 88 - 0, 0) waterfall=Insets{left=0, top=0, right=0, bottom=0} boundingRect={Bounds=[Rect(0, 0 - 0, 0), Rect(512, 0 - 568, 88), Rect(0, 0 - 0, 0), Rect(0, 0 - 0, 0)]} cutoutPathParserInfo={CutoutPathParserInfo{displayWidth=1080 displayHeight=2400 physicalDisplayWidth=1080 physicalDisplayHeight=2400 density={2.625} cutoutSpec={M 0,0 M 0,12.25101276465640 a 10.60613009248640,10.60613009248640 0 1,0 0,21.21226018497290 a 10.60613009248640,10.60613009248640 0 1,0 0,-21.21226018497290 Z @dp} rotation={0} scale={1.0} physicalPixelDisplaySizeRatio={1.0}}}}, mRoundedCorners=RoundedCorners{[RoundedCorner{position=TopLeft, radius=84, center=Point(84, 84)}, RoundedCorner{position=TopRight, radius=84, center=Point(996, 84)}, RoundedCorner{position=BottomRight, radius=84, center=Point(996, 2316)}, RoundedCorner{position=BottomLeft, radius=84, center=Point(84, 2316)}]}  mRoundedCornerFrame=Rect(0, 0 - 1080, 2400), mPrivacyIndicatorBounds=PrivacyIndicatorBounds {static bounds=Rect(964, 0 - 1080, 87) rotation=0}, mSources= { InsetsSource: {mType=ITYPE_STATUS_BAR, mFrame=[0,0][1080,88], mVisible=true, mInsetsRoundedCornerFrame=false}, InsetsSource: {mType=ITYPE_NAVIGATION_BAR, mFrame=[0,2361][1080,2400], mVisible=true, mInsetsRoundedCornerFrame=false}, InsetsSource: {mType=ITYPE_LEFT_GESTURES, mFrame=[0,0][130,2400], mVisible=true, mInsetsRoundedCornerFrame=false}, InsetsSource: {mType=ITYPE_RIGHT_GESTURES, mFrame=[950,0][1080,2400], mVisible=true, mInsetsRoundedCornerFrame=false}, InsetsSource: {mType=ITYPE_TOP_MANDATORY_GESTURES, mFrame=[0,0][1080,120], mVisible=true, mInsetsRoundedCornerFrame=false}, InsetsSource: {mType=ITYPE_BOTTOM_MANDATORY_GESTURES, mFrame=[0,2316][1080,2400], mVisible=true, mInsetsRoundedCornerFrame=false}, InsetsSource: {mType=ITYPE_LEFT_DISPLAY_CUTOUT, mFrame=[0,0][-100000,2400], mVisible=true, mInsetsRoundedCornerFrame=false}, InsetsSource: {mType=ITYPE_TOP_DISPLAY_CUTOUT, mFrame=[0,0][1080,88], mVisible=true, mInsetsRoundedCornerFrame=false}, InsetsSource: {mType=ITYPE_RIGHT_DISPLAY_CUTOUT, mFrame=[100000,0][1080,2400], mVisible=true, mInsetsRoundedCornerFrame=false}, InsetsSource: {mType=ITYPE_BOTTOM_DISPLAY_CUTOUT, mFrame=[0,100000][1080,2400], mVisible=true, mInsetsRoundedCornerFrame=false}, InsetsSource: {mType=ITYPE_TOP_TAPPABLE_ELEMENT, mFrame=[0,0][1080,88], mVisible=true, mInsetsRoundedCornerFrame=false}, InsetsSource: {mType=ITYPE_BOTTOM_TAPPABLE_ELEMENT, mFrame=[0,0][0,0], mVisible=true, mInsetsRoundedCornerFrame=false}, InsetsSource: {mType=ITYPE_IME, mFrame=[0,0][0,0], mVisibleFrame=[0,1409][1080,2400], mVisible=false, mInsetsRoundedCornerFrame=false} } host=com.lagradost.cloudstream3/com.lagradost.cloudstream3.MainActivity from=android.view.ViewRootImpl.relayoutWindow:9802
10-17 13:36:07.048   506   506 I ViewRootImpl@762ea63[MainActivity]: Relayout returned: old=(0,0,1080,2400) new=(0,0,1080,2400) req=(1080,2400)8 dur=5 res=0x0 s={false 0x0} ch=false seqId=0
10-17 13:36:07.048   506   506 I SurfaceView@86d7559: onWindowVisibilityChanged(0) false android.view.SurfaceView{86d7559 V.E..V... ........ 0,0-1080,525} of ViewRootImpl@6dcaa2e[MainActivity]
10-17 13:36:07.048   506   506 D SurfaceView@86d7559: updateSurface: surface is not valid
10-17 13:36:07.048   506   506 I SurfaceView@86d7559: releaseSurfaces: viewRoot = ViewRootImpl@6dcaa2e[MainActivity]
10-17 13:36:07.049   506   506 I SurfaceView@86d7559: applyTransactionOnVriDraw: vri = ViewRootImpl@6dcaa2e[MainActivity] fRS = true t = 0x7b0d5b6e00 android.view.SurfaceView.releaseSurfaces:858 android.view.SurfaceView.updateSurface:998 android.view.SurfaceView.onWindowVisibilityChanged:371 
10-17 13:36:07.049   506   506 I SurfaceView@86d7559: applyTransactionOnVriDraw: viewRoot.applyTransactionOnDrawFromReleaseSurfaces
10-17 13:36:07.049   506   506 I ViewRootImpl@6dcaa2e[MainActivity]: applyTransactionOnDraw: mRemoved = false isHardwareEnabled = false t = 0x7b0d5b6e00android.view.ViewRootImpl.applyTransactionOnDrawFromReleaseSurfaces:12850 android.view.SurfaceView.applyTransactionOnVriDraw:2046 android.view.SurfaceView.releaseSurfaces:858 android.view.SurfaceView.updateSurface:998 android.view.SurfaceView.onWindowVisibilityChanged:371 
10-17 13:36:07.052   506   506 I ViewRootImpl@6dcaa2e[MainActivity]: performTraversals params={(0,0)(fillxfill) sim={state=always_hidden adjust=resize forwardNavigation} ty=BASE_APPLICATION fmt=TRANSLUCENT wanim=0x1030309
10-17 13:36:07.052   506   506 I ViewRootImpl@6dcaa2e[MainActivity]:   fl=85810100
10-17 13:36:07.052   506   506 I ViewRootImpl@6dcaa2e[MainActivity]:   pfl=12020040
10-17 13:36:07.052   506   506 I ViewRootImpl@6dcaa2e[MainActivity]:   vsysui=500
10-17 13:36:07.052   506   506 I ViewRootImpl@6dcaa2e[MainActivity]:   bhv=DEFAULT
10-17 13:36:07.052   506   506 I ViewRootImpl@6dcaa2e[MainActivity]:   fitSides= naviIconColor=0}
10-17 13:36:07.052   506   506 I ViewRootImpl@6dcaa2e[MainActivity]: performTraversals mFirst=false windowShouldResize=false viewVisibilityChanged=true mForceNextWindowRelayout=false params={(0,0)(fillxfill) sim={state=always_hidden adjust=resize forwardNavigation} ty=BASE_APPLICATION fmt=TRANSLUCENT wanim=0x1030309
10-17 13:36:07.052   506   506 I ViewRootImpl@6dcaa2e[MainActivity]:   fl=85810100
10-17 13:36:07.052   506   506 I ViewRootImpl@6dcaa2e[MainActivity]:   pfl=12020040
10-17 13:36:07.052   506   506 I ViewRootImpl@6dcaa2e[MainActivity]:   vsysui=500
10-17 13:36:07.052   506   506 I ViewRootImpl@6dcaa2e[MainActivity]:   bhv=DEFAULT
10-17 13:36:07.052   506   506 I ViewRootImpl@6dcaa2e[MainActivity]:   fitSides= naviIconColor=0}
10-17 13:36:07.061   506   506 I ViewRootImpl@6dcaa2e[MainActivity]: updateBlastSurfaceIfNeeded mBlastBufferQueue=null isSameSurfaceControl=false
10-17 13:36:07.062   506   506 I BLASTBufferQueue: new BLASTBufferQueue, mName= ViewRootImpl@6dcaa2e[MainActivity] mNativeObject= 0x7b5b1f3400 sc.mNativeObject= 0x7b65545440 caller= android.view.ViewRootImpl.updateBlastSurfaceIfNeeded:2909 android.view.ViewRootImpl.relayoutWindow:9847 android.view.ViewRootImpl.performTraversals:3884 android.view.ViewRootImpl.doTraversal:3116 android.view.ViewRootImpl$TraversalRunnable.run:10885 android.view.Choreographer$CallbackRecord.run:1301 android.view.Choreographer$CallbackRecord.run:1309 android.view.Choreographer.doCallbacks:923 android.view.Choreographer.doFrame:852 android.view.Choreographer$FrameDisplayEventReceiver.run:1283 
10-17 13:36:07.062   506   506 I BLASTBufferQueue: update, w= 1080 h= 2400 mName = ViewRootImpl@6dcaa2e[MainActivity] mNativeObject= 0x7b5b1f3400 sc.mNativeObject= 0x7b65545440 format= -3 caller= android.graphics.BLASTBufferQueue.<init>:84 android.view.ViewRootImpl.updateBlastSurfaceIfNeeded:2909 android.view.ViewRootImpl.relayoutWindow:9847 android.view.ViewRootImpl.performTraversals:3884 android.view.ViewRootImpl.doTraversal:3116 android.view.ViewRootImpl$TraversalRunnable.run:10885 
10-17 13:36:07.062   506   506 I ViewRootImpl@6dcaa2e[MainActivity]: Relayout returned: old=(0,0,1080,2400) new=(0,0,1080,2400) req=(1080,2400)0 dur=9 res=0x3 s={true 0x7b5b272800} ch=true seqId=0
10-17 13:36:07.063   506   506 I ViewRootImpl@6dcaa2e[MainActivity]: mThreadedRenderer.initialize() mSurface={isValid=true 0x7b5b272800} hwInitialized=true
10-17 13:36:07.063   506   529 D OpenGLRenderer: eglCreateWindowSurface
10-17 13:36:07.063   506   506 I SurfaceView@86d7559: windowStopped(false) true android.view.SurfaceView{86d7559 V.E..V... ........ 0,0-1080,525} of ViewRootImpl@6dcaa2e[MainActivity]
10-17 13:36:07.064   506   506 I SurfaceView@86d7559: Changes: creating=true format=false size=false visible=true alpha=false hint=false mUseAlpha=false visible=true left=false top=false
10-17 13:36:07.066   506   506 I BLASTBufferQueue: update, w= 1080 h= 525 mName = null mNativeObject= 0x7ca9456d00 sc.mNativeObject= 0x7bed838ac0 format= 4 caller= android.view.SurfaceView.createBlastSurfaceControls:1383 android.view.SurfaceView.updateSurface:1079 android.view.SurfaceView.setWindowStopped:335 android.view.SurfaceView.surfaceCreated:1853 android.view.ViewRootImpl.notifySurfaceCreated:2820 android.view.ViewRootImpl.performTraversals:4293 
10-17 13:36:07.066   506   506 I SurfaceView@86d7559: 141391193 Cur surface: Surface(name=null)/@0x1fb1a59
10-17 13:36:07.066   506   506 I SurfaceView@86d7559: pST: sr = Rect(0, -805 - 1080, -280) sw = 1080 sh = 525
10-17 13:36:07.067   506   506 D SurfaceView@86d7559: performSurfaceTransaction RenderWorker position = [0, -805, 1080, -280] surfaceSize = 1080x525
10-17 13:36:07.067   506   506 I SurfaceView@86d7559: applyTransactionOnVriDraw: vri = ViewRootImpl@6dcaa2e[MainActivity] fRS = false t = 0x7bed8b2200 android.view.SurfaceView.performSurfaceTransaction:959 android.view.SurfaceView.updateSurface:1105 android.view.SurfaceView.setWindowStopped:335 
10-17 13:36:07.067   506   506 I ViewRootImpl@6dcaa2e[MainActivity]: applyTransactionOnDraw: mRemoved = false isHardwareEnabled = true t = 0x7bed8b2200android.view.SurfaceView.applyTransactionOnVriDraw:2048 android.view.SurfaceView.performSurfaceTransaction:959 android.view.SurfaceView.updateSurface:1105 android.view.SurfaceView.setWindowStopped:335 android.view.SurfaceView.surfaceCreated:1853 
10-17 13:36:07.067   506   506 I SurfaceView@86d7559: updateSurface: mVisible = true mSurface.isValid() = true
10-17 13:36:07.067   506   506 I SurfaceView@86d7559: updateSurface: mSurfaceCreated = false surfaceChanged = true visibleChanged = true
10-17 13:36:07.067   506   506 I SurfaceView@86d7559: visibleChanged -- surfaceCreated
10-17 13:36:07.067   506   506 I SurfaceView@86d7559: surfaceCreated 0 #1 android.view.SurfaceView{86d7559 V.E..V... ........ 0,0-1080,525}
10-17 13:36:07.067   506   506 I SurfaceView@86d7559: surfaceChanged -- format=4 w=1080 h=525
10-17 13:36:07.067   506   506 I SurfaceView@86d7559: surfaceChanged (1080,525) 0 #1 android.view.SurfaceView{86d7559 V.E..V... ........ 0,0-1080,525}
10-17 13:36:07.067   506   506 I SurfaceView@86d7559: surfaceRedrawNeeded
10-17 13:36:07.068   506   506 V SurfaceView@86d7559: Layout: x=0 y=-805 w=1080 h=525, frame=Rect(0, 0 - 1080, 525)
10-17 13:36:07.068   506   506 I ViewRootImpl@6dcaa2e[MainActivity]: reportNextDraw android.view.ViewRootImpl.performTraversals:4438 android.view.ViewRootImpl.doTraversal:3116 android.view.ViewRootImpl$TraversalRunnable.run:10885 android.view.Choreographer$CallbackRecord.run:1301 android.view.Choreographer$CallbackRecord.run:1309 
10-17 13:36:07.068   506   506 I ViewRootImpl@6dcaa2e[MainActivity]: Setup new sync id=1
10-17 13:36:07.069   506   506 I ViewRootImpl@6dcaa2e[MainActivity]: Setting syncFrameCallback
10-17 13:36:07.069   506   506 E SurfaceSyncer: Failed to find sync for id=0
10-17 13:36:07.069   506   506 E SurfaceSyncer: Failed to find sync for id=1
10-17 13:36:07.069   506   506 I ViewRootImpl@6dcaa2e[MainActivity]: registerCallbacksForSync syncBuffer=false
10-17 13:36:07.081   506   589 D SurfaceView@86d7559: updateSurfacePosition RenderWorker, frameNr = 1, position = [0, -805, 1080, -280] surfaceSize = 1080x525
10-17 13:36:07.081   506   589 I SurfaceView@86d7559: uSP: rtp = Rect(0, -805 - 1080, -280) rtsw = 1080 rtsh = 525
10-17 13:36:07.081   506   589 I SurfaceView@86d7559: onSSPAndSRT: pl = 0 pt = -805 sx = 1.0 sy = 1.0
10-17 13:36:07.081   506   589 I SurfaceView@86d7559: aOrMT: ViewRootImpl@6dcaa2e[MainActivity] t = android.view.SurfaceControl$Transaction@7a64e43 fN = 1 android.view.SurfaceView.-$$Nest$mapplyOrMergeTransaction:0 android.view.SurfaceView$SurfaceViewPositionUpdateListener.positionChanged:1537 android.graphics.RenderNode$CompositePositionUpdateListener.positionChanged:373 
10-17 13:36:07.081   506   589 I ViewRootImpl@6dcaa2e[MainActivity]: mWNT: t=0x7bdd474200 mBlastBufferQueue=0x7b5b1f3400 fn= 1 caller= android.view.SurfaceView.applyOrMergeTransaction:1455 android.view.SurfaceView.-$$Nest$mapplyOrMergeTransaction:0 android.view.SurfaceView$SurfaceViewPositionUpdateListener.positionChanged:1537 
10-17 13:36:07.081   506   589 I ViewRootImpl@6dcaa2e[MainActivity]: mWNT: t=0x7b3b44ff00 mBlastBufferQueue=0x7b5b1f3400 fn= 1 caller= android.view.ViewRootImpl.lambda$applyTransactionOnDraw$11$android-view-ViewRootImpl:12865 android.view.ViewRootImpl$$ExternalSyntheticLambda1.onFrameDraw:4 android.graphics.HardwareRenderer$FrameDrawingCallback.onFrameDraw:924 
10-17 13:36:07.081   506   589 I ViewRootImpl@6dcaa2e[MainActivity]: mWNT: t=0x7bed8b2200 mBlastBufferQueue=0x7b5b1f3400 fn= 1 caller= android.view.ViewRootImpl.lambda$applyTransactionOnDraw$11$android-view-ViewRootImpl:12865 android.view.ViewRootImpl$$ExternalSyntheticLambda1.onFrameDraw:4 android.graphics.HardwareRenderer$FrameDrawingCallback.onFrameDraw:924 
10-17 13:36:07.081   506   589 I ViewRootImpl@6dcaa2e[MainActivity]: Received frameDrawingCallback syncResult=0 frameNum=1.
10-17 13:36:07.081   506   589 I ViewRootImpl@6dcaa2e[MainActivity]: Setting up sync and frameCommitCallback
10-17 13:36:07.090   506   529 I BLASTBufferQueue: [ViewRootImpl@6dcaa2e[MainActivity]#8](f:0,a:0) onFrameAvailable the first frame is available
10-17 13:36:07.091   506   529 I ViewRootImpl@6dcaa2e[MainActivity]: Received frameCommittedCallback lastAttemptedDrawFrameNum=1 didProduceBuffer=true
10-17 13:36:07.091   506   506 I ViewRootImpl@6dcaa2e[MainActivity]: onSyncComplete
10-17 13:36:07.091   506   506 I ViewRootImpl@6dcaa2e[MainActivity]: setupSync seqId=0 mSyncId=1 fn=1 caller=android.view.ViewRootImpl$$ExternalSyntheticLambda11.accept:6 android.window.SurfaceSyncer.lambda$setupSync$1$android-window-SurfaceSyncer:128 android.window.SurfaceSyncer$$ExternalSyntheticLambda1.accept:8 android.window.SurfaceSyncer$SyncSet.checkIfSyncIsComplete:382 android.window.SurfaceSyncer$SyncSet.markSyncReady:359 android.window.SurfaceSyncer.markSyncReady:151 android.view.ViewRootImpl.performTraversals:4503 
10-17 13:36:07.092   506   506 I ViewRootImpl@6dcaa2e[MainActivity]: reportDrawFinished seqId=0 mSyncId=-1 fn=1 mSurfaceChangedTransaction=0x7b5b37b400
10-17 13:36:07.093   506   506 I SurfaceView@86d7559: finishedDrawing
10-17 13:36:07.101   506   506 I ViewRootImpl@6dcaa2e[MainActivity]: MSG_WINDOW_FOCUS_CHANGED 1 0
10-17 13:36:07.101   506   506 I ViewRootImpl@6dcaa2e[MainActivity]: mThreadedRenderer.initializeIfNeeded()#2 mSurface={isValid=true 0x7b5b272800}
10-17 13:36:07.107   506   506 D InputMethodManager: startInputInner - Id : 0
10-17 13:36:07.107   506   506 I InputMethodManager: startInputInner - mService.startInputOrWindowGainedFocus
10-17 13:36:07.462   506   506 I ViewRootImpl@6dcaa2e[MainActivity]: ViewPostIme pointer 0
10-17 13:36:07.545   506   506 D WindowOnBackDispatcher: onBackInvoked, viewRoot=ViewRootImpl@b52adf7[MainActivity], callback=androidx.activity.OnBackPressedDispatcher$Api33Impl$$ExternalSyntheticLambda0@a6887b6
10-17 13:36:07.554   506   506 I IMM_LC  : hsifw() - flag : 0
10-17 13:36:07.555   506   506 I IMM_LC  : hsifw() - mService.hideSoftInput
10-17 13:36:07.560   506   506 I CS3ExoPlayer: onStop
10-17 13:36:07.560   506   506 I CS3ExoPlayer: saveData
10-17 13:36:07.560   506   506 I CS3ExoPlayer: handleEvent Pause
10-17 13:36:07.562   506   506 I DecorView: notifyKeepScreenOnChanged: keepScreenOn=false
10-17 13:36:07.564   506   506 I MSHandlerLifeCycle: check: return. pkg=com.lagradost.cloudstream3 isActivity=false callers=com.android.internal.policy.DecorView.setVisibility:4412 android.app.Dialog.show:454 com.lagradost.cloudstream3.utils.AppContextUtils.ownShow:129 com.lagradost.cloudstream3.ui.home.HomeFragment.onCreateView:442 androidx.fragment.app.Fragment.performCreateView:3114 
10-17 13:36:07.565   506   506 I MSHandlerLifeCycle: removeMultiSplitHandler: no exist. decor=DecorView@a478ecf[MainActivity]
10-17 13:36:07.919   506   506 I ViewRootImpl@762ea63[MainActivity]: performTraversals params={(0,0)(fillxfill) gr=CENTER sim={adjust=resize} ty=APPLICATION fmt=TRANSPARENT wanim=0xffffffff
10-17 13:36:07.919   506   506 I ViewRootImpl@762ea63[MainActivity]:   fl=85810100
10-17 13:36:07.919   506   506 I ViewRootImpl@762ea63[MainActivity]:   pfl=12020040
10-17 13:36:07.919   506   506 I ViewRootImpl@762ea63[MainActivity]:   vsysui=500
10-17 13:36:07.919   506   506 I ViewRootImpl@762ea63[MainActivity]:   bhv=DEFAULT
10-17 13:36:07.919   506   506 I ViewRootImpl@762ea63[MainActivity]:   fitSides= naviIconColor=0}
10-17 13:36:07.919   506   506 I ViewRootImpl@762ea63[MainActivity]: performTraversals mFirst=false windowShouldResize=false viewVisibilityChanged=true mForceNextWindowRelayout=false params={(0,0)(fillxfill) gr=CENTER sim={adjust=resize} ty=APPLICATION fmt=TRANSPARENT wanim=0xffffffff
10-17 13:36:07.919   506   506 I ViewRootImpl@762ea63[MainActivity]:   fl=85810100
10-17 13:36:07.919   506   506 I ViewRootImpl@762ea63[MainActivity]:   pfl=12020040
10-17 13:36:07.919   506   506 I ViewRootImpl@762ea63[MainActivity]:   vsysui=500
10-17 13:36:07.919   506   506 I ViewRootImpl@762ea63[MainActivity]:   bhv=DEFAULT
10-17 13:36:07.919   506   506 I ViewRootImpl@762ea63[MainActivity]:   fitSides= naviIconColor=0}
10-17 13:36:07.929   506   506 I ViewRootImpl@762ea63[MainActivity]: updateBlastSurfaceIfNeeded mBlastBufferQueue=null isSameSurfaceControl=false
10-17 13:36:07.930   506   506 I BLASTBufferQueue: new BLASTBufferQueue, mName= ViewRootImpl@762ea63[MainActivity] mNativeObject= 0x7b5b1f1f00 sc.mNativeObject= 0x7b65614da0 caller= android.view.ViewRootImpl.updateBlastSurfaceIfNeeded:2909 android.view.ViewRootImpl.relayoutWindow:9847 android.view.ViewRootImpl.performTraversals:3884 android.view.ViewRootImpl.doTraversal:3116 android.view.ViewRootImpl$TraversalRunnable.run:10885 android.view.Choreographer$CallbackRecord.run:1301 android.view.Choreographer$CallbackRecord.run:1309 android.view.Choreographer.doCallbacks:923 android.view.Choreographer.doFrame:852 android.view.Choreographer$FrameDisplayEventReceiver.run:1283 
10-17 13:36:07.930   506   506 I BLASTBufferQueue: update, w= 1080 h= 2400 mName = ViewRootImpl@762ea63[MainActivity] mNativeObject= 0x7b5b1f1f00 sc.mNativeObject= 0x7b65614da0 format= -2 caller= android.graphics.BLASTBufferQueue.<init>:84 android.view.ViewRootImpl.updateBlastSurfaceIfNeeded:2909 android.view.ViewRootImpl.relayoutWindow:9847 android.view.ViewRootImpl.performTraversals:3884 android.view.ViewRootImpl.doTraversal:3116 android.view.ViewRootImpl$TraversalRunnable.run:10885 
10-17 13:36:07.930   506   506 I ViewRootImpl@762ea63[MainActivity]: Relayout returned: old=(0,0,1080,2400) new=(0,0,1080,2400) req=(1080,2400)0 dur=10 res=0x3 s={true 0x7b0d1f8000} ch=true seqId=0
10-17 13:36:07.931   506   506 I ViewRootImpl@762ea63[MainActivity]: mThreadedRenderer.initialize() mSurface={isValid=true 0x7b0d1f8000} hwInitialized=true
10-17 13:36:07.931   506   529 D OpenGLRenderer: eglCreateWindowSurface
10-17 13:36:07.931   506   506 I ViewRootImpl@762ea63[MainActivity]: reportNextDraw android.view.ViewRootImpl.performTraversals:4438 android.view.ViewRootImpl.doTraversal:3116 android.view.ViewRootImpl$TraversalRunnable.run:10885 android.view.Choreographer$CallbackRecord.run:1301 android.view.Choreographer$CallbackRecord.run:1309 
10-17 13:36:07.931   506   506 I ViewRootImpl@762ea63[MainActivity]: Setup new sync id=1
10-17 13:36:07.931   506   506 I ViewRootImpl@762ea63[MainActivity]: Setting syncFrameCallback
10-17 13:36:07.932   506   506 I ViewRootImpl@762ea63[MainActivity]: registerCallbacksForSync syncBuffer=false
10-17 13:36:07.934   506   588 I ViewRootImpl@762ea63[MainActivity]: Received frameDrawingCallback syncResult=0 frameNum=1.
10-17 13:36:07.934   506   588 I ViewRootImpl@762ea63[MainActivity]: Setting up sync and frameCommitCallback
10-17 13:36:07.940   506   529 I BLASTBufferQueue: [ViewRootImpl@762ea63[MainActivity]#10](f:0,a:0) onFrameAvailable the first frame is available
10-17 13:36:07.941   506   529 I ViewRootImpl@762ea63[MainActivity]: Received frameCommittedCallback lastAttemptedDrawFrameNum=1 didProduceBuffer=true
10-17 13:36:07.941   506   506 I ViewRootImpl@762ea63[MainActivity]: onSyncComplete
10-17 13:36:07.941   506   506 I ViewRootImpl@762ea63[MainActivity]: setupSync seqId=0 mSyncId=1 fn=1 caller=android.view.ViewRootImpl$$ExternalSyntheticLambda11.accept:6 android.window.SurfaceSyncer.lambda$setupSync$1$android-window-SurfaceSyncer:128 android.window.SurfaceSyncer$$ExternalSyntheticLambda1.accept:8 android.window.SurfaceSyncer$SyncSet.checkIfSyncIsComplete:382 android.window.SurfaceSyncer$SyncSet.markSyncReady:359 android.window.SurfaceSyncer.markSyncReady:151 android.view.ViewRootImpl.performTraversals:4503 
10-17 13:36:07.942   506   506 I ViewRootImpl@762ea63[MainActivity]: reportDrawFinished seqId=0 mSyncId=-1 fn=1 mSurfaceChangedTransaction=0x7b445d2a00
10-17 13:36:07.953   506   506 I DecorView: notifyKeepScreenOnChanged: keepScreenOn=false
10-17 13:36:07.957   506   589 D SurfaceView@86d7559: updateSurfacePosition RenderWorker, frameNr = 5, position = [54, -607, 1026, -133] surfaceSize = 1080x525
10-17 13:36:07.958   506   589 I SurfaceView@86d7559: uSP: rtp = Rect(54, -607 - 1026, -133) rtsw = 1080 rtsh = 525
10-17 13:36:07.958   506   589 I SurfaceView@86d7559: onSSPAndSRT: pl = 54 pt = -607 sx = 0.9 sy = 0.9028571
10-17 13:36:07.958   506   589 I SurfaceView@86d7559: aOrMT: ViewRootImpl@6dcaa2e[MainActivity] t = android.view.SurfaceControl$Transaction@7a64e43 fN = 5 android.view.SurfaceView.-$$Nest$mapplyOrMergeTransaction:0 android.view.SurfaceView$SurfaceViewPositionUpdateListener.positionChanged:1537 android.graphics.RenderNode$CompositePositionUpdateListener.positionChanged:373 
10-17 13:36:07.958   506   589 I ViewRootImpl@6dcaa2e[MainActivity]: mWNT: t=0x7bdd474200 mBlastBufferQueue=0x7b5b1f3400 fn= 5 caller= android.view.SurfaceView.applyOrMergeTransaction:1455 android.view.SurfaceView.-$$Nest$mapplyOrMergeTransaction:0 android.view.SurfaceView$SurfaceViewPositionUpdateListener.positionChanged:1537 
10-17 13:36:07.958   506   506 I ViewRootImpl@762ea63[MainActivity]: performTraversals params={(0,0)(fillxfill) gr=CENTER sim={adjust=resize} ty=APPLICATION fmt=TRANSPARENT wanim=0x7f14000b
10-17 13:36:07.958   506   506 I ViewRootImpl@762ea63[MainActivity]:   fl=85810100
10-17 13:36:07.958   506   506 I ViewRootImpl@762ea63[MainActivity]:   pfl=12020040
10-17 13:36:07.958   506   506 I ViewRootImpl@762ea63[MainActivity]:   vsysui=500
10-17 13:36:07.958   506   506 I ViewRootImpl@762ea63[MainActivity]:   bhv=DEFAULT
10-17 13:36:07.958   506   506 I ViewRootImpl@762ea63[MainActivity]:   fitSides= naviIconColor=0}
10-17 13:36:07.959   506   506 I ViewRootImpl@762ea63[MainActivity]: performTraversals mFirst=false windowShouldResize=false viewVisibilityChanged=false mForceNextWindowRelayout=false params={(0,0)(fillxfill) gr=CENTER sim={adjust=resize} ty=APPLICATION fmt=TRANSPARENT wanim=0x7f14000b
10-17 13:36:07.959   506   506 I ViewRootImpl@762ea63[MainActivity]:   fl=85810100
10-17 13:36:07.959   506   506 I ViewRootImpl@762ea63[MainActivity]:   pfl=12020040
10-17 13:36:07.959   506   506 I ViewRootImpl@762ea63[MainActivity]:   vsysui=500
10-17 13:36:07.959   506   506 I ViewRootImpl@762ea63[MainActivity]:   bhv=DEFAULT
10-17 13:36:07.959   506   506 I ViewRootImpl@762ea63[MainActivity]:   fitSides= naviIconColor=0}
10-17 13:36:07.964   506   506 I ViewRootImpl@762ea63[MainActivity]: updateBlastSurfaceIfNeeded mBlastBufferQueue=0x7b5b1f1f00 isSameSurfaceControl=true
10-17 13:36:07.965   506   506 I BLASTBufferQueue: update, w= 1080 h= 2400 mName = ViewRootImpl@762ea63[MainActivity] mNativeObject= 0x7b5b1f1f00 sc.mNativeObject= 0x7b65545580 format= -2 caller= android.view.ViewRootImpl.updateBlastSurfaceIfNeeded:2898 android.view.ViewRootImpl.relayoutWindow:9847 android.view.ViewRootImpl.performTraversals:3884 android.view.ViewRootImpl.doTraversal:3116 android.view.ViewRootImpl$TraversalRunnable.run:10885 android.view.Choreographer$CallbackRecord.run:1301 
10-17 13:36:07.965   506   506 I ViewRootImpl@762ea63[MainActivity]: Relayout returned: old=(0,0,1080,2400) new=(0,0,1080,2400) req=(1080,2400)0 dur=5 res=0x0 s={true 0x7b0d1f8000} ch=false seqId=0
10-17 13:36:07.967   506   506 I SurfaceView@86d7559: onWindowVisibilityChanged(8) false android.view.SurfaceView{86d7559 V.E..V... ........ 0,0-1080,525} of ViewRootImpl@6dcaa2e[MainActivity]
10-17 13:36:07.967   506   506 I SurfaceView@86d7559: Changes: creating=false format=false size=false visible=true alpha=false hint=false mUseAlpha=false visible=true left=false top=false
10-17 13:36:07.967   506   506 I SurfaceView@86d7559: 141391193 Cur surface: Surface(name=null)/@0x1fb1a59
10-17 13:36:07.967   506   506 I SurfaceView@86d7559: applyTransactionOnVriDraw: vri = ViewRootImpl@6dcaa2e[MainActivity] fRS = false t = 0x7b65534400 android.view.SurfaceView.performSurfaceTransaction:959 android.view.SurfaceView.updateSurface:1105 android.view.SurfaceView.onWindowVisibilityChanged:371 
10-17 13:36:07.968   506   506 I ViewRootImpl@6dcaa2e[MainActivity]: applyTransactionOnDraw: mRemoved = false isHardwareEnabled = true t = 0x7b65534400android.view.SurfaceView.applyTransactionOnVriDraw:2048 android.view.SurfaceView.performSurfaceTransaction:959 android.view.SurfaceView.updateSurface:1105 android.view.SurfaceView.onWindowVisibilityChanged:371 android.view.View.dispatchDetachedFromWindow:22529 
10-17 13:36:07.968   506   506 I SurfaceView@86d7559: surfaceDestroyed
10-17 13:36:07.968   506   506 I SurfaceView@86d7559: surfaceDestroyed callback.size 0 #2 android.view.SurfaceView{86d7559 V.E..V... ........ 0,0-1080,525}
10-17 13:36:07.968   506   506 I SurfaceView@86d7559: updateSurface: mVisible = false mSurface.isValid() = true
10-17 13:36:07.968   506   506 I SurfaceView@86d7559: releaseSurfaces: viewRoot = ViewRootImpl@6dcaa2e[MainActivity]
10-17 13:36:07.969   506   506 I SurfaceView@86d7559: applyTransactionOnVriDraw: vri = ViewRootImpl@6dcaa2e[MainActivity] fRS = true t = 0x7b65534500 android.view.SurfaceView.releaseSurfaces:858 android.view.SurfaceView.updateSurface:1172 android.view.SurfaceView.onWindowVisibilityChanged:371 
10-17 13:36:07.969   506   506 I SurfaceView@86d7559: applyTransactionOnVriDraw: viewRoot.applyTransactionOnDrawFromReleaseSurfaces
10-17 13:36:07.969   506   506 I ViewRootImpl@6dcaa2e[MainActivity]: applyTransactionOnDraw: mRemoved = false isHardwareEnabled = true t = 0x7b65534500android.view.ViewRootImpl.applyTransactionOnDrawFromReleaseSurfaces:12850 android.view.SurfaceView.applyTransactionOnVriDraw:2046 android.view.SurfaceView.releaseSurfaces:858 android.view.SurfaceView.updateSurface:1172 android.view.SurfaceView.onWindowVisibilityChanged:371 
10-17 13:36:07.969   506   506 V SurfaceView@86d7559: Layout: x=0 y=-805 w=1080 h=525, frame=Rect(0, 0 - 1080, 525)
10-17 13:36:07.969   506   506 I SurfaceView@86d7559: onDetachedFromWindow: tryReleaseSurfaces()
10-17 13:36:07.969   506   506 I SurfaceView@86d7559: releaseSurfaces: viewRoot = ViewRootImpl@6dcaa2e[MainActivity]
10-17 13:36:07.969   506   506 I SurfaceView@86d7559: applyTransactionOnVriDraw: vri = ViewRootImpl@6dcaa2e[MainActivity] fRS = true t = 0x7b65534600 android.view.SurfaceView.releaseSurfaces:858 android.view.SurfaceView.onDetachedFromWindow:500 android.view.View.dispatchDetachedFromWindow:22538 
10-17 13:36:07.970   506   506 I SurfaceView@86d7559: applyTransactionOnVriDraw: viewRoot.applyTransactionOnDrawFromReleaseSurfaces
10-17 13:36:07.970   506   506 I ViewRootImpl@6dcaa2e[MainActivity]: applyTransactionOnDraw: mRemoved = false isHardwareEnabled = true t = 0x7b65534600android.view.ViewRootImpl.applyTransactionOnDrawFromReleaseSurfaces:12850 android.view.SurfaceView.applyTransactionOnVriDraw:2046 android.view.SurfaceView.releaseSurfaces:858 android.view.SurfaceView.onDetachedFromWindow:500 android.view.View.dispatchDetachedFromWindow:22538 
10-17 13:36:07.982   506   506 I DecorView: notifyKeepScreenOnChanged: keepScreenOn=false
10-17 13:36:07.982   506   506 I CS3ExoPlayer: releasePlayer
10-17 13:36:07.982   506   506 I CS3ExoPlayer: Handle event: PlayerAttachedEvent(player=null, source=Player)
10-17 13:36:07.983   506   506 I DecorView: notifyKeepScreenOnChanged: keepScreenOn=false
10-17 13:36:07.984   506   506 I ViewRootImpl@6dcaa2e[MainActivity]: MSG_WINDOW_FOCUS_CHANGED 0 0
10-17 13:36:07.985   506   506 I ViewRootImpl@762ea63[MainActivity]: MSG_WINDOW_FOCUS_CHANGED 1 0
10-17 13:36:07.986   506   506 I ViewRootImpl@762ea63[MainActivity]: mThreadedRenderer.initializeIfNeeded()#2 mSurface={isValid=true 0x7b0d1f8000}
10-17 13:36:07.986   506   506 D InputMethodManager: startInputInner - Id : 0
10-17 13:36:07.986   506   506 I InputMethodManager: startInputInner - mService.startInputOrWindowGainedFocus
10-17 13:36:07.990   506   506 I ViewRootImpl@6dcaa2e[MainActivity]: performTraversals params={(0,0)(fillxfill) sim={state=always_hidden adjust=resize} ty=BASE_APPLICATION wanim=0x1030309
10-17 13:36:07.990   506   506 I ViewRootImpl@6dcaa2e[MainActivity]:   fl=85810100
10-17 13:36:07.990   506   506 I ViewRootImpl@6dcaa2e[MainActivity]:   pfl=12020040
10-17 13:36:07.990   506   506 I ViewRootImpl@6dcaa2e[MainActivity]:   vsysui=500
10-17 13:36:07.990   506   506 I ViewRootImpl@6dcaa2e[MainActivity]:   bhv=DEFAULT
10-17 13:36:07.990   506   506 I ViewRootImpl@6dcaa2e[MainActivity]:   fitSides= naviIconColor=0}
10-17 13:36:07.991   506   506 I ViewRootImpl@6dcaa2e[MainActivity]: performTraversals mFirst=false windowShouldResize=false viewVisibilityChanged=false mForceNextWindowRelayout=false params={(0,0)(fillxfill) sim={state=always_hidden adjust=resize} ty=BASE_APPLICATION fmt=TRANSLUCENT wanim=0x1030309
10-17 13:36:07.991   506   506 I ViewRootImpl@6dcaa2e[MainActivity]:   fl=85810100
10-17 13:36:07.991   506   506 I ViewRootImpl@6dcaa2e[MainActivity]:   pfl=12020040
10-17 13:36:07.991   506   506 I ViewRootImpl@6dcaa2e[MainActivity]:   vsysui=500
10-17 13:36:07.991   506   506 I ViewRootImpl@6dcaa2e[MainActivity]:   bhv=DEFAULT
10-17 13:36:07.991   506   506 I ViewRootImpl@6dcaa2e[MainActivity]:   fitSides= naviIconColor=0}
10-17 13:36:07.999   506   506 I ViewRootImpl@6dcaa2e[MainActivity]: updateBlastSurfaceIfNeeded mBlastBufferQueue=0x7b5b1f3400 isSameSurfaceControl=true
10-17 13:36:07.999   506   506 I BLASTBufferQueue: update, w= 1080 h= 2400 mName = ViewRootImpl@6dcaa2e[MainActivity] mNativeObject= 0x7b5b1f3400 sc.mNativeObject= 0x7be179ff20 format= -3 caller= android.view.ViewRootImpl.updateBlastSurfaceIfNeeded:2898 android.view.ViewRootImpl.relayoutWindow:9847 android.view.ViewRootImpl.performTraversals:3884 android.view.ViewRootImpl.doTraversal:3116 android.view.ViewRootImpl$TraversalRunnable.run:10885 android.view.Choreographer$CallbackRecord.run:1301 
10-17 13:36:07.999   506   506 I ViewRootImpl@6dcaa2e[MainActivity]: Relayout returned: old=(0,0,1080,2400) new=(0,0,1080,2400) req=(1080,2400)0 dur=8 res=0x0 s={true 0x7b5b272800} ch=false seqId=0
10-17 13:36:08.000   506   506 I ViewRootImpl@6dcaa2e[MainActivity]: updateBoundsLayer: t = android.view.SurfaceControl$Transaction@b484ff1 sc = Surface(name=Bounds for - com.lagradost.cloudstream3/com.lagradost.cloudstream3.MainActivity@1)/@0xb8ba7d6 frame = 6
10-17 13:36:08.000   506   506 I ViewRootImpl@6dcaa2e[MainActivity]: mWNT: t=0x7b5b37b500 mBlastBufferQueue=0x7b5b1f3400 fn= 6 caller= android.view.ViewRootImpl.prepareSurfaces:2985 android.view.ViewRootImpl.performTraversals:4233 android.view.ViewRootImpl.doTraversal:3116 
10-17 13:36:08.001   506   529 D SurfaceView@86d7559: windowPositionLost, frameNr = 6
10-17 13:36:08.002   506   588 I ViewRootImpl@6dcaa2e[MainActivity]: mWNT: t=0x7b65534400 mBlastBufferQueue=0x7b5b1f3400 fn= 6 caller= android.view.ViewRootImpl.lambda$applyTransactionOnDraw$11$android-view-ViewRootImpl:12865 android.view.ViewRootImpl$$ExternalSyntheticLambda1.onFrameDraw:4 android.graphics.HardwareRenderer$FrameDrawingCallback.onFrameDraw:924 
10-17 13:36:08.002   506   588 I ViewRootImpl@6dcaa2e[MainActivity]: mWNT: t=0x7b65534500 mBlastBufferQueue=0x7b5b1f3400 fn= 6 caller= android.view.ViewRootImpl.lambda$applyTransactionOnDraw$11$android-view-ViewRootImpl:12865 android.view.ViewRootImpl$$ExternalSyntheticLambda1.onFrameDraw:4 android.graphics.HardwareRenderer$FrameDrawingCallback.onFrameDraw:924 
10-17 13:36:08.002   506   588 I ViewRootImpl@6dcaa2e[MainActivity]: mWNT: t=0x7b65534600 mBlastBufferQueue=0x7b5b1f3400 fn= 6 caller= android.view.ViewRootImpl.lambda$applyTransactionOnDraw$11$android-view-ViewRootImpl:12865 android.view.ViewRootImpl$$ExternalSyntheticLambda1.onFrameDraw:4 android.graphics.HardwareRenderer$FrameDrawingCallback.onFrameDraw:924 
10-17 13:36:09.803   506   506 I ViewRootImpl@762ea63[MainActivity]: ViewPostIme pointer 0
10-17 13:36:09.922   506   506 D WindowOnBackDispatcher: onBackInvoked, viewRoot=ViewRootImpl@b52adf7[MainActivity], callback=android.app.Dialog$$ExternalSyntheticLambda3@b6b488c
10-17 13:36:09.935   506   506 I MSHandlerLifeCycle: removeMultiSplitHandler: no exist. decor=DecorView@a478ecf[MainActivity]
10-17 13:36:09.937   506   529 D OpenGLRenderer: setSurface called with nullptr
10-17 13:36:09.937   506   529 D OpenGLRenderer: setSurface() destroyed EGLSurface
10-17 13:36:09.937   506   529 D OpenGLRenderer: destroyEglSurface
10-17 13:36:09.939   506   506 I ViewRootImpl@762ea63[MainActivity]: dispatchDetachedFromWindow
10-17 13:36:09.958   506   506 D InputTransport: Input channel destroyed: '9472550', fd=170
10-17 13:36:09.960   506   506 D InsetsController: onStateChanged: InsetsState: {mDisplayFrame=Rect(0, 0 - 1080, 2400), mDisplayCutout=DisplayCutout{insets=Rect(0, 88 - 0, 0) waterfall=Insets{left=0, top=0, right=0, bottom=0} boundingRect={Bounds=[Rect(0, 0 - 0, 0), Rect(512, 0 - 568, 88), Rect(0, 0 - 0, 0), Rect(0, 0 - 0, 0)]} cutoutPathParserInfo={CutoutPathParserInfo{displayWidth=1080 displayHeight=2400 physicalDisplayWidth=1080 physicalDisplayHeight=2400 density={2.625} cutoutSpec={M 0,0 M 0,12.25101276465640 a 10.60613009248640,10.60613009248640 0 1,0 0,21.21226018497290 a 10.60613009248640,10.60613009248640 0 1,0 0,-21.21226018497290 Z @dp} rotation={0} scale={1.0} physicalPixelDisplaySizeRatio={1.0}}}}, mRoundedCorners=RoundedCorners{[RoundedCorner{position=TopLeft, radius=84, center=Point(84, 84)}, RoundedCorner{position=TopRight, radius=84, center=Point(996, 84)}, RoundedCorner{position=BottomRight, radius=84, center=Point(996, 2316)}, RoundedCorner{position=BottomLeft, radius=84, center=Point(84, 2316)}]}  mRoundedCornerFrame=Rect(0, 0 - 1080, 2400), mPrivacyIndicatorBounds=PrivacyIndicatorBounds {static bounds=Rect(964, 0 - 1080, 87) rotation=0}, mSources= { InsetsSource: {mType=ITYPE_STATUS_BAR, mFrame=[0,0][1080,88], mVisible=true, mInsetsRoundedCornerFrame=false}, InsetsSource: {mType=ITYPE_NAVIGATION_BAR, mFrame=[0,2361][1080,2400], mVisible=true, mInsetsRoundedCornerFrame=false}, InsetsSource: {mType=ITYPE_LEFT_GESTURES, mFrame=[0,0][130,2400], mVisible=true, mInsetsRoundedCornerFrame=false}, InsetsSource: {mType=ITYPE_RIGHT_GESTURES, mFrame=[950,0][1080,2400], mVisible=true, mInsetsRoundedCornerFrame=false}, InsetsSource: {mType=ITYPE_TOP_MANDATORY_GESTURES, mFrame=[0,0][1080,120], mVisible=true, mInsetsRoundedCornerFrame=false}, InsetsSource: {mType=ITYPE_BOTTOM_MANDATORY_GESTURES, mFrame=[0,2316][1080,2400], mVisible=true, mInsetsRoundedCornerFrame=false}, InsetsSource: {mType=ITYPE_LEFT_DISPLAY_CUTOUT, mFrame=[0,0][-100000,2400], mVisible=true, mInsetsRoundedCornerFrame=false}, InsetsSource: {mType=ITYPE_TOP_DISPLAY_CUTOUT, mFrame=[0,0][1080,88], mVisible=true, mInsetsRoundedCornerFrame=false}, InsetsSource: {mType=ITYPE_RIGHT_DISPLAY_CUTOUT, mFrame=[100000,0][1080,2400], mVisible=true, mInsetsRoundedCornerFrame=false}, InsetsSource: {mType=ITYPE_BOTTOM_DISPLAY_CUTOUT, mFrame=[0,100000][1080,2400], mVisible=true, mInsetsRoundedCornerFrame=false}, InsetsSource: {mType=ITYPE_TOP_TAPPABLE_ELEMENT, mFrame=[0,0][1080,88], mVisible=true, mInsetsRoundedCornerFrame=false}, InsetsSource: {mType=ITYPE_BOTTOM_TAPPABLE_ELEMENT, mFrame=[0,0][0,0], mVisible=true, mInsetsRoundedCornerFrame=false} } host=com.lagradost.cloudstream3/com.lagradost.cloudstream3.MainActivity from=android.view.ViewRootImpl$ViewRootHandler.handleMessageImpl:6740
10-17 13:36:09.984   506   506 I ViewRootImpl@6dcaa2e[MainActivity]: MSG_WINDOW_FOCUS_CHANGED 1 0
10-17 13:36:09.984   506   506 I ViewRootImpl@6dcaa2e[MainActivity]: mThreadedRenderer.initializeIfNeeded()#2 mSurface={isValid=true 0x7b5b272800}
10-17 13:36:09.987   506   506 D InputMethodManager: startInputInner - Id : 0
10-17 13:36:09.987   506   506 I InputMethodManager: startInputInner - mService.startInputOrWindowGainedFocus
10-17 13:36:11.582   506   506 I ViewRootImpl@6dcaa2e[MainActivity]: ViewPostIme pointer 0
10-17 13:36:11.623   506   506 I ViewRootImpl@6dcaa2e[MainActivity]: ViewPostIme pointer 1
10-17 13:36:11.644   506   506 I IMM_LC  : hsifw() - flag : 0
10-17 13:36:11.644   506   506 I IMM_LC  : hsifw() - mService.hideSoftInput
10-17 13:36:11.775   506   506 I PLG     : updatePluginList = https://raw.githubusercontent.com/adamwolker21/DZ/refs/heads/master/repo.json
10-17 13:36:11.775   506   506 I PLG     : getPlugins = https://raw.githubusercontent.com/adamwolker21/DZ/refs/heads/master/repo.json
10-17 13:36:13.147   506   506 I ViewRootImpl@6dcaa2e[MainActivity]: ViewPostIme pointer 0
10-17 13:36:13.240   506   506 D WindowOnBackDispatcher: onBackInvoked, viewRoot=ViewRootImpl@b52adf7[MainActivity], callback=androidx.activity.OnBackPressedDispatcher$Api33Impl$$ExternalSyntheticLambda0@a6887b6
10-17 13:36:13.247   506   506 I IMM_LC  : hsifw() - flag : 0
10-17 13:36:13.247   506   506 I IMM_LC  : hsifw() - mService.hideSoftInput
10-17 13:36:13.567   506   580 W System  : A resource failed to call response.body().close(). 
10-17 13:36:14.238   506   506 I ViewRootImpl@6dcaa2e[MainActivity]: ViewPostIme pointer 0
10-17 13:36:14.347   506   506 D WindowOnBackDispatcher: onBackInvoked, viewRoot=ViewRootImpl@b52adf7[MainActivity], callback=androidx.activity.OnBackPressedDispatcher$Api33Impl$$ExternalSyntheticLambda0@a6887b6
10-17 13:36:14.354   506   506 I IMM_LC  : hsifw() - flag : 0
10-17 13:36:14.354   506   506 I IMM_LC  : hsifw() - mService.hideSoftInput
10-17 13:36:14.365   506   506 D ScrollView: initGoToTop
10-17 13:36:14.398   506   506 E CoilImgLoader: Error loading image: coil3.request.NullRequestDataException: The request's data is null.
10-17 13:36:14.409   506   506 D ScrollView:  onsize change changed 
10-17 13:36:15.271   506   506 I ViewRootImpl@6dcaa2e[MainActivity]: ViewPostIme pointer 0
10-17 13:36:15.336   506   506 I ViewRootImpl@6dcaa2e[MainActivity]: ViewPostIme pointer 1
10-17 13:36:15.345   506   506 I NavComponent: Navigating to fragment: 2131361884
10-17 13:36:15.349   506   506 I IMM_LC  : hsifw() - flag : 0
10-17 13:36:15.349   506   506 I IMM_LC  : hsifw() - mService.hideSoftInput
10-17 13:36:16.247   506   506 I ViewRootImpl@6dcaa2e[MainActivity]: ViewPostIme pointer 0
10-17 13:36:16.334   506   506 I ViewRootImpl@6dcaa2e[MainActivity]: ViewPostIme pointer 1
10-17 13:36:17.469   506   506 I ViewRootImpl@6dcaa2e[MainActivity]: ViewPostIme pointer 0
10-17 13:36:17.568   506   506 I ViewRootImpl@6dcaa2e[MainActivity]: ViewPostIme pointer 1
10-17 13:36:17.597   506   506 I Dialog  : mIsDeviceDefault = false, mIsSamsungBasicInteraction = false, isMetaDataInActivity = false
10-17 13:36:17.601   506   506 I DecorView: [INFO] isPopOver=false config=false
10-17 13:36:17.601   506   506 I DecorView: updateCaptionType: isFloating=true isApplication=true hasWindowDecorCaption=false this=DecorView@1de1210[]
10-17 13:36:17.601   506   506 D DecorView: setCaptionType = 0, this = DecorView@1de1210[]
10-17 13:36:17.603   506   506 I DecorView: setWindowBackground: isPopOver=false color=ff010101 d=android.graphics.drawable.InsetDrawable@cef1f0e
10-17 13:36:17.619   506   506 D ScrollView: initGoToTop
10-17 13:36:17.633   506   529 D NativeCustomFrequencyManager: [NativeCFMS] BpCustomFrequencyManager::BpCustomFrequencyManager()
10-17 13:36:17.633   506   506 I DecorView: onImmersiveModeChanged: isStatusBarHidden=true
10-17 13:36:17.642   506   506 D InsetsController: onStateChanged: InsetsState: {mDisplayFrame=Rect(0, 0 - 1080, 2400), mDisplayCutout=DisplayCutout{insets=Rect(0, 88 - 0, 0) waterfall=Insets{left=0, top=0, right=0, bottom=0} boundingRect={Bounds=[Rect(0, 0 - 0, 0), Rect(512, 0 - 568, 88), Rect(0, 0 - 0, 0), Rect(0, 0 - 0, 0)]} cutoutPathParserInfo={CutoutPathParserInfo{displayWidth=1080 displayHeight=2400 physicalDisplayWidth=1080 physicalDisplayHeight=2400 density={2.625} cutoutSpec={M 0,0 M 0,12.25101276465640 a 10.60613009248640,10.60613009248640 0 1,0 0,21.21226018497290 a 10.60613009248640,10.60613009248640 0 1,0 0,-21.21226018497290 Z @dp} rotation={0} scale={1.0} physicalPixelDisplaySizeRatio={1.0}}}}, mRoundedCorners=RoundedCorners{[RoundedCorner{position=TopLeft, radius=84, center=Point(84, 84)}, RoundedCorner{position=TopRight, radius=84, center=Point(996, 84)}, RoundedCorner{position=BottomRight, radius=84, center=Point(996, 2316)}, RoundedCorner{position=BottomLeft, radius=84, center=Point(84, 2316)}]}  mRoundedCornerFrame=Rect(0, 0 - 1080, 2400), mPrivacyIndicatorBounds=PrivacyIndicatorBounds {static bounds=Rect(964, 0 - 1080, 87) rotation=0}, mSources= { InsetsSource: {mType=ITYPE_STATUS_BAR, mFrame=[0,0][1080,88], mVisible=true, mInsetsRoundedCornerFrame=false}, InsetsSource: {mType=ITYPE_NAVIGATION_BAR, mFrame=[0,2361][1080,2400], mVisible=true, mInsetsRoundedCornerFrame=false}, InsetsSource: {mType=ITYPE_LEFT_GESTURES, mFrame=[0,0][130,2400], mVisible=true, mInsetsRoundedCornerFrame=false}, InsetsSource: {mType=ITYPE_RIGHT_GESTURES, mFrame=[950,0][1080,2400], mVisible=true, mInsetsRoundedCornerFrame=false}, InsetsSource: {mType=ITYPE_TOP_MANDATORY_GESTURES, mFrame=[0,0][1080,120], mVisible=true, mInsetsRoundedCornerFrame=false}, InsetsSource: {mType=ITYPE_BOTTOM_MANDATORY_GESTURES, mFrame=[0,2316][1080,2400], mVisible=true, mInsetsRoundedCornerFrame=false}, InsetsSource: {mType=ITYPE_LEFT_DISPLAY_CUTOUT, mFrame=[0,0][-100000,2400], mVisible=true, mInsetsRoundedCornerFrame=false}, InsetsSource: {mType=ITYPE_TOP_DISPLAY_CUTOUT, mFrame=[0,0][1080,88], mVisible=true, mInsetsRoundedCornerFrame=false}, InsetsSource: {mType=ITYPE_RIGHT_DISPLAY_CUTOUT, mFrame=[100000,0][1080,2400], mVisible=true, mInsetsRoundedCornerFrame=false}, InsetsSource: {mType=ITYPE_BOTTOM_DISPLAY_CUTOUT, mFrame=[0,100000][1080,2400], mVisible=true, mInsetsRoundedCornerFrame=false}, InsetsSource: {mType=ITYPE_TOP_TAPPABLE_ELEMENT, mFrame=[0,0][1080,88], mVisible=true, mInsetsRoundedCornerFrame=false}, InsetsSource: {mType=ITYPE_BOTTOM_TAPPABLE_ELEMENT, mFrame=[0,0][0,0], mVisible=true, mInsetsRoundedCornerFrame=false} } host=com.lagradost.cloudstream3/com.lagradost.cloudstream3.MainActivity from=android.view.ViewRootImpl.setView:1732
10-17 13:36:17.644   506   506 I ViewRootImpl@d960935[MainActivity]: setView = com.android.internal.policy.DecorView@1de1210 TM=true
