10-17 12:32:41.335 18439 18439 D SurfaceView@29ea600: updateSurface: has no frame
10-17 12:32:41.337 18439 18439 I SurfaceView@29ea600: Changes: creating=true format=true size=true visible=true alpha=false hint=false mUseAlpha=false visible=true left=true top=true
10-17 12:32:41.339 18439 18439 I BLASTBufferQueue: update, w= 1080 h= 525 mName = null mNativeObject= 0x7b46b7b600 sc.mNativeObject= 0x7ae5d435c0 format= 4 caller= android.view.SurfaceView.createBlastSurfaceControls:1383 android.view.SurfaceView.updateSurface:1079 android.view.SurfaceView.lambda$new$0$android-view-SurfaceView:200 android.view.SurfaceView$$ExternalSyntheticLambda5.onPreDraw:2 android.view.ViewTreeObserver.dispatchOnPreDraw:1121 android.view.ViewRootImpl.performTraversals:4442 
10-17 12:32:41.339 18439 18439 I SurfaceView@29ea600: 43951616 Cur surface: Surface(name=null)/@0x4d2e82c
10-17 12:32:41.339 18439 18439 I SurfaceView@29ea600: pST: sr = Rect(0, 218 - 1080, 743) sw = 1080 sh = 525
10-17 12:32:41.339 18439 18439 D SurfaceView@29ea600: performSurfaceTransaction RenderWorker position = [0, 218, 1080, 743] surfaceSize = 1080x525
10-17 12:32:41.340 18439 18439 I SurfaceView@29ea600: applyTransactionOnVriDraw: vri = ViewRootImpl@562a9cf[MainActivity] fRS = false t = 0x7af9434000 android.view.SurfaceView.performSurfaceTransaction:959 android.view.SurfaceView.updateSurface:1105 android.view.SurfaceView.lambda$new$0$android-view-SurfaceView:200 
10-17 12:32:41.340 18439 18439 I ViewRootImpl@562a9cf[MainActivity]: applyTransactionOnDraw: mRemoved = false isHardwareEnabled = true t = 0x7af9434000android.view.SurfaceView.applyTransactionOnVriDraw:2048 android.view.SurfaceView.performSurfaceTransaction:959 android.view.SurfaceView.updateSurface:1105 android.view.SurfaceView.lambda$new$0$android-view-SurfaceView:200 android.view.SurfaceView$$ExternalSyntheticLambda5.onPreDraw:2 
10-17 12:32:41.340 18439 18439 I SurfaceView@29ea600: updateSurface: mVisible = true mSurface.isValid() = true
10-17 12:32:41.340 18439 18439 I SurfaceView@29ea600: updateSurface: mSurfaceCreated = false surfaceChanged = true visibleChanged = true
10-17 12:32:41.340 18439 18439 I SurfaceView@29ea600: visibleChanged -- surfaceCreated
10-17 12:32:41.340 18439 18439 I SurfaceView@29ea600: surfaceCreated 0 #8 android.view.SurfaceView{29ea600 V.E..V... ......ID 0,0-1080,525}
10-17 12:32:41.340 18439 18439 I SurfaceView@29ea600: surfaceChanged -- format=4 w=1080 h=525
10-17 12:32:41.340 18439 18439 I SurfaceView@29ea600: surfaceChanged (1080,525) 0 #8 android.view.SurfaceView{29ea600 V.E..V... ......ID 0,0-1080,525}
10-17 12:32:41.340 18439 18439 I SurfaceView@29ea600: surfaceRedrawNeeded
10-17 12:32:41.340 18439 18439 V SurfaceView@29ea600: Layout: x=0 y=218 w=1080 h=525, frame=Rect(0, 0 - 1080, 525)
10-17 12:32:41.360 18439 18516 D SurfaceView@29ea600: updateSurfacePosition RenderWorker, frameNr = 1140, position = [0, 218, 1080, 743] surfaceSize = 1080x525
10-17 12:32:41.360 18439 18516 I SurfaceView@29ea600: uSP: rtp = Rect(0, 218 - 1080, 743) rtsw = 1080 rtsh = 525
10-17 12:32:41.360 18439 18516 I SurfaceView@29ea600: onSSPAndSRT: pl = 0 pt = 218 sx = 1.0 sy = 1.0
10-17 12:32:41.361 18439 18516 I SurfaceView@29ea600: aOrMT: ViewRootImpl@562a9cf[MainActivity] t = android.view.SurfaceControl$Transaction@2577530 fN = 1140 android.view.SurfaceView.-$$Nest$mapplyOrMergeTransaction:0 android.view.SurfaceView$SurfaceViewPositionUpdateListener.positionChanged:1537 android.graphics.RenderNode$CompositePositionUpdateListener.positionChanged:373 
10-17 12:32:41.361 18439 18516 I ViewRootImpl@562a9cf[MainActivity]: mWNT: t=0x7af9434100 mBlastBufferQueue=0x7b5b94ed00 fn= 1140 caller= android.view.SurfaceView.applyOrMergeTransaction:1455 android.view.SurfaceView.-$$Nest$mapplyOrMergeTransaction:0 android.view.SurfaceView$SurfaceViewPositionUpdateListener.positionChanged:1537 
10-17 12:32:41.361 18439 18516 I ViewRootImpl@562a9cf[MainActivity]: mWNT: t=0x7af9434000 mBlastBufferQueue=0x7b5b94ed00 fn= 1140 caller= android.view.ViewRootImpl.lambda$applyTransactionOnDraw$11$android-view-ViewRootImpl:12865 android.view.ViewRootImpl$$ExternalSyntheticLambda1.onFrameDraw:4 android.graphics.HardwareRenderer$FrameDrawingCallback.onFrameDraw:924 
10-17 12:32:41.389 18439 18439 I SurfaceView@29ea600: finishedDrawing
10-17 12:32:42.231 18439 18439 I ViewRootImpl@562a9cf[MainActivity]: ViewPostIme pointer 0
10-17 12:32:42.265 18439 18439 I SurfaceView@29ea600: Changes: creating=false format=false size=false visible=false alpha=false hint=false mUseAlpha=false visible=false left=false top=true
10-17 12:32:42.265 18439 18439 I SurfaceView@29ea600: 43951616 Cur surface: Surface(name=null)/@0x4d2e82c
10-17 12:32:42.265 18439 18439 I SurfaceView@29ea600: applyTransactionOnVriDraw: vri = ViewRootImpl@562a9cf[MainActivity] fRS = false t = 0x7b1c2cd000 android.view.SurfaceView.performSurfaceTransaction:959 android.view.SurfaceView.updateSurface:1105 android.view.SurfaceView.lambda$new$0$android-view-SurfaceView:200 
10-17 12:32:42.266 18439 18439 I ViewRootImpl@562a9cf[MainActivity]: applyTransactionOnDraw: mRemoved = false isHardwareEnabled = true t = 0x7b1c2cd000android.view.SurfaceView.applyTransactionOnVriDraw:2048 android.view.SurfaceView.performSurfaceTransaction:959 android.view.SurfaceView.updateSurface:1105 android.view.SurfaceView.lambda$new$0$android-view-SurfaceView:200 android.view.SurfaceView$$ExternalSyntheticLambda5.onPreDraw:2 
10-17 12:32:42.266 18439 18439 I SurfaceView@29ea600: updateSurface: mVisible = true mSurface.isValid() = true
10-17 12:32:42.266 18439 18439 I SurfaceView@29ea600: updateSurface: mSurfaceCreated = true surfaceChanged = false visibleChanged = false
10-17 12:32:42.266 18439 18439 V SurfaceView@29ea600: Layout: x=0 y=211 w=1080 h=525, frame=Rect(0, 0 - 1080, 525)
10-17 12:32:42.281 18439 18515 D SurfaceView@29ea600: updateSurfacePosition RenderWorker, frameNr = 1170, position = [0, 211, 1080, 736] surfaceSize = 1080x525
10-17 12:32:42.281 18439 18515 I SurfaceView@29ea600: uSP: rtp = Rect(0, 211 - 1080, 736) rtsw = 1080 rtsh = 525
10-17 12:32:42.281 18439 18515 I SurfaceView@29ea600: onSSPAndSRT: pl = 0 pt = 211 sx = 1.0 sy = 1.0
10-17 12:32:42.281 18439 18515 I SurfaceView@29ea600: aOrMT: ViewRootImpl@562a9cf[MainActivity] t = android.view.SurfaceControl$Transaction@2577530 fN = 1170 android.view.SurfaceView.-$$Nest$mapplyOrMergeTransaction:0 android.view.SurfaceView$SurfaceViewPositionUpdateListener.positionChanged:1537 android.graphics.RenderNode$CompositePositionUpdateListener.positionChanged:373 
10-17 12:32:42.282 18439 18515 I ViewRootImpl@562a9cf[MainActivity]: mWNT: t=0x7af9434100 mBlastBufferQueue=0x7b5b94ed00 fn= 1170 caller= android.view.SurfaceView.applyOrMergeTransaction:1455 android.view.SurfaceView.-$$Nest$mapplyOrMergeTransaction:0 android.view.SurfaceView$SurfaceViewPositionUpdateListener.positionChanged:1537 
10-17 12:32:42.282 18439 18515 I ViewRootImpl@562a9cf[MainActivity]: mWNT: t=0x7b1c2cd000 mBlastBufferQueue=0x7b5b94ed00 fn= 1170 caller= android.view.ViewRootImpl.lambda$applyTransactionOnDraw$11$android-view-ViewRootImpl:12865 android.view.ViewRootImpl$$ExternalSyntheticLambda1.onFrameDraw:4 android.graphics.HardwareRenderer$FrameDrawingCallback.onFrameDraw:924 
10-17 12:32:42.287 18439 18439 I SurfaceView@29ea600: Changes: creating=false format=false size=false visible=false alpha=false hint=false mUseAlpha=false visible=false left=false top=true
10-17 12:32:42.287 18439 18439 I SurfaceView@29ea600: 43951616 Cur surface: Surface(name=null)/@0x4d2e82c
10-17 12:32:42.288 18439 18439 I SurfaceView@29ea600: applyTransactionOnVriDraw: vri = ViewRootImpl@562a9cf[MainActivity] fRS = false t = 0x7b1c57e300 android.view.SurfaceView.performSurfaceTransaction:959 android.view.SurfaceView.updateSurface:1105 android.view.SurfaceView.lambda$new$0$android-view-SurfaceView:200 
10-17 12:32:42.289 18439 18439 I ViewRootImpl@562a9cf[MainActivity]: applyTransactionOnDraw: mRemoved = false isHardwareEnabled = true t = 0x7b1c57e300android.view.SurfaceView.applyTransactionOnVriDraw:2048 android.view.SurfaceView.performSurfaceTransaction:959 android.view.SurfaceView.updateSurface:1105 android.view.SurfaceView.lambda$new$0$android-view-SurfaceView:200 android.view.SurfaceView$$ExternalSyntheticLambda5.onPreDraw:2 
10-17 12:32:42.289 18439 18439 I SurfaceView@29ea600: updateSurface: mVisible = true mSurface.isValid() = true
10-17 12:32:42.289 18439 18439 I SurfaceView@29ea600: updateSurface: mSurfaceCreated = true surfaceChanged = false visibleChanged = false
10-17 12:32:42.289 18439 18439 V SurfaceView@29ea600: Layout: x=0 y=158 w=1080 h=525, frame=Rect(0, 0 - 1080, 525)
10-17 12:32:42.298 18439 18516 D SurfaceView@29ea600: updateSurfacePosition RenderWorker, frameNr = 1171, position = [0, 158, 1080, 683] surfaceSize = 1080x525
10-17 12:32:42.298 18439 18516 I SurfaceView@29ea600: uSP: rtp = Rect(0, 158 - 1080, 683) rtsw = 1080 rtsh = 525
10-17 12:32:42.299 18439 18516 I SurfaceView@29ea600: onSSPAndSRT: pl = 0 pt = 158 sx = 1.0 sy = 1.0
10-17 12:32:42.299 18439 18516 I SurfaceView@29ea600: aOrMT: ViewRootImpl@562a9cf[MainActivity] t = android.view.SurfaceControl$Transaction@2577530 fN = 1171 android.view.SurfaceView.-$$Nest$mapplyOrMergeTransaction:0 android.view.SurfaceView$SurfaceViewPositionUpdateListener.positionChanged:1537 android.graphics.RenderNode$CompositePositionUpdateListener.positionChanged:373 
10-17 12:32:42.299 18439 18516 I ViewRootImpl@562a9cf[MainActivity]: mWNT: t=0x7af9434100 mBlastBufferQueue=0x7b5b94ed00 fn= 1171 caller= android.view.SurfaceView.applyOrMergeTransaction:1455 android.view.SurfaceView.-$$Nest$mapplyOrMergeTransaction:0 android.view.SurfaceView$SurfaceViewPositionUpdateListener.positionChanged:1537 
10-17 12:32:42.300 18439 18516 I ViewRootImpl@562a9cf[MainActivity]: mWNT: t=0x7b1c57e300 mBlastBufferQueue=0x7b5b94ed00 fn= 1171 caller= android.view.ViewRootImpl.lambda$applyTransactionOnDraw$11$android-view-ViewRootImpl:12865 android.view.ViewRootImpl$$ExternalSyntheticLambda1.onFrameDraw:4 android.graphics.HardwareRenderer$FrameDrawingCallback.onFrameDraw:924 
10-17 12:32:42.302 18439 18439 I SurfaceView@29ea600: Changes: creating=false format=false size=false visible=false alpha=false hint=false mUseAlpha=false visible=false left=false top=true
10-17 12:32:42.303 18439 18439 I SurfaceView@29ea600: 43951616 Cur surface: Surface(name=null)/@0x4d2e82c
10-17 12:32:42.303 18439 18439 I SurfaceView@29ea600: applyTransactionOnVriDraw: vri = ViewRootImpl@562a9cf[MainActivity] fRS = false t = 0x7b0937b500 android.view.SurfaceView.performSurfaceTransaction:959 android.view.SurfaceView.updateSurface:1105 android.view.SurfaceView.lambda$new$0$android-view-SurfaceView:200 
10-17 12:32:42.303 18439 18439 I ViewRootImpl@562a9cf[MainActivity]: applyTransactionOnDraw: mRemoved = false isHardwareEnabled = true t = 0x7b0937b500android.view.SurfaceView.applyTransactionOnVriDraw:2048 android.view.SurfaceView.performSurfaceTransaction:959 android.view.SurfaceView.updateSurface:1105 android.view.SurfaceView.lambda$new$0$android-view-SurfaceView:200 android.view.SurfaceView$$ExternalSyntheticLambda5.onPreDraw:2 
10-17 12:32:42.303 18439 18439 I SurfaceView@29ea600: updateSurface: mVisible = true mSurface.isValid() = true
10-17 12:32:42.303 18439 18439 I SurfaceView@29ea600: updateSurface: mSurfaceCreated = true surfaceChanged = false visibleChanged = false
10-17 12:32:42.304 18439 18439 V SurfaceView@29ea600: Layout: x=0 y=89 w=1080 h=525, frame=Rect(0, 0 - 1080, 525)
10-17 12:32:42.317 18439 18515 D SurfaceView@29ea600: updateSurfacePosition RenderWorker, frameNr = 1172, position = [0, 89, 1080, 614] surfaceSize = 1080x525
10-17 12:32:42.317 18439 18515 I SurfaceView@29ea600: uSP: rtp = Rect(0, 89 - 1080, 614) rtsw = 1080 rtsh = 525
10-17 12:32:42.317 18439 18515 I SurfaceView@29ea600: onSSPAndSRT: pl = 0 pt = 89 sx = 1.0 sy = 1.0
10-17 12:32:42.317 18439 18515 I SurfaceView@29ea600: aOrMT: ViewRootImpl@562a9cf[MainActivity] t = android.view.SurfaceControl$Transaction@2577530 fN = 1172 android.view.SurfaceView.-$$Nest$mapplyOrMergeTransaction:0 android.view.SurfaceView$SurfaceViewPositionUpdateListener.positionChanged:1537 android.graphics.RenderNode$CompositePositionUpdateListener.positionChanged:373 
10-17 12:32:42.317 18439 18515 I ViewRootImpl@562a9cf[MainActivity]: mWNT: t=0x7af9434100 mBlastBufferQueue=0x7b5b94ed00 fn= 1172 caller= android.view.SurfaceView.applyOrMergeTransaction:1455 android.view.SurfaceView.-$$Nest$mapplyOrMergeTransaction:0 android.view.SurfaceView$SurfaceViewPositionUpdateListener.positionChanged:1537 
10-17 12:32:42.318 18439 18515 I ViewRootImpl@562a9cf[MainActivity]: mWNT: t=0x7b0937b500 mBlastBufferQueue=0x7b5b94ed00 fn= 1172 caller= android.view.ViewRootImpl.lambda$applyTransactionOnDraw$11$android-view-ViewRootImpl:12865 android.view.ViewRootImpl$$ExternalSyntheticLambda1.onFrameDraw:4 android.graphics.HardwareRenderer$FrameDrawingCallback.onFrameDraw:924 
10-17 12:32:42.321 18439 18439 I SurfaceView@29ea600: Changes: creating=false format=false size=false visible=false alpha=false hint=false mUseAlpha=false visible=false left=false top=true
10-17 12:32:42.322 18439 18439 I SurfaceView@29ea600: 43951616 Cur surface: Surface(name=null)/@0x4d2e82c
10-17 12:32:42.322 18439 18439 I SurfaceView@29ea600: applyTransactionOnVriDraw: vri = ViewRootImpl@562a9cf[MainActivity] fRS = false t = 0x7af9434600 android.view.SurfaceView.performSurfaceTransaction:959 android.view.SurfaceView.updateSurface:1105 android.view.SurfaceView.lambda$new$0$android-view-SurfaceView:200 
10-17 12:32:42.323 18439 18439 I ViewRootImpl@562a9cf[MainActivity]: applyTransactionOnDraw: mRemoved = false isHardwareEnabled = true t = 0x7af9434600android.view.SurfaceView.applyTransactionOnVriDraw:2048 android.view.SurfaceView.performSurfaceTransaction:959 android.view.SurfaceView.updateSurface:1105 android.view.SurfaceView.lambda$new$0$android-view-SurfaceView:200 android.view.SurfaceView$$ExternalSyntheticLambda5.onPreDraw:2 
10-17 12:32:42.323 18439 18439 I SurfaceView@29ea600: updateSurface: mVisible = true mSurface.isValid() = true
10-17 12:32:42.323 18439 18439 I SurfaceView@29ea600: updateSurface: mSurfaceCreated = true surfaceChanged = false visibleChanged = false
10-17 12:32:42.323 18439 18439 V SurfaceView@29ea600: Layout: x=0 y=11 w=1080 h=525, frame=Rect(0, 0 - 1080, 525)
10-17 12:32:42.327 18439 18516 D SurfaceView@29ea600: updateSurfacePosition RenderWorker, frameNr = 1173, position = [0, 11, 1080, 536] surfaceSize = 1080x525
10-17 12:32:42.327 18439 18516 I SurfaceView@29ea600: uSP: rtp = Rect(0, 11 - 1080, 536) rtsw = 1080 rtsh = 525
10-17 12:32:42.327 18439 18516 I SurfaceView@29ea600: onSSPAndSRT: pl = 0 pt = 11 sx = 1.0 sy = 1.0
10-17 12:32:42.328 18439 18516 I SurfaceView@29ea600: aOrMT: ViewRootImpl@562a9cf[MainActivity] t = android.view.SurfaceControl$Transaction@2577530 fN = 1173 android.view.SurfaceView.-$$Nest$mapplyOrMergeTransaction:0 android.view.SurfaceView$SurfaceViewPositionUpdateListener.positionChanged:1537 android.graphics.RenderNode$CompositePositionUpdateListener.positionChanged:373 
10-17 12:32:42.328 18439 18516 I ViewRootImpl@562a9cf[MainActivity]: mWNT: t=0x7af9434100 mBlastBufferQueue=0x7b5b94ed00 fn= 1173 caller= android.view.SurfaceView.applyOrMergeTransaction:1455 android.view.SurfaceView.-$$Nest$mapplyOrMergeTransaction:0 android.view.SurfaceView$SurfaceViewPositionUpdateListener.positionChanged:1537 
10-17 12:32:42.329 18439 18516 I ViewRootImpl@562a9cf[MainActivity]: mWNT: t=0x7af9434600 mBlastBufferQueue=0x7b5b94ed00 fn= 1173 caller= android.view.ViewRootImpl.lambda$applyTransactionOnDraw$11$android-view-ViewRootImpl:12865 android.view.ViewRootImpl$$ExternalSyntheticLambda1.onFrameDraw:4 android.graphics.HardwareRenderer$FrameDrawingCallback.onFrameDraw:924 
10-17 12:32:42.331 18439 18439 I SurfaceView@29ea600: Changes: creating=false format=false size=false visible=false alpha=false hint=false mUseAlpha=false visible=false left=false top=true
10-17 12:32:42.332 18439 18439 I SurfaceView@29ea600: 43951616 Cur surface: Surface(name=null)/@0x4d2e82c
10-17 12:32:42.332 18439 18439 I SurfaceView@29ea600: applyTransactionOnVriDraw: vri = ViewRootImpl@562a9cf[MainActivity] fRS = false t = 0x7af9434700 android.view.SurfaceView.performSurfaceTransaction:959 android.view.SurfaceView.updateSurface:1105 android.view.SurfaceView.lambda$new$0$android-view-SurfaceView:200 
10-17 12:32:42.332 18439 18439 I ViewRootImpl@562a9cf[MainActivity]: applyTransactionOnDraw: mRemoved = false isHardwareEnabled = true t = 0x7af9434700android.view.SurfaceView.applyTransactionOnVriDraw:2048 android.view.SurfaceView.performSurfaceTransaction:959 android.view.SurfaceView.updateSurface:1105 android.view.SurfaceView.lambda$new$0$android-view-SurfaceView:200 android.view.SurfaceView$$ExternalSyntheticLambda5.onPreDraw:2 
10-17 12:32:42.332 18439 18439 I SurfaceView@29ea600: updateSurface: mVisible = true mSurface.isValid() = true
10-17 12:32:42.333 18439 18439 I SurfaceView@29ea600: updateSurface: mSurfaceCreated = true surfaceChanged = false visibleChanged = false
10-17 12:32:42.333 18439 18439 V SurfaceView@29ea600: Layout: x=0 y=-66 w=1080 h=525, frame=Rect(0, 0 - 1080, 525)
10-17 12:32:42.343 18439 18515 D SurfaceView@29ea600: updateSurfacePosition RenderWorker, frameNr = 1174, position = [0, -66, 1080, 459] surfaceSize = 1080x525
10-17 12:32:42.343 18439 18515 I SurfaceView@29ea600: uSP: rtp = Rect(0, -66 - 1080, 459) rtsw = 1080 rtsh = 525
10-17 12:32:42.343 18439 18515 I SurfaceView@29ea600: onSSPAndSRT: pl = 0 pt = -66 sx = 1.0 sy = 1.0
10-17 12:32:42.344 18439 18515 I SurfaceView@29ea600: aOrMT: ViewRootImpl@562a9cf[MainActivity] t = android.view.SurfaceControl$Transaction@2577530 fN = 1174 android.view.SurfaceView.-$$Nest$mapplyOrMergeTransaction:0 android.view.SurfaceView$SurfaceViewPositionUpdateListener.positionChanged:1537 android.graphics.RenderNode$CompositePositionUpdateListener.positionChanged:373 
10-17 12:32:42.344 18439 18515 I ViewRootImpl@562a9cf[MainActivity]: mWNT: t=0x7af9434100 mBlastBufferQueue=0x7b5b94ed00 fn= 1174 caller= android.view.SurfaceView.applyOrMergeTransaction:1455 android.view.SurfaceView.-$$Nest$mapplyOrMergeTransaction:0 android.view.SurfaceView$SurfaceViewPositionUpdateListener.positionChanged:1537 
10-17 12:32:42.345 18439 18515 I ViewRootImpl@562a9cf[MainActivity]: mWNT: t=0x7af9434700 mBlastBufferQueue=0x7b5b94ed00 fn= 1174 caller= android.view.ViewRootImpl.lambda$applyTransactionOnDraw$11$android-view-ViewRootImpl:12865 android.view.ViewRootImpl$$ExternalSyntheticLambda1.onFrameDraw:4 android.graphics.HardwareRenderer$FrameDrawingCallback.onFrameDraw:924 
10-17 12:32:42.347 18439 18439 I SurfaceView@29ea600: Changes: creating=false format=false size=false visible=false alpha=false hint=false mUseAlpha=false visible=false left=false top=true
10-17 12:32:42.347 18439 18439 I SurfaceView@29ea600: 43951616 Cur surface: Surface(name=null)/@0x4d2e82c
10-17 12:32:42.348 18439 18439 I SurfaceView@29ea600: applyTransactionOnVriDraw: vri = ViewRootImpl@562a9cf[MainActivity] fRS = false t = 0x7af9434800 android.view.SurfaceView.performSurfaceTransaction:959 android.view.SurfaceView.updateSurface:1105 android.view.SurfaceView.lambda$new$0$android-view-SurfaceView:200 
10-17 12:32:42.348 18439 18439 I ViewRootImpl@562a9cf[MainActivity]: applyTransactionOnDraw: mRemoved = false isHardwareEnabled = true t = 0x7af9434800android.view.SurfaceView.applyTransactionOnVriDraw:2048 android.view.SurfaceView.performSurfaceTransaction:959 android.view.SurfaceView.updateSurface:1105 android.view.SurfaceView.lambda$new$0$android-view-SurfaceView:200 android.view.SurfaceView$$ExternalSyntheticLambda5.onPreDraw:2 
10-17 12:32:42.348 18439 18439 I SurfaceView@29ea600: updateSurface: mVisible = true mSurface.isValid() = true
10-17 12:32:42.349 18439 18439 I SurfaceView@29ea600: updateSurface: mSurfaceCreated = true surfaceChanged = false visibleChanged = false
10-17 12:32:42.349 18439 18439 V SurfaceView@29ea600: Layout: x=0 y=-138 w=1080 h=525, frame=Rect(0, 0 - 1080, 525)
10-17 12:32:42.356 18439 18516 D SurfaceView@29ea600: updateSurfacePosition RenderWorker, frameNr = 1175, position = [0, -138, 1080, 387] surfaceSize = 1080x525
10-17 12:32:42.356 18439 18516 I SurfaceView@29ea600: uSP: rtp = Rect(0, -138 - 1080, 387) rtsw = 1080 rtsh = 525
10-17 12:32:42.356 18439 18516 I SurfaceView@29ea600: onSSPAndSRT: pl = 0 pt = -138 sx = 1.0 sy = 1.0
10-17 12:32:42.357 18439 18516 I SurfaceView@29ea600: aOrMT: ViewRootImpl@562a9cf[MainActivity] t = android.view.SurfaceControl$Transaction@2577530 fN = 1175 android.view.SurfaceView.-$$Nest$mapplyOrMergeTransaction:0 android.view.SurfaceView$SurfaceViewPositionUpdateListener.positionChanged:1537 android.graphics.RenderNode$CompositePositionUpdateListener.positionChanged:373 
10-17 12:32:42.357 18439 18516 I ViewRootImpl@562a9cf[MainActivity]: mWNT: t=0x7af9434100 mBlastBufferQueue=0x7b5b94ed00 fn= 1175 caller= android.view.SurfaceView.applyOrMergeTransaction:1455 android.view.SurfaceView.-$$Nest$mapplyOrMergeTransaction:0 android.view.SurfaceView$SurfaceViewPositionUpdateListener.positionChanged:1537 
10-17 12:32:42.358 18439 18516 I ViewRootImpl@562a9cf[MainActivity]: mWNT: t=0x7af9434800 mBlastBufferQueue=0x7b5b94ed00 fn= 1175 caller= android.view.ViewRootImpl.lambda$applyTransactionOnDraw$11$android-view-ViewRootImpl:12865 android.view.ViewRootImpl$$ExternalSyntheticLambda1.onFrameDraw:4 android.graphics.HardwareRenderer$FrameDrawingCallback.onFrameDraw:924 
10-17 12:32:42.359 18439 18439 I SurfaceView@29ea600: Changes: creating=false format=false size=false visible=false alpha=false hint=false mUseAlpha=false visible=false left=false top=true
10-17 12:32:42.359 18439 18439 I SurfaceView@29ea600: 43951616 Cur surface: Surface(name=null)/@0x4d2e82c
10-17 12:32:42.359 18439 18439 I SurfaceView@29ea600: applyTransactionOnVriDraw: vri = ViewRootImpl@562a9cf[MainActivity] fRS = false t = 0x7af9434900 android.view.SurfaceView.performSurfaceTransaction:959 android.view.SurfaceView.updateSurface:1105 android.view.SurfaceView.lambda$new$0$android-view-SurfaceView:200 
10-17 12:32:42.359 18439 18439 I ViewRootImpl@562a9cf[MainActivity]: applyTransactionOnDraw: mRemoved = false isHardwareEnabled = true t = 0x7af9434900android.view.SurfaceView.applyTransactionOnVriDraw:2048 android.view.SurfaceView.performSurfaceTransaction:959 android.view.SurfaceView.updateSurface:1105 android.view.SurfaceView.lambda$new$0$android-view-SurfaceView:200 android.view.SurfaceView$$ExternalSyntheticLambda5.onPreDraw:2 
10-17 12:32:42.359 18439 18439 I SurfaceView@29ea600: updateSurface: mVisible = true mSurface.isValid() = true
10-17 12:32:42.359 18439 18439 I SurfaceView@29ea600: updateSurface: mSurfaceCreated = true surfaceChanged = false visibleChanged = false
10-17 12:32:42.359 18439 18439 V SurfaceView@29ea600: Layout: x=0 y=-196 w=1080 h=525, frame=Rect(0, 0 - 1080, 525)
10-17 12:32:42.367 18439 18515 D SurfaceView@29ea600: updateSurfacePosition RenderWorker, frameNr = 1176, position = [0, -196, 1080, 329] surfaceSize = 1080x525
10-17 12:32:42.367 18439 18515 I SurfaceView@29ea600: uSP: rtp = Rect(0, -196 - 1080, 329) rtsw = 1080 rtsh = 525
10-17 12:32:42.367 18439 18515 I SurfaceView@29ea600: onSSPAndSRT: pl = 0 pt = -196 sx = 1.0 sy = 1.0
10-17 12:32:42.367 18439 18515 I SurfaceView@29ea600: aOrMT: ViewRootImpl@562a9cf[MainActivity] t = android.view.SurfaceControl$Transaction@2577530 fN = 1176 android.view.SurfaceView.-$$Nest$mapplyOrMergeTransaction:0 android.view.SurfaceView$SurfaceViewPositionUpdateListener.positionChanged:1537 android.graphics.RenderNode$CompositePositionUpdateListener.positionChanged:373 
10-17 12:32:42.368 18439 18515 I ViewRootImpl@562a9cf[MainActivity]: mWNT: t=0x7af9434100 mBlastBufferQueue=0x7b5b94ed00 fn= 1176 caller= android.view.SurfaceView.applyOrMergeTransaction:1455 android.view.SurfaceView.-$$Nest$mapplyOrMergeTransaction:0 android.view.SurfaceView$SurfaceViewPositionUpdateListener.positionChanged:1537 
10-17 12:32:42.368 18439 18515 I ViewRootImpl@562a9cf[MainActivity]: mWNT: t=0x7af9434900 mBlastBufferQueue=0x7b5b94ed00 fn= 1176 caller= android.view.ViewRootImpl.lambda$applyTransactionOnDraw$11$android-view-ViewRootImpl:12865 android.view.ViewRootImpl$$ExternalSyntheticLambda1.onFrameDraw:4 android.graphics.HardwareRenderer$FrameDrawingCallback.onFrameDraw:924 
10-17 12:32:42.375 18439 18439 I SurfaceView@29ea600: Changes: creating=false format=false size=false visible=false alpha=false hint=false mUseAlpha=false visible=false left=false top=true
10-17 12:32:42.375 18439 18439 I SurfaceView@29ea600: 43951616 Cur surface: Surface(name=null)/@0x4d2e82c
10-17 12:32:42.376 18439 18439 I SurfaceView@29ea600: applyTransactionOnVriDraw: vri = ViewRootImpl@562a9cf[MainActivity] fRS = false t = 0x7af9434a00 android.view.SurfaceView.performSurfaceTransaction:959 android.view.SurfaceView.updateSurface:1105 android.view.SurfaceView.lambda$new$0$android-view-SurfaceView:200 
10-17 12:32:42.376 18439 18439 I ViewRootImpl@562a9cf[MainActivity]: applyTransactionOnDraw: mRemoved = false isHardwareEnabled = true t = 0x7af9434a00android.view.SurfaceView.applyTransactionOnVriDraw:2048 android.view.SurfaceView.performSurfaceTransaction:959 android.view.SurfaceView.updateSurface:1105 android.view.SurfaceView.lambda$new$0$android-view-SurfaceView:200 android.view.SurfaceView$$ExternalSyntheticLambda5.onPreDraw:2 
10-17 12:32:42.376 18439 18439 I SurfaceView@29ea600: updateSurface: mVisible = true mSurface.isValid() = true
10-17 12:32:42.376 18439 18439 I SurfaceView@29ea600: updateSurface: mSurfaceCreated = true surfaceChanged = false visibleChanged = false
10-17 12:32:42.376 18439 18439 V SurfaceView@29ea600: Layout: x=0 y=-242 w=1080 h=525, frame=Rect(0, 0 - 1080, 525)
10-17 12:32:42.384 18439 18516 D SurfaceView@29ea600: updateSurfacePosition RenderWorker, frameNr = 1177, position = [0, -242, 1080, 283] surfaceSize = 1080x525
10-17 12:32:42.384 18439 18516 I SurfaceView@29ea600: uSP: rtp = Rect(0, -242 - 1080, 283) rtsw = 1080 rtsh = 525
10-17 12:32:42.384 18439 18516 I SurfaceView@29ea600: onSSPAndSRT: pl = 0 pt = -242 sx = 1.0 sy = 1.0
10-17 12:32:42.384 18439 18516 I SurfaceView@29ea600: aOrMT: ViewRootImpl@562a9cf[MainActivity] t = android.view.SurfaceControl$Transaction@2577530 fN = 1177 android.view.SurfaceView.-$$Nest$mapplyOrMergeTransaction:0 android.view.SurfaceView$SurfaceViewPositionUpdateListener.positionChanged:1537 android.graphics.RenderNode$CompositePositionUpdateListener.positionChanged:373 
10-17 12:32:42.385 18439 18516 I ViewRootImpl@562a9cf[MainActivity]: mWNT: t=0x7af9434100 mBlastBufferQueue=0x7b5b94ed00 fn= 1177 caller= android.view.SurfaceView.applyOrMergeTransaction:1455 android.view.SurfaceView.-$$Nest$mapplyOrMergeTransaction:0 android.view.SurfaceView$SurfaceViewPositionUpdateListener.positionChanged:1537 
10-17 12:32:42.385 18439 18516 I ViewRootImpl@562a9cf[MainActivity]: mWNT: t=0x7af9434a00 mBlastBufferQueue=0x7b5b94ed00 fn= 1177 caller= android.view.ViewRootImpl.lambda$applyTransactionOnDraw$11$android-view-ViewRootImpl:12865 android.view.ViewRootImpl$$ExternalSyntheticLambda1.onFrameDraw:4 android.graphics.HardwareRenderer$FrameDrawingCallback.onFrameDraw:924 
10-17 12:32:42.392 18439 18439 I SurfaceView@29ea600: Changes: creating=false format=false size=false visible=false alpha=false hint=false mUseAlpha=false visible=false left=false top=true
10-17 12:32:42.392 18439 18439 I SurfaceView@29ea600: 43951616 Cur surface: Surface(name=null)/@0x4d2e82c
10-17 12:32:42.392 18439 18439 I SurfaceView@29ea600: applyTransactionOnVriDraw: vri = ViewRootImpl@562a9cf[MainActivity] fRS = false t = 0x7af9434b00 android.view.SurfaceView.performSurfaceTransaction:959 android.view.SurfaceView.updateSurface:1105 android.view.SurfaceView.lambda$new$0$android-view-SurfaceView:200 
10-17 12:32:42.392 18439 18439 I ViewRootImpl@562a9cf[MainActivity]: applyTransactionOnDraw: mRemoved = false isHardwareEnabled = true t = 0x7af9434b00android.view.SurfaceView.applyTransactionOnVriDraw:2048 android.view.SurfaceView.performSurfaceTransaction:959 android.view.SurfaceView.updateSurface:1105 android.view.SurfaceView.lambda$new$0$android-view-SurfaceView:200 android.view.SurfaceView$$ExternalSyntheticLambda5.onPreDraw:2 
10-17 12:32:42.392 18439 18439 I SurfaceView@29ea600: updateSurface: mVisible = true mSurface.isValid() = true
10-17 12:32:42.392 18439 18439 I SurfaceView@29ea600: updateSurface: mSurfaceCreated = true surfaceChanged = false visibleChanged = false
10-17 12:32:42.392 18439 18439 V SurfaceView@29ea600: Layout: x=0 y=-274 w=1080 h=525, frame=Rect(0, 0 - 1080, 525)
10-17 12:32:42.399 18439 18515 D SurfaceView@29ea600: updateSurfacePosition RenderWorker, frameNr = 1178, position = [0, -274, 1080, 251] surfaceSize = 1080x525
10-17 12:32:42.400 18439 18515 I SurfaceView@29ea600: uSP: rtp = Rect(0, -274 - 1080, 251) rtsw = 1080 rtsh = 525
10-17 12:32:42.400 18439 18515 I SurfaceView@29ea600: onSSPAndSRT: pl = 0 pt = -274 sx = 1.0 sy = 1.0
10-17 12:32:42.400 18439 18515 I SurfaceView@29ea600: aOrMT: ViewRootImpl@562a9cf[MainActivity] t = android.view.SurfaceControl$Transaction@2577530 fN = 1178 android.view.SurfaceView.-$$Nest$mapplyOrMergeTransaction:0 android.view.SurfaceView$SurfaceViewPositionUpdateListener.positionChanged:1537 android.graphics.RenderNode$CompositePositionUpdateListener.positionChanged:373 
10-17 12:32:42.400 18439 18515 I ViewRootImpl@562a9cf[MainActivity]: mWNT: t=0x7af9434100 mBlastBufferQueue=0x7b5b94ed00 fn= 1178 caller= android.view.SurfaceView.applyOrMergeTransaction:1455 android.view.SurfaceView.-$$Nest$mapplyOrMergeTransaction:0 android.view.SurfaceView$SurfaceViewPositionUpdateListener.positionChanged:1537 
10-17 12:32:42.401 18439 18515 I ViewRootImpl@562a9cf[MainActivity]: mWNT: t=0x7af9434b00 mBlastBufferQueue=0x7b5b94ed00 fn= 1178 caller= android.view.ViewRootImpl.lambda$applyTransactionOnDraw$11$android-view-ViewRootImpl:12865 android.view.ViewRootImpl$$ExternalSyntheticLambda1.onFrameDraw:4 android.graphics.HardwareRenderer$FrameDrawingCallback.onFrameDraw:924 
10-17 12:32:42.409 18439 18439 I SurfaceView@29ea600: Changes: creating=false format=false size=false visible=false alpha=false hint=false mUseAlpha=false visible=false left=false top=true
10-17 12:32:42.409 18439 18439 I SurfaceView@29ea600: 43951616 Cur surface: Surface(name=null)/@0x4d2e82c
10-17 12:32:42.409 18439 18439 I SurfaceView@29ea600: applyTransactionOnVriDraw: vri = ViewRootImpl@562a9cf[MainActivity] fRS = false t = 0x7af9434c00 android.view.SurfaceView.performSurfaceTransaction:959 android.view.SurfaceView.updateSurface:1105 android.view.SurfaceView.lambda$new$0$android-view-SurfaceView:200 
10-17 12:32:42.409 18439 18439 I ViewRootImpl@562a9cf[MainActivity]: applyTransactionOnDraw: mRemoved = false isHardwareEnabled = true t = 0x7af9434c00android.view.SurfaceView.applyTransactionOnVriDraw:2048 android.view.SurfaceView.performSurfaceTransaction:959 android.view.SurfaceView.updateSurface:1105 android.view.SurfaceView.lambda$new$0$android-view-SurfaceView:200 android.view.SurfaceView$$ExternalSyntheticLambda5.onPreDraw:2 
10-17 12:32:42.409 18439 18439 I SurfaceView@29ea600: updateSurface: mVisible = true mSurface.isValid() = true
10-17 12:32:42.409 18439 18439 I SurfaceView@29ea600: updateSurface: mSurfaceCreated = true surfaceChanged = false visibleChanged = false
10-17 12:32:42.409 18439 18439 V SurfaceView@29ea600: Layout: x=0 y=-297 w=1080 h=525, frame=Rect(0, 0 - 1080, 525)
10-17 12:32:42.417 18439 18516 D SurfaceView@29ea600: updateSurfacePosition RenderWorker, frameNr = 1179, position = [0, -297, 1080, 228] surfaceSize = 1080x525
10-17 12:32:42.418 18439 18516 I SurfaceView@29ea600: uSP: rtp = Rect(0, -297 - 1080, 228) rtsw = 1080 rtsh = 525
10-17 12:32:42.418 18439 18516 I SurfaceView@29ea600: onSSPAndSRT: pl = 0 pt = -297 sx = 1.0 sy = 1.0
10-17 12:32:42.418 18439 18516 I SurfaceView@29ea600: aOrMT: ViewRootImpl@562a9cf[MainActivity] t = android.view.SurfaceControl$Transaction@2577530 fN = 1179 android.view.SurfaceView.-$$Nest$mapplyOrMergeTransaction:0 android.view.SurfaceView$SurfaceViewPositionUpdateListener.positionChanged:1537 android.graphics.RenderNode$CompositePositionUpdateListener.positionChanged:373 
10-17 12:32:42.418 18439 18516 I ViewRootImpl@562a9cf[MainActivity]: mWNT: t=0x7af9434100 mBlastBufferQueue=0x7b5b94ed00 fn= 1179 caller= android.view.SurfaceView.applyOrMergeTransaction:1455 android.view.SurfaceView.-$$Nest$mapplyOrMergeTransaction:0 android.view.SurfaceView$SurfaceViewPositionUpdateListener.positionChanged:1537 
10-17 12:32:42.419 18439 18516 I ViewRootImpl@562a9cf[MainActivity]: mWNT: t=0x7af9434c00 mBlastBufferQueue=0x7b5b94ed00 fn= 1179 caller= android.view.ViewRootImpl.lambda$applyTransactionOnDraw$11$android-view-ViewRootImpl:12865 android.view.ViewRootImpl$$ExternalSyntheticLambda1.onFrameDraw:4 android.graphics.HardwareRenderer$FrameDrawingCallback.onFrameDraw:924 
10-17 12:32:42.425 18439 18439 I SurfaceView@29ea600: Changes: creating=false format=false size=false visible=false alpha=false hint=false mUseAlpha=false visible=false left=false top=true
10-17 12:32:42.425 18439 18439 I SurfaceView@29ea600: 43951616 Cur surface: Surface(name=null)/@0x4d2e82c
10-17 12:32:42.426 18439 18439 I SurfaceView@29ea600: applyTransactionOnVriDraw: vri = ViewRootImpl@562a9cf[MainActivity] fRS = false t = 0x7af9434d00 android.view.SurfaceView.performSurfaceTransaction:959 android.view.SurfaceView.updateSurface:1105 android.view.SurfaceView.lambda$new$0$android-view-SurfaceView:200 
10-17 12:32:42.426 18439 18439 I ViewRootImpl@562a9cf[MainActivity]: applyTransactionOnDraw: mRemoved = false isHardwareEnabled = true t = 0x7af9434d00android.view.SurfaceView.applyTransactionOnVriDraw:2048 android.view.SurfaceView.performSurfaceTransaction:959 android.view.SurfaceView.updateSurface:1105 android.view.SurfaceView.lambda$new$0$android-view-SurfaceView:200 android.view.SurfaceView$$ExternalSyntheticLambda5.onPreDraw:2 
10-17 12:32:42.426 18439 18439 I SurfaceView@29ea600: updateSurface: mVisible = true mSurface.isValid() = true
10-17 12:32:42.426 18439 18439 I SurfaceView@29ea600: updateSurface: mSurfaceCreated = true surfaceChanged = false visibleChanged = false
10-17 12:32:42.426 18439 18439 V SurfaceView@29ea600: Layout: x=0 y=-315 w=1080 h=525, frame=Rect(0, 0 - 1080, 525)
10-17 12:32:42.434 18439 18515 D SurfaceView@29ea600: updateSurfacePosition RenderWorker, frameNr = 1180, position = [0, -315, 1080, 210] surfaceSize = 1080x525
10-17 12:32:42.434 18439 18515 I SurfaceView@29ea600: uSP: rtp = Rect(0, -315 - 1080, 210) rtsw = 1080 rtsh = 525
10-17 12:32:42.434 18439 18515 I SurfaceView@29ea600: onSSPAndSRT: pl = 0 pt = -315 sx = 1.0 sy = 1.0
10-17 12:32:42.434 18439 18515 I SurfaceView@29ea600: aOrMT: ViewRootImpl@562a9cf[MainActivity] t = android.view.SurfaceControl$Transaction@2577530 fN = 1180 android.view.SurfaceView.-$$Nest$mapplyOrMergeTransaction:0 android.view.SurfaceView$SurfaceViewPositionUpdateListener.positionChanged:1537 android.graphics.RenderNode$CompositePositionUpdateListener.positionChanged:373 
10-17 12:32:42.435 18439 18515 I ViewRootImpl@562a9cf[MainActivity]: mWNT: t=0x7af9434100 mBlastBufferQueue=0x7b5b94ed00 fn= 1180 caller= android.view.SurfaceView.applyOrMergeTransaction:1455 android.view.SurfaceView.-$$Nest$mapplyOrMergeTransaction:0 android.view.SurfaceView$SurfaceViewPositionUpdateListener.positionChanged:1537 
10-17 12:32:42.435 18439 18515 I ViewRootImpl@562a9cf[MainActivity]: mWNT: t=0x7af9434d00 mBlastBufferQueue=0x7b5b94ed00 fn= 1180 caller= android.view.ViewRootImpl.lambda$applyTransactionOnDraw$11$android-view-ViewRootImpl:12865 android.view.ViewRootImpl$$ExternalSyntheticLambda1.onFrameDraw:4 android.graphics.HardwareRenderer$FrameDrawingCallback.onFrameDraw:924 
10-17 12:32:42.442 18439 18439 I SurfaceView@29ea600: Changes: creating=false format=false size=false visible=false alpha=false hint=false mUseAlpha=false visible=false left=false top=true
10-17 12:32:42.442 18439 18439 I SurfaceView@29ea600: 43951616 Cur surface: Surface(name=null)/@0x4d2e82c
10-17 12:32:42.443 18439 18439 I SurfaceView@29ea600: applyTransactionOnVriDraw: vri = ViewRootImpl@562a9cf[MainActivity] fRS = false t = 0x7af9434e00 android.view.SurfaceView.performSurfaceTransaction:959 android.view.SurfaceView.updateSurface:1105 android.view.SurfaceView.lambda$new$0$android-view-SurfaceView:200 
10-17 12:32:42.443 18439 18439 I ViewRootImpl@562a9cf[MainActivity]: applyTransactionOnDraw: mRemoved = false isHardwareEnabled = true t = 0x7af9434e00android.view.SurfaceView.applyTransactionOnVriDraw:2048 android.view.SurfaceView.performSurfaceTransaction:959 android.view.SurfaceView.updateSurface:1105 android.view.SurfaceView.lambda$new$0$android-view-SurfaceView:200 android.view.SurfaceView$$ExternalSyntheticLambda5.onPreDraw:2 
10-17 12:32:42.443 18439 18439 I SurfaceView@29ea600: updateSurface: mVisible = true mSurface.isValid() = true
10-17 12:32:42.443 18439 18439 I SurfaceView@29ea600: updateSurface: mSurfaceCreated = true surfaceChanged = false visibleChanged = false
10-17 12:32:42.443 18439 18439 V SurfaceView@29ea600: Layout: x=0 y=-328 w=1080 h=525, frame=Rect(0, 0 - 1080, 525)
10-17 12:32:42.451 18439 18516 D SurfaceView@29ea600: updateSurfacePosition RenderWorker, frameNr = 1181, position = [0, -328, 1080, 197] surfaceSize = 1080x525
10-17 12:32:42.451 18439 18516 I SurfaceView@29ea600: uSP: rtp = Rect(0, -328 - 1080, 197) rtsw = 1080 rtsh = 525
10-17 12:32:42.451 18439 18516 I SurfaceView@29ea600: onSSPAndSRT: pl = 0 pt = -328 sx = 1.0 sy = 1.0
10-17 12:32:42.451 18439 18516 I SurfaceView@29ea600: aOrMT: ViewRootImpl@562a9cf[MainActivity] t = android.view.SurfaceControl$Transaction@2577530 fN = 1181 android.view.SurfaceView.-$$Nest$mapplyOrMergeTransaction:0 android.view.SurfaceView$SurfaceViewPositionUpdateListener.positionChanged:1537 android.graphics.RenderNode$CompositePositionUpdateListener.positionChanged:373 
10-17 12:32:42.452 18439 18516 I ViewRootImpl@562a9cf[MainActivity]: mWNT: t=0x7af9434100 mBlastBufferQueue=0x7b5b94ed00 fn= 1181 caller= android.view.SurfaceView.applyOrMergeTransaction:1455 android.view.SurfaceView.-$$Nest$mapplyOrMergeTransaction:0 android.view.SurfaceView$SurfaceViewPositionUpdateListener.positionChanged:1537 
10-17 12:32:42.452 18439 18516 I ViewRootImpl@562a9cf[MainActivity]: mWNT: t=0x7af9434e00 mBlastBufferQueue=0x7b5b94ed00 fn= 1181 caller= android.view.ViewRootImpl.lambda$applyTransactionOnDraw$11$android-view-ViewRootImpl:12865 android.view.ViewRootImpl$$ExternalSyntheticLambda1.onFrameDraw:4 android.graphics.HardwareRenderer$FrameDrawingCallback.onFrameDraw:924 
10-17 12:32:42.459 18439 18439 I SurfaceView@29ea600: Changes: creating=false format=false size=false visible=false alpha=false hint=false mUseAlpha=false visible=false left=false top=true
10-17 12:32:42.459 18439 18439 I SurfaceView@29ea600: 43951616 Cur surface: Surface(name=null)/@0x4d2e82c
10-17 12:32:42.459 18439 18439 I SurfaceView@29ea600: applyTransactionOnVriDraw: vri = ViewRootImpl@562a9cf[MainActivity] fRS = false t = 0x7af9434f00 android.view.SurfaceView.performSurfaceTransaction:959 android.view.SurfaceView.updateSurface:1105 android.view.SurfaceView.lambda$new$0$android-view-SurfaceView:200 
10-17 12:32:42.459 18439 18439 I ViewRootImpl@562a9cf[MainActivity]: applyTransactionOnDraw: mRemoved = false isHardwareEnabled = true t = 0x7af9434f00android.view.SurfaceView.applyTransactionOnVriDraw:2048 android.view.SurfaceView.performSurfaceTransaction:959 android.view.SurfaceView.updateSurface:1105 android.view.SurfaceView.lambda$new$0$android-view-SurfaceView:200 android.view.SurfaceView$$ExternalSyntheticLambda5.onPreDraw:2 
10-17 12:32:42.459 18439 18439 I SurfaceView@29ea600: updateSurface: mVisible = true mSurface.isValid() = true
10-17 12:32:42.460 18439 18439 I SurfaceView@29ea600: updateSurface: mSurfaceCreated = true surfaceChanged = false visibleChanged = false
10-17 12:32:42.460 18439 18439 V SurfaceView@29ea600: Layout: x=0 y=-337 w=1080 h=525, frame=Rect(0, 0 - 1080, 525)
10-17 12:32:42.468 18439 18515 D SurfaceView@29ea600: updateSurfacePosition RenderWorker, frameNr = 1182, position = [0, -337, 1080, 188] surfaceSize = 1080x525
10-17 12:32:42.468 18439 18515 I SurfaceView@29ea600: uSP: rtp = Rect(0, -337 - 1080, 188) rtsw = 1080 rtsh = 525
10-17 12:32:42.468 18439 18515 I SurfaceView@29ea600: onSSPAndSRT: pl = 0 pt = -337 sx = 1.0 sy = 1.0
10-17 12:32:42.468 18439 18515 I SurfaceView@29ea600: aOrMT: ViewRootImpl@562a9cf[MainActivity] t = android.view.SurfaceControl$Transaction@2577530 fN = 1182 android.view.SurfaceView.-$$Nest$mapplyOrMergeTransaction:0 android.view.SurfaceView$SurfaceViewPositionUpdateListener.positionChanged:1537 android.graphics.RenderNode$CompositePositionUpdateListener.positionChanged:373 
10-17 12:32:42.469 18439 18515 I ViewRootImpl@562a9cf[MainActivity]: mWNT: t=0x7af9434100 mBlastBufferQueue=0x7b5b94ed00 fn= 1182 caller= android.view.SurfaceView.applyOrMergeTransaction:1455 android.view.SurfaceView.-$$Nest$mapplyOrMergeTransaction:0 android.view.SurfaceView$SurfaceViewPositionUpdateListener.positionChanged:1537 
10-17 12:32:42.469 18439 18515 I ViewRootImpl@562a9cf[MainActivity]: mWNT: t=0x7af9434f00 mBlastBufferQueue=0x7b5b94ed00 fn= 1182 caller= android.view.ViewRootImpl.lambda$applyTransactionOnDraw$11$android-view-ViewRootImpl:12865 android.view.ViewRootImpl$$ExternalSyntheticLambda1.onFrameDraw:4 android.graphics.HardwareRenderer$FrameDrawingCallback.onFrameDraw:924 
10-17 12:32:42.476 18439 18439 I SurfaceView@29ea600: Changes: creating=false format=false size=false visible=false alpha=false hint=false mUseAlpha=false visible=false left=false top=true
10-17 12:32:42.476 18439 18439 I SurfaceView@29ea600: 43951616 Cur surface: Surface(name=null)/@0x4d2e82c
10-17 12:32:42.476 18439 18439 I SurfaceView@29ea600: applyTransactionOnVriDraw: vri = ViewRootImpl@562a9cf[MainActivity] fRS = false t = 0x7af999d300 android.view.SurfaceView.performSurfaceTransaction:959 android.view.SurfaceView.updateSurface:1105 android.view.SurfaceView.lambda$new$0$android-view-SurfaceView:200 
10-17 12:32:42.476 18439 18439 I ViewRootImpl@562a9cf[MainActivity]: applyTransactionOnDraw: mRemoved = false isHardwareEnabled = true t = 0x7af999d300android.view.SurfaceView.applyTransactionOnVriDraw:2048 android.view.SurfaceView.performSurfaceTransaction:959 android.view.SurfaceView.updateSurface:1105 android.view.SurfaceView.lambda$new$0$android-view-SurfaceView:200 android.view.SurfaceView$$ExternalSyntheticLambda5.onPreDraw:2 
10-17 12:32:42.476 18439 18439 I SurfaceView@29ea600: updateSurface: mVisible = true mSurface.isValid() = true
10-17 12:32:42.476 18439 18439 I SurfaceView@29ea600: updateSurface: mSurfaceCreated = true surfaceChanged = false visibleChanged = false
10-17 12:32:42.477 18439 18439 V SurfaceView@29ea600: Layout: x=0 y=-342 w=1080 h=525, frame=Rect(0, 0 - 1080, 525)
10-17 12:32:42.484 18439 18516 D SurfaceView@29ea600: updateSurfacePosition RenderWorker, frameNr = 1183, position = [0, -342, 1080, 183] surfaceSize = 1080x525
10-17 12:32:42.484 18439 18516 I SurfaceView@29ea600: uSP: rtp = Rect(0, -342 - 1080, 183) rtsw = 1080 rtsh = 525
10-17 12:32:42.484 18439 18516 I SurfaceView@29ea600: onSSPAndSRT: pl = 0 pt = -342 sx = 1.0 sy = 1.0
10-17 12:32:42.485 18439 18516 I SurfaceView@29ea600: aOrMT: ViewRootImpl@562a9cf[MainActivity] t = android.view.SurfaceControl$Transaction@2577530 fN = 1183 android.view.SurfaceView.-$$Nest$mapplyOrMergeTransaction:0 android.view.SurfaceView$SurfaceViewPositionUpdateListener.positionChanged:1537 android.graphics.RenderNode$CompositePositionUpdateListener.positionChanged:373 
10-17 12:32:42.485 18439 18516 I ViewRootImpl@562a9cf[MainActivity]: mWNT: t=0x7af9434100 mBlastBufferQueue=0x7b5b94ed00 fn= 1183 caller= android.view.SurfaceView.applyOrMergeTransaction:1455 android.view.SurfaceView.-$$Nest$mapplyOrMergeTransaction:0 android.view.SurfaceView$SurfaceViewPositionUpdateListener.positionChanged:1537 
10-17 12:32:42.486 18439 18516 I ViewRootImpl@562a9cf[MainActivity]: mWNT: t=0x7af999d300 mBlastBufferQueue=0x7b5b94ed00 fn= 1183 caller= android.view.ViewRootImpl.lambda$applyTransactionOnDraw$11$android-view-ViewRootImpl:12865 android.view.ViewRootImpl$$ExternalSyntheticLambda1.onFrameDraw:4 android.graphics.HardwareRenderer$FrameDrawingCallback.onFrameDraw:924 
10-17 12:32:42.492 18439 18439 I SurfaceView@29ea600: Changes: creating=false format=false size=false visible=false alpha=false hint=false mUseAlpha=false visible=false left=false top=true
10-17 12:32:42.492 18439 18439 I SurfaceView@29ea600: 43951616 Cur surface: Surface(name=null)/@0x4d2e82c
10-17 12:32:42.492 18439 18439 I SurfaceView@29ea600: applyTransactionOnVriDraw: vri = ViewRootImpl@562a9cf[MainActivity] fRS = false t = 0x7af999d400 android.view.SurfaceView.performSurfaceTransaction:959 android.view.SurfaceView.updateSurface:1105 android.view.SurfaceView.lambda$new$0$android-view-SurfaceView:200 
10-17 12:32:42.493 18439 18439 I ViewRootImpl@562a9cf[MainActivity]: applyTransactionOnDraw: mRemoved = false isHardwareEnabled = true t = 0x7af999d400android.view.SurfaceView.applyTransactionOnVriDraw:2048 android.view.SurfaceView.performSurfaceTransaction:959 android.view.SurfaceView.updateSurface:1105 android.view.SurfaceView.lambda$new$0$android-view-SurfaceView:200 android.view.SurfaceView$$ExternalSyntheticLambda5.onPreDraw:2 
10-17 12:32:42.493 18439 18439 I SurfaceView@29ea600: updateSurface: mVisible = true mSurface.isValid() = true
10-17 12:32:42.493 18439 18439 I SurfaceView@29ea600: updateSurface: mSurfaceCreated = true surfaceChanged = false visibleChanged = false
10-17 12:32:42.493 18439 18439 V SurfaceView@29ea600: Layout: x=0 y=-343 w=1080 h=525, frame=Rect(0, 0 - 1080, 525)
10-17 12:32:42.500 18439 18515 D SurfaceView@29ea600: updateSurfacePosition RenderWorker, frameNr = 1184, position = [0, -343, 1080, 182] surfaceSize = 1080x525
10-17 12:32:42.501 18439 18515 I SurfaceView@29ea600: uSP: rtp = Rect(0, -343 - 1080, 182) rtsw = 1080 rtsh = 525
10-17 12:32:42.501 18439 18515 I SurfaceView@29ea600: onSSPAndSRT: pl = 0 pt = -343 sx = 1.0 sy = 1.0
10-17 12:32:42.501 18439 18515 I SurfaceView@29ea600: aOrMT: ViewRootImpl@562a9cf[MainActivity] t = android.view.SurfaceControl$Transaction@2577530 fN = 1184 android.view.SurfaceView.-$$Nest$mapplyOrMergeTransaction:0 android.view.SurfaceView$SurfaceViewPositionUpdateListener.positionChanged:1537 android.graphics.RenderNode$CompositePositionUpdateListener.positionChanged:373 
10-17 12:32:42.502 18439 18515 I ViewRootImpl@562a9cf[MainActivity]: mWNT: t=0x7af9434100 mBlastBufferQueue=0x7b5b94ed00 fn= 1184 caller= android.view.SurfaceView.applyOrMergeTransaction:1455 android.view.SurfaceView.-$$Nest$mapplyOrMergeTransaction:0 android.view.SurfaceView$SurfaceViewPositionUpdateListener.positionChanged:1537 
10-17 12:32:42.502 18439 18515 I ViewRootImpl@562a9cf[MainActivity]: mWNT: t=0x7af999d400 mBlastBufferQueue=0x7b5b94ed00 fn= 1184 caller= android.view.ViewRootImpl.lambda$applyTransactionOnDraw$11$android-view-ViewRootImpl:12865 android.view.ViewRootImpl$$ExternalSyntheticLambda1.onFrameDraw:4 android.graphics.HardwareRenderer$FrameDrawingCallback.onFrameDraw:924 
10-17 12:32:42.509 18439 18439 I SurfaceView@29ea600: Changes: creating=false format=false size=false visible=false alpha=false hint=false mUseAlpha=false visible=false left=false top=true
10-17 12:32:42.509 18439 18439 I SurfaceView@29ea600: 43951616 Cur surface: Surface(name=null)/@0x4d2e82c
10-17 12:32:42.510 18439 18439 I SurfaceView@29ea600: applyTransactionOnVriDraw: vri = ViewRootImpl@562a9cf[MainActivity] fRS = false t = 0x7af999d600 android.view.SurfaceView.performSurfaceTransaction:959 android.view.SurfaceView.updateSurface:1105 android.view.SurfaceView.lambda$new$0$android-view-SurfaceView:200 
10-17 12:32:42.510 18439 18439 I ViewRootImpl@562a9cf[MainActivity]: applyTransactionOnDraw: mRemoved = false isHardwareEnabled = true t = 0x7af999d600android.view.SurfaceView.applyTransactionOnVriDraw:2048 android.view.SurfaceView.performSurfaceTransaction:959 android.view.SurfaceView.updateSurface:1105 android.view.SurfaceView.lambda$new$0$android-view-SurfaceView:200 android.view.SurfaceView$$ExternalSyntheticLambda5.onPreDraw:2 
10-17 12:32:42.510 18439 18439 I SurfaceView@29ea600: updateSurface: mVisible = true mSurface.isValid() = true
10-17 12:32:42.510 18439 18439 I SurfaceView@29ea600: updateSurface: mSurfaceCreated = true surfaceChanged = false visibleChanged = false
10-17 12:32:42.510 18439 18439 V SurfaceView@29ea600: Layout: x=0 y=-344 w=1080 h=525, frame=Rect(0, 0 - 1080, 525)
10-17 12:32:42.518 18439 18516 D SurfaceView@29ea600: updateSurfacePosition RenderWorker, frameNr = 1185, position = [0, -344, 1080, 181] surfaceSize = 1080x525
10-17 12:32:42.518 18439 18516 I SurfaceView@29ea600: uSP: rtp = Rect(0, -344 - 1080, 181) rtsw = 1080 rtsh = 525
10-17 12:32:42.518 18439 18516 I SurfaceView@29ea600: onSSPAndSRT: pl = 0 pt = -344 sx = 1.0 sy = 1.0
10-17 12:32:42.518 18439 18516 I SurfaceView@29ea600: aOrMT: ViewRootImpl@562a9cf[MainActivity] t = android.view.SurfaceControl$Transaction@2577530 fN = 1185 android.view.SurfaceView.-$$Nest$mapplyOrMergeTransaction:0 android.view.SurfaceView$SurfaceViewPositionUpdateListener.positionChanged:1537 android.graphics.RenderNode$CompositePositionUpdateListener.positionChanged:373 
10-17 12:32:42.519 18439 18516 I ViewRootImpl@562a9cf[MainActivity]: mWNT: t=0x7af9434100 mBlastBufferQueue=0x7b5b94ed00 fn= 1185 caller= android.view.SurfaceView.applyOrMergeTransaction:1455 android.view.SurfaceView.-$$Nest$mapplyOrMergeTransaction:0 android.view.SurfaceView$SurfaceViewPositionUpdateListener.positionChanged:1537 
