--------- beginning of main
10-17 12:32:01.151 18439 18439 D InputTransport: Input channel destroyed: 'd8951e1', fd=144
10-17 12:32:01.183 18439 18439 I ViewRootImpl@562a9cf[MainActivity]: MSG_WINDOW_FOCUS_CHANGED 1 0
10-17 12:32:01.183 18439 18439 I ViewRootImpl@562a9cf[MainActivity]: mThreadedRenderer.initializeIfNeeded()#2 mSurface={isValid=true 0x7b5b709800}
10-17 12:32:01.187 18439 18439 D InputMethodManager: startInputInner - Id : 0
10-17 12:32:01.187 18439 18439 I InputMethodManager: startInputInner - mService.startInputOrWindowGainedFocus
10-17 12:32:02.346 18439 18439 I ViewRootImpl@562a9cf[MainActivity]: ViewPostIme pointer 0
10-17 12:32:02.536 18439 18439 D WindowOnBackDispatcher: onBackInvoked, viewRoot=ViewRootImpl@63758da[MainActivity], callback=androidx.activity.OnBackPressedDispatcher$Api33Impl$$ExternalSyntheticLambda0@5dfade
10-17 12:32:02.545 18439 18439 I IMM_LC  : hsifw() - flag : 0
10-17 12:32:02.545 18439 18439 I IMM_LC  : hsifw() - mService.hideSoftInput
10-17 12:32:02.554 18439 18439 D ScrollView: initGoToTop
10-17 12:32:02.593 18439 18439 E CoilImgLoader: Error loading image: coil3.request.NullRequestDataException: The request's data is null.
10-17 12:32:02.608 18439 18439 D ScrollView:  onsize change changed 
10-17 12:32:03.360 18439 18439 I ViewRootImpl@562a9cf[MainActivity]: ViewPostIme pointer 0
10-17 12:32:03.426 18439 18439 I ViewRootImpl@562a9cf[MainActivity]: ViewPostIme pointer 1
10-17 12:32:03.430 18439 18439 I NavComponent: Navigating to fragment: 2131361879
10-17 12:32:03.438 18439 18439 I IMM_LC  : hsifw() - flag : 0
10-17 12:32:03.438 18439 18439 I IMM_LC  : hsifw() - mService.hideSoftInput
10-17 12:32:03.549 18439 18447 W st.cloudstream3: Cleared Reference was only reachable from finalizer (only reported once)
10-17 12:32:03.620 18439 18447 I st.cloudstream3: Background concurrent copying GC freed 19MB AllocSpace bytes, 69(3124KB) LOS objects, 49% free, 12MB/25MB, paused 371us,87us total 192.084ms
10-17 12:32:03.621 18439 18448 D InputTransport: Input channel destroyed: 'ClientS', fd=129
10-17 12:32:03.623 18439 18461 D OpenGLRenderer: setSurface called with nullptr
10-17 12:32:04.575 18439 18439 I ViewRootImpl@562a9cf[MainActivity]: ViewPostIme pointer 0
10-17 12:32:04.625 18439 18439 I ViewRootImpl@562a9cf[MainActivity]: ViewPostIme pointer 1
10-17 12:32:04.641 18439 18439 I IMM_LC  : hsifw() - flag : 0
10-17 12:32:04.641 18439 18439 I IMM_LC  : hsifw() - mService.hideSoftInput
10-17 12:32:04.777 18439 18439 I PLG     : updatePluginList = https://raw.githubusercontent.com/adamwolker21/DZ/refs/heads/master/repo.json
10-17 12:32:04.777 18439 18439 I PLG     : getPlugins = https://raw.githubusercontent.com/adamwolker21/DZ/refs/heads/master/repo.json
10-17 12:32:05.016 18439 18493 D VotingApi: Requesting: https://counterapi.com/api/cs-raw.githubusercontent.com-adamwolker21-DZ/vote/6dc8375a9c21c941e4f4638f351ba59129efb002ec683156e6e11dbcbd8c1d5d?readOnly=true
10-17 12:32:05.039 18439 18493 D VotingApi: Requesting: https://counterapi.com/api/cs-raw.githubusercontent.com-adamwolker21-DZ/vote/806f9e9bb0fe6eed948cf51910bda7c7a4f4470876514f9eb99299b4b4e46db4?readOnly=true
10-17 12:32:06.718 18439 18439 I ViewRootImpl@562a9cf[MainActivity]: ViewPostIme pointer 0
10-17 12:32:06.778 18439 18439 I ViewRootImpl@562a9cf[MainActivity]: ViewPostIme pointer 1
10-17 12:32:06.798 18439 18485 I PLG     : handlePluginAction = https://raw.githubusercontent.com/adamwolker21/DZ/refs/heads/master/repo.json, (https://raw.githubusercontent.com/adamwolker21/DZ/refs/heads/master/repo.json, SitePlugin(url=https://raw.githubusercontent.com/adamwolker21/DZ/builds/Asiatv.one.cs3, status=1, version=1, apiVersion=1, name=Asiatv.one, internalName=Asiatv.one, authors=[adamwolker21], description=Asiatv.one, repositoryUrl=https://github.com/adamwolker21/DZ, tvTypes=[Movie, TvSeries], language=ar, iconUrl=https://asiatv.one/wp-content/uploads/2021/09/cropped-asiadrama-192x192.png.webp, fileSize=18425)), false
10-17 12:32:06.800 18439 18485 D PluginManager: Downloading plugin: https://raw.githubusercontent.com/adamwolker21/DZ/builds/Asiatv.one.cs3 to /data/user/0/com.lagradost.cloudstream3/files/Extensions/httpsraw.githubusercontent.comadamwolker21DZrefsheadsmasterrepo.json.-468825824/Asiatv.one.344131172.cs3
10-17 12:32:07.225 18439 18485 I PluginManager: Unloading plugin: /data/user/0/com.lagradost.cloudstream3/files/Extensions/httpsraw.githubusercontent.comadamwolker21DZrefsheadsmasterrepo.json.-468825824/Asiatv.one.344131172.cs3
10-17 12:32:07.225 18439 18485 W PluginManager: Couldn't find plugin /data/user/0/com.lagradost.cloudstream3/files/Extensions/httpsraw.githubusercontent.comadamwolker21DZrefsheadsmasterrepo.json.-468825824/Asiatv.one.344131172.cs3
10-17 12:32:07.226 18439 18485 I PluginManager: Loading plugin: PluginData(internalName=Asiatv.one, url=https://raw.githubusercontent.com/adamwolker21/DZ/builds/Asiatv.one.cs3, isOnline=true, filePath=/data/user/0/com.lagradost.cloudstream3/files/Extensions/httpsraw.githubusercontent.comadamwolker21DZrefsheadsmasterrepo.json.-468825824/Asiatv.one.344131172.cs3, version=-2147483648)
10-17 12:32:07.286 18439 18485 I PluginInstance: Adding AsiaTV (https://asiatv.one) MainAPI
10-17 12:32:07.286 18439 18485 I PluginInstance: Adding AsiaTvPlayer (https://www.asiatvplayer.com) ExtractorApi
10-17 12:32:07.313 18439 18485 I PluginManager: Loaded plugin Asiatv.one successfully
10-17 12:32:07.314 18439 18485 I PLG     : getPlugins = https://raw.githubusercontent.com/adamwolker21/DZ/refs/heads/master/repo.json
10-17 12:32:07.314 18439 18439 I COMPACT : showToast = Plugin Loaded
10-17 12:32:07.322 18439 18439 D CompatibilityChangeReporter: Compat change id reported: 147798919; UID 10526; state: ENABLED
10-17 12:32:07.322 18439 18439 E Toast   : setGravity() shouldn't be called on text toasts, the values won't be used
10-17 12:32:07.322 18439 18439 I Toast   : setView: it's a custom toast
10-17 12:32:07.331 18439 18439 V Toast   : show: caller = com.lagradost.cloudstream3.CommonActivity.showToast:175 
10-17 12:32:07.345 18439 18439 V Toast   : HANDLE SHOW: android.widget.Toast$TN@a45366e mView=null mNextView=androidx.cardview.widget.CardView{d21e10f V.E..V... ......ID 0,0-0,0 #7f0a0557 app:id/toast_layout_root}
10-17 12:32:07.348 18439 18439 V ToastPresenter: sipHeight = -39
10-17 12:32:07.350 18439 18439 V ToastPresenter: yOffset = 13
10-17 12:32:07.354 18439 18461 D NativeCustomFrequencyManager: [NativeCFMS] BpCustomFrequencyManager::BpCustomFrequencyManager()
10-17 12:32:07.366 18439 18439 D InsetsController: onStateChanged: InsetsState: {mDisplayFrame=Rect(0, 0 - 1080, 2400), mDisplayCutout=DisplayCutout{insets=Rect(0, 88 - 0, 0) waterfall=Insets{left=0, top=0, right=0, bottom=0} boundingRect={Bounds=[Rect(0, 0 - 0, 0), Rect(512, 0 - 568, 88), Rect(0, 0 - 0, 0), Rect(0, 0 - 0, 0)]} cutoutPathParserInfo={CutoutPathParserInfo{displayWidth=1080 displayHeight=2400 physicalDisplayWidth=1080 physicalDisplayHeight=2400 density={2.625} cutoutSpec={M 0,0 M 0,12.25101276465640 a 10.60613009248640,10.60613009248640 0 1,0 0,21.21226018497290 a 10.60613009248640,10.60613009248640 0 1,0 0,-21.21226018497290 Z @dp} rotation={0} scale={1.0} physicalPixelDisplaySizeRatio={1.0}}}}, mRoundedCorners=RoundedCorners{[RoundedCorner{position=TopLeft, radius=84, center=Point(84, 84)}, RoundedCorner{position=TopRight, radius=84, center=Point(996, 84)}, RoundedCorner{position=BottomRight, radius=84, center=Point(996, 2316)}, RoundedCorner{position=BottomLeft, radius=84, center=Point(84, 2316)}]}  mRoundedCornerFrame=Rect(0, 0 - 0, 0), mPrivacyIndicatorBounds=PrivacyIndicatorBounds {static bounds=Rect(964, 0 - 1080, 87) rotation=0}, mSources= { InsetsSource: {mType=ITYPE_NAVIGATION_BAR, mFrame=[0,2361][1080,2400], mVisible=true, mInsetsRoundedCornerFrame=false}, InsetsSource: {mType=ITYPE_LEFT_GESTURES, mFrame=[0,0][130,2400], mVisible=true, mInsetsRoundedCornerFrame=false}, InsetsSource: {mType=ITYPE_RIGHT_GESTURES, mFrame=[950,0][1080,2400], mVisible=true, mInsetsRoundedCornerFrame=false}, InsetsSource: {mType=ITYPE_TOP_MANDATORY_GESTURES, mFrame=[0,0][1080,120], mVisible=true, mInsetsRoundedCornerFrame=false}, InsetsSource: {mType=ITYPE_BOTTOM_MANDATORY_GESTURES, mFrame=[0,2316][1080,2400], mVisible=true, mInsetsRoundedCornerFrame=false}, InsetsSource: {mType=ITYPE_LEFT_DISPLAY_CUTOUT, mFrame=[0,0][-100000,2400], mVisible=true, mInsetsRoundedCornerFrame=false}, InsetsSource: {mType=ITYPE_TOP_DISPLAY_CUTOUT, mFrame=[0,0][1080,88], mVisible=true, mInsetsRoundedCornerFrame=false}, InsetsSource: {mType=ITYPE_RIGHT_DISPLAY_CUTOUT, mFrame=[100000,0][1080,2400], mVisible=true, mInsetsRoundedCornerFrame=false}, InsetsSource: {mType=ITYPE_BOTTOM_DISPLAY_CUTOUT, mFrame=[0,100000][1080,2400], mVisible=true, mInsetsRoundedCornerFrame=false}, InsetsSource: {mType=ITYPE_BOTTOM_TAPPABLE_ELEMENT, mFrame=[0,0][0,0], mVisible=true, mInsetsRoundedCornerFrame=false} } host=Toast from=android.view.ViewRootImpl.setView:1732
10-17 12:32:07.368 18439 18439 I ViewRootImpl@a99959c[Toast]: setView = androidx.cardview.widget.CardView@d21e10f TM=true
10-17 12:32:07.426 18439 18439 I ViewRootImpl@a99959c[Toast]: performTraversals params={(0,13)(wrapxwrap) gr=BOTTOM CENTER sim={adjust=resize} ty=TOAST fmt=TRANSLUCENT wanim=0x1030004 surfaceInsets=Rect(11, 11 - 11, 11)
10-17 12:32:07.426 18439 18439 I ViewRootImpl@a99959c[Toast]:   fl=1000098
10-17 12:32:07.426 18439 18439 I ViewRootImpl@a99959c[Toast]:   pfl=12000000
10-17 12:32:07.426 18439 18439 I ViewRootImpl@a99959c[Toast]:   bhv=DEFAULT
10-17 12:32:07.426 18439 18439 I ViewRootImpl@a99959c[Toast]:   fitTypes=STATUS_BARS NAVIGATION_BARS CAPTION_BAR
10-17 12:32:07.426 18439 18439 I ViewRootImpl@a99959c[Toast]:   fitIgnoreVis naviIconColor=0}
10-17 12:32:07.426 18439 18439 I ViewRootImpl@a99959c[Toast]: performTraversals mFirst=true windowShouldResize=false viewVisibilityChanged=false mForceNextWindowRelayout=false params={(0,13)(wrapxwrap) gr=BOTTOM CENTER sim={adjust=resize} ty=TOAST fmt=TRANSLUCENT wanim=0x1030004 surfaceInsets=Rect(11, 11 - 11, 11)
10-17 12:32:07.426 18439 18439 I ViewRootImpl@a99959c[Toast]:   fl=1000098
10-17 12:32:07.426 18439 18439 I ViewRootImpl@a99959c[Toast]:   pfl=12000000
10-17 12:32:07.426 18439 18439 I ViewRootImpl@a99959c[Toast]:   bhv=DEFAULT
10-17 12:32:07.426 18439 18439 I ViewRootImpl@a99959c[Toast]:   fitTypes=STATUS_BARS NAVIGATION_BARS CAPTION_BAR
10-17 12:32:07.426 18439 18439 I ViewRootImpl@a99959c[Toast]:   fitIgnoreVis naviIconColor=0}
10-17 12:32:07.451 18439 18439 I ViewRootImpl@a99959c[Toast]: updateBlastSurfaceIfNeeded mBlastBufferQueue=null isSameSurfaceControl=false
10-17 12:32:07.452 18439 18439 I BLASTBufferQueue: new BLASTBufferQueue, mName= ViewRootImpl@a99959c[Toast] mNativeObject= 0x7b46b7b900 sc.mNativeObject= 0x7b5b6c72e0 caller= android.view.ViewRootImpl.updateBlastSurfaceIfNeeded:2909 android.view.ViewRootImpl.relayoutWindow:9847 android.view.ViewRootImpl.performTraversals:3884 android.view.ViewRootImpl.doTraversal:3116 android.view.ViewRootImpl$TraversalRunnable.run:10885 android.view.Choreographer$CallbackRecord.run:1301 android.view.Choreographer$CallbackRecord.run:1309 android.view.Choreographer.doCallbacks:923 android.view.Choreographer.doFrame:852 android.view.Choreographer$FrameDisplayEventReceiver.run:1283 
10-17 12:32:07.453 18439 18439 I BLASTBufferQueue: update, w= 373 h= 178 mName = ViewRootImpl@a99959c[Toast] mNativeObject= 0x7b46b7b900 sc.mNativeObject= 0x7b5b6c72e0 format= -3 caller= android.graphics.BLASTBufferQueue.<init>:84 android.view.ViewRootImpl.updateBlastSurfaceIfNeeded:2909 android.view.ViewRootImpl.relayoutWindow:9847 android.view.ViewRootImpl.performTraversals:3884 android.view.ViewRootImpl.doTraversal:3116 android.view.ViewRootImpl$TraversalRunnable.run:10885 
10-17 12:32:07.453 18439 18439 I ViewRootImpl@a99959c[Toast]: Relayout returned: old=(0,88,1080,2361) new=(364,2192,715,2348) req=(351,156)0 dur=25 res=0x3 s={true 0x7b358d9800} ch=true seqId=0
10-17 12:32:07.455 18439 18439 I ViewRootImpl@a99959c[Toast]: mThreadedRenderer.initialize() mSurface={isValid=true 0x7b358d9800} hwInitialized=true
10-17 12:32:07.455 18439 18461 D OpenGLRenderer: eglCreateWindowSurface
10-17 12:32:07.456 18439 18439 I ViewRootImpl@a99959c[Toast]: reportNextDraw android.view.ViewRootImpl.performTraversals:4438 android.view.ViewRootImpl.doTraversal:3116 android.view.ViewRootImpl$TraversalRunnable.run:10885 android.view.Choreographer$CallbackRecord.run:1301 android.view.Choreographer$CallbackRecord.run:1309 
10-17 12:32:07.456 18439 18439 I ViewRootImpl@a99959c[Toast]: Setup new sync id=0
10-17 12:32:07.456 18439 18439 I ViewRootImpl@a99959c[Toast]: Setting syncFrameCallback
10-17 12:32:07.456 18439 18439 I ViewRootImpl@a99959c[Toast]: registerCallbacksForSync syncBuffer=false
10-17 12:32:07.458 18439 18515 I ViewRootImpl@a99959c[Toast]: Received frameDrawingCallback syncResult=0 frameNum=1.
10-17 12:32:07.458 18439 18515 I ViewRootImpl@a99959c[Toast]: Setting up sync and frameCommitCallback
10-17 12:32:07.462 18439 18461 I BLASTBufferQueue: [ViewRootImpl@a99959c[Toast]#2](f:0,a:0) onFrameAvailable the first frame is available
10-17 12:32:07.463 18439 18461 I ViewRootImpl@a99959c[Toast]: Received frameCommittedCallback lastAttemptedDrawFrameNum=1 didProduceBuffer=true
10-17 12:32:07.466 18439 18461 D OpenGLRenderer: CFMS:: SetUp Pid : 18439    Tid : 18461
10-17 12:32:07.470 18439 18439 I ViewRootImpl@a99959c[Toast]: onSyncComplete
10-17 12:32:07.471 18439 18439 I ViewRootImpl@a99959c[Toast]: setupSync seqId=0 mSyncId=0 fn=1 caller=android.view.ViewRootImpl$$ExternalSyntheticLambda11.accept:6 android.window.SurfaceSyncer.lambda$setupSync$1$android-window-SurfaceSyncer:128 android.window.SurfaceSyncer$$ExternalSyntheticLambda1.accept:8 android.window.SurfaceSyncer$SyncSet.checkIfSyncIsComplete:382 android.window.SurfaceSyncer$SyncSet.markSyncReady:359 android.window.SurfaceSyncer.markSyncReady:151 android.view.ViewRootImpl.performTraversals:4503 
10-17 12:32:07.471 18439 18439 I ViewRootImpl@a99959c[Toast]: reportDrawFinished seqId=0 mSyncId=-1 fn=1 mSurfaceChangedTransaction=0x7b6b172900
10-17 12:32:08.640 18439 18439 I ViewRootImpl@562a9cf[MainActivity]: ViewPostIme pointer 0
10-17 12:32:08.711 18439 18439 I ViewRootImpl@562a9cf[MainActivity]: ViewPostIme pointer 1
10-17 12:32:08.738 18439 18439 I IMM_LC  : hsifw() - flag : 0
10-17 12:32:08.738 18439 18439 I IMM_LC  : hsifw() - mService.hideSoftInput
10-17 12:32:09.352 18439 18461 D OpenGLRenderer: setSurface called with nullptr
10-17 12:32:09.352 18439 18461 D OpenGLRenderer: setSurface() destroyed EGLSurface
10-17 12:32:09.352 18439 18461 D OpenGLRenderer: destroyEglSurface
10-17 12:32:09.354 18439 18439 I ViewRootImpl@a99959c[Toast]: dispatchDetachedFromWindow
10-17 12:32:09.365 18439 18439 D InputTransport: Input channel destroyed: '870af9b', fd=178
10-17 12:32:10.076 18439 18439 I ViewRootImpl@562a9cf[MainActivity]: ViewPostIme pointer 0
10-17 12:32:10.133 18439 18439 I ViewRootImpl@562a9cf[MainActivity]: ViewPostIme pointer 1
10-17 12:32:10.138 18439 18439 I Dialog  : mIsDeviceDefault = false, mIsSamsungBasicInteraction = false, isMetaDataInActivity = false
10-17 12:32:10.254 18439 18439 I DecorView: [INFO] isPopOver=false config=false
10-17 12:32:10.254 18439 18439 I DecorView: updateCaptionType: isFloating=false isApplication=true hasWindowDecorCaption=false this=DecorView@e7a094f[]
10-17 12:32:10.254 18439 18439 D DecorView: setCaptionType = 0, this = DecorView@e7a094f[]
10-17 12:32:10.256 18439 18439 I DecorView: getCurrentDensityDpi: from app context. densityDpi=420 msg=resources_loaded
10-17 12:32:10.256 18439 18439 I DecorView: setWindowBackground: isPopOver=false color=0 d=android.graphics.drawable.ColorDrawable@f816de5
10-17 12:32:10.265 18439 18461 D NativeCustomFrequencyManager: [NativeCFMS] BpCustomFrequencyManager::BpCustomFrequencyManager()
10-17 12:32:10.266 18439 18439 I DecorView: notifyKeepScreenOnChanged: keepScreenOn=false
10-17 12:32:10.276 18439 18439 D InsetsController: onStateChanged: InsetsState: {mDisplayFrame=Rect(0, 0 - 1080, 2400), mDisplayCutout=DisplayCutout{insets=Rect(0, 88 - 0, 0) waterfall=Insets{left=0, top=0, right=0, bottom=0} boundingRect={Bounds=[Rect(0, 0 - 0, 0), Rect(512, 0 - 568, 88), Rect(0, 0 - 0, 0), Rect(0, 0 - 0, 0)]} cutoutPathParserInfo={CutoutPathParserInfo{displayWidth=1080 displayHeight=2400 physicalDisplayWidth=1080 physicalDisplayHeight=2400 density={2.625} cutoutSpec={M 0,0 M 0,12.25101276465640 a 10.60613009248640,10.60613009248640 0 1,0 0,21.21226018497290 a 10.60613009248640,10.60613009248640 0 1,0 0,-21.21226018497290 Z @dp} rotation={0} scale={1.0} physicalPixelDisplaySizeRatio={1.0}}}}, mRoundedCorners=RoundedCorners{[RoundedCorner{position=TopLeft, radius=84, center=Point(84, 84)}, RoundedCorner{position=TopRight, radius=84, center=Point(996, 84)}, RoundedCorner{position=BottomRight, radius=84, center=Point(996, 2316)}, RoundedCorner{position=BottomLeft, radius=84, center=Point(84, 2316)}]}  mRoundedCornerFrame=Rect(0, 0 - 1080, 2400), mPrivacyIndicatorBounds=PrivacyIndicatorBounds {static bounds=Rect(964, 0 - 1080, 87) rotation=0}, mSources= { InsetsSource: {mType=ITYPE_STATUS_BAR, mFrame=[0,0][1080,88], mVisible=true, mInsetsRoundedCornerFrame=false}, InsetsSource: {mType=ITYPE_NAVIGATION_BAR, mFrame=[0,2361][1080,2400], mVisible=true, mInsetsRoundedCornerFrame=false}, InsetsSource: {mType=ITYPE_LEFT_GESTURES, mFrame=[0,0][130,2400], mVisible=true, mInsetsRoundedCornerFrame=false}, InsetsSource: {mType=ITYPE_RIGHT_GESTURES, mFrame=[950,0][1080,2400], mVisible=true, mInsetsRoundedCornerFrame=false}, InsetsSource: {mType=ITYPE_TOP_MANDATORY_GESTURES, mFrame=[0,0][1080,120], mVisible=true, mInsetsRoundedCornerFrame=false}, InsetsSource: {mType=ITYPE_BOTTOM_MANDATORY_GESTURES, mFrame=[0,2316][1080,2400], mVisible=true, mInsetsRoundedCornerFrame=false}, InsetsSource: {mType=ITYPE_LEFT_DISPLAY_CUTOUT, mFrame=[0,0][-100000,2400], mVisible=true, mInsetsRoundedCornerFrame=false}, InsetsSource: {mType=ITYPE_TOP_DISPLAY_CUTOUT, mFrame=[0,0][1080,88], mVisible=true, mInsetsRoundedCornerFrame=false}, InsetsSource: {mType=ITYPE_RIGHT_DISPLAY_CUTOUT, mFrame=[100000,0][1080,2400], mVisible=true, mInsetsRoundedCornerFrame=false}, InsetsSource: {mType=ITYPE_BOTTOM_DISPLAY_CUTOUT, mFrame=[0,100000][1080,2400], mVisible=true, mInsetsRoundedCornerFrame=false}, InsetsSource: {mType=ITYPE_TOP_TAPPABLE_ELEMENT, mFrame=[0,0][1080,88], mVisible=true, mInsetsRoundedCornerFrame=false}, InsetsSource: {mType=ITYPE_BOTTOM_TAPPABLE_ELEMENT, mFrame=[0,0][0,0], mVisible=true, mInsetsRoundedCornerFrame=false}, InsetsSource: {mType=ITYPE_IME, mFrame=[0,0][0,0], mVisibleFrame=[0,1409][1080,2400], mVisible=false, mInsetsRoundedCornerFrame=false} } host=com.lagradost.cloudstream3/com.lagradost.cloudstream3.MainActivity from=android.view.ViewRootImpl.setView:1732
10-17 12:32:10.277 18439 18439 I ViewRootImpl@affad12[MainActivity]: setView = com.android.internal.policy.DecorView@e7a094f TM=true
10-17 12:32:10.301 18439 18439 I ViewRootImpl@affad12[MainActivity]: performTraversals params={(0,0)(fillxfill) gr=CENTER sim={adjust=resize forwardNavigation} ty=APPLICATION fmt=TRANSPARENT wanim=0x7f14000b
10-17 12:32:10.301 18439 18439 I ViewRootImpl@affad12[MainActivity]:   fl=85810100
10-17 12:32:10.301 18439 18439 I ViewRootImpl@affad12[MainActivity]:   pfl=12020040
10-17 12:32:10.301 18439 18439 I ViewRootImpl@affad12[MainActivity]:   vsysui=500
10-17 12:32:10.301 18439 18439 I ViewRootImpl@affad12[MainActivity]:   bhv=DEFAULT
10-17 12:32:10.301 18439 18439 I ViewRootImpl@affad12[MainActivity]:   fitSides= naviIconColor=0}
10-17 12:32:10.302 18439 18439 I ViewRootImpl@affad12[MainActivity]: performTraversals mFirst=true windowShouldResize=true viewVisibilityChanged=false mForceNextWindowRelayout=false params={(0,0)(fillxfill) gr=CENTER sim={adjust=resize forwardNavigation} ty=APPLICATION fmt=TRANSPARENT wanim=0x7f14000b
10-17 12:32:10.302 18439 18439 I ViewRootImpl@affad12[MainActivity]:   fl=85810100
10-17 12:32:10.302 18439 18439 I ViewRootImpl@affad12[MainActivity]:   pfl=12020040
10-17 12:32:10.302 18439 18439 I ViewRootImpl@affad12[MainActivity]:   vsysui=500
10-17 12:32:10.302 18439 18439 I ViewRootImpl@affad12[MainActivity]:   bhv=DEFAULT
10-17 12:32:10.302 18439 18439 I ViewRootImpl@affad12[MainActivity]:   fitSides= naviIconColor=0}
10-17 12:32:10.314 18439 18439 I ViewRootImpl@affad12[MainActivity]: updateBlastSurfaceIfNeeded mBlastBufferQueue=null isSameSurfaceControl=false
10-17 12:32:10.315 18439 18439 I BLASTBufferQueue: new BLASTBufferQueue, mName= ViewRootImpl@affad12[MainActivity] mNativeObject= 0x7b6b2e3100 sc.mNativeObject= 0x7b3587fb80 caller= android.view.ViewRootImpl.updateBlastSurfaceIfNeeded:2909 android.view.ViewRootImpl.relayoutWindow:9847 android.view.ViewRootImpl.performTraversals:3884 android.view.ViewRootImpl.doTraversal:3116 android.view.ViewRootImpl$TraversalRunnable.run:10885 android.view.Choreographer$CallbackRecord.run:1301 android.view.Choreographer$CallbackRecord.run:1309 android.view.Choreographer.doCallbacks:923 android.view.Choreographer.doFrame:852 android.view.Choreographer$FrameDisplayEventReceiver.run:1283 
10-17 12:32:10.315 18439 18439 I BLASTBufferQueue: update, w= 1080 h= 2400 mName = ViewRootImpl@affad12[MainActivity] mNativeObject= 0x7b6b2e3100 sc.mNativeObject= 0x7b3587fb80 format= -2 caller= android.graphics.BLASTBufferQueue.<init>:84 android.view.ViewRootImpl.updateBlastSurfaceIfNeeded:2909 android.view.ViewRootImpl.relayoutWindow:9847 android.view.ViewRootImpl.performTraversals:3884 android.view.ViewRootImpl.doTraversal:3116 android.view.ViewRootImpl$TraversalRunnable.run:10885 
10-17 12:32:10.316 18439 18439 I ViewRootImpl@affad12[MainActivity]: Relayout returned: old=(0,0,1080,2400) new=(0,0,1080,2400) req=(1080,2400)0 dur=12 res=0x3 s={true 0x7b358d9800} ch=true seqId=0
10-17 12:32:10.316 18439 18439 I ViewRootImpl@affad12[MainActivity]: mThreadedRenderer.initialize() mSurface={isValid=true 0x7b358d9800} hwInitialized=true
10-17 12:32:10.317 18439 18461 D OpenGLRenderer: eglCreateWindowSurface
10-17 12:32:10.328 18439 18439 D AbsListView:  in onLayout changed 
10-17 12:32:10.329 18439 18439 I ViewRootImpl@affad12[MainActivity]: reportNextDraw android.view.ViewRootImpl.performTraversals:4438 android.view.ViewRootImpl.doTraversal:3116 android.view.ViewRootImpl$TraversalRunnable.run:10885 android.view.Choreographer$CallbackRecord.run:1301 android.view.Choreographer$CallbackRecord.run:1309 
10-17 12:32:10.329 18439 18439 I ViewRootImpl@affad12[MainActivity]: Setup new sync id=0
10-17 12:32:10.330 18439 18439 I ViewRootImpl@affad12[MainActivity]: Setting syncFrameCallback
10-17 12:32:10.330 18439 18439 I ViewRootImpl@affad12[MainActivity]: registerCallbacksForSync syncBuffer=false
10-17 12:32:10.336 18439 18516 I ViewRootImpl@affad12[MainActivity]: Received frameDrawingCallback syncResult=0 frameNum=1.
10-17 12:32:10.336 18439 18516 I ViewRootImpl@affad12[MainActivity]: Setting up sync and frameCommitCallback
10-17 12:32:10.353 18439 18461 I BLASTBufferQueue: [ViewRootImpl@affad12[MainActivity]#3](f:0,a:0) onFrameAvailable the first frame is available
10-17 12:32:10.354 18439 18461 I ViewRootImpl@affad12[MainActivity]: Received frameCommittedCallback lastAttemptedDrawFrameNum=1 didProduceBuffer=true
10-17 12:32:10.356 18439 18461 D OpenGLRenderer: CFMS:: SetUp Pid : 18439    Tid : 18461
10-17 12:32:10.359 18439 18439 I ViewRootImpl@affad12[MainActivity]: onSyncComplete
10-17 12:32:10.359 18439 18439 I ViewRootImpl@affad12[MainActivity]: setupSync seqId=0 mSyncId=0 fn=1 caller=android.view.ViewRootImpl$$ExternalSyntheticLambda11.accept:6 android.window.SurfaceSyncer.lambda$setupSync$1$android-window-SurfaceSyncer:128 android.window.SurfaceSyncer$$ExternalSyntheticLambda1.accept:8 android.window.SurfaceSyncer$SyncSet.checkIfSyncIsComplete:382 android.window.SurfaceSyncer$SyncSet.markSyncReady:359 android.window.SurfaceSyncer.markSyncReady:151 android.view.ViewRootImpl.performTraversals:4503 
10-17 12:32:10.365 18439 18439 I ViewRootImpl@affad12[MainActivity]: reportDrawFinished seqId=0 mSyncId=-1 fn=1 mSurfaceChangedTransaction=0x7bed84e500
10-17 12:32:10.386 18439 18439 I ViewRootImpl@562a9cf[MainActivity]: MSG_WINDOW_FOCUS_CHANGED 0 0
10-17 12:32:10.425 18439 18439 I ViewRootImpl@affad12[MainActivity]: MSG_WINDOW_FOCUS_CHANGED 1 0
10-17 12:32:10.425 18439 18439 I ViewRootImpl@affad12[MainActivity]: mThreadedRenderer.initializeIfNeeded()#2 mSurface={isValid=true 0x7b358d9800}
10-17 12:32:10.427 18439 18439 D InputMethodManager: startInputInner - Id : 0
10-17 12:32:10.427 18439 18439 I InputMethodManager: startInputInner - mService.startInputOrWindowGainedFocus
10-17 12:32:11.191 18439 18439 I ViewRootImpl@affad12[MainActivity]: ViewPostIme pointer 0
10-17 12:32:11.256 18439 18439 I ViewRootImpl@affad12[MainActivity]: ViewPostIme pointer 1
10-17 12:32:11.257 18439 18439 D AbsListView: onTouchUp() mTouchMode : 0
10-17 12:32:11.333 18439 18439 I MSHandlerLifeCycle: removeMultiSplitHandler: no exist. decor=DecorView@e7a094f[MainActivity]
10-17 12:32:11.334 18439 18461 D OpenGLRenderer: setSurface called with nullptr
10-17 12:32:11.334 18439 18461 D OpenGLRenderer: setSurface() destroyed EGLSurface
10-17 12:32:11.334 18439 18461 D OpenGLRenderer: destroyEglSurface
10-17 12:32:11.336 18439 18461 D OpenGLRenderer: endAllActiveAnimators on 0x7b08f49f00 (MaterialTextView) with handle 0x7b46cf06c0
10-17 12:32:11.338 18439 18439 I ViewRootImpl@affad12[MainActivity]: dispatchDetachedFromWindow
10-17 12:32:11.359 18439 18439 D InputTransport: Input channel destroyed: 'e704b03', fd=148
10-17 12:32:11.378 18439 18439 D InsetsController: onStateChanged: InsetsState: {mDisplayFrame=Rect(0, 0 - 1080, 2400), mDisplayCutout=DisplayCutout{insets=Rect(0, 88 - 0, 0) waterfall=Insets{left=0, top=0, right=0, bottom=0} boundingRect={Bounds=[Rect(0, 0 - 0, 0), Rect(512, 0 - 568, 88), Rect(0, 0 - 0, 0), Rect(0, 0 - 0, 0)]} cutoutPathParserInfo={CutoutPathParserInfo{displayWidth=1080 displayHeight=2400 physicalDisplayWidth=1080 physicalDisplayHeight=2400 density={2.625} cutoutSpec={M 0,0 M 0,12.25101276465640 a 10.60613009248640,10.60613009248640 0 1,0 0,21.21226018497290 a 10.60613009248640,10.60613009248640 0 1,0 0,-21.21226018497290 Z @dp} rotation={0} scale={1.0} physicalPixelDisplaySizeRatio={1.0}}}}, mRoundedCorners=RoundedCorners{[RoundedCorner{position=TopLeft, radius=84, center=Point(84, 84)}, RoundedCorner{position=TopRight, radius=84, center=Point(996, 84)}, RoundedCorner{position=BottomRight, radius=84, center=Point(996, 2316)}, RoundedCorner{position=BottomLeft, radius=84, center=Point(84, 2316)}]}  mRoundedCornerFrame=Rect(0, 0 - 1080, 2400), mPrivacyIndicatorBounds=PrivacyIndicatorBounds {static bounds=Rect(964, 0 - 1080, 87) rotation=0}, mSources= { InsetsSource: {mType=ITYPE_STATUS_BAR, mFrame=[0,0][1080,88], mVisible=true, mInsetsRoundedCornerFrame=false}, InsetsSource: {mType=ITYPE_NAVIGATION_BAR, mFrame=[0,2361][1080,2400], mVisible=true, mInsetsRoundedCornerFrame=false}, InsetsSource: {mType=ITYPE_LEFT_GESTURES, mFrame=[0,0][130,2400], mVisible=true, mInsetsRoundedCornerFrame=false}, InsetsSource: {mType=ITYPE_RIGHT_GESTURES, mFrame=[950,0][1080,2400], mVisible=true, mInsetsRoundedCornerFrame=false}, InsetsSource: {mType=ITYPE_TOP_MANDATORY_GESTURES, mFrame=[0,0][1080,120], mVisible=true, mInsetsRoundedCornerFrame=false}, InsetsSource: {mType=ITYPE_BOTTOM_MANDATORY_GESTURES, mFrame=[0,2316][1080,2400], mVisible=true, mInsetsRoundedCornerFrame=false}, InsetsSource: {mType=ITYPE_LEFT_DISPLAY_CUTOUT, mFrame=[0,0][-100000,2400], mVisible=true, mInsetsRoundedCornerFrame=false}, InsetsSource: {mType=ITYPE_TOP_DISPLAY_CUTOUT, mFrame=[0,0][1080,88], mVisible=true, mInsetsRoundedCornerFrame=false}, InsetsSource: {mType=ITYPE_RIGHT_DISPLAY_CUTOUT, mFrame=[100000,0][1080,2400], mVisible=true, mInsetsRoundedCornerFrame=false}, InsetsSource: {mType=ITYPE_BOTTOM_DISPLAY_CUTOUT, mFrame=[0,100000][1080,2400], mVisible=true, mInsetsRoundedCornerFrame=false}, InsetsSource: {mType=ITYPE_TOP_TAPPABLE_ELEMENT, mFrame=[0,0][1080,88], mVisible=true, mInsetsRoundedCornerFrame=false}, InsetsSource: {mType=ITYPE_BOTTOM_TAPPABLE_ELEMENT, mFrame=[0,0][0,0], mVisible=true, mInsetsRoundedCornerFrame=false} } host=com.lagradost.cloudstream3/com.lagradost.cloudstream3.MainActivity from=android.view.ViewRootImpl$ViewRootHandler.handleMessageImpl:6740
10-17 12:32:11.413 18439 18439 I ViewRootImpl@562a9cf[MainActivity]: MSG_WINDOW_FOCUS_CHANGED 1 0
10-17 12:32:11.413 18439 18439 I ViewRootImpl@562a9cf[MainActivity]: mThreadedRenderer.initializeIfNeeded()#2 mSurface={isValid=true 0x7b5b709800}
10-17 12:32:11.419 18439 18439 D InputMethodManager: startInputInner - Id : 0
10-17 12:32:11.419 18439 18439 I InputMethodManager: startInputInner - mService.startInputOrWindowGainedFocus
10-17 12:32:12.247 18439 18447 I st.cloudstream3: Background concurrent copying GC freed 8070KB AllocSpace bytes, 30(1788KB) LOS objects, 49% free, 21MB/42MB, paused 235us,377us total 139.666ms
10-17 12:32:12.261 18439 18461 D OpenGLRenderer: setSurface called with nullptr
10-17 12:32:12.263 18439 18461 D OpenGLRenderer: setSurface called with nullptr
10-17 12:32:12.264 18439 18448 D InputTransport: Input channel destroyed: 'ClientS', fd=145
10-17 12:32:12.264 18439 18448 D InputTransport: Input channel destroyed: 'ClientS', fd=188
10-17 12:32:12.271 18439 18449 W System  : A resource failed to call close. 
10-17 12:32:14.178 18439 18447 I st.cloudstream3: Background concurrent copying GC freed 9237KB AllocSpace bytes, 138(16MB) LOS objects, 49% free, 15MB/31MB, paused 150us,294us total 119.485ms
10-17 12:32:14.917 18439 18439 I ViewRootImpl@562a9cf[MainActivity]: ViewPostIme pointer 0
10-17 12:32:15.263 18439 18439 I ViewRootImpl@562a9cf[MainActivity]: ViewPostIme pointer 1
10-17 12:32:15.697 18439 18439 I ViewRootImpl@562a9cf[MainActivity]: ViewPostIme pointer 0
10-17 12:32:15.940 18439 18439 I ViewRootImpl@562a9cf[MainActivity]: ViewPostIme pointer 1
10-17 12:32:16.835 18439 18439 I ViewRootImpl@562a9cf[MainActivity]: ViewPostIme pointer 0
10-17 12:32:17.050 18439 18439 I ViewRootImpl@562a9cf[MainActivity]: ViewPostIme pointer 1
10-17 12:32:17.395 18439 18439 I ViewRootImpl@562a9cf[MainActivity]: ViewPostIme pointer 0
10-17 12:32:17.701 18439 18439 I ViewRootImpl@562a9cf[MainActivity]: ViewPostIme pointer 1
10-17 12:32:18.107 18439 18439 I ViewRootImpl@562a9cf[MainActivity]: ViewPostIme pointer 0
10-17 12:32:18.373 18439 18439 I ViewRootImpl@562a9cf[MainActivity]: ViewPostIme pointer 1
10-17 12:32:18.597 18439 18439 I ViewRootImpl@562a9cf[MainActivity]: ViewPostIme pointer 0
10-17 12:32:18.879 18439 18439 I ViewRootImpl@562a9cf[MainActivity]: ViewPostIme pointer 1
10-17 12:32:19.170 18439 18439 I ViewRootImpl@562a9cf[MainActivity]: ViewPostIme pointer 0
10-17 12:32:19.393 18439 18439 I ViewRootImpl@562a9cf[MainActivity]: ViewPostIme pointer 1
10-17 12:32:19.860 18439 18439 I ViewRootImpl@562a9cf[MainActivity]: ViewPostIme pointer 0
10-17 12:32:20.195 18439 18439 I ViewRootImpl@562a9cf[MainActivity]: ViewPostIme pointer 1
10-17 12:32:21.204 18439 18439 I ViewRootImpl@562a9cf[MainActivity]: ViewPostIme pointer 0
10-17 12:32:21.344 18439 18439 I ViewRootImpl@562a9cf[MainActivity]: ViewPostIme pointer 1
10-17 12:32:22.278 18439 18439 I ViewRootImpl@562a9cf[MainActivity]: ViewPostIme pointer 0
10-17 12:32:22.501 18439 18439 I ViewRootImpl@562a9cf[MainActivity]: ViewPostIme pointer 1
10-17 12:32:23.910 18439 18439 I ViewRootImpl@562a9cf[MainActivity]: ViewPostIme pointer 0
10-17 12:32:23.967 18439 18439 I ViewRootImpl@562a9cf[MainActivity]: ViewPostIme pointer 1
10-17 12:32:23.980 18439 18439 I NavComponent: Navigating to fragment: 2131362274
10-17 12:32:24.003 18439 18439 I IMM_LC  : hsifw() - flag : 0
10-17 12:32:24.003 18439 18439 I IMM_LC  : hsifw() - mService.hideSoftInput
10-17 12:32:24.080 18439 18439 D ScrollView: initGoToTop
10-17 12:32:24.366 18439 18439 I SurfaceView@2a4b6c1: onWindowVisibilityChanged(0) true android.view.SurfaceView{2a4b6c1 V.E..V... ......I. 0,0-0,0} of ViewRootImpl@562a9cf[MainActivity]
10-17 12:32:24.366 18439 18439 D SurfaceView@2a4b6c1: updateSurface: has no frame
10-17 12:32:24.374 18439 18439 I CS3ExoPlayer: SET STYLE = SaveCaptionStyle(foregroundColor=-1, backgroundColor=0, windowColor=0, edgeType=1, edgeColor=-16777216, typeface=null, typefaceFilePath=null, elevation=20, fixedTextSize=null, edgeSize=null, removeCaptions=false, removeBloat=true, upperCase=false, bold=false, italic=false, backgroundRadius=null)
10-17 12:32:24.389 18439 18439 D VideoClickActionHolder: allVideoClickActions: [null:com.lagradost.cloudstream3.actions.temp.PlayInBrowserAction, null:com.lagradost.cloudstream3.actions.temp.CopyClipboardAction, null:com.lagradost.cloudstream3.actions.temp.ViewM3U8Action, null:com.lagradost.cloudstream3.actions.temp.VlcPackage, null:com.lagradost.cloudstream3.actions.temp.MpvPackage, null:com.lagradost.cloudstream3.actions.temp.NextPlayerPackage, null:com.lagradost.cloudstream3.actions.temp.JustPlayerPackage, null:com.lagradost.cloudstream3.actions.temp.fcast.FcastAction, null:com.lagradost.cloudstream3.actions.temp.LibreTorrentPackage, null:com.lagradost.cloudstream3.actions.temp.BiglyBTPackage, null:com.lagradost.cloudstream3.actions.temp.VlcNightlyPackage, null:com.lagradost.cloudstream3.actions.temp.WebVideoCastPackage, null:com.lagradost.cloudstream3.actions.temp.MpvYTDLPackage, null:com.lagradost.cloudstream3.actions.temp.MpvKtPackage, null:com.lagradost.cloudstream3.actions.temp.MpvKtPreviewPackage, null:com.lagradost.cloudstream3.actions.AlwaysAskAction]
10-17 12:32:24.390 18439 18439 I IMM_LC  : hsifw() - flag : 0
10-17 12:32:24.390 18439 18439 I IMM_LC  : hsifw() - mService.hideSoftInput
10-17 12:32:24.392 18439 18485 I SYNCVM  : addFromUrl = https://asiatv.one/drama/tempest-%d9%85%d8%b3%d9%84%d8%b3%d9%84-%d8%a7%d9%84%d8%b9%d8%a7%d8%b5%d9%81%d8%a9-%d8%aa%d9%82%d8%b1%d9%8a%d8%b1-%d8%ad%d9%84%d9%82%d8%a7%d8%aa-%d9%85%d8%aa%d8%b1%d8%ac%d9%85%d8%a9/
10-17 12:32:24.394 18439 18485 I SYNCUTIL: getIdsFromUrl https://asiatv.one/drama/tempest-%d9%85%d8%b3%d9%84%d8%b3%d9%84-%d8%a7%d9%84%d8%b9%d8%a7%d8%b5%d9%81%d8%a9-%d8%aa%d9%82%d8%b1%d9%8a%d8%b1-%d8%ad%d9%84%d9%82%d8%a7%d8%aa-%d9%85%d8%aa%d8%b1%d8%ac%d9%85%d8%a9/
10-17 12:32:24.410 18439 18439 I SurfaceView@2a4b6c1: onWindowVisibilityChanged(8) false android.view.SurfaceView{2a4b6c1 V.E..V... ......I. 0,0-0,0} of ViewRootImpl@562a9cf[MainActivity]
10-17 12:32:24.410 18439 18439 D SurfaceView@2a4b6c1: updateSurface: has no frame
10-17 12:32:24.410 18439 18439 D SurfaceView@2a4b6c1: updateSurface: has no frame
10-17 12:32:24.410 18439 18439 I SurfaceView@2a4b6c1: onDetachedFromWindow: tryReleaseSurfaces()
10-17 12:32:24.410 18439 18439 I SurfaceView@2a4b6c1: releaseSurfaces: viewRoot = ViewRootImpl@562a9cf[MainActivity]
10-17 12:32:24.411 18439 18439 I SurfaceView@2a4b6c1: applyTransactionOnVriDraw: vri = ViewRootImpl@562a9cf[MainActivity] fRS = true t = 0x7b1c3d9e00 android.view.SurfaceView.releaseSurfaces:858 android.view.SurfaceView.onDetachedFromWindow:500 android.view.View.dispatchDetachedFromWindow:22538 
10-17 12:32:24.411 18439 18439 I SurfaceView@2a4b6c1: applyTransactionOnVriDraw: viewRoot.applyTransactionOnDrawFromReleaseSurfaces
10-17 12:32:24.411 18439 18439 I ViewRootImpl@562a9cf[MainActivity]: applyTransactionOnDraw: mRemoved = false isHardwareEnabled = true t = 0x7b1c3d9e00android.view.ViewRootImpl.applyTransactionOnDrawFromReleaseSurfaces:12850 android.view.SurfaceView.applyTransactionOnVriDraw:2046 android.view.SurfaceView.releaseSurfaces:858 android.view.SurfaceView.onDetachedFromWindow:500 android.view.View.dispatchDetachedFromWindow:22538 
10-17 12:32:24.414 18439 18439 I SurfaceView@2a4b6c1: onWindowVisibilityChanged(0) true android.view.SurfaceView{2a4b6c1 V.E..V... ......I. 0,0-0,0} of ViewRootImpl@562a9cf[MainActivity]
10-17 12:32:24.414 18439 18439 D SurfaceView@2a4b6c1: updateSurface: has no frame
10-17 12:32:24.419 18439 18439 I DecorView: notifyKeepScreenOnChanged: keepScreenOn=false
10-17 12:32:24.432 18439 18439 I CS3ExoPlayer: reloadPlayer
10-17 12:32:24.432 18439 18439 I CS3ExoPlayer: releasePlayer
10-17 12:32:24.433 18439 18439 I CS3ExoPlayer: Handle event: PlayerAttachedEvent(player=null, source=Player)
10-17 12:32:24.440 18439 18439 I ViewRootImpl@562a9cf[MainActivity]: performTraversals params={(0,0)(fillxfill) sim={state=always_hidden adjust=resize} ty=BASE_APPLICATION wanim=0x1030309
10-17 12:32:24.440 18439 18439 I ViewRootImpl@562a9cf[MainActivity]:   fl=85810100
10-17 12:32:24.440 18439 18439 I ViewRootImpl@562a9cf[MainActivity]:   pfl=12020040
10-17 12:32:24.440 18439 18439 I ViewRootImpl@562a9cf[MainActivity]:   vsysui=500
10-17 12:32:24.440 18439 18439 I ViewRootImpl@562a9cf[MainActivity]:   bhv=DEFAULT
10-17 12:32:24.440 18439 18439 I ViewRootImpl@562a9cf[MainActivity]:   fitSides= naviIconColor=0}
10-17 12:32:24.441 18439 18439 I ViewRootImpl@562a9cf[MainActivity]: performTraversals mFirst=false windowShouldResize=false viewVisibilityChanged=false mForceNextWindowRelayout=false params={(0,0)(fillxfill) sim={state=always_hidden adjust=resize} ty=BASE_APPLICATION fmt=TRANSLUCENT wanim=0x1030309
10-17 12:32:24.441 18439 18439 I ViewRootImpl@562a9cf[MainActivity]:   fl=85810100
10-17 12:32:24.441 18439 18439 I ViewRootImpl@562a9cf[MainActivity]:   pfl=12020040
10-17 12:32:24.441 18439 18439 I ViewRootImpl@562a9cf[MainActivity]:   vsysui=500
10-17 12:32:24.441 18439 18439 I ViewRootImpl@562a9cf[MainActivity]:   bhv=DEFAULT
10-17 12:32:24.441 18439 18439 I ViewRootImpl@562a9cf[MainActivity]:   fitSides= naviIconColor=0}
10-17 12:32:24.450 18439 18439 I ViewRootImpl@562a9cf[MainActivity]: updateBlastSurfaceIfNeeded mBlastBufferQueue=0x7b5b94ed00 isSameSurfaceControl=true
10-17 12:32:24.450 18439 18439 I BLASTBufferQueue: update, w= 1080 h= 2400 mName = ViewRootImpl@562a9cf[MainActivity] mNativeObject= 0x7b5b94ed00 sc.mNativeObject= 0x7b09484580 format= -3 caller= android.view.ViewRootImpl.updateBlastSurfaceIfNeeded:2898 android.view.ViewRootImpl.relayoutWindow:9847 android.view.ViewRootImpl.performTraversals:3884 android.view.ViewRootImpl.doTraversal:3116 android.view.ViewRootImpl$TraversalRunnable.run:10885 android.view.Choreographer$CallbackRecord.run:1301 
10-17 12:32:24.451 18439 18439 I ViewRootImpl@562a9cf[MainActivity]: Relayout returned: old=(0,0,1080,2400) new=(0,0,1080,2400) req=(1080,2400)0 dur=9 res=0x0 s={true 0x7b5b709800} ch=false seqId=0
10-17 12:32:24.452 18439 18439 W View    : requestLayout() improperly called by android.widget.FrameLayout{1770d96 I.E..V... ......I. 0,0-0,0 #7f0a04e7 app:id/start_panel} during layout: running second layout pass
10-17 12:32:24.452 18439 18439 W View    : requestLayout() improperly called by android.widget.FrameLayout{dd8ad17 I.E..V... ......ID 1080,0-1080,2143 #7f0a0168 app:id/end_panel} during layout: running second layout pass
10-17 12:32:24.454 18439 18439 D SurfaceView@2a4b6c1: updateSurface: has no frame
10-17 12:32:24.460 18439 18515 I ViewRootImpl@562a9cf[MainActivity]: mWNT: t=0x7b1c3d9e00 mBlastBufferQueue=0x7b5b94ed00 fn= 906 caller= android.view.ViewRootImpl.lambda$applyTransactionOnDraw$11$android-view-ViewRootImpl:12865 android.view.ViewRootImpl$$ExternalSyntheticLambda1.onFrameDraw:4 android.graphics.HardwareRenderer$FrameDrawingCallback.onFrameDraw:924 
10-17 12:32:24.463 18439 18439 D SurfaceView@2a4b6c1: updateSurface: has no frame
10-17 12:32:24.482 18439 18439 D SurfaceView@2a4b6c1: updateSurface: has no frame
10-17 12:32:24.502 18439 18439 D SurfaceView@2a4b6c1: updateSurface: has no frame
10-17 12:32:24.519 18439 18439 D SurfaceView@2a4b6c1: updateSurface: has no frame
10-17 12:32:24.538 18439 18439 D SurfaceView@2a4b6c1: updateSurface: has no frame
10-17 12:32:24.551 18439 18439 D SurfaceView@2a4b6c1: updateSurface: has no frame
10-17 12:32:24.567 18439 18439 D SurfaceView@2a4b6c1: updateSurface: has no frame
10-17 12:32:24.576 18439 18486 I RVM2    : applyMeta
10-17 12:32:24.584 18439 18439 D SurfaceView@2a4b6c1: updateSurface: has no frame
10-17 12:32:24.622 18439 18439 D SurfaceView@2a4b6c1: updateSurface: has no frame
10-17 12:32:24.641 18439 18439 D SurfaceView@2a4b6c1: updateSurface: has no frame
10-17 12:32:24.658 18439 18439 D SurfaceView@2a4b6c1: updateSurface: has no frame
10-17 12:32:24.674 18439 18439 D SurfaceView@2a4b6c1: updateSurface: has no frame
10-17 12:32:24.691 18439 18439 D SurfaceView@2a4b6c1: updateSurface: has no frame
10-17 12:32:24.707 18439 18439 D SurfaceView@2a4b6c1: updateSurface: has no frame
10-17 12:32:24.724 18439 18439 D SurfaceView@2a4b6c1: updateSurface: has no frame
10-17 12:32:24.741 18439 18439 D SurfaceView@2a4b6c1: updateSurface: has no frame
10-17 12:32:24.759 18439 18439 D SurfaceView@2a4b6c1: updateSurface: has no frame
10-17 12:32:24.774 18439 18439 D SurfaceView@2a4b6c1: updateSurface: has no frame
10-17 12:32:24.791 18439 18439 D SurfaceView@2a4b6c1: updateSurface: has no frame
10-17 12:32:24.807 18439 18439 D SurfaceView@2a4b6c1: updateSurface: has no frame
10-17 12:32:24.825 18439 18439 D SurfaceView@2a4b6c1: updateSurface: has no frame
10-17 12:32:24.841 18439 18439 D SurfaceView@2a4b6c1: updateSurface: has no frame
10-17 12:32:24.858 18439 18439 D SurfaceView@2a4b6c1: updateSurface: has no frame
10-17 12:32:24.874 18439 18439 D SurfaceView@2a4b6c1: updateSurface: has no frame
10-17 12:32:24.886 18439 18439 W PanelsChildGestureRegionObserver: failed to register view with ID 2131362800. already registered
10-17 12:32:24.890 18439 18439 E CoilImgLoader: Error loading image: coil3.request.NullRequestDataException: The request's data is null.
10-17 12:32:24.896 18439 18439 E CoilImgLoader: Error loading image: coil3.request.NullRequestDataException: The request's data is null.
10-17 12:32:24.972 18439 18485 I SYNCVM  : addFromUrl = https://asiatv.one/drama/tempest-%d9%85%d8%b3%d9%84%d8%b3%d9%84-%d8%a7%d9%84%d8%b9%d8%a7%d8%b5%d9%81%d8%a9-%d8%aa%d9%82%d8%b1%d9%8a%d8%b1-%d8%ad%d9%84%d9%82%d8%a7%d8%aa-%d9%85%d8%aa%d8%b1%d8%ac%d9%85%d8%a9/
10-17 12:32:24.972 18439 18485 I SYNCUTIL: getIdsFromUrl https://asiatv.one/drama/tempest-%d9%85%d8%b3%d9%84%d8%b3%d9%84-%d8%a7%d9%84%d8%b9%d8%a7%d8%b5%d9%81%d8%a9-%d8%aa%d9%82%d8%b1%d9%8a%d8%b1-%d8%ad%d9%84%d9%82%d8%a7%d8%aa-%d9%85%d8%aa%d8%b1%d8%ac%d9%85%d8%a9/
10-17 12:32:24.989 18439 18447 I st.cloudstream3: Background concurrent copying GC freed 9280KB AllocSpace bytes, 21(2028KB) LOS objects, 49% free, 21MB/42MB, paused 138us,142us total 171.524ms
10-17 12:32:25.130 18439 18439 D SurfaceView@2a4b6c1: updateSurface: has no frame
10-17 12:32:25.133 18439 18439 I SurfaceView@2a4b6c1: Changes: creating=true format=true size=true visible=true alpha=false hint=false mUseAlpha=false visible=true left=true top=true
10-17 12:32:25.136 18439 18439 I BLASTBufferQueue: update, w= 1080 h= 525 mName = null mNativeObject= 0x7b46e3f300 sc.mNativeObject= 0x7af94237a0 format= 4 caller= android.view.SurfaceView.createBlastSurfaceControls:1383 android.view.SurfaceView.updateSurface:1079 android.view.SurfaceView.lambda$new$0$android-view-SurfaceView:200 android.view.SurfaceView$$ExternalSyntheticLambda5.onPreDraw:2 android.view.ViewTreeObserver.dispatchOnPreDraw:1121 android.view.ViewRootImpl.performTraversals:4442 
10-17 12:32:25.136 18439 18439 I SurfaceView@2a4b6c1: 44349121 Cur surface: Surface(name=null)/@0xec864a8
10-17 12:32:25.136 18439 18439 I SurfaceView@2a4b6c1: pST: sr = Rect(0, 218 - 1080, 743) sw = 1080 sh = 525
10-17 12:32:25.136 18439 18439 D SurfaceView@2a4b6c1: performSurfaceTransaction RenderWorker position = [0, 218, 1080, 743] surfaceSize = 1080x525
10-17 12:32:25.137 18439 18439 I SurfaceView@2a4b6c1: applyTransactionOnVriDraw: vri = ViewRootImpl@562a9cf[MainActivity] fRS = false t = 0x7b1c2a9700 android.view.SurfaceView.performSurfaceTransaction:959 android.view.SurfaceView.updateSurface:1105 android.view.SurfaceView.lambda$new$0$android-view-SurfaceView:200 
10-17 12:32:25.137 18439 18439 I ViewRootImpl@562a9cf[MainActivity]: applyTransactionOnDraw: mRemoved = false isHardwareEnabled = true t = 0x7b1c2a9700android.view.SurfaceView.applyTransactionOnVriDraw:2048 android.view.SurfaceView.performSurfaceTransaction:959 android.view.SurfaceView.updateSurface:1105 android.view.SurfaceView.lambda$new$0$android-view-SurfaceView:200 android.view.SurfaceView$$ExternalSyntheticLambda5.onPreDraw:2 
10-17 12:32:25.137 18439 18439 I SurfaceView@2a4b6c1: updateSurface: mVisible = true mSurface.isValid() = true
10-17 12:32:25.137 18439 18439 I SurfaceView@2a4b6c1: updateSurface: mSurfaceCreated = false surfaceChanged = true visibleChanged = true
10-17 12:32:25.137 18439 18439 I SurfaceView@2a4b6c1: visibleChanged -- surfaceCreated
10-17 12:32:25.137 18439 18439 I SurfaceView@2a4b6c1: surfaceCreated 0 #8 android.view.SurfaceView{2a4b6c1 V.E..V... ......ID 0,0-1080,525}
10-17 12:32:25.137 18439 18439 I SurfaceView@2a4b6c1: surfaceChanged -- format=4 w=1080 h=525
10-17 12:32:25.137 18439 18439 I SurfaceView@2a4b6c1: surfaceChanged (1080,525) 0 #8 android.view.SurfaceView{2a4b6c1 V.E..V... ......ID 0,0-1080,525}
10-17 12:32:25.137 18439 18439 I SurfaceView@2a4b6c1: surfaceRedrawNeeded
10-17 12:32:25.138 18439 18439 V SurfaceView@2a4b6c1: Layout: x=0 y=218 w=1080 h=525, frame=Rect(0, 0 - 1080, 525)
10-17 12:32:25.156 18439 18516 D SurfaceView@2a4b6c1: updateSurfacePosition RenderWorker, frameNr = 932, position = [0, 218, 1080, 743] surfaceSize = 1080x525
10-17 12:32:25.156 18439 18516 I SurfaceView@2a4b6c1: uSP: rtp = Rect(0, 218 - 1080, 743) rtsw = 1080 rtsh = 525
10-17 12:32:25.156 18439 18516 I SurfaceView@2a4b6c1: onSSPAndSRT: pl = 0 pt = 218 sx = 1.0 sy = 1.0
10-17 12:32:25.157 18439 18516 I SurfaceView@2a4b6c1: aOrMT: ViewRootImpl@562a9cf[MainActivity] t = android.view.SurfaceControl$Transaction@5654f9f fN = 932 android.view.SurfaceView.-$$Nest$mapplyOrMergeTransaction:0 android.view.SurfaceView$SurfaceViewPositionUpdateListener.positionChanged:1537 android.graphics.RenderNode$CompositePositionUpdateListener.positionChanged:373 
10-17 12:32:25.157 18439 18516 I ViewRootImpl@562a9cf[MainActivity]: mWNT: t=0x7b1c2a9900 mBlastBufferQueue=0x7b5b94ed00 fn= 932 caller= android.view.SurfaceView.applyOrMergeTransaction:1455 android.view.SurfaceView.-$$Nest$mapplyOrMergeTransaction:0 android.view.SurfaceView$SurfaceViewPositionUpdateListener.positionChanged:1537 
10-17 12:32:25.158 18439 18516 I ViewRootImpl@562a9cf[MainActivity]: mWNT: t=0x7b1c2a9700 mBlastBufferQueue=0x7b5b94ed00 fn= 932 caller= android.view.ViewRootImpl.lambda$applyTransactionOnDraw$11$android-view-ViewRootImpl:12865 android.view.ViewRootImpl$$ExternalSyntheticLambda1.onFrameDraw:4 android.graphics.HardwareRenderer$FrameDrawingCallback.onFrameDraw:924 
10-17 12:32:25.207 18439 18439 I SurfaceView@2a4b6c1: finishedDrawing
10-17 12:32:26.304 18439 18439 I ViewRootImpl@562a9cf[MainActivity]: ViewPostIme pointer 0
10-17 12:32:26.349 18439 18439 I SurfaceView@2a4b6c1: Changes: creating=false format=false size=false visible=false alpha=false hint=false mUseAlpha=false visible=false left=false top=true
10-17 12:32:26.349 18439 18439 I SurfaceView@2a4b6c1: 44349121 Cur surface: Surface(name=null)/@0xec864a8
10-17 12:32:26.350 18439 18439 I SurfaceView@2a4b6c1: applyTransactionOnVriDraw: vri = ViewRootImpl@562a9cf[MainActivity] fRS = false t = 0x7b1c2aa400 android.view.SurfaceView.performSurfaceTransaction:959 android.view.SurfaceView.updateSurface:1105 android.view.SurfaceView.lambda$new$0$android-view-SurfaceView:200 
10-17 12:32:26.351 18439 18439 I ViewRootImpl@562a9cf[MainActivity]: applyTransactionOnDraw: mRemoved = false isHardwareEnabled = true t = 0x7b1c2aa400android.view.SurfaceView.applyTransactionOnVriDraw:2048 android.view.SurfaceView.performSurfaceTransaction:959 android.view.SurfaceView.updateSurface:1105 android.view.SurfaceView.lambda$new$0$android-view-SurfaceView:200 android.view.SurfaceView$$ExternalSyntheticLambda5.onPreDraw:2 
10-17 12:32:26.351 18439 18439 I SurfaceView@2a4b6c1: updateSurface: mVisible = true mSurface.isValid() = true
10-17 12:32:26.351 18439 18439 I SurfaceView@2a4b6c1: updateSurface: mSurfaceCreated = true surfaceChanged = false visibleChanged = false
10-17 12:32:26.351 18439 18439 V SurfaceView@2a4b6c1: Layout: x=0 y=203 w=1080 h=525, frame=Rect(0, 0 - 1080, 525)
10-17 12:32:26.355 18439 18515 D SurfaceView@2a4b6c1: updateSurfacePosition RenderWorker, frameNr = 966, position = [0, 203, 1080, 728] surfaceSize = 1080x525
10-17 12:32:26.355 18439 18515 I SurfaceView@2a4b6c1: uSP: rtp = Rect(0, 203 - 1080, 728) rtsw = 1080 rtsh = 525
10-17 12:32:26.355 18439 18515 I SurfaceView@2a4b6c1: onSSPAndSRT: pl = 0 pt = 203 sx = 1.0 sy = 1.0
10-17 12:32:26.356 18439 18515 I SurfaceView@2a4b6c1: aOrMT: ViewRootImpl@562a9cf[MainActivity] t = android.view.SurfaceControl$Transaction@5654f9f fN = 966 android.view.SurfaceView.-$$Nest$mapplyOrMergeTransaction:0 android.view.SurfaceView$SurfaceViewPositionUpdateListener.positionChanged:1537 android.graphics.RenderNode$CompositePositionUpdateListener.positionChanged:373 
10-17 12:32:26.359 18439 18515 I ViewRootImpl@562a9cf[MainActivity]: mWNT: t=0x7b1c2a9900 mBlastBufferQueue=0x7b5b94ed00 fn= 966 caller= android.view.SurfaceView.applyOrMergeTransaction:1455 android.view.SurfaceView.-$$Nest$mapplyOrMergeTransaction:0 android.view.SurfaceView$SurfaceViewPositionUpdateListener.positionChanged:1537 
10-17 12:32:26.359 18439 18515 I ViewRootImpl@562a9cf[MainActivity]: mWNT: t=0x7b1c2aa400 mBlastBufferQueue=0x7b5b94ed00 fn= 966 caller= android.view.ViewRootImpl.lambda$applyTransactionOnDraw$11$android-view-ViewRootImpl:12865 android.view.ViewRootImpl$$ExternalSyntheticLambda1.onFrameDraw:4 android.graphics.HardwareRenderer$FrameDrawingCallback.onFrameDraw:924 
