10-17 12:32:29.094 18439 18439 I ViewRootImpl@7b6ccf2[MainActivity]: setupSync seqId=0 mSyncId=0 fn=1 caller=android.view.ViewRootImpl$$ExternalSyntheticLambda11.accept:6 android.window.SurfaceSyncer.lambda$setupSync$1$android-window-SurfaceSyncer:128 android.window.SurfaceSyncer$$ExternalSyntheticLambda1.accept:8 android.window.SurfaceSyncer$SyncSet.checkIfSyncIsComplete:382 android.window.SurfaceSyncer$SyncSet.markSyncReady:359 android.window.SurfaceSyncer.markSyncReady:151 android.view.ViewRootImpl.performTraversals:4503 
10-17 12:32:29.095 18439 18439 I ViewRootImpl@7b6ccf2[MainActivity]: reportDrawFinished seqId=0 mSyncId=-1 fn=1 mSurfaceChangedTransaction=0x7af9595600
10-17 12:32:29.095 18439 18439 I ViewRootImpl@562a9cf[MainActivity]: MSG_WINDOW_FOCUS_CHANGED 0 0
10-17 12:32:29.114 18439 18439 I ViewRootImpl@562a9cf[MainActivity]: MSG_WINDOW_FOCUS_CHANGED 0 0
10-17 12:32:29.156 18439 18439 I ViewRootImpl@7b6ccf2[MainActivity]: MSG_WINDOW_FOCUS_CHANGED 1 0
10-17 12:32:29.156 18439 18439 I ViewRootImpl@7b6ccf2[MainActivity]: mThreadedRenderer.initializeIfNeeded()#2 mSurface={isValid=true 0x7af97ab000}
10-17 12:32:29.157 18439 18439 D InputMethodManager: startInputInner - Id : 0
10-17 12:32:29.157 18439 18439 I InputMethodManager: startInputInner - mService.startInputOrWindowGainedFocus
10-17 12:32:29.672 18439 18486 D AsiaTVLogs: Got redirect URL: https://asiawiki.me/chansung-%d9%87%d9%88-%d8%a8%d8%b7%d9%84-%d8%af%d8%b1%d8%a7%d9%85%d8%a7-%d8%a7%d9%84%d9%88%d9%8a%d8%a8-%d8%a7%d9%84%d8%ac%d8%af%d9%8a%d8%af%d8%a9-romance-written-differently/
10-17 12:32:29.672 18439 18486 D AsiaTVLogs: Got Cookies: episode_id=98344; Path=/; Max-Age=2592000; Expires=Sun, 16 Nov 2025 11:32:29 GMT
10-17 12:32:30.959 18439 18486 D AsiaTVLogs: Successfully fetched watch page content.
10-17 12:32:30.965 18439 18486 D AsiaTVLogs: Found embed URL: https://www.asiatvplayer.com/embed-9q0q2rd3nety.html
10-17 12:32:30.968 18439 18486 D AsiaTvPlayer: Extractor invoked for URL: https://www.asiatvplayer.com/embed-9q0q2rd3nety.html
10-17 12:32:30.971 18439 18486 D AsiaTVLogs: Found embed URL: https://d-s.io/e/rknmmsejp2uk
10-17 12:32:31.014 18439 18486 D AsiaTVLogs: Successfully loaded links from: https://d-s.io/e/rknmmsejp2uk
10-17 12:32:31.015 18439 18486 D AsiaTVLogs: Found embed URL: https://filemoon.to/e/1zjys2c560hy
10-17 12:32:31.022 18439 18486 D AsiaTVLogs: Found embed URL: https://luluvid.com/e/k76oxnewcfxw
10-17 12:32:31.032 18439 18486 D AsiaTVLogs: Found embed URL: https://bingezove.com/embed/qgczduqgj9u6
10-17 12:32:31.046 18439 18486 D AsiaTVLogs: Successfully loaded links from: https://bingezove.com/embed/qgczduqgj9u6
10-17 12:32:31.047 18439 18486 D AsiaTVLogs: Found embed URL: https://listeamed.net/e/LQm9OXKb7r0E1lg
10-17 12:32:31.050 18439 18486 D AsiaTVLogs: Found embed URL: https://voe.sx/e/phrtkm5hov8c
10-17 12:32:31.053 18439 18486 D AsiaTVLogs: Found embed URL: https://hglink.to/e/0dthup76qvto
10-17 12:32:31.064 18439 18486 D AsiaTVLogs: Successfully loaded links from: https://hglink.to/e/0dthup76qvto
10-17 12:32:31.065 18439 18486 D AsiaTVLogs: Found embed URL: //vidmoly.net/embed-om02y7jstesm.html
10-17 12:32:31.083 18439 18486 D AsiaTVLogs: Successfully loaded links from: //vidmoly.net/embed-om02y7jstesm.html
10-17 12:32:31.084 18439 18486 D AsiaTVLogs: Found embed URL: https://bigwarp.io/embed-worok0ruw8bg.html
10-17 12:32:31.452 18439 18486 D RepoLink: Loaded ExtractorLink: ExtractorLink(name=LuluStream, url=https://x4rex00tusz5.tnmr.org/hls2/01/02458/k76oxnewcfxw_h/master.m3u8?t=s3XeYZrGiF7ZIjiwWWTXH3U-NUZnO27YfJ21t76Aie4&s=1760700751&e=28800&f=12293550&i=0.3&sp=0, referer=https://luluvdo.com, type=M3U8)
10-17 12:32:31.453 18439 18486 D AsiaTVLogs: Successfully loaded links from: https://luluvid.com/e/k76oxnewcfxw
10-17 12:32:31.501 18439 18486 D AsiaTvPlayer: Successfully fetched embed page content.
10-17 12:32:31.503 18439 18486 E AsiaTvPlayer: An exception occurred: Did not find balanced marker at 'eval(function(p,a,c,k,e,d))'
10-17 12:32:31.503 18439 18486 W System.err: org.jsoup.select.Selector$SelectorParseException: Did not find balanced marker at 'eval(function(p,a,c,k,e,d))'
10-17 12:32:31.503 18439 18486 W System.err: 	at org.jsoup.select.QueryParser.parse(QueryParser.java:49)
10-17 12:32:31.503 18439 18486 W System.err: 	at org.jsoup.select.Selector.selectFirst(Selector.java:197)
10-17 12:32:31.503 18439 18486 W System.err: 	at org.jsoup.nodes.Element.selectFirst(Element.java:537)
10-17 12:32:31.503 18439 18486 W System.err: 	at com.asiatv.one.AsiaTvPlayer.getUrl$suspendImpl(Asiatv.oneExtractors.kt:32)
10-17 12:32:31.503 18439 18486 W System.err: 	at com.asiatv.one.AsiaTvPlayer$getUrl$1.invokeSuspend(Unknown Source:15)
10-17 12:32:31.503 18439 18486 W System.err: 	at kotlin.coroutines.jvm.internal.BaseContinuationImpl.resumeWith(ContinuationImpl.kt:33)
10-17 12:32:31.503 18439 18486 W System.err: 	at kotlinx.coroutines.DispatchedTask.run(DispatchedTask.kt:100)
10-17 12:32:31.503 18439 18486 W System.err: 	at kotlinx.coroutines.EventLoopImplBase.processNextEvent(EventLoop.common.kt:263)
10-17 12:32:31.503 18439 18486 W System.err: 	at kotlinx.coroutines.BlockingCoroutine.joinBlocking(Builders.kt:95)
10-17 12:32:31.503 18439 18486 W System.err: 	at kotlinx.coroutines.BuildersKt__BuildersKt.runBlocking(Builders.kt:69)
10-17 12:32:31.504 18439 18486 W System.err: 	at kotlinx.coroutines.BuildersKt.runBlocking(Unknown Source:1)
10-17 12:32:31.504 18439 18486 W System.err: 	at kotlinx.coroutines.BuildersKt__BuildersKt.runBlocking$default(Builders.kt:47)
10-17 12:32:31.504 18439 18486 W System.err: 	at kotlinx.coroutines.BuildersKt.runBlocking$default(Unknown Source:1)
10-17 12:32:31.504 18439 18486 W System.err: 	at com.lagradost.cloudstream3.ParCollectionsKt.apmap(ParCollections.kt:49)
10-17 12:32:31.504 18439 18486 W System.err: 	at com.asiatv.one.AsiatvoneProvider.loadLinks(Asiatv.oneProvider.kt:215)
10-17 12:32:31.504 18439 18486 W System.err: 	at com.asiatv.one.AsiatvoneProvider$loadLinks$1.invokeSuspend(Unknown Source:18)
10-17 12:32:31.504 18439 18486 W System.err: 	at kotlin.coroutines.jvm.internal.BaseContinuationImpl.resumeWith(ContinuationImpl.kt:33)
10-17 12:32:31.504 18439 18486 W System.err: 	at kotlinx.coroutines.DispatchedTask.run(DispatchedTask.kt:100)
10-17 12:32:31.504 18439 18486 W System.err: 	at kotlinx.coroutines.internal.LimitedDispatcher$Worker.run(LimitedDispatcher.kt:113)
10-17 12:32:31.504 18439 18486 W System.err: 	at kotlinx.coroutines.scheduling.TaskImpl.run(Tasks.kt:89)
10-17 12:32:31.504 18439 18486 W System.err: 	at kotlinx.coroutines.scheduling.CoroutineScheduler.runSafely(CoroutineScheduler.kt:586)
10-17 12:32:31.504 18439 18486 W System.err: 	at kotlinx.coroutines.scheduling.CoroutineScheduler$Worker.executeTask(CoroutineScheduler.kt:820)
10-17 12:32:31.504 18439 18486 W System.err: 	at kotlinx.coroutines.scheduling.CoroutineScheduler$Worker.runWorker(CoroutineScheduler.kt:717)
10-17 12:32:31.504 18439 18486 W System.err: 	at kotlinx.coroutines.scheduling.CoroutineScheduler$Worker.run(CoroutineScheduler.kt:704)
10-17 12:32:31.504 18439 18486 D AsiaTvPlayer: Returning 0 sources.
10-17 12:32:31.505 18439 18486 D AsiaTVLogs: Successfully loaded links from: https://www.asiatvplayer.com/embed-9q0q2rd3nety.html
10-17 12:32:31.746 18439 18447 I st.cloudstream3: Background concurrent copying GC freed 12MB AllocSpace bytes, 55(5148KB) LOS objects, 48% free, 25MB/49MB, paused 192us,217us total 173.803ms
10-17 12:32:31.771 18439 18461 D OpenGLRenderer: setSurface called with nullptr
10-17 12:32:31.772 18439 18448 D InputTransport: Input channel destroyed: 'ClientS', fd=162
10-17 12:32:31.773 18439 18448 D InputTransport: Input channel destroyed: 'ClientS', fd=298
10-17 12:32:31.932 18439 18486 D RepoLink: Loaded ExtractorLink: ExtractorLink(name=Vidguard, url=https://q1yjnqk2oi.guardstorage.net/hls_3/RrH_r2xfpBJWB5h5xSVAoJNP8iEUHcAF4wdXqePoTbdBweHn8WHp5p2gBaBymjPXZMt5u-m4N8d8EcaZwiFDt03MX7kLSwrH_LG-aMZ4FFrTTykrLT3DrMe7cEcHogox1DR9OIi1HjCu9KUV9V_omR2kW0Yf2Hu5qQglz5wxQFq_NlxnUI2TREfTgIFpPwLQfWfg6xSBAU16MEW6e4W2Sg/master.m3u8?sig=bwF50QG6WuwYTABL0JwEPw&expires=1760709751, referer=https://listeamed.net, type=M3U8)
10-17 12:32:31.933 18439 18486 D AsiaTVLogs: Successfully loaded links from: https://listeamed.net/e/LQm9OXKb7r0E1lg
10-17 12:32:31.942 18439 18486 D RepoLink: Loaded ExtractorLink: ExtractorLink(name=Bigwarp 935 kbps, url=https://fs67.bigwarp.io/v/01/01249/worok0ruw8bg_x/x.mp4?t=uPmNgRmLogUwdqB2QaKrvbqmkrpdJ7DLMntRurUzG0M&s=1760700751&e=43200&f=6248155&sp=1000&i=0.0&kmnr=953387811945, referer=https://bigwarp.io/embed-worok0ruw8bg.html, type=VIDEO)
10-17 12:32:31.943 18439 18486 D AsiaTVLogs: Successfully loaded links from: https://bigwarp.io/embed-worok0ruw8bg.html
10-17 12:32:31.979 18439 18446 I st.cloudstream3: Compiler allocated 7061KB to compile java.lang.Object org.mozilla.javascript.Interpreter.interpretLoop(org.mozilla.javascript.Context, org.mozilla.javascript.Interpreter$CallFrame, java.lang.Object)
10-17 12:32:32.342 18439 18486 D RepoLink: Loaded ExtractorLink: ExtractorLink(name=Voe, url=https://cdn-wkgtlrbhjc1mxcjt.orbitcache.com/engine/hls2/01/15329/phrtkm5hov8c_,n,.urlset/index-v1-a1.m3u8?t=R46GcLVkfPn9dIm-11P9vaulJ1du9hHTPb1W-dVPW6s&s=1760700751&e=14400&f=76649145&node=bAtMdGZGqUDwL5VVe4d0gdh3Sp+fJM1VA67mUn2vrz0=&i=105.105&sp=2500&asn=36947&q=n&rq=lIBJAEtKmNxY4Z0jh9J3Bp3jJwcYpoMgZTdsMaql, referer=https://voe.sx/, type=M3U8)
10-17 12:32:32.342 18439 18486 D RepoLink: Loaded ExtractorLink: ExtractorLink(name=Voe, url=https://cdn-wkgtlrbhjc1mxcjt.orbitcache.com/engine/hls2/01/15329/phrtkm5hov8c_,n,.urlset/master.m3u8?t=R46GcLVkfPn9dIm-11P9vaulJ1du9hHTPb1W-dVPW6s&s=1760700751&e=14400&f=76649145&node=bAtMdGZGqUDwL5VVe4d0gdh3Sp+fJM1VA67mUn2vrz0=&i=105.105&sp=2500&asn=36947&q=n&rq=lIBJAEtKmNxY4Z0jh9J3Bp3jJwcYpoMgZTdsMaql, referer=https://voe.sx/, type=M3U8)
10-17 12:32:32.342 18439 18486 D RepoLink: Loaded ExtractorLink: ExtractorLink(name=Voe MP4, url=https://cdn-wkgtlrbhjc1mxcjt.orbitcache.com/engine/download/01/15329/phrtkm5hov8c_n.mp4?t=Tz6g4qJ24Q-h3WaC2hpcYlZPbfWuxPcYHNqDGuRr8Wo&s=1760700751&e=14400&f=76649145&node=bAtMdGZGqUDwL5VVe4d0gdh3Sp+fJM1VA67mUn2vrz0=&i=105.105&sp=380&asn=36947&n=Tempest-S01E01AsiaTvDrama-Com.mp4&d=1, referer=https://voe.sx/e/phrtkm5hov8c, type=VIDEO)
10-17 12:32:32.342 18439 18486 D AsiaTVLogs: Successfully loaded links from: https://voe.sx/e/phrtkm5hov8c
10-17 12:32:32.835 18439 18486 D RepoLink: Loaded ExtractorLink: ExtractorLink(name=FileMoon, url=https://be2719.rcr22.ams01.i8yz83pn.com/hls2/03/09841/1zjys2c560hy_h/index-v1-a1.m3u8?t=x7KWTmYqiVridwpn7e-g5Wwp1pqtPm1mjnMvVfrdjzw&s=1760700752&e=10800&f=49207988&srv=52&asn=36947&sp=4000&p=, referer=https://filemoon.to, type=M3U8)
10-17 12:32:32.835 18439 18486 D RepoLink: Loaded ExtractorLink: ExtractorLink(name=FileMoon, url=https://be2719.rcr22.ams01.i8yz83pn.com/hls2/03/09841/1zjys2c560hy_h/master.m3u8?t=x7KWTmYqiVridwpn7e-g5Wwp1pqtPm1mjnMvVfrdjzw&s=1760700752&e=10800&f=49207988&srv=52&asn=36947&sp=4000&p=, referer=https://filemoon.to, type=M3U8)
10-17 12:32:32.836 18439 18486 D AsiaTVLogs: Successfully loaded links from: https://filemoon.to/e/1zjys2c560hy
10-17 12:32:32.847 18439 18439 I MSHandlerLifeCycle: removeMultiSplitHandler: no exist. decor=DecorView@1fbdd8e[MainActivity]
10-17 12:32:32.861 18439 18461 D OpenGLRenderer: setSurface called with nullptr
10-17 12:32:32.861 18439 18461 D OpenGLRenderer: setSurface() destroyed EGLSurface
10-17 12:32:32.861 18439 18461 D OpenGLRenderer: destroyEglSurface
10-17 12:32:32.868 18439 18439 I ViewRootImpl@7b6ccf2[MainActivity]: dispatchDetachedFromWindow
10-17 12:32:32.889 18439 18439 D InputTransport: Input channel destroyed: '25a09f6', fd=126
10-17 12:32:32.891 18439 18439 I Dialog  : mIsDeviceDefault = false, mIsSamsungBasicInteraction = false, isMetaDataInActivity = false
10-17 12:32:32.925 18439 18439 I DecorView: [INFO] isPopOver=false config=false
10-17 12:32:32.925 18439 18439 I DecorView: updateCaptionType: isFloating=false isApplication=true hasWindowDecorCaption=false this=DecorView@9db09d2[]
10-17 12:32:32.925 18439 18439 D DecorView: setCaptionType = 0, this = DecorView@9db09d2[]
10-17 12:32:32.927 18439 18439 I DecorView: getCurrentDensityDpi: from app context. densityDpi=420 msg=resources_loaded
10-17 12:32:32.927 18439 18439 I DecorView: setWindowBackground: isPopOver=false color=0 d=android.graphics.drawable.ColorDrawable@d7f71a0
10-17 12:32:32.933 18439 18461 D NativeCustomFrequencyManager: [NativeCFMS] BpCustomFrequencyManager::BpCustomFrequencyManager()
10-17 12:32:32.935 18439 18439 I DecorView: notifyKeepScreenOnChanged: keepScreenOn=false
10-17 12:32:32.946 18439 18439 D InsetsController: onStateChanged: InsetsState: {mDisplayFrame=Rect(0, 0 - 1080, 2400), mDisplayCutout=DisplayCutout{insets=Rect(0, 88 - 0, 0) waterfall=Insets{left=0, top=0, right=0, bottom=0} boundingRect={Bounds=[Rect(0, 0 - 0, 0), Rect(512, 0 - 568, 88), Rect(0, 0 - 0, 0), Rect(0, 0 - 0, 0)]} cutoutPathParserInfo={CutoutPathParserInfo{displayWidth=1080 displayHeight=2400 physicalDisplayWidth=1080 physicalDisplayHeight=2400 density={2.625} cutoutSpec={M 0,0 M 0,12.25101276465640 a 10.60613009248640,10.60613009248640 0 1,0 0,21.21226018497290 a 10.60613009248640,10.60613009248640 0 1,0 0,-21.21226018497290 Z @dp} rotation={0} scale={1.0} physicalPixelDisplaySizeRatio={1.0}}}}, mRoundedCorners=RoundedCorners{[RoundedCorner{position=TopLeft, radius=84, center=Point(84, 84)}, RoundedCorner{position=TopRight, radius=84, center=Point(996, 84)}, RoundedCorner{position=BottomRight, radius=84, center=Point(996, 2316)}, RoundedCorner{position=BottomLeft, radius=84, center=Point(84, 2316)}]}  mRoundedCornerFrame=Rect(0, 0 - 1080, 2400), mPrivacyIndicatorBounds=PrivacyIndicatorBounds {static bounds=Rect(964, 0 - 1080, 87) rotation=0}, mSources= { InsetsSource: {mType=ITYPE_STATUS_BAR, mFrame=[0,0][1080,88], mVisible=true, mInsetsRoundedCornerFrame=false}, InsetsSource: {mType=ITYPE_NAVIGATION_BAR, mFrame=[0,2361][1080,2400], mVisible=true, mInsetsRoundedCornerFrame=false}, InsetsSource: {mType=ITYPE_LEFT_GESTURES, mFrame=[0,0][130,2400], mVisible=true, mInsetsRoundedCornerFrame=false}, InsetsSource: {mType=ITYPE_RIGHT_GESTURES, mFrame=[950,0][1080,2400], mVisible=true, mInsetsRoundedCornerFrame=false}, InsetsSource: {mType=ITYPE_TOP_MANDATORY_GESTURES, mFrame=[0,0][1080,120], mVisible=true, mInsetsRoundedCornerFrame=false}, InsetsSource: {mType=ITYPE_BOTTOM_MANDATORY_GESTURES, mFrame=[0,2316][1080,2400], mVisible=true, mInsetsRoundedCornerFrame=false}, InsetsSource: {mType=ITYPE_LEFT_DISPLAY_CUTOUT, mFrame=[0,0][-100000,2400], mVisible=true, mInsetsRoundedCornerFrame=false}, InsetsSource: {mType=ITYPE_TOP_DISPLAY_CUTOUT, mFrame=[0,0][1080,88], mVisible=true, mInsetsRoundedCornerFrame=false}, InsetsSource: {mType=ITYPE_RIGHT_DISPLAY_CUTOUT, mFrame=[100000,0][1080,2400], mVisible=true, mInsetsRoundedCornerFrame=false}, InsetsSource: {mType=ITYPE_BOTTOM_DISPLAY_CUTOUT, mFrame=[0,100000][1080,2400], mVisible=true, mInsetsRoundedCornerFrame=false}, InsetsSource: {mType=ITYPE_TOP_TAPPABLE_ELEMENT, mFrame=[0,0][1080,88], mVisible=true, mInsetsRoundedCornerFrame=false}, InsetsSource: {mType=ITYPE_BOTTOM_TAPPABLE_ELEMENT, mFrame=[0,0][0,0], mVisible=true, mInsetsRoundedCornerFrame=false}, InsetsSource: {mType=ITYPE_IME, mFrame=[0,0][0,0], mVisibleFrame=[0,1409][1080,2400], mVisible=false, mInsetsRoundedCornerFrame=false} } host=com.lagradost.cloudstream3/com.lagradost.cloudstream3.MainActivity from=android.view.ViewRootImpl.setView:1732
10-17 12:32:32.947 18439 18439 I ViewRootImpl@cbbd291[MainActivity]: setView = com.android.internal.policy.DecorView@9db09d2 TM=true
10-17 12:32:32.961 18439 18439 I ViewRootImpl@cbbd291[MainActivity]: performTraversals params={(0,0)(fillxfill) gr=CENTER sim={adjust=resize forwardNavigation} ty=APPLICATION fmt=TRANSPARENT wanim=0x7f14000b
10-17 12:32:32.961 18439 18439 I ViewRootImpl@cbbd291[MainActivity]:   fl=85810100
10-17 12:32:32.961 18439 18439 I ViewRootImpl@cbbd291[MainActivity]:   pfl=12020040
10-17 12:32:32.961 18439 18439 I ViewRootImpl@cbbd291[MainActivity]:   vsysui=500
10-17 12:32:32.961 18439 18439 I ViewRootImpl@cbbd291[MainActivity]:   bhv=DEFAULT
10-17 12:32:32.961 18439 18439 I ViewRootImpl@cbbd291[MainActivity]:   fitSides= naviIconColor=0}
10-17 12:32:32.962 18439 18439 I ViewRootImpl@cbbd291[MainActivity]: performTraversals mFirst=true windowShouldResize=true viewVisibilityChanged=false mForceNextWindowRelayout=false params={(0,0)(fillxfill) gr=CENTER sim={adjust=resize forwardNavigation} ty=APPLICATION fmt=TRANSPARENT wanim=0x7f14000b
10-17 12:32:32.962 18439 18439 I ViewRootImpl@cbbd291[MainActivity]:   fl=85810100
10-17 12:32:32.962 18439 18439 I ViewRootImpl@cbbd291[MainActivity]:   pfl=12020040
10-17 12:32:32.962 18439 18439 I ViewRootImpl@cbbd291[MainActivity]:   vsysui=500
10-17 12:32:32.962 18439 18439 I ViewRootImpl@cbbd291[MainActivity]:   bhv=DEFAULT
10-17 12:32:32.962 18439 18439 I ViewRootImpl@cbbd291[MainActivity]:   fitSides= naviIconColor=0}
10-17 12:32:32.978 18439 18439 I ViewRootImpl@cbbd291[MainActivity]: updateBlastSurfaceIfNeeded mBlastBufferQueue=null isSameSurfaceControl=false
10-17 12:32:32.979 18439 18439 I BLASTBufferQueue: new BLASTBufferQueue, mName= ViewRootImpl@cbbd291[MainActivity] mNativeObject= 0x7b0914c100 sc.mNativeObject= 0x7b5b7d08e0 caller= android.view.ViewRootImpl.updateBlastSurfaceIfNeeded:2909 android.view.ViewRootImpl.relayoutWindow:9847 android.view.ViewRootImpl.performTraversals:3884 android.view.ViewRootImpl.doTraversal:3116 android.view.ViewRootImpl$TraversalRunnable.run:10885 android.view.Choreographer$CallbackRecord.run:1301 android.view.Choreographer$CallbackRecord.run:1309 android.view.Choreographer.doCallbacks:923 android.view.Choreographer.doFrame:852 android.view.Choreographer$FrameDisplayEventReceiver.run:1283 
10-17 12:32:32.979 18439 18439 I BLASTBufferQueue: update, w= 1080 h= 2400 mName = ViewRootImpl@cbbd291[MainActivity] mNativeObject= 0x7b0914c100 sc.mNativeObject= 0x7b5b7d08e0 format= -2 caller= android.graphics.BLASTBufferQueue.<init>:84 android.view.ViewRootImpl.updateBlastSurfaceIfNeeded:2909 android.view.ViewRootImpl.relayoutWindow:9847 android.view.ViewRootImpl.performTraversals:3884 android.view.ViewRootImpl.doTraversal:3116 android.view.ViewRootImpl$TraversalRunnable.run:10885 
10-17 12:32:32.980 18439 18439 I ViewRootImpl@cbbd291[MainActivity]: Relayout returned: old=(0,0,1080,2400) new=(0,0,1080,2400) req=(1080,2400)0 dur=16 res=0x3 s={true 0x7af97ab000} ch=true seqId=0
10-17 12:32:32.981 18439 18439 I ViewRootImpl@cbbd291[MainActivity]: mThreadedRenderer.initialize() mSurface={isValid=true 0x7af97ab000} hwInitialized=true
10-17 12:32:32.982 18439 18461 D OpenGLRenderer: eglCreateWindowSurface
10-17 12:32:33.003 18439 18439 D AbsListView:  in onLayout changed 
10-17 12:32:33.004 18439 18439 I ViewRootImpl@cbbd291[MainActivity]: reportNextDraw android.view.ViewRootImpl.performTraversals:4438 android.view.ViewRootImpl.doTraversal:3116 android.view.ViewRootImpl$TraversalRunnable.run:10885 android.view.Choreographer$CallbackRecord.run:1301 android.view.Choreographer$CallbackRecord.run:1309 
10-17 12:32:33.004 18439 18439 I ViewRootImpl@cbbd291[MainActivity]: Setup new sync id=0
10-17 12:32:33.005 18439 18439 I ViewRootImpl@cbbd291[MainActivity]: Setting syncFrameCallback
10-17 12:32:33.005 18439 18439 I ViewRootImpl@cbbd291[MainActivity]: registerCallbacksForSync syncBuffer=false
10-17 12:32:33.008 18439 18516 I ViewRootImpl@cbbd291[MainActivity]: Received frameDrawingCallback syncResult=0 frameNum=1.
10-17 12:32:33.008 18439 18516 I ViewRootImpl@cbbd291[MainActivity]: Setting up sync and frameCommitCallback
10-17 12:32:33.018 18439 18461 I BLASTBufferQueue: [ViewRootImpl@cbbd291[MainActivity]#7](f:0,a:0) onFrameAvailable the first frame is available
10-17 12:32:33.019 18439 18461 I ViewRootImpl@cbbd291[MainActivity]: Received frameCommittedCallback lastAttemptedDrawFrameNum=1 didProduceBuffer=true
10-17 12:32:33.022 18439 18461 D OpenGLRenderer: CFMS:: SetUp Pid : 18439    Tid : 18461
10-17 12:32:33.027 18439 18439 I ViewRootImpl@cbbd291[MainActivity]: onSyncComplete
10-17 12:32:33.027 18439 18439 I ViewRootImpl@cbbd291[MainActivity]: setupSync seqId=0 mSyncId=0 fn=1 caller=android.view.ViewRootImpl$$ExternalSyntheticLambda11.accept:6 android.window.SurfaceSyncer.lambda$setupSync$1$android-window-SurfaceSyncer:128 android.window.SurfaceSyncer$$ExternalSyntheticLambda1.accept:8 android.window.SurfaceSyncer$SyncSet.checkIfSyncIsComplete:382 android.window.SurfaceSyncer$SyncSet.markSyncReady:359 android.window.SurfaceSyncer.markSyncReady:151 android.view.ViewRootImpl.performTraversals:4503 
10-17 12:32:33.028 18439 18439 I ViewRootImpl@cbbd291[MainActivity]: reportDrawFinished seqId=0 mSyncId=-1 fn=1 mSurfaceChangedTransaction=0x7b6b1ff800
10-17 12:32:33.030 18439 18439 D InsetsController: onStateChanged: InsetsState: {mDisplayFrame=Rect(0, 0 - 1080, 2400), mDisplayCutout=DisplayCutout{insets=Rect(0, 88 - 0, 0) waterfall=Insets{left=0, top=0, right=0, bottom=0} boundingRect={Bounds=[Rect(0, 0 - 0, 0), Rect(512, 0 - 568, 88), Rect(0, 0 - 0, 0), Rect(0, 0 - 0, 0)]} cutoutPathParserInfo={CutoutPathParserInfo{displayWidth=1080 displayHeight=2400 physicalDisplayWidth=1080 physicalDisplayHeight=2400 density={2.625} cutoutSpec={M 0,0 M 0,12.25101276465640 a 10.60613009248640,10.60613009248640 0 1,0 0,21.21226018497290 a 10.60613009248640,10.60613009248640 0 1,0 0,-21.21226018497290 Z @dp} rotation={0} scale={1.0} physicalPixelDisplaySizeRatio={1.0}}}}, mRoundedCorners=RoundedCorners{[RoundedCorner{position=TopLeft, radius=84, center=Point(84, 84)}, RoundedCorner{position=TopRight, radius=84, center=Point(996, 84)}, RoundedCorner{position=BottomRight, radius=84, center=Point(996, 2316)}, RoundedCorner{position=BottomLeft, radius=84, center=Point(84, 2316)}]}  mRoundedCornerFrame=Rect(0, 0 - 1080, 2400), mPrivacyIndicatorBounds=PrivacyIndicatorBounds {static bounds=Rect(964, 0 - 1080, 87) rotation=0}, mSources= { InsetsSource: {mType=ITYPE_STATUS_BAR, mFrame=[0,0][1080,88], mVisible=true, mInsetsRoundedCornerFrame=false}, InsetsSource: {mType=ITYPE_NAVIGATION_BAR, mFrame=[0,2361][1080,2400], mVisible=true, mInsetsRoundedCornerFrame=false}, InsetsSource: {mType=ITYPE_LEFT_GESTURES, mFrame=[0,0][130,2400], mVisible=true, mInsetsRoundedCornerFrame=false}, InsetsSource: {mType=ITYPE_RIGHT_GESTURES, mFrame=[950,0][1080,2400], mVisible=true, mInsetsRoundedCornerFrame=false}, InsetsSource: {mType=ITYPE_TOP_MANDATORY_GESTURES, mFrame=[0,0][1080,120], mVisible=true, mInsetsRoundedCornerFrame=false}, InsetsSource: {mType=ITYPE_BOTTOM_MANDATORY_GESTURES, mFrame=[0,2316][1080,2400], mVisible=true, mInsetsRoundedCornerFrame=false}, InsetsSource: {mType=ITYPE_LEFT_DISPLAY_CUTOUT, mFrame=[0,0][-100000,2400], mVisible=true, mInsetsRoundedCornerFrame=false}, InsetsSource: {mType=ITYPE_TOP_DISPLAY_CUTOUT, mFrame=[0,0][1080,88], mVisible=true, mInsetsRoundedCornerFrame=false}, InsetsSource: {mType=ITYPE_RIGHT_DISPLAY_CUTOUT, mFrame=[100000,0][1080,2400], mVisible=true, mInsetsRoundedCornerFrame=false}, InsetsSource: {mType=ITYPE_BOTTOM_DISPLAY_CUTOUT, mFrame=[0,100000][1080,2400], mVisible=true, mInsetsRoundedCornerFrame=false}, InsetsSource: {mType=ITYPE_TOP_TAPPABLE_ELEMENT, mFrame=[0,0][1080,88], mVisible=true, mInsetsRoundedCornerFrame=false}, InsetsSource: {mType=ITYPE_BOTTOM_TAPPABLE_ELEMENT, mFrame=[0,0][0,0], mVisible=true, mInsetsRoundedCornerFrame=false} } host=com.lagradost.cloudstream3/com.lagradost.cloudstream3.MainActivity from=android.view.ViewRootImpl$ViewRootHandler.handleMessageImpl:6740
10-17 12:32:33.031 18439 18439 I ViewRootImpl@562a9cf[MainActivity]: MSG_WINDOW_FOCUS_CHANGED 0 0
10-17 12:32:33.044 18439 18439 I ViewRootImpl@562a9cf[MainActivity]: MSG_WINDOW_FOCUS_CHANGED 0 0
10-17 12:32:33.085 18439 18439 I ViewRootImpl@cbbd291[MainActivity]: MSG_WINDOW_FOCUS_CHANGED 1 0
10-17 12:32:33.086 18439 18439 I ViewRootImpl@cbbd291[MainActivity]: mThreadedRenderer.initializeIfNeeded()#2 mSurface={isValid=true 0x7af97ab000}
10-17 12:32:33.087 18439 18439 D InputMethodManager: startInputInner - Id : 0
10-17 12:32:33.087 18439 18439 I InputMethodManager: startInputInner - mService.startInputOrWindowGainedFocus
10-17 12:32:35.690 18439 18439 I ViewRootImpl@cbbd291[MainActivity]: ViewPostIme pointer 0
10-17 12:32:35.730 18439 18439 I ViewRootImpl@cbbd291[MainActivity]: ViewPostIme pointer 1
10-17 12:32:35.736 18439 18439 I MSHandlerLifeCycle: removeMultiSplitHandler: no exist. decor=DecorView@9db09d2[MainActivity]
10-17 12:32:35.737 18439 18461 D OpenGLRenderer: setSurface called with nullptr
10-17 12:32:35.737 18439 18461 D OpenGLRenderer: setSurface() destroyed EGLSurface
10-17 12:32:35.737 18439 18461 D OpenGLRenderer: destroyEglSurface
10-17 12:32:35.739 18439 18439 I ViewRootImpl@cbbd291[MainActivity]: dispatchDetachedFromWindow
10-17 12:32:35.770 18439 18439 D InputTransport: Input channel destroyed: 'c22c3ad', fd=126
10-17 12:32:35.775 18439 18439 D InsetsController: onStateChanged: InsetsState: {mDisplayFrame=Rect(0, 0 - 1080, 2400), mDisplayCutout=DisplayCutout{insets=Rect(0, 88 - 0, 0) waterfall=Insets{left=0, top=0, right=0, bottom=0} boundingRect={Bounds=[Rect(0, 0 - 0, 0), Rect(512, 0 - 568, 88), Rect(0, 0 - 0, 0), Rect(0, 0 - 0, 0)]} cutoutPathParserInfo={CutoutPathParserInfo{displayWidth=1080 displayHeight=2400 physicalDisplayWidth=1080 physicalDisplayHeight=2400 density={2.625} cutoutSpec={M 0,0 M 0,12.25101276465640 a 10.60613009248640,10.60613009248640 0 1,0 0,21.21226018497290 a 10.60613009248640,10.60613009248640 0 1,0 0,-21.21226018497290 Z @dp} rotation={0} scale={1.0} physicalPixelDisplaySizeRatio={1.0}}}}, mRoundedCorners=RoundedCorners{[RoundedCorner{position=TopLeft, radius=84, center=Point(84, 84)}, RoundedCorner{position=TopRight, radius=84, center=Point(996, 84)}, RoundedCorner{position=BottomRight, radius=84, center=Point(996, 2316)}, RoundedCorner{position=BottomLeft, radius=84, center=Point(84, 2316)}]}  mRoundedCornerFrame=Rect(0, 0 - 1080, 2400), mPrivacyIndicatorBounds=PrivacyIndicatorBounds {static bounds=Rect(964, 0 - 1080, 87) rotation=0}, mSources= { InsetsSource: {mType=ITYPE_STATUS_BAR, mFrame=[0,0][1080,88], mVisible=true, mInsetsRoundedCornerFrame=false}, InsetsSource: {mType=ITYPE_NAVIGATION_BAR, mFrame=[0,2361][1080,2400], mVisible=true, mInsetsRoundedCornerFrame=false}, InsetsSource: {mType=ITYPE_LEFT_GESTURES, mFrame=[0,0][130,2400], mVisible=true, mInsetsRoundedCornerFrame=false}, InsetsSource: {mType=ITYPE_RIGHT_GESTURES, mFrame=[950,0][1080,2400], mVisible=true, mInsetsRoundedCornerFrame=false}, InsetsSource: {mType=ITYPE_TOP_MANDATORY_GESTURES, mFrame=[0,0][1080,120], mVisible=true, mInsetsRoundedCornerFrame=false}, InsetsSource: {mType=ITYPE_BOTTOM_MANDATORY_GESTURES, mFrame=[0,2316][1080,2400], mVisible=true, mInsetsRoundedCornerFrame=false}, InsetsSource: {mType=ITYPE_LEFT_DISPLAY_CUTOUT, mFrame=[0,0][-100000,2400], mVisible=true, mInsetsRoundedCornerFrame=false}, InsetsSource: {mType=ITYPE_TOP_DISPLAY_CUTOUT, mFrame=[0,0][1080,88], mVisible=true, mInsetsRoundedCornerFrame=false}, InsetsSource: {mType=ITYPE_RIGHT_DISPLAY_CUTOUT, mFrame=[100000,0][1080,2400], mVisible=true, mInsetsRoundedCornerFrame=false}, InsetsSource: {mType=ITYPE_BOTTOM_DISPLAY_CUTOUT, mFrame=[0,100000][1080,2400], mVisible=true, mInsetsRoundedCornerFrame=false}, InsetsSource: {mType=ITYPE_TOP_TAPPABLE_ELEMENT, mFrame=[0,0][1080,88], mVisible=true, mInsetsRoundedCornerFrame=false}, InsetsSource: {mType=ITYPE_BOTTOM_TAPPABLE_ELEMENT, mFrame=[0,0][0,0], mVisible=true, mInsetsRoundedCornerFrame=false} } host=com.lagradost.cloudstream3/com.lagradost.cloudstream3.MainActivity from=android.view.ViewRootImpl$ViewRootHandler.handleMessageImpl:6740
10-17 12:32:35.800 18439 18439 I ViewRootImpl@562a9cf[MainActivity]: MSG_WINDOW_FOCUS_CHANGED 1 0
10-17 12:32:35.800 18439 18439 I ViewRootImpl@562a9cf[MainActivity]: mThreadedRenderer.initializeIfNeeded()#2 mSurface={isValid=true 0x7b5b709800}
10-17 12:32:35.822 18439 18439 D InputMethodManager: startInputInner - Id : 0
10-17 12:32:35.822 18439 18439 I InputMethodManager: startInputInner - mService.startInputOrWindowGainedFocus
10-17 12:32:36.291 18439 18439 I ViewRootImpl@562a9cf[MainActivity]: ViewPostIme pointer 0
10-17 12:32:36.364 18439 18439 W PanelsChildGestureRegionObserver: failed to register view with ID 2131362800. already registered
10-17 12:32:36.379 18439 18439 W PanelsChildGestureRegionObserver: failed to register view with ID 2131362800. already registered
10-17 12:32:36.395 18439 18439 W PanelsChildGestureRegionObserver: failed to register view with ID 2131362800. already registered
10-17 12:32:36.411 18439 18439 W PanelsChildGestureRegionObserver: failed to register view with ID 2131362800. already registered
10-17 12:32:36.428 18439 18439 W PanelsChildGestureRegionObserver: failed to register view with ID 2131362800. already registered
10-17 12:32:36.442 18439 18439 D WindowOnBackDispatcher: onBackInvoked, viewRoot=ViewRootImpl@cbbd291[MainActivity], callback=androidx.activity.OnBackPressedDispatcher$Api33Impl$$ExternalSyntheticLambda0@5dfade
10-17 12:32:36.457 18439 18439 I IMM_LC  : hsifw() - flag : 0
10-17 12:32:36.457 18439 18439 I IMM_LC  : hsifw() - mService.hideSoftInput
10-17 12:32:36.464 18439 18439 I CS3ExoPlayer: onStop
10-17 12:32:36.464 18439 18439 I CS3ExoPlayer: saveData
10-17 12:32:36.465 18439 18439 I CS3ExoPlayer: handleEvent Pause
10-17 12:32:36.559 18439 18439 W PanelsChildGestureRegionObserver: failed to register view with ID 2131362800. already registered
10-17 12:32:36.805 18439 18439 W PanelsChildGestureRegionObserver: failed to register view with ID 2131362800. already registered
10-17 12:32:36.819 18439 18515 D SurfaceView@2a4b6c1: updateSurfacePosition RenderWorker, frameNr = 1048, position = [54, -40, 1026, 434] surfaceSize = 1080x525
10-17 12:32:36.819 18439 18515 I SurfaceView@2a4b6c1: uSP: rtp = Rect(54, -40 - 1026, 434) rtsw = 1080 rtsh = 525
10-17 12:32:36.819 18439 18515 I SurfaceView@2a4b6c1: onSSPAndSRT: pl = 54 pt = -40 sx = 0.9 sy = 0.9028571
10-17 12:32:36.819 18439 18515 I SurfaceView@2a4b6c1: aOrMT: ViewRootImpl@562a9cf[MainActivity] t = android.view.SurfaceControl$Transaction@5654f9f fN = 1048 android.view.SurfaceView.-$$Nest$mapplyOrMergeTransaction:0 android.view.SurfaceView$SurfaceViewPositionUpdateListener.positionChanged:1537 android.graphics.RenderNode$CompositePositionUpdateListener.positionChanged:373 
10-17 12:32:36.819 18439 18515 I ViewRootImpl@562a9cf[MainActivity]: mWNT: t=0x7b1c2a9900 mBlastBufferQueue=0x7b5b94ed00 fn= 1048 caller= android.view.SurfaceView.applyOrMergeTransaction:1455 android.view.SurfaceView.-$$Nest$mapplyOrMergeTransaction:0 android.view.SurfaceView$SurfaceViewPositionUpdateListener.positionChanged:1537 
10-17 12:32:36.820 18439 18439 I SurfaceView@2a4b6c1: onWindowVisibilityChanged(8) false android.view.SurfaceView{2a4b6c1 V.E..V... ........ 0,0-1080,525} of ViewRootImpl@562a9cf[MainActivity]
10-17 12:32:36.820 18439 18439 I SurfaceView@2a4b6c1: Changes: creating=false format=false size=false visible=true alpha=false hint=false mUseAlpha=false visible=true left=false top=false
10-17 12:32:36.820 18439 18439 I SurfaceView@2a4b6c1: 44349121 Cur surface: Surface(name=null)/@0xec864a8
10-17 12:32:36.821 18439 18439 I SurfaceView@2a4b6c1: applyTransactionOnVriDraw: vri = ViewRootImpl@562a9cf[MainActivity] fRS = false t = 0x7b3549a500 android.view.SurfaceView.performSurfaceTransaction:959 android.view.SurfaceView.updateSurface:1105 android.view.SurfaceView.onWindowVisibilityChanged:371 
10-17 12:32:36.821 18439 18439 I ViewRootImpl@562a9cf[MainActivity]: applyTransactionOnDraw: mRemoved = false isHardwareEnabled = true t = 0x7b3549a500android.view.SurfaceView.applyTransactionOnVriDraw:2048 android.view.SurfaceView.performSurfaceTransaction:959 android.view.SurfaceView.updateSurface:1105 android.view.SurfaceView.onWindowVisibilityChanged:371 android.view.View.dispatchDetachedFromWindow:22529 
10-17 12:32:36.821 18439 18439 I SurfaceView@2a4b6c1: surfaceDestroyed
10-17 12:32:36.821 18439 18439 I SurfaceView@2a4b6c1: surfaceDestroyed callback.size 0 #2 android.view.SurfaceView{2a4b6c1 V.E..V... ........ 0,0-1080,525}
10-17 12:32:36.821 18439 18439 I SurfaceView@2a4b6c1: updateSurface: mVisible = false mSurface.isValid() = true
10-17 12:32:36.821 18439 18439 I SurfaceView@2a4b6c1: releaseSurfaces: viewRoot = ViewRootImpl@562a9cf[MainActivity]
10-17 12:32:36.821 18439 18439 I SurfaceView@2a4b6c1: applyTransactionOnVriDraw: vri = ViewRootImpl@562a9cf[MainActivity] fRS = true t = 0x7b3549a800 android.view.SurfaceView.releaseSurfaces:858 android.view.SurfaceView.updateSurface:1172 android.view.SurfaceView.onWindowVisibilityChanged:371 
10-17 12:32:36.821 18439 18439 I SurfaceView@2a4b6c1: applyTransactionOnVriDraw: viewRoot.applyTransactionOnDrawFromReleaseSurfaces
10-17 12:32:36.821 18439 18439 I ViewRootImpl@562a9cf[MainActivity]: applyTransactionOnDraw: mRemoved = false isHardwareEnabled = true t = 0x7b3549a800android.view.ViewRootImpl.applyTransactionOnDrawFromReleaseSurfaces:12850 android.view.SurfaceView.applyTransactionOnVriDraw:2046 android.view.SurfaceView.releaseSurfaces:858 android.view.SurfaceView.updateSurface:1172 android.view.SurfaceView.onWindowVisibilityChanged:371 
10-17 12:32:36.821 18439 18439 V SurfaceView@2a4b6c1: Layout: x=0 y=-175 w=1080 h=525, frame=Rect(0, 0 - 1080, 525)
10-17 12:32:36.822 18439 18439 I SurfaceView@2a4b6c1: onDetachedFromWindow: tryReleaseSurfaces()
10-17 12:32:36.822 18439 18439 I SurfaceView@2a4b6c1: releaseSurfaces: viewRoot = ViewRootImpl@562a9cf[MainActivity]
10-17 12:32:36.822 18439 18439 I SurfaceView@2a4b6c1: applyTransactionOnVriDraw: vri = ViewRootImpl@562a9cf[MainActivity] fRS = true t = 0x7b3549a900 android.view.SurfaceView.releaseSurfaces:858 android.view.SurfaceView.onDetachedFromWindow:500 android.view.View.dispatchDetachedFromWindow:22538 
10-17 12:32:36.822 18439 18439 I SurfaceView@2a4b6c1: applyTransactionOnVriDraw: viewRoot.applyTransactionOnDrawFromReleaseSurfaces
10-17 12:32:36.822 18439 18439 I ViewRootImpl@562a9cf[MainActivity]: applyTransactionOnDraw: mRemoved = false isHardwareEnabled = true t = 0x7b3549a900android.view.ViewRootImpl.applyTransactionOnDrawFromReleaseSurfaces:12850 android.view.SurfaceView.applyTransactionOnVriDraw:2046 android.view.SurfaceView.releaseSurfaces:858 android.view.SurfaceView.onDetachedFromWindow:500 android.view.View.dispatchDetachedFromWindow:22538 
10-17 12:32:36.831 18439 18439 I DecorView: notifyKeepScreenOnChanged: keepScreenOn=false
10-17 12:32:36.832 18439 18439 I CS3ExoPlayer: releasePlayer
10-17 12:32:36.832 18439 18439 I CS3ExoPlayer: Handle event: PlayerAttachedEvent(player=null, source=Player)
10-17 12:32:36.833 18439 18439 I DecorView: notifyKeepScreenOnChanged: keepScreenOn=false
10-17 12:32:36.834 18439 18439 I ViewRootImpl@562a9cf[MainActivity]: performTraversals params={(0,0)(fillxfill) sim={state=always_hidden adjust=resize} ty=BASE_APPLICATION wanim=0x1030309
10-17 12:32:36.834 18439 18439 I ViewRootImpl@562a9cf[MainActivity]:   fl=85810100
10-17 12:32:36.834 18439 18439 I ViewRootImpl@562a9cf[MainActivity]:   pfl=12020040
10-17 12:32:36.834 18439 18439 I ViewRootImpl@562a9cf[MainActivity]:   vsysui=500
10-17 12:32:36.834 18439 18439 I ViewRootImpl@562a9cf[MainActivity]:   bhv=DEFAULT
10-17 12:32:36.834 18439 18439 I ViewRootImpl@562a9cf[MainActivity]:   fitSides= naviIconColor=0}
10-17 12:32:36.834 18439 18439 I ViewRootImpl@562a9cf[MainActivity]: performTraversals mFirst=false windowShouldResize=false viewVisibilityChanged=false mForceNextWindowRelayout=false params={(0,0)(fillxfill) sim={state=always_hidden adjust=resize} ty=BASE_APPLICATION fmt=TRANSLUCENT wanim=0x1030309
10-17 12:32:36.834 18439 18439 I ViewRootImpl@562a9cf[MainActivity]:   fl=85810100
10-17 12:32:36.834 18439 18439 I ViewRootImpl@562a9cf[MainActivity]:   pfl=12020040
10-17 12:32:36.834 18439 18439 I ViewRootImpl@562a9cf[MainActivity]:   vsysui=500
10-17 12:32:36.834 18439 18439 I ViewRootImpl@562a9cf[MainActivity]:   bhv=DEFAULT
10-17 12:32:36.834 18439 18439 I ViewRootImpl@562a9cf[MainActivity]:   fitSides= naviIconColor=0}
10-17 12:32:36.838 18439 18439 I ViewRootImpl@562a9cf[MainActivity]: updateBlastSurfaceIfNeeded mBlastBufferQueue=0x7b5b94ed00 isSameSurfaceControl=true
10-17 12:32:36.838 18439 18439 I BLASTBufferQueue: update, w= 1080 h= 2400 mName = ViewRootImpl@562a9cf[MainActivity] mNativeObject= 0x7b5b94ed00 sc.mNativeObject= 0x7b1c1dcde0 format= -3 caller= android.view.ViewRootImpl.updateBlastSurfaceIfNeeded:2898 android.view.ViewRootImpl.relayoutWindow:9847 android.view.ViewRootImpl.performTraversals:3884 android.view.ViewRootImpl.doTraversal:3116 android.view.ViewRootImpl$TraversalRunnable.run:10885 android.view.Choreographer$CallbackRecord.run:1301 
10-17 12:32:36.838 18439 18439 I ViewRootImpl@562a9cf[MainActivity]: Relayout returned: old=(0,0,1080,2400) new=(0,0,1080,2400) req=(1080,2400)0 dur=4 res=0x0 s={true 0x7b5b709800} ch=false seqId=0
10-17 12:32:36.838 18439 18439 I ViewRootImpl@562a9cf[MainActivity]: updateBoundsLayer: t = android.view.SurfaceControl$Transaction@b6634f9 sc = Surface(name=Bounds for - com.lagradost.cloudstream3/com.lagradost.cloudstream3.MainActivity@0)/@0x3e9c3e frame = 1048
10-17 12:32:36.839 18439 18439 I ViewRootImpl@562a9cf[MainActivity]: mWNT: t=0x7b5b871500 mBlastBufferQueue=0x7b5b94ed00 fn= 1048 caller= android.view.ViewRootImpl.prepareSurfaces:2985 android.view.ViewRootImpl.performTraversals:4233 android.view.ViewRootImpl.doTraversal:3116 
10-17 12:32:36.844 18439 18461 D SurfaceView@2a4b6c1: windowPositionLost, frameNr = 1049
10-17 12:32:36.845 18439 18516 I ViewRootImpl@562a9cf[MainActivity]: mWNT: t=0x7b3549a500 mBlastBufferQueue=0x7b5b94ed00 fn= 1049 caller= android.view.ViewRootImpl.lambda$applyTransactionOnDraw$11$android-view-ViewRootImpl:12865 android.view.ViewRootImpl$$ExternalSyntheticLambda1.onFrameDraw:4 android.graphics.HardwareRenderer$FrameDrawingCallback.onFrameDraw:924 
10-17 12:32:36.845 18439 18516 I ViewRootImpl@562a9cf[MainActivity]: mWNT: t=0x7b3549a800 mBlastBufferQueue=0x7b5b94ed00 fn= 1049 caller= android.view.ViewRootImpl.lambda$applyTransactionOnDraw$11$android-view-ViewRootImpl:12865 android.view.ViewRootImpl$$ExternalSyntheticLambda1.onFrameDraw:4 android.graphics.HardwareRenderer$FrameDrawingCallback.onFrameDraw:924 
10-17 12:32:36.845 18439 18516 I ViewRootImpl@562a9cf[MainActivity]: mWNT: t=0x7b3549a900 mBlastBufferQueue=0x7b5b94ed00 fn= 1049 caller= android.view.ViewRootImpl.lambda$applyTransactionOnDraw$11$android-view-ViewRootImpl:12865 android.view.ViewRootImpl$$ExternalSyntheticLambda1.onFrameDraw:4 android.graphics.HardwareRenderer$FrameDrawingCallback.onFrameDraw:924 
10-17 12:32:38.277 18439 18439 I ViewRootImpl@562a9cf[MainActivity]: ViewPostIme pointer 0
10-17 12:32:38.431 18439 18439 I ViewRootImpl@562a9cf[MainActivity]: ViewPostIme pointer 1
10-17 12:32:40.278 18439 18439 I ViewRootImpl@562a9cf[MainActivity]: ViewPostIme pointer 0
10-17 12:32:40.343 18439 18439 I ViewRootImpl@562a9cf[MainActivity]: ViewPostIme pointer 1
10-17 12:32:40.359 18439 18439 I NavComponent: Navigating to fragment: 2131362274
10-17 12:32:40.364 18439 18439 I IMM_LC  : hsifw() - flag : 0
10-17 12:32:40.364 18439 18439 I IMM_LC  : hsifw() - mService.hideSoftInput
10-17 12:32:40.388 18439 18439 D ScrollView: initGoToTop
10-17 12:32:40.629 18439 18439 I SurfaceView@29ea600: onWindowVisibilityChanged(0) true android.view.SurfaceView{29ea600 V.E..V... ......I. 0,0-0,0} of ViewRootImpl@562a9cf[MainActivity]
10-17 12:32:40.629 18439 18439 D SurfaceView@29ea600: updateSurface: has no frame
10-17 12:32:40.634 18439 18439 I CS3ExoPlayer: SET STYLE = SaveCaptionStyle(foregroundColor=-1, backgroundColor=0, windowColor=0, edgeType=1, edgeColor=-16777216, typeface=null, typefaceFilePath=null, elevation=20, fixedTextSize=null, edgeSize=null, removeCaptions=false, removeBloat=true, upperCase=false, bold=false, italic=false, backgroundRadius=null)
10-17 12:32:40.642 18439 18439 I IMM_LC  : hsifw() - flag : 0
10-17 12:32:40.642 18439 18439 I IMM_LC  : hsifw() - mService.hideSoftInput
10-17 12:32:40.643 18439 18486 I SYNCVM  : addFromUrl = https://asiatv.one/drama/typhoon-family-%d9%85%d8%b3%d9%84%d8%b3%d9%84-%d8%b9%d8%a7%d8%a6%d9%84%d8%a9-%d8%a7%d9%84%d8%a5%d8%b9%d8%b5%d8%a7%d8%b1-%d8%aa%d9%82%d8%b1%d9%8a%d8%b1-%d8%ad%d9%84%d9%82%d8%a7%d8%aa-%d9%85%d8%aa/
10-17 12:32:40.643 18439 18486 I SYNCUTIL: getIdsFromUrl https://asiatv.one/drama/typhoon-family-%d9%85%d8%b3%d9%84%d8%b3%d9%84-%d8%b9%d8%a7%d8%a6%d9%84%d8%a9-%d8%a7%d9%84%d8%a5%d8%b9%d8%b5%d8%a7%d8%b1-%d8%aa%d9%82%d8%b1%d9%8a%d8%b1-%d8%ad%d9%84%d9%82%d8%a7%d8%aa-%d9%85%d8%aa/
10-17 12:32:40.653 18439 18439 I SurfaceView@29ea600: onWindowVisibilityChanged(8) false android.view.SurfaceView{29ea600 V.E..V... ......I. 0,0-0,0} of ViewRootImpl@562a9cf[MainActivity]
10-17 12:32:40.653 18439 18439 D SurfaceView@29ea600: updateSurface: has no frame
10-17 12:32:40.653 18439 18439 D SurfaceView@29ea600: updateSurface: has no frame
10-17 12:32:40.653 18439 18439 I SurfaceView@29ea600: onDetachedFromWindow: tryReleaseSurfaces()
10-17 12:32:40.653 18439 18439 I SurfaceView@29ea600: releaseSurfaces: viewRoot = ViewRootImpl@562a9cf[MainActivity]
10-17 12:32:40.654 18439 18439 I SurfaceView@29ea600: applyTransactionOnVriDraw: vri = ViewRootImpl@562a9cf[MainActivity] fRS = true t = 0x7af999d000 android.view.SurfaceView.releaseSurfaces:858 android.view.SurfaceView.onDetachedFromWindow:500 android.view.View.dispatchDetachedFromWindow:22538 
10-17 12:32:40.654 18439 18439 I SurfaceView@29ea600: applyTransactionOnVriDraw: viewRoot.applyTransactionOnDrawFromReleaseSurfaces
10-17 12:32:40.654 18439 18439 I ViewRootImpl@562a9cf[MainActivity]: applyTransactionOnDraw: mRemoved = false isHardwareEnabled = true t = 0x7af999d000android.view.ViewRootImpl.applyTransactionOnDrawFromReleaseSurfaces:12850 android.view.SurfaceView.applyTransactionOnVriDraw:2046 android.view.SurfaceView.releaseSurfaces:858 android.view.SurfaceView.onDetachedFromWindow:500 android.view.View.dispatchDetachedFromWindow:22538 
10-17 12:32:40.655 18439 18439 I SurfaceView@29ea600: onWindowVisibilityChanged(0) true android.view.SurfaceView{29ea600 V.E..V... ......I. 0,0-0,0} of ViewRootImpl@562a9cf[MainActivity]
10-17 12:32:40.655 18439 18439 D SurfaceView@29ea600: updateSurface: has no frame
10-17 12:32:40.658 18439 18439 I DecorView: notifyKeepScreenOnChanged: keepScreenOn=false
10-17 12:32:40.666 18439 18439 I CS3ExoPlayer: reloadPlayer
10-17 12:32:40.666 18439 18439 I CS3ExoPlayer: releasePlayer
10-17 12:32:40.666 18439 18439 I CS3ExoPlayer: Handle event: PlayerAttachedEvent(player=null, source=Player)
10-17 12:32:40.671 18439 18439 I ViewRootImpl@562a9cf[MainActivity]: performTraversals params={(0,0)(fillxfill) sim={state=always_hidden adjust=resize} ty=BASE_APPLICATION wanim=0x1030309
10-17 12:32:40.671 18439 18439 I ViewRootImpl@562a9cf[MainActivity]:   fl=85810100
10-17 12:32:40.671 18439 18439 I ViewRootImpl@562a9cf[MainActivity]:   pfl=12020040
10-17 12:32:40.671 18439 18439 I ViewRootImpl@562a9cf[MainActivity]:   vsysui=500
10-17 12:32:40.671 18439 18439 I ViewRootImpl@562a9cf[MainActivity]:   bhv=DEFAULT
10-17 12:32:40.671 18439 18439 I ViewRootImpl@562a9cf[MainActivity]:   fitSides= naviIconColor=0}
10-17 12:32:40.672 18439 18439 I ViewRootImpl@562a9cf[MainActivity]: performTraversals mFirst=false windowShouldResize=false viewVisibilityChanged=false mForceNextWindowRelayout=false params={(0,0)(fillxfill) sim={state=always_hidden adjust=resize} ty=BASE_APPLICATION fmt=TRANSLUCENT wanim=0x1030309
10-17 12:32:40.672 18439 18439 I ViewRootImpl@562a9cf[MainActivity]:   fl=85810100
10-17 12:32:40.672 18439 18439 I ViewRootImpl@562a9cf[MainActivity]:   pfl=12020040
10-17 12:32:40.672 18439 18439 I ViewRootImpl@562a9cf[MainActivity]:   vsysui=500
10-17 12:32:40.672 18439 18439 I ViewRootImpl@562a9cf[MainActivity]:   bhv=DEFAULT
10-17 12:32:40.672 18439 18439 I ViewRootImpl@562a9cf[MainActivity]:   fitSides= naviIconColor=0}
10-17 12:32:40.679 18439 18439 I ViewRootImpl@562a9cf[MainActivity]: updateBlastSurfaceIfNeeded mBlastBufferQueue=0x7b5b94ed00 isSameSurfaceControl=true
10-17 12:32:40.679 18439 18439 I BLASTBufferQueue: update, w= 1080 h= 2400 mName = ViewRootImpl@562a9cf[MainActivity] mNativeObject= 0x7b5b94ed00 sc.mNativeObject= 0x7ae5a033c0 format= -3 caller= android.view.ViewRootImpl.updateBlastSurfaceIfNeeded:2898 android.view.ViewRootImpl.relayoutWindow:9847 android.view.ViewRootImpl.performTraversals:3884 android.view.ViewRootImpl.doTraversal:3116 android.view.ViewRootImpl$TraversalRunnable.run:10885 android.view.Choreographer$CallbackRecord.run:1301 
10-17 12:32:40.679 18439 18439 I ViewRootImpl@562a9cf[MainActivity]: Relayout returned: old=(0,0,1080,2400) new=(0,0,1080,2400) req=(1080,2400)0 dur=6 res=0x0 s={true 0x7b5b709800} ch=false seqId=0
10-17 12:32:40.679 18439 18439 I ViewRootImpl@562a9cf[MainActivity]: updateBoundsLayer: t = android.view.SurfaceControl$Transaction@b6634f9 sc = Surface(name=Bounds for - com.lagradost.cloudstream3/com.lagradost.cloudstream3.MainActivity@0)/@0x3e9c3e frame = 1110
10-17 12:32:40.679 18439 18439 I ViewRootImpl@562a9cf[MainActivity]: mWNT: t=0x7b5b871500 mBlastBufferQueue=0x7b5b94ed00 fn= 1110 caller= android.view.ViewRootImpl.prepareSurfaces:2985 android.view.ViewRootImpl.performTraversals:4233 android.view.ViewRootImpl.doTraversal:3116 
10-17 12:32:40.680 18439 18439 W View    : requestLayout() improperly called by android.widget.FrameLayout{242b7db I.E..V... ......I. 0,0-0,0 #7f0a04e7 app:id/start_panel} during layout: running second layout pass
10-17 12:32:40.680 18439 18439 W View    : requestLayout() improperly called by android.widget.FrameLayout{8cf3278 I.E..V... ......ID 1080,0-1080,2143 #7f0a0168 app:id/end_panel} during layout: running second layout pass
10-17 12:32:40.681 18439 18439 D SurfaceView@29ea600: updateSurface: has no frame
10-17 12:32:40.685 18439 18515 I ViewRootImpl@562a9cf[MainActivity]: mWNT: t=0x7af999d000 mBlastBufferQueue=0x7b5b94ed00 fn= 1110 caller= android.view.ViewRootImpl.lambda$applyTransactionOnDraw$11$android-view-ViewRootImpl:12865 android.view.ViewRootImpl$$ExternalSyntheticLambda1.onFrameDraw:4 android.graphics.HardwareRenderer$FrameDrawingCallback.onFrameDraw:924 
10-17 12:32:40.688 18439 18439 D SurfaceView@29ea600: updateSurface: has no frame
10-17 12:32:40.710 18439 18439 D SurfaceView@29ea600: updateSurface: has no frame
10-17 12:32:40.726 18439 18439 D SurfaceView@29ea600: updateSurface: has no frame
10-17 12:32:40.749 18439 18439 D SurfaceView@29ea600: updateSurface: has no frame
10-17 12:32:40.758 18439 18439 D SurfaceView@29ea600: updateSurface: has no frame
10-17 12:32:40.774 18439 18439 D SurfaceView@29ea600: updateSurface: has no frame
10-17 12:32:40.791 18439 18439 D SurfaceView@29ea600: updateSurface: has no frame
10-17 12:32:40.808 18439 18439 D SurfaceView@29ea600: updateSurface: has no frame
10-17 12:32:40.826 18439 18439 D SurfaceView@29ea600: updateSurface: has no frame
10-17 12:32:40.841 18439 18439 D SurfaceView@29ea600: updateSurface: has no frame
10-17 12:32:40.858 18439 18439 D SurfaceView@29ea600: updateSurface: has no frame
10-17 12:32:40.875 18439 18439 D SurfaceView@29ea600: updateSurface: has no frame
10-17 12:32:40.892 18439 18439 D SurfaceView@29ea600: updateSurface: has no frame
10-17 12:32:40.908 18439 18439 D SurfaceView@29ea600: updateSurface: has no frame
10-17 12:32:40.925 18439 18439 D SurfaceView@29ea600: updateSurface: has no frame
10-17 12:32:40.942 18439 18439 D SurfaceView@29ea600: updateSurface: has no frame
10-17 12:32:40.958 18439 18439 D SurfaceView@29ea600: updateSurface: has no frame
10-17 12:32:40.975 18439 18439 D SurfaceView@29ea600: updateSurface: has no frame
10-17 12:32:40.992 18439 18439 D SurfaceView@29ea600: updateSurface: has no frame
10-17 12:32:41.008 18439 18439 D SurfaceView@29ea600: updateSurface: has no frame
10-17 12:32:41.025 18439 18439 D SurfaceView@29ea600: updateSurface: has no frame
10-17 12:32:41.041 18439 18439 D SurfaceView@29ea600: updateSurface: has no frame
10-17 12:32:41.058 18439 18439 D SurfaceView@29ea600: updateSurface: has no frame
10-17 12:32:41.075 18439 18439 D SurfaceView@29ea600: updateSurface: has no frame
10-17 12:32:41.091 18439 18439 D SurfaceView@29ea600: updateSurface: has no frame
10-17 12:32:41.108 18439 18439 D SurfaceView@29ea600: updateSurface: has no frame
10-17 12:32:41.125 18439 18439 D SurfaceView@29ea600: updateSurface: has no frame
10-17 12:32:41.141 18439 18439 D SurfaceView@29ea600: updateSurface: has no frame
10-17 12:32:41.158 18439 18439 D SurfaceView@29ea600: updateSurface: has no frame
10-17 12:32:41.169 18439 18490 I RVM2    : applyMeta
10-17 12:32:41.175 18439 18439 D SurfaceView@29ea600: updateSurface: has no frame
10-17 12:32:41.184 18439 18439 W PanelsChildGestureRegionObserver: failed to register view with ID 2131362800. already registered
10-17 12:32:41.187 18439 18439 E CoilImgLoader: Error loading image: coil3.request.NullRequestDataException: The request's data is null.
10-17 12:32:41.193 18439 18439 E CoilImgLoader: Error loading image: coil3.request.NullRequestDataException: The request's data is null.
10-17 12:32:41.254 18439 18562 I SYNCVM  : addFromUrl = https://asiatv.one/drama/typhoon-family-%d9%85%d8%b3%d9%84%d8%b3%d9%84-%d8%b9%d8%a7%d8%a6%d9%84%d8%a9-%d8%a7%d9%84%d8%a5%d8%b9%d8%b5%d8%a7%d8%b1-%d8%aa%d9%82%d8%b1%d9%8a%d8%b1-%d8%ad%d9%84%d9%82%d8%a7%d8%aa-%d9%85%d8%aa/
10-17 12:32:41.254 18439 18562 I SYNCUTIL: getIdsFromUrl https://asiatv.one/drama/typhoon-family-%d9%85%d8%b3%d9%84%d8%b3%d9%84-%d8%b9%d8%a7%d8%a6%d9%84%d8%a9-%d8%a7%d9%84%d8%a5%d8%b9%d8%b5%d8%a7%d8%b1-%d8%aa%d9%82%d8%b1%d9%8a%d8%b1-%d8%ad%d9%84%d9%82%d8%a7%d8%aa-%d9%85%d8%aa/
