10-17 12:32:42.519 18439 18516 I ViewRootImpl@562a9cf[MainActivity]: mWNT: t=0x7af999d600 mBlastBufferQueue=0x7b5b94ed00 fn= 1185 caller= android.view.ViewRootImpl.lambda$applyTransactionOnDraw$11$android-view-ViewRootImpl:12865 android.view.ViewRootImpl$$ExternalSyntheticLambda1.onFrameDraw:4 android.graphics.HardwareRenderer$FrameDrawingCallback.onFrameDraw:924 
10-17 12:32:42.520 18439 18439 I ViewRootImpl@562a9cf[MainActivity]: ViewPostIme pointer 1
10-17 12:32:42.552 18439 18515 D SurfaceView@29ea600: updateSurfacePosition RenderWorker, frameNr = 1187, position = [0, -342, 1080, 183] surfaceSize = 1080x525
10-17 12:32:42.553 18439 18515 I SurfaceView@29ea600: uSP: rtp = Rect(0, -342 - 1080, 183) rtsw = 1080 rtsh = 525
10-17 12:32:42.553 18439 18515 I SurfaceView@29ea600: onSSPAndSRT: pl = 0 pt = -342 sx = 1.0 sy = 1.0
10-17 12:32:42.553 18439 18515 I SurfaceView@29ea600: aOrMT: ViewRootImpl@562a9cf[MainActivity] t = android.view.SurfaceControl$Transaction@2577530 fN = 1187 android.view.SurfaceView.-$$Nest$mapplyOrMergeTransaction:0 android.view.SurfaceView$SurfaceViewPositionUpdateListener.positionChanged:1537 android.graphics.RenderNode$CompositePositionUpdateListener.positionChanged:373 
10-17 12:32:42.553 18439 18515 I ViewRootImpl@562a9cf[MainActivity]: mWNT: t=0x7af9434100 mBlastBufferQueue=0x7b5b94ed00 fn= 1187 caller= android.view.SurfaceView.applyOrMergeTransaction:1455 android.view.SurfaceView.-$$Nest$mapplyOrMergeTransaction:0 android.view.SurfaceView$SurfaceViewPositionUpdateListener.positionChanged:1537 
10-17 12:32:42.559 18439 18439 I SurfaceView@29ea600: Changes: creating=false format=false size=false visible=false alpha=false hint=false mUseAlpha=false visible=false left=false top=true
10-17 12:32:42.559 18439 18439 I SurfaceView@29ea600: 43951616 Cur surface: Surface(name=null)/@0x4d2e82c
10-17 12:32:42.560 18439 18439 I SurfaceView@29ea600: applyTransactionOnVriDraw: vri = ViewRootImpl@562a9cf[MainActivity] fRS = false t = 0x7af999d900 android.view.SurfaceView.performSurfaceTransaction:959 android.view.SurfaceView.updateSurface:1105 android.view.SurfaceView.lambda$new$0$android-view-SurfaceView:200 
10-17 12:32:42.560 18439 18439 I ViewRootImpl@562a9cf[MainActivity]: applyTransactionOnDraw: mRemoved = false isHardwareEnabled = true t = 0x7af999d900android.view.SurfaceView.applyTransactionOnVriDraw:2048 android.view.SurfaceView.performSurfaceTransaction:959 android.view.SurfaceView.updateSurface:1105 android.view.SurfaceView.lambda$new$0$android-view-SurfaceView:200 android.view.SurfaceView$$ExternalSyntheticLambda5.onPreDraw:2 
10-17 12:32:42.560 18439 18439 I SurfaceView@29ea600: updateSurface: mVisible = true mSurface.isValid() = true
10-17 12:32:42.560 18439 18439 I SurfaceView@29ea600: updateSurface: mSurfaceCreated = true surfaceChanged = false visibleChanged = false
10-17 12:32:42.560 18439 18439 V SurfaceView@29ea600: Layout: x=0 y=-342 w=1080 h=525, frame=Rect(0, 0 - 1080, 525)
10-17 12:32:42.572 18439 18516 D SurfaceView@29ea600: updateSurfacePosition RenderWorker, frameNr = 1188, position = [0, -339, 1080, 186] surfaceSize = 1080x525
10-17 12:32:42.572 18439 18516 I SurfaceView@29ea600: uSP: rtp = Rect(0, -339 - 1080, 186) rtsw = 1080 rtsh = 525
10-17 12:32:42.572 18439 18516 I SurfaceView@29ea600: onSSPAndSRT: pl = 0 pt = -339 sx = 1.0 sy = 1.0
10-17 12:32:42.572 18439 18516 I SurfaceView@29ea600: aOrMT: ViewRootImpl@562a9cf[MainActivity] t = android.view.SurfaceControl$Transaction@2577530 fN = 1188 android.view.SurfaceView.-$$Nest$mapplyOrMergeTransaction:0 android.view.SurfaceView$SurfaceViewPositionUpdateListener.positionChanged:1537 android.graphics.RenderNode$CompositePositionUpdateListener.positionChanged:373 
10-17 12:32:42.572 18439 18516 I ViewRootImpl@562a9cf[MainActivity]: mWNT: t=0x7af9434100 mBlastBufferQueue=0x7b5b94ed00 fn= 1188 caller= android.view.SurfaceView.applyOrMergeTransaction:1455 android.view.SurfaceView.-$$Nest$mapplyOrMergeTransaction:0 android.view.SurfaceView$SurfaceViewPositionUpdateListener.positionChanged:1537 
10-17 12:32:42.573 18439 18516 I ViewRootImpl@562a9cf[MainActivity]: mWNT: t=0x7af999d900 mBlastBufferQueue=0x7b5b94ed00 fn= 1188 caller= android.view.ViewRootImpl.lambda$applyTransactionOnDraw$11$android-view-ViewRootImpl:12865 android.view.ViewRootImpl$$ExternalSyntheticLambda1.onFrameDraw:4 android.graphics.HardwareRenderer$FrameDrawingCallback.onFrameDraw:924 
10-17 12:32:42.575 18439 18439 I SurfaceView@29ea600: Changes: creating=false format=false size=false visible=false alpha=false hint=false mUseAlpha=false visible=false left=false top=true
10-17 12:32:42.575 18439 18439 I SurfaceView@29ea600: 43951616 Cur surface: Surface(name=null)/@0x4d2e82c
10-17 12:32:42.576 18439 18439 I SurfaceView@29ea600: applyTransactionOnVriDraw: vri = ViewRootImpl@562a9cf[MainActivity] fRS = false t = 0x7b0931d000 android.view.SurfaceView.performSurfaceTransaction:959 android.view.SurfaceView.updateSurface:1105 android.view.SurfaceView.lambda$new$0$android-view-SurfaceView:200 
10-17 12:32:42.576 18439 18439 I ViewRootImpl@562a9cf[MainActivity]: applyTransactionOnDraw: mRemoved = false isHardwareEnabled = true t = 0x7b0931d000android.view.SurfaceView.applyTransactionOnVriDraw:2048 android.view.SurfaceView.performSurfaceTransaction:959 android.view.SurfaceView.updateSurface:1105 android.view.SurfaceView.lambda$new$0$android-view-SurfaceView:200 android.view.SurfaceView$$ExternalSyntheticLambda5.onPreDraw:2 
10-17 12:32:42.576 18439 18439 I SurfaceView@29ea600: updateSurface: mVisible = true mSurface.isValid() = true
10-17 12:32:42.576 18439 18439 I SurfaceView@29ea600: updateSurface: mSurfaceCreated = true surfaceChanged = false visibleChanged = false
10-17 12:32:42.576 18439 18439 V SurfaceView@29ea600: Layout: x=0 y=-339 w=1080 h=525, frame=Rect(0, 0 - 1080, 525)
10-17 12:32:42.586 18439 18515 D SurfaceView@29ea600: updateSurfacePosition RenderWorker, frameNr = 1189, position = [0, -337, 1080, 188] surfaceSize = 1080x525
10-17 12:32:42.586 18439 18515 I SurfaceView@29ea600: uSP: rtp = Rect(0, -337 - 1080, 188) rtsw = 1080 rtsh = 525
10-17 12:32:42.587 18439 18515 I SurfaceView@29ea600: onSSPAndSRT: pl = 0 pt = -337 sx = 1.0 sy = 1.0
10-17 12:32:42.587 18439 18515 I SurfaceView@29ea600: aOrMT: ViewRootImpl@562a9cf[MainActivity] t = android.view.SurfaceControl$Transaction@2577530 fN = 1189 android.view.SurfaceView.-$$Nest$mapplyOrMergeTransaction:0 android.view.SurfaceView$SurfaceViewPositionUpdateListener.positionChanged:1537 android.graphics.RenderNode$CompositePositionUpdateListener.positionChanged:373 
10-17 12:32:42.587 18439 18515 I ViewRootImpl@562a9cf[MainActivity]: mWNT: t=0x7af9434100 mBlastBufferQueue=0x7b5b94ed00 fn= 1189 caller= android.view.SurfaceView.applyOrMergeTransaction:1455 android.view.SurfaceView.-$$Nest$mapplyOrMergeTransaction:0 android.view.SurfaceView$SurfaceViewPositionUpdateListener.positionChanged:1537 
10-17 12:32:42.587 18439 18515 I ViewRootImpl@562a9cf[MainActivity]: mWNT: t=0x7b0931d000 mBlastBufferQueue=0x7b5b94ed00 fn= 1189 caller= android.view.ViewRootImpl.lambda$applyTransactionOnDraw$11$android-view-ViewRootImpl:12865 android.view.ViewRootImpl$$ExternalSyntheticLambda1.onFrameDraw:4 android.graphics.HardwareRenderer$FrameDrawingCallback.onFrameDraw:924 
10-17 12:32:42.593 18439 18439 I SurfaceView@29ea600: Changes: creating=false format=false size=false visible=false alpha=false hint=false mUseAlpha=false visible=false left=false top=true
10-17 12:32:42.593 18439 18439 I SurfaceView@29ea600: 43951616 Cur surface: Surface(name=null)/@0x4d2e82c
10-17 12:32:42.594 18439 18439 I SurfaceView@29ea600: applyTransactionOnVriDraw: vri = ViewRootImpl@562a9cf[MainActivity] fRS = false t = 0x7b0931d100 android.view.SurfaceView.performSurfaceTransaction:959 android.view.SurfaceView.updateSurface:1105 android.view.SurfaceView.lambda$new$0$android-view-SurfaceView:200 
10-17 12:32:42.594 18439 18439 I ViewRootImpl@562a9cf[MainActivity]: applyTransactionOnDraw: mRemoved = false isHardwareEnabled = true t = 0x7b0931d100android.view.SurfaceView.applyTransactionOnVriDraw:2048 android.view.SurfaceView.performSurfaceTransaction:959 android.view.SurfaceView.updateSurface:1105 android.view.SurfaceView.lambda$new$0$android-view-SurfaceView:200 android.view.SurfaceView$$ExternalSyntheticLambda5.onPreDraw:2 
10-17 12:32:42.594 18439 18439 I SurfaceView@29ea600: updateSurface: mVisible = true mSurface.isValid() = true
10-17 12:32:42.594 18439 18439 I SurfaceView@29ea600: updateSurface: mSurfaceCreated = true surfaceChanged = false visibleChanged = false
10-17 12:32:42.594 18439 18439 V SurfaceView@29ea600: Layout: x=0 y=-337 w=1080 h=525, frame=Rect(0, 0 - 1080, 525)
10-17 12:32:42.605 18439 18516 D SurfaceView@29ea600: updateSurfacePosition RenderWorker, frameNr = 1190, position = [0, -334, 1080, 191] surfaceSize = 1080x525
10-17 12:32:42.605 18439 18516 I SurfaceView@29ea600: uSP: rtp = Rect(0, -334 - 1080, 191) rtsw = 1080 rtsh = 525
10-17 12:32:42.605 18439 18516 I SurfaceView@29ea600: onSSPAndSRT: pl = 0 pt = -334 sx = 1.0 sy = 1.0
10-17 12:32:42.606 18439 18516 I SurfaceView@29ea600: aOrMT: ViewRootImpl@562a9cf[MainActivity] t = android.view.SurfaceControl$Transaction@2577530 fN = 1190 android.view.SurfaceView.-$$Nest$mapplyOrMergeTransaction:0 android.view.SurfaceView$SurfaceViewPositionUpdateListener.positionChanged:1537 android.graphics.RenderNode$CompositePositionUpdateListener.positionChanged:373 
10-17 12:32:42.606 18439 18516 I ViewRootImpl@562a9cf[MainActivity]: mWNT: t=0x7af9434100 mBlastBufferQueue=0x7b5b94ed00 fn= 1190 caller= android.view.SurfaceView.applyOrMergeTransaction:1455 android.view.SurfaceView.-$$Nest$mapplyOrMergeTransaction:0 android.view.SurfaceView$SurfaceViewPositionUpdateListener.positionChanged:1537 
10-17 12:32:42.606 18439 18516 I ViewRootImpl@562a9cf[MainActivity]: mWNT: t=0x7b0931d100 mBlastBufferQueue=0x7b5b94ed00 fn= 1190 caller= android.view.ViewRootImpl.lambda$applyTransactionOnDraw$11$android-view-ViewRootImpl:12865 android.view.ViewRootImpl$$ExternalSyntheticLambda1.onFrameDraw:4 android.graphics.HardwareRenderer$FrameDrawingCallback.onFrameDraw:924 
10-17 12:32:42.609 18439 18439 I SurfaceView@29ea600: Changes: creating=false format=false size=false visible=false alpha=false hint=false mUseAlpha=false visible=false left=false top=true
10-17 12:32:42.609 18439 18439 I SurfaceView@29ea600: 43951616 Cur surface: Surface(name=null)/@0x4d2e82c
10-17 12:32:42.610 18439 18439 I SurfaceView@29ea600: applyTransactionOnVriDraw: vri = ViewRootImpl@562a9cf[MainActivity] fRS = false t = 0x7b0931d300 android.view.SurfaceView.performSurfaceTransaction:959 android.view.SurfaceView.updateSurface:1105 android.view.SurfaceView.lambda$new$0$android-view-SurfaceView:200 
10-17 12:32:42.610 18439 18439 I ViewRootImpl@562a9cf[MainActivity]: applyTransactionOnDraw: mRemoved = false isHardwareEnabled = true t = 0x7b0931d300android.view.SurfaceView.applyTransactionOnVriDraw:2048 android.view.SurfaceView.performSurfaceTransaction:959 android.view.SurfaceView.updateSurface:1105 android.view.SurfaceView.lambda$new$0$android-view-SurfaceView:200 android.view.SurfaceView$$ExternalSyntheticLambda5.onPreDraw:2 
10-17 12:32:42.610 18439 18439 I SurfaceView@29ea600: updateSurface: mVisible = true mSurface.isValid() = true
10-17 12:32:42.610 18439 18439 I SurfaceView@29ea600: updateSurface: mSurfaceCreated = true surfaceChanged = false visibleChanged = false
10-17 12:32:42.610 18439 18439 V SurfaceView@29ea600: Layout: x=0 y=-334 w=1080 h=525, frame=Rect(0, 0 - 1080, 525)
10-17 12:32:42.624 18439 18515 D SurfaceView@29ea600: updateSurfacePosition RenderWorker, frameNr = 1191, position = [0, -333, 1080, 192] surfaceSize = 1080x525
10-17 12:32:42.624 18439 18515 I SurfaceView@29ea600: uSP: rtp = Rect(0, -333 - 1080, 192) rtsw = 1080 rtsh = 525
10-17 12:32:42.624 18439 18515 I SurfaceView@29ea600: onSSPAndSRT: pl = 0 pt = -333 sx = 1.0 sy = 1.0
10-17 12:32:42.624 18439 18515 I SurfaceView@29ea600: aOrMT: ViewRootImpl@562a9cf[MainActivity] t = android.view.SurfaceControl$Transaction@2577530 fN = 1191 android.view.SurfaceView.-$$Nest$mapplyOrMergeTransaction:0 android.view.SurfaceView$SurfaceViewPositionUpdateListener.positionChanged:1537 android.graphics.RenderNode$CompositePositionUpdateListener.positionChanged:373 
10-17 12:32:42.624 18439 18515 I ViewRootImpl@562a9cf[MainActivity]: mWNT: t=0x7af9434100 mBlastBufferQueue=0x7b5b94ed00 fn= 1191 caller= android.view.SurfaceView.applyOrMergeTransaction:1455 android.view.SurfaceView.-$$Nest$mapplyOrMergeTransaction:0 android.view.SurfaceView$SurfaceViewPositionUpdateListener.positionChanged:1537 
10-17 12:32:42.625 18439 18515 I ViewRootImpl@562a9cf[MainActivity]: mWNT: t=0x7b0931d300 mBlastBufferQueue=0x7b5b94ed00 fn= 1191 caller= android.view.ViewRootImpl.lambda$applyTransactionOnDraw$11$android-view-ViewRootImpl:12865 android.view.ViewRootImpl$$ExternalSyntheticLambda1.onFrameDraw:4 android.graphics.HardwareRenderer$FrameDrawingCallback.onFrameDraw:924 
10-17 12:32:42.627 18439 18439 I SurfaceView@29ea600: Changes: creating=false format=false size=false visible=false alpha=false hint=false mUseAlpha=false visible=false left=false top=true
10-17 12:32:42.627 18439 18439 I SurfaceView@29ea600: 43951616 Cur surface: Surface(name=null)/@0x4d2e82c
10-17 12:32:42.627 18439 18439 I SurfaceView@29ea600: applyTransactionOnVriDraw: vri = ViewRootImpl@562a9cf[MainActivity] fRS = false t = 0x7b0931d400 android.view.SurfaceView.performSurfaceTransaction:959 android.view.SurfaceView.updateSurface:1105 android.view.SurfaceView.lambda$new$0$android-view-SurfaceView:200 
10-17 12:32:42.628 18439 18439 I ViewRootImpl@562a9cf[MainActivity]: applyTransactionOnDraw: mRemoved = false isHardwareEnabled = true t = 0x7b0931d400android.view.SurfaceView.applyTransactionOnVriDraw:2048 android.view.SurfaceView.performSurfaceTransaction:959 android.view.SurfaceView.updateSurface:1105 android.view.SurfaceView.lambda$new$0$android-view-SurfaceView:200 android.view.SurfaceView$$ExternalSyntheticLambda5.onPreDraw:2 
10-17 12:32:42.628 18439 18439 I SurfaceView@29ea600: updateSurface: mVisible = true mSurface.isValid() = true
10-17 12:32:42.628 18439 18439 I SurfaceView@29ea600: updateSurface: mSurfaceCreated = true surfaceChanged = false visibleChanged = false
10-17 12:32:42.628 18439 18439 V SurfaceView@29ea600: Layout: x=0 y=-333 w=1080 h=525, frame=Rect(0, 0 - 1080, 525)
10-17 12:32:42.641 18439 18516 D SurfaceView@29ea600: updateSurfacePosition RenderWorker, frameNr = 1192, position = [0, -331, 1080, 194] surfaceSize = 1080x525
10-17 12:32:42.641 18439 18516 I SurfaceView@29ea600: uSP: rtp = Rect(0, -331 - 1080, 194) rtsw = 1080 rtsh = 525
10-17 12:32:42.641 18439 18516 I SurfaceView@29ea600: onSSPAndSRT: pl = 0 pt = -331 sx = 1.0 sy = 1.0
10-17 12:32:42.642 18439 18516 I SurfaceView@29ea600: aOrMT: ViewRootImpl@562a9cf[MainActivity] t = android.view.SurfaceControl$Transaction@2577530 fN = 1192 android.view.SurfaceView.-$$Nest$mapplyOrMergeTransaction:0 android.view.SurfaceView$SurfaceViewPositionUpdateListener.positionChanged:1537 android.graphics.RenderNode$CompositePositionUpdateListener.positionChanged:373 
10-17 12:32:42.642 18439 18516 I ViewRootImpl@562a9cf[MainActivity]: mWNT: t=0x7af9434100 mBlastBufferQueue=0x7b5b94ed00 fn= 1192 caller= android.view.SurfaceView.applyOrMergeTransaction:1455 android.view.SurfaceView.-$$Nest$mapplyOrMergeTransaction:0 android.view.SurfaceView$SurfaceViewPositionUpdateListener.positionChanged:1537 
10-17 12:32:42.642 18439 18516 I ViewRootImpl@562a9cf[MainActivity]: mWNT: t=0x7b0931d400 mBlastBufferQueue=0x7b5b94ed00 fn= 1192 caller= android.view.ViewRootImpl.lambda$applyTransactionOnDraw$11$android-view-ViewRootImpl:12865 android.view.ViewRootImpl$$ExternalSyntheticLambda1.onFrameDraw:4 android.graphics.HardwareRenderer$FrameDrawingCallback.onFrameDraw:924 
10-17 12:32:42.644 18439 18439 I SurfaceView@29ea600: Changes: creating=false format=false size=false visible=false alpha=false hint=false mUseAlpha=false visible=false left=false top=true
10-17 12:32:42.645 18439 18439 I SurfaceView@29ea600: 43951616 Cur surface: Surface(name=null)/@0x4d2e82c
10-17 12:32:42.645 18439 18439 I SurfaceView@29ea600: applyTransactionOnVriDraw: vri = ViewRootImpl@562a9cf[MainActivity] fRS = false t = 0x7b0931d500 android.view.SurfaceView.performSurfaceTransaction:959 android.view.SurfaceView.updateSurface:1105 android.view.SurfaceView.lambda$new$0$android-view-SurfaceView:200 
10-17 12:32:42.645 18439 18439 I ViewRootImpl@562a9cf[MainActivity]: applyTransactionOnDraw: mRemoved = false isHardwareEnabled = true t = 0x7b0931d500android.view.SurfaceView.applyTransactionOnVriDraw:2048 android.view.SurfaceView.performSurfaceTransaction:959 android.view.SurfaceView.updateSurface:1105 android.view.SurfaceView.lambda$new$0$android-view-SurfaceView:200 android.view.SurfaceView$$ExternalSyntheticLambda5.onPreDraw:2 
10-17 12:32:42.645 18439 18439 I SurfaceView@29ea600: updateSurface: mVisible = true mSurface.isValid() = true
10-17 12:32:42.646 18439 18439 I SurfaceView@29ea600: updateSurface: mSurfaceCreated = true surfaceChanged = false visibleChanged = false
10-17 12:32:42.646 18439 18439 V SurfaceView@29ea600: Layout: x=0 y=-331 w=1080 h=525, frame=Rect(0, 0 - 1080, 525)
10-17 12:32:42.659 18439 18515 D SurfaceView@29ea600: updateSurfacePosition RenderWorker, frameNr = 1193, position = [0, -330, 1080, 195] surfaceSize = 1080x525
10-17 12:32:42.659 18439 18515 I SurfaceView@29ea600: uSP: rtp = Rect(0, -330 - 1080, 195) rtsw = 1080 rtsh = 525
10-17 12:32:42.659 18439 18515 I SurfaceView@29ea600: onSSPAndSRT: pl = 0 pt = -330 sx = 1.0 sy = 1.0
10-17 12:32:42.660 18439 18515 I SurfaceView@29ea600: aOrMT: ViewRootImpl@562a9cf[MainActivity] t = android.view.SurfaceControl$Transaction@2577530 fN = 1193 android.view.SurfaceView.-$$Nest$mapplyOrMergeTransaction:0 android.view.SurfaceView$SurfaceViewPositionUpdateListener.positionChanged:1537 android.graphics.RenderNode$CompositePositionUpdateListener.positionChanged:373 
10-17 12:32:42.660 18439 18515 I ViewRootImpl@562a9cf[MainActivity]: mWNT: t=0x7af9434100 mBlastBufferQueue=0x7b5b94ed00 fn= 1193 caller= android.view.SurfaceView.applyOrMergeTransaction:1455 android.view.SurfaceView.-$$Nest$mapplyOrMergeTransaction:0 android.view.SurfaceView$SurfaceViewPositionUpdateListener.positionChanged:1537 
10-17 12:32:42.660 18439 18515 I ViewRootImpl@562a9cf[MainActivity]: mWNT: t=0x7b0931d500 mBlastBufferQueue=0x7b5b94ed00 fn= 1193 caller= android.view.ViewRootImpl.lambda$applyTransactionOnDraw$11$android-view-ViewRootImpl:12865 android.view.ViewRootImpl$$ExternalSyntheticLambda1.onFrameDraw:4 android.graphics.HardwareRenderer$FrameDrawingCallback.onFrameDraw:924 
10-17 12:32:42.662 18439 18439 I SurfaceView@29ea600: Changes: creating=false format=false size=false visible=false alpha=false hint=false mUseAlpha=false visible=false left=false top=true
10-17 12:32:42.662 18439 18439 I SurfaceView@29ea600: 43951616 Cur surface: Surface(name=null)/@0x4d2e82c
10-17 12:32:42.663 18439 18439 I SurfaceView@29ea600: applyTransactionOnVriDraw: vri = ViewRootImpl@562a9cf[MainActivity] fRS = false t = 0x7b0931d600 android.view.SurfaceView.performSurfaceTransaction:959 android.view.SurfaceView.updateSurface:1105 android.view.SurfaceView.lambda$new$0$android-view-SurfaceView:200 
10-17 12:32:42.663 18439 18439 I ViewRootImpl@562a9cf[MainActivity]: applyTransactionOnDraw: mRemoved = false isHardwareEnabled = true t = 0x7b0931d600android.view.SurfaceView.applyTransactionOnVriDraw:2048 android.view.SurfaceView.performSurfaceTransaction:959 android.view.SurfaceView.updateSurface:1105 android.view.SurfaceView.lambda$new$0$android-view-SurfaceView:200 android.view.SurfaceView$$ExternalSyntheticLambda5.onPreDraw:2 
10-17 12:32:42.663 18439 18439 I SurfaceView@29ea600: updateSurface: mVisible = true mSurface.isValid() = true
10-17 12:32:42.663 18439 18439 I SurfaceView@29ea600: updateSurface: mSurfaceCreated = true surfaceChanged = false visibleChanged = false
10-17 12:32:42.664 18439 18439 V SurfaceView@29ea600: Layout: x=0 y=-330 w=1080 h=525, frame=Rect(0, 0 - 1080, 525)
10-17 12:32:42.675 18439 18516 D SurfaceView@29ea600: updateSurfacePosition RenderWorker, frameNr = 1194, position = [0, -329, 1080, 196] surfaceSize = 1080x525
10-17 12:32:42.676 18439 18516 I SurfaceView@29ea600: uSP: rtp = Rect(0, -329 - 1080, 196) rtsw = 1080 rtsh = 525
10-17 12:32:42.676 18439 18516 I SurfaceView@29ea600: onSSPAndSRT: pl = 0 pt = -329 sx = 1.0 sy = 1.0
10-17 12:32:42.676 18439 18516 I SurfaceView@29ea600: aOrMT: ViewRootImpl@562a9cf[MainActivity] t = android.view.SurfaceControl$Transaction@2577530 fN = 1194 android.view.SurfaceView.-$$Nest$mapplyOrMergeTransaction:0 android.view.SurfaceView$SurfaceViewPositionUpdateListener.positionChanged:1537 android.graphics.RenderNode$CompositePositionUpdateListener.positionChanged:373 
10-17 12:32:42.676 18439 18516 I ViewRootImpl@562a9cf[MainActivity]: mWNT: t=0x7af9434100 mBlastBufferQueue=0x7b5b94ed00 fn= 1194 caller= android.view.SurfaceView.applyOrMergeTransaction:1455 android.view.SurfaceView.-$$Nest$mapplyOrMergeTransaction:0 android.view.SurfaceView$SurfaceViewPositionUpdateListener.positionChanged:1537 
10-17 12:32:42.676 18439 18516 I ViewRootImpl@562a9cf[MainActivity]: mWNT: t=0x7b0931d600 mBlastBufferQueue=0x7b5b94ed00 fn= 1194 caller= android.view.ViewRootImpl.lambda$applyTransactionOnDraw$11$android-view-ViewRootImpl:12865 android.view.ViewRootImpl$$ExternalSyntheticLambda1.onFrameDraw:4 android.graphics.HardwareRenderer$FrameDrawingCallback.onFrameDraw:924 
10-17 12:32:42.679 18439 18439 I SurfaceView@29ea600: Changes: creating=false format=false size=false visible=false alpha=false hint=false mUseAlpha=false visible=false left=false top=true
10-17 12:32:42.679 18439 18439 I SurfaceView@29ea600: 43951616 Cur surface: Surface(name=null)/@0x4d2e82c
10-17 12:32:42.680 18439 18439 I SurfaceView@29ea600: applyTransactionOnVriDraw: vri = ViewRootImpl@562a9cf[MainActivity] fRS = false t = 0x7b0931d700 android.view.SurfaceView.performSurfaceTransaction:959 android.view.SurfaceView.updateSurface:1105 android.view.SurfaceView.lambda$new$0$android-view-SurfaceView:200 
10-17 12:32:42.680 18439 18439 I ViewRootImpl@562a9cf[MainActivity]: applyTransactionOnDraw: mRemoved = false isHardwareEnabled = true t = 0x7b0931d700android.view.SurfaceView.applyTransactionOnVriDraw:2048 android.view.SurfaceView.performSurfaceTransaction:959 android.view.SurfaceView.updateSurface:1105 android.view.SurfaceView.lambda$new$0$android-view-SurfaceView:200 android.view.SurfaceView$$ExternalSyntheticLambda5.onPreDraw:2 
10-17 12:32:42.680 18439 18439 I SurfaceView@29ea600: updateSurface: mVisible = true mSurface.isValid() = true
10-17 12:32:42.680 18439 18439 I SurfaceView@29ea600: updateSurface: mSurfaceCreated = true surfaceChanged = false visibleChanged = false
10-17 12:32:42.681 18439 18439 V SurfaceView@29ea600: Layout: x=0 y=-329 w=1080 h=525, frame=Rect(0, 0 - 1080, 525)
10-17 12:32:42.691 18439 18515 I ViewRootImpl@562a9cf[MainActivity]: mWNT: t=0x7b0931d700 mBlastBufferQueue=0x7b5b94ed00 fn= 1195 caller= android.view.ViewRootImpl.lambda$applyTransactionOnDraw$11$android-view-ViewRootImpl:12865 android.view.ViewRootImpl$$ExternalSyntheticLambda1.onFrameDraw:4 android.graphics.HardwareRenderer$FrameDrawingCallback.onFrameDraw:924 
10-17 12:32:42.708 18439 18516 D SurfaceView@29ea600: updateSurfacePosition RenderWorker, frameNr = 1196, position = [0, -328, 1080, 197] surfaceSize = 1080x525
10-17 12:32:42.708 18439 18516 I SurfaceView@29ea600: uSP: rtp = Rect(0, -328 - 1080, 197) rtsw = 1080 rtsh = 525
10-17 12:32:42.708 18439 18516 I SurfaceView@29ea600: onSSPAndSRT: pl = 0 pt = -328 sx = 1.0 sy = 1.0
10-17 12:32:42.709 18439 18516 I SurfaceView@29ea600: aOrMT: ViewRootImpl@562a9cf[MainActivity] t = android.view.SurfaceControl$Transaction@2577530 fN = 1196 android.view.SurfaceView.-$$Nest$mapplyOrMergeTransaction:0 android.view.SurfaceView$SurfaceViewPositionUpdateListener.positionChanged:1537 android.graphics.RenderNode$CompositePositionUpdateListener.positionChanged:373 
10-17 12:32:42.709 18439 18516 I ViewRootImpl@562a9cf[MainActivity]: mWNT: t=0x7af9434100 mBlastBufferQueue=0x7b5b94ed00 fn= 1196 caller= android.view.SurfaceView.applyOrMergeTransaction:1455 android.view.SurfaceView.-$$Nest$mapplyOrMergeTransaction:0 android.view.SurfaceView$SurfaceViewPositionUpdateListener.positionChanged:1537 
10-17 12:32:42.709 18439 18439 I SurfaceView@29ea600: Changes: creating=false format=false size=false visible=false alpha=false hint=false mUseAlpha=false visible=false left=false top=true
10-17 12:32:42.709 18439 18439 I SurfaceView@29ea600: 43951616 Cur surface: Surface(name=null)/@0x4d2e82c
10-17 12:32:42.710 18439 18439 I SurfaceView@29ea600: applyTransactionOnVriDraw: vri = ViewRootImpl@562a9cf[MainActivity] fRS = false t = 0x7b0931d800 android.view.SurfaceView.performSurfaceTransaction:959 android.view.SurfaceView.updateSurface:1105 android.view.SurfaceView.lambda$new$0$android-view-SurfaceView:200 
10-17 12:32:42.710 18439 18439 I ViewRootImpl@562a9cf[MainActivity]: applyTransactionOnDraw: mRemoved = false isHardwareEnabled = true t = 0x7b0931d800android.view.SurfaceView.applyTransactionOnVriDraw:2048 android.view.SurfaceView.performSurfaceTransaction:959 android.view.SurfaceView.updateSurface:1105 android.view.SurfaceView.lambda$new$0$android-view-SurfaceView:200 android.view.SurfaceView$$ExternalSyntheticLambda5.onPreDraw:2 
10-17 12:32:42.710 18439 18439 I SurfaceView@29ea600: updateSurface: mVisible = true mSurface.isValid() = true
10-17 12:32:42.710 18439 18439 I SurfaceView@29ea600: updateSurface: mSurfaceCreated = true surfaceChanged = false visibleChanged = false
10-17 12:32:42.710 18439 18439 V SurfaceView@29ea600: Layout: x=0 y=-328 w=1080 h=525, frame=Rect(0, 0 - 1080, 525)
10-17 12:32:42.726 18439 18515 D SurfaceView@29ea600: updateSurfacePosition RenderWorker, frameNr = 1197, position = [0, -327, 1080, 198] surfaceSize = 1080x525
10-17 12:32:42.726 18439 18515 I SurfaceView@29ea600: uSP: rtp = Rect(0, -327 - 1080, 198) rtsw = 1080 rtsh = 525
10-17 12:32:42.726 18439 18515 I SurfaceView@29ea600: onSSPAndSRT: pl = 0 pt = -327 sx = 1.0 sy = 1.0
10-17 12:32:42.726 18439 18515 I SurfaceView@29ea600: aOrMT: ViewRootImpl@562a9cf[MainActivity] t = android.view.SurfaceControl$Transaction@2577530 fN = 1197 android.view.SurfaceView.-$$Nest$mapplyOrMergeTransaction:0 android.view.SurfaceView$SurfaceViewPositionUpdateListener.positionChanged:1537 android.graphics.RenderNode$CompositePositionUpdateListener.positionChanged:373 
10-17 12:32:42.726 18439 18515 I ViewRootImpl@562a9cf[MainActivity]: mWNT: t=0x7af9434100 mBlastBufferQueue=0x7b5b94ed00 fn= 1197 caller= android.view.SurfaceView.applyOrMergeTransaction:1455 android.view.SurfaceView.-$$Nest$mapplyOrMergeTransaction:0 android.view.SurfaceView$SurfaceViewPositionUpdateListener.positionChanged:1537 
10-17 12:32:42.727 18439 18515 I ViewRootImpl@562a9cf[MainActivity]: mWNT: t=0x7b0931d800 mBlastBufferQueue=0x7b5b94ed00 fn= 1197 caller= android.view.ViewRootImpl.lambda$applyTransactionOnDraw$11$android-view-ViewRootImpl:12865 android.view.ViewRootImpl$$ExternalSyntheticLambda1.onFrameDraw:4 android.graphics.HardwareRenderer$FrameDrawingCallback.onFrameDraw:924 
10-17 12:32:42.727 18439 18439 I SurfaceView@29ea600: Changes: creating=false format=false size=false visible=false alpha=false hint=false mUseAlpha=false visible=false left=false top=true
10-17 12:32:42.727 18439 18439 I SurfaceView@29ea600: 43951616 Cur surface: Surface(name=null)/@0x4d2e82c
10-17 12:32:42.727 18439 18439 I SurfaceView@29ea600: applyTransactionOnVriDraw: vri = ViewRootImpl@562a9cf[MainActivity] fRS = false t = 0x7b0931d900 android.view.SurfaceView.performSurfaceTransaction:959 android.view.SurfaceView.updateSurface:1105 android.view.SurfaceView.lambda$new$0$android-view-SurfaceView:200 
10-17 12:32:42.727 18439 18439 I ViewRootImpl@562a9cf[MainActivity]: applyTransactionOnDraw: mRemoved = false isHardwareEnabled = true t = 0x7b0931d900android.view.SurfaceView.applyTransactionOnVriDraw:2048 android.view.SurfaceView.performSurfaceTransaction:959 android.view.SurfaceView.updateSurface:1105 android.view.SurfaceView.lambda$new$0$android-view-SurfaceView:200 android.view.SurfaceView$$ExternalSyntheticLambda5.onPreDraw:2 
10-17 12:32:42.728 18439 18439 I SurfaceView@29ea600: updateSurface: mVisible = true mSurface.isValid() = true
10-17 12:32:42.728 18439 18439 I SurfaceView@29ea600: updateSurface: mSurfaceCreated = true surfaceChanged = false visibleChanged = false
10-17 12:32:42.728 18439 18439 V SurfaceView@29ea600: Layout: x=0 y=-327 w=1080 h=525, frame=Rect(0, 0 - 1080, 525)
10-17 12:32:42.739 18439 18516 I ViewRootImpl@562a9cf[MainActivity]: mWNT: t=0x7b0931d900 mBlastBufferQueue=0x7b5b94ed00 fn= 1198 caller= android.view.ViewRootImpl.lambda$applyTransactionOnDraw$11$android-view-ViewRootImpl:12865 android.view.ViewRootImpl$$ExternalSyntheticLambda1.onFrameDraw:4 android.graphics.HardwareRenderer$FrameDrawingCallback.onFrameDraw:924 
10-17 12:32:42.787 18439 18515 D SurfaceView@29ea600: updateSurfacePosition RenderWorker, frameNr = 1201, position = [0, -326, 1080, 199] surfaceSize = 1080x525
10-17 12:32:42.787 18439 18515 I SurfaceView@29ea600: uSP: rtp = Rect(0, -326 - 1080, 199) rtsw = 1080 rtsh = 525
10-17 12:32:42.787 18439 18515 I SurfaceView@29ea600: onSSPAndSRT: pl = 0 pt = -326 sx = 1.0 sy = 1.0
10-17 12:32:42.788 18439 18515 I SurfaceView@29ea600: aOrMT: ViewRootImpl@562a9cf[MainActivity] t = android.view.SurfaceControl$Transaction@2577530 fN = 1201 android.view.SurfaceView.-$$Nest$mapplyOrMergeTransaction:0 android.view.SurfaceView$SurfaceViewPositionUpdateListener.positionChanged:1537 android.graphics.RenderNode$CompositePositionUpdateListener.positionChanged:373 
10-17 12:32:42.788 18439 18515 I ViewRootImpl@562a9cf[MainActivity]: mWNT: t=0x7af9434100 mBlastBufferQueue=0x7b5b94ed00 fn= 1201 caller= android.view.SurfaceView.applyOrMergeTransaction:1455 android.view.SurfaceView.-$$Nest$mapplyOrMergeTransaction:0 android.view.SurfaceView$SurfaceViewPositionUpdateListener.positionChanged:1537 
10-17 12:32:42.790 18439 18439 I SurfaceView@29ea600: Changes: creating=false format=false size=false visible=false alpha=false hint=false mUseAlpha=false visible=false left=false top=true
10-17 12:32:42.790 18439 18439 I SurfaceView@29ea600: 43951616 Cur surface: Surface(name=null)/@0x4d2e82c
10-17 12:32:42.791 18439 18439 I SurfaceView@29ea600: applyTransactionOnVriDraw: vri = ViewRootImpl@562a9cf[MainActivity] fRS = false t = 0x7b0931da00 android.view.SurfaceView.performSurfaceTransaction:959 android.view.SurfaceView.updateSurface:1105 android.view.SurfaceView.lambda$new$0$android-view-SurfaceView:200 
10-17 12:32:42.791 18439 18439 I ViewRootImpl@562a9cf[MainActivity]: applyTransactionOnDraw: mRemoved = false isHardwareEnabled = true t = 0x7b0931da00android.view.SurfaceView.applyTransactionOnVriDraw:2048 android.view.SurfaceView.performSurfaceTransaction:959 android.view.SurfaceView.updateSurface:1105 android.view.SurfaceView.lambda$new$0$android-view-SurfaceView:200 android.view.SurfaceView$$ExternalSyntheticLambda5.onPreDraw:2 
10-17 12:32:42.791 18439 18439 I SurfaceView@29ea600: updateSurface: mVisible = true mSurface.isValid() = true
10-17 12:32:42.791 18439 18439 I SurfaceView@29ea600: updateSurface: mSurfaceCreated = true surfaceChanged = false visibleChanged = false
10-17 12:32:42.791 18439 18439 V SurfaceView@29ea600: Layout: x=0 y=-326 w=1080 h=525, frame=Rect(0, 0 - 1080, 525)
10-17 12:32:42.804 18439 18516 I ViewRootImpl@562a9cf[MainActivity]: mWNT: t=0x7b0931da00 mBlastBufferQueue=0x7b5b94ed00 fn= 1202 caller= android.view.ViewRootImpl.lambda$applyTransactionOnDraw$11$android-view-ViewRootImpl:12865 android.view.ViewRootImpl$$ExternalSyntheticLambda1.onFrameDraw:4 android.graphics.HardwareRenderer$FrameDrawingCallback.onFrameDraw:924 
10-17 12:32:43.133 18439 18439 I ViewRootImpl@562a9cf[MainActivity]: ViewPostIme pointer 0
10-17 12:32:43.666 18439 18439 I Dialog  : mIsDeviceDefault = false, mIsSamsungBasicInteraction = false, isMetaDataInActivity = false
10-17 12:32:43.702 18439 18439 I DecorView: [INFO] isPopOver=false config=false
10-17 12:32:43.702 18439 18439 I DecorView: updateCaptionType: isFloating=false isApplication=true hasWindowDecorCaption=false this=DecorView@86653ea[]
10-17 12:32:43.702 18439 18439 D DecorView: setCaptionType = 0, this = DecorView@86653ea[]
10-17 12:32:43.707 18439 18439 I DecorView: getCurrentDensityDpi: from app context. densityDpi=420 msg=resources_loaded
10-17 12:32:43.707 18439 18439 I DecorView: setWindowBackground: isPopOver=false color=0 d=android.graphics.drawable.ColorDrawable@2634578
10-17 12:32:43.718 18439 18461 D NativeCustomFrequencyManager: [NativeCFMS] BpCustomFrequencyManager::BpCustomFrequencyManager()
10-17 12:32:43.719 18439 18439 I DecorView: notifyKeepScreenOnChanged: keepScreenOn=false
10-17 12:32:43.733 18439 18439 D InsetsController: onStateChanged: InsetsState: {mDisplayFrame=Rect(0, 0 - 1080, 2400), mDisplayCutout=DisplayCutout{insets=Rect(0, 88 - 0, 0) waterfall=Insets{left=0, top=0, right=0, bottom=0} boundingRect={Bounds=[Rect(0, 0 - 0, 0), Rect(512, 0 - 568, 88), Rect(0, 0 - 0, 0), Rect(0, 0 - 0, 0)]} cutoutPathParserInfo={CutoutPathParserInfo{displayWidth=1080 displayHeight=2400 physicalDisplayWidth=1080 physicalDisplayHeight=2400 density={2.625} cutoutSpec={M 0,0 M 0,12.25101276465640 a 10.60613009248640,10.60613009248640 0 1,0 0,21.21226018497290 a 10.60613009248640,10.60613009248640 0 1,0 0,-21.21226018497290 Z @dp} rotation={0} scale={1.0} physicalPixelDisplaySizeRatio={1.0}}}}, mRoundedCorners=RoundedCorners{[RoundedCorner{position=TopLeft, radius=84, center=Point(84, 84)}, RoundedCorner{position=TopRight, radius=84, center=Point(996, 84)}, RoundedCorner{position=BottomRight, radius=84, center=Point(996, 2316)}, RoundedCorner{position=BottomLeft, radius=84, center=Point(84, 2316)}]}  mRoundedCornerFrame=Rect(0, 0 - 1080, 2400), mPrivacyIndicatorBounds=PrivacyIndicatorBounds {static bounds=Rect(964, 0 - 1080, 87) rotation=0}, mSources= { InsetsSource: {mType=ITYPE_STATUS_BAR, mFrame=[0,0][1080,88], mVisible=true, mInsetsRoundedCornerFrame=false}, InsetsSource: {mType=ITYPE_NAVIGATION_BAR, mFrame=[0,2361][1080,2400], mVisible=true, mInsetsRoundedCornerFrame=false}, InsetsSource: {mType=ITYPE_LEFT_GESTURES, mFrame=[0,0][130,2400], mVisible=true, mInsetsRoundedCornerFrame=false}, InsetsSource: {mType=ITYPE_RIGHT_GESTURES, mFrame=[950,0][1080,2400], mVisible=true, mInsetsRoundedCornerFrame=false}, InsetsSource: {mType=ITYPE_TOP_MANDATORY_GESTURES, mFrame=[0,0][1080,120], mVisible=true, mInsetsRoundedCornerFrame=false}, InsetsSource: {mType=ITYPE_BOTTOM_MANDATORY_GESTURES, mFrame=[0,2316][1080,2400], mVisible=true, mInsetsRoundedCornerFrame=false}, InsetsSource: {mType=ITYPE_LEFT_DISPLAY_CUTOUT, mFrame=[0,0][-100000,2400], mVisible=true, mInsetsRoundedCornerFrame=false}, InsetsSource: {mType=ITYPE_TOP_DISPLAY_CUTOUT, mFrame=[0,0][1080,88], mVisible=true, mInsetsRoundedCornerFrame=false}, InsetsSource: {mType=ITYPE_RIGHT_DISPLAY_CUTOUT, mFrame=[100000,0][1080,2400], mVisible=true, mInsetsRoundedCornerFrame=false}, InsetsSource: {mType=ITYPE_BOTTOM_DISPLAY_CUTOUT, mFrame=[0,100000][1080,2400], mVisible=true, mInsetsRoundedCornerFrame=false}, InsetsSource: {mType=ITYPE_TOP_TAPPABLE_ELEMENT, mFrame=[0,0][1080,88], mVisible=true, mInsetsRoundedCornerFrame=false}, InsetsSource: {mType=ITYPE_BOTTOM_TAPPABLE_ELEMENT, mFrame=[0,0][0,0], mVisible=true, mInsetsRoundedCornerFrame=false}, InsetsSource: {mType=ITYPE_IME, mFrame=[0,0][0,0], mVisibleFrame=[0,1409][1080,2400], mVisible=false, mInsetsRoundedCornerFrame=false} } host=com.lagradost.cloudstream3/com.lagradost.cloudstream3.MainActivity from=android.view.ViewRootImpl.setView:1732
10-17 12:32:43.735 18439 18439 I ViewRootImpl@ea73c89[MainActivity]: setView = com.android.internal.policy.DecorView@86653ea TM=true
10-17 12:32:43.748 18439 18439 I ViewRootImpl@ea73c89[MainActivity]: performTraversals params={(0,0)(fillxfill) gr=CENTER sim={adjust=resize forwardNavigation} ty=APPLICATION fmt=TRANSPARENT wanim=0x7f14000b
10-17 12:32:43.748 18439 18439 I ViewRootImpl@ea73c89[MainActivity]:   fl=85810100
10-17 12:32:43.748 18439 18439 I ViewRootImpl@ea73c89[MainActivity]:   pfl=12020040
10-17 12:32:43.748 18439 18439 I ViewRootImpl@ea73c89[MainActivity]:   vsysui=500
10-17 12:32:43.748 18439 18439 I ViewRootImpl@ea73c89[MainActivity]:   bhv=DEFAULT
10-17 12:32:43.748 18439 18439 I ViewRootImpl@ea73c89[MainActivity]:   fitSides= naviIconColor=0}
10-17 12:32:43.749 18439 18439 I ViewRootImpl@ea73c89[MainActivity]: performTraversals mFirst=true windowShouldResize=true viewVisibilityChanged=false mForceNextWindowRelayout=false params={(0,0)(fillxfill) gr=CENTER sim={adjust=resize forwardNavigation} ty=APPLICATION fmt=TRANSPARENT wanim=0x7f14000b
10-17 12:32:43.749 18439 18439 I ViewRootImpl@ea73c89[MainActivity]:   fl=85810100
10-17 12:32:43.749 18439 18439 I ViewRootImpl@ea73c89[MainActivity]:   pfl=12020040
10-17 12:32:43.749 18439 18439 I ViewRootImpl@ea73c89[MainActivity]:   vsysui=500
10-17 12:32:43.749 18439 18439 I ViewRootImpl@ea73c89[MainActivity]:   bhv=DEFAULT
10-17 12:32:43.749 18439 18439 I ViewRootImpl@ea73c89[MainActivity]:   fitSides= naviIconColor=0}
10-17 12:32:43.764 18439 18439 I ViewRootImpl@ea73c89[MainActivity]: updateBlastSurfaceIfNeeded mBlastBufferQueue=null isSameSurfaceControl=false
10-17 12:32:43.765 18439 18439 I BLASTBufferQueue: new BLASTBufferQueue, mName= ViewRootImpl@ea73c89[MainActivity] mNativeObject= 0x7b35536f00 sc.mNativeObject= 0x7ae5a06ca0 caller= android.view.ViewRootImpl.updateBlastSurfaceIfNeeded:2909 android.view.ViewRootImpl.relayoutWindow:9847 android.view.ViewRootImpl.performTraversals:3884 android.view.ViewRootImpl.doTraversal:3116 android.view.ViewRootImpl$TraversalRunnable.run:10885 android.view.Choreographer$CallbackRecord.run:1301 android.view.Choreographer$CallbackRecord.run:1309 android.view.Choreographer.doCallbacks:923 android.view.Choreographer.doFrame:852 android.view.Choreographer$FrameDisplayEventReceiver.run:1283 
10-17 12:32:43.765 18439 18439 I BLASTBufferQueue: update, w= 1080 h= 2400 mName = ViewRootImpl@ea73c89[MainActivity] mNativeObject= 0x7b35536f00 sc.mNativeObject= 0x7ae5a06ca0 format= -2 caller= android.graphics.BLASTBufferQueue.<init>:84 android.view.ViewRootImpl.updateBlastSurfaceIfNeeded:2909 android.view.ViewRootImpl.relayoutWindow:9847 android.view.ViewRootImpl.performTraversals:3884 android.view.ViewRootImpl.doTraversal:3116 android.view.ViewRootImpl$TraversalRunnable.run:10885 
10-17 12:32:43.765 18439 18439 I ViewRootImpl@ea73c89[MainActivity]: Relayout returned: old=(0,0,1080,2400) new=(0,0,1080,2400) req=(1080,2400)0 dur=15 res=0x3 s={true 0x7ae5efe000} ch=true seqId=0
10-17 12:32:43.767 18439 18439 I ViewRootImpl@ea73c89[MainActivity]: mThreadedRenderer.initialize() mSurface={isValid=true 0x7ae5efe000} hwInitialized=true
10-17 12:32:43.767 18439 18461 D OpenGLRenderer: eglCreateWindowSurface
10-17 12:32:43.790 18439 18439 D AbsListView:  in onLayout changed 
10-17 12:32:43.791 18439 18439 I ViewRootImpl@ea73c89[MainActivity]: reportNextDraw android.view.ViewRootImpl.performTraversals:4438 android.view.ViewRootImpl.doTraversal:3116 android.view.ViewRootImpl$TraversalRunnable.run:10885 android.view.Choreographer$CallbackRecord.run:1301 android.view.Choreographer$CallbackRecord.run:1309 
10-17 12:32:43.791 18439 18439 I ViewRootImpl@ea73c89[MainActivity]: Setup new sync id=0
10-17 12:32:43.791 18439 18439 I ViewRootImpl@ea73c89[MainActivity]: Setting syncFrameCallback
10-17 12:32:43.791 18439 18439 I ViewRootImpl@ea73c89[MainActivity]: registerCallbacksForSync syncBuffer=false
10-17 12:32:43.795 18439 18515 I ViewRootImpl@ea73c89[MainActivity]: Received frameDrawingCallback syncResult=0 frameNum=1.
10-17 12:32:43.795 18439 18515 I ViewRootImpl@ea73c89[MainActivity]: Setting up sync and frameCommitCallback
10-17 12:32:43.802 18439 18461 I BLASTBufferQueue: [ViewRootImpl@ea73c89[MainActivity]#9](f:0,a:0) onFrameAvailable the first frame is available
10-17 12:32:43.803 18439 18461 I ViewRootImpl@ea73c89[MainActivity]: Received frameCommittedCallback lastAttemptedDrawFrameNum=1 didProduceBuffer=true
10-17 12:32:43.805 18439 18461 D OpenGLRenderer: CFMS:: SetUp Pid : 18439    Tid : 18461
10-17 12:32:43.810 18439 18439 I ViewRootImpl@ea73c89[MainActivity]: onSyncComplete
10-17 12:32:43.811 18439 18439 I ViewRootImpl@ea73c89[MainActivity]: setupSync seqId=0 mSyncId=0 fn=1 caller=android.view.ViewRootImpl$$ExternalSyntheticLambda11.accept:6 android.window.SurfaceSyncer.lambda$setupSync$1$android-window-SurfaceSyncer:128 android.window.SurfaceSyncer$$ExternalSyntheticLambda1.accept:8 android.window.SurfaceSyncer$SyncSet.checkIfSyncIsComplete:382 android.window.SurfaceSyncer$SyncSet.markSyncReady:359 android.window.SurfaceSyncer.markSyncReady:151 android.view.ViewRootImpl.performTraversals:4503 
10-17 12:32:43.811 18439 18439 I ViewRootImpl@ea73c89[MainActivity]: reportDrawFinished seqId=0 mSyncId=-1 fn=1 mSurfaceChangedTransaction=0x7b0931db00
10-17 12:32:43.814 18439 18439 I ViewRootImpl@562a9cf[MainActivity]: MSG_WINDOW_FOCUS_CHANGED 0 0
10-17 12:32:43.846 18439 18439 I ViewRootImpl@562a9cf[MainActivity]: ViewPostIme pointer 1
10-17 12:32:43.875 18439 18439 I ViewRootImpl@ea73c89[MainActivity]: MSG_WINDOW_FOCUS_CHANGED 1 0
10-17 12:32:43.875 18439 18439 I ViewRootImpl@ea73c89[MainActivity]: mThreadedRenderer.initializeIfNeeded()#2 mSurface={isValid=true 0x7ae5efe000}
10-17 12:32:43.876 18439 18439 D InputMethodManager: startInputInner - Id : 0
10-17 12:32:43.876 18439 18439 I InputMethodManager: startInputInner - mService.startInputOrWindowGainedFocus
10-17 12:32:44.501 18439 18439 I ViewRootImpl@ea73c89[MainActivity]: ViewPostIme pointer 0
10-17 12:32:44.566 18439 18439 I ViewRootImpl@ea73c89[MainActivity]: ViewPostIme pointer 1
10-17 12:32:44.568 18439 18439 D AbsListView: onTouchUp() mTouchMode : 0
10-17 12:32:44.642 18439 18492 D AsiaTVLogs: loadLinks started for: https://asiatv.one/episodes/typhoon-family-%d8%ad1-%d9%85%d8%b3%d9%84%d8%b3%d9%84-%d8%a3%d8%b3%d8%b1%d8%a9-%d8%aa%d9%8a%d8%a8%d9%88%d9%86-%d8%a7%d9%84%d8%ad%d9%84%d9%82%d8%a9-1-%d9%85%d8%aa%d8%b1%d8%ac%d9%85%d8%a9/
10-17 12:32:44.642 18439 18439 I MSHandlerLifeCycle: removeMultiSplitHandler: no exist. decor=DecorView@86653ea[MainActivity]
10-17 12:32:44.648 18439 18461 D OpenGLRenderer: setSurface called with nullptr
10-17 12:32:44.648 18439 18461 D OpenGLRenderer: setSurface() destroyed EGLSurface
10-17 12:32:44.648 18439 18461 D OpenGLRenderer: destroyEglSurface
10-17 12:32:44.650 18439 18461 D OpenGLRenderer: endAllActiveAnimators on 0x7ae5f2ad00 (MaterialTextView) with handle 0x7b5b948e80
10-17 12:32:44.650 18439 18439 I ViewRootImpl@ea73c89[MainActivity]: dispatchDetachedFromWindow
10-17 12:32:44.675 18439 18439 D InputTransport: Input channel destroyed: 'c03e39a', fd=175
10-17 12:32:44.678 18439 18439 I Dialog  : mIsDeviceDefault = false, mIsSamsungBasicInteraction = false, isMetaDataInActivity = false
10-17 12:32:44.715 18439 18439 I DecorView: [INFO] isPopOver=false config=false
10-17 12:32:44.715 18439 18439 I DecorView: updateCaptionType: isFloating=false isApplication=true hasWindowDecorCaption=false this=DecorView@c819720[]
10-17 12:32:44.715 18439 18439 D DecorView: setCaptionType = 0, this = DecorView@c819720[]
10-17 12:32:44.717 18439 18439 I DecorView: getCurrentDensityDpi: from app context. densityDpi=420 msg=resources_loaded
10-17 12:32:44.717 18439 18439 I DecorView: setWindowBackground: isPopOver=false color=0 d=android.graphics.drawable.ColorDrawable@c2c529e
10-17 12:32:44.725 18439 18461 D NativeCustomFrequencyManager: [NativeCFMS] BpCustomFrequencyManager::BpCustomFrequencyManager()
10-17 12:32:44.726 18439 18439 I DecorView: notifyKeepScreenOnChanged: keepScreenOn=false
10-17 12:32:44.739 18439 18439 D InsetsController: onStateChanged: InsetsState: {mDisplayFrame=Rect(0, 0 - 1080, 2400), mDisplayCutout=DisplayCutout{insets=Rect(0, 88 - 0, 0) waterfall=Insets{left=0, top=0, right=0, bottom=0} boundingRect={Bounds=[Rect(0, 0 - 0, 0), Rect(512, 0 - 568, 88), Rect(0, 0 - 0, 0), Rect(0, 0 - 0, 0)]} cutoutPathParserInfo={CutoutPathParserInfo{displayWidth=1080 displayHeight=2400 physicalDisplayWidth=1080 physicalDisplayHeight=2400 density={2.625} cutoutSpec={M 0,0 M 0,12.25101276465640 a 10.60613009248640,10.60613009248640 0 1,0 0,21.21226018497290 a 10.60613009248640,10.60613009248640 0 1,0 0,-21.21226018497290 Z @dp} rotation={0} scale={1.0} physicalPixelDisplaySizeRatio={1.0}}}}, mRoundedCorners=RoundedCorners{[RoundedCorner{position=TopLeft, radius=84, center=Point(84, 84)}, RoundedCorner{position=TopRight, radius=84, center=Point(996, 84)}, RoundedCorner{position=BottomRight, radius=84, center=Point(996, 2316)}, RoundedCorner{position=BottomLeft, radius=84, center=Point(84, 2316)}]}  mRoundedCornerFrame=Rect(0, 0 - 1080, 2400), mPrivacyIndicatorBounds=PrivacyIndicatorBounds {static bounds=Rect(964, 0 - 1080, 87) rotation=0}, mSources= { InsetsSource: {mType=ITYPE_STATUS_BAR, mFrame=[0,0][1080,88], mVisible=true, mInsetsRoundedCornerFrame=false}, InsetsSource: {mType=ITYPE_NAVIGATION_BAR, mFrame=[0,2361][1080,2400], mVisible=true, mInsetsRoundedCornerFrame=false}, InsetsSource: {mType=ITYPE_LEFT_GESTURES, mFrame=[0,0][130,2400], mVisible=true, mInsetsRoundedCornerFrame=false}, InsetsSource: {mType=ITYPE_RIGHT_GESTURES, mFrame=[950,0][1080,2400], mVisible=true, mInsetsRoundedCornerFrame=false}, InsetsSource: {mType=ITYPE_TOP_MANDATORY_GESTURES, mFrame=[0,0][1080,120], mVisible=true, mInsetsRoundedCornerFrame=false}, InsetsSource: {mType=ITYPE_BOTTOM_MANDATORY_GESTURES, mFrame=[0,2316][1080,2400], mVisible=true, mInsetsRoundedCornerFrame=false}, InsetsSource: {mType=ITYPE_LEFT_DISPLAY_CUTOUT, mFrame=[0,0][-100000,2400], mVisible=true, mInsetsRoundedCornerFrame=false}, InsetsSource: {mType=ITYPE_TOP_DISPLAY_CUTOUT, mFrame=[0,0][1080,88], mVisible=true, mInsetsRoundedCornerFrame=false}, InsetsSource: {mType=ITYPE_RIGHT_DISPLAY_CUTOUT, mFrame=[100000,0][1080,2400], mVisible=true, mInsetsRoundedCornerFrame=false}, InsetsSource: {mType=ITYPE_BOTTOM_DISPLAY_CUTOUT, mFrame=[0,100000][1080,2400], mVisible=true, mInsetsRoundedCornerFrame=false}, InsetsSource: {mType=ITYPE_TOP_TAPPABLE_ELEMENT, mFrame=[0,0][1080,88], mVisible=true, mInsetsRoundedCornerFrame=false}, InsetsSource: {mType=ITYPE_BOTTOM_TAPPABLE_ELEMENT, mFrame=[0,0][0,0], mVisible=true, mInsetsRoundedCornerFrame=false}, InsetsSource: {mType=ITYPE_IME, mFrame=[0,0][0,0], mVisibleFrame=[0,1409][1080,2400], mVisible=false, mInsetsRoundedCornerFrame=false} } host=com.lagradost.cloudstream3/com.lagradost.cloudstream3.MainActivity from=android.view.ViewRootImpl.setView:1732
10-17 12:32:44.740 18439 18439 I ViewRootImpl@6be2177[MainActivity]: setView = com.android.internal.policy.DecorView@c819720 TM=true
10-17 12:32:44.742 18439 18439 D InsetsController: onStateChanged: InsetsState: {mDisplayFrame=Rect(0, 0 - 1080, 2400), mDisplayCutout=DisplayCutout{insets=Rect(0, 88 - 0, 0) waterfall=Insets{left=0, top=0, right=0, bottom=0} boundingRect={Bounds=[Rect(0, 0 - 0, 0), Rect(512, 0 - 568, 88), Rect(0, 0 - 0, 0), Rect(0, 0 - 0, 0)]} cutoutPathParserInfo={CutoutPathParserInfo{displayWidth=1080 displayHeight=2400 physicalDisplayWidth=1080 physicalDisplayHeight=2400 density={2.625} cutoutSpec={M 0,0 M 0,12.25101276465640 a 10.60613009248640,10.60613009248640 0 1,0 0,21.21226018497290 a 10.60613009248640,10.60613009248640 0 1,0 0,-21.21226018497290 Z @dp} rotation={0} scale={1.0} physicalPixelDisplaySizeRatio={1.0}}}}, mRoundedCorners=RoundedCorners{[RoundedCorner{position=TopLeft, radius=84, center=Point(84, 84)}, RoundedCorner{position=TopRight, radius=84, center=Point(996, 84)}, RoundedCorner{position=BottomRight, radius=84, center=Point(996, 2316)}, RoundedCorner{position=BottomLeft, radius=84, center=Point(84, 2316)}]}  mRoundedCornerFrame=Rect(0, 0 - 1080, 2400), mPrivacyIndicatorBounds=PrivacyIndicatorBounds {static bounds=Rect(964, 0 - 1080, 87) rotation=0}, mSources= { InsetsSource: {mType=ITYPE_STATUS_BAR, mFrame=[0,0][1080,88], mVisible=true, mInsetsRoundedCornerFrame=false}, InsetsSource: {mType=ITYPE_NAVIGATION_BAR, mFrame=[0,2361][1080,2400], mVisible=true, mInsetsRoundedCornerFrame=false}, InsetsSource: {mType=ITYPE_LEFT_GESTURES, mFrame=[0,0][130,2400], mVisible=true, mInsetsRoundedCornerFrame=false}, InsetsSource: {mType=ITYPE_RIGHT_GESTURES, mFrame=[950,0][1080,2400], mVisible=true, mInsetsRoundedCornerFrame=false}, InsetsSource: {mType=ITYPE_TOP_MANDATORY_GESTURES, mFrame=[0,0][1080,120], mVisible=true, mInsetsRoundedCornerFrame=false}, InsetsSource: {mType=ITYPE_BOTTOM_MANDATORY_GESTURES, mFrame=[0,2316][1080,2400], mVisible=true, mInsetsRoundedCornerFrame=false}, InsetsSource: {mType=ITYPE_LEFT_DISPLAY_CUTOUT, mFrame=[0,0][-100000,2400], mVisible=true, mInsetsRoundedCornerFrame=false}, InsetsSource: {mType=ITYPE_TOP_DISPLAY_CUTOUT, mFrame=[0,0][1080,88], mVisible=true, mInsetsRoundedCornerFrame=false}, InsetsSource: {mType=ITYPE_RIGHT_DISPLAY_CUTOUT, mFrame=[100000,0][1080,2400], mVisible=true, mInsetsRoundedCornerFrame=false}, InsetsSource: {mType=ITYPE_BOTTOM_DISPLAY_CUTOUT, mFrame=[0,100000][1080,2400], mVisible=true, mInsetsRoundedCornerFrame=false}, InsetsSource: {mType=ITYPE_TOP_TAPPABLE_ELEMENT, mFrame=[0,0][1080,88], mVisible=true, mInsetsRoundedCornerFrame=false}, InsetsSource: {mType=ITYPE_BOTTOM_TAPPABLE_ELEMENT, mFrame=[0,0][0,0], mVisible=true, mInsetsRoundedCornerFrame=false} } host=com.lagradost.cloudstream3/com.lagradost.cloudstream3.MainActivity from=android.view.ViewRootImpl$ViewRootHandler.handleMessageImpl:6740
