--------- beginning of main
10-17 12:55:07.610 24153 24153 D InputTransport: Input channel destroyed: '2e9689e', fd=151
10-17 12:55:07.648 24153 24153 I ViewRootImpl@6784265[MainActivity]: MSG_WINDOW_FOCUS_CHANGED 1 0
10-17 12:55:07.648 24153 24153 I ViewRootImpl@6784265[MainActivity]: mThreadedRenderer.initializeIfNeeded()#2 mSurface={isValid=true 0x7b5d674800}
10-17 12:55:07.653 24153 24153 D InputMethodManager: startInputInner - Id : 0
10-17 12:55:07.653 24153 24153 I InputMethodManager: startInputInner - mService.startInputOrWindowGainedFocus
10-17 12:55:08.485 24153 24153 I ViewRootImpl@6784265[MainActivity]: ViewPostIme pointer 0
10-17 12:55:08.667 24153 24153 D WindowOnBackDispatcher: onBackInvoked, viewRoot=ViewRootImpl@ede6f9a[MainActivity], callback=androidx.activity.OnBackPressedDispatcher$Api33Impl$$ExternalSyntheticLambda0@fcd878c
10-17 12:55:08.678 24153 24153 I IMM_LC  : hsifw() - flag : 0
10-17 12:55:08.678 24153 24153 I IMM_LC  : hsifw() - mService.hideSoftInput
10-17 12:55:08.685 24153 24153 D ScrollView: initGoToTop
10-17 12:55:08.723 24153 24153 E CoilImgLoader: Error loading image: coil3.request.NullRequestDataException: The request's data is null.
10-17 12:55:08.738 24153 24153 D ScrollView:  onsize change changed 
10-17 12:55:08.772 24153 24164 W st.cloudstream3: Cleared Reference was only reachable from finalizer (only reported once)
10-17 12:55:08.864 24153 24164 I st.cloudstream3: Background concurrent copying GC freed 19MB AllocSpace bytes, 70(3144KB) LOS objects, 49% free, 13MB/26MB, paused 274us,62us total 190.553ms
10-17 12:55:08.865 24153 24165 D InputTransport: Input channel destroyed: 'ClientS', fd=142
10-17 12:55:08.875 24153 24176 D OpenGLRenderer: setSurface called with nullptr
10-17 12:55:08.876 24153 24165 D InputTransport: Input channel destroyed: 'ClientS', fd=130
10-17 12:55:08.901 24153 24176 D OpenGLRenderer: setSurface called with nullptr
10-17 12:55:09.543 24153 24153 I ViewRootImpl@6784265[MainActivity]: ViewPostIme pointer 0
10-17 12:55:09.608 24153 24153 I ViewRootImpl@6784265[MainActivity]: ViewPostIme pointer 1
10-17 12:55:09.613 24153 24153 I NavComponent: Navigating to fragment: 2131361879
10-17 12:55:09.621 24153 24153 I IMM_LC  : hsifw() - flag : 0
10-17 12:55:09.621 24153 24153 I IMM_LC  : hsifw() - mService.hideSoftInput
10-17 12:55:10.568 24153 24153 I ViewRootImpl@6784265[MainActivity]: ViewPostIme pointer 0
10-17 12:55:10.600 24153 24153 I ViewRootImpl@6784265[MainActivity]: ViewPostIme pointer 1
10-17 12:55:10.620 24153 24153 I IMM_LC  : hsifw() - flag : 0
10-17 12:55:10.620 24153 24153 I IMM_LC  : hsifw() - mService.hideSoftInput
10-17 12:55:10.726 24153 24153 I PLG     : updatePluginList = https://raw.githubusercontent.com/adamwolker21/DZ/refs/heads/master/repo.json
10-17 12:55:10.727 24153 24153 I PLG     : getPlugins = https://raw.githubusercontent.com/adamwolker21/DZ/refs/heads/master/repo.json
10-17 12:55:10.910 24153 24211 D VotingApi: Requesting: https://counterapi.com/api/cs-raw.githubusercontent.com-adamwolker21-DZ/vote/6dc8375a9c21c941e4f4638f351ba59129efb002ec683156e6e11dbcbd8c1d5d?readOnly=true
10-17 12:55:10.939 24153 24211 D VotingApi: Requesting: https://counterapi.com/api/cs-raw.githubusercontent.com-adamwolker21-DZ/vote/806f9e9bb0fe6eed948cf51910bda7c7a4f4470876514f9eb99299b4b4e46db4?readOnly=true
10-17 12:55:14.611 24153 24153 I ViewRootImpl@6784265[MainActivity]: ViewPostIme pointer 0
10-17 12:55:14.662 24153 24153 I ViewRootImpl@6784265[MainActivity]: ViewPostIme pointer 1
10-17 12:55:14.680 24153 24203 I PLG     : handlePluginAction = https://raw.githubusercontent.com/adamwolker21/DZ/refs/heads/master/repo.json, (https://raw.githubusercontent.com/adamwolker21/DZ/refs/heads/master/repo.json, SitePlugin(url=https://raw.githubusercontent.com/adamwolker21/DZ/builds/Asiatv.one.cs3, status=1, version=1, apiVersion=1, name=Asiatv.one, internalName=Asiatv.one, authors=[adamwolker21], description=Asiatv.one, repositoryUrl=https://github.com/adamwolker21/DZ, tvTypes=[Movie, TvSeries], language=ar, iconUrl=https://asiatv.one/wp-content/uploads/2021/09/cropped-asiadrama-192x192.png.webp, fileSize=18399)), false
10-17 12:55:14.682 24153 24203 D PluginManager: Downloading plugin: https://raw.githubusercontent.com/adamwolker21/DZ/builds/Asiatv.one.cs3 to /data/user/0/com.lagradost.cloudstream3/files/Extensions/httpsraw.githubusercontent.comadamwolker21DZrefsheadsmasterrepo.json.-468825824/Asiatv.one.344131172.cs3
10-17 12:55:14.954 24153 24203 I PluginManager: Unloading plugin: /data/user/0/com.lagradost.cloudstream3/files/Extensions/httpsraw.githubusercontent.comadamwolker21DZrefsheadsmasterrepo.json.-468825824/Asiatv.one.344131172.cs3
10-17 12:55:14.954 24153 24203 W PluginManager: Couldn't find plugin /data/user/0/com.lagradost.cloudstream3/files/Extensions/httpsraw.githubusercontent.comadamwolker21DZrefsheadsmasterrepo.json.-468825824/Asiatv.one.344131172.cs3
10-17 12:55:14.955 24153 24203 I PluginManager: Loading plugin: PluginData(internalName=Asiatv.one, url=https://raw.githubusercontent.com/adamwolker21/DZ/builds/Asiatv.one.cs3, isOnline=true, filePath=/data/user/0/com.lagradost.cloudstream3/files/Extensions/httpsraw.githubusercontent.comadamwolker21DZrefsheadsmasterrepo.json.-468825824/Asiatv.one.344131172.cs3, version=-2147483648)
10-17 12:55:15.018 24153 24203 I PluginInstance: Adding AsiaTV (https://asiatv.one) MainAPI
10-17 12:55:15.018 24153 24203 I PluginInstance: Adding AsiaTvPlayer (https://www.asiatvplayer.com) ExtractorApi
10-17 12:55:15.035 24153 24203 I PluginManager: Loaded plugin Asiatv.one successfully
10-17 12:55:15.035 24153 24203 I PLG     : getPlugins = https://raw.githubusercontent.com/adamwolker21/DZ/refs/heads/master/repo.json
10-17 12:55:15.036 24153 24153 I COMPACT : showToast = Plugin Loaded
10-17 12:55:15.041 24153 24153 D CompatibilityChangeReporter: Compat change id reported: 147798919; UID 10526; state: ENABLED
10-17 12:55:15.041 24153 24153 E Toast   : setGravity() shouldn't be called on text toasts, the values won't be used
10-17 12:55:15.041 24153 24153 I Toast   : setView: it's a custom toast
10-17 12:55:15.049 24153 24153 V Toast   : show: caller = com.lagradost.cloudstream3.CommonActivity.showToast:175 
10-17 12:55:15.101 24153 24153 V Toast   : HANDLE SHOW: android.widget.Toast$TN@903ceeb mView=null mNextView=androidx.cardview.widget.CardView{46ce448 V.E..V... ......ID 0,0-0,0 #7f0a0557 app:id/toast_layout_root}
10-17 12:55:15.102 24153 24153 V ToastPresenter: sipHeight = -39
10-17 12:55:15.104 24153 24153 V ToastPresenter: yOffset = 13
10-17 12:55:15.111 24153 24176 D NativeCustomFrequencyManager: [NativeCFMS] BpCustomFrequencyManager::BpCustomFrequencyManager()
10-17 12:55:15.121 24153 24153 D InsetsController: onStateChanged: InsetsState: {mDisplayFrame=Rect(0, 0 - 1080, 2400), mDisplayCutout=DisplayCutout{insets=Rect(0, 88 - 0, 0) waterfall=Insets{left=0, top=0, right=0, bottom=0} boundingRect={Bounds=[Rect(0, 0 - 0, 0), Rect(512, 0 - 568, 88), Rect(0, 0 - 0, 0), Rect(0, 0 - 0, 0)]} cutoutPathParserInfo={CutoutPathParserInfo{displayWidth=1080 displayHeight=2400 physicalDisplayWidth=1080 physicalDisplayHeight=2400 density={2.625} cutoutSpec={M 0,0 M 0,12.25101276465640 a 10.60613009248640,10.60613009248640 0 1,0 0,21.21226018497290 a 10.60613009248640,10.60613009248640 0 1,0 0,-21.21226018497290 Z @dp} rotation={0} scale={1.0} physicalPixelDisplaySizeRatio={1.0}}}}, mRoundedCorners=RoundedCorners{[RoundedCorner{position=TopLeft, radius=84, center=Point(84, 84)}, RoundedCorner{position=TopRight, radius=84, center=Point(996, 84)}, RoundedCorner{position=BottomRight, radius=84, center=Point(996, 2316)}, RoundedCorner{position=BottomLeft, radius=84, center=Point(84, 2316)}]}  mRoundedCornerFrame=Rect(0, 0 - 0, 0), mPrivacyIndicatorBounds=PrivacyIndicatorBounds {static bounds=Rect(964, 0 - 1080, 87) rotation=0}, mSources= { InsetsSource: {mType=ITYPE_NAVIGATION_BAR, mFrame=[0,2361][1080,2400], mVisible=true, mInsetsRoundedCornerFrame=false}, InsetsSource: {mType=ITYPE_LEFT_GESTURES, mFrame=[0,0][130,2400], mVisible=true, mInsetsRoundedCornerFrame=false}, InsetsSource: {mType=ITYPE_RIGHT_GESTURES, mFrame=[950,0][1080,2400], mVisible=true, mInsetsRoundedCornerFrame=false}, InsetsSource: {mType=ITYPE_TOP_MANDATORY_GESTURES, mFrame=[0,0][1080,120], mVisible=true, mInsetsRoundedCornerFrame=false}, InsetsSource: {mType=ITYPE_BOTTOM_MANDATORY_GESTURES, mFrame=[0,2316][1080,2400], mVisible=true, mInsetsRoundedCornerFrame=false}, InsetsSource: {mType=ITYPE_LEFT_DISPLAY_CUTOUT, mFrame=[0,0][-100000,2400], mVisible=true, mInsetsRoundedCornerFrame=false}, InsetsSource: {mType=ITYPE_TOP_DISPLAY_CUTOUT, mFrame=[0,0][1080,88], mVisible=true, mInsetsRoundedCornerFrame=false}, InsetsSource: {mType=ITYPE_RIGHT_DISPLAY_CUTOUT, mFrame=[100000,0][1080,2400], mVisible=true, mInsetsRoundedCornerFrame=false}, InsetsSource: {mType=ITYPE_BOTTOM_DISPLAY_CUTOUT, mFrame=[0,100000][1080,2400], mVisible=true, mInsetsRoundedCornerFrame=false}, InsetsSource: {mType=ITYPE_BOTTOM_TAPPABLE_ELEMENT, mFrame=[0,0][0,0], mVisible=true, mInsetsRoundedCornerFrame=false} } host=Toast from=android.view.ViewRootImpl.setView:1732
10-17 12:55:15.122 24153 24153 I ViewRootImpl@79b52e1[Toast]: setView = androidx.cardview.widget.CardView@46ce448 TM=true
10-17 12:55:15.136 24153 24153 I ViewRootImpl@79b52e1[Toast]: performTraversals params={(0,13)(wrapxwrap) gr=BOTTOM CENTER sim={adjust=resize} ty=TOAST fmt=TRANSLUCENT wanim=0x1030004 surfaceInsets=Rect(11, 11 - 11, 11)
10-17 12:55:15.136 24153 24153 I ViewRootImpl@79b52e1[Toast]:   fl=1000098
10-17 12:55:15.136 24153 24153 I ViewRootImpl@79b52e1[Toast]:   pfl=12000000
10-17 12:55:15.136 24153 24153 I ViewRootImpl@79b52e1[Toast]:   bhv=DEFAULT
10-17 12:55:15.136 24153 24153 I ViewRootImpl@79b52e1[Toast]:   fitTypes=STATUS_BARS NAVIGATION_BARS CAPTION_BAR
10-17 12:55:15.136 24153 24153 I ViewRootImpl@79b52e1[Toast]:   fitIgnoreVis naviIconColor=0}
10-17 12:55:15.137 24153 24153 I ViewRootImpl@79b52e1[Toast]: performTraversals mFirst=true windowShouldResize=false viewVisibilityChanged=false mForceNextWindowRelayout=false params={(0,13)(wrapxwrap) gr=BOTTOM CENTER sim={adjust=resize} ty=TOAST fmt=TRANSLUCENT wanim=0x1030004 surfaceInsets=Rect(11, 11 - 11, 11)
10-17 12:55:15.137 24153 24153 I ViewRootImpl@79b52e1[Toast]:   fl=1000098
10-17 12:55:15.137 24153 24153 I ViewRootImpl@79b52e1[Toast]:   pfl=12000000
10-17 12:55:15.137 24153 24153 I ViewRootImpl@79b52e1[Toast]:   bhv=DEFAULT
10-17 12:55:15.137 24153 24153 I ViewRootImpl@79b52e1[Toast]:   fitTypes=STATUS_BARS NAVIGATION_BARS CAPTION_BAR
10-17 12:55:15.137 24153 24153 I ViewRootImpl@79b52e1[Toast]:   fitIgnoreVis naviIconColor=0}
10-17 12:55:15.150 24153 24153 I ViewRootImpl@79b52e1[Toast]: updateBlastSurfaceIfNeeded mBlastBufferQueue=null isSameSurfaceControl=false
10-17 12:55:15.151 24153 24153 I BLASTBufferQueue: new BLASTBufferQueue, mName= ViewRootImpl@79b52e1[Toast] mNativeObject= 0x7b23be7c00 sc.mNativeObject= 0x7b5d69eb40 caller= android.view.ViewRootImpl.updateBlastSurfaceIfNeeded:2909 android.view.ViewRootImpl.relayoutWindow:9847 android.view.ViewRootImpl.performTraversals:3884 android.view.ViewRootImpl.doTraversal:3116 android.view.ViewRootImpl$TraversalRunnable.run:10885 android.view.Choreographer$CallbackRecord.run:1301 android.view.Choreographer$CallbackRecord.run:1309 android.view.Choreographer.doCallbacks:923 android.view.Choreographer.doFrame:852 android.view.Choreographer$FrameDisplayEventReceiver.run:1283 
10-17 12:55:15.151 24153 24153 I BLASTBufferQueue: update, w= 373 h= 178 mName = ViewRootImpl@79b52e1[Toast] mNativeObject= 0x7b23be7c00 sc.mNativeObject= 0x7b5d69eb40 format= -3 caller= android.graphics.BLASTBufferQueue.<init>:84 android.view.ViewRootImpl.updateBlastSurfaceIfNeeded:2909 android.view.ViewRootImpl.relayoutWindow:9847 android.view.ViewRootImpl.performTraversals:3884 android.view.ViewRootImpl.doTraversal:3116 android.view.ViewRootImpl$TraversalRunnable.run:10885 
10-17 12:55:15.152 24153 24153 I ViewRootImpl@79b52e1[Toast]: Relayout returned: old=(0,88,1080,2361) new=(364,2192,715,2348) req=(351,156)0 dur=13 res=0x3 s={true 0x7b11a4a000} ch=true seqId=0
10-17 12:55:15.153 24153 24153 I ViewRootImpl@79b52e1[Toast]: mThreadedRenderer.initialize() mSurface={isValid=true 0x7b11a4a000} hwInitialized=true
10-17 12:55:15.154 24153 24153 I ViewRootImpl@79b52e1[Toast]: reportNextDraw android.view.ViewRootImpl.performTraversals:4438 android.view.ViewRootImpl.doTraversal:3116 android.view.ViewRootImpl$TraversalRunnable.run:10885 android.view.Choreographer$CallbackRecord.run:1301 android.view.Choreographer$CallbackRecord.run:1309 
10-17 12:55:15.154 24153 24176 D OpenGLRenderer: eglCreateWindowSurface
10-17 12:55:15.155 24153 24153 I ViewRootImpl@79b52e1[Toast]: Setup new sync id=0
10-17 12:55:15.155 24153 24153 I ViewRootImpl@79b52e1[Toast]: Setting syncFrameCallback
10-17 12:55:15.155 24153 24153 I ViewRootImpl@79b52e1[Toast]: registerCallbacksForSync syncBuffer=false
10-17 12:55:15.157 24153 24235 I ViewRootImpl@79b52e1[Toast]: Received frameDrawingCallback syncResult=0 frameNum=1.
10-17 12:55:15.157 24153 24235 I ViewRootImpl@79b52e1[Toast]: Setting up sync and frameCommitCallback
10-17 12:55:15.162 24153 24176 I BLASTBufferQueue: [ViewRootImpl@79b52e1[Toast]#3](f:0,a:0) onFrameAvailable the first frame is available
10-17 12:55:15.163 24153 24176 I ViewRootImpl@79b52e1[Toast]: Received frameCommittedCallback lastAttemptedDrawFrameNum=1 didProduceBuffer=true
10-17 12:55:15.165 24153 24176 D OpenGLRenderer: CFMS:: SetUp Pid : 24153    Tid : 24176
10-17 12:55:15.170 24153 24153 I ViewRootImpl@79b52e1[Toast]: onSyncComplete
10-17 12:55:15.170 24153 24153 I ViewRootImpl@79b52e1[Toast]: setupSync seqId=0 mSyncId=0 fn=1 caller=android.view.ViewRootImpl$$ExternalSyntheticLambda11.accept:6 android.window.SurfaceSyncer.lambda$setupSync$1$android-window-SurfaceSyncer:128 android.window.SurfaceSyncer$$ExternalSyntheticLambda1.accept:8 android.window.SurfaceSyncer$SyncSet.checkIfSyncIsComplete:382 android.window.SurfaceSyncer$SyncSet.markSyncReady:359 android.window.SurfaceSyncer.markSyncReady:151 android.view.ViewRootImpl.performTraversals:4503 
10-17 12:55:15.171 24153 24153 I ViewRootImpl@79b52e1[Toast]: reportDrawFinished seqId=0 mSyncId=-1 fn=1 mSurfaceChangedTransaction=0x7b44a34300
10-17 12:55:15.944 24153 24153 I ViewRootImpl@6784265[MainActivity]: ViewPostIme pointer 0
10-17 12:55:16.001 24153 24153 I ViewRootImpl@6784265[MainActivity]: ViewPostIme pointer 1
10-17 12:55:16.021 24153 24153 I IMM_LC  : hsifw() - flag : 0
10-17 12:55:16.022 24153 24153 I IMM_LC  : hsifw() - mService.hideSoftInput
10-17 12:55:16.764 24153 24164 I st.cloudstream3: Background concurrent copying GC freed 7465KB AllocSpace bytes, 36(2948KB) LOS objects, 49% free, 20MB/40MB, paused 633us,164us total 143.962ms
10-17 12:55:16.785 24153 24166 W System  : A resource failed to call close. 
10-17 12:55:17.085 24153 24176 D OpenGLRenderer: setSurface called with nullptr
10-17 12:55:17.085 24153 24176 D OpenGLRenderer: setSurface() destroyed EGLSurface
10-17 12:55:17.085 24153 24176 D OpenGLRenderer: destroyEglSurface
10-17 12:55:17.087 24153 24153 I ViewRootImpl@79b52e1[Toast]: dispatchDetachedFromWindow
10-17 12:55:17.097 24153 24153 D InputTransport: Input channel destroyed: '6024dd1', fd=167
10-17 12:55:20.012 24153 24153 I ViewRootImpl@6784265[MainActivity]: ViewPostIme pointer 0
10-17 12:55:20.301 24153 24153 I ViewRootImpl@6784265[MainActivity]: ViewPostIme pointer 1
10-17 12:55:20.624 24153 24153 I ViewRootImpl@6784265[MainActivity]: ViewPostIme pointer 0
10-17 12:55:20.862 24153 24153 I ViewRootImpl@6784265[MainActivity]: ViewPostIme pointer 1
10-17 12:55:21.343 24153 24153 I ViewRootImpl@6784265[MainActivity]: ViewPostIme pointer 0
10-17 12:55:21.545 24153 24153 I ViewRootImpl@6784265[MainActivity]: ViewPostIme pointer 1
10-17 12:55:21.861 24153 24164 I st.cloudstream3: Background concurrent copying GC freed 8253KB AllocSpace bytes, 130(15MB) LOS objects, 49% free, 16MB/32MB, paused 165us,113us total 169.358ms
10-17 12:55:21.876 24153 24176 D OpenGLRenderer: setSurface called with nullptr
10-17 12:55:24.732 24153 24153 I ViewRootImpl@6784265[MainActivity]: ViewPostIme pointer 0
10-17 12:55:24.930 24153 24153 I ViewRootImpl@6784265[MainActivity]: ViewPostIme pointer 1
10-17 12:55:26.206 24153 24153 I ViewRootImpl@6784265[MainActivity]: ViewPostIme pointer 0
10-17 12:55:26.247 24153 24153 I ViewRootImpl@6784265[MainActivity]: ViewPostIme pointer 1
10-17 12:55:26.447 24153 24153 I ViewRootImpl@6784265[MainActivity]: ViewPostIme pointer 0
10-17 12:55:26.504 24153 24153 I ViewRootImpl@6784265[MainActivity]: ViewPostIme pointer 1
10-17 12:55:26.517 24153 24153 I NavComponent: Navigating to fragment: 2131362274
10-17 12:55:26.528 24153 24153 I IMM_LC  : hsifw() - flag : 0
10-17 12:55:26.528 24153 24153 I IMM_LC  : hsifw() - mService.hideSoftInput
10-17 12:55:26.569 24153 24153 D ScrollView: initGoToTop
10-17 12:55:26.870 24153 24153 I SurfaceView@c9965c3: onWindowVisibilityChanged(0) true android.view.SurfaceView{c9965c3 V.E..V... ......I. 0,0-0,0} of ViewRootImpl@6784265[MainActivity]
10-17 12:55:26.870 24153 24153 D SurfaceView@c9965c3: updateSurface: has no frame
10-17 12:55:26.878 24153 24153 I CS3ExoPlayer: SET STYLE = SaveCaptionStyle(foregroundColor=-1, backgroundColor=0, windowColor=0, edgeType=1, edgeColor=-16777216, typeface=null, typefaceFilePath=null, elevation=20, fixedTextSize=null, edgeSize=null, removeCaptions=false, removeBloat=true, upperCase=false, bold=false, italic=false, backgroundRadius=null)
10-17 12:55:26.896 24153 24153 D VideoClickActionHolder: allVideoClickActions: [null:com.lagradost.cloudstream3.actions.temp.PlayInBrowserAction, null:com.lagradost.cloudstream3.actions.temp.CopyClipboardAction, null:com.lagradost.cloudstream3.actions.temp.ViewM3U8Action, null:com.lagradost.cloudstream3.actions.temp.VlcPackage, null:com.lagradost.cloudstream3.actions.temp.MpvPackage, null:com.lagradost.cloudstream3.actions.temp.NextPlayerPackage, null:com.lagradost.cloudstream3.actions.temp.JustPlayerPackage, null:com.lagradost.cloudstream3.actions.temp.fcast.FcastAction, null:com.lagradost.cloudstream3.actions.temp.LibreTorrentPackage, null:com.lagradost.cloudstream3.actions.temp.BiglyBTPackage, null:com.lagradost.cloudstream3.actions.temp.VlcNightlyPackage, null:com.lagradost.cloudstream3.actions.temp.WebVideoCastPackage, null:com.lagradost.cloudstream3.actions.temp.MpvYTDLPackage, null:com.lagradost.cloudstream3.actions.temp.MpvKtPackage, null:com.lagradost.cloudstream3.actions.temp.MpvKtPreviewPackage, null:com.lagradost.cloudstream3.actions.AlwaysAskAction]
10-17 12:55:26.897 24153 24153 I IMM_LC  : hsifw() - flag : 0
10-17 12:55:26.897 24153 24153 I IMM_LC  : hsifw() - mService.hideSoftInput
10-17 12:55:26.900 24153 24203 I SYNCVM  : addFromUrl = https://asiatv.one/drama/tempest-%d9%85%d8%b3%d9%84%d8%b3%d9%84-%d8%a7%d9%84%d8%b9%d8%a7%d8%b5%d9%81%d8%a9-%d8%aa%d9%82%d8%b1%d9%8a%d8%b1-%d8%ad%d9%84%d9%82%d8%a7%d8%aa-%d9%85%d8%aa%d8%b1%d8%ac%d9%85%d8%a9/
10-17 12:55:26.902 24153 24203 I SYNCUTIL: getIdsFromUrl https://asiatv.one/drama/tempest-%d9%85%d8%b3%d9%84%d8%b3%d9%84-%d8%a7%d9%84%d8%b9%d8%a7%d8%b5%d9%81%d8%a9-%d8%aa%d9%82%d8%b1%d9%8a%d8%b1-%d8%ad%d9%84%d9%82%d8%a7%d8%aa-%d9%85%d8%aa%d8%b1%d8%ac%d9%85%d8%a9/
10-17 12:55:26.920 24153 24153 I SurfaceView@c9965c3: onWindowVisibilityChanged(8) false android.view.SurfaceView{c9965c3 V.E..V... ......I. 0,0-0,0} of ViewRootImpl@6784265[MainActivity]
10-17 12:55:26.921 24153 24153 D SurfaceView@c9965c3: updateSurface: has no frame
10-17 12:55:26.921 24153 24153 D SurfaceView@c9965c3: updateSurface: has no frame
10-17 12:55:26.921 24153 24153 I SurfaceView@c9965c3: onDetachedFromWindow: tryReleaseSurfaces()
10-17 12:55:26.921 24153 24153 I SurfaceView@c9965c3: releaseSurfaces: viewRoot = ViewRootImpl@6784265[MainActivity]
10-17 12:55:26.921 24153 24153 I SurfaceView@c9965c3: applyTransactionOnVriDraw: vri = ViewRootImpl@6784265[MainActivity] fRS = true t = 0x7b23be1800 android.view.SurfaceView.releaseSurfaces:858 android.view.SurfaceView.onDetachedFromWindow:500 android.view.View.dispatchDetachedFromWindow:22538 
10-17 12:55:26.921 24153 24153 I SurfaceView@c9965c3: applyTransactionOnVriDraw: viewRoot.applyTransactionOnDrawFromReleaseSurfaces
10-17 12:55:26.921 24153 24153 I ViewRootImpl@6784265[MainActivity]: applyTransactionOnDraw: mRemoved = false isHardwareEnabled = true t = 0x7b23be1800android.view.ViewRootImpl.applyTransactionOnDrawFromReleaseSurfaces:12850 android.view.SurfaceView.applyTransactionOnVriDraw:2046 android.view.SurfaceView.releaseSurfaces:858 android.view.SurfaceView.onDetachedFromWindow:500 android.view.View.dispatchDetachedFromWindow:22538 
10-17 12:55:26.923 24153 24153 I SurfaceView@c9965c3: onWindowVisibilityChanged(0) true android.view.SurfaceView{c9965c3 V.E..V... ......I. 0,0-0,0} of ViewRootImpl@6784265[MainActivity]
10-17 12:55:26.923 24153 24153 D SurfaceView@c9965c3: updateSurface: has no frame
10-17 12:55:26.927 24153 24153 I DecorView: notifyKeepScreenOnChanged: keepScreenOn=false
10-17 12:55:26.940 24153 24153 I CS3ExoPlayer: reloadPlayer
10-17 12:55:26.940 24153 24153 I CS3ExoPlayer: releasePlayer
10-17 12:55:26.940 24153 24153 I CS3ExoPlayer: Handle event: PlayerAttachedEvent(player=null, source=Player)
10-17 12:55:26.946 24153 24153 I ViewRootImpl@6784265[MainActivity]: performTraversals params={(0,0)(fillxfill) sim={state=always_hidden adjust=resize} ty=BASE_APPLICATION wanim=0x1030309
10-17 12:55:26.946 24153 24153 I ViewRootImpl@6784265[MainActivity]:   fl=85810100
10-17 12:55:26.946 24153 24153 I ViewRootImpl@6784265[MainActivity]:   pfl=12020040
10-17 12:55:26.946 24153 24153 I ViewRootImpl@6784265[MainActivity]:   vsysui=500
10-17 12:55:26.946 24153 24153 I ViewRootImpl@6784265[MainActivity]:   bhv=DEFAULT
10-17 12:55:26.946 24153 24153 I ViewRootImpl@6784265[MainActivity]:   fitSides= naviIconColor=0}
10-17 12:55:26.946 24153 24153 I ViewRootImpl@6784265[MainActivity]: performTraversals mFirst=false windowShouldResize=false viewVisibilityChanged=false mForceNextWindowRelayout=false params={(0,0)(fillxfill) sim={state=always_hidden adjust=resize} ty=BASE_APPLICATION fmt=TRANSLUCENT wanim=0x1030309
10-17 12:55:26.946 24153 24153 I ViewRootImpl@6784265[MainActivity]:   fl=85810100
10-17 12:55:26.946 24153 24153 I ViewRootImpl@6784265[MainActivity]:   pfl=12020040
10-17 12:55:26.946 24153 24153 I ViewRootImpl@6784265[MainActivity]:   vsysui=500
10-17 12:55:26.946 24153 24153 I ViewRootImpl@6784265[MainActivity]:   bhv=DEFAULT
10-17 12:55:26.946 24153 24153 I ViewRootImpl@6784265[MainActivity]:   fitSides= naviIconColor=0}
10-17 12:55:26.953 24153 24153 I ViewRootImpl@6784265[MainActivity]: updateBlastSurfaceIfNeeded mBlastBufferQueue=0x7b5d928d00 isSameSurfaceControl=true
10-17 12:55:26.953 24153 24153 I BLASTBufferQueue: update, w= 1080 h= 2400 mName = ViewRootImpl@6784265[MainActivity] mNativeObject= 0x7b5d928d00 sc.mNativeObject= 0x7b1207de60 format= -3 caller= android.view.ViewRootImpl.updateBlastSurfaceIfNeeded:2898 android.view.ViewRootImpl.relayoutWindow:9847 android.view.ViewRootImpl.performTraversals:3884 android.view.ViewRootImpl.doTraversal:3116 android.view.ViewRootImpl$TraversalRunnable.run:10885 android.view.Choreographer$CallbackRecord.run:1301 
10-17 12:55:26.953 24153 24153 I ViewRootImpl@6784265[MainActivity]: Relayout returned: old=(0,0,1080,2400) new=(0,0,1080,2400) req=(1080,2400)0 dur=7 res=0x0 s={true 0x7b5d674800} ch=false seqId=0
10-17 12:55:26.955 24153 24153 W View    : requestLayout() improperly called by android.widget.FrameLayout{56053f0 I.E..V... ......I. 0,0-0,0 #7f0a04e7 app:id/start_panel} during layout: running second layout pass
10-17 12:55:26.955 24153 24153 W View    : requestLayout() improperly called by android.widget.FrameLayout{f370d69 I.E..V... ......ID 1080,0-1080,2143 #7f0a0168 app:id/end_panel} during layout: running second layout pass
10-17 12:55:26.956 24153 24153 D SurfaceView@c9965c3: updateSurface: has no frame
10-17 12:55:26.961 24153 24234 I ViewRootImpl@6784265[MainActivity]: mWNT: t=0x7b23be1800 mBlastBufferQueue=0x7b5d928d00 fn= 752 caller= android.view.ViewRootImpl.lambda$applyTransactionOnDraw$11$android-view-ViewRootImpl:12865 android.view.ViewRootImpl$$ExternalSyntheticLambda1.onFrameDraw:4 android.graphics.HardwareRenderer$FrameDrawingCallback.onFrameDraw:924 
10-17 12:55:26.963 24153 24153 D SurfaceView@c9965c3: updateSurface: has no frame
10-17 12:55:26.986 24153 24153 D SurfaceView@c9965c3: updateSurface: has no frame
10-17 12:55:27.009 24153 24153 D SurfaceView@c9965c3: updateSurface: has no frame
10-17 12:55:27.025 24153 24153 D SurfaceView@c9965c3: updateSurface: has no frame
10-17 12:55:27.037 24153 24153 D SurfaceView@c9965c3: updateSurface: has no frame
10-17 12:55:27.050 24153 24153 D SurfaceView@c9965c3: updateSurface: has no frame
10-17 12:55:27.063 24153 24153 D SurfaceView@c9965c3: updateSurface: has no frame
10-17 12:55:27.071 24153 24211 I RVM2    : applyMeta
10-17 12:55:27.080 24153 24153 D SurfaceView@c9965c3: updateSurface: has no frame
10-17 12:55:27.100 24153 24153 D SurfaceView@c9965c3: updateSurface: has no frame
10-17 12:55:27.114 24153 24153 D SurfaceView@c9965c3: updateSurface: has no frame
10-17 12:55:27.130 24153 24153 D SurfaceView@c9965c3: updateSurface: has no frame
10-17 12:55:27.147 24153 24153 D SurfaceView@c9965c3: updateSurface: has no frame
10-17 12:55:27.164 24153 24153 D SurfaceView@c9965c3: updateSurface: has no frame
10-17 12:55:27.180 24153 24153 D SurfaceView@c9965c3: updateSurface: has no frame
10-17 12:55:27.197 24153 24153 D SurfaceView@c9965c3: updateSurface: has no frame
10-17 12:55:27.214 24153 24153 D SurfaceView@c9965c3: updateSurface: has no frame
10-17 12:55:27.230 24153 24153 D SurfaceView@c9965c3: updateSurface: has no frame
10-17 12:55:27.247 24153 24153 D SurfaceView@c9965c3: updateSurface: has no frame
10-17 12:55:27.263 24153 24153 D SurfaceView@c9965c3: updateSurface: has no frame
10-17 12:55:27.280 24153 24153 D SurfaceView@c9965c3: updateSurface: has no frame
10-17 12:55:27.297 24153 24153 D SurfaceView@c9965c3: updateSurface: has no frame
10-17 12:55:27.313 24153 24153 D SurfaceView@c9965c3: updateSurface: has no frame
10-17 12:55:27.330 24153 24153 D SurfaceView@c9965c3: updateSurface: has no frame
10-17 12:55:27.347 24153 24153 D SurfaceView@c9965c3: updateSurface: has no frame
10-17 12:55:27.354 24153 24153 W PanelsChildGestureRegionObserver: failed to register view with ID 2131362800. already registered
10-17 12:55:27.357 24153 24153 E CoilImgLoader: Error loading image: coil3.request.NullRequestDataException: The request's data is null.
10-17 12:55:27.361 24153 24153 E CoilImgLoader: Error loading image: coil3.request.NullRequestDataException: The request's data is null.
10-17 12:55:27.402 24153 24203 I SYNCVM  : addFromUrl = https://asiatv.one/drama/tempest-%d9%85%d8%b3%d9%84%d8%b3%d9%84-%d8%a7%d9%84%d8%b9%d8%a7%d8%b5%d9%81%d8%a9-%d8%aa%d9%82%d8%b1%d9%8a%d8%b1-%d8%ad%d9%84%d9%82%d8%a7%d8%aa-%d9%85%d8%aa%d8%b1%d8%ac%d9%85%d8%a9/
10-17 12:55:27.402 24153 24203 I SYNCUTIL: getIdsFromUrl https://asiatv.one/drama/tempest-%d9%85%d8%b3%d9%84%d8%b3%d9%84-%d8%a7%d9%84%d8%b9%d8%a7%d8%b5%d9%81%d8%a9-%d8%aa%d9%82%d8%b1%d9%8a%d8%b1-%d8%ad%d9%84%d9%82%d8%a7%d8%aa-%d9%85%d8%aa%d8%b1%d8%ac%d9%85%d8%a9/
10-17 12:55:27.533 24153 24153 D SurfaceView@c9965c3: updateSurface: has no frame
10-17 12:55:27.536 24153 24153 I SurfaceView@c9965c3: Changes: creating=true format=true size=true visible=true alpha=false hint=false mUseAlpha=false visible=true left=true top=true
10-17 12:55:27.539 24153 24153 I BLASTBufferQueue: update, w= 1080 h= 525 mName = null mNativeObject= 0x7b367eef00 sc.mNativeObject= 0x7ae53c9fe0 format= 4 caller= android.view.SurfaceView.createBlastSurfaceControls:1383 android.view.SurfaceView.updateSurface:1079 android.view.SurfaceView.lambda$new$0$android-view-SurfaceView:200 android.view.SurfaceView$$ExternalSyntheticLambda5.onPreDraw:2 android.view.ViewTreeObserver.dispatchOnPreDraw:1121 android.view.ViewRootImpl.performTraversals:4442 
10-17 12:55:27.539 24153 24153 I SurfaceView@c9965c3: 211379651 Cur surface: Surface(name=null)/@0xe5660c2
10-17 12:55:27.539 24153 24153 I SurfaceView@c9965c3: pST: sr = Rect(0, 218 - 1080, 743) sw = 1080 sh = 525
10-17 12:55:27.539 24153 24153 D SurfaceView@c9965c3: performSurfaceTransaction RenderWorker position = [0, 218, 1080, 743] surfaceSize = 1080x525
10-17 12:55:27.540 24153 24153 I SurfaceView@c9965c3: applyTransactionOnVriDraw: vri = ViewRootImpl@6784265[MainActivity] fRS = false t = 0x7b3668d800 android.view.SurfaceView.performSurfaceTransaction:959 android.view.SurfaceView.updateSurface:1105 android.view.SurfaceView.lambda$new$0$android-view-SurfaceView:200 
10-17 12:55:27.540 24153 24153 I ViewRootImpl@6784265[MainActivity]: applyTransactionOnDraw: mRemoved = false isHardwareEnabled = true t = 0x7b3668d800android.view.SurfaceView.applyTransactionOnVriDraw:2048 android.view.SurfaceView.performSurfaceTransaction:959 android.view.SurfaceView.updateSurface:1105 android.view.SurfaceView.lambda$new$0$android-view-SurfaceView:200 android.view.SurfaceView$$ExternalSyntheticLambda5.onPreDraw:2 
10-17 12:55:27.540 24153 24153 I SurfaceView@c9965c3: updateSurface: mVisible = true mSurface.isValid() = true
10-17 12:55:27.540 24153 24153 I SurfaceView@c9965c3: updateSurface: mSurfaceCreated = false surfaceChanged = true visibleChanged = true
10-17 12:55:27.540 24153 24153 I SurfaceView@c9965c3: visibleChanged -- surfaceCreated
10-17 12:55:27.540 24153 24153 I SurfaceView@c9965c3: surfaceCreated 0 #8 android.view.SurfaceView{c9965c3 V.E..V... ......ID 0,0-1080,525}
10-17 12:55:27.540 24153 24153 I SurfaceView@c9965c3: surfaceChanged -- format=4 w=1080 h=525
10-17 12:55:27.540 24153 24153 I SurfaceView@c9965c3: surfaceChanged (1080,525) 0 #8 android.view.SurfaceView{c9965c3 V.E..V... ......ID 0,0-1080,525}
10-17 12:55:27.540 24153 24153 I SurfaceView@c9965c3: surfaceRedrawNeeded
10-17 12:55:27.541 24153 24153 V SurfaceView@c9965c3: Layout: x=0 y=218 w=1080 h=525, frame=Rect(0, 0 - 1080, 525)
10-17 12:55:27.563 24153 24235 D SurfaceView@c9965c3: updateSurfacePosition RenderWorker, frameNr = 776, position = [0, 218, 1080, 743] surfaceSize = 1080x525
10-17 12:55:27.563 24153 24235 I SurfaceView@c9965c3: uSP: rtp = Rect(0, 218 - 1080, 743) rtsw = 1080 rtsh = 525
10-17 12:55:27.563 24153 24235 I SurfaceView@c9965c3: onSSPAndSRT: pl = 0 pt = 218 sx = 1.0 sy = 1.0
10-17 12:55:27.563 24153 24235 I SurfaceView@c9965c3: aOrMT: ViewRootImpl@6784265[MainActivity] t = android.view.SurfaceControl$Transaction@d81d041 fN = 776 android.view.SurfaceView.-$$Nest$mapplyOrMergeTransaction:0 android.view.SurfaceView$SurfaceViewPositionUpdateListener.positionChanged:1537 android.graphics.RenderNode$CompositePositionUpdateListener.positionChanged:373 
10-17 12:55:27.564 24153 24235 I ViewRootImpl@6784265[MainActivity]: mWNT: t=0x7b3668d900 mBlastBufferQueue=0x7b5d928d00 fn= 776 caller= android.view.SurfaceView.applyOrMergeTransaction:1455 android.view.SurfaceView.-$$Nest$mapplyOrMergeTransaction:0 android.view.SurfaceView$SurfaceViewPositionUpdateListener.positionChanged:1537 
10-17 12:55:27.564 24153 24235 I ViewRootImpl@6784265[MainActivity]: mWNT: t=0x7b3668d800 mBlastBufferQueue=0x7b5d928d00 fn= 776 caller= android.view.ViewRootImpl.lambda$applyTransactionOnDraw$11$android-view-ViewRootImpl:12865 android.view.ViewRootImpl$$ExternalSyntheticLambda1.onFrameDraw:4 android.graphics.HardwareRenderer$FrameDrawingCallback.onFrameDraw:924 
10-17 12:55:27.609 24153 24153 I SurfaceView@c9965c3: finishedDrawing
10-17 12:55:27.744 24153 24164 I st.cloudstream3: Background concurrent copying GC freed 9097KB AllocSpace bytes, 24(2152KB) LOS objects, 49% free, 21MB/43MB, paused 216us,63us total 175.912ms
10-17 12:55:28.360 24153 24153 I ViewRootImpl@6784265[MainActivity]: ViewPostIme pointer 0
10-17 12:55:28.406 24153 24153 I SurfaceView@c9965c3: Changes: creating=false format=false size=false visible=false alpha=false hint=false mUseAlpha=false visible=false left=false top=true
10-17 12:55:28.406 24153 24153 I SurfaceView@c9965c3: 211379651 Cur surface: Surface(name=null)/@0xe5660c2
10-17 12:55:28.407 24153 24153 I SurfaceView@c9965c3: applyTransactionOnVriDraw: vri = ViewRootImpl@6784265[MainActivity] fRS = false t = 0x7b3668dd00 android.view.SurfaceView.performSurfaceTransaction:959 android.view.SurfaceView.updateSurface:1105 android.view.SurfaceView.lambda$new$0$android-view-SurfaceView:200 
10-17 12:55:28.407 24153 24153 I ViewRootImpl@6784265[MainActivity]: applyTransactionOnDraw: mRemoved = false isHardwareEnabled = true t = 0x7b3668dd00android.view.SurfaceView.applyTransactionOnVriDraw:2048 android.view.SurfaceView.performSurfaceTransaction:959 android.view.SurfaceView.updateSurface:1105 android.view.SurfaceView.lambda$new$0$android-view-SurfaceView:200 android.view.SurfaceView$$ExternalSyntheticLambda5.onPreDraw:2 
10-17 12:55:28.407 24153 24153 I SurfaceView@c9965c3: updateSurface: mVisible = true mSurface.isValid() = true
10-17 12:55:28.407 24153 24153 I SurfaceView@c9965c3: updateSurface: mSurfaceCreated = true surfaceChanged = false visibleChanged = false
10-17 12:55:28.407 24153 24153 V SurfaceView@c9965c3: Layout: x=0 y=175 w=1080 h=525, frame=Rect(0, 0 - 1080, 525)
10-17 12:55:28.418 24153 24234 D SurfaceView@c9965c3: updateSurfacePosition RenderWorker, frameNr = 806, position = [0, 175, 1080, 700] surfaceSize = 1080x525
10-17 12:55:28.420 24153 24234 I SurfaceView@c9965c3: uSP: rtp = Rect(0, 175 - 1080, 700) rtsw = 1080 rtsh = 525
10-17 12:55:28.420 24153 24234 I SurfaceView@c9965c3: onSSPAndSRT: pl = 0 pt = 175 sx = 1.0 sy = 1.0
10-17 12:55:28.420 24153 24234 I SurfaceView@c9965c3: aOrMT: ViewRootImpl@6784265[MainActivity] t = android.view.SurfaceControl$Transaction@d81d041 fN = 806 android.view.SurfaceView.-$$Nest$mapplyOrMergeTransaction:0 android.view.SurfaceView$SurfaceViewPositionUpdateListener.positionChanged:1537 android.graphics.RenderNode$CompositePositionUpdateListener.positionChanged:373 
10-17 12:55:28.421 24153 24234 I ViewRootImpl@6784265[MainActivity]: mWNT: t=0x7b3668d900 mBlastBufferQueue=0x7b5d928d00 fn= 806 caller= android.view.SurfaceView.applyOrMergeTransaction:1455 android.view.SurfaceView.-$$Nest$mapplyOrMergeTransaction:0 android.view.SurfaceView$SurfaceViewPositionUpdateListener.positionChanged:1537 
10-17 12:55:28.421 24153 24234 I ViewRootImpl@6784265[MainActivity]: mWNT: t=0x7b3668dd00 mBlastBufferQueue=0x7b5d928d00 fn= 806 caller= android.view.ViewRootImpl.lambda$applyTransactionOnDraw$11$android-view-ViewRootImpl:12865 android.view.ViewRootImpl$$ExternalSyntheticLambda1.onFrameDraw:4 android.graphics.HardwareRenderer$FrameDrawingCallback.onFrameDraw:924 
10-17 12:55:28.423 24153 24153 I SurfaceView@c9965c3: Changes: creating=false format=false size=false visible=false alpha=false hint=false mUseAlpha=false visible=false left=false top=true
10-17 12:55:28.423 24153 24153 I SurfaceView@c9965c3: 211379651 Cur surface: Surface(name=null)/@0xe5660c2
10-17 12:55:28.424 24153 24153 I SurfaceView@c9965c3: applyTransactionOnVriDraw: vri = ViewRootImpl@6784265[MainActivity] fRS = false t = 0x7bed69b000 android.view.SurfaceView.performSurfaceTransaction:959 android.view.SurfaceView.updateSurface:1105 android.view.SurfaceView.lambda$new$0$android-view-SurfaceView:200 
10-17 12:55:28.424 24153 24153 I ViewRootImpl@6784265[MainActivity]: applyTransactionOnDraw: mRemoved = false isHardwareEnabled = true t = 0x7bed69b000android.view.SurfaceView.applyTransactionOnVriDraw:2048 android.view.SurfaceView.performSurfaceTransaction:959 android.view.SurfaceView.updateSurface:1105 android.view.SurfaceView.lambda$new$0$android-view-SurfaceView:200 android.view.SurfaceView$$ExternalSyntheticLambda5.onPreDraw:2 
10-17 12:55:28.424 24153 24153 I SurfaceView@c9965c3: updateSurface: mVisible = true mSurface.isValid() = true
10-17 12:55:28.424 24153 24153 I SurfaceView@c9965c3: updateSurface: mSurfaceCreated = true surfaceChanged = false visibleChanged = false
10-17 12:55:28.424 24153 24153 V SurfaceView@c9965c3: Layout: x=0 y=105 w=1080 h=525, frame=Rect(0, 0 - 1080, 525)
10-17 12:55:28.437 24153 24235 D SurfaceView@c9965c3: updateSurfacePosition RenderWorker, frameNr = 807, position = [0, 105, 1080, 630] surfaceSize = 1080x525
10-17 12:55:28.437 24153 24235 I SurfaceView@c9965c3: uSP: rtp = Rect(0, 105 - 1080, 630) rtsw = 1080 rtsh = 525
10-17 12:55:28.437 24153 24235 I SurfaceView@c9965c3: onSSPAndSRT: pl = 0 pt = 105 sx = 1.0 sy = 1.0
10-17 12:55:28.438 24153 24235 I SurfaceView@c9965c3: aOrMT: ViewRootImpl@6784265[MainActivity] t = android.view.SurfaceControl$Transaction@d81d041 fN = 807 android.view.SurfaceView.-$$Nest$mapplyOrMergeTransaction:0 android.view.SurfaceView$SurfaceViewPositionUpdateListener.positionChanged:1537 android.graphics.RenderNode$CompositePositionUpdateListener.positionChanged:373 
10-17 12:55:28.438 24153 24235 I ViewRootImpl@6784265[MainActivity]: mWNT: t=0x7b3668d900 mBlastBufferQueue=0x7b5d928d00 fn= 807 caller= android.view.SurfaceView.applyOrMergeTransaction:1455 android.view.SurfaceView.-$$Nest$mapplyOrMergeTransaction:0 android.view.SurfaceView$SurfaceViewPositionUpdateListener.positionChanged:1537 
10-17 12:55:28.438 24153 24235 I ViewRootImpl@6784265[MainActivity]: mWNT: t=0x7bed69b000 mBlastBufferQueue=0x7b5d928d00 fn= 807 caller= android.view.ViewRootImpl.lambda$applyTransactionOnDraw$11$android-view-ViewRootImpl:12865 android.view.ViewRootImpl$$ExternalSyntheticLambda1.onFrameDraw:4 android.graphics.HardwareRenderer$FrameDrawingCallback.onFrameDraw:924 
10-17 12:55:28.441 24153 24153 I SurfaceView@c9965c3: Changes: creating=false format=false size=false visible=false alpha=false hint=false mUseAlpha=false visible=false left=false top=true
10-17 12:55:28.441 24153 24153 I SurfaceView@c9965c3: 211379651 Cur surface: Surface(name=null)/@0xe5660c2
10-17 12:55:28.442 24153 24153 I SurfaceView@c9965c3: applyTransactionOnVriDraw: vri = ViewRootImpl@6784265[MainActivity] fRS = false t = 0x7bed69b100 android.view.SurfaceView.performSurfaceTransaction:959 android.view.SurfaceView.updateSurface:1105 android.view.SurfaceView.lambda$new$0$android-view-SurfaceView:200 
10-17 12:55:28.442 24153 24153 I ViewRootImpl@6784265[MainActivity]: applyTransactionOnDraw: mRemoved = false isHardwareEnabled = true t = 0x7bed69b100android.view.SurfaceView.applyTransactionOnVriDraw:2048 android.view.SurfaceView.performSurfaceTransaction:959 android.view.SurfaceView.updateSurface:1105 android.view.SurfaceView.lambda$new$0$android-view-SurfaceView:200 android.view.SurfaceView$$ExternalSyntheticLambda5.onPreDraw:2 
10-17 12:55:28.442 24153 24153 I SurfaceView@c9965c3: updateSurface: mVisible = true mSurface.isValid() = true
10-17 12:55:28.442 24153 24153 I SurfaceView@c9965c3: updateSurface: mSurfaceCreated = true surfaceChanged = false visibleChanged = false
10-17 12:55:28.442 24153 24153 V SurfaceView@c9965c3: Layout: x=0 y=20 w=1080 h=525, frame=Rect(0, 0 - 1080, 525)
10-17 12:55:28.448 24153 24234 D SurfaceView@c9965c3: updateSurfacePosition RenderWorker, frameNr = 808, position = [0, 20, 1080, 545] surfaceSize = 1080x525
10-17 12:55:28.448 24153 24234 I SurfaceView@c9965c3: uSP: rtp = Rect(0, 20 - 1080, 545) rtsw = 1080 rtsh = 525
10-17 12:55:28.448 24153 24234 I SurfaceView@c9965c3: onSSPAndSRT: pl = 0 pt = 20 sx = 1.0 sy = 1.0
10-17 12:55:28.448 24153 24234 I SurfaceView@c9965c3: aOrMT: ViewRootImpl@6784265[MainActivity] t = android.view.SurfaceControl$Transaction@d81d041 fN = 808 android.view.SurfaceView.-$$Nest$mapplyOrMergeTransaction:0 android.view.SurfaceView$SurfaceViewPositionUpdateListener.positionChanged:1537 android.graphics.RenderNode$CompositePositionUpdateListener.positionChanged:373 
10-17 12:55:28.449 24153 24234 I ViewRootImpl@6784265[MainActivity]: mWNT: t=0x7b3668d900 mBlastBufferQueue=0x7b5d928d00 fn= 808 caller= android.view.SurfaceView.applyOrMergeTransaction:1455 android.view.SurfaceView.-$$Nest$mapplyOrMergeTransaction:0 android.view.SurfaceView$SurfaceViewPositionUpdateListener.positionChanged:1537 
10-17 12:55:28.449 24153 24234 I ViewRootImpl@6784265[MainActivity]: mWNT: t=0x7bed69b100 mBlastBufferQueue=0x7b5d928d00 fn= 808 caller= android.view.ViewRootImpl.lambda$applyTransactionOnDraw$11$android-view-ViewRootImpl:12865 android.view.ViewRootImpl$$ExternalSyntheticLambda1.onFrameDraw:4 android.graphics.HardwareRenderer$FrameDrawingCallback.onFrameDraw:924 
10-17 12:55:28.451 24153 24153 I SurfaceView@c9965c3: Changes: creating=false format=false size=false visible=false alpha=false hint=false mUseAlpha=false visible=false left=false top=true
10-17 12:55:28.451 24153 24153 I SurfaceView@c9965c3: 211379651 Cur surface: Surface(name=null)/@0xe5660c2
10-17 12:55:28.451 24153 24153 I SurfaceView@c9965c3: applyTransactionOnVriDraw: vri = ViewRootImpl@6784265[MainActivity] fRS = false t = 0x7bed69b200 android.view.SurfaceView.performSurfaceTransaction:959 android.view.SurfaceView.updateSurface:1105 android.view.SurfaceView.lambda$new$0$android-view-SurfaceView:200 
10-17 12:55:28.451 24153 24153 I ViewRootImpl@6784265[MainActivity]: applyTransactionOnDraw: mRemoved = false isHardwareEnabled = true t = 0x7bed69b200android.view.SurfaceView.applyTransactionOnVriDraw:2048 android.view.SurfaceView.performSurfaceTransaction:959 android.view.SurfaceView.updateSurface:1105 android.view.SurfaceView.lambda$new$0$android-view-SurfaceView:200 android.view.SurfaceView$$ExternalSyntheticLambda5.onPreDraw:2 
10-17 12:55:28.452 24153 24153 I SurfaceView@c9965c3: updateSurface: mVisible = true mSurface.isValid() = true
10-17 12:55:28.452 24153 24153 I SurfaceView@c9965c3: updateSurface: mSurfaceCreated = true surfaceChanged = false visibleChanged = false
10-17 12:55:28.452 24153 24153 V SurfaceView@c9965c3: Layout: x=0 y=-74 w=1080 h=525, frame=Rect(0, 0 - 1080, 525)
10-17 12:55:28.459 24153 24235 D SurfaceView@c9965c3: updateSurfacePosition RenderWorker, frameNr = 809, position = [0, -74, 1080, 451] surfaceSize = 1080x525
10-17 12:55:28.459 24153 24235 I SurfaceView@c9965c3: uSP: rtp = Rect(0, -74 - 1080, 451) rtsw = 1080 rtsh = 525
10-17 12:55:28.459 24153 24235 I SurfaceView@c9965c3: onSSPAndSRT: pl = 0 pt = -74 sx = 1.0 sy = 1.0
10-17 12:55:28.459 24153 24235 I SurfaceView@c9965c3: aOrMT: ViewRootImpl@6784265[MainActivity] t = android.view.SurfaceControl$Transaction@d81d041 fN = 809 android.view.SurfaceView.-$$Nest$mapplyOrMergeTransaction:0 android.view.SurfaceView$SurfaceViewPositionUpdateListener.positionChanged:1537 android.graphics.RenderNode$CompositePositionUpdateListener.positionChanged:373 
10-17 12:55:28.459 24153 24235 I ViewRootImpl@6784265[MainActivity]: mWNT: t=0x7b3668d900 mBlastBufferQueue=0x7b5d928d00 fn= 809 caller= android.view.SurfaceView.applyOrMergeTransaction:1455 android.view.SurfaceView.-$$Nest$mapplyOrMergeTransaction:0 android.view.SurfaceView$SurfaceViewPositionUpdateListener.positionChanged:1537 
10-17 12:55:28.460 24153 24235 I ViewRootImpl@6784265[MainActivity]: mWNT: t=0x7bed69b200 mBlastBufferQueue=0x7b5d928d00 fn= 809 caller= android.view.ViewRootImpl.lambda$applyTransactionOnDraw$11$android-view-ViewRootImpl:12865 android.view.ViewRootImpl$$ExternalSyntheticLambda1.onFrameDraw:4 android.graphics.HardwareRenderer$FrameDrawingCallback.onFrameDraw:924 
10-17 12:55:28.466 24153 24153 I SurfaceView@c9965c3: Changes: creating=false format=false size=false visible=false alpha=false hint=false mUseAlpha=false visible=false left=false top=true
10-17 12:55:28.466 24153 24153 I SurfaceView@c9965c3: 211379651 Cur surface: Surface(name=null)/@0xe5660c2
10-17 12:55:28.466 24153 24153 I SurfaceView@c9965c3: applyTransactionOnVriDraw: vri = ViewRootImpl@6784265[MainActivity] fRS = false t = 0x7bed69b400 android.view.SurfaceView.performSurfaceTransaction:959 android.view.SurfaceView.updateSurface:1105 android.view.SurfaceView.lambda$new$0$android-view-SurfaceView:200 
10-17 12:55:28.466 24153 24153 I ViewRootImpl@6784265[MainActivity]: applyTransactionOnDraw: mRemoved = false isHardwareEnabled = true t = 0x7bed69b400android.view.SurfaceView.applyTransactionOnVriDraw:2048 android.view.SurfaceView.performSurfaceTransaction:959 android.view.SurfaceView.updateSurface:1105 android.view.SurfaceView.lambda$new$0$android-view-SurfaceView:200 android.view.SurfaceView$$ExternalSyntheticLambda5.onPreDraw:2 
10-17 12:55:28.467 24153 24153 I SurfaceView@c9965c3: updateSurface: mVisible = true mSurface.isValid() = true
10-17 12:55:28.467 24153 24153 I SurfaceView@c9965c3: updateSurface: mSurfaceCreated = true surfaceChanged = false visibleChanged = false
10-17 12:55:28.467 24153 24153 V SurfaceView@c9965c3: Layout: x=0 y=-164 w=1080 h=525, frame=Rect(0, 0 - 1080, 525)
10-17 12:55:28.475 24153 24234 D SurfaceView@c9965c3: updateSurfacePosition RenderWorker, frameNr = 810, position = [0, -164, 1080, 361] surfaceSize = 1080x525
10-17 12:55:28.475 24153 24234 I SurfaceView@c9965c3: uSP: rtp = Rect(0, -164 - 1080, 361) rtsw = 1080 rtsh = 525
10-17 12:55:28.476 24153 24234 I SurfaceView@c9965c3: onSSPAndSRT: pl = 0 pt = -164 sx = 1.0 sy = 1.0
10-17 12:55:28.476 24153 24234 I SurfaceView@c9965c3: aOrMT: ViewRootImpl@6784265[MainActivity] t = android.view.SurfaceControl$Transaction@d81d041 fN = 810 android.view.SurfaceView.-$$Nest$mapplyOrMergeTransaction:0 android.view.SurfaceView$SurfaceViewPositionUpdateListener.positionChanged:1537 android.graphics.RenderNode$CompositePositionUpdateListener.positionChanged:373 
10-17 12:55:28.476 24153 24234 I ViewRootImpl@6784265[MainActivity]: mWNT: t=0x7b3668d900 mBlastBufferQueue=0x7b5d928d00 fn= 810 caller= android.view.SurfaceView.applyOrMergeTransaction:1455 android.view.SurfaceView.-$$Nest$mapplyOrMergeTransaction:0 android.view.SurfaceView$SurfaceViewPositionUpdateListener.positionChanged:1537 
10-17 12:55:28.476 24153 24234 I ViewRootImpl@6784265[MainActivity]: mWNT: t=0x7bed69b400 mBlastBufferQueue=0x7b5d928d00 fn= 810 caller= android.view.ViewRootImpl.lambda$applyTransactionOnDraw$11$android-view-ViewRootImpl:12865 android.view.ViewRootImpl$$ExternalSyntheticLambda1.onFrameDraw:4 android.graphics.HardwareRenderer$FrameDrawingCallback.onFrameDraw:924 
10-17 12:55:28.482 24153 24153 I SurfaceView@c9965c3: Changes: creating=false format=false size=false visible=false alpha=false hint=false mUseAlpha=false visible=false left=false top=true
10-17 12:55:28.482 24153 24153 I SurfaceView@c9965c3: 211379651 Cur surface: Surface(name=null)/@0xe5660c2
10-17 12:55:28.483 24153 24153 I SurfaceView@c9965c3: applyTransactionOnVriDraw: vri = ViewRootImpl@6784265[MainActivity] fRS = false t = 0x7bed69b600 android.view.SurfaceView.performSurfaceTransaction:959 android.view.SurfaceView.updateSurface:1105 android.view.SurfaceView.lambda$new$0$android-view-SurfaceView:200 
10-17 12:55:28.483 24153 24153 I ViewRootImpl@6784265[MainActivity]: applyTransactionOnDraw: mRemoved = false isHardwareEnabled = true t = 0x7bed69b600android.view.SurfaceView.applyTransactionOnVriDraw:2048 android.view.SurfaceView.performSurfaceTransaction:959 android.view.SurfaceView.updateSurface:1105 android.view.SurfaceView.lambda$new$0$android-view-SurfaceView:200 android.view.SurfaceView$$ExternalSyntheticLambda5.onPreDraw:2 
10-17 12:55:28.483 24153 24153 I SurfaceView@c9965c3: updateSurface: mVisible = true mSurface.isValid() = true
10-17 12:55:28.483 24153 24153 I SurfaceView@c9965c3: updateSurface: mSurfaceCreated = true surfaceChanged = false visibleChanged = false
10-17 12:55:28.483 24153 24153 V SurfaceView@c9965c3: Layout: x=0 y=-239 w=1080 h=525, frame=Rect(0, 0 - 1080, 525)
10-17 12:55:28.492 24153 24235 D SurfaceView@c9965c3: updateSurfacePosition RenderWorker, frameNr = 811, position = [0, -239, 1080, 286] surfaceSize = 1080x525
10-17 12:55:28.492 24153 24235 I SurfaceView@c9965c3: uSP: rtp = Rect(0, -239 - 1080, 286) rtsw = 1080 rtsh = 525
10-17 12:55:28.493 24153 24235 I SurfaceView@c9965c3: onSSPAndSRT: pl = 0 pt = -239 sx = 1.0 sy = 1.0
10-17 12:55:28.493 24153 24235 I SurfaceView@c9965c3: aOrMT: ViewRootImpl@6784265[MainActivity] t = android.view.SurfaceControl$Transaction@d81d041 fN = 811 android.view.SurfaceView.-$$Nest$mapplyOrMergeTransaction:0 android.view.SurfaceView$SurfaceViewPositionUpdateListener.positionChanged:1537 android.graphics.RenderNode$CompositePositionUpdateListener.positionChanged:373 
10-17 12:55:28.493 24153 24235 I ViewRootImpl@6784265[MainActivity]: mWNT: t=0x7b3668d900 mBlastBufferQueue=0x7b5d928d00 fn= 811 caller= android.view.SurfaceView.applyOrMergeTransaction:1455 android.view.SurfaceView.-$$Nest$mapplyOrMergeTransaction:0 android.view.SurfaceView$SurfaceViewPositionUpdateListener.positionChanged:1537 
10-17 12:55:28.494 24153 24235 I ViewRootImpl@6784265[MainActivity]: mWNT: t=0x7bed69b600 mBlastBufferQueue=0x7b5d928d00 fn= 811 caller= android.view.ViewRootImpl.lambda$applyTransactionOnDraw$11$android-view-ViewRootImpl:12865 android.view.ViewRootImpl$$ExternalSyntheticLambda1.onFrameDraw:4 android.graphics.HardwareRenderer$FrameDrawingCallback.onFrameDraw:924 
10-17 12:55:28.499 24153 24153 I SurfaceView@c9965c3: Changes: creating=false format=false size=false visible=false alpha=false hint=false mUseAlpha=false visible=false left=false top=true
10-17 12:55:28.499 24153 24153 I SurfaceView@c9965c3: 211379651 Cur surface: Surface(name=null)/@0xe5660c2
10-17 12:55:28.500 24153 24153 I SurfaceView@c9965c3: applyTransactionOnVriDraw: vri = ViewRootImpl@6784265[MainActivity] fRS = false t = 0x7bed69b800 android.view.SurfaceView.performSurfaceTransaction:959 android.view.SurfaceView.updateSurface:1105 android.view.SurfaceView.lambda$new$0$android-view-SurfaceView:200 
