10-17 12:55:28.500 24153 24153 I ViewRootImpl@6784265[MainActivity]: applyTransactionOnDraw: mRemoved = false isHardwareEnabled = true t = 0x7bed69b800android.view.SurfaceView.applyTransactionOnVriDraw:2048 android.view.SurfaceView.performSurfaceTransaction:959 android.view.SurfaceView.updateSurface:1105 android.view.SurfaceView.lambda$new$0$android-view-SurfaceView:200 android.view.SurfaceView$$ExternalSyntheticLambda5.onPreDraw:2 
10-17 12:55:28.500 24153 24153 I SurfaceView@c9965c3: updateSurface: mVisible = true mSurface.isValid() = true
10-17 12:55:28.500 24153 24153 I SurfaceView@c9965c3: updateSurface: mSurfaceCreated = true surfaceChanged = false visibleChanged = false
10-17 12:55:28.500 24153 24153 V SurfaceView@c9965c3: Layout: x=0 y=-298 w=1080 h=525, frame=Rect(0, 0 - 1080, 525)
10-17 12:55:28.508 24153 24234 D SurfaceView@c9965c3: updateSurfacePosition RenderWorker, frameNr = 812, position = [0, -298, 1080, 227] surfaceSize = 1080x525
10-17 12:55:28.508 24153 24234 I SurfaceView@c9965c3: uSP: rtp = Rect(0, -298 - 1080, 227) rtsw = 1080 rtsh = 525
10-17 12:55:28.508 24153 24234 I SurfaceView@c9965c3: onSSPAndSRT: pl = 0 pt = -298 sx = 1.0 sy = 1.0
10-17 12:55:28.509 24153 24234 I SurfaceView@c9965c3: aOrMT: ViewRootImpl@6784265[MainActivity] t = android.view.SurfaceControl$Transaction@d81d041 fN = 812 android.view.SurfaceView.-$$Nest$mapplyOrMergeTransaction:0 android.view.SurfaceView$SurfaceViewPositionUpdateListener.positionChanged:1537 android.graphics.RenderNode$CompositePositionUpdateListener.positionChanged:373 
10-17 12:55:28.509 24153 24234 I ViewRootImpl@6784265[MainActivity]: mWNT: t=0x7b3668d900 mBlastBufferQueue=0x7b5d928d00 fn= 812 caller= android.view.SurfaceView.applyOrMergeTransaction:1455 android.view.SurfaceView.-$$Nest$mapplyOrMergeTransaction:0 android.view.SurfaceView$SurfaceViewPositionUpdateListener.positionChanged:1537 
10-17 12:55:28.509 24153 24234 I ViewRootImpl@6784265[MainActivity]: mWNT: t=0x7bed69b800 mBlastBufferQueue=0x7b5d928d00 fn= 812 caller= android.view.ViewRootImpl.lambda$applyTransactionOnDraw$11$android-view-ViewRootImpl:12865 android.view.ViewRootImpl$$ExternalSyntheticLambda1.onFrameDraw:4 android.graphics.HardwareRenderer$FrameDrawingCallback.onFrameDraw:924 
10-17 12:55:28.515 24153 24153 I SurfaceView@c9965c3: Changes: creating=false format=false size=false visible=false alpha=false hint=false mUseAlpha=false visible=false left=false top=true
10-17 12:55:28.515 24153 24153 I SurfaceView@c9965c3: 211379651 Cur surface: Surface(name=null)/@0xe5660c2
10-17 12:55:28.515 24153 24153 I SurfaceView@c9965c3: applyTransactionOnVriDraw: vri = ViewRootImpl@6784265[MainActivity] fRS = false t = 0x7bed69ba00 android.view.SurfaceView.performSurfaceTransaction:959 android.view.SurfaceView.updateSurface:1105 android.view.SurfaceView.lambda$new$0$android-view-SurfaceView:200 
10-17 12:55:28.515 24153 24153 I ViewRootImpl@6784265[MainActivity]: applyTransactionOnDraw: mRemoved = false isHardwareEnabled = true t = 0x7bed69ba00android.view.SurfaceView.applyTransactionOnVriDraw:2048 android.view.SurfaceView.performSurfaceTransaction:959 android.view.SurfaceView.updateSurface:1105 android.view.SurfaceView.lambda$new$0$android-view-SurfaceView:200 android.view.SurfaceView$$ExternalSyntheticLambda5.onPreDraw:2 
10-17 12:55:28.515 24153 24153 I SurfaceView@c9965c3: updateSurface: mVisible = true mSurface.isValid() = true
10-17 12:55:28.515 24153 24153 I SurfaceView@c9965c3: updateSurface: mSurfaceCreated = true surfaceChanged = false visibleChanged = false
10-17 12:55:28.515 24153 24153 V SurfaceView@c9965c3: Layout: x=0 y=-338 w=1080 h=525, frame=Rect(0, 0 - 1080, 525)
10-17 12:55:28.523 24153 24235 D SurfaceView@c9965c3: updateSurfacePosition RenderWorker, frameNr = 813, position = [0, -338, 1080, 187] surfaceSize = 1080x525
10-17 12:55:28.523 24153 24235 I SurfaceView@c9965c3: uSP: rtp = Rect(0, -338 - 1080, 187) rtsw = 1080 rtsh = 525
10-17 12:55:28.523 24153 24235 I SurfaceView@c9965c3: onSSPAndSRT: pl = 0 pt = -338 sx = 1.0 sy = 1.0
10-17 12:55:28.523 24153 24235 I SurfaceView@c9965c3: aOrMT: ViewRootImpl@6784265[MainActivity] t = android.view.SurfaceControl$Transaction@d81d041 fN = 813 android.view.SurfaceView.-$$Nest$mapplyOrMergeTransaction:0 android.view.SurfaceView$SurfaceViewPositionUpdateListener.positionChanged:1537 android.graphics.RenderNode$CompositePositionUpdateListener.positionChanged:373 
10-17 12:55:28.523 24153 24235 I ViewRootImpl@6784265[MainActivity]: mWNT: t=0x7b3668d900 mBlastBufferQueue=0x7b5d928d00 fn= 813 caller= android.view.SurfaceView.applyOrMergeTransaction:1455 android.view.SurfaceView.-$$Nest$mapplyOrMergeTransaction:0 android.view.SurfaceView$SurfaceViewPositionUpdateListener.positionChanged:1537 
10-17 12:55:28.524 24153 24235 I ViewRootImpl@6784265[MainActivity]: mWNT: t=0x7bed69ba00 mBlastBufferQueue=0x7b5d928d00 fn= 813 caller= android.view.ViewRootImpl.lambda$applyTransactionOnDraw$11$android-view-ViewRootImpl:12865 android.view.ViewRootImpl$$ExternalSyntheticLambda1.onFrameDraw:4 android.graphics.HardwareRenderer$FrameDrawingCallback.onFrameDraw:924 
10-17 12:55:28.531 24153 24153 I SurfaceView@c9965c3: Changes: creating=false format=false size=false visible=false alpha=false hint=false mUseAlpha=false visible=false left=false top=true
10-17 12:55:28.531 24153 24153 I SurfaceView@c9965c3: 211379651 Cur surface: Surface(name=null)/@0xe5660c2
10-17 12:55:28.531 24153 24153 I SurfaceView@c9965c3: applyTransactionOnVriDraw: vri = ViewRootImpl@6784265[MainActivity] fRS = false t = 0x7bed69bd00 android.view.SurfaceView.performSurfaceTransaction:959 android.view.SurfaceView.updateSurface:1105 android.view.SurfaceView.lambda$new$0$android-view-SurfaceView:200 
10-17 12:55:28.532 24153 24153 I ViewRootImpl@6784265[MainActivity]: applyTransactionOnDraw: mRemoved = false isHardwareEnabled = true t = 0x7bed69bd00android.view.SurfaceView.applyTransactionOnVriDraw:2048 android.view.SurfaceView.performSurfaceTransaction:959 android.view.SurfaceView.updateSurface:1105 android.view.SurfaceView.lambda$new$0$android-view-SurfaceView:200 android.view.SurfaceView$$ExternalSyntheticLambda5.onPreDraw:2 
10-17 12:55:28.532 24153 24153 I SurfaceView@c9965c3: updateSurface: mVisible = true mSurface.isValid() = true
10-17 12:55:28.532 24153 24153 I SurfaceView@c9965c3: updateSurface: mSurfaceCreated = true surfaceChanged = false visibleChanged = false
10-17 12:55:28.532 24153 24153 V SurfaceView@c9965c3: Layout: x=0 y=-360 w=1080 h=525, frame=Rect(0, 0 - 1080, 525)
10-17 12:55:28.540 24153 24234 D SurfaceView@c9965c3: updateSurfacePosition RenderWorker, frameNr = 814, position = [0, -360, 1080, 165] surfaceSize = 1080x525
10-17 12:55:28.540 24153 24234 I SurfaceView@c9965c3: uSP: rtp = Rect(0, -360 - 1080, 165) rtsw = 1080 rtsh = 525
10-17 12:55:28.540 24153 24234 I SurfaceView@c9965c3: onSSPAndSRT: pl = 0 pt = -360 sx = 1.0 sy = 1.0
10-17 12:55:28.540 24153 24234 I SurfaceView@c9965c3: aOrMT: ViewRootImpl@6784265[MainActivity] t = android.view.SurfaceControl$Transaction@d81d041 fN = 814 android.view.SurfaceView.-$$Nest$mapplyOrMergeTransaction:0 android.view.SurfaceView$SurfaceViewPositionUpdateListener.positionChanged:1537 android.graphics.RenderNode$CompositePositionUpdateListener.positionChanged:373 
10-17 12:55:28.541 24153 24234 I ViewRootImpl@6784265[MainActivity]: mWNT: t=0x7b3668d900 mBlastBufferQueue=0x7b5d928d00 fn= 814 caller= android.view.SurfaceView.applyOrMergeTransaction:1455 android.view.SurfaceView.-$$Nest$mapplyOrMergeTransaction:0 android.view.SurfaceView$SurfaceViewPositionUpdateListener.positionChanged:1537 
10-17 12:55:28.541 24153 24234 I ViewRootImpl@6784265[MainActivity]: mWNT: t=0x7bed69bd00 mBlastBufferQueue=0x7b5d928d00 fn= 814 caller= android.view.ViewRootImpl.lambda$applyTransactionOnDraw$11$android-view-ViewRootImpl:12865 android.view.ViewRootImpl$$ExternalSyntheticLambda1.onFrameDraw:4 android.graphics.HardwareRenderer$FrameDrawingCallback.onFrameDraw:924 
10-17 12:55:28.548 24153 24153 I SurfaceView@c9965c3: Changes: creating=false format=false size=false visible=false alpha=false hint=false mUseAlpha=false visible=false left=false top=true
10-17 12:55:28.548 24153 24153 I SurfaceView@c9965c3: 211379651 Cur surface: Surface(name=null)/@0xe5660c2
10-17 12:55:28.548 24153 24153 I SurfaceView@c9965c3: applyTransactionOnVriDraw: vri = ViewRootImpl@6784265[MainActivity] fRS = false t = 0x7bed69be00 android.view.SurfaceView.performSurfaceTransaction:959 android.view.SurfaceView.updateSurface:1105 android.view.SurfaceView.lambda$new$0$android-view-SurfaceView:200 
10-17 12:55:28.548 24153 24153 I ViewRootImpl@6784265[MainActivity]: applyTransactionOnDraw: mRemoved = false isHardwareEnabled = true t = 0x7bed69be00android.view.SurfaceView.applyTransactionOnVriDraw:2048 android.view.SurfaceView.performSurfaceTransaction:959 android.view.SurfaceView.updateSurface:1105 android.view.SurfaceView.lambda$new$0$android-view-SurfaceView:200 android.view.SurfaceView$$ExternalSyntheticLambda5.onPreDraw:2 
10-17 12:55:28.548 24153 24153 I SurfaceView@c9965c3: updateSurface: mVisible = true mSurface.isValid() = true
10-17 12:55:28.548 24153 24153 I SurfaceView@c9965c3: updateSurface: mSurfaceCreated = true surfaceChanged = false visibleChanged = false
10-17 12:55:28.548 24153 24153 V SurfaceView@c9965c3: Layout: x=0 y=-373 w=1080 h=525, frame=Rect(0, 0 - 1080, 525)
10-17 12:55:28.555 24153 24235 D SurfaceView@c9965c3: updateSurfacePosition RenderWorker, frameNr = 815, position = [0, -373, 1080, 152] surfaceSize = 1080x525
10-17 12:55:28.555 24153 24235 I SurfaceView@c9965c3: uSP: rtp = Rect(0, -373 - 1080, 152) rtsw = 1080 rtsh = 525
10-17 12:55:28.555 24153 24235 I SurfaceView@c9965c3: onSSPAndSRT: pl = 0 pt = -373 sx = 1.0 sy = 1.0
10-17 12:55:28.556 24153 24235 I SurfaceView@c9965c3: aOrMT: ViewRootImpl@6784265[MainActivity] t = android.view.SurfaceControl$Transaction@d81d041 fN = 815 android.view.SurfaceView.-$$Nest$mapplyOrMergeTransaction:0 android.view.SurfaceView$SurfaceViewPositionUpdateListener.positionChanged:1537 android.graphics.RenderNode$CompositePositionUpdateListener.positionChanged:373 
10-17 12:55:28.556 24153 24235 I ViewRootImpl@6784265[MainActivity]: mWNT: t=0x7b3668d900 mBlastBufferQueue=0x7b5d928d00 fn= 815 caller= android.view.SurfaceView.applyOrMergeTransaction:1455 android.view.SurfaceView.-$$Nest$mapplyOrMergeTransaction:0 android.view.SurfaceView$SurfaceViewPositionUpdateListener.positionChanged:1537 
10-17 12:55:28.556 24153 24235 I ViewRootImpl@6784265[MainActivity]: mWNT: t=0x7bed69be00 mBlastBufferQueue=0x7b5d928d00 fn= 815 caller= android.view.ViewRootImpl.lambda$applyTransactionOnDraw$11$android-view-ViewRootImpl:12865 android.view.ViewRootImpl$$ExternalSyntheticLambda1.onFrameDraw:4 android.graphics.HardwareRenderer$FrameDrawingCallback.onFrameDraw:924 
10-17 12:55:28.564 24153 24153 I SurfaceView@c9965c3: Changes: creating=false format=false size=false visible=false alpha=false hint=false mUseAlpha=false visible=false left=false top=true
10-17 12:55:28.565 24153 24153 I SurfaceView@c9965c3: 211379651 Cur surface: Surface(name=null)/@0xe5660c2
10-17 12:55:28.565 24153 24153 I SurfaceView@c9965c3: applyTransactionOnVriDraw: vri = ViewRootImpl@6784265[MainActivity] fRS = false t = 0x7bed7dc900 android.view.SurfaceView.performSurfaceTransaction:959 android.view.SurfaceView.updateSurface:1105 android.view.SurfaceView.lambda$new$0$android-view-SurfaceView:200 
10-17 12:55:28.565 24153 24153 I ViewRootImpl@6784265[MainActivity]: applyTransactionOnDraw: mRemoved = false isHardwareEnabled = true t = 0x7bed7dc900android.view.SurfaceView.applyTransactionOnVriDraw:2048 android.view.SurfaceView.performSurfaceTransaction:959 android.view.SurfaceView.updateSurface:1105 android.view.SurfaceView.lambda$new$0$android-view-SurfaceView:200 android.view.SurfaceView$$ExternalSyntheticLambda5.onPreDraw:2 
10-17 12:55:28.565 24153 24153 I SurfaceView@c9965c3: updateSurface: mVisible = true mSurface.isValid() = true
10-17 12:55:28.565 24153 24153 I SurfaceView@c9965c3: updateSurface: mSurfaceCreated = true surfaceChanged = false visibleChanged = false
10-17 12:55:28.565 24153 24153 V SurfaceView@c9965c3: Layout: x=0 y=-382 w=1080 h=525, frame=Rect(0, 0 - 1080, 525)
10-17 12:55:28.573 24153 24234 D SurfaceView@c9965c3: updateSurfacePosition RenderWorker, frameNr = 816, position = [0, -382, 1080, 143] surfaceSize = 1080x525
10-17 12:55:28.573 24153 24234 I SurfaceView@c9965c3: uSP: rtp = Rect(0, -382 - 1080, 143) rtsw = 1080 rtsh = 525
10-17 12:55:28.573 24153 24234 I SurfaceView@c9965c3: onSSPAndSRT: pl = 0 pt = -382 sx = 1.0 sy = 1.0
10-17 12:55:28.573 24153 24234 I SurfaceView@c9965c3: aOrMT: ViewRootImpl@6784265[MainActivity] t = android.view.SurfaceControl$Transaction@d81d041 fN = 816 android.view.SurfaceView.-$$Nest$mapplyOrMergeTransaction:0 android.view.SurfaceView$SurfaceViewPositionUpdateListener.positionChanged:1537 android.graphics.RenderNode$CompositePositionUpdateListener.positionChanged:373 
10-17 12:55:28.573 24153 24234 I ViewRootImpl@6784265[MainActivity]: mWNT: t=0x7b3668d900 mBlastBufferQueue=0x7b5d928d00 fn= 816 caller= android.view.SurfaceView.applyOrMergeTransaction:1455 android.view.SurfaceView.-$$Nest$mapplyOrMergeTransaction:0 android.view.SurfaceView$SurfaceViewPositionUpdateListener.positionChanged:1537 
10-17 12:55:28.574 24153 24234 I ViewRootImpl@6784265[MainActivity]: mWNT: t=0x7bed7dc900 mBlastBufferQueue=0x7b5d928d00 fn= 816 caller= android.view.ViewRootImpl.lambda$applyTransactionOnDraw$11$android-view-ViewRootImpl:12865 android.view.ViewRootImpl$$ExternalSyntheticLambda1.onFrameDraw:4 android.graphics.HardwareRenderer$FrameDrawingCallback.onFrameDraw:924 
10-17 12:55:28.581 24153 24153 I SurfaceView@c9965c3: Changes: creating=false format=false size=false visible=false alpha=false hint=false mUseAlpha=false visible=false left=false top=true
10-17 12:55:28.581 24153 24153 I SurfaceView@c9965c3: 211379651 Cur surface: Surface(name=null)/@0xe5660c2
10-17 12:55:28.581 24153 24153 I SurfaceView@c9965c3: applyTransactionOnVriDraw: vri = ViewRootImpl@6784265[MainActivity] fRS = false t = 0x7bed7dcc00 android.view.SurfaceView.performSurfaceTransaction:959 android.view.SurfaceView.updateSurface:1105 android.view.SurfaceView.lambda$new$0$android-view-SurfaceView:200 
10-17 12:55:28.582 24153 24153 I ViewRootImpl@6784265[MainActivity]: applyTransactionOnDraw: mRemoved = false isHardwareEnabled = true t = 0x7bed7dcc00android.view.SurfaceView.applyTransactionOnVriDraw:2048 android.view.SurfaceView.performSurfaceTransaction:959 android.view.SurfaceView.updateSurface:1105 android.view.SurfaceView.lambda$new$0$android-view-SurfaceView:200 android.view.SurfaceView$$ExternalSyntheticLambda5.onPreDraw:2 
10-17 12:55:28.582 24153 24153 I SurfaceView@c9965c3: updateSurface: mVisible = true mSurface.isValid() = true
10-17 12:55:28.582 24153 24153 I SurfaceView@c9965c3: updateSurface: mSurfaceCreated = true surfaceChanged = false visibleChanged = false
10-17 12:55:28.582 24153 24153 V SurfaceView@c9965c3: Layout: x=0 y=-391 w=1080 h=525, frame=Rect(0, 0 - 1080, 525)
10-17 12:55:28.589 24153 24235 D SurfaceView@c9965c3: updateSurfacePosition RenderWorker, frameNr = 817, position = [0, -391, 1080, 134] surfaceSize = 1080x525
10-17 12:55:28.589 24153 24235 I SurfaceView@c9965c3: uSP: rtp = Rect(0, -391 - 1080, 134) rtsw = 1080 rtsh = 525
10-17 12:55:28.589 24153 24235 I SurfaceView@c9965c3: onSSPAndSRT: pl = 0 pt = -391 sx = 1.0 sy = 1.0
10-17 12:55:28.590 24153 24235 I SurfaceView@c9965c3: aOrMT: ViewRootImpl@6784265[MainActivity] t = android.view.SurfaceControl$Transaction@d81d041 fN = 817 android.view.SurfaceView.-$$Nest$mapplyOrMergeTransaction:0 android.view.SurfaceView$SurfaceViewPositionUpdateListener.positionChanged:1537 android.graphics.RenderNode$CompositePositionUpdateListener.positionChanged:373 
10-17 12:55:28.590 24153 24235 I ViewRootImpl@6784265[MainActivity]: mWNT: t=0x7b3668d900 mBlastBufferQueue=0x7b5d928d00 fn= 817 caller= android.view.SurfaceView.applyOrMergeTransaction:1455 android.view.SurfaceView.-$$Nest$mapplyOrMergeTransaction:0 android.view.SurfaceView$SurfaceViewPositionUpdateListener.positionChanged:1537 
10-17 12:55:28.591 24153 24235 I ViewRootImpl@6784265[MainActivity]: mWNT: t=0x7bed7dcc00 mBlastBufferQueue=0x7b5d928d00 fn= 817 caller= android.view.ViewRootImpl.lambda$applyTransactionOnDraw$11$android-view-ViewRootImpl:12865 android.view.ViewRootImpl$$ExternalSyntheticLambda1.onFrameDraw:4 android.graphics.HardwareRenderer$FrameDrawingCallback.onFrameDraw:924 
10-17 12:55:28.598 24153 24153 I SurfaceView@c9965c3: Changes: creating=false format=false size=false visible=false alpha=false hint=false mUseAlpha=false visible=false left=false top=true
10-17 12:55:28.598 24153 24153 I SurfaceView@c9965c3: 211379651 Cur surface: Surface(name=null)/@0xe5660c2
10-17 12:55:28.598 24153 24153 I SurfaceView@c9965c3: applyTransactionOnVriDraw: vri = ViewRootImpl@6784265[MainActivity] fRS = false t = 0x7bed864700 android.view.SurfaceView.performSurfaceTransaction:959 android.view.SurfaceView.updateSurface:1105 android.view.SurfaceView.lambda$new$0$android-view-SurfaceView:200 
10-17 12:55:28.598 24153 24153 I ViewRootImpl@6784265[MainActivity]: applyTransactionOnDraw: mRemoved = false isHardwareEnabled = true t = 0x7bed864700android.view.SurfaceView.applyTransactionOnVriDraw:2048 android.view.SurfaceView.performSurfaceTransaction:959 android.view.SurfaceView.updateSurface:1105 android.view.SurfaceView.lambda$new$0$android-view-SurfaceView:200 android.view.SurfaceView$$ExternalSyntheticLambda5.onPreDraw:2 
10-17 12:55:28.598 24153 24153 I SurfaceView@c9965c3: updateSurface: mVisible = true mSurface.isValid() = true
10-17 12:55:28.598 24153 24153 I SurfaceView@c9965c3: updateSurface: mSurfaceCreated = true surfaceChanged = false visibleChanged = false
10-17 12:55:28.598 24153 24153 V SurfaceView@c9965c3: Layout: x=0 y=-398 w=1080 h=525, frame=Rect(0, 0 - 1080, 525)
10-17 12:55:28.608 24153 24234 D SurfaceView@c9965c3: updateSurfacePosition RenderWorker, frameNr = 818, position = [0, -398, 1080, 127] surfaceSize = 1080x525
10-17 12:55:28.608 24153 24234 I SurfaceView@c9965c3: uSP: rtp = Rect(0, -398 - 1080, 127) rtsw = 1080 rtsh = 525
10-17 12:55:28.608 24153 24234 I SurfaceView@c9965c3: onSSPAndSRT: pl = 0 pt = -398 sx = 1.0 sy = 1.0
10-17 12:55:28.608 24153 24234 I SurfaceView@c9965c3: aOrMT: ViewRootImpl@6784265[MainActivity] t = android.view.SurfaceControl$Transaction@d81d041 fN = 818 android.view.SurfaceView.-$$Nest$mapplyOrMergeTransaction:0 android.view.SurfaceView$SurfaceViewPositionUpdateListener.positionChanged:1537 android.graphics.RenderNode$CompositePositionUpdateListener.positionChanged:373 
10-17 12:55:28.608 24153 24234 I ViewRootImpl@6784265[MainActivity]: mWNT: t=0x7b3668d900 mBlastBufferQueue=0x7b5d928d00 fn= 818 caller= android.view.SurfaceView.applyOrMergeTransaction:1455 android.view.SurfaceView.-$$Nest$mapplyOrMergeTransaction:0 android.view.SurfaceView$SurfaceViewPositionUpdateListener.positionChanged:1537 
10-17 12:55:28.609 24153 24234 I ViewRootImpl@6784265[MainActivity]: mWNT: t=0x7bed864700 mBlastBufferQueue=0x7b5d928d00 fn= 818 caller= android.view.ViewRootImpl.lambda$applyTransactionOnDraw$11$android-view-ViewRootImpl:12865 android.view.ViewRootImpl$$ExternalSyntheticLambda1.onFrameDraw:4 android.graphics.HardwareRenderer$FrameDrawingCallback.onFrameDraw:924 
10-17 12:55:28.615 24153 24153 I SurfaceView@c9965c3: Changes: creating=false format=false size=false visible=false alpha=false hint=false mUseAlpha=false visible=false left=false top=true
10-17 12:55:28.615 24153 24153 I SurfaceView@c9965c3: 211379651 Cur surface: Surface(name=null)/@0xe5660c2
10-17 12:55:28.615 24153 24153 I SurfaceView@c9965c3: applyTransactionOnVriDraw: vri = ViewRootImpl@6784265[MainActivity] fRS = false t = 0x7bdd478700 android.view.SurfaceView.performSurfaceTransaction:959 android.view.SurfaceView.updateSurface:1105 android.view.SurfaceView.lambda$new$0$android-view-SurfaceView:200 
10-17 12:55:28.615 24153 24153 I ViewRootImpl@6784265[MainActivity]: applyTransactionOnDraw: mRemoved = false isHardwareEnabled = true t = 0x7bdd478700android.view.SurfaceView.applyTransactionOnVriDraw:2048 android.view.SurfaceView.performSurfaceTransaction:959 android.view.SurfaceView.updateSurface:1105 android.view.SurfaceView.lambda$new$0$android-view-SurfaceView:200 android.view.SurfaceView$$ExternalSyntheticLambda5.onPreDraw:2 
10-17 12:55:28.615 24153 24153 I SurfaceView@c9965c3: updateSurface: mVisible = true mSurface.isValid() = true
10-17 12:55:28.615 24153 24153 I SurfaceView@c9965c3: updateSurface: mSurfaceCreated = true surfaceChanged = false visibleChanged = false
10-17 12:55:28.616 24153 24153 V SurfaceView@c9965c3: Layout: x=0 y=-401 w=1080 h=525, frame=Rect(0, 0 - 1080, 525)
10-17 12:55:28.624 24153 24235 D SurfaceView@c9965c3: updateSurfacePosition RenderWorker, frameNr = 819, position = [0, -401, 1080, 124] surfaceSize = 1080x525
10-17 12:55:28.624 24153 24235 I SurfaceView@c9965c3: uSP: rtp = Rect(0, -401 - 1080, 124) rtsw = 1080 rtsh = 525
10-17 12:55:28.624 24153 24235 I SurfaceView@c9965c3: onSSPAndSRT: pl = 0 pt = -401 sx = 1.0 sy = 1.0
10-17 12:55:28.625 24153 24235 I SurfaceView@c9965c3: aOrMT: ViewRootImpl@6784265[MainActivity] t = android.view.SurfaceControl$Transaction@d81d041 fN = 819 android.view.SurfaceView.-$$Nest$mapplyOrMergeTransaction:0 android.view.SurfaceView$SurfaceViewPositionUpdateListener.positionChanged:1537 android.graphics.RenderNode$CompositePositionUpdateListener.positionChanged:373 
10-17 12:55:28.625 24153 24235 I ViewRootImpl@6784265[MainActivity]: mWNT: t=0x7b3668d900 mBlastBufferQueue=0x7b5d928d00 fn= 819 caller= android.view.SurfaceView.applyOrMergeTransaction:1455 android.view.SurfaceView.-$$Nest$mapplyOrMergeTransaction:0 android.view.SurfaceView$SurfaceViewPositionUpdateListener.positionChanged:1537 
10-17 12:55:28.626 24153 24235 I ViewRootImpl@6784265[MainActivity]: mWNT: t=0x7bdd478700 mBlastBufferQueue=0x7b5d928d00 fn= 819 caller= android.view.ViewRootImpl.lambda$applyTransactionOnDraw$11$android-view-ViewRootImpl:12865 android.view.ViewRootImpl$$ExternalSyntheticLambda1.onFrameDraw:4 android.graphics.HardwareRenderer$FrameDrawingCallback.onFrameDraw:924 
10-17 12:55:28.632 24153 24153 I SurfaceView@c9965c3: Changes: creating=false format=false size=false visible=false alpha=false hint=false mUseAlpha=false visible=false left=false top=true
10-17 12:55:28.632 24153 24153 I SurfaceView@c9965c3: 211379651 Cur surface: Surface(name=null)/@0xe5660c2
10-17 12:55:28.632 24153 24153 I SurfaceView@c9965c3: applyTransactionOnVriDraw: vri = ViewRootImpl@6784265[MainActivity] fRS = false t = 0x7b6befdc00 android.view.SurfaceView.performSurfaceTransaction:959 android.view.SurfaceView.updateSurface:1105 android.view.SurfaceView.lambda$new$0$android-view-SurfaceView:200 
10-17 12:55:28.632 24153 24153 I ViewRootImpl@6784265[MainActivity]: applyTransactionOnDraw: mRemoved = false isHardwareEnabled = true t = 0x7b6befdc00android.view.SurfaceView.applyTransactionOnVriDraw:2048 android.view.SurfaceView.performSurfaceTransaction:959 android.view.SurfaceView.updateSurface:1105 android.view.SurfaceView.lambda$new$0$android-view-SurfaceView:200 android.view.SurfaceView$$ExternalSyntheticLambda5.onPreDraw:2 
10-17 12:55:28.632 24153 24153 I SurfaceView@c9965c3: updateSurface: mVisible = true mSurface.isValid() = true
10-17 12:55:28.632 24153 24153 I SurfaceView@c9965c3: updateSurface: mSurfaceCreated = true surfaceChanged = false visibleChanged = false
10-17 12:55:28.632 24153 24153 V SurfaceView@c9965c3: Layout: x=0 y=-405 w=1080 h=525, frame=Rect(0, 0 - 1080, 525)
10-17 12:55:28.641 24153 24234 D SurfaceView@c9965c3: updateSurfacePosition RenderWorker, frameNr = 820, position = [0, -405, 1080, 120] surfaceSize = 1080x525
10-17 12:55:28.641 24153 24234 I SurfaceView@c9965c3: uSP: rtp = Rect(0, -405 - 1080, 120) rtsw = 1080 rtsh = 525
10-17 12:55:28.641 24153 24234 I SurfaceView@c9965c3: onSSPAndSRT: pl = 0 pt = -405 sx = 1.0 sy = 1.0
10-17 12:55:28.641 24153 24234 I SurfaceView@c9965c3: aOrMT: ViewRootImpl@6784265[MainActivity] t = android.view.SurfaceControl$Transaction@d81d041 fN = 820 android.view.SurfaceView.-$$Nest$mapplyOrMergeTransaction:0 android.view.SurfaceView$SurfaceViewPositionUpdateListener.positionChanged:1537 android.graphics.RenderNode$CompositePositionUpdateListener.positionChanged:373 
10-17 12:55:28.641 24153 24153 I ViewRootImpl@6784265[MainActivity]: ViewPostIme pointer 1
10-17 12:55:28.641 24153 24234 I ViewRootImpl@6784265[MainActivity]: mWNT: t=0x7b3668d900 mBlastBufferQueue=0x7b5d928d00 fn= 820 caller= android.view.SurfaceView.applyOrMergeTransaction:1455 android.view.SurfaceView.-$$Nest$mapplyOrMergeTransaction:0 android.view.SurfaceView$SurfaceViewPositionUpdateListener.positionChanged:1537 
10-17 12:55:28.642 24153 24234 I ViewRootImpl@6784265[MainActivity]: mWNT: t=0x7b6befdc00 mBlastBufferQueue=0x7b5d928d00 fn= 820 caller= android.view.ViewRootImpl.lambda$applyTransactionOnDraw$11$android-view-ViewRootImpl:12865 android.view.ViewRootImpl$$ExternalSyntheticLambda1.onFrameDraw:4 android.graphics.HardwareRenderer$FrameDrawingCallback.onFrameDraw:924 
10-17 12:55:29.149 24153 24153 I ViewRootImpl@6784265[MainActivity]: ViewPostIme pointer 0
10-17 12:55:29.693 24153 24153 I Dialog  : mIsDeviceDefault = false, mIsSamsungBasicInteraction = false, isMetaDataInActivity = false
10-17 12:55:29.737 24153 24153 I DecorView: [INFO] isPopOver=false config=false
10-17 12:55:29.737 24153 24153 I DecorView: updateCaptionType: isFloating=false isApplication=true hasWindowDecorCaption=false this=DecorView@48bad88[]
10-17 12:55:29.737 24153 24153 D DecorView: setCaptionType = 0, this = DecorView@48bad88[]
10-17 12:55:29.738 24153 24153 I DecorView: getCurrentDensityDpi: from app context. densityDpi=420 msg=resources_loaded
10-17 12:55:29.738 24153 24153 I DecorView: setWindowBackground: isPopOver=false color=0 d=android.graphics.drawable.ColorDrawable@79a1346
10-17 12:55:29.743 24153 24176 D NativeCustomFrequencyManager: [NativeCFMS] BpCustomFrequencyManager::BpCustomFrequencyManager()
10-17 12:55:29.744 24153 24153 I DecorView: notifyKeepScreenOnChanged: keepScreenOn=false
10-17 12:55:29.760 24153 24153 D InsetsController: onStateChanged: InsetsState: {mDisplayFrame=Rect(0, 0 - 1080, 2400), mDisplayCutout=DisplayCutout{insets=Rect(0, 88 - 0, 0) waterfall=Insets{left=0, top=0, right=0, bottom=0} boundingRect={Bounds=[Rect(0, 0 - 0, 0), Rect(512, 0 - 568, 88), Rect(0, 0 - 0, 0), Rect(0, 0 - 0, 0)]} cutoutPathParserInfo={CutoutPathParserInfo{displayWidth=1080 displayHeight=2400 physicalDisplayWidth=1080 physicalDisplayHeight=2400 density={2.625} cutoutSpec={M 0,0 M 0,12.25101276465640 a 10.60613009248640,10.60613009248640 0 1,0 0,21.21226018497290 a 10.60613009248640,10.60613009248640 0 1,0 0,-21.21226018497290 Z @dp} rotation={0} scale={1.0} physicalPixelDisplaySizeRatio={1.0}}}}, mRoundedCorners=RoundedCorners{[RoundedCorner{position=TopLeft, radius=84, center=Point(84, 84)}, RoundedCorner{position=TopRight, radius=84, center=Point(996, 84)}, RoundedCorner{position=BottomRight, radius=84, center=Point(996, 2316)}, RoundedCorner{position=BottomLeft, radius=84, center=Point(84, 2316)}]}  mRoundedCornerFrame=Rect(0, 0 - 1080, 2400), mPrivacyIndicatorBounds=PrivacyIndicatorBounds {static bounds=Rect(964, 0 - 1080, 87) rotation=0}, mSources= { InsetsSource: {mType=ITYPE_STATUS_BAR, mFrame=[0,0][1080,88], mVisible=true, mInsetsRoundedCornerFrame=false}, InsetsSource: {mType=ITYPE_NAVIGATION_BAR, mFrame=[0,2361][1080,2400], mVisible=true, mInsetsRoundedCornerFrame=false}, InsetsSource: {mType=ITYPE_LEFT_GESTURES, mFrame=[0,0][130,2400], mVisible=true, mInsetsRoundedCornerFrame=false}, InsetsSource: {mType=ITYPE_RIGHT_GESTURES, mFrame=[950,0][1080,2400], mVisible=true, mInsetsRoundedCornerFrame=false}, InsetsSource: {mType=ITYPE_TOP_MANDATORY_GESTURES, mFrame=[0,0][1080,120], mVisible=true, mInsetsRoundedCornerFrame=false}, InsetsSource: {mType=ITYPE_BOTTOM_MANDATORY_GESTURES, mFrame=[0,2316][1080,2400], mVisible=true, mInsetsRoundedCornerFrame=false}, InsetsSource: {mType=ITYPE_LEFT_DISPLAY_CUTOUT, mFrame=[0,0][-100000,2400], mVisible=true, mInsetsRoundedCornerFrame=false}, InsetsSource: {mType=ITYPE_TOP_DISPLAY_CUTOUT, mFrame=[0,0][1080,88], mVisible=true, mInsetsRoundedCornerFrame=false}, InsetsSource: {mType=ITYPE_RIGHT_DISPLAY_CUTOUT, mFrame=[100000,0][1080,2400], mVisible=true, mInsetsRoundedCornerFrame=false}, InsetsSource: {mType=ITYPE_BOTTOM_DISPLAY_CUTOUT, mFrame=[0,100000][1080,2400], mVisible=true, mInsetsRoundedCornerFrame=false}, InsetsSource: {mType=ITYPE_TOP_TAPPABLE_ELEMENT, mFrame=[0,0][1080,88], mVisible=true, mInsetsRoundedCornerFrame=false}, InsetsSource: {mType=ITYPE_BOTTOM_TAPPABLE_ELEMENT, mFrame=[0,0][0,0], mVisible=true, mInsetsRoundedCornerFrame=false}, InsetsSource: {mType=ITYPE_IME, mFrame=[0,0][0,0], mVisibleFrame=[0,1409][1080,2400], mVisible=false, mInsetsRoundedCornerFrame=false} } host=com.lagradost.cloudstream3/com.lagradost.cloudstream3.MainActivity from=android.view.ViewRootImpl.setView:1732
10-17 12:55:29.761 24153 24153 I ViewRootImpl@5aac1ff[MainActivity]: setView = com.android.internal.policy.DecorView@48bad88 TM=true
10-17 12:55:29.778 24153 24153 I ViewRootImpl@5aac1ff[MainActivity]: performTraversals params={(0,0)(fillxfill) gr=CENTER sim={adjust=resize forwardNavigation} ty=APPLICATION fmt=TRANSPARENT wanim=0x7f14000b
10-17 12:55:29.778 24153 24153 I ViewRootImpl@5aac1ff[MainActivity]:   fl=85810100
10-17 12:55:29.778 24153 24153 I ViewRootImpl@5aac1ff[MainActivity]:   pfl=12020040
10-17 12:55:29.778 24153 24153 I ViewRootImpl@5aac1ff[MainActivity]:   vsysui=500
10-17 12:55:29.778 24153 24153 I ViewRootImpl@5aac1ff[MainActivity]:   bhv=DEFAULT
10-17 12:55:29.778 24153 24153 I ViewRootImpl@5aac1ff[MainActivity]:   fitSides= naviIconColor=0}
10-17 12:55:29.779 24153 24153 I ViewRootImpl@5aac1ff[MainActivity]: performTraversals mFirst=true windowShouldResize=true viewVisibilityChanged=false mForceNextWindowRelayout=false params={(0,0)(fillxfill) gr=CENTER sim={adjust=resize forwardNavigation} ty=APPLICATION fmt=TRANSPARENT wanim=0x7f14000b
10-17 12:55:29.779 24153 24153 I ViewRootImpl@5aac1ff[MainActivity]:   fl=85810100
10-17 12:55:29.779 24153 24153 I ViewRootImpl@5aac1ff[MainActivity]:   pfl=12020040
10-17 12:55:29.779 24153 24153 I ViewRootImpl@5aac1ff[MainActivity]:   vsysui=500
10-17 12:55:29.779 24153 24153 I ViewRootImpl@5aac1ff[MainActivity]:   bhv=DEFAULT
10-17 12:55:29.779 24153 24153 I ViewRootImpl@5aac1ff[MainActivity]:   fitSides= naviIconColor=0}
10-17 12:55:29.791 24153 24153 I ViewRootImpl@5aac1ff[MainActivity]: updateBlastSurfaceIfNeeded mBlastBufferQueue=null isSameSurfaceControl=false
10-17 12:55:29.791 24153 24153 I BLASTBufferQueue: new BLASTBufferQueue, mName= ViewRootImpl@5aac1ff[MainActivity] mNativeObject= 0x7b5d63b800 sc.mNativeObject= 0x7b5d60c4c0 caller= android.view.ViewRootImpl.updateBlastSurfaceIfNeeded:2909 android.view.ViewRootImpl.relayoutWindow:9847 android.view.ViewRootImpl.performTraversals:3884 android.view.ViewRootImpl.doTraversal:3116 android.view.ViewRootImpl$TraversalRunnable.run:10885 android.view.Choreographer$CallbackRecord.run:1301 android.view.Choreographer$CallbackRecord.run:1309 android.view.Choreographer.doCallbacks:923 android.view.Choreographer.doFrame:852 android.view.Choreographer$FrameDisplayEventReceiver.run:1283 
10-17 12:55:29.792 24153 24153 I BLASTBufferQueue: update, w= 1080 h= 2400 mName = ViewRootImpl@5aac1ff[MainActivity] mNativeObject= 0x7b5d63b800 sc.mNativeObject= 0x7b5d60c4c0 format= -2 caller= android.graphics.BLASTBufferQueue.<init>:84 android.view.ViewRootImpl.updateBlastSurfaceIfNeeded:2909 android.view.ViewRootImpl.relayoutWindow:9847 android.view.ViewRootImpl.performTraversals:3884 android.view.ViewRootImpl.doTraversal:3116 android.view.ViewRootImpl$TraversalRunnable.run:10885 
10-17 12:55:29.792 24153 24153 I ViewRootImpl@5aac1ff[MainActivity]: Relayout returned: old=(0,0,1080,2400) new=(0,0,1080,2400) req=(1080,2400)0 dur=12 res=0x3 s={true 0x7ae54c4800} ch=true seqId=0
10-17 12:55:29.793 24153 24153 I ViewRootImpl@5aac1ff[MainActivity]: mThreadedRenderer.initialize() mSurface={isValid=true 0x7ae54c4800} hwInitialized=true
10-17 12:55:29.793 24153 24176 D OpenGLRenderer: eglCreateWindowSurface
10-17 12:55:29.818 24153 24153 D AbsListView:  in onLayout changed 
10-17 12:55:29.820 24153 24153 I ViewRootImpl@5aac1ff[MainActivity]: reportNextDraw android.view.ViewRootImpl.performTraversals:4438 android.view.ViewRootImpl.doTraversal:3116 android.view.ViewRootImpl$TraversalRunnable.run:10885 android.view.Choreographer$CallbackRecord.run:1301 android.view.Choreographer$CallbackRecord.run:1309 
10-17 12:55:29.820 24153 24153 I ViewRootImpl@5aac1ff[MainActivity]: Setup new sync id=0
10-17 12:55:29.820 24153 24153 I ViewRootImpl@5aac1ff[MainActivity]: Setting syncFrameCallback
10-17 12:55:29.820 24153 24153 I ViewRootImpl@5aac1ff[MainActivity]: registerCallbacksForSync syncBuffer=false
10-17 12:55:29.823 24153 24235 I ViewRootImpl@5aac1ff[MainActivity]: Received frameDrawingCallback syncResult=0 frameNum=1.
10-17 12:55:29.823 24153 24235 I ViewRootImpl@5aac1ff[MainActivity]: Setting up sync and frameCommitCallback
10-17 12:55:29.831 24153 24176 I BLASTBufferQueue: [ViewRootImpl@5aac1ff[MainActivity]#5](f:0,a:0) onFrameAvailable the first frame is available
10-17 12:55:29.832 24153 24176 I ViewRootImpl@5aac1ff[MainActivity]: Received frameCommittedCallback lastAttemptedDrawFrameNum=1 didProduceBuffer=true
10-17 12:55:29.835 24153 24176 D OpenGLRenderer: CFMS:: SetUp Pid : 24153    Tid : 24176
10-17 12:55:29.839 24153 24153 I ViewRootImpl@5aac1ff[MainActivity]: onSyncComplete
10-17 12:55:29.839 24153 24153 I ViewRootImpl@5aac1ff[MainActivity]: setupSync seqId=0 mSyncId=0 fn=1 caller=android.view.ViewRootImpl$$ExternalSyntheticLambda11.accept:6 android.window.SurfaceSyncer.lambda$setupSync$1$android-window-SurfaceSyncer:128 android.window.SurfaceSyncer$$ExternalSyntheticLambda1.accept:8 android.window.SurfaceSyncer$SyncSet.checkIfSyncIsComplete:382 android.window.SurfaceSyncer$SyncSet.markSyncReady:359 android.window.SurfaceSyncer.markSyncReady:151 android.view.ViewRootImpl.performTraversals:4503 
10-17 12:55:29.840 24153 24153 I ViewRootImpl@5aac1ff[MainActivity]: reportDrawFinished seqId=0 mSyncId=-1 fn=1 mSurfaceChangedTransaction=0x7b6bf99400
10-17 12:55:29.863 24153 24153 I ViewRootImpl@6784265[MainActivity]: MSG_WINDOW_FOCUS_CHANGED 0 0
10-17 12:55:29.869 24153 24153 I ViewRootImpl@6784265[MainActivity]: ViewPostIme pointer 1
10-17 12:55:29.898 24153 24153 I ViewRootImpl@5aac1ff[MainActivity]: MSG_WINDOW_FOCUS_CHANGED 1 0
10-17 12:55:29.898 24153 24153 I ViewRootImpl@5aac1ff[MainActivity]: mThreadedRenderer.initializeIfNeeded()#2 mSurface={isValid=true 0x7ae54c4800}
10-17 12:55:29.900 24153 24153 D InputMethodManager: startInputInner - Id : 0
10-17 12:55:29.900 24153 24153 I InputMethodManager: startInputInner - mService.startInputOrWindowGainedFocus
10-17 12:55:30.757 24153 24153 I ViewRootImpl@5aac1ff[MainActivity]: ViewPostIme pointer 0
10-17 12:55:30.830 24153 24153 I ViewRootImpl@5aac1ff[MainActivity]: ViewPostIme pointer 1
10-17 12:55:30.834 24153 24153 D AbsListView: onTouchUp() mTouchMode : 0
10-17 12:55:30.912 24153 24153 I MSHandlerLifeCycle: removeMultiSplitHandler: no exist. decor=DecorView@48bad88[MainActivity]
10-17 12:55:30.913 24153 24176 D OpenGLRenderer: setSurface called with nullptr
10-17 12:55:30.913 24153 24176 D OpenGLRenderer: setSurface() destroyed EGLSurface
10-17 12:55:30.913 24153 24176 D OpenGLRenderer: destroyEglSurface
10-17 12:55:30.915 24153 24202 D AsiaTVLogs: loadLinks started for: https://asiatv.one/episodes/tempest-%d8%ad1-%d9%85%d8%b3%d9%84%d8%b3%d9%84-%d8%a7%d9%84%d8%b9%d8%a7%d8%b5%d9%81%d8%a9-%d8%a7%d9%84%d8%ad%d9%84%d9%82%d8%a9-1-%d9%85%d8%aa%d8%b1%d8%ac%d9%85%d8%a9/
10-17 12:55:30.915 24153 24176 D OpenGLRenderer: endAllActiveAnimators on 0x7b12199a00 (MaterialTextView) with handle 0x7b5d7dfd80
10-17 12:55:30.915 24153 24153 I ViewRootImpl@5aac1ff[MainActivity]: dispatchDetachedFromWindow
10-17 12:55:30.936 24153 24153 D InputTransport: Input channel destroyed: '5427eed', fd=158
10-17 12:55:30.938 24153 24153 I Dialog  : mIsDeviceDefault = false, mIsSamsungBasicInteraction = false, isMetaDataInActivity = false
10-17 12:55:30.999 24153 24153 I DecorView: [INFO] isPopOver=false config=false
10-17 12:55:30.999 24153 24153 I DecorView: updateCaptionType: isFloating=false isApplication=true hasWindowDecorCaption=false this=DecorView@abed1c2[]
10-17 12:55:30.999 24153 24153 D DecorView: setCaptionType = 0, this = DecorView@abed1c2[]
10-17 12:55:31.000 24153 24153 I DecorView: getCurrentDensityDpi: from app context. densityDpi=420 msg=resources_loaded
10-17 12:55:31.000 24153 24153 I DecorView: setWindowBackground: isPopOver=false color=0 d=android.graphics.drawable.ColorDrawable@712d310
10-17 12:55:31.006 24153 24176 D NativeCustomFrequencyManager: [NativeCFMS] BpCustomFrequencyManager::BpCustomFrequencyManager()
10-17 12:55:31.007 24153 24153 I DecorView: notifyKeepScreenOnChanged: keepScreenOn=false
10-17 12:55:31.017 24153 24153 D InsetsController: onStateChanged: InsetsState: {mDisplayFrame=Rect(0, 0 - 1080, 2400), mDisplayCutout=DisplayCutout{insets=Rect(0, 88 - 0, 0) waterfall=Insets{left=0, top=0, right=0, bottom=0} boundingRect={Bounds=[Rect(0, 0 - 0, 0), Rect(512, 0 - 568, 88), Rect(0, 0 - 0, 0), Rect(0, 0 - 0, 0)]} cutoutPathParserInfo={CutoutPathParserInfo{displayWidth=1080 displayHeight=2400 physicalDisplayWidth=1080 physicalDisplayHeight=2400 density={2.625} cutoutSpec={M 0,0 M 0,12.25101276465640 a 10.60613009248640,10.60613009248640 0 1,0 0,21.21226018497290 a 10.60613009248640,10.60613009248640 0 1,0 0,-21.21226018497290 Z @dp} rotation={0} scale={1.0} physicalPixelDisplaySizeRatio={1.0}}}}, mRoundedCorners=RoundedCorners{[RoundedCorner{position=TopLeft, radius=84, center=Point(84, 84)}, RoundedCorner{position=TopRight, radius=84, center=Point(996, 84)}, RoundedCorner{position=BottomRight, radius=84, center=Point(996, 2316)}, RoundedCorner{position=BottomLeft, radius=84, center=Point(84, 2316)}]}  mRoundedCornerFrame=Rect(0, 0 - 1080, 2400), mPrivacyIndicatorBounds=PrivacyIndicatorBounds {static bounds=Rect(964, 0 - 1080, 87) rotation=0}, mSources= { InsetsSource: {mType=ITYPE_STATUS_BAR, mFrame=[0,0][1080,88], mVisible=true, mInsetsRoundedCornerFrame=false}, InsetsSource: {mType=ITYPE_NAVIGATION_BAR, mFrame=[0,2361][1080,2400], mVisible=true, mInsetsRoundedCornerFrame=false}, InsetsSource: {mType=ITYPE_LEFT_GESTURES, mFrame=[0,0][130,2400], mVisible=true, mInsetsRoundedCornerFrame=false}, InsetsSource: {mType=ITYPE_RIGHT_GESTURES, mFrame=[950,0][1080,2400], mVisible=true, mInsetsRoundedCornerFrame=false}, InsetsSource: {mType=ITYPE_TOP_MANDATORY_GESTURES, mFrame=[0,0][1080,120], mVisible=true, mInsetsRoundedCornerFrame=false}, InsetsSource: {mType=ITYPE_BOTTOM_MANDATORY_GESTURES, mFrame=[0,2316][1080,2400], mVisible=true, mInsetsRoundedCornerFrame=false}, InsetsSource: {mType=ITYPE_LEFT_DISPLAY_CUTOUT, mFrame=[0,0][-100000,2400], mVisible=true, mInsetsRoundedCornerFrame=false}, InsetsSource: {mType=ITYPE_TOP_DISPLAY_CUTOUT, mFrame=[0,0][1080,88], mVisible=true, mInsetsRoundedCornerFrame=false}, InsetsSource: {mType=ITYPE_RIGHT_DISPLAY_CUTOUT, mFrame=[100000,0][1080,2400], mVisible=true, mInsetsRoundedCornerFrame=false}, InsetsSource: {mType=ITYPE_BOTTOM_DISPLAY_CUTOUT, mFrame=[0,100000][1080,2400], mVisible=true, mInsetsRoundedCornerFrame=false}, InsetsSource: {mType=ITYPE_TOP_TAPPABLE_ELEMENT, mFrame=[0,0][1080,88], mVisible=true, mInsetsRoundedCornerFrame=false}, InsetsSource: {mType=ITYPE_BOTTOM_TAPPABLE_ELEMENT, mFrame=[0,0][0,0], mVisible=true, mInsetsRoundedCornerFrame=false}, InsetsSource: {mType=ITYPE_IME, mFrame=[0,0][0,0], mVisibleFrame=[0,1409][1080,2400], mVisible=false, mInsetsRoundedCornerFrame=false} } host=com.lagradost.cloudstream3/com.lagradost.cloudstream3.MainActivity from=android.view.ViewRootImpl.setView:1732
10-17 12:55:31.019 24153 24153 I ViewRootImpl@34d5541[MainActivity]: setView = com.android.internal.policy.DecorView@abed1c2 TM=true
10-17 12:55:31.021 24153 24153 D InsetsController: onStateChanged: InsetsState: {mDisplayFrame=Rect(0, 0 - 1080, 2400), mDisplayCutout=DisplayCutout{insets=Rect(0, 88 - 0, 0) waterfall=Insets{left=0, top=0, right=0, bottom=0} boundingRect={Bounds=[Rect(0, 0 - 0, 0), Rect(512, 0 - 568, 88), Rect(0, 0 - 0, 0), Rect(0, 0 - 0, 0)]} cutoutPathParserInfo={CutoutPathParserInfo{displayWidth=1080 displayHeight=2400 physicalDisplayWidth=1080 physicalDisplayHeight=2400 density={2.625} cutoutSpec={M 0,0 M 0,12.25101276465640 a 10.60613009248640,10.60613009248640 0 1,0 0,21.21226018497290 a 10.60613009248640,10.60613009248640 0 1,0 0,-21.21226018497290 Z @dp} rotation={0} scale={1.0} physicalPixelDisplaySizeRatio={1.0}}}}, mRoundedCorners=RoundedCorners{[RoundedCorner{position=TopLeft, radius=84, center=Point(84, 84)}, RoundedCorner{position=TopRight, radius=84, center=Point(996, 84)}, RoundedCorner{position=BottomRight, radius=84, center=Point(996, 2316)}, RoundedCorner{position=BottomLeft, radius=84, center=Point(84, 2316)}]}  mRoundedCornerFrame=Rect(0, 0 - 1080, 2400), mPrivacyIndicatorBounds=PrivacyIndicatorBounds {static bounds=Rect(964, 0 - 1080, 87) rotation=0}, mSources= { InsetsSource: {mType=ITYPE_STATUS_BAR, mFrame=[0,0][1080,88], mVisible=true, mInsetsRoundedCornerFrame=false}, InsetsSource: {mType=ITYPE_NAVIGATION_BAR, mFrame=[0,2361][1080,2400], mVisible=true, mInsetsRoundedCornerFrame=false}, InsetsSource: {mType=ITYPE_LEFT_GESTURES, mFrame=[0,0][130,2400], mVisible=true, mInsetsRoundedCornerFrame=false}, InsetsSource: {mType=ITYPE_RIGHT_GESTURES, mFrame=[950,0][1080,2400], mVisible=true, mInsetsRoundedCornerFrame=false}, InsetsSource: {mType=ITYPE_TOP_MANDATORY_GESTURES, mFrame=[0,0][1080,120], mVisible=true, mInsetsRoundedCornerFrame=false}, InsetsSource: {mType=ITYPE_BOTTOM_MANDATORY_GESTURES, mFrame=[0,2316][1080,2400], mVisible=true, mInsetsRoundedCornerFrame=false}, InsetsSource: {mType=ITYPE_LEFT_DISPLAY_CUTOUT, mFrame=[0,0][-100000,2400], mVisible=true, mInsetsRoundedCornerFrame=false}, InsetsSource: {mType=ITYPE_TOP_DISPLAY_CUTOUT, mFrame=[0,0][1080,88], mVisible=true, mInsetsRoundedCornerFrame=false}, InsetsSource: {mType=ITYPE_RIGHT_DISPLAY_CUTOUT, mFrame=[100000,0][1080,2400], mVisible=true, mInsetsRoundedCornerFrame=false}, InsetsSource: {mType=ITYPE_BOTTOM_DISPLAY_CUTOUT, mFrame=[0,100000][1080,2400], mVisible=true, mInsetsRoundedCornerFrame=false}, InsetsSource: {mType=ITYPE_TOP_TAPPABLE_ELEMENT, mFrame=[0,0][1080,88], mVisible=true, mInsetsRoundedCornerFrame=false}, InsetsSource: {mType=ITYPE_BOTTOM_TAPPABLE_ELEMENT, mFrame=[0,0][0,0], mVisible=true, mInsetsRoundedCornerFrame=false} } host=com.lagradost.cloudstream3/com.lagradost.cloudstream3.MainActivity from=android.view.ViewRootImpl$ViewRootHandler.handleMessageImpl:6740
10-17 12:55:31.027 24153 24153 I ViewRootImpl@34d5541[MainActivity]: performTraversals params={(0,0)(fillxfill) gr=CENTER sim={adjust=resize forwardNavigation} ty=APPLICATION fmt=TRANSPARENT wanim=0x7f14000b
10-17 12:55:31.027 24153 24153 I ViewRootImpl@34d5541[MainActivity]:   fl=85810100
10-17 12:55:31.027 24153 24153 I ViewRootImpl@34d5541[MainActivity]:   pfl=12020040
10-17 12:55:31.027 24153 24153 I ViewRootImpl@34d5541[MainActivity]:   vsysui=500
10-17 12:55:31.027 24153 24153 I ViewRootImpl@34d5541[MainActivity]:   bhv=DEFAULT
10-17 12:55:31.027 24153 24153 I ViewRootImpl@34d5541[MainActivity]:   fitSides= naviIconColor=0}
10-17 12:55:31.028 24153 24153 I ViewRootImpl@34d5541[MainActivity]: performTraversals mFirst=true windowShouldResize=true viewVisibilityChanged=false mForceNextWindowRelayout=false params={(0,0)(fillxfill) gr=CENTER sim={adjust=resize forwardNavigation} ty=APPLICATION fmt=TRANSPARENT wanim=0x7f14000b
10-17 12:55:31.028 24153 24153 I ViewRootImpl@34d5541[MainActivity]:   fl=85810100
10-17 12:55:31.028 24153 24153 I ViewRootImpl@34d5541[MainActivity]:   pfl=12020040
10-17 12:55:31.028 24153 24153 I ViewRootImpl@34d5541[MainActivity]:   vsysui=500
10-17 12:55:31.028 24153 24153 I ViewRootImpl@34d5541[MainActivity]:   bhv=DEFAULT
10-17 12:55:31.028 24153 24153 I ViewRootImpl@34d5541[MainActivity]:   fitSides= naviIconColor=0}
10-17 12:55:31.039 24153 24153 I ViewRootImpl@34d5541[MainActivity]: updateBlastSurfaceIfNeeded mBlastBufferQueue=null isSameSurfaceControl=false
10-17 12:55:31.039 24153 24153 I BLASTBufferQueue: new BLASTBufferQueue, mName= ViewRootImpl@34d5541[MainActivity] mNativeObject= 0x7b6c0ad800 sc.mNativeObject= 0x7b36243820 caller= android.view.ViewRootImpl.updateBlastSurfaceIfNeeded:2909 android.view.ViewRootImpl.relayoutWindow:9847 android.view.ViewRootImpl.performTraversals:3884 android.view.ViewRootImpl.doTraversal:3116 android.view.ViewRootImpl$TraversalRunnable.run:10885 android.view.Choreographer$CallbackRecord.run:1301 android.view.Choreographer$CallbackRecord.run:1309 android.view.Choreographer.doCallbacks:923 android.view.Choreographer.doFrame:852 android.view.Choreographer$FrameDisplayEventReceiver.run:1283 
10-17 12:55:31.040 24153 24153 I BLASTBufferQueue: update, w= 1080 h= 2400 mName = ViewRootImpl@34d5541[MainActivity] mNativeObject= 0x7b6c0ad800 sc.mNativeObject= 0x7b36243820 format= -2 caller= android.graphics.BLASTBufferQueue.<init>:84 android.view.ViewRootImpl.updateBlastSurfaceIfNeeded:2909 android.view.ViewRootImpl.relayoutWindow:9847 android.view.ViewRootImpl.performTraversals:3884 android.view.ViewRootImpl.doTraversal:3116 android.view.ViewRootImpl$TraversalRunnable.run:10885 
10-17 12:55:31.040 24153 24153 I ViewRootImpl@34d5541[MainActivity]: Relayout returned: old=(0,0,1080,2400) new=(0,0,1080,2400) req=(1080,2400)0 dur=11 res=0x3 s={true 0x7ae54c4800} ch=true seqId=0
10-17 12:55:31.041 24153 24153 I ViewRootImpl@34d5541[MainActivity]: mThreadedRenderer.initialize() mSurface={isValid=true 0x7ae54c4800} hwInitialized=true
10-17 12:55:31.041 24153 24176 D OpenGLRenderer: eglCreateWindowSurface
10-17 12:55:31.043 24153 24153 I ViewRootImpl@34d5541[MainActivity]: reportNextDraw android.view.ViewRootImpl.performTraversals:4438 android.view.ViewRootImpl.doTraversal:3116 android.view.ViewRootImpl$TraversalRunnable.run:10885 android.view.Choreographer$CallbackRecord.run:1301 android.view.Choreographer$CallbackRecord.run:1309 
10-17 12:55:31.043 24153 24153 I ViewRootImpl@34d5541[MainActivity]: Setup new sync id=0
10-17 12:55:31.043 24153 24153 I ViewRootImpl@34d5541[MainActivity]: Setting syncFrameCallback
10-17 12:55:31.043 24153 24153 I ViewRootImpl@34d5541[MainActivity]: registerCallbacksForSync syncBuffer=false
10-17 12:55:31.048 24153 24234 I ViewRootImpl@34d5541[MainActivity]: Received frameDrawingCallback syncResult=0 frameNum=1.
10-17 12:55:31.048 24153 24234 I ViewRootImpl@34d5541[MainActivity]: Setting up sync and frameCommitCallback
10-17 12:55:31.060 24153 24176 I BLASTBufferQueue: [ViewRootImpl@34d5541[MainActivity]#6](f:0,a:0) onFrameAvailable the first frame is available
10-17 12:55:31.062 24153 24176 I ViewRootImpl@34d5541[MainActivity]: Received frameCommittedCallback lastAttemptedDrawFrameNum=1 didProduceBuffer=true
10-17 12:55:31.066 24153 24176 D OpenGLRenderer: CFMS:: SetUp Pid : 24153    Tid : 24176
10-17 12:55:31.071 24153 24153 I ViewRootImpl@34d5541[MainActivity]: onSyncComplete
10-17 12:55:31.071 24153 24153 I ViewRootImpl@34d5541[MainActivity]: setupSync seqId=0 mSyncId=0 fn=1 caller=android.view.ViewRootImpl$$ExternalSyntheticLambda11.accept:6 android.window.SurfaceSyncer.lambda$setupSync$1$android-window-SurfaceSyncer:128 android.window.SurfaceSyncer$$ExternalSyntheticLambda1.accept:8 android.window.SurfaceSyncer$SyncSet.checkIfSyncIsComplete:382 android.window.SurfaceSyncer$SyncSet.markSyncReady:359 android.window.SurfaceSyncer.markSyncReady:151 android.view.ViewRootImpl.performTraversals:4503 
10-17 12:55:31.072 24153 24153 I ViewRootImpl@34d5541[MainActivity]: reportDrawFinished seqId=0 mSyncId=-1 fn=1 mSurfaceChangedTransaction=0x7b36519d00
10-17 12:55:31.072 24153 24153 I ViewRootImpl@6784265[MainActivity]: MSG_WINDOW_FOCUS_CHANGED 0 0
10-17 12:55:31.093 24153 24153 I ViewRootImpl@6784265[MainActivity]: MSG_WINDOW_FOCUS_CHANGED 0 0
10-17 12:55:31.130 24153 24153 I ViewRootImpl@34d5541[MainActivity]: MSG_WINDOW_FOCUS_CHANGED 1 0
10-17 12:55:31.130 24153 24153 I ViewRootImpl@34d5541[MainActivity]: mThreadedRenderer.initializeIfNeeded()#2 mSurface={isValid=true 0x7ae54c4800}
10-17 12:55:31.131 24153 24153 D InputMethodManager: startInputInner - Id : 0
10-17 12:55:31.131 24153 24153 I InputMethodManager: startInputInner - mService.startInputOrWindowGainedFocus
10-17 12:55:31.154 24153 24202 D AsiaTVLogs: Found 'epwatch' value: 98344
10-17 12:55:31.873 24153 24202 D AsiaTVLogs: Got redirect URL: https://asiawiki.me/%d9%85%d8%b3%d9%84%d8%b3%d9%84-%d8%a7%d9%84%d8%aa%d8%a7%d8%b1%d9%88-%d8%aa%d9%82%d8%b1%d9%8a%d8%b1/
10-17 12:55:31.873 24153 24202 D AsiaTVLogs: Got Cookies: episode_id=98344; Path=/; Max-Age=2592000; Expires=Sun, 16 Nov 2025 11:55:32 GMT
10-17 12:55:33.173 24153 24202 D AsiaTVLogs: Successfully fetched watch page content.
10-17 12:55:33.180 24153 24202 D AsiaTVLogs: Found embed URL: https://www.asiatvplayer.com/embed-9q0q2rd3nety.html
10-17 12:55:33.183 24153 24202 D AsiaTvPlayer: Extractor invoked for URL: https://www.asiatvplayer.com/embed-9q0q2rd3nety.html
10-17 12:55:33.186 24153 24202 D AsiaTVLogs: Found embed URL: https://d-s.io/e/rknmmsejp2uk
10-17 12:55:33.229 24153 24202 D AsiaTVLogs: Successfully loaded links from: https://d-s.io/e/rknmmsejp2uk
10-17 12:55:33.230 24153 24202 D AsiaTVLogs: Found embed URL: https://filemoon.to/e/1zjys2c560hy
10-17 12:55:33.234 24153 24202 D AsiaTVLogs: Found embed URL: https://luluvid.com/e/k76oxnewcfxw
