--------- beginning of main
10-17 13:13:11.210 28680 28680 D InputTransport: Input channel destroyed: 'a72fb0c', fd=153
10-17 13:13:11.245 28680 28680 I ViewRootImpl@fd98f5c[MainActivity]: MSG_WINDOW_FOCUS_CHANGED 1 0
10-17 13:13:11.245 28680 28680 I ViewRootImpl@fd98f5c[MainActivity]: mThreadedRenderer.initializeIfNeeded()#2 mSurface={isValid=true 0x7b5be37800}
10-17 13:13:11.249 28680 28680 D InputMethodManager: startInputInner - Id : 0
10-17 13:13:11.249 28680 28680 I InputMethodManager: startInputInner - mService.startInputOrWindowGainedFocus
10-17 13:13:11.684 28680 28680 I ViewRootImpl@fd98f5c[MainActivity]: ViewPostIme pointer 0
10-17 13:13:11.794 28680 28680 D WindowOnBackDispatcher: onBackInvoked, viewRoot=ViewRootImpl@63758da[MainActivity], callback=androidx.activity.OnBackPressedDispatcher$Api33Impl$$ExternalSyntheticLambda0@27a4bf
10-17 13:13:11.807 28680 28680 I IMM_LC  : hsifw() - flag : 0
10-17 13:13:11.807 28680 28680 I IMM_LC  : hsifw() - mService.hideSoftInput
10-17 13:13:11.816 28680 28680 D ScrollView: initGoToTop
10-17 13:13:11.862 28680 28680 E CoilImgLoader: Error loading image: coil3.request.NullRequestDataException: The request's data is null.
10-17 13:13:11.871 28680 28680 D ScrollView:  onsize change changed 
10-17 13:13:12.659 28680 28680 I ViewRootImpl@fd98f5c[MainActivity]: ViewPostIme pointer 0
10-17 13:13:12.700 28680 28680 I ViewRootImpl@fd98f5c[MainActivity]: ViewPostIme pointer 1
10-17 13:13:12.708 28680 28680 I NavComponent: Navigating to fragment: 2131361879
10-17 13:13:12.713 28680 28680 I IMM_LC  : hsifw() - flag : 0
10-17 13:13:12.713 28680 28680 I IMM_LC  : hsifw() - mService.hideSoftInput
10-17 13:13:13.585 28680 28680 I ViewRootImpl@fd98f5c[MainActivity]: ViewPostIme pointer 0
10-17 13:13:13.642 28680 28680 I ViewRootImpl@fd98f5c[MainActivity]: ViewPostIme pointer 1
10-17 13:13:13.669 28680 28680 I IMM_LC  : hsifw() - flag : 0
10-17 13:13:13.669 28680 28680 I IMM_LC  : hsifw() - mService.hideSoftInput
10-17 13:13:13.786 28680 28680 I PLG     : updatePluginList = https://raw.githubusercontent.com/adamwolker21/DZ/refs/heads/master/repo.json
10-17 13:13:13.786 28680 28680 I PLG     : getPlugins = https://raw.githubusercontent.com/adamwolker21/DZ/refs/heads/master/repo.json
10-17 13:13:13.980 28680 28738 D VotingApi: Requesting: https://counterapi.com/api/cs-raw.githubusercontent.com-adamwolker21-DZ/vote/6dc8375a9c21c941e4f4638f351ba59129efb002ec683156e6e11dbcbd8c1d5d?readOnly=true
10-17 13:13:14.004 28680 28738 D VotingApi: Requesting: https://counterapi.com/api/cs-raw.githubusercontent.com-adamwolker21-DZ/vote/806f9e9bb0fe6eed948cf51910bda7c7a4f4470876514f9eb99299b4b4e46db4?readOnly=true
10-17 13:13:14.939 28680 28686 W st.cloudstream3: Cleared Reference was only reachable from finalizer (only reported once)
10-17 13:13:15.037 28680 28686 I st.cloudstream3: Background concurrent copying GC freed 22MB AllocSpace bytes, 79(3324KB) LOS objects, 49% free, 13MB/27MB, paused 435us,136us total 248.220ms
10-17 13:13:15.044 28680 28705 D OpenGLRenderer: setSurface called with nullptr
10-17 13:13:15.045 28680 28687 D InputTransport: Input channel destroyed: 'ClientS', fd=133
10-17 13:13:15.828 28680 28680 I ViewRootImpl@fd98f5c[MainActivity]: ViewPostIme pointer 0
10-17 13:13:15.884 28680 28680 I ViewRootImpl@fd98f5c[MainActivity]: ViewPostIme pointer 1
10-17 13:13:15.893 28680 28741 I PLG     : handlePluginAction = https://raw.githubusercontent.com/adamwolker21/DZ/refs/heads/master/repo.json, (https://raw.githubusercontent.com/adamwolker21/DZ/refs/heads/master/repo.json, SitePlugin(url=https://raw.githubusercontent.com/adamwolker21/DZ/builds/Asiatv.one.cs3, status=1, version=1, apiVersion=1, name=Asiatv.one, internalName=Asiatv.one, authors=[adamwolker21], description=Asiatv.one, repositoryUrl=https://github.com/adamwolker21/DZ, tvTypes=[Movie, TvSeries], language=ar, iconUrl=https://asiatv.one/wp-content/uploads/2021/09/cropped-asiadrama-192x192.png.webp, fileSize=18399)), false
10-17 13:13:15.895 28680 28741 D PluginManager: Downloading plugin: https://raw.githubusercontent.com/adamwolker21/DZ/builds/Asiatv.one.cs3 to /data/user/0/com.lagradost.cloudstream3/files/Extensions/httpsraw.githubusercontent.comadamwolker21DZrefsheadsmasterrepo.json.-468825824/Asiatv.one.344131172.cs3
10-17 13:13:16.153 28680 28741 I PluginManager: Unloading plugin: /data/user/0/com.lagradost.cloudstream3/files/Extensions/httpsraw.githubusercontent.comadamwolker21DZrefsheadsmasterrepo.json.-468825824/Asiatv.one.344131172.cs3
10-17 13:13:16.153 28680 28741 W PluginManager: Couldn't find plugin /data/user/0/com.lagradost.cloudstream3/files/Extensions/httpsraw.githubusercontent.comadamwolker21DZrefsheadsmasterrepo.json.-468825824/Asiatv.one.344131172.cs3
10-17 13:13:16.154 28680 28741 I PluginManager: Loading plugin: PluginData(internalName=Asiatv.one, url=https://raw.githubusercontent.com/adamwolker21/DZ/builds/Asiatv.one.cs3, isOnline=true, filePath=/data/user/0/com.lagradost.cloudstream3/files/Extensions/httpsraw.githubusercontent.comadamwolker21DZrefsheadsmasterrepo.json.-468825824/Asiatv.one.344131172.cs3, version=-2147483648)
10-17 13:13:16.211 28680 28741 I PluginInstance: Adding AsiaTV (https://asiatv.one) MainAPI
10-17 13:13:16.211 28680 28741 I PluginInstance: Adding AsiaTvPlayer (https://www.asiatvplayer.com) ExtractorApi
10-17 13:13:16.231 28680 28741 I PluginManager: Loaded plugin Asiatv.one successfully
10-17 13:13:16.232 28680 28741 I PLG     : getPlugins = https://raw.githubusercontent.com/adamwolker21/DZ/refs/heads/master/repo.json
10-17 13:13:16.232 28680 28680 I COMPACT : showToast = Plugin Loaded
10-17 13:13:16.240 28680 28680 D CompatibilityChangeReporter: Compat change id reported: 147798919; UID 10526; state: ENABLED
10-17 13:13:16.240 28680 28680 E Toast   : setGravity() shouldn't be called on text toasts, the values won't be used
10-17 13:13:16.240 28680 28680 I Toast   : setView: it's a custom toast
10-17 13:13:16.248 28680 28680 V Toast   : show: caller = com.lagradost.cloudstream3.CommonActivity.showToast:175 
10-17 13:13:16.313 28680 28680 V Toast   : HANDLE SHOW: android.widget.Toast$TN@222171e mView=null mNextView=androidx.cardview.widget.CardView{ac32bff V.E..V... ......ID 0,0-0,0 #7f0a0557 app:id/toast_layout_root}
10-17 13:13:16.315 28680 28680 V ToastPresenter: sipHeight = -39
10-17 13:13:16.317 28680 28680 V ToastPresenter: yOffset = 13
10-17 13:13:16.326 28680 28705 D NativeCustomFrequencyManager: [NativeCFMS] BpCustomFrequencyManager::BpCustomFrequencyManager()
10-17 13:13:16.333 28680 28680 D InsetsController: onStateChanged: InsetsState: {mDisplayFrame=Rect(0, 0 - 1080, 2400), mDisplayCutout=DisplayCutout{insets=Rect(0, 88 - 0, 0) waterfall=Insets{left=0, top=0, right=0, bottom=0} boundingRect={Bounds=[Rect(0, 0 - 0, 0), Rect(512, 0 - 568, 88), Rect(0, 0 - 0, 0), Rect(0, 0 - 0, 0)]} cutoutPathParserInfo={CutoutPathParserInfo{displayWidth=1080 displayHeight=2400 physicalDisplayWidth=1080 physicalDisplayHeight=2400 density={2.625} cutoutSpec={M 0,0 M 0,12.25101276465640 a 10.60613009248640,10.60613009248640 0 1,0 0,21.21226018497290 a 10.60613009248640,10.60613009248640 0 1,0 0,-21.21226018497290 Z @dp} rotation={0} scale={1.0} physicalPixelDisplaySizeRatio={1.0}}}}, mRoundedCorners=RoundedCorners{[RoundedCorner{position=TopLeft, radius=84, center=Point(84, 84)}, RoundedCorner{position=TopRight, radius=84, center=Point(996, 84)}, RoundedCorner{position=BottomRight, radius=84, center=Point(996, 2316)}, RoundedCorner{position=BottomLeft, radius=84, center=Point(84, 2316)}]}  mRoundedCornerFrame=Rect(0, 0 - 0, 0), mPrivacyIndicatorBounds=PrivacyIndicatorBounds {static bounds=Rect(964, 0 - 1080, 87) rotation=0}, mSources= { InsetsSource: {mType=ITYPE_NAVIGATION_BAR, mFrame=[0,2361][1080,2400], mVisible=true, mInsetsRoundedCornerFrame=false}, InsetsSource: {mType=ITYPE_LEFT_GESTURES, mFrame=[0,0][130,2400], mVisible=true, mInsetsRoundedCornerFrame=false}, InsetsSource: {mType=ITYPE_RIGHT_GESTURES, mFrame=[950,0][1080,2400], mVisible=true, mInsetsRoundedCornerFrame=false}, InsetsSource: {mType=ITYPE_TOP_MANDATORY_GESTURES, mFrame=[0,0][1080,120], mVisible=true, mInsetsRoundedCornerFrame=false}, InsetsSource: {mType=ITYPE_BOTTOM_MANDATORY_GESTURES, mFrame=[0,2316][1080,2400], mVisible=true, mInsetsRoundedCornerFrame=false}, InsetsSource: {mType=ITYPE_LEFT_DISPLAY_CUTOUT, mFrame=[0,0][-100000,2400], mVisible=true, mInsetsRoundedCornerFrame=false}, InsetsSource: {mType=ITYPE_TOP_DISPLAY_CUTOUT, mFrame=[0,0][1080,88], mVisible=true, mInsetsRoundedCornerFrame=false}, InsetsSource: {mType=ITYPE_RIGHT_DISPLAY_CUTOUT, mFrame=[100000,0][1080,2400], mVisible=true, mInsetsRoundedCornerFrame=false}, InsetsSource: {mType=ITYPE_BOTTOM_DISPLAY_CUTOUT, mFrame=[0,100000][1080,2400], mVisible=true, mInsetsRoundedCornerFrame=false}, InsetsSource: {mType=ITYPE_BOTTOM_TAPPABLE_ELEMENT, mFrame=[0,0][0,0], mVisible=true, mInsetsRoundedCornerFrame=false} } host=Toast from=android.view.ViewRootImpl.setView:1732
10-17 13:13:16.334 28680 28680 I ViewRootImpl@2bb9dcc[Toast]: setView = androidx.cardview.widget.CardView@ac32bff TM=true
10-17 13:13:16.340 28680 28680 I ViewRootImpl@2bb9dcc[Toast]: performTraversals params={(0,13)(wrapxwrap) gr=BOTTOM CENTER sim={adjust=resize} ty=TOAST fmt=TRANSLUCENT wanim=0x1030004 surfaceInsets=Rect(11, 11 - 11, 11)
10-17 13:13:16.340 28680 28680 I ViewRootImpl@2bb9dcc[Toast]:   fl=1000098
10-17 13:13:16.340 28680 28680 I ViewRootImpl@2bb9dcc[Toast]:   pfl=12000000
10-17 13:13:16.340 28680 28680 I ViewRootImpl@2bb9dcc[Toast]:   bhv=DEFAULT
10-17 13:13:16.340 28680 28680 I ViewRootImpl@2bb9dcc[Toast]:   fitTypes=STATUS_BARS NAVIGATION_BARS CAPTION_BAR
10-17 13:13:16.340 28680 28680 I ViewRootImpl@2bb9dcc[Toast]:   fitIgnoreVis naviIconColor=0}
10-17 13:13:16.341 28680 28680 I ViewRootImpl@2bb9dcc[Toast]: performTraversals mFirst=true windowShouldResize=false viewVisibilityChanged=false mForceNextWindowRelayout=false params={(0,13)(wrapxwrap) gr=BOTTOM CENTER sim={adjust=resize} ty=TOAST fmt=TRANSLUCENT wanim=0x1030004 surfaceInsets=Rect(11, 11 - 11, 11)
10-17 13:13:16.341 28680 28680 I ViewRootImpl@2bb9dcc[Toast]:   fl=1000098
10-17 13:13:16.341 28680 28680 I ViewRootImpl@2bb9dcc[Toast]:   pfl=12000000
10-17 13:13:16.341 28680 28680 I ViewRootImpl@2bb9dcc[Toast]:   bhv=DEFAULT
10-17 13:13:16.341 28680 28680 I ViewRootImpl@2bb9dcc[Toast]:   fitTypes=STATUS_BARS NAVIGATION_BARS CAPTION_BAR
10-17 13:13:16.341 28680 28680 I ViewRootImpl@2bb9dcc[Toast]:   fitIgnoreVis naviIconColor=0}
10-17 13:13:16.346 28680 28680 I ViewRootImpl@2bb9dcc[Toast]: updateBlastSurfaceIfNeeded mBlastBufferQueue=null isSameSurfaceControl=false
10-17 13:13:16.347 28680 28680 I BLASTBufferQueue: new BLASTBufferQueue, mName= ViewRootImpl@2bb9dcc[Toast] mNativeObject= 0x7bdd5fce00 sc.mNativeObject= 0x7bdd4c5b60 caller= android.view.ViewRootImpl.updateBlastSurfaceIfNeeded:2909 android.view.ViewRootImpl.relayoutWindow:9847 android.view.ViewRootImpl.performTraversals:3884 android.view.ViewRootImpl.doTraversal:3116 android.view.ViewRootImpl$TraversalRunnable.run:10885 android.view.Choreographer$CallbackRecord.run:1301 android.view.Choreographer$CallbackRecord.run:1309 android.view.Choreographer.doCallbacks:923 android.view.Choreographer.doFrame:852 android.view.Choreographer$FrameDisplayEventReceiver.run:1283 
10-17 13:13:16.347 28680 28680 I BLASTBufferQueue: update, w= 373 h= 178 mName = ViewRootImpl@2bb9dcc[Toast] mNativeObject= 0x7bdd5fce00 sc.mNativeObject= 0x7bdd4c5b60 format= -3 caller= android.graphics.BLASTBufferQueue.<init>:84 android.view.ViewRootImpl.updateBlastSurfaceIfNeeded:2909 android.view.ViewRootImpl.relayoutWindow:9847 android.view.ViewRootImpl.performTraversals:3884 android.view.ViewRootImpl.doTraversal:3116 android.view.ViewRootImpl$TraversalRunnable.run:10885 
10-17 13:13:16.348 28680 28680 I ViewRootImpl@2bb9dcc[Toast]: Relayout returned: old=(0,88,1080,2361) new=(364,2192,715,2348) req=(351,156)0 dur=5 res=0x3 s={true 0x7b5bee3800} ch=true seqId=0
10-17 13:13:16.348 28680 28680 I ViewRootImpl@2bb9dcc[Toast]: mThreadedRenderer.initialize() mSurface={isValid=true 0x7b5bee3800} hwInitialized=true
10-17 13:13:16.349 28680 28705 D OpenGLRenderer: eglCreateWindowSurface
10-17 13:13:16.349 28680 28680 I ViewRootImpl@2bb9dcc[Toast]: reportNextDraw android.view.ViewRootImpl.performTraversals:4438 android.view.ViewRootImpl.doTraversal:3116 android.view.ViewRootImpl$TraversalRunnable.run:10885 android.view.Choreographer$CallbackRecord.run:1301 android.view.Choreographer$CallbackRecord.run:1309 
10-17 13:13:16.349 28680 28680 I ViewRootImpl@2bb9dcc[Toast]: Setup new sync id=0
10-17 13:13:16.349 28680 28680 I ViewRootImpl@2bb9dcc[Toast]: Setting syncFrameCallback
10-17 13:13:16.349 28680 28680 I ViewRootImpl@2bb9dcc[Toast]: registerCallbacksForSync syncBuffer=false
10-17 13:13:16.367 28680 28762 I ViewRootImpl@2bb9dcc[Toast]: Received frameDrawingCallback syncResult=0 frameNum=1.
10-17 13:13:16.367 28680 28762 I ViewRootImpl@2bb9dcc[Toast]: Setting up sync and frameCommitCallback
10-17 13:13:16.371 28680 28705 I BLASTBufferQueue: [ViewRootImpl@2bb9dcc[Toast]#2](f:0,a:0) onFrameAvailable the first frame is available
10-17 13:13:16.372 28680 28705 I ViewRootImpl@2bb9dcc[Toast]: Received frameCommittedCallback lastAttemptedDrawFrameNum=1 didProduceBuffer=true
10-17 13:13:16.374 28680 28705 D OpenGLRenderer: CFMS:: SetUp Pid : 28680    Tid : 28705
10-17 13:13:16.377 28680 28680 I ViewRootImpl@2bb9dcc[Toast]: onSyncComplete
10-17 13:13:16.377 28680 28680 I ViewRootImpl@2bb9dcc[Toast]: setupSync seqId=0 mSyncId=0 fn=1 caller=android.view.ViewRootImpl$$ExternalSyntheticLambda11.accept:6 android.window.SurfaceSyncer.lambda$setupSync$1$android-window-SurfaceSyncer:128 android.window.SurfaceSyncer$$ExternalSyntheticLambda1.accept:8 android.window.SurfaceSyncer$SyncSet.checkIfSyncIsComplete:382 android.window.SurfaceSyncer$SyncSet.markSyncReady:359 android.window.SurfaceSyncer.markSyncReady:151 android.view.ViewRootImpl.performTraversals:4503 
10-17 13:13:16.377 28680 28680 I ViewRootImpl@2bb9dcc[Toast]: reportDrawFinished seqId=0 mSyncId=-1 fn=1 mSurfaceChangedTransaction=0x7bdd5e3d00
10-17 13:13:17.540 28680 28680 I ViewRootImpl@fd98f5c[MainActivity]: ViewPostIme pointer 0
10-17 13:13:17.619 28680 28680 I ViewRootImpl@fd98f5c[MainActivity]: ViewPostIme pointer 1
10-17 13:13:17.643 28680 28680 I IMM_LC  : hsifw() - flag : 0
10-17 13:13:17.643 28680 28680 I IMM_LC  : hsifw() - mService.hideSoftInput
10-17 13:13:18.265 28680 28705 D OpenGLRenderer: setSurface called with nullptr
10-17 13:13:18.265 28680 28705 D OpenGLRenderer: setSurface() destroyed EGLSurface
10-17 13:13:18.265 28680 28705 D OpenGLRenderer: destroyEglSurface
10-17 13:13:18.266 28680 28680 I ViewRootImpl@2bb9dcc[Toast]: dispatchDetachedFromWindow
10-17 13:13:18.276 28680 28680 D InputTransport: Input channel destroyed: '8496f0f', fd=158
10-17 13:13:19.291 28680 28686 I st.cloudstream3: Background concurrent copying GC freed 5496KB AllocSpace bytes, 53(6156KB) LOS objects, 49% free, 17MB/35MB, paused 447us,60us total 133.893ms
10-17 13:13:19.308 28680 28705 D OpenGLRenderer: setSurface called with nullptr
10-17 13:13:19.326 28680 28688 W System  : A resource failed to call close. 
10-17 13:13:22.173 28680 28686 I st.cloudstream3: Background concurrent copying GC freed 7467KB AllocSpace bytes, 94(11MB) LOS objects, 49% free, 15MB/31MB, paused 1.805ms,76us total 119.518ms
10-17 13:13:22.941 28680 28680 I ViewRootImpl@fd98f5c[MainActivity]: ViewPostIme pointer 0
10-17 13:13:23.222 28680 28680 I ViewRootImpl@fd98f5c[MainActivity]: ViewPostIme pointer 1
10-17 13:13:23.477 28680 28680 I ViewRootImpl@fd98f5c[MainActivity]: ViewPostIme pointer 0
10-17 13:13:23.676 28680 28680 I ViewRootImpl@fd98f5c[MainActivity]: ViewPostIme pointer 1
10-17 13:13:24.557 28680 28680 I ViewRootImpl@fd98f5c[MainActivity]: ViewPostIme pointer 0
10-17 13:13:24.754 28680 28680 I ViewRootImpl@fd98f5c[MainActivity]: ViewPostIme pointer 1
10-17 13:13:25.060 28680 28680 I ViewRootImpl@fd98f5c[MainActivity]: ViewPostIme pointer 0
10-17 13:13:25.367 28680 28680 I ViewRootImpl@fd98f5c[MainActivity]: ViewPostIme pointer 1
10-17 13:13:25.591 28680 28680 I ViewRootImpl@fd98f5c[MainActivity]: ViewPostIme pointer 0
10-17 13:13:25.875 28680 28680 I ViewRootImpl@fd98f5c[MainActivity]: ViewPostIme pointer 1
10-17 13:13:26.658 28680 28680 I ViewRootImpl@fd98f5c[MainActivity]: ViewPostIme pointer 0
10-17 13:13:26.846 28680 28680 I ViewRootImpl@fd98f5c[MainActivity]: ViewPostIme pointer 1
10-17 13:13:28.379 28680 28680 I ViewRootImpl@fd98f5c[MainActivity]: ViewPostIme pointer 0
10-17 13:13:28.444 28680 28680 I ViewRootImpl@fd98f5c[MainActivity]: ViewPostIme pointer 1
10-17 13:13:28.661 28680 28680 I ViewRootImpl@fd98f5c[MainActivity]: ViewPostIme pointer 0
10-17 13:13:28.709 28680 28680 I ViewRootImpl@fd98f5c[MainActivity]: ViewPostIme pointer 1
10-17 13:13:28.731 28680 28680 I NavComponent: Navigating to fragment: 2131362274
10-17 13:13:28.748 28680 28680 I IMM_LC  : hsifw() - flag : 0
10-17 13:13:28.748 28680 28680 I IMM_LC  : hsifw() - mService.hideSoftInput
10-17 13:13:28.808 28680 28680 D ScrollView: initGoToTop
10-17 13:13:29.111 28680 28680 I SurfaceView@5462948: onWindowVisibilityChanged(0) true android.view.SurfaceView{5462948 V.E..V... ......I. 0,0-0,0} of ViewRootImpl@fd98f5c[MainActivity]
10-17 13:13:29.111 28680 28680 D SurfaceView@5462948: updateSurface: has no frame
10-17 13:13:29.118 28680 28680 I CS3ExoPlayer: SET STYLE = SaveCaptionStyle(foregroundColor=-1, backgroundColor=0, windowColor=0, edgeType=1, edgeColor=-16777216, typeface=null, typefaceFilePath=null, elevation=20, fixedTextSize=null, edgeSize=null, removeCaptions=false, removeBloat=true, upperCase=false, bold=false, italic=false, backgroundRadius=null)
10-17 13:13:29.133 28680 28680 D VideoClickActionHolder: allVideoClickActions: [null:com.lagradost.cloudstream3.actions.temp.PlayInBrowserAction, null:com.lagradost.cloudstream3.actions.temp.CopyClipboardAction, null:com.lagradost.cloudstream3.actions.temp.ViewM3U8Action, null:com.lagradost.cloudstream3.actions.temp.VlcPackage, null:com.lagradost.cloudstream3.actions.temp.MpvPackage, null:com.lagradost.cloudstream3.actions.temp.NextPlayerPackage, null:com.lagradost.cloudstream3.actions.temp.JustPlayerPackage, null:com.lagradost.cloudstream3.actions.temp.fcast.FcastAction, null:com.lagradost.cloudstream3.actions.temp.LibreTorrentPackage, null:com.lagradost.cloudstream3.actions.temp.BiglyBTPackage, null:com.lagradost.cloudstream3.actions.temp.VlcNightlyPackage, null:com.lagradost.cloudstream3.actions.temp.WebVideoCastPackage, null:com.lagradost.cloudstream3.actions.temp.MpvYTDLPackage, null:com.lagradost.cloudstream3.actions.temp.MpvKtPackage, null:com.lagradost.cloudstream3.actions.temp.MpvKtPreviewPackage, null:com.lagradost.cloudstream3.actions.AlwaysAskAction]
10-17 13:13:29.134 28680 28680 I IMM_LC  : hsifw() - flag : 0
10-17 13:13:29.134 28680 28680 I IMM_LC  : hsifw() - mService.hideSoftInput
10-17 13:13:29.136 28680 28732 I SYNCVM  : addFromUrl = https://asiatv.one/drama/tempest-%d9%85%d8%b3%d9%84%d8%b3%d9%84-%d8%a7%d9%84%d8%b9%d8%a7%d8%b5%d9%81%d8%a9-%d8%aa%d9%82%d8%b1%d9%8a%d8%b1-%d8%ad%d9%84%d9%82%d8%a7%d8%aa-%d9%85%d8%aa%d8%b1%d8%ac%d9%85%d8%a9/
10-17 13:13:29.137 28680 28732 I SYNCUTIL: getIdsFromUrl https://asiatv.one/drama/tempest-%d9%85%d8%b3%d9%84%d8%b3%d9%84-%d8%a7%d9%84%d8%b9%d8%a7%d8%b5%d9%81%d8%a9-%d8%aa%d9%82%d8%b1%d9%8a%d8%b1-%d8%ad%d9%84%d9%82%d8%a7%d8%aa-%d9%85%d8%aa%d8%b1%d8%ac%d9%85%d8%a9/
10-17 13:13:29.156 28680 28680 I SurfaceView@5462948: onWindowVisibilityChanged(8) false android.view.SurfaceView{5462948 V.E..V... ......I. 0,0-0,0} of ViewRootImpl@fd98f5c[MainActivity]
10-17 13:13:29.156 28680 28680 D SurfaceView@5462948: updateSurface: has no frame
10-17 13:13:29.156 28680 28680 D SurfaceView@5462948: updateSurface: has no frame
10-17 13:13:29.156 28680 28680 I SurfaceView@5462948: onDetachedFromWindow: tryReleaseSurfaces()
10-17 13:13:29.156 28680 28680 I SurfaceView@5462948: releaseSurfaces: viewRoot = ViewRootImpl@fd98f5c[MainActivity]
10-17 13:13:29.156 28680 28680 I SurfaceView@5462948: applyTransactionOnVriDraw: vri = ViewRootImpl@fd98f5c[MainActivity] fRS = true t = 0x7ae9af3500 android.view.SurfaceView.releaseSurfaces:858 android.view.SurfaceView.onDetachedFromWindow:500 android.view.View.dispatchDetachedFromWindow:22538 
10-17 13:13:29.156 28680 28680 I SurfaceView@5462948: applyTransactionOnVriDraw: viewRoot.applyTransactionOnDrawFromReleaseSurfaces
10-17 13:13:29.157 28680 28680 I ViewRootImpl@fd98f5c[MainActivity]: applyTransactionOnDraw: mRemoved = false isHardwareEnabled = true t = 0x7ae9af3500android.view.ViewRootImpl.applyTransactionOnDrawFromReleaseSurfaces:12850 android.view.SurfaceView.applyTransactionOnVriDraw:2046 android.view.SurfaceView.releaseSurfaces:858 android.view.SurfaceView.onDetachedFromWindow:500 android.view.View.dispatchDetachedFromWindow:22538 
10-17 13:13:29.158 28680 28680 I SurfaceView@5462948: onWindowVisibilityChanged(0) true android.view.SurfaceView{5462948 V.E..V... ......I. 0,0-0,0} of ViewRootImpl@fd98f5c[MainActivity]
10-17 13:13:29.158 28680 28680 D SurfaceView@5462948: updateSurface: has no frame
10-17 13:13:29.166 28680 28680 I DecorView: notifyKeepScreenOnChanged: keepScreenOn=false
10-17 13:13:29.180 28680 28680 I CS3ExoPlayer: reloadPlayer
10-17 13:13:29.180 28680 28680 I CS3ExoPlayer: releasePlayer
10-17 13:13:29.180 28680 28680 I CS3ExoPlayer: Handle event: PlayerAttachedEvent(player=null, source=Player)
10-17 13:13:29.186 28680 28680 I ViewRootImpl@fd98f5c[MainActivity]: performTraversals params={(0,0)(fillxfill) sim={state=always_hidden adjust=resize} ty=BASE_APPLICATION wanim=0x1030309
10-17 13:13:29.186 28680 28680 I ViewRootImpl@fd98f5c[MainActivity]:   fl=85810100
10-17 13:13:29.186 28680 28680 I ViewRootImpl@fd98f5c[MainActivity]:   pfl=12020040
10-17 13:13:29.186 28680 28680 I ViewRootImpl@fd98f5c[MainActivity]:   vsysui=500
10-17 13:13:29.186 28680 28680 I ViewRootImpl@fd98f5c[MainActivity]:   bhv=DEFAULT
10-17 13:13:29.186 28680 28680 I ViewRootImpl@fd98f5c[MainActivity]:   fitSides= naviIconColor=0}
10-17 13:13:29.186 28680 28680 I ViewRootImpl@fd98f5c[MainActivity]: performTraversals mFirst=false windowShouldResize=false viewVisibilityChanged=false mForceNextWindowRelayout=false params={(0,0)(fillxfill) sim={state=always_hidden adjust=resize} ty=BASE_APPLICATION fmt=TRANSLUCENT wanim=0x1030309
10-17 13:13:29.186 28680 28680 I ViewRootImpl@fd98f5c[MainActivity]:   fl=85810100
10-17 13:13:29.186 28680 28680 I ViewRootImpl@fd98f5c[MainActivity]:   pfl=12020040
10-17 13:13:29.186 28680 28680 I ViewRootImpl@fd98f5c[MainActivity]:   vsysui=500
10-17 13:13:29.186 28680 28680 I ViewRootImpl@fd98f5c[MainActivity]:   bhv=DEFAULT
10-17 13:13:29.186 28680 28680 I ViewRootImpl@fd98f5c[MainActivity]:   fitSides= naviIconColor=0}
10-17 13:13:29.193 28680 28680 I ViewRootImpl@fd98f5c[MainActivity]: updateBlastSurfaceIfNeeded mBlastBufferQueue=0x7b4505a500 isSameSurfaceControl=true
10-17 13:13:29.193 28680 28680 I BLASTBufferQueue: update, w= 1080 h= 2400 mName = ViewRootImpl@fd98f5c[MainActivity] mNativeObject= 0x7b4505a500 sc.mNativeObject= 0x7ae9af8dc0 format= -3 caller= android.view.ViewRootImpl.updateBlastSurfaceIfNeeded:2898 android.view.ViewRootImpl.relayoutWindow:9847 android.view.ViewRootImpl.performTraversals:3884 android.view.ViewRootImpl.doTraversal:3116 android.view.ViewRootImpl$TraversalRunnable.run:10885 android.view.Choreographer$CallbackRecord.run:1301 
10-17 13:13:29.193 28680 28680 I ViewRootImpl@fd98f5c[MainActivity]: Relayout returned: old=(0,0,1080,2400) new=(0,0,1080,2400) req=(1080,2400)0 dur=7 res=0x0 s={true 0x7b5be37800} ch=false seqId=0
10-17 13:13:29.195 28680 28680 W View    : requestLayout() improperly called by android.widget.FrameLayout{313f9d1 I.E..V... ......I. 0,0-0,0 #7f0a04e7 app:id/start_panel} during layout: running second layout pass
10-17 13:13:29.195 28680 28680 W View    : requestLayout() improperly called by android.widget.FrameLayout{e453c36 I.E..V... ......ID 1080,0-1080,2143 #7f0a0168 app:id/end_panel} during layout: running second layout pass
10-17 13:13:29.196 28680 28680 D SurfaceView@5462948: updateSurface: has no frame
10-17 13:13:29.202 28680 28763 I ViewRootImpl@fd98f5c[MainActivity]: mWNT: t=0x7ae9af3500 mBlastBufferQueue=0x7b4505a500 fn= 803 caller= android.view.ViewRootImpl.lambda$applyTransactionOnDraw$11$android-view-ViewRootImpl:12865 android.view.ViewRootImpl$$ExternalSyntheticLambda1.onFrameDraw:4 android.graphics.HardwareRenderer$FrameDrawingCallback.onFrameDraw:924 
10-17 13:13:29.204 28680 28680 D SurfaceView@5462948: updateSurface: has no frame
10-17 13:13:29.227 28680 28680 D SurfaceView@5462948: updateSurface: has no frame
10-17 13:13:29.243 28680 28680 D SurfaceView@5462948: updateSurface: has no frame
10-17 13:13:29.260 28680 28680 D SurfaceView@5462948: updateSurface: has no frame
10-17 13:13:29.277 28680 28680 D SurfaceView@5462948: updateSurface: has no frame
10-17 13:13:29.293 28680 28680 D SurfaceView@5462948: updateSurface: has no frame
10-17 13:13:29.310 28680 28680 D SurfaceView@5462948: updateSurface: has no frame
10-17 13:13:29.326 28680 28680 D SurfaceView@5462948: updateSurface: has no frame
10-17 13:13:29.361 28680 28680 D SurfaceView@5462948: updateSurface: has no frame
10-17 13:13:29.377 28680 28680 D SurfaceView@5462948: updateSurface: has no frame
10-17 13:13:29.393 28680 28680 D SurfaceView@5462948: updateSurface: has no frame
10-17 13:13:29.411 28680 28680 D SurfaceView@5462948: updateSurface: has no frame
10-17 13:13:29.426 28680 28680 D SurfaceView@5462948: updateSurface: has no frame
10-17 13:13:29.443 28680 28680 D SurfaceView@5462948: updateSurface: has no frame
10-17 13:13:29.460 28680 28680 D SurfaceView@5462948: updateSurface: has no frame
10-17 13:13:29.478 28680 28680 D SurfaceView@5462948: updateSurface: has no frame
10-17 13:13:29.494 28680 28680 D SurfaceView@5462948: updateSurface: has no frame
10-17 13:13:29.510 28680 28680 D SurfaceView@5462948: updateSurface: has no frame
10-17 13:13:29.526 28680 28680 D SurfaceView@5462948: updateSurface: has no frame
10-17 13:13:29.543 28680 28680 D SurfaceView@5462948: updateSurface: has no frame
10-17 13:13:29.560 28680 28680 D SurfaceView@5462948: updateSurface: has no frame
10-17 13:13:29.577 28680 28680 D SurfaceView@5462948: updateSurface: has no frame
10-17 13:13:29.593 28680 28680 D SurfaceView@5462948: updateSurface: has no frame
10-17 13:13:29.610 28680 28680 D SurfaceView@5462948: updateSurface: has no frame
10-17 13:13:29.626 28680 28680 D SurfaceView@5462948: updateSurface: has no frame
10-17 13:13:29.643 28680 28680 D SurfaceView@5462948: updateSurface: has no frame
10-17 13:13:29.660 28680 28680 D SurfaceView@5462948: updateSurface: has no frame
10-17 13:13:29.677 28680 28680 D SurfaceView@5462948: updateSurface: has no frame
10-17 13:13:29.693 28680 28680 D SurfaceView@5462948: updateSurface: has no frame
10-17 13:13:29.710 28680 28680 D SurfaceView@5462948: updateSurface: has no frame
10-17 13:13:29.727 28680 28680 D SurfaceView@5462948: updateSurface: has no frame
10-17 13:13:29.743 28680 28680 D SurfaceView@5462948: updateSurface: has no frame
10-17 13:13:29.760 28680 28680 D SurfaceView@5462948: updateSurface: has no frame
10-17 13:13:29.776 28680 28680 D SurfaceView@5462948: updateSurface: has no frame
10-17 13:13:29.793 28680 28680 D SurfaceView@5462948: updateSurface: has no frame
10-17 13:13:29.810 28680 28680 D SurfaceView@5462948: updateSurface: has no frame
10-17 13:13:29.826 28680 28680 D SurfaceView@5462948: updateSurface: has no frame
10-17 13:13:29.843 28680 28680 D SurfaceView@5462948: updateSurface: has no frame
10-17 13:13:29.860 28680 28680 D SurfaceView@5462948: updateSurface: has no frame
10-17 13:13:29.876 28680 28680 D SurfaceView@5462948: updateSurface: has no frame
10-17 13:13:29.893 28680 28680 D SurfaceView@5462948: updateSurface: has no frame
10-17 13:13:29.909 28680 28680 D SurfaceView@5462948: updateSurface: has no frame
10-17 13:13:29.926 28680 28680 D SurfaceView@5462948: updateSurface: has no frame
10-17 13:13:29.943 28680 28680 D SurfaceView@5462948: updateSurface: has no frame
10-17 13:13:29.960 28680 28680 D SurfaceView@5462948: updateSurface: has no frame
10-17 13:13:29.976 28680 28680 D SurfaceView@5462948: updateSurface: has no frame
10-17 13:13:29.993 28680 28680 D SurfaceView@5462948: updateSurface: has no frame
10-17 13:13:30.010 28680 28680 D SurfaceView@5462948: updateSurface: has no frame
10-17 13:13:30.026 28680 28680 D SurfaceView@5462948: updateSurface: has no frame
10-17 13:13:30.043 28680 28680 D SurfaceView@5462948: updateSurface: has no frame
10-17 13:13:30.060 28680 28680 D SurfaceView@5462948: updateSurface: has no frame
10-17 13:13:30.076 28680 28680 D SurfaceView@5462948: updateSurface: has no frame
10-17 13:13:30.093 28680 28680 D SurfaceView@5462948: updateSurface: has no frame
10-17 13:13:30.110 28680 28680 D SurfaceView@5462948: updateSurface: has no frame
10-17 13:13:30.126 28680 28680 D SurfaceView@5462948: updateSurface: has no frame
10-17 13:13:30.143 28680 28680 D SurfaceView@5462948: updateSurface: has no frame
10-17 13:13:30.160 28680 28680 D SurfaceView@5462948: updateSurface: has no frame
10-17 13:13:30.176 28680 28680 D SurfaceView@5462948: updateSurface: has no frame
10-17 13:13:30.193 28680 28680 D SurfaceView@5462948: updateSurface: has no frame
10-17 13:13:30.209 28680 28680 D SurfaceView@5462948: updateSurface: has no frame
10-17 13:13:30.226 28680 28680 D SurfaceView@5462948: updateSurface: has no frame
10-17 13:13:30.243 28680 28680 D SurfaceView@5462948: updateSurface: has no frame
10-17 13:13:30.259 28680 28680 D SurfaceView@5462948: updateSurface: has no frame
10-17 13:13:30.276 28680 28680 D SurfaceView@5462948: updateSurface: has no frame
10-17 13:13:30.293 28680 28680 D SurfaceView@5462948: updateSurface: has no frame
10-17 13:13:30.309 28680 28680 D SurfaceView@5462948: updateSurface: has no frame
10-17 13:13:30.326 28680 28680 D SurfaceView@5462948: updateSurface: has no frame
10-17 13:13:30.343 28680 28680 D SurfaceView@5462948: updateSurface: has no frame
10-17 13:13:30.359 28680 28680 D SurfaceView@5462948: updateSurface: has no frame
10-17 13:13:30.376 28680 28680 D SurfaceView@5462948: updateSurface: has no frame
10-17 13:13:30.392 28680 28680 D SurfaceView@5462948: updateSurface: has no frame
10-17 13:13:30.409 28680 28680 D SurfaceView@5462948: updateSurface: has no frame
10-17 13:13:30.426 28680 28680 D SurfaceView@5462948: updateSurface: has no frame
10-17 13:13:30.443 28680 28680 D SurfaceView@5462948: updateSurface: has no frame
10-17 13:13:30.460 28680 28680 D SurfaceView@5462948: updateSurface: has no frame
10-17 13:13:30.476 28680 28680 D SurfaceView@5462948: updateSurface: has no frame
10-17 13:13:30.493 28680 28680 D SurfaceView@5462948: updateSurface: has no frame
10-17 13:13:30.509 28680 28680 D SurfaceView@5462948: updateSurface: has no frame
10-17 13:13:30.526 28680 28680 D SurfaceView@5462948: updateSurface: has no frame
10-17 13:13:30.543 28680 28680 D SurfaceView@5462948: updateSurface: has no frame
10-17 13:13:30.559 28680 28680 D SurfaceView@5462948: updateSurface: has no frame
10-17 13:13:30.576 28680 28680 D SurfaceView@5462948: updateSurface: has no frame
10-17 13:13:30.593 28680 28680 D SurfaceView@5462948: updateSurface: has no frame
10-17 13:13:30.609 28680 28680 D SurfaceView@5462948: updateSurface: has no frame
10-17 13:13:30.626 28680 28680 D SurfaceView@5462948: updateSurface: has no frame
10-17 13:13:30.643 28680 28680 D SurfaceView@5462948: updateSurface: has no frame
10-17 13:13:30.659 28680 28680 D SurfaceView@5462948: updateSurface: has no frame
10-17 13:13:30.676 28680 28680 D SurfaceView@5462948: updateSurface: has no frame
10-17 13:13:30.684 28680 28740 I RVM2    : applyMeta
10-17 13:13:30.693 28680 28680 D SurfaceView@5462948: updateSurface: has no frame
10-17 13:13:30.709 28680 28680 D SurfaceView@5462948: updateSurface: has no frame
10-17 13:13:30.726 28680 28680 D SurfaceView@5462948: updateSurface: has no frame
10-17 13:13:30.743 28680 28680 D SurfaceView@5462948: updateSurface: has no frame
10-17 13:13:30.759 28680 28680 D SurfaceView@5462948: updateSurface: has no frame
10-17 13:13:30.776 28680 28680 D SurfaceView@5462948: updateSurface: has no frame
10-17 13:13:30.792 28680 28680 D SurfaceView@5462948: updateSurface: has no frame
10-17 13:13:30.809 28680 28680 D SurfaceView@5462948: updateSurface: has no frame
10-17 13:13:30.826 28680 28680 D SurfaceView@5462948: updateSurface: has no frame
10-17 13:13:30.843 28680 28680 D SurfaceView@5462948: updateSurface: has no frame
10-17 13:13:30.859 28680 28680 D SurfaceView@5462948: updateSurface: has no frame
10-17 13:13:30.876 28680 28680 D SurfaceView@5462948: updateSurface: has no frame
10-17 13:13:30.893 28680 28680 D SurfaceView@5462948: updateSurface: has no frame
10-17 13:13:30.910 28680 28680 D SurfaceView@5462948: updateSurface: has no frame
10-17 13:13:30.925 28680 28680 D SurfaceView@5462948: updateSurface: has no frame
10-17 13:13:30.942 28680 28680 D SurfaceView@5462948: updateSurface: has no frame
10-17 13:13:30.959 28680 28680 D SurfaceView@5462948: updateSurface: has no frame
10-17 13:13:30.975 28680 28680 D SurfaceView@5462948: updateSurface: has no frame
10-17 13:13:30.993 28680 28680 D SurfaceView@5462948: updateSurface: has no frame
10-17 13:13:31.040 28680 28680 D SurfaceView@5462948: updateSurface: has no frame
10-17 13:13:31.052 28680 28680 D SurfaceView@5462948: updateSurface: has no frame
10-17 13:13:31.056 28680 28686 I st.cloudstream3: Background concurrent copying GC freed 8880KB AllocSpace bytes, 21(2028KB) LOS objects, 49% free, 21MB/42MB, paused 246us,64us total 150.255ms
10-17 13:13:31.059 28680 28680 D SurfaceView@5462948: updateSurface: has no frame
10-17 13:13:31.068 28680 28680 W PanelsChildGestureRegionObserver: failed to register view with ID 2131362800. already registered
10-17 13:13:31.069 28680 28680 E CoilImgLoader: Error loading image: coil3.request.NullRequestDataException: The request's data is null.
10-17 13:13:31.072 28680 28680 E CoilImgLoader: Error loading image: coil3.request.NullRequestDataException: The request's data is null.
10-17 13:13:31.112 28680 28730 I SYNCVM  : addFromUrl = https://asiatv.one/drama/tempest-%d9%85%d8%b3%d9%84%d8%b3%d9%84-%d8%a7%d9%84%d8%b9%d8%a7%d8%b5%d9%81%d8%a9-%d8%aa%d9%82%d8%b1%d9%8a%d8%b1-%d8%ad%d9%84%d9%82%d8%a7%d8%aa-%d9%85%d8%aa%d8%b1%d8%ac%d9%85%d8%a9/
10-17 13:13:31.112 28680 28730 I SYNCUTIL: getIdsFromUrl https://asiatv.one/drama/tempest-%d9%85%d8%b3%d9%84%d8%b3%d9%84-%d8%a7%d9%84%d8%b9%d8%a7%d8%b5%d9%81%d8%a9-%d8%aa%d9%82%d8%b1%d9%8a%d8%b1-%d8%ad%d9%84%d9%82%d8%a7%d8%aa-%d9%85%d8%aa%d8%b1%d8%ac%d9%85%d8%a9/
10-17 13:13:31.258 28680 28680 D SurfaceView@5462948: updateSurface: has no frame
10-17 13:13:31.261 28680 28680 I SurfaceView@5462948: Changes: creating=true format=true size=true visible=true alpha=false hint=false mUseAlpha=false visible=true left=true top=true
10-17 13:13:31.265 28680 28680 I BLASTBufferQueue: update, w= 1080 h= 525 mName = null mNativeObject= 0x7bdd5fcb00 sc.mNativeObject= 0x7b0b90c840 format= 4 caller= android.view.SurfaceView.createBlastSurfaceControls:1383 android.view.SurfaceView.updateSurface:1079 android.view.SurfaceView.lambda$new$0$android-view-SurfaceView:200 android.view.SurfaceView$$ExternalSyntheticLambda5.onPreDraw:2 android.view.ViewTreeObserver.dispatchOnPreDraw:1121 android.view.ViewRootImpl.performTraversals:4442 
10-17 13:13:31.265 28680 28680 I SurfaceView@5462948: 88484168 Cur surface: Surface(name=null)/@0x6b77606
10-17 13:13:31.265 28680 28680 I SurfaceView@5462948: pST: sr = Rect(0, 218 - 1080, 743) sw = 1080 sh = 525
10-17 13:13:31.265 28680 28680 D SurfaceView@5462948: performSurfaceTransaction RenderWorker position = [0, 218, 1080, 743] surfaceSize = 1080x525
10-17 13:13:31.265 28680 28680 I SurfaceView@5462948: applyTransactionOnVriDraw: vri = ViewRootImpl@fd98f5c[MainActivity] fRS = false t = 0x7b0e9ff000 android.view.SurfaceView.performSurfaceTransaction:959 android.view.SurfaceView.updateSurface:1105 android.view.SurfaceView.lambda$new$0$android-view-SurfaceView:200 
10-17 13:13:31.265 28680 28680 I ViewRootImpl@fd98f5c[MainActivity]: applyTransactionOnDraw: mRemoved = false isHardwareEnabled = true t = 0x7b0e9ff000android.view.SurfaceView.applyTransactionOnVriDraw:2048 android.view.SurfaceView.performSurfaceTransaction:959 android.view.SurfaceView.updateSurface:1105 android.view.SurfaceView.lambda$new$0$android-view-SurfaceView:200 android.view.SurfaceView$$ExternalSyntheticLambda5.onPreDraw:2 
10-17 13:13:31.265 28680 28680 I SurfaceView@5462948: updateSurface: mVisible = true mSurface.isValid() = true
10-17 13:13:31.265 28680 28680 I SurfaceView@5462948: updateSurface: mSurfaceCreated = false surfaceChanged = true visibleChanged = true
10-17 13:13:31.265 28680 28680 I SurfaceView@5462948: visibleChanged -- surfaceCreated
10-17 13:13:31.265 28680 28680 I SurfaceView@5462948: surfaceCreated 0 #8 android.view.SurfaceView{5462948 V.E..V... ......ID 0,0-1080,525}
10-17 13:13:31.265 28680 28680 I SurfaceView@5462948: surfaceChanged -- format=4 w=1080 h=525
10-17 13:13:31.265 28680 28680 I SurfaceView@5462948: surfaceChanged (1080,525) 0 #8 android.view.SurfaceView{5462948 V.E..V... ......ID 0,0-1080,525}
10-17 13:13:31.265 28680 28680 I SurfaceView@5462948: surfaceRedrawNeeded
10-17 13:13:31.266 28680 28680 V SurfaceView@5462948: Layout: x=0 y=218 w=1080 h=525, frame=Rect(0, 0 - 1080, 525)
10-17 13:13:31.289 28680 28762 D SurfaceView@5462948: updateSurfacePosition RenderWorker, frameNr = 915, position = [0, 218, 1080, 743] surfaceSize = 1080x525
10-17 13:13:31.290 28680 28762 I SurfaceView@5462948: uSP: rtp = Rect(0, 218 - 1080, 743) rtsw = 1080 rtsh = 525
10-17 13:13:31.290 28680 28762 I SurfaceView@5462948: onSSPAndSRT: pl = 0 pt = 218 sx = 1.0 sy = 1.0
10-17 13:13:31.291 28680 28762 I SurfaceView@5462948: aOrMT: ViewRootImpl@fd98f5c[MainActivity] t = android.view.SurfaceControl$Transaction@54b3edb fN = 915 android.view.SurfaceView.-$$Nest$mapplyOrMergeTransaction:0 android.view.SurfaceView$SurfaceViewPositionUpdateListener.positionChanged:1537 android.graphics.RenderNode$CompositePositionUpdateListener.positionChanged:373 
10-17 13:13:31.291 28680 28762 I ViewRootImpl@fd98f5c[MainActivity]: mWNT: t=0x7b0e9ff100 mBlastBufferQueue=0x7b4505a500 fn= 915 caller= android.view.SurfaceView.applyOrMergeTransaction:1455 android.view.SurfaceView.-$$Nest$mapplyOrMergeTransaction:0 android.view.SurfaceView$SurfaceViewPositionUpdateListener.positionChanged:1537 
10-17 13:13:31.293 28680 28762 I ViewRootImpl@fd98f5c[MainActivity]: mWNT: t=0x7b0e9ff000 mBlastBufferQueue=0x7b4505a500 fn= 915 caller= android.view.ViewRootImpl.lambda$applyTransactionOnDraw$11$android-view-ViewRootImpl:12865 android.view.ViewRootImpl$$ExternalSyntheticLambda1.onFrameDraw:4 android.graphics.HardwareRenderer$FrameDrawingCallback.onFrameDraw:924 
10-17 13:13:31.327 28680 28680 I SurfaceView@5462948: finishedDrawing
10-17 13:13:32.256 28680 28680 I ViewRootImpl@fd98f5c[MainActivity]: ViewPostIme pointer 0
10-17 13:13:32.302 28680 28680 I SurfaceView@5462948: Changes: creating=false format=false size=false visible=false alpha=false hint=false mUseAlpha=false visible=false left=false top=true
10-17 13:13:32.302 28680 28680 I SurfaceView@5462948: 88484168 Cur surface: Surface(name=null)/@0x6b77606
10-17 13:13:32.303 28680 28680 I SurfaceView@5462948: applyTransactionOnVriDraw: vri = ViewRootImpl@fd98f5c[MainActivity] fRS = false t = 0x7b48a44600 android.view.SurfaceView.performSurfaceTransaction:959 android.view.SurfaceView.updateSurface:1105 android.view.SurfaceView.lambda$new$0$android-view-SurfaceView:200 
10-17 13:13:32.304 28680 28680 I ViewRootImpl@fd98f5c[MainActivity]: applyTransactionOnDraw: mRemoved = false isHardwareEnabled = true t = 0x7b48a44600android.view.SurfaceView.applyTransactionOnVriDraw:2048 android.view.SurfaceView.performSurfaceTransaction:959 android.view.SurfaceView.updateSurface:1105 android.view.SurfaceView.lambda$new$0$android-view-SurfaceView:200 android.view.SurfaceView$$ExternalSyntheticLambda5.onPreDraw:2 
10-17 13:13:32.304 28680 28680 I SurfaceView@5462948: updateSurface: mVisible = true mSurface.isValid() = true
10-17 13:13:32.304 28680 28680 I SurfaceView@5462948: updateSurface: mSurfaceCreated = true surfaceChanged = false visibleChanged = false
10-17 13:13:32.305 28680 28680 V SurfaceView@5462948: Layout: x=0 y=176 w=1080 h=525, frame=Rect(0, 0 - 1080, 525)
10-17 13:13:32.308 28680 28763 D SurfaceView@5462948: updateSurfacePosition RenderWorker, frameNr = 948, position = [0, 176, 1080, 701] surfaceSize = 1080x525
10-17 13:13:32.309 28680 28763 I SurfaceView@5462948: uSP: rtp = Rect(0, 176 - 1080, 701) rtsw = 1080 rtsh = 525
10-17 13:13:32.309 28680 28763 I SurfaceView@5462948: onSSPAndSRT: pl = 0 pt = 176 sx = 1.0 sy = 1.0
10-17 13:13:32.309 28680 28763 I SurfaceView@5462948: aOrMT: ViewRootImpl@fd98f5c[MainActivity] t = android.view.SurfaceControl$Transaction@54b3edb fN = 948 android.view.SurfaceView.-$$Nest$mapplyOrMergeTransaction:0 android.view.SurfaceView$SurfaceViewPositionUpdateListener.positionChanged:1537 android.graphics.RenderNode$CompositePositionUpdateListener.positionChanged:373 
10-17 13:13:32.310 28680 28763 I ViewRootImpl@fd98f5c[MainActivity]: mWNT: t=0x7b0e9ff100 mBlastBufferQueue=0x7b4505a500 fn= 948 caller= android.view.SurfaceView.applyOrMergeTransaction:1455 android.view.SurfaceView.-$$Nest$mapplyOrMergeTransaction:0 android.view.SurfaceView$SurfaceViewPositionUpdateListener.positionChanged:1537 
10-17 13:13:32.310 28680 28763 I ViewRootImpl@fd98f5c[MainActivity]: mWNT: t=0x7b48a44600 mBlastBufferQueue=0x7b4505a500 fn= 948 caller= android.view.ViewRootImpl.lambda$applyTransactionOnDraw$11$android-view-ViewRootImpl:12865 android.view.ViewRootImpl$$ExternalSyntheticLambda1.onFrameDraw:4 android.graphics.HardwareRenderer$FrameDrawingCallback.onFrameDraw:924 
10-17 13:13:32.317 28680 28680 I SurfaceView@5462948: Changes: creating=false format=false size=false visible=false alpha=false hint=false mUseAlpha=false visible=false left=false top=true
10-17 13:13:32.317 28680 28680 I SurfaceView@5462948: 88484168 Cur surface: Surface(name=null)/@0x6b77606
10-17 13:13:32.318 28680 28680 I SurfaceView@5462948: applyTransactionOnVriDraw: vri = ViewRootImpl@fd98f5c[MainActivity] fRS = false t = 0x7b0e9ff900 android.view.SurfaceView.performSurfaceTransaction:959 android.view.SurfaceView.updateSurface:1105 android.view.SurfaceView.lambda$new$0$android-view-SurfaceView:200 
10-17 13:13:32.319 28680 28680 I ViewRootImpl@fd98f5c[MainActivity]: applyTransactionOnDraw: mRemoved = false isHardwareEnabled = true t = 0x7b0e9ff900android.view.SurfaceView.applyTransactionOnVriDraw:2048 android.view.SurfaceView.performSurfaceTransaction:959 android.view.SurfaceView.updateSurface:1105 android.view.SurfaceView.lambda$new$0$android-view-SurfaceView:200 android.view.SurfaceView$$ExternalSyntheticLambda5.onPreDraw:2 
10-17 13:13:32.319 28680 28680 I SurfaceView@5462948: updateSurface: mVisible = true mSurface.isValid() = true
10-17 13:13:32.319 28680 28680 I SurfaceView@5462948: updateSurface: mSurfaceCreated = true surfaceChanged = false visibleChanged = false
10-17 13:13:32.320 28680 28680 V SurfaceView@5462948: Layout: x=0 y=111 w=1080 h=525, frame=Rect(0, 0 - 1080, 525)
10-17 13:13:32.333 28680 28762 D SurfaceView@5462948: updateSurfacePosition RenderWorker, frameNr = 949, position = [0, 111, 1080, 636] surfaceSize = 1080x525
10-17 13:13:32.334 28680 28762 I SurfaceView@5462948: uSP: rtp = Rect(0, 111 - 1080, 636) rtsw = 1080 rtsh = 525
10-17 13:13:32.334 28680 28762 I SurfaceView@5462948: onSSPAndSRT: pl = 0 pt = 111 sx = 1.0 sy = 1.0
10-17 13:13:32.334 28680 28762 I SurfaceView@5462948: aOrMT: ViewRootImpl@fd98f5c[MainActivity] t = android.view.SurfaceControl$Transaction@54b3edb fN = 949 android.view.SurfaceView.-$$Nest$mapplyOrMergeTransaction:0 android.view.SurfaceView$SurfaceViewPositionUpdateListener.positionChanged:1537 android.graphics.RenderNode$CompositePositionUpdateListener.positionChanged:373 
10-17 13:13:32.334 28680 28762 I ViewRootImpl@fd98f5c[MainActivity]: mWNT: t=0x7b0e9ff100 mBlastBufferQueue=0x7b4505a500 fn= 949 caller= android.view.SurfaceView.applyOrMergeTransaction:1455 android.view.SurfaceView.-$$Nest$mapplyOrMergeTransaction:0 android.view.SurfaceView$SurfaceViewPositionUpdateListener.positionChanged:1537 
10-17 13:13:32.335 28680 28762 I ViewRootImpl@fd98f5c[MainActivity]: mWNT: t=0x7b0e9ff900 mBlastBufferQueue=0x7b4505a500 fn= 949 caller= android.view.ViewRootImpl.lambda$applyTransactionOnDraw$11$android-view-ViewRootImpl:12865 android.view.ViewRootImpl$$ExternalSyntheticLambda1.onFrameDraw:4 android.graphics.HardwareRenderer$FrameDrawingCallback.onFrameDraw:924 
10-17 13:13:32.342 28680 28680 I SurfaceView@5462948: Changes: creating=false format=false size=false visible=false alpha=false hint=false mUseAlpha=false visible=false left=false top=true
10-17 13:13:32.342 28680 28680 I SurfaceView@5462948: 88484168 Cur surface: Surface(name=null)/@0x6b77606
10-17 13:13:32.343 28680 28680 I SurfaceView@5462948: applyTransactionOnVriDraw: vri = ViewRootImpl@fd98f5c[MainActivity] fRS = false t = 0x7b0e9ffd00 android.view.SurfaceView.performSurfaceTransaction:959 android.view.SurfaceView.updateSurface:1105 android.view.SurfaceView.lambda$new$0$android-view-SurfaceView:200 
10-17 13:13:32.343 28680 28680 I ViewRootImpl@fd98f5c[MainActivity]: applyTransactionOnDraw: mRemoved = false isHardwareEnabled = true t = 0x7b0e9ffd00android.view.SurfaceView.applyTransactionOnVriDraw:2048 android.view.SurfaceView.performSurfaceTransaction:959 android.view.SurfaceView.updateSurface:1105 android.view.SurfaceView.lambda$new$0$android-view-SurfaceView:200 android.view.SurfaceView$$ExternalSyntheticLambda5.onPreDraw:2 
10-17 13:13:32.343 28680 28680 I SurfaceView@5462948: updateSurface: mVisible = true mSurface.isValid() = true
10-17 13:13:32.344 28680 28680 I SurfaceView@5462948: updateSurface: mSurfaceCreated = true surfaceChanged = false visibleChanged = false
10-17 13:13:32.344 28680 28680 V SurfaceView@5462948: Layout: x=0 y=46 w=1080 h=525, frame=Rect(0, 0 - 1080, 525)
10-17 13:13:32.360 28680 28763 D SurfaceView@5462948: updateSurfacePosition RenderWorker, frameNr = 950, position = [0, 46, 1080, 571] surfaceSize = 1080x525
10-17 13:13:32.360 28680 28763 I SurfaceView@5462948: uSP: rtp = Rect(0, 46 - 1080, 571) rtsw = 1080 rtsh = 525
10-17 13:13:32.360 28680 28763 I SurfaceView@5462948: onSSPAndSRT: pl = 0 pt = 46 sx = 1.0 sy = 1.0
10-17 13:13:32.361 28680 28763 I SurfaceView@5462948: aOrMT: ViewRootImpl@fd98f5c[MainActivity] t = android.view.SurfaceControl$Transaction@54b3edb fN = 950 android.view.SurfaceView.-$$Nest$mapplyOrMergeTransaction:0 android.view.SurfaceView$SurfaceViewPositionUpdateListener.positionChanged:1537 android.graphics.RenderNode$CompositePositionUpdateListener.positionChanged:373 
10-17 13:13:32.361 28680 28763 I ViewRootImpl@fd98f5c[MainActivity]: mWNT: t=0x7b0e9ff100 mBlastBufferQueue=0x7b4505a500 fn= 950 caller= android.view.SurfaceView.applyOrMergeTransaction:1455 android.view.SurfaceView.-$$Nest$mapplyOrMergeTransaction:0 android.view.SurfaceView$SurfaceViewPositionUpdateListener.positionChanged:1537 
10-17 13:13:32.362 28680 28763 I ViewRootImpl@fd98f5c[MainActivity]: mWNT: t=0x7b0e9ffd00 mBlastBufferQueue=0x7b4505a500 fn= 950 caller= android.view.ViewRootImpl.lambda$applyTransactionOnDraw$11$android-view-ViewRootImpl:12865 android.view.ViewRootImpl$$ExternalSyntheticLambda1.onFrameDraw:4 android.graphics.HardwareRenderer$FrameDrawingCallback.onFrameDraw:924 
10-17 13:13:32.368 28680 28680 I SurfaceView@5462948: Changes: creating=false format=false size=false visible=false alpha=false hint=false mUseAlpha=false visible=false left=false top=true
10-17 13:13:32.369 28680 28680 I SurfaceView@5462948: 88484168 Cur surface: Surface(name=null)/@0x6b77606
10-17 13:13:32.369 28680 28680 I SurfaceView@5462948: applyTransactionOnVriDraw: vri = ViewRootImpl@fd98f5c[MainActivity] fRS = false t = 0x7b0e9fff00 android.view.SurfaceView.performSurfaceTransaction:959 android.view.SurfaceView.updateSurface:1105 android.view.SurfaceView.lambda$new$0$android-view-SurfaceView:200 
10-17 13:13:32.370 28680 28680 I ViewRootImpl@fd98f5c[MainActivity]: applyTransactionOnDraw: mRemoved = false isHardwareEnabled = true t = 0x7b0e9fff00android.view.SurfaceView.applyTransactionOnVriDraw:2048 android.view.SurfaceView.performSurfaceTransaction:959 android.view.SurfaceView.updateSurface:1105 android.view.SurfaceView.lambda$new$0$android-view-SurfaceView:200 android.view.SurfaceView$$ExternalSyntheticLambda5.onPreDraw:2 
10-17 13:13:32.370 28680 28680 I SurfaceView@5462948: updateSurface: mVisible = true mSurface.isValid() = true
10-17 13:13:32.370 28680 28680 I SurfaceView@5462948: updateSurface: mSurfaceCreated = true surfaceChanged = false visibleChanged = false
10-17 13:13:32.370 28680 28680 V SurfaceView@5462948: Layout: x=0 y=-72 w=1080 h=525, frame=Rect(0, 0 - 1080, 525)
10-17 13:13:32.382 28680 28762 D SurfaceView@5462948: updateSurfacePosition RenderWorker, frameNr = 951, position = [0, -72, 1080, 453] surfaceSize = 1080x525
10-17 13:13:32.382 28680 28762 I SurfaceView@5462948: uSP: rtp = Rect(0, -72 - 1080, 453) rtsw = 1080 rtsh = 525
10-17 13:13:32.382 28680 28762 I SurfaceView@5462948: onSSPAndSRT: pl = 0 pt = -72 sx = 1.0 sy = 1.0
10-17 13:13:32.382 28680 28762 I SurfaceView@5462948: aOrMT: ViewRootImpl@fd98f5c[MainActivity] t = android.view.SurfaceControl$Transaction@54b3edb fN = 951 android.view.SurfaceView.-$$Nest$mapplyOrMergeTransaction:0 android.view.SurfaceView$SurfaceViewPositionUpdateListener.positionChanged:1537 android.graphics.RenderNode$CompositePositionUpdateListener.positionChanged:373 
