10-17 13:13:51.033 28680 28680 I SurfaceView@1038bf7: updateSurface: mSurfaceCreated = true surfaceChanged = false visibleChanged = false
10-17 13:13:51.033 28680 28680 V SurfaceView@1038bf7: Layout: x=0 y=-34 w=1080 h=525, frame=Rect(0, 0 - 1080, 525)
10-17 13:13:51.045 28680 28762 D SurfaceView@1038bf7: updateSurfacePosition RenderWorker, frameNr = 1268, position = [0, -40, 1080, 485] surfaceSize = 1080x525
10-17 13:13:51.045 28680 28762 I SurfaceView@1038bf7: uSP: rtp = Rect(0, -40 - 1080, 485) rtsw = 1080 rtsh = 525
10-17 13:13:51.045 28680 28762 I SurfaceView@1038bf7: onSSPAndSRT: pl = 0 pt = -40 sx = 1.0 sy = 1.0
10-17 13:13:51.045 28680 28762 I SurfaceView@1038bf7: aOrMT: ViewRootImpl@fd98f5c[MainActivity] t = android.view.SurfaceControl$Transaction@71104a6 fN = 1268 android.view.SurfaceView.-$$Nest$mapplyOrMergeTransaction:0 android.view.SurfaceView$SurfaceViewPositionUpdateListener.positionChanged:1537 android.graphics.RenderNode$CompositePositionUpdateListener.positionChanged:373 
10-17 13:13:51.046 28680 28762 I ViewRootImpl@fd98f5c[MainActivity]: mWNT: t=0x7b0b972800 mBlastBufferQueue=0x7b4505a500 fn= 1268 caller= android.view.SurfaceView.applyOrMergeTransaction:1455 android.view.SurfaceView.-$$Nest$mapplyOrMergeTransaction:0 android.view.SurfaceView$SurfaceViewPositionUpdateListener.positionChanged:1537 
10-17 13:13:51.046 28680 28762 I ViewRootImpl@fd98f5c[MainActivity]: mWNT: t=0x7b45350e00 mBlastBufferQueue=0x7b4505a500 fn= 1268 caller= android.view.ViewRootImpl.lambda$applyTransactionOnDraw$11$android-view-ViewRootImpl:12865 android.view.ViewRootImpl$$ExternalSyntheticLambda1.onFrameDraw:4 android.graphics.HardwareRenderer$FrameDrawingCallback.onFrameDraw:924 
10-17 13:13:51.048 28680 28680 I SurfaceView@1038bf7: Changes: creating=false format=false size=false visible=false alpha=false hint=false mUseAlpha=false visible=false left=false top=true
10-17 13:13:51.049 28680 28680 I SurfaceView@1038bf7: 17009655 Cur surface: Surface(name=null)/@0x7c4ed0
10-17 13:13:51.049 28680 28680 I SurfaceView@1038bf7: applyTransactionOnVriDraw: vri = ViewRootImpl@fd98f5c[MainActivity] fRS = false t = 0x7b45350f00 android.view.SurfaceView.performSurfaceTransaction:959 android.view.SurfaceView.updateSurface:1105 android.view.SurfaceView.lambda$new$0$android-view-SurfaceView:200 
10-17 13:13:51.049 28680 28680 I ViewRootImpl@fd98f5c[MainActivity]: applyTransactionOnDraw: mRemoved = false isHardwareEnabled = true t = 0x7b45350f00android.view.SurfaceView.applyTransactionOnVriDraw:2048 android.view.SurfaceView.performSurfaceTransaction:959 android.view.SurfaceView.updateSurface:1105 android.view.SurfaceView.lambda$new$0$android-view-SurfaceView:200 android.view.SurfaceView$$ExternalSyntheticLambda5.onPreDraw:2 
10-17 13:13:51.049 28680 28680 I SurfaceView@1038bf7: updateSurface: mVisible = true mSurface.isValid() = true
10-17 13:13:51.050 28680 28680 I SurfaceView@1038bf7: updateSurface: mSurfaceCreated = true surfaceChanged = false visibleChanged = false
10-17 13:13:51.050 28680 28680 V SurfaceView@1038bf7: Layout: x=0 y=-40 w=1080 h=525, frame=Rect(0, 0 - 1080, 525)
10-17 13:13:51.061 28680 28763 D SurfaceView@1038bf7: updateSurfacePosition RenderWorker, frameNr = 1269, position = [0, -45, 1080, 480] surfaceSize = 1080x525
10-17 13:13:51.061 28680 28763 I SurfaceView@1038bf7: uSP: rtp = Rect(0, -45 - 1080, 480) rtsw = 1080 rtsh = 525
10-17 13:13:51.061 28680 28763 I SurfaceView@1038bf7: onSSPAndSRT: pl = 0 pt = -45 sx = 1.0 sy = 1.0
10-17 13:13:51.061 28680 28763 I SurfaceView@1038bf7: aOrMT: ViewRootImpl@fd98f5c[MainActivity] t = android.view.SurfaceControl$Transaction@71104a6 fN = 1269 android.view.SurfaceView.-$$Nest$mapplyOrMergeTransaction:0 android.view.SurfaceView$SurfaceViewPositionUpdateListener.positionChanged:1537 android.graphics.RenderNode$CompositePositionUpdateListener.positionChanged:373 
10-17 13:13:51.062 28680 28763 I ViewRootImpl@fd98f5c[MainActivity]: mWNT: t=0x7b0b972800 mBlastBufferQueue=0x7b4505a500 fn= 1269 caller= android.view.SurfaceView.applyOrMergeTransaction:1455 android.view.SurfaceView.-$$Nest$mapplyOrMergeTransaction:0 android.view.SurfaceView$SurfaceViewPositionUpdateListener.positionChanged:1537 
10-17 13:13:51.062 28680 28763 I ViewRootImpl@fd98f5c[MainActivity]: mWNT: t=0x7b45350f00 mBlastBufferQueue=0x7b4505a500 fn= 1269 caller= android.view.ViewRootImpl.lambda$applyTransactionOnDraw$11$android-view-ViewRootImpl:12865 android.view.ViewRootImpl$$ExternalSyntheticLambda1.onFrameDraw:4 android.graphics.HardwareRenderer$FrameDrawingCallback.onFrameDraw:924 
10-17 13:13:51.065 28680 28680 I SurfaceView@1038bf7: Changes: creating=false format=false size=false visible=false alpha=false hint=false mUseAlpha=false visible=false left=false top=true
10-17 13:13:51.065 28680 28680 I SurfaceView@1038bf7: 17009655 Cur surface: Surface(name=null)/@0x7c4ed0
10-17 13:13:51.066 28680 28680 I SurfaceView@1038bf7: applyTransactionOnVriDraw: vri = ViewRootImpl@fd98f5c[MainActivity] fRS = false t = 0x7b5bd92d00 android.view.SurfaceView.performSurfaceTransaction:959 android.view.SurfaceView.updateSurface:1105 android.view.SurfaceView.lambda$new$0$android-view-SurfaceView:200 
10-17 13:13:51.066 28680 28680 I ViewRootImpl@fd98f5c[MainActivity]: applyTransactionOnDraw: mRemoved = false isHardwareEnabled = true t = 0x7b5bd92d00android.view.SurfaceView.applyTransactionOnVriDraw:2048 android.view.SurfaceView.performSurfaceTransaction:959 android.view.SurfaceView.updateSurface:1105 android.view.SurfaceView.lambda$new$0$android-view-SurfaceView:200 android.view.SurfaceView$$ExternalSyntheticLambda5.onPreDraw:2 
10-17 13:13:51.066 28680 28680 I SurfaceView@1038bf7: updateSurface: mVisible = true mSurface.isValid() = true
10-17 13:13:51.066 28680 28680 I SurfaceView@1038bf7: updateSurface: mSurfaceCreated = true surfaceChanged = false visibleChanged = false
10-17 13:13:51.066 28680 28680 V SurfaceView@1038bf7: Layout: x=0 y=-45 w=1080 h=525, frame=Rect(0, 0 - 1080, 525)
10-17 13:13:51.078 28680 28762 D SurfaceView@1038bf7: updateSurfacePosition RenderWorker, frameNr = 1270, position = [0, -50, 1080, 475] surfaceSize = 1080x525
10-17 13:13:51.078 28680 28762 I SurfaceView@1038bf7: uSP: rtp = Rect(0, -50 - 1080, 475) rtsw = 1080 rtsh = 525
10-17 13:13:51.078 28680 28762 I SurfaceView@1038bf7: onSSPAndSRT: pl = 0 pt = -50 sx = 1.0 sy = 1.0
10-17 13:13:51.078 28680 28762 I SurfaceView@1038bf7: aOrMT: ViewRootImpl@fd98f5c[MainActivity] t = android.view.SurfaceControl$Transaction@71104a6 fN = 1270 android.view.SurfaceView.-$$Nest$mapplyOrMergeTransaction:0 android.view.SurfaceView$SurfaceViewPositionUpdateListener.positionChanged:1537 android.graphics.RenderNode$CompositePositionUpdateListener.positionChanged:373 
10-17 13:13:51.078 28680 28762 I ViewRootImpl@fd98f5c[MainActivity]: mWNT: t=0x7b0b972800 mBlastBufferQueue=0x7b4505a500 fn= 1270 caller= android.view.SurfaceView.applyOrMergeTransaction:1455 android.view.SurfaceView.-$$Nest$mapplyOrMergeTransaction:0 android.view.SurfaceView$SurfaceViewPositionUpdateListener.positionChanged:1537 
10-17 13:13:51.079 28680 28762 I ViewRootImpl@fd98f5c[MainActivity]: mWNT: t=0x7b5bd92d00 mBlastBufferQueue=0x7b4505a500 fn= 1270 caller= android.view.ViewRootImpl.lambda$applyTransactionOnDraw$11$android-view-ViewRootImpl:12865 android.view.ViewRootImpl$$ExternalSyntheticLambda1.onFrameDraw:4 android.graphics.HardwareRenderer$FrameDrawingCallback.onFrameDraw:924 
10-17 13:13:51.081 28680 28680 I SurfaceView@1038bf7: Changes: creating=false format=false size=false visible=false alpha=false hint=false mUseAlpha=false visible=false left=false top=true
10-17 13:13:51.081 28680 28680 I SurfaceView@1038bf7: 17009655 Cur surface: Surface(name=null)/@0x7c4ed0
10-17 13:13:51.081 28680 28680 I SurfaceView@1038bf7: applyTransactionOnVriDraw: vri = ViewRootImpl@fd98f5c[MainActivity] fRS = false t = 0x7b2aa45500 android.view.SurfaceView.performSurfaceTransaction:959 android.view.SurfaceView.updateSurface:1105 android.view.SurfaceView.lambda$new$0$android-view-SurfaceView:200 
10-17 13:13:51.081 28680 28680 I ViewRootImpl@fd98f5c[MainActivity]: applyTransactionOnDraw: mRemoved = false isHardwareEnabled = true t = 0x7b2aa45500android.view.SurfaceView.applyTransactionOnVriDraw:2048 android.view.SurfaceView.performSurfaceTransaction:959 android.view.SurfaceView.updateSurface:1105 android.view.SurfaceView.lambda$new$0$android-view-SurfaceView:200 android.view.SurfaceView$$ExternalSyntheticLambda5.onPreDraw:2 
10-17 13:13:51.081 28680 28680 I SurfaceView@1038bf7: updateSurface: mVisible = true mSurface.isValid() = true
10-17 13:13:51.081 28680 28680 I SurfaceView@1038bf7: updateSurface: mSurfaceCreated = true surfaceChanged = false visibleChanged = false
10-17 13:13:51.082 28680 28680 V SurfaceView@1038bf7: Layout: x=0 y=-50 w=1080 h=525, frame=Rect(0, 0 - 1080, 525)
10-17 13:13:51.093 28680 28763 D SurfaceView@1038bf7: updateSurfacePosition RenderWorker, frameNr = 1271, position = [0, -54, 1080, 471] surfaceSize = 1080x525
10-17 13:13:51.093 28680 28763 I SurfaceView@1038bf7: uSP: rtp = Rect(0, -54 - 1080, 471) rtsw = 1080 rtsh = 525
10-17 13:13:51.093 28680 28763 I SurfaceView@1038bf7: onSSPAndSRT: pl = 0 pt = -54 sx = 1.0 sy = 1.0
10-17 13:13:51.094 28680 28763 I SurfaceView@1038bf7: aOrMT: ViewRootImpl@fd98f5c[MainActivity] t = android.view.SurfaceControl$Transaction@71104a6 fN = 1271 android.view.SurfaceView.-$$Nest$mapplyOrMergeTransaction:0 android.view.SurfaceView$SurfaceViewPositionUpdateListener.positionChanged:1537 android.graphics.RenderNode$CompositePositionUpdateListener.positionChanged:373 
10-17 13:13:51.094 28680 28763 I ViewRootImpl@fd98f5c[MainActivity]: mWNT: t=0x7b0b972800 mBlastBufferQueue=0x7b4505a500 fn= 1271 caller= android.view.SurfaceView.applyOrMergeTransaction:1455 android.view.SurfaceView.-$$Nest$mapplyOrMergeTransaction:0 android.view.SurfaceView$SurfaceViewPositionUpdateListener.positionChanged:1537 
10-17 13:13:51.094 28680 28763 I ViewRootImpl@fd98f5c[MainActivity]: mWNT: t=0x7b2aa45500 mBlastBufferQueue=0x7b4505a500 fn= 1271 caller= android.view.ViewRootImpl.lambda$applyTransactionOnDraw$11$android-view-ViewRootImpl:12865 android.view.ViewRootImpl$$ExternalSyntheticLambda1.onFrameDraw:4 android.graphics.HardwareRenderer$FrameDrawingCallback.onFrameDraw:924 
10-17 13:13:51.098 28680 28680 I SurfaceView@1038bf7: Changes: creating=false format=false size=false visible=false alpha=false hint=false mUseAlpha=false visible=false left=false top=true
10-17 13:13:51.099 28680 28680 I SurfaceView@1038bf7: 17009655 Cur surface: Surface(name=null)/@0x7c4ed0
10-17 13:13:51.099 28680 28680 I SurfaceView@1038bf7: applyTransactionOnVriDraw: vri = ViewRootImpl@fd98f5c[MainActivity] fRS = false t = 0x7b0b972d00 android.view.SurfaceView.performSurfaceTransaction:959 android.view.SurfaceView.updateSurface:1105 android.view.SurfaceView.lambda$new$0$android-view-SurfaceView:200 
10-17 13:13:51.100 28680 28680 I ViewRootImpl@fd98f5c[MainActivity]: applyTransactionOnDraw: mRemoved = false isHardwareEnabled = true t = 0x7b0b972d00android.view.SurfaceView.applyTransactionOnVriDraw:2048 android.view.SurfaceView.performSurfaceTransaction:959 android.view.SurfaceView.updateSurface:1105 android.view.SurfaceView.lambda$new$0$android-view-SurfaceView:200 android.view.SurfaceView$$ExternalSyntheticLambda5.onPreDraw:2 
10-17 13:13:51.100 28680 28680 I SurfaceView@1038bf7: updateSurface: mVisible = true mSurface.isValid() = true
10-17 13:13:51.100 28680 28680 I SurfaceView@1038bf7: updateSurface: mSurfaceCreated = true surfaceChanged = false visibleChanged = false
10-17 13:13:51.100 28680 28680 V SurfaceView@1038bf7: Layout: x=0 y=-54 w=1080 h=525, frame=Rect(0, 0 - 1080, 525)
10-17 13:13:51.112 28680 28762 D SurfaceView@1038bf7: updateSurfacePosition RenderWorker, frameNr = 1272, position = [0, -57, 1080, 468] surfaceSize = 1080x525
10-17 13:13:51.112 28680 28762 I SurfaceView@1038bf7: uSP: rtp = Rect(0, -57 - 1080, 468) rtsw = 1080 rtsh = 525
10-17 13:13:51.112 28680 28762 I SurfaceView@1038bf7: onSSPAndSRT: pl = 0 pt = -57 sx = 1.0 sy = 1.0
10-17 13:13:51.112 28680 28762 I SurfaceView@1038bf7: aOrMT: ViewRootImpl@fd98f5c[MainActivity] t = android.view.SurfaceControl$Transaction@71104a6 fN = 1272 android.view.SurfaceView.-$$Nest$mapplyOrMergeTransaction:0 android.view.SurfaceView$SurfaceViewPositionUpdateListener.positionChanged:1537 android.graphics.RenderNode$CompositePositionUpdateListener.positionChanged:373 
10-17 13:13:51.112 28680 28762 I ViewRootImpl@fd98f5c[MainActivity]: mWNT: t=0x7b0b972800 mBlastBufferQueue=0x7b4505a500 fn= 1272 caller= android.view.SurfaceView.applyOrMergeTransaction:1455 android.view.SurfaceView.-$$Nest$mapplyOrMergeTransaction:0 android.view.SurfaceView$SurfaceViewPositionUpdateListener.positionChanged:1537 
10-17 13:13:51.113 28680 28762 I ViewRootImpl@fd98f5c[MainActivity]: mWNT: t=0x7b0b972d00 mBlastBufferQueue=0x7b4505a500 fn= 1272 caller= android.view.ViewRootImpl.lambda$applyTransactionOnDraw$11$android-view-ViewRootImpl:12865 android.view.ViewRootImpl$$ExternalSyntheticLambda1.onFrameDraw:4 android.graphics.HardwareRenderer$FrameDrawingCallback.onFrameDraw:924 
10-17 13:13:51.115 28680 28680 I SurfaceView@1038bf7: Changes: creating=false format=false size=false visible=false alpha=false hint=false mUseAlpha=false visible=false left=false top=true
10-17 13:13:51.115 28680 28680 I SurfaceView@1038bf7: 17009655 Cur surface: Surface(name=null)/@0x7c4ed0
10-17 13:13:51.116 28680 28680 I SurfaceView@1038bf7: applyTransactionOnVriDraw: vri = ViewRootImpl@fd98f5c[MainActivity] fRS = false t = 0x7b2ad2b100 android.view.SurfaceView.performSurfaceTransaction:959 android.view.SurfaceView.updateSurface:1105 android.view.SurfaceView.lambda$new$0$android-view-SurfaceView:200 
10-17 13:13:51.116 28680 28680 I ViewRootImpl@fd98f5c[MainActivity]: applyTransactionOnDraw: mRemoved = false isHardwareEnabled = true t = 0x7b2ad2b100android.view.SurfaceView.applyTransactionOnVriDraw:2048 android.view.SurfaceView.performSurfaceTransaction:959 android.view.SurfaceView.updateSurface:1105 android.view.SurfaceView.lambda$new$0$android-view-SurfaceView:200 android.view.SurfaceView$$ExternalSyntheticLambda5.onPreDraw:2 
10-17 13:13:51.116 28680 28680 I SurfaceView@1038bf7: updateSurface: mVisible = true mSurface.isValid() = true
10-17 13:13:51.116 28680 28680 I SurfaceView@1038bf7: updateSurface: mSurfaceCreated = true surfaceChanged = false visibleChanged = false
10-17 13:13:51.116 28680 28680 V SurfaceView@1038bf7: Layout: x=0 y=-57 w=1080 h=525, frame=Rect(0, 0 - 1080, 525)
10-17 13:13:51.126 28680 28763 D SurfaceView@1038bf7: updateSurfacePosition RenderWorker, frameNr = 1273, position = [0, -61, 1080, 464] surfaceSize = 1080x525
10-17 13:13:51.126 28680 28763 I SurfaceView@1038bf7: uSP: rtp = Rect(0, -61 - 1080, 464) rtsw = 1080 rtsh = 525
10-17 13:13:51.126 28680 28763 I SurfaceView@1038bf7: onSSPAndSRT: pl = 0 pt = -61 sx = 1.0 sy = 1.0
10-17 13:13:51.126 28680 28763 I SurfaceView@1038bf7: aOrMT: ViewRootImpl@fd98f5c[MainActivity] t = android.view.SurfaceControl$Transaction@71104a6 fN = 1273 android.view.SurfaceView.-$$Nest$mapplyOrMergeTransaction:0 android.view.SurfaceView$SurfaceViewPositionUpdateListener.positionChanged:1537 android.graphics.RenderNode$CompositePositionUpdateListener.positionChanged:373 
10-17 13:13:51.126 28680 28763 I ViewRootImpl@fd98f5c[MainActivity]: mWNT: t=0x7b0b972800 mBlastBufferQueue=0x7b4505a500 fn= 1273 caller= android.view.SurfaceView.applyOrMergeTransaction:1455 android.view.SurfaceView.-$$Nest$mapplyOrMergeTransaction:0 android.view.SurfaceView$SurfaceViewPositionUpdateListener.positionChanged:1537 
10-17 13:13:51.127 28680 28763 I ViewRootImpl@fd98f5c[MainActivity]: mWNT: t=0x7b2ad2b100 mBlastBufferQueue=0x7b4505a500 fn= 1273 caller= android.view.ViewRootImpl.lambda$applyTransactionOnDraw$11$android-view-ViewRootImpl:12865 android.view.ViewRootImpl$$ExternalSyntheticLambda1.onFrameDraw:4 android.graphics.HardwareRenderer$FrameDrawingCallback.onFrameDraw:924 
10-17 13:13:51.131 28680 28680 I SurfaceView@1038bf7: Changes: creating=false format=false size=false visible=false alpha=false hint=false mUseAlpha=false visible=false left=false top=true
10-17 13:13:51.131 28680 28680 I SurfaceView@1038bf7: 17009655 Cur surface: Surface(name=null)/@0x7c4ed0
10-17 13:13:51.132 28680 28680 I SurfaceView@1038bf7: applyTransactionOnVriDraw: vri = ViewRootImpl@fd98f5c[MainActivity] fRS = false t = 0x7b2ad2b200 android.view.SurfaceView.performSurfaceTransaction:959 android.view.SurfaceView.updateSurface:1105 android.view.SurfaceView.lambda$new$0$android-view-SurfaceView:200 
10-17 13:13:51.132 28680 28680 I ViewRootImpl@fd98f5c[MainActivity]: applyTransactionOnDraw: mRemoved = false isHardwareEnabled = true t = 0x7b2ad2b200android.view.SurfaceView.applyTransactionOnVriDraw:2048 android.view.SurfaceView.performSurfaceTransaction:959 android.view.SurfaceView.updateSurface:1105 android.view.SurfaceView.lambda$new$0$android-view-SurfaceView:200 android.view.SurfaceView$$ExternalSyntheticLambda5.onPreDraw:2 
10-17 13:13:51.132 28680 28680 I SurfaceView@1038bf7: updateSurface: mVisible = true mSurface.isValid() = true
10-17 13:13:51.132 28680 28680 I SurfaceView@1038bf7: updateSurface: mSurfaceCreated = true surfaceChanged = false visibleChanged = false
10-17 13:13:51.132 28680 28680 V SurfaceView@1038bf7: Layout: x=0 y=-61 w=1080 h=525, frame=Rect(0, 0 - 1080, 525)
10-17 13:13:51.144 28680 28762 D SurfaceView@1038bf7: updateSurfacePosition RenderWorker, frameNr = 1274, position = [0, -63, 1080, 462] surfaceSize = 1080x525
10-17 13:13:51.144 28680 28762 I SurfaceView@1038bf7: uSP: rtp = Rect(0, -63 - 1080, 462) rtsw = 1080 rtsh = 525
10-17 13:13:51.144 28680 28762 I SurfaceView@1038bf7: onSSPAndSRT: pl = 0 pt = -63 sx = 1.0 sy = 1.0
10-17 13:13:51.145 28680 28762 I SurfaceView@1038bf7: aOrMT: ViewRootImpl@fd98f5c[MainActivity] t = android.view.SurfaceControl$Transaction@71104a6 fN = 1274 android.view.SurfaceView.-$$Nest$mapplyOrMergeTransaction:0 android.view.SurfaceView$SurfaceViewPositionUpdateListener.positionChanged:1537 android.graphics.RenderNode$CompositePositionUpdateListener.positionChanged:373 
10-17 13:13:51.145 28680 28762 I ViewRootImpl@fd98f5c[MainActivity]: mWNT: t=0x7b0b972800 mBlastBufferQueue=0x7b4505a500 fn= 1274 caller= android.view.SurfaceView.applyOrMergeTransaction:1455 android.view.SurfaceView.-$$Nest$mapplyOrMergeTransaction:0 android.view.SurfaceView$SurfaceViewPositionUpdateListener.positionChanged:1537 
10-17 13:13:51.145 28680 28762 I ViewRootImpl@fd98f5c[MainActivity]: mWNT: t=0x7b2ad2b200 mBlastBufferQueue=0x7b4505a500 fn= 1274 caller= android.view.ViewRootImpl.lambda$applyTransactionOnDraw$11$android-view-ViewRootImpl:12865 android.view.ViewRootImpl$$ExternalSyntheticLambda1.onFrameDraw:4 android.graphics.HardwareRenderer$FrameDrawingCallback.onFrameDraw:924 
10-17 13:13:51.148 28680 28680 I SurfaceView@1038bf7: Changes: creating=false format=false size=false visible=false alpha=false hint=false mUseAlpha=false visible=false left=false top=true
10-17 13:13:51.148 28680 28680 I SurfaceView@1038bf7: 17009655 Cur surface: Surface(name=null)/@0x7c4ed0
10-17 13:13:51.149 28680 28680 I SurfaceView@1038bf7: applyTransactionOnVriDraw: vri = ViewRootImpl@fd98f5c[MainActivity] fRS = false t = 0x7b2ad2b400 android.view.SurfaceView.performSurfaceTransaction:959 android.view.SurfaceView.updateSurface:1105 android.view.SurfaceView.lambda$new$0$android-view-SurfaceView:200 
10-17 13:13:51.149 28680 28680 I ViewRootImpl@fd98f5c[MainActivity]: applyTransactionOnDraw: mRemoved = false isHardwareEnabled = true t = 0x7b2ad2b400android.view.SurfaceView.applyTransactionOnVriDraw:2048 android.view.SurfaceView.performSurfaceTransaction:959 android.view.SurfaceView.updateSurface:1105 android.view.SurfaceView.lambda$new$0$android-view-SurfaceView:200 android.view.SurfaceView$$ExternalSyntheticLambda5.onPreDraw:2 
10-17 13:13:51.149 28680 28680 I SurfaceView@1038bf7: updateSurface: mVisible = true mSurface.isValid() = true
10-17 13:13:51.149 28680 28680 I SurfaceView@1038bf7: updateSurface: mSurfaceCreated = true surfaceChanged = false visibleChanged = false
10-17 13:13:51.149 28680 28680 V SurfaceView@1038bf7: Layout: x=0 y=-63 w=1080 h=525, frame=Rect(0, 0 - 1080, 525)
10-17 13:13:51.161 28680 28763 D SurfaceView@1038bf7: updateSurfacePosition RenderWorker, frameNr = 1275, position = [0, -66, 1080, 459] surfaceSize = 1080x525
10-17 13:13:51.162 28680 28763 I SurfaceView@1038bf7: uSP: rtp = Rect(0, -66 - 1080, 459) rtsw = 1080 rtsh = 525
10-17 13:13:51.162 28680 28763 I SurfaceView@1038bf7: onSSPAndSRT: pl = 0 pt = -66 sx = 1.0 sy = 1.0
10-17 13:13:51.162 28680 28763 I SurfaceView@1038bf7: aOrMT: ViewRootImpl@fd98f5c[MainActivity] t = android.view.SurfaceControl$Transaction@71104a6 fN = 1275 android.view.SurfaceView.-$$Nest$mapplyOrMergeTransaction:0 android.view.SurfaceView$SurfaceViewPositionUpdateListener.positionChanged:1537 android.graphics.RenderNode$CompositePositionUpdateListener.positionChanged:373 
10-17 13:13:51.162 28680 28763 I ViewRootImpl@fd98f5c[MainActivity]: mWNT: t=0x7b0b972800 mBlastBufferQueue=0x7b4505a500 fn= 1275 caller= android.view.SurfaceView.applyOrMergeTransaction:1455 android.view.SurfaceView.-$$Nest$mapplyOrMergeTransaction:0 android.view.SurfaceView$SurfaceViewPositionUpdateListener.positionChanged:1537 
10-17 13:13:51.162 28680 28763 I ViewRootImpl@fd98f5c[MainActivity]: mWNT: t=0x7b2ad2b400 mBlastBufferQueue=0x7b4505a500 fn= 1275 caller= android.view.ViewRootImpl.lambda$applyTransactionOnDraw$11$android-view-ViewRootImpl:12865 android.view.ViewRootImpl$$ExternalSyntheticLambda1.onFrameDraw:4 android.graphics.HardwareRenderer$FrameDrawingCallback.onFrameDraw:924 
10-17 13:13:51.165 28680 28680 I SurfaceView@1038bf7: Changes: creating=false format=false size=false visible=false alpha=false hint=false mUseAlpha=false visible=false left=false top=true
10-17 13:13:51.165 28680 28680 I SurfaceView@1038bf7: 17009655 Cur surface: Surface(name=null)/@0x7c4ed0
10-17 13:13:51.165 28680 28680 I SurfaceView@1038bf7: applyTransactionOnVriDraw: vri = ViewRootImpl@fd98f5c[MainActivity] fRS = false t = 0x7b2ad2b500 android.view.SurfaceView.performSurfaceTransaction:959 android.view.SurfaceView.updateSurface:1105 android.view.SurfaceView.lambda$new$0$android-view-SurfaceView:200 
10-17 13:13:51.165 28680 28680 I ViewRootImpl@fd98f5c[MainActivity]: applyTransactionOnDraw: mRemoved = false isHardwareEnabled = true t = 0x7b2ad2b500android.view.SurfaceView.applyTransactionOnVriDraw:2048 android.view.SurfaceView.performSurfaceTransaction:959 android.view.SurfaceView.updateSurface:1105 android.view.SurfaceView.lambda$new$0$android-view-SurfaceView:200 android.view.SurfaceView$$ExternalSyntheticLambda5.onPreDraw:2 
10-17 13:13:51.166 28680 28680 I SurfaceView@1038bf7: updateSurface: mVisible = true mSurface.isValid() = true
10-17 13:13:51.166 28680 28680 I SurfaceView@1038bf7: updateSurface: mSurfaceCreated = true surfaceChanged = false visibleChanged = false
10-17 13:13:51.166 28680 28680 V SurfaceView@1038bf7: Layout: x=0 y=-66 w=1080 h=525, frame=Rect(0, 0 - 1080, 525)
10-17 13:13:51.179 28680 28762 D SurfaceView@1038bf7: updateSurfacePosition RenderWorker, frameNr = 1276, position = [0, -68, 1080, 457] surfaceSize = 1080x525
10-17 13:13:51.179 28680 28762 I SurfaceView@1038bf7: uSP: rtp = Rect(0, -68 - 1080, 457) rtsw = 1080 rtsh = 525
10-17 13:13:51.179 28680 28762 I SurfaceView@1038bf7: onSSPAndSRT: pl = 0 pt = -68 sx = 1.0 sy = 1.0
10-17 13:13:51.180 28680 28762 I SurfaceView@1038bf7: aOrMT: ViewRootImpl@fd98f5c[MainActivity] t = android.view.SurfaceControl$Transaction@71104a6 fN = 1276 android.view.SurfaceView.-$$Nest$mapplyOrMergeTransaction:0 android.view.SurfaceView$SurfaceViewPositionUpdateListener.positionChanged:1537 android.graphics.RenderNode$CompositePositionUpdateListener.positionChanged:373 
10-17 13:13:51.180 28680 28762 I ViewRootImpl@fd98f5c[MainActivity]: mWNT: t=0x7b0b972800 mBlastBufferQueue=0x7b4505a500 fn= 1276 caller= android.view.SurfaceView.applyOrMergeTransaction:1455 android.view.SurfaceView.-$$Nest$mapplyOrMergeTransaction:0 android.view.SurfaceView$SurfaceViewPositionUpdateListener.positionChanged:1537 
10-17 13:13:51.181 28680 28762 I ViewRootImpl@fd98f5c[MainActivity]: mWNT: t=0x7b2ad2b500 mBlastBufferQueue=0x7b4505a500 fn= 1276 caller= android.view.ViewRootImpl.lambda$applyTransactionOnDraw$11$android-view-ViewRootImpl:12865 android.view.ViewRootImpl$$ExternalSyntheticLambda1.onFrameDraw:4 android.graphics.HardwareRenderer$FrameDrawingCallback.onFrameDraw:924 
10-17 13:13:51.182 28680 28680 I SurfaceView@1038bf7: Changes: creating=false format=false size=false visible=false alpha=false hint=false mUseAlpha=false visible=false left=false top=true
10-17 13:13:51.182 28680 28680 I SurfaceView@1038bf7: 17009655 Cur surface: Surface(name=null)/@0x7c4ed0
10-17 13:13:51.183 28680 28680 I SurfaceView@1038bf7: applyTransactionOnVriDraw: vri = ViewRootImpl@fd98f5c[MainActivity] fRS = false t = 0x7b2ad2b600 android.view.SurfaceView.performSurfaceTransaction:959 android.view.SurfaceView.updateSurface:1105 android.view.SurfaceView.lambda$new$0$android-view-SurfaceView:200 
10-17 13:13:51.183 28680 28680 I ViewRootImpl@fd98f5c[MainActivity]: applyTransactionOnDraw: mRemoved = false isHardwareEnabled = true t = 0x7b2ad2b600android.view.SurfaceView.applyTransactionOnVriDraw:2048 android.view.SurfaceView.performSurfaceTransaction:959 android.view.SurfaceView.updateSurface:1105 android.view.SurfaceView.lambda$new$0$android-view-SurfaceView:200 android.view.SurfaceView$$ExternalSyntheticLambda5.onPreDraw:2 
10-17 13:13:51.183 28680 28680 I SurfaceView@1038bf7: updateSurface: mVisible = true mSurface.isValid() = true
10-17 13:13:51.183 28680 28680 I SurfaceView@1038bf7: updateSurface: mSurfaceCreated = true surfaceChanged = false visibleChanged = false
10-17 13:13:51.183 28680 28680 V SurfaceView@1038bf7: Layout: x=0 y=-68 w=1080 h=525, frame=Rect(0, 0 - 1080, 525)
10-17 13:13:51.195 28680 28763 D SurfaceView@1038bf7: updateSurfacePosition RenderWorker, frameNr = 1277, position = [0, -70, 1080, 455] surfaceSize = 1080x525
10-17 13:13:51.195 28680 28763 I SurfaceView@1038bf7: uSP: rtp = Rect(0, -70 - 1080, 455) rtsw = 1080 rtsh = 525
10-17 13:13:51.195 28680 28763 I SurfaceView@1038bf7: onSSPAndSRT: pl = 0 pt = -70 sx = 1.0 sy = 1.0
10-17 13:13:51.196 28680 28763 I SurfaceView@1038bf7: aOrMT: ViewRootImpl@fd98f5c[MainActivity] t = android.view.SurfaceControl$Transaction@71104a6 fN = 1277 android.view.SurfaceView.-$$Nest$mapplyOrMergeTransaction:0 android.view.SurfaceView$SurfaceViewPositionUpdateListener.positionChanged:1537 android.graphics.RenderNode$CompositePositionUpdateListener.positionChanged:373 
10-17 13:13:51.196 28680 28763 I ViewRootImpl@fd98f5c[MainActivity]: mWNT: t=0x7b0b972800 mBlastBufferQueue=0x7b4505a500 fn= 1277 caller= android.view.SurfaceView.applyOrMergeTransaction:1455 android.view.SurfaceView.-$$Nest$mapplyOrMergeTransaction:0 android.view.SurfaceView$SurfaceViewPositionUpdateListener.positionChanged:1537 
10-17 13:13:51.196 28680 28763 I ViewRootImpl@fd98f5c[MainActivity]: mWNT: t=0x7b2ad2b600 mBlastBufferQueue=0x7b4505a500 fn= 1277 caller= android.view.ViewRootImpl.lambda$applyTransactionOnDraw$11$android-view-ViewRootImpl:12865 android.view.ViewRootImpl$$ExternalSyntheticLambda1.onFrameDraw:4 android.graphics.HardwareRenderer$FrameDrawingCallback.onFrameDraw:924 
10-17 13:13:51.199 28680 28680 I SurfaceView@1038bf7: Changes: creating=false format=false size=false visible=false alpha=false hint=false mUseAlpha=false visible=false left=false top=true
10-17 13:13:51.199 28680 28680 I SurfaceView@1038bf7: 17009655 Cur surface: Surface(name=null)/@0x7c4ed0
10-17 13:13:51.199 28680 28680 I SurfaceView@1038bf7: applyTransactionOnVriDraw: vri = ViewRootImpl@fd98f5c[MainActivity] fRS = false t = 0x7b2ad2b700 android.view.SurfaceView.performSurfaceTransaction:959 android.view.SurfaceView.updateSurface:1105 android.view.SurfaceView.lambda$new$0$android-view-SurfaceView:200 
10-17 13:13:51.199 28680 28680 I ViewRootImpl@fd98f5c[MainActivity]: applyTransactionOnDraw: mRemoved = false isHardwareEnabled = true t = 0x7b2ad2b700android.view.SurfaceView.applyTransactionOnVriDraw:2048 android.view.SurfaceView.performSurfaceTransaction:959 android.view.SurfaceView.updateSurface:1105 android.view.SurfaceView.lambda$new$0$android-view-SurfaceView:200 android.view.SurfaceView$$ExternalSyntheticLambda5.onPreDraw:2 
10-17 13:13:51.200 28680 28680 I SurfaceView@1038bf7: updateSurface: mVisible = true mSurface.isValid() = true
10-17 13:13:51.200 28680 28680 I SurfaceView@1038bf7: updateSurface: mSurfaceCreated = true surfaceChanged = false visibleChanged = false
10-17 13:13:51.200 28680 28680 V SurfaceView@1038bf7: Layout: x=0 y=-70 w=1080 h=525, frame=Rect(0, 0 - 1080, 525)
10-17 13:13:51.211 28680 28762 D SurfaceView@1038bf7: updateSurfacePosition RenderWorker, frameNr = 1278, position = [0, -71, 1080, 454] surfaceSize = 1080x525
10-17 13:13:51.211 28680 28762 I SurfaceView@1038bf7: uSP: rtp = Rect(0, -71 - 1080, 454) rtsw = 1080 rtsh = 525
10-17 13:13:51.211 28680 28762 I SurfaceView@1038bf7: onSSPAndSRT: pl = 0 pt = -71 sx = 1.0 sy = 1.0
10-17 13:13:51.212 28680 28762 I SurfaceView@1038bf7: aOrMT: ViewRootImpl@fd98f5c[MainActivity] t = android.view.SurfaceControl$Transaction@71104a6 fN = 1278 android.view.SurfaceView.-$$Nest$mapplyOrMergeTransaction:0 android.view.SurfaceView$SurfaceViewPositionUpdateListener.positionChanged:1537 android.graphics.RenderNode$CompositePositionUpdateListener.positionChanged:373 
10-17 13:13:51.212 28680 28762 I ViewRootImpl@fd98f5c[MainActivity]: mWNT: t=0x7b0b972800 mBlastBufferQueue=0x7b4505a500 fn= 1278 caller= android.view.SurfaceView.applyOrMergeTransaction:1455 android.view.SurfaceView.-$$Nest$mapplyOrMergeTransaction:0 android.view.SurfaceView$SurfaceViewPositionUpdateListener.positionChanged:1537 
10-17 13:13:51.212 28680 28762 I ViewRootImpl@fd98f5c[MainActivity]: mWNT: t=0x7b2ad2b700 mBlastBufferQueue=0x7b4505a500 fn= 1278 caller= android.view.ViewRootImpl.lambda$applyTransactionOnDraw$11$android-view-ViewRootImpl:12865 android.view.ViewRootImpl$$ExternalSyntheticLambda1.onFrameDraw:4 android.graphics.HardwareRenderer$FrameDrawingCallback.onFrameDraw:924 
10-17 13:13:51.216 28680 28680 I SurfaceView@1038bf7: Changes: creating=false format=false size=false visible=false alpha=false hint=false mUseAlpha=false visible=false left=false top=true
10-17 13:13:51.217 28680 28680 I SurfaceView@1038bf7: 17009655 Cur surface: Surface(name=null)/@0x7c4ed0
10-17 13:13:51.217 28680 28680 I SurfaceView@1038bf7: applyTransactionOnVriDraw: vri = ViewRootImpl@fd98f5c[MainActivity] fRS = false t = 0x7b2ad2b800 android.view.SurfaceView.performSurfaceTransaction:959 android.view.SurfaceView.updateSurface:1105 android.view.SurfaceView.lambda$new$0$android-view-SurfaceView:200 
10-17 13:13:51.218 28680 28680 I ViewRootImpl@fd98f5c[MainActivity]: applyTransactionOnDraw: mRemoved = false isHardwareEnabled = true t = 0x7b2ad2b800android.view.SurfaceView.applyTransactionOnVriDraw:2048 android.view.SurfaceView.performSurfaceTransaction:959 android.view.SurfaceView.updateSurface:1105 android.view.SurfaceView.lambda$new$0$android-view-SurfaceView:200 android.view.SurfaceView$$ExternalSyntheticLambda5.onPreDraw:2 
10-17 13:13:51.218 28680 28680 I SurfaceView@1038bf7: updateSurface: mVisible = true mSurface.isValid() = true
10-17 13:13:51.218 28680 28680 I SurfaceView@1038bf7: updateSurface: mSurfaceCreated = true surfaceChanged = false visibleChanged = false
10-17 13:13:51.218 28680 28680 V SurfaceView@1038bf7: Layout: x=0 y=-71 w=1080 h=525, frame=Rect(0, 0 - 1080, 525)
10-17 13:13:51.231 28680 28763 D SurfaceView@1038bf7: updateSurfacePosition RenderWorker, frameNr = 1279, position = [0, -72, 1080, 453] surfaceSize = 1080x525
10-17 13:13:51.231 28680 28763 I SurfaceView@1038bf7: uSP: rtp = Rect(0, -72 - 1080, 453) rtsw = 1080 rtsh = 525
10-17 13:13:51.231 28680 28763 I SurfaceView@1038bf7: onSSPAndSRT: pl = 0 pt = -72 sx = 1.0 sy = 1.0
10-17 13:13:51.231 28680 28763 I SurfaceView@1038bf7: aOrMT: ViewRootImpl@fd98f5c[MainActivity] t = android.view.SurfaceControl$Transaction@71104a6 fN = 1279 android.view.SurfaceView.-$$Nest$mapplyOrMergeTransaction:0 android.view.SurfaceView$SurfaceViewPositionUpdateListener.positionChanged:1537 android.graphics.RenderNode$CompositePositionUpdateListener.positionChanged:373 
10-17 13:13:51.231 28680 28763 I ViewRootImpl@fd98f5c[MainActivity]: mWNT: t=0x7b0b972800 mBlastBufferQueue=0x7b4505a500 fn= 1279 caller= android.view.SurfaceView.applyOrMergeTransaction:1455 android.view.SurfaceView.-$$Nest$mapplyOrMergeTransaction:0 android.view.SurfaceView$SurfaceViewPositionUpdateListener.positionChanged:1537 
10-17 13:13:51.231 28680 28763 I ViewRootImpl@fd98f5c[MainActivity]: mWNT: t=0x7b2ad2b800 mBlastBufferQueue=0x7b4505a500 fn= 1279 caller= android.view.ViewRootImpl.lambda$applyTransactionOnDraw$11$android-view-ViewRootImpl:12865 android.view.ViewRootImpl$$ExternalSyntheticLambda1.onFrameDraw:4 android.graphics.HardwareRenderer$FrameDrawingCallback.onFrameDraw:924 
10-17 13:13:51.231 28680 28680 I SurfaceView@1038bf7: Changes: creating=false format=false size=false visible=false alpha=false hint=false mUseAlpha=false visible=false left=false top=true
10-17 13:13:51.232 28680 28680 I SurfaceView@1038bf7: 17009655 Cur surface: Surface(name=null)/@0x7c4ed0
10-17 13:13:51.232 28680 28680 I SurfaceView@1038bf7: applyTransactionOnVriDraw: vri = ViewRootImpl@fd98f5c[MainActivity] fRS = false t = 0x7b2ad2b900 android.view.SurfaceView.performSurfaceTransaction:959 android.view.SurfaceView.updateSurface:1105 android.view.SurfaceView.lambda$new$0$android-view-SurfaceView:200 
10-17 13:13:51.232 28680 28680 I ViewRootImpl@fd98f5c[MainActivity]: applyTransactionOnDraw: mRemoved = false isHardwareEnabled = true t = 0x7b2ad2b900android.view.SurfaceView.applyTransactionOnVriDraw:2048 android.view.SurfaceView.performSurfaceTransaction:959 android.view.SurfaceView.updateSurface:1105 android.view.SurfaceView.lambda$new$0$android-view-SurfaceView:200 android.view.SurfaceView$$ExternalSyntheticLambda5.onPreDraw:2 
10-17 13:13:51.232 28680 28680 I SurfaceView@1038bf7: updateSurface: mVisible = true mSurface.isValid() = true
10-17 13:13:51.232 28680 28680 I SurfaceView@1038bf7: updateSurface: mSurfaceCreated = true surfaceChanged = false visibleChanged = false
10-17 13:13:51.232 28680 28680 V SurfaceView@1038bf7: Layout: x=0 y=-72 w=1080 h=525, frame=Rect(0, 0 - 1080, 525)
10-17 13:13:51.241 28680 28762 D SurfaceView@1038bf7: updateSurfacePosition RenderWorker, frameNr = 1280, position = [0, -74, 1080, 451] surfaceSize = 1080x525
10-17 13:13:51.241 28680 28762 I SurfaceView@1038bf7: uSP: rtp = Rect(0, -74 - 1080, 451) rtsw = 1080 rtsh = 525
10-17 13:13:51.241 28680 28762 I SurfaceView@1038bf7: onSSPAndSRT: pl = 0 pt = -74 sx = 1.0 sy = 1.0
10-17 13:13:51.241 28680 28762 I SurfaceView@1038bf7: aOrMT: ViewRootImpl@fd98f5c[MainActivity] t = android.view.SurfaceControl$Transaction@71104a6 fN = 1280 android.view.SurfaceView.-$$Nest$mapplyOrMergeTransaction:0 android.view.SurfaceView$SurfaceViewPositionUpdateListener.positionChanged:1537 android.graphics.RenderNode$CompositePositionUpdateListener.positionChanged:373 
10-17 13:13:51.241 28680 28762 I ViewRootImpl@fd98f5c[MainActivity]: mWNT: t=0x7b0b972800 mBlastBufferQueue=0x7b4505a500 fn= 1280 caller= android.view.SurfaceView.applyOrMergeTransaction:1455 android.view.SurfaceView.-$$Nest$mapplyOrMergeTransaction:0 android.view.SurfaceView$SurfaceViewPositionUpdateListener.positionChanged:1537 
10-17 13:13:51.241 28680 28762 I ViewRootImpl@fd98f5c[MainActivity]: mWNT: t=0x7b2ad2b900 mBlastBufferQueue=0x7b4505a500 fn= 1280 caller= android.view.ViewRootImpl.lambda$applyTransactionOnDraw$11$android-view-ViewRootImpl:12865 android.view.ViewRootImpl$$ExternalSyntheticLambda1.onFrameDraw:4 android.graphics.HardwareRenderer$FrameDrawingCallback.onFrameDraw:924 
10-17 13:13:51.245 28680 28680 I SurfaceView@1038bf7: Changes: creating=false format=false size=false visible=false alpha=false hint=false mUseAlpha=false visible=false left=false top=true
10-17 13:13:51.245 28680 28680 I SurfaceView@1038bf7: 17009655 Cur surface: Surface(name=null)/@0x7c4ed0
10-17 13:13:51.246 28680 28680 I SurfaceView@1038bf7: applyTransactionOnVriDraw: vri = ViewRootImpl@fd98f5c[MainActivity] fRS = false t = 0x7b2ad2ba00 android.view.SurfaceView.performSurfaceTransaction:959 android.view.SurfaceView.updateSurface:1105 android.view.SurfaceView.lambda$new$0$android-view-SurfaceView:200 
10-17 13:13:51.246 28680 28680 I ViewRootImpl@fd98f5c[MainActivity]: applyTransactionOnDraw: mRemoved = false isHardwareEnabled = true t = 0x7b2ad2ba00android.view.SurfaceView.applyTransactionOnVriDraw:2048 android.view.SurfaceView.performSurfaceTransaction:959 android.view.SurfaceView.updateSurface:1105 android.view.SurfaceView.lambda$new$0$android-view-SurfaceView:200 android.view.SurfaceView$$ExternalSyntheticLambda5.onPreDraw:2 
10-17 13:13:51.246 28680 28680 I SurfaceView@1038bf7: updateSurface: mVisible = true mSurface.isValid() = true
10-17 13:13:51.246 28680 28680 I SurfaceView@1038bf7: updateSurface: mSurfaceCreated = true surfaceChanged = false visibleChanged = false
10-17 13:13:51.246 28680 28680 V SurfaceView@1038bf7: Layout: x=0 y=-74 w=1080 h=525, frame=Rect(0, 0 - 1080, 525)
10-17 13:13:51.255 28680 28763 D SurfaceView@1038bf7: updateSurfacePosition RenderWorker, frameNr = 1281, position = [0, -75, 1080, 450] surfaceSize = 1080x525
10-17 13:13:51.255 28680 28763 I SurfaceView@1038bf7: uSP: rtp = Rect(0, -75 - 1080, 450) rtsw = 1080 rtsh = 525
10-17 13:13:51.255 28680 28763 I SurfaceView@1038bf7: onSSPAndSRT: pl = 0 pt = -75 sx = 1.0 sy = 1.0
10-17 13:13:51.255 28680 28763 I SurfaceView@1038bf7: aOrMT: ViewRootImpl@fd98f5c[MainActivity] t = android.view.SurfaceControl$Transaction@71104a6 fN = 1281 android.view.SurfaceView.-$$Nest$mapplyOrMergeTransaction:0 android.view.SurfaceView$SurfaceViewPositionUpdateListener.positionChanged:1537 android.graphics.RenderNode$CompositePositionUpdateListener.positionChanged:373 
10-17 13:13:51.255 28680 28763 I ViewRootImpl@fd98f5c[MainActivity]: mWNT: t=0x7b0b972800 mBlastBufferQueue=0x7b4505a500 fn= 1281 caller= android.view.SurfaceView.applyOrMergeTransaction:1455 android.view.SurfaceView.-$$Nest$mapplyOrMergeTransaction:0 android.view.SurfaceView$SurfaceViewPositionUpdateListener.positionChanged:1537 
10-17 13:13:51.255 28680 28763 I ViewRootImpl@fd98f5c[MainActivity]: mWNT: t=0x7b2ad2ba00 mBlastBufferQueue=0x7b4505a500 fn= 1281 caller= android.view.ViewRootImpl.lambda$applyTransactionOnDraw$11$android-view-ViewRootImpl:12865 android.view.ViewRootImpl$$ExternalSyntheticLambda1.onFrameDraw:4 android.graphics.HardwareRenderer$FrameDrawingCallback.onFrameDraw:924 
10-17 13:13:51.262 28680 28680 I SurfaceView@1038bf7: Changes: creating=false format=false size=false visible=false alpha=false hint=false mUseAlpha=false visible=false left=false top=true
10-17 13:13:51.263 28680 28680 I SurfaceView@1038bf7: 17009655 Cur surface: Surface(name=null)/@0x7c4ed0
10-17 13:13:51.263 28680 28680 I SurfaceView@1038bf7: applyTransactionOnVriDraw: vri = ViewRootImpl@fd98f5c[MainActivity] fRS = false t = 0x7b2ad2bb00 android.view.SurfaceView.performSurfaceTransaction:959 android.view.SurfaceView.updateSurface:1105 android.view.SurfaceView.lambda$new$0$android-view-SurfaceView:200 
10-17 13:13:51.263 28680 28680 I ViewRootImpl@fd98f5c[MainActivity]: applyTransactionOnDraw: mRemoved = false isHardwareEnabled = true t = 0x7b2ad2bb00android.view.SurfaceView.applyTransactionOnVriDraw:2048 android.view.SurfaceView.performSurfaceTransaction:959 android.view.SurfaceView.updateSurface:1105 android.view.SurfaceView.lambda$new$0$android-view-SurfaceView:200 android.view.SurfaceView$$ExternalSyntheticLambda5.onPreDraw:2 
10-17 13:13:51.263 28680 28680 I SurfaceView@1038bf7: updateSurface: mVisible = true mSurface.isValid() = true
10-17 13:13:51.263 28680 28680 I SurfaceView@1038bf7: updateSurface: mSurfaceCreated = true surfaceChanged = false visibleChanged = false
10-17 13:13:51.263 28680 28680 V SurfaceView@1038bf7: Layout: x=0 y=-75 w=1080 h=525, frame=Rect(0, 0 - 1080, 525)
10-17 13:13:51.273 28680 28762 D SurfaceView@1038bf7: updateSurfacePosition RenderWorker, frameNr = 1282, position = [0, -76, 1080, 449] surfaceSize = 1080x525
10-17 13:13:51.273 28680 28762 I SurfaceView@1038bf7: uSP: rtp = Rect(0, -76 - 1080, 449) rtsw = 1080 rtsh = 525
10-17 13:13:51.273 28680 28762 I SurfaceView@1038bf7: onSSPAndSRT: pl = 0 pt = -76 sx = 1.0 sy = 1.0
10-17 13:13:51.273 28680 28762 I SurfaceView@1038bf7: aOrMT: ViewRootImpl@fd98f5c[MainActivity] t = android.view.SurfaceControl$Transaction@71104a6 fN = 1282 android.view.SurfaceView.-$$Nest$mapplyOrMergeTransaction:0 android.view.SurfaceView$SurfaceViewPositionUpdateListener.positionChanged:1537 android.graphics.RenderNode$CompositePositionUpdateListener.positionChanged:373 
10-17 13:13:51.273 28680 28762 I ViewRootImpl@fd98f5c[MainActivity]: mWNT: t=0x7b0b972800 mBlastBufferQueue=0x7b4505a500 fn= 1282 caller= android.view.SurfaceView.applyOrMergeTransaction:1455 android.view.SurfaceView.-$$Nest$mapplyOrMergeTransaction:0 android.view.SurfaceView$SurfaceViewPositionUpdateListener.positionChanged:1537 
10-17 13:13:51.273 28680 28762 I ViewRootImpl@fd98f5c[MainActivity]: mWNT: t=0x7b2ad2bb00 mBlastBufferQueue=0x7b4505a500 fn= 1282 caller= android.view.ViewRootImpl.lambda$applyTransactionOnDraw$11$android-view-ViewRootImpl:12865 android.view.ViewRootImpl$$ExternalSyntheticLambda1.onFrameDraw:4 android.graphics.HardwareRenderer$FrameDrawingCallback.onFrameDraw:924 
10-17 13:13:51.279 28680 28680 I SurfaceView@1038bf7: Changes: creating=false format=false size=false visible=false alpha=false hint=false mUseAlpha=false visible=false left=false top=true
10-17 13:13:51.279 28680 28680 I SurfaceView@1038bf7: 17009655 Cur surface: Surface(name=null)/@0x7c4ed0
10-17 13:13:51.280 28680 28680 I SurfaceView@1038bf7: applyTransactionOnVriDraw: vri = ViewRootImpl@fd98f5c[MainActivity] fRS = false t = 0x7b2ad2bc00 android.view.SurfaceView.performSurfaceTransaction:959 android.view.SurfaceView.updateSurface:1105 android.view.SurfaceView.lambda$new$0$android-view-SurfaceView:200 
10-17 13:13:51.280 28680 28680 I ViewRootImpl@fd98f5c[MainActivity]: applyTransactionOnDraw: mRemoved = false isHardwareEnabled = true t = 0x7b2ad2bc00android.view.SurfaceView.applyTransactionOnVriDraw:2048 android.view.SurfaceView.performSurfaceTransaction:959 android.view.SurfaceView.updateSurface:1105 android.view.SurfaceView.lambda$new$0$android-view-SurfaceView:200 android.view.SurfaceView$$ExternalSyntheticLambda5.onPreDraw:2 
10-17 13:13:51.280 28680 28680 I SurfaceView@1038bf7: updateSurface: mVisible = true mSurface.isValid() = true
10-17 13:13:51.280 28680 28680 I SurfaceView@1038bf7: updateSurface: mSurfaceCreated = true surfaceChanged = false visibleChanged = false
10-17 13:13:51.280 28680 28680 V SurfaceView@1038bf7: Layout: x=0 y=-76 w=1080 h=525, frame=Rect(0, 0 - 1080, 525)
10-17 13:13:51.292 28680 28763 I ViewRootImpl@fd98f5c[MainActivity]: mWNT: t=0x7b2ad2bc00 mBlastBufferQueue=0x7b4505a500 fn= 1283 caller= android.view.ViewRootImpl.lambda$applyTransactionOnDraw$11$android-view-ViewRootImpl:12865 android.view.ViewRootImpl$$ExternalSyntheticLambda1.onFrameDraw:4 android.graphics.HardwareRenderer$FrameDrawingCallback.onFrameDraw:924 
10-17 13:13:51.309 28680 28762 D SurfaceView@1038bf7: updateSurfacePosition RenderWorker, frameNr = 1284, position = [0, -77, 1080, 448] surfaceSize = 1080x525
10-17 13:13:51.309 28680 28762 I SurfaceView@1038bf7: uSP: rtp = Rect(0, -77 - 1080, 448) rtsw = 1080 rtsh = 525
10-17 13:13:51.309 28680 28762 I SurfaceView@1038bf7: onSSPAndSRT: pl = 0 pt = -77 sx = 1.0 sy = 1.0
10-17 13:13:51.310 28680 28762 I SurfaceView@1038bf7: aOrMT: ViewRootImpl@fd98f5c[MainActivity] t = android.view.SurfaceControl$Transaction@71104a6 fN = 1284 android.view.SurfaceView.-$$Nest$mapplyOrMergeTransaction:0 android.view.SurfaceView$SurfaceViewPositionUpdateListener.positionChanged:1537 android.graphics.RenderNode$CompositePositionUpdateListener.positionChanged:373 
10-17 13:13:51.310 28680 28762 I ViewRootImpl@fd98f5c[MainActivity]: mWNT: t=0x7b0b972800 mBlastBufferQueue=0x7b4505a500 fn= 1284 caller= android.view.SurfaceView.applyOrMergeTransaction:1455 android.view.SurfaceView.-$$Nest$mapplyOrMergeTransaction:0 android.view.SurfaceView$SurfaceViewPositionUpdateListener.positionChanged:1537 
10-17 13:13:51.313 28680 28680 I SurfaceView@1038bf7: Changes: creating=false format=false size=false visible=false alpha=false hint=false mUseAlpha=false visible=false left=false top=true
10-17 13:13:51.313 28680 28680 I SurfaceView@1038bf7: 17009655 Cur surface: Surface(name=null)/@0x7c4ed0
10-17 13:13:51.313 28680 28680 I SurfaceView@1038bf7: applyTransactionOnVriDraw: vri = ViewRootImpl@fd98f5c[MainActivity] fRS = false t = 0x7b2aa45700 android.view.SurfaceView.performSurfaceTransaction:959 android.view.SurfaceView.updateSurface:1105 android.view.SurfaceView.lambda$new$0$android-view-SurfaceView:200 
10-17 13:13:51.313 28680 28680 I ViewRootImpl@fd98f5c[MainActivity]: applyTransactionOnDraw: mRemoved = false isHardwareEnabled = true t = 0x7b2aa45700android.view.SurfaceView.applyTransactionOnVriDraw:2048 android.view.SurfaceView.performSurfaceTransaction:959 android.view.SurfaceView.updateSurface:1105 android.view.SurfaceView.lambda$new$0$android-view-SurfaceView:200 android.view.SurfaceView$$ExternalSyntheticLambda5.onPreDraw:2 
10-17 13:13:51.314 28680 28680 I SurfaceView@1038bf7: updateSurface: mVisible = true mSurface.isValid() = true
10-17 13:13:51.314 28680 28680 I SurfaceView@1038bf7: updateSurface: mSurfaceCreated = true surfaceChanged = false visibleChanged = false
10-17 13:13:51.314 28680 28680 V SurfaceView@1038bf7: Layout: x=0 y=-77 w=1080 h=525, frame=Rect(0, 0 - 1080, 525)
10-17 13:13:51.327 28680 28763 D SurfaceView@1038bf7: updateSurfacePosition RenderWorker, frameNr = 1285, position = [0, -78, 1080, 447] surfaceSize = 1080x525
10-17 13:13:51.327 28680 28763 I SurfaceView@1038bf7: uSP: rtp = Rect(0, -78 - 1080, 447) rtsw = 1080 rtsh = 525
10-17 13:13:51.327 28680 28763 I SurfaceView@1038bf7: onSSPAndSRT: pl = 0 pt = -78 sx = 1.0 sy = 1.0
10-17 13:13:51.327 28680 28763 I SurfaceView@1038bf7: aOrMT: ViewRootImpl@fd98f5c[MainActivity] t = android.view.SurfaceControl$Transaction@71104a6 fN = 1285 android.view.SurfaceView.-$$Nest$mapplyOrMergeTransaction:0 android.view.SurfaceView$SurfaceViewPositionUpdateListener.positionChanged:1537 android.graphics.RenderNode$CompositePositionUpdateListener.positionChanged:373 
10-17 13:13:51.328 28680 28763 I ViewRootImpl@fd98f5c[MainActivity]: mWNT: t=0x7b0b972800 mBlastBufferQueue=0x7b4505a500 fn= 1285 caller= android.view.SurfaceView.applyOrMergeTransaction:1455 android.view.SurfaceView.-$$Nest$mapplyOrMergeTransaction:0 android.view.SurfaceView$SurfaceViewPositionUpdateListener.positionChanged:1537 
10-17 13:13:51.328 28680 28763 I ViewRootImpl@fd98f5c[MainActivity]: mWNT: t=0x7b2aa45700 mBlastBufferQueue=0x7b4505a500 fn= 1285 caller= android.view.ViewRootImpl.lambda$applyTransactionOnDraw$11$android-view-ViewRootImpl:12865 android.view.ViewRootImpl$$ExternalSyntheticLambda1.onFrameDraw:4 android.graphics.HardwareRenderer$FrameDrawingCallback.onFrameDraw:924 
10-17 13:13:51.329 28680 28680 I SurfaceView@1038bf7: Changes: creating=false format=false size=false visible=false alpha=false hint=false mUseAlpha=false visible=false left=false top=true
10-17 13:13:51.329 28680 28680 I SurfaceView@1038bf7: 17009655 Cur surface: Surface(name=null)/@0x7c4ed0
10-17 13:13:51.330 28680 28680 I SurfaceView@1038bf7: applyTransactionOnVriDraw: vri = ViewRootImpl@fd98f5c[MainActivity] fRS = false t = 0x7b2ad2bd00 android.view.SurfaceView.performSurfaceTransaction:959 android.view.SurfaceView.updateSurface:1105 android.view.SurfaceView.lambda$new$0$android-view-SurfaceView:200 
10-17 13:13:51.330 28680 28680 I ViewRootImpl@fd98f5c[MainActivity]: applyTransactionOnDraw: mRemoved = false isHardwareEnabled = true t = 0x7b2ad2bd00android.view.SurfaceView.applyTransactionOnVriDraw:2048 android.view.SurfaceView.performSurfaceTransaction:959 android.view.SurfaceView.updateSurface:1105 android.view.SurfaceView.lambda$new$0$android-view-SurfaceView:200 android.view.SurfaceView$$ExternalSyntheticLambda5.onPreDraw:2 
10-17 13:13:51.330 28680 28680 I SurfaceView@1038bf7: updateSurface: mVisible = true mSurface.isValid() = true
10-17 13:13:51.330 28680 28680 I SurfaceView@1038bf7: updateSurface: mSurfaceCreated = true surfaceChanged = false visibleChanged = false
10-17 13:13:51.330 28680 28680 V SurfaceView@1038bf7: Layout: x=0 y=-78 w=1080 h=525, frame=Rect(0, 0 - 1080, 525)
10-17 13:13:51.343 28680 28762 I ViewRootImpl@fd98f5c[MainActivity]: mWNT: t=0x7b2ad2bd00 mBlastBufferQueue=0x7b4505a500 fn= 1286 caller= android.view.ViewRootImpl.lambda$applyTransactionOnDraw$11$android-view-ViewRootImpl:12865 android.view.ViewRootImpl$$ExternalSyntheticLambda1.onFrameDraw:4 android.graphics.HardwareRenderer$FrameDrawingCallback.onFrameDraw:924 
10-17 13:13:51.359 28680 28763 D SurfaceView@1038bf7: updateSurfacePosition RenderWorker, frameNr = 1287, position = [0, -79, 1080, 446] surfaceSize = 1080x525
10-17 13:13:51.360 28680 28763 I SurfaceView@1038bf7: uSP: rtp = Rect(0, -79 - 1080, 446) rtsw = 1080 rtsh = 525
10-17 13:13:51.360 28680 28763 I SurfaceView@1038bf7: onSSPAndSRT: pl = 0 pt = -79 sx = 1.0 sy = 1.0
