10-17 13:13:47.664 28680 28680 D SurfaceView@1038bf7: updateSurface: has no frame
10-17 13:13:47.681 28680 28680 D SurfaceView@1038bf7: updateSurface: has no frame
10-17 13:13:47.698 28680 28680 D SurfaceView@1038bf7: updateSurface: has no frame
10-17 13:13:47.716 28680 28680 D SurfaceView@1038bf7: updateSurface: has no frame
10-17 13:13:47.731 28680 28680 D SurfaceView@1038bf7: updateSurface: has no frame
10-17 13:13:47.748 28680 28680 D SurfaceView@1038bf7: updateSurface: has no frame
10-17 13:13:47.764 28680 28680 D SurfaceView@1038bf7: updateSurface: has no frame
10-17 13:13:47.781 28680 28680 D SurfaceView@1038bf7: updateSurface: has no frame
10-17 13:13:47.798 28680 28680 D SurfaceView@1038bf7: updateSurface: has no frame
10-17 13:13:47.815 28680 28680 D SurfaceView@1038bf7: updateSurface: has no frame
10-17 13:13:47.831 28680 28680 D SurfaceView@1038bf7: updateSurface: has no frame
10-17 13:13:47.848 28680 28680 D SurfaceView@1038bf7: updateSurface: has no frame
10-17 13:13:47.865 28680 28680 D SurfaceView@1038bf7: updateSurface: has no frame
10-17 13:13:47.881 28680 28680 D SurfaceView@1038bf7: updateSurface: has no frame
10-17 13:13:47.898 28680 28680 D SurfaceView@1038bf7: updateSurface: has no frame
10-17 13:13:47.914 28680 28680 D SurfaceView@1038bf7: updateSurface: has no frame
10-17 13:13:47.931 28680 28680 D SurfaceView@1038bf7: updateSurface: has no frame
10-17 13:13:47.948 28680 28680 D SurfaceView@1038bf7: updateSurface: has no frame
10-17 13:13:47.964 28680 28680 D SurfaceView@1038bf7: updateSurface: has no frame
10-17 13:13:47.981 28680 28680 D SurfaceView@1038bf7: updateSurface: has no frame
10-17 13:13:47.998 28680 28680 D SurfaceView@1038bf7: updateSurface: has no frame
10-17 13:13:48.014 28680 28680 D SurfaceView@1038bf7: updateSurface: has no frame
10-17 13:13:48.031 28680 28680 D SurfaceView@1038bf7: updateSurface: has no frame
10-17 13:13:48.047 28680 28680 D SurfaceView@1038bf7: updateSurface: has no frame
10-17 13:13:48.064 28680 28680 D SurfaceView@1038bf7: updateSurface: has no frame
10-17 13:13:48.081 28680 28680 D SurfaceView@1038bf7: updateSurface: has no frame
10-17 13:13:48.098 28680 28680 D SurfaceView@1038bf7: updateSurface: has no frame
10-17 13:13:48.114 28680 28680 D SurfaceView@1038bf7: updateSurface: has no frame
10-17 13:13:48.131 28680 28680 D SurfaceView@1038bf7: updateSurface: has no frame
10-17 13:13:48.148 28680 28680 D SurfaceView@1038bf7: updateSurface: has no frame
10-17 13:13:48.164 28680 28680 D SurfaceView@1038bf7: updateSurface: has no frame
10-17 13:13:48.181 28680 28680 D SurfaceView@1038bf7: updateSurface: has no frame
10-17 13:13:48.198 28680 28680 D SurfaceView@1038bf7: updateSurface: has no frame
10-17 13:13:48.214 28680 28680 D SurfaceView@1038bf7: updateSurface: has no frame
10-17 13:13:48.231 28680 28680 D SurfaceView@1038bf7: updateSurface: has no frame
10-17 13:13:48.248 28680 28680 D SurfaceView@1038bf7: updateSurface: has no frame
10-17 13:13:48.264 28680 28680 D SurfaceView@1038bf7: updateSurface: has no frame
10-17 13:13:48.280 28680 28680 D SurfaceView@1038bf7: updateSurface: has no frame
10-17 13:13:48.297 28680 28680 D SurfaceView@1038bf7: updateSurface: has no frame
10-17 13:13:48.314 28680 28680 D SurfaceView@1038bf7: updateSurface: has no frame
10-17 13:13:48.331 28680 28680 D SurfaceView@1038bf7: updateSurface: has no frame
10-17 13:13:48.347 28680 28680 D SurfaceView@1038bf7: updateSurface: has no frame
10-17 13:13:48.364 28680 28680 D SurfaceView@1038bf7: updateSurface: has no frame
10-17 13:13:48.381 28680 28680 D SurfaceView@1038bf7: updateSurface: has no frame
10-17 13:13:48.397 28680 28680 D SurfaceView@1038bf7: updateSurface: has no frame
10-17 13:13:48.414 28680 28680 D SurfaceView@1038bf7: updateSurface: has no frame
10-17 13:13:48.430 28680 28680 D SurfaceView@1038bf7: updateSurface: has no frame
10-17 13:13:48.447 28680 28680 D SurfaceView@1038bf7: updateSurface: has no frame
10-17 13:13:48.464 28680 28680 D SurfaceView@1038bf7: updateSurface: has no frame
10-17 13:13:48.481 28680 28680 D SurfaceView@1038bf7: updateSurface: has no frame
10-17 13:13:48.497 28680 28680 D SurfaceView@1038bf7: updateSurface: has no frame
10-17 13:13:48.514 28680 28680 D SurfaceView@1038bf7: updateSurface: has no frame
10-17 13:13:48.531 28680 28680 D SurfaceView@1038bf7: updateSurface: has no frame
10-17 13:13:48.547 28680 28680 D SurfaceView@1038bf7: updateSurface: has no frame
10-17 13:13:48.564 28680 28680 D SurfaceView@1038bf7: updateSurface: has no frame
10-17 13:13:48.581 28680 28680 D SurfaceView@1038bf7: updateSurface: has no frame
10-17 13:13:48.597 28680 28680 D SurfaceView@1038bf7: updateSurface: has no frame
10-17 13:13:48.614 28680 28680 D SurfaceView@1038bf7: updateSurface: has no frame
10-17 13:13:48.631 28680 28680 D SurfaceView@1038bf7: updateSurface: has no frame
10-17 13:13:48.647 28680 28680 D SurfaceView@1038bf7: updateSurface: has no frame
10-17 13:13:48.664 28680 28680 D SurfaceView@1038bf7: updateSurface: has no frame
10-17 13:13:48.681 28680 28680 D SurfaceView@1038bf7: updateSurface: has no frame
10-17 13:13:48.697 28680 28680 D SurfaceView@1038bf7: updateSurface: has no frame
10-17 13:13:48.714 28680 28680 D SurfaceView@1038bf7: updateSurface: has no frame
10-17 13:13:48.731 28680 28680 D SurfaceView@1038bf7: updateSurface: has no frame
10-17 13:13:48.748 28680 28680 D SurfaceView@1038bf7: updateSurface: has no frame
10-17 13:13:48.764 28680 28680 D SurfaceView@1038bf7: updateSurface: has no frame
10-17 13:13:48.781 28680 28680 D SurfaceView@1038bf7: updateSurface: has no frame
10-17 13:13:48.797 28680 28680 D SurfaceView@1038bf7: updateSurface: has no frame
10-17 13:13:48.814 28680 28680 D SurfaceView@1038bf7: updateSurface: has no frame
10-17 13:13:48.831 28680 28680 D SurfaceView@1038bf7: updateSurface: has no frame
10-17 13:13:48.848 28680 28680 D SurfaceView@1038bf7: updateSurface: has no frame
10-17 13:13:48.864 28680 28680 D SurfaceView@1038bf7: updateSurface: has no frame
10-17 13:13:48.881 28680 28680 D SurfaceView@1038bf7: updateSurface: has no frame
10-17 13:13:48.897 28680 28680 D SurfaceView@1038bf7: updateSurface: has no frame
10-17 13:13:48.914 28680 28680 D SurfaceView@1038bf7: updateSurface: has no frame
10-17 13:13:48.930 28680 28680 D SurfaceView@1038bf7: updateSurface: has no frame
10-17 13:13:48.947 28680 28680 D SurfaceView@1038bf7: updateSurface: has no frame
10-17 13:13:48.964 28680 28680 D SurfaceView@1038bf7: updateSurface: has no frame
10-17 13:13:48.981 28680 28680 D SurfaceView@1038bf7: updateSurface: has no frame
10-17 13:13:48.997 28680 28680 D SurfaceView@1038bf7: updateSurface: has no frame
10-17 13:13:49.014 28680 28680 D SurfaceView@1038bf7: updateSurface: has no frame
10-17 13:13:49.030 28680 28680 D SurfaceView@1038bf7: updateSurface: has no frame
10-17 13:13:49.048 28680 28680 D SurfaceView@1038bf7: updateSurface: has no frame
10-17 13:13:49.065 28680 28680 D SurfaceView@1038bf7: updateSurface: has no frame
10-17 13:13:49.080 28680 28680 D SurfaceView@1038bf7: updateSurface: has no frame
10-17 13:13:49.097 28680 28680 D SurfaceView@1038bf7: updateSurface: has no frame
10-17 13:13:49.114 28680 28680 D SurfaceView@1038bf7: updateSurface: has no frame
10-17 13:13:49.130 28680 28680 D SurfaceView@1038bf7: updateSurface: has no frame
10-17 13:13:49.147 28680 28680 D SurfaceView@1038bf7: updateSurface: has no frame
10-17 13:13:49.164 28680 28680 D SurfaceView@1038bf7: updateSurface: has no frame
10-17 13:13:49.180 28680 28680 D SurfaceView@1038bf7: updateSurface: has no frame
10-17 13:13:49.197 28680 28680 D SurfaceView@1038bf7: updateSurface: has no frame
10-17 13:13:49.214 28680 28680 D SurfaceView@1038bf7: updateSurface: has no frame
10-17 13:13:49.223 28680 28740 I RVM2    : applyMeta
10-17 13:13:49.230 28680 28680 D SurfaceView@1038bf7: updateSurface: has no frame
10-17 13:13:49.232 28680 28680 W PanelsChildGestureRegionObserver: failed to register view with ID 2131362800. already registered
10-17 13:13:49.237 28680 28680 E CoilImgLoader: Error loading image: coil3.request.NullRequestDataException: The request's data is null.
10-17 13:13:49.241 28680 28680 E CoilImgLoader: Error loading image: coil3.request.NullRequestDataException: The request's data is null.
10-17 13:13:49.299 28680 28735 I SYNCVM  : addFromUrl = https://asiatv.one/drama/typhoon-family-%d9%85%d8%b3%d9%84%d8%b3%d9%84-%d8%b9%d8%a7%d8%a6%d9%84%d8%a9-%d8%a7%d9%84%d8%a5%d8%b9%d8%b5%d8%a7%d8%b1-%d8%aa%d9%82%d8%b1%d9%8a%d8%b1-%d8%ad%d9%84%d9%82%d8%a7%d8%aa-%d9%85%d8%aa/
10-17 13:13:49.299 28680 28735 I SYNCUTIL: getIdsFromUrl https://asiatv.one/drama/typhoon-family-%d9%85%d8%b3%d9%84%d8%b3%d9%84-%d8%b9%d8%a7%d8%a6%d9%84%d8%a9-%d8%a7%d9%84%d8%a5%d8%b9%d8%b5%d8%a7%d8%b1-%d8%aa%d9%82%d8%b1%d9%8a%d8%b1-%d8%ad%d9%84%d9%82%d8%a7%d8%aa-%d9%85%d8%aa/
10-17 13:13:49.373 28680 28680 D SurfaceView@1038bf7: updateSurface: has no frame
10-17 13:13:49.375 28680 28680 I SurfaceView@1038bf7: Changes: creating=true format=true size=true visible=true alpha=false hint=false mUseAlpha=false visible=true left=true top=true
10-17 13:13:49.378 28680 28680 I BLASTBufferQueue: update, w= 1080 h= 525 mName = null mNativeObject= 0x7bdd5fcb00 sc.mNativeObject= 0x7ae4648100 format= 4 caller= android.view.SurfaceView.createBlastSurfaceControls:1383 android.view.SurfaceView.updateSurface:1079 android.view.SurfaceView.lambda$new$0$android-view-SurfaceView:200 android.view.SurfaceView$$ExternalSyntheticLambda5.onPreDraw:2 android.view.ViewTreeObserver.dispatchOnPreDraw:1121 android.view.ViewRootImpl.performTraversals:4442 
10-17 13:13:49.378 28680 28680 I SurfaceView@1038bf7: 17009655 Cur surface: Surface(name=null)/@0x7c4ed0
10-17 13:13:49.378 28680 28680 I SurfaceView@1038bf7: pST: sr = Rect(0, 218 - 1080, 743) sw = 1080 sh = 525
10-17 13:13:49.378 28680 28680 D SurfaceView@1038bf7: performSurfaceTransaction RenderWorker position = [0, 218, 1080, 743] surfaceSize = 1080x525
10-17 13:13:49.378 28680 28680 I SurfaceView@1038bf7: applyTransactionOnVriDraw: vri = ViewRootImpl@fd98f5c[MainActivity] fRS = false t = 0x7b0b972700 android.view.SurfaceView.performSurfaceTransaction:959 android.view.SurfaceView.updateSurface:1105 android.view.SurfaceView.lambda$new$0$android-view-SurfaceView:200 
10-17 13:13:49.378 28680 28680 I ViewRootImpl@fd98f5c[MainActivity]: applyTransactionOnDraw: mRemoved = false isHardwareEnabled = true t = 0x7b0b972700android.view.SurfaceView.applyTransactionOnVriDraw:2048 android.view.SurfaceView.performSurfaceTransaction:959 android.view.SurfaceView.updateSurface:1105 android.view.SurfaceView.lambda$new$0$android-view-SurfaceView:200 android.view.SurfaceView$$ExternalSyntheticLambda5.onPreDraw:2 
10-17 13:13:49.378 28680 28680 I SurfaceView@1038bf7: updateSurface: mVisible = true mSurface.isValid() = true
10-17 13:13:49.378 28680 28680 I SurfaceView@1038bf7: updateSurface: mSurfaceCreated = false surfaceChanged = true visibleChanged = true
10-17 13:13:49.378 28680 28680 I SurfaceView@1038bf7: visibleChanged -- surfaceCreated
10-17 13:13:49.378 28680 28680 I SurfaceView@1038bf7: surfaceCreated 0 #8 android.view.SurfaceView{1038bf7 V.E..V... ......ID 0,0-1080,525}
10-17 13:13:49.378 28680 28680 I SurfaceView@1038bf7: surfaceChanged -- format=4 w=1080 h=525
10-17 13:13:49.378 28680 28680 I SurfaceView@1038bf7: surfaceChanged (1080,525) 0 #8 android.view.SurfaceView{1038bf7 V.E..V... ......ID 0,0-1080,525}
10-17 13:13:49.378 28680 28680 I SurfaceView@1038bf7: surfaceRedrawNeeded
10-17 13:13:49.379 28680 28680 V SurfaceView@1038bf7: Layout: x=0 y=218 w=1080 h=525, frame=Rect(0, 0 - 1080, 525)
10-17 13:13:49.397 28680 28763 D SurfaceView@1038bf7: updateSurfacePosition RenderWorker, frameNr = 1221, position = [0, 218, 1080, 743] surfaceSize = 1080x525
10-17 13:13:49.397 28680 28763 I SurfaceView@1038bf7: uSP: rtp = Rect(0, 218 - 1080, 743) rtsw = 1080 rtsh = 525
10-17 13:13:49.397 28680 28763 I SurfaceView@1038bf7: onSSPAndSRT: pl = 0 pt = 218 sx = 1.0 sy = 1.0
10-17 13:13:49.397 28680 28763 I SurfaceView@1038bf7: aOrMT: ViewRootImpl@fd98f5c[MainActivity] t = android.view.SurfaceControl$Transaction@71104a6 fN = 1221 android.view.SurfaceView.-$$Nest$mapplyOrMergeTransaction:0 android.view.SurfaceView$SurfaceViewPositionUpdateListener.positionChanged:1537 android.graphics.RenderNode$CompositePositionUpdateListener.positionChanged:373 
10-17 13:13:49.397 28680 28763 I ViewRootImpl@fd98f5c[MainActivity]: mWNT: t=0x7b0b972800 mBlastBufferQueue=0x7b4505a500 fn= 1221 caller= android.view.SurfaceView.applyOrMergeTransaction:1455 android.view.SurfaceView.-$$Nest$mapplyOrMergeTransaction:0 android.view.SurfaceView$SurfaceViewPositionUpdateListener.positionChanged:1537 
10-17 13:13:49.397 28680 28763 I ViewRootImpl@fd98f5c[MainActivity]: mWNT: t=0x7b0b972700 mBlastBufferQueue=0x7b4505a500 fn= 1221 caller= android.view.ViewRootImpl.lambda$applyTransactionOnDraw$11$android-view-ViewRootImpl:12865 android.view.ViewRootImpl$$ExternalSyntheticLambda1.onFrameDraw:4 android.graphics.HardwareRenderer$FrameDrawingCallback.onFrameDraw:924 
10-17 13:13:49.421 28680 28680 I SurfaceView@1038bf7: finishedDrawing
10-17 13:13:50.758 28680 28680 I ViewRootImpl@fd98f5c[MainActivity]: ViewPostIme pointer 0
10-17 13:13:50.806 28680 28680 I SurfaceView@1038bf7: Changes: creating=false format=false size=false visible=false alpha=false hint=false mUseAlpha=false visible=false left=false top=true
10-17 13:13:50.807 28680 28680 I SurfaceView@1038bf7: 17009655 Cur surface: Surface(name=null)/@0x7c4ed0
10-17 13:13:50.808 28680 28680 I SurfaceView@1038bf7: applyTransactionOnVriDraw: vri = ViewRootImpl@fd98f5c[MainActivity] fRS = false t = 0x7b45027200 android.view.SurfaceView.performSurfaceTransaction:959 android.view.SurfaceView.updateSurface:1105 android.view.SurfaceView.lambda$new$0$android-view-SurfaceView:200 
10-17 13:13:50.808 28680 28680 I ViewRootImpl@fd98f5c[MainActivity]: applyTransactionOnDraw: mRemoved = false isHardwareEnabled = true t = 0x7b45027200android.view.SurfaceView.applyTransactionOnVriDraw:2048 android.view.SurfaceView.performSurfaceTransaction:959 android.view.SurfaceView.updateSurface:1105 android.view.SurfaceView.lambda$new$0$android-view-SurfaceView:200 android.view.SurfaceView$$ExternalSyntheticLambda5.onPreDraw:2 
10-17 13:13:50.808 28680 28680 I SurfaceView@1038bf7: updateSurface: mVisible = true mSurface.isValid() = true
10-17 13:13:50.809 28680 28680 I SurfaceView@1038bf7: updateSurface: mSurfaceCreated = true surfaceChanged = false visibleChanged = false
10-17 13:13:50.809 28680 28680 V SurfaceView@1038bf7: Layout: x=0 y=203 w=1080 h=525, frame=Rect(0, 0 - 1080, 525)
10-17 13:13:50.812 28680 28762 D SurfaceView@1038bf7: updateSurfacePosition RenderWorker, frameNr = 1255, position = [0, 203, 1080, 728] surfaceSize = 1080x525
10-17 13:13:50.812 28680 28762 I SurfaceView@1038bf7: uSP: rtp = Rect(0, 203 - 1080, 728) rtsw = 1080 rtsh = 525
10-17 13:13:50.813 28680 28762 I SurfaceView@1038bf7: onSSPAndSRT: pl = 0 pt = 203 sx = 1.0 sy = 1.0
10-17 13:13:50.813 28680 28762 I SurfaceView@1038bf7: aOrMT: ViewRootImpl@fd98f5c[MainActivity] t = android.view.SurfaceControl$Transaction@71104a6 fN = 1255 android.view.SurfaceView.-$$Nest$mapplyOrMergeTransaction:0 android.view.SurfaceView$SurfaceViewPositionUpdateListener.positionChanged:1537 android.graphics.RenderNode$CompositePositionUpdateListener.positionChanged:373 
10-17 13:13:50.813 28680 28762 I ViewRootImpl@fd98f5c[MainActivity]: mWNT: t=0x7b0b972800 mBlastBufferQueue=0x7b4505a500 fn= 1255 caller= android.view.SurfaceView.applyOrMergeTransaction:1455 android.view.SurfaceView.-$$Nest$mapplyOrMergeTransaction:0 android.view.SurfaceView$SurfaceViewPositionUpdateListener.positionChanged:1537 
10-17 13:13:50.814 28680 28762 I ViewRootImpl@fd98f5c[MainActivity]: mWNT: t=0x7b45027200 mBlastBufferQueue=0x7b4505a500 fn= 1255 caller= android.view.ViewRootImpl.lambda$applyTransactionOnDraw$11$android-view-ViewRootImpl:12865 android.view.ViewRootImpl$$ExternalSyntheticLambda1.onFrameDraw:4 android.graphics.HardwareRenderer$FrameDrawingCallback.onFrameDraw:924 
10-17 13:13:50.822 28680 28680 I SurfaceView@1038bf7: Changes: creating=false format=false size=false visible=false alpha=false hint=false mUseAlpha=false visible=false left=false top=true
10-17 13:13:50.822 28680 28680 I SurfaceView@1038bf7: 17009655 Cur surface: Surface(name=null)/@0x7c4ed0
10-17 13:13:50.823 28680 28680 I SurfaceView@1038bf7: applyTransactionOnVriDraw: vri = ViewRootImpl@fd98f5c[MainActivity] fRS = false t = 0x7b45350200 android.view.SurfaceView.performSurfaceTransaction:959 android.view.SurfaceView.updateSurface:1105 android.view.SurfaceView.lambda$new$0$android-view-SurfaceView:200 
10-17 13:13:50.824 28680 28680 I ViewRootImpl@fd98f5c[MainActivity]: applyTransactionOnDraw: mRemoved = false isHardwareEnabled = true t = 0x7b45350200android.view.SurfaceView.applyTransactionOnVriDraw:2048 android.view.SurfaceView.performSurfaceTransaction:959 android.view.SurfaceView.updateSurface:1105 android.view.SurfaceView.lambda$new$0$android-view-SurfaceView:200 android.view.SurfaceView$$ExternalSyntheticLambda5.onPreDraw:2 
10-17 13:13:50.824 28680 28680 I SurfaceView@1038bf7: updateSurface: mVisible = true mSurface.isValid() = true
10-17 13:13:50.824 28680 28680 I SurfaceView@1038bf7: updateSurface: mSurfaceCreated = true surfaceChanged = false visibleChanged = false
10-17 13:13:50.824 28680 28680 V SurfaceView@1038bf7: Layout: x=0 y=162 w=1080 h=525, frame=Rect(0, 0 - 1080, 525)
10-17 13:13:50.836 28680 28763 D SurfaceView@1038bf7: updateSurfacePosition RenderWorker, frameNr = 1256, position = [0, 162, 1080, 687] surfaceSize = 1080x525
10-17 13:13:50.836 28680 28763 I SurfaceView@1038bf7: uSP: rtp = Rect(0, 162 - 1080, 687) rtsw = 1080 rtsh = 525
10-17 13:13:50.836 28680 28763 I SurfaceView@1038bf7: onSSPAndSRT: pl = 0 pt = 162 sx = 1.0 sy = 1.0
10-17 13:13:50.837 28680 28763 I SurfaceView@1038bf7: aOrMT: ViewRootImpl@fd98f5c[MainActivity] t = android.view.SurfaceControl$Transaction@71104a6 fN = 1256 android.view.SurfaceView.-$$Nest$mapplyOrMergeTransaction:0 android.view.SurfaceView$SurfaceViewPositionUpdateListener.positionChanged:1537 android.graphics.RenderNode$CompositePositionUpdateListener.positionChanged:373 
10-17 13:13:50.837 28680 28763 I ViewRootImpl@fd98f5c[MainActivity]: mWNT: t=0x7b0b972800 mBlastBufferQueue=0x7b4505a500 fn= 1256 caller= android.view.SurfaceView.applyOrMergeTransaction:1455 android.view.SurfaceView.-$$Nest$mapplyOrMergeTransaction:0 android.view.SurfaceView$SurfaceViewPositionUpdateListener.positionChanged:1537 
10-17 13:13:50.838 28680 28763 I ViewRootImpl@fd98f5c[MainActivity]: mWNT: t=0x7b45350200 mBlastBufferQueue=0x7b4505a500 fn= 1256 caller= android.view.ViewRootImpl.lambda$applyTransactionOnDraw$11$android-view-ViewRootImpl:12865 android.view.ViewRootImpl$$ExternalSyntheticLambda1.onFrameDraw:4 android.graphics.HardwareRenderer$FrameDrawingCallback.onFrameDraw:924 
10-17 13:13:50.844 28680 28680 I SurfaceView@1038bf7: Changes: creating=false format=false size=false visible=false alpha=false hint=false mUseAlpha=false visible=false left=false top=true
10-17 13:13:50.844 28680 28680 I SurfaceView@1038bf7: 17009655 Cur surface: Surface(name=null)/@0x7c4ed0
10-17 13:13:50.845 28680 28680 I SurfaceView@1038bf7: applyTransactionOnVriDraw: vri = ViewRootImpl@fd98f5c[MainActivity] fRS = false t = 0x7b45350400 android.view.SurfaceView.performSurfaceTransaction:959 android.view.SurfaceView.updateSurface:1105 android.view.SurfaceView.lambda$new$0$android-view-SurfaceView:200 
10-17 13:13:50.846 28680 28680 I ViewRootImpl@fd98f5c[MainActivity]: applyTransactionOnDraw: mRemoved = false isHardwareEnabled = true t = 0x7b45350400android.view.SurfaceView.applyTransactionOnVriDraw:2048 android.view.SurfaceView.performSurfaceTransaction:959 android.view.SurfaceView.updateSurface:1105 android.view.SurfaceView.lambda$new$0$android-view-SurfaceView:200 android.view.SurfaceView$$ExternalSyntheticLambda5.onPreDraw:2 
10-17 13:13:50.846 28680 28680 I SurfaceView@1038bf7: updateSurface: mVisible = true mSurface.isValid() = true
10-17 13:13:50.846 28680 28680 I SurfaceView@1038bf7: updateSurface: mSurfaceCreated = true surfaceChanged = false visibleChanged = false
10-17 13:13:50.846 28680 28680 V SurfaceView@1038bf7: Layout: x=0 y=123 w=1080 h=525, frame=Rect(0, 0 - 1080, 525)
10-17 13:13:50.863 28680 28762 D SurfaceView@1038bf7: updateSurfacePosition RenderWorker, frameNr = 1257, position = [0, 123, 1080, 648] surfaceSize = 1080x525
10-17 13:13:50.863 28680 28762 I SurfaceView@1038bf7: uSP: rtp = Rect(0, 123 - 1080, 648) rtsw = 1080 rtsh = 525
10-17 13:13:50.864 28680 28762 I SurfaceView@1038bf7: onSSPAndSRT: pl = 0 pt = 123 sx = 1.0 sy = 1.0
10-17 13:13:50.864 28680 28762 I SurfaceView@1038bf7: aOrMT: ViewRootImpl@fd98f5c[MainActivity] t = android.view.SurfaceControl$Transaction@71104a6 fN = 1257 android.view.SurfaceView.-$$Nest$mapplyOrMergeTransaction:0 android.view.SurfaceView$SurfaceViewPositionUpdateListener.positionChanged:1537 android.graphics.RenderNode$CompositePositionUpdateListener.positionChanged:373 
10-17 13:13:50.865 28680 28762 I ViewRootImpl@fd98f5c[MainActivity]: mWNT: t=0x7b0b972800 mBlastBufferQueue=0x7b4505a500 fn= 1257 caller= android.view.SurfaceView.applyOrMergeTransaction:1455 android.view.SurfaceView.-$$Nest$mapplyOrMergeTransaction:0 android.view.SurfaceView$SurfaceViewPositionUpdateListener.positionChanged:1537 
10-17 13:13:50.865 28680 28762 I ViewRootImpl@fd98f5c[MainActivity]: mWNT: t=0x7b45350400 mBlastBufferQueue=0x7b4505a500 fn= 1257 caller= android.view.ViewRootImpl.lambda$applyTransactionOnDraw$11$android-view-ViewRootImpl:12865 android.view.ViewRootImpl$$ExternalSyntheticLambda1.onFrameDraw:4 android.graphics.HardwareRenderer$FrameDrawingCallback.onFrameDraw:924 
10-17 13:13:50.868 28680 28680 I SurfaceView@1038bf7: Changes: creating=false format=false size=false visible=false alpha=false hint=false mUseAlpha=false visible=false left=false top=true
10-17 13:13:50.868 28680 28680 I SurfaceView@1038bf7: 17009655 Cur surface: Surface(name=null)/@0x7c4ed0
10-17 13:13:50.869 28680 28680 I SurfaceView@1038bf7: applyTransactionOnVriDraw: vri = ViewRootImpl@fd98f5c[MainActivity] fRS = false t = 0x7b45350500 android.view.SurfaceView.performSurfaceTransaction:959 android.view.SurfaceView.updateSurface:1105 android.view.SurfaceView.lambda$new$0$android-view-SurfaceView:200 
10-17 13:13:50.869 28680 28680 I ViewRootImpl@fd98f5c[MainActivity]: applyTransactionOnDraw: mRemoved = false isHardwareEnabled = true t = 0x7b45350500android.view.SurfaceView.applyTransactionOnVriDraw:2048 android.view.SurfaceView.performSurfaceTransaction:959 android.view.SurfaceView.updateSurface:1105 android.view.SurfaceView.lambda$new$0$android-view-SurfaceView:200 android.view.SurfaceView$$ExternalSyntheticLambda5.onPreDraw:2 
10-17 13:13:50.869 28680 28680 I SurfaceView@1038bf7: updateSurface: mVisible = true mSurface.isValid() = true
10-17 13:13:50.869 28680 28680 I SurfaceView@1038bf7: updateSurface: mSurfaceCreated = true surfaceChanged = false visibleChanged = false
10-17 13:13:50.869 28680 28680 V SurfaceView@1038bf7: Layout: x=0 y=70 w=1080 h=525, frame=Rect(0, 0 - 1080, 525)
10-17 13:13:50.879 28680 28763 D SurfaceView@1038bf7: updateSurfacePosition RenderWorker, frameNr = 1258, position = [0, 70, 1080, 595] surfaceSize = 1080x525
10-17 13:13:50.879 28680 28763 I SurfaceView@1038bf7: uSP: rtp = Rect(0, 70 - 1080, 595) rtsw = 1080 rtsh = 525
10-17 13:13:50.880 28680 28763 I SurfaceView@1038bf7: onSSPAndSRT: pl = 0 pt = 70 sx = 1.0 sy = 1.0
10-17 13:13:50.880 28680 28763 I SurfaceView@1038bf7: aOrMT: ViewRootImpl@fd98f5c[MainActivity] t = android.view.SurfaceControl$Transaction@71104a6 fN = 1258 android.view.SurfaceView.-$$Nest$mapplyOrMergeTransaction:0 android.view.SurfaceView$SurfaceViewPositionUpdateListener.positionChanged:1537 android.graphics.RenderNode$CompositePositionUpdateListener.positionChanged:373 
10-17 13:13:50.880 28680 28763 I ViewRootImpl@fd98f5c[MainActivity]: mWNT: t=0x7b0b972800 mBlastBufferQueue=0x7b4505a500 fn= 1258 caller= android.view.SurfaceView.applyOrMergeTransaction:1455 android.view.SurfaceView.-$$Nest$mapplyOrMergeTransaction:0 android.view.SurfaceView$SurfaceViewPositionUpdateListener.positionChanged:1537 
10-17 13:13:50.881 28680 28763 I ViewRootImpl@fd98f5c[MainActivity]: mWNT: t=0x7b45350500 mBlastBufferQueue=0x7b4505a500 fn= 1258 caller= android.view.ViewRootImpl.lambda$applyTransactionOnDraw$11$android-view-ViewRootImpl:12865 android.view.ViewRootImpl$$ExternalSyntheticLambda1.onFrameDraw:4 android.graphics.HardwareRenderer$FrameDrawingCallback.onFrameDraw:924 
10-17 13:13:50.884 28680 28680 I SurfaceView@1038bf7: Changes: creating=false format=false size=false visible=false alpha=false hint=false mUseAlpha=false visible=false left=false top=true
10-17 13:13:50.884 28680 28680 I SurfaceView@1038bf7: 17009655 Cur surface: Surface(name=null)/@0x7c4ed0
10-17 13:13:50.885 28680 28680 I SurfaceView@1038bf7: applyTransactionOnVriDraw: vri = ViewRootImpl@fd98f5c[MainActivity] fRS = false t = 0x7b45350600 android.view.SurfaceView.performSurfaceTransaction:959 android.view.SurfaceView.updateSurface:1105 android.view.SurfaceView.lambda$new$0$android-view-SurfaceView:200 
10-17 13:13:50.885 28680 28680 I ViewRootImpl@fd98f5c[MainActivity]: applyTransactionOnDraw: mRemoved = false isHardwareEnabled = true t = 0x7b45350600android.view.SurfaceView.applyTransactionOnVriDraw:2048 android.view.SurfaceView.performSurfaceTransaction:959 android.view.SurfaceView.updateSurface:1105 android.view.SurfaceView.lambda$new$0$android-view-SurfaceView:200 android.view.SurfaceView$$ExternalSyntheticLambda5.onPreDraw:2 
10-17 13:13:50.885 28680 28680 I SurfaceView@1038bf7: updateSurface: mVisible = true mSurface.isValid() = true
10-17 13:13:50.885 28680 28680 I SurfaceView@1038bf7: updateSurface: mSurfaceCreated = true surfaceChanged = false visibleChanged = false
10-17 13:13:50.885 28680 28680 V SurfaceView@1038bf7: Layout: x=0 y=50 w=1080 h=525, frame=Rect(0, 0 - 1080, 525)
10-17 13:13:50.900 28680 28762 D SurfaceView@1038bf7: updateSurfacePosition RenderWorker, frameNr = 1259, position = [0, 50, 1080, 575] surfaceSize = 1080x525
10-17 13:13:50.900 28680 28762 I SurfaceView@1038bf7: uSP: rtp = Rect(0, 50 - 1080, 575) rtsw = 1080 rtsh = 525
10-17 13:13:50.901 28680 28762 I SurfaceView@1038bf7: onSSPAndSRT: pl = 0 pt = 50 sx = 1.0 sy = 1.0
10-17 13:13:50.901 28680 28762 I SurfaceView@1038bf7: aOrMT: ViewRootImpl@fd98f5c[MainActivity] t = android.view.SurfaceControl$Transaction@71104a6 fN = 1259 android.view.SurfaceView.-$$Nest$mapplyOrMergeTransaction:0 android.view.SurfaceView$SurfaceViewPositionUpdateListener.positionChanged:1537 android.graphics.RenderNode$CompositePositionUpdateListener.positionChanged:373 
10-17 13:13:50.902 28680 28762 I ViewRootImpl@fd98f5c[MainActivity]: mWNT: t=0x7b0b972800 mBlastBufferQueue=0x7b4505a500 fn= 1259 caller= android.view.SurfaceView.applyOrMergeTransaction:1455 android.view.SurfaceView.-$$Nest$mapplyOrMergeTransaction:0 android.view.SurfaceView$SurfaceViewPositionUpdateListener.positionChanged:1537 
10-17 13:13:50.902 28680 28762 I ViewRootImpl@fd98f5c[MainActivity]: mWNT: t=0x7b45350600 mBlastBufferQueue=0x7b4505a500 fn= 1259 caller= android.view.ViewRootImpl.lambda$applyTransactionOnDraw$11$android-view-ViewRootImpl:12865 android.view.ViewRootImpl$$ExternalSyntheticLambda1.onFrameDraw:4 android.graphics.HardwareRenderer$FrameDrawingCallback.onFrameDraw:924 
10-17 13:13:50.907 28680 28680 I SurfaceView@1038bf7: Changes: creating=false format=false size=false visible=false alpha=false hint=false mUseAlpha=false visible=false left=false top=true
10-17 13:13:50.907 28680 28680 I SurfaceView@1038bf7: 17009655 Cur surface: Surface(name=null)/@0x7c4ed0
10-17 13:13:50.908 28680 28680 I SurfaceView@1038bf7: applyTransactionOnVriDraw: vri = ViewRootImpl@fd98f5c[MainActivity] fRS = false t = 0x7b45350700 android.view.SurfaceView.performSurfaceTransaction:959 android.view.SurfaceView.updateSurface:1105 android.view.SurfaceView.lambda$new$0$android-view-SurfaceView:200 
10-17 13:13:50.908 28680 28680 I ViewRootImpl@fd98f5c[MainActivity]: applyTransactionOnDraw: mRemoved = false isHardwareEnabled = true t = 0x7b45350700android.view.SurfaceView.applyTransactionOnVriDraw:2048 android.view.SurfaceView.performSurfaceTransaction:959 android.view.SurfaceView.updateSurface:1105 android.view.SurfaceView.lambda$new$0$android-view-SurfaceView:200 android.view.SurfaceView$$ExternalSyntheticLambda5.onPreDraw:2 
10-17 13:13:50.908 28680 28680 I SurfaceView@1038bf7: updateSurface: mVisible = true mSurface.isValid() = true
10-17 13:13:50.908 28680 28680 I SurfaceView@1038bf7: updateSurface: mSurfaceCreated = true surfaceChanged = false visibleChanged = false
10-17 13:13:50.908 28680 28680 V SurfaceView@1038bf7: Layout: x=0 y=30 w=1080 h=525, frame=Rect(0, 0 - 1080, 525)
10-17 13:13:50.914 28680 28762 D SurfaceView@1038bf7: updateSurfacePosition RenderWorker, frameNr = 1260, position = [0, 30, 1080, 555] surfaceSize = 1080x525
10-17 13:13:50.914 28680 28762 I SurfaceView@1038bf7: uSP: rtp = Rect(0, 30 - 1080, 555) rtsw = 1080 rtsh = 525
10-17 13:13:50.914 28680 28762 I SurfaceView@1038bf7: onSSPAndSRT: pl = 0 pt = 30 sx = 1.0 sy = 1.0
10-17 13:13:50.915 28680 28763 I ViewRootImpl@fd98f5c[MainActivity]: mWNT: t=0x7b45350700 mBlastBufferQueue=0x7b4505a500 fn= 1260 caller= android.view.ViewRootImpl.lambda$applyTransactionOnDraw$11$android-view-ViewRootImpl:12865 android.view.ViewRootImpl$$ExternalSyntheticLambda1.onFrameDraw:4 android.graphics.HardwareRenderer$FrameDrawingCallback.onFrameDraw:924 
10-17 13:13:50.916 28680 28762 I SurfaceView@1038bf7: aOrMT: ViewRootImpl@fd98f5c[MainActivity] t = android.view.SurfaceControl$Transaction@71104a6 fN = 1260 android.view.SurfaceView.-$$Nest$mapplyOrMergeTransaction:0 android.view.SurfaceView$SurfaceViewPositionUpdateListener.positionChanged:1537 android.graphics.RenderNode$CompositePositionUpdateListener.positionChanged:373 
10-17 13:13:50.916 28680 28762 I ViewRootImpl@fd98f5c[MainActivity]: mWNT: t=0x7b0b972800 mBlastBufferQueue=0x7b4505a500 fn= 1260 caller= android.view.SurfaceView.applyOrMergeTransaction:1455 android.view.SurfaceView.-$$Nest$mapplyOrMergeTransaction:0 android.view.SurfaceView$SurfaceViewPositionUpdateListener.positionChanged:1537 
10-17 13:13:50.919 28680 28680 I SurfaceView@1038bf7: Changes: creating=false format=false size=false visible=false alpha=false hint=false mUseAlpha=false visible=false left=false top=true
10-17 13:13:50.920 28680 28680 I SurfaceView@1038bf7: 17009655 Cur surface: Surface(name=null)/@0x7c4ed0
10-17 13:13:50.920 28680 28680 I SurfaceView@1038bf7: applyTransactionOnVriDraw: vri = ViewRootImpl@fd98f5c[MainActivity] fRS = false t = 0x7b45350800 android.view.SurfaceView.performSurfaceTransaction:959 android.view.SurfaceView.updateSurface:1105 android.view.SurfaceView.lambda$new$0$android-view-SurfaceView:200 
10-17 13:13:50.920 28680 28680 I ViewRootImpl@fd98f5c[MainActivity]: applyTransactionOnDraw: mRemoved = false isHardwareEnabled = true t = 0x7b45350800android.view.SurfaceView.applyTransactionOnVriDraw:2048 android.view.SurfaceView.performSurfaceTransaction:959 android.view.SurfaceView.updateSurface:1105 android.view.SurfaceView.lambda$new$0$android-view-SurfaceView:200 android.view.SurfaceView$$ExternalSyntheticLambda5.onPreDraw:2 
10-17 13:13:50.920 28680 28680 I SurfaceView@1038bf7: updateSurface: mVisible = true mSurface.isValid() = true
10-17 13:13:50.920 28680 28680 I SurfaceView@1038bf7: updateSurface: mSurfaceCreated = true surfaceChanged = false visibleChanged = false
10-17 13:13:50.920 28680 28680 V SurfaceView@1038bf7: Layout: x=0 y=12 w=1080 h=525, frame=Rect(0, 0 - 1080, 525)
10-17 13:13:50.925 28680 28763 D SurfaceView@1038bf7: updateSurfacePosition RenderWorker, frameNr = 1261, position = [0, 12, 1080, 537] surfaceSize = 1080x525
10-17 13:13:50.925 28680 28763 I SurfaceView@1038bf7: uSP: rtp = Rect(0, 12 - 1080, 537) rtsw = 1080 rtsh = 525
10-17 13:13:50.925 28680 28763 I SurfaceView@1038bf7: onSSPAndSRT: pl = 0 pt = 12 sx = 1.0 sy = 1.0
10-17 13:13:50.925 28680 28763 I SurfaceView@1038bf7: aOrMT: ViewRootImpl@fd98f5c[MainActivity] t = android.view.SurfaceControl$Transaction@71104a6 fN = 1261 android.view.SurfaceView.-$$Nest$mapplyOrMergeTransaction:0 android.view.SurfaceView$SurfaceViewPositionUpdateListener.positionChanged:1537 android.graphics.RenderNode$CompositePositionUpdateListener.positionChanged:373 
10-17 13:13:50.926 28680 28763 I ViewRootImpl@fd98f5c[MainActivity]: mWNT: t=0x7b0b972800 mBlastBufferQueue=0x7b4505a500 fn= 1261 caller= android.view.SurfaceView.applyOrMergeTransaction:1455 android.view.SurfaceView.-$$Nest$mapplyOrMergeTransaction:0 android.view.SurfaceView$SurfaceViewPositionUpdateListener.positionChanged:1537 
10-17 13:13:50.926 28680 28763 I ViewRootImpl@fd98f5c[MainActivity]: mWNT: t=0x7b45350800 mBlastBufferQueue=0x7b4505a500 fn= 1261 caller= android.view.ViewRootImpl.lambda$applyTransactionOnDraw$11$android-view-ViewRootImpl:12865 android.view.ViewRootImpl$$ExternalSyntheticLambda1.onFrameDraw:4 android.graphics.HardwareRenderer$FrameDrawingCallback.onFrameDraw:924 
10-17 13:13:50.931 28680 28680 I SurfaceView@1038bf7: Changes: creating=false format=false size=false visible=false alpha=false hint=false mUseAlpha=false visible=false left=false top=true
10-17 13:13:50.931 28680 28680 I SurfaceView@1038bf7: 17009655 Cur surface: Surface(name=null)/@0x7c4ed0
10-17 13:13:50.931 28680 28680 I SurfaceView@1038bf7: applyTransactionOnVriDraw: vri = ViewRootImpl@fd98f5c[MainActivity] fRS = false t = 0x7b45350900 android.view.SurfaceView.performSurfaceTransaction:959 android.view.SurfaceView.updateSurface:1105 android.view.SurfaceView.lambda$new$0$android-view-SurfaceView:200 
10-17 13:13:50.932 28680 28680 I ViewRootImpl@fd98f5c[MainActivity]: applyTransactionOnDraw: mRemoved = false isHardwareEnabled = true t = 0x7b45350900android.view.SurfaceView.applyTransactionOnVriDraw:2048 android.view.SurfaceView.performSurfaceTransaction:959 android.view.SurfaceView.updateSurface:1105 android.view.SurfaceView.lambda$new$0$android-view-SurfaceView:200 android.view.SurfaceView$$ExternalSyntheticLambda5.onPreDraw:2 
10-17 13:13:50.932 28680 28680 I SurfaceView@1038bf7: updateSurface: mVisible = true mSurface.isValid() = true
10-17 13:13:50.932 28680 28680 I SurfaceView@1038bf7: updateSurface: mSurfaceCreated = true surfaceChanged = false visibleChanged = false
10-17 13:13:50.932 28680 28680 V SurfaceView@1038bf7: Layout: x=0 y=-3 w=1080 h=525, frame=Rect(0, 0 - 1080, 525)
10-17 13:13:50.941 28680 28762 D SurfaceView@1038bf7: updateSurfacePosition RenderWorker, frameNr = 1262, position = [0, -3, 1080, 522] surfaceSize = 1080x525
10-17 13:13:50.941 28680 28762 I SurfaceView@1038bf7: uSP: rtp = Rect(0, -3 - 1080, 522) rtsw = 1080 rtsh = 525
10-17 13:13:50.941 28680 28762 I SurfaceView@1038bf7: onSSPAndSRT: pl = 0 pt = -3 sx = 1.0 sy = 1.0
10-17 13:13:50.941 28680 28762 I SurfaceView@1038bf7: aOrMT: ViewRootImpl@fd98f5c[MainActivity] t = android.view.SurfaceControl$Transaction@71104a6 fN = 1262 android.view.SurfaceView.-$$Nest$mapplyOrMergeTransaction:0 android.view.SurfaceView$SurfaceViewPositionUpdateListener.positionChanged:1537 android.graphics.RenderNode$CompositePositionUpdateListener.positionChanged:373 
10-17 13:13:50.941 28680 28763 I ViewRootImpl@fd98f5c[MainActivity]: mWNT: t=0x7b45350900 mBlastBufferQueue=0x7b4505a500 fn= 1262 caller= android.view.ViewRootImpl.lambda$applyTransactionOnDraw$11$android-view-ViewRootImpl:12865 android.view.ViewRootImpl$$ExternalSyntheticLambda1.onFrameDraw:4 android.graphics.HardwareRenderer$FrameDrawingCallback.onFrameDraw:924 
10-17 13:13:50.942 28680 28762 I ViewRootImpl@fd98f5c[MainActivity]: mWNT: t=0x7b0b972800 mBlastBufferQueue=0x7b4505a500 fn= 1262 caller= android.view.SurfaceView.applyOrMergeTransaction:1455 android.view.SurfaceView.-$$Nest$mapplyOrMergeTransaction:0 android.view.SurfaceView$SurfaceViewPositionUpdateListener.positionChanged:1537 
10-17 13:13:50.948 28680 28680 I SurfaceView@1038bf7: Changes: creating=false format=false size=false visible=false alpha=false hint=false mUseAlpha=false visible=false left=false top=true
10-17 13:13:50.948 28680 28680 I SurfaceView@1038bf7: 17009655 Cur surface: Surface(name=null)/@0x7c4ed0
10-17 13:13:50.948 28680 28680 I SurfaceView@1038bf7: applyTransactionOnVriDraw: vri = ViewRootImpl@fd98f5c[MainActivity] fRS = false t = 0x7b45350a00 android.view.SurfaceView.performSurfaceTransaction:959 android.view.SurfaceView.updateSurface:1105 android.view.SurfaceView.lambda$new$0$android-view-SurfaceView:200 
10-17 13:13:50.948 28680 28680 I ViewRootImpl@fd98f5c[MainActivity]: applyTransactionOnDraw: mRemoved = false isHardwareEnabled = true t = 0x7b45350a00android.view.SurfaceView.applyTransactionOnVriDraw:2048 android.view.SurfaceView.performSurfaceTransaction:959 android.view.SurfaceView.updateSurface:1105 android.view.SurfaceView.lambda$new$0$android-view-SurfaceView:200 android.view.SurfaceView$$ExternalSyntheticLambda5.onPreDraw:2 
10-17 13:13:50.948 28680 28680 I SurfaceView@1038bf7: updateSurface: mVisible = true mSurface.isValid() = true
10-17 13:13:50.948 28680 28680 I SurfaceView@1038bf7: updateSurface: mSurfaceCreated = true surfaceChanged = false visibleChanged = false
10-17 13:13:50.948 28680 28680 V SurfaceView@1038bf7: Layout: x=0 y=-13 w=1080 h=525, frame=Rect(0, 0 - 1080, 525)
10-17 13:13:50.957 28680 28763 D SurfaceView@1038bf7: updateSurfacePosition RenderWorker, frameNr = 1263, position = [0, -13, 1080, 512] surfaceSize = 1080x525
10-17 13:13:50.957 28680 28763 I SurfaceView@1038bf7: uSP: rtp = Rect(0, -13 - 1080, 512) rtsw = 1080 rtsh = 525
10-17 13:13:50.957 28680 28762 I ViewRootImpl@fd98f5c[MainActivity]: mWNT: t=0x7b45350a00 mBlastBufferQueue=0x7b4505a500 fn= 1263 caller= android.view.ViewRootImpl.lambda$applyTransactionOnDraw$11$android-view-ViewRootImpl:12865 android.view.ViewRootImpl$$ExternalSyntheticLambda1.onFrameDraw:4 android.graphics.HardwareRenderer$FrameDrawingCallback.onFrameDraw:924 
10-17 13:13:50.957 28680 28763 I SurfaceView@1038bf7: onSSPAndSRT: pl = 0 pt = -13 sx = 1.0 sy = 1.0
10-17 13:13:50.958 28680 28763 I SurfaceView@1038bf7: aOrMT: ViewRootImpl@fd98f5c[MainActivity] t = android.view.SurfaceControl$Transaction@71104a6 fN = 1263 android.view.SurfaceView.-$$Nest$mapplyOrMergeTransaction:0 android.view.SurfaceView$SurfaceViewPositionUpdateListener.positionChanged:1537 android.graphics.RenderNode$CompositePositionUpdateListener.positionChanged:373 
10-17 13:13:50.958 28680 28763 I ViewRootImpl@fd98f5c[MainActivity]: mWNT: t=0x7b0b972800 mBlastBufferQueue=0x7b4505a500 fn= 1263 caller= android.view.SurfaceView.applyOrMergeTransaction:1455 android.view.SurfaceView.-$$Nest$mapplyOrMergeTransaction:0 android.view.SurfaceView$SurfaceViewPositionUpdateListener.positionChanged:1537 
10-17 13:13:50.964 28680 28680 I SurfaceView@1038bf7: Changes: creating=false format=false size=false visible=false alpha=false hint=false mUseAlpha=false visible=false left=false top=true
10-17 13:13:50.964 28680 28680 I SurfaceView@1038bf7: 17009655 Cur surface: Surface(name=null)/@0x7c4ed0
10-17 13:13:50.965 28680 28680 I SurfaceView@1038bf7: applyTransactionOnVriDraw: vri = ViewRootImpl@fd98f5c[MainActivity] fRS = false t = 0x7b45350b00 android.view.SurfaceView.performSurfaceTransaction:959 android.view.SurfaceView.updateSurface:1105 android.view.SurfaceView.lambda$new$0$android-view-SurfaceView:200 
10-17 13:13:50.965 28680 28680 I ViewRootImpl@fd98f5c[MainActivity]: applyTransactionOnDraw: mRemoved = false isHardwareEnabled = true t = 0x7b45350b00android.view.SurfaceView.applyTransactionOnVriDraw:2048 android.view.SurfaceView.performSurfaceTransaction:959 android.view.SurfaceView.updateSurface:1105 android.view.SurfaceView.lambda$new$0$android-view-SurfaceView:200 android.view.SurfaceView$$ExternalSyntheticLambda5.onPreDraw:2 
10-17 13:13:50.965 28680 28680 I SurfaceView@1038bf7: updateSurface: mVisible = true mSurface.isValid() = true
10-17 13:13:50.965 28680 28680 I SurfaceView@1038bf7: updateSurface: mSurfaceCreated = true surfaceChanged = false visibleChanged = false
10-17 13:13:50.965 28680 28680 V SurfaceView@1038bf7: Layout: x=0 y=-22 w=1080 h=525, frame=Rect(0, 0 - 1080, 525)
10-17 13:13:50.971 28680 28762 D SurfaceView@1038bf7: updateSurfacePosition RenderWorker, frameNr = 1264, position = [0, -22, 1080, 503] surfaceSize = 1080x525
10-17 13:13:50.971 28680 28762 I SurfaceView@1038bf7: uSP: rtp = Rect(0, -22 - 1080, 503) rtsw = 1080 rtsh = 525
10-17 13:13:50.971 28680 28762 I SurfaceView@1038bf7: onSSPAndSRT: pl = 0 pt = -22 sx = 1.0 sy = 1.0
10-17 13:13:50.971 28680 28762 I SurfaceView@1038bf7: aOrMT: ViewRootImpl@fd98f5c[MainActivity] t = android.view.SurfaceControl$Transaction@71104a6 fN = 1264 android.view.SurfaceView.-$$Nest$mapplyOrMergeTransaction:0 android.view.SurfaceView$SurfaceViewPositionUpdateListener.positionChanged:1537 android.graphics.RenderNode$CompositePositionUpdateListener.positionChanged:373 
10-17 13:13:50.971 28680 28762 I ViewRootImpl@fd98f5c[MainActivity]: mWNT: t=0x7b0b972800 mBlastBufferQueue=0x7b4505a500 fn= 1264 caller= android.view.SurfaceView.applyOrMergeTransaction:1455 android.view.SurfaceView.-$$Nest$mapplyOrMergeTransaction:0 android.view.SurfaceView$SurfaceViewPositionUpdateListener.positionChanged:1537 
10-17 13:13:50.972 28680 28762 I ViewRootImpl@fd98f5c[MainActivity]: mWNT: t=0x7b45350b00 mBlastBufferQueue=0x7b4505a500 fn= 1264 caller= android.view.ViewRootImpl.lambda$applyTransactionOnDraw$11$android-view-ViewRootImpl:12865 android.view.ViewRootImpl$$ExternalSyntheticLambda1.onFrameDraw:4 android.graphics.HardwareRenderer$FrameDrawingCallback.onFrameDraw:924 
10-17 13:13:50.981 28680 28680 I SurfaceView@1038bf7: Changes: creating=false format=false size=false visible=false alpha=false hint=false mUseAlpha=false visible=false left=false top=true
10-17 13:13:50.981 28680 28680 I SurfaceView@1038bf7: 17009655 Cur surface: Surface(name=null)/@0x7c4ed0
10-17 13:13:50.981 28680 28680 I SurfaceView@1038bf7: applyTransactionOnVriDraw: vri = ViewRootImpl@fd98f5c[MainActivity] fRS = false t = 0x7b45350c00 android.view.SurfaceView.performSurfaceTransaction:959 android.view.SurfaceView.updateSurface:1105 android.view.SurfaceView.lambda$new$0$android-view-SurfaceView:200 
10-17 13:13:50.982 28680 28680 I ViewRootImpl@fd98f5c[MainActivity]: applyTransactionOnDraw: mRemoved = false isHardwareEnabled = true t = 0x7b45350c00android.view.SurfaceView.applyTransactionOnVriDraw:2048 android.view.SurfaceView.performSurfaceTransaction:959 android.view.SurfaceView.updateSurface:1105 android.view.SurfaceView.lambda$new$0$android-view-SurfaceView:200 android.view.SurfaceView$$ExternalSyntheticLambda5.onPreDraw:2 
10-17 13:13:50.982 28680 28680 I SurfaceView@1038bf7: updateSurface: mVisible = true mSurface.isValid() = true
10-17 13:13:50.982 28680 28680 I SurfaceView@1038bf7: updateSurface: mSurfaceCreated = true surfaceChanged = false visibleChanged = false
10-17 13:13:50.982 28680 28680 V SurfaceView@1038bf7: Layout: x=0 y=-29 w=1080 h=525, frame=Rect(0, 0 - 1080, 525)
10-17 13:13:50.988 28680 28763 D SurfaceView@1038bf7: updateSurfacePosition RenderWorker, frameNr = 1265, position = [0, -29, 1080, 496] surfaceSize = 1080x525
10-17 13:13:50.988 28680 28763 I SurfaceView@1038bf7: uSP: rtp = Rect(0, -29 - 1080, 496) rtsw = 1080 rtsh = 525
10-17 13:13:50.988 28680 28763 I SurfaceView@1038bf7: onSSPAndSRT: pl = 0 pt = -29 sx = 1.0 sy = 1.0
10-17 13:13:50.989 28680 28763 I SurfaceView@1038bf7: aOrMT: ViewRootImpl@fd98f5c[MainActivity] t = android.view.SurfaceControl$Transaction@71104a6 fN = 1265 android.view.SurfaceView.-$$Nest$mapplyOrMergeTransaction:0 android.view.SurfaceView$SurfaceViewPositionUpdateListener.positionChanged:1537 android.graphics.RenderNode$CompositePositionUpdateListener.positionChanged:373 
10-17 13:13:50.989 28680 28680 I ViewRootImpl@fd98f5c[MainActivity]: ViewPostIme pointer 1
10-17 13:13:50.989 28680 28763 I ViewRootImpl@fd98f5c[MainActivity]: mWNT: t=0x7b0b972800 mBlastBufferQueue=0x7b4505a500 fn= 1265 caller= android.view.SurfaceView.applyOrMergeTransaction:1455 android.view.SurfaceView.-$$Nest$mapplyOrMergeTransaction:0 android.view.SurfaceView$SurfaceViewPositionUpdateListener.positionChanged:1537 
10-17 13:13:50.989 28680 28763 I ViewRootImpl@fd98f5c[MainActivity]: mWNT: t=0x7b45350c00 mBlastBufferQueue=0x7b4505a500 fn= 1265 caller= android.view.ViewRootImpl.lambda$applyTransactionOnDraw$11$android-view-ViewRootImpl:12865 android.view.ViewRootImpl$$ExternalSyntheticLambda1.onFrameDraw:4 android.graphics.HardwareRenderer$FrameDrawingCallback.onFrameDraw:924 
10-17 13:13:51.009 28680 28762 D SurfaceView@1038bf7: updateSurfacePosition RenderWorker, frameNr = 1266, position = [0, -31, 1080, 494] surfaceSize = 1080x525
10-17 13:13:51.009 28680 28762 I SurfaceView@1038bf7: uSP: rtp = Rect(0, -31 - 1080, 494) rtsw = 1080 rtsh = 525
10-17 13:13:51.009 28680 28762 I SurfaceView@1038bf7: onSSPAndSRT: pl = 0 pt = -31 sx = 1.0 sy = 1.0
10-17 13:13:51.009 28680 28762 I SurfaceView@1038bf7: aOrMT: ViewRootImpl@fd98f5c[MainActivity] t = android.view.SurfaceControl$Transaction@71104a6 fN = 1266 android.view.SurfaceView.-$$Nest$mapplyOrMergeTransaction:0 android.view.SurfaceView$SurfaceViewPositionUpdateListener.positionChanged:1537 android.graphics.RenderNode$CompositePositionUpdateListener.positionChanged:373 
10-17 13:13:51.009 28680 28762 I ViewRootImpl@fd98f5c[MainActivity]: mWNT: t=0x7b0b972800 mBlastBufferQueue=0x7b4505a500 fn= 1266 caller= android.view.SurfaceView.applyOrMergeTransaction:1455 android.view.SurfaceView.-$$Nest$mapplyOrMergeTransaction:0 android.view.SurfaceView$SurfaceViewPositionUpdateListener.positionChanged:1537 
10-17 13:13:51.015 28680 28680 I SurfaceView@1038bf7: Changes: creating=false format=false size=false visible=false alpha=false hint=false mUseAlpha=false visible=false left=false top=true
10-17 13:13:51.015 28680 28680 I SurfaceView@1038bf7: 17009655 Cur surface: Surface(name=null)/@0x7c4ed0
10-17 13:13:51.015 28680 28680 I SurfaceView@1038bf7: applyTransactionOnVriDraw: vri = ViewRootImpl@fd98f5c[MainActivity] fRS = false t = 0x7b45350d00 android.view.SurfaceView.performSurfaceTransaction:959 android.view.SurfaceView.updateSurface:1105 android.view.SurfaceView.lambda$new$0$android-view-SurfaceView:200 
10-17 13:13:51.015 28680 28680 I ViewRootImpl@fd98f5c[MainActivity]: applyTransactionOnDraw: mRemoved = false isHardwareEnabled = true t = 0x7b45350d00android.view.SurfaceView.applyTransactionOnVriDraw:2048 android.view.SurfaceView.performSurfaceTransaction:959 android.view.SurfaceView.updateSurface:1105 android.view.SurfaceView.lambda$new$0$android-view-SurfaceView:200 android.view.SurfaceView$$ExternalSyntheticLambda5.onPreDraw:2 
10-17 13:13:51.015 28680 28680 I SurfaceView@1038bf7: updateSurface: mVisible = true mSurface.isValid() = true
10-17 13:13:51.015 28680 28680 I SurfaceView@1038bf7: updateSurface: mSurfaceCreated = true surfaceChanged = false visibleChanged = false
10-17 13:13:51.015 28680 28680 V SurfaceView@1038bf7: Layout: x=0 y=-31 w=1080 h=525, frame=Rect(0, 0 - 1080, 525)
10-17 13:13:51.026 28680 28763 D SurfaceView@1038bf7: updateSurfacePosition RenderWorker, frameNr = 1267, position = [0, -34, 1080, 491] surfaceSize = 1080x525
10-17 13:13:51.026 28680 28763 I SurfaceView@1038bf7: uSP: rtp = Rect(0, -34 - 1080, 491) rtsw = 1080 rtsh = 525
10-17 13:13:51.026 28680 28763 I SurfaceView@1038bf7: onSSPAndSRT: pl = 0 pt = -34 sx = 1.0 sy = 1.0
10-17 13:13:51.026 28680 28763 I SurfaceView@1038bf7: aOrMT: ViewRootImpl@fd98f5c[MainActivity] t = android.view.SurfaceControl$Transaction@71104a6 fN = 1267 android.view.SurfaceView.-$$Nest$mapplyOrMergeTransaction:0 android.view.SurfaceView$SurfaceViewPositionUpdateListener.positionChanged:1537 android.graphics.RenderNode$CompositePositionUpdateListener.positionChanged:373 
10-17 13:13:51.026 28680 28763 I ViewRootImpl@fd98f5c[MainActivity]: mWNT: t=0x7b0b972800 mBlastBufferQueue=0x7b4505a500 fn= 1267 caller= android.view.SurfaceView.applyOrMergeTransaction:1455 android.view.SurfaceView.-$$Nest$mapplyOrMergeTransaction:0 android.view.SurfaceView$SurfaceViewPositionUpdateListener.positionChanged:1537 
10-17 13:13:51.026 28680 28763 I ViewRootImpl@fd98f5c[MainActivity]: mWNT: t=0x7b45350d00 mBlastBufferQueue=0x7b4505a500 fn= 1267 caller= android.view.ViewRootImpl.lambda$applyTransactionOnDraw$11$android-view-ViewRootImpl:12865 android.view.ViewRootImpl$$ExternalSyntheticLambda1.onFrameDraw:4 android.graphics.HardwareRenderer$FrameDrawingCallback.onFrameDraw:924 
10-17 13:13:51.032 28680 28680 I SurfaceView@1038bf7: Changes: creating=false format=false size=false visible=false alpha=false hint=false mUseAlpha=false visible=false left=false top=true
10-17 13:13:51.032 28680 28680 I SurfaceView@1038bf7: 17009655 Cur surface: Surface(name=null)/@0x7c4ed0
10-17 13:13:51.032 28680 28680 I SurfaceView@1038bf7: applyTransactionOnVriDraw: vri = ViewRootImpl@fd98f5c[MainActivity] fRS = false t = 0x7b45350e00 android.view.SurfaceView.performSurfaceTransaction:959 android.view.SurfaceView.updateSurface:1105 android.view.SurfaceView.lambda$new$0$android-view-SurfaceView:200 
10-17 13:13:51.033 28680 28680 I ViewRootImpl@fd98f5c[MainActivity]: applyTransactionOnDraw: mRemoved = false isHardwareEnabled = true t = 0x7b45350e00android.view.SurfaceView.applyTransactionOnVriDraw:2048 android.view.SurfaceView.performSurfaceTransaction:959 android.view.SurfaceView.updateSurface:1105 android.view.SurfaceView.lambda$new$0$android-view-SurfaceView:200 android.view.SurfaceView$$ExternalSyntheticLambda5.onPreDraw:2 
10-17 13:13:51.033 28680 28680 I SurfaceView@1038bf7: updateSurface: mVisible = true mSurface.isValid() = true
