10-17 13:13:32.383 28680 28762 I ViewRootImpl@fd98f5c[MainActivity]: mWNT: t=0x7b0e9ff100 mBlastBufferQueue=0x7b4505a500 fn= 951 caller= android.view.SurfaceView.applyOrMergeTransaction:1455 android.view.SurfaceView.-$$Nest$mapplyOrMergeTransaction:0 android.view.SurfaceView$SurfaceViewPositionUpdateListener.positionChanged:1537 
10-17 13:13:32.383 28680 28762 I ViewRootImpl@fd98f5c[MainActivity]: mWNT: t=0x7b0e9fff00 mBlastBufferQueue=0x7b4505a500 fn= 951 caller= android.view.ViewRootImpl.lambda$applyTransactionOnDraw$11$android-view-ViewRootImpl:12865 android.view.ViewRootImpl$$ExternalSyntheticLambda1.onFrameDraw:4 android.graphics.HardwareRenderer$FrameDrawingCallback.onFrameDraw:924 
10-17 13:13:32.388 28680 28680 I SurfaceView@5462948: Changes: creating=false format=false size=false visible=false alpha=false hint=false mUseAlpha=false visible=false left=false top=true
10-17 13:13:32.388 28680 28680 I SurfaceView@5462948: 88484168 Cur surface: Surface(name=null)/@0x6b77606
10-17 13:13:32.388 28680 28680 I SurfaceView@5462948: applyTransactionOnVriDraw: vri = ViewRootImpl@fd98f5c[MainActivity] fRS = false t = 0x7ae98a4100 android.view.SurfaceView.performSurfaceTransaction:959 android.view.SurfaceView.updateSurface:1105 android.view.SurfaceView.lambda$new$0$android-view-SurfaceView:200 
10-17 13:13:32.389 28680 28680 I ViewRootImpl@fd98f5c[MainActivity]: applyTransactionOnDraw: mRemoved = false isHardwareEnabled = true t = 0x7ae98a4100android.view.SurfaceView.applyTransactionOnVriDraw:2048 android.view.SurfaceView.performSurfaceTransaction:959 android.view.SurfaceView.updateSurface:1105 android.view.SurfaceView.lambda$new$0$android-view-SurfaceView:200 android.view.SurfaceView$$ExternalSyntheticLambda5.onPreDraw:2 
10-17 13:13:32.389 28680 28680 I SurfaceView@5462948: updateSurface: mVisible = true mSurface.isValid() = true
10-17 13:13:32.389 28680 28680 I SurfaceView@5462948: updateSurface: mSurfaceCreated = true surfaceChanged = false visibleChanged = false
10-17 13:13:32.389 28680 28680 V SurfaceView@5462948: Layout: x=0 y=-122 w=1080 h=525, frame=Rect(0, 0 - 1080, 525)
10-17 13:13:32.393 28680 28763 D SurfaceView@5462948: updateSurfacePosition RenderWorker, frameNr = 952, position = [0, -122, 1080, 403] surfaceSize = 1080x525
10-17 13:13:32.393 28680 28763 I SurfaceView@5462948: uSP: rtp = Rect(0, -122 - 1080, 403) rtsw = 1080 rtsh = 525
10-17 13:13:32.393 28680 28763 I SurfaceView@5462948: onSSPAndSRT: pl = 0 pt = -122 sx = 1.0 sy = 1.0
10-17 13:13:32.394 28680 28763 I SurfaceView@5462948: aOrMT: ViewRootImpl@fd98f5c[MainActivity] t = android.view.SurfaceControl$Transaction@54b3edb fN = 952 android.view.SurfaceView.-$$Nest$mapplyOrMergeTransaction:0 android.view.SurfaceView$SurfaceViewPositionUpdateListener.positionChanged:1537 android.graphics.RenderNode$CompositePositionUpdateListener.positionChanged:373 
10-17 13:13:32.394 28680 28763 I ViewRootImpl@fd98f5c[MainActivity]: mWNT: t=0x7b0e9ff100 mBlastBufferQueue=0x7b4505a500 fn= 952 caller= android.view.SurfaceView.applyOrMergeTransaction:1455 android.view.SurfaceView.-$$Nest$mapplyOrMergeTransaction:0 android.view.SurfaceView$SurfaceViewPositionUpdateListener.positionChanged:1537 
10-17 13:13:32.394 28680 28763 I ViewRootImpl@fd98f5c[MainActivity]: mWNT: t=0x7ae98a4100 mBlastBufferQueue=0x7b4505a500 fn= 952 caller= android.view.ViewRootImpl.lambda$applyTransactionOnDraw$11$android-view-ViewRootImpl:12865 android.view.ViewRootImpl$$ExternalSyntheticLambda1.onFrameDraw:4 android.graphics.HardwareRenderer$FrameDrawingCallback.onFrameDraw:924 
10-17 13:13:32.396 28680 28680 I SurfaceView@5462948: Changes: creating=false format=false size=false visible=false alpha=false hint=false mUseAlpha=false visible=false left=false top=true
10-17 13:13:32.396 28680 28680 I SurfaceView@5462948: 88484168 Cur surface: Surface(name=null)/@0x6b77606
10-17 13:13:32.396 28680 28680 I SurfaceView@5462948: applyTransactionOnVriDraw: vri = ViewRootImpl@fd98f5c[MainActivity] fRS = false t = 0x7ae98a4400 android.view.SurfaceView.performSurfaceTransaction:959 android.view.SurfaceView.updateSurface:1105 android.view.SurfaceView.lambda$new$0$android-view-SurfaceView:200 
10-17 13:13:32.396 28680 28680 I ViewRootImpl@fd98f5c[MainActivity]: applyTransactionOnDraw: mRemoved = false isHardwareEnabled = true t = 0x7ae98a4400android.view.SurfaceView.applyTransactionOnVriDraw:2048 android.view.SurfaceView.performSurfaceTransaction:959 android.view.SurfaceView.updateSurface:1105 android.view.SurfaceView.lambda$new$0$android-view-SurfaceView:200 android.view.SurfaceView$$ExternalSyntheticLambda5.onPreDraw:2 
10-17 13:13:32.396 28680 28680 I SurfaceView@5462948: updateSurface: mVisible = true mSurface.isValid() = true
10-17 13:13:32.396 28680 28680 I SurfaceView@5462948: updateSurface: mSurfaceCreated = true surfaceChanged = false visibleChanged = false
10-17 13:13:32.396 28680 28680 V SurfaceView@5462948: Layout: x=0 y=-165 w=1080 h=525, frame=Rect(0, 0 - 1080, 525)
10-17 13:13:32.406 28680 28762 D SurfaceView@5462948: updateSurfacePosition RenderWorker, frameNr = 953, position = [0, -165, 1080, 360] surfaceSize = 1080x525
10-17 13:13:32.406 28680 28762 I SurfaceView@5462948: uSP: rtp = Rect(0, -165 - 1080, 360) rtsw = 1080 rtsh = 525
10-17 13:13:32.406 28680 28762 I SurfaceView@5462948: onSSPAndSRT: pl = 0 pt = -165 sx = 1.0 sy = 1.0
10-17 13:13:32.407 28680 28762 I SurfaceView@5462948: aOrMT: ViewRootImpl@fd98f5c[MainActivity] t = android.view.SurfaceControl$Transaction@54b3edb fN = 953 android.view.SurfaceView.-$$Nest$mapplyOrMergeTransaction:0 android.view.SurfaceView$SurfaceViewPositionUpdateListener.positionChanged:1537 android.graphics.RenderNode$CompositePositionUpdateListener.positionChanged:373 
10-17 13:13:32.408 28680 28762 I ViewRootImpl@fd98f5c[MainActivity]: mWNT: t=0x7b0e9ff100 mBlastBufferQueue=0x7b4505a500 fn= 953 caller= android.view.SurfaceView.applyOrMergeTransaction:1455 android.view.SurfaceView.-$$Nest$mapplyOrMergeTransaction:0 android.view.SurfaceView$SurfaceViewPositionUpdateListener.positionChanged:1537 
10-17 13:13:32.408 28680 28762 I ViewRootImpl@fd98f5c[MainActivity]: mWNT: t=0x7ae98a4400 mBlastBufferQueue=0x7b4505a500 fn= 953 caller= android.view.ViewRootImpl.lambda$applyTransactionOnDraw$11$android-view-ViewRootImpl:12865 android.view.ViewRootImpl$$ExternalSyntheticLambda1.onFrameDraw:4 android.graphics.HardwareRenderer$FrameDrawingCallback.onFrameDraw:924 
10-17 13:13:32.411 28680 28680 I SurfaceView@5462948: Changes: creating=false format=false size=false visible=false alpha=false hint=false mUseAlpha=false visible=false left=false top=true
10-17 13:13:32.412 28680 28680 I SurfaceView@5462948: 88484168 Cur surface: Surface(name=null)/@0x6b77606
10-17 13:13:32.412 28680 28680 I SurfaceView@5462948: applyTransactionOnVriDraw: vri = ViewRootImpl@fd98f5c[MainActivity] fRS = false t = 0x7ae98a4500 android.view.SurfaceView.performSurfaceTransaction:959 android.view.SurfaceView.updateSurface:1105 android.view.SurfaceView.lambda$new$0$android-view-SurfaceView:200 
10-17 13:13:32.412 28680 28680 I ViewRootImpl@fd98f5c[MainActivity]: applyTransactionOnDraw: mRemoved = false isHardwareEnabled = true t = 0x7ae98a4500android.view.SurfaceView.applyTransactionOnVriDraw:2048 android.view.SurfaceView.performSurfaceTransaction:959 android.view.SurfaceView.updateSurface:1105 android.view.SurfaceView.lambda$new$0$android-view-SurfaceView:200 android.view.SurfaceView$$ExternalSyntheticLambda5.onPreDraw:2 
10-17 13:13:32.413 28680 28680 I SurfaceView@5462948: updateSurface: mVisible = true mSurface.isValid() = true
10-17 13:13:32.413 28680 28680 I SurfaceView@5462948: updateSurface: mSurfaceCreated = true surfaceChanged = false visibleChanged = false
10-17 13:13:32.413 28680 28680 V SurfaceView@5462948: Layout: x=0 y=-195 w=1080 h=525, frame=Rect(0, 0 - 1080, 525)
10-17 13:13:32.422 28680 28763 D SurfaceView@5462948: updateSurfacePosition RenderWorker, frameNr = 954, position = [0, -195, 1080, 330] surfaceSize = 1080x525
10-17 13:13:32.422 28680 28763 I SurfaceView@5462948: uSP: rtp = Rect(0, -195 - 1080, 330) rtsw = 1080 rtsh = 525
10-17 13:13:32.422 28680 28763 I SurfaceView@5462948: onSSPAndSRT: pl = 0 pt = -195 sx = 1.0 sy = 1.0
10-17 13:13:32.422 28680 28763 I SurfaceView@5462948: aOrMT: ViewRootImpl@fd98f5c[MainActivity] t = android.view.SurfaceControl$Transaction@54b3edb fN = 954 android.view.SurfaceView.-$$Nest$mapplyOrMergeTransaction:0 android.view.SurfaceView$SurfaceViewPositionUpdateListener.positionChanged:1537 android.graphics.RenderNode$CompositePositionUpdateListener.positionChanged:373 
10-17 13:13:32.423 28680 28763 I ViewRootImpl@fd98f5c[MainActivity]: mWNT: t=0x7b0e9ff100 mBlastBufferQueue=0x7b4505a500 fn= 954 caller= android.view.SurfaceView.applyOrMergeTransaction:1455 android.view.SurfaceView.-$$Nest$mapplyOrMergeTransaction:0 android.view.SurfaceView$SurfaceViewPositionUpdateListener.positionChanged:1537 
10-17 13:13:32.423 28680 28763 I ViewRootImpl@fd98f5c[MainActivity]: mWNT: t=0x7ae98a4500 mBlastBufferQueue=0x7b4505a500 fn= 954 caller= android.view.ViewRootImpl.lambda$applyTransactionOnDraw$11$android-view-ViewRootImpl:12865 android.view.ViewRootImpl$$ExternalSyntheticLambda1.onFrameDraw:4 android.graphics.HardwareRenderer$FrameDrawingCallback.onFrameDraw:924 
10-17 13:13:32.427 28680 28680 I SurfaceView@5462948: Changes: creating=false format=false size=false visible=false alpha=false hint=false mUseAlpha=false visible=false left=false top=true
10-17 13:13:32.427 28680 28680 I SurfaceView@5462948: 88484168 Cur surface: Surface(name=null)/@0x6b77606
10-17 13:13:32.427 28680 28680 I SurfaceView@5462948: applyTransactionOnVriDraw: vri = ViewRootImpl@fd98f5c[MainActivity] fRS = false t = 0x7ae98a4600 android.view.SurfaceView.performSurfaceTransaction:959 android.view.SurfaceView.updateSurface:1105 android.view.SurfaceView.lambda$new$0$android-view-SurfaceView:200 
10-17 13:13:32.427 28680 28680 I ViewRootImpl@fd98f5c[MainActivity]: applyTransactionOnDraw: mRemoved = false isHardwareEnabled = true t = 0x7ae98a4600android.view.SurfaceView.applyTransactionOnVriDraw:2048 android.view.SurfaceView.performSurfaceTransaction:959 android.view.SurfaceView.updateSurface:1105 android.view.SurfaceView.lambda$new$0$android-view-SurfaceView:200 android.view.SurfaceView$$ExternalSyntheticLambda5.onPreDraw:2 
10-17 13:13:32.427 28680 28680 I SurfaceView@5462948: updateSurface: mVisible = true mSurface.isValid() = true
10-17 13:13:32.427 28680 28680 I SurfaceView@5462948: updateSurface: mSurfaceCreated = true surfaceChanged = false visibleChanged = false
10-17 13:13:32.427 28680 28680 V SurfaceView@5462948: Layout: x=0 y=-216 w=1080 h=525, frame=Rect(0, 0 - 1080, 525)
10-17 13:13:32.436 28680 28762 D SurfaceView@5462948: updateSurfacePosition RenderWorker, frameNr = 955, position = [0, -216, 1080, 309] surfaceSize = 1080x525
10-17 13:13:32.436 28680 28762 I SurfaceView@5462948: uSP: rtp = Rect(0, -216 - 1080, 309) rtsw = 1080 rtsh = 525
10-17 13:13:32.437 28680 28763 I ViewRootImpl@fd98f5c[MainActivity]: mWNT: t=0x7ae98a4600 mBlastBufferQueue=0x7b4505a500 fn= 955 caller= android.view.ViewRootImpl.lambda$applyTransactionOnDraw$11$android-view-ViewRootImpl:12865 android.view.ViewRootImpl$$ExternalSyntheticLambda1.onFrameDraw:4 android.graphics.HardwareRenderer$FrameDrawingCallback.onFrameDraw:924 
10-17 13:13:32.438 28680 28762 I SurfaceView@5462948: onSSPAndSRT: pl = 0 pt = -216 sx = 1.0 sy = 1.0
10-17 13:13:32.439 28680 28762 I SurfaceView@5462948: aOrMT: ViewRootImpl@fd98f5c[MainActivity] t = android.view.SurfaceControl$Transaction@54b3edb fN = 955 android.view.SurfaceView.-$$Nest$mapplyOrMergeTransaction:0 android.view.SurfaceView$SurfaceViewPositionUpdateListener.positionChanged:1537 android.graphics.RenderNode$CompositePositionUpdateListener.positionChanged:373 
10-17 13:13:32.439 28680 28762 I ViewRootImpl@fd98f5c[MainActivity]: mWNT: t=0x7b0e9ff100 mBlastBufferQueue=0x7b4505a500 fn= 955 caller= android.view.SurfaceView.applyOrMergeTransaction:1455 android.view.SurfaceView.-$$Nest$mapplyOrMergeTransaction:0 android.view.SurfaceView$SurfaceViewPositionUpdateListener.positionChanged:1537 
10-17 13:13:32.443 28680 28680 I SurfaceView@5462948: Changes: creating=false format=false size=false visible=false alpha=false hint=false mUseAlpha=false visible=false left=false top=true
10-17 13:13:32.443 28680 28680 I SurfaceView@5462948: 88484168 Cur surface: Surface(name=null)/@0x6b77606
10-17 13:13:32.444 28680 28680 I SurfaceView@5462948: applyTransactionOnVriDraw: vri = ViewRootImpl@fd98f5c[MainActivity] fRS = false t = 0x7ae98a4800 android.view.SurfaceView.performSurfaceTransaction:959 android.view.SurfaceView.updateSurface:1105 android.view.SurfaceView.lambda$new$0$android-view-SurfaceView:200 
10-17 13:13:32.444 28680 28680 I ViewRootImpl@fd98f5c[MainActivity]: applyTransactionOnDraw: mRemoved = false isHardwareEnabled = true t = 0x7ae98a4800android.view.SurfaceView.applyTransactionOnVriDraw:2048 android.view.SurfaceView.performSurfaceTransaction:959 android.view.SurfaceView.updateSurface:1105 android.view.SurfaceView.lambda$new$0$android-view-SurfaceView:200 android.view.SurfaceView$$ExternalSyntheticLambda5.onPreDraw:2 
10-17 13:13:32.444 28680 28680 I SurfaceView@5462948: updateSurface: mVisible = true mSurface.isValid() = true
10-17 13:13:32.444 28680 28680 I SurfaceView@5462948: updateSurface: mSurfaceCreated = true surfaceChanged = false visibleChanged = false
10-17 13:13:32.444 28680 28680 V SurfaceView@5462948: Layout: x=0 y=-232 w=1080 h=525, frame=Rect(0, 0 - 1080, 525)
10-17 13:13:32.452 28680 28763 D SurfaceView@5462948: updateSurfacePosition RenderWorker, frameNr = 956, position = [0, -232, 1080, 293] surfaceSize = 1080x525
10-17 13:13:32.452 28680 28763 I SurfaceView@5462948: uSP: rtp = Rect(0, -232 - 1080, 293) rtsw = 1080 rtsh = 525
10-17 13:13:32.452 28680 28763 I SurfaceView@5462948: onSSPAndSRT: pl = 0 pt = -232 sx = 1.0 sy = 1.0
10-17 13:13:32.453 28680 28763 I SurfaceView@5462948: aOrMT: ViewRootImpl@fd98f5c[MainActivity] t = android.view.SurfaceControl$Transaction@54b3edb fN = 956 android.view.SurfaceView.-$$Nest$mapplyOrMergeTransaction:0 android.view.SurfaceView$SurfaceViewPositionUpdateListener.positionChanged:1537 android.graphics.RenderNode$CompositePositionUpdateListener.positionChanged:373 
10-17 13:13:32.453 28680 28763 I ViewRootImpl@fd98f5c[MainActivity]: mWNT: t=0x7b0e9ff100 mBlastBufferQueue=0x7b4505a500 fn= 956 caller= android.view.SurfaceView.applyOrMergeTransaction:1455 android.view.SurfaceView.-$$Nest$mapplyOrMergeTransaction:0 android.view.SurfaceView$SurfaceViewPositionUpdateListener.positionChanged:1537 
10-17 13:13:32.453 28680 28763 I ViewRootImpl@fd98f5c[MainActivity]: mWNT: t=0x7ae98a4800 mBlastBufferQueue=0x7b4505a500 fn= 956 caller= android.view.ViewRootImpl.lambda$applyTransactionOnDraw$11$android-view-ViewRootImpl:12865 android.view.ViewRootImpl$$ExternalSyntheticLambda1.onFrameDraw:4 android.graphics.HardwareRenderer$FrameDrawingCallback.onFrameDraw:924 
10-17 13:13:32.460 28680 28680 I SurfaceView@5462948: Changes: creating=false format=false size=false visible=false alpha=false hint=false mUseAlpha=false visible=false left=false top=true
10-17 13:13:32.460 28680 28680 I SurfaceView@5462948: 88484168 Cur surface: Surface(name=null)/@0x6b77606
10-17 13:13:32.461 28680 28680 I SurfaceView@5462948: applyTransactionOnVriDraw: vri = ViewRootImpl@fd98f5c[MainActivity] fRS = false t = 0x7ae98a4a00 android.view.SurfaceView.performSurfaceTransaction:959 android.view.SurfaceView.updateSurface:1105 android.view.SurfaceView.lambda$new$0$android-view-SurfaceView:200 
10-17 13:13:32.461 28680 28680 I ViewRootImpl@fd98f5c[MainActivity]: applyTransactionOnDraw: mRemoved = false isHardwareEnabled = true t = 0x7ae98a4a00android.view.SurfaceView.applyTransactionOnVriDraw:2048 android.view.SurfaceView.performSurfaceTransaction:959 android.view.SurfaceView.updateSurface:1105 android.view.SurfaceView.lambda$new$0$android-view-SurfaceView:200 android.view.SurfaceView$$ExternalSyntheticLambda5.onPreDraw:2 
10-17 13:13:32.461 28680 28680 I SurfaceView@5462948: updateSurface: mVisible = true mSurface.isValid() = true
10-17 13:13:32.461 28680 28680 I SurfaceView@5462948: updateSurface: mSurfaceCreated = true surfaceChanged = false visibleChanged = false
10-17 13:13:32.461 28680 28680 V SurfaceView@5462948: Layout: x=0 y=-246 w=1080 h=525, frame=Rect(0, 0 - 1080, 525)
10-17 13:13:32.470 28680 28762 D SurfaceView@5462948: updateSurfacePosition RenderWorker, frameNr = 957, position = [0, -246, 1080, 279] surfaceSize = 1080x525
10-17 13:13:32.470 28680 28762 I SurfaceView@5462948: uSP: rtp = Rect(0, -246 - 1080, 279) rtsw = 1080 rtsh = 525
10-17 13:13:32.470 28680 28762 I SurfaceView@5462948: onSSPAndSRT: pl = 0 pt = -246 sx = 1.0 sy = 1.0
10-17 13:13:32.470 28680 28762 I SurfaceView@5462948: aOrMT: ViewRootImpl@fd98f5c[MainActivity] t = android.view.SurfaceControl$Transaction@54b3edb fN = 957 android.view.SurfaceView.-$$Nest$mapplyOrMergeTransaction:0 android.view.SurfaceView$SurfaceViewPositionUpdateListener.positionChanged:1537 android.graphics.RenderNode$CompositePositionUpdateListener.positionChanged:373 
10-17 13:13:32.471 28680 28762 I ViewRootImpl@fd98f5c[MainActivity]: mWNT: t=0x7b0e9ff100 mBlastBufferQueue=0x7b4505a500 fn= 957 caller= android.view.SurfaceView.applyOrMergeTransaction:1455 android.view.SurfaceView.-$$Nest$mapplyOrMergeTransaction:0 android.view.SurfaceView$SurfaceViewPositionUpdateListener.positionChanged:1537 
10-17 13:13:32.471 28680 28762 I ViewRootImpl@fd98f5c[MainActivity]: mWNT: t=0x7ae98a4a00 mBlastBufferQueue=0x7b4505a500 fn= 957 caller= android.view.ViewRootImpl.lambda$applyTransactionOnDraw$11$android-view-ViewRootImpl:12865 android.view.ViewRootImpl$$ExternalSyntheticLambda1.onFrameDraw:4 android.graphics.HardwareRenderer$FrameDrawingCallback.onFrameDraw:924 
10-17 13:13:32.476 28680 28680 I SurfaceView@5462948: Changes: creating=false format=false size=false visible=false alpha=false hint=false mUseAlpha=false visible=false left=false top=true
10-17 13:13:32.476 28680 28680 I SurfaceView@5462948: 88484168 Cur surface: Surface(name=null)/@0x6b77606
10-17 13:13:32.477 28680 28680 I SurfaceView@5462948: applyTransactionOnVriDraw: vri = ViewRootImpl@fd98f5c[MainActivity] fRS = false t = 0x7ae98a4c00 android.view.SurfaceView.performSurfaceTransaction:959 android.view.SurfaceView.updateSurface:1105 android.view.SurfaceView.lambda$new$0$android-view-SurfaceView:200 
10-17 13:13:32.477 28680 28680 I ViewRootImpl@fd98f5c[MainActivity]: applyTransactionOnDraw: mRemoved = false isHardwareEnabled = true t = 0x7ae98a4c00android.view.SurfaceView.applyTransactionOnVriDraw:2048 android.view.SurfaceView.performSurfaceTransaction:959 android.view.SurfaceView.updateSurface:1105 android.view.SurfaceView.lambda$new$0$android-view-SurfaceView:200 android.view.SurfaceView$$ExternalSyntheticLambda5.onPreDraw:2 
10-17 13:13:32.477 28680 28680 I SurfaceView@5462948: updateSurface: mVisible = true mSurface.isValid() = true
10-17 13:13:32.477 28680 28680 I SurfaceView@5462948: updateSurface: mSurfaceCreated = true surfaceChanged = false visibleChanged = false
10-17 13:13:32.477 28680 28680 V SurfaceView@5462948: Layout: x=0 y=-255 w=1080 h=525, frame=Rect(0, 0 - 1080, 525)
10-17 13:13:32.487 28680 28763 D SurfaceView@5462948: updateSurfacePosition RenderWorker, frameNr = 958, position = [0, -255, 1080, 270] surfaceSize = 1080x525
10-17 13:13:32.487 28680 28763 I SurfaceView@5462948: uSP: rtp = Rect(0, -255 - 1080, 270) rtsw = 1080 rtsh = 525
10-17 13:13:32.487 28680 28763 I SurfaceView@5462948: onSSPAndSRT: pl = 0 pt = -255 sx = 1.0 sy = 1.0
10-17 13:13:32.488 28680 28763 I SurfaceView@5462948: aOrMT: ViewRootImpl@fd98f5c[MainActivity] t = android.view.SurfaceControl$Transaction@54b3edb fN = 958 android.view.SurfaceView.-$$Nest$mapplyOrMergeTransaction:0 android.view.SurfaceView$SurfaceViewPositionUpdateListener.positionChanged:1537 android.graphics.RenderNode$CompositePositionUpdateListener.positionChanged:373 
10-17 13:13:32.488 28680 28763 I ViewRootImpl@fd98f5c[MainActivity]: mWNT: t=0x7b0e9ff100 mBlastBufferQueue=0x7b4505a500 fn= 958 caller= android.view.SurfaceView.applyOrMergeTransaction:1455 android.view.SurfaceView.-$$Nest$mapplyOrMergeTransaction:0 android.view.SurfaceView$SurfaceViewPositionUpdateListener.positionChanged:1537 
10-17 13:13:32.489 28680 28763 I ViewRootImpl@fd98f5c[MainActivity]: mWNT: t=0x7ae98a4c00 mBlastBufferQueue=0x7b4505a500 fn= 958 caller= android.view.ViewRootImpl.lambda$applyTransactionOnDraw$11$android-view-ViewRootImpl:12865 android.view.ViewRootImpl$$ExternalSyntheticLambda1.onFrameDraw:4 android.graphics.HardwareRenderer$FrameDrawingCallback.onFrameDraw:924 
10-17 13:13:32.494 28680 28680 I SurfaceView@5462948: Changes: creating=false format=false size=false visible=false alpha=false hint=false mUseAlpha=false visible=false left=false top=true
10-17 13:13:32.495 28680 28680 I SurfaceView@5462948: 88484168 Cur surface: Surface(name=null)/@0x6b77606
10-17 13:13:32.495 28680 28680 I SurfaceView@5462948: applyTransactionOnVriDraw: vri = ViewRootImpl@fd98f5c[MainActivity] fRS = false t = 0x7ae98a4e00 android.view.SurfaceView.performSurfaceTransaction:959 android.view.SurfaceView.updateSurface:1105 android.view.SurfaceView.lambda$new$0$android-view-SurfaceView:200 
10-17 13:13:32.495 28680 28680 I ViewRootImpl@fd98f5c[MainActivity]: applyTransactionOnDraw: mRemoved = false isHardwareEnabled = true t = 0x7ae98a4e00android.view.SurfaceView.applyTransactionOnVriDraw:2048 android.view.SurfaceView.performSurfaceTransaction:959 android.view.SurfaceView.updateSurface:1105 android.view.SurfaceView.lambda$new$0$android-view-SurfaceView:200 android.view.SurfaceView$$ExternalSyntheticLambda5.onPreDraw:2 
10-17 13:13:32.495 28680 28680 I SurfaceView@5462948: updateSurface: mVisible = true mSurface.isValid() = true
10-17 13:13:32.496 28680 28680 I SurfaceView@5462948: updateSurface: mSurfaceCreated = true surfaceChanged = false visibleChanged = false
10-17 13:13:32.496 28680 28680 V SurfaceView@5462948: Layout: x=0 y=-261 w=1080 h=525, frame=Rect(0, 0 - 1080, 525)
10-17 13:13:32.504 28680 28762 D SurfaceView@5462948: updateSurfacePosition RenderWorker, frameNr = 959, position = [0, -261, 1080, 264] surfaceSize = 1080x525
10-17 13:13:32.504 28680 28762 I SurfaceView@5462948: uSP: rtp = Rect(0, -261 - 1080, 264) rtsw = 1080 rtsh = 525
10-17 13:13:32.504 28680 28762 I SurfaceView@5462948: onSSPAndSRT: pl = 0 pt = -261 sx = 1.0 sy = 1.0
10-17 13:13:32.504 28680 28762 I SurfaceView@5462948: aOrMT: ViewRootImpl@fd98f5c[MainActivity] t = android.view.SurfaceControl$Transaction@54b3edb fN = 959 android.view.SurfaceView.-$$Nest$mapplyOrMergeTransaction:0 android.view.SurfaceView$SurfaceViewPositionUpdateListener.positionChanged:1537 android.graphics.RenderNode$CompositePositionUpdateListener.positionChanged:373 
10-17 13:13:32.505 28680 28762 I ViewRootImpl@fd98f5c[MainActivity]: mWNT: t=0x7b0e9ff100 mBlastBufferQueue=0x7b4505a500 fn= 959 caller= android.view.SurfaceView.applyOrMergeTransaction:1455 android.view.SurfaceView.-$$Nest$mapplyOrMergeTransaction:0 android.view.SurfaceView$SurfaceViewPositionUpdateListener.positionChanged:1537 
10-17 13:13:32.505 28680 28762 I ViewRootImpl@fd98f5c[MainActivity]: mWNT: t=0x7ae98a4e00 mBlastBufferQueue=0x7b4505a500 fn= 959 caller= android.view.ViewRootImpl.lambda$applyTransactionOnDraw$11$android-view-ViewRootImpl:12865 android.view.ViewRootImpl$$ExternalSyntheticLambda1.onFrameDraw:4 android.graphics.HardwareRenderer$FrameDrawingCallback.onFrameDraw:924 
10-17 13:13:32.511 28680 28680 I SurfaceView@5462948: Changes: creating=false format=false size=false visible=false alpha=false hint=false mUseAlpha=false visible=false left=false top=true
10-17 13:13:32.511 28680 28680 I SurfaceView@5462948: 88484168 Cur surface: Surface(name=null)/@0x6b77606
10-17 13:13:32.512 28680 28680 I SurfaceView@5462948: applyTransactionOnVriDraw: vri = ViewRootImpl@fd98f5c[MainActivity] fRS = false t = 0x7ae98a4f00 android.view.SurfaceView.performSurfaceTransaction:959 android.view.SurfaceView.updateSurface:1105 android.view.SurfaceView.lambda$new$0$android-view-SurfaceView:200 
10-17 13:13:32.512 28680 28680 I ViewRootImpl@fd98f5c[MainActivity]: applyTransactionOnDraw: mRemoved = false isHardwareEnabled = true t = 0x7ae98a4f00android.view.SurfaceView.applyTransactionOnVriDraw:2048 android.view.SurfaceView.performSurfaceTransaction:959 android.view.SurfaceView.updateSurface:1105 android.view.SurfaceView.lambda$new$0$android-view-SurfaceView:200 android.view.SurfaceView$$ExternalSyntheticLambda5.onPreDraw:2 
10-17 13:13:32.512 28680 28680 I SurfaceView@5462948: updateSurface: mVisible = true mSurface.isValid() = true
10-17 13:13:32.512 28680 28680 I SurfaceView@5462948: updateSurface: mSurfaceCreated = true surfaceChanged = false visibleChanged = false
10-17 13:13:32.512 28680 28680 V SurfaceView@5462948: Layout: x=0 y=-264 w=1080 h=525, frame=Rect(0, 0 - 1080, 525)
10-17 13:13:32.521 28680 28763 D SurfaceView@5462948: updateSurfacePosition RenderWorker, frameNr = 960, position = [0, -264, 1080, 261] surfaceSize = 1080x525
10-17 13:13:32.521 28680 28763 I SurfaceView@5462948: uSP: rtp = Rect(0, -264 - 1080, 261) rtsw = 1080 rtsh = 525
10-17 13:13:32.521 28680 28763 I SurfaceView@5462948: onSSPAndSRT: pl = 0 pt = -264 sx = 1.0 sy = 1.0
10-17 13:13:32.521 28680 28763 I SurfaceView@5462948: aOrMT: ViewRootImpl@fd98f5c[MainActivity] t = android.view.SurfaceControl$Transaction@54b3edb fN = 960 android.view.SurfaceView.-$$Nest$mapplyOrMergeTransaction:0 android.view.SurfaceView$SurfaceViewPositionUpdateListener.positionChanged:1537 android.graphics.RenderNode$CompositePositionUpdateListener.positionChanged:373 
10-17 13:13:32.522 28680 28763 I ViewRootImpl@fd98f5c[MainActivity]: mWNT: t=0x7b0e9ff100 mBlastBufferQueue=0x7b4505a500 fn= 960 caller= android.view.SurfaceView.applyOrMergeTransaction:1455 android.view.SurfaceView.-$$Nest$mapplyOrMergeTransaction:0 android.view.SurfaceView$SurfaceViewPositionUpdateListener.positionChanged:1537 
10-17 13:13:32.522 28680 28763 I ViewRootImpl@fd98f5c[MainActivity]: mWNT: t=0x7ae98a4f00 mBlastBufferQueue=0x7b4505a500 fn= 960 caller= android.view.ViewRootImpl.lambda$applyTransactionOnDraw$11$android-view-ViewRootImpl:12865 android.view.ViewRootImpl$$ExternalSyntheticLambda1.onFrameDraw:4 android.graphics.HardwareRenderer$FrameDrawingCallback.onFrameDraw:924 
10-17 13:13:32.526 28680 28680 I SurfaceView@5462948: Changes: creating=false format=false size=false visible=false alpha=false hint=false mUseAlpha=false visible=false left=false top=true
10-17 13:13:32.527 28680 28680 I SurfaceView@5462948: 88484168 Cur surface: Surface(name=null)/@0x6b77606
10-17 13:13:32.527 28680 28680 I SurfaceView@5462948: applyTransactionOnVriDraw: vri = ViewRootImpl@fd98f5c[MainActivity] fRS = false t = 0x7ae990f700 android.view.SurfaceView.performSurfaceTransaction:959 android.view.SurfaceView.updateSurface:1105 android.view.SurfaceView.lambda$new$0$android-view-SurfaceView:200 
10-17 13:13:32.527 28680 28680 I ViewRootImpl@fd98f5c[MainActivity]: applyTransactionOnDraw: mRemoved = false isHardwareEnabled = true t = 0x7ae990f700android.view.SurfaceView.applyTransactionOnVriDraw:2048 android.view.SurfaceView.performSurfaceTransaction:959 android.view.SurfaceView.updateSurface:1105 android.view.SurfaceView.lambda$new$0$android-view-SurfaceView:200 android.view.SurfaceView$$ExternalSyntheticLambda5.onPreDraw:2 
10-17 13:13:32.527 28680 28680 I SurfaceView@5462948: updateSurface: mVisible = true mSurface.isValid() = true
10-17 13:13:32.527 28680 28680 I SurfaceView@5462948: updateSurface: mSurfaceCreated = true surfaceChanged = false visibleChanged = false
10-17 13:13:32.527 28680 28680 V SurfaceView@5462948: Layout: x=0 y=-271 w=1080 h=525, frame=Rect(0, 0 - 1080, 525)
10-17 13:13:32.536 28680 28762 D SurfaceView@5462948: updateSurfacePosition RenderWorker, frameNr = 961, position = [0, -271, 1080, 254] surfaceSize = 1080x525
10-17 13:13:32.536 28680 28762 I SurfaceView@5462948: uSP: rtp = Rect(0, -271 - 1080, 254) rtsw = 1080 rtsh = 525
10-17 13:13:32.536 28680 28762 I SurfaceView@5462948: onSSPAndSRT: pl = 0 pt = -271 sx = 1.0 sy = 1.0
10-17 13:13:32.536 28680 28680 I ViewRootImpl@fd98f5c[MainActivity]: ViewPostIme pointer 1
10-17 13:13:32.537 28680 28762 I SurfaceView@5462948: aOrMT: ViewRootImpl@fd98f5c[MainActivity] t = android.view.SurfaceControl$Transaction@54b3edb fN = 961 android.view.SurfaceView.-$$Nest$mapplyOrMergeTransaction:0 android.view.SurfaceView$SurfaceViewPositionUpdateListener.positionChanged:1537 android.graphics.RenderNode$CompositePositionUpdateListener.positionChanged:373 
10-17 13:13:32.537 28680 28762 I ViewRootImpl@fd98f5c[MainActivity]: mWNT: t=0x7b0e9ff100 mBlastBufferQueue=0x7b4505a500 fn= 961 caller= android.view.SurfaceView.applyOrMergeTransaction:1455 android.view.SurfaceView.-$$Nest$mapplyOrMergeTransaction:0 android.view.SurfaceView$SurfaceViewPositionUpdateListener.positionChanged:1537 
10-17 13:13:32.537 28680 28762 I ViewRootImpl@fd98f5c[MainActivity]: mWNT: t=0x7ae990f700 mBlastBufferQueue=0x7b4505a500 fn= 961 caller= android.view.ViewRootImpl.lambda$applyTransactionOnDraw$11$android-view-ViewRootImpl:12865 android.view.ViewRootImpl$$ExternalSyntheticLambda1.onFrameDraw:4 android.graphics.HardwareRenderer$FrameDrawingCallback.onFrameDraw:924 
10-17 13:13:33.082 28680 28680 I ViewRootImpl@fd98f5c[MainActivity]: ViewPostIme pointer 0
10-17 13:13:33.620 28680 28680 I Dialog  : mIsDeviceDefault = false, mIsSamsungBasicInteraction = false, isMetaDataInActivity = false
10-17 13:13:33.666 28680 28680 I DecorView: [INFO] isPopOver=false config=false
10-17 13:13:33.667 28680 28680 I DecorView: updateCaptionType: isFloating=false isApplication=true hasWindowDecorCaption=false this=DecorView@59e1bf2[]
10-17 13:13:33.667 28680 28680 D DecorView: setCaptionType = 0, this = DecorView@59e1bf2[]
10-17 13:13:33.670 28680 28680 I DecorView: getCurrentDensityDpi: from app context. densityDpi=420 msg=resources_loaded
10-17 13:13:33.670 28680 28680 I DecorView: setWindowBackground: isPopOver=false color=0 d=android.graphics.drawable.ColorDrawable@1a920c0
10-17 13:13:33.682 28680 28705 D NativeCustomFrequencyManager: [NativeCFMS] BpCustomFrequencyManager::BpCustomFrequencyManager()
10-17 13:13:33.683 28680 28680 I DecorView: notifyKeepScreenOnChanged: keepScreenOn=false
10-17 13:13:33.697 28680 28680 D InsetsController: onStateChanged: InsetsState: {mDisplayFrame=Rect(0, 0 - 1080, 2400), mDisplayCutout=DisplayCutout{insets=Rect(0, 88 - 0, 0) waterfall=Insets{left=0, top=0, right=0, bottom=0} boundingRect={Bounds=[Rect(0, 0 - 0, 0), Rect(512, 0 - 568, 88), Rect(0, 0 - 0, 0), Rect(0, 0 - 0, 0)]} cutoutPathParserInfo={CutoutPathParserInfo{displayWidth=1080 displayHeight=2400 physicalDisplayWidth=1080 physicalDisplayHeight=2400 density={2.625} cutoutSpec={M 0,0 M 0,12.25101276465640 a 10.60613009248640,10.60613009248640 0 1,0 0,21.21226018497290 a 10.60613009248640,10.60613009248640 0 1,0 0,-21.21226018497290 Z @dp} rotation={0} scale={1.0} physicalPixelDisplaySizeRatio={1.0}}}}, mRoundedCorners=RoundedCorners{[RoundedCorner{position=TopLeft, radius=84, center=Point(84, 84)}, RoundedCorner{position=TopRight, radius=84, center=Point(996, 84)}, RoundedCorner{position=BottomRight, radius=84, center=Point(996, 2316)}, RoundedCorner{position=BottomLeft, radius=84, center=Point(84, 2316)}]}  mRoundedCornerFrame=Rect(0, 0 - 1080, 2400), mPrivacyIndicatorBounds=PrivacyIndicatorBounds {static bounds=Rect(964, 0 - 1080, 87) rotation=0}, mSources= { InsetsSource: {mType=ITYPE_STATUS_BAR, mFrame=[0,0][1080,88], mVisible=true, mInsetsRoundedCornerFrame=false}, InsetsSource: {mType=ITYPE_NAVIGATION_BAR, mFrame=[0,2361][1080,2400], mVisible=true, mInsetsRoundedCornerFrame=false}, InsetsSource: {mType=ITYPE_LEFT_GESTURES, mFrame=[0,0][130,2400], mVisible=true, mInsetsRoundedCornerFrame=false}, InsetsSource: {mType=ITYPE_RIGHT_GESTURES, mFrame=[950,0][1080,2400], mVisible=true, mInsetsRoundedCornerFrame=false}, InsetsSource: {mType=ITYPE_TOP_MANDATORY_GESTURES, mFrame=[0,0][1080,120], mVisible=true, mInsetsRoundedCornerFrame=false}, InsetsSource: {mType=ITYPE_BOTTOM_MANDATORY_GESTURES, mFrame=[0,2316][1080,2400], mVisible=true, mInsetsRoundedCornerFrame=false}, InsetsSource: {mType=ITYPE_LEFT_DISPLAY_CUTOUT, mFrame=[0,0][-100000,2400], mVisible=true, mInsetsRoundedCornerFrame=false}, InsetsSource: {mType=ITYPE_TOP_DISPLAY_CUTOUT, mFrame=[0,0][1080,88], mVisible=true, mInsetsRoundedCornerFrame=false}, InsetsSource: {mType=ITYPE_RIGHT_DISPLAY_CUTOUT, mFrame=[100000,0][1080,2400], mVisible=true, mInsetsRoundedCornerFrame=false}, InsetsSource: {mType=ITYPE_BOTTOM_DISPLAY_CUTOUT, mFrame=[0,100000][1080,2400], mVisible=true, mInsetsRoundedCornerFrame=false}, InsetsSource: {mType=ITYPE_TOP_TAPPABLE_ELEMENT, mFrame=[0,0][1080,88], mVisible=true, mInsetsRoundedCornerFrame=false}, InsetsSource: {mType=ITYPE_BOTTOM_TAPPABLE_ELEMENT, mFrame=[0,0][0,0], mVisible=true, mInsetsRoundedCornerFrame=false}, InsetsSource: {mType=ITYPE_IME, mFrame=[0,0][0,0], mVisibleFrame=[0,1409][1080,2400], mVisible=false, mInsetsRoundedCornerFrame=false} } host=com.lagradost.cloudstream3/com.lagradost.cloudstream3.MainActivity from=android.view.ViewRootImpl.setView:1732
10-17 13:13:33.699 28680 28680 I ViewRootImpl@95c9731[MainActivity]: setView = com.android.internal.policy.DecorView@59e1bf2 TM=true
10-17 13:13:33.717 28680 28680 I ViewRootImpl@95c9731[MainActivity]: performTraversals params={(0,0)(fillxfill) gr=CENTER sim={adjust=resize forwardNavigation} ty=APPLICATION fmt=TRANSPARENT wanim=0x7f14000b
10-17 13:13:33.717 28680 28680 I ViewRootImpl@95c9731[MainActivity]:   fl=85810100
10-17 13:13:33.717 28680 28680 I ViewRootImpl@95c9731[MainActivity]:   pfl=12020040
10-17 13:13:33.717 28680 28680 I ViewRootImpl@95c9731[MainActivity]:   vsysui=500
10-17 13:13:33.717 28680 28680 I ViewRootImpl@95c9731[MainActivity]:   bhv=DEFAULT
10-17 13:13:33.717 28680 28680 I ViewRootImpl@95c9731[MainActivity]:   fitSides= naviIconColor=0}
10-17 13:13:33.718 28680 28680 I ViewRootImpl@95c9731[MainActivity]: performTraversals mFirst=true windowShouldResize=true viewVisibilityChanged=false mForceNextWindowRelayout=false params={(0,0)(fillxfill) gr=CENTER sim={adjust=resize forwardNavigation} ty=APPLICATION fmt=TRANSPARENT wanim=0x7f14000b
10-17 13:13:33.718 28680 28680 I ViewRootImpl@95c9731[MainActivity]:   fl=85810100
10-17 13:13:33.718 28680 28680 I ViewRootImpl@95c9731[MainActivity]:   pfl=12020040
10-17 13:13:33.718 28680 28680 I ViewRootImpl@95c9731[MainActivity]:   vsysui=500
10-17 13:13:33.718 28680 28680 I ViewRootImpl@95c9731[MainActivity]:   bhv=DEFAULT
10-17 13:13:33.718 28680 28680 I ViewRootImpl@95c9731[MainActivity]:   fitSides= naviIconColor=0}
10-17 13:13:33.733 28680 28680 I ViewRootImpl@95c9731[MainActivity]: updateBlastSurfaceIfNeeded mBlastBufferQueue=null isSameSurfaceControl=false
10-17 13:13:33.734 28680 28680 I BLASTBufferQueue: new BLASTBufferQueue, mName= ViewRootImpl@95c9731[MainActivity] mNativeObject= 0x7b452fa400 sc.mNativeObject= 0x7b0bb13960 caller= android.view.ViewRootImpl.updateBlastSurfaceIfNeeded:2909 android.view.ViewRootImpl.relayoutWindow:9847 android.view.ViewRootImpl.performTraversals:3884 android.view.ViewRootImpl.doTraversal:3116 android.view.ViewRootImpl$TraversalRunnable.run:10885 android.view.Choreographer$CallbackRecord.run:1301 android.view.Choreographer$CallbackRecord.run:1309 android.view.Choreographer.doCallbacks:923 android.view.Choreographer.doFrame:852 android.view.Choreographer$FrameDisplayEventReceiver.run:1283 
10-17 13:13:33.734 28680 28680 I BLASTBufferQueue: update, w= 1080 h= 2400 mName = ViewRootImpl@95c9731[MainActivity] mNativeObject= 0x7b452fa400 sc.mNativeObject= 0x7b0bb13960 format= -2 caller= android.graphics.BLASTBufferQueue.<init>:84 android.view.ViewRootImpl.updateBlastSurfaceIfNeeded:2909 android.view.ViewRootImpl.relayoutWindow:9847 android.view.ViewRootImpl.performTraversals:3884 android.view.ViewRootImpl.doTraversal:3116 android.view.ViewRootImpl$TraversalRunnable.run:10885 
10-17 13:13:33.735 28680 28680 I ViewRootImpl@95c9731[MainActivity]: Relayout returned: old=(0,0,1080,2400) new=(0,0,1080,2400) req=(1080,2400)0 dur=15 res=0x3 s={true 0x7b0bb22000} ch=true seqId=0
10-17 13:13:33.736 28680 28680 I ViewRootImpl@95c9731[MainActivity]: mThreadedRenderer.initialize() mSurface={isValid=true 0x7b0bb22000} hwInitialized=true
10-17 13:13:33.738 28680 28705 D OpenGLRenderer: eglCreateWindowSurface
10-17 13:13:33.767 28680 28680 D AbsListView:  in onLayout changed 
10-17 13:13:33.768 28680 28680 I ViewRootImpl@95c9731[MainActivity]: reportNextDraw android.view.ViewRootImpl.performTraversals:4438 android.view.ViewRootImpl.doTraversal:3116 android.view.ViewRootImpl$TraversalRunnable.run:10885 android.view.Choreographer$CallbackRecord.run:1301 android.view.Choreographer$CallbackRecord.run:1309 
10-17 13:13:33.768 28680 28680 I ViewRootImpl@95c9731[MainActivity]: Setup new sync id=0
10-17 13:13:33.769 28680 28680 I ViewRootImpl@95c9731[MainActivity]: Setting syncFrameCallback
10-17 13:13:33.769 28680 28680 I ViewRootImpl@95c9731[MainActivity]: registerCallbacksForSync syncBuffer=false
10-17 13:13:33.773 28680 28763 I ViewRootImpl@95c9731[MainActivity]: Received frameDrawingCallback syncResult=0 frameNum=1.
10-17 13:13:33.773 28680 28763 I ViewRootImpl@95c9731[MainActivity]: Setting up sync and frameCommitCallback
10-17 13:13:33.785 28680 28705 I BLASTBufferQueue: [ViewRootImpl@95c9731[MainActivity]#4](f:0,a:0) onFrameAvailable the first frame is available
10-17 13:13:33.786 28680 28705 I ViewRootImpl@95c9731[MainActivity]: Received frameCommittedCallback lastAttemptedDrawFrameNum=1 didProduceBuffer=true
10-17 13:13:33.788 28680 28705 D OpenGLRenderer: CFMS:: SetUp Pid : 28680    Tid : 28705
10-17 13:13:33.794 28680 28680 I ViewRootImpl@95c9731[MainActivity]: onSyncComplete
10-17 13:13:33.794 28680 28680 I ViewRootImpl@95c9731[MainActivity]: setupSync seqId=0 mSyncId=0 fn=1 caller=android.view.ViewRootImpl$$ExternalSyntheticLambda11.accept:6 android.window.SurfaceSyncer.lambda$setupSync$1$android-window-SurfaceSyncer:128 android.window.SurfaceSyncer$$ExternalSyntheticLambda1.accept:8 android.window.SurfaceSyncer$SyncSet.checkIfSyncIsComplete:382 android.window.SurfaceSyncer$SyncSet.markSyncReady:359 android.window.SurfaceSyncer.markSyncReady:151 android.view.ViewRootImpl.performTraversals:4503 
10-17 13:13:33.805 28680 28680 I ViewRootImpl@fd98f5c[MainActivity]: ViewPostIme pointer 1
10-17 13:13:33.806 28680 28680 I ViewRootImpl@95c9731[MainActivity]: reportDrawFinished seqId=0 mSyncId=-1 fn=1 mSurfaceChangedTransaction=0x7ae990fd00
10-17 13:13:33.820 28680 28680 I ViewRootImpl@fd98f5c[MainActivity]: MSG_WINDOW_FOCUS_CHANGED 0 0
10-17 13:13:33.860 28680 28680 I ViewRootImpl@95c9731[MainActivity]: MSG_WINDOW_FOCUS_CHANGED 1 0
10-17 13:13:33.861 28680 28680 I ViewRootImpl@95c9731[MainActivity]: mThreadedRenderer.initializeIfNeeded()#2 mSurface={isValid=true 0x7b0bb22000}
10-17 13:13:33.861 28680 28680 D InputMethodManager: startInputInner - Id : 0
10-17 13:13:33.862 28680 28680 I InputMethodManager: startInputInner - mService.startInputOrWindowGainedFocus
10-17 13:13:34.612 28680 28680 I ViewRootImpl@95c9731[MainActivity]: ViewPostIme pointer 0
10-17 13:13:34.653 28680 28680 I ViewRootImpl@95c9731[MainActivity]: ViewPostIme pointer 1
10-17 13:13:34.654 28680 28680 D AbsListView: onTouchUp() mTouchMode : 0
10-17 13:13:34.732 28680 28680 I MSHandlerLifeCycle: removeMultiSplitHandler: no exist. decor=DecorView@59e1bf2[MainActivity]
10-17 13:13:34.733 28680 28705 D OpenGLRenderer: setSurface called with nullptr
10-17 13:13:34.734 28680 28705 D OpenGLRenderer: setSurface() destroyed EGLSurface
10-17 13:13:34.734 28680 28705 D OpenGLRenderer: destroyEglSurface
10-17 13:13:34.735 28680 28740 D AsiaTVLogs: loadLinks started for: https://asiatv.one/episodes/tempest-%d8%ad1-%d9%85%d8%b3%d9%84%d8%b3%d9%84-%d8%a7%d9%84%d8%b9%d8%a7%d8%b5%d9%81%d8%a9-%d8%a7%d9%84%d8%ad%d9%84%d9%82%d8%a9-1-%d9%85%d8%aa%d8%b1%d8%ac%d9%85%d8%a9/
10-17 13:13:34.737 28680 28705 D OpenGLRenderer: endAllActiveAnimators on 0x7b0bb0e200 (MaterialTextView) with handle 0x7b0eff30e0
10-17 13:13:34.737 28680 28680 I ViewRootImpl@95c9731[MainActivity]: dispatchDetachedFromWindow
10-17 13:13:34.760 28680 28680 D InputTransport: Input channel destroyed: 'acf593d', fd=145
10-17 13:13:34.763 28680 28680 I Dialog  : mIsDeviceDefault = false, mIsSamsungBasicInteraction = false, isMetaDataInActivity = false
10-17 13:13:34.831 28680 28680 I DecorView: [INFO] isPopOver=false config=false
10-17 13:13:34.831 28680 28680 I DecorView: updateCaptionType: isFloating=false isApplication=true hasWindowDecorCaption=false this=DecorView@22c055c[]
10-17 13:13:34.831 28680 28680 D DecorView: setCaptionType = 0, this = DecorView@22c055c[]
10-17 13:13:34.832 28680 28680 I DecorView: getCurrentDensityDpi: from app context. densityDpi=420 msg=resources_loaded
10-17 13:13:34.832 28680 28680 I DecorView: setWindowBackground: isPopOver=false color=0 d=android.graphics.drawable.ColorDrawable@f5ba13a
10-17 13:13:34.839 28680 28705 D NativeCustomFrequencyManager: [NativeCFMS] BpCustomFrequencyManager::BpCustomFrequencyManager()
10-17 13:13:34.841 28680 28680 I DecorView: notifyKeepScreenOnChanged: keepScreenOn=false
10-17 13:13:34.850 28680 28680 D InsetsController: onStateChanged: InsetsState: {mDisplayFrame=Rect(0, 0 - 1080, 2400), mDisplayCutout=DisplayCutout{insets=Rect(0, 88 - 0, 0) waterfall=Insets{left=0, top=0, right=0, bottom=0} boundingRect={Bounds=[Rect(0, 0 - 0, 0), Rect(512, 0 - 568, 88), Rect(0, 0 - 0, 0), Rect(0, 0 - 0, 0)]} cutoutPathParserInfo={CutoutPathParserInfo{displayWidth=1080 displayHeight=2400 physicalDisplayWidth=1080 physicalDisplayHeight=2400 density={2.625} cutoutSpec={M 0,0 M 0,12.25101276465640 a 10.60613009248640,10.60613009248640 0 1,0 0,21.21226018497290 a 10.60613009248640,10.60613009248640 0 1,0 0,-21.21226018497290 Z @dp} rotation={0} scale={1.0} physicalPixelDisplaySizeRatio={1.0}}}}, mRoundedCorners=RoundedCorners{[RoundedCorner{position=TopLeft, radius=84, center=Point(84, 84)}, RoundedCorner{position=TopRight, radius=84, center=Point(996, 84)}, RoundedCorner{position=BottomRight, radius=84, center=Point(996, 2316)}, RoundedCorner{position=BottomLeft, radius=84, center=Point(84, 2316)}]}  mRoundedCornerFrame=Rect(0, 0 - 1080, 2400), mPrivacyIndicatorBounds=PrivacyIndicatorBounds {static bounds=Rect(964, 0 - 1080, 87) rotation=0}, mSources= { InsetsSource: {mType=ITYPE_STATUS_BAR, mFrame=[0,0][1080,88], mVisible=true, mInsetsRoundedCornerFrame=false}, InsetsSource: {mType=ITYPE_NAVIGATION_BAR, mFrame=[0,2361][1080,2400], mVisible=true, mInsetsRoundedCornerFrame=false}, InsetsSource: {mType=ITYPE_LEFT_GESTURES, mFrame=[0,0][130,2400], mVisible=true, mInsetsRoundedCornerFrame=false}, InsetsSource: {mType=ITYPE_RIGHT_GESTURES, mFrame=[950,0][1080,2400], mVisible=true, mInsetsRoundedCornerFrame=false}, InsetsSource: {mType=ITYPE_TOP_MANDATORY_GESTURES, mFrame=[0,0][1080,120], mVisible=true, mInsetsRoundedCornerFrame=false}, InsetsSource: {mType=ITYPE_BOTTOM_MANDATORY_GESTURES, mFrame=[0,2316][1080,2400], mVisible=true, mInsetsRoundedCornerFrame=false}, InsetsSource: {mType=ITYPE_LEFT_DISPLAY_CUTOUT, mFrame=[0,0][-100000,2400], mVisible=true, mInsetsRoundedCornerFrame=false}, InsetsSource: {mType=ITYPE_TOP_DISPLAY_CUTOUT, mFrame=[0,0][1080,88], mVisible=true, mInsetsRoundedCornerFrame=false}, InsetsSource: {mType=ITYPE_RIGHT_DISPLAY_CUTOUT, mFrame=[100000,0][1080,2400], mVisible=true, mInsetsRoundedCornerFrame=false}, InsetsSource: {mType=ITYPE_BOTTOM_DISPLAY_CUTOUT, mFrame=[0,100000][1080,2400], mVisible=true, mInsetsRoundedCornerFrame=false}, InsetsSource: {mType=ITYPE_TOP_TAPPABLE_ELEMENT, mFrame=[0,0][1080,88], mVisible=true, mInsetsRoundedCornerFrame=false}, InsetsSource: {mType=ITYPE_BOTTOM_TAPPABLE_ELEMENT, mFrame=[0,0][0,0], mVisible=true, mInsetsRoundedCornerFrame=false}, InsetsSource: {mType=ITYPE_IME, mFrame=[0,0][0,0], mVisibleFrame=[0,1409][1080,2400], mVisible=false, mInsetsRoundedCornerFrame=false} } host=com.lagradost.cloudstream3/com.lagradost.cloudstream3.MainActivity from=android.view.ViewRootImpl.setView:1732
10-17 13:13:34.851 28680 28680 I ViewRootImpl@e184363[MainActivity]: setView = com.android.internal.policy.DecorView@22c055c TM=true
10-17 13:13:34.852 28680 28680 D InsetsController: onStateChanged: InsetsState: {mDisplayFrame=Rect(0, 0 - 1080, 2400), mDisplayCutout=DisplayCutout{insets=Rect(0, 88 - 0, 0) waterfall=Insets{left=0, top=0, right=0, bottom=0} boundingRect={Bounds=[Rect(0, 0 - 0, 0), Rect(512, 0 - 568, 88), Rect(0, 0 - 0, 0), Rect(0, 0 - 0, 0)]} cutoutPathParserInfo={CutoutPathParserInfo{displayWidth=1080 displayHeight=2400 physicalDisplayWidth=1080 physicalDisplayHeight=2400 density={2.625} cutoutSpec={M 0,0 M 0,12.25101276465640 a 10.60613009248640,10.60613009248640 0 1,0 0,21.21226018497290 a 10.60613009248640,10.60613009248640 0 1,0 0,-21.21226018497290 Z @dp} rotation={0} scale={1.0} physicalPixelDisplaySizeRatio={1.0}}}}, mRoundedCorners=RoundedCorners{[RoundedCorner{position=TopLeft, radius=84, center=Point(84, 84)}, RoundedCorner{position=TopRight, radius=84, center=Point(996, 84)}, RoundedCorner{position=BottomRight, radius=84, center=Point(996, 2316)}, RoundedCorner{position=BottomLeft, radius=84, center=Point(84, 2316)}]}  mRoundedCornerFrame=Rect(0, 0 - 1080, 2400), mPrivacyIndicatorBounds=PrivacyIndicatorBounds {static bounds=Rect(964, 0 - 1080, 87) rotation=0}, mSources= { InsetsSource: {mType=ITYPE_STATUS_BAR, mFrame=[0,0][1080,88], mVisible=true, mInsetsRoundedCornerFrame=false}, InsetsSource: {mType=ITYPE_NAVIGATION_BAR, mFrame=[0,2361][1080,2400], mVisible=true, mInsetsRoundedCornerFrame=false}, InsetsSource: {mType=ITYPE_LEFT_GESTURES, mFrame=[0,0][130,2400], mVisible=true, mInsetsRoundedCornerFrame=false}, InsetsSource: {mType=ITYPE_RIGHT_GESTURES, mFrame=[950,0][1080,2400], mVisible=true, mInsetsRoundedCornerFrame=false}, InsetsSource: {mType=ITYPE_TOP_MANDATORY_GESTURES, mFrame=[0,0][1080,120], mVisible=true, mInsetsRoundedCornerFrame=false}, InsetsSource: {mType=ITYPE_BOTTOM_MANDATORY_GESTURES, mFrame=[0,2316][1080,2400], mVisible=true, mInsetsRoundedCornerFrame=false}, InsetsSource: {mType=ITYPE_LEFT_DISPLAY_CUTOUT, mFrame=[0,0][-100000,2400], mVisible=true, mInsetsRoundedCornerFrame=false}, InsetsSource: {mType=ITYPE_TOP_DISPLAY_CUTOUT, mFrame=[0,0][1080,88], mVisible=true, mInsetsRoundedCornerFrame=false}, InsetsSource: {mType=ITYPE_RIGHT_DISPLAY_CUTOUT, mFrame=[100000,0][1080,2400], mVisible=true, mInsetsRoundedCornerFrame=false}, InsetsSource: {mType=ITYPE_BOTTOM_DISPLAY_CUTOUT, mFrame=[0,100000][1080,2400], mVisible=true, mInsetsRoundedCornerFrame=false}, InsetsSource: {mType=ITYPE_TOP_TAPPABLE_ELEMENT, mFrame=[0,0][1080,88], mVisible=true, mInsetsRoundedCornerFrame=false}, InsetsSource: {mType=ITYPE_BOTTOM_TAPPABLE_ELEMENT, mFrame=[0,0][0,0], mVisible=true, mInsetsRoundedCornerFrame=false} } host=com.lagradost.cloudstream3/com.lagradost.cloudstream3.MainActivity from=android.view.ViewRootImpl$ViewRootHandler.handleMessageImpl:6740
10-17 13:13:34.859 28680 28680 I ViewRootImpl@e184363[MainActivity]: performTraversals params={(0,0)(fillxfill) gr=CENTER sim={adjust=resize forwardNavigation} ty=APPLICATION fmt=TRANSPARENT wanim=0x7f14000b
10-17 13:13:34.859 28680 28680 I ViewRootImpl@e184363[MainActivity]:   fl=85810100
10-17 13:13:34.859 28680 28680 I ViewRootImpl@e184363[MainActivity]:   pfl=12020040
10-17 13:13:34.859 28680 28680 I ViewRootImpl@e184363[MainActivity]:   vsysui=500
10-17 13:13:34.859 28680 28680 I ViewRootImpl@e184363[MainActivity]:   bhv=DEFAULT
10-17 13:13:34.859 28680 28680 I ViewRootImpl@e184363[MainActivity]:   fitSides= naviIconColor=0}
10-17 13:13:34.860 28680 28680 I ViewRootImpl@e184363[MainActivity]: performTraversals mFirst=true windowShouldResize=true viewVisibilityChanged=false mForceNextWindowRelayout=false params={(0,0)(fillxfill) gr=CENTER sim={adjust=resize forwardNavigation} ty=APPLICATION fmt=TRANSPARENT wanim=0x7f14000b
10-17 13:13:34.860 28680 28680 I ViewRootImpl@e184363[MainActivity]:   fl=85810100
10-17 13:13:34.860 28680 28680 I ViewRootImpl@e184363[MainActivity]:   pfl=12020040
10-17 13:13:34.860 28680 28680 I ViewRootImpl@e184363[MainActivity]:   vsysui=500
10-17 13:13:34.860 28680 28680 I ViewRootImpl@e184363[MainActivity]:   bhv=DEFAULT
10-17 13:13:34.860 28680 28680 I ViewRootImpl@e184363[MainActivity]:   fitSides= naviIconColor=0}
10-17 13:13:34.873 28680 28680 I ViewRootImpl@e184363[MainActivity]: updateBlastSurfaceIfNeeded mBlastBufferQueue=null isSameSurfaceControl=false
10-17 13:13:34.874 28680 28680 I BLASTBufferQueue: new BLASTBufferQueue, mName= ViewRootImpl@e184363[MainActivity] mNativeObject= 0x7b452fa400 sc.mNativeObject= 0x7be1654140 caller= android.view.ViewRootImpl.updateBlastSurfaceIfNeeded:2909 android.view.ViewRootImpl.relayoutWindow:9847 android.view.ViewRootImpl.performTraversals:3884 android.view.ViewRootImpl.doTraversal:3116 android.view.ViewRootImpl$TraversalRunnable.run:10885 android.view.Choreographer$CallbackRecord.run:1301 android.view.Choreographer$CallbackRecord.run:1309 android.view.Choreographer.doCallbacks:923 android.view.Choreographer.doFrame:852 android.view.Choreographer$FrameDisplayEventReceiver.run:1283 
10-17 13:13:34.874 28680 28680 I BLASTBufferQueue: update, w= 1080 h= 2400 mName = ViewRootImpl@e184363[MainActivity] mNativeObject= 0x7b452fa400 sc.mNativeObject= 0x7be1654140 format= -2 caller= android.graphics.BLASTBufferQueue.<init>:84 android.view.ViewRootImpl.updateBlastSurfaceIfNeeded:2909 android.view.ViewRootImpl.relayoutWindow:9847 android.view.ViewRootImpl.performTraversals:3884 android.view.ViewRootImpl.doTraversal:3116 android.view.ViewRootImpl$TraversalRunnable.run:10885 
